=== RuntimeLogStore Header ===
ts=2026-08-19T22:37:01.689Z
fileNameFormat=LEGACY
appId=com.negi.survey
versionName=0.0.1
versionCode=1
debug=true
device=Google Pixel 9a
sdk=36
pid=23641
==============================
2026-08-19T22:37:01.690Z I/RuntimeLogStore [rtlog-io] start: actor launched (fileNameFormat=LEGACY)
2026-08-19T22:37:01.683Z D/SurveyApp [main] attachBaseContext: pid=23641 process=com.negi.survey isMain=true sdk=36
2026-08-19T22:37:01.684Z D/SurveyApp [main] bootTiming: attachBaseContext total=55ms
2026-08-19T22:37:01.684Z D/SurveyApp [main] Skipping WorkManager init in attachBaseContext; will init lazily on first enqueue.
2026-08-19T22:37:01.686Z D/SurveyApp [main] CrashCapture installed: where=SurveyApp:attachBaseContext
2026-08-19T22:37:01.697Z I/RuntimeLogStore [main] start repair: ctx/dir refreshed
2026-08-19T22:37:01.698Z D/SurveyApp [main] bootTiming: RuntimeLogStore.start took=0ms
2026-08-19T22:37:01.698Z D/SurveyApp [main] bootTiming: AppRingLogStore.install took=0ms
2026-08-19T22:37:01.698Z D/SurveyApp [main] onCreate: pid=23641 process=com.negi.survey isMain=true sdk=36
2026-08-19T22:37:01.701Z D/SurveyApp [main] CrashCapture installed: where=SurveyApp:onCreate(rewrap)
2026-08-19T22:37:01.701Z D/SurveyApp [main] CrashCapture self-healing registered.
2026-08-19T22:37:01.701Z W/SurveyApp [main] Startup enqueues deferred: delay=2500ms (to reduce init contention)
2026-08-19T22:37:01.702Z D/SurveyApp [main] bootTiming: onCreate total=5ms
2026-08-19T22:37:04.202Z W/SurveyApp [main] Deferred startup enqueues begin...
2026-08-19T22:37:04.231Z D/SurveyApp [main] WorkManager available. where=startupRtLogs(immediate) took=28ms
2026-08-19T22:37:04.238Z D/SurveyApp [main] Startup runtime logs: GitHub config not available (immediate).
2026-08-19T22:37:04.239Z W/SurveyApp [main] Startup runtime logs: scheduling one retry; reason=config
2026-08-19T22:37:04.239Z D/SurveyApp [main] WorkManager available. where=startupRingLogs(immediate) took=0ms
2026-08-19T22:37:04.240Z D/SurveyApp [main] Startup ring logs: GitHub config not available (immediate).
2026-08-19T22:37:04.240Z W/SurveyApp [main] Startup ring logs: scheduling one retry; reason=config
2026-08-19T22:37:04.240Z D/SurveyApp [main] WorkManager available. where=enqueuePending(immediate) took=0ms
2026-08-19T22:37:04.240Z D/SurveyApp [main] CrashCapture pending uploads requested (immediate).
2026-08-19T22:37:04.240Z W/SurveyApp [main] Deferred startup enqueues done: took=39ms
2026-08-19T22:37:05.839Z D/SurveyApp [main] WorkManager available. where=startupRtLogs(delayed) took=0ms
