=== RuntimeLogStore Header ===
ts=2026-08-19T22:33:51.836Z
fileNameFormat=LEGACY
appId=com.negi.survey
versionName=0.0.1
versionCode=1
debug=true
device=Google Pixel 9a
sdk=36
pid=23434
==============================
2026-08-19T22:33:51.836Z I/RuntimeLogStore [rtlog-io] start: actor launched (fileNameFormat=LEGACY)
2026-08-19T22:33:51.824Z D/SurveyApp [main] attachBaseContext: pid=23434 process=com.negi.survey isMain=true sdk=36
2026-08-19T22:33:51.825Z D/SurveyApp [main] bootTiming: attachBaseContext total=38ms
2026-08-19T22:33:51.825Z D/SurveyApp [main] Skipping WorkManager init in attachBaseContext; will init lazily on first enqueue.
2026-08-19T22:33:51.827Z D/SurveyApp [main] CrashCapture installed: where=SurveyApp:attachBaseContext
2026-08-19T22:33:51.839Z I/RuntimeLogStore [main] start repair: ctx/dir refreshed
2026-08-19T22:33:51.840Z D/SurveyApp [main] bootTiming: RuntimeLogStore.start took=0ms
2026-08-19T22:33:51.840Z D/SurveyApp [main] bootTiming: AppRingLogStore.install took=0ms
2026-08-19T22:33:51.840Z D/SurveyApp [main] onCreate: pid=23434 process=com.negi.survey isMain=true sdk=36
2026-08-19T22:33:51.843Z D/SurveyApp [main] CrashCapture installed: where=SurveyApp:onCreate(rewrap)
2026-08-19T22:33:51.843Z D/SurveyApp [main] CrashCapture self-healing registered.
2026-08-19T22:33:51.844Z W/SurveyApp [main] Startup enqueues deferred: delay=2500ms (to reduce init contention)
2026-08-19T22:33:51.844Z D/SurveyApp [main] bootTiming: onCreate total=4ms
2026-08-19T22:33:54.345Z W/SurveyApp [main] Deferred startup enqueues begin...
2026-08-19T22:33:54.384Z D/SurveyApp [main] WorkManager available. where=startupRtLogs(immediate) took=39ms
2026-08-19T22:33:54.397Z D/SurveyApp [main] Startup runtime logs: GitHub config not available (immediate).
2026-08-19T22:33:54.397Z W/SurveyApp [main] Startup runtime logs: scheduling one retry; reason=config
2026-08-19T22:33:54.397Z D/SurveyApp [main] WorkManager available. where=startupRingLogs(immediate) took=0ms
2026-08-19T22:33:54.398Z D/SurveyApp [main] Startup ring logs: GitHub config not available (immediate).
2026-08-19T22:33:54.398Z W/SurveyApp [main] Startup ring logs: scheduling one retry; reason=config
2026-08-19T22:33:54.398Z D/SurveyApp [main] WorkManager available. where=enqueuePending(immediate) took=0ms
2026-08-19T22:33:54.399Z D/SurveyApp [main] CrashCapture pending uploads requested (immediate).
2026-08-19T22:33:54.399Z W/SurveyApp [main] Deferred startup enqueues done: took=54ms
2026-08-19T22:33:55.998Z D/SurveyApp [main] WorkManager available. where=startupRtLogs(delayed) took=0ms
