=== RuntimeLogStore Header ===
ts=2026-08-19T22:54:56.597Z
fileNameFormat=LEGACY
appId=com.negi.survey
versionName=0.0.1
versionCode=1
debug=true
device=Google Pixel 9a
sdk=36
pid=27277
==============================
2026-08-19T22:54:56.598Z I/RuntimeLogStore [rtlog-io] start: actor launched (fileNameFormat=LEGACY)
2026-08-19T22:54:56.592Z D/SurveyApp [main] attachBaseContext: pid=27277 process=com.negi.survey isMain=true sdk=36
2026-08-19T22:54:56.592Z D/SurveyApp [main] bootTiming: attachBaseContext total=61ms
2026-08-19T22:54:56.592Z D/SurveyApp [main] Skipping WorkManager init in attachBaseContext; will init lazily on first enqueue.
2026-08-19T22:54:56.594Z D/SurveyApp [main] CrashCapture installed: where=SurveyApp:attachBaseContext
2026-08-19T22:54:56.606Z I/RuntimeLogStore [main] start repair: ctx/dir refreshed
2026-08-19T22:54:56.606Z D/SurveyApp [main] bootTiming: RuntimeLogStore.start took=0ms
2026-08-19T22:54:56.606Z D/SurveyApp [main] bootTiming: AppRingLogStore.install took=0ms
2026-08-19T22:54:56.607Z D/SurveyApp [main] onCreate: pid=27277 process=com.negi.survey isMain=true sdk=36
2026-08-19T22:54:56.610Z D/SurveyApp [main] CrashCapture installed: where=SurveyApp:onCreate(rewrap)
2026-08-19T22:54:56.610Z D/SurveyApp [main] CrashCapture self-healing registered.
2026-08-19T22:54:56.610Z W/SurveyApp [main] Startup enqueues deferred: delay=2500ms (to reduce init contention)
2026-08-19T22:54:56.610Z D/SurveyApp [main] bootTiming: onCreate total=4ms
2026-08-19T22:54:59.111Z W/SurveyApp [main] Deferred startup enqueues begin...
2026-08-19T22:54:59.143Z D/SurveyApp [main] WorkManager available. where=startupRtLogs(immediate) took=31ms
2026-08-19T22:54:59.149Z D/SurveyApp [main] Startup runtime logs: GitHub config not available (immediate).
2026-08-19T22:54:59.150Z W/SurveyApp [main] Startup runtime logs: scheduling one retry; reason=config
2026-08-19T22:54:59.150Z D/SurveyApp [main] WorkManager available. where=startupRingLogs(immediate) took=0ms
2026-08-19T22:54:59.151Z D/SurveyApp [main] Startup ring logs: GitHub config not available (immediate).
2026-08-19T22:54:59.151Z W/SurveyApp [main] Startup ring logs: scheduling one retry; reason=config
2026-08-19T22:54:59.151Z D/SurveyApp [main] WorkManager available. where=enqueuePending(immediate) took=0ms
2026-08-19T22:54:59.152Z D/SurveyApp [main] CrashCapture pending uploads requested (immediate).
2026-08-19T22:54:59.152Z W/SurveyApp [main] Deferred startup enqueues done: took=41ms
2026-08-19T22:55:00.750Z D/SurveyApp [main] WorkManager available. where=startupRtLogs(delayed) took=0ms
