=== RuntimeLogStore Header ===
ts=2026-08-19T22:58:00.536Z
fileNameFormat=LEGACY
appId=com.negi.survey
versionName=0.0.1
versionCode=1
debug=true
device=Google Pixel 9a
sdk=36
pid=27631
==============================
2026-08-19T22:58:00.537Z I/RuntimeLogStore [rtlog-io] start: actor launched (fileNameFormat=LEGACY)
2026-08-19T22:58:00.527Z D/SurveyApp [main] attachBaseContext: pid=27631 process=com.negi.survey isMain=true sdk=36
2026-08-19T22:58:00.528Z D/SurveyApp [main] bootTiming: attachBaseContext total=56ms
2026-08-19T22:58:00.528Z D/SurveyApp [main] Skipping WorkManager init in attachBaseContext; will init lazily on first enqueue.
2026-08-19T22:58:00.530Z D/SurveyApp [main] CrashCapture installed: where=SurveyApp:attachBaseContext
2026-08-19T22:58:00.541Z I/RuntimeLogStore [main] start repair: ctx/dir refreshed
2026-08-19T22:58:00.542Z D/SurveyApp [main] bootTiming: RuntimeLogStore.start took=0ms
2026-08-19T22:58:00.542Z D/SurveyApp [main] bootTiming: AppRingLogStore.install took=0ms
2026-08-19T22:58:00.542Z D/SurveyApp [main] onCreate: pid=27631 process=com.negi.survey isMain=true sdk=36
2026-08-19T22:58:00.545Z D/SurveyApp [main] CrashCapture installed: where=SurveyApp:onCreate(rewrap)
2026-08-19T22:58:00.545Z D/SurveyApp [main] CrashCapture self-healing registered.
2026-08-19T22:58:00.546Z W/SurveyApp [main] Startup enqueues deferred: delay=2500ms (to reduce init contention)
2026-08-19T22:58:00.546Z D/SurveyApp [main] bootTiming: onCreate total=4ms
2026-08-19T22:58:03.055Z W/SurveyApp [main] Deferred startup enqueues begin...
2026-08-19T22:58:03.073Z D/SurveyApp [main] WorkManager available. where=startupRtLogs(immediate) took=18ms
2026-08-19T22:58:03.079Z D/SurveyApp [main] Startup runtime logs: GitHub config not available (immediate).
2026-08-19T22:58:03.079Z W/SurveyApp [main] Startup runtime logs: scheduling one retry; reason=config
2026-08-19T22:58:03.079Z D/SurveyApp [main] WorkManager available. where=startupRingLogs(immediate) took=0ms
2026-08-19T22:58:03.081Z D/SurveyApp [main] Startup ring logs: GitHub config not available (immediate).
2026-08-19T22:58:03.081Z W/SurveyApp [main] Startup ring logs: scheduling one retry; reason=config
2026-08-19T22:58:03.081Z D/SurveyApp [main] WorkManager available. where=enqueuePending(immediate) took=0ms
2026-08-19T22:58:03.081Z D/SurveyApp [main] CrashCapture pending uploads requested (immediate).
2026-08-19T22:58:03.081Z W/SurveyApp [main] Deferred startup enqueues done: took=26ms
2026-08-19T22:58:04.687Z D/SurveyApp [main] WorkManager available. where=startupRtLogs(delayed) took=0ms
