=== Previous Session Logcat ===
captured_time_utc=20260907_131428
captured_time_local=20260907_161428
marker=2026-09-07 15:47:42.766
preferred_prev_pid=-1
note=best-effort; buffers may be overwritten before next start
sdk=36
device=samsung SM-S936B
appId=com.negi.survey
versionName=0.0.1
versionCode=43

=== Logcat (since marker) ===
--------- beginning of main
09-07 16:14:25.889 15993 15993 I Zygote  : Process 15993 created for com.negi.survey
09-07 16:14:25.890 15993 15993 I com.negi.survey: Using generational CollectorTypeCMC GC.
09-07 16:14:25.894 15993 15993 D nativeloader: Load libframework-connectivity-tiramisu-jni.so using APEX ns com_android_tethering for caller /apex/com.android.tethering/javalib/framework-connectivity-t.jar: ok
09-07 16:14:25.896 15993 15993 D ActivityThread: setConscryptValidator
09-07 16:14:25.896 15993 15993 D ActivityThread: setConscryptValidator - put
09-07 16:14:25.906 15993 15993 D ApplicationLoaders: Returning zygote-cached class loader: /system_ext/framework/androidx.window.extensions.jar
09-07 16:14:25.906 15993 15993 D ApplicationLoaders: Returning zygote-cached class loader: /system_ext/framework/androidx.window.sidecar.jar
09-07 16:14:25.917 15993 15993 I com.negi.survey: Could not load runtime generated app image: Boot image component count in /data/user/0/com.negi.survey/cache/oat_primary/arm64/base.art ends in the middle of a chunk, 54 is between 23 and 55
09-07 16:14:25.918 15993 15993 D nativeloader: Configuring clns-9 for other apk /data/app/~~OjF4Khr7hHCqQj-BDawpgQ==/com.negi.survey--7tYAk0_y5ttOLeiUpZjpg==/base.apk. target_sdk_version=36, uses_libraries=libOpenCL.so, library_path=/data/app/~~OjF4Khr7hHCqQj-BDawpgQ==/com.negi.survey--7tYAk0_y5ttOLeiUpZjpg==/lib/arm64:/data/app/~~OjF4Khr7hHCqQj-BDawpgQ==/com.negi.survey--7tYAk0_y5ttOLeiUpZjpg==/base.apk!/lib/arm64-v8a, permitted_path=/data:/mnt/expand:/data/user/0/com.negi.survey
09-07 16:14:25.931 15993 15993 V GraphicsEnvironment: Currently set values for:
09-07 16:14:25.931 15993 15993 V GraphicsEnvironment:   angle_gl_driver_selection_pkgs=[]
09-07 16:14:25.931 15993 15993 V GraphicsEnvironment:   angle_gl_driver_selection_values=[]
09-07 16:14:25.931 15993 15993 V GraphicsEnvironment: com.negi.survey is not listed in per-application setting
09-07 16:14:25.931 15993 15993 V GraphicsEnvironment: ANGLE allowlist from config: com.dreamgames.royalmatch com.dts.freefiremax com.dxx.firenow com.gramgames.mergedragons com.ludo.king com.mojang.minecraftpe com.my.defense com.nintendo.zaka com.os.airforce com.playrix.fishdomdd.gplay io.teslatech.callbreak jp.konami.prospia net.peakgames.toonblast
09-07 16:14:25.931 15993 15993 V GraphicsEnvironment: No special selections for ANGLE, returning default driver choice
09-07 16:14:25.931 15993 15993 V GraphicsEnvironment: App is not on the allowlist for updatable production driver.
09-07 16:14:25.975 15993 15993 D nativeloader: Load /data/app/~~OjF4Khr7hHCqQj-BDawpgQ==/com.negi.survey--7tYAk0_y5ttOLeiUpZjpg==/base.apk!/lib/arm64-v8a/liblitertlm_jni.so using class loader ns clns-9 (caller=/data/app/~~OjF4Khr7hHCqQj-BDawpgQ==/com.negi.survey--7tYAk0_y5ttOLeiUpZjpg==/base.apk!classes4.dex): ok
09-07 16:14:25.975 15993 15993 D SurveyApp: Loaded LiteRTLM JNI: litertlm_jni where=attachBaseContext
09-07 16:14:25.987 15993 15993 D AppRingLogStore: installed: dir=/data/user/0/com.negi.survey/files/diagnostics/applog_ring idx=0
09-07 16:14:25.988 15993 16013 D RuntimeLogStore: openWriter: start -> /data/user/0/com.negi.survey/files/diagnostics/runtime_logs/rtlog_20260907_131425_986_pid15993_seq1.log (bytes=0 format=LEGACY)
09-07 16:14:25.989 15993 16013 D RuntimeLogStore: retention: start files=2 kept=2 totalBytes=1747
09-07 16:14:25.995 15993 15993 D CrashCapture: install: ensured default handler. where=SurveyApp:attachBaseContext pid=15993 default=com.negi.survey.CrashCapture$CrashHandler@cb6d414
09-07 16:14:26.030 15993 15993 D SurveyApp: LiteRTLM JNI already loaded; skip. where=onCreate(retry)
09-07 16:14:26.035 15993 15993 D CrashCapture: install: ensured default handler. where=SurveyApp:onCreate(rewrap) pid=15993 default=com.negi.survey.CrashCapture$CrashHandler@cb6d414
09-07 16:14:26.036 15993 15993 D CrashCapture: registerSelfHealing: ActivityLifecycleCallbacks registered. mode=onResumedOnly
09-07 16:14:26.042 15993 16026 D UploadRescheduleRcvr: No GitHub pending files for action=android.intent.action.BOOT_COMPLETED
09-07 16:14:26.046 15993 16026 D github_upload: enqueueStartupRuntimeLogsUpload: uniqueName=upload_runtime_logs_startup policy=KEEP session=startup_runtime_20260907_131426_2181543e
09-07 16:14:26.056 15993 16026 D WM-PackageManagerHelper: Skipping component enablement for androidx.work.impl.background.systemjob.SystemJobService
09-07 16:14:26.056 15993 16026 D WM-Schedulers: Created SystemJobScheduler and enabled SystemJobService
09-07 16:14:26.057 15993 16032 D WM-ForceStopRunnable: Is default app process = true
09-07 16:14:26.057 15993 16032 D WM-ForceStopRunnable: Performing cleanup operations.
09-07 16:14:26.061 15993 16026 D UploadRescheduleRcvr: Enqueued runtime logs upload for action=android.intent.action.BOOT_COMPLETED reason=receiver_boot_completed
09-07 16:14:26.066 15993 16032 E ashmem  : Pinning is deprecated since Android Q. Please use trim or other methods.
09-07 16:14:26.074 15993 16032 D WM-SystemJobScheduler: Reconciling jobs
09-07 16:14:26.079 15993 16032 D WM-ForceStopRunnable: Found unfinished work, scheduling it.
09-07 16:14:26.090 15993 16046 D WM-SystemJobScheduler: Scheduling work ID fafd2382-70b8-4403-8679-1f966f622433Job ID 6
09-07 16:14:26.091 15993 16046 D WM-GreedyScheduler: Starting tracking for fafd2382-70b8-4403-8679-1f966f622433
09-07 16:14:26.096 15993 15993 D WM-SystemJobService: onStartJob for WorkGenerationalId(workSpecId=fafd2382-70b8-4403-8679-1f966f622433, generation=0)
09-07 16:14:26.099 15993 16048 D WM-Processor: Processor: processing WorkGenerationalId(workSpecId=fafd2382-70b8-4403-8679-1f966f622433, generation=0)
09-07 16:14:26.100 15993 16048 D WM-WorkConstraintsTrack: NetworkRequestConstraintController register shared callback
09-07 16:14:26.101 15993 16048 D ConnectivityManager: StackLog: [android.net.ConnectivityManager.sendRequestForNetwork(ConnectivityManager.java:4744)] [android.net.ConnectivityManager.registerDefaultNetworkCallbackForUid(ConnectivityManager.java:5469)] [android.net.ConnectivityManager.registerDefaultNetworkCallback(ConnectivityManager.java:5436)] [android.net.ConnectivityManager.registerDefaultNetworkCallback(ConnectivityManager.java:5410)] [androidx.work.impl.constraints.SharedNetworkCallback.addCallback(WorkConstraintsTracker.kt:362)] [androidx.work.impl.constraints.NetworkRequestConstraintController$track$1.invokeSuspend(WorkConstraintsTracker.kt:179)] [androidx.work.impl.constraints.NetworkRequestConstraintController$track$1.invoke(WorkConstraintsTracker.kt:8)] [androidx.work.impl.constraints.NetworkRequestConstraintController$track$1.invoke(WorkConstraintsTracker.kt:4)] [kotlinx.coroutines.flow.ChannelFlowBuilder.collectTo$suspendImpl(Builders.kt:316)] [kotlinx.coroutines.flow.ChannelFlowBuilder.collectTo(Builders.kt:0)] [kotlinx.coroutines.flow.CallbackFlowBuilder.collectTo(Builders.kt:330)] [kotlinx.coroutines.flow.internal.ChannelFlow$collectToFun$1.invokeSuspend(ChannelFlow.kt:56)] [kotlin.coroutines.jvm.internal.BaseContinuationImpl.resumeWith(ContinuationImpl.kt:34)] [kotlinx.coroutines.DispatchedTask.run(DispatchedTask.kt:100)] [androidx.work.impl.utils.SerialExecutorImpl$Task.run(SerialExecutorImpl.java:96)] [java.util.concurrent.ThreadPoolExecutor.runWorker(ThreadPoolExecutor.java:1100)] [java.util.concurrent.ThreadPoolExecutor$Worker.run(ThreadPoolExecutor.java:624)] [java.lang.Thread.run(Thread.java:1572)]
09-07 16:14:26.103 15993 16049 D WM-WorkConstraintsTrack: NetworkRequestConstraintController onCapabilitiesChanged callback
09-07 16:14:26.103 15993 16049 D WM-WorkConstraintsTrack: Not dispatching constraint state yet: isBlocked=null, capabilitiesInitialized=true
09-07 16:14:26.103 15993 16049 D WM-WorkConstraintsTrack: NetworkRequestConstraintController onBlockedStatusChanged callback false
09-07 16:14:26.105 15993 15993 D WM-WorkerWrapper: Starting work for com.negi.survey.net.GitHubUploadWorker
09-07 16:14:26.107 15993 16048 D WM-PackageManagerHelper: androidx.work.impl.background.systemalarm.RescheduleReceiver enabled
09-07 16:14:26.109 15993 16048 I WM-Processor: Moving WorkSpec (fafd2382-70b8-4403-8679-1f966f622433) to the foreground
09-07 16:14:26.114 15993 15993 I WM-SystemFgDispatcher: Started foreground service Intent { act=ACTION_START_FOREGROUND xflg=0x4 cmp=com.negi.survey/androidx.work.impl.foreground.SystemForegroundService (has extras) }
09-07 16:14:26.114 15993 15993 D WM-SystemFgDispatcher: Notifying with (id:3200, workSpecId: fafd2382-70b8-4403-8679-1f966f622433, notificationType :1)
09-07 16:14:26.115 15993 16048 D WM-GreedyScheduler: Constraints met: Scheduling work ID WorkGenerationalId(workSpecId=fafd2382-70b8-4403-8679-1f966f622433, generation=0)
09-07 16:14:26.115 15993 15993 W WM-SystemFgService: Unable to start foreground service
09-07 16:14:26.115 15993 15993 W WM-SystemFgService: android.app.ForegroundServiceStartNotAllowedException: FGS type dataSync not allowed to start from BOOT_COMPLETED!
09-07 16:14:26.115 15993 15993 W WM-SystemFgService: 	at android.app.ForegroundServiceStartNotAllowedException$1.createFromParcel(ForegroundServiceStartNotAllowedException.java:54)
09-07 16:14:26.115 15993 15993 W WM-SystemFgService: 	at android.app.ForegroundServiceStartNotAllowedException$1.createFromParcel(ForegroundServiceStartNotAllowedException.java:50)
09-07 16:14:26.115 15993 15993 W WM-SystemFgService: 	at android.os.Parcel.readParcelableInternal(Parcel.java:5277)
09-07 16:14:26.115 15993 15993 W WM-SystemFgService: 	at android.os.Parcel.readParcelable(Parcel.java:5258)
09-07 16:14:26.115 15993 15993 W WM-SystemFgService: 	at android.os.Parcel.createExceptionOrNull(Parcel.java:3383)
09-07 16:14:26.115 15993 15993 W WM-SystemFgService: 	at android.os.Parcel.createException(Parcel.java:3372)
09-07 16:14:26.115 15993 15993 W WM-SystemFgService: 	at android.os.Parcel.readException(Parcel.java:3355)
09-07 16:14:26.115 15993 15993 W WM-SystemFgService: 	at android.os.Parcel.readException(Parcel.java:3297)
09-07 16:14:26.115 15993 15993 W WM-SystemFgService: 	at android.app.IActivityManager$Stub$Proxy.setServiceForeground(IActivityManager.java:7682)
09-07 16:14:26.115 15993 15993 W WM-SystemFgService: 	at android.app.Service.startForeground(Service.java:862)
09-07 16:14:26.115 15993 15993 W WM-SystemFgService: 	at androidx.work.impl.foreground.SystemForegroundService$Api31Impl.startForeground(SystemForegroundService.java:192)
09-07 16:14:26.115 15993 15993 W WM-SystemFgService: 	at androidx.work.impl.foreground.SystemForegroundService.startForeground(SystemForegroundService.java:141)
09-07 16:14:26.115 15993 15993 W WM-SystemFgService: 	at androidx.work.impl.foreground.SystemForegroundDispatcher.handleNotify(SystemForegroundDispatcher.java:332)
09-07 16:14:26.115 15993 15993 W WM-SystemFgService: 	at androidx.work.impl.foreground.SystemForegroundDispatcher.onStartCommand(SystemForegroundDispatcher.java:221)
09-07 16:14:26.115 15993 15993 W WM-SystemFgService: 	at androidx.work.impl.foreground.SystemForegroundService.onStartCommand(SystemForegroundService.java:80)
09-07 16:14:26.115 15993 15993 W WM-SystemFgService: 	at android.app.ActivityThread.handleServiceArgs(ActivityThread.java:6453)
09-07 16:14:26.115 15993 15993 W WM-SystemFgService: 	at android.app.ActivityThread.-$$Nest$mhandleServiceArgs(ActivityThread.java:0)
09-07 16:14:26.115 15993 15993 W WM-SystemFgService: 	at android.app.ActivityThread$H.handleMessage(ActivityThread.java:3111)
09-07 16:14:26.115 15993 15993 W WM-SystemFgService: 	at android.os.Handler.dispatchMessage(Handler.java:132)
09-07 16:14:26.115 15993 15993 W WM-SystemFgService: 	at android.os.Looper.dispatchMessage(Looper.java:358)
09-07 16:14:26.115 15993 15993 W WM-SystemFgService: 	at android.os.Looper.loopOnce(Looper.java:288)
09-07 16:14:26.115 15993 15993 W WM-SystemFgService: 	at android.os.Looper.loop(Looper.java:392)
09-07 16:14:26.115 15993 15993 W WM-SystemFgService: 	at android.app.ActivityThread.main(ActivityThread.java:10346)
09-07 16:14:26.115 15993 15993 W WM-SystemFgService: 	at java.lang.reflect.Method.invoke(Native Method)
09-07 16:14:26.115 15993 15993 W WM-SystemFgService: 	at com.android.internal.os.RuntimeInit$MethodAndArgsCaller.run(RuntimeInit.java:638)
09-07 16:14:26.115 15993 15993 W WM-SystemFgService: 	at com.android.internal.os.ZygoteInit.main(ZygoteInit.java:972)
09-07 16:14:26.115 15993 15993 D WM-SystemFgDispatcher: Notifying with (id:3200, workSpecId: fafd2382-70b8-4403-8679-1f966f622433, notificationType :1)
--------- beginning of system
09-07 16:14:26.115 15993 15993 I NotificationManager: com.negi.survey: notify(3200, null, Notification(channel=uploads shortcut=null contentView=null vibrate=null sound=null defaults=0 flags=ONGOING_EVENT|ONLY_ALERT_ONCE color=0x00000000 category=progress vis=PRIVATE semFlags=0x0 semPriority=0 semMissedCount=0 semScenarioType=0)) as user
09-07 16:14:26.115 15993 15993 D NotificationManager: BOOTING pkg =com.negi.survey mBlockedChannelsForOverflowNoti=[]
09-07 16:14:26.116 15993 16048 D WM-Processor: Work WorkGenerationalId(workSpecId=fafd2382-70b8-4403-8679-1f966f622433, generation=0) is already enqueued for processing
09-07 16:14:26.117 15993 16048 D WM-WorkProgressUpdater: Updating progress for fafd2382-70b8-4403-8679-1f966f622433 (Data {pct : 3, mode : startup_runtime_logs})
09-07 16:14:26.117 15993 15993 W WM-SystemFgService: Unable to start foreground service
09-07 16:14:26.117 15993 15993 W WM-SystemFgService: android.app.ForegroundServiceStartNotAllowedException: FGS type dataSync not allowed to start from BOOT_COMPLETED!
09-07 16:14:26.117 15993 15993 W WM-SystemFgService: 	at android.app.ForegroundServiceStartNotAllowedException$1.createFromParcel(ForegroundServiceStartNotAllowedException.java:54)
09-07 16:14:26.117 15993 15993 W WM-SystemFgService: 	at android.app.ForegroundServiceStartNotAllowedException$1.createFromParcel(ForegroundServiceStartNotAllowedException.java:50)
09-07 16:14:26.117 15993 15993 W WM-SystemFgService: 	at android.os.Parcel.readParcelableInternal(Parcel.java:5277)
09-07 16:14:26.117 15993 15993 W WM-SystemFgService: 	at android.os.Parcel.readParcelable(Parcel.java:5258)
09-07 16:14:26.117 15993 15993 W WM-SystemFgService: 	at android.os.Parcel.createExceptionOrNull(Parcel.java:3383)
09-07 16:14:26.117 15993 15993 W WM-SystemFgService: 	at android.os.Parcel.createException(Parcel.java:3372)
09-07 16:14:26.117 15993 15993 W WM-SystemFgService: 	at android.os.Parcel.readException(Parcel.java:3355)
09-07 16:14:26.117 15993 15993 W WM-SystemFgService: 	at android.os.Parcel.readException(Parcel.java:3297)
09-07 16:14:26.117 15993 15993 W WM-SystemFgService: 	at android.app.IActivityManager$Stub$Proxy.setServiceForeground(IActivityManager.java:7682)
09-07 16:14:26.117 15993 15993 W WM-SystemFgService: 	at android.app.Service.startForeground(Service.java:862)
09-07 16:14:26.117 15993 15993 W WM-SystemFgService: 	at androidx.work.impl.foreground.SystemForegroundService$Api31Impl.startForeground(SystemForegroundService.java:192)
09-07 16:14:26.117 15993 15993 W WM-SystemFgService: 	at androidx.work.impl.foreground.SystemForegroundService.startForeground(SystemForegroundService.java:141)
09-07 16:14:26.117 15993 15993 W WM-SystemFgService: 	at androidx.work.impl.foreground.SystemForegroundDispatcher.handleNotify(SystemForegroundDispatcher.java:332)
09-07 16:14:26.117 15993 15993 W WM-SystemFgService: 	at androidx.work.impl.foreground.SystemForegroundDispatcher.onStartCommand(SystemForegroundDispatcher.java:223)
09-07 16:14:26.117 15993 15993 W WM-SystemFgService: 	at androidx.work.impl.foreground.SystemForegroundService.onStartCommand(SystemForegroundService.java:80)
09-07 16:14:26.117 15993 15993 W WM-SystemFgService: 	at android.app.ActivityThread.handleServiceArgs(ActivityThread.java:6453)
09-07 16:14:26.117 15993 15993 W WM-SystemFgService: 	at android.app.ActivityThread.-$$Nest$mhandleServiceArgs(ActivityThread.java:0)
09-07 16:14:26.117 15993 15993 W WM-SystemFgService: 	at android.app.ActivityThread$H.handleMessage(ActivityThread.java:3111)
09-07 16:14:26.117 15993 15993 W WM-SystemFgService: 	at android.os.Handler.dispatchMessage(Handler.java:132)
09-07 16:14:26.117 15993 15993 W WM-SystemFgService: 	at android.os.Looper.dispatchMessage(Looper.java:358)
09-07 16:14:26.117 15993 15993 W WM-SystemFgService: 	at android.os.Looper.loopOnce(Looper.java:288)
09-07 16:14:26.117 15993 15993 W WM-SystemFgService: 	at android.os.Looper.loop(Looper.java:392)
09-07 16:14:26.117 15993 15993 W WM-SystemFgService: 	at android.app.ActivityThread.main(ActivityThread.java:10346)
09-07 16:14:26.117 15993 15993 W WM-SystemFgService: 	at java.lang.reflect.Method.invoke(Native Method)
09-07 16:14:26.117 15993 15993 W WM-SystemFgService: 	at com.android.internal.os.RuntimeInit$MethodAndArgsCaller.run(RuntimeInit.java:638)
09-07 16:14:26.117 15993 15993 W WM-SystemFgService: 	at com.android.internal.os.ZygoteInit.main(ZygoteInit.java:972)
09-07 16:14:26.118 15993 16048 I WM-Processor: Moving WorkSpec (fafd2382-70b8-4403-8679-1f966f622433) to the foreground
09-07 16:14:26.119 15993 15993 D WM-SystemFgDispatcher: Notifying with (id:3200, workSpecId: fafd2382-70b8-4403-8679-1f966f622433, notificationType :1)
09-07 16:14:26.119 15993 15993 I NotificationManager: com.negi.survey: notify(3200, null, Notification(channel=uploads shortcut=null contentView=null vibrate=null sound=null defaults=0 flags=ONGOING_EVENT|ONLY_ALERT_ONCE color=0x00000000 category=progress vis=PRIVATE semFlags=0x0 semPriority=0 semMissedCount=0 semScenarioType=0)) as user
09-07 16:14:26.119 15993 16048 D WM-WorkConstraintsTrack: NetworkRequestConstraintController send initial capabilities
09-07 16:14:26.120 15993 15993 W WM-SystemFgService: Unable to start foreground service
09-07 16:14:26.120 15993 15993 W WM-SystemFgService: android.app.ForegroundServiceStartNotAllowedException: FGS type dataSync not allowed to start from BOOT_COMPLETED!
09-07 16:14:26.120 15993 15993 W WM-SystemFgService: 	at android.app.ForegroundServiceStartNotAllowedException$1.createFromParcel(ForegroundServiceStartNotAllowedException.java:54)
09-07 16:14:26.120 15993 15993 W WM-SystemFgService: 	at android.app.ForegroundServiceStartNotAllowedException$1.createFromParcel(ForegroundServiceStartNotAllowedException.java:50)
09-07 16:14:26.120 15993 15993 W WM-SystemFgService: 	at android.os.Parcel.readParcelableInternal(Parcel.java:5277)
09-07 16:14:26.120 15993 15993 W WM-SystemFgService: 	at android.os.Parcel.readParcelable(Parcel.java:5258)
09-07 16:14:26.120 15993 15993 W WM-SystemFgService: 	at android.os.Parcel.createExceptionOrNull(Parcel.java:3383)
09-07 16:14:26.120 15993 15993 W WM-SystemFgService: 	at android.os.Parcel.createException(Parcel.java:3372)
09-07 16:14:26.120 15993 15993 W WM-SystemFgService: 	at android.os.Parcel.readException(Parcel.java:3355)
09-07 16:14:26.120 15993 15993 W WM-SystemFgService: 	at android.os.Parcel.readException(Parcel.java:3297)
09-07 16:14:26.120 15993 15993 W WM-SystemFgService: 	at android.app.IActivityManager$Stub$Proxy.setServiceForeground(IActivityManager.java:7682)
09-07 16:14:26.120 15993 15993 W WM-SystemFgService: 	at android.app.Service.startForeground(Service.java:862)
09-07 16:14:26.120 15993 15993 W WM-SystemFgService: 	at androidx.work.impl.foreground.SystemForegroundService$Api31Impl.startForeground(SystemForegroundService.java:192)
09-07 16:14:26.120 15993 15993 W WM-SystemFgService: 	at androidx.work.impl.foreground.SystemForegroundService.startForeground(SystemForegroundService.java:141)
09-07 16:14:26.120 15993 15993 W WM-SystemFgService: 	at androidx.work.impl.foreground.SystemForegroundDispatcher.handleNotify(SystemForegroundDispatcher.java:332)
09-07 16:14:26.120 15993 15993 W WM-SystemFgService: 	at androidx.work.impl.foreground.SystemForegroundDispatcher.onStartCommand(SystemForegroundDispatcher.java:223)
09-07 16:14:26.120 15993 15993 W WM-SystemFgService: 	at androidx.work.impl.foreground.SystemForegroundService.onStartCommand(SystemForegroundService.java:80)
09-07 16:14:26.120 15993 15993 W WM-SystemFgService: 	at android.app.ActivityThread.handleServiceArgs(ActivityThread.java:6453)
09-07 16:14:26.120 15993 15993 W WM-SystemFgService: 	at android.app.ActivityThread.-$$Nest$mhandleServiceArgs(ActivityThread.java:0)
09-07 16:14:26.120 15993 15993 W WM-SystemFgService: 	at android.app.ActivityThread$H.handleMessage(ActivityThread.java:3111)
09-07 16:14:26.120 15993 15993 W WM-SystemFgService: 	at android.os.Handler.dispatchMessage(Handler.java:132)
09-07 16:14:26.120 15993 15993 W WM-SystemFgService: 	at android.os.Looper.dispatchMessage(Looper.java:358)
09-07 16:14:26.120 15993 15993 W WM-SystemFgService: 	at android.os.Looper.loopOnce(Looper.java:288)
09-07 16:14:26.120 15993 15993 W WM-SystemFgService: 	at android.os.Looper.loop(Looper.java:392)
09-07 16:14:26.120 15993 15993 W WM-SystemFgService: 	at android.app.ActivityThread.main(ActivityThread.java:10346)
09-07 16:14:26.120 15993 15993 W WM-SystemFgService: 	at java.lang.reflect.Method.invoke(Native Method)
09-07 16:14:26.120 15993 15993 W WM-SystemFgService: 	at com.android.internal.os.RuntimeInit$MethodAndArgsCaller.run(RuntimeInit.java:638)
09-07 16:14:26.120 15993 15993 W WM-SystemFgService: 	at com.android.internal.os.ZygoteInit.main(ZygoteInit.java:972)
09-07 16:14:27.324 15993 16013 D RuntimeLogStore: openWriter: rotate:plain_snapshot:receiver_boot_completed -> /data/user/0/com.negi.survey/files/diagnostics/runtime_logs/rtlog_20260907_131427_324_pid15993_seq2.log (bytes=0 format=LEGACY)
09-07 16:14:27.324 15993 16013 D RuntimeLogStore: retention: rotate:plain_snapshot:receiver_boot_completed files=3 kept=3 totalBytes=3458
09-07 16:14:27.349 15993 16026 D github_upload: doRuntimeLogsUpload: remoteBaseDir=diagnostics/runtime_logs/2026-09-07/runtime_logs_startup_runtime_20260907_131426_2181543e_receiver_boot_completed toUpload=3 bytes=4648 dedupe=true deleteSource=true deletedSourcePre=0 preview='plain_logs_manifest_20260907_131427_337_pid15993_receiver_boot_completed.json|runtime_log_20260907_131427_337_pid15993_receiver_boot_completed__rtlog_20260907_131425_986_pid15993_seq1.log|runtime_log_20260907_131427_337_pid15993_receiver_boot_completed__rtlog_20260907_124741_380_pid15977_seq2.log'
09-07 16:14:27.350 15993 16026 D GitHubUploader: uploadStream: owner=ishizuki-tech repo=SurveyExports branch=main path=diagnostics/runtime_logs/2026-09-07/runtime_logs_startup_runtime_20260907_131426_2181543e_receiver_boot_completed/plain_logs_manifest_20260907_131427_337_pid15993_receiver_boot_completed.json size=1528 maxRawBytesHint=1000000 maxRequestBytesHint=2800000
09-07 16:14:27.351 15993 16048 D WM-WorkProgressUpdater: Updating progress for fafd2382-70b8-4403-8679-1f966f622433 (Data {pct : 10, mode : startup_runtime_logs})
09-07 16:14:27.358 15993 16048 I WM-Processor: Moving WorkSpec (fafd2382-70b8-4403-8679-1f966f622433) to the foreground
09-07 16:14:27.365 15993 15993 D WM-SystemFgDispatcher: Notifying with (id:3200, workSpecId: fafd2382-70b8-4403-8679-1f966f622433, notificationType :1)
09-07 16:14:27.365 15993 15993 I NotificationManager: com.negi.survey: notify(3200, null, Notification(channel=uploads shortcut=null contentView=null vibrate=null sound=null defaults=0 flags=ONGOING_EVENT|ONLY_ALERT_ONCE color=0x00000000 category=progress vis=PRIVATE semFlags=0x0 semPriority=0 semMissedCount=0 semScenarioType=0)) as user
09-07 16:14:27.393 15993 15993 W WM-SystemFgService: Unable to start foreground service
09-07 16:14:27.393 15993 15993 W WM-SystemFgService: android.app.ForegroundServiceStartNotAllowedException: FGS type dataSync not allowed to start from BOOT_COMPLETED!
09-07 16:14:27.393 15993 15993 W WM-SystemFgService: 	at android.app.ForegroundServiceStartNotAllowedException$1.createFromParcel(ForegroundServiceStartNotAllowedException.java:54)
09-07 16:14:27.393 15993 15993 W WM-SystemFgService: 	at android.app.ForegroundServiceStartNotAllowedException$1.createFromParcel(ForegroundServiceStartNotAllowedException.java:50)
09-07 16:14:27.393 15993 15993 W WM-SystemFgService: 	at android.os.Parcel.readParcelableInternal(Parcel.java:5277)
09-07 16:14:27.393 15993 15993 W WM-SystemFgService: 	at android.os.Parcel.readParcelable(Parcel.java:5258)
09-07 16:14:27.393 15993 15993 W WM-SystemFgService: 	at android.os.Parcel.createExceptionOrNull(Parcel.java:3383)
09-07 16:14:27.393 15993 15993 W WM-SystemFgService: 	at android.os.Parcel.createException(Parcel.java:3372)
09-07 16:14:27.393 15993 15993 W WM-SystemFgService: 	at android.os.Parcel.readException(Parcel.java:3355)
09-07 16:14:27.393 15993 15993 W WM-SystemFgService: 	at android.os.Parcel.readException(Parcel.java:3297)
09-07 16:14:27.393 15993 15993 W WM-SystemFgService: 	at android.app.IActivityManager$Stub$Proxy.setServiceForeground(IActivityManager.java:7682)
09-07 16:14:27.393 15993 15993 W WM-SystemFgService: 	at android.app.Service.startForeground(Service.java:862)
09-07 16:14:27.393 15993 15993 W WM-SystemFgService: 	at androidx.work.impl.foreground.SystemForegroundService$Api31Impl.startForeground(SystemForegroundService.java:192)
09-07 16:14:27.393 15993 15993 W WM-SystemFgService: 	at androidx.work.impl.foreground.SystemForegroundService.startForeground(SystemForegroundService.java:141)
09-07 16:14:27.393 15993 15993 W WM-SystemFgService: 	at androidx.work.impl.foreground.SystemForegroundDispatcher.handleNotify(SystemForegroundDispatcher.java:332)
09-07 16:14:27.393 15993 15993 W WM-SystemFgService: 	at androidx.work.impl.foreground.SystemForegroundDispatcher.onStartCommand(SystemForegroundDispatcher.java:223)
09-07 16:14:27.393 15993 15993 W WM-SystemFgService: 	at androidx.work.impl.foreground.SystemForegroundService.onStartCommand(SystemForegroundService.java:80)
09-07 16:14:27.393 15993 15993 W WM-SystemFgService: 	at android.app.ActivityThread.handleServiceArgs(ActivityThread.java:6453)
09-07 16:14:27.393 15993 15993 W WM-SystemFgService: 	at android.app.ActivityThread.-$$Nest$mhandleServiceArgs(ActivityThread.java:0)
09-07 16:14:27.393 15993 15993 W WM-SystemFgService: 	at android.app.ActivityThread$H.handleMessage(ActivityThread.java:3111)
09-07 16:14:27.393 15993 15993 W WM-SystemFgService: 	at android.os.Handler.dispatchMessage(Handler.java:132)
09-07 16:14:27.393 15993 15993 W WM-SystemFgService: 	at android.os.Looper.dispatchMessage(Looper.java:358)
09-07 16:14:27.393 15993 15993 W WM-SystemFgService: 	at android.os.Looper.loopOnce(Looper.java:288)
09-07 16:14:27.393 15993 15993 W WM-SystemFgService: 	at android.os.Looper.loop(Looper.java:392)
09-07 16:14:27.393 15993 15993 W WM-SystemFgService: 	at android.app.ActivityThread.main(ActivityThread.java:10346)
09-07 16:14:27.393 15993 15993 W WM-SystemFgService: 	at java.lang.reflect.Method.invoke(Native Method)
09-07 16:14:27.393 15993 15993 W WM-SystemFgService: 	at com.android.internal.os.RuntimeInit$MethodAndArgsCaller.run(RuntimeInit.java:638)
09-07 16:14:27.393 15993 15993 W WM-SystemFgService: 	at com.android.internal.os.ZygoteInit.main(ZygoteInit.java:972)
09-07 16:14:28.039 15993 16045 D WM-WorkProgressUpdater: Updating progress for fafd2382-70b8-4403-8679-1f966f622433 (Data {pct : 12, mode : startup_runtime_logs})
09-07 16:14:28.042 15993 16045 I WM-Processor: Moving WorkSpec (fafd2382-70b8-4403-8679-1f966f622433) to the foreground
09-07 16:14:28.045 15993 15993 D WM-SystemFgDispatcher: Notifying with (id:3200, workSpecId: fafd2382-70b8-4403-8679-1f966f622433, notificationType :1)
09-07 16:14:28.046 15993 15993 I NotificationManager: com.negi.survey: notify(3200, null, Notification(channel=uploads shortcut=null contentView=null vibrate=null sound=null defaults=0 flags=ONGOING_EVENT|ONLY_ALERT_ONCE color=0x00000000 category=progress vis=PRIVATE semFlags=0x0 semPriority=0 semMissedCount=0 semScenarioType=0)) as user
09-07 16:14:28.046 15993 16045 D WM-WorkProgressUpdater: Updating progress for fafd2382-70b8-4403-8679-1f966f622433 (Data {pct : 33, mode : startup_runtime_logs})
09-07 16:14:28.049 15993 15993 W WM-SystemFgService: Unable to start foreground service
09-07 16:14:28.049 15993 15993 W WM-SystemFgService: android.app.ForegroundServiceStartNotAllowedException: FGS type dataSync not allowed to start from BOOT_COMPLETED!
09-07 16:14:28.049 15993 15993 W WM-SystemFgService: 	at android.app.ForegroundServiceStartNotAllowedException$1.createFromParcel(ForegroundServiceStartNotAllowedException.java:54)
09-07 16:14:28.049 15993 15993 W WM-SystemFgService: 	at android.app.ForegroundServiceStartNotAllowedException$1.createFromParcel(ForegroundServiceStartNotAllowedException.java:50)
09-07 16:14:28.049 15993 15993 W WM-SystemFgService: 	at android.os.Parcel.readParcelableInternal(Parcel.java:5277)
09-07 16:14:28.049 15993 15993 W WM-SystemFgService: 	at android.os.Parcel.readParcelable(Parcel.java:5258)
09-07 16:14:28.049 15993 15993 W WM-SystemFgService: 	at android.os.Parcel.createExceptionOrNull(Parcel.java:3383)
09-07 16:14:28.049 15993 15993 W WM-SystemFgService: 	at android.os.Parcel.createException(Parcel.java:3372)
09-07 16:14:28.049 15993 15993 W WM-SystemFgService: 	at android.os.Parcel.readException(Parcel.java:3355)
09-07 16:14:28.049 15993 15993 W WM-SystemFgService: 	at android.os.Parcel.readException(Parcel.java:3297)
09-07 16:14:28.049 15993 15993 W WM-SystemFgService: 	at android.app.IActivityManager$Stub$Proxy.setServiceForeground(IActivityManager.java:7682)
09-07 16:14:28.049 15993 15993 W WM-SystemFgService: 	at android.app.Service.startForeground(Service.java:862)
09-07 16:14:28.049 15993 15993 W WM-SystemFgService: 	at androidx.work.impl.foreground.SystemForegroundService$Api31Impl.startForeground(SystemForegroundService.java:192)
09-07 16:14:28.049 15993 15993 W WM-SystemFgService: 	at androidx.work.impl.foreground.SystemForegroundService.startForeground(SystemForegroundService.java:141)
09-07 16:14:28.049 15993 15993 W WM-SystemFgService: 	at androidx.work.impl.foreground.SystemForegroundDispatcher.handleNotify(SystemForegroundDispatcher.java:332)
09-07 16:14:28.049 15993 15993 W WM-SystemFgService: 	at androidx.work.impl.foreground.SystemForegroundDispatcher.onStartCommand(SystemForegroundDispatcher.java:223)
09-07 16:14:28.049 15993 15993 W WM-SystemFgService: 	at androidx.work.impl.foreground.SystemForegroundService.onStartCommand(SystemForegroundService.java:80)
09-07 16:14:28.049 15993 15993 W WM-SystemFgService: 	at android.app.ActivityThread.handleServiceArgs(ActivityThread.java:6453)
09-07 16:14:28.049 15993 15993 W WM-SystemFgService: 	at android.app.ActivityThread.-$$Nest$mhandleServiceArgs(ActivityThread.java:0)
09-07 16:14:28.049 15993 15993 W WM-SystemFgService: 	at android.app.ActivityThread$H.handleMessage(ActivityThread.java:3111)
09-07 16:14:28.049 15993 15993 W WM-SystemFgService: 	at android.os.Handler.dispatchMessage(Handler.java:132)
09-07 16:14:28.049 15993 15993 W WM-SystemFgService: 	at android.os.Looper.dispatchMessage(Looper.java:358)
09-07 16:14:28.049 15993 15993 W WM-SystemFgService: 	at android.os.Looper.loopOnce(Looper.java:288)
09-07 16:14:28.049 15993 15993 W WM-SystemFgService: 	at android.os.Looper.loop(Looper.java:392)
09-07 16:14:28.049 15993 15993 W WM-SystemFgService: 	at android.app.ActivityThread.main(ActivityThread.java:10346)
09-07 16:14:28.049 15993 15993 W WM-SystemFgService: 	at java.lang.reflect.Method.invoke(Native Method)
09-07 16:14:28.049 15993 15993 W WM-SystemFgService: 	at com.android.internal.os.RuntimeInit$MethodAndArgsCaller.run(RuntimeInit.java:638)
09-07 16:14:28.049 15993 15993 W WM-SystemFgService: 	at com.android.internal.os.ZygoteInit.main(ZygoteInit.java:972)
09-07 16:14:28.049 15993 16045 I WM-Processor: Moving WorkSpec (fafd2382-70b8-4403-8679-1f966f622433) to the foreground
09-07 16:14:28.050 15993 15993 D WM-SystemFgDispatcher: Notifying with (id:3200, workSpecId: fafd2382-70b8-4403-8679-1f966f622433, notificationType :1)
09-07 16:14:28.051 15993 15993 I NotificationManager: com.negi.survey: notify(3200, null, Notification(channel=uploads shortcut=null contentView=null vibrate=null sound=null defaults=0 flags=ONGOING_EVENT|ONLY_ALERT_ONCE color=0x00000000 category=progress vis=PRIVATE semFlags=0x0 semPriority=0 semMissedCount=0 semScenarioType=0)) as user
09-07 16:14:28.054 15993 15993 W WM-SystemFgService: Unable to start foreground service
09-07 16:14:28.054 15993 15993 W WM-SystemFgService: android.app.ForegroundServiceStartNotAllowedException: FGS type dataSync not allowed to start from BOOT_COMPLETED!
09-07 16:14:28.054 15993 15993 W WM-SystemFgService: 	at android.app.ForegroundServiceStartNotAllowedException$1.createFromParcel(ForegroundServiceStartNotAllowedException.java:54)
09-07 16:14:28.054 15993 15993 W WM-SystemFgService: 	at android.app.ForegroundServiceStartNotAllowedException$1.createFromParcel(ForegroundServiceStartNotAllowedException.java:50)
09-07 16:14:28.054 15993 15993 W WM-SystemFgService: 	at android.os.Parcel.readParcelableInternal(Parcel.java:5277)
09-07 16:14:28.054 15993 15993 W WM-SystemFgService: 	at android.os.Parcel.readParcelable(Parcel.java:5258)
09-07 16:14:28.054 15993 15993 W WM-SystemFgService: 	at android.os.Parcel.createExceptionOrNull(Parcel.java:3383)
09-07 16:14:28.054 15993 15993 W WM-SystemFgService: 	at android.os.Parcel.createException(Parcel.java:3372)
09-07 16:14:28.054 15993 15993 W WM-SystemFgService: 	at android.os.Parcel.readException(Parcel.java:3355)
09-07 16:14:28.054 15993 15993 W WM-SystemFgService: 	at android.os.Parcel.readException(Parcel.java:3297)
09-07 16:14:28.054 15993 15993 W WM-SystemFgService: 	at android.app.IActivityManager$Stub$Proxy.setServiceForeground(IActivityManager.java:7682)
09-07 16:14:28.054 15993 15993 W WM-SystemFgService: 	at android.app.Service.startForeground(Service.java:862)
09-07 16:14:28.054 15993 15993 W WM-SystemFgService: 	at androidx.work.impl.foreground.SystemForegroundService$Api31Impl.startForeground(SystemForegroundService.java:192)
09-07 16:14:28.054 15993 15993 W WM-SystemFgService: 	at androidx.work.impl.foreground.SystemForegroundService.startForeground(SystemForegroundService.java:141)
09-07 16:14:28.054 15993 15993 W WM-SystemFgService: 	at androidx.work.impl.foreground.SystemForegroundDispatcher.handleNotify(SystemForegroundDispatcher.java:332)
09-07 16:14:28.054 15993 15993 W WM-SystemFgService: 	at androidx.work.impl.foreground.SystemForegroundDispatcher.onStartCommand(SystemForegroundDispatcher.java:223)
09-07 16:14:28.054 15993 15993 W WM-SystemFgService: 	at androidx.work.impl.foreground.SystemForegroundService.onStartCommand(SystemForegroundService.java:80)
09-07 16:14:28.054 15993 15993 W WM-SystemFgService: 	at android.app.ActivityThread.handleServiceArgs(ActivityThread.java:6453)
09-07 16:14:28.054 15993 15993 W WM-SystemFgService: 	at android.app.ActivityThread.-$$Nest$mhandleServiceArgs(ActivityThread.java:0)
09-07 16:14:28.054 15993 15993 W WM-SystemFgService: 	at android.app.ActivityThread$H.handleMessage(ActivityThread.java:3111)
09-07 16:14:28.054 15993 15993 W WM-SystemFgService: 	at android.os.Handler.dispatchMessage(Handler.java:132)
09-07 16:14:28.054 15993 15993 W WM-SystemFgService: 	at android.os.Looper.dispatchMessage(Looper.java:358)
09-07 16:14:28.054 15993 15993 W WM-SystemFgService: 	at android.os.Looper.loopOnce(Looper.java:288)
09-07 16:14:28.054 15993 15993 W WM-SystemFgService: 	at android.os.Looper.loop(Looper.java:392)
09-07 16:14:28.054 15993 15993 W WM-SystemFgService: 	at android.app.ActivityThread.main(ActivityThread.java:10346)
09-07 16:14:28.054 15993 15993 W WM-SystemFgService: 	at java.lang.reflect.Method.invoke(Native Method)
09-07 16:14:28.054 15993 15993 W WM-SystemFgService: 	at com.android.internal.os.RuntimeInit$MethodAndArgsCaller.run(RuntimeInit.java:638)
09-07 16:14:28.054 15993 15993 W WM-SystemFgService: 	at com.android.internal.os.ZygoteInit.main(ZygoteInit.java:972)
09-07 16:14:28.539 15993 15993 D github_upload: enqueueStartupRuntimeLogsUpload: uniqueName=upload_runtime_logs_startup policy=KEEP session=startup_runtime_20260907_131428_c808abf5
09-07 16:14:28.540 15993 15993 D github_upload: enqueueStartupRingLogsUpload: uniqueName=upload_ring_logs_startup policy=KEEP session=startup_ring_20260907_131428_8a109da6
09-07 16:14:28.541 15993 16935 D CrashCapture: enqueuePendingCrashUploadsIfPossible enter where=SurveyApp:enqueuePending(immediate):bg pid=15993 thread=CrashCapture-Enqueue
09-07 16:14:28.548 15993 16048 D WM-SystemJobScheduler: Scheduling work ID 73e5bc26-bd6b-46ff-bede-ae7549954089Job ID 7
09-07 16:14:28.553 15993 15993 D WM-SystemJobService: onStartJob for WorkGenerationalId(workSpecId=73e5bc26-bd6b-46ff-bede-ae7549954089, generation=0)
09-07 16:14:28.554 15993 16048 D WM-GreedyScheduler: Starting tracking for 73e5bc26-bd6b-46ff-bede-ae7549954089
09-07 16:14:28.556 15993 16048 D WM-Processor: Processor: processing WorkGenerationalId(workSpecId=73e5bc26-bd6b-46ff-bede-ae7549954089, generation=0)
09-07 16:14:28.559 15993 15993 D WM-WorkerWrapper: Starting work for com.negi.survey.net.GitHubUploadWorker
09-07 16:14:28.560 15993 16048 D WM-WorkConstraintsTrack: NetworkRequestConstraintController send initial capabilities
09-07 16:14:28.561 15993 16048 I WM-Processor: Moving WorkSpec (73e5bc26-bd6b-46ff-bede-ae7549954089) to the foreground
09-07 16:14:28.562 15993 15993 I WM-SystemFgDispatcher: Started foreground service Intent { act=ACTION_START_FOREGROUND xflg=0x4 cmp=com.negi.survey/androidx.work.impl.foreground.SystemForegroundService (has extras) }
09-07 16:14:28.562 15993 15993 D WM-SystemFgDispatcher: Notifying with (id:4957, workSpecId: 73e5bc26-bd6b-46ff-bede-ae7549954089, notificationType :1)
09-07 16:14:28.562 15993 15993 I NotificationManager: com.negi.survey: notify(4957, null, Notification(channel=uploads shortcut=null contentView=null vibrate=null sound=null defaults=0 flags=ONGOING_EVENT|ONLY_ALERT_ONCE color=0x00000000 category=progress vis=PRIVATE semFlags=0x0 semPriority=0 semMissedCount=0 semScenarioType=0)) as user
09-07 16:14:28.563 15993 16048 D WM-GreedyScheduler: Constraints met: Scheduling work ID WorkGenerationalId(workSpecId=73e5bc26-bd6b-46ff-bede-ae7549954089, generation=0)
09-07 16:14:28.564 15993 16048 D WM-WorkProgressUpdater: Updating progress for 73e5bc26-bd6b-46ff-bede-ae7549954089 (Data {pct : 3, mode : startup_ring_logs})
09-07 16:14:28.565 15993 15993 W WM-SystemFgService: Unable to start foreground service
09-07 16:14:28.565 15993 15993 W WM-SystemFgService: android.app.ForegroundServiceStartNotAllowedException: FGS type dataSync not allowed to start from BOOT_COMPLETED!
09-07 16:14:28.565 15993 15993 W WM-SystemFgService: 	at android.app.ForegroundServiceStartNotAllowedException$1.createFromParcel(ForegroundServiceStartNotAllowedException.java:54)
09-07 16:14:28.565 15993 15993 W WM-SystemFgService: 	at android.app.ForegroundServiceStartNotAllowedException$1.createFromParcel(ForegroundServiceStartNotAllowedException.java:50)
09-07 16:14:28.565 15993 15993 W WM-SystemFgService: 	at android.os.Parcel.readParcelableInternal(Parcel.java:5277)
09-07 16:14:28.565 15993 15993 W WM-SystemFgService: 	at android.os.Parcel.readParcelable(Parcel.java:5258)
09-07 16:14:28.565 15993 15993 W WM-SystemFgService: 	at android.os.Parcel.createExceptionOrNull(Parcel.java:3383)
09-07 16:14:28.565 15993 15993 W WM-SystemFgService: 	at android.os.Parcel.createException(Parcel.java:3372)
09-07 16:14:28.565 15993 15993 W WM-SystemFgService: 	at android.os.Parcel.readException(Parcel.java:3355)
09-07 16:14:28.565 15993 15993 W WM-SystemFgService: 	at android.os.Parcel.readException(Parcel.java:3297)
09-07 16:14:28.565 15993 15993 W WM-SystemFgService: 	at android.app.IActivityManager$Stub$Proxy.setServiceForeground(IActivityManager.java:7682)
09-07 16:14:28.565 15993 15993 W WM-SystemFgService: 	at android.app.Service.startForeground(Service.java:862)
09-07 16:14:28.565 15993 15993 W WM-SystemFgService: 	at androidx.work.impl.foreground.SystemForegroundService$Api31Impl.startForeground(SystemForegroundService.java:192)
09-07 16:14:28.565 15993 15993 W WM-SystemFgService: 	at androidx.work.impl.foreground.SystemForegroundService.startForeground(SystemForegroundService.java:141)
09-07 16:14:28.565 15993 15993 W WM-SystemFgService: 	at androidx.work.impl.foreground.SystemForegroundDispatcher.handleNotify(SystemForegroundDispatcher.java:332)
09-07 16:14:28.565 15993 15993 W WM-SystemFgService: 	at androidx.work.impl.foreground.SystemForegroundDispatcher.onStartCommand(SystemForegroundDispatcher.java:221)
09-07 16:14:28.565 15993 15993 W WM-SystemFgService: 	at androidx.work.impl.foreground.SystemForegroundService.onStartCommand(SystemForegroundService.java:80)
09-07 16:14:28.565 15993 15993 W WM-SystemFgService: 	at android.app.ActivityThread.handleServiceArgs(ActivityThread.java:6453)
09-07 16:14:28.565 15993 15993 W WM-SystemFgService: 	at android.app.ActivityThread.-$$Nest$mhandleServiceArgs(ActivityThread.java:0)
09-07 16:14:28.565 15993 15993 W WM-SystemFgService: 	at android.app.ActivityThread$H.handleMessage(ActivityThread.java:3111)
09-07 16:14:28.565 15993 15993 W WM-SystemFgService: 	at android.os.Handler.dispatchMessage(Handler.java:132)
09-07 16:14:28.565 15993 15993 W WM-SystemFgService: 	at android.os.Looper.dispatchMessage(Looper.java:358)
09-07 16:14:28.565 15993 15993 W WM-SystemFgService: 	at android.os.Looper.loopOnce(Looper.java:288)
09-07 16:14:28.565 15993 15993 W WM-SystemFgService: 	at android.os.Looper.loop(Looper.java:392)
09-07 16:14:28.565 15993 15993 W WM-SystemFgService: 	at android.app.ActivityThread.main(ActivityThread.java:10346)
09-07 16:14:28.565 15993 15993 W WM-SystemFgService: 	at java.lang.reflect.Method.invoke(Native Method)
09-07 16:14:28.565 15993 15993 W WM-SystemFgService: 	at com.android.internal.os.RuntimeInit$MethodAndArgsCaller.run(RuntimeInit.java:638)
09-07 16:14:28.565 15993 15993 W WM-SystemFgService: 	at com.android.internal.os.ZygoteInit.main(ZygoteInit.java:972)
09-07 16:14:28.565 15993 15993 D WM-SystemFgDispatcher: Notifying with (id:4957, workSpecId: 73e5bc26-bd6b-46ff-bede-ae7549954089, notificationType :1)
09-07 16:14:28.565 15993 15993 I NotificationManager: com.negi.survey: notify(4957, null, Notification(channel=uploads shortcut=null contentView=null vibrate=null sound=null defaults=0 flags=ONGOING_EVENT|ONLY_ALERT_ONCE color=0x00000000 category=progress vis=PRIVATE semFlags=0x0 semPriority=0 semMissedCount=0 semScenarioType=0)) as user
09-07 16:14:28.567 15993 16048 I WM-Processor: Moving WorkSpec (73e5bc26-bd6b-46ff-bede-ae7549954089) to the foreground
09-07 16:14:28.567 15993 15993 W WM-SystemFgService: Unable to start foreground service
09-07 16:14:28.567 15993 15993 W WM-SystemFgService: android.app.ForegroundServiceStartNotAllowedException: FGS type dataSync not allowed to start from BOOT_COMPLETED!
09-07 16:14:28.567 15993 15993 W WM-SystemFgService: 	at android.app.ForegroundServiceStartNotAllowedException$1.createFromParcel(ForegroundServiceStartNotAllowedException.java:54)
09-07 16:14:28.567 15993 15993 W WM-SystemFgService: 	at android.app.ForegroundServiceStartNotAllowedException$1.createFromParcel(ForegroundServiceStartNotAllowedException.java:50)
09-07 16:14:28.567 15993 15993 W WM-SystemFgService: 	at android.os.Parcel.readParcelableInternal(Parcel.java:5277)
09-07 16:14:28.567 15993 15993 W WM-SystemFgService: 	at android.os.Parcel.readParcelable(Parcel.java:5258)
09-07 16:14:28.567 15993 15993 W WM-SystemFgService: 	at android.os.Parcel.createExceptionOrNull(Parcel.java:3383)
09-07 16:14:28.567 15993 15993 W WM-SystemFgService: 	at android.os.Parcel.createException(Parcel.java:3372)
09-07 16:14:28.567 15993 15993 W WM-SystemFgService: 	at android.os.Parcel.readException(Parcel.java:3355)
09-07 16:14:28.567 15993 15993 W WM-SystemFgService: 	at android.os.Parcel.readException(Parcel.java:3297)
09-07 16:14:28.567 15993 15993 W WM-SystemFgService: 	at android.app.IActivityManager$Stub$Proxy.setServiceForeground(IActivityManager.java:7682)
09-07 16:14:28.567 15993 15993 W WM-SystemFgService: 	at android.app.Service.startForeground(Service.java:862)
09-07 16:14:28.567 15993 15993 W WM-SystemFgService: 	at androidx.work.impl.foreground.SystemForegroundService$Api31Impl.startForeground(SystemForegroundService.java:192)
09-07 16:14:28.567 15993 15993 W WM-SystemFgService: 	at androidx.work.impl.foreground.SystemForegroundService.startForeground(SystemForegroundService.java:141)
09-07 16:14:28.567 15993 15993 W WM-SystemFgService: 	at androidx.work.impl.foreground.SystemForegroundDispatcher.handleNotify(SystemForegroundDispatcher.java:332)
09-07 16:14:28.567 15993 15993 W WM-SystemFgService: 	at androidx.work.impl.foreground.SystemForegroundDispatcher.onStartCommand(SystemForegroundDispatcher.java:223)
09-07 16:14:28.567 15993 15993 W WM-SystemFgService: 	at androidx.work.impl.foreground.SystemForegroundService.onStartCommand(SystemForegroundService.java:80)
09-07 16:14:28.567 15993 15993 W WM-SystemFgService: 	at android.app.ActivityThread.handleServiceArgs(ActivityThread.java:6453)
09-07 16:14:28.567 15993 15993 W WM-SystemFgService: 	at android.app.ActivityThread.-$$Nest$mhandleServiceArgs(ActivityThread.java:0)
09-07 16:14:28.567 15993 15993 W WM-SystemFgService: 	at android.app.ActivityThread$H.handleMessage(ActivityThread.java:3111)
09-07 16:14:28.567 15993 15993 W WM-SystemFgService: 	at android.os.Handler.dispatchMessage(Handler.java:132)
09-07 16:14:28.567 15993 15993 W WM-SystemFgService: 	at android.os.Looper.dispatchMessage(Looper.java:358)
09-07 16:14:28.567 15993 15993 W WM-SystemFgService: 	at android.os.Looper.loopOnce(Looper.java:288)
09-07 16:14:28.567 15993 15993 W WM-SystemFgService: 	at android.os.Looper.loop(Looper.java:392)
09-07 16:14:28.567 15993 15993 W WM-SystemFgService: 	at android.app.ActivityThread.main(ActivityThread.java:10346)
09-07 16:14:28.567 15993 15993 W WM-SystemFgService: 	at java.lang.reflect.Method.invoke(Native Method)
09-07 16:14:28.567 15993 15993 W WM-SystemFgService: 	at com.android.internal.os.RuntimeInit$MethodAndArgsCaller.run(RuntimeInit.java:638)
09-07 16:14:28.567 15993 15993 W WM-SystemFgService: 	at com.android.internal.os.ZygoteInit.main(ZygoteInit.java:972)
09-07 16:14:28.568 15993 15993 D WM-SystemFgDispatcher: Notifying with (id:4957, workSpecId: 73e5bc26-bd6b-46ff-bede-ae7549954089, notificationType :1)
09-07 16:14:28.568 15993 15993 I NotificationManager: com.negi.survey: notify(4957, null, Notification(channel=uploads shortcut=null contentView=null vibrate=null sound=null defaults=0 flags=ONGOING_EVENT|ONLY_ALERT_ONCE color=0x00000000 category=progress vis=PRIVATE semFlags=0x0 semPriority=0 semMissedCount=0 semScenarioType=0)) as user
09-07 16:14:28.569 15993 16048 D WM-Processor: Work WorkGenerationalId(workSpecId=73e5bc26-bd6b-46ff-bede-ae7549954089, generation=0) is already enqueued for processing
09-07 16:14:28.570 15993 16048 D WM-WorkConstraintsTrack: NetworkRequestConstraintController send initial capabilities
09-07 16:14:28.571 15993 15993 W WM-SystemFgService: Unable to start foreground service
09-07 16:14:28.571 15993 15993 W WM-SystemFgService: android.app.ForegroundServiceStartNotAllowedException: FGS type dataSync not allowed to start from BOOT_COMPLETED!
09-07 16:14:28.571 15993 15993 W WM-SystemFgService: 	at android.app.ForegroundServiceStartNotAllowedException$1.createFromParcel(ForegroundServiceStartNotAllowedException.java:54)
09-07 16:14:28.571 15993 15993 W WM-SystemFgService: 	at android.app.ForegroundServiceStartNotAllowedException$1.createFromParcel(ForegroundServiceStartNotAllowedException.java:50)
09-07 16:14:28.571 15993 15993 W WM-SystemFgService: 	at android.os.Parcel.readParcelableInternal(Parcel.java:5277)
09-07 16:14:28.571 15993 15993 W WM-SystemFgService: 	at android.os.Parcel.readParcelable(Parcel.java:5258)
09-07 16:14:28.571 15993 15993 W WM-SystemFgService: 	at android.os.Parcel.createExceptionOrNull(Parcel.java:3383)
09-07 16:14:28.571 15993 15993 W WM-SystemFgService: 	at android.os.Parcel.createException(Parcel.java:3372)
09-07 16:14:28.571 15993 15993 W WM-SystemFgService: 	at android.os.Parcel.readException(Parcel.java:3355)
09-07 16:14:28.571 15993 15993 W WM-SystemFgService: 	at android.os.Parcel.readException(Parcel.java:3297)
09-07 16:14:28.571 15993 15993 W WM-SystemFgService: 	at android.app.IActivityManager$Stub$Proxy.setServiceForeground(IActivityManager.java:7682)
09-07 16:14:28.571 15993 15993 W WM-SystemFgService: 	at android.app.Service.startForeground(Service.java:862)
09-07 16:14:28.571 15993 15993 W WM-SystemFgService: 	at androidx.work.impl.foreground.SystemForegroundService$Api31Impl.startForeground(SystemForegroundService.java:192)
09-07 16:14:28.571 15993 15993 W WM-SystemFgService: 	at androidx.work.impl.foreground.SystemForegroundService.startForeground(SystemForegroundService.java:141)
09-07 16:14:28.571 15993 15993 W WM-SystemFgService: 	at androidx.work.impl.foreground.SystemForegroundDispatcher.handleNotify(SystemForegroundDispatcher.java:332)
09-07 16:14:28.571 15993 15993 W WM-SystemFgService: 	at androidx.work.impl.foreground.SystemForegroundDispatcher.onStartCommand(SystemForegroundDispatcher.java:223)
09-07 16:14:28.571 15993 15993 W WM-SystemFgService: 	at androidx.work.impl.foreground.SystemForegroundService.onStartCommand(SystemForegroundService.java:80)
09-07 16:14:28.571 15993 15993 W WM-SystemFgService: 	at android.app.ActivityThread.handleServiceArgs(ActivityThread.java:6453)
09-07 16:14:28.571 15993 15993 W WM-SystemFgService: 	at android.app.ActivityThread.-$$Nest$mhandleServiceArgs(ActivityThread.java:0)
09-07 16:14:28.571 15993 15993 W WM-SystemFgService: 	at android.app.ActivityThread$H.handleMessage(ActivityThread.java:3111)
09-07 16:14:28.571 15993 15993 W WM-SystemFgService: 	at android.os.Handler.dispatchMessage(Handler.java:132)
09-07 16:14:28.571 15993 15993 W WM-SystemFgService: 	at android.os.Looper.dispatchMessage(Looper.java:358)
09-07 16:14:28.571 15993 15993 W WM-SystemFgService: 	at android.os.Looper.loopOnce(Looper.java:288)
09-07 16:14:28.571 15993 15993 W WM-SystemFgService: 	at android.os.Looper.loop(Looper.java:392)
09-07 16:14:28.571 15993 15993 W WM-SystemFgService: 	at android.app.ActivityThread.main(ActivityThread.java:10346)
09-07 16:14:28.571 15993 15993 W WM-SystemFgService: 	at java.lang.reflect.Method.invoke(Native Method)
09-07 16:14:28.571 15993 15993 W WM-SystemFgService: 	at com.android.internal.os.RuntimeInit$MethodAndArgsCaller.run(RuntimeInit.java:638)
09-07 16:14:28.571 15993 15993 W WM-SystemFgService: 	at com.android.internal.os.ZygoteInit.main(ZygoteInit.java:972)
