=== Previous Session Logcat ===
captured_time_utc=20260908_120128
captured_time_local=20260908_150128
marker=2026-09-04 13:06:22.746
preferred_prev_pid=-1
note=best-effort; buffers may be overwritten before next start
sdk=35
device=samsung SM-S936B
appId=com.negi.survey
versionName=0.0.1
versionCode=36

=== Logcat (since marker) ===
--------- beginning of main
09-08 15:01:25.613 14564 14564 I com.negi.survey: Using CollectorTypeCMC GC.
09-08 15:01:25.615 14564 14564 E com.negi.survey: Not starting debugger since process cannot load the jdwp agent.
09-08 15:01:25.617 14564 14564 D nativeloader: Load libframework-connectivity-tiramisu-jni.so using APEX ns com_android_tethering for caller /apex/com.android.tethering/javalib/framework-connectivity-t.jar: ok
09-08 15:01:25.618 14564 14564 D ActivityThread: setConscryptValidator
09-08 15:01:25.618 14564 14564 D ActivityThread: setConscryptValidator - put
09-08 15:01:25.626 14564 14564 D ApplicationLoaders: Returning zygote-cached class loader: /system_ext/framework/androidx.window.extensions.jar
09-08 15:01:25.626 14564 14564 D ApplicationLoaders: Returning zygote-cached class loader: /system_ext/framework/androidx.window.sidecar.jar
09-08 15:01:25.636 14564 14564 D nativeloader: Configuring clns-7 for other apk /data/app/~~oYs00aBJsd-vaZhvc9-iDQ==/com.negi.survey-dr_-CbGGwJ6_9UmFckQeUw==/base.apk. target_sdk_version=36, uses_libraries=libOpenCL.so, library_path=/data/app/~~oYs00aBJsd-vaZhvc9-iDQ==/com.negi.survey-dr_-CbGGwJ6_9UmFckQeUw==/lib/arm64:/data/app/~~oYs00aBJsd-vaZhvc9-iDQ==/com.negi.survey-dr_-CbGGwJ6_9UmFckQeUw==/base.apk!/lib/arm64-v8a, permitted_path=/data:/mnt/expand:/data/user/0/com.negi.survey
09-08 15:01:25.643 14564 14564 V GraphicsEnvironment: Currently set values for:
09-08 15:01:25.643 14564 14564 V GraphicsEnvironment:   angle_gl_driver_selection_pkgs=[]
09-08 15:01:25.643 14564 14564 V GraphicsEnvironment:   angle_gl_driver_selection_values=[]
09-08 15:01:25.643 14564 14564 V GraphicsEnvironment: Global.Settings values are invalid: number of packages: 0, number of values: 0
09-08 15:01:25.643 14564 14564 V GraphicsEnvironment: App is not on the allowlist for updatable production driver.
09-08 15:01:25.675 14564 14564 D nativeloader: Load /data/app/~~oYs00aBJsd-vaZhvc9-iDQ==/com.negi.survey-dr_-CbGGwJ6_9UmFckQeUw==/base.apk!/lib/arm64-v8a/liblitertlm_jni.so using ns clns-7 from class loader (caller=/data/app/~~oYs00aBJsd-vaZhvc9-iDQ==/com.negi.survey-dr_-CbGGwJ6_9UmFckQeUw==/base.apk!classes4.dex): ok
09-08 15:01:25.676 14564 14564 D SurveyApp: Loaded LiteRTLM JNI: litertlm_jni where=attachBaseContext
09-08 15:01:25.684 14564 14622 D RuntimeLogStore: openWriter: start -> /data/user/0/com.negi.survey/files/diagnostics/runtime_logs/rtlog_20260908_120125_682_pid14564_seq1.log (bytes=0 format=LEGACY)
09-08 15:01:25.684 14564 14564 D AppRingLogStore: installed: dir=/data/user/0/com.negi.survey/files/diagnostics/applog_ring idx=0
09-08 15:01:25.685 14564 14564 D CrashCapture: install: ensured default handler. where=SurveyApp:attachBaseContext pid=14564 default=com.negi.survey.CrashCapture$CrashHandler@51a7290
09-08 15:01:25.685 14564 14622 D RuntimeLogStore: retention: start files=2 kept=2 totalBytes=80430
09-08 15:01:25.704 14564 14564 D SurveyApp: LiteRTLM JNI already loaded; skip. where=onCreate(retry)
09-08 15:01:25.705 14564 14564 D CrashCapture: install: ensured default handler. where=SurveyApp:onCreate(rewrap) pid=14564 default=com.negi.survey.CrashCapture$CrashHandler@51a7290
09-08 15:01:25.705 14564 14564 D CrashCapture: registerSelfHealing: ActivityLifecycleCallbacks registered. mode=onResumedOnly
09-08 15:01:25.709 14564 14634 D UploadRescheduleRcvr: No GitHub pending files for action=android.intent.action.BOOT_COMPLETED
09-08 15:01:25.713 14564 14634 D github_upload: enqueueStartupRuntimeLogsUpload: uniqueName=upload_runtime_logs_startup policy=KEEP session=startup_runtime_20260908_120125_48ff2b5b
09-08 15:01:25.717 14564 14634 D WM-PackageManagerHelper: Skipping component enablement for androidx.work.impl.background.systemjob.SystemJobService
09-08 15:01:25.717 14564 14634 D WM-Schedulers: Created SystemJobScheduler and enabled SystemJobService
09-08 15:01:25.718 14564 14639 D WM-ForceStopRunnable: Is default app process = true
09-08 15:01:25.718 14564 14639 D WM-ForceStopRunnable: Performing cleanup operations.
09-08 15:01:25.721 14564 14634 D UploadRescheduleRcvr: Enqueued runtime logs upload for action=android.intent.action.BOOT_COMPLETED reason=receiver_boot_completed
09-08 15:01:25.739 14564 14652 D WM-SystemJobScheduler: Scheduling work ID a3f211bb-29fc-497f-8c39-f4ad8af7042aJob ID 6
09-08 15:01:25.743 14564 14652 D WM-GreedyScheduler: Starting tracking for a3f211bb-29fc-497f-8c39-f4ad8af7042a
09-08 15:01:25.746 14564 14564 D WM-SystemJobService: onStartJob for WorkGenerationalId(workSpecId=a3f211bb-29fc-497f-8c39-f4ad8af7042a, generation=0)
09-08 15:01:25.747 14564 14655 D WM-Processor: Processor: processing WorkGenerationalId(workSpecId=a3f211bb-29fc-497f-8c39-f4ad8af7042a, generation=0)
09-08 15:01:25.748 14564 14652 D WM-WorkConstraintsTrack: NetworkRequestConstraintController register shared callback
09-08 15:01:25.749 14564 14652 D ConnectivityManager: StackLog: [android.net.ConnectivityManager.sendRequestForNetwork(ConnectivityManager.java:4692)] [android.net.ConnectivityManager.registerDefaultNetworkCallbackForUid(ConnectivityManager.java:5381)] [android.net.ConnectivityManager.registerDefaultNetworkCallback(ConnectivityManager.java:5348)] [android.net.ConnectivityManager.registerDefaultNetworkCallback(ConnectivityManager.java:5322)] [androidx.work.impl.constraints.SharedNetworkCallback.addCallback(WorkConstraintsTracker.kt:362)] [androidx.work.impl.constraints.NetworkRequestConstraintController$track$1.invokeSuspend(WorkConstraintsTracker.kt:179)] [androidx.work.impl.constraints.NetworkRequestConstraintController$track$1.invoke(Unknown Source:8)] [androidx.work.impl.constraints.NetworkRequestConstraintController$track$1.invoke(Unknown Source:4)] [kotlinx.coroutines.flow.ChannelFlowBuilder.collectTo$suspendImpl(Builders.kt:316)] [kotlinx.coroutines.flow.ChannelFlowBuilder.collectTo(Unknown Source:0)] [kotlinx.coroutines.flow.CallbackFlowBuilder.collectTo(Builders.kt:330)] [kotlinx.coroutines.flow.internal.ChannelFlow$collectToFun$1.invokeSuspend(ChannelFlow.kt:56)] [kotlin.coroutines.jvm.internal.BaseContinuationImpl.resumeWith(ContinuationImpl.kt:34)] [kotlinx.coroutines.DispatchedTask.run(DispatchedTask.kt:100)] [androidx.work.impl.utils.SerialExecutorImpl$Task.run(SerialExecutorImpl.java:96)] [java.util.concurrent.ThreadPoolExecutor.runWorker(ThreadPoolExecutor.java:1145)] [java.util.concurrent.ThreadPoolExecutor$Worker.run(ThreadPoolExecutor.java:644)] [java.lang.Thread.run(Thread.java:1012)]
09-08 15:01:25.754 14564 14656 D WM-WorkConstraintsTrack: NetworkRequestConstraintController onCapabilitiesChanged callback
09-08 15:01:25.754 14564 14656 D WM-WorkConstraintsTrack: Not dispatching constraint state yet: isBlocked=null, capabilitiesInitialized=true
09-08 15:01:25.754 14564 14656 D WM-WorkConstraintsTrack: NetworkRequestConstraintController onBlockedStatusChanged callback false
09-08 15:01:25.758 14564 14564 D WM-WorkerWrapper: Starting work for com.negi.survey.net.GitHubUploadWorker
09-08 15:01:25.759 14564 14652 D WM-PackageManagerHelper: androidx.work.impl.background.systemalarm.RescheduleReceiver enabled
09-08 15:01:25.759 14564 14652 D WM-GreedyScheduler: Constraints met: Scheduling work ID WorkGenerationalId(workSpecId=a3f211bb-29fc-497f-8c39-f4ad8af7042a, generation=0)
09-08 15:01:25.761 14564 14652 D WM-Processor: Work WorkGenerationalId(workSpecId=a3f211bb-29fc-497f-8c39-f4ad8af7042a, generation=0) is already enqueued for processing
09-08 15:01:25.762 14564 14652 I WM-Processor: Moving WorkSpec (a3f211bb-29fc-497f-8c39-f4ad8af7042a) to the foreground
09-08 15:01:25.771 14564 14564 I WM-SystemFgDispatcher: Started foreground service Intent { act=ACTION_START_FOREGROUND cmp=com.negi.survey/androidx.work.impl.foreground.SystemForegroundService (has extras) }
09-08 15:01:25.771 14564 14564 D WM-SystemFgDispatcher: Notifying with (id:6099, workSpecId: a3f211bb-29fc-497f-8c39-f4ad8af7042a, notificationType :1)
09-08 15:01:25.774 14564 14652 D WM-WorkConstraintsTrack: NetworkRequestConstraintController send initial capabilities
09-08 15:01:25.775 14564 14564 W WM-SystemFgService: Unable to start foreground service
09-08 15:01:25.775 14564 14564 W WM-SystemFgService: android.app.ForegroundServiceStartNotAllowedException: FGS type dataSync not allowed to start from BOOT_COMPLETED!
09-08 15:01:25.775 14564 14564 W WM-SystemFgService: 	at android.app.ForegroundServiceStartNotAllowedException$1.createFromParcel(ForegroundServiceStartNotAllowedException.java:54)
09-08 15:01:25.775 14564 14564 W WM-SystemFgService: 	at android.app.ForegroundServiceStartNotAllowedException$1.createFromParcel(ForegroundServiceStartNotAllowedException.java:50)
09-08 15:01:25.775 14564 14564 W WM-SystemFgService: 	at android.os.Parcel.readParcelableInternal(Parcel.java:5090)
09-08 15:01:25.775 14564 14564 W WM-SystemFgService: 	at android.os.Parcel.readParcelable(Parcel.java:5072)
09-08 15:01:25.775 14564 14564 W WM-SystemFgService: 	at android.os.Parcel.createExceptionOrNull(Parcel.java:3252)
09-08 15:01:25.775 14564 14564 W WM-SystemFgService: 	at android.os.Parcel.createException(Parcel.java:3241)
09-08 15:01:25.775 14564 14564 W WM-SystemFgService: 	at android.os.Parcel.readException(Parcel.java:3224)
09-08 15:01:25.775 14564 14564 W WM-SystemFgService: 	at android.os.Parcel.readException(Parcel.java:3166)
09-08 15:01:25.775 14564 14564 W WM-SystemFgService: 	at android.app.IActivityManager$Stub$Proxy.setServiceForeground(IActivityManager.java:7410)
09-08 15:01:25.775 14564 14564 W WM-SystemFgService: 	at android.app.Service.startForeground(Service.java:863)
09-08 15:01:25.775 14564 14564 W WM-SystemFgService: 	at androidx.work.impl.foreground.SystemForegroundService$Api31Impl.startForeground(SystemForegroundService.java:192)
09-08 15:01:25.775 14564 14564 W WM-SystemFgService: 	at androidx.work.impl.foreground.SystemForegroundService.startForeground(SystemForegroundService.java:141)
09-08 15:01:25.775 14564 14564 W WM-SystemFgService: 	at androidx.work.impl.foreground.SystemForegroundDispatcher.handleNotify(SystemForegroundDispatcher.java:332)
09-08 15:01:25.775 14564 14564 W WM-SystemFgService: 	at androidx.work.impl.foreground.SystemForegroundDispatcher.onStartCommand(SystemForegroundDispatcher.java:221)
09-08 15:01:25.775 14564 14564 W WM-SystemFgService: 	at androidx.work.impl.foreground.SystemForegroundService.onStartCommand(SystemForegroundService.java:80)
09-08 15:01:25.775 14564 14564 W WM-SystemFgService: 	at android.app.ActivityThread.handleServiceArgs(ActivityThread.java:5717)
09-08 15:01:25.775 14564 14564 W WM-SystemFgService: 	at android.app.ActivityThread.-$$Nest$mhandleServiceArgs(Unknown Source:0)
09-08 15:01:25.775 14564 14564 W WM-SystemFgService: 	at android.app.ActivityThread$H.handleMessage(ActivityThread.java:2713)
09-08 15:01:25.775 14564 14564 W WM-SystemFgService: 	at android.os.Handler.dispatchMessage(Handler.java:107)
09-08 15:01:25.775 14564 14564 W WM-SystemFgService: 	at android.os.Looper.loopOnce(Looper.java:257)
09-08 15:01:25.775 14564 14564 W WM-SystemFgService: 	at android.os.Looper.loop(Looper.java:342)
09-08 15:01:25.775 14564 14564 W WM-SystemFgService: 	at android.app.ActivityThread.main(ActivityThread.java:9579)
09-08 15:01:25.775 14564 14564 W WM-SystemFgService: 	at java.lang.reflect.Method.invoke(Native Method)
09-08 15:01:25.775 14564 14564 W WM-SystemFgService: 	at com.android.internal.os.RuntimeInit$MethodAndArgsCaller.run(RuntimeInit.java:619)
09-08 15:01:25.775 14564 14564 W WM-SystemFgService: 	at com.android.internal.os.ZygoteInit.main(ZygoteInit.java:929)
09-08 15:01:25.776 14564 14639 D WM-WorkProgressUpdater: Updating progress for a3f211bb-29fc-497f-8c39-f4ad8af7042a (Data {pct : 3, mode : startup_runtime_logs})
09-08 15:01:25.776 14564 14564 D WM-SystemFgDispatcher: Notifying with (id:6099, workSpecId: a3f211bb-29fc-497f-8c39-f4ad8af7042a, notificationType :1)
--------- beginning of system
09-08 15:01:25.776 14564 14564 I NotificationManager: com.negi.survey: notify(6099, null, Notification(channel=uploads shortcut=null contentView=null vibrate=null sound=null defaults=0 flags=ONGOING_EVENT|ONLY_ALERT_ONCE color=0x00000000 category=progress vis=PRIVATE semFlags=0x0 semPriority=0 semMissedCount=0)) as user
09-08 15:01:25.777 14564 14564 D NotificationManager: BOOTING pkg =com.negi.survey mBlockedChannelsForOverflowNoti=[]
09-08 15:01:25.779 14564 14639 I WM-Processor: Moving WorkSpec (a3f211bb-29fc-497f-8c39-f4ad8af7042a) to the foreground
09-08 15:01:25.779 14564 14564 W WM-SystemFgService: Unable to start foreground service
09-08 15:01:25.779 14564 14564 W WM-SystemFgService: android.app.ForegroundServiceStartNotAllowedException: FGS type dataSync not allowed to start from BOOT_COMPLETED!
09-08 15:01:25.779 14564 14564 W WM-SystemFgService: 	at android.app.ForegroundServiceStartNotAllowedException$1.createFromParcel(ForegroundServiceStartNotAllowedException.java:54)
09-08 15:01:25.779 14564 14564 W WM-SystemFgService: 	at android.app.ForegroundServiceStartNotAllowedException$1.createFromParcel(ForegroundServiceStartNotAllowedException.java:50)
09-08 15:01:25.779 14564 14564 W WM-SystemFgService: 	at android.os.Parcel.readParcelableInternal(Parcel.java:5090)
09-08 15:01:25.779 14564 14564 W WM-SystemFgService: 	at android.os.Parcel.readParcelable(Parcel.java:5072)
09-08 15:01:25.779 14564 14564 W WM-SystemFgService: 	at android.os.Parcel.createExceptionOrNull(Parcel.java:3252)
09-08 15:01:25.779 14564 14564 W WM-SystemFgService: 	at android.os.Parcel.createException(Parcel.java:3241)
09-08 15:01:25.779 14564 14564 W WM-SystemFgService: 	at android.os.Parcel.readException(Parcel.java:3224)
09-08 15:01:25.779 14564 14564 W WM-SystemFgService: 	at android.os.Parcel.readException(Parcel.java:3166)
09-08 15:01:25.779 14564 14564 W WM-SystemFgService: 	at android.app.IActivityManager$Stub$Proxy.setServiceForeground(IActivityManager.java:7410)
09-08 15:01:25.779 14564 14564 W WM-SystemFgService: 	at android.app.Service.startForeground(Service.java:863)
09-08 15:01:25.779 14564 14564 W WM-SystemFgService: 	at androidx.work.impl.foreground.SystemForegroundService$Api31Impl.startForeground(SystemForegroundService.java:192)
09-08 15:01:25.779 14564 14564 W WM-SystemFgService: 	at androidx.work.impl.foreground.SystemForegroundService.startForeground(SystemForegroundService.java:141)
09-08 15:01:25.779 14564 14564 W WM-SystemFgService: 	at androidx.work.impl.foreground.SystemForegroundDispatcher.handleNotify(SystemForegroundDispatcher.java:332)
09-08 15:01:25.779 14564 14564 W WM-SystemFgService: 	at androidx.work.impl.foreground.SystemForegroundDispatcher.onStartCommand(SystemForegroundDispatcher.java:223)
09-08 15:01:25.779 14564 14564 W WM-SystemFgService: 	at androidx.work.impl.foreground.SystemForegroundService.onStartCommand(SystemForegroundService.java:80)
09-08 15:01:25.779 14564 14564 W WM-SystemFgService: 	at android.app.ActivityThread.handleServiceArgs(ActivityThread.java:5717)
09-08 15:01:25.779 14564 14564 W WM-SystemFgService: 	at android.app.ActivityThread.-$$Nest$mhandleServiceArgs(Unknown Source:0)
09-08 15:01:25.779 14564 14564 W WM-SystemFgService: 	at android.app.ActivityThread$H.handleMessage(ActivityThread.java:2713)
09-08 15:01:25.779 14564 14564 W WM-SystemFgService: 	at android.os.Handler.dispatchMessage(Handler.java:107)
09-08 15:01:25.779 14564 14564 W WM-SystemFgService: 	at android.os.Looper.loopOnce(Looper.java:257)
09-08 15:01:25.779 14564 14564 W WM-SystemFgService: 	at android.os.Looper.loop(Looper.java:342)
09-08 15:01:25.779 14564 14564 W WM-SystemFgService: 	at android.app.ActivityThread.main(ActivityThread.java:9579)
09-08 15:01:25.779 14564 14564 W WM-SystemFgService: 	at java.lang.reflect.Method.invoke(Native Method)
09-08 15:01:25.779 14564 14564 W WM-SystemFgService: 	at com.android.internal.os.RuntimeInit$MethodAndArgsCaller.run(RuntimeInit.java:619)
09-08 15:01:25.779 14564 14564 W WM-SystemFgService: 	at com.android.internal.os.ZygoteInit.main(ZygoteInit.java:929)
09-08 15:01:25.780 14564 14564 D WM-SystemFgDispatcher: Notifying with (id:6099, workSpecId: a3f211bb-29fc-497f-8c39-f4ad8af7042a, notificationType :1)
09-08 15:01:25.780 14564 14564 I NotificationManager: com.negi.survey: notify(6099, null, Notification(channel=uploads shortcut=null contentView=null vibrate=null sound=null defaults=0 flags=ONGOING_EVENT|ONLY_ALERT_ONCE color=0x00000000 category=progress vis=PRIVATE semFlags=0x0 semPriority=0 semMissedCount=0)) as user
09-08 15:01:25.781 14564 14564 W WM-SystemFgService: Unable to start foreground service
09-08 15:01:25.781 14564 14564 W WM-SystemFgService: android.app.ForegroundServiceStartNotAllowedException: FGS type dataSync not allowed to start from BOOT_COMPLETED!
09-08 15:01:25.781 14564 14564 W WM-SystemFgService: 	at android.app.ForegroundServiceStartNotAllowedException$1.createFromParcel(ForegroundServiceStartNotAllowedException.java:54)
09-08 15:01:25.781 14564 14564 W WM-SystemFgService: 	at android.app.ForegroundServiceStartNotAllowedException$1.createFromParcel(ForegroundServiceStartNotAllowedException.java:50)
09-08 15:01:25.781 14564 14564 W WM-SystemFgService: 	at android.os.Parcel.readParcelableInternal(Parcel.java:5090)
09-08 15:01:25.781 14564 14564 W WM-SystemFgService: 	at android.os.Parcel.readParcelable(Parcel.java:5072)
09-08 15:01:25.781 14564 14564 W WM-SystemFgService: 	at android.os.Parcel.createExceptionOrNull(Parcel.java:3252)
09-08 15:01:25.781 14564 14564 W WM-SystemFgService: 	at android.os.Parcel.createException(Parcel.java:3241)
09-08 15:01:25.781 14564 14564 W WM-SystemFgService: 	at android.os.Parcel.readException(Parcel.java:3224)
09-08 15:01:25.781 14564 14564 W WM-SystemFgService: 	at android.os.Parcel.readException(Parcel.java:3166)
09-08 15:01:25.781 14564 14564 W WM-SystemFgService: 	at android.app.IActivityManager$Stub$Proxy.setServiceForeground(IActivityManager.java:7410)
09-08 15:01:25.781 14564 14564 W WM-SystemFgService: 	at android.app.Service.startForeground(Service.java:863)
09-08 15:01:25.781 14564 14564 W WM-SystemFgService: 	at androidx.work.impl.foreground.SystemForegroundService$Api31Impl.startForeground(SystemForegroundService.java:192)
09-08 15:01:25.781 14564 14564 W WM-SystemFgService: 	at androidx.work.impl.foreground.SystemForegroundService.startForeground(SystemForegroundService.java:141)
09-08 15:01:25.781 14564 14564 W WM-SystemFgService: 	at androidx.work.impl.foreground.SystemForegroundDispatcher.handleNotify(SystemForegroundDispatcher.java:332)
09-08 15:01:25.781 14564 14564 W WM-SystemFgService: 	at androidx.work.impl.foreground.SystemForegroundDispatcher.onStartCommand(SystemForegroundDispatcher.java:223)
09-08 15:01:25.781 14564 14564 W WM-SystemFgService: 	at androidx.work.impl.foreground.SystemForegroundService.onStartCommand(SystemForegroundService.java:80)
09-08 15:01:25.781 14564 14564 W WM-SystemFgService: 	at android.app.ActivityThread.handleServiceArgs(ActivityThread.java:5717)
09-08 15:01:25.781 14564 14564 W WM-SystemFgService: 	at android.app.ActivityThread.-$$Nest$mhandleServiceArgs(Unknown Source:0)
09-08 15:01:25.781 14564 14564 W WM-SystemFgService: 	at android.app.ActivityThread$H.handleMessage(ActivityThread.java:2713)
09-08 15:01:25.781 14564 14564 W WM-SystemFgService: 	at android.os.Handler.dispatchMessage(Handler.java:107)
09-08 15:01:25.781 14564 14564 W WM-SystemFgService: 	at android.os.Looper.loopOnce(Looper.java:257)
09-08 15:01:25.781 14564 14564 W WM-SystemFgService: 	at android.os.Looper.loop(Looper.java:342)
09-08 15:01:25.781 14564 14564 W WM-SystemFgService: 	at android.app.ActivityThread.main(ActivityThread.java:9579)
09-08 15:01:25.781 14564 14564 W WM-SystemFgService: 	at java.lang.reflect.Method.invoke(Native Method)
09-08 15:01:25.781 14564 14564 W WM-SystemFgService: 	at com.android.internal.os.RuntimeInit$MethodAndArgsCaller.run(RuntimeInit.java:619)
09-08 15:01:25.781 14564 14564 W WM-SystemFgService: 	at com.android.internal.os.ZygoteInit.main(ZygoteInit.java:929)
09-08 15:01:26.983 14564 14622 D RuntimeLogStore: openWriter: rotate:plain_snapshot:receiver_boot_completed -> /data/user/0/com.negi.survey/files/diagnostics/runtime_logs/rtlog_20260908_120126_983_pid14564_seq2.log (bytes=0 format=LEGACY)
09-08 15:01:26.990 14564 14622 D RuntimeLogStore: retention: rotate:plain_snapshot:receiver_boot_completed files=3 kept=3 totalBytes=82141
09-08 15:01:26.996 14564 14636 D github_upload: doRuntimeLogsUpload: remoteBaseDir=diagnostics/runtime_logs/2026-09-08/runtime_logs_startup_runtime_20260908_120125_48ff2b5b_receiver_boot_completed toUpload=3 bytes=83333 dedupe=true deleteSource=true deletedSourcePre=0 preview='plain_logs_manifest_20260908_120126_992_pid14564_receiver_boot_completed.json|runtime_log_20260908_120126_992_pid14564_receiver_boot_completed__rtlog_20260908_120125_682_pid14564_seq1.log|runtime_log_20260908_120126_992_pid14564_receiver_boot_completed__rtlog_20260904_100622_051_pid11362_seq2.log'
09-08 15:01:26.996 14564 14636 D GitHubUploader: uploadStream: owner=ishizuki-tech repo=SurveyExports branch=main path=diagnostics/runtime_logs/2026-09-08/runtime_logs_startup_runtime_20260908_120125_48ff2b5b_receiver_boot_completed/plain_logs_manifest_20260908_120126_992_pid14564_receiver_boot_completed.json size=1530 maxRawBytesHint=1000000 maxRequestBytesHint=2800000
09-08 15:01:26.998 14564 14655 D WM-WorkProgressUpdater: Updating progress for a3f211bb-29fc-497f-8c39-f4ad8af7042a (Data {pct : 10, mode : startup_runtime_logs})
09-08 15:01:27.006 14564 14655 I WM-Processor: Moving WorkSpec (a3f211bb-29fc-497f-8c39-f4ad8af7042a) to the foreground
09-08 15:01:27.009 14564 14564 D WM-SystemFgDispatcher: Notifying with (id:6099, workSpecId: a3f211bb-29fc-497f-8c39-f4ad8af7042a, notificationType :1)
09-08 15:01:27.009 14564 14564 I NotificationManager: com.negi.survey: notify(6099, null, Notification(channel=uploads shortcut=null contentView=null vibrate=null sound=null defaults=0 flags=ONGOING_EVENT|ONLY_ALERT_ONCE color=0x00000000 category=progress vis=PRIVATE semFlags=0x0 semPriority=0 semMissedCount=0)) as user
09-08 15:01:27.019 14564 14564 W WM-SystemFgService: Unable to start foreground service
09-08 15:01:27.019 14564 14564 W WM-SystemFgService: android.app.ForegroundServiceStartNotAllowedException: FGS type dataSync not allowed to start from BOOT_COMPLETED!
09-08 15:01:27.019 14564 14564 W WM-SystemFgService: 	at android.app.ForegroundServiceStartNotAllowedException$1.createFromParcel(ForegroundServiceStartNotAllowedException.java:54)
09-08 15:01:27.019 14564 14564 W WM-SystemFgService: 	at android.app.ForegroundServiceStartNotAllowedException$1.createFromParcel(ForegroundServiceStartNotAllowedException.java:50)
09-08 15:01:27.019 14564 14564 W WM-SystemFgService: 	at android.os.Parcel.readParcelableInternal(Parcel.java:5090)
09-08 15:01:27.019 14564 14564 W WM-SystemFgService: 	at android.os.Parcel.readParcelable(Parcel.java:5072)
09-08 15:01:27.019 14564 14564 W WM-SystemFgService: 	at android.os.Parcel.createExceptionOrNull(Parcel.java:3252)
09-08 15:01:27.019 14564 14564 W WM-SystemFgService: 	at android.os.Parcel.createException(Parcel.java:3241)
09-08 15:01:27.019 14564 14564 W WM-SystemFgService: 	at android.os.Parcel.readException(Parcel.java:3224)
09-08 15:01:27.019 14564 14564 W WM-SystemFgService: 	at android.os.Parcel.readException(Parcel.java:3166)
09-08 15:01:27.019 14564 14564 W WM-SystemFgService: 	at android.app.IActivityManager$Stub$Proxy.setServiceForeground(IActivityManager.java:7410)
09-08 15:01:27.019 14564 14564 W WM-SystemFgService: 	at android.app.Service.startForeground(Service.java:863)
09-08 15:01:27.019 14564 14564 W WM-SystemFgService: 	at androidx.work.impl.foreground.SystemForegroundService$Api31Impl.startForeground(SystemForegroundService.java:192)
09-08 15:01:27.019 14564 14564 W WM-SystemFgService: 	at androidx.work.impl.foreground.SystemForegroundService.startForeground(SystemForegroundService.java:141)
09-08 15:01:27.019 14564 14564 W WM-SystemFgService: 	at androidx.work.impl.foreground.SystemForegroundDispatcher.handleNotify(SystemForegroundDispatcher.java:332)
09-08 15:01:27.019 14564 14564 W WM-SystemFgService: 	at androidx.work.impl.foreground.SystemForegroundDispatcher.onStartCommand(SystemForegroundDispatcher.java:223)
09-08 15:01:27.019 14564 14564 W WM-SystemFgService: 	at androidx.work.impl.foreground.SystemForegroundService.onStartCommand(SystemForegroundService.java:80)
09-08 15:01:27.019 14564 14564 W WM-SystemFgService: 	at android.app.ActivityThread.handleServiceArgs(ActivityThread.java:5717)
09-08 15:01:27.019 14564 14564 W WM-SystemFgService: 	at android.app.ActivityThread.-$$Nest$mhandleServiceArgs(Unknown Source:0)
09-08 15:01:27.019 14564 14564 W WM-SystemFgService: 	at android.app.ActivityThread$H.handleMessage(ActivityThread.java:2713)
09-08 15:01:27.019 14564 14564 W WM-SystemFgService: 	at android.os.Handler.dispatchMessage(Handler.java:107)
09-08 15:01:27.019 14564 14564 W WM-SystemFgService: 	at android.os.Looper.loopOnce(Looper.java:257)
09-08 15:01:27.019 14564 14564 W WM-SystemFgService: 	at android.os.Looper.loop(Looper.java:342)
09-08 15:01:27.019 14564 14564 W WM-SystemFgService: 	at android.app.ActivityThread.main(ActivityThread.java:9579)
09-08 15:01:27.019 14564 14564 W WM-SystemFgService: 	at java.lang.reflect.Method.invoke(Native Method)
09-08 15:01:27.019 14564 14564 W WM-SystemFgService: 	at com.android.internal.os.RuntimeInit$MethodAndArgsCaller.run(RuntimeInit.java:619)
09-08 15:01:27.019 14564 14564 W WM-SystemFgService: 	at com.android.internal.os.ZygoteInit.main(ZygoteInit.java:929)
09-08 15:01:27.150 14564 14636 D TrafficStats: tagSocket(112) with statsTag=0xffffffff, statsUid=-1
09-08 15:01:27.861 14564 14652 D WM-WorkProgressUpdater: Updating progress for a3f211bb-29fc-497f-8c39-f4ad8af7042a (Data {pct : 12, mode : startup_runtime_logs})
09-08 15:01:27.863 14564 14652 I WM-Processor: Moving WorkSpec (a3f211bb-29fc-497f-8c39-f4ad8af7042a) to the foreground
09-08 15:01:27.864 14564 14564 D WM-SystemFgDispatcher: Notifying with (id:6099, workSpecId: a3f211bb-29fc-497f-8c39-f4ad8af7042a, notificationType :1)
09-08 15:01:27.864 14564 14564 I NotificationManager: com.negi.survey: notify(6099, null, Notification(channel=uploads shortcut=null contentView=null vibrate=null sound=null defaults=0 flags=ONGOING_EVENT|ONLY_ALERT_ONCE color=0x00000000 category=progress vis=PRIVATE semFlags=0x0 semPriority=0 semMissedCount=0)) as user
09-08 15:01:27.864 14564 14639 D WM-WorkProgressUpdater: Updating progress for a3f211bb-29fc-497f-8c39-f4ad8af7042a (Data {pct : 33, mode : startup_runtime_logs})
09-08 15:01:27.865 14564 14564 W WM-SystemFgService: Unable to start foreground service
09-08 15:01:27.865 14564 14564 W WM-SystemFgService: android.app.ForegroundServiceStartNotAllowedException: FGS type dataSync not allowed to start from BOOT_COMPLETED!
09-08 15:01:27.865 14564 14564 W WM-SystemFgService: 	at android.app.ForegroundServiceStartNotAllowedException$1.createFromParcel(ForegroundServiceStartNotAllowedException.java:54)
09-08 15:01:27.865 14564 14564 W WM-SystemFgService: 	at android.app.ForegroundServiceStartNotAllowedException$1.createFromParcel(ForegroundServiceStartNotAllowedException.java:50)
09-08 15:01:27.865 14564 14564 W WM-SystemFgService: 	at android.os.Parcel.readParcelableInternal(Parcel.java:5090)
09-08 15:01:27.865 14564 14564 W WM-SystemFgService: 	at android.os.Parcel.readParcelable(Parcel.java:5072)
09-08 15:01:27.865 14564 14564 W WM-SystemFgService: 	at android.os.Parcel.createExceptionOrNull(Parcel.java:3252)
09-08 15:01:27.865 14564 14564 W WM-SystemFgService: 	at android.os.Parcel.createException(Parcel.java:3241)
09-08 15:01:27.865 14564 14564 W WM-SystemFgService: 	at android.os.Parcel.readException(Parcel.java:3224)
09-08 15:01:27.865 14564 14564 W WM-SystemFgService: 	at android.os.Parcel.readException(Parcel.java:3166)
09-08 15:01:27.865 14564 14564 W WM-SystemFgService: 	at android.app.IActivityManager$Stub$Proxy.setServiceForeground(IActivityManager.java:7410)
09-08 15:01:27.865 14564 14564 W WM-SystemFgService: 	at android.app.Service.startForeground(Service.java:863)
09-08 15:01:27.865 14564 14564 W WM-SystemFgService: 	at androidx.work.impl.foreground.SystemForegroundService$Api31Impl.startForeground(SystemForegroundService.java:192)
09-08 15:01:27.865 14564 14564 W WM-SystemFgService: 	at androidx.work.impl.foreground.SystemForegroundService.startForeground(SystemForegroundService.java:141)
09-08 15:01:27.865 14564 14564 W WM-SystemFgService: 	at androidx.work.impl.foreground.SystemForegroundDispatcher.handleNotify(SystemForegroundDispatcher.java:332)
09-08 15:01:27.865 14564 14564 W WM-SystemFgService: 	at androidx.work.impl.foreground.SystemForegroundDispatcher.onStartCommand(SystemForegroundDispatcher.java:223)
09-08 15:01:27.865 14564 14564 W WM-SystemFgService: 	at androidx.work.impl.foreground.SystemForegroundService.onStartCommand(SystemForegroundService.java:80)
09-08 15:01:27.865 14564 14564 W WM-SystemFgService: 	at android.app.ActivityThread.handleServiceArgs(ActivityThread.java:5717)
09-08 15:01:27.865 14564 14564 W WM-SystemFgService: 	at android.app.ActivityThread.-$$Nest$mhandleServiceArgs(Unknown Source:0)
09-08 15:01:27.865 14564 14564 W WM-SystemFgService: 	at android.app.ActivityThread$H.handleMessage(ActivityThread.java:2713)
09-08 15:01:27.865 14564 14564 W WM-SystemFgService: 	at android.os.Handler.dispatchMessage(Handler.java:107)
09-08 15:01:27.865 14564 14564 W WM-SystemFgService: 	at android.os.Looper.loopOnce(Looper.java:257)
09-08 15:01:27.865 14564 14564 W WM-SystemFgService: 	at android.os.Looper.loop(Looper.java:342)
09-08 15:01:27.865 14564 14564 W WM-SystemFgService: 	at android.app.ActivityThread.main(ActivityThread.java:9579)
09-08 15:01:27.865 14564 14564 W WM-SystemFgService: 	at java.lang.reflect.Method.invoke(Native Method)
09-08 15:01:27.865 14564 14564 W WM-SystemFgService: 	at com.android.internal.os.RuntimeInit$MethodAndArgsCaller.run(RuntimeInit.java:619)
09-08 15:01:27.865 14564 14564 W WM-SystemFgService: 	at com.android.internal.os.ZygoteInit.main(ZygoteInit.java:929)
09-08 15:01:27.865 14564 14639 I WM-Processor: Moving WorkSpec (a3f211bb-29fc-497f-8c39-f4ad8af7042a) to the foreground
09-08 15:01:27.865 14564 14564 D WM-SystemFgDispatcher: Notifying with (id:6099, workSpecId: a3f211bb-29fc-497f-8c39-f4ad8af7042a, notificationType :1)
09-08 15:01:27.865 14564 14564 I NotificationManager: com.negi.survey: notify(6099, null, Notification(channel=uploads shortcut=null contentView=null vibrate=null sound=null defaults=0 flags=ONGOING_EVENT|ONLY_ALERT_ONCE color=0x00000000 category=progress vis=PRIVATE semFlags=0x0 semPriority=0 semMissedCount=0)) as user
09-08 15:01:27.866 14564 14564 W WM-SystemFgService: Unable to start foreground service
09-08 15:01:27.866 14564 14564 W WM-SystemFgService: android.app.ForegroundServiceStartNotAllowedException: FGS type dataSync not allowed to start from BOOT_COMPLETED!
09-08 15:01:27.866 14564 14564 W WM-SystemFgService: 	at android.app.ForegroundServiceStartNotAllowedException$1.createFromParcel(ForegroundServiceStartNotAllowedException.java:54)
09-08 15:01:27.866 14564 14564 W WM-SystemFgService: 	at android.app.ForegroundServiceStartNotAllowedException$1.createFromParcel(ForegroundServiceStartNotAllowedException.java:50)
09-08 15:01:27.866 14564 14564 W WM-SystemFgService: 	at android.os.Parcel.readParcelableInternal(Parcel.java:5090)
09-08 15:01:27.866 14564 14564 W WM-SystemFgService: 	at android.os.Parcel.readParcelable(Parcel.java:5072)
09-08 15:01:27.866 14564 14564 W WM-SystemFgService: 	at android.os.Parcel.createExceptionOrNull(Parcel.java:3252)
09-08 15:01:27.866 14564 14564 W WM-SystemFgService: 	at android.os.Parcel.createException(Parcel.java:3241)
09-08 15:01:27.866 14564 14564 W WM-SystemFgService: 	at android.os.Parcel.readException(Parcel.java:3224)
09-08 15:01:27.866 14564 14564 W WM-SystemFgService: 	at android.os.Parcel.readException(Parcel.java:3166)
09-08 15:01:27.866 14564 14564 W WM-SystemFgService: 	at android.app.IActivityManager$Stub$Proxy.setServiceForeground(IActivityManager.java:7410)
09-08 15:01:27.866 14564 14564 W WM-SystemFgService: 	at android.app.Service.startForeground(Service.java:863)
09-08 15:01:27.866 14564 14564 W WM-SystemFgService: 	at androidx.work.impl.foreground.SystemForegroundService$Api31Impl.startForeground(SystemForegroundService.java:192)
09-08 15:01:27.866 14564 14564 W WM-SystemFgService: 	at androidx.work.impl.foreground.SystemForegroundService.startForeground(SystemForegroundService.java:141)
09-08 15:01:27.866 14564 14564 W WM-SystemFgService: 	at androidx.work.impl.foreground.SystemForegroundDispatcher.handleNotify(SystemForegroundDispatcher.java:332)
09-08 15:01:27.866 14564 14564 W WM-SystemFgService: 	at androidx.work.impl.foreground.SystemForegroundDispatcher.onStartCommand(SystemForegroundDispatcher.java:223)
09-08 15:01:27.866 14564 14564 W WM-SystemFgService: 	at androidx.work.impl.foreground.SystemForegroundService.onStartCommand(SystemForegroundService.java:80)
09-08 15:01:27.866 14564 14564 W WM-SystemFgService: 	at android.app.ActivityThread.handleServiceArgs(ActivityThread.java:5717)
09-08 15:01:27.866 14564 14564 W WM-SystemFgService: 	at android.app.ActivityThread.-$$Nest$mhandleServiceArgs(Unknown Source:0)
09-08 15:01:27.866 14564 14564 W WM-SystemFgService: 	at android.app.ActivityThread$H.handleMessage(ActivityThread.java:2713)
09-08 15:01:27.866 14564 14564 W WM-SystemFgService: 	at android.os.Handler.dispatchMessage(Handler.java:107)
09-08 15:01:27.866 14564 14564 W WM-SystemFgService: 	at android.os.Looper.loopOnce(Looper.java:257)
09-08 15:01:27.866 14564 14564 W WM-SystemFgService: 	at android.os.Looper.loop(Looper.java:342)
09-08 15:01:27.866 14564 14564 W WM-SystemFgService: 	at android.app.ActivityThread.main(ActivityThread.java:9579)
09-08 15:01:27.866 14564 14564 W WM-SystemFgService: 	at java.lang.reflect.Method.invoke(Native Method)
09-08 15:01:27.866 14564 14564 W WM-SystemFgService: 	at com.android.internal.os.RuntimeInit$MethodAndArgsCaller.run(RuntimeInit.java:619)
09-08 15:01:27.866 14564 14564 W WM-SystemFgService: 	at com.android.internal.os.ZygoteInit.main(ZygoteInit.java:929)
09-08 15:01:28.207 14564 14564 D github_upload: enqueueStartupRuntimeLogsUpload: uniqueName=upload_runtime_logs_startup policy=KEEP session=startup_runtime_20260908_120128_e37941c6
09-08 15:01:28.208 14564 14564 D github_upload: enqueueStartupRingLogsUpload: uniqueName=upload_ring_logs_startup policy=KEEP session=startup_ring_20260908_120128_0838c050
09-08 15:01:28.208 14564 15953 D CrashCapture: enqueuePendingCrashUploadsIfPossible enter where=SurveyApp:enqueuePending(immediate):bg pid=14564 thread=CrashCapture-Enqueue
09-08 15:01:28.215 14564 14655 D WM-SystemJobScheduler: Scheduling work ID 10de18c2-7e4d-460f-b589-a45832228dfeJob ID 7
09-08 15:01:28.217 14564 14655 D WM-GreedyScheduler: Starting tracking for 10de18c2-7e4d-460f-b589-a45832228dfe
09-08 15:01:28.218 14564 14655 D WM-WorkConstraintsTrack: NetworkRequestConstraintController send initial capabilities
09-08 15:01:28.218 14564 14655 D WM-GreedyScheduler: Constraints met: Scheduling work ID WorkGenerationalId(workSpecId=10de18c2-7e4d-460f-b589-a45832228dfe, generation=0)
09-08 15:01:28.219 14564 14655 D WM-Processor: Processor: processing WorkGenerationalId(workSpecId=10de18c2-7e4d-460f-b589-a45832228dfe, generation=0)
09-08 15:01:28.220 14564 14564 D WM-SystemJobService: onStartJob for WorkGenerationalId(workSpecId=10de18c2-7e4d-460f-b589-a45832228dfe, generation=0)
09-08 15:01:28.221 14564 14564 D WM-WorkerWrapper: Starting work for com.negi.survey.net.GitHubUploadWorker
09-08 15:01:28.221 14564 14655 D WM-Processor: Work WorkGenerationalId(workSpecId=10de18c2-7e4d-460f-b589-a45832228dfe, generation=0) is already enqueued for processing
09-08 15:01:28.222 14564 14655 I WM-Processor: Moving WorkSpec (10de18c2-7e4d-460f-b589-a45832228dfe) to the foreground
09-08 15:01:28.223 14564 14564 I WM-SystemFgDispatcher: Started foreground service Intent { act=ACTION_START_FOREGROUND cmp=com.negi.survey/androidx.work.impl.foreground.SystemForegroundService (has extras) }
09-08 15:01:28.223 14564 14564 D WM-SystemFgDispatcher: Notifying with (id:5144, workSpecId: 10de18c2-7e4d-460f-b589-a45832228dfe, notificationType :1)
09-08 15:01:28.223 14564 14564 I NotificationManager: com.negi.survey: notify(5144, null, Notification(channel=uploads shortcut=null contentView=null vibrate=null sound=null defaults=0 flags=ONGOING_EVENT|ONLY_ALERT_ONCE color=0x00000000 category=progress vis=PRIVATE semFlags=0x0 semPriority=0 semMissedCount=0)) as user
09-08 15:01:28.223 14564 14655 D WM-WorkProgressUpdater: Updating progress for 10de18c2-7e4d-460f-b589-a45832228dfe (Data {pct : 3, mode : startup_ring_logs})
09-08 15:01:28.224 14564 14564 W WM-SystemFgService: Unable to start foreground service
09-08 15:01:28.224 14564 14564 W WM-SystemFgService: android.app.ForegroundServiceStartNotAllowedException: FGS type dataSync not allowed to start from BOOT_COMPLETED!
09-08 15:01:28.224 14564 14564 W WM-SystemFgService: 	at android.app.ForegroundServiceStartNotAllowedException$1.createFromParcel(ForegroundServiceStartNotAllowedException.java:54)
09-08 15:01:28.224 14564 14564 W WM-SystemFgService: 	at android.app.ForegroundServiceStartNotAllowedException$1.createFromParcel(ForegroundServiceStartNotAllowedException.java:50)
09-08 15:01:28.224 14564 14564 W WM-SystemFgService: 	at android.os.Parcel.readParcelableInternal(Parcel.java:5090)
09-08 15:01:28.224 14564 14564 W WM-SystemFgService: 	at android.os.Parcel.readParcelable(Parcel.java:5072)
09-08 15:01:28.224 14564 14564 W WM-SystemFgService: 	at android.os.Parcel.createExceptionOrNull(Parcel.java:3252)
09-08 15:01:28.224 14564 14564 W WM-SystemFgService: 	at android.os.Parcel.createException(Parcel.java:3241)
09-08 15:01:28.224 14564 14564 W WM-SystemFgService: 	at android.os.Parcel.readException(Parcel.java:3224)
09-08 15:01:28.224 14564 14564 W WM-SystemFgService: 	at android.os.Parcel.readException(Parcel.java:3166)
09-08 15:01:28.224 14564 14564 W WM-SystemFgService: 	at android.app.IActivityManager$Stub$Proxy.setServiceForeground(IActivityManager.java:7410)
09-08 15:01:28.224 14564 14564 W WM-SystemFgService: 	at android.app.Service.startForeground(Service.java:863)
09-08 15:01:28.224 14564 14564 W WM-SystemFgService: 	at androidx.work.impl.foreground.SystemForegroundService$Api31Impl.startForeground(SystemForegroundService.java:192)
09-08 15:01:28.224 14564 14564 W WM-SystemFgService: 	at androidx.work.impl.foreground.SystemForegroundService.startForeground(SystemForegroundService.java:141)
09-08 15:01:28.224 14564 14564 W WM-SystemFgService: 	at androidx.work.impl.foreground.SystemForegroundDispatcher.handleNotify(SystemForegroundDispatcher.java:332)
09-08 15:01:28.224 14564 14564 W WM-SystemFgService: 	at androidx.work.impl.foreground.SystemForegroundDispatcher.onStartCommand(SystemForegroundDispatcher.java:221)
09-08 15:01:28.224 14564 14564 W WM-SystemFgService: 	at androidx.work.impl.foreground.SystemForegroundService.onStartCommand(SystemForegroundService.java:80)
09-08 15:01:28.224 14564 14564 W WM-SystemFgService: 	at android.app.ActivityThread.handleServiceArgs(ActivityThread.java:5717)
09-08 15:01:28.224 14564 14564 W WM-SystemFgService: 	at android.app.ActivityThread.-$$Nest$mhandleServiceArgs(Unknown Source:0)
09-08 15:01:28.224 14564 14564 W WM-SystemFgService: 	at android.app.ActivityThread$H.handleMessage(ActivityThread.java:2713)
09-08 15:01:28.224 14564 14564 W WM-SystemFgService: 	at android.os.Handler.dispatchMessage(Handler.java:107)
09-08 15:01:28.224 14564 14564 W WM-SystemFgService: 	at android.os.Looper.loopOnce(Looper.java:257)
09-08 15:01:28.224 14564 14564 W WM-SystemFgService: 	at android.os.Looper.loop(Looper.java:342)
09-08 15:01:28.224 14564 14564 W WM-SystemFgService: 	at android.app.ActivityThread.main(ActivityThread.java:9579)
09-08 15:01:28.224 14564 14564 W WM-SystemFgService: 	at java.lang.reflect.Method.invoke(Native Method)
09-08 15:01:28.224 14564 14564 W WM-SystemFgService: 	at com.android.internal.os.RuntimeInit$MethodAndArgsCaller.run(RuntimeInit.java:619)
09-08 15:01:28.224 14564 14564 W WM-SystemFgService: 	at com.android.internal.os.ZygoteInit.main(ZygoteInit.java:929)
09-08 15:01:28.224 14564 14564 D WM-SystemFgDispatcher: Notifying with (id:5144, workSpecId: 10de18c2-7e4d-460f-b589-a45832228dfe, notificationType :1)
09-08 15:01:28.224 14564 14564 I NotificationManager: com.negi.survey: notify(5144, null, Notification(channel=uploads shortcut=null contentView=null vibrate=null sound=null defaults=0 flags=ONGOING_EVENT|ONLY_ALERT_ONCE color=0x00000000 category=progress vis=PRIVATE semFlags=0x0 semPriority=0 semMissedCount=0)) as user
09-08 15:01:28.224 14564 14655 I WM-Processor: Moving WorkSpec (10de18c2-7e4d-460f-b589-a45832228dfe) to the foreground
09-08 15:01:28.229 14564 14564 W WM-SystemFgService: Unable to start foreground service
09-08 15:01:28.229 14564 14564 W WM-SystemFgService: android.app.ForegroundServiceStartNotAllowedException: FGS type dataSync not allowed to start from BOOT_COMPLETED!
09-08 15:01:28.229 14564 14564 W WM-SystemFgService: 	at android.app.ForegroundServiceStartNotAllowedException$1.createFromParcel(ForegroundServiceStartNotAllowedException.java:54)
09-08 15:01:28.229 14564 14564 W WM-SystemFgService: 	at android.app.ForegroundServiceStartNotAllowedException$1.createFromParcel(ForegroundServiceStartNotAllowedException.java:50)
09-08 15:01:28.229 14564 14564 W WM-SystemFgService: 	at android.os.Parcel.readParcelableInternal(Parcel.java:5090)
09-08 15:01:28.229 14564 14564 W WM-SystemFgService: 	at android.os.Parcel.readParcelable(Parcel.java:5072)
09-08 15:01:28.229 14564 14564 W WM-SystemFgService: 	at android.os.Parcel.createExceptionOrNull(Parcel.java:3252)
09-08 15:01:28.229 14564 14564 W WM-SystemFgService: 	at android.os.Parcel.createException(Parcel.java:3241)
09-08 15:01:28.229 14564 14564 W WM-SystemFgService: 	at android.os.Parcel.readException(Parcel.java:3224)
09-08 15:01:28.229 14564 14564 W WM-SystemFgService: 	at android.os.Parcel.readException(Parcel.java:3166)
09-08 15:01:28.229 14564 14564 W WM-SystemFgService: 	at android.app.IActivityManager$Stub$Proxy.setServiceForeground(IActivityManager.java:7410)
09-08 15:01:28.229 14564 14564 W WM-SystemFgService: 	at android.app.Service.startForeground(Service.java:863)
09-08 15:01:28.229 14564 14564 W WM-SystemFgService: 	at androidx.work.impl.foreground.SystemForegroundService$Api31Impl.startForeground(SystemForegroundService.java:192)
09-08 15:01:28.229 14564 14564 W WM-SystemFgService: 	at androidx.work.impl.foreground.SystemForegroundService.startForeground(SystemForegroundService.java:141)
09-08 15:01:28.229 14564 14564 W WM-SystemFgService: 	at androidx.work.impl.foreground.SystemForegroundDispatcher.handleNotify(SystemForegroundDispatcher.java:332)
09-08 15:01:28.229 14564 14564 W WM-SystemFgService: 	at androidx.work.impl.foreground.SystemForegroundDispatcher.onStartCommand(SystemForegroundDispatcher.java:223)
09-08 15:01:28.229 14564 14564 W WM-SystemFgService: 	at androidx.work.impl.foreground.SystemForegroundService.onStartCommand(SystemForegroundService.java:80)
09-08 15:01:28.229 14564 14564 W WM-SystemFgService: 	at android.app.ActivityThread.handleServiceArgs(ActivityThread.java:5717)
09-08 15:01:28.229 14564 14564 W WM-SystemFgService: 	at android.app.ActivityThread.-$$Nest$mhandleServiceArgs(Unknown Source:0)
09-08 15:01:28.229 14564 14564 W WM-SystemFgService: 	at android.app.ActivityThread$H.handleMessage(ActivityThread.java:2713)
09-08 15:01:28.229 14564 14564 W WM-SystemFgService: 	at android.os.Handler.dispatchMessage(Handler.java:107)
09-08 15:01:28.229 14564 14564 W WM-SystemFgService: 	at android.os.Looper.loopOnce(Looper.java:257)
09-08 15:01:28.229 14564 14564 W WM-SystemFgService: 	at android.os.Looper.loop(Looper.java:342)
09-08 15:01:28.229 14564 14564 W WM-SystemFgService: 	at android.app.ActivityThread.main(ActivityThread.java:9579)
09-08 15:01:28.229 14564 14564 W WM-SystemFgService: 	at java.lang.reflect.Method.invoke(Native Method)
09-08 15:01:28.229 14564 14564 W WM-SystemFgService: 	at com.android.internal.os.RuntimeInit$MethodAndArgsCaller.run(RuntimeInit.java:619)
09-08 15:01:28.229 14564 14564 W WM-SystemFgService: 	at com.android.internal.os.ZygoteInit.main(ZygoteInit.java:929)
09-08 15:01:28.229 14564 14564 D WM-SystemFgDispatcher: Notifying with (id:5144, workSpecId: 10de18c2-7e4d-460f-b589-a45832228dfe, notificationType :1)
09-08 15:01:28.229 14564 14564 I NotificationManager: com.negi.survey: notify(5144, null, Notification(channel=uploads shortcut=null contentView=null vibrate=null sound=null defaults=0 flags=ONGOING_EVENT|ONLY_ALERT_ONCE color=0x00000000 category=progress vis=PRIVATE semFlags=0x0 semPriority=0 semMissedCount=0)) as user
09-08 15:01:28.230 14564 14655 D WM-WorkConstraintsTrack: NetworkRequestConstraintController send initial capabilities
09-08 15:01:28.234 14564 14564 W WM-SystemFgService: Unable to start foreground service
09-08 15:01:28.234 14564 14564 W WM-SystemFgService: android.app.ForegroundServiceStartNotAllowedException: FGS type dataSync not allowed to start from BOOT_COMPLETED!
09-08 15:01:28.234 14564 14564 W WM-SystemFgService: 	at android.app.ForegroundServiceStartNotAllowedException$1.createFromParcel(ForegroundServiceStartNotAllowedException.java:54)
09-08 15:01:28.234 14564 14564 W WM-SystemFgService: 	at android.app.ForegroundServiceStartNotAllowedException$1.createFromParcel(ForegroundServiceStartNotAllowedException.java:50)
09-08 15:01:28.234 14564 14564 W WM-SystemFgService: 	at android.os.Parcel.readParcelableInternal(Parcel.java:5090)
09-08 15:01:28.234 14564 14564 W WM-SystemFgService: 	at android.os.Parcel.readParcelable(Parcel.java:5072)
09-08 15:01:28.234 14564 14564 W WM-SystemFgService: 	at android.os.Parcel.createExceptionOrNull(Parcel.java:3252)
09-08 15:01:28.234 14564 14564 W WM-SystemFgService: 	at android.os.Parcel.createException(Parcel.java:3241)
09-08 15:01:28.234 14564 14564 W WM-SystemFgService: 	at android.os.Parcel.readException(Parcel.java:3224)
09-08 15:01:28.234 14564 14564 W WM-SystemFgService: 	at android.os.Parcel.readException(Parcel.java:3166)
09-08 15:01:28.234 14564 14564 W WM-SystemFgService: 	at android.app.IActivityManager$Stub$Proxy.setServiceForeground(IActivityManager.java:7410)
09-08 15:01:28.234 14564 14564 W WM-SystemFgService: 	at android.app.Service.startForeground(Service.java:863)
09-08 15:01:28.234 14564 14564 W WM-SystemFgService: 	at androidx.work.impl.foreground.SystemForegroundService$Api31Impl.startForeground(SystemForegroundService.java:192)
09-08 15:01:28.234 14564 14564 W WM-SystemFgService: 	at androidx.work.impl.foreground.SystemForegroundService.startForeground(SystemForegroundService.java:141)
09-08 15:01:28.234 14564 14564 W WM-SystemFgService: 	at androidx.work.impl.foreground.SystemForegroundDispatcher.handleNotify(SystemForegroundDispatcher.java:332)
09-08 15:01:28.234 14564 14564 W WM-SystemFgService: 	at androidx.work.impl.foreground.SystemForegroundDispatcher.onStartCommand(SystemForegroundDispatcher.java:223)
09-08 15:01:28.234 14564 14564 W WM-SystemFgService: 	at androidx.work.impl.foreground.SystemForegroundService.onStartCommand(SystemForegroundService.java:80)
09-08 15:01:28.234 14564 14564 W WM-SystemFgService: 	at android.app.ActivityThread.handleServiceArgs(ActivityThread.java:5717)
09-08 15:01:28.234 14564 14564 W WM-SystemFgService: 	at android.app.ActivityThread.-$$Nest$mhandleServiceArgs(Unknown Source:0)
09-08 15:01:28.234 14564 14564 W WM-SystemFgService: 	at android.app.ActivityThread$H.handleMessage(ActivityThread.java:2713)
09-08 15:01:28.234 14564 14564 W WM-SystemFgService: 	at android.os.Handler.dispatchMessage(Handler.java:107)
09-08 15:01:28.234 14564 14564 W WM-SystemFgService: 	at android.os.Looper.loopOnce(Looper.java:257)
09-08 15:01:28.234 14564 14564 W WM-SystemFgService: 	at android.os.Looper.loop(Looper.java:342)
09-08 15:01:28.234 14564 14564 W WM-SystemFgService: 	at android.app.ActivityThread.main(ActivityThread.java:9579)
09-08 15:01:28.234 14564 14564 W WM-SystemFgService: 	at java.lang.reflect.Method.invoke(Native Method)
09-08 15:01:28.234 14564 14564 W WM-SystemFgService: 	at com.android.internal.os.RuntimeInit$MethodAndArgsCaller.run(RuntimeInit.java:619)
09-08 15:01:28.234 14564 14564 W WM-SystemFgService: 	at com.android.internal.os.ZygoteInit.main(ZygoteInit.java:929)
