=== Previous Session Logcat ===
captured_time_utc=20260904_100622
captured_time_local=20260904_130622
marker=2026-09-03 11:13:42.275
preferred_prev_pid=-1
note=best-effort; buffers may be overwritten before next start
sdk=35
device=samsung SM-S936B
appId=com.negi.survey
versionName=0.0.1
versionCode=36

=== Logcat (since marker) ===
--------- beginning of main
09-04 13:06:20.121 11362 11362 I com.negi.survey: Using CollectorTypeCMC GC.
09-04 13:06:20.123 11362 11362 E com.negi.survey: Not starting debugger since process cannot load the jdwp agent.
09-04 13:06:20.124 11362 11362 D nativeloader: Load libframework-connectivity-tiramisu-jni.so using APEX ns com_android_tethering for caller /apex/com.android.tethering/javalib/framework-connectivity-t.jar: ok
09-04 13:06:20.126 11362 11362 D ActivityThread: setConscryptValidator
09-04 13:06:20.126 11362 11362 D ActivityThread: setConscryptValidator - put
09-04 13:06:20.132 11362 11362 D ApplicationLoaders: Returning zygote-cached class loader: /system_ext/framework/androidx.window.extensions.jar
09-04 13:06:20.132 11362 11362 D ApplicationLoaders: Returning zygote-cached class loader: /system_ext/framework/androidx.window.sidecar.jar
09-04 13:06:20.146 11362 11362 D nativeloader: Configuring clns-7 for other apk /data/app/~~oYs00aBJsd-vaZhvc9-iDQ==/com.negi.survey-dr_-CbGGwJ6_9UmFckQeUw==/base.apk. target_sdk_version=36, uses_libraries=libOpenCL.so, library_path=/data/app/~~oYs00aBJsd-vaZhvc9-iDQ==/com.negi.survey-dr_-CbGGwJ6_9UmFckQeUw==/lib/arm64:/data/app/~~oYs00aBJsd-vaZhvc9-iDQ==/com.negi.survey-dr_-CbGGwJ6_9UmFckQeUw==/base.apk!/lib/arm64-v8a, permitted_path=/data:/mnt/expand:/data/user/0/com.negi.survey
09-04 13:06:20.149 11362 11362 V GraphicsEnvironment: Currently set values for:
09-04 13:06:20.149 11362 11362 V GraphicsEnvironment:   angle_gl_driver_selection_pkgs=[]
09-04 13:06:20.149 11362 11362 V GraphicsEnvironment:   angle_gl_driver_selection_values=[]
09-04 13:06:20.149 11362 11362 V GraphicsEnvironment: Global.Settings values are invalid: number of packages: 0, number of values: 0
09-04 13:06:20.149 11362 11362 V GraphicsEnvironment: App is not on the allowlist for updatable production driver.
09-04 13:06:20.168 11362 11362 D nativeloader: Load /data/app/~~oYs00aBJsd-vaZhvc9-iDQ==/com.negi.survey-dr_-CbGGwJ6_9UmFckQeUw==/base.apk!/lib/arm64-v8a/liblitertlm_jni.so using ns clns-7 from class loader (caller=/data/app/~~oYs00aBJsd-vaZhvc9-iDQ==/com.negi.survey-dr_-CbGGwJ6_9UmFckQeUw==/base.apk!classes4.dex): ok
09-04 13:06:20.168 11362 11362 D SurveyApp: Loaded LiteRTLM JNI: litertlm_jni where=attachBaseContext
09-04 13:06:20.171 11362 11362 D AppRingLogStore: installed: dir=/data/user/0/com.negi.survey/files/diagnostics/applog_ring idx=0
09-04 13:06:20.172 11362 11420 D RuntimeLogStore: openWriter: start -> /data/user/0/com.negi.survey/files/diagnostics/runtime_logs/rtlog_20260904_100620_171_pid11362_seq1.log (bytes=0 format=LEGACY)
09-04 13:06:20.172 11362 11362 D CrashCapture: install: ensured default handler. where=SurveyApp:attachBaseContext pid=11362 default=com.negi.survey.CrashCapture$CrashHandler@7556e71
09-04 13:06:20.172 11362 11420 D RuntimeLogStore: retention: start files=2 kept=2 totalBytes=76237
09-04 13:06:20.174 11362 11362 D SurveyApp: LiteRTLM JNI already loaded; skip. where=onCreate(retry)
09-04 13:06:20.175 11362 11362 D CrashCapture: install: ensured default handler. where=SurveyApp:onCreate(rewrap) pid=11362 default=com.negi.survey.CrashCapture$CrashHandler@7556e71
09-04 13:06:20.175 11362 11362 D CrashCapture: registerSelfHealing: ActivityLifecycleCallbacks registered. mode=onResumedOnly
--------- beginning of system
09-04 13:06:20.184 11362 11362 D ActivityThread: com.negi.survey will use render engine as VK
09-04 13:06:20.185 11362 11362 D HWUI    : HWUI - treat SMPTE_170M as sRGB
09-04 13:06:20.186 11362 11428 D HWUI    : CacheManager constructor. deviceInfo=(1080, 1920)
09-04 13:06:20.186 11362 11428 D vulkan  : searching for layers in '/data/app/~~oYs00aBJsd-vaZhvc9-iDQ==/com.negi.survey-dr_-CbGGwJ6_9UmFckQeUw==/lib/arm64'
09-04 13:06:20.186 11362 11428 D vulkan  : searching for layers in '/data/app/~~oYs00aBJsd-vaZhvc9-iDQ==/com.negi.survey-dr_-CbGGwJ6_9UmFckQeUw==/base.apk!/lib/arm64-v8a'
09-04 13:06:20.191 11362 11428 E Adreno-AppProfiles: QSPM AIDL service doesn't exist
09-04 13:06:20.191 11362 11428 I AdrenoVK-0: ===== BEGIN DUMP OF OVERRIDDEN SETTINGS =====
09-04 13:06:20.191 11362 11428 I AdrenoVK-0: ===== END DUMP OF OVERRIDDEN SETTINGS =====
09-04 13:06:20.193 11362 11428 D qdgralloc: Fetching IMapper5 from QtiMapper5
09-04 13:06:20.199 11362 11428 I SnapAlloc: Graphics lib is available
09-04 13:06:20.200 11362 11362 I DecorView: setWindowBackground: isPopOver=false color=fffafafa d=android.graphics.drawable.ColorDrawable@c8313db
09-04 13:06:20.201 11362 11362 D PhoneWindow: forceLight changed to false [] from com.android.internal.policy.PhoneWindow.updateForceLightNavigationBar:4536 com.android.internal.policy.PhoneWindow.setNavigationBarColor:4227 androidx.activity.EdgeToEdgeApi35.setUp:353 androidx.activity.EdgeToEdge.enableEdgeToEdge$lambda$1:101 androidx.activity.EdgeToEdge$$ExternalSyntheticLambda0.run:0 
09-04 13:06:20.203 11362 11362 D CrashCapture: install: ensured default handler. where=selfHeal:onActivityResumed pid=11362 default=com.negi.survey.CrashCapture$CrashHandler@7556e71
09-04 13:06:20.203 11362 11428 I Adreno-UNKNOWN: Using previously loaded IMapper library.
09-04 13:06:20.204 11362 11362 I ViewRootImpl: dVRR is disabled
09-04 13:06:20.204 11362 11362 D HardwareRenderer: onDisplayChanged. displayId=0 current wxh=1080x2340 mLargest wxh=0x0
09-04 13:06:20.204 11362 11362 D HardwareRenderer: Set largestWidth and largestHeight as logical resolution. (1080x2340)
09-04 13:06:20.204 11362 11428 I AdrenoVK-0: QUALCOMM build          : 7a7d1616fb, I1b2d45fd3f
09-04 13:06:20.204 11362 11428 I AdrenoVK-0: Build Date              : 12/18/24
09-04 13:06:20.204 11362 11428 I AdrenoVK-0: Shader Compiler Version : E031.47.18.13
09-04 13:06:20.204 11362 11428 I AdrenoVK-0: Local Branch            : 
09-04 13:06:20.204 11362 11428 I AdrenoVK-0: Remote Branch           : refs/tags/AU_LINUX_ANDROID_LA.VENDOR.15.4.0.11.00.00.1088.540
09-04 13:06:20.204 11362 11428 I AdrenoVK-0: Remote Branch           : NONE
09-04 13:06:20.204 11362 11428 I AdrenoVK-0: Reconstruct Branch      : NOTHING
09-04 13:06:20.204 11362 11428 I AdrenoVK-0: Build Config            : S P 18.0.0 AArch64
09-04 13:06:20.204 11362 11428 I AdrenoVK-0: Driver Path             : /vendor/lib64/hw/vulkan.adreno.so
09-04 13:06:20.204 11362 11428 I AdrenoVK-0: Driver Version          : 0800.17.11
09-04 13:06:20.204 11362 11428 I AdrenoVK-0: PFP                     : 0x01500364
09-04 13:06:20.204 11362 11428 I AdrenoVK-0: ME                      : 0x01500012
09-04 13:06:20.204 11362 11428 I AdrenoVK-0: Application Name    : android framework
09-04 13:06:20.204 11362 11428 I AdrenoVK-0: Application Version : 0x00000000
09-04 13:06:20.204 11362 11428 I AdrenoVK-0: Engine Name         : android framework
09-04 13:06:20.204 11362 11428 I AdrenoVK-0: Engine Version      : 0x00000000
09-04 13:06:20.204 11362 11428 I AdrenoVK-0: Api Version         : 0x00401000
09-04 13:06:20.213 11362 11428 D HWUI    : setMaxSurfaceArea requested wxh=(1080,2340) requestedSurfaceArea(2527200) mMaxSurfaceArea(2073600)
09-04 13:06:20.213 11362 11428 D NativeCustomFrequencyManager: [NativeCFMS] BpCustomFrequencyManager::BpCustomFrequencyManager()
09-04 13:06:20.216 11362 11362 D InputTransport: Input channel constructed: '58f66ef', fd=114
09-04 13:06:20.216 11362 11362 I InsetsController: onStateChanged: host=com.negi.survey/com.negi.survey.MainActivity, from=android.view.ViewRootImpl.setView:1996, state=InsetsState: {mDisplayFrame=Rect(0, 0 - 1080, 2340), mDisplayCutout=DisplayCutout{insets=Rect(0, 83 - 0, 0) waterfall=Insets{left=0, top=0, right=0, bottom=0} boundingRect={Bounds=[Rect(0, 0 - 0, 0), Rect(515, 0 - 566, 83), Rect(0, 0 - 0, 0), Rect(0, 0 - 0, 0)]} cutoutPathParserInfo={CutoutPathParserInfo{displayWidth=1080 displayHeight=2340 physicalDisplayWidth=1080 physicalDisplayHeight=2340 density={2.8125} cutoutSpec={M 0,0 H -9.066666666666667 V 29.6 H 9.066666666666667 V 0 H 0 Z @dp} rotation={0} scale={1.0} physicalPixelDisplaySizeRatio={1.0}}} sideOverrides={}}, mRoundedCorners=RoundedCorners{[RoundedCorner{position=TopLeft, radius=113, center=Point(113, 113)}, RoundedCorner{position=TopRight, radius=113, center=Point(967, 113)}, RoundedCorner{position=BottomRight, radius=113, center=Point(967, 2227)}, RoundedCorner{position=BottomLeft, radius=113, center=Point(113, 2227)}]}  mRoundedCornerFrame=Rect(0, 0 - 1080, 2340), mPrivacyIndicatorBounds=PrivacyIndicatorBounds {static bounds=Rect(956, 0 - 1080, 84) rotation=0}, mDisplayShape=DisplayShape{ spec=-311912193 displayWidth=1440 displayHeight=3120 physicalPixelDisplaySizeRatio=1.0 rotation=0 offsetX=0 offsetY=0 scale=1.0}, mSources= { InsetsSource: {99c80000 mType=statusBars mFrame=[0,0][1080,84] mVisible=true mFlags= mSideHint=TOP mBoundingRects=null}, InsetsSource: {99c80005 mType=mandatorySystemGestures mFrame=[0,0][1080,117] mVisible=true mFlags= mSideHint=TOP mBoundingRects=null}, InsetsSource: {99c80006 mType=tappableElement mFrame=[0,0][1080,84] mVisible=true mFlags= mSideHint=TOP mBoundingRects=null}, InsetsSource: {fc160001 mType=navigationBars mFrame=[0,2205][1080,2340] mVisible=true mFlags= mSideHint=BOTTOM mBoundingRects=null}, InsetsSource: {fc160004 mType=systemGestures mFrame=[0,0][0,0] mVisible=true mFlags= mSideHint=NONE mBoundingRects=null}, InsetsSource: {fc160005 mType=mandatorySystemGestures mFrame=[0,2205][1080,2340] mVisible=true mFlags= mSideHint=BOTTOM mBoundingRects=null}, InsetsSource: {fc160006 mType=tappableElement mFrame=[0,2205][1080,2340] mVisible=true mFlags= mSideHint=BOTTOM mBoundingRects=null}, InsetsSource: {fc160024 mType=systemGestures mFrame=[0,0][0,0] mVisible=true mFlags= mSideHint=NONE mBoundingRects=null}, InsetsSource: {3 mType=ime mFrame=[0,0][0,0] mVisible=false mFlags= mSideHint=NONE mBoundingRects=null}, InsetsSource: {27 mType=displayCutout mFrame=[0,0][1080,83] mVisible=true mFlags= mSideHint=TOP mBoundingRects=null} }
09-04 13:06:20.216 11362 11362 I VRI[MainActivity]@e8a78d8: synced displayState. AttachInfo displayState=2
09-04 13:06:20.216 11362 11362 I VRI[MainActivity]@e8a78d8: setView = com.android.internal.policy.DecorView@49a4a84 IsHRR=false TM=true
09-04 13:06:20.216 11362 11362 I IDS_TAG : Starting IDS observe window
09-04 13:06:20.216 11362 11362 I IDS_TAG : Getting Shared Preference for com.negi.survey.SurveyApp@dbdfd5c uid = 10375
09-04 13:06:20.218 11362 11362 I IDS_TAG : App com.negi.survey.SurveyApp@dbdfd5c has not finished training
09-04 13:06:20.218 11362 11428 D HWUI    : HWUI - treat SMPTE_170M as sRGB
09-04 13:06:20.218 11362 11362 I IDS_TAG : Closing IDS observe window
09-04 13:06:20.218 11362 11362 I IDS_TAG : Getting Shared Preference for com.negi.survey.SurveyApp@dbdfd5c uid = 10375
09-04 13:06:20.218 11362 11362 I IDS_TAG : IDS count updated to 2 for com.negi.survey.SurveyApp@dbdfd5c
09-04 13:06:20.250 11362 11362 E com.negi.survey: Unable to open libpenguin.so: dlopen failed: library "libpenguin.so" not found.
09-04 13:06:20.250 11362 11362 I BufferQueueProducer: [](id:2c6200000000,api:0,p:0,c:11362) setDequeueTimeout:2077252342
09-04 13:06:20.250 11362 11362 I BLASTBufferQueue_Java: new BLASTBufferQueue, mName= VRI[MainActivity]@e8a78d8 mNativeObject= 0xb4000078340e1ad0 sc.mNativeObject= 0xb4000079040d3010 caller= android.view.ViewRootImpl.updateBlastSurfaceIfNeeded:3390 android.view.ViewRootImpl.relayoutWindow:11355 android.view.ViewRootImpl.performTraversals:4537 android.view.ViewRootImpl.doTraversal:3701 android.view.ViewRootImpl$TraversalRunnable.run:12533 android.view.Choreographer$CallbackRecord.run:1751 android.view.Choreographer$CallbackRecord.run:1760 android.view.Choreographer.doCallbacks:1216 android.view.Choreographer.doFrame:1142 android.view.Choreographer$FrameDisplayEventReceiver.run:1707 
09-04 13:06:20.250 11362 11362 I BLASTBufferQueue_Java: update, w= 1080 h= 2340 mName = VRI[MainActivity]@e8a78d8 mNativeObject= 0xb4000078340e1ad0 sc.mNativeObject= 0xb4000079040d3010 format= -1 caller= android.graphics.BLASTBufferQueue.<init>:88 android.view.ViewRootImpl.updateBlastSurfaceIfNeeded:3390 android.view.ViewRootImpl.relayoutWindow:11355 android.view.ViewRootImpl.performTraversals:4537 android.view.ViewRootImpl.doTraversal:3701 android.view.ViewRootImpl$TraversalRunnable.run:12533 
09-04 13:06:20.250 11362 11362 W libc    : Access denied finding property "vendor.gpp.create_frc_extension"
09-04 13:06:20.250 11362 11362 I VRI[MainActivity]@e8a78d8: Relayout returned: old=(0,0,1080,2340) new=(0,0,1080,2340) relayoutAsync=false req=(1080,2340)0 dur=2 res=0x3 s={true 0xb4000078e41099d0} ch=true seqId=0
09-04 13:06:20.251 11362 11362 I VRI[MainActivity]@e8a78d8: performConfigurationChange setNightDimText nightDimLevel=0
09-04 13:06:20.251 11362 11362 D VRI[MainActivity]@e8a78d8: mThreadedRenderer.initialize() mSurface={isValid=true 0xb4000078e41099d0} hwInitialized=true
09-04 13:06:20.253 11362 11362 D VRI[MainActivity]@e8a78d8: reportNextDraw android.view.ViewRootImpl.performTraversals:5186 android.view.ViewRootImpl.doTraversal:3701 android.view.ViewRootImpl$TraversalRunnable.run:12533 android.view.Choreographer$CallbackRecord.run:1751 android.view.Choreographer$CallbackRecord.run:1760 
09-04 13:06:20.253 11362 11362 D VRI[MainActivity]@e8a78d8: Setup new sync=wmsSync-VRI[MainActivity]@e8a78d8#0
09-04 13:06:20.253 11362 11362 I VRI[MainActivity]@e8a78d8: Creating new active sync group VRI[MainActivity]@e8a78d8#1
09-04 13:06:20.254 11362 11362 D VRI[MainActivity]@e8a78d8: registerCallbacksForSync syncBuffer=false
09-04 13:06:20.256 11362 11362 I View    : setRequestedFrameRate frameRate=-4.0, this=android.view.View{e51bf64 V.ED..... ......I. 0,0-0,0}, caller=androidx.compose.ui.platform.Api35Impl.setRequestedFrameRate:4047 androidx.compose.ui.platform.AndroidComposeView.dispatchDraw:2282 android.view.View.draw:26153 android.view.View.updateDisplayListIfDirty:24990 android.view.View.draw:25880 
09-04 13:06:20.256 11362 11362 I View    : setRequestedFrameRate frameRate=NaN, this=android.view.View{e51bf64 V.ED..... ........ 0,0-0,0}, caller=androidx.compose.ui.platform.Api35Impl.setRequestedFrameRate:4047 androidx.compose.ui.platform.AndroidComposeView.dispatchDraw:2282 android.view.View.draw:26153 android.view.View.updateDisplayListIfDirty:24990 android.view.ViewGroup.recreateChildDisplayList:4759 
09-04 13:06:20.256 11362 11444 D VRI[MainActivity]@e8a78d8: Received frameDrawingCallback syncResult=0 frameNum=1.
09-04 13:06:20.256 11362 11444 I VRI[MainActivity]@e8a78d8: mWNT: t=0xb4000077740fc4d0 mBlastBufferQueue=0xb4000078340e1ad0 fn= 1 HdrRenderState mRenderHdrSdrRatio=1.0 caller= android.view.ViewRootImpl$11.onFrameDraw:15025 android.view.ThreadedRenderer$1.onFrameDraw:761 <bottom of call stack> 
09-04 13:06:20.256 11362 11444 I VRI[MainActivity]@e8a78d8: Setting up sync and frameCommitCallback
09-04 13:06:20.256 11362 11428 I AdrenoUtils: <ReadGpuID:366>: Reading chip ID through GSL
09-04 13:06:20.264 11362 11428 I BLASTBufferQueue: [VRI[MainActivity]@e8a78d8#0](f:0,a:0,s:0) onFrameAvailable the first frame is available
09-04 13:06:20.264 11362 11428 I SurfaceComposerClient: apply transaction with the first frame. layerId: 127, bufferData(ID: 48799418417155, frameNumber: 1)
09-04 13:06:20.264 11362 11428 I VRI[MainActivity]@e8a78d8: Received frameCommittedCallback lastAttemptedDrawFrameNum=1 didProduceBuffer=true
09-04 13:06:20.264 11362 11428 D HWUI    : CFMS:: SetUp Pid : 11362    Tid : 11428
09-04 13:06:20.264 11362 11362 D VRI[MainActivity]@e8a78d8: reportDrawFinished seqId=0
09-04 13:06:20.267 11362 11362 I InsetsSourceConsumer: applyRequestedVisibilityToControl: visible=true, type=navigationBars, host=com.negi.survey/com.negi.survey.MainActivity
09-04 13:06:20.267 11362 11362 I InsetsSourceConsumer: applyRequestedVisibilityToControl: visible=true, type=statusBars, host=com.negi.survey/com.negi.survey.MainActivity
09-04 13:06:20.279 11362 11362 D VRI[MainActivity]@e8a78d8: mThreadedRenderer.initializeIfNeeded()#2 mSurface={isValid=true 0xb4000078e41099d0}
09-04 13:06:20.279 11362 11362 D InputMethodManagerUtils: startInputInner - Id : 0
09-04 13:06:20.279 11362 11362 I InputMethodManager: startInputInner - IInputMethodManagerGlobalInvoker.startInputOrWindowGainedFocus
09-04 13:06:20.282 11362 11362 D IntroScreen: Resolved config details: id=survey_config10.yaml in 17ms
09-04 13:06:20.288 11362 11378 D InputTransport: Input channel constructed: 'ClientS', fd=145
09-04 13:06:20.297 11362 11362 I View    : setRequestedFrameRate frameRate=-4.0, this=android.view.View{e51bf64 V.ED..... ........ 0,0-0,0}, caller=androidx.compose.ui.platform.Api35Impl.setRequestedFrameRate:4047 androidx.compose.ui.platform.AndroidComposeView.dispatchDraw:2282 android.view.View.draw:26153 android.view.View.updateDisplayListIfDirty:24990 android.view.ViewGroup.recreateChildDisplayList:4759 
09-04 13:06:20.298 11362 11362 I InsetsSourceConsumer: applyRequestedVisibilityToControl: visible=false, type=ime, host=com.negi.survey/com.negi.survey.MainActivity
09-04 13:06:20.641 11362 11362 I View    : setRequestedFrameRate frameRate=NaN, this=android.view.View{e51bf64 V.ED..... ........ 0,0-0,0}, caller=androidx.compose.ui.platform.Api35Impl.setRequestedFrameRate:4047 androidx.compose.ui.platform.AndroidComposeView.dispatchDraw:2282 android.view.View.draw:26153 android.view.View.updateDisplayListIfDirty:24990 android.view.ViewGroup.recreateChildDisplayList:4759 
09-04 13:06:20.650 11362 11362 I View    : setRequestedFrameRate frameRate=-4.0, this=android.view.View{e51bf64 V.ED..... ........ 0,0-0,0}, caller=androidx.compose.ui.platform.Api35Impl.setRequestedFrameRate:4047 androidx.compose.ui.platform.AndroidComposeView.dispatchDraw:2282 android.view.View.draw:26153 android.view.View.updateDisplayListIfDirty:24990 android.view.ViewGroup.recreateChildDisplayList:4759 
09-04 13:06:20.658 11362 11362 I View    : setRequestedFrameRate frameRate=NaN, this=android.view.View{e51bf64 V.ED..... ........ 0,0-0,0}, caller=androidx.compose.ui.platform.Api35Impl.setRequestedFrameRate:4047 androidx.compose.ui.platform.AndroidComposeView.dispatchDraw:2282 android.view.View.draw:26153 android.view.View.updateDisplayListIfDirty:24990 android.view.ViewGroup.recreateChildDisplayList:4759 
09-04 13:06:20.667 11362 11362 I View    : setRequestedFrameRate frameRate=-4.0, this=android.view.View{e51bf64 V.ED..... ........ 0,0-0,0}, caller=androidx.compose.ui.platform.Api35Impl.setRequestedFrameRate:4047 androidx.compose.ui.platform.AndroidComposeView.dispatchDraw:2282 android.view.View.draw:26153 android.view.View.updateDisplayListIfDirty:24990 android.view.ViewGroup.recreateChildDisplayList:4759 
09-04 13:06:20.674 11362 11362 I View    : setRequestedFrameRate frameRate=NaN, this=android.view.View{e51bf64 V.ED..... ........ 0,0-0,0}, caller=androidx.compose.ui.platform.Api35Impl.setRequestedFrameRate:4047 androidx.compose.ui.platform.AndroidComposeView.dispatchDraw:2282 android.view.View.draw:26153 android.view.View.updateDisplayListIfDirty:24990 android.view.ViewGroup.recreateChildDisplayList:4759 
09-04 13:06:20.700 11362 11362 I View    : setRequestedFrameRate frameRate=-4.0, this=android.view.View{e51bf64 V.ED..... ........ 0,0-0,0}, caller=androidx.compose.ui.platform.Api35Impl.setRequestedFrameRate:4047 androidx.compose.ui.platform.AndroidComposeView.dispatchDraw:2282 android.view.View.draw:26153 android.view.View.updateDisplayListIfDirty:24990 android.view.ViewGroup.recreateChildDisplayList:4759 
09-04 13:06:20.707 11362 11362 I View    : setRequestedFrameRate frameRate=NaN, this=android.view.View{e51bf64 V.ED..... ........ 0,0-0,0}, caller=androidx.compose.ui.platform.Api35Impl.setRequestedFrameRate:4047 androidx.compose.ui.platform.AndroidComposeView.dispatchDraw:2282 android.view.View.draw:26153 android.view.View.updateDisplayListIfDirty:24990 android.view.ViewGroup.recreateChildDisplayList:4759 
09-04 13:06:20.717 11362 11362 I View    : setRequestedFrameRate frameRate=-4.0, this=android.view.View{e51bf64 V.ED..... ........ 0,0-0,0}, caller=androidx.compose.ui.platform.Api35Impl.setRequestedFrameRate:4047 androidx.compose.ui.platform.AndroidComposeView.dispatchDraw:2282 android.view.View.draw:26153 android.view.View.updateDisplayListIfDirty:24990 android.view.ViewGroup.recreateChildDisplayList:4759 
09-04 13:06:20.724 11362 11362 I View    : setRequestedFrameRate frameRate=NaN, this=android.view.View{e51bf64 V.ED..... ........ 0,0-0,0}, caller=androidx.compose.ui.platform.Api35Impl.setRequestedFrameRate:4047 androidx.compose.ui.platform.AndroidComposeView.dispatchDraw:2282 android.view.View.draw:26153 android.view.View.updateDisplayListIfDirty:24990 android.view.ViewGroup.recreateChildDisplayList:4759 
09-04 13:06:20.808 11362 11471 D UploadRescheduleRcvr: No GitHub pending files for action=android.intent.action.BOOT_COMPLETED
09-04 13:06:20.809 11362 11471 D github_upload: enqueueStartupRuntimeLogsUpload: uniqueName=upload_runtime_logs_startup policy=KEEP session=startup_runtime_20260904_100620_0603e93b
09-04 13:06:20.810 11362 11471 D WM-PackageManagerHelper: Skipping component enablement for androidx.work.impl.background.systemjob.SystemJobService
09-04 13:06:20.810 11362 11471 D WM-Schedulers: Created SystemJobScheduler and enabled SystemJobService
09-04 13:06:20.811 11362 12030 D WM-ForceStopRunnable: Is default app process = true
09-04 13:06:20.811 11362 12030 D WM-ForceStopRunnable: Performing cleanup operations.
09-04 13:06:20.811 11362 11471 D UploadRescheduleRcvr: Enqueued runtime logs upload for action=android.intent.action.BOOT_COMPLETED reason=receiver_boot_completed
09-04 13:06:20.834 11362 12037 D WM-SystemJobScheduler: Scheduling work ID 56aef1c7-3b80-4277-8001-c1efeb67c4c2Job ID 2
09-04 13:06:20.836 11362 12037 D WM-GreedyScheduler: Starting tracking for 56aef1c7-3b80-4277-8001-c1efeb67c4c2
09-04 13:06:20.837 11362 12054 D WM-WorkConstraintsTrack: NetworkRequestConstraintController register shared callback
09-04 13:06:20.837 11362 12054 D ConnectivityManager: StackLog: [android.net.ConnectivityManager.sendRequestForNetwork(ConnectivityManager.java:4692)] [android.net.ConnectivityManager.registerDefaultNetworkCallbackForUid(ConnectivityManager.java:5381)] [android.net.ConnectivityManager.registerDefaultNetworkCallback(ConnectivityManager.java:5348)] [android.net.ConnectivityManager.registerDefaultNetworkCallback(ConnectivityManager.java:5322)] [androidx.work.impl.constraints.SharedNetworkCallback.addCallback(WorkConstraintsTracker.kt:362)] [androidx.work.impl.constraints.NetworkRequestConstraintController$track$1.invokeSuspend(WorkConstraintsTracker.kt:179)] [androidx.work.impl.constraints.NetworkRequestConstraintController$track$1.invoke(Unknown Source:8)] [androidx.work.impl.constraints.NetworkRequestConstraintController$track$1.invoke(Unknown Source:4)] [kotlinx.coroutines.flow.ChannelFlowBuilder.collectTo$suspendImpl(Builders.kt:316)] [kotlinx.coroutines.flow.ChannelFlowBuilder.collectTo(Unknown Source:0)] [kotlinx.coroutines.flow.CallbackFlowBuilder.collectTo(Builders.kt:330)] [kotlinx.coroutines.flow.internal.ChannelFlow$collectToFun$1.invokeSuspend(ChannelFlow.kt:56)] [kotlin.coroutines.jvm.internal.BaseContinuationImpl.resumeWith(ContinuationImpl.kt:34)] [kotlinx.coroutines.DispatchedTask.run(DispatchedTask.kt:100)] [androidx.work.impl.utils.SerialExecutorImpl$Task.run(SerialExecutorImpl.java:96)] [java.util.concurrent.ThreadPoolExecutor.runWorker(ThreadPoolExecutor.java:1145)] [java.util.concurrent.ThreadPoolExecutor$Worker.run(ThreadPoolExecutor.java:644)] [java.lang.Thread.run(Thread.java:1012)]
09-04 13:06:20.838 11362 12055 D WM-WorkConstraintsTrack: NetworkRequestConstraintController onCapabilitiesChanged callback
09-04 13:06:20.838 11362 12055 D WM-WorkConstraintsTrack: Not dispatching constraint state yet: isBlocked=null, capabilitiesInitialized=true
09-04 13:06:20.838 11362 12055 D WM-WorkConstraintsTrack: NetworkRequestConstraintController onBlockedStatusChanged callback false
09-04 13:06:20.839 11362 12054 D WM-PackageManagerHelper: androidx.work.impl.background.systemalarm.RescheduleReceiver enabled
09-04 13:06:20.839 11362 12036 D WM-GreedyScheduler: Constraints met: Scheduling work ID WorkGenerationalId(workSpecId=56aef1c7-3b80-4277-8001-c1efeb67c4c2, generation=0)
09-04 13:06:20.841 11362 12036 D WM-Processor: Processor: processing WorkGenerationalId(workSpecId=56aef1c7-3b80-4277-8001-c1efeb67c4c2, generation=0)
09-04 13:06:20.845 11362 11362 D WM-WorkerWrapper: Starting work for com.negi.survey.net.GitHubUploadWorker
09-04 13:06:20.846 11362 12030 I WM-Processor: Moving WorkSpec (56aef1c7-3b80-4277-8001-c1efeb67c4c2) to the foreground
09-04 13:06:20.848 11362 11362 I WM-SystemFgDispatcher: Started foreground service Intent { act=ACTION_START_FOREGROUND cmp=com.negi.survey/androidx.work.impl.foreground.SystemForegroundService (has extras) }
09-04 13:06:20.849 11362 11362 D WM-SystemFgDispatcher: Notifying with (id:6823, workSpecId: 56aef1c7-3b80-4277-8001-c1efeb67c4c2, notificationType :1)
09-04 13:06:20.849 11362 12037 D WM-WorkProgressUpdater: Updating progress for 56aef1c7-3b80-4277-8001-c1efeb67c4c2 (Data {pct : 3, mode : startup_runtime_logs})
09-04 13:06:20.850 11362 11362 D WM-SystemFgDispatcher: Notifying with (id:6823, workSpecId: 56aef1c7-3b80-4277-8001-c1efeb67c4c2, notificationType :1)
09-04 13:06:20.850 11362 11362 I NotificationManager: com.negi.survey: notify(6823, null, Notification(channel=uploads shortcut=null contentView=null vibrate=null sound=null defaults=0 flags=ONGOING_EVENT|ONLY_ALERT_ONCE color=0x00000000 category=progress vis=PRIVATE semFlags=0x0 semPriority=0 semMissedCount=0)) as user
09-04 13:06:20.850 11362 11362 D NotificationManager: BOOTING pkg =com.negi.survey mBlockedChannelsForOverflowNoti=[]
09-04 13:06:20.850 11362 12037 I WM-Processor: Moving WorkSpec (56aef1c7-3b80-4277-8001-c1efeb67c4c2) to the foreground
09-04 13:06:20.851 11362 11362 D WM-SystemFgDispatcher: Notifying with (id:6823, workSpecId: 56aef1c7-3b80-4277-8001-c1efeb67c4c2, notificationType :1)
09-04 13:06:20.851 11362 11362 I NotificationManager: com.negi.survey: notify(6823, null, Notification(channel=uploads shortcut=null contentView=null vibrate=null sound=null defaults=0 flags=ONGOING_EVENT|ONLY_ALERT_ONCE color=0x00000000 category=progress vis=PRIVATE semFlags=0x0 semPriority=0 semMissedCount=0)) as user
09-04 13:06:20.851 11362 12054 D WM-WorkConstraintsTrack: NetworkRequestConstraintController send initial capabilities
09-04 13:06:20.976 11362 11362 D WM-SystemJobService: onStartJob for WorkGenerationalId(workSpecId=56aef1c7-3b80-4277-8001-c1efeb67c4c2, generation=0)
09-04 13:06:20.977 11362 12037 D WM-Processor: Work WorkGenerationalId(workSpecId=56aef1c7-3b80-4277-8001-c1efeb67c4c2, generation=0) is already enqueued for processing
09-04 13:06:21.877 11362 11362 W JobService: onNetworkChanged() not implemented in androidx.work.impl.background.systemjob.SystemJobService. Must override in a subclass.
09-04 13:06:21.887 11362 12055 D WM-WorkConstraintsTrack: NetworkRequestConstraintController onCapabilitiesChanged callback
09-04 13:06:22.053 11362 11420 D RuntimeLogStore: openWriter: rotate:plain_snapshot:receiver_boot_completed -> /data/user/0/com.negi.survey/files/diagnostics/runtime_logs/rtlog_20260904_100622_051_pid11362_seq2.log (bytes=0 format=LEGACY)
09-04 13:06:22.053 11362 11420 D RuntimeLogStore: retention: rotate:plain_snapshot:receiver_boot_completed files=3 kept=3 totalBytes=77948
09-04 13:06:22.056 11362 11474 D github_upload: doRuntimeLogsUpload: remoteBaseDir=diagnostics/runtime_logs/2026-09-04/runtime_logs_startup_runtime_20260904_100620_0603e93b_receiver_boot_completed toUpload=3 bytes=79140 dedupe=true deleteSource=true deletedSourcePre=0 preview='plain_logs_manifest_20260904_100622_054_pid11362_receiver_boot_completed.json|runtime_log_20260904_100622_054_pid11362_receiver_boot_completed__rtlog_20260904_100620_171_pid11362_seq1.log|runtime_log_20260904_100622_054_pid11362_receiver_boot_completed__rtlog_20260903_081343_526_pid29681_seq2.log'
09-04 13:06:22.056 11362 11474 D GitHubUploader: uploadStream: owner=ishizuki-tech repo=SurveyExports branch=main path=diagnostics/runtime_logs/2026-09-04/runtime_logs_startup_runtime_20260904_100620_0603e93b_receiver_boot_completed/plain_logs_manifest_20260904_100622_054_pid11362_receiver_boot_completed.json size=1530 maxRawBytesHint=1000000 maxRequestBytesHint=2800000
09-04 13:06:22.056 11362 12054 D WM-WorkProgressUpdater: Updating progress for 56aef1c7-3b80-4277-8001-c1efeb67c4c2 (Data {pct : 10, mode : startup_runtime_logs})
09-04 13:06:22.058 11362 12054 I WM-Processor: Moving WorkSpec (56aef1c7-3b80-4277-8001-c1efeb67c4c2) to the foreground
09-04 13:06:22.059 11362 11362 D WM-SystemFgDispatcher: Notifying with (id:6823, workSpecId: 56aef1c7-3b80-4277-8001-c1efeb67c4c2, notificationType :1)
09-04 13:06:22.059 11362 11362 I NotificationManager: com.negi.survey: notify(6823, null, Notification(channel=uploads shortcut=null contentView=null vibrate=null sound=null defaults=0 flags=ONGOING_EVENT|ONLY_ALERT_ONCE color=0x00000000 category=progress vis=PRIVATE semFlags=0x0 semPriority=0 semMissedCount=0)) as user
09-04 13:06:22.238 11362 11474 D TrafficStats: tagSocket(140) with statsTag=0xffffffff, statsUid=-1
09-04 13:06:22.676 11362 11362 D github_upload: enqueueStartupRuntimeLogsUpload: uniqueName=upload_runtime_logs_startup policy=KEEP session=startup_runtime_20260904_100622_5e09b0cc
09-04 13:06:22.677 11362 11362 D github_upload: enqueueStartupRingLogsUpload: uniqueName=upload_ring_logs_startup policy=KEEP session=startup_ring_20260904_100622_ac0d64b6
09-04 13:06:22.677 11362 13260 D CrashCapture: enqueuePendingCrashUploadsIfPossible enter where=SurveyApp:enqueuePending(immediate):bg pid=11362 thread=CrashCapture-Enqueue
09-04 13:06:22.693 11362 12030 D WM-SystemJobScheduler: Scheduling work ID 2c975ee6-202a-4efd-b4a2-718ec6a115f4Job ID 3
09-04 13:06:22.695 11362 12030 D WM-GreedyScheduler: Starting tracking for 2c975ee6-202a-4efd-b4a2-718ec6a115f4
09-04 13:06:22.696 11362 11362 D WM-SystemJobService: onStartJob for WorkGenerationalId(workSpecId=2c975ee6-202a-4efd-b4a2-718ec6a115f4, generation=0)
09-04 13:06:22.697 11362 12054 D WM-Processor: Processor: processing WorkGenerationalId(workSpecId=2c975ee6-202a-4efd-b4a2-718ec6a115f4, generation=0)
09-04 13:06:22.698 11362 11362 D WM-WorkerWrapper: Starting work for com.negi.survey.net.GitHubUploadWorker
09-04 13:06:22.699 11362 12054 D WM-WorkConstraintsTrack: NetworkRequestConstraintController send initial capabilities
09-04 13:06:22.699 11362 12054 D WM-GreedyScheduler: Constraints met: Scheduling work ID WorkGenerationalId(workSpecId=2c975ee6-202a-4efd-b4a2-718ec6a115f4, generation=0)
09-04 13:06:22.700 11362 12054 D WM-Processor: Work WorkGenerationalId(workSpecId=2c975ee6-202a-4efd-b4a2-718ec6a115f4, generation=0) is already enqueued for processing
09-04 13:06:22.701 11362 12036 I WM-Processor: Moving WorkSpec (2c975ee6-202a-4efd-b4a2-718ec6a115f4) to the foreground
09-04 13:06:22.702 11362 12030 D WM-WorkProgressUpdater: Updating progress for 2c975ee6-202a-4efd-b4a2-718ec6a115f4 (Data {pct : 3, mode : startup_ring_logs})
09-04 13:06:22.705 11362 11362 I WM-SystemFgDispatcher: Started foreground service Intent { act=ACTION_START_FOREGROUND cmp=com.negi.survey/androidx.work.impl.foreground.SystemForegroundService (has extras) }
09-04 13:06:22.705 11362 11362 D WM-SystemFgDispatcher: Notifying with (id:10695, workSpecId: 2c975ee6-202a-4efd-b4a2-718ec6a115f4, notificationType :1)
09-04 13:06:22.705 11362 11362 I NotificationManager: com.negi.survey: notify(10695, null, Notification(channel=uploads shortcut=null contentView=null vibrate=null sound=null defaults=0 flags=ONGOING_EVENT|ONLY_ALERT_ONCE color=0x00000000 category=progress vis=PRIVATE semFlags=0x0 semPriority=0 semMissedCount=0)) as user
09-04 13:06:22.709 11362 12030 I WM-Processor: Moving WorkSpec (2c975ee6-202a-4efd-b4a2-718ec6a115f4) to the foreground
09-04 13:06:22.710 11362 12030 D WM-WorkConstraintsTrack: NetworkRequestConstraintController send initial capabilities
09-04 13:06:22.711 11362 11362 D WM-SystemFgDispatcher: Notifying with (id:10695, workSpecId: 2c975ee6-202a-4efd-b4a2-718ec6a115f4, notificationType :1)
09-04 13:06:22.711 11362 11362 I NotificationManager: com.negi.survey: notify(10695, null, Notification(channel=uploads shortcut=null contentView=null vibrate=null sound=null defaults=0 flags=ONGOING_EVENT|ONLY_ALERT_ONCE color=0x00000000 category=progress vis=PRIVATE semFlags=0x0 semPriority=0 semMissedCount=0)) as user
09-04 13:06:22.714 11362 11362 D WM-SystemFgDispatcher: Notifying with (id:10695, workSpecId: 2c975ee6-202a-4efd-b4a2-718ec6a115f4, notificationType :1)
09-04 13:06:22.714 11362 11362 I NotificationManager: com.negi.survey: notify(10695, null, Notification(channel=uploads shortcut=null contentView=null vibrate=null sound=null defaults=0 flags=ONGOING_EVENT|ONLY_ALERT_ONCE color=0x00000000 category=progress vis=PRIVATE semFlags=0x0 semPriority=0 semMissedCount=0)) as user
