=== Previous Session Logcat ===
captured_time_utc=20260908_054352
captured_time_local=20260908_084352
marker=2026-09-07 16:14:28.805
preferred_prev_pid=-1
note=best-effort; buffers may be overwritten before next start
sdk=36
device=samsung SM-S936B
appId=com.negi.survey
versionName=0.0.1
versionCode=43

=== Logcat (since marker) ===
--------- beginning of main
09-08 08:43:49.623 12732 12732 I Zygote  : Process 12732 created for com.negi.survey
09-08 08:43:49.623 12732 12732 I com.negi.survey: Using generational CollectorTypeCMC GC.
09-08 08:43:49.626 12732 12732 D nativeloader: Load libframework-connectivity-tiramisu-jni.so using APEX ns com_android_tethering for caller /apex/com.android.tethering/javalib/framework-connectivity-t.jar: ok
09-08 08:43:49.627 12732 12732 D ActivityThread: setConscryptValidator
09-08 08:43:49.627 12732 12732 D ActivityThread: setConscryptValidator - put
09-08 08:43:49.635 12732 12732 D ApplicationLoaders: Returning zygote-cached class loader: /system_ext/framework/androidx.window.extensions.jar
09-08 08:43:49.635 12732 12732 D ApplicationLoaders: Returning zygote-cached class loader: /system_ext/framework/androidx.window.sidecar.jar
09-08 08:43:49.642 12732 12732 D nativeloader: Configuring clns-9 for other apk /data/app/~~OjF4Khr7hHCqQj-BDawpgQ==/com.negi.survey--7tYAk0_y5ttOLeiUpZjpg==/base.apk. target_sdk_version=36, uses_libraries=libOpenCL.so, library_path=/data/app/~~OjF4Khr7hHCqQj-BDawpgQ==/com.negi.survey--7tYAk0_y5ttOLeiUpZjpg==/lib/arm64:/data/app/~~OjF4Khr7hHCqQj-BDawpgQ==/com.negi.survey--7tYAk0_y5ttOLeiUpZjpg==/base.apk!/lib/arm64-v8a, permitted_path=/data:/mnt/expand:/data/user/0/com.negi.survey
09-08 08:43:49.648 12732 12732 V GraphicsEnvironment: Currently set values for:
09-08 08:43:49.648 12732 12732 V GraphicsEnvironment:   angle_gl_driver_selection_pkgs=[]
09-08 08:43:49.648 12732 12732 V GraphicsEnvironment:   angle_gl_driver_selection_values=[]
09-08 08:43:49.648 12732 12732 V GraphicsEnvironment: com.negi.survey is not listed in per-application setting
09-08 08:43:49.648 12732 12732 V GraphicsEnvironment: ANGLE allowlist from config: com.dreamgames.royalmatch com.dts.freefiremax com.dxx.firenow com.gramgames.mergedragons com.ludo.king com.mojang.minecraftpe com.my.defense com.nintendo.zaka com.os.airforce com.playrix.fishdomdd.gplay io.teslatech.callbreak jp.konami.prospia net.peakgames.toonblast
09-08 08:43:49.648 12732 12732 V GraphicsEnvironment: No special selections for ANGLE, returning default driver choice
09-08 08:43:49.648 12732 12732 V GraphicsEnvironment: App is not on the allowlist for updatable production driver.
09-08 08:43:49.673 12732 12732 D nativeloader: Load /data/app/~~OjF4Khr7hHCqQj-BDawpgQ==/com.negi.survey--7tYAk0_y5ttOLeiUpZjpg==/base.apk!/lib/arm64-v8a/liblitertlm_jni.so using class loader ns clns-9 (caller=/data/app/~~OjF4Khr7hHCqQj-BDawpgQ==/com.negi.survey--7tYAk0_y5ttOLeiUpZjpg==/base.apk!classes4.dex): ok
09-08 08:43:49.674 12732 12732 D SurveyApp: Loaded LiteRTLM JNI: litertlm_jni where=attachBaseContext
09-08 08:43:49.678 12732 12732 D AppRingLogStore: installed: dir=/data/user/0/com.negi.survey/files/diagnostics/applog_ring idx=0
09-08 08:43:49.678 12732 12745 D RuntimeLogStore: openWriter: start -> /data/user/0/com.negi.survey/files/diagnostics/runtime_logs/rtlog_20260908_054349_677_pid12732_seq1.log (bytes=0 format=LEGACY)
09-08 08:43:49.678 12732 12732 D CrashCapture: install: ensured default handler. where=SurveyApp:attachBaseContext pid=12732 default=com.negi.survey.CrashCapture$CrashHandler@154ae4c
09-08 08:43:49.679 12732 12745 D RuntimeLogStore: retention: start files=2 kept=2 totalBytes=1747
09-08 08:43:49.694 12732 12732 D SurveyApp: LiteRTLM JNI already loaded; skip. where=onCreate(retry)
09-08 08:43:49.695 12732 12732 D CrashCapture: install: ensured default handler. where=SurveyApp:onCreate(rewrap) pid=12732 default=com.negi.survey.CrashCapture$CrashHandler@154ae4c
09-08 08:43:49.695 12732 12732 D CrashCapture: registerSelfHealing: ActivityLifecycleCallbacks registered. mode=onResumedOnly
09-08 08:43:49.698 12732 12747 D UploadRescheduleRcvr: No GitHub pending files for action=android.intent.action.BOOT_COMPLETED
09-08 08:43:49.700 12732 12747 D github_upload: enqueueStartupRuntimeLogsUpload: uniqueName=upload_runtime_logs_startup policy=KEEP session=startup_runtime_20260908_054349_09c7474d
09-08 08:43:49.703 12732 12747 D WM-PackageManagerHelper: Skipping component enablement for androidx.work.impl.background.systemjob.SystemJobService
09-08 08:43:49.703 12732 12747 D WM-Schedulers: Created SystemJobScheduler and enabled SystemJobService
09-08 08:43:49.703 12732 12752 D WM-ForceStopRunnable: Is default app process = true
09-08 08:43:49.703 12732 12752 D WM-ForceStopRunnable: Performing cleanup operations.
09-08 08:43:49.705 12732 12747 D UploadRescheduleRcvr: Enqueued runtime logs upload for action=android.intent.action.BOOT_COMPLETED reason=receiver_boot_completed
09-08 08:43:49.706 12732 12752 E ashmem  : Pinning is deprecated since Android Q. Please use trim or other methods.
09-08 08:43:49.710 12732 12752 D WM-SystemJobScheduler: Reconciling jobs
09-08 08:43:49.711 12732 12752 D WM-ForceStopRunnable: Found unfinished work, scheduling it.
09-08 08:43:49.716 12732 12756 D WM-SystemJobScheduler: Scheduling work ID f4b36510-5b97-411e-ade1-8af337bfc5c9Job ID 11
09-08 08:43:49.718 12732 12756 D WM-GreedyScheduler: Starting tracking for f4b36510-5b97-411e-ade1-8af337bfc5c9
09-08 08:43:49.721 12732 12756 D WM-WorkConstraintsTrack: NetworkRequestConstraintController register shared callback
09-08 08:43:49.722 12732 12756 D ConnectivityManager: StackLog: [android.net.ConnectivityManager.sendRequestForNetwork(ConnectivityManager.java:4744)] [android.net.ConnectivityManager.registerDefaultNetworkCallbackForUid(ConnectivityManager.java:5469)] [android.net.ConnectivityManager.registerDefaultNetworkCallback(ConnectivityManager.java:5436)] [android.net.ConnectivityManager.registerDefaultNetworkCallback(ConnectivityManager.java:5410)] [androidx.work.impl.constraints.SharedNetworkCallback.addCallback(WorkConstraintsTracker.kt:362)] [androidx.work.impl.constraints.NetworkRequestConstraintController$track$1.invokeSuspend(WorkConstraintsTracker.kt:179)] [androidx.work.impl.constraints.NetworkRequestConstraintController$track$1.invoke(WorkConstraintsTracker.kt:8)] [androidx.work.impl.constraints.NetworkRequestConstraintController$track$1.invoke(WorkConstraintsTracker.kt:4)] [kotlinx.coroutines.flow.ChannelFlowBuilder.collectTo$suspendImpl(Builders.kt:316)] [kotlinx.coroutines.flow.ChannelFlowBuilder.collectTo(Builders.kt:0)] [kotlinx.coroutines.flow.CallbackFlowBuilder.collectTo(Builders.kt:330)] [kotlinx.coroutines.flow.internal.ChannelFlow$collectToFun$1.invokeSuspend(ChannelFlow.kt:56)] [kotlin.coroutines.jvm.internal.BaseContinuationImpl.resumeWith(ContinuationImpl.kt:34)] [kotlinx.coroutines.DispatchedTask.run(DispatchedTask.kt:100)] [androidx.work.impl.utils.SerialExecutorImpl$Task.run(SerialExecutorImpl.java:96)] [java.util.concurrent.ThreadPoolExecutor.runWorker(ThreadPoolExecutor.java:1100)] [java.util.concurrent.ThreadPoolExecutor$Worker.run(ThreadPoolExecutor.java:624)] [java.lang.Thread.run(Thread.java:1572)]
09-08 08:43:49.724 12732 12759 D WM-WorkConstraintsTrack: NetworkRequestConstraintController onCapabilitiesChanged callback
09-08 08:43:49.724 12732 12759 D WM-WorkConstraintsTrack: Not dispatching constraint state yet: isBlocked=null, capabilitiesInitialized=true
09-08 08:43:49.724 12732 12759 D WM-WorkConstraintsTrack: NetworkRequestConstraintController onBlockedStatusChanged callback false
09-08 08:43:49.724 12732 12756 D WM-PackageManagerHelper: androidx.work.impl.background.systemalarm.RescheduleReceiver enabled
09-08 08:43:49.724 12732 12756 D WM-GreedyScheduler: Constraints met: Scheduling work ID WorkGenerationalId(workSpecId=f4b36510-5b97-411e-ade1-8af337bfc5c9, generation=0)
09-08 08:43:49.725 12732 12756 D WM-Processor: Processor: processing WorkGenerationalId(workSpecId=f4b36510-5b97-411e-ade1-8af337bfc5c9, generation=0)
09-08 08:43:49.727 12732 12732 D WM-WorkerWrapper: Starting work for com.negi.survey.net.GitHubUploadWorker
09-08 08:43:49.728 12732 12756 I WM-Processor: Moving WorkSpec (f4b36510-5b97-411e-ade1-8af337bfc5c9) to the foreground
09-08 08:43:49.731 12732 12732 I WM-SystemFgDispatcher: Started foreground service Intent { act=ACTION_START_FOREGROUND xflg=0x4 cmp=com.negi.survey/androidx.work.impl.foreground.SystemForegroundService (has extras) }
09-08 08:43:49.731 12732 12732 D WM-SystemFgDispatcher: Notifying with (id:3602, workSpecId: f4b36510-5b97-411e-ade1-8af337bfc5c9, notificationType :1)
09-08 08:43:49.732 12732 12732 W WM-SystemFgService: Unable to start foreground service
09-08 08:43:49.732 12732 12732 W WM-SystemFgService: android.app.ForegroundServiceStartNotAllowedException: FGS type dataSync not allowed to start from BOOT_COMPLETED!
09-08 08:43:49.732 12732 12732 W WM-SystemFgService: 	at android.app.ForegroundServiceStartNotAllowedException$1.createFromParcel(ForegroundServiceStartNotAllowedException.java:54)
09-08 08:43:49.732 12732 12732 W WM-SystemFgService: 	at android.app.ForegroundServiceStartNotAllowedException$1.createFromParcel(ForegroundServiceStartNotAllowedException.java:50)
09-08 08:43:49.732 12732 12732 W WM-SystemFgService: 	at android.os.Parcel.readParcelableInternal(Parcel.java:5277)
09-08 08:43:49.732 12732 12732 W WM-SystemFgService: 	at android.os.Parcel.readParcelable(Parcel.java:5258)
09-08 08:43:49.732 12732 12732 W WM-SystemFgService: 	at android.os.Parcel.createExceptionOrNull(Parcel.java:3383)
09-08 08:43:49.732 12732 12732 W WM-SystemFgService: 	at android.os.Parcel.createException(Parcel.java:3372)
09-08 08:43:49.732 12732 12732 W WM-SystemFgService: 	at android.os.Parcel.readException(Parcel.java:3355)
09-08 08:43:49.732 12732 12732 W WM-SystemFgService: 	at android.os.Parcel.readException(Parcel.java:3297)
09-08 08:43:49.732 12732 12732 W WM-SystemFgService: 	at android.app.IActivityManager$Stub$Proxy.setServiceForeground(IActivityManager.java:7682)
09-08 08:43:49.732 12732 12732 W WM-SystemFgService: 	at android.app.Service.startForeground(Service.java:862)
09-08 08:43:49.732 12732 12732 W WM-SystemFgService: 	at androidx.work.impl.foreground.SystemForegroundService$Api31Impl.startForeground(SystemForegroundService.java:192)
09-08 08:43:49.732 12732 12732 W WM-SystemFgService: 	at androidx.work.impl.foreground.SystemForegroundService.startForeground(SystemForegroundService.java:141)
09-08 08:43:49.732 12732 12732 W WM-SystemFgService: 	at androidx.work.impl.foreground.SystemForegroundDispatcher.handleNotify(SystemForegroundDispatcher.java:332)
09-08 08:43:49.732 12732 12732 W WM-SystemFgService: 	at androidx.work.impl.foreground.SystemForegroundDispatcher.onStartCommand(SystemForegroundDispatcher.java:221)
09-08 08:43:49.732 12732 12732 W WM-SystemFgService: 	at androidx.work.impl.foreground.SystemForegroundService.onStartCommand(SystemForegroundService.java:80)
09-08 08:43:49.732 12732 12732 W WM-SystemFgService: 	at android.app.ActivityThread.handleServiceArgs(ActivityThread.java:6453)
09-08 08:43:49.732 12732 12732 W WM-SystemFgService: 	at android.app.ActivityThread.-$$Nest$mhandleServiceArgs(ActivityThread.java:0)
09-08 08:43:49.732 12732 12732 W WM-SystemFgService: 	at android.app.ActivityThread$H.handleMessage(ActivityThread.java:3111)
09-08 08:43:49.732 12732 12732 W WM-SystemFgService: 	at android.os.Handler.dispatchMessage(Handler.java:132)
09-08 08:43:49.732 12732 12732 W WM-SystemFgService: 	at android.os.Looper.dispatchMessage(Looper.java:358)
09-08 08:43:49.732 12732 12732 W WM-SystemFgService: 	at android.os.Looper.loopOnce(Looper.java:288)
09-08 08:43:49.732 12732 12732 W WM-SystemFgService: 	at android.os.Looper.loop(Looper.java:392)
09-08 08:43:49.732 12732 12732 W WM-SystemFgService: 	at android.app.ActivityThread.main(ActivityThread.java:10346)
09-08 08:43:49.732 12732 12732 W WM-SystemFgService: 	at java.lang.reflect.Method.invoke(Native Method)
09-08 08:43:49.732 12732 12732 W WM-SystemFgService: 	at com.android.internal.os.RuntimeInit$MethodAndArgsCaller.run(RuntimeInit.java:638)
09-08 08:43:49.732 12732 12732 W WM-SystemFgService: 	at com.android.internal.os.ZygoteInit.main(ZygoteInit.java:972)
09-08 08:43:49.732 12732 12732 D WM-SystemFgDispatcher: Notifying with (id:3602, workSpecId: f4b36510-5b97-411e-ade1-8af337bfc5c9, notificationType :1)
--------- beginning of system
09-08 08:43:49.732 12732 12732 I NotificationManager: com.negi.survey: notify(3602, null, Notification(channel=uploads shortcut=null contentView=null vibrate=null sound=null defaults=0 flags=ONGOING_EVENT|ONLY_ALERT_ONCE color=0x00000000 category=progress vis=PRIVATE semFlags=0x0 semPriority=0 semMissedCount=0 semScenarioType=0)) as user
09-08 08:43:49.732 12732 12732 D NotificationManager: BOOTING pkg =com.negi.survey mBlockedChannelsForOverflowNoti=[]
09-08 08:43:49.732 12732 12756 D WM-WorkProgressUpdater: Updating progress for f4b36510-5b97-411e-ade1-8af337bfc5c9 (Data {pct : 3, mode : startup_runtime_logs})
09-08 08:43:49.733 12732 12756 D WM-WorkConstraintsTrack: NetworkRequestConstraintController send initial capabilities
09-08 08:43:49.733 12732 12732 W WM-SystemFgService: Unable to start foreground service
09-08 08:43:49.733 12732 12732 W WM-SystemFgService: android.app.ForegroundServiceStartNotAllowedException: FGS type dataSync not allowed to start from BOOT_COMPLETED!
09-08 08:43:49.733 12732 12732 W WM-SystemFgService: 	at android.app.ForegroundServiceStartNotAllowedException$1.createFromParcel(ForegroundServiceStartNotAllowedException.java:54)
09-08 08:43:49.733 12732 12732 W WM-SystemFgService: 	at android.app.ForegroundServiceStartNotAllowedException$1.createFromParcel(ForegroundServiceStartNotAllowedException.java:50)
09-08 08:43:49.733 12732 12732 W WM-SystemFgService: 	at android.os.Parcel.readParcelableInternal(Parcel.java:5277)
09-08 08:43:49.733 12732 12732 W WM-SystemFgService: 	at android.os.Parcel.readParcelable(Parcel.java:5258)
09-08 08:43:49.733 12732 12732 W WM-SystemFgService: 	at android.os.Parcel.createExceptionOrNull(Parcel.java:3383)
09-08 08:43:49.733 12732 12732 W WM-SystemFgService: 	at android.os.Parcel.createException(Parcel.java:3372)
09-08 08:43:49.733 12732 12732 W WM-SystemFgService: 	at android.os.Parcel.readException(Parcel.java:3355)
09-08 08:43:49.733 12732 12732 W WM-SystemFgService: 	at android.os.Parcel.readException(Parcel.java:3297)
09-08 08:43:49.733 12732 12732 W WM-SystemFgService: 	at android.app.IActivityManager$Stub$Proxy.setServiceForeground(IActivityManager.java:7682)
09-08 08:43:49.733 12732 12732 W WM-SystemFgService: 	at android.app.Service.startForeground(Service.java:862)
09-08 08:43:49.733 12732 12732 W WM-SystemFgService: 	at androidx.work.impl.foreground.SystemForegroundService$Api31Impl.startForeground(SystemForegroundService.java:192)
09-08 08:43:49.733 12732 12732 W WM-SystemFgService: 	at androidx.work.impl.foreground.SystemForegroundService.startForeground(SystemForegroundService.java:141)
09-08 08:43:49.733 12732 12732 W WM-SystemFgService: 	at androidx.work.impl.foreground.SystemForegroundDispatcher.handleNotify(SystemForegroundDispatcher.java:332)
09-08 08:43:49.733 12732 12732 W WM-SystemFgService: 	at androidx.work.impl.foreground.SystemForegroundDispatcher.onStartCommand(SystemForegroundDispatcher.java:223)
09-08 08:43:49.733 12732 12732 W WM-SystemFgService: 	at androidx.work.impl.foreground.SystemForegroundService.onStartCommand(SystemForegroundService.java:80)
09-08 08:43:49.733 12732 12732 W WM-SystemFgService: 	at android.app.ActivityThread.handleServiceArgs(ActivityThread.java:6453)
09-08 08:43:49.733 12732 12732 W WM-SystemFgService: 	at android.app.ActivityThread.-$$Nest$mhandleServiceArgs(ActivityThread.java:0)
09-08 08:43:49.733 12732 12732 W WM-SystemFgService: 	at android.app.ActivityThread$H.handleMessage(ActivityThread.java:3111)
09-08 08:43:49.733 12732 12732 W WM-SystemFgService: 	at android.os.Handler.dispatchMessage(Handler.java:132)
09-08 08:43:49.733 12732 12732 W WM-SystemFgService: 	at android.os.Looper.dispatchMessage(Looper.java:358)
09-08 08:43:49.733 12732 12732 W WM-SystemFgService: 	at android.os.Looper.loopOnce(Looper.java:288)
09-08 08:43:49.733 12732 12732 W WM-SystemFgService: 	at android.os.Looper.loop(Looper.java:392)
09-08 08:43:49.733 12732 12732 W WM-SystemFgService: 	at android.app.ActivityThread.main(ActivityThread.java:10346)
09-08 08:43:49.733 12732 12732 W WM-SystemFgService: 	at java.lang.reflect.Method.invoke(Native Method)
09-08 08:43:49.733 12732 12732 W WM-SystemFgService: 	at com.android.internal.os.RuntimeInit$MethodAndArgsCaller.run(RuntimeInit.java:638)
09-08 08:43:49.733 12732 12732 W WM-SystemFgService: 	at com.android.internal.os.ZygoteInit.main(ZygoteInit.java:972)
09-08 08:43:49.733 12732 12756 I WM-Processor: Moving WorkSpec (f4b36510-5b97-411e-ade1-8af337bfc5c9) to the foreground
09-08 08:43:49.734 12732 12732 D WM-SystemFgDispatcher: Notifying with (id:3602, workSpecId: f4b36510-5b97-411e-ade1-8af337bfc5c9, notificationType :1)
09-08 08:43:49.734 12732 12732 I NotificationManager: com.negi.survey: notify(3602, null, Notification(channel=uploads shortcut=null contentView=null vibrate=null sound=null defaults=0 flags=ONGOING_EVENT|ONLY_ALERT_ONCE color=0x00000000 category=progress vis=PRIVATE semFlags=0x0 semPriority=0 semMissedCount=0 semScenarioType=0)) as user
09-08 08:43:49.735 12732 12732 W WM-SystemFgService: Unable to start foreground service
09-08 08:43:49.735 12732 12732 W WM-SystemFgService: android.app.ForegroundServiceStartNotAllowedException: FGS type dataSync not allowed to start from BOOT_COMPLETED!
09-08 08:43:49.735 12732 12732 W WM-SystemFgService: 	at android.app.ForegroundServiceStartNotAllowedException$1.createFromParcel(ForegroundServiceStartNotAllowedException.java:54)
09-08 08:43:49.735 12732 12732 W WM-SystemFgService: 	at android.app.ForegroundServiceStartNotAllowedException$1.createFromParcel(ForegroundServiceStartNotAllowedException.java:50)
09-08 08:43:49.735 12732 12732 W WM-SystemFgService: 	at android.os.Parcel.readParcelableInternal(Parcel.java:5277)
09-08 08:43:49.735 12732 12732 W WM-SystemFgService: 	at android.os.Parcel.readParcelable(Parcel.java:5258)
09-08 08:43:49.735 12732 12732 W WM-SystemFgService: 	at android.os.Parcel.createExceptionOrNull(Parcel.java:3383)
09-08 08:43:49.735 12732 12732 W WM-SystemFgService: 	at android.os.Parcel.createException(Parcel.java:3372)
09-08 08:43:49.735 12732 12732 W WM-SystemFgService: 	at android.os.Parcel.readException(Parcel.java:3355)
09-08 08:43:49.735 12732 12732 W WM-SystemFgService: 	at android.os.Parcel.readException(Parcel.java:3297)
09-08 08:43:49.735 12732 12732 W WM-SystemFgService: 	at android.app.IActivityManager$Stub$Proxy.setServiceForeground(IActivityManager.java:7682)
09-08 08:43:49.735 12732 12732 W WM-SystemFgService: 	at android.app.Service.startForeground(Service.java:862)
09-08 08:43:49.735 12732 12732 W WM-SystemFgService: 	at androidx.work.impl.foreground.SystemForegroundService$Api31Impl.startForeground(SystemForegroundService.java:192)
09-08 08:43:49.735 12732 12732 W WM-SystemFgService: 	at androidx.work.impl.foreground.SystemForegroundService.startForeground(SystemForegroundService.java:141)
09-08 08:43:49.735 12732 12732 W WM-SystemFgService: 	at androidx.work.impl.foreground.SystemForegroundDispatcher.handleNotify(SystemForegroundDispatcher.java:332)
09-08 08:43:49.735 12732 12732 W WM-SystemFgService: 	at androidx.work.impl.foreground.SystemForegroundDispatcher.onStartCommand(SystemForegroundDispatcher.java:223)
09-08 08:43:49.735 12732 12732 W WM-SystemFgService: 	at androidx.work.impl.foreground.SystemForegroundService.onStartCommand(SystemForegroundService.java:80)
09-08 08:43:49.735 12732 12732 W WM-SystemFgService: 	at android.app.ActivityThread.handleServiceArgs(ActivityThread.java:6453)
09-08 08:43:49.735 12732 12732 W WM-SystemFgService: 	at android.app.ActivityThread.-$$Nest$mhandleServiceArgs(ActivityThread.java:0)
09-08 08:43:49.735 12732 12732 W WM-SystemFgService: 	at android.app.ActivityThread$H.handleMessage(ActivityThread.java:3111)
09-08 08:43:49.735 12732 12732 W WM-SystemFgService: 	at android.os.Handler.dispatchMessage(Handler.java:132)
09-08 08:43:49.735 12732 12732 W WM-SystemFgService: 	at android.os.Looper.dispatchMessage(Looper.java:358)
09-08 08:43:49.735 12732 12732 W WM-SystemFgService: 	at android.os.Looper.loopOnce(Looper.java:288)
09-08 08:43:49.735 12732 12732 W WM-SystemFgService: 	at android.os.Looper.loop(Looper.java:392)
09-08 08:43:49.735 12732 12732 W WM-SystemFgService: 	at android.app.ActivityThread.main(ActivityThread.java:10346)
09-08 08:43:49.735 12732 12732 W WM-SystemFgService: 	at java.lang.reflect.Method.invoke(Native Method)
09-08 08:43:49.735 12732 12732 W WM-SystemFgService: 	at com.android.internal.os.RuntimeInit$MethodAndArgsCaller.run(RuntimeInit.java:638)
09-08 08:43:49.735 12732 12732 W WM-SystemFgService: 	at com.android.internal.os.ZygoteInit.main(ZygoteInit.java:972)
09-08 08:43:50.934 12732 12745 D RuntimeLogStore: openWriter: rotate:plain_snapshot:receiver_boot_completed -> /data/user/0/com.negi.survey/files/diagnostics/runtime_logs/rtlog_20260908_054350_934_pid12732_seq2.log (bytes=0 format=LEGACY)
09-08 08:43:50.935 12732 12745 D RuntimeLogStore: retention: rotate:plain_snapshot:receiver_boot_completed files=3 kept=3 totalBytes=3458
09-08 08:43:50.936 12732 12748 D github_upload: doRuntimeLogsUpload: remoteBaseDir=diagnostics/runtime_logs/2026-09-08/runtime_logs_startup_runtime_20260908_054349_09c7474d_receiver_boot_completed toUpload=3 bytes=4648 dedupe=true deleteSource=true deletedSourcePre=0 preview='plain_logs_manifest_20260908_054350_935_pid12732_receiver_boot_completed.json|runtime_log_20260908_054350_935_pid12732_receiver_boot_completed__rtlog_20260908_054349_677_pid12732_seq1.log|runtime_log_20260908_054350_935_pid12732_receiver_boot_completed__rtlog_20260907_131427_324_pid15993_seq2.log'
09-08 08:43:50.936 12732 12748 D GitHubUploader: uploadStream: owner=ishizuki-tech repo=SurveyExports branch=main path=diagnostics/runtime_logs/2026-09-08/runtime_logs_startup_runtime_20260908_054349_09c7474d_receiver_boot_completed/plain_logs_manifest_20260908_054350_935_pid12732_receiver_boot_completed.json size=1528 maxRawBytesHint=1000000 maxRequestBytesHint=2800000
09-08 08:43:50.937 12732 12755 D WM-WorkProgressUpdater: Updating progress for f4b36510-5b97-411e-ade1-8af337bfc5c9 (Data {pct : 10, mode : startup_runtime_logs})
09-08 08:43:50.938 12732 12755 I WM-Processor: Moving WorkSpec (f4b36510-5b97-411e-ade1-8af337bfc5c9) to the foreground
09-08 08:43:50.939 12732 12732 D WM-SystemFgDispatcher: Notifying with (id:3602, workSpecId: f4b36510-5b97-411e-ade1-8af337bfc5c9, notificationType :1)
09-08 08:43:50.939 12732 12732 I NotificationManager: com.negi.survey: notify(3602, null, Notification(channel=uploads shortcut=null contentView=null vibrate=null sound=null defaults=0 flags=ONGOING_EVENT|ONLY_ALERT_ONCE color=0x00000000 category=progress vis=PRIVATE semFlags=0x0 semPriority=0 semMissedCount=0 semScenarioType=0)) as user
09-08 08:43:50.941 12732 12732 W WM-SystemFgService: Unable to start foreground service
09-08 08:43:50.941 12732 12732 W WM-SystemFgService: android.app.ForegroundServiceStartNotAllowedException: FGS type dataSync not allowed to start from BOOT_COMPLETED!
09-08 08:43:50.941 12732 12732 W WM-SystemFgService: 	at android.app.ForegroundServiceStartNotAllowedException$1.createFromParcel(ForegroundServiceStartNotAllowedException.java:54)
09-08 08:43:50.941 12732 12732 W WM-SystemFgService: 	at android.app.ForegroundServiceStartNotAllowedException$1.createFromParcel(ForegroundServiceStartNotAllowedException.java:50)
09-08 08:43:50.941 12732 12732 W WM-SystemFgService: 	at android.os.Parcel.readParcelableInternal(Parcel.java:5277)
09-08 08:43:50.941 12732 12732 W WM-SystemFgService: 	at android.os.Parcel.readParcelable(Parcel.java:5258)
09-08 08:43:50.941 12732 12732 W WM-SystemFgService: 	at android.os.Parcel.createExceptionOrNull(Parcel.java:3383)
09-08 08:43:50.941 12732 12732 W WM-SystemFgService: 	at android.os.Parcel.createException(Parcel.java:3372)
09-08 08:43:50.941 12732 12732 W WM-SystemFgService: 	at android.os.Parcel.readException(Parcel.java:3355)
09-08 08:43:50.941 12732 12732 W WM-SystemFgService: 	at android.os.Parcel.readException(Parcel.java:3297)
09-08 08:43:50.941 12732 12732 W WM-SystemFgService: 	at android.app.IActivityManager$Stub$Proxy.setServiceForeground(IActivityManager.java:7682)
09-08 08:43:50.941 12732 12732 W WM-SystemFgService: 	at android.app.Service.startForeground(Service.java:862)
09-08 08:43:50.941 12732 12732 W WM-SystemFgService: 	at androidx.work.impl.foreground.SystemForegroundService$Api31Impl.startForeground(SystemForegroundService.java:192)
09-08 08:43:50.941 12732 12732 W WM-SystemFgService: 	at androidx.work.impl.foreground.SystemForegroundService.startForeground(SystemForegroundService.java:141)
09-08 08:43:50.941 12732 12732 W WM-SystemFgService: 	at androidx.work.impl.foreground.SystemForegroundDispatcher.handleNotify(SystemForegroundDispatcher.java:332)
09-08 08:43:50.941 12732 12732 W WM-SystemFgService: 	at androidx.work.impl.foreground.SystemForegroundDispatcher.onStartCommand(SystemForegroundDispatcher.java:223)
09-08 08:43:50.941 12732 12732 W WM-SystemFgService: 	at androidx.work.impl.foreground.SystemForegroundService.onStartCommand(SystemForegroundService.java:80)
09-08 08:43:50.941 12732 12732 W WM-SystemFgService: 	at android.app.ActivityThread.handleServiceArgs(ActivityThread.java:6453)
09-08 08:43:50.941 12732 12732 W WM-SystemFgService: 	at android.app.ActivityThread.-$$Nest$mhandleServiceArgs(ActivityThread.java:0)
09-08 08:43:50.941 12732 12732 W WM-SystemFgService: 	at android.app.ActivityThread$H.handleMessage(ActivityThread.java:3111)
09-08 08:43:50.941 12732 12732 W WM-SystemFgService: 	at android.os.Handler.dispatchMessage(Handler.java:132)
09-08 08:43:50.941 12732 12732 W WM-SystemFgService: 	at android.os.Looper.dispatchMessage(Looper.java:358)
09-08 08:43:50.941 12732 12732 W WM-SystemFgService: 	at android.os.Looper.loopOnce(Looper.java:288)
09-08 08:43:50.941 12732 12732 W WM-SystemFgService: 	at android.os.Looper.loop(Looper.java:392)
09-08 08:43:50.941 12732 12732 W WM-SystemFgService: 	at android.app.ActivityThread.main(ActivityThread.java:10346)
09-08 08:43:50.941 12732 12732 W WM-SystemFgService: 	at java.lang.reflect.Method.invoke(Native Method)
09-08 08:43:50.941 12732 12732 W WM-SystemFgService: 	at com.android.internal.os.RuntimeInit$MethodAndArgsCaller.run(RuntimeInit.java:638)
09-08 08:43:50.941 12732 12732 W WM-SystemFgService: 	at com.android.internal.os.ZygoteInit.main(ZygoteInit.java:972)
09-08 08:43:51.606 12732 12756 D WM-WorkProgressUpdater: Updating progress for f4b36510-5b97-411e-ade1-8af337bfc5c9 (Data {pct : 12, mode : startup_runtime_logs})
09-08 08:43:51.608 12732 12756 I WM-Processor: Moving WorkSpec (f4b36510-5b97-411e-ade1-8af337bfc5c9) to the foreground
09-08 08:43:51.609 12732 12732 D WM-SystemFgDispatcher: Notifying with (id:3602, workSpecId: f4b36510-5b97-411e-ade1-8af337bfc5c9, notificationType :1)
09-08 08:43:51.609 12732 12732 I NotificationManager: com.negi.survey: notify(3602, null, Notification(channel=uploads shortcut=null contentView=null vibrate=null sound=null defaults=0 flags=ONGOING_EVENT|ONLY_ALERT_ONCE color=0x00000000 category=progress vis=PRIVATE semFlags=0x0 semPriority=0 semMissedCount=0 semScenarioType=0)) as user
09-08 08:43:51.610 12732 12756 D WM-WorkProgressUpdater: Updating progress for f4b36510-5b97-411e-ade1-8af337bfc5c9 (Data {pct : 33, mode : startup_runtime_logs})
09-08 08:43:51.611 12732 12756 I WM-Processor: Moving WorkSpec (f4b36510-5b97-411e-ade1-8af337bfc5c9) to the foreground
09-08 08:43:51.611 12732 12732 W WM-SystemFgService: Unable to start foreground service
09-08 08:43:51.611 12732 12732 W WM-SystemFgService: android.app.ForegroundServiceStartNotAllowedException: FGS type dataSync not allowed to start from BOOT_COMPLETED!
09-08 08:43:51.611 12732 12732 W WM-SystemFgService: 	at android.app.ForegroundServiceStartNotAllowedException$1.createFromParcel(ForegroundServiceStartNotAllowedException.java:54)
09-08 08:43:51.611 12732 12732 W WM-SystemFgService: 	at android.app.ForegroundServiceStartNotAllowedException$1.createFromParcel(ForegroundServiceStartNotAllowedException.java:50)
09-08 08:43:51.611 12732 12732 W WM-SystemFgService: 	at android.os.Parcel.readParcelableInternal(Parcel.java:5277)
09-08 08:43:51.611 12732 12732 W WM-SystemFgService: 	at android.os.Parcel.readParcelable(Parcel.java:5258)
09-08 08:43:51.611 12732 12732 W WM-SystemFgService: 	at android.os.Parcel.createExceptionOrNull(Parcel.java:3383)
09-08 08:43:51.611 12732 12732 W WM-SystemFgService: 	at android.os.Parcel.createException(Parcel.java:3372)
09-08 08:43:51.611 12732 12732 W WM-SystemFgService: 	at android.os.Parcel.readException(Parcel.java:3355)
09-08 08:43:51.611 12732 12732 W WM-SystemFgService: 	at android.os.Parcel.readException(Parcel.java:3297)
09-08 08:43:51.611 12732 12732 W WM-SystemFgService: 	at android.app.IActivityManager$Stub$Proxy.setServiceForeground(IActivityManager.java:7682)
09-08 08:43:51.611 12732 12732 W WM-SystemFgService: 	at android.app.Service.startForeground(Service.java:862)
09-08 08:43:51.611 12732 12732 W WM-SystemFgService: 	at androidx.work.impl.foreground.SystemForegroundService$Api31Impl.startForeground(SystemForegroundService.java:192)
09-08 08:43:51.611 12732 12732 W WM-SystemFgService: 	at androidx.work.impl.foreground.SystemForegroundService.startForeground(SystemForegroundService.java:141)
09-08 08:43:51.611 12732 12732 W WM-SystemFgService: 	at androidx.work.impl.foreground.SystemForegroundDispatcher.handleNotify(SystemForegroundDispatcher.java:332)
09-08 08:43:51.611 12732 12732 W WM-SystemFgService: 	at androidx.work.impl.foreground.SystemForegroundDispatcher.onStartCommand(SystemForegroundDispatcher.java:223)
09-08 08:43:51.611 12732 12732 W WM-SystemFgService: 	at androidx.work.impl.foreground.SystemForegroundService.onStartCommand(SystemForegroundService.java:80)
09-08 08:43:51.611 12732 12732 W WM-SystemFgService: 	at android.app.ActivityThread.handleServiceArgs(ActivityThread.java:6453)
09-08 08:43:51.611 12732 12732 W WM-SystemFgService: 	at android.app.ActivityThread.-$$Nest$mhandleServiceArgs(ActivityThread.java:0)
09-08 08:43:51.611 12732 12732 W WM-SystemFgService: 	at android.app.ActivityThread$H.handleMessage(ActivityThread.java:3111)
09-08 08:43:51.611 12732 12732 W WM-SystemFgService: 	at android.os.Handler.dispatchMessage(Handler.java:132)
09-08 08:43:51.611 12732 12732 W WM-SystemFgService: 	at android.os.Looper.dispatchMessage(Looper.java:358)
09-08 08:43:51.611 12732 12732 W WM-SystemFgService: 	at android.os.Looper.loopOnce(Looper.java:288)
09-08 08:43:51.611 12732 12732 W WM-SystemFgService: 	at android.os.Looper.loop(Looper.java:392)
09-08 08:43:51.611 12732 12732 W WM-SystemFgService: 	at android.app.ActivityThread.main(ActivityThread.java:10346)
09-08 08:43:51.611 12732 12732 W WM-SystemFgService: 	at java.lang.reflect.Method.invoke(Native Method)
09-08 08:43:51.611 12732 12732 W WM-SystemFgService: 	at com.android.internal.os.RuntimeInit$MethodAndArgsCaller.run(RuntimeInit.java:638)
09-08 08:43:51.611 12732 12732 W WM-SystemFgService: 	at com.android.internal.os.ZygoteInit.main(ZygoteInit.java:972)
09-08 08:43:51.612 12732 12732 D WM-SystemFgDispatcher: Notifying with (id:3602, workSpecId: f4b36510-5b97-411e-ade1-8af337bfc5c9, notificationType :1)
09-08 08:43:51.612 12732 12732 I NotificationManager: com.negi.survey: notify(3602, null, Notification(channel=uploads shortcut=null contentView=null vibrate=null sound=null defaults=0 flags=ONGOING_EVENT|ONLY_ALERT_ONCE color=0x00000000 category=progress vis=PRIVATE semFlags=0x0 semPriority=0 semMissedCount=0 semScenarioType=0)) as user
09-08 08:43:51.613 12732 12732 W WM-SystemFgService: Unable to start foreground service
09-08 08:43:51.613 12732 12732 W WM-SystemFgService: android.app.ForegroundServiceStartNotAllowedException: FGS type dataSync not allowed to start from BOOT_COMPLETED!
09-08 08:43:51.613 12732 12732 W WM-SystemFgService: 	at android.app.ForegroundServiceStartNotAllowedException$1.createFromParcel(ForegroundServiceStartNotAllowedException.java:54)
09-08 08:43:51.613 12732 12732 W WM-SystemFgService: 	at android.app.ForegroundServiceStartNotAllowedException$1.createFromParcel(ForegroundServiceStartNotAllowedException.java:50)
09-08 08:43:51.613 12732 12732 W WM-SystemFgService: 	at android.os.Parcel.readParcelableInternal(Parcel.java:5277)
09-08 08:43:51.613 12732 12732 W WM-SystemFgService: 	at android.os.Parcel.readParcelable(Parcel.java:5258)
09-08 08:43:51.613 12732 12732 W WM-SystemFgService: 	at android.os.Parcel.createExceptionOrNull(Parcel.java:3383)
09-08 08:43:51.613 12732 12732 W WM-SystemFgService: 	at android.os.Parcel.createException(Parcel.java:3372)
09-08 08:43:51.613 12732 12732 W WM-SystemFgService: 	at android.os.Parcel.readException(Parcel.java:3355)
09-08 08:43:51.613 12732 12732 W WM-SystemFgService: 	at android.os.Parcel.readException(Parcel.java:3297)
09-08 08:43:51.613 12732 12732 W WM-SystemFgService: 	at android.app.IActivityManager$Stub$Proxy.setServiceForeground(IActivityManager.java:7682)
09-08 08:43:51.613 12732 12732 W WM-SystemFgService: 	at android.app.Service.startForeground(Service.java:862)
09-08 08:43:51.613 12732 12732 W WM-SystemFgService: 	at androidx.work.impl.foreground.SystemForegroundService$Api31Impl.startForeground(SystemForegroundService.java:192)
09-08 08:43:51.613 12732 12732 W WM-SystemFgService: 	at androidx.work.impl.foreground.SystemForegroundService.startForeground(SystemForegroundService.java:141)
09-08 08:43:51.613 12732 12732 W WM-SystemFgService: 	at androidx.work.impl.foreground.SystemForegroundDispatcher.handleNotify(SystemForegroundDispatcher.java:332)
09-08 08:43:51.613 12732 12732 W WM-SystemFgService: 	at androidx.work.impl.foreground.SystemForegroundDispatcher.onStartCommand(SystemForegroundDispatcher.java:223)
09-08 08:43:51.613 12732 12732 W WM-SystemFgService: 	at androidx.work.impl.foreground.SystemForegroundService.onStartCommand(SystemForegroundService.java:80)
09-08 08:43:51.613 12732 12732 W WM-SystemFgService: 	at android.app.ActivityThread.handleServiceArgs(ActivityThread.java:6453)
09-08 08:43:51.613 12732 12732 W WM-SystemFgService: 	at android.app.ActivityThread.-$$Nest$mhandleServiceArgs(ActivityThread.java:0)
09-08 08:43:51.613 12732 12732 W WM-SystemFgService: 	at android.app.ActivityThread$H.handleMessage(ActivityThread.java:3111)
09-08 08:43:51.613 12732 12732 W WM-SystemFgService: 	at android.os.Handler.dispatchMessage(Handler.java:132)
09-08 08:43:51.613 12732 12732 W WM-SystemFgService: 	at android.os.Looper.dispatchMessage(Looper.java:358)
09-08 08:43:51.613 12732 12732 W WM-SystemFgService: 	at android.os.Looper.loopOnce(Looper.java:288)
09-08 08:43:51.613 12732 12732 W WM-SystemFgService: 	at android.os.Looper.loop(Looper.java:392)
09-08 08:43:51.613 12732 12732 W WM-SystemFgService: 	at android.app.ActivityThread.main(ActivityThread.java:10346)
09-08 08:43:51.613 12732 12732 W WM-SystemFgService: 	at java.lang.reflect.Method.invoke(Native Method)
09-08 08:43:51.613 12732 12732 W WM-SystemFgService: 	at com.android.internal.os.RuntimeInit$MethodAndArgsCaller.run(RuntimeInit.java:638)
09-08 08:43:51.613 12732 12732 W WM-SystemFgService: 	at com.android.internal.os.ZygoteInit.main(ZygoteInit.java:972)
09-08 08:43:52.197 12732 12732 D github_upload: enqueueStartupRuntimeLogsUpload: uniqueName=upload_runtime_logs_startup policy=KEEP session=startup_runtime_20260908_054352_622cbefa
09-08 08:43:52.198 12732 12732 D github_upload: enqueueStartupRingLogsUpload: uniqueName=upload_ring_logs_startup policy=KEEP session=startup_ring_20260908_054352_be2d7d3b
09-08 08:43:52.198 12732 14020 D CrashCapture: enqueuePendingCrashUploadsIfPossible enter where=SurveyApp:enqueuePending(immediate):bg pid=12732 thread=CrashCapture-Enqueue
09-08 08:43:52.204 12732 12755 D WM-SystemJobScheduler: Scheduling work ID 12d0b681-4b66-45c9-a657-a23db0a44547Job ID 12
09-08 08:43:52.205 12732 12755 D WM-GreedyScheduler: Starting tracking for 12d0b681-4b66-45c9-a657-a23db0a44547
09-08 08:43:52.206 12732 12755 D WM-WorkConstraintsTrack: NetworkRequestConstraintController send initial capabilities
09-08 08:43:52.207 12732 12755 D WM-GreedyScheduler: Constraints met: Scheduling work ID WorkGenerationalId(workSpecId=12d0b681-4b66-45c9-a657-a23db0a44547, generation=0)
09-08 08:43:52.207 12732 12755 D WM-Processor: Processor: processing WorkGenerationalId(workSpecId=12d0b681-4b66-45c9-a657-a23db0a44547, generation=0)
09-08 08:43:52.209 12732 12732 D WM-WorkerWrapper: Starting work for com.negi.survey.net.GitHubUploadWorker
09-08 08:43:52.210 12732 12755 I WM-Processor: Moving WorkSpec (12d0b681-4b66-45c9-a657-a23db0a44547) to the foreground
09-08 08:43:52.212 12732 12732 I WM-SystemFgDispatcher: Started foreground service Intent { act=ACTION_START_FOREGROUND xflg=0x4 cmp=com.negi.survey/androidx.work.impl.foreground.SystemForegroundService (has extras) }
09-08 08:43:52.212 12732 12732 D WM-SystemFgDispatcher: Notifying with (id:5295, workSpecId: 12d0b681-4b66-45c9-a657-a23db0a44547, notificationType :1)
09-08 08:43:52.212 12732 12732 I NotificationManager: com.negi.survey: notify(5295, null, Notification(channel=uploads shortcut=null contentView=null vibrate=null sound=null defaults=0 flags=ONGOING_EVENT|ONLY_ALERT_ONCE color=0x00000000 category=progress vis=PRIVATE semFlags=0x0 semPriority=0 semMissedCount=0 semScenarioType=0)) as user
09-08 08:43:52.213 12732 12755 D WM-WorkConstraintsTrack: NetworkRequestConstraintController send initial capabilities
09-08 08:43:52.213 12732 12755 D WM-WorkProgressUpdater: Updating progress for 12d0b681-4b66-45c9-a657-a23db0a44547 (Data {pct : 3, mode : startup_ring_logs})
09-08 08:43:52.214 12732 12755 I WM-Processor: Moving WorkSpec (12d0b681-4b66-45c9-a657-a23db0a44547) to the foreground
09-08 08:43:52.215 12732 12732 W WM-SystemFgService: Unable to start foreground service
09-08 08:43:52.215 12732 12732 W WM-SystemFgService: android.app.ForegroundServiceStartNotAllowedException: FGS type dataSync not allowed to start from BOOT_COMPLETED!
09-08 08:43:52.215 12732 12732 W WM-SystemFgService: 	at android.app.ForegroundServiceStartNotAllowedException$1.createFromParcel(ForegroundServiceStartNotAllowedException.java:54)
09-08 08:43:52.215 12732 12732 W WM-SystemFgService: 	at android.app.ForegroundServiceStartNotAllowedException$1.createFromParcel(ForegroundServiceStartNotAllowedException.java:50)
09-08 08:43:52.215 12732 12732 W WM-SystemFgService: 	at android.os.Parcel.readParcelableInternal(Parcel.java:5277)
09-08 08:43:52.215 12732 12732 W WM-SystemFgService: 	at android.os.Parcel.readParcelable(Parcel.java:5258)
09-08 08:43:52.215 12732 12732 W WM-SystemFgService: 	at android.os.Parcel.createExceptionOrNull(Parcel.java:3383)
09-08 08:43:52.215 12732 12732 W WM-SystemFgService: 	at android.os.Parcel.createException(Parcel.java:3372)
09-08 08:43:52.215 12732 12732 W WM-SystemFgService: 	at android.os.Parcel.readException(Parcel.java:3355)
09-08 08:43:52.215 12732 12732 W WM-SystemFgService: 	at android.os.Parcel.readException(Parcel.java:3297)
09-08 08:43:52.215 12732 12732 W WM-SystemFgService: 	at android.app.IActivityManager$Stub$Proxy.setServiceForeground(IActivityManager.java:7682)
09-08 08:43:52.215 12732 12732 W WM-SystemFgService: 	at android.app.Service.startForeground(Service.java:862)
09-08 08:43:52.215 12732 12732 W WM-SystemFgService: 	at androidx.work.impl.foreground.SystemForegroundService$Api31Impl.startForeground(SystemForegroundService.java:192)
09-08 08:43:52.215 12732 12732 W WM-SystemFgService: 	at androidx.work.impl.foreground.SystemForegroundService.startForeground(SystemForegroundService.java:141)
09-08 08:43:52.215 12732 12732 W WM-SystemFgService: 	at androidx.work.impl.foreground.SystemForegroundDispatcher.handleNotify(SystemForegroundDispatcher.java:332)
09-08 08:43:52.215 12732 12732 W WM-SystemFgService: 	at androidx.work.impl.foreground.SystemForegroundDispatcher.onStartCommand(SystemForegroundDispatcher.java:221)
09-08 08:43:52.215 12732 12732 W WM-SystemFgService: 	at androidx.work.impl.foreground.SystemForegroundService.onStartCommand(SystemForegroundService.java:80)
09-08 08:43:52.215 12732 12732 W WM-SystemFgService: 	at android.app.ActivityThread.handleServiceArgs(ActivityThread.java:6453)
09-08 08:43:52.215 12732 12732 W WM-SystemFgService: 	at android.app.ActivityThread.-$$Nest$mhandleServiceArgs(ActivityThread.java:0)
09-08 08:43:52.215 12732 12732 W WM-SystemFgService: 	at android.app.ActivityThread$H.handleMessage(ActivityThread.java:3111)
09-08 08:43:52.215 12732 12732 W WM-SystemFgService: 	at android.os.Handler.dispatchMessage(Handler.java:132)
09-08 08:43:52.215 12732 12732 W WM-SystemFgService: 	at android.os.Looper.dispatchMessage(Looper.java:358)
09-08 08:43:52.215 12732 12732 W WM-SystemFgService: 	at android.os.Looper.loopOnce(Looper.java:288)
09-08 08:43:52.215 12732 12732 W WM-SystemFgService: 	at android.os.Looper.loop(Looper.java:392)
09-08 08:43:52.215 12732 12732 W WM-SystemFgService: 	at android.app.ActivityThread.main(ActivityThread.java:10346)
09-08 08:43:52.215 12732 12732 W WM-SystemFgService: 	at java.lang.reflect.Method.invoke(Native Method)
09-08 08:43:52.215 12732 12732 W WM-SystemFgService: 	at com.android.internal.os.RuntimeInit$MethodAndArgsCaller.run(RuntimeInit.java:638)
09-08 08:43:52.215 12732 12732 W WM-SystemFgService: 	at com.android.internal.os.ZygoteInit.main(ZygoteInit.java:972)
09-08 08:43:52.215 12732 12732 D WM-SystemFgDispatcher: Notifying with (id:5295, workSpecId: 12d0b681-4b66-45c9-a657-a23db0a44547, notificationType :1)
09-08 08:43:52.215 12732 12732 I NotificationManager: com.negi.survey: notify(5295, null, Notification(channel=uploads shortcut=null contentView=null vibrate=null sound=null defaults=0 flags=ONGOING_EVENT|ONLY_ALERT_ONCE color=0x00000000 category=progress vis=PRIVATE semFlags=0x0 semPriority=0 semMissedCount=0 semScenarioType=0)) as user
09-08 08:43:52.217 12732 12732 W WM-SystemFgService: Unable to start foreground service
09-08 08:43:52.217 12732 12732 W WM-SystemFgService: android.app.ForegroundServiceStartNotAllowedException: FGS type dataSync not allowed to start from BOOT_COMPLETED!
09-08 08:43:52.217 12732 12732 W WM-SystemFgService: 	at android.app.ForegroundServiceStartNotAllowedException$1.createFromParcel(ForegroundServiceStartNotAllowedException.java:54)
09-08 08:43:52.217 12732 12732 W WM-SystemFgService: 	at android.app.ForegroundServiceStartNotAllowedException$1.createFromParcel(ForegroundServiceStartNotAllowedException.java:50)
09-08 08:43:52.217 12732 12732 W WM-SystemFgService: 	at android.os.Parcel.readParcelableInternal(Parcel.java:5277)
09-08 08:43:52.217 12732 12732 W WM-SystemFgService: 	at android.os.Parcel.readParcelable(Parcel.java:5258)
09-08 08:43:52.217 12732 12732 W WM-SystemFgService: 	at android.os.Parcel.createExceptionOrNull(Parcel.java:3383)
09-08 08:43:52.217 12732 12732 W WM-SystemFgService: 	at android.os.Parcel.createException(Parcel.java:3372)
09-08 08:43:52.217 12732 12732 W WM-SystemFgService: 	at android.os.Parcel.readException(Parcel.java:3355)
09-08 08:43:52.217 12732 12732 W WM-SystemFgService: 	at android.os.Parcel.readException(Parcel.java:3297)
09-08 08:43:52.217 12732 12732 W WM-SystemFgService: 	at android.app.IActivityManager$Stub$Proxy.setServiceForeground(IActivityManager.java:7682)
09-08 08:43:52.217 12732 12732 W WM-SystemFgService: 	at android.app.Service.startForeground(Service.java:862)
09-08 08:43:52.217 12732 12732 W WM-SystemFgService: 	at androidx.work.impl.foreground.SystemForegroundService$Api31Impl.startForeground(SystemForegroundService.java:192)
09-08 08:43:52.217 12732 12732 W WM-SystemFgService: 	at androidx.work.impl.foreground.SystemForegroundService.startForeground(SystemForegroundService.java:141)
09-08 08:43:52.217 12732 12732 W WM-SystemFgService: 	at androidx.work.impl.foreground.SystemForegroundDispatcher.handleNotify(SystemForegroundDispatcher.java:332)
09-08 08:43:52.217 12732 12732 W WM-SystemFgService: 	at androidx.work.impl.foreground.SystemForegroundDispatcher.onStartCommand(SystemForegroundDispatcher.java:223)
09-08 08:43:52.217 12732 12732 W WM-SystemFgService: 	at androidx.work.impl.foreground.SystemForegroundService.onStartCommand(SystemForegroundService.java:80)
09-08 08:43:52.217 12732 12732 W WM-SystemFgService: 	at android.app.ActivityThread.handleServiceArgs(ActivityThread.java:6453)
09-08 08:43:52.217 12732 12732 W WM-SystemFgService: 	at android.app.ActivityThread.-$$Nest$mhandleServiceArgs(ActivityThread.java:0)
09-08 08:43:52.217 12732 12732 W WM-SystemFgService: 	at android.app.ActivityThread$H.handleMessage(ActivityThread.java:3111)
09-08 08:43:52.217 12732 12732 W WM-SystemFgService: 	at android.os.Handler.dispatchMessage(Handler.java:132)
09-08 08:43:52.217 12732 12732 W WM-SystemFgService: 	at android.os.Looper.dispatchMessage(Looper.java:358)
09-08 08:43:52.217 12732 12732 W WM-SystemFgService: 	at android.os.Looper.loopOnce(Looper.java:288)
09-08 08:43:52.217 12732 12732 W WM-SystemFgService: 	at android.os.Looper.loop(Looper.java:392)
09-08 08:43:52.217 12732 12732 W WM-SystemFgService: 	at android.app.ActivityThread.main(ActivityThread.java:10346)
09-08 08:43:52.217 12732 12732 W WM-SystemFgService: 	at java.lang.reflect.Method.invoke(Native Method)
09-08 08:43:52.217 12732 12732 W WM-SystemFgService: 	at com.android.internal.os.RuntimeInit$MethodAndArgsCaller.run(RuntimeInit.java:638)
09-08 08:43:52.217 12732 12732 W WM-SystemFgService: 	at com.android.internal.os.ZygoteInit.main(ZygoteInit.java:972)
09-08 08:43:52.217 12732 12732 D WM-SystemFgDispatcher: Notifying with (id:5295, workSpecId: 12d0b681-4b66-45c9-a657-a23db0a44547, notificationType :1)
09-08 08:43:52.217 12732 12732 I NotificationManager: com.negi.survey: notify(5295, null, Notification(channel=uploads shortcut=null contentView=null vibrate=null sound=null defaults=0 flags=ONGOING_EVENT|ONLY_ALERT_ONCE color=0x00000000 category=progress vis=PRIVATE semFlags=0x0 semPriority=0 semMissedCount=0 semScenarioType=0)) as user
09-08 08:43:52.218 12732 12732 W WM-SystemFgService: Unable to start foreground service
09-08 08:43:52.218 12732 12732 W WM-SystemFgService: android.app.ForegroundServiceStartNotAllowedException: FGS type dataSync not allowed to start from BOOT_COMPLETED!
09-08 08:43:52.218 12732 12732 W WM-SystemFgService: 	at android.app.ForegroundServiceStartNotAllowedException$1.createFromParcel(ForegroundServiceStartNotAllowedException.java:54)
09-08 08:43:52.218 12732 12732 W WM-SystemFgService: 	at android.app.ForegroundServiceStartNotAllowedException$1.createFromParcel(ForegroundServiceStartNotAllowedException.java:50)
09-08 08:43:52.218 12732 12732 W WM-SystemFgService: 	at android.os.Parcel.readParcelableInternal(Parcel.java:5277)
09-08 08:43:52.218 12732 12732 W WM-SystemFgService: 	at android.os.Parcel.readParcelable(Parcel.java:5258)
09-08 08:43:52.218 12732 12732 W WM-SystemFgService: 	at android.os.Parcel.createExceptionOrNull(Parcel.java:3383)
09-08 08:43:52.218 12732 12732 W WM-SystemFgService: 	at android.os.Parcel.createException(Parcel.java:3372)
09-08 08:43:52.218 12732 12732 W WM-SystemFgService: 	at android.os.Parcel.readException(Parcel.java:3355)
09-08 08:43:52.218 12732 12732 W WM-SystemFgService: 	at android.os.Parcel.readException(Parcel.java:3297)
09-08 08:43:52.218 12732 12732 W WM-SystemFgService: 	at android.app.IActivityManager$Stub$Proxy.setServiceForeground(IActivityManager.java:7682)
09-08 08:43:52.218 12732 12732 W WM-SystemFgService: 	at android.app.Service.startForeground(Service.java:862)
09-08 08:43:52.218 12732 12732 W WM-SystemFgService: 	at androidx.work.impl.foreground.SystemForegroundService$Api31Impl.startForeground(SystemForegroundService.java:192)
09-08 08:43:52.218 12732 12732 W WM-SystemFgService: 	at androidx.work.impl.foreground.SystemForegroundService.startForeground(SystemForegroundService.java:141)
09-08 08:43:52.218 12732 12732 W WM-SystemFgService: 	at androidx.work.impl.foreground.SystemForegroundDispatcher.handleNotify(SystemForegroundDispatcher.java:332)
09-08 08:43:52.218 12732 12732 W WM-SystemFgService: 	at androidx.work.impl.foreground.SystemForegroundDispatcher.onStartCommand(SystemForegroundDispatcher.java:223)
09-08 08:43:52.218 12732 12732 W WM-SystemFgService: 	at androidx.work.impl.foreground.SystemForegroundService.onStartCommand(SystemForegroundService.java:80)
09-08 08:43:52.218 12732 12732 W WM-SystemFgService: 	at android.app.ActivityThread.handleServiceArgs(ActivityThread.java:6453)
09-08 08:43:52.218 12732 12732 W WM-SystemFgService: 	at android.app.ActivityThread.-$$Nest$mhandleServiceArgs(ActivityThread.java:0)
09-08 08:43:52.218 12732 12732 W WM-SystemFgService: 	at android.app.ActivityThread$H.handleMessage(ActivityThread.java:3111)
09-08 08:43:52.218 12732 12732 W WM-SystemFgService: 	at android.os.Handler.dispatchMessage(Handler.java:132)
09-08 08:43:52.218 12732 12732 W WM-SystemFgService: 	at android.os.Looper.dispatchMessage(Looper.java:358)
09-08 08:43:52.218 12732 12732 W WM-SystemFgService: 	at android.os.Looper.loopOnce(Looper.java:288)
09-08 08:43:52.218 12732 12732 W WM-SystemFgService: 	at android.os.Looper.loop(Looper.java:392)
09-08 08:43:52.218 12732 12732 W WM-SystemFgService: 	at android.app.ActivityThread.main(ActivityThread.java:10346)
09-08 08:43:52.218 12732 12732 W WM-SystemFgService: 	at java.lang.reflect.Method.invoke(Native Method)
09-08 08:43:52.218 12732 12732 W WM-SystemFgService: 	at com.android.internal.os.RuntimeInit$MethodAndArgsCaller.run(RuntimeInit.java:638)
09-08 08:43:52.218 12732 12732 W WM-SystemFgService: 	at com.android.internal.os.ZygoteInit.main(ZygoteInit.java:972)
