20260909_002706 I/AppRingLogStore pid=19025 tid=19025 uptimeMs=2194338555 msg=install: pid=19025 timeUtc=20260909_002706 uptimeMs=2194338554
20260909_002706 D/SurveyApp pid=19025 tid=19025 uptimeMs=2194338556 msg=attachBaseContext: pid=19025 process=com.negi.survey isMain=true sdk=36
20260909_002706 D/SurveyApp pid=19025 tid=19025 uptimeMs=2194338590 msg=onCreate: pid=19025 process=com.negi.survey isMain=true sdk=36
20260909_002808 D/AiTrace pid=19025 tid=19046 uptimeMs=2194400868 msg=Installed (enabled=true ringEnabled=true)
20260909_002809 D/AiTrace pid=19025 tid=19046 uptimeMs=2194402411 msg=Installed (enabled=true ringEnabled=true)
20260909_002811 D/AiViewModel pid=19025 tid=19064 uptimeMs=2194403762 msg=run[1]: mode=EVAL_JSON phase=EVAL commit=true prompt.len=292, fullPrompt.len=1133, timeoutMs=60000
20260909_002811 D/AiViewModel pid=19025 tid=19064 uptimeMs=2194403766 msg=run[1]: sha(prompt)=d50398167cfe3427a9a984163543ec9195c21f4ec52a4794b3f712528412dd91 sha(full)=1b536c849e68b9b0ca573b8cb3ba9d3d6870e1ace26ecfc9b9b86ca58036bb14
20260909_002811 D/LiteRtRepository pid=19025 tid=19068 uptimeMs=2194403775 msg=[1] start model='gemma-3n-E4B-it' prompt.len=1133 sha=1b536c849e68b9b0 gateWaitMs=6
20260909_002811 D/LiteRtRepository pid=19025 tid=19068 uptimeMs=2194403778 msg=[1] init ok initMs=2
20260909_002816 D/LiteRtRepository pid=19025 tid=19025 uptimeMs=2194409333 msg=[1] logicalDone=true
20260909_002816 D/LiteRtRepository pid=19025 tid=19025 uptimeMs=2194409334 msg=[1] native cleanup safepoint
20260909_002816 D/AiViewModel pid=19025 tid=19068 uptimeMs=2194409334 msg=run[1] stats: chunks=19, chars=57, raw.len=57
20260909_002816 D/AiViewModel pid=19025 tid=19068 uptimeMs=2194409339 msg=run[1] sha(raw)=8d3bc1ac184ede55a7fda7341213618173536394a0dc1ee9002781dd5f3f75be
20260909_002816 D/LiteRtRepository pid=19025 tid=19284 uptimeMs=2194409361 msg=[1] Conversation reset completed after safepoint
20260909_002816 I/LiteRtRepository pid=19025 tid=19065 uptimeMs=2194409363 msg=[1] finalize reason='native-terminated' totalMs=5588 inferenceMs=5584 firstTokenMs=2493 chunks=19 emittedChars=57 out.len=57 capturedAll=true logicalDone=true nativeTerminated=true cancelTag='null' lastDeltaMsAgo=195 lastEventMsAgo=29
20260909_002816 I/AiViewModel pid=19025 tid=19068 uptimeMs=2194409366 msg=run[1] done: phase=EVAL mode=EVAL_JSON score=95 FU0.len=0 FU0.sha16=none commit=true err=<none>
20260909_003112 I/AppRingLogStore pid=19343 tid=19343 uptimeMs=2194584866 msg=install: pid=19343 timeUtc=20260909_003112 uptimeMs=2194584864
20260909_003112 D/SurveyApp pid=19343 tid=19343 uptimeMs=2194584867 msg=attachBaseContext: pid=19343 process=com.negi.survey isMain=true sdk=36
20260909_003112 D/SurveyApp pid=19343 tid=19343 uptimeMs=2194584944 msg=onCreate: pid=19343 process=com.negi.survey isMain=true sdk=36
20260909_003120 D/AiTrace pid=19343 tid=19359 uptimeMs=2194592548 msg=Installed (enabled=true ringEnabled=true)
20260909_003121 D/AiViewModel pid=19343 tid=19420 uptimeMs=2194593724 msg=run[1]: mode=EVAL_JSON phase=EVAL commit=true prompt.len=292, fullPrompt.len=1133, timeoutMs=60000
20260909_003121 D/AiViewModel pid=19343 tid=19420 uptimeMs=2194593729 msg=run[1]: sha(prompt)=d50398167cfe3427a9a984163543ec9195c21f4ec52a4794b3f712528412dd91 sha(full)=1b536c849e68b9b0ca573b8cb3ba9d3d6870e1ace26ecfc9b9b86ca58036bb14
20260909_003121 D/LiteRtRepository pid=19343 tid=19419 uptimeMs=2194593733 msg=[1] start model='gemma-3n-E4B-it' prompt.len=1133 sha=1b536c849e68b9b0 gateWaitMs=2
20260909_003121 D/LiteRtRepository pid=19343 tid=19419 uptimeMs=2194593736 msg=[1] init ok initMs=2
20260909_003126 D/LiteRtRepository pid=19343 tid=19343 uptimeMs=2194599203 msg=[1] logicalDone=true
20260909_003126 D/AiViewModel pid=19343 tid=19399 uptimeMs=2194599203 msg=run[1] stats: chunks=19, chars=57, raw.len=57
20260909_003126 D/LiteRtRepository pid=19343 tid=19343 uptimeMs=2194599204 msg=[1] native cleanup safepoint
20260909_003126 D/AiViewModel pid=19343 tid=19399 uptimeMs=2194599205 msg=run[1] sha(raw)=8d3bc1ac184ede55a7fda7341213618173536394a0dc1ee9002781dd5f3f75be
20260909_003126 D/LiteRtRepository pid=19343 tid=19420 uptimeMs=2194599223 msg=[1] Conversation reset completed after safepoint
20260909_003126 I/AiViewModel pid=19343 tid=19399 uptimeMs=2194599224 msg=run[1] done: phase=EVAL mode=EVAL_JSON score=95 FU0.len=0 FU0.sha16=none commit=true err=<none>
20260909_003126 I/LiteRtRepository pid=19343 tid=19400 uptimeMs=2194599225 msg=[1] finalize reason='native-terminated' totalMs=5491 inferenceMs=5488 firstTokenMs=2453 chunks=19 emittedChars=57 out.len=57 capturedAll=true logicalDone=true nativeTerminated=true cancelTag='null' lastDeltaMsAgo=184 lastEventMsAgo=21
20260909_005252 I/AppRingLogStore pid=21078 tid=21078 uptimeMs=2195884631 msg=install: pid=21078 timeUtc=20260909_005252 uptimeMs=2195884629
20260909_005252 D/SurveyApp pid=21078 tid=21078 uptimeMs=2195884632 msg=attachBaseContext: pid=21078 process=com.negi.survey isMain=true sdk=36
20260909_005252 D/SurveyApp pid=21078 tid=21078 uptimeMs=2195884663 msg=onCreate: pid=21078 process=com.negi.survey isMain=true sdk=36
