=== RuntimeLogStore Header ===
ts=2026-09-29T22:23:49.319Z
fileNameFormat=LEGACY
appId=com.negi.survey
versionName=0.0.1
versionCode=1
debug=true
device=samsung SM-S731U
sdk=36
pid=2900
==============================
2026-09-29T22:23:49.319Z I/RuntimeLogStore [rtlog-io] start: actor launched (fileNameFormat=LEGACY)
2026-09-29T22:23:49.276Z D/SurveyApp [main] attachBaseContext: pid=2900 process=com.negi.survey isMain=true sdk=36
2026-09-29T22:23:49.276Z D/SurveyApp [main] bootTiming: attachBaseContext total=31ms
2026-09-29T22:23:49.276Z D/SurveyApp [main] Skipping WorkManager init in attachBaseContext; will init lazily on first enqueue.
2026-09-29T22:23:49.279Z D/SurveyApp [main] CrashCapture installed: where=SurveyApp:attachBaseContext
2026-09-29T22:23:49.320Z I/RuntimeLogStore [main] start repair: ctx/dir refreshed
2026-09-29T22:23:49.320Z D/SurveyApp [main] bootTiming: RuntimeLogStore.start took=0ms
2026-09-29T22:23:49.320Z D/SurveyApp [main] bootTiming: AppRingLogStore.install took=0ms
2026-09-29T22:23:49.321Z D/SurveyApp [main] onCreate: pid=2900 process=com.negi.survey isMain=true sdk=36
2026-09-29T22:23:49.326Z D/SurveyApp [main] CrashCapture installed: where=SurveyApp:onCreate(rewrap)
2026-09-29T22:23:49.326Z D/SurveyApp [main] CrashCapture self-healing registered.
2026-09-29T22:23:49.326Z W/SurveyApp [main] Startup enqueues deferred: delay=2500ms (to reduce init contention)
2026-09-29T22:23:49.327Z D/SurveyApp [main] Startup survey recovery deferred: delay=2500ms
2026-09-29T22:23:49.327Z D/SurveyApp [main] bootTiming: onCreate total=8ms
2026-09-29T22:23:49.359Z I/RuntimeLogStore [DefaultDispatcher-worker-1] start repair: ctx/dir refreshed
2026-09-29T22:23:51.029Z I/RuntimeLogStore [DefaultDispatcher-worker-1] start repair: ctx/dir refreshed
