=== RuntimeLogStore Header ===
ts=2026-09-29T22:06:36.884Z
fileNameFormat=LEGACY
appId=com.negi.survey
versionName=0.0.1
versionCode=1
debug=true
device=samsung SM-S731U
sdk=36
pid=32173
==============================
2026-09-29T22:06:36.884Z I/RuntimeLogStore [rtlog-io] start: actor launched (fileNameFormat=LEGACY)
2026-09-29T22:06:36.878Z D/SurveyApp [main] attachBaseContext: pid=32173 process=com.negi.survey isMain=true sdk=36
2026-09-29T22:06:36.879Z D/SurveyApp [main] bootTiming: attachBaseContext total=28ms
2026-09-29T22:06:36.879Z D/SurveyApp [main] Skipping WorkManager init in attachBaseContext; will init lazily on first enqueue.
2026-09-29T22:06:36.880Z D/SurveyApp [main] CrashCapture installed: where=SurveyApp:attachBaseContext
2026-09-29T22:06:36.891Z I/RuntimeLogStore [main] start repair: ctx/dir refreshed
2026-09-29T22:06:36.891Z D/SurveyApp [main] bootTiming: RuntimeLogStore.start took=1ms
2026-09-29T22:06:36.891Z D/SurveyApp [main] bootTiming: AppRingLogStore.install took=0ms
2026-09-29T22:06:36.891Z D/SurveyApp [main] onCreate: pid=32173 process=com.negi.survey isMain=true sdk=36
2026-09-29T22:06:36.896Z D/SurveyApp [main] CrashCapture installed: where=SurveyApp:onCreate(rewrap)
2026-09-29T22:06:36.897Z D/SurveyApp [main] CrashCapture self-healing registered.
2026-09-29T22:06:36.897Z W/SurveyApp [main] Startup enqueues deferred: delay=2500ms (to reduce init contention)
2026-09-29T22:06:36.897Z D/SurveyApp [main] Startup survey recovery deferred: delay=2500ms
2026-09-29T22:06:36.897Z D/SurveyApp [main] bootTiming: onCreate total=7ms
2026-09-29T22:06:39.398Z W/SurveyApp [main] Deferred startup enqueues begin...
2026-09-29T22:06:39.399Z D/SurveyApp [main] WorkManager available. where=startupRtLogs(immediate) took=0ms
2026-09-29T22:06:39.412Z D/SurveyApp [main] Startup runtime logs: GitHub config not available (immediate).
2026-09-29T22:06:39.413Z W/SurveyApp [main] Startup runtime logs: scheduling one retry; reason=config
2026-09-29T22:06:39.414Z D/SurveyApp [main] WorkManager available. where=startupRingLogs(immediate) took=0ms
2026-09-29T22:06:39.422Z D/SurveyApp [main] Startup ring logs: GitHub config not available (immediate).
2026-09-29T22:06:39.422Z W/SurveyApp [main] Startup ring logs: scheduling one retry; reason=config
2026-09-29T22:06:39.422Z D/SurveyApp [main] WorkManager available. where=enqueuePending(immediate) took=0ms
2026-09-29T22:06:39.423Z D/SurveyApp [main] CrashCapture pending uploads requested (immediate).
2026-09-29T22:06:39.423Z W/SurveyApp [main] Deferred startup enqueues done: took=26ms
2026-09-29T22:06:39.424Z D/SurveyApp [DefaultDispatcher-worker-2] Survey recovery WorkManager available. where=startupSurveyUploads(initial) took=0ms
2026-09-29T22:06:39.433Z W/SurveyApp [DefaultDispatcher-worker-2] Startup survey recovery: GitHub config unavailable (initial).
2026-09-29T22:06:39.433Z W/SurveyApp [DefaultDispatcher-worker-2] Startup survey recovery: scheduling one retry; reason=config delay=1600ms
2026-09-29T22:06:41.018Z D/SurveyApp [main] WorkManager available. where=startupRtLogs(delayed) took=0ms
2026-09-29T22:06:41.043Z D/SurveyApp [main] Startup runtime logs: GitHub config not available (delayed).
2026-09-29T22:06:41.044Z D/SurveyApp [main] Startup runtime logs: retry already scheduled; reason=config
2026-09-29T22:06:41.045Z D/SurveyApp [main] WorkManager available. where=startupRingLogs(delayed) took=0ms
2026-09-29T22:06:41.065Z D/SurveyApp [main] Startup ring logs: GitHub config not available (delayed).
2026-09-29T22:06:41.066Z D/SurveyApp [main] Startup ring logs: retry already scheduled; reason=config
2026-09-29T22:06:41.068Z D/SurveyApp [DefaultDispatcher-worker-3] Survey recovery WorkManager available. where=startupSurveyUploads(delayed) took=0ms
2026-09-29T22:06:41.076Z W/SurveyApp [DefaultDispatcher-worker-3] Startup survey recovery: GitHub config unavailable (delayed).
2026-09-29T22:06:41.076Z W/SurveyApp [DefaultDispatcher-worker-3] Startup survey recovery: retry exhausted; reason=config
