20260903_035942 I/AppRingLogStore pid=25787 tid=25787 uptimeMs=1688683786 msg=install: pid=25787 timeUtc=20260903_035942 uptimeMs=1688683785
20260903_035942 D/SurveyApp pid=25787 tid=25787 uptimeMs=1688683786 msg=attachBaseContext: pid=25787 process=com.negi.survey isMain=true sdk=36
20260903_035942 D/SurveyApp pid=25787 tid=25787 uptimeMs=1688683801 msg=onCreate: pid=25787 process=com.negi.survey isMain=true sdk=36
20260903_040511 D/AiTrace pid=25787 tid=25787 uptimeMs=1689013198 msg=Installed (enabled=true ringEnabled=true)
20260903_040511 D/LiteRtRepository pid=25787 tid=25787 uptimeMs=1689013297 msg=warmUp init ok initMs=7 gateWaitMs=0
20260903_040511 D/LiteRtRepository pid=25787 tid=25787 uptimeMs=1689013298 msg=warmUp Engine ready representativeInference=false totalMs=7
20260903_040553 I/AiViewModel pid=25787 tid=25787 uptimeMs=1689054630 msg=onCleared: ViewModel is being cleared -> stopCurrentRunInternal()
20260903_040636 I/AppRingLogStore pid=28112 tid=28112 uptimeMs=1689098196 msg=install: pid=28112 timeUtc=20260903_040636 uptimeMs=1689098194
20260903_040636 D/SurveyApp pid=28112 tid=28112 uptimeMs=1689098196 msg=attachBaseContext: pid=28112 process=com.negi.survey isMain=true sdk=36
20260903_040636 D/SurveyApp pid=28112 tid=28112 uptimeMs=1689098217 msg=onCreate: pid=28112 process=com.negi.survey isMain=true sdk=36
20260903_040728 D/AiTrace pid=28112 tid=28112 uptimeMs=1689150284 msg=Installed (enabled=true ringEnabled=true)
20260903_040729 D/LiteRtRepository pid=28112 tid=28112 uptimeMs=1689150605 msg=warmUp init ok initMs=8 gateWaitMs=1
20260903_040729 D/LiteRtRepository pid=28112 tid=28112 uptimeMs=1689150605 msg=warmUp Engine ready representativeInference=false totalMs=10
20260903_040830 D/AiViewModel pid=28112 tid=28499 uptimeMs=1689211909 msg=run[1]: mode=EVAL_JSON phase=ONE_STEP commit=true prompt.len=253, fullPrompt.len=694, timeoutMs=120000
20260903_040830 D/AiViewModel pid=28112 tid=28499 uptimeMs=1689211910 msg=run[1]: sha(prompt)=ecdd1b50b480811638a99bebbab6d8ff62b03ceeffbc64615c85079f85b0c847 sha(full)=0876ea83a539f4c96b23c44c2db03744cf4d8541150ac50216703bcb6a9abd1a
20260903_040830 D/LiteRtRepository pid=28112 tid=28499 uptimeMs=1689211926 msg=[1] start model='Gemma3n4B' prompt.len=694 sha=0876ea83a539f4c9 gateWaitMs=13
20260903_040830 D/LiteRtRepository pid=28112 tid=28499 uptimeMs=1689211932 msg=[1] init ok initMs=5
20260903_040835 D/LiteRtRepository pid=28112 tid=28112 uptimeMs=1689216562 msg=[1] logicalDone=true
20260903_040835 D/LiteRtRepository pid=28112 tid=28112 uptimeMs=1689216562 msg=[1] native cleanup safepoint
20260903_040835 D/AiViewModel pid=28112 tid=28499 uptimeMs=1689216562 msg=run[1] stats: chunks=11, chars=35, raw.len=35
20260903_040835 D/AiViewModel pid=28112 tid=28499 uptimeMs=1689216566 msg=run[1] sha(raw)=b5afa8ce5bcb8b3b9ca501f7a67a8141cdeb7e413620d50cc194a9cd217a315f
20260903_040835 D/LiteRtRepository pid=28112 tid=28497 uptimeMs=1689216587 msg=[1] Conversation reset completed after safepoint
20260903_040835 I/LiteRtRepository pid=28112 tid=28497 uptimeMs=1689216589 msg=[1] finalize reason='native-terminated' totalMs=4664 inferenceMs=4657 firstTokenMs=2770 chunks=11 emittedChars=35 out.len=35 capturedAll=true logicalDone=true nativeTerminated=true cancelTag='null' lastDeltaMsAgo=178 lastEventMsAgo=27
20260903_040835 I/AiViewModel pid=28112 tid=28499 uptimeMs=1689216598 msg=run[1] done: phase=ONE_STEP mode=EVAL_JSON score=20 FU0.len=0 FU0.sha16=none commit=true err=<none>
20260903_041042 D/AiViewModel pid=28112 tid=28499 uptimeMs=1689343575 msg=run[2]: mode=EVAL_JSON phase=ONE_STEP commit=true prompt.len=231, fullPrompt.len=672, timeoutMs=120000
20260903_041042 D/AiViewModel pid=28112 tid=28499 uptimeMs=1689343577 msg=run[2]: sha(prompt)=54a33364afcaf78e39d993bdfae2762c7425495ac5021b6d619fa35838433227 sha(full)=5f0a82c7e53f8d90cf6dbfbe5dbdd81e9ac96a48a332abff2e471e88a779887c
20260903_041042 D/LiteRtRepository pid=28112 tid=28499 uptimeMs=1689343578 msg=[2] start model='Gemma3n4B' prompt.len=672 sha=5f0a82c7e53f8d90 gateWaitMs=1
20260903_041042 D/LiteRtRepository pid=28112 tid=28499 uptimeMs=1689343581 msg=[2] init ok initMs=2
20260903_041045 D/LiteRtRepository pid=28112 tid=28112 uptimeMs=1689346965 msg=[2] logicalDone=true
20260903_041045 D/LiteRtRepository pid=28112 tid=28112 uptimeMs=1689346966 msg=[2] native cleanup safepoint
20260903_041045 D/AiViewModel pid=28112 tid=28943 uptimeMs=1689346969 msg=run[2] stats: chunks=11, chars=35, raw.len=35
20260903_041045 D/AiViewModel pid=28112 tid=28943 uptimeMs=1689346973 msg=run[2] sha(raw)=a942269a91f92a1c28708234ce9ce0f93f25522313eeaf059b8f0d7d382bb55c
20260903_041045 D/LiteRtRepository pid=28112 tid=28945 uptimeMs=1689346985 msg=[2] Conversation reset completed after safepoint
20260903_041045 I/LiteRtRepository pid=28112 tid=28499 uptimeMs=1689346986 msg=[2] finalize reason='native-terminated' totalMs=3407 inferenceMs=3404 firstTokenMs=1650 chunks=11 emittedChars=35 out.len=35 capturedAll=true logicalDone=true nativeTerminated=true cancelTag='null' lastDeltaMsAgo=174 lastEventMsAgo=20
20260903_041045 I/AiViewModel pid=28112 tid=28943 uptimeMs=1689346987 msg=run[2] done: phase=ONE_STEP mode=EVAL_JSON score=95 FU0.len=0 FU0.sha16=none commit=true err=<none>
20260903_042643 I/AppRingLogStore pid=30458 tid=30458 uptimeMs=1690304709 msg=install: pid=30458 timeUtc=20260903_042643 uptimeMs=1690304708
20260903_042643 D/SurveyApp pid=30458 tid=30458 uptimeMs=1690304710 msg=attachBaseContext: pid=30458 process=com.negi.survey isMain=true sdk=36
20260903_042643 D/SurveyApp pid=30458 tid=30458 uptimeMs=1690304742 msg=onCreate: pid=30458 process=com.negi.survey isMain=true sdk=36
20260903_042730 D/AiTrace pid=30458 tid=30458 uptimeMs=1690351809 msg=Installed (enabled=true ringEnabled=true)
20260903_042730 D/LiteRtRepository pid=30458 tid=30458 uptimeMs=1690351991 msg=warmUp init ok initMs=8 gateWaitMs=0
20260903_042730 D/LiteRtRepository pid=30458 tid=30458 uptimeMs=1690351991 msg=warmUp Engine ready representativeInference=false totalMs=8
20260903_042806 D/AiViewModel pid=30458 tid=30594 uptimeMs=1690387349 msg=run[1]: mode=EVAL_JSON phase=ONE_STEP commit=true prompt.len=248, fullPrompt.len=806, timeoutMs=120000
20260903_042806 D/AiViewModel pid=30458 tid=30594 uptimeMs=1690387353 msg=run[1]: sha(prompt)=9eb2ad51f1a0d71dc869b2c164a5f5358fecca967ae6d762ddaab06b34e286a3 sha(full)=5c0eeab0ca145625cc97080d6ada991b8ffc34728c6f512e197c295360697288
20260903_042806 D/LiteRtRepository pid=30458 tid=30533 uptimeMs=1690387359 msg=[1] start model='Gemma3n4B' prompt.len=806 sha=5c0eeab0ca145625 gateWaitMs=3
20260903_042806 D/LiteRtRepository pid=30458 tid=30533 uptimeMs=1690387363 msg=[1] init ok initMs=4
20260903_042809 D/LiteRtRepository pid=30458 tid=30458 uptimeMs=1690391320 msg=[1] logicalDone=true
20260903_042809 D/LiteRtRepository pid=30458 tid=30458 uptimeMs=1690391320 msg=[1] native cleanup safepoint
20260903_042809 D/AiViewModel pid=30458 tid=30533 uptimeMs=1690391321 msg=run[1] stats: chunks=11, chars=35, raw.len=35
20260903_042809 D/AiViewModel pid=30458 tid=30533 uptimeMs=1690391321 msg=run[1] sha(raw)=4fa7d0ee9e617409eac3388c699b84e93863e73cf950a2753a691ce43273962f
20260903_042809 I/AiViewModel pid=30458 tid=30533 uptimeMs=1690391335 msg=run[1] done: phase=ONE_STEP mode=EVAL_JSON score=10 FU0.len=0 FU0.sha16=none commit=true err=<none>
20260903_042809 D/LiteRtRepository pid=30458 tid=30594 uptimeMs=1690391338 msg=[1] Conversation reset completed after safepoint
20260903_042809 I/LiteRtRepository pid=30458 tid=30533 uptimeMs=1690391339 msg=[1] finalize reason='native-terminated' totalMs=3981 inferenceMs=3976 firstTokenMs=2158 chunks=11 emittedChars=35 out.len=35 capturedAll=true logicalDone=true nativeTerminated=true cancelTag='null' lastDeltaMsAgo=170 lastEventMsAgo=19
20260903_044930 I/AppRingLogStore pid=31342 tid=31342 uptimeMs=1691672255 msg=install: pid=31342 timeUtc=20260903_044930 uptimeMs=1691672254
20260903_044930 D/SurveyApp pid=31342 tid=31342 uptimeMs=1691672257 msg=attachBaseContext: pid=31342 process=com.negi.survey isMain=true sdk=36
20260903_044930 D/SurveyApp pid=31342 tid=31342 uptimeMs=1691672302 msg=onCreate: pid=31342 process=com.negi.survey isMain=true sdk=36
20260903_045005 D/AiTrace pid=31342 tid=31342 uptimeMs=1691706994 msg=Installed (enabled=true ringEnabled=true)
20260903_045005 D/LiteRtRepository pid=31342 tid=31342 uptimeMs=1691707163 msg=warmUp init ok initMs=6 gateWaitMs=0
20260903_045005 D/LiteRtRepository pid=31342 tid=31342 uptimeMs=1691707163 msg=warmUp Engine ready representativeInference=false totalMs=6
20260903_045023 D/AiViewModel pid=31342 tid=31396 uptimeMs=1691724725 msg=run[1]: mode=EVAL_JSON phase=ONE_STEP commit=true prompt.len=230, fullPrompt.len=788, timeoutMs=120000
20260903_045023 D/AiViewModel pid=31342 tid=31396 uptimeMs=1691724726 msg=run[1]: sha(prompt)=a677839328d6c77a2b9c5743da487dad4aa1f955c7564d8ae3cd5828a004e0bb sha(full)=5f005f3eeed8762cdfd35626cf17281acb77396e572516040fb4301a701bbbe8
20260903_045023 D/LiteRtRepository pid=31342 tid=31396 uptimeMs=1691724740 msg=[1] start model='Gemma3n4B' prompt.len=788 sha=5f005f3eeed8762c gateWaitMs=12
20260903_045023 D/LiteRtRepository pid=31342 tid=31396 uptimeMs=1691724744 msg=[1] init ok initMs=4
20260903_045027 D/LiteRtRepository pid=31342 tid=31342 uptimeMs=1691728590 msg=[1] logicalDone=true
20260903_045027 D/LiteRtRepository pid=31342 tid=31342 uptimeMs=1691728590 msg=[1] native cleanup safepoint
20260903_045027 D/AiViewModel pid=31342 tid=31437 uptimeMs=1691728593 msg=run[1] stats: chunks=11, chars=35, raw.len=35
20260903_045027 D/AiViewModel pid=31342 tid=31437 uptimeMs=1691728596 msg=run[1] sha(raw)=4fa7d0ee9e617409eac3388c699b84e93863e73cf950a2753a691ce43273962f
20260903_045027 D/LiteRtRepository pid=31342 tid=31396 uptimeMs=1691728599 msg=[1] Conversation reset completed after safepoint
20260903_045027 I/LiteRtRepository pid=31342 tid=31438 uptimeMs=1691728600 msg=[1] finalize reason='native-terminated' totalMs=3861 inferenceMs=3856 firstTokenMs=2043 chunks=11 emittedChars=35 out.len=35 capturedAll=true logicalDone=true nativeTerminated=true cancelTag='null' lastDeltaMsAgo=189 lastEventMsAgo=10
20260903_045027 I/AiViewModel pid=31342 tid=31437 uptimeMs=1691728609 msg=run[1] done: phase=ONE_STEP mode=EVAL_JSON score=10 FU0.len=0 FU0.sha16=none commit=true err=<none>
20260903_045027 D/AiViewModel pid=31342 tid=31437 uptimeMs=1691728610 msg=run[2]: mode=FOLLOWUP_JSON_OR_TEXT phase=FOLLOWUP commit=false prompt.len=230, fullPrompt.len=485, timeoutMs=120000
20260903_045027 D/AiViewModel pid=31342 tid=31437 uptimeMs=1691728611 msg=run[2]: sha(prompt)=a677839328d6c77a2b9c5743da487dad4aa1f955c7564d8ae3cd5828a004e0bb sha(full)=d3874ede38399e04b2ae8790f0d89cf1db774d7c9d2d1bfd6a3cd1d0bf500c73
20260903_045027 D/LiteRtRepository pid=31342 tid=31437 uptimeMs=1691728612 msg=[2] start model='Gemma3n4B' prompt.len=485 sha=d3874ede38399e04 gateWaitMs=0
20260903_045027 D/LiteRtRepository pid=31342 tid=31437 uptimeMs=1691728615 msg=[2] init ok initMs=2
20260903_045032 D/LiteRtRepository pid=31342 tid=31342 uptimeMs=1691733364 msg=[2] logicalDone=true
20260903_045032 D/LiteRtRepository pid=31342 tid=31342 uptimeMs=1691733364 msg=[2] native cleanup safepoint
20260903_045032 D/AiViewModel pid=31342 tid=31435 uptimeMs=1691733367 msg=run[2] stats: chunks=13, chars=67, raw.len=67
20260903_045032 D/AiViewModel pid=31342 tid=31435 uptimeMs=1691733370 msg=run[2] sha(raw)=67eb93f63bdb7c299ea4e418ab76c303e174ab50c71e92313c238302e4b413ee
20260903_045032 D/LiteRtRepository pid=31342 tid=31398 uptimeMs=1691733372 msg=[2] Conversation reset completed after safepoint
20260903_045032 I/LiteRtRepository pid=31342 tid=31438 uptimeMs=1691733373 msg=[2] finalize reason='native-terminated' totalMs=4761 inferenceMs=4758 firstTokenMs=2645 chunks=13 emittedChars=67 out.len=67 capturedAll=true logicalDone=true nativeTerminated=true cancelTag='null' lastDeltaMsAgo=186 lastEventMsAgo=9
20260903_045032 I/AiViewModel pid=31342 tid=31435 uptimeMs=1691733377 msg=run[2] done: phase=FOLLOWUP mode=FOLLOWUP_JSON_OR_TEXT score=null FU0.len=67 FU0.sha16=67eb93f63bdb7c29 commit=false err=<none>
20260903_045249 D/AiViewModel pid=31342 tid=31438 uptimeMs=1691871272 msg=run[3]: mode=EVAL_JSON phase=ONE_STEP commit=true prompt.len=230, fullPrompt.len=788, timeoutMs=120000
20260903_045249 D/AiViewModel pid=31342 tid=31438 uptimeMs=1691871273 msg=run[3]: sha(prompt)=a677839328d6c77a2b9c5743da487dad4aa1f955c7564d8ae3cd5828a004e0bb sha(full)=5f005f3eeed8762cdfd35626cf17281acb77396e572516040fb4301a701bbbe8
20260903_045249 D/LiteRtRepository pid=31342 tid=31435 uptimeMs=1691871278 msg=[3] start model='Gemma3n4B' prompt.len=788 sha=5f005f3eeed8762c gateWaitMs=3
20260903_045249 D/LiteRtRepository pid=31342 tid=31435 uptimeMs=1691871284 msg=[3] init ok initMs=4
20260903_045252 D/LiteRtRepository pid=31342 tid=31342 uptimeMs=1691874163 msg=[3] logicalDone=true
20260903_045252 D/LiteRtRepository pid=31342 tid=31342 uptimeMs=1691874164 msg=[3] native cleanup safepoint
20260903_045252 D/AiViewModel pid=31342 tid=31435 uptimeMs=1691874166 msg=run[3] stats: chunks=11, chars=35, raw.len=35
20260903_045252 D/AiViewModel pid=31342 tid=31435 uptimeMs=1691874169 msg=run[3] sha(raw)=4fa7d0ee9e617409eac3388c699b84e93863e73cf950a2753a691ce43273962f
20260903_045252 D/LiteRtRepository pid=31342 tid=31396 uptimeMs=1691874177 msg=[3] Conversation reset completed after safepoint
20260903_045252 I/LiteRtRepository pid=31342 tid=31396 uptimeMs=1691874177 msg=[3] finalize reason='native-terminated' totalMs=2902 inferenceMs=2893 firstTokenMs=1112 chunks=11 emittedChars=35 out.len=35 capturedAll=true logicalDone=true nativeTerminated=true cancelTag='null' lastDeltaMsAgo=189 lastEventMsAgo=13
20260903_045252 I/AiViewModel pid=31342 tid=31435 uptimeMs=1691874178 msg=run[3] done: phase=ONE_STEP mode=EVAL_JSON score=10 FU0.len=0 FU0.sha16=none commit=true err=<none>
20260903_045252 D/AiViewModel pid=31342 tid=31435 uptimeMs=1691874179 msg=run[4]: mode=FOLLOWUP_JSON_OR_TEXT phase=FOLLOWUP commit=false prompt.len=230, fullPrompt.len=485, timeoutMs=120000
20260903_045252 D/AiViewModel pid=31342 tid=31435 uptimeMs=1691874180 msg=run[4]: sha(prompt)=a677839328d6c77a2b9c5743da487dad4aa1f955c7564d8ae3cd5828a004e0bb sha(full)=d3874ede38399e04b2ae8790f0d89cf1db774d7c9d2d1bfd6a3cd1d0bf500c73
20260903_045252 D/LiteRtRepository pid=31342 tid=31396 uptimeMs=1691874182 msg=[4] start model='Gemma3n4B' prompt.len=485 sha=d3874ede38399e04 gateWaitMs=1
20260903_045252 D/LiteRtRepository pid=31342 tid=31396 uptimeMs=1691874185 msg=[4] init ok initMs=2
20260903_045257 D/LiteRtRepository pid=31342 tid=31342 uptimeMs=1691878864 msg=[4] logicalDone=true
20260903_045257 D/LiteRtRepository pid=31342 tid=31342 uptimeMs=1691878864 msg=[4] native cleanup safepoint
20260903_045257 D/AiViewModel pid=31342 tid=31435 uptimeMs=1691878866 msg=run[4] stats: chunks=13, chars=67, raw.len=67
20260903_045257 D/AiViewModel pid=31342 tid=31435 uptimeMs=1691878867 msg=run[4] sha(raw)=67eb93f63bdb7c299ea4e418ab76c303e174ab50c71e92313c238302e4b413ee
20260903_045257 I/AiViewModel pid=31342 tid=31435 uptimeMs=1691878871 msg=run[4] done: phase=FOLLOWUP mode=FOLLOWUP_JSON_OR_TEXT score=null FU0.len=67 FU0.sha16=67eb93f63bdb7c29 commit=false err=<none>
20260903_045257 D/LiteRtRepository pid=31342 tid=31436 uptimeMs=1691878881 msg=[4] Conversation reset completed after safepoint
20260903_045257 I/LiteRtRepository pid=31342 tid=31435 uptimeMs=1691878883 msg=[4] finalize reason='native-terminated' totalMs=4700 inferenceMs=4696 firstTokenMs=2603 chunks=13 emittedChars=67 out.len=67 capturedAll=true logicalDone=true nativeTerminated=true cancelTag='null' lastDeltaMsAgo=182 lastEventMsAgo=17
20260903_050703 I/AppRingLogStore pid=32195 tid=32195 uptimeMs=1692724702 msg=install: pid=32195 timeUtc=20260903_050703 uptimeMs=1692724701
20260903_050703 D/SurveyApp pid=32195 tid=32195 uptimeMs=1692724704 msg=attachBaseContext: pid=32195 process=com.negi.survey isMain=true sdk=36
20260903_050703 D/SurveyApp pid=32195 tid=32195 uptimeMs=1692724737 msg=onCreate: pid=32195 process=com.negi.survey isMain=true sdk=36
