=== RuntimeLogStore Header ===
ts=2026-09-24T12:28:44.975Z
fileNameFormat=LEGACY
appId=com.negi.survey
versionName=0.0.1
versionCode=87
debug=false
device=samsung SM-S931U1
sdk=36
pid=12924
==============================
2026-09-24T12:28:44.975Z I/RuntimeLogStore [rtlog-io] start: actor launched (fileNameFormat=LEGACY)
2026-09-24T12:28:44.975Z D/SurveyApp [main] attachBaseContext: pid=12924 process=com.negi.survey isMain=true sdk=36
2026-09-24T12:28:44.975Z D/SurveyApp [main] bootTiming: attachBaseContext total=4ms
2026-09-24T12:28:44.975Z D/SurveyApp [main] Skipping WorkManager init in attachBaseContext; will init lazily on first enqueue.
2026-09-24T12:28:44.975Z D/SurveyApp [main] CrashCapture installed: where=SurveyApp:attachBaseContext
2026-09-24T12:28:44.977Z I/RuntimeLogStore [main] start repair: ctx/dir refreshed
2026-09-24T12:28:44.977Z D/SurveyApp [main] bootTiming: RuntimeLogStore.start took=0ms
2026-09-24T12:28:44.977Z D/SurveyApp [main] bootTiming: AppRingLogStore.install took=0ms
2026-09-24T12:28:44.977Z D/SurveyApp [main] onCreate: pid=12924 process=com.negi.survey isMain=true sdk=36
2026-09-24T12:28:44.977Z D/SurveyApp [main] CrashCapture installed: where=SurveyApp:onCreate(rewrap)
2026-09-24T12:28:44.977Z D/SurveyApp [main] CrashCapture self-healing registered.
2026-09-24T12:28:44.977Z W/SurveyApp [main] Startup enqueues deferred: delay=2500ms (to reduce init contention)
2026-09-24T12:28:44.977Z D/SurveyApp [main] bootTiming: onCreate total=1ms
2026-09-24T12:28:47.477Z W/SurveyApp [main] Deferred startup enqueues begin...
2026-09-24T12:28:47.477Z D/SurveyApp [main] WorkManager available. where=startupRtLogs(immediate) took=0ms
2026-09-24T12:28:47.480Z D/SurveyApp [main] Startup runtime logs target -> owner=ishizuki-tech repo=SurveyExports branch=main base='/diagnostics/runtime_logs'
2026-09-24T12:28:47.483Z D/SurveyApp [main] Startup runtime logs: enqueue requested (immediate).
2026-09-24T12:28:47.483Z D/SurveyApp [main] WorkManager available. where=startupRingLogs(immediate) took=0ms
2026-09-24T12:28:47.484Z D/SurveyApp [main] Startup ring logs target -> owner=ishizuki-tech repo=SurveyExports branch=main base='/diagnostics/applog_ring'
2026-09-24T12:28:47.485Z D/SurveyApp [main] Startup ring logs: enqueue requested (immediate).
2026-09-24T12:28:47.485Z D/SurveyApp [main] WorkManager available. where=enqueuePending(immediate) took=0ms
2026-09-24T12:28:47.485Z D/SurveyApp [main] CrashCapture pending uploads requested (immediate).
2026-09-24T12:28:47.485Z W/SurveyApp [main] Deferred startup enqueues done: took=9ms
2026-09-24T12:28:48.724Z I/RuntimeLogStore [DefaultDispatcher-worker-11] start repair: ctx/dir refreshed
