=== RuntimeLogStore Header ===
ts=2026-09-24T00:13:13.305Z
fileNameFormat=LEGACY
appId=com.negi.survey
versionName=0.0.1
versionCode=1
debug=true
device=samsung SM-S931U1
sdk=36
pid=11927
==============================
2026-09-24T00:13:13.306Z I/RuntimeLogStore [rtlog-io] start: actor launched (fileNameFormat=LEGACY)
2026-09-24T00:13:13.300Z D/SurveyApp [main] attachBaseContext: pid=11927 process=com.negi.survey isMain=true sdk=36
2026-09-24T00:13:13.300Z D/SurveyApp [main] bootTiming: attachBaseContext total=45ms
2026-09-24T00:13:13.300Z D/SurveyApp [main] Skipping WorkManager init in attachBaseContext; will init lazily on first enqueue.
2026-09-24T00:13:13.302Z D/SurveyApp [main] CrashCapture installed: where=SurveyApp:attachBaseContext
2026-09-24T00:13:13.309Z I/RuntimeLogStore [main] start repair: ctx/dir refreshed
2026-09-24T00:13:13.309Z D/SurveyApp [main] bootTiming: RuntimeLogStore.start took=0ms
2026-09-24T00:13:13.309Z D/SurveyApp [main] bootTiming: AppRingLogStore.install took=0ms
2026-09-24T00:13:13.309Z D/SurveyApp [main] onCreate: pid=11927 process=com.negi.survey isMain=true sdk=36
2026-09-24T00:13:13.312Z D/SurveyApp [main] CrashCapture installed: where=SurveyApp:onCreate(rewrap)
2026-09-24T00:13:13.312Z D/SurveyApp [main] CrashCapture self-healing registered.
2026-09-24T00:13:13.312Z W/SurveyApp [main] Startup enqueues deferred: delay=2500ms (to reduce init contention)
2026-09-24T00:13:13.312Z D/SurveyApp [main] bootTiming: onCreate total=4ms
2026-09-24T00:13:13.320Z I/RuntimeLogStore [DefaultDispatcher-worker-1] start repair: ctx/dir refreshed
2026-09-24T00:13:14.734Z I/RuntimeLogStore [DefaultDispatcher-worker-1] start repair: ctx/dir refreshed
