20260915_185337 I/AppRingLogStore pid=22983 tid=22983 uptimeMs=125093479 msg=install: pid=22983 timeUtc=20260915_185337 uptimeMs=125093478
20260915_185337 D/SurveyApp pid=22983 tid=22983 uptimeMs=125093479 msg=attachBaseContext: pid=22983 process=com.negi.survey isMain=true sdk=36
20260915_185337 D/SurveyApp pid=22983 tid=22983 uptimeMs=125093493 msg=onCreate: pid=22983 process=com.negi.survey isMain=true sdk=36
20260915_185601 D/AiTrace pid=22983 tid=22983 uptimeMs=125237607 msg=Installed (enabled=true ringEnabled=true)
20260915_185601 D/LiteRtRepository pid=22983 tid=22983 uptimeMs=125237681 msg=warmUp init ok initMs=8 gateWaitMs=0
20260915_185601 D/LiteRtRepository pid=22983 tid=22983 uptimeMs=125237681 msg=warmUp Engine ready representativeInference=false totalMs=8
20260915_185725 I/AppRingLogStore pid=23335 tid=23335 uptimeMs=125321347 msg=install: pid=23335 timeUtc=20260915_185725 uptimeMs=125321346
20260915_185725 D/SurveyApp pid=23335 tid=23335 uptimeMs=125321348 msg=attachBaseContext: pid=23335 process=com.negi.survey isMain=true sdk=36
20260915_185725 D/SurveyApp pid=23335 tid=23335 uptimeMs=125321362 msg=onCreate: pid=23335 process=com.negi.survey isMain=true sdk=36
20260915_185903 D/AiTrace pid=23335 tid=23335 uptimeMs=125420069 msg=Installed (enabled=true ringEnabled=true)
20260915_185903 D/LiteRtRepository pid=23335 tid=23335 uptimeMs=125420207 msg=warmUp init ok initMs=7 gateWaitMs=1
20260915_185903 D/LiteRtRepository pid=23335 tid=23335 uptimeMs=125420207 msg=warmUp Engine ready representativeInference=false totalMs=9
20260915_212823 I/AppRingLogStore pid=27624 tid=27624 uptimeMs=134380177 msg=install: pid=27624 timeUtc=20260915_212823 uptimeMs=134380176
20260915_212823 D/SurveyApp pid=27624 tid=27624 uptimeMs=134380178 msg=attachBaseContext: pid=27624 process=com.negi.survey isMain=true sdk=36
20260915_212823 D/SurveyApp pid=27624 tid=27624 uptimeMs=134380248 msg=onCreate: pid=27624 process=com.negi.survey isMain=true sdk=36
20260915_212857 D/AiTrace pid=27624 tid=27624 uptimeMs=134413886 msg=Installed (enabled=true ringEnabled=true)
20260915_212857 D/LiteRtRepository pid=27624 tid=27624 uptimeMs=134414083 msg=warmUp init ok initMs=7 gateWaitMs=0
20260915_212857 D/LiteRtRepository pid=27624 tid=27624 uptimeMs=134414083 msg=warmUp Engine ready representativeInference=false totalMs=7
20260915_212902 D/LiteRtRepository pid=27624 tid=27624 uptimeMs=134418430 msg=warmUp init ok initMs=3 gateWaitMs=0
20260915_212902 D/LiteRtRepository pid=27624 tid=27624 uptimeMs=134418430 msg=warmUp Engine ready representativeInference=false totalMs=3
20260915_212904 D/LiteRtRepository pid=27624 tid=27624 uptimeMs=134420576 msg=warmUp init ok initMs=3 gateWaitMs=0
20260915_212904 D/LiteRtRepository pid=27624 tid=27624 uptimeMs=134420576 msg=warmUp Engine ready representativeInference=false totalMs=3
20260915_212907 D/LiteRtRepository pid=27624 tid=27624 uptimeMs=134423520 msg=warmUp init ok initMs=3 gateWaitMs=0
20260915_212907 D/LiteRtRepository pid=27624 tid=27624 uptimeMs=134423520 msg=warmUp Engine ready representativeInference=false totalMs=3
20260915_212909 D/LiteRtRepository pid=27624 tid=27624 uptimeMs=134425756 msg=warmUp init ok initMs=3 gateWaitMs=0
20260915_212909 D/LiteRtRepository pid=27624 tid=27624 uptimeMs=134425756 msg=warmUp Engine ready representativeInference=false totalMs=3
20260915_212910 D/LiteRtRepository pid=27624 tid=27624 uptimeMs=134427149 msg=warmUp init ok initMs=3 gateWaitMs=0
20260915_212910 D/LiteRtRepository pid=27624 tid=27624 uptimeMs=134427149 msg=warmUp Engine ready representativeInference=false totalMs=3
20260915_212913 D/LiteRtRepository pid=27624 tid=27624 uptimeMs=134429826 msg=warmUp init ok initMs=2 gateWaitMs=0
20260915_212913 D/LiteRtRepository pid=27624 tid=27624 uptimeMs=134429826 msg=warmUp Engine ready representativeInference=false totalMs=3
20260915_213051 D/LiteRtRepository pid=27624 tid=27624 uptimeMs=134527335 msg=warmUp init ok initMs=2 gateWaitMs=0
20260915_213051 D/LiteRtRepository pid=27624 tid=27624 uptimeMs=134527335 msg=warmUp Engine ready representativeInference=false totalMs=3
20260915_213052 D/LiteRtRepository pid=27624 tid=27624 uptimeMs=134529050 msg=warmUp init ok initMs=2 gateWaitMs=0
20260915_213052 D/LiteRtRepository pid=27624 tid=27624 uptimeMs=134529050 msg=warmUp Engine ready representativeInference=false totalMs=2
20260915_213055 D/LiteRtRepository pid=27624 tid=27624 uptimeMs=134532081 msg=warmUp init ok initMs=2 gateWaitMs=0
20260915_213055 D/LiteRtRepository pid=27624 tid=27624 uptimeMs=134532081 msg=warmUp Engine ready representativeInference=false totalMs=2
20260915_214359 I/AppRingLogStore pid=28028 tid=28028 uptimeMs=135315905 msg=install: pid=28028 timeUtc=20260915_214359 uptimeMs=135315903
20260915_214359 D/SurveyApp pid=28028 tid=28028 uptimeMs=135315906 msg=attachBaseContext: pid=28028 process=com.negi.survey isMain=true sdk=36
20260915_214359 D/SurveyApp pid=28028 tid=28028 uptimeMs=135315953 msg=onCreate: pid=28028 process=com.negi.survey isMain=true sdk=36
20260915_214441 D/AiTrace pid=28028 tid=28028 uptimeMs=135357975 msg=Installed (enabled=true ringEnabled=true)
20260915_214441 D/LiteRtRepository pid=28028 tid=28028 uptimeMs=135358166 msg=warmUp init ok initMs=6 gateWaitMs=0
20260915_214441 D/LiteRtRepository pid=28028 tid=28028 uptimeMs=135358166 msg=warmUp Engine ready representativeInference=false totalMs=6
20260915_214445 D/LiteRtRepository pid=28028 tid=28028 uptimeMs=135361901 msg=warmUp init ok initMs=3 gateWaitMs=0
20260915_214445 D/LiteRtRepository pid=28028 tid=28028 uptimeMs=135361902 msg=warmUp Engine ready representativeInference=false totalMs=3
20260915_214448 D/LiteRtRepository pid=28028 tid=28028 uptimeMs=135364466 msg=warmUp init ok initMs=6 gateWaitMs=0
20260915_214448 D/LiteRtRepository pid=28028 tid=28028 uptimeMs=135364466 msg=warmUp Engine ready representativeInference=false totalMs=6
20260915_214451 D/LiteRtRepository pid=28028 tid=28028 uptimeMs=135367583 msg=warmUp init ok initMs=2 gateWaitMs=0
20260915_214451 D/LiteRtRepository pid=28028 tid=28028 uptimeMs=135367583 msg=warmUp Engine ready representativeInference=false totalMs=2
20260915_214456 D/LiteRtRepository pid=28028 tid=28028 uptimeMs=135372845 msg=warmUp init ok initMs=2 gateWaitMs=0
20260915_214456 D/LiteRtRepository pid=28028 tid=28028 uptimeMs=135372845 msg=warmUp Engine ready representativeInference=false totalMs=2
20260915_214459 D/LiteRtRepository pid=28028 tid=28028 uptimeMs=135375361 msg=warmUp init ok initMs=1 gateWaitMs=0
20260915_214459 D/LiteRtRepository pid=28028 tid=28028 uptimeMs=135375361 msg=warmUp Engine ready representativeInference=false totalMs=1
20260915_214501 D/LiteRtRepository pid=28028 tid=28028 uptimeMs=135378046 msg=warmUp init ok initMs=2 gateWaitMs=0
20260915_214501 D/LiteRtRepository pid=28028 tid=28028 uptimeMs=135378046 msg=warmUp Engine ready representativeInference=false totalMs=2
20260915_215903 I/AppRingLogStore pid=28548 tid=28548 uptimeMs=136219677 msg=install: pid=28548 timeUtc=20260915_215903 uptimeMs=136219675
20260915_215903 D/SurveyApp pid=28548 tid=28548 uptimeMs=136219678 msg=attachBaseContext: pid=28548 process=com.negi.survey isMain=true sdk=36
20260915_215903 D/SurveyApp pid=28548 tid=28548 uptimeMs=136219735 msg=onCreate: pid=28548 process=com.negi.survey isMain=true sdk=36
20260915_220553 D/AiTrace pid=28548 tid=28548 uptimeMs=136630300 msg=Installed (enabled=true ringEnabled=true)
20260915_220554 D/LiteRtRepository pid=28548 tid=28548 uptimeMs=136630503 msg=warmUp init ok initMs=4 gateWaitMs=0
20260915_220554 D/LiteRtRepository pid=28548 tid=28548 uptimeMs=136630503 msg=warmUp Engine ready representativeInference=false totalMs=4
20260915_222455 I/AppRingLogStore pid=29396 tid=29396 uptimeMs=137772035 msg=install: pid=29396 timeUtc=20260915_222455 uptimeMs=137772034
20260915_222455 D/SurveyApp pid=29396 tid=29396 uptimeMs=137772036 msg=attachBaseContext: pid=29396 process=com.negi.survey isMain=true sdk=36
20260915_222455 D/SurveyApp pid=29396 tid=29396 uptimeMs=137772079 msg=onCreate: pid=29396 process=com.negi.survey isMain=true sdk=36
20260915_222515 D/AiTrace pid=29396 tid=29396 uptimeMs=137791540 msg=Installed (enabled=true ringEnabled=true)
20260915_222515 D/LiteRtRepository pid=29396 tid=29396 uptimeMs=137791715 msg=warmUp init ok initMs=6 gateWaitMs=0
20260915_222515 D/LiteRtRepository pid=29396 tid=29396 uptimeMs=137791715 msg=warmUp Engine ready representativeInference=false totalMs=6
20260915_222519 D/LiteRtRepository pid=29396 tid=29396 uptimeMs=137795341 msg=warmUp init ok initMs=2 gateWaitMs=0
20260915_222519 D/LiteRtRepository pid=29396 tid=29396 uptimeMs=137795341 msg=warmUp Engine ready representativeInference=false totalMs=2
20260915_222524 D/LiteRtRepository pid=29396 tid=29396 uptimeMs=137800533 msg=warmUp init ok initMs=2 gateWaitMs=0
20260915_222524 D/LiteRtRepository pid=29396 tid=29396 uptimeMs=137800533 msg=warmUp Engine ready representativeInference=false totalMs=2
20260915_222527 D/LiteRtRepository pid=29396 tid=29396 uptimeMs=137803640 msg=warmUp init ok initMs=3 gateWaitMs=0
20260915_222527 D/LiteRtRepository pid=29396 tid=29396 uptimeMs=137803640 msg=warmUp Engine ready representativeInference=false totalMs=3
20260915_222528 D/LiteRtRepository pid=29396 tid=29396 uptimeMs=137804857 msg=warmUp init ok initMs=1 gateWaitMs=0
20260915_222528 D/LiteRtRepository pid=29396 tid=29396 uptimeMs=137804857 msg=warmUp Engine ready representativeInference=false totalMs=2
20260915_222535 D/LiteRtRepository pid=29396 tid=29396 uptimeMs=137812265 msg=warmUp init ok initMs=3 gateWaitMs=0
20260915_222535 D/LiteRtRepository pid=29396 tid=29396 uptimeMs=137812265 msg=warmUp Engine ready representativeInference=false totalMs=4
20260915_222537 D/LiteRtRepository pid=29396 tid=29396 uptimeMs=137814327 msg=warmUp init ok initMs=3 gateWaitMs=0
20260915_222537 D/LiteRtRepository pid=29396 tid=29396 uptimeMs=137814327 msg=warmUp Engine ready representativeInference=false totalMs=3
20260916_172428 I/AppRingLogStore pid=19806 tid=19806 uptimeMs=206147828 msg=install: pid=19806 timeUtc=20260916_172428 uptimeMs=206147826
20260916_172428 D/SurveyApp pid=19806 tid=19806 uptimeMs=206147829 msg=attachBaseContext: pid=19806 process=com.negi.survey isMain=true sdk=36
20260916_172428 D/SurveyApp pid=19806 tid=19806 uptimeMs=206147893 msg=onCreate: pid=19806 process=com.negi.survey isMain=true sdk=36
