=== RuntimeLogStore Header ===
ts=2026-09-09T23:12:50.211Z
fileNameFormat=LEGACY
appId=com.negi.survey
versionName=0.0.1
versionCode=1
debug=true
device=Google Pixel 9a
sdk=36
pid=28773
==============================
2026-09-09T23:12:50.212Z I/RuntimeLogStore [rtlog-io] start: actor launched (fileNameFormat=LEGACY)
2026-09-09T23:12:50.216Z D/SurveyApp [main] attachBaseContext: pid=28773 process=com.negi.survey isMain=true sdk=36
2026-09-09T23:12:50.217Z D/SurveyApp [main] bootTiming: attachBaseContext total=74ms
2026-09-09T23:12:50.217Z D/SurveyApp [main] Skipping WorkManager init in attachBaseContext; will init lazily on first enqueue.
2026-09-09T23:12:50.218Z D/SurveyApp [main] CrashCapture installed: where=SurveyApp:attachBaseContext
2026-09-09T23:12:50.237Z I/RuntimeLogStore [main] start repair: ctx/dir refreshed
2026-09-09T23:12:50.237Z D/SurveyApp [main] bootTiming: RuntimeLogStore.start took=1ms
2026-09-09T23:12:50.237Z D/SurveyApp [main] bootTiming: AppRingLogStore.install took=0ms
2026-09-09T23:12:50.237Z D/SurveyApp [main] onCreate: pid=28773 process=com.negi.survey isMain=true sdk=36
2026-09-09T23:12:50.242Z D/SurveyApp [main] CrashCapture installed: where=SurveyApp:onCreate(rewrap)
2026-09-09T23:12:50.243Z D/SurveyApp [main] CrashCapture self-healing registered.
2026-09-09T23:12:50.243Z W/SurveyApp [main] Startup enqueues deferred: delay=2500ms (to reduce init contention)
2026-09-09T23:12:50.243Z D/SurveyApp [main] bootTiming: onCreate total=6ms
2026-09-09T23:12:50.254Z I/RuntimeLogStore [DefaultDispatcher-worker-1] start repair: ctx/dir refreshed
2026-09-09T23:12:51.897Z I/RuntimeLogStore [DefaultDispatcher-worker-1] start repair: ctx/dir refreshed
