20260908_115713 I/AppRingLogStore pid=28438 tid=28438 uptimeMs=394365 msg=install: pid=28438 timeUtc=20260908_115713 uptimeMs=394365
20260908_115713 D/SurveyApp pid=28438 tid=28438 uptimeMs=394365 msg=attachBaseContext: pid=28438 process=com.negi.survey isMain=true sdk=35
20260908_115713 D/SurveyApp pid=28438 tid=28438 uptimeMs=394368 msg=onCreate: pid=28438 process=com.negi.survey isMain=true sdk=35
20260908_120203 D/AiTrace pid=28438 tid=28438 uptimeMs=683898 msg=Installed (enabled=false ringEnabled=true)
20260908_120203 D/LiteRtRepository pid=28438 tid=28438 uptimeMs=683932 msg=warmUp init ok initMs=1 gateWaitMs=0
20260908_120203 D/LiteRtRepository pid=28438 tid=28438 uptimeMs=683932 msg=warmUp Engine ready representativeInference=false totalMs=1
20260908_120738 D/LiteRtRepository pid=28438 tid=28569 uptimeMs=1018757 msg=[1] start model='Gemma3n4B' prompt.len=1846 sha=686cfe8d5c7ac611 gateWaitMs=0
20260908_120738 D/LiteRtRepository pid=28438 tid=28569 uptimeMs=1018758 msg=[1] init ok initMs=1
20260908_120744 D/LiteRtRepository pid=28438 tid=28438 uptimeMs=1025427 msg=[1] logicalDone=true
20260908_120744 D/LiteRtRepository pid=28438 tid=28438 uptimeMs=1025428 msg=[1] native cleanup safepoint
20260908_120744 I/AiViewModel pid=28438 tid=28570 uptimeMs=1025434 msg=run[1] done: phase=ONE_STEP mode=EVAL_JSON score=null FU0.len=0 FU0.sha16=none commit=true err=<none>
20260908_120744 D/LiteRtRepository pid=28438 tid=28595 uptimeMs=1025434 msg=[1] Conversation reset completed after safepoint
20260908_120744 I/LiteRtRepository pid=28438 tid=28570 uptimeMs=1025434 msg=[1] finalize reason='native-terminated' totalMs=6678 inferenceMs=6676 firstTokenMs=2127 chunks=64 emittedChars=214 out.len=214 capturedAll=true logicalDone=true nativeTerminated=true cancelTag='null' lastDeltaMsAgo=11 lastEventMsAgo=7
20260908_120926 D/LiteRtRepository pid=28438 tid=28569 uptimeMs=1126756 msg=[2] start model='Gemma3n4B' prompt.len=1846 sha=686cfe8d5c7ac611 gateWaitMs=0
20260908_120926 D/LiteRtRepository pid=28438 tid=28570 uptimeMs=1126758 msg=[2] init ok initMs=2
20260908_120931 D/LiteRtRepository pid=28438 tid=28438 uptimeMs=1132602 msg=[2] logicalDone=true
20260908_120931 D/LiteRtRepository pid=28438 tid=28438 uptimeMs=1132602 msg=[2] native cleanup safepoint
20260908_120931 I/AiViewModel pid=28438 tid=28570 uptimeMs=1132602 msg=run[2] done: phase=ONE_STEP mode=EVAL_JSON score=null FU0.len=0 FU0.sha16=none commit=true err=<none>
20260908_120931 D/LiteRtRepository pid=28438 tid=29910 uptimeMs=1132604 msg=[2] Conversation reset completed after safepoint
20260908_120931 I/LiteRtRepository pid=28438 tid=29910 uptimeMs=1132604 msg=[2] finalize reason='native-terminated' totalMs=5849 inferenceMs=5846 firstTokenMs=1224 chunks=64 emittedChars=214 out.len=214 capturedAll=true logicalDone=true nativeTerminated=true cancelTag='null' lastDeltaMsAgo=4 lastEventMsAgo=2
20260908_121041 D/LiteRtRepository pid=28438 tid=28570 uptimeMs=1201825 msg=[3] start model='Gemma3n4B' prompt.len=1850 sha=19d7d0d4e7c67d81 gateWaitMs=1
20260908_121041 D/LiteRtRepository pid=28438 tid=28570 uptimeMs=1201825 msg=[3] init ok initMs=0
20260908_121047 D/LiteRtRepository pid=28438 tid=28438 uptimeMs=1207778 msg=[3] logicalDone=true
20260908_121047 D/LiteRtRepository pid=28438 tid=28438 uptimeMs=1207778 msg=[3] native cleanup safepoint
20260908_121047 I/AiViewModel pid=28438 tid=28570 uptimeMs=1207779 msg=run[3] done: phase=ONE_STEP mode=EVAL_JSON score=20 FU0.len=0 FU0.sha16=none commit=true err=<none>
20260908_121047 D/LiteRtRepository pid=28438 tid=28477 uptimeMs=1207785 msg=[3] Conversation reset completed after safepoint
20260908_121047 I/LiteRtRepository pid=28438 tid=28570 uptimeMs=1207785 msg=[3] finalize reason='native-terminated' totalMs=5960 inferenceMs=5960 firstTokenMs=1324 chunks=64 emittedChars=214 out.len=214 capturedAll=true logicalDone=true nativeTerminated=true cancelTag='null' lastDeltaMsAgo=8 lastEventMsAgo=7
20260908_121047 D/LiteRtRepository pid=28438 tid=28477 uptimeMs=1207785 msg=[4] start model='Gemma3n4B' prompt.len=950 sha=cc2f53b776434e43 gateWaitMs=5
20260908_121047 D/LiteRtRepository pid=28438 tid=28569 uptimeMs=1207785 msg=[4] init ok initMs=0
20260908_121050 D/LiteRtRepository pid=28438 tid=28438 uptimeMs=1211044 msg=[4] logicalDone=true
20260908_121050 D/LiteRtRepository pid=28438 tid=28438 uptimeMs=1211044 msg=[4] native cleanup safepoint
20260908_121050 I/AiViewModel pid=28438 tid=28597 uptimeMs=1211047 msg=run[4] done: phase=FOLLOWUP mode=FOLLOWUP_JSON_OR_TEXT score=null FU0.len=104 FU0.sha16=8df4afeb376c7dfb commit=false err=<none>
20260908_121050 D/LiteRtRepository pid=28438 tid=28570 uptimeMs=1211053 msg=[4] Conversation reset completed after safepoint
20260908_121050 I/LiteRtRepository pid=28438 tid=28569 uptimeMs=1211054 msg=[4] finalize reason='native-terminated' totalMs=3268 inferenceMs=3268 firstTokenMs=899 chunks=32 emittedChars=104 out.len=104 capturedAll=true logicalDone=true nativeTerminated=true cancelTag='null' lastDeltaMsAgo=82 lastEventMsAgo=9
20260908_121226 I/AiViewModel pid=28438 tid=28438 uptimeMs=1307266 msg=onCleared: ViewModel is being cleared -> stopCurrentRunInternal()
20260908_121238 D/AiTrace pid=28438 tid=28438 uptimeMs=1319579 msg=Installed (enabled=false ringEnabled=true)
20260908_121239 D/LiteRtRepository pid=28438 tid=28438 uptimeMs=1319644 msg=warmUp init ok initMs=1 gateWaitMs=0
20260908_121239 D/LiteRtRepository pid=28438 tid=28438 uptimeMs=1319644 msg=warmUp Engine ready representativeInference=false totalMs=1
20260908_121252 I/AiViewModel pid=28438 tid=28438 uptimeMs=1333269 msg=onCleared: ViewModel is being cleared -> stopCurrentRunInternal()
20260908_121252 D/AiTrace pid=28438 tid=28438 uptimeMs=1333388 msg=Installed (enabled=false ringEnabled=true)
20260908_121252 D/LiteRtRepository pid=28438 tid=28438 uptimeMs=1333400 msg=warmUp init ok initMs=0 gateWaitMs=0
20260908_121252 D/LiteRtRepository pid=28438 tid=28438 uptimeMs=1333400 msg=warmUp Engine ready representativeInference=false totalMs=0
20260908_121725 D/LiteRtRepository pid=28438 tid=28597 uptimeMs=1605621 msg=[5] start model='Gemma3n4B' prompt.len=1862 sha=70890ca808ed2a95 gateWaitMs=0
20260908_121725 D/LiteRtRepository pid=28438 tid=28597 uptimeMs=1605623 msg=[5] init ok initMs=2
20260908_121731 D/LiteRtRepository pid=28438 tid=28438 uptimeMs=1612500 msg=[5] logicalDone=true
20260908_121731 D/LiteRtRepository pid=28438 tid=28438 uptimeMs=1612500 msg=[5] native cleanup safepoint
20260908_121731 I/AiViewModel pid=28438 tid=28570 uptimeMs=1612505 msg=run[1] done: phase=ONE_STEP mode=EVAL_JSON score=null FU0.len=0 FU0.sha16=none commit=true err=<none>
20260908_121731 D/LiteRtRepository pid=28438 tid=28477 uptimeMs=1612507 msg=[5] Conversation reset completed after safepoint
20260908_121731 I/LiteRtRepository pid=28438 tid=28569 uptimeMs=1612507 msg=[5] finalize reason='native-terminated' totalMs=6886 inferenceMs=6884 firstTokenMs=2287 chunks=64 emittedChars=199 out.len=199 capturedAll=true logicalDone=true nativeTerminated=true cancelTag='null' lastDeltaMsAgo=8 lastEventMsAgo=7
20260908_121813 D/LiteRtRepository pid=28438 tid=28569 uptimeMs=1654308 msg=[6] start model='Gemma3n4B' prompt.len=1853 sha=5bb35313030a692a gateWaitMs=1
20260908_121813 D/LiteRtRepository pid=28438 tid=28569 uptimeMs=1654309 msg=[6] init ok initMs=1
20260908_121819 D/LiteRtRepository pid=28438 tid=28438 uptimeMs=1660510 msg=[6] logicalDone=true
20260908_121819 D/LiteRtRepository pid=28438 tid=28438 uptimeMs=1660510 msg=[6] native cleanup safepoint
20260908_121819 I/AiViewModel pid=28438 tid=28597 uptimeMs=1660513 msg=run[2] done: phase=ONE_STEP mode=EVAL_JSON score=20 FU0.len=0 FU0.sha16=none commit=true err=<none>
20260908_121819 D/LiteRtRepository pid=28438 tid=29910 uptimeMs=1660519 msg=[6] Conversation reset completed after safepoint
20260908_121819 I/LiteRtRepository pid=28438 tid=28569 uptimeMs=1660519 msg=[6] finalize reason='native-terminated' totalMs=6211 inferenceMs=6210 firstTokenMs=1551 chunks=64 emittedChars=198 out.len=198 capturedAll=true logicalDone=true nativeTerminated=true cancelTag='null' lastDeltaMsAgo=15 lastEventMsAgo=9
20260908_121819 D/LiteRtRepository pid=28438 tid=29910 uptimeMs=1660520 msg=[7] start model='Gemma3n4B' prompt.len=953 sha=7a07ddec0e1e26fd gateWaitMs=6
20260908_121819 D/LiteRtRepository pid=28438 tid=29910 uptimeMs=1660520 msg=[7] init ok initMs=0
20260908_121823 D/LiteRtRepository pid=28438 tid=28438 uptimeMs=1663857 msg=[7] logicalDone=true
20260908_121823 D/LiteRtRepository pid=28438 tid=28438 uptimeMs=1663857 msg=[7] native cleanup safepoint
20260908_121823 I/AiViewModel pid=28438 tid=28597 uptimeMs=1663861 msg=run[3] done: phase=FOLLOWUP mode=FOLLOWUP_JSON_OR_TEXT score=null FU0.len=119 FU0.sha16=fcc18bd27f69f97a commit=false err=<none>
20260908_121823 D/LiteRtRepository pid=28438 tid=28569 uptimeMs=1663864 msg=[7] Conversation reset completed after safepoint
20260908_121823 I/LiteRtRepository pid=28438 tid=28597 uptimeMs=1663864 msg=[7] finalize reason='native-terminated' totalMs=3345 inferenceMs=3344 firstTokenMs=923 chunks=32 emittedChars=119 out.len=119 capturedAll=true logicalDone=true nativeTerminated=true cancelTag='null' lastDeltaMsAgo=82 lastEventMsAgo=7
20260908_122043 D/LiteRtRepository pid=28438 tid=28597 uptimeMs=1804051 msg=[8] start model='Gemma3n4B' prompt.len=2075 sha=cc1f9a9d4591fd0e gateWaitMs=1
20260908_122043 D/LiteRtRepository pid=28438 tid=29910 uptimeMs=1804058 msg=[8] init ok initMs=5
20260908_122050 D/LiteRtRepository pid=28438 tid=28438 uptimeMs=1810666 msg=[8] logicalDone=true
20260908_122050 D/LiteRtRepository pid=28438 tid=28438 uptimeMs=1810666 msg=[8] native cleanup safepoint
20260908_122050 I/AiViewModel pid=28438 tid=29910 uptimeMs=1810670 msg=run[4] done: phase=ONE_STEP mode=EVAL_JSON score=null FU0.len=0 FU0.sha16=none commit=true err=<none>
20260908_122050 D/LiteRtRepository pid=28438 tid=29910 uptimeMs=1810674 msg=[8] Conversation reset completed after safepoint
20260908_122050 I/LiteRtRepository pid=28438 tid=29910 uptimeMs=1810675 msg=[8] finalize reason='native-terminated' totalMs=6625 inferenceMs=6617 firstTokenMs=1987 chunks=64 emittedChars=234 out.len=234 capturedAll=true logicalDone=true nativeTerminated=true cancelTag='null' lastDeltaMsAgo=11 lastEventMsAgo=9
20260908_122209 D/LiteRtRepository pid=28438 tid=28597 uptimeMs=1890490 msg=[9] start model='Gemma3n4B' prompt.len=1837 sha=6694a16257cc6acf gateWaitMs=1
20260908_122209 D/LiteRtRepository pid=28438 tid=28597 uptimeMs=1890492 msg=[9] init ok initMs=2
20260908_122216 D/LiteRtRepository pid=28438 tid=28438 uptimeMs=1896945 msg=[9] logicalDone=true
20260908_122216 D/LiteRtRepository pid=28438 tid=28438 uptimeMs=1896945 msg=[9] native cleanup safepoint
20260908_122216 I/AiViewModel pid=28438 tid=28597 uptimeMs=1896950 msg=run[5] done: phase=ONE_STEP mode=EVAL_JSON score=null FU0.len=0 FU0.sha16=none commit=true err=<none>
20260908_122216 D/LiteRtRepository pid=28438 tid=29910 uptimeMs=1896955 msg=[9] Conversation reset completed after safepoint
20260908_122216 I/LiteRtRepository pid=28438 tid=28597 uptimeMs=1896955 msg=[9] finalize reason='native-terminated' totalMs=6465 inferenceMs=6463 firstTokenMs=1909 chunks=64 emittedChars=208 out.len=208 capturedAll=true logicalDone=true nativeTerminated=true cancelTag='null' lastDeltaMsAgo=14 lastEventMsAgo=10
20260908_122242 D/LiteRtRepository pid=28438 tid=28570 uptimeMs=1922725 msg=[10] start model='Gemma3n4B' prompt.len=1793 sha=b11d7cd86e8cef16 gateWaitMs=1
20260908_122242 D/LiteRtRepository pid=28438 tid=28570 uptimeMs=1922727 msg=[10] init ok initMs=1
20260908_122248 D/LiteRtRepository pid=28438 tid=28438 uptimeMs=1928755 msg=[10] logicalDone=true
20260908_122248 D/LiteRtRepository pid=28438 tid=28438 uptimeMs=1928755 msg=[10] native cleanup safepoint
20260908_122248 I/AiViewModel pid=28438 tid=28570 uptimeMs=1928756 msg=run[6] done: phase=ONE_STEP mode=EVAL_JSON score=null FU0.len=0 FU0.sha16=none commit=true err=<none>
20260908_122248 D/LiteRtRepository pid=28438 tid=28477 uptimeMs=1928761 msg=[10] Conversation reset completed after safepoint
20260908_122248 I/LiteRtRepository pid=28438 tid=28477 uptimeMs=1928762 msg=[10] finalize reason='native-terminated' totalMs=6037 inferenceMs=6035 firstTokenMs=1282 chunks=64 emittedChars=203 out.len=203 capturedAll=true logicalDone=true nativeTerminated=true cancelTag='null' lastDeltaMsAgo=7 lastEventMsAgo=7
20260908_122317 D/LiteRtRepository pid=28438 tid=28594 uptimeMs=1958002 msg=[11] start model='Gemma3n4B' prompt.len=1792 sha=3f47c7480b7578b1 gateWaitMs=0
20260908_122317 D/LiteRtRepository pid=28438 tid=28594 uptimeMs=1958003 msg=[11] init ok initMs=1
20260908_122323 D/LiteRtRepository pid=28438 tid=28438 uptimeMs=1963621 msg=[11] logicalDone=true
20260908_122323 D/LiteRtRepository pid=28438 tid=28438 uptimeMs=1963621 msg=[11] native cleanup safepoint
20260908_122323 I/AiViewModel pid=28438 tid=28595 uptimeMs=1963626 msg=run[7] done: phase=ONE_STEP mode=EVAL_JSON score=75 FU0.len=38 FU0.sha16=a834cab32371c9a3 commit=true err=<none>
20260908_122323 D/LiteRtRepository pid=28438 tid=28595 uptimeMs=1963632 msg=[11] Conversation reset completed after safepoint
20260908_122323 I/LiteRtRepository pid=28438 tid=28595 uptimeMs=1963632 msg=[11] finalize reason='native-terminated' totalMs=5630 inferenceMs=5629 firstTokenMs=1225 chunks=60 emittedChars=190 out.len=190 capturedAll=true logicalDone=true nativeTerminated=true cancelTag='null' lastDeltaMsAgo=85 lastEventMsAgo=11
20260908_122350 D/LiteRtRepository pid=28438 tid=28594 uptimeMs=1990843 msg=[12] start model='Gemma3n4B' prompt.len=1930 sha=45be0a25bfc0546f gateWaitMs=1
20260908_122350 D/LiteRtRepository pid=28438 tid=28477 uptimeMs=1990847 msg=[12] init ok initMs=3
20260908_122356 D/LiteRtRepository pid=28438 tid=28438 uptimeMs=1997428 msg=[12] logicalDone=true
20260908_122356 D/LiteRtRepository pid=28438 tid=28438 uptimeMs=1997428 msg=[12] native cleanup safepoint
20260908_122356 I/AiViewModel pid=28438 tid=28594 uptimeMs=1997429 msg=run[8] done: phase=ONE_STEP mode=EVAL_JSON score=null FU0.len=0 FU0.sha16=none commit=true err=<none>
20260908_122356 D/LiteRtRepository pid=28438 tid=28477 uptimeMs=1997434 msg=[12] Conversation reset completed after safepoint
20260908_122356 I/LiteRtRepository pid=28438 tid=28477 uptimeMs=1997434 msg=[12] finalize reason='native-terminated' totalMs=6591 inferenceMs=6587 firstTokenMs=1949 chunks=64 emittedChars=245 out.len=245 capturedAll=true logicalDone=true nativeTerminated=true cancelTag='null' lastDeltaMsAgo=9 lastEventMsAgo=6
20260908_122528 D/LiteRtRepository pid=28438 tid=28595 uptimeMs=2088663 msg=[13] start model='Gemma3n4B' prompt.len=1734 sha=5fff92a4339f7bf1 gateWaitMs=1
20260908_122528 D/LiteRtRepository pid=28438 tid=28595 uptimeMs=2088665 msg=[13] init ok initMs=2
20260908_122534 D/LiteRtRepository pid=28438 tid=28438 uptimeMs=2094904 msg=[13] logicalDone=true
20260908_122534 D/LiteRtRepository pid=28438 tid=28438 uptimeMs=2094904 msg=[13] native cleanup safepoint
20260908_122534 I/AiViewModel pid=28438 tid=28595 uptimeMs=2094909 msg=run[9] done: phase=ONE_STEP mode=EVAL_JSON score=null FU0.len=0 FU0.sha16=none commit=true err=<none>
20260908_122534 D/LiteRtRepository pid=28438 tid=28595 uptimeMs=2094915 msg=[13] Conversation reset completed after safepoint
20260908_122534 I/LiteRtRepository pid=28438 tid=28594 uptimeMs=2094915 msg=[13] finalize reason='native-terminated' totalMs=6252 inferenceMs=6250 firstTokenMs=1698 chunks=64 emittedChars=234 out.len=234 capturedAll=true logicalDone=true nativeTerminated=true cancelTag='null' lastDeltaMsAgo=11 lastEventMsAgo=11
20260908_122602 D/LiteRtRepository pid=28438 tid=29910 uptimeMs=2122909 msg=[14] start model='Gemma3n4B' prompt.len=1850 sha=9d255813b835535d gateWaitMs=1
20260908_122602 D/LiteRtRepository pid=28438 tid=29910 uptimeMs=2122910 msg=[14] init ok initMs=1
20260908_122608 D/LiteRtRepository pid=28438 tid=28438 uptimeMs=2128985 msg=[14] logicalDone=true
20260908_122608 D/LiteRtRepository pid=28438 tid=28438 uptimeMs=2128985 msg=[14] native cleanup safepoint
20260908_122608 I/AiViewModel pid=28438 tid=28594 uptimeMs=2128986 msg=run[10] done: phase=ONE_STEP mode=EVAL_JSON score=null FU0.len=0 FU0.sha16=none commit=true err=<none>
20260908_122608 D/LiteRtRepository pid=28438 tid=28594 uptimeMs=2128990 msg=[14] Conversation reset completed after safepoint
20260908_122608 I/LiteRtRepository pid=28438 tid=28595 uptimeMs=2128990 msg=[14] finalize reason='native-terminated' totalMs=6082 inferenceMs=6080 firstTokenMs=1370 chunks=64 emittedChars=242 out.len=242 capturedAll=true logicalDone=true nativeTerminated=true cancelTag='null' lastDeltaMsAgo=6 lastEventMsAgo=5
20260908_122640 D/LiteRtRepository pid=28438 tid=28595 uptimeMs=2160919 msg=[15] start model='Gemma3n4B' prompt.len=1778 sha=7c7df46b3be26149 gateWaitMs=0
20260908_122640 D/LiteRtRepository pid=28438 tid=28595 uptimeMs=2160920 msg=[15] init ok initMs=0
20260908_122646 D/LiteRtRepository pid=28438 tid=28438 uptimeMs=2166640 msg=[15] logicalDone=true
20260908_122646 D/LiteRtRepository pid=28438 tid=28438 uptimeMs=2166640 msg=[15] native cleanup safepoint
20260908_122646 D/LiteRtRepository pid=28438 tid=28597 uptimeMs=2166645 msg=[15] Conversation reset completed after safepoint
20260908_122646 I/LiteRtRepository pid=28438 tid=28570 uptimeMs=2166645 msg=[15] finalize reason='native-terminated' totalMs=5726 inferenceMs=5725 firstTokenMs=1100 chunks=64 emittedChars=224 out.len=224 capturedAll=true logicalDone=true nativeTerminated=true cancelTag='null' lastDeltaMsAgo=7 lastEventMsAgo=5
20260908_122646 I/AiViewModel pid=28438 tid=29910 uptimeMs=2166645 msg=run[11] done: phase=ONE_STEP mode=EVAL_JSON score=85 FU0.len=67 FU0.sha16=9150c1d4aced587e commit=true err=<none>
20260908_122715 D/LiteRtRepository pid=28438 tid=28594 uptimeMs=2196136 msg=[16] start model='Gemma3n4B' prompt.len=1943 sha=65fdf04f2974729b gateWaitMs=1
20260908_122715 D/LiteRtRepository pid=28438 tid=28594 uptimeMs=2196138 msg=[16] init ok initMs=2
20260908_122722 D/LiteRtRepository pid=28438 tid=28438 uptimeMs=2202629 msg=[16] logicalDone=true
20260908_122722 D/LiteRtRepository pid=28438 tid=28438 uptimeMs=2202629 msg=[16] native cleanup safepoint
20260908_122722 I/AiViewModel pid=28438 tid=28595 uptimeMs=2202632 msg=run[12] done: phase=ONE_STEP mode=EVAL_JSON score=95 FU0.len=67 FU0.sha16=9150c1d4aced587e commit=true err=<none>
20260908_122722 D/LiteRtRepository pid=28438 tid=28570 uptimeMs=2202635 msg=[16] Conversation reset completed after safepoint
20260908_122722 I/LiteRtRepository pid=28438 tid=28570 uptimeMs=2202635 msg=[16] finalize reason='native-terminated' totalMs=6500 inferenceMs=6497 firstTokenMs=2068 chunks=61 emittedChars=210 out.len=210 capturedAll=true logicalDone=true nativeTerminated=true cancelTag='null' lastDeltaMsAgo=79 lastEventMsAgo=6
20260908_122754 D/LiteRtRepository pid=28438 tid=28570 uptimeMs=2235307 msg=[17] start model='Gemma3n4B' prompt.len=1782 sha=094653dcc9184856 gateWaitMs=0
20260908_122754 D/LiteRtRepository pid=28438 tid=28570 uptimeMs=2235308 msg=[17] init ok initMs=1
20260908_122800 D/LiteRtRepository pid=28438 tid=28438 uptimeMs=2241173 msg=[17] logicalDone=true
20260908_122800 D/LiteRtRepository pid=28438 tid=28438 uptimeMs=2241174 msg=[17] native cleanup safepoint
20260908_122800 I/AiViewModel pid=28438 tid=28570 uptimeMs=2241180 msg=run[13] done: phase=ONE_STEP mode=EVAL_JSON score=null FU0.len=78 FU0.sha16=a6c964eef6d43fab commit=true err=<none>
20260908_122800 D/LiteRtRepository pid=28438 tid=28595 uptimeMs=2241181 msg=[17] Conversation reset completed after safepoint
20260908_122800 I/LiteRtRepository pid=28438 tid=28595 uptimeMs=2241181 msg=[17] finalize reason='native-terminated' totalMs=5874 inferenceMs=5873 firstTokenMs=1206 chunks=64 emittedChars=213 out.len=213 capturedAll=true logicalDone=true nativeTerminated=true cancelTag='null' lastDeltaMsAgo=10 lastEventMsAgo=7
20260908_122840 D/LiteRtRepository pid=28438 tid=28595 uptimeMs=2281422 msg=[18] start model='Gemma3n4B' prompt.len=1962 sha=8ae7422055dcb2da gateWaitMs=1
20260908_122840 D/LiteRtRepository pid=28438 tid=28595 uptimeMs=2281425 msg=[18] init ok initMs=3
20260908_122847 D/LiteRtRepository pid=28438 tid=28438 uptimeMs=2287971 msg=[18] logicalDone=true
20260908_122847 D/LiteRtRepository pid=28438 tid=28438 uptimeMs=2287972 msg=[18] native cleanup safepoint
20260908_122847 I/AiViewModel pid=28438 tid=28597 uptimeMs=2287974 msg=run[14] done: phase=ONE_STEP mode=EVAL_JSON score=null FU0.len=0 FU0.sha16=none commit=true err=<none>
20260908_122847 D/LiteRtRepository pid=28438 tid=28594 uptimeMs=2287977 msg=[18] Conversation reset completed after safepoint
20260908_122847 I/LiteRtRepository pid=28438 tid=28595 uptimeMs=2287977 msg=[18] finalize reason='native-terminated' totalMs=6556 inferenceMs=6552 firstTokenMs=1858 chunks=64 emittedChars=229 out.len=229 capturedAll=true logicalDone=true nativeTerminated=true cancelTag='null' lastDeltaMsAgo=10 lastEventMsAgo=6
20260908_122943 D/LiteRtRepository pid=28438 tid=28597 uptimeMs=2343790 msg=[19] start model='Gemma3n4B' prompt.len=1835 sha=d15623cb367a94d9 gateWaitMs=0
20260908_122943 D/LiteRtRepository pid=28438 tid=28597 uptimeMs=2343791 msg=[19] init ok initMs=1
20260908_122949 D/LiteRtRepository pid=28438 tid=28438 uptimeMs=2349771 msg=[19] logicalDone=true
20260908_122949 D/LiteRtRepository pid=28438 tid=28438 uptimeMs=2349771 msg=[19] native cleanup safepoint
20260908_122949 I/AiViewModel pid=28438 tid=28595 uptimeMs=2349772 msg=run[15] done: phase=ONE_STEP mode=EVAL_JSON score=null FU0.len=0 FU0.sha16=none commit=true err=<none>
20260908_122949 D/LiteRtRepository pid=28438 tid=28597 uptimeMs=2349773 msg=[19] Conversation reset completed after safepoint
20260908_122949 I/LiteRtRepository pid=28438 tid=28597 uptimeMs=2349774 msg=[19] finalize reason='native-terminated' totalMs=5984 inferenceMs=5983 firstTokenMs=1268 chunks=64 emittedChars=237 out.len=237 capturedAll=true logicalDone=true nativeTerminated=true cancelTag='null' lastDeltaMsAgo=7 lastEventMsAgo=3
20260910_112234 I/AppRingLogStore pid=16395 tid=16395 uptimeMs=63281 msg=install: pid=16395 timeUtc=20260910_112234 uptimeMs=63281
20260910_112234 D/SurveyApp pid=16395 tid=16395 uptimeMs=63282 msg=attachBaseContext: pid=16395 process=com.negi.survey isMain=true sdk=35
20260910_112234 D/SurveyApp pid=16395 tid=16395 uptimeMs=63366 msg=onCreate: pid=16395 process=com.negi.survey isMain=true sdk=35
