=== RuntimeLogStore Header ===
ts=2026-09-09T16:19:40.824Z
fileNameFormat=LEGACY
appId=com.negi.survey
versionName=0.0.1
versionCode=1
debug=true
device=Google Pixel 9a
sdk=36
pid=20084
==============================
2026-09-09T16:19:40.825Z I/RuntimeLogStore [rtlog-io] start: actor launched (fileNameFormat=LEGACY)
2026-09-09T16:19:40.825Z D/SurveyApp [main] attachBaseContext: pid=20084 process=com.negi.survey isMain=true sdk=36
2026-09-09T16:19:40.826Z D/SurveyApp [main] bootTiming: attachBaseContext total=99ms
2026-09-09T16:19:40.826Z D/SurveyApp [main] Skipping WorkManager init in attachBaseContext; will init lazily on first enqueue.
2026-09-09T16:19:40.829Z D/SurveyApp [main] CrashCapture installed: where=SurveyApp:attachBaseContext
2026-09-09T16:19:40.851Z I/RuntimeLogStore [main] start repair: ctx/dir refreshed
2026-09-09T16:19:40.852Z D/SurveyApp [main] bootTiming: RuntimeLogStore.start took=1ms
2026-09-09T16:19:40.852Z D/SurveyApp [main] bootTiming: AppRingLogStore.install took=0ms
2026-09-09T16:19:40.852Z D/SurveyApp [main] onCreate: pid=20084 process=com.negi.survey isMain=true sdk=36
2026-09-09T16:19:40.864Z D/SurveyApp [main] CrashCapture installed: where=SurveyApp:onCreate(rewrap)
2026-09-09T16:19:40.864Z D/SurveyApp [main] CrashCapture self-healing registered.
2026-09-09T16:19:40.865Z W/SurveyApp [main] Startup enqueues deferred: delay=2500ms (to reduce init contention)
2026-09-09T16:19:40.865Z D/SurveyApp [main] bootTiming: onCreate total=14ms
2026-09-09T16:19:40.907Z I/RuntimeLogStore [DefaultDispatcher-worker-1] start repair: ctx/dir refreshed
2026-09-09T16:19:42.746Z I/RuntimeLogStore [DefaultDispatcher-worker-1] start repair: ctx/dir refreshed
