=== RuntimeLogStore Header ===
ts=2026-09-25T20:35:38.244Z
fileNameFormat=LEGACY
appId=com.negi.survey.local
versionName=0.0.1
versionCode=1
debug=true
device=Google Pixel 9a
sdk=36
pid=5766
==============================
2026-09-25T20:35:38.245Z I/RuntimeLogStore [rtlog-io] start: actor launched (fileNameFormat=LEGACY)
2026-09-25T20:35:38.188Z D/SurveyApp [main] attachBaseContext: pid=5766 process=com.negi.survey.local isMain=true sdk=36
2026-09-25T20:35:38.189Z D/SurveyApp [main] bootTiming: attachBaseContext total=54ms
2026-09-25T20:35:38.189Z D/SurveyApp [main] Skipping WorkManager init in attachBaseContext; will init lazily on first enqueue.
2026-09-25T20:35:38.192Z D/SurveyApp [main] CrashCapture installed: where=SurveyApp:attachBaseContext
2026-09-25T20:35:38.237Z I/RuntimeLogStore [main] start repair: ctx/dir refreshed
2026-09-25T20:35:38.237Z D/SurveyApp [main] bootTiming: RuntimeLogStore.start took=1ms
2026-09-25T20:35:38.237Z D/SurveyApp [main] bootTiming: AppRingLogStore.install took=0ms
2026-09-25T20:35:38.238Z D/SurveyApp [main] onCreate: pid=5766 process=com.negi.survey.local isMain=true sdk=36
2026-09-25T20:35:38.247Z D/SurveyApp [main] CrashCapture installed: where=SurveyApp:onCreate(rewrap)
2026-09-25T20:35:38.247Z D/SurveyApp [main] CrashCapture self-healing registered.
2026-09-25T20:35:38.247Z W/SurveyApp [main] Startup enqueues deferred: delay=2500ms (to reduce init contention)
2026-09-25T20:35:38.247Z D/SurveyApp [main] Startup survey recovery deferred: delay=2500ms
2026-09-25T20:35:38.247Z D/SurveyApp [main] bootTiming: onCreate total=12ms
2026-09-25T20:35:38.360Z I/RuntimeLogStore [DefaultDispatcher-worker-1] start repair: ctx/dir refreshed
2026-09-25T20:35:40.580Z I/RuntimeLogStore [DefaultDispatcher-worker-1] start repair: ctx/dir refreshed
