=== Previous Session Logcat ===
captured_time_utc=20260912_230643
captured_time_local=20260912_160643
marker=2026-09-07 20:15:06.102
preferred_prev_pid=14082
note=best-effort; buffers may be overwritten before next start
sdk=36
device=samsung SM-S931U1
appId=com.negi.survey
versionName=0.0.1
versionCode=43

=== Logcat (since marker) ===
--------- beginning of main
09-12 16:06:13.902 14082 14082 I Zygote  : Process 14082 created for com.negi.survey
09-12 16:06:13.902 14082 14082 I com.negi.survey: Using generational CollectorTypeCMC GC.
09-12 16:06:13.905 14082 14082 D nativeloader: Load libframework-connectivity-tiramisu-jni.so using APEX ns com_android_tethering for caller /apex/com.android.tethering/javalib/framework-connectivity-t.jar: ok
09-12 16:06:13.906 14082 14082 D ActivityThread: setConscryptValidator
09-12 16:06:13.906 14082 14082 D ActivityThread: setConscryptValidator - put
09-12 16:06:13.911 14082 14082 D ApplicationLoaders: Returning zygote-cached class loader: /system_ext/framework/androidx.window.extensions.jar
09-12 16:06:13.911 14082 14082 D ApplicationLoaders: Returning zygote-cached class loader: /system_ext/framework/androidx.window.sidecar.jar
09-12 16:06:13.923 14082 14082 D nativeloader: Configuring clns-9 for other apk /data/app/~~FprMxqbzUZsedUIumIq5vg==/com.negi.survey-9pmYUI9piSFVBPL6AtyL2w==/base.apk. target_sdk_version=36, uses_libraries=libOpenCL.so, library_path=/data/app/~~FprMxqbzUZsedUIumIq5vg==/com.negi.survey-9pmYUI9piSFVBPL6AtyL2w==/lib/arm64:/data/app/~~FprMxqbzUZsedUIumIq5vg==/com.negi.survey-9pmYUI9piSFVBPL6AtyL2w==/base.apk!/lib/arm64-v8a, permitted_path=/data:/mnt/expand:/data/user/0/com.negi.survey
09-12 16:06:13.928 14082 14082 V GraphicsEnvironment: Currently set values for:
09-12 16:06:13.928 14082 14082 V GraphicsEnvironment:   angle_gl_driver_selection_pkgs=[]
09-12 16:06:13.928 14082 14082 V GraphicsEnvironment:   angle_gl_driver_selection_values=[]
09-12 16:06:13.928 14082 14082 V GraphicsEnvironment: com.negi.survey is not listed in per-application setting
09-12 16:06:13.928 14082 14082 V GraphicsEnvironment: ANGLE allowlist from config: com.dreamgames.royalmatch com.dts.freefiremax com.dxx.firenow com.gramgames.mergedragons com.ludo.king com.mojang.minecraftpe com.my.defense com.nintendo.zaka com.os.airforce com.playrix.fishdomdd.gplay io.teslatech.callbreak jp.konami.prospia net.peakgames.toonblast
09-12 16:06:13.928 14082 14082 V GraphicsEnvironment: No special selections for ANGLE, returning default driver choice
09-12 16:06:13.928 14082 14082 V GraphicsEnvironment: App is not on the allowlist for updatable production driver.
09-12 16:06:13.961 14082 14082 D nativeloader: Load /data/app/~~FprMxqbzUZsedUIumIq5vg==/com.negi.survey-9pmYUI9piSFVBPL6AtyL2w==/base.apk!/lib/arm64-v8a/liblitertlm_jni.so using class loader ns clns-9 (caller=/data/app/~~FprMxqbzUZsedUIumIq5vg==/com.negi.survey-9pmYUI9piSFVBPL6AtyL2w==/base.apk!classes4.dex): ok
09-12 16:06:13.961 14082 14082 D SurveyApp: Loaded LiteRTLM JNI: litertlm_jni where=attachBaseContext
09-12 16:06:13.965 14082 14082 D AppRingLogStore: installed: dir=/data/user/0/com.negi.survey/files/diagnostics/applog_ring idx=0
09-12 16:06:13.966 14082 14098 D RuntimeLogStore: openWriter: start -> /data/user/0/com.negi.survey/files/diagnostics/runtime_logs/rtlog_20260912_230613_964_pid14082_seq1.log (bytes=0 format=LEGACY)
09-12 16:06:13.966 14082 14082 D CrashCapture: install: ensured default handler. where=SurveyApp:attachBaseContext pid=14082 default=com.negi.survey.CrashCapture$CrashHandler@160298c
09-12 16:06:13.967 14082 14098 D RuntimeLogStore: retention: start files=2 kept=2 totalBytes=2185
09-12 16:06:13.999 14082 14082 D SurveyApp: LiteRTLM JNI already loaded; skip. where=onCreate(retry)
09-12 16:06:14.000 14082 14082 D CrashCapture: install: ensured default handler. where=SurveyApp:onCreate(rewrap) pid=14082 default=com.negi.survey.CrashCapture$CrashHandler@160298c
09-12 16:06:14.000 14082 14082 D CrashCapture: registerSelfHealing: ActivityLifecycleCallbacks registered. mode=onResumedOnly
09-12 16:06:14.015 14082 14118 D UploadRescheduleRcvr: No GitHub pending files for action=android.intent.action.BOOT_COMPLETED
09-12 16:06:14.018 14082 14118 D github_upload: enqueueStartupRuntimeLogsUpload: uniqueName=upload_runtime_logs_startup policy=KEEP session=startup_runtime_20260912_230614_eb15dec8
09-12 16:06:14.023 14082 14118 D WM-PackageManagerHelper: Skipping component enablement for androidx.work.impl.background.systemjob.SystemJobService
09-12 16:06:14.023 14082 14118 D WM-Schedulers: Created SystemJobScheduler and enabled SystemJobService
09-12 16:06:14.024 14082 14135 D WM-ForceStopRunnable: Is default app process = true
09-12 16:06:14.024 14082 14135 D WM-ForceStopRunnable: Performing cleanup operations.
09-12 16:06:14.025 14082 14118 D UploadRescheduleRcvr: Enqueued runtime logs upload for action=android.intent.action.BOOT_COMPLETED reason=receiver_boot_completed
09-12 16:06:14.028 14082 14135 E ashmem  : Pinning is deprecated since Android Q. Please use trim or other methods.
09-12 16:06:14.041 14082 14149 D WM-SystemJobScheduler: Scheduling work ID 38573340-ad77-4157-a199-655641a4294cJob ID 2
09-12 16:06:14.042 14082 14149 D WM-GreedyScheduler: Starting tracking for 38573340-ad77-4157-a199-655641a4294c
09-12 16:06:14.045 14082 14150 D WM-WorkConstraintsTrack: NetworkRequestConstraintController register shared callback
09-12 16:06:14.046 14082 14150 D ConnectivityManager: StackLog: [android.net.ConnectivityManager.sendRequestForNetwork(ConnectivityManager.java:4744)] [android.net.ConnectivityManager.registerDefaultNetworkCallbackForUid(ConnectivityManager.java:5469)] [android.net.ConnectivityManager.registerDefaultNetworkCallback(ConnectivityManager.java:5436)] [android.net.ConnectivityManager.registerDefaultNetworkCallback(ConnectivityManager.java:5410)] [androidx.work.impl.constraints.SharedNetworkCallback.addCallback(WorkConstraintsTracker.kt:362)] [androidx.work.impl.constraints.NetworkRequestConstraintController$track$1.invokeSuspend(WorkConstraintsTracker.kt:179)] [androidx.work.impl.constraints.NetworkRequestConstraintController$track$1.invoke(WorkConstraintsTracker.kt:8)] [androidx.work.impl.constraints.NetworkRequestConstraintController$track$1.invoke(WorkConstraintsTracker.kt:4)] [kotlinx.coroutines.flow.ChannelFlowBuilder.collectTo$suspendImpl(Builders.kt:316)] [kotlinx.coroutines.flow.ChannelFlowBuilder.collectTo(Builders.kt:0)] [kotlinx.coroutines.flow.CallbackFlowBuilder.collectTo(Builders.kt:330)] [kotlinx.coroutines.flow.internal.ChannelFlow$collectToFun$1.invokeSuspend(ChannelFlow.kt:56)] [kotlin.coroutines.jvm.internal.BaseContinuationImpl.resumeWith(ContinuationImpl.kt:34)] [kotlinx.coroutines.DispatchedTask.run(DispatchedTask.kt:100)] [androidx.work.impl.utils.SerialExecutorImpl$Task.run(SerialExecutorImpl.java:96)] [java.util.concurrent.ThreadPoolExecutor.runWorker(ThreadPoolExecutor.java:1100)] [java.util.concurrent.ThreadPoolExecutor$Worker.run(ThreadPoolExecutor.java:624)] [java.lang.Thread.run(Thread.java:1572)]
09-12 16:06:14.048 14082 14150 D WM-PackageManagerHelper: androidx.work.impl.background.systemalarm.RescheduleReceiver enabled
