=== RuntimeLogStore Header ===
ts=2026-09-28T23:07:00.161Z
fileNameFormat=LEGACY
appId=com.negi.survey
versionName=0.0.1
versionCode=1
debug=true
device=samsung SM-S731U
sdk=36
pid=22188
==============================
2026-09-28T23:07:00.161Z I/RuntimeLogStore [rtlog-io] start: actor launched (fileNameFormat=LEGACY)
2026-09-28T23:07:00.127Z D/SurveyApp [main] attachBaseContext: pid=22188 process=com.negi.survey isMain=true sdk=36
2026-09-28T23:07:00.127Z D/SurveyApp [main] bootTiming: attachBaseContext total=32ms
2026-09-28T23:07:00.127Z D/SurveyApp [main] Skipping WorkManager init in attachBaseContext; will init lazily on first enqueue.
2026-09-28T23:07:00.129Z D/SurveyApp [main] CrashCapture installed: where=SurveyApp:attachBaseContext
2026-09-28T23:07:00.162Z I/RuntimeLogStore [main] start repair: ctx/dir refreshed
2026-09-28T23:07:00.162Z D/SurveyApp [main] bootTiming: RuntimeLogStore.start took=1ms
2026-09-28T23:07:00.162Z D/SurveyApp [main] bootTiming: AppRingLogStore.install took=0ms
2026-09-28T23:07:00.162Z D/SurveyApp [main] onCreate: pid=22188 process=com.negi.survey isMain=true sdk=36
2026-09-28T23:07:00.166Z D/SurveyApp [main] CrashCapture installed: where=SurveyApp:onCreate(rewrap)
2026-09-28T23:07:00.167Z D/SurveyApp [main] CrashCapture self-healing registered.
2026-09-28T23:07:00.167Z W/SurveyApp [main] Startup enqueues deferred: delay=2500ms (to reduce init contention)
2026-09-28T23:07:00.167Z D/SurveyApp [main] Startup survey recovery deferred: delay=2500ms
2026-09-28T23:07:00.167Z D/SurveyApp [main] bootTiming: onCreate total=6ms
2026-09-28T23:07:00.199Z I/RuntimeLogStore [DefaultDispatcher-worker-1] start repair: ctx/dir refreshed
2026-09-28T23:07:01.729Z I/RuntimeLogStore [DefaultDispatcher-worker-1] start repair: ctx/dir refreshed
