=== RuntimeLogStore Header ===
ts=2026-09-28T23:04:37.448Z
fileNameFormat=LEGACY
appId=com.negi.survey
versionName=0.0.1
versionCode=1
debug=true
device=samsung SM-S731U
sdk=36
pid=21847
==============================
2026-09-28T23:04:37.448Z I/RuntimeLogStore [rtlog-io] start: actor launched (fileNameFormat=LEGACY)
2026-09-28T23:04:37.442Z D/SurveyApp [main] attachBaseContext: pid=21847 process=com.negi.survey isMain=true sdk=36
2026-09-28T23:04:37.443Z D/SurveyApp [main] bootTiming: attachBaseContext total=30ms
2026-09-28T23:04:37.443Z D/SurveyApp [main] Skipping WorkManager init in attachBaseContext; will init lazily on first enqueue.
2026-09-28T23:04:37.445Z D/SurveyApp [main] CrashCapture installed: where=SurveyApp:attachBaseContext
2026-09-28T23:04:37.458Z I/RuntimeLogStore [main] start repair: ctx/dir refreshed
2026-09-28T23:04:37.458Z D/SurveyApp [main] bootTiming: RuntimeLogStore.start took=0ms
2026-09-28T23:04:37.458Z D/SurveyApp [main] bootTiming: AppRingLogStore.install took=0ms
2026-09-28T23:04:37.459Z D/SurveyApp [main] onCreate: pid=21847 process=com.negi.survey isMain=true sdk=36
2026-09-28T23:04:37.462Z D/SurveyApp [main] CrashCapture installed: where=SurveyApp:onCreate(rewrap)
2026-09-28T23:04:37.462Z D/SurveyApp [main] CrashCapture self-healing registered.
2026-09-28T23:04:37.462Z W/SurveyApp [main] Startup enqueues deferred: delay=2500ms (to reduce init contention)
2026-09-28T23:04:37.462Z D/SurveyApp [main] Startup survey recovery deferred: delay=2500ms
2026-09-28T23:04:37.463Z D/SurveyApp [main] bootTiming: onCreate total=5ms
2026-09-28T23:04:39.964Z W/SurveyApp [main] Deferred startup enqueues begin...
2026-09-28T23:04:39.964Z D/SurveyApp [main] WorkManager available. where=startupRtLogs(immediate) took=0ms
2026-09-28T23:04:39.974Z D/SurveyApp [main] Startup runtime logs: GitHub config not available (immediate).
2026-09-28T23:04:39.974Z W/SurveyApp [main] Startup runtime logs: scheduling one retry; reason=config
2026-09-28T23:04:39.974Z D/SurveyApp [main] WorkManager available. where=startupRingLogs(immediate) took=0ms
2026-09-28T23:04:39.978Z D/SurveyApp [main] Startup ring logs: GitHub config not available (immediate).
2026-09-28T23:04:39.978Z W/SurveyApp [main] Startup ring logs: scheduling one retry; reason=config
2026-09-28T23:04:39.978Z D/SurveyApp [main] WorkManager available. where=enqueuePending(immediate) took=0ms
2026-09-28T23:04:39.979Z D/SurveyApp [main] CrashCapture pending uploads requested (immediate).
2026-09-28T23:04:39.979Z W/SurveyApp [main] Deferred startup enqueues done: took=15ms
2026-09-28T23:04:39.980Z D/SurveyApp [DefaultDispatcher-worker-3] Survey recovery WorkManager available. where=startupSurveyUploads(initial) took=0ms
2026-09-28T23:04:39.983Z W/SurveyApp [DefaultDispatcher-worker-3] Startup survey recovery: GitHub config unavailable (initial).
2026-09-28T23:04:39.983Z W/SurveyApp [DefaultDispatcher-worker-3] Startup survey recovery: scheduling one retry; reason=config delay=1600ms
2026-09-28T23:04:41.577Z D/SurveyApp [main] WorkManager available. where=startupRtLogs(delayed) took=0ms
2026-09-28T23:04:41.583Z D/SurveyApp [main] Startup runtime logs: GitHub config not available (delayed).
2026-09-28T23:04:41.583Z D/SurveyApp [main] Startup runtime logs: retry already scheduled; reason=config
2026-09-28T23:04:41.584Z D/SurveyApp [main] WorkManager available. where=startupRingLogs(delayed) took=0ms
2026-09-28T23:04:41.589Z D/SurveyApp [main] Startup ring logs: GitHub config not available (delayed).
2026-09-28T23:04:41.589Z D/SurveyApp [main] Startup ring logs: retry already scheduled; reason=config
2026-09-28T23:04:41.592Z D/SurveyApp [DefaultDispatcher-worker-3] Survey recovery WorkManager available. where=startupSurveyUploads(delayed) took=0ms
2026-09-28T23:04:41.594Z W/SurveyApp [DefaultDispatcher-worker-3] Startup survey recovery: GitHub config unavailable (delayed).
2026-09-28T23:04:41.594Z W/SurveyApp [DefaultDispatcher-worker-3] Startup survey recovery: retry exhausted; reason=config
