=== RuntimeLogStore Header ===
ts=2026-09-09T00:27:06.090Z
fileNameFormat=LEGACY
appId=com.negi.survey
versionName=0.0.1
versionCode=1
debug=true
device=Google Pixel 9a
sdk=36
pid=19025
==============================
2026-09-09T00:27:06.090Z I/RuntimeLogStore [rtlog-io] start: actor launched (fileNameFormat=LEGACY)
2026-09-09T00:27:06.076Z D/SurveyApp [main] attachBaseContext: pid=19025 process=com.negi.survey isMain=true sdk=36
2026-09-09T00:27:06.077Z D/SurveyApp [main] bootTiming: attachBaseContext total=59ms
2026-09-09T00:27:06.077Z D/SurveyApp [main] Skipping WorkManager init in attachBaseContext; will init lazily on first enqueue.
2026-09-09T00:27:06.080Z D/SurveyApp [main] CrashCapture installed: where=SurveyApp:attachBaseContext
2026-09-09T00:27:06.110Z I/RuntimeLogStore [main] start repair: ctx/dir refreshed
2026-09-09T00:27:06.110Z D/SurveyApp [main] bootTiming: RuntimeLogStore.start took=1ms
2026-09-09T00:27:06.111Z D/SurveyApp [main] bootTiming: AppRingLogStore.install took=0ms
2026-09-09T00:27:06.111Z D/SurveyApp [main] onCreate: pid=19025 process=com.negi.survey isMain=true sdk=36
2026-09-09T00:27:06.120Z D/SurveyApp [main] CrashCapture installed: where=SurveyApp:onCreate(rewrap)
2026-09-09T00:27:06.120Z D/SurveyApp [main] CrashCapture self-healing registered.
2026-09-09T00:27:06.120Z W/SurveyApp [main] Startup enqueues deferred: delay=2500ms (to reduce init contention)
2026-09-09T00:27:06.121Z D/SurveyApp [main] bootTiming: onCreate total=11ms
2026-09-09T00:27:08.623Z W/SurveyApp [main] Deferred startup enqueues begin...
2026-09-09T00:27:08.742Z D/SurveyApp [main] WorkManager available. where=startupRtLogs(immediate) took=118ms
2026-09-09T00:27:08.784Z D/SurveyApp [main] Startup runtime logs target -> owner=ishizuki-tech repo=SurveyExports branch=main base='/diagnostics/runtime_logs'
2026-09-09T00:27:08.826Z D/SurveyApp [main] Startup runtime logs: enqueue requested (immediate).
2026-09-09T00:27:08.827Z D/SurveyApp [main] WorkManager available. where=startupRingLogs(immediate) took=0ms
2026-09-09T00:27:08.829Z D/SurveyApp [main] Startup ring logs target -> owner=ishizuki-tech repo=SurveyExports branch=main base='/diagnostics/applog_ring'
2026-09-09T00:27:08.832Z D/SurveyApp [main] Startup ring logs: enqueue requested (immediate).
2026-09-09T00:27:08.833Z D/SurveyApp [main] WorkManager available. where=enqueuePending(immediate) took=0ms
2026-09-09T00:27:08.833Z D/SurveyApp [main] CrashCapture pending uploads requested (immediate).
2026-09-09T00:27:08.833Z W/SurveyApp [main] Deferred startup enqueues done: took=211ms
2026-09-09T00:27:10.529Z I/RuntimeLogStore [DefaultDispatcher-worker-3] start repair: ctx/dir refreshed
