=== RuntimeLogStore Header ===
ts=2026-09-24T19:48:10.177Z
fileNameFormat=LEGACY
appId=com.negi.survey.local
versionName=0.0.1
versionCode=1
debug=true
device=Google Pixel 9a
sdk=36
pid=926
==============================
2026-09-24T19:48:10.178Z I/RuntimeLogStore [rtlog-io] start: actor launched (fileNameFormat=LEGACY)
2026-09-24T19:48:10.168Z D/SurveyApp [main] attachBaseContext: pid=926 process=com.negi.survey.local isMain=true sdk=36
2026-09-24T19:48:10.169Z D/SurveyApp [main] bootTiming: attachBaseContext total=40ms
2026-09-24T19:48:10.169Z D/SurveyApp [main] Skipping WorkManager init in attachBaseContext; will init lazily on first enqueue.
2026-09-24T19:48:10.170Z D/SurveyApp [main] CrashCapture installed: where=SurveyApp:attachBaseContext
2026-09-24T19:48:10.182Z I/RuntimeLogStore [main] start repair: ctx/dir refreshed
2026-09-24T19:48:10.182Z D/SurveyApp [main] bootTiming: RuntimeLogStore.start took=0ms
2026-09-24T19:48:10.182Z D/SurveyApp [main] bootTiming: AppRingLogStore.install took=0ms
2026-09-24T19:48:10.182Z D/SurveyApp [main] onCreate: pid=926 process=com.negi.survey.local isMain=true sdk=36
2026-09-24T19:48:10.187Z D/SurveyApp [main] CrashCapture installed: where=SurveyApp:onCreate(rewrap)
2026-09-24T19:48:10.187Z D/SurveyApp [main] CrashCapture self-healing registered.
2026-09-24T19:48:10.187Z W/SurveyApp [main] Startup enqueues deferred: delay=2500ms (to reduce init contention)
2026-09-24T19:48:10.188Z D/SurveyApp [main] Startup survey recovery deferred: delay=2500ms
2026-09-24T19:48:10.188Z D/SurveyApp [main] bootTiming: onCreate total=6ms
2026-09-24T19:48:12.688Z W/SurveyApp [main] Deferred startup enqueues begin...
2026-09-24T19:48:12.688Z D/SurveyApp [main] WorkManager available. where=startupRtLogs(immediate) took=0ms
2026-09-24T19:48:12.695Z D/SurveyApp [main] Startup runtime logs target -> owner=ishizuki-tech repo=SurveyExports branch=main base='/diagnostics/runtime_logs'
2026-09-24T19:48:12.711Z D/SurveyApp [main] Startup runtime logs: enqueue requested (immediate).
2026-09-24T19:48:12.712Z D/SurveyApp [main] WorkManager available. where=startupRingLogs(immediate) took=0ms
2026-09-24T19:48:12.712Z D/SurveyApp [main] Startup ring logs target -> owner=ishizuki-tech repo=SurveyExports branch=main base='/diagnostics/applog_ring'
2026-09-24T19:48:12.713Z D/SurveyApp [main] Startup ring logs: enqueue requested (immediate).
2026-09-24T19:48:12.713Z D/SurveyApp [main] WorkManager available. where=enqueuePending(immediate) took=0ms
2026-09-24T19:48:12.714Z D/SurveyApp [main] CrashCapture pending uploads requested (immediate).
2026-09-24T19:48:12.714Z W/SurveyApp [main] Deferred startup enqueues done: took=26ms
2026-09-24T19:48:12.715Z D/SurveyApp [DefaultDispatcher-worker-3] Survey recovery WorkManager available. where=startupSurveyUploads(initial) took=0ms
2026-09-24T19:48:12.721Z D/SurveyApp [DefaultDispatcher-worker-3] Startup survey recovery complete: discovered=0 attempted=0 submitted=0 active=0 trackerUnconfirmed=0 uploaded=0 deferred=0 invalid=0 operationalFailures=0 duplicates=0 unclassified=0
2026-09-24T19:48:14.020Z I/RuntimeLogStore [DefaultDispatcher-worker-5] start repair: ctx/dir refreshed
