=== RuntimeLogStore Header ===
ts=2026-09-09T00:53:23.141Z
fileNameFormat=LEGACY
appId=com.negi.survey
versionName=0.0.1
versionCode=1
debug=true
device=Google Pixel 9a
sdk=36
pid=21247
==============================
2026-09-09T00:53:23.142Z I/RuntimeLogStore [rtlog-io] start: actor launched (fileNameFormat=LEGACY)
2026-09-09T00:53:23.136Z D/SurveyApp [main] attachBaseContext: pid=21247 process=com.negi.survey isMain=true sdk=36
2026-09-09T00:53:23.137Z D/SurveyApp [main] bootTiming: attachBaseContext total=54ms
2026-09-09T00:53:23.137Z D/SurveyApp [main] Skipping WorkManager init in attachBaseContext; will init lazily on first enqueue.
2026-09-09T00:53:23.140Z D/SurveyApp [main] CrashCapture installed: where=SurveyApp:attachBaseContext
2026-09-09T00:53:23.166Z I/RuntimeLogStore [main] start repair: ctx/dir refreshed
2026-09-09T00:53:23.167Z D/SurveyApp [main] bootTiming: RuntimeLogStore.start took=1ms
2026-09-09T00:53:23.168Z D/SurveyApp [main] bootTiming: AppRingLogStore.install took=0ms
2026-09-09T00:53:23.168Z D/SurveyApp [main] onCreate: pid=21247 process=com.negi.survey isMain=true sdk=36
2026-09-09T00:53:23.177Z D/SurveyApp [main] CrashCapture installed: where=SurveyApp:onCreate(rewrap)
2026-09-09T00:53:23.177Z D/SurveyApp [main] CrashCapture self-healing registered.
2026-09-09T00:53:23.177Z W/SurveyApp [main] Startup enqueues deferred: delay=2500ms (to reduce init contention)
2026-09-09T00:53:23.178Z D/SurveyApp [main] bootTiming: onCreate total=12ms
2026-09-09T00:53:24.113Z D/SLM [Instr: androidx.test.runner.AndroidJUnitRunner] initializeIfNeeded: model='gemma-3n-E4B-it' image=false audio=false
2026-09-09T00:53:24.124Z D/LiteRtLM [DefaultDispatcher-worker-2] Initializing LiteRT-LM: model='gemma-3n-E4B-it', key='gemma-3n-E4B-it|/data/user/0/com.negi.survey/files/models/gemma-3n-E4B-it-int4.litertlm'
2026-09-09T00:53:24.125Z D/LiteRtLM [DefaultDispatcher-worker-2] Capabilities: image=false audio=false
2026-09-09T00:53:24.126Z D/LiteRtLM [DefaultDispatcher-worker-2] Backend=com.google.ai.edge.litertlm.Backend$GPU@2f52529 maxNumTokens=512 (raw=512) topK=1 topP=0.0 temp=0.0
2026-09-09T00:53:24.126Z D/LiteRtLM [DefaultDispatcher-worker-2] Model path='/data/user/0/com.negi.survey/files/models/gemma-3n-E4B-it-int4.litertlm' sizeBytes=4919541760 lastModified=1788913652575
2026-09-09T00:53:24.127Z D/LiteRtLM [DefaultDispatcher-worker-2] LiteRT-LM native benchmark policy: enabled=false emulator=false
2026-09-09T00:53:24.128Z D/LiteRtLM [DefaultDispatcher-worker-2] Speculative decoding / MTP policy: enabled=false runtimeFlagUpdated=true model='gemma-3n-E4B-it'
2026-09-09T00:53:24.131Z D/LiteRtLM [DefaultDispatcher-worker-2] Engine cacheDir resolved: key='gemma-3n-E4B-it|/data/user/0/com.negi.survey/files/models/gemma-3n-E4B-it-int4.litertlm' backend=com.google.ai.edge.litertlm.Backend$GPU@2f52529 path='/data/user/0/com.negi.survey/no_backup/litertlm_cache/8b58dd5e854e5353723e4360d401cf7d199b6f10' filesBefore=2
2026-09-09T00:53:25.679Z W/SurveyApp [main] Deferred startup enqueues begin...
2026-09-09T00:53:25.719Z D/SurveyApp [main] WorkManager available. where=startupRtLogs(immediate) took=40ms
2026-09-09T00:53:25.723Z D/SurveyApp [main] Startup runtime logs target -> owner=ishizuki-tech repo=SurveyExports branch=main base='/diagnostics/runtime_logs'
2026-09-09T00:53:25.737Z D/SurveyApp [main] Startup runtime logs: enqueue requested (immediate).
2026-09-09T00:53:25.737Z D/SurveyApp [main] WorkManager available. where=startupRingLogs(immediate) took=0ms
2026-09-09T00:53:25.738Z D/SurveyApp [main] Startup ring logs target -> owner=ishizuki-tech repo=SurveyExports branch=main base='/diagnostics/applog_ring'
2026-09-09T00:53:25.738Z D/SurveyApp [main] Startup ring logs: enqueue requested (immediate).
2026-09-09T00:53:25.739Z D/SurveyApp [main] WorkManager available. where=enqueuePending(immediate) took=0ms
2026-09-09T00:53:25.739Z D/SurveyApp [main] CrashCapture pending uploads requested (immediate).
2026-09-09T00:53:25.739Z W/SurveyApp [main] Deferred startup enqueues done: took=60ms
2026-09-09T00:53:27.167Z I/RuntimeLogStore [DefaultDispatcher-worker-8] start repair: ctx/dir refreshed
