=== RuntimeLogStore Header ===
ts=2026-09-09T00:52:54.297Z
fileNameFormat=LEGACY
appId=com.negi.survey
versionName=0.0.1
versionCode=1
debug=true
device=Google Pixel 9a
sdk=36
pid=21078
==============================
2026-09-09T00:52:54.297Z I/RuntimeLogStore [rtlog-io] --- rotated (reason=plain_snapshot:receiver_my_package_repl) ---
2026-09-09T00:52:54.692Z W/SurveyApp [main] Deferred startup enqueues begin...
2026-09-09T00:52:54.693Z D/SurveyApp [main] WorkManager available. where=startupRtLogs(immediate) took=0ms
2026-09-09T00:52:54.696Z D/SurveyApp [main] Startup runtime logs target -> owner=ishizuki-tech repo=SurveyExports branch=main base='/diagnostics/runtime_logs'
2026-09-09T00:52:54.702Z D/SurveyApp [main] Startup runtime logs: enqueue requested (immediate).
2026-09-09T00:52:54.702Z D/SurveyApp [main] WorkManager available. where=startupRingLogs(immediate) took=0ms
2026-09-09T00:52:54.703Z D/SurveyApp [main] Startup ring logs target -> owner=ishizuki-tech repo=SurveyExports branch=main base='/diagnostics/applog_ring'
2026-09-09T00:52:54.704Z D/SurveyApp [main] Startup ring logs: enqueue requested (immediate).
2026-09-09T00:52:54.705Z D/SurveyApp [main] WorkManager available. where=enqueuePending(immediate) took=0ms
2026-09-09T00:52:54.705Z D/SurveyApp [main] CrashCapture pending uploads requested (immediate).
2026-09-09T00:52:54.705Z W/SurveyApp [main] Deferred startup enqueues done: took=13ms
