=== RuntimeLogStore Header ===
ts=2026-09-04T17:58:53.935Z
fileNameFormat=LEGACY
appId=com.negi.survey
versionName=0.0.1
versionCode=1
debug=true
device=Google Pixel 9a
sdk=36
pid=9090
==============================
2026-09-04T17:58:53.938Z I/RuntimeLogStore [rtlog-io] start: actor launched (fileNameFormat=LEGACY)
2026-09-04T17:58:53.880Z D/SurveyApp [main] attachBaseContext: pid=9090 process=com.negi.survey isMain=true sdk=36
2026-09-04T17:58:53.882Z D/SurveyApp [main] bootTiming: attachBaseContext total=79ms
2026-09-04T17:58:53.882Z D/SurveyApp [main] Skipping WorkManager init in attachBaseContext; will init lazily on first enqueue.
2026-09-04T17:58:53.888Z D/SurveyApp [main] CrashCapture installed: where=SurveyApp:attachBaseContext
2026-09-04T17:58:53.948Z I/RuntimeLogStore [main] start repair: ctx/dir refreshed
2026-09-04T17:58:53.949Z D/SurveyApp [main] bootTiming: RuntimeLogStore.start took=1ms
2026-09-04T17:58:53.949Z D/SurveyApp [main] bootTiming: AppRingLogStore.install took=0ms
2026-09-04T17:58:53.949Z D/SurveyApp [main] onCreate: pid=9090 process=com.negi.survey isMain=true sdk=36
2026-09-04T17:58:53.962Z D/SurveyApp [main] CrashCapture installed: where=SurveyApp:onCreate(rewrap)
2026-09-04T17:58:53.962Z D/SurveyApp [main] CrashCapture self-healing registered.
2026-09-04T17:58:53.962Z W/SurveyApp [main] Startup enqueues deferred: delay=2500ms (to reduce init contention)
2026-09-04T17:58:53.963Z D/SurveyApp [main] bootTiming: onCreate total=14ms
2026-09-04T17:58:56.465Z W/SurveyApp [main] Deferred startup enqueues begin...
2026-09-04T17:58:56.601Z D/SurveyApp [main] WorkManager available. where=startupRtLogs(immediate) took=134ms
2026-09-04T17:58:56.607Z D/SurveyApp [main] Startup runtime logs target -> owner=ishizuki-tech repo=SurveyExports branch=main base='/diagnostics/runtime_logs'
2026-09-04T17:58:56.639Z D/SurveyApp [main] Startup runtime logs: enqueue requested (immediate).
2026-09-04T17:58:56.640Z D/SurveyApp [main] WorkManager available. where=startupRingLogs(immediate) took=0ms
2026-09-04T17:58:56.642Z D/SurveyApp [main] Startup ring logs target -> owner=ishizuki-tech repo=SurveyExports branch=main base='/diagnostics/applog_ring'
2026-09-04T17:58:56.644Z D/SurveyApp [main] Startup ring logs: enqueue requested (immediate).
2026-09-04T17:58:56.644Z D/SurveyApp [main] WorkManager available. where=enqueuePending(immediate) took=0ms
2026-09-04T17:58:56.645Z D/SurveyApp [main] CrashCapture pending uploads requested (immediate).
2026-09-04T17:58:56.645Z W/SurveyApp [main] Deferred startup enqueues done: took=181ms
2026-09-04T17:58:58.353Z I/RuntimeLogStore [DefaultDispatcher-worker-1] start repair: ctx/dir refreshed
