=== RuntimeLogStore Header ===
ts=2026-09-29T03:36:01.534Z
fileNameFormat=LEGACY
appId=com.negi.survey
versionName=0.0.1
versionCode=1
debug=true
device=samsung SM-S731U
sdk=36
pid=16917
==============================
2026-09-29T03:36:01.534Z I/RuntimeLogStore [rtlog-io] start: actor launched (fileNameFormat=LEGACY)
2026-09-29T03:36:01.527Z D/SurveyApp [main] attachBaseContext: pid=16917 process=com.negi.survey isMain=true sdk=36
2026-09-29T03:36:01.527Z D/SurveyApp [main] bootTiming: attachBaseContext total=25ms
2026-09-29T03:36:01.527Z D/SurveyApp [main] Skipping WorkManager init in attachBaseContext; will init lazily on first enqueue.
2026-09-29T03:36:01.528Z D/SurveyApp [main] CrashCapture installed: where=SurveyApp:attachBaseContext
2026-09-29T03:36:01.540Z I/RuntimeLogStore [main] start repair: ctx/dir refreshed
2026-09-29T03:36:01.540Z D/SurveyApp [main] bootTiming: RuntimeLogStore.start took=1ms
2026-09-29T03:36:01.540Z D/SurveyApp [main] bootTiming: AppRingLogStore.install took=0ms
2026-09-29T03:36:01.540Z D/SurveyApp [main] onCreate: pid=16917 process=com.negi.survey isMain=true sdk=36
2026-09-29T03:36:01.544Z D/SurveyApp [main] CrashCapture installed: where=SurveyApp:onCreate(rewrap)
2026-09-29T03:36:01.544Z D/SurveyApp [main] CrashCapture self-healing registered.
2026-09-29T03:36:01.544Z W/SurveyApp [main] Startup enqueues deferred: delay=2500ms (to reduce init contention)
2026-09-29T03:36:01.544Z D/SurveyApp [main] Startup survey recovery deferred: delay=2500ms
2026-09-29T03:36:01.544Z D/SurveyApp [main] bootTiming: onCreate total=5ms
2026-09-29T03:36:01.556Z I/RuntimeLogStore [DefaultDispatcher-worker-1] start repair: ctx/dir refreshed
2026-09-29T03:36:03.062Z I/RuntimeLogStore [DefaultDispatcher-worker-1] start repair: ctx/dir refreshed
