=== RuntimeLogStore Header ===
ts=2026-09-29T03:35:43.017Z
fileNameFormat=LEGACY
appId=com.negi.survey
versionName=0.0.1
versionCode=1
debug=true
device=samsung SM-S731U
sdk=36
pid=16589
==============================
2026-09-29T03:35:43.017Z I/RuntimeLogStore [rtlog-io] --- rotated (reason=plain_snapshot:receiver_my_package_repl) ---
2026-09-29T03:35:43.920Z W/SurveyApp [main] Deferred startup enqueues begin...
2026-09-29T03:35:43.923Z D/SurveyApp [main] WorkManager available. where=startupRtLogs(immediate) took=0ms
2026-09-29T03:35:43.931Z D/SurveyApp [main] Startup runtime logs target -> owner=ishizuki-tech repo=SurveyExports branch=main base='/diagnostics/runtime_logs'
2026-09-29T03:35:43.936Z D/SurveyApp [main] Startup runtime logs: enqueue requested (immediate).
2026-09-29T03:35:43.936Z D/SurveyApp [main] WorkManager available. where=startupRingLogs(immediate) took=0ms
2026-09-29T03:35:43.941Z D/SurveyApp [main] Startup ring logs target -> owner=ishizuki-tech repo=SurveyExports branch=main base='/diagnostics/applog_ring'
2026-09-29T03:35:43.944Z D/SurveyApp [main] Startup ring logs: enqueue requested (immediate).
2026-09-29T03:35:43.944Z D/SurveyApp [main] WorkManager available. where=enqueuePending(immediate) took=0ms
2026-09-29T03:35:43.945Z D/SurveyApp [main] CrashCapture pending uploads requested (immediate).
2026-09-29T03:35:43.945Z W/SurveyApp [main] Deferred startup enqueues done: took=27ms
