=== RuntimeLogStore Header ===
ts=2026-09-24T01:25:16.412Z
fileNameFormat=LEGACY
appId=com.negi.survey
versionName=0.0.1
versionCode=1
debug=true
device=Google Pixel 9a
sdk=36
pid=9907
==============================
2026-09-24T01:25:16.412Z I/RuntimeLogStore [rtlog-io] start: actor launched (fileNameFormat=LEGACY)
2026-09-24T01:25:16.404Z D/SurveyApp [main] attachBaseContext: pid=9907 process=com.negi.survey isMain=true sdk=36
2026-09-24T01:25:16.404Z D/SurveyApp [main] bootTiming: attachBaseContext total=26ms
2026-09-24T01:25:16.404Z D/SurveyApp [main] Skipping WorkManager init in attachBaseContext; will init lazily on first enqueue.
2026-09-24T01:25:16.405Z D/SurveyApp [main] CrashCapture installed: where=SurveyApp:attachBaseContext
2026-09-24T01:25:16.417Z I/RuntimeLogStore [main] start repair: ctx/dir refreshed
2026-09-24T01:25:16.417Z D/SurveyApp [main] bootTiming: RuntimeLogStore.start took=0ms
2026-09-24T01:25:16.417Z D/SurveyApp [main] bootTiming: AppRingLogStore.install took=0ms
2026-09-24T01:25:16.417Z D/SurveyApp [main] onCreate: pid=9907 process=com.negi.survey isMain=true sdk=36
2026-09-24T01:25:16.421Z D/SurveyApp [main] CrashCapture installed: where=SurveyApp:onCreate(rewrap)
2026-09-24T01:25:16.421Z D/SurveyApp [main] CrashCapture self-healing registered.
2026-09-24T01:25:16.422Z W/SurveyApp [main] Startup enqueues deferred: delay=2500ms (to reduce init contention)
2026-09-24T01:25:16.422Z D/SurveyApp [main] Startup survey recovery deferred: delay=2500ms
2026-09-24T01:25:16.422Z D/SurveyApp [main] bootTiming: onCreate total=5ms
2026-09-24T01:25:16.434Z I/RuntimeLogStore [DefaultDispatcher-worker-1] start repair: ctx/dir refreshed
2026-09-24T01:25:17.892Z I/RuntimeLogStore [DefaultDispatcher-worker-1] start repair: ctx/dir refreshed
