=== RuntimeLogStore Header ===
ts=2026-09-22T19:23:54.236Z
fileNameFormat=LEGACY
appId=com.negi.survey
versionName=0.0.1
versionCode=1
debug=true
device=Google Pixel 9a
sdk=36
pid=8571
==============================
2026-09-22T19:23:54.237Z I/RuntimeLogStore [rtlog-io] start: actor launched (fileNameFormat=LEGACY)
2026-09-22T19:23:54.217Z D/SurveyApp [main] attachBaseContext: pid=8571 process=com.negi.survey isMain=true sdk=36
2026-09-22T19:23:54.217Z D/SurveyApp [main] bootTiming: attachBaseContext total=48ms
2026-09-22T19:23:54.217Z D/SurveyApp [main] Skipping WorkManager init in attachBaseContext; will init lazily on first enqueue.
2026-09-22T19:23:54.220Z D/SurveyApp [main] CrashCapture installed: where=SurveyApp:attachBaseContext
2026-09-22T19:23:54.245Z I/RuntimeLogStore [main] start repair: ctx/dir refreshed
2026-09-22T19:23:54.246Z D/SurveyApp [main] bootTiming: RuntimeLogStore.start took=0ms
2026-09-22T19:23:54.246Z D/SurveyApp [main] bootTiming: AppRingLogStore.install took=0ms
2026-09-22T19:23:54.246Z D/SurveyApp [main] onCreate: pid=8571 process=com.negi.survey isMain=true sdk=36
2026-09-22T19:23:54.254Z D/SurveyApp [main] CrashCapture installed: where=SurveyApp:onCreate(rewrap)
2026-09-22T19:23:54.254Z D/SurveyApp [main] CrashCapture self-healing registered.
2026-09-22T19:23:54.254Z W/SurveyApp [main] Startup enqueues deferred: delay=2500ms (to reduce init contention)
2026-09-22T19:23:54.255Z D/SurveyApp [main] bootTiming: onCreate total=10ms
2026-09-22T19:23:54.297Z I/RuntimeLogStore [DefaultDispatcher-worker-1] start repair: ctx/dir refreshed
2026-09-22T19:23:56.184Z I/RuntimeLogStore [DefaultDispatcher-worker-1] start repair: ctx/dir refreshed
