=== RuntimeLogStore Header ===
ts=2026-09-09T01:50:48.722Z
fileNameFormat=LEGACY
appId=com.negi.survey
versionName=0.0.1
versionCode=1
debug=true
device=Google Pixel 9a
sdk=36
pid=25991
==============================
2026-09-09T01:50:48.723Z I/RuntimeLogStore [rtlog-io] start: actor launched (fileNameFormat=LEGACY)
2026-09-09T01:50:48.667Z D/SurveyApp [main] attachBaseContext: pid=25991 process=com.negi.survey isMain=true sdk=36
2026-09-09T01:50:48.667Z D/SurveyApp [main] bootTiming: attachBaseContext total=61ms
2026-09-09T01:50:48.667Z D/SurveyApp [main] Skipping WorkManager init in attachBaseContext; will init lazily on first enqueue.
2026-09-09T01:50:48.670Z D/SurveyApp [main] CrashCapture installed: where=SurveyApp:attachBaseContext
2026-09-09T01:50:48.725Z I/RuntimeLogStore [main] start repair: ctx/dir refreshed
2026-09-09T01:50:48.725Z D/SurveyApp [main] bootTiming: RuntimeLogStore.start took=0ms
2026-09-09T01:50:48.725Z D/SurveyApp [main] bootTiming: AppRingLogStore.install took=0ms
2026-09-09T01:50:48.725Z D/SurveyApp [main] onCreate: pid=25991 process=com.negi.survey isMain=true sdk=36
2026-09-09T01:50:48.734Z D/SurveyApp [main] CrashCapture installed: where=SurveyApp:onCreate(rewrap)
2026-09-09T01:50:48.734Z D/SurveyApp [main] CrashCapture self-healing registered.
2026-09-09T01:50:48.734Z W/SurveyApp [main] Startup enqueues deferred: delay=2500ms (to reduce init contention)
2026-09-09T01:50:48.734Z D/SurveyApp [main] bootTiming: onCreate total=10ms
2026-09-09T01:50:48.793Z I/RuntimeLogStore [DefaultDispatcher-worker-1] start repair: ctx/dir refreshed
2026-09-09T01:50:50.896Z I/RuntimeLogStore [DefaultDispatcher-worker-2] start repair: ctx/dir refreshed
