=== RuntimeLogStore Header ===
ts=2026-09-24T02:15:44.216Z
fileNameFormat=LEGACY
appId=com.negi.survey
versionName=0.0.1
versionCode=87
debug=false
device=samsung SM-S931U1
sdk=36
pid=30899
==============================
2026-09-24T02:15:44.216Z I/RuntimeLogStore [rtlog-io] start: actor launched (fileNameFormat=LEGACY)
2026-09-24T02:15:44.215Z D/SurveyApp [main] attachBaseContext: pid=30899 process=com.negi.survey isMain=true sdk=36
2026-09-24T02:15:44.215Z D/SurveyApp [main] bootTiming: attachBaseContext total=5ms
2026-09-24T02:15:44.215Z D/SurveyApp [main] Skipping WorkManager init in attachBaseContext; will init lazily on first enqueue.
2026-09-24T02:15:44.215Z D/SurveyApp [main] CrashCapture installed: where=SurveyApp:attachBaseContext
2026-09-24T02:15:44.217Z I/RuntimeLogStore [main] start repair: ctx/dir refreshed
2026-09-24T02:15:44.217Z D/SurveyApp [main] bootTiming: RuntimeLogStore.start took=0ms
2026-09-24T02:15:44.217Z D/SurveyApp [main] bootTiming: AppRingLogStore.install took=0ms
2026-09-24T02:15:44.217Z D/SurveyApp [main] onCreate: pid=30899 process=com.negi.survey isMain=true sdk=36
2026-09-24T02:15:44.217Z D/SurveyApp [main] CrashCapture installed: where=SurveyApp:onCreate(rewrap)
2026-09-24T02:15:44.217Z D/SurveyApp [main] CrashCapture self-healing registered.
2026-09-24T02:15:44.217Z W/SurveyApp [main] Startup enqueues deferred: delay=2500ms (to reduce init contention)
2026-09-24T02:15:44.217Z D/SurveyApp [main] bootTiming: onCreate total=1ms
2026-09-24T02:15:46.717Z W/SurveyApp [main] Deferred startup enqueues begin...
2026-09-24T02:15:46.717Z D/SurveyApp [main] WorkManager available. where=startupRtLogs(immediate) took=0ms
2026-09-24T02:15:46.717Z D/SurveyApp [main] Startup runtime logs target -> owner=ishizuki-tech repo=SurveyExports branch=main base='/diagnostics/runtime_logs'
2026-09-24T02:15:46.719Z D/SurveyApp [main] Startup runtime logs: enqueue requested (immediate).
2026-09-24T02:15:46.719Z D/SurveyApp [main] WorkManager available. where=startupRingLogs(immediate) took=0ms
2026-09-24T02:15:46.719Z D/SurveyApp [main] Startup ring logs target -> owner=ishizuki-tech repo=SurveyExports branch=main base='/diagnostics/applog_ring'
2026-09-24T02:15:46.720Z D/SurveyApp [main] Startup ring logs: enqueue requested (immediate).
2026-09-24T02:15:46.720Z D/SurveyApp [main] WorkManager available. where=enqueuePending(immediate) took=0ms
2026-09-24T02:15:46.720Z D/SurveyApp [main] CrashCapture pending uploads requested (immediate).
2026-09-24T02:15:46.720Z W/SurveyApp [main] Deferred startup enqueues done: took=3ms
2026-09-24T02:15:47.949Z I/RuntimeLogStore [DefaultDispatcher-worker-4] start repair: ctx/dir refreshed
