=== Previous Session Logcat ===
captured_time_utc=20260917_115818
captured_time_local=20260917_145818
marker=2026-09-17 14:56:34.228
preferred_prev_pid=-1
note=best-effort; buffers may be overwritten before next start
sdk=35
device=samsung SM-S936B
appId=com.negi.survey
versionName=0.0.1
versionCode=43

=== Logcat (since marker) ===
--------- beginning of main
09-17 14:56:34.229 12646 13404 D CrashCapture: Persisted logcat marker for next run: 2026-09-17 14:56:34.228
09-17 14:56:34.230 12646 13404 D CrashCapture: GitHub hints: owner=ishizuki-tech repo=SurveyExports branch=main pathPrefix=diagnostics/crash
09-17 14:56:34.231 12646 13404 D CrashCapture: Enqueuing GitHub crash uploads… (mirror-first) where=SurveyApp:enqueuePending(immediate):bg
09-17 14:56:34.231 12646 13404 D CrashCapture: GitHub enqueue(crash file): name=prevlog_20260917_115634_pid12646.log bytes=7805 remote=prevlog_20260917_115634_pid12646.log where=SurveyApp:enqueuePending(immediate):bg
09-17 14:56:34.233 12646 13404 D CrashCapture: GitHub enqueue(crash file): name=prevlog_20260910_120927_pid25622.log bytes=289523 remote=prevlog_20260910_120927_pid25622.log where=SurveyApp:enqueuePending(immediate):bg
09-17 14:56:34.234 12646 13404 D CrashCapture: GitHub enqueue(crash file): name=prevlog_20260910_112237_pid16395.log bytes=40480 remote=prevlog_20260910_112237_pid16395.log where=SurveyApp:enqueuePending(immediate):bg
09-17 14:56:34.235 12646 13404 D CrashCapture: GitHub enqueue(ring file): bytes=23291 remote=ring_store/20260917_115634_pid12646_u26772/seg_00.log src=seg_00.log where=SurveyApp:enqueuePending(immediate):bg
09-17 14:56:34.236 12646 13404 D CrashCapture: Ring store enqueue done. dir=/data/user/0/com.negi.survey/files/diagnostics/applog_ring files=1 bytes=23291 capFiles=300 capBytes=90000000 where=SurveyApp:enqueuePending(immediate):bg
09-17 14:56:34.239 12646 12703 D WM-SystemJobScheduler: Scheduling work ID 20dd41af-f836-4d88-a571-c046e7b5151aJob ID 13
09-17 14:56:34.241 12646 12703 D WM-GreedyScheduler: Starting tracking for 6f2069ab-cc24-4312-93d2-6be29ed92fd3,20dd41af-f836-4d88-a571-c046e7b5151a,7f2cee27-2059-4a96-9bea-8a9d58d69535
09-17 14:56:34.246 12646 12703 D WM-SystemJobScheduler: Scheduling work ID 51b5c2f0-878f-4333-9d58-f81aa58aafefJob ID 14
09-17 14:56:34.247 12646 12703 D WM-GreedyScheduler: Starting tracking for 6f2069ab-cc24-4312-93d2-6be29ed92fd3,20dd41af-f836-4d88-a571-c046e7b5151a,51b5c2f0-878f-4333-9d58-f81aa58aafef,7f2cee27-2059-4a96-9bea-8a9d58d69535
09-17 14:56:34.251 12646 12703 D WM-SystemJobScheduler: Scheduling work ID 669d684d-3ec0-4e66-b2cf-0d7fbeb60a9dJob ID 15
09-17 14:56:34.251 12646 12703 D WM-GreedyScheduler: Starting tracking for 6f2069ab-cc24-4312-93d2-6be29ed92fd3,20dd41af-f836-4d88-a571-c046e7b5151a,51b5c2f0-878f-4333-9d58-f81aa58aafef,669d684d-3ec0-4e66-b2cf-0d7fbeb60a9d,7f2cee27-2059-4a96-9bea-8a9d58d69535
09-17 14:56:34.257 12646 12703 D WM-SystemJobScheduler: Scheduling work ID 4f7c5b8c-cf4c-4808-a6b5-b290c50b1848Job ID 16
09-17 14:56:34.259 12646 12703 D WM-GreedyScheduler: Starting tracking for 4f7c5b8c-cf4c-4808-a6b5-b290c50b1848,6f2069ab-cc24-4312-93d2-6be29ed92fd3,20dd41af-f836-4d88-a571-c046e7b5151a,51b5c2f0-878f-4333-9d58-f81aa58aafef,669d684d-3ec0-4e66-b2cf-0d7fbeb60a9d,7f2cee27-2059-4a96-9bea-8a9d58d69535
09-17 14:56:35.144 12646 12723 D WM-WorkConstraintsTrack: NetworkRequestConstraintController didn't receive neither onCapabilitiesChanged/onLost callback, sending `ConstraintsNotMet` after 1000 ms
09-17 14:56:35.144 12646 12723 D WM-GreedyScheduler: Constraints not met: Cancelling work ID WorkGenerationalId(workSpecId=7f2cee27-2059-4a96-9bea-8a9d58d69535, generation=0)
09-17 14:56:35.262 12646 12726 D WM-WorkConstraintsTrack: NetworkRequestConstraintController didn't receive neither onCapabilitiesChanged/onLost callback, sending `ConstraintsNotMet` after 1000 ms
09-17 14:56:35.262 12646 12726 D WM-WorkConstraintsTrack: NetworkRequestConstraintController didn't receive neither onCapabilitiesChanged/onLost callback, sending `ConstraintsNotMet` after 1000 ms
09-17 14:56:35.262 12646 12726 D WM-WorkConstraintsTrack: NetworkRequestConstraintController didn't receive neither onCapabilitiesChanged/onLost callback, sending `ConstraintsNotMet` after 1000 ms
09-17 14:56:35.262 12646 12726 D WM-WorkConstraintsTrack: NetworkRequestConstraintController didn't receive neither onCapabilitiesChanged/onLost callback, sending `ConstraintsNotMet` after 1000 ms
09-17 14:56:35.262 12646 12726 D WM-GreedyScheduler: Constraints not met: Cancelling work ID WorkGenerationalId(workSpecId=20dd41af-f836-4d88-a571-c046e7b5151a, generation=0)
09-17 14:56:35.262 12646 12726 D WM-GreedyScheduler: Constraints not met: Cancelling work ID WorkGenerationalId(workSpecId=51b5c2f0-878f-4333-9d58-f81aa58aafef, generation=0)
09-17 14:56:35.262 12646 12726 D WM-GreedyScheduler: Constraints not met: Cancelling work ID WorkGenerationalId(workSpecId=669d684d-3ec0-4e66-b2cf-0d7fbeb60a9d, generation=0)
09-17 14:56:35.262 12646 12726 D WM-GreedyScheduler: Constraints not met: Cancelling work ID WorkGenerationalId(workSpecId=4f7c5b8c-cf4c-4808-a6b5-b290c50b1848, generation=0)
09-17 14:56:37.145 12646 13721 D ProfileInstaller: Skipping profile installation for com.negi.survey
09-17 14:58:15.976 17033 17033 I com.negi.survey: Using CollectorTypeCMC GC.
09-17 14:58:15.979 17033 17033 E com.negi.survey: Not starting debugger since process cannot load the jdwp agent.
09-17 14:58:15.986 17033 17033 D nativeloader: Load libframework-connectivity-tiramisu-jni.so using APEX ns com_android_tethering for caller /apex/com.android.tethering/javalib/framework-connectivity-t.jar: ok
09-17 14:58:15.988 17033 17033 D ActivityThread: setConscryptValidator
09-17 14:58:15.988 17033 17033 D ActivityThread: setConscryptValidator - put
09-17 14:58:16.007 17033 17033 D ApplicationLoaders: Returning zygote-cached class loader: /system_ext/framework/androidx.window.extensions.jar
09-17 14:58:16.007 17033 17033 D ApplicationLoaders: Returning zygote-cached class loader: /system_ext/framework/androidx.window.sidecar.jar
09-17 14:58:16.009 17033 17033 D nativeloader: Configuring clns-7 for other apk /data/app/~~yF0NOu8IRNgDyS1PkF9lIw==/com.negi.survey-WVu7ZegJRjEKch_crhEyFg==/base.apk. target_sdk_version=36, uses_libraries=libOpenCL.so, library_path=/data/app/~~yF0NOu8IRNgDyS1PkF9lIw==/com.negi.survey-WVu7ZegJRjEKch_crhEyFg==/lib/arm64:/data/app/~~yF0NOu8IRNgDyS1PkF9lIw==/com.negi.survey-WVu7ZegJRjEKch_crhEyFg==/base.apk!/lib/arm64-v8a, permitted_path=/data:/mnt/expand:/data/user/0/com.negi.survey
09-17 14:58:16.012 17033 17033 V GraphicsEnvironment: Currently set values for:
09-17 14:58:16.012 17033 17033 V GraphicsEnvironment:   angle_gl_driver_selection_pkgs=[]
09-17 14:58:16.012 17033 17033 V GraphicsEnvironment:   angle_gl_driver_selection_values=[]
09-17 14:58:16.012 17033 17033 V GraphicsEnvironment: Global.Settings values are invalid: number of packages: 0, number of values: 0
09-17 14:58:16.012 17033 17033 V GraphicsEnvironment: App is not on the allowlist for updatable production driver.
09-17 14:58:16.015 17033 17033 D nativeloader: Load /data/app/~~yF0NOu8IRNgDyS1PkF9lIw==/com.negi.survey-WVu7ZegJRjEKch_crhEyFg==/base.apk!/lib/arm64-v8a/liblitertlm_jni.so using ns clns-7 from class loader (caller=/data/app/~~yF0NOu8IRNgDyS1PkF9lIw==/com.negi.survey-WVu7ZegJRjEKch_crhEyFg==/base.apk!classes4.dex): ok
09-17 14:58:16.015 17033 17033 D SurveyApp: Loaded LiteRTLM JNI: litertlm_jni where=attachBaseContext
09-17 14:58:16.016 17033 17108 D RuntimeLogStore: openWriter: start -> /data/user/0/com.negi.survey/files/diagnostics/runtime_logs/rtlog_20260917_115816_015_pid17033_seq1.log (bytes=0 format=LEGACY)
09-17 14:58:16.016 17033 17108 D RuntimeLogStore: retention: start files=3 kept=3 totalBytes=3322
09-17 14:58:16.017 17033 17033 D AppRingLogStore: installed: dir=/data/user/0/com.negi.survey/files/diagnostics/applog_ring idx=0
09-17 14:58:16.017 17033 17033 D CrashCapture: install: ensured default handler. where=SurveyApp:attachBaseContext pid=17033 default=com.negi.survey.CrashCapture$CrashHandler@6a949e9
09-17 14:58:16.020 17033 17033 D SurveyApp: LiteRTLM JNI already loaded; skip. where=onCreate(retry)
09-17 14:58:16.020 17033 17033 D CrashCapture: install: ensured default handler. where=SurveyApp:onCreate(rewrap) pid=17033 default=com.negi.survey.CrashCapture$CrashHandler@6a949e9
09-17 14:58:16.020 17033 17033 D CrashCapture: registerSelfHealing: ActivityLifecycleCallbacks registered. mode=onResumedOnly
09-17 14:58:16.027 17033 17033 D WM-PackageManagerHelper: Skipping component enablement for androidx.work.impl.background.systemjob.SystemJobService
09-17 14:58:16.027 17033 17033 D WM-Schedulers: Created SystemJobScheduler and enabled SystemJobService
09-17 14:58:16.028 17033 17134 D WM-ForceStopRunnable: Is default app process = true
09-17 14:58:16.028 17033 17134 D WM-ForceStopRunnable: Performing cleanup operations.
09-17 14:58:16.031 17033 17033 D WM-SystemJobService: onStartJob for WorkGenerationalId(workSpecId=7f2cee27-2059-4a96-9bea-8a9d58d69535, generation=0)
09-17 14:58:16.031 17033 17033 D WM-SystemJobService: onStartJob for WorkGenerationalId(workSpecId=20dd41af-f836-4d88-a571-c046e7b5151a, generation=0)
09-17 14:58:16.031 17033 17033 D WM-SystemJobService: onStartJob for WorkGenerationalId(workSpecId=6f2069ab-cc24-4312-93d2-6be29ed92fd3, generation=0)
09-17 14:58:16.062 17033 17196 D WM-Processor: Processor: processing WorkGenerationalId(workSpecId=7f2cee27-2059-4a96-9bea-8a9d58d69535, generation=0)
09-17 14:58:16.065 17033 17202 D WM-Processor: Processor: processing WorkGenerationalId(workSpecId=20dd41af-f836-4d88-a571-c046e7b5151a, generation=0)
09-17 14:58:16.065 17033 17202 D WM-Processor: Processor: processing WorkGenerationalId(workSpecId=6f2069ab-cc24-4312-93d2-6be29ed92fd3, generation=0)
09-17 14:58:16.072 17033 17033 D WM-WorkerWrapper: Starting work for com.negi.survey.net.GitHubUploadWorker
09-17 14:58:16.075 17033 17033 D WM-WorkerWrapper: Starting work for com.negi.survey.net.GitHubUploadWorker
09-17 14:58:16.077 17033 17202 I WM-Processor: Moving WorkSpec (20dd41af-f836-4d88-a571-c046e7b5151a) to the foreground
09-17 14:58:16.078 17033 17033 D WM-WorkerWrapper: Starting work for com.negi.survey.net.GitHubUploadWorker
09-17 14:58:16.081 17033 17202 I WM-Processor: Moving WorkSpec (7f2cee27-2059-4a96-9bea-8a9d58d69535) to the foreground
09-17 14:58:16.082 17033 17227 W github_upload: doWork: setForeground failed; continuing best-effort. err=startForegroundService() not allowed due to mAllowStartForeground false: service com.negi.survey/androidx.work.impl.foreground.SystemForegroundService
09-17 14:58:16.082 17033 17227 W github_upload: android.app.ForegroundServiceStartNotAllowedException: startForegroundService() not allowed due to mAllowStartForeground false: service com.negi.survey/androidx.work.impl.foreground.SystemForegroundService
09-17 14:58:16.082 17033 17227 W github_upload: 	at android.app.ForegroundServiceStartNotAllowedException$1.createFromParcel(ForegroundServiceStartNotAllowedException.java:54)
09-17 14:58:16.082 17033 17227 W github_upload: 	at android.app.ForegroundServiceStartNotAllowedException$1.createFromParcel(ForegroundServiceStartNotAllowedException.java:50)
09-17 14:58:16.082 17033 17227 W github_upload: 	at android.os.Parcel.readParcelableInternal(Parcel.java:5090)
09-17 14:58:16.082 17033 17227 W github_upload: 	at android.os.Parcel.readParcelable(Parcel.java:5072)
09-17 14:58:16.082 17033 17227 W github_upload: 	at android.os.Parcel.createExceptionOrNull(Parcel.java:3252)
09-17 14:58:16.082 17033 17227 W github_upload: 	at android.os.Parcel.createException(Parcel.java:3241)
09-17 14:58:16.082 17033 17227 W github_upload: 	at android.os.Parcel.readException(Parcel.java:3224)
09-17 14:58:16.082 17033 17227 W github_upload: 	at android.os.Parcel.readException(Parcel.java:3166)
09-17 14:58:16.082 17033 17227 W github_upload: 	at android.app.IActivityManager$Stub$Proxy.startService(IActivityManager.java:6610)
09-17 14:58:16.082 17033 17227 W github_upload: 	at android.app.ContextImpl.startServiceCommon(ContextImpl.java:2035)
09-17 14:58:16.082 17033 17227 W github_upload: 	at android.app.ContextImpl.startForegroundService(ContextImpl.java:2000)
09-17 14:58:16.082 17033 17227 W github_upload: 	at android.content.ContextWrapper.startForegroundService(ContextWrapper.java:849)
09-17 14:58:16.082 17033 17227 W github_upload: 	at androidx.core.content.ContextCompat$Api26Impl.startForegroundService(ContextCompat.java:871)
09-17 14:58:16.082 17033 17227 W github_upload: 	at androidx.core.content.ContextCompat.startForegroundService(ContextCompat.java:563)
09-17 14:58:16.082 17033 17227 W github_upload: 	at androidx.work.impl.Processor.startForeground(Processor.java:205)
09-17 14:58:16.082 17033 17227 W github_upload: 	at androidx.work.impl.utils.WorkForegroundUpdater.lambda$setForegroundAsync$0$androidx-work-impl-utils-WorkForegroundUpdater(WorkForegroundUpdater.java:93)
09-17 14:58:16.082 17033 17227 W github_upload: 	at androidx.work.impl.utils.WorkForegroundUpdater$$ExternalSyntheticLambda0.invoke(D8$$SyntheticClass:0)
09-17 14:58:16.082 17033 17227 W github_upload: 	at androidx.work.ListenableFutureKt.executeAsync$lambda$4$lambda$3(ListenableFuture.kt:59)
09-17 14:58:16.082 17033 17227 W github_upload: 	at androidx.work.ListenableFutureKt$$ExternalSyntheticLambda3.run(D8$$SyntheticClass:0)
09-17 14:58:16.082 17033 17227 W github_upload: 	at androidx.work.impl.utils.SerialExecutorImpl$Task.run(SerialExecutorImpl.java:96)
09-17 14:58:16.082 17033 17227 W github_upload: 	at java.util.concurrent.ThreadPoolExecutor.runWorker(ThreadPoolExecutor.java:1145)
09-17 14:58:16.082 17033 17227 W github_upload: 	at java.util.concurrent.ThreadPoolExecutor$Worker.run(ThreadPoolExecutor.java:644)
09-17 14:58:16.082 17033 17227 W github_upload: 	at java.lang.Thread.run(Thread.java:1012)
09-17 14:58:16.082 17033 17227 D GitHubUploader: uploadStream: owner=ishizuki-tech repo=SurveyExports branch=main path=diagnostics/crash/2026-09-17/prevlog_20260917_115634_pid12646.log size=7805 maxRawBytesHint=1000000 maxRequestBytesHint=2800000
09-17 14:58:16.083 17033 17202 I WM-Processor: Moving WorkSpec (6f2069ab-cc24-4312-93d2-6be29ed92fd3) to the foreground
09-17 14:58:16.084 17033 17234 W github_upload: doWork: setForeground failed; continuing best-effort. err=startForegroundService() not allowed due to mAllowStartForeground false: service com.negi.survey/androidx.work.impl.foreground.SystemForegroundService
09-17 14:58:16.084 17033 17234 W github_upload: android.app.ForegroundServiceStartNotAllowedException: startForegroundService() not allowed due to mAllowStartForeground false: service com.negi.survey/androidx.work.impl.foreground.SystemForegroundService
09-17 14:58:16.084 17033 17234 W github_upload: 	at android.app.ForegroundServiceStartNotAllowedException$1.createFromParcel(ForegroundServiceStartNotAllowedException.java:54)
09-17 14:58:16.084 17033 17234 W github_upload: 	at android.app.ForegroundServiceStartNotAllowedException$1.createFromParcel(ForegroundServiceStartNotAllowedException.java:50)
09-17 14:58:16.084 17033 17234 W github_upload: 	at android.os.Parcel.readParcelableInternal(Parcel.java:5090)
09-17 14:58:16.084 17033 17234 W github_upload: 	at android.os.Parcel.readParcelable(Parcel.java:5072)
09-17 14:58:16.084 17033 17234 W github_upload: 	at android.os.Parcel.createExceptionOrNull(Parcel.java:3252)
09-17 14:58:16.084 17033 17234 W github_upload: 	at android.os.Parcel.createException(Parcel.java:3241)
09-17 14:58:16.084 17033 17234 W github_upload: 	at android.os.Parcel.readException(Parcel.java:3224)
09-17 14:58:16.084 17033 17234 W github_upload: 	at android.os.Parcel.readException(Parcel.java:3166)
09-17 14:58:16.084 17033 17234 W github_upload: 	at android.app.IActivityManager$Stub$Proxy.startService(IActivityManager.java:6610)
09-17 14:58:16.084 17033 17234 W github_upload: 	at android.app.ContextImpl.startServiceCommon(ContextImpl.java:2035)
09-17 14:58:16.084 17033 17234 W github_upload: 	at android.app.ContextImpl.startForegroundService(ContextImpl.java:2000)
09-17 14:58:16.084 17033 17234 W github_upload: 	at android.content.ContextWrapper.startForegroundService(ContextWrapper.java:849)
09-17 14:58:16.084 17033 17234 W github_upload: 	at androidx.core.content.ContextCompat$Api26Impl.startForegroundService(ContextCompat.java:871)
09-17 14:58:16.084 17033 17234 W github_upload: 	at androidx.core.content.ContextCompat.startForegroundService(ContextCompat.java:563)
09-17 14:58:16.084 17033 17234 W github_upload: 	at androidx.work.impl.Processor.startForeground(Processor.java:205)
09-17 14:58:16.084 17033 17234 W github_upload: 	at androidx.work.impl.utils.WorkForegroundUpdater.lambda$setForegroundAsync$0$androidx-work-impl-utils-WorkForegroundUpdater(WorkForegroundUpdater.java:93)
09-17 14:58:16.084 17033 17234 W github_upload: 	at androidx.work.impl.utils.WorkForegroundUpdater$$ExternalSyntheticLambda0.invoke(D8$$SyntheticClass:0)
09-17 14:58:16.084 17033 17234 W github_upload: 	at androidx.work.ListenableFutureKt.executeAsync$lambda$4$lambda$3(ListenableFuture.kt:59)
09-17 14:58:16.084 17033 17234 W github_upload: 	at androidx.work.ListenableFutureKt$$ExternalSyntheticLambda3.run(D8$$SyntheticClass:0)
09-17 14:58:16.084 17033 17234 W github_upload: 	at androidx.work.impl.utils.SerialExecutorImpl$Task.run(SerialExecutorImpl.java:96)
09-17 14:58:16.084 17033 17234 W github_upload: 	at java.util.concurrent.ThreadPoolExecutor.runWorker(ThreadPoolExecutor.java:1145)
09-17 14:58:16.084 17033 17234 W github_upload: 	at java.util.concurrent.ThreadPoolExecutor$Worker.run(ThreadPoolExecutor.java:644)
09-17 14:58:16.084 17033 17234 W github_upload: 	at java.lang.Thread.run(Thread.java:1012)
09-17 14:58:16.084 17033 17202 D WM-WorkProgressUpdater: Updating progress for 20dd41af-f836-4d88-a571-c046e7b5151a (Data {pct : 0, mode : file})
09-17 14:58:16.085 17033 17236 W github_upload: doWork: setForeground failed; continuing best-effort. err=startForegroundService() not allowed due to mAllowStartForeground false: service com.negi.survey/androidx.work.impl.foreground.SystemForegroundService
09-17 14:58:16.085 17033 17236 W github_upload: android.app.ForegroundServiceStartNotAllowedException: startForegroundService() not allowed due to mAllowStartForeground false: service com.negi.survey/androidx.work.impl.foreground.SystemForegroundService
09-17 14:58:16.085 17033 17236 W github_upload: 	at android.app.ForegroundServiceStartNotAllowedException$1.createFromParcel(ForegroundServiceStartNotAllowedException.java:54)
09-17 14:58:16.085 17033 17236 W github_upload: 	at android.app.ForegroundServiceStartNotAllowedException$1.createFromParcel(ForegroundServiceStartNotAllowedException.java:50)
09-17 14:58:16.085 17033 17236 W github_upload: 	at android.os.Parcel.readParcelableInternal(Parcel.java:5090)
09-17 14:58:16.085 17033 17236 W github_upload: 	at android.os.Parcel.readParcelable(Parcel.java:5072)
09-17 14:58:16.085 17033 17236 W github_upload: 	at android.os.Parcel.createExceptionOrNull(Parcel.java:3252)
09-17 14:58:16.085 17033 17236 W github_upload: 	at android.os.Parcel.createException(Parcel.java:3241)
09-17 14:58:16.085 17033 17236 W github_upload: 	at android.os.Parcel.readException(Parcel.java:3224)
09-17 14:58:16.085 17033 17236 W github_upload: 	at android.os.Parcel.readException(Parcel.java:3166)
09-17 14:58:16.085 17033 17236 W github_upload: 	at android.app.IActivityManager$Stub$Proxy.startService(IActivityManager.java:6610)
09-17 14:58:16.085 17033 17236 W github_upload: 	at android.app.ContextImpl.startServiceCommon(ContextImpl.java:2035)
09-17 14:58:16.085 17033 17236 W github_upload: 	at android.app.ContextImpl.startForegroundService(ContextImpl.java:2000)
09-17 14:58:16.085 17033 17236 W github_upload: 	at android.content.ContextWrapper.startForegroundService(ContextWrapper.java:849)
09-17 14:58:16.085 17033 17236 W github_upload: 	at androidx.core.content.ContextCompat$Api26Impl.startForegroundService(ContextCompat.java:871)
09-17 14:58:16.085 17033 17236 W github_upload: 	at androidx.core.content.ContextCompat.startForegroundService(ContextCompat.java:563)
09-17 14:58:16.085 17033 17236 W github_upload: 	at androidx.work.impl.Processor.startForeground(Processor.java:205)
09-17 14:58:16.085 17033 17236 W github_upload: 	at androidx.work.impl.utils.WorkForegroundUpdater.lambda$setForegroundAsync$0$androidx-work-impl-utils-WorkForegroundUpdater(WorkForegroundUpdater.java:93)
09-17 14:58:16.085 17033 17236 W github_upload: 	at androidx.work.impl.utils.WorkForegroundUpdater$$ExternalSyntheticLambda0.invoke(D8$$SyntheticClass:0)
09-17 14:58:16.085 17033 17236 W github_upload: 	at androidx.work.ListenableFutureKt.executeAsync$lambda$4$lambda$3(ListenableFuture.kt:59)
09-17 14:58:16.085 17033 17236 W github_upload: 	at androidx.work.ListenableFutureKt$$ExternalSyntheticLambda3.run(D8$$SyntheticClass:0)
09-17 14:58:16.085 17033 17236 W github_upload: 	at androidx.work.impl.utils.SerialExecutorImpl$Task.run(SerialExecutorImpl.java:96)
09-17 14:58:16.085 17033 17236 W github_upload: 	at java.util.concurrent.ThreadPoolExecutor.runWorker(ThreadPoolExecutor.java:1145)
09-17 14:58:16.085 17033 17236 W github_upload: 	at java.util.concurrent.ThreadPoolExecutor$Worker.run(ThreadPoolExecutor.java:644)
09-17 14:58:16.085 17033 17236 W github_upload: 	at java.lang.Thread.run(Thread.java:1012)
09-17 14:58:16.094 17033 17202 I WM-Processor: Moving WorkSpec (20dd41af-f836-4d88-a571-c046e7b5151a) to the foreground
09-17 14:58:16.095 17033 17202 D WM-PackageManagerHelper: Skipping component enablement for androidx.work.impl.background.systemalarm.RescheduleReceiver
09-17 14:58:16.095 17033 17202 D WM-WorkProgressUpdater: Updating progress for 7f2cee27-2059-4a96-9bea-8a9d58d69535 (Data {pct : 3, mode : startup_ring_logs})
09-17 14:58:16.099 17033 17202 I WM-Processor: Moving WorkSpec (7f2cee27-2059-4a96-9bea-8a9d58d69535) to the foreground
09-17 14:58:16.099 17033 17202 D WM-WorkProgressUpdater: Updating progress for 6f2069ab-cc24-4312-93d2-6be29ed92fd3 (Data {pct : 3, mode : startup_runtime_logs})
09-17 14:58:16.100 17033 17202 I WM-Processor: Moving WorkSpec (6f2069ab-cc24-4312-93d2-6be29ed92fd3) to the foreground
09-17 14:58:16.790 17033 17234 D github_upload: doRingLogsUpload: remoteBaseDir=diagnostics/applog_ring/2026-09-17/applog_ring_startup_ring_20260917_115634_eacc41f7_app_start segs=1 bytes=23695 source=/data/user/0/com.negi.survey/files/diagnostics/applog_ring snapshot=/data/user/0/com.negi.survey/cache/diagnostics_ring_upload/startup_ring_20260917_115634_eacc41f7
09-17 14:58:16.790 17033 17234 D GitHubUploader: uploadStream: owner=ishizuki-tech repo=SurveyExports branch=main path=diagnostics/applog_ring/2026-09-17/applog_ring_startup_ring_20260917_115634_eacc41f7_app_start/seg_00.log size=23695 maxRawBytesHint=1000000 maxRequestBytesHint=2800000
09-17 14:58:16.790 17033 17191 D WM-WorkProgressUpdater: Updating progress for 7f2cee27-2059-4a96-9bea-8a9d58d69535 (Data {pct : 10, mode : startup_ring_logs})
09-17 14:58:16.792 17033 17196 I WM-Processor: Moving WorkSpec (7f2cee27-2059-4a96-9bea-8a9d58d69535) to the foreground
09-17 14:58:16.849 17033 17202 D WM-WorkProgressUpdater: Updating progress for 20dd41af-f836-4d88-a571-c046e7b5151a (Data {pct : 10, mode : file})
09-17 14:58:16.850 17033 17202 I WM-Processor: Moving WorkSpec (20dd41af-f836-4d88-a571-c046e7b5151a) to the foreground
09-17 14:58:16.851 17033 17202 D WM-WorkProgressUpdater: Updating progress for 20dd41af-f836-4d88-a571-c046e7b5151a (Data {pct : 90, mode : file})
09-17 14:58:16.852 17033 17202 I WM-Processor: Moving WorkSpec (20dd41af-f836-4d88-a571-c046e7b5151a) to the foreground
09-17 14:58:17.288 17033 17108 D RuntimeLogStore: openWriter: rotate:plain_snapshot:receiver_boot_completed -> /data/user/0/com.negi.survey/files/diagnostics/runtime_logs/rtlog_20260917_115817_288_pid17033_seq2.log (bytes=0 format=LEGACY)
09-17 14:58:17.289 17033 17108 D RuntimeLogStore: retention: rotate:plain_snapshot:receiver_boot_completed files=4 kept=4 totalBytes=4928
09-17 14:58:17.295 17033 17237 D github_upload: doRuntimeLogsUpload: remoteBaseDir=diagnostics/runtime_logs/2026-09-17/runtime_logs_startup_runtime_20260917_115631_bea41d03_receiver_boot_completed toUpload=4 bytes=6618 dedupe=true deleteSource=true deletedSourcePre=0 preview='plain_logs_manifest_20260917_115817_290_pid17033_receiver_boot_completed.json|runtime_log_20260917_115817_290_pid17033_receiver_boot_completed__rtlog_20260917_115816_015_pid17033_seq1.log|runtime_log_20260917_115817_290_pid17033_receiver_boot_completed__rtlog_20260917_115631_594_pid12646_seq1.log|runtime_log_20260917_115817_290_pid17033_receiver_boot_completed__rtlog_20260910_120928_607_pid25622_seq2.log'
09-17 14:58:17.295 17033 17237 D GitHubUploader: uploadStream: owner=ishizuki-tech repo=SurveyExports branch=main path=diagnostics/runtime_logs/2026-09-17/runtime_logs_startup_runtime_20260917_115631_bea41d03_receiver_boot_completed/plain_logs_manifest_20260917_115817_290_pid17033_receiver_boot_completed.json size=2028 maxRawBytesHint=1000000 maxRequestBytesHint=2800000
09-17 14:58:17.295 17033 17196 D WM-WorkProgressUpdater: Updating progress for 6f2069ab-cc24-4312-93d2-6be29ed92fd3 (Data {pct : 10, mode : startup_runtime_logs})
09-17 14:58:17.296 17033 17196 I WM-Processor: Moving WorkSpec (6f2069ab-cc24-4312-93d2-6be29ed92fd3) to the foreground
09-17 14:58:17.503 17033 17202 D WM-WorkProgressUpdater: Updating progress for 7f2cee27-2059-4a96-9bea-8a9d58d69535 (Data {pct : 19, mode : startup_ring_logs})
09-17 14:58:17.505 17033 17202 I WM-Processor: Moving WorkSpec (7f2cee27-2059-4a96-9bea-8a9d58d69535) to the foreground
09-17 14:58:17.506 17033 17202 D WM-WorkProgressUpdater: Updating progress for 7f2cee27-2059-4a96-9bea-8a9d58d69535 (Data {pct : 43, mode : startup_ring_logs})
09-17 14:58:17.507 17033 17202 I WM-Processor: Moving WorkSpec (7f2cee27-2059-4a96-9bea-8a9d58d69535) to the foreground
09-17 14:58:17.507 17033 17202 D WM-WorkProgressUpdater: Updating progress for 7f2cee27-2059-4a96-9bea-8a9d58d69535 (Data {pct : 68, mode : startup_ring_logs})
09-17 14:58:17.508 17033 17202 I WM-Processor: Moving WorkSpec (7f2cee27-2059-4a96-9bea-8a9d58d69535) to the foreground
09-17 14:58:17.508 17033 17202 D WM-WorkProgressUpdater: Updating progress for 7f2cee27-2059-4a96-9bea-8a9d58d69535 (Data {pct : 91, mode : startup_ring_logs})
09-17 14:58:17.509 17033 17202 I WM-Processor: Moving WorkSpec (7f2cee27-2059-4a96-9bea-8a9d58d69535) to the foreground
09-17 14:58:17.918 17033 17191 D WM-WorkProgressUpdater: Updating progress for 6f2069ab-cc24-4312-93d2-6be29ed92fd3 (Data {pct : 12, mode : startup_runtime_logs})
09-17 14:58:17.920 17033 17191 I WM-Processor: Moving WorkSpec (6f2069ab-cc24-4312-93d2-6be29ed92fd3) to the foreground
09-17 14:58:17.921 17033 17191 D WM-WorkProgressUpdater: Updating progress for 6f2069ab-cc24-4312-93d2-6be29ed92fd3 (Data {pct : 28, mode : startup_runtime_logs})
09-17 14:58:17.922 17033 17191 I WM-Processor: Moving WorkSpec (6f2069ab-cc24-4312-93d2-6be29ed92fd3) to the foreground
09-17 14:58:18.187 17033 17227 D GitHubUploader: uploadStream: done url=https://github.com/ishizuki-tech/SurveyExports/blob/main/diagnostics/crash/2026-09-17/prevlog_20260917_115634_pid12646.log sha=aa72848ae0d88eb0bb63aa22b00f36672ceb6ba1
09-17 14:58:18.187 17033 17202 D WM-WorkProgressUpdater: Updating progress for 20dd41af-f836-4d88-a571-c046e7b5151a (Data {pct : 95, mode : file})
09-17 14:58:18.189 17033 17202 I WM-Processor: Moving WorkSpec (20dd41af-f836-4d88-a571-c046e7b5151a) to the foreground
09-17 14:58:18.193 17033 17202 I WM-Processor: Moving WorkSpec (20dd41af-f836-4d88-a571-c046e7b5151a) to the foreground
09-17 14:58:18.194 17033 17202 I WM-WorkerWrapper: Worker result SUCCESS for Work [ id=20dd41af-f836-4d88-a571-c046e7b5151a, tags={ com.negi.survey.net.GitHubUploadWorker,github_upload,github_upload:crash:diagnostics_crash_prevlog_20260917_115634_pid12646.log_ac67410a } ]
09-17 14:58:18.195 17033 17033 D WM-Processor: Processor 20dd41af-f836-4d88-a571-c046e7b5151a executed; reschedule = false
09-17 14:58:18.195 17033 17033 D WM-SystemJobService: 20dd41af-f836-4d88-a571-c046e7b5151a executed on JobScheduler
09-17 14:58:18.198 17033 17033 D WM-SystemJobService: onStartJob for WorkGenerationalId(workSpecId=51b5c2f0-878f-4333-9d58-f81aa58aafef, generation=0)
09-17 14:58:18.198 17033 17202 D WM-GreedyScheduler: Cancelling work ID 20dd41af-f836-4d88-a571-c046e7b5151a
09-17 14:58:18.200 17033 17202 D WM-GreedyScheduler: Starting tracking for 4f7c5b8c-cf4c-4808-a6b5-b290c50b1848,51b5c2f0-878f-4333-9d58-f81aa58aafef,669d684d-3ec0-4e66-b2cf-0d7fbeb60a9d
09-17 14:58:18.201 17033 17202 D WM-Processor: Processor: processing WorkGenerationalId(workSpecId=51b5c2f0-878f-4333-9d58-f81aa58aafef, generation=0)
09-17 14:58:18.203 17033 17033 D WM-WorkerWrapper: Starting work for com.negi.survey.net.GitHubUploadWorker
09-17 14:58:18.204 17033 17202 D WM-WorkConstraintsTrack: NetworkRequestConstraintController register shared callback
09-17 14:58:18.204 17033 17202 D ConnectivityManager: StackLog: [android.net.ConnectivityManager.sendRequestForNetwork(ConnectivityManager.java:4671)] [android.net.ConnectivityManager.registerDefaultNetworkCallbackForUid(ConnectivityManager.java:5360)] [android.net.ConnectivityManager.registerDefaultNetworkCallback(ConnectivityManager.java:5327)] [android.net.ConnectivityManager.registerDefaultNetworkCallback(ConnectivityManager.java:5301)] [androidx.work.impl.constraints.SharedNetworkCallback.addCallback(WorkConstraintsTracker.kt:362)] [androidx.work.impl.constraints.NetworkRequestConstraintController$track$1.invokeSuspend(WorkConstraintsTracker.kt:179)] [androidx.work.impl.constraints.NetworkRequestConstraintController$track$1.invoke(Unknown Source:8)] [androidx.work.impl.constraints.NetworkRequestConstraintController$track$1.invoke(Unknown Source:4)] [kotlinx.coroutines.flow.ChannelFlowBuilder.collectTo$suspendImpl(Builders.kt:316)] [kotlinx.coroutines.flow.ChannelFlowBuilder.collectTo(Unknown Source:0)] [kotlinx.coroutines.flow.CallbackFlowBuilder.collectTo(Builders.kt:330)] [kotlinx.coroutines.flow.internal.ChannelFlow$collectToFun$1.invokeSuspend(ChannelFlow.kt:56)] [kotlin.coroutines.jvm.internal.BaseContinuationImpl.resumeWith(ContinuationImpl.kt:34)] [kotlinx.coroutines.DispatchedTask.run(DispatchedTask.kt:100)] [androidx.work.impl.utils.SerialExecutorImpl$Task.run(SerialExecutorImpl.java:96)] [java.util.concurrent.ThreadPoolExecutor.runWorker(ThreadPoolExecutor.java:1145)] [java.util.concurrent.ThreadPoolExecutor$Worker.run(ThreadPoolExecutor.java:644)] [java.lang.Thread.run(Thread.java:1012)]
09-17 14:58:18.205 17033 17202 I WM-Processor: Moving WorkSpec (51b5c2f0-878f-4333-9d58-f81aa58aafef) to the foreground
09-17 14:58:18.205 17033 18931 D WM-WorkConstraintsTrack: NetworkRequestConstraintController onCapabilitiesChanged callback
09-17 14:58:18.205 17033 18931 D WM-WorkConstraintsTrack: Not dispatching constraint state yet: isBlocked=null, capabilitiesInitialized=true
09-17 14:58:18.205 17033 18931 D WM-WorkConstraintsTrack: NetworkRequestConstraintController onBlockedStatusChanged callback false
09-17 14:58:18.206 17033 17227 W github_upload: doWork: setForeground failed; continuing best-effort. err=startForegroundService() not allowed due to mAllowStartForeground false: service com.negi.survey/androidx.work.impl.foreground.SystemForegroundService
09-17 14:58:18.206 17033 17227 W github_upload: android.app.ForegroundServiceStartNotAllowedException: startForegroundService() not allowed due to mAllowStartForeground false: service com.negi.survey/androidx.work.impl.foreground.SystemForegroundService
09-17 14:58:18.206 17033 17227 W github_upload: 	at android.app.ForegroundServiceStartNotAllowedException$1.createFromParcel(ForegroundServiceStartNotAllowedException.java:54)
09-17 14:58:18.206 17033 17227 W github_upload: 	at android.app.ForegroundServiceStartNotAllowedException$1.createFromParcel(ForegroundServiceStartNotAllowedException.java:50)
09-17 14:58:18.206 17033 17227 W github_upload: 	at android.os.Parcel.readParcelableInternal(Parcel.java:5090)
09-17 14:58:18.206 17033 17227 W github_upload: 	at android.os.Parcel.readParcelable(Parcel.java:5072)
09-17 14:58:18.206 17033 17227 W github_upload: 	at android.os.Parcel.createExceptionOrNull(Parcel.java:3252)
09-17 14:58:18.206 17033 17227 W github_upload: 	at android.os.Parcel.createException(Parcel.java:3241)
09-17 14:58:18.206 17033 17227 W github_upload: 	at android.os.Parcel.readException(Parcel.java:3224)
09-17 14:58:18.206 17033 17227 W github_upload: 	at android.os.Parcel.readException(Parcel.java:3166)
09-17 14:58:18.206 17033 17227 W github_upload: 	at android.app.IActivityManager$Stub$Proxy.startService(IActivityManager.java:6610)
09-17 14:58:18.206 17033 17227 W github_upload: 	at android.app.ContextImpl.startServiceCommon(ContextImpl.java:2035)
09-17 14:58:18.206 17033 17227 W github_upload: 	at android.app.ContextImpl.startForegroundService(ContextImpl.java:2000)
09-17 14:58:18.206 17033 17227 W github_upload: 	at android.content.ContextWrapper.startForegroundService(ContextWrapper.java:849)
09-17 14:58:18.206 17033 17227 W github_upload: 	at androidx.core.content.ContextCompat$Api26Impl.startForegroundService(ContextCompat.java:871)
09-17 14:58:18.206 17033 17227 W github_upload: 	at androidx.core.content.ContextCompat.startForegroundService(ContextCompat.java:563)
09-17 14:58:18.206 17033 17227 W github_upload: 	at androidx.work.impl.Processor.startForeground(Processor.java:205)
09-17 14:58:18.206 17033 17227 W github_upload: 	at androidx.work.impl.utils.WorkForegroundUpdater.lambda$setForegroundAsync$0$androidx-work-impl-utils-WorkForegroundUpdater(WorkForegroundUpdater.java:93)
09-17 14:58:18.206 17033 17227 W github_upload: 	at androidx.work.impl.utils.WorkForegroundUpdater$$ExternalSyntheticLambda0.invoke(D8$$SyntheticClass:0)
09-17 14:58:18.206 17033 17227 W github_upload: 	at androidx.work.ListenableFutureKt.executeAsync$lambda$4$lambda$3(ListenableFuture.kt:59)
09-17 14:58:18.206 17033 17227 W github_upload: 	at androidx.work.ListenableFutureKt$$ExternalSyntheticLambda3.run(D8$$SyntheticClass:0)
09-17 14:58:18.206 17033 17227 W github_upload: 	at androidx.work.impl.utils.SerialExecutorImpl$Task.run(SerialExecutorImpl.java:96)
09-17 14:58:18.206 17033 17227 W github_upload: 	at java.util.concurrent.ThreadPoolExecutor.runWorker(ThreadPoolExecutor.java:1145)
09-17 14:58:18.206 17033 17227 W github_upload: 	at java.util.concurrent.ThreadPoolExecutor$Worker.run(ThreadPoolExecutor.java:644)
09-17 14:58:18.206 17033 17227 W github_upload: 	at java.lang.Thread.run(Thread.java:1012)
09-17 14:58:18.206 17033 17196 D WM-GreedyScheduler: Constraints met: Scheduling work ID WorkGenerationalId(workSpecId=669d684d-3ec0-4e66-b2cf-0d7fbeb60a9d, generation=0)
09-17 14:58:18.207 17033 17227 D GitHubUploader: uploadStream: owner=ishizuki-tech repo=SurveyExports branch=main path=diagnostics/crash/2026-09-17/prevlog_20260910_120927_pid25622.log size=289523 maxRawBytesHint=1000000 maxRequestBytesHint=2800000
09-17 14:58:18.207 17033 17196 D WM-GreedyScheduler: Constraints met: Scheduling work ID WorkGenerationalId(workSpecId=4f7c5b8c-cf4c-4808-a6b5-b290c50b1848, generation=0)
09-17 14:58:18.207 17033 17196 D WM-GreedyScheduler: Constraints met: Scheduling work ID WorkGenerationalId(workSpecId=51b5c2f0-878f-4333-9d58-f81aa58aafef, generation=0)
09-17 14:58:18.207 17033 17196 D WM-Processor: Processor: processing WorkGenerationalId(workSpecId=669d684d-3ec0-4e66-b2cf-0d7fbeb60a9d, generation=0)
09-17 14:58:18.207 17033 17196 D WM-WorkProgressUpdater: Updating progress for 51b5c2f0-878f-4333-9d58-f81aa58aafef (Data {pct : 0, mode : file})
09-17 14:58:18.208 17033 17196 D WM-Processor: Processor: processing WorkGenerationalId(workSpecId=4f7c5b8c-cf4c-4808-a6b5-b290c50b1848, generation=0)
09-17 14:58:18.209 17033 17196 I WM-Processor: Moving WorkSpec (51b5c2f0-878f-4333-9d58-f81aa58aafef) to the foreground
09-17 14:58:18.209 17033 17196 D WM-Processor: Work WorkGenerationalId(workSpecId=51b5c2f0-878f-4333-9d58-f81aa58aafef, generation=0) is already enqueued for processing
09-17 14:58:18.211 17033 17033 D WM-WorkerWrapper: Starting work for com.negi.survey.net.GitHubUploadWorker
09-17 14:58:18.211 17033 17033 D WM-WorkerWrapper: Starting work for com.negi.survey.net.GitHubUploadWorker
09-17 14:58:18.212 17033 17196 I WM-Processor: Moving WorkSpec (669d684d-3ec0-4e66-b2cf-0d7fbeb60a9d) to the foreground
09-17 14:58:18.212 17033 17228 W github_upload: doWork: setForeground failed; continuing best-effort. err=startForegroundService() not allowed due to mAllowStartForeground false: service com.negi.survey/androidx.work.impl.foreground.SystemForegroundService
09-17 14:58:18.212 17033 17228 W github_upload: android.app.ForegroundServiceStartNotAllowedException: startForegroundService() not allowed due to mAllowStartForeground false: service com.negi.survey/androidx.work.impl.foreground.SystemForegroundService
09-17 14:58:18.212 17033 17228 W github_upload: 	at android.app.ForegroundServiceStartNotAllowedException$1.createFromParcel(ForegroundServiceStartNotAllowedException.java:54)
09-17 14:58:18.212 17033 17228 W github_upload: 	at android.app.ForegroundServiceStartNotAllowedException$1.createFromParcel(ForegroundServiceStartNotAllowedException.java:50)
09-17 14:58:18.212 17033 17228 W github_upload: 	at android.os.Parcel.readParcelableInternal(Parcel.java:5090)
09-17 14:58:18.212 17033 17228 W github_upload: 	at android.os.Parcel.readParcelable(Parcel.java:5072)
09-17 14:58:18.212 17033 17228 W github_upload: 	at android.os.Parcel.createExceptionOrNull(Parcel.java:3252)
09-17 14:58:18.212 17033 17228 W github_upload: 	at android.os.Parcel.createException(Parcel.java:3241)
09-17 14:58:18.212 17033 17228 W github_upload: 	at android.os.Parcel.readException(Parcel.java:3224)
09-17 14:58:18.212 17033 17228 W github_upload: 	at android.os.Parcel.readException(Parcel.java:3166)
09-17 14:58:18.212 17033 17228 W github_upload: 	at android.app.IActivityManager$Stub$Proxy.startService(IActivityManager.java:6610)
09-17 14:58:18.212 17033 17228 W github_upload: 	at android.app.ContextImpl.startServiceCommon(ContextImpl.java:2035)
09-17 14:58:18.212 17033 17228 W github_upload: 	at android.app.ContextImpl.startForegroundService(ContextImpl.java:2000)
09-17 14:58:18.212 17033 17228 W github_upload: 	at android.content.ContextWrapper.startForegroundService(ContextWrapper.java:849)
09-17 14:58:18.212 17033 17228 W github_upload: 	at androidx.core.content.ContextCompat$Api26Impl.startForegroundService(ContextCompat.java:871)
09-17 14:58:18.212 17033 17228 W github_upload: 	at androidx.core.content.ContextCompat.startForegroundService(ContextCompat.java:563)
09-17 14:58:18.212 17033 17228 W github_upload: 	at androidx.work.impl.Processor.startForeground(Processor.java:205)
09-17 14:58:18.212 17033 17228 W github_upload: 	at androidx.work.impl.utils.WorkForegroundUpdater.lambda$setForegroundAsync$0$androidx-work-impl-utils-WorkForegroundUpdater(WorkForegroundUpdater.java:93)
09-17 14:58:18.212 17033 17228 W github_upload: 	at androidx.work.impl.utils.WorkForegroundUpdater$$ExternalSyntheticLambda0.invoke(D8$$SyntheticClass:0)
09-17 14:58:18.212 17033 17228 W github_upload: 	at androidx.work.ListenableFutureKt.executeAsync$lambda$4$lambda$3(ListenableFuture.kt:59)
09-17 14:58:18.212 17033 17228 W github_upload: 	at androidx.work.ListenableFutureKt$$ExternalSyntheticLambda3.run(D8$$SyntheticClass:0)
09-17 14:58:18.212 17033 17228 W github_upload: 	at androidx.work.impl.utils.SerialExecutorImpl$Task.run(SerialExecutorImpl.java:96)
09-17 14:58:18.212 17033 17228 W github_upload: 	at java.util.concurrent.ThreadPoolExecutor.runWorker(ThreadPoolExecutor.java:1145)
09-17 14:58:18.212 17033 17228 W github_upload: 	at java.util.concurrent.ThreadPoolExecutor$Worker.run(ThreadPoolExecutor.java:644)
09-17 14:58:18.212 17033 17228 W github_upload: 	at java.lang.Thread.run(Thread.java:1012)
09-17 14:58:18.213 17033 17196 I WM-Processor: Moving WorkSpec (4f7c5b8c-cf4c-4808-a6b5-b290c50b1848) to the foreground
09-17 14:58:18.213 17033 17228 D GitHubUploader: uploadStream: owner=ishizuki-tech repo=SurveyExports branch=main path=diagnostics/crash/2026-09-17/prevlog_20260910_112237_pid16395.log size=40480 maxRawBytesHint=1000000 maxRequestBytesHint=2800000
09-17 14:58:18.213 17033 17196 D WM-WorkProgressUpdater: Updating progress for 669d684d-3ec0-4e66-b2cf-0d7fbeb60a9d (Data {pct : 0, mode : file})
09-17 14:58:18.213 17033 17233 W github_upload: doWork: setForeground failed; continuing best-effort. err=startForegroundService() not allowed due to mAllowStartForeground false: service com.negi.survey/androidx.work.impl.foreground.SystemForegroundService
09-17 14:58:18.213 17033 17233 W github_upload: android.app.ForegroundServiceStartNotAllowedException: startForegroundService() not allowed due to mAllowStartForeground false: service com.negi.survey/androidx.work.impl.foreground.SystemForegroundService
09-17 14:58:18.213 17033 17233 W github_upload: 	at android.app.ForegroundServiceStartNotAllowedException$1.createFromParcel(ForegroundServiceStartNotAllowedException.java:54)
09-17 14:58:18.213 17033 17233 W github_upload: 	at android.app.ForegroundServiceStartNotAllowedException$1.createFromParcel(ForegroundServiceStartNotAllowedException.java:50)
09-17 14:58:18.213 17033 17233 W github_upload: 	at android.os.Parcel.readParcelableInternal(Parcel.java:5090)
09-17 14:58:18.213 17033 17233 W github_upload: 	at android.os.Parcel.readParcelable(Parcel.java:5072)
09-17 14:58:18.213 17033 17233 W github_upload: 	at android.os.Parcel.createExceptionOrNull(Parcel.java:3252)
09-17 14:58:18.213 17033 17233 W github_upload: 	at android.os.Parcel.createException(Parcel.java:3241)
09-17 14:58:18.213 17033 17233 W github_upload: 	at android.os.Parcel.readException(Parcel.java:3224)
09-17 14:58:18.213 17033 17233 W github_upload: 	at android.os.Parcel.readException(Parcel.java:3166)
09-17 14:58:18.213 17033 17233 W github_upload: 	at android.app.IActivityManager$Stub$Proxy.startService(IActivityManager.java:6610)
09-17 14:58:18.213 17033 17233 W github_upload: 	at android.app.ContextImpl.startServiceCommon(ContextImpl.java:2035)
09-17 14:58:18.213 17033 17233 W github_upload: 	at android.app.ContextImpl.startForegroundService(ContextImpl.java:2000)
09-17 14:58:18.213 17033 17233 W github_upload: 	at android.content.ContextWrapper.startForegroundService(ContextWrapper.java:849)
09-17 14:58:18.213 17033 17233 W github_upload: 	at androidx.core.content.ContextCompat$Api26Impl.startForegroundService(ContextCompat.java:871)
09-17 14:58:18.213 17033 17233 W github_upload: 	at androidx.core.content.ContextCompat.startForegroundService(ContextCompat.java:563)
09-17 14:58:18.213 17033 17233 W github_upload: 	at androidx.work.impl.Processor.startForeground(Processor.java:205)
09-17 14:58:18.213 17033 17233 W github_upload: 	at androidx.work.impl.utils.WorkForegroundUpdater.lambda$setForegroundAsync$0$androidx-work-impl-utils-WorkForegroundUpdater(WorkForegroundUpdater.java:93)
09-17 14:58:18.213 17033 17233 W github_upload: 	at androidx.work.impl.utils.WorkForegroundUpdater$$ExternalSyntheticLambda0.invoke(D8$$SyntheticClass:0)
09-17 14:58:18.213 17033 17233 W github_upload: 	at androidx.work.ListenableFutureKt.executeAsync$lambda$4$lambda$3(ListenableFuture.kt:59)
09-17 14:58:18.213 17033 17233 W github_upload: 	at androidx.work.ListenableFutureKt$$ExternalSyntheticLambda3.run(D8$$SyntheticClass:0)
09-17 14:58:18.213 17033 17233 W github_upload: 	at androidx.work.impl.utils.SerialExecutorImpl$Task.run(SerialExecutorImpl.java:96)
09-17 14:58:18.213 17033 17233 W github_upload: 	at java.util.concurrent.ThreadPoolExecutor.runWorker(ThreadPoolExecutor.java:1145)
09-17 14:58:18.213 17033 17233 W github_upload: 	at java.util.concurrent.ThreadPoolExecutor$Worker.run(ThreadPoolExecutor.java:644)
09-17 14:58:18.213 17033 17233 W github_upload: 	at java.lang.Thread.run(Thread.java:1012)
09-17 14:58:18.214 17033 17196 I WM-Processor: Moving WorkSpec (669d684d-3ec0-4e66-b2cf-0d7fbeb60a9d) to the foreground
09-17 14:58:18.214 17033 17233 D GitHubUploader: uploadStream: owner=ishizuki-tech repo=SurveyExports branch=main path=diagnostics/crash/2026-09-17/ring_store/20260917_115634_pid12646_u26772/seg_00.log size=23291 maxRawBytesHint=1000000 maxRequestBytesHint=2800000
09-17 14:58:18.215 17033 17196 D WM-WorkProgressUpdater: Updating progress for 4f7c5b8c-cf4c-4808-a6b5-b290c50b1848 (Data {pct : 0, mode : file})
09-17 14:58:18.215 17033 17196 I WM-Processor: Moving WorkSpec (4f7c5b8c-cf4c-4808-a6b5-b290c50b1848) to the foreground
09-17 14:58:18.225 17033 17033 W JobService: onNetworkChanged() not implemented in androidx.work.impl.background.systemjob.SystemJobService. Must override in a subclass.
09-17 14:58:18.230 17033 18931 D WM-WorkConstraintsTrack: NetworkRequestConstraintController onCapabilitiesChanged callback
09-17 14:58:18.523 17033 17033 D github_upload: enqueueStartupRuntimeLogsUpload: uniqueName=upload_runtime_logs_startup policy=KEEP session=startup_runtime_20260917_115818_c2784db7
09-17 14:58:18.523 17033 17033 D github_upload: enqueueStartupRingLogsUpload: uniqueName=upload_ring_logs_startup policy=KEEP session=startup_ring_20260917_115818_890bf35b
09-17 14:58:18.524 17033 19016 D CrashCapture: enqueuePendingCrashUploadsIfPossible enter where=SurveyApp:enqueuePending(immediate):bg pid=17033 thread=CrashCapture-Enqueue
