=== Previous Session Logcat ===
captured_time_utc=20260917_120019
captured_time_local=20260917_150019
marker=2026-09-17 14:58:18.660
preferred_prev_pid=-1
note=best-effort; buffers may be overwritten before next start
sdk=36
device=samsung SM-S936B
appId=com.negi.survey
versionName=0.0.1
versionCode=43

=== Logcat (since marker) ===
--------- beginning of main
09-17 15:00:17.066 15143 15143 I com.negi.survey: Using CollectorTypeCMC GC.
09-17 15:00:17.068 15143 15143 E com.negi.survey: Not starting debugger since process cannot load the jdwp agent.
09-17 15:00:17.073 15143 15143 D nativeloader: Load libframework-connectivity-tiramisu-jni.so using APEX ns com_android_tethering for caller /apex/com.android.tethering/javalib/framework-connectivity-t.jar: ok
09-17 15:00:17.075 15143 15143 D ActivityThread: setConscryptValidator
09-17 15:00:17.075 15143 15143 D ActivityThread: setConscryptValidator - put
09-17 15:00:17.083 15143 15143 D ApplicationLoaders: Returning zygote-cached class loader: /system_ext/framework/androidx.window.extensions.jar
09-17 15:00:17.083 15143 15143 D ApplicationLoaders: Returning zygote-cached class loader: /system_ext/framework/androidx.window.sidecar.jar
09-17 15:00:17.094 15143 15143 I com.negi.survey: Could not load runtime generated app image: Invalid image header in '/data/user/0/com.negi.survey/cache/oat_primary/arm64/base.art'
09-17 15:00:17.095 15143 15143 D nativeloader: Configuring clns-9 for other apk /data/app/~~yF0NOu8IRNgDyS1PkF9lIw==/com.negi.survey-WVu7ZegJRjEKch_crhEyFg==/base.apk. target_sdk_version=36, uses_libraries=libOpenCL.so, library_path=/data/app/~~yF0NOu8IRNgDyS1PkF9lIw==/com.negi.survey-WVu7ZegJRjEKch_crhEyFg==/lib/arm64:/data/app/~~yF0NOu8IRNgDyS1PkF9lIw==/com.negi.survey-WVu7ZegJRjEKch_crhEyFg==/base.apk!/lib/arm64-v8a, permitted_path=/data:/mnt/expand:/data/user/0/com.negi.survey
09-17 15:00:17.103 15143 15143 V GraphicsEnvironment: Currently set values for:
09-17 15:00:17.103 15143 15143 V GraphicsEnvironment:   angle_gl_driver_selection_pkgs=[]
09-17 15:00:17.103 15143 15143 V GraphicsEnvironment:   angle_gl_driver_selection_values=[]
09-17 15:00:17.103 15143 15143 V GraphicsEnvironment: com.negi.survey is not listed in per-application setting
09-17 15:00:17.104 15143 15143 V GraphicsEnvironment: ANGLE allowlist from config: 
09-17 15:00:17.104 15143 15143 V GraphicsEnvironment: com.negi.survey is not listed in ANGLE allowlist or settings, returning default
09-17 15:00:17.104 15143 15143 V GraphicsEnvironment: App is not on the allowlist for updatable production driver.
09-17 15:00:17.180 15143 15143 D nativeloader: Load /data/app/~~yF0NOu8IRNgDyS1PkF9lIw==/com.negi.survey-WVu7ZegJRjEKch_crhEyFg==/base.apk!/lib/arm64-v8a/liblitertlm_jni.so using class loader ns clns-9 (caller=/data/app/~~yF0NOu8IRNgDyS1PkF9lIw==/com.negi.survey-WVu7ZegJRjEKch_crhEyFg==/base.apk!classes4.dex): ok
09-17 15:00:17.180 15143 15143 D SurveyApp: Loaded LiteRTLM JNI: litertlm_jni where=attachBaseContext
09-17 15:00:17.205 15143 15143 D AppRingLogStore: installed: dir=/data/user/0/com.negi.survey/files/diagnostics/applog_ring idx=0
09-17 15:00:17.207 15143 15179 D RuntimeLogStore: openWriter: start -> /data/user/0/com.negi.survey/files/diagnostics/runtime_logs/rtlog_20260917_120017_202_pid15143_seq1.log (bytes=0 format=LEGACY)
09-17 15:00:17.210 15143 15179 D RuntimeLogStore: retention: start files=2 kept=2 totalBytes=1747
09-17 15:00:17.214 15143 15143 D CrashCapture: install: ensured default handler. where=SurveyApp:attachBaseContext pid=15143 default=com.negi.survey.CrashCapture$CrashHandler@287266e
09-17 15:00:17.247 15143 15143 D SurveyApp: LiteRTLM JNI already loaded; skip. where=onCreate(retry)
09-17 15:00:17.250 15143 15143 D CrashCapture: install: ensured default handler. where=SurveyApp:onCreate(rewrap) pid=15143 default=com.negi.survey.CrashCapture$CrashHandler@287266e
09-17 15:00:17.251 15143 15143 D CrashCapture: registerSelfHealing: ActivityLifecycleCallbacks registered. mode=onResumedOnly
09-17 15:00:17.257 15143 15181 D UploadRescheduleRcvr: No GitHub pending files for action=android.intent.action.BOOT_COMPLETED
09-17 15:00:17.263 15143 15181 D github_upload: enqueueStartupRuntimeLogsUpload: uniqueName=upload_runtime_logs_startup policy=KEEP session=startup_runtime_20260917_120017_a521e09f
09-17 15:00:17.271 15143 15181 D WM-PackageManagerHelper: Skipping component enablement for androidx.work.impl.background.systemjob.SystemJobService
09-17 15:00:17.271 15143 15181 D WM-Schedulers: Created SystemJobScheduler and enabled SystemJobService
09-17 15:00:17.272 15143 15187 D WM-ForceStopRunnable: Is default app process = true
09-17 15:00:17.272 15143 15187 D WM-ForceStopRunnable: Performing cleanup operations.
09-17 15:00:17.275 15143 15181 D UploadRescheduleRcvr: Enqueued runtime logs upload for action=android.intent.action.BOOT_COMPLETED reason=receiver_boot_completed
09-17 15:00:17.278 15143 15187 E ashmem  : Pinning is deprecated since Android Q. Please use trim or other methods.
09-17 15:00:17.286 15143 15187 D WM-SystemJobScheduler: Reconciling jobs
09-17 15:00:17.290 15143 15187 D WM-ForceStopRunnable: Found unfinished work, scheduling it.
09-17 15:00:17.302 15143 15199 D WM-SystemJobScheduler: Scheduling work ID 5ac9365b-ce08-4463-95af-4850d9932283Job ID 20
09-17 15:00:17.303 15143 15199 D WM-GreedyScheduler: Starting tracking for 5ac9365b-ce08-4463-95af-4850d9932283
09-17 15:00:17.307 15143 15143 D WM-SystemJobService: onStartJob for WorkGenerationalId(workSpecId=5ac9365b-ce08-4463-95af-4850d9932283, generation=0)
09-17 15:00:17.308 15143 15202 D WM-WorkConstraintsTrack: NetworkRequestConstraintController register shared callback
09-17 15:00:17.309 15143 15202 D ConnectivityManager: StackLog: [android.net.ConnectivityManager.sendRequestForNetwork(ConnectivityManager.java:4736)] [android.net.ConnectivityManager.registerDefaultNetworkCallbackForUid(ConnectivityManager.java:5461)] [android.net.ConnectivityManager.registerDefaultNetworkCallback(ConnectivityManager.java:5428)] [android.net.ConnectivityManager.registerDefaultNetworkCallback(ConnectivityManager.java:5402)] [androidx.work.impl.constraints.SharedNetworkCallback.addCallback(WorkConstraintsTracker.kt:362)] [androidx.work.impl.constraints.NetworkRequestConstraintController$track$1.invokeSuspend(WorkConstraintsTracker.kt:179)] [androidx.work.impl.constraints.NetworkRequestConstraintController$track$1.invoke(Unknown Source:8)] [androidx.work.impl.constraints.NetworkRequestConstraintController$track$1.invoke(Unknown Source:4)] [kotlinx.coroutines.flow.ChannelFlowBuilder.collectTo$suspendImpl(Builders.kt:316)] [kotlinx.coroutines.flow.ChannelFlowBuilder.collectTo(Unknown Source:0)] [kotlinx.coroutines.flow.CallbackFlowBuilder.collectTo(Builders.kt:330)] [kotlinx.coroutines.flow.internal.ChannelFlow$collectToFun$1.invokeSuspend(ChannelFlow.kt:56)] [kotlin.coroutines.jvm.internal.BaseContinuationImpl.resumeWith(ContinuationImpl.kt:34)] [kotlinx.coroutines.DispatchedTask.run(DispatchedTask.kt:100)] [androidx.work.impl.utils.SerialExecutorImpl$Task.run(SerialExecutorImpl.java:96)] [java.util.concurrent.ThreadPoolExecutor.runWorker(ThreadPoolExecutor.java:1156)] [java.util.concurrent.ThreadPoolExecutor$Worker.run(ThreadPoolExecutor.java:651)] [java.lang.Thread.run(Thread.java:1119)]
09-17 15:00:17.311 15143 15203 D WM-WorkConstraintsTrack: NetworkRequestConstraintController onCapabilitiesChanged callback
09-17 15:00:17.311 15143 15203 D WM-WorkConstraintsTrack: Not dispatching constraint state yet: isBlocked=null, capabilitiesInitialized=true
09-17 15:00:17.311 15143 15203 D WM-WorkConstraintsTrack: NetworkRequestConstraintController onBlockedStatusChanged callback false
09-17 15:00:17.311 15143 15202 D WM-Processor: Processor: processing WorkGenerationalId(workSpecId=5ac9365b-ce08-4463-95af-4850d9932283, generation=0)
09-17 15:00:17.313 15143 15202 D WM-PackageManagerHelper: androidx.work.impl.background.systemalarm.RescheduleReceiver enabled
09-17 15:00:17.320 15143 15143 D WM-WorkerWrapper: Starting work for com.negi.survey.net.GitHubUploadWorker
09-17 15:00:17.320 15143 15202 D WM-GreedyScheduler: Constraints met: Scheduling work ID WorkGenerationalId(workSpecId=5ac9365b-ce08-4463-95af-4850d9932283, generation=0)
09-17 15:00:17.322 15143 15198 D WM-Processor: Work WorkGenerationalId(workSpecId=5ac9365b-ce08-4463-95af-4850d9932283, generation=0) is already enqueued for processing
09-17 15:00:17.324 15143 15199 I WM-Processor: Moving WorkSpec (5ac9365b-ce08-4463-95af-4850d9932283) to the foreground
09-17 15:00:17.329 15143 15143 I WM-SystemFgDispatcher: Started foreground service Intent { act=ACTION_START_FOREGROUND xflg=0x4 cmp=com.negi.survey/androidx.work.impl.foreground.SystemForegroundService (has extras) }
09-17 15:00:17.330 15143 15143 D WM-SystemFgDispatcher: Notifying with (id:9829, workSpecId: 5ac9365b-ce08-4463-95af-4850d9932283, notificationType :1)
09-17 15:00:17.330 15143 15199 D WM-WorkConstraintsTrack: NetworkRequestConstraintController send initial capabilities
09-17 15:00:17.330 15143 15199 D WM-WorkProgressUpdater: Updating progress for 5ac9365b-ce08-4463-95af-4850d9932283 (Data {pct : 3, mode : startup_runtime_logs})
09-17 15:00:17.330 15143 15143 W WM-SystemFgService: Unable to start foreground service
09-17 15:00:17.330 15143 15143 W WM-SystemFgService: android.app.ForegroundServiceStartNotAllowedException: FGS type dataSync not allowed to start from BOOT_COMPLETED!
09-17 15:00:17.330 15143 15143 W WM-SystemFgService: 	at android.app.ForegroundServiceStartNotAllowedException$1.createFromParcel(ForegroundServiceStartNotAllowedException.java:54)
09-17 15:00:17.330 15143 15143 W WM-SystemFgService: 	at android.app.ForegroundServiceStartNotAllowedException$1.createFromParcel(ForegroundServiceStartNotAllowedException.java:50)
09-17 15:00:17.330 15143 15143 W WM-SystemFgService: 	at android.os.Parcel.readParcelableInternal(Parcel.java:5230)
09-17 15:00:17.330 15143 15143 W WM-SystemFgService: 	at android.os.Parcel.readParcelable(Parcel.java:5212)
09-17 15:00:17.330 15143 15143 W WM-SystemFgService: 	at android.os.Parcel.createExceptionOrNull(Parcel.java:3350)
09-17 15:00:17.330 15143 15143 W WM-SystemFgService: 	at android.os.Parcel.createException(Parcel.java:3339)
09-17 15:00:17.330 15143 15143 W WM-SystemFgService: 	at android.os.Parcel.readException(Parcel.java:3322)
09-17 15:00:17.330 15143 15143 W WM-SystemFgService: 	at android.os.Parcel.readException(Parcel.java:3264)
09-17 15:00:17.330 15143 15143 W WM-SystemFgService: 	at android.app.IActivityManager$Stub$Proxy.setServiceForeground(IActivityManager.java:7526)
09-17 15:00:17.330 15143 15143 W WM-SystemFgService: 	at android.app.Service.startForeground(Service.java:863)
09-17 15:00:17.330 15143 15143 W WM-SystemFgService: 	at androidx.work.impl.foreground.SystemForegroundService$Api31Impl.startForeground(SystemForegroundService.java:192)
09-17 15:00:17.330 15143 15143 W WM-SystemFgService: 	at androidx.work.impl.foreground.SystemForegroundService.startForeground(SystemForegroundService.java:141)
09-17 15:00:17.330 15143 15143 W WM-SystemFgService: 	at androidx.work.impl.foreground.SystemForegroundDispatcher.handleNotify(SystemForegroundDispatcher.java:332)
09-17 15:00:17.330 15143 15143 W WM-SystemFgService: 	at androidx.work.impl.foreground.SystemForegroundDispatcher.onStartCommand(SystemForegroundDispatcher.java:221)
09-17 15:00:17.330 15143 15143 W WM-SystemFgService: 	at androidx.work.impl.foreground.SystemForegroundService.onStartCommand(SystemForegroundService.java:80)
09-17 15:00:17.330 15143 15143 W WM-SystemFgService: 	at android.app.ActivityThread.handleServiceArgs(ActivityThread.java:6087)
09-17 15:00:17.330 15143 15143 W WM-SystemFgService: 	at android.app.ActivityThread.-$$Nest$mhandleServiceArgs(Unknown Source:0)
09-17 15:00:17.330 15143 15143 W WM-SystemFgService: 	at android.app.ActivityThread$H.handleMessage(ActivityThread.java:2974)
09-17 15:00:17.330 15143 15143 W WM-SystemFgService: 	at android.os.Handler.dispatchMessage(Handler.java:110)
09-17 15:00:17.330 15143 15143 W WM-SystemFgService: 	at android.os.Looper.loopOnce(Looper.java:273)
09-17 15:00:17.330 15143 15143 W WM-SystemFgService: 	at android.os.Looper.loop(Looper.java:363)
09-17 15:00:17.330 15143 15143 W WM-SystemFgService: 	at android.app.ActivityThread.main(ActivityThread.java:10060)
09-17 15:00:17.330 15143 15143 W WM-SystemFgService: 	at java.lang.reflect.Method.invoke(Native Method)
09-17 15:00:17.330 15143 15143 W WM-SystemFgService: 	at com.android.internal.os.RuntimeInit$MethodAndArgsCaller.run(RuntimeInit.java:632)
09-17 15:00:17.330 15143 15143 W WM-SystemFgService: 	at com.android.internal.os.ZygoteInit.main(ZygoteInit.java:975)
09-17 15:00:17.331 15143 15143 D WM-SystemFgDispatcher: Notifying with (id:9829, workSpecId: 5ac9365b-ce08-4463-95af-4850d9932283, notificationType :1)
--------- beginning of system
09-17 15:00:17.331 15143 15143 I NotificationManager: com.negi.survey: notify(9829, null, Notification(channel=uploads shortcut=null contentView=null vibrate=null sound=null defaults=0 flags=ONGOING_EVENT|ONLY_ALERT_ONCE color=0x00000000 category=progress vis=PRIVATE semFlags=0x0 semPriority=0 semMissedCount=0)) as user
09-17 15:00:17.331 15143 15143 D NotificationManager: BOOTING pkg =com.negi.survey mBlockedChannelsForOverflowNoti=[]
09-17 15:00:17.332 15143 15199 I WM-Processor: Moving WorkSpec (5ac9365b-ce08-4463-95af-4850d9932283) to the foreground
09-17 15:00:17.334 15143 15143 W WM-SystemFgService: Unable to start foreground service
09-17 15:00:17.334 15143 15143 W WM-SystemFgService: android.app.ForegroundServiceStartNotAllowedException: FGS type dataSync not allowed to start from BOOT_COMPLETED!
09-17 15:00:17.334 15143 15143 W WM-SystemFgService: 	at android.app.ForegroundServiceStartNotAllowedException$1.createFromParcel(ForegroundServiceStartNotAllowedException.java:54)
09-17 15:00:17.334 15143 15143 W WM-SystemFgService: 	at android.app.ForegroundServiceStartNotAllowedException$1.createFromParcel(ForegroundServiceStartNotAllowedException.java:50)
09-17 15:00:17.334 15143 15143 W WM-SystemFgService: 	at android.os.Parcel.readParcelableInternal(Parcel.java:5230)
09-17 15:00:17.334 15143 15143 W WM-SystemFgService: 	at android.os.Parcel.readParcelable(Parcel.java:5212)
09-17 15:00:17.334 15143 15143 W WM-SystemFgService: 	at android.os.Parcel.createExceptionOrNull(Parcel.java:3350)
09-17 15:00:17.334 15143 15143 W WM-SystemFgService: 	at android.os.Parcel.createException(Parcel.java:3339)
09-17 15:00:17.334 15143 15143 W WM-SystemFgService: 	at android.os.Parcel.readException(Parcel.java:3322)
09-17 15:00:17.334 15143 15143 W WM-SystemFgService: 	at android.os.Parcel.readException(Parcel.java:3264)
09-17 15:00:17.334 15143 15143 W WM-SystemFgService: 	at android.app.IActivityManager$Stub$Proxy.setServiceForeground(IActivityManager.java:7526)
09-17 15:00:17.334 15143 15143 W WM-SystemFgService: 	at android.app.Service.startForeground(Service.java:863)
09-17 15:00:17.334 15143 15143 W WM-SystemFgService: 	at androidx.work.impl.foreground.SystemForegroundService$Api31Impl.startForeground(SystemForegroundService.java:192)
09-17 15:00:17.334 15143 15143 W WM-SystemFgService: 	at androidx.work.impl.foreground.SystemForegroundService.startForeground(SystemForegroundService.java:141)
09-17 15:00:17.334 15143 15143 W WM-SystemFgService: 	at androidx.work.impl.foreground.SystemForegroundDispatcher.handleNotify(SystemForegroundDispatcher.java:332)
09-17 15:00:17.334 15143 15143 W WM-SystemFgService: 	at androidx.work.impl.foreground.SystemForegroundDispatcher.onStartCommand(SystemForegroundDispatcher.java:223)
09-17 15:00:17.334 15143 15143 W WM-SystemFgService: 	at androidx.work.impl.foreground.SystemForegroundService.onStartCommand(SystemForegroundService.java:80)
09-17 15:00:17.334 15143 15143 W WM-SystemFgService: 	at android.app.ActivityThread.handleServiceArgs(ActivityThread.java:6087)
09-17 15:00:17.334 15143 15143 W WM-SystemFgService: 	at android.app.ActivityThread.-$$Nest$mhandleServiceArgs(Unknown Source:0)
09-17 15:00:17.334 15143 15143 W WM-SystemFgService: 	at android.app.ActivityThread$H.handleMessage(ActivityThread.java:2974)
09-17 15:00:17.334 15143 15143 W WM-SystemFgService: 	at android.os.Handler.dispatchMessage(Handler.java:110)
09-17 15:00:17.334 15143 15143 W WM-SystemFgService: 	at android.os.Looper.loopOnce(Looper.java:273)
09-17 15:00:17.334 15143 15143 W WM-SystemFgService: 	at android.os.Looper.loop(Looper.java:363)
09-17 15:00:17.334 15143 15143 W WM-SystemFgService: 	at android.app.ActivityThread.main(ActivityThread.java:10060)
09-17 15:00:17.334 15143 15143 W WM-SystemFgService: 	at java.lang.reflect.Method.invoke(Native Method)
09-17 15:00:17.334 15143 15143 W WM-SystemFgService: 	at com.android.internal.os.RuntimeInit$MethodAndArgsCaller.run(RuntimeInit.java:632)
09-17 15:00:17.334 15143 15143 W WM-SystemFgService: 	at com.android.internal.os.ZygoteInit.main(ZygoteInit.java:975)
09-17 15:00:17.334 15143 15143 D WM-SystemFgDispatcher: Notifying with (id:9829, workSpecId: 5ac9365b-ce08-4463-95af-4850d9932283, notificationType :1)
09-17 15:00:17.334 15143 15143 I NotificationManager: com.negi.survey: notify(9829, null, Notification(channel=uploads shortcut=null contentView=null vibrate=null sound=null defaults=0 flags=ONGOING_EVENT|ONLY_ALERT_ONCE color=0x00000000 category=progress vis=PRIVATE semFlags=0x0 semPriority=0 semMissedCount=0)) as user
09-17 15:00:17.335 15143 15143 W WM-SystemFgService: Unable to start foreground service
09-17 15:00:17.335 15143 15143 W WM-SystemFgService: android.app.ForegroundServiceStartNotAllowedException: FGS type dataSync not allowed to start from BOOT_COMPLETED!
09-17 15:00:17.335 15143 15143 W WM-SystemFgService: 	at android.app.ForegroundServiceStartNotAllowedException$1.createFromParcel(ForegroundServiceStartNotAllowedException.java:54)
09-17 15:00:17.335 15143 15143 W WM-SystemFgService: 	at android.app.ForegroundServiceStartNotAllowedException$1.createFromParcel(ForegroundServiceStartNotAllowedException.java:50)
09-17 15:00:17.335 15143 15143 W WM-SystemFgService: 	at android.os.Parcel.readParcelableInternal(Parcel.java:5230)
09-17 15:00:17.335 15143 15143 W WM-SystemFgService: 	at android.os.Parcel.readParcelable(Parcel.java:5212)
09-17 15:00:17.335 15143 15143 W WM-SystemFgService: 	at android.os.Parcel.createExceptionOrNull(Parcel.java:3350)
09-17 15:00:17.335 15143 15143 W WM-SystemFgService: 	at android.os.Parcel.createException(Parcel.java:3339)
09-17 15:00:17.335 15143 15143 W WM-SystemFgService: 	at android.os.Parcel.readException(Parcel.java:3322)
09-17 15:00:17.335 15143 15143 W WM-SystemFgService: 	at android.os.Parcel.readException(Parcel.java:3264)
09-17 15:00:17.335 15143 15143 W WM-SystemFgService: 	at android.app.IActivityManager$Stub$Proxy.setServiceForeground(IActivityManager.java:7526)
09-17 15:00:17.335 15143 15143 W WM-SystemFgService: 	at android.app.Service.startForeground(Service.java:863)
09-17 15:00:17.335 15143 15143 W WM-SystemFgService: 	at androidx.work.impl.foreground.SystemForegroundService$Api31Impl.startForeground(SystemForegroundService.java:192)
09-17 15:00:17.335 15143 15143 W WM-SystemFgService: 	at androidx.work.impl.foreground.SystemForegroundService.startForeground(SystemForegroundService.java:141)
09-17 15:00:17.335 15143 15143 W WM-SystemFgService: 	at androidx.work.impl.foreground.SystemForegroundDispatcher.handleNotify(SystemForegroundDispatcher.java:332)
09-17 15:00:17.335 15143 15143 W WM-SystemFgService: 	at androidx.work.impl.foreground.SystemForegroundDispatcher.onStartCommand(SystemForegroundDispatcher.java:223)
09-17 15:00:17.335 15143 15143 W WM-SystemFgService: 	at androidx.work.impl.foreground.SystemForegroundService.onStartCommand(SystemForegroundService.java:80)
09-17 15:00:17.335 15143 15143 W WM-SystemFgService: 	at android.app.ActivityThread.handleServiceArgs(ActivityThread.java:6087)
09-17 15:00:17.335 15143 15143 W WM-SystemFgService: 	at android.app.ActivityThread.-$$Nest$mhandleServiceArgs(Unknown Source:0)
09-17 15:00:17.335 15143 15143 W WM-SystemFgService: 	at android.app.ActivityThread$H.handleMessage(ActivityThread.java:2974)
09-17 15:00:17.335 15143 15143 W WM-SystemFgService: 	at android.os.Handler.dispatchMessage(Handler.java:110)
09-17 15:00:17.335 15143 15143 W WM-SystemFgService: 	at android.os.Looper.loopOnce(Looper.java:273)
09-17 15:00:17.335 15143 15143 W WM-SystemFgService: 	at android.os.Looper.loop(Looper.java:363)
09-17 15:00:17.335 15143 15143 W WM-SystemFgService: 	at android.app.ActivityThread.main(ActivityThread.java:10060)
09-17 15:00:17.335 15143 15143 W WM-SystemFgService: 	at java.lang.reflect.Method.invoke(Native Method)
09-17 15:00:17.335 15143 15143 W WM-SystemFgService: 	at com.android.internal.os.RuntimeInit$MethodAndArgsCaller.run(RuntimeInit.java:632)
09-17 15:00:17.335 15143 15143 W WM-SystemFgService: 	at com.android.internal.os.ZygoteInit.main(ZygoteInit.java:975)
09-17 15:00:18.533 15143 15179 D RuntimeLogStore: openWriter: rotate:plain_snapshot:receiver_boot_completed -> /data/user/0/com.negi.survey/files/diagnostics/runtime_logs/rtlog_20260917_120018_533_pid15143_seq2.log (bytes=0 format=LEGACY)
09-17 15:00:18.533 15143 15179 D RuntimeLogStore: retention: rotate:plain_snapshot:receiver_boot_completed files=3 kept=3 totalBytes=3458
09-17 15:00:18.536 15143 15181 D github_upload: doRuntimeLogsUpload: remoteBaseDir=diagnostics/runtime_logs/2026-09-17/runtime_logs_startup_runtime_20260917_120017_a521e09f_receiver_boot_completed toUpload=3 bytes=4648 dedupe=true deleteSource=true deletedSourcePre=0 preview='plain_logs_manifest_20260917_120018_535_pid15143_receiver_boot_completed.json|runtime_log_20260917_120018_535_pid15143_receiver_boot_completed__rtlog_20260917_120017_202_pid15143_seq1.log|runtime_log_20260917_120018_535_pid15143_receiver_boot_completed__rtlog_20260917_115817_288_pid17033_seq2.log'
09-17 15:00:18.537 15143 15181 D GitHubUploader: uploadStream: owner=ishizuki-tech repo=SurveyExports branch=main path=diagnostics/runtime_logs/2026-09-17/runtime_logs_startup_runtime_20260917_120017_a521e09f_receiver_boot_completed/plain_logs_manifest_20260917_120018_535_pid15143_receiver_boot_completed.json size=1528 maxRawBytesHint=1000000 maxRequestBytesHint=2800000
09-17 15:00:18.537 15143 15187 D WM-WorkProgressUpdater: Updating progress for 5ac9365b-ce08-4463-95af-4850d9932283 (Data {pct : 10, mode : startup_runtime_logs})
09-17 15:00:18.543 15143 15187 I WM-Processor: Moving WorkSpec (5ac9365b-ce08-4463-95af-4850d9932283) to the foreground
09-17 15:00:18.547 15143 15143 D WM-SystemFgDispatcher: Notifying with (id:9829, workSpecId: 5ac9365b-ce08-4463-95af-4850d9932283, notificationType :1)
09-17 15:00:18.547 15143 15143 I NotificationManager: com.negi.survey: notify(9829, null, Notification(channel=uploads shortcut=null contentView=null vibrate=null sound=null defaults=0 flags=ONGOING_EVENT|ONLY_ALERT_ONCE color=0x00000000 category=progress vis=PRIVATE semFlags=0x0 semPriority=0 semMissedCount=0)) as user
09-17 15:00:18.549 15143 15143 W WM-SystemFgService: Unable to start foreground service
09-17 15:00:18.549 15143 15143 W WM-SystemFgService: android.app.ForegroundServiceStartNotAllowedException: FGS type dataSync not allowed to start from BOOT_COMPLETED!
09-17 15:00:18.549 15143 15143 W WM-SystemFgService: 	at android.app.ForegroundServiceStartNotAllowedException$1.createFromParcel(ForegroundServiceStartNotAllowedException.java:54)
09-17 15:00:18.549 15143 15143 W WM-SystemFgService: 	at android.app.ForegroundServiceStartNotAllowedException$1.createFromParcel(ForegroundServiceStartNotAllowedException.java:50)
09-17 15:00:18.549 15143 15143 W WM-SystemFgService: 	at android.os.Parcel.readParcelableInternal(Parcel.java:5230)
09-17 15:00:18.549 15143 15143 W WM-SystemFgService: 	at android.os.Parcel.readParcelable(Parcel.java:5212)
09-17 15:00:18.549 15143 15143 W WM-SystemFgService: 	at android.os.Parcel.createExceptionOrNull(Parcel.java:3350)
09-17 15:00:18.549 15143 15143 W WM-SystemFgService: 	at android.os.Parcel.createException(Parcel.java:3339)
09-17 15:00:18.549 15143 15143 W WM-SystemFgService: 	at android.os.Parcel.readException(Parcel.java:3322)
09-17 15:00:18.549 15143 15143 W WM-SystemFgService: 	at android.os.Parcel.readException(Parcel.java:3264)
09-17 15:00:18.549 15143 15143 W WM-SystemFgService: 	at android.app.IActivityManager$Stub$Proxy.setServiceForeground(IActivityManager.java:7526)
09-17 15:00:18.549 15143 15143 W WM-SystemFgService: 	at android.app.Service.startForeground(Service.java:863)
09-17 15:00:18.549 15143 15143 W WM-SystemFgService: 	at androidx.work.impl.foreground.SystemForegroundService$Api31Impl.startForeground(SystemForegroundService.java:192)
09-17 15:00:18.549 15143 15143 W WM-SystemFgService: 	at androidx.work.impl.foreground.SystemForegroundService.startForeground(SystemForegroundService.java:141)
09-17 15:00:18.549 15143 15143 W WM-SystemFgService: 	at androidx.work.impl.foreground.SystemForegroundDispatcher.handleNotify(SystemForegroundDispatcher.java:332)
09-17 15:00:18.549 15143 15143 W WM-SystemFgService: 	at androidx.work.impl.foreground.SystemForegroundDispatcher.onStartCommand(SystemForegroundDispatcher.java:223)
09-17 15:00:18.549 15143 15143 W WM-SystemFgService: 	at androidx.work.impl.foreground.SystemForegroundService.onStartCommand(SystemForegroundService.java:80)
09-17 15:00:18.549 15143 15143 W WM-SystemFgService: 	at android.app.ActivityThread.handleServiceArgs(ActivityThread.java:6087)
09-17 15:00:18.549 15143 15143 W WM-SystemFgService: 	at android.app.ActivityThread.-$$Nest$mhandleServiceArgs(Unknown Source:0)
09-17 15:00:18.549 15143 15143 W WM-SystemFgService: 	at android.app.ActivityThread$H.handleMessage(ActivityThread.java:2974)
09-17 15:00:18.549 15143 15143 W WM-SystemFgService: 	at android.os.Handler.dispatchMessage(Handler.java:110)
09-17 15:00:18.549 15143 15143 W WM-SystemFgService: 	at android.os.Looper.loopOnce(Looper.java:273)
09-17 15:00:18.549 15143 15143 W WM-SystemFgService: 	at android.os.Looper.loop(Looper.java:363)
09-17 15:00:18.549 15143 15143 W WM-SystemFgService: 	at android.app.ActivityThread.main(ActivityThread.java:10060)
09-17 15:00:18.549 15143 15143 W WM-SystemFgService: 	at java.lang.reflect.Method.invoke(Native Method)
09-17 15:00:18.549 15143 15143 W WM-SystemFgService: 	at com.android.internal.os.RuntimeInit$MethodAndArgsCaller.run(RuntimeInit.java:632)
09-17 15:00:18.549 15143 15143 W WM-SystemFgService: 	at com.android.internal.os.ZygoteInit.main(ZygoteInit.java:975)
09-17 15:00:19.230 15143 15199 D WM-WorkProgressUpdater: Updating progress for 5ac9365b-ce08-4463-95af-4850d9932283 (Data {pct : 12, mode : startup_runtime_logs})
09-17 15:00:19.239 15143 15199 I WM-Processor: Moving WorkSpec (5ac9365b-ce08-4463-95af-4850d9932283) to the foreground
09-17 15:00:19.240 15143 15199 D WM-WorkProgressUpdater: Updating progress for 5ac9365b-ce08-4463-95af-4850d9932283 (Data {pct : 33, mode : startup_runtime_logs})
09-17 15:00:19.240 15143 15143 D WM-SystemFgDispatcher: Notifying with (id:9829, workSpecId: 5ac9365b-ce08-4463-95af-4850d9932283, notificationType :1)
09-17 15:00:19.240 15143 15143 I NotificationManager: com.negi.survey: notify(9829, null, Notification(channel=uploads shortcut=null contentView=null vibrate=null sound=null defaults=0 flags=ONGOING_EVENT|ONLY_ALERT_ONCE color=0x00000000 category=progress vis=PRIVATE semFlags=0x0 semPriority=0 semMissedCount=0)) as user
09-17 15:00:19.241 15143 15199 I WM-Processor: Moving WorkSpec (5ac9365b-ce08-4463-95af-4850d9932283) to the foreground
09-17 15:00:19.241 15143 15143 W WM-SystemFgService: Unable to start foreground service
09-17 15:00:19.241 15143 15143 W WM-SystemFgService: android.app.ForegroundServiceStartNotAllowedException: FGS type dataSync not allowed to start from BOOT_COMPLETED!
09-17 15:00:19.241 15143 15143 W WM-SystemFgService: 	at android.app.ForegroundServiceStartNotAllowedException$1.createFromParcel(ForegroundServiceStartNotAllowedException.java:54)
09-17 15:00:19.241 15143 15143 W WM-SystemFgService: 	at android.app.ForegroundServiceStartNotAllowedException$1.createFromParcel(ForegroundServiceStartNotAllowedException.java:50)
09-17 15:00:19.241 15143 15143 W WM-SystemFgService: 	at android.os.Parcel.readParcelableInternal(Parcel.java:5230)
09-17 15:00:19.241 15143 15143 W WM-SystemFgService: 	at android.os.Parcel.readParcelable(Parcel.java:5212)
09-17 15:00:19.241 15143 15143 W WM-SystemFgService: 	at android.os.Parcel.createExceptionOrNull(Parcel.java:3350)
09-17 15:00:19.241 15143 15143 W WM-SystemFgService: 	at android.os.Parcel.createException(Parcel.java:3339)
09-17 15:00:19.241 15143 15143 W WM-SystemFgService: 	at android.os.Parcel.readException(Parcel.java:3322)
09-17 15:00:19.241 15143 15143 W WM-SystemFgService: 	at android.os.Parcel.readException(Parcel.java:3264)
09-17 15:00:19.241 15143 15143 W WM-SystemFgService: 	at android.app.IActivityManager$Stub$Proxy.setServiceForeground(IActivityManager.java:7526)
09-17 15:00:19.241 15143 15143 W WM-SystemFgService: 	at android.app.Service.startForeground(Service.java:863)
09-17 15:00:19.241 15143 15143 W WM-SystemFgService: 	at androidx.work.impl.foreground.SystemForegroundService$Api31Impl.startForeground(SystemForegroundService.java:192)
09-17 15:00:19.241 15143 15143 W WM-SystemFgService: 	at androidx.work.impl.foreground.SystemForegroundService.startForeground(SystemForegroundService.java:141)
09-17 15:00:19.241 15143 15143 W WM-SystemFgService: 	at androidx.work.impl.foreground.SystemForegroundDispatcher.handleNotify(SystemForegroundDispatcher.java:332)
09-17 15:00:19.241 15143 15143 W WM-SystemFgService: 	at androidx.work.impl.foreground.SystemForegroundDispatcher.onStartCommand(SystemForegroundDispatcher.java:223)
09-17 15:00:19.241 15143 15143 W WM-SystemFgService: 	at androidx.work.impl.foreground.SystemForegroundService.onStartCommand(SystemForegroundService.java:80)
09-17 15:00:19.241 15143 15143 W WM-SystemFgService: 	at android.app.ActivityThread.handleServiceArgs(ActivityThread.java:6087)
09-17 15:00:19.241 15143 15143 W WM-SystemFgService: 	at android.app.ActivityThread.-$$Nest$mhandleServiceArgs(Unknown Source:0)
09-17 15:00:19.241 15143 15143 W WM-SystemFgService: 	at android.app.ActivityThread$H.handleMessage(ActivityThread.java:2974)
09-17 15:00:19.241 15143 15143 W WM-SystemFgService: 	at android.os.Handler.dispatchMessage(Handler.java:110)
09-17 15:00:19.241 15143 15143 W WM-SystemFgService: 	at android.os.Looper.loopOnce(Looper.java:273)
09-17 15:00:19.241 15143 15143 W WM-SystemFgService: 	at android.os.Looper.loop(Looper.java:363)
09-17 15:00:19.241 15143 15143 W WM-SystemFgService: 	at android.app.ActivityThread.main(ActivityThread.java:10060)
09-17 15:00:19.241 15143 15143 W WM-SystemFgService: 	at java.lang.reflect.Method.invoke(Native Method)
09-17 15:00:19.241 15143 15143 W WM-SystemFgService: 	at com.android.internal.os.RuntimeInit$MethodAndArgsCaller.run(RuntimeInit.java:632)
09-17 15:00:19.241 15143 15143 W WM-SystemFgService: 	at com.android.internal.os.ZygoteInit.main(ZygoteInit.java:975)
09-17 15:00:19.242 15143 15143 D WM-SystemFgDispatcher: Notifying with (id:9829, workSpecId: 5ac9365b-ce08-4463-95af-4850d9932283, notificationType :1)
09-17 15:00:19.242 15143 15143 I NotificationManager: com.negi.survey: notify(9829, null, Notification(channel=uploads shortcut=null contentView=null vibrate=null sound=null defaults=0 flags=ONGOING_EVENT|ONLY_ALERT_ONCE color=0x00000000 category=progress vis=PRIVATE semFlags=0x0 semPriority=0 semMissedCount=0)) as user
09-17 15:00:19.243 15143 15143 W WM-SystemFgService: Unable to start foreground service
09-17 15:00:19.243 15143 15143 W WM-SystemFgService: android.app.ForegroundServiceStartNotAllowedException: FGS type dataSync not allowed to start from BOOT_COMPLETED!
09-17 15:00:19.243 15143 15143 W WM-SystemFgService: 	at android.app.ForegroundServiceStartNotAllowedException$1.createFromParcel(ForegroundServiceStartNotAllowedException.java:54)
09-17 15:00:19.243 15143 15143 W WM-SystemFgService: 	at android.app.ForegroundServiceStartNotAllowedException$1.createFromParcel(ForegroundServiceStartNotAllowedException.java:50)
09-17 15:00:19.243 15143 15143 W WM-SystemFgService: 	at android.os.Parcel.readParcelableInternal(Parcel.java:5230)
09-17 15:00:19.243 15143 15143 W WM-SystemFgService: 	at android.os.Parcel.readParcelable(Parcel.java:5212)
09-17 15:00:19.243 15143 15143 W WM-SystemFgService: 	at android.os.Parcel.createExceptionOrNull(Parcel.java:3350)
09-17 15:00:19.243 15143 15143 W WM-SystemFgService: 	at android.os.Parcel.createException(Parcel.java:3339)
09-17 15:00:19.243 15143 15143 W WM-SystemFgService: 	at android.os.Parcel.readException(Parcel.java:3322)
09-17 15:00:19.243 15143 15143 W WM-SystemFgService: 	at android.os.Parcel.readException(Parcel.java:3264)
09-17 15:00:19.243 15143 15143 W WM-SystemFgService: 	at android.app.IActivityManager$Stub$Proxy.setServiceForeground(IActivityManager.java:7526)
09-17 15:00:19.243 15143 15143 W WM-SystemFgService: 	at android.app.Service.startForeground(Service.java:863)
09-17 15:00:19.243 15143 15143 W WM-SystemFgService: 	at androidx.work.impl.foreground.SystemForegroundService$Api31Impl.startForeground(SystemForegroundService.java:192)
09-17 15:00:19.243 15143 15143 W WM-SystemFgService: 	at androidx.work.impl.foreground.SystemForegroundService.startForeground(SystemForegroundService.java:141)
09-17 15:00:19.243 15143 15143 W WM-SystemFgService: 	at androidx.work.impl.foreground.SystemForegroundDispatcher.handleNotify(SystemForegroundDispatcher.java:332)
09-17 15:00:19.243 15143 15143 W WM-SystemFgService: 	at androidx.work.impl.foreground.SystemForegroundDispatcher.onStartCommand(SystemForegroundDispatcher.java:223)
09-17 15:00:19.243 15143 15143 W WM-SystemFgService: 	at androidx.work.impl.foreground.SystemForegroundService.onStartCommand(SystemForegroundService.java:80)
09-17 15:00:19.243 15143 15143 W WM-SystemFgService: 	at android.app.ActivityThread.handleServiceArgs(ActivityThread.java:6087)
09-17 15:00:19.243 15143 15143 W WM-SystemFgService: 	at android.app.ActivityThread.-$$Nest$mhandleServiceArgs(Unknown Source:0)
09-17 15:00:19.243 15143 15143 W WM-SystemFgService: 	at android.app.ActivityThread$H.handleMessage(ActivityThread.java:2974)
09-17 15:00:19.243 15143 15143 W WM-SystemFgService: 	at android.os.Handler.dispatchMessage(Handler.java:110)
09-17 15:00:19.243 15143 15143 W WM-SystemFgService: 	at android.os.Looper.loopOnce(Looper.java:273)
09-17 15:00:19.243 15143 15143 W WM-SystemFgService: 	at android.os.Looper.loop(Looper.java:363)
09-17 15:00:19.243 15143 15143 W WM-SystemFgService: 	at android.app.ActivityThread.main(ActivityThread.java:10060)
09-17 15:00:19.243 15143 15143 W WM-SystemFgService: 	at java.lang.reflect.Method.invoke(Native Method)
09-17 15:00:19.243 15143 15143 W WM-SystemFgService: 	at com.android.internal.os.RuntimeInit$MethodAndArgsCaller.run(RuntimeInit.java:632)
09-17 15:00:19.243 15143 15143 W WM-SystemFgService: 	at com.android.internal.os.ZygoteInit.main(ZygoteInit.java:975)
09-17 15:00:19.752 15143 15143 D github_upload: enqueueStartupRuntimeLogsUpload: uniqueName=upload_runtime_logs_startup policy=KEEP session=startup_runtime_20260917_120019_102de28d
09-17 15:00:19.753 15143 15143 D github_upload: enqueueStartupRingLogsUpload: uniqueName=upload_ring_logs_startup policy=KEEP session=startup_ring_20260917_120019_ae2be0e8
09-17 15:00:19.753 15143 15946 D CrashCapture: enqueuePendingCrashUploadsIfPossible enter where=SurveyApp:enqueuePending(immediate):bg pid=15143 thread=CrashCapture-Enqueue
09-17 15:00:19.757 15143 15187 D WM-SystemJobScheduler: Scheduling work ID f5d906c4-cc23-4d76-b656-7d918945651fJob ID 21
09-17 15:00:19.758 15143 15187 D WM-GreedyScheduler: Starting tracking for f5d906c4-cc23-4d76-b656-7d918945651f
09-17 15:00:19.759 15143 15187 D WM-WorkConstraintsTrack: NetworkRequestConstraintController send initial capabilities
09-17 15:00:19.759 15143 15187 D WM-GreedyScheduler: Constraints met: Scheduling work ID WorkGenerationalId(workSpecId=f5d906c4-cc23-4d76-b656-7d918945651f, generation=0)
09-17 15:00:19.760 15143 15198 D WM-Processor: Processor: processing WorkGenerationalId(workSpecId=f5d906c4-cc23-4d76-b656-7d918945651f, generation=0)
09-17 15:00:19.761 15143 15143 D WM-WorkerWrapper: Starting work for com.negi.survey.net.GitHubUploadWorker
09-17 15:00:19.762 15143 15202 I WM-Processor: Moving WorkSpec (f5d906c4-cc23-4d76-b656-7d918945651f) to the foreground
09-17 15:00:19.763 15143 15143 I WM-SystemFgDispatcher: Started foreground service Intent { act=ACTION_START_FOREGROUND xflg=0x4 cmp=com.negi.survey/androidx.work.impl.foreground.SystemForegroundService (has extras) }
09-17 15:00:19.763 15143 15143 D WM-SystemFgDispatcher: Notifying with (id:9643, workSpecId: f5d906c4-cc23-4d76-b656-7d918945651f, notificationType :1)
09-17 15:00:19.763 15143 15143 I NotificationManager: com.negi.survey: notify(9643, null, Notification(channel=uploads shortcut=null contentView=null vibrate=null sound=null defaults=0 flags=ONGOING_EVENT|ONLY_ALERT_ONCE color=0x00000000 category=progress vis=PRIVATE semFlags=0x0 semPriority=0 semMissedCount=0)) as user
09-17 15:00:19.763 15143 15199 D WM-WorkConstraintsTrack: NetworkRequestConstraintController send initial capabilities
09-17 15:00:19.763 15143 15199 D WM-WorkProgressUpdater: Updating progress for f5d906c4-cc23-4d76-b656-7d918945651f (Data {pct : 3, mode : startup_ring_logs})
09-17 15:00:19.764 15143 15199 I WM-Processor: Moving WorkSpec (f5d906c4-cc23-4d76-b656-7d918945651f) to the foreground
09-17 15:00:19.765 15143 15143 W WM-SystemFgService: Unable to start foreground service
09-17 15:00:19.765 15143 15143 W WM-SystemFgService: android.app.ForegroundServiceStartNotAllowedException: FGS type dataSync not allowed to start from BOOT_COMPLETED!
09-17 15:00:19.765 15143 15143 W WM-SystemFgService: 	at android.app.ForegroundServiceStartNotAllowedException$1.createFromParcel(ForegroundServiceStartNotAllowedException.java:54)
09-17 15:00:19.765 15143 15143 W WM-SystemFgService: 	at android.app.ForegroundServiceStartNotAllowedException$1.createFromParcel(ForegroundServiceStartNotAllowedException.java:50)
09-17 15:00:19.765 15143 15143 W WM-SystemFgService: 	at android.os.Parcel.readParcelableInternal(Parcel.java:5230)
09-17 15:00:19.765 15143 15143 W WM-SystemFgService: 	at android.os.Parcel.readParcelable(Parcel.java:5212)
09-17 15:00:19.765 15143 15143 W WM-SystemFgService: 	at android.os.Parcel.createExceptionOrNull(Parcel.java:3350)
09-17 15:00:19.765 15143 15143 W WM-SystemFgService: 	at android.os.Parcel.createException(Parcel.java:3339)
09-17 15:00:19.765 15143 15143 W WM-SystemFgService: 	at android.os.Parcel.readException(Parcel.java:3322)
09-17 15:00:19.765 15143 15143 W WM-SystemFgService: 	at android.os.Parcel.readException(Parcel.java:3264)
09-17 15:00:19.765 15143 15143 W WM-SystemFgService: 	at android.app.IActivityManager$Stub$Proxy.setServiceForeground(IActivityManager.java:7526)
09-17 15:00:19.765 15143 15143 W WM-SystemFgService: 	at android.app.Service.startForeground(Service.java:863)
09-17 15:00:19.765 15143 15143 W WM-SystemFgService: 	at androidx.work.impl.foreground.SystemForegroundService$Api31Impl.startForeground(SystemForegroundService.java:192)
09-17 15:00:19.765 15143 15143 W WM-SystemFgService: 	at androidx.work.impl.foreground.SystemForegroundService.startForeground(SystemForegroundService.java:141)
09-17 15:00:19.765 15143 15143 W WM-SystemFgService: 	at androidx.work.impl.foreground.SystemForegroundDispatcher.handleNotify(SystemForegroundDispatcher.java:332)
09-17 15:00:19.765 15143 15143 W WM-SystemFgService: 	at androidx.work.impl.foreground.SystemForegroundDispatcher.onStartCommand(SystemForegroundDispatcher.java:221)
09-17 15:00:19.765 15143 15143 W WM-SystemFgService: 	at androidx.work.impl.foreground.SystemForegroundService.onStartCommand(SystemForegroundService.java:80)
09-17 15:00:19.765 15143 15143 W WM-SystemFgService: 	at android.app.ActivityThread.handleServiceArgs(ActivityThread.java:6087)
09-17 15:00:19.765 15143 15143 W WM-SystemFgService: 	at android.app.ActivityThread.-$$Nest$mhandleServiceArgs(Unknown Source:0)
09-17 15:00:19.765 15143 15143 W WM-SystemFgService: 	at android.app.ActivityThread$H.handleMessage(ActivityThread.java:2974)
09-17 15:00:19.765 15143 15143 W WM-SystemFgService: 	at android.os.Handler.dispatchMessage(Handler.java:110)
09-17 15:00:19.765 15143 15143 W WM-SystemFgService: 	at android.os.Looper.loopOnce(Looper.java:273)
09-17 15:00:19.765 15143 15143 W WM-SystemFgService: 	at android.os.Looper.loop(Looper.java:363)
09-17 15:00:19.765 15143 15143 W WM-SystemFgService: 	at android.app.ActivityThread.main(ActivityThread.java:10060)
09-17 15:00:19.765 15143 15143 W WM-SystemFgService: 	at java.lang.reflect.Method.invoke(Native Method)
09-17 15:00:19.765 15143 15143 W WM-SystemFgService: 	at com.android.internal.os.RuntimeInit$MethodAndArgsCaller.run(RuntimeInit.java:632)
09-17 15:00:19.765 15143 15143 W WM-SystemFgService: 	at com.android.internal.os.ZygoteInit.main(ZygoteInit.java:975)
09-17 15:00:19.765 15143 15143 D WM-SystemFgDispatcher: Notifying with (id:9643, workSpecId: f5d906c4-cc23-4d76-b656-7d918945651f, notificationType :1)
09-17 15:00:19.765 15143 15143 I NotificationManager: com.negi.survey: notify(9643, null, Notification(channel=uploads shortcut=null contentView=null vibrate=null sound=null defaults=0 flags=ONGOING_EVENT|ONLY_ALERT_ONCE color=0x00000000 category=progress vis=PRIVATE semFlags=0x0 semPriority=0 semMissedCount=0)) as user
09-17 15:00:19.766 15143 15143 W WM-SystemFgService: Unable to start foreground service
09-17 15:00:19.766 15143 15143 W WM-SystemFgService: android.app.ForegroundServiceStartNotAllowedException: FGS type dataSync not allowed to start from BOOT_COMPLETED!
09-17 15:00:19.766 15143 15143 W WM-SystemFgService: 	at android.app.ForegroundServiceStartNotAllowedException$1.createFromParcel(ForegroundServiceStartNotAllowedException.java:54)
09-17 15:00:19.766 15143 15143 W WM-SystemFgService: 	at android.app.ForegroundServiceStartNotAllowedException$1.createFromParcel(ForegroundServiceStartNotAllowedException.java:50)
09-17 15:00:19.766 15143 15143 W WM-SystemFgService: 	at android.os.Parcel.readParcelableInternal(Parcel.java:5230)
09-17 15:00:19.766 15143 15143 W WM-SystemFgService: 	at android.os.Parcel.readParcelable(Parcel.java:5212)
09-17 15:00:19.766 15143 15143 W WM-SystemFgService: 	at android.os.Parcel.createExceptionOrNull(Parcel.java:3350)
09-17 15:00:19.766 15143 15143 W WM-SystemFgService: 	at android.os.Parcel.createException(Parcel.java:3339)
09-17 15:00:19.766 15143 15143 W WM-SystemFgService: 	at android.os.Parcel.readException(Parcel.java:3322)
09-17 15:00:19.766 15143 15143 W WM-SystemFgService: 	at android.os.Parcel.readException(Parcel.java:3264)
09-17 15:00:19.766 15143 15143 W WM-SystemFgService: 	at android.app.IActivityManager$Stub$Proxy.setServiceForeground(IActivityManager.java:7526)
09-17 15:00:19.766 15143 15143 W WM-SystemFgService: 	at android.app.Service.startForeground(Service.java:863)
09-17 15:00:19.766 15143 15143 W WM-SystemFgService: 	at androidx.work.impl.foreground.SystemForegroundService$Api31Impl.startForeground(SystemForegroundService.java:192)
09-17 15:00:19.766 15143 15143 W WM-SystemFgService: 	at androidx.work.impl.foreground.SystemForegroundService.startForeground(SystemForegroundService.java:141)
09-17 15:00:19.766 15143 15143 W WM-SystemFgService: 	at androidx.work.impl.foreground.SystemForegroundDispatcher.handleNotify(SystemForegroundDispatcher.java:332)
09-17 15:00:19.766 15143 15143 W WM-SystemFgService: 	at androidx.work.impl.foreground.SystemForegroundDispatcher.onStartCommand(SystemForegroundDispatcher.java:223)
09-17 15:00:19.766 15143 15143 W WM-SystemFgService: 	at androidx.work.impl.foreground.SystemForegroundService.onStartCommand(SystemForegroundService.java:80)
09-17 15:00:19.766 15143 15143 W WM-SystemFgService: 	at android.app.ActivityThread.handleServiceArgs(ActivityThread.java:6087)
09-17 15:00:19.766 15143 15143 W WM-SystemFgService: 	at android.app.ActivityThread.-$$Nest$mhandleServiceArgs(Unknown Source:0)
09-17 15:00:19.766 15143 15143 W WM-SystemFgService: 	at android.app.ActivityThread$H.handleMessage(ActivityThread.java:2974)
09-17 15:00:19.766 15143 15143 W WM-SystemFgService: 	at android.os.Handler.dispatchMessage(Handler.java:110)
09-17 15:00:19.766 15143 15143 W WM-SystemFgService: 	at android.os.Looper.loopOnce(Looper.java:273)
09-17 15:00:19.766 15143 15143 W WM-SystemFgService: 	at android.os.Looper.loop(Looper.java:363)
09-17 15:00:19.766 15143 15143 W WM-SystemFgService: 	at android.app.ActivityThread.main(ActivityThread.java:10060)
09-17 15:00:19.766 15143 15143 W WM-SystemFgService: 	at java.lang.reflect.Method.invoke(Native Method)
09-17 15:00:19.766 15143 15143 W WM-SystemFgService: 	at com.android.internal.os.RuntimeInit$MethodAndArgsCaller.run(RuntimeInit.java:632)
09-17 15:00:19.766 15143 15143 W WM-SystemFgService: 	at com.android.internal.os.ZygoteInit.main(ZygoteInit.java:975)
09-17 15:00:19.766 15143 15143 D WM-SystemFgDispatcher: Notifying with (id:9643, workSpecId: f5d906c4-cc23-4d76-b656-7d918945651f, notificationType :1)
09-17 15:00:19.766 15143 15143 I NotificationManager: com.negi.survey: notify(9643, null, Notification(channel=uploads shortcut=null contentView=null vibrate=null sound=null defaults=0 flags=ONGOING_EVENT|ONLY_ALERT_ONCE color=0x00000000 category=progress vis=PRIVATE semFlags=0x0 semPriority=0 semMissedCount=0)) as user
09-17 15:00:19.766 15143 15143 W WM-SystemFgService: Unable to start foreground service
09-17 15:00:19.766 15143 15143 W WM-SystemFgService: android.app.ForegroundServiceStartNotAllowedException: FGS type dataSync not allowed to start from BOOT_COMPLETED!
09-17 15:00:19.766 15143 15143 W WM-SystemFgService: 	at android.app.ForegroundServiceStartNotAllowedException$1.createFromParcel(ForegroundServiceStartNotAllowedException.java:54)
09-17 15:00:19.766 15143 15143 W WM-SystemFgService: 	at android.app.ForegroundServiceStartNotAllowedException$1.createFromParcel(ForegroundServiceStartNotAllowedException.java:50)
09-17 15:00:19.766 15143 15143 W WM-SystemFgService: 	at android.os.Parcel.readParcelableInternal(Parcel.java:5230)
09-17 15:00:19.766 15143 15143 W WM-SystemFgService: 	at android.os.Parcel.readParcelable(Parcel.java:5212)
09-17 15:00:19.766 15143 15143 W WM-SystemFgService: 	at android.os.Parcel.createExceptionOrNull(Parcel.java:3350)
09-17 15:00:19.766 15143 15143 W WM-SystemFgService: 	at android.os.Parcel.createException(Parcel.java:3339)
09-17 15:00:19.766 15143 15143 W WM-SystemFgService: 	at android.os.Parcel.readException(Parcel.java:3322)
09-17 15:00:19.766 15143 15143 W WM-SystemFgService: 	at android.os.Parcel.readException(Parcel.java:3264)
09-17 15:00:19.766 15143 15143 W WM-SystemFgService: 	at android.app.IActivityManager$Stub$Proxy.setServiceForeground(IActivityManager.java:7526)
09-17 15:00:19.766 15143 15143 W WM-SystemFgService: 	at android.app.Service.startForeground(Service.java:863)
09-17 15:00:19.766 15143 15143 W WM-SystemFgService: 	at androidx.work.impl.foreground.SystemForegroundService$Api31Impl.startForeground(SystemForegroundService.java:192)
09-17 15:00:19.766 15143 15143 W WM-SystemFgService: 	at androidx.work.impl.foreground.SystemForegroundService.startForeground(SystemForegroundService.java:141)
09-17 15:00:19.766 15143 15143 W WM-SystemFgService: 	at androidx.work.impl.foreground.SystemForegroundDispatcher.handleNotify(SystemForegroundDispatcher.java:332)
09-17 15:00:19.766 15143 15143 W WM-SystemFgService: 	at androidx.work.impl.foreground.SystemForegroundDispatcher.onStartCommand(SystemForegroundDispatcher.java:223)
09-17 15:00:19.766 15143 15143 W WM-SystemFgService: 	at androidx.work.impl.foreground.SystemForegroundService.onStartCommand(SystemForegroundService.java:80)
09-17 15:00:19.766 15143 15143 W WM-SystemFgService: 	at android.app.ActivityThread.handleServiceArgs(ActivityThread.java:6087)
09-17 15:00:19.766 15143 15143 W WM-SystemFgService: 	at android.app.ActivityThread.-$$Nest$mhandleServiceArgs(Unknown Source:0)
09-17 15:00:19.766 15143 15143 W WM-SystemFgService: 	at android.app.ActivityThread$H.handleMessage(ActivityThread.java:2974)
09-17 15:00:19.766 15143 15143 W WM-SystemFgService: 	at android.os.Handler.dispatchMessage(Handler.java:110)
09-17 15:00:19.766 15143 15143 W WM-SystemFgService: 	at android.os.Looper.loopOnce(Looper.java:273)
09-17 15:00:19.766 15143 15143 W WM-SystemFgService: 	at android.os.Looper.loop(Looper.java:363)
09-17 15:00:19.766 15143 15143 W WM-SystemFgService: 	at android.app.ActivityThread.main(ActivityThread.java:10060)
09-17 15:00:19.766 15143 15143 W WM-SystemFgService: 	at java.lang.reflect.Method.invoke(Native Method)
09-17 15:00:19.766 15143 15143 W WM-SystemFgService: 	at com.android.internal.os.RuntimeInit$MethodAndArgsCaller.run(RuntimeInit.java:632)
09-17 15:00:19.766 15143 15143 W WM-SystemFgService: 	at com.android.internal.os.ZygoteInit.main(ZygoteInit.java:975)
