=== RuntimeLogStore Header ===
ts=2026-09-25T23:54:23.131Z
fileNameFormat=LEGACY
appId=com.negi.survey
versionName=0.0.1
versionCode=1
debug=true
device=samsung SM-S931U1
sdk=36
pid=25657
==============================
2026-09-25T23:54:23.131Z I/RuntimeLogStore [rtlog-io] start: actor launched (fileNameFormat=LEGACY)
2026-09-25T23:54:23.131Z D/SurveyApp [main] attachBaseContext: pid=25657 process=com.negi.survey isMain=true sdk=36
2026-09-25T23:54:23.131Z D/SurveyApp [main] bootTiming: attachBaseContext total=30ms
2026-09-25T23:54:23.131Z D/SurveyApp [main] Skipping WorkManager init in attachBaseContext; will init lazily on first enqueue.
2026-09-25T23:54:23.132Z D/SurveyApp [main] CrashCapture installed: where=SurveyApp:attachBaseContext
2026-09-25T23:54:23.139Z I/RuntimeLogStore [main] start repair: ctx/dir refreshed
2026-09-25T23:54:23.139Z D/SurveyApp [main] bootTiming: RuntimeLogStore.start took=0ms
2026-09-25T23:54:23.139Z D/SurveyApp [main] bootTiming: AppRingLogStore.install took=0ms
2026-09-25T23:54:23.139Z D/SurveyApp [main] onCreate: pid=25657 process=com.negi.survey isMain=true sdk=36
2026-09-25T23:54:23.142Z D/SurveyApp [main] CrashCapture installed: where=SurveyApp:onCreate(rewrap)
2026-09-25T23:54:23.142Z D/SurveyApp [main] CrashCapture self-healing registered.
2026-09-25T23:54:23.142Z W/SurveyApp [main] Startup enqueues deferred: delay=2500ms (to reduce init contention)
2026-09-25T23:54:23.142Z D/SurveyApp [main] bootTiming: onCreate total=4ms
2026-09-25T23:54:25.643Z W/SurveyApp [main] Deferred startup enqueues begin...
2026-09-25T23:54:25.643Z D/SurveyApp [main] WorkManager available. where=startupRtLogs(immediate) took=0ms
2026-09-25T23:54:25.645Z D/SurveyApp [main] Startup runtime logs target -> owner=ishizuki-tech repo=SurveyExports branch=main base='/diagnostics/runtime_logs'
2026-09-25T23:54:25.652Z D/SurveyApp [main] Startup runtime logs: enqueue requested (immediate).
2026-09-25T23:54:25.653Z D/SurveyApp [main] WorkManager available. where=startupRingLogs(immediate) took=0ms
2026-09-25T23:54:25.653Z D/SurveyApp [main] Startup ring logs target -> owner=ishizuki-tech repo=SurveyExports branch=main base='/diagnostics/applog_ring'
2026-09-25T23:54:25.654Z D/SurveyApp [main] Startup ring logs: enqueue requested (immediate).
2026-09-25T23:54:25.654Z D/SurveyApp [main] WorkManager available. where=enqueuePending(immediate) took=0ms
2026-09-25T23:54:25.654Z D/SurveyApp [main] CrashCapture pending uploads requested (immediate).
2026-09-25T23:54:25.654Z W/SurveyApp [main] Deferred startup enqueues done: took=11ms
2026-09-25T23:54:26.902Z I/RuntimeLogStore [DefaultDispatcher-worker-1] start repair: ctx/dir refreshed
