=== Previous Session Logcat ===
captured_time_utc=20261008_215018
captured_time_local=20261008_145018
marker=2026-10-08 14:46:03.553
preferred_prev_pid=-1
note=best-effort; buffers may be overwritten before next start
sdk=36
device=samsung SM-S931U1
appId=com.negi.survey
versionName=0.0.1
versionCode=121

=== Logcat (since marker) ===
--------- beginning of main
10-08 14:46:03.553 17708 17777 D CrashCapture: prevSessionLogcat: no marker yet; skipping.
10-08 14:46:03.554 17708 17777 D CrashCapture: Persisted logcat marker for next run: 2026-10-08 14:46:03.553
10-08 14:46:03.554 17708 17777 D CrashCapture: No crash artifacts found; skipping enqueue. where=SurveyApp:enqueuePending(immediate):bg
10-08 14:46:03.554 17708 17743 D WM-SystemJobScheduler: Scheduling work ID 5d533d26-6407-436d-afa9-6a1ac44dda07Job ID 0
10-08 14:46:03.557 17708 17743 D WM-GreedyScheduler: Starting tracking for 5d533d26-6407-436d-afa9-6a1ac44dda07
10-08 14:46:03.562 17708 17708 D WM-SystemJobService: onStartJob for WorkGenerationalId(workSpecId=5d533d26-6407-436d-afa9-6a1ac44dda07, generation=0)
10-08 14:46:03.563 17708 17743 D WM-SystemJobScheduler: Scheduling work ID 66aca30d-3997-4988-b180-2b2d8ecbba23Job ID 1
10-08 14:46:03.564 17708 17708 D WM-SystemJobService: onStartJob for WorkGenerationalId(workSpecId=66aca30d-3997-4988-b180-2b2d8ecbba23, generation=0)
10-08 14:46:03.564 17708 17743 D WM-GreedyScheduler: Starting tracking for 5d533d26-6407-436d-afa9-6a1ac44dda07,66aca30d-3997-4988-b180-2b2d8ecbba23
10-08 14:46:03.566 17708 17743 D WM-Processor: Processor: processing WorkGenerationalId(workSpecId=5d533d26-6407-436d-afa9-6a1ac44dda07, generation=0)
10-08 14:46:03.566 17708 17743 D WM-Processor: Processor: processing WorkGenerationalId(workSpecId=66aca30d-3997-4988-b180-2b2d8ecbba23, generation=0)
10-08 14:46:03.569 17708 17708 D WM-WorkerWrapper: Starting work for com.negi.survey.net.GitHubUploadWorker
10-08 14:46:03.570 17708 17708 D WM-WorkerWrapper: Starting work for com.negi.survey.net.GitHubUploadWorker
10-08 14:46:03.570 17708 17743 D WM-WorkConstraintsTrack: NetworkRequestConstraintController register shared callback
10-08 14:46:03.571 17708 17743 D ConnectivityManager: StackLog: [android.net.ConnectivityManager.sendRequestForNetwork(ConnectivityManager.java:4698)] [android.net.ConnectivityManager.sendRequestForNetwork(ConnectivityManager.java:4867)] [android.net.ConnectivityManager.registerDefaultNetworkCallbackForUid(ConnectivityManager.java:5427)] [android.net.ConnectivityManager.registerDefaultNetworkCallback(ConnectivityManager.java:5395)] [android.net.ConnectivityManager.registerDefaultNetworkCallback(ConnectivityManager.java:5369)] [androidx.work.impl.constraints.SharedNetworkCallback.addCallback(WorkConstraintsTracker.kt:362)] [androidx.work.impl.constraints.NetworkRequestConstraintController$track$1.invokeSuspend(WorkConstraintsTracker.kt:179)] [androidx.work.impl.constraints.NetworkRequestConstraintController$track$1.invoke(WorkConstraintsTracker.kt:8)] [androidx.work.impl.constraints.NetworkRequestConstraintController$track$1.invoke(WorkConstraintsTracker.kt:4)] [kotlinx.coroutines.flow.ChannelFlowBuilder.collectTo$suspendImpl(Builders.kt:316)] [kotlinx.coroutines.flow.ChannelFlowBuilder.collectTo(Builders.kt:0)] [kotlinx.coroutines.flow.CallbackFlowBuilder.collectTo(Builders.kt:330)] [kotlinx.coroutines.flow.internal.ChannelFlow$collectToFun$1.invokeSuspend(ChannelFlow.kt:56)] [kotlin.coroutines.jvm.internal.BaseContinuationImpl.resumeWith(ContinuationImpl.kt:34)] [kotlinx.coroutines.DispatchedTask.run(DispatchedTask.kt:100)] [androidx.work.impl.utils.SerialExecutorImpl$Task.run(SerialExecutorImpl.java:96)] [java.util.concurrent.ThreadPoolExecutor.runWorker(ThreadPoolExecutor.java:1100)] [java.util.concurrent.ThreadPoolExecutor$Worker.run(ThreadPoolExecutor.java:624)] [java.lang.Thread.run(Thread.java:1571)]
10-08 14:46:03.572 17708 17778 D WM-WorkConstraintsTrack: NetworkRequestConstraintController onCapabilitiesChanged callback
10-08 14:46:03.572 17708 17778 D WM-WorkConstraintsTrack: Not dispatching constraint state yet: isBlocked=null, capabilitiesInitialized=true
10-08 14:46:03.572 17708 17778 D WM-WorkConstraintsTrack: NetworkRequestConstraintController onBlockedStatusChanged callback false
10-08 14:46:03.573 17708 17743 D WM-PackageManagerHelper: androidx.work.impl.background.systemalarm.RescheduleReceiver enabled
10-08 14:46:03.573 17708 17743 I WM-Processor: Moving WorkSpec (5d533d26-6407-436d-afa9-6a1ac44dda07) to the foreground
10-08 14:46:03.576 17708 17708 I WM-SystemFgDispatcher: Started foreground service Intent { act=ACTION_START_FOREGROUND xflg=0x4 cmp=com.negi.survey/androidx.work.impl.foreground.SystemForegroundService (has extras) }
10-08 14:46:03.576 17708 17708 D WM-SystemFgDispatcher: Notifying with (id:9445, workSpecId: 5d533d26-6407-436d-afa9-6a1ac44dda07, notificationType :1)
10-08 14:46:03.576 17708 17743 I WM-Processor: Moving WorkSpec (66aca30d-3997-4988-b180-2b2d8ecbba23) to the foreground
10-08 14:46:03.577 17708 17708 D WM-SystemFgDispatcher: Notifying with (id:9445, workSpecId: 5d533d26-6407-436d-afa9-6a1ac44dda07, notificationType :1)
--------- beginning of system
10-08 14:46:03.577 17708 17708 I NotificationManager: com.negi.survey: notify(9445, null, Notification(channel=uploads shortcut=null contentView=null vibrate=null sound=null defaults=0 flags=ONGOING_EVENT|ONLY_ALERT_ONCE color=0x00000000 category=progress vis=PRIVATE semFlags=0x0 semPriority=0 semMissedCount=0 semScenarioType=0)) as user
10-08 14:46:03.578 17708 17708 D NotificationManager: BOOTING pkg =com.negi.survey mBlockedChannelsForOverflowNoti=[]
10-08 14:46:03.579 17708 17708 I WM-SystemFgDispatcher: Started foreground service Intent { act=ACTION_START_FOREGROUND xflg=0x4 cmp=com.negi.survey/androidx.work.impl.foreground.SystemForegroundService (has extras) }
10-08 14:46:03.579 17708 17708 D WM-SystemFgDispatcher: Notifying with (id:3820, workSpecId: 66aca30d-3997-4988-b180-2b2d8ecbba23, notificationType :1)
10-08 14:46:03.579 17708 17708 I NotificationManager: com.negi.survey: notify(3820, null, Notification(channel=uploads shortcut=null contentView=null vibrate=null sound=null defaults=0 flags=ONGOING_EVENT|ONLY_ALERT_ONCE color=0x00000000 category=progress vis=PRIVATE semFlags=0x0 semPriority=0 semMissedCount=0 semScenarioType=0)) as user
10-08 14:46:03.579 17708 17743 D WM-WorkProgressUpdater: Updating progress for 5d533d26-6407-436d-afa9-6a1ac44dda07 (Data {pct : 3, mode : startup_runtime_logs})
10-08 14:46:03.580 17708 17708 D WM-SystemFgDispatcher: Notifying with (id:3820, workSpecId: 66aca30d-3997-4988-b180-2b2d8ecbba23, notificationType :1)
10-08 14:46:03.580 17708 17708 I NotificationManager: com.negi.survey: notify(3820, null, Notification(channel=uploads shortcut=null contentView=null vibrate=null sound=null defaults=0 flags=ONGOING_EVENT|ONLY_ALERT_ONCE color=0x00000000 category=progress vis=PRIVATE semFlags=0x0 semPriority=0 semMissedCount=0 semScenarioType=0)) as user
10-08 14:46:03.580 17708 17743 I WM-Processor: Moving WorkSpec (5d533d26-6407-436d-afa9-6a1ac44dda07) to the foreground
10-08 14:46:03.581 17708 17708 D WM-SystemFgDispatcher: Notifying with (id:9445, workSpecId: 5d533d26-6407-436d-afa9-6a1ac44dda07, notificationType :1)
10-08 14:46:03.581 17708 17708 I NotificationManager: com.negi.survey: notify(9445, null, Notification(channel=uploads shortcut=null contentView=null vibrate=null sound=null defaults=0 flags=ONGOING_EVENT|ONLY_ALERT_ONCE color=0x00000000 category=progress vis=PRIVATE semFlags=0x0 semPriority=0 semMissedCount=0 semScenarioType=0)) as user
10-08 14:46:03.581 17708 17743 D WM-WorkProgressUpdater: Updating progress for 66aca30d-3997-4988-b180-2b2d8ecbba23 (Data {pct : 3, mode : startup_ring_logs})
10-08 14:46:03.582 17708 17743 I WM-Processor: Moving WorkSpec (66aca30d-3997-4988-b180-2b2d8ecbba23) to the foreground
10-08 14:46:03.582 17708 17708 D WM-SystemFgDispatcher: Notifying with (id:3820, workSpecId: 66aca30d-3997-4988-b180-2b2d8ecbba23, notificationType :1)
10-08 14:46:03.582 17708 17743 D WM-GreedyScheduler: Constraints met: Scheduling work ID WorkGenerationalId(workSpecId=5d533d26-6407-436d-afa9-6a1ac44dda07, generation=0)
10-08 14:46:03.582 17708 17708 I NotificationManager: com.negi.survey: notify(3820, null, Notification(channel=uploads shortcut=null contentView=null vibrate=null sound=null defaults=0 flags=ONGOING_EVENT|ONLY_ALERT_ONCE color=0x00000000 category=progress vis=PRIVATE semFlags=0x0 semPriority=0 semMissedCount=0 semScenarioType=0)) as user
10-08 14:46:03.582 17708 17743 D WM-GreedyScheduler: Constraints met: Scheduling work ID WorkGenerationalId(workSpecId=66aca30d-3997-4988-b180-2b2d8ecbba23, generation=0)
10-08 14:46:03.584 17708 17743 D WM-Processor: Work WorkGenerationalId(workSpecId=5d533d26-6407-436d-afa9-6a1ac44dda07, generation=0) is already enqueued for processing
10-08 14:46:03.584 17708 17743 D WM-Processor: Work WorkGenerationalId(workSpecId=66aca30d-3997-4988-b180-2b2d8ecbba23, generation=0) is already enqueued for processing
10-08 14:46:03.585 17708 17743 D WM-WorkConstraintsTrack: NetworkRequestConstraintController send initial capabilities
10-08 14:46:03.585 17708 17743 D WM-WorkConstraintsTrack: NetworkRequestConstraintController send initial capabilities
10-08 14:46:04.173 17708 17708 I View    : setRequestedFrameRate frameRate=-4.0, this=android.view.View{1eaabbd V.ED..... ........ 0,0-0,0}, caller=androidx.compose.ui.platform.Api35Impl.setRequestedFrameRate:4047 androidx.compose.ui.platform.AndroidComposeView.dispatchDraw:2282 android.view.View.draw:26758 android.view.View.updateDisplayListIfDirty:25577 android.view.ViewGroup.recreateChildDisplayList:4881 
10-08 14:46:04.291 17708 17786 D github_upload: doRingLogsUpload: remoteBaseDir=diagnostics/applog_ring/2026-10-08/applog_ring_startup_ring_20261008_214603_b4cd9038_app_start segs=1 bytes=416 source=/data/user/0/com.negi.survey/files/diagnostics/applog_ring snapshot=/data/user/0/com.negi.survey/cache/diagnostics_ring_upload/startup_ring_20261008_214603_b4cd9038
10-08 14:46:04.292 17708 17786 D GitHubUploader: uploadStream: owner=ishizuki-tech repo=SurveyExports branch=main path=diagnostics/applog_ring/2026-10-08/applog_ring_startup_ring_20261008_214603_b4cd9038_app_start/seg_00.log size=416 maxRawBytesHint=1000000 maxRequestBytesHint=2800000
10-08 14:46:04.293 17708 17744 D WM-WorkProgressUpdater: Updating progress for 66aca30d-3997-4988-b180-2b2d8ecbba23 (Data {pct : 10, mode : startup_ring_logs})
10-08 14:46:04.297 17708 17744 I WM-Processor: Moving WorkSpec (66aca30d-3997-4988-b180-2b2d8ecbba23) to the foreground
10-08 14:46:04.299 17708 17708 D WM-SystemFgDispatcher: Notifying with (id:3820, workSpecId: 66aca30d-3997-4988-b180-2b2d8ecbba23, notificationType :1)
10-08 14:46:04.300 17708 17708 I NotificationManager: com.negi.survey: notify(3820, null, Notification(channel=uploads shortcut=null contentView=null vibrate=null sound=null defaults=0 flags=ONGOING_EVENT|ONLY_ALERT_ONCE color=0x00000000 category=progress vis=PRIVATE semFlags=0x0 semPriority=0 semMissedCount=0 semScenarioType=0)) as user
10-08 14:46:04.583 17708 17743 D WM-WorkProgressUpdater: Updating progress for 66aca30d-3997-4988-b180-2b2d8ecbba23 (Data {pct : 19, mode : startup_ring_logs})
10-08 14:46:04.589 17708 17743 I WM-Processor: Moving WorkSpec (66aca30d-3997-4988-b180-2b2d8ecbba23) to the foreground
10-08 14:46:04.592 17708 17743 D WM-WorkProgressUpdater: Updating progress for 66aca30d-3997-4988-b180-2b2d8ecbba23 (Data {pct : 91, mode : startup_ring_logs})
10-08 14:46:04.593 17708 17708 D WM-SystemFgDispatcher: Notifying with (id:3820, workSpecId: 66aca30d-3997-4988-b180-2b2d8ecbba23, notificationType :1)
10-08 14:46:04.593 17708 17708 I NotificationManager: com.negi.survey: notify(3820, null, Notification(channel=uploads shortcut=null contentView=null vibrate=null sound=null defaults=0 flags=ONGOING_EVENT|ONLY_ALERT_ONCE color=0x00000000 category=progress vis=PRIVATE semFlags=0x0 semPriority=0 semMissedCount=0 semScenarioType=0)) as user
10-08 14:46:04.597 17708 17743 I WM-Processor: Moving WorkSpec (66aca30d-3997-4988-b180-2b2d8ecbba23) to the foreground
10-08 14:46:04.600 17708 17708 D WM-SystemFgDispatcher: Notifying with (id:3820, workSpecId: 66aca30d-3997-4988-b180-2b2d8ecbba23, notificationType :1)
10-08 14:46:04.600 17708 17708 I NotificationManager: com.negi.survey: notify(3820, null, Notification(channel=uploads shortcut=null contentView=null vibrate=null sound=null defaults=0 flags=ONGOING_EVENT|ONLY_ALERT_ONCE color=0x00000000 category=progress vis=PRIVATE semFlags=0x0 semPriority=0 semMissedCount=0 semScenarioType=0)) as user
10-08 14:46:04.785 17708 17721 D RuntimeLogStore: openWriter: rotate:plain_snapshot:app_start -> /data/user/0/com.negi.survey/files/diagnostics/runtime_logs/rtlog_20261008_214604_784_pid17708_seq2.log (bytes=0 format=LEGACY)
10-08 14:46:04.786 17708 17721 D RuntimeLogStore: retention: rotate:plain_snapshot:app_start files=2 kept=2 totalBytes=3496
10-08 14:46:04.796 17708 17785 D github_upload: doRuntimeLogsUpload: remoteBaseDir=diagnostics/runtime_logs/2026-10-08/runtime_logs_startup_runtime_20261008_214603_ba583af1_app_start toUpload=2 bytes=4156 dedupe=true deleteSource=true deletedSourcePre=0 preview='plain_logs_manifest_20261008_214604_788_pid17708_app_start.json|runtime_log_20261008_214604_788_pid17708_app_start__rtlog_20261008_214601_033_pid17708_seq1.log'
10-08 14:46:04.796 17708 17785 D GitHubUploader: uploadStream: owner=ishizuki-tech repo=SurveyExports branch=main path=diagnostics/runtime_logs/2026-10-08/runtime_logs_startup_runtime_20261008_214603_ba583af1_app_start/plain_logs_manifest_20261008_214604_788_pid17708_app_start.json size=986 maxRawBytesHint=1000000 maxRequestBytesHint=2800000
10-08 14:46:04.797 17708 17742 D WM-WorkProgressUpdater: Updating progress for 5d533d26-6407-436d-afa9-6a1ac44dda07 (Data {pct : 10, mode : startup_runtime_logs})
10-08 14:46:04.801 17708 17742 I WM-Processor: Moving WorkSpec (5d533d26-6407-436d-afa9-6a1ac44dda07) to the foreground
10-08 14:46:04.804 17708 17708 D WM-SystemFgDispatcher: Notifying with (id:9445, workSpecId: 5d533d26-6407-436d-afa9-6a1ac44dda07, notificationType :1)
10-08 14:46:04.804 17708 17708 I NotificationManager: com.negi.survey: notify(9445, null, Notification(channel=uploads shortcut=null contentView=null vibrate=null sound=null defaults=0 flags=ONGOING_EVENT|ONLY_ALERT_ONCE color=0x00000000 category=progress vis=PRIVATE semFlags=0x0 semPriority=0 semMissedCount=0 semScenarioType=0)) as user
10-08 14:46:04.893 17708 17708 I View    : setRequestedFrameRate frameRate=NaN, this=android.view.View{1eaabbd V.ED..... ........ 0,0-0,0}, caller=androidx.compose.ui.platform.Api35Impl.setRequestedFrameRate:4047 androidx.compose.ui.platform.AndroidComposeView.dispatchDraw:2282 android.view.View.draw:26758 android.view.View.updateDisplayListIfDirty:25577 android.view.ViewGroup.recreateChildDisplayList:4881 
10-08 14:46:05.196 17708 17742 D WM-WorkProgressUpdater: Updating progress for 5d533d26-6407-436d-afa9-6a1ac44dda07 (Data {pct : 14, mode : startup_runtime_logs})
10-08 14:46:05.201 17708 17742 I WM-Processor: Moving WorkSpec (5d533d26-6407-436d-afa9-6a1ac44dda07) to the foreground
10-08 14:46:05.204 17708 17742 D WM-WorkProgressUpdater: Updating progress for 5d533d26-6407-436d-afa9-6a1ac44dda07 (Data {pct : 46, mode : startup_runtime_logs})
10-08 14:46:05.204 17708 17708 D WM-SystemFgDispatcher: Notifying with (id:9445, workSpecId: 5d533d26-6407-436d-afa9-6a1ac44dda07, notificationType :1)
10-08 14:46:05.204 17708 17708 I NotificationManager: com.negi.survey: notify(9445, null, Notification(channel=uploads shortcut=null contentView=null vibrate=null sound=null defaults=0 flags=ONGOING_EVENT|ONLY_ALERT_ONCE color=0x00000000 category=progress vis=PRIVATE semFlags=0x0 semPriority=0 semMissedCount=0 semScenarioType=0)) as user
10-08 14:46:05.208 17708 17742 I WM-Processor: Moving WorkSpec (5d533d26-6407-436d-afa9-6a1ac44dda07) to the foreground
10-08 14:46:05.209 17708 17708 D WM-SystemFgDispatcher: Notifying with (id:9445, workSpecId: 5d533d26-6407-436d-afa9-6a1ac44dda07, notificationType :1)
10-08 14:46:05.210 17708 17708 I NotificationManager: com.negi.survey: notify(9445, null, Notification(channel=uploads shortcut=null contentView=null vibrate=null sound=null defaults=0 flags=ONGOING_EVENT|ONLY_ALERT_ONCE color=0x00000000 category=progress vis=PRIVATE semFlags=0x0 semPriority=0 semMissedCount=0 semScenarioType=0)) as user
10-08 14:46:05.694 17708 17742 D WM-WorkProgressUpdater: Updating progress for 66aca30d-3997-4988-b180-2b2d8ecbba23 (Data {pct : 95, mode : startup_ring_logs})
10-08 14:46:05.695 17708 17786 D GitHubUploader: uploadStream: done url=https://github.com/ishizuki-tech/SurveyExports/blob/main/diagnostics/applog_ring/2026-10-08/applog_ring_startup_ring_20261008_214603_b4cd9038_app_start/seg_00.log sha=f354ff1a50c30600cac36cc069aab131abba23b6
10-08 14:46:05.697 17708 17742 I WM-Processor: Moving WorkSpec (66aca30d-3997-4988-b180-2b2d8ecbba23) to the foreground
10-08 14:46:05.698 17708 17708 D WM-SystemFgDispatcher: Notifying with (id:3820, workSpecId: 66aca30d-3997-4988-b180-2b2d8ecbba23, notificationType :1)
10-08 14:46:05.698 17708 17708 I NotificationManager: com.negi.survey: notify(3820, null, Notification(channel=uploads shortcut=null contentView=null vibrate=null sound=null defaults=0 flags=ONGOING_EVENT|ONLY_ALERT_ONCE color=0x00000000 category=progress vis=PRIVATE semFlags=0x0 semPriority=0 semMissedCount=0 semScenarioType=0)) as user
10-08 14:46:05.699 17708 17742 I WM-Processor: Moving WorkSpec (66aca30d-3997-4988-b180-2b2d8ecbba23) to the foreground
10-08 14:46:05.700 17708 17742 I WM-WorkerWrapper: Worker result SUCCESS for Work [ id=66aca30d-3997-4988-b180-2b2d8ecbba23, tags={ com.negi.survey.net.GitHubUploadWorker,github_upload,github_upload:ring_logs } ]
10-08 14:46:05.701 17708 17708 D WM-SystemFgDispatcher: Notifying with (id:3820, workSpecId: 66aca30d-3997-4988-b180-2b2d8ecbba23, notificationType :1)
10-08 14:46:05.701 17708 17708 I NotificationManager: com.negi.survey: notify(3820, null, Notification(channel=uploads shortcut=null contentView=null vibrate=null sound=null defaults=0 flags=ONLY_ALERT_ONCE color=0x00000000 category=progress vis=PRIVATE semFlags=0x0 semPriority=0 semMissedCount=0 semScenarioType=0)) as user
10-08 14:46:05.703 17708 17708 D WM-Processor: Processor 66aca30d-3997-4988-b180-2b2d8ecbba23 executed; reschedule = false
10-08 14:46:05.703 17708 17708 D WM-GreedyScheduler: Stopping tracking for WorkGenerationalId(workSpecId=66aca30d-3997-4988-b180-2b2d8ecbba23, generation=0)
10-08 14:46:05.704 17708 17708 D WM-SystemJobService: 66aca30d-3997-4988-b180-2b2d8ecbba23 executed on JobScheduler
10-08 14:46:05.704 17708 17708 D WM-SystemFgDispatcher: Removing Notification (id: 3820, workSpecId: WorkGenerationalId(workSpecId=66aca30d-3997-4988-b180-2b2d8ecbba23, generation=0), notificationType: 1
10-08 14:46:05.705 17708 17739 D WM-GreedyScheduler: Cancelling work ID 66aca30d-3997-4988-b180-2b2d8ecbba23
10-08 14:46:05.705 17708 17708 D WM-SystemJobService: onStopJob for WorkGenerationalId(workSpecId=66aca30d-3997-4988-b180-2b2d8ecbba23, generation=0)
10-08 14:46:06.322 17708 17708 I VRI[MainActivity]@8ad27a4: call setFrameRateCategory for touch hint category=no preference, reason=boost timeout, vri=VRI[MainActivity]@8ad27a4
10-08 14:46:06.791 17708 17793 D ProfileInstaller: Installing profile for com.negi.survey
10-08 14:46:08.088 17708 17708 W JobService: onNetworkChanged() not implemented in androidx.work.impl.background.systemjob.SystemJobService. Must override in a subclass.
10-08 14:46:08.095 17708 17778 D WM-WorkConstraintsTrack: NetworkRequestConstraintController onCapabilitiesChanged callback
10-08 14:46:08.369 17708 17739 D WM-WorkProgressUpdater: Updating progress for 5d533d26-6407-436d-afa9-6a1ac44dda07 (Data {pct : 48, mode : startup_runtime_logs})
10-08 14:46:08.369 17708 17785 D GitHubUploader: uploadStream: done url=https://github.com/ishizuki-tech/SurveyExports/blob/main/diagnostics/runtime_logs/2026-10-08/runtime_logs_startup_runtime_20261008_214603_ba583af1_app_start/plain_logs_manifest_20261008_214604_788_pid17708_app_start.json sha=467c6a2f20a61006094c4e056265c110ef4da24f
10-08 14:46:08.372 17708 17739 I WM-Processor: Moving WorkSpec (5d533d26-6407-436d-afa9-6a1ac44dda07) to the foreground
10-08 14:46:08.373 17708 17785 D GitHubUploader: uploadStream: owner=ishizuki-tech repo=SurveyExports branch=main path=diagnostics/runtime_logs/2026-10-08/runtime_logs_startup_runtime_20261008_214603_ba583af1_app_start/runtime_log_20261008_214604_788_pid17708_app_start__rtlog_20261008_214601_033_pid17708_seq1.log size=3170 maxRawBytesHint=1000000 maxRequestBytesHint=2800000
10-08 14:46:08.374 17708 17708 D WM-SystemFgDispatcher: Notifying with (id:9445, workSpecId: 5d533d26-6407-436d-afa9-6a1ac44dda07, notificationType :1)
10-08 14:46:08.374 17708 17708 I NotificationManager: com.negi.survey: notify(9445, null, Notification(channel=uploads shortcut=null contentView=null vibrate=null sound=null defaults=0 flags=ONGOING_EVENT|ONLY_ALERT_ONCE color=0x00000000 category=progress vis=PRIVATE semFlags=0x0 semPriority=0 semMissedCount=0 semScenarioType=0)) as user
10-08 14:46:08.376 17708 17739 D WM-WorkProgressUpdater: Updating progress for 5d533d26-6407-436d-afa9-6a1ac44dda07 (Data {pct : 50, mode : startup_runtime_logs})
10-08 14:46:08.378 17708 17739 I WM-Processor: Moving WorkSpec (5d533d26-6407-436d-afa9-6a1ac44dda07) to the foreground
10-08 14:46:08.379 17708 17708 D WM-SystemFgDispatcher: Notifying with (id:9445, workSpecId: 5d533d26-6407-436d-afa9-6a1ac44dda07, notificationType :1)
10-08 14:46:08.379 17708 17708 I NotificationManager: com.negi.survey: notify(9445, null, Notification(channel=uploads shortcut=null contentView=null vibrate=null sound=null defaults=0 flags=ONGOING_EVENT|ONLY_ALERT_ONCE color=0x00000000 category=progress vis=PRIVATE semFlags=0x0 semPriority=0 semMissedCount=0 semScenarioType=0)) as user
10-08 14:46:08.711 17708 17743 D WM-WorkProgressUpdater: Updating progress for 5d533d26-6407-436d-afa9-6a1ac44dda07 (Data {pct : 54, mode : startup_runtime_logs})
10-08 14:46:08.715 17708 17743 I WM-Processor: Moving WorkSpec (5d533d26-6407-436d-afa9-6a1ac44dda07) to the foreground
10-08 14:46:08.717 17708 17743 D WM-WorkProgressUpdater: Updating progress for 5d533d26-6407-436d-afa9-6a1ac44dda07 (Data {pct : 86, mode : startup_runtime_logs})
10-08 14:46:08.717 17708 17708 D WM-SystemFgDispatcher: Notifying with (id:9445, workSpecId: 5d533d26-6407-436d-afa9-6a1ac44dda07, notificationType :1)
10-08 14:46:08.717 17708 17708 I NotificationManager: com.negi.survey: notify(9445, null, Notification(channel=uploads shortcut=null contentView=null vibrate=null sound=null defaults=0 flags=ONGOING_EVENT|ONLY_ALERT_ONCE color=0x00000000 category=progress vis=PRIVATE semFlags=0x0 semPriority=0 semMissedCount=0 semScenarioType=0)) as user
10-08 14:46:08.718 17708 17743 I WM-Processor: Moving WorkSpec (5d533d26-6407-436d-afa9-6a1ac44dda07) to the foreground
10-08 14:46:08.719 17708 17708 D WM-SystemFgDispatcher: Notifying with (id:9445, workSpecId: 5d533d26-6407-436d-afa9-6a1ac44dda07, notificationType :1)
10-08 14:46:08.719 17708 17708 I NotificationManager: com.negi.survey: notify(9445, null, Notification(channel=uploads shortcut=null contentView=null vibrate=null sound=null defaults=0 flags=ONGOING_EVENT|ONLY_ALERT_ONCE color=0x00000000 category=progress vis=PRIVATE semFlags=0x0 semPriority=0 semMissedCount=0 semScenarioType=0)) as user
10-08 14:46:09.805 17708 17743 D WM-WorkProgressUpdater: Updating progress for 5d533d26-6407-436d-afa9-6a1ac44dda07 (Data {pct : 88, mode : startup_runtime_logs})
10-08 14:46:09.806 17708 17785 D GitHubUploader: uploadStream: done url=https://github.com/ishizuki-tech/SurveyExports/blob/main/diagnostics/runtime_logs/2026-10-08/runtime_logs_startup_runtime_20261008_214603_ba583af1_app_start/runtime_log_20261008_214604_788_pid17708_app_start__rtlog_20261008_214601_033_pid17708_seq1.log sha=94dce64b1e73bf1e6f240aaacee816ef1d65c947
10-08 14:46:09.810 17708 17743 I WM-Processor: Moving WorkSpec (5d533d26-6407-436d-afa9-6a1ac44dda07) to the foreground
10-08 14:46:09.812 17708 17785 D RuntimeLogStore: deleteRolledLogFiles: deleted=1 excludeActive=true active=rtlog_20261008_214604_784_pid17708_seq2.log
10-08 14:46:09.814 17708 17708 D WM-SystemFgDispatcher: Notifying with (id:9445, workSpecId: 5d533d26-6407-436d-afa9-6a1ac44dda07, notificationType :1)
10-08 14:46:09.814 17708 17708 I NotificationManager: com.negi.survey: notify(9445, null, Notification(channel=uploads shortcut=null contentView=null vibrate=null sound=null defaults=0 flags=ONGOING_EVENT|ONLY_ALERT_ONCE color=0x00000000 category=progress vis=PRIVATE semFlags=0x0 semPriority=0 semMissedCount=0 semScenarioType=0)) as user
10-08 14:46:10.206 17708 17785 D GitHubUploader: uploadStream: owner=ishizuki-tech repo=SurveyExports branch=main path=diagnostics/runtime_logs/2026-10-08/runtime_logs_startup_runtime_20261008_214603_ba583af1_app_start/logcat_startup_runtime_20261008_214603_ba583af1.log.gz size=9437 maxRawBytesHint=1000000 maxRequestBytesHint=2800000
10-08 14:46:10.207 17708 17743 D WM-WorkProgressUpdater: Updating progress for 5d533d26-6407-436d-afa9-6a1ac44dda07 (Data {pct : 90, mode : startup_runtime_logs})
10-08 14:46:10.211 17708 17743 I WM-Processor: Moving WorkSpec (5d533d26-6407-436d-afa9-6a1ac44dda07) to the foreground
10-08 14:46:10.214 17708 17708 D WM-SystemFgDispatcher: Notifying with (id:9445, workSpecId: 5d533d26-6407-436d-afa9-6a1ac44dda07, notificationType :1)
10-08 14:46:10.214 17708 17708 I NotificationManager: com.negi.survey: notify(9445, null, Notification(channel=uploads shortcut=null contentView=null vibrate=null sound=null defaults=0 flags=ONGOING_EVENT|ONLY_ALERT_ONCE color=0x00000000 category=progress vis=PRIVATE semFlags=0x0 semPriority=0 semMissedCount=0 semScenarioType=0)) as user
10-08 14:46:10.583 17708 17743 D WM-WorkProgressUpdater: Updating progress for 5d533d26-6407-436d-afa9-6a1ac44dda07 (Data {pct : 91, mode : startup_runtime_logs})
10-08 14:46:10.593 17708 17743 I WM-Processor: Moving WorkSpec (5d533d26-6407-436d-afa9-6a1ac44dda07) to the foreground
10-08 14:46:10.595 17708 17743 D WM-WorkProgressUpdater: Updating progress for 5d533d26-6407-436d-afa9-6a1ac44dda07 (Data {pct : 97, mode : startup_runtime_logs})
10-08 14:46:10.596 17708 17708 D WM-SystemFgDispatcher: Notifying with (id:9445, workSpecId: 5d533d26-6407-436d-afa9-6a1ac44dda07, notificationType :1)
10-08 14:46:10.596 17708 17708 I NotificationManager: com.negi.survey: notify(9445, null, Notification(channel=uploads shortcut=null contentView=null vibrate=null sound=null defaults=0 flags=ONGOING_EVENT|ONLY_ALERT_ONCE color=0x00000000 category=progress vis=PRIVATE semFlags=0x0 semPriority=0 semMissedCount=0 semScenarioType=0)) as user
10-08 14:46:10.601 17708 17743 I WM-Processor: Moving WorkSpec (5d533d26-6407-436d-afa9-6a1ac44dda07) to the foreground
10-08 14:46:10.602 17708 17743 D WM-WorkProgressUpdater: Updating progress for 5d533d26-6407-436d-afa9-6a1ac44dda07 (Data {pct : 99, mode : startup_runtime_logs})
10-08 14:46:10.603 17708 17708 D WM-SystemFgDispatcher: Notifying with (id:9445, workSpecId: 5d533d26-6407-436d-afa9-6a1ac44dda07, notificationType :1)
10-08 14:46:10.603 17708 17708 I NotificationManager: com.negi.survey: notify(9445, null, Notification(channel=uploads shortcut=null contentView=null vibrate=null sound=null defaults=0 flags=ONGOING_EVENT|ONLY_ALERT_ONCE color=0x00000000 category=progress vis=PRIVATE semFlags=0x0 semPriority=0 semMissedCount=0 semScenarioType=0)) as user
10-08 14:46:10.605 17708 17743 I WM-Processor: Moving WorkSpec (5d533d26-6407-436d-afa9-6a1ac44dda07) to the foreground
10-08 14:46:10.605 17708 17708 D WM-SystemFgDispatcher: Notifying with (id:9445, workSpecId: 5d533d26-6407-436d-afa9-6a1ac44dda07, notificationType :1)
10-08 14:46:10.605 17708 17708 I NotificationManager: com.negi.survey: notify(9445, null, Notification(channel=uploads shortcut=null contentView=null vibrate=null sound=null defaults=0 flags=ONGOING_EVENT|ONLY_ALERT_ONCE color=0x00000000 category=progress vis=PRIVATE semFlags=0x0 semPriority=0 semMissedCount=0 semScenarioType=0)) as user
10-08 14:46:11.600 17708 17785 D GitHubUploader: uploadStream: done url=https://github.com/ishizuki-tech/SurveyExports/blob/main/diagnostics/runtime_logs/2026-10-08/runtime_logs_startup_runtime_20261008_214603_ba583af1_app_start/logcat_startup_runtime_20261008_214603_ba583af1.log.gz sha=c95d3fc0746c2a479916aad69c019c2f0b0cbdd8
10-08 14:46:11.602 17708 17744 I WM-Processor: Moving WorkSpec (5d533d26-6407-436d-afa9-6a1ac44dda07) to the foreground
10-08 14:46:11.604 17708 17708 D WM-SystemFgDispatcher: Notifying with (id:9445, workSpecId: 5d533d26-6407-436d-afa9-6a1ac44dda07, notificationType :1)
10-08 14:46:11.604 17708 17708 I NotificationManager: com.negi.survey: notify(9445, null, Notification(channel=uploads shortcut=null contentView=null vibrate=null sound=null defaults=0 flags=ONLY_ALERT_ONCE color=0x00000000 category=progress vis=PRIVATE semFlags=0x0 semPriority=0 semMissedCount=0 semScenarioType=0)) as user
10-08 14:46:11.604 17708 17744 I WM-WorkerWrapper: Worker result SUCCESS for Work [ id=5d533d26-6407-436d-afa9-6a1ac44dda07, tags={ com.negi.survey.net.GitHubUploadWorker,github_upload,github_upload:startup_runtime_logs } ]
10-08 14:46:11.610 17708 17708 D WM-Processor: Processor 5d533d26-6407-436d-afa9-6a1ac44dda07 executed; reschedule = false
10-08 14:46:11.610 17708 17708 D WM-GreedyScheduler: Stopping tracking for WorkGenerationalId(workSpecId=5d533d26-6407-436d-afa9-6a1ac44dda07, generation=0)
10-08 14:46:11.610 17708 17708 D WM-SystemJobService: 5d533d26-6407-436d-afa9-6a1ac44dda07 executed on JobScheduler
10-08 14:46:11.610 17708 17708 D WM-SystemFgDispatcher: Removing Notification (id: 9445, workSpecId: WorkGenerationalId(workSpecId=5d533d26-6407-436d-afa9-6a1ac44dda07, generation=0), notificationType: 1
10-08 14:46:11.610 17708 17708 I WM-SystemFgDispatcher: Stopping foreground service
10-08 14:46:11.610 17708 17708 D WM-SystemFgService: Shutting down.
10-08 14:46:11.611 17708 17744 D WM-GreedyScheduler: Cancelling work ID 5d533d26-6407-436d-afa9-6a1ac44dda07
10-08 14:46:11.612 17708 17708 D WM-SystemJobService: onStopJob for WorkGenerationalId(workSpecId=5d533d26-6407-436d-afa9-6a1ac44dda07, generation=0)
10-08 14:46:11.615 17708 17744 D WM-PackageManagerHelper: androidx.work.impl.background.systemalarm.RescheduleReceiver disabled
10-08 14:46:11.615 17708 17744 D WM-WorkConstraintsTrack: NetworkRequestConstraintController unregister shared callback
10-08 14:46:11.616 17708 17744 D ConnectivityManager: StackLog: [android.net.ConnectivityManager.unregisterNetworkCallback(ConnectivityManager.java:5535)] [androidx.work.impl.constraints.SharedNetworkCallback.addCallback$lambda$9(WorkConstraintsTracker.kt:385)] [androidx.work.impl.constraints.SharedNetworkCallback$$ExternalSyntheticLambda0.invoke(D8$$SyntheticClass:0)] [androidx.work.impl.constraints.NetworkRequestConstraintController$track$1.invokeSuspend$lambda$1(WorkConstraintsTracker.kt:191)] [androidx.work.impl.constraints.NetworkRequestConstraintController$track$1$$ExternalSyntheticLambda1.invoke(D8$$SyntheticClass:0)] [kotlinx.coroutines.channels.ProduceKt.awaitClose(Produce.kt:69)] [kotlinx.coroutines.channels.ProduceKt$awaitClose$1.invokeSuspend(Produce.kt:12)] [kotlin.coroutines.jvm.internal.BaseContinuationImpl.resumeWith(ContinuationImpl.kt:34)] [kotlinx.coroutines.DispatchedTask.run(DispatchedTask.kt:98)] [androidx.work.impl.utils.SerialExecutorImpl$Task.run(SerialExecutorImpl.java:96)] [java.util.concurrent.ThreadPoolExecutor.runWorker(ThreadPoolExecutor.java:1100)] [java.util.concurrent.ThreadPoolExecutor$Worker.run(ThreadPoolExecutor.java:624)] [java.lang.Thread.run(Thread.java:1571)]
10-08 14:48:06.647 17708 17708 I View    : setRequestedFrameRate frameRate=-4.0, this=android.view.View{1eaabbd V.ED..... ........ 0,0-0,0}, caller=androidx.compose.ui.platform.Api35Impl.setRequestedFrameRate:4047 androidx.compose.ui.platform.AndroidComposeView.dispatchDraw:2282 android.view.View.draw:26758 android.view.View.updateDisplayListIfDirty:25577 android.view.ViewGroup.recreateChildDisplayList:4881 
10-08 14:48:10.618 17708 17748 I HeavyInitializer: phase=download-complete file=gemma-3n-E4B-it-int4.litertlm bytes=4919541760 downloadMs=127229 totalMs=127229
10-08 14:48:21.961 17708 17748 I PersistentModelStore: persistFromPrivate: persisted gemma-3n-E4B-it-int4.litertlm (4919541760 bytes)
10-08 14:48:21.978 17708 17748 D LiteRtLM: LiteRT-LM native benchmark policy: enabled=false emulator=false
10-08 14:48:21.985 17708 17708 I View    : setRequestedFrameRate frameRate=NaN, this=android.view.View{1eaabbd V.ED..... ........ 0,0-0,0}, caller=androidx.compose.ui.platform.Api35Impl.setRequestedFrameRate:4047 androidx.compose.ui.platform.AndroidComposeView.dispatchDraw:2282 android.view.View.draw:26758 android.view.View.updateDisplayListIfDirty:25577 android.view.ViewGroup.recreateChildDisplayList:4881 
10-08 14:48:22.006 17708 17748 I litert  : [environment.cc:36] Creating LiteRT environment with options
10-08 14:48:22.006 17708 17748 W litert  : [npu_registry.cc:34] NPU accelerator could not be loaded and registered: kLiteRtStatusErrorInvalidArgument.
10-08 14:48:22.006 17708 17748 I litert  : [accelerator_registry.cc:54] RegisterAccelerator: ptr=0xb40000770f45a850, name=LiteRT GPU
10-08 14:48:22.006 17708 17748 I litert  : [gpu_registry.cc:87] Statically linked GPU accelerator registered.
10-08 14:48:22.006 17708 17748 I litert  : [accelerator_registry.cc:54] RegisterAccelerator: ptr=0xb40000770f430a90, name=CpuAccelerator
10-08 14:48:22.006 17708 17748 I litert  : [cpu_registry.cc:75] XNNPACK CPU accelerator registered.
10-08 14:48:22.321 17708 17748 I litert  : [environment.cc:36] Creating LiteRT environment with options
10-08 14:48:22.321 17708 17748 W litert  : [npu_registry.cc:34] NPU accelerator could not be loaded and registered: kLiteRtStatusErrorInvalidArgument.
10-08 14:48:22.321 17708 17748 I litert  : [accelerator_registry.cc:54] RegisterAccelerator: ptr=0xb40000770f44c270, name=LiteRT GPU
10-08 14:48:22.321 17708 17748 I litert  : [gpu_registry.cc:87] Statically linked GPU accelerator registered.
10-08 14:48:22.321 17708 17748 I litert  : [accelerator_registry.cc:54] RegisterAccelerator: ptr=0xb40000770f449510, name=CpuAccelerator
10-08 14:48:22.321 17708 17748 I litert  : [cpu_registry.cc:75] XNNPACK CPU accelerator registered.
10-08 14:48:22.321 17708 17748 W native  : W0000 00:00:1791496102.321725   17748 litert_lm_loader.cc:291] Section not found: 	
10-08 14:48:22.321 17708 17748 W native  : W0000 00:00:1791496102.321787   17748 litert_lm_loader.cc:291] Section not found: 	
10-08 14:48:22.321 17708 17748 I litert  : [compiled_model.cc:833] Flatbuffer model initialized directly from incoming litert model.
10-08 14:48:22.322 17708 17748 I tflite  : Initialized TensorFlow Lite runtime.
10-08 14:48:22.345 17708 17748 W libc    : Access denied finding property "ro.mediatek.platform"
10-08 14:48:22.417 17708 17748 E Adreno-AppProfiles: QSPM AIDL service doesn't exist
10-08 14:48:22.418 17708 17748 I native  : I0000 00:00:1791496102.418528   17748 delegate_opencl.cc:603] options->hint_waiting_for_completion: false
10-08 14:48:22.418 17708 17748 I native  : I0000 00:00:1791496102.418610   17748 delegate_opencl.cc:605] options->kernel_batch_size: -1
10-08 14:48:22.421 17708 17748 I AdrenoGLES-0: QUALCOMM build                   : f61dec9117, I68b0a64d7e
10-08 14:48:22.421 17708 17748 I AdrenoGLES-0: Build Date                       : 03/26/26
10-08 14:48:22.421 17708 17748 I AdrenoGLES-0: OpenGL ES Shader Compiler Version: E031.47.18.50
10-08 14:48:22.421 17708 17748 I AdrenoGLES-0: Local Branch                     : 
10-08 14:48:22.421 17708 17748 I AdrenoGLES-0: Remote Branch                    : refs/tags/AU_LINUX_ANDROID_LA.VENDOR.15.4.0.11.00.00.1088.862
10-08 14:48:22.421 17708 17748 I AdrenoGLES-0: Remote Branch                    : NONE
10-08 14:48:22.421 17708 17748 I AdrenoGLES-0: Reconstruct Branch               : NOTHING
10-08 14:48:22.421 17708 17748 I AdrenoGLES-0: Build Config                     : S P 18.0.0 AArch64
10-08 14:48:22.421 17708 17748 I AdrenoGLES-0: Driver Path                      : /vendor/lib64/egl/libGLESv2_adreno.so
10-08 14:48:22.421 17708 17748 I AdrenoGLES-0: Driver Version                   : 0800.64.7
10-08 14:48:22.421 17708 17748 I AdrenoGLES-0: Process Name                     : com.negi.survey
10-08 14:48:22.425 17708 17748 I AdrenoGLES-0: PFP: 0x01500077, ME: 0x01500014
10-08 14:48:22.427 17708 17748 E Adreno-AppProfiles: QSPM AIDL service doesn't exist
10-08 14:48:22.429 17708 17748 E libEGL  : call to OpenGL ES API with no current context (logged once per thread)
10-08 14:48:22.436 17708 17748 I litert  : [environment.cc:47] Adding options to the existing LiteRT environment
10-08 14:48:22.436 17708 17748 I tflite  : Loaded OpenCL library with dlopen.
10-08 14:48:22.436 17708 17748 I litert  : [gpu_environment.cc:220] Created OpenCL device from provided device id and platform id.
10-08 14:48:22.436 17708 17748 I litert  : [gpu_environment.cc:283] Reusing provided EGL environment.
10-08 14:48:22.436 17708 17748 I litert  : [gpu_environment.h:155] Created LiteRT GpuEnvironment.
10-08 14:48:22.436 17708 17748 I litert  : [environment.cc:47] Adding options to the existing LiteRT environment
10-08 14:48:22.448 17708 17748 I tflite  : Replacing 3326 out of 3326 node(s) with delegate (LITERT_CL) node, yielding 1 partitions for subgraph 0 (decode).
10-08 14:48:22.836 17708 17724 I AdrenoVK-0: Shader compilation failed for shaderType: 0
10-08 14:48:22.836 17708 17724 I AdrenoVK-0: Pipeline create failed
10-08 14:48:29.929 17708 17751 I HWUI    : Davey! duration=2954ms; Flags=0, FrameTimelineVsyncId=3075403, IntendedVsync=174968427469974, Vsync=174968427469974, InputEventId=0, HandleInputStart=174968427725284, AnimationStart=174968427725492, PerformTraversalsStart=174968427955440, DrawStart=174968427967992, FrameDeadline=174968444165218, FrameStartTime=174968427723305, FrameInterval=8330356, WorkloadTarget=8333333, SyncQueued=174968428149555, SyncStart=174968428166847, IssueDrawCommandsStart=174968428180492, SwapBuffers=174968428395128, FrameCompleted=174971381645700, DequeueBufferDuration=2812, QueueBufferDuration=47604, GpuCompleted=174971381645700, SwapBuffersCompleted=174968428461847, DisplayPresentTime=174967452856482, CommandSubmissionCompleted=174968428395128, 
10-08 14:48:29.929 17708 17751 W libbinder.Binder: Binder transaction to android.gui.ITransactionComposerListener code 1 took 2937ms. Data bytes: 500 Reply bytes: 0 Flags: 17
10-08 14:48:29.929 17708 17708 I Choreographer: Skipped 351 frames!  The application may be doing too much work on its main thread.
10-08 14:48:29.932 17708 17748 I native  : I0000 00:00:1791496109.932814   17748 delegate_kernel.cc:330] Total 81 external tensors are used for delegate inputs and outputs
10-08 14:48:29.932 17708 17748 I native  : I0000 00:00:1791496109.932896   17748 delegate_kernel.cc:906] Initializing OpenCL-based API from serialized data.
10-08 14:48:31.158 17708 17748 I tflite  : Replacing 2145 out of 2145 node(s) with delegate (LITERT_CL) node, yielding 1 partitions for subgraph 1 (prefill_16).
10-08 14:48:31.179 17708 17748 I native  : I0000 00:00:1791496111.179748   17748 delegate_kernel.cc:330] Total 80 external tensors are used for delegate inputs and outputs
10-08 14:48:31.179 17708 17748 I native  : I0000 00:00:1791496111.179793   17748 delegate_kernel.cc:906] Initializing OpenCL-based API from serialized data.
10-08 14:48:32.685 17708 17748 I tflite  : Replacing 2145 out of 2145 node(s) with delegate (LITERT_CL) node, yielding 1 partitions for subgraph 2 (prefill_256).
10-08 14:48:32.706 17708 17748 I native  : I0000 00:00:1791496112.706222   17748 delegate_kernel.cc:330] Total 80 external tensors are used for delegate inputs and outputs
10-08 14:48:32.706 17708 17748 I native  : I0000 00:00:1791496112.706273   17748 delegate_kernel.cc:906] Initializing OpenCL-based API from serialized data.
10-08 14:48:33.700 17708 17748 I litert  : [environment.cc:36] Creating LiteRT environment with options
10-08 14:48:33.700 17708 17748 W litert  : [npu_registry.cc:34] NPU accelerator could not be loaded and registered: kLiteRtStatusErrorInvalidArgument.
10-08 14:48:33.700 17708 17748 I litert  : [accelerator_registry.cc:54] RegisterAccelerator: ptr=0xb40000770f45be70, name=LiteRT GPU
10-08 14:48:33.700 17708 17748 I litert  : [gpu_registry.cc:87] Statically linked GPU accelerator registered.
10-08 14:48:33.700 17708 17748 I litert  : [accelerator_registry.cc:54] RegisterAccelerator: ptr=0xb40000770f45cdd0, name=CpuAccelerator
10-08 14:48:33.700 17708 17748 I litert  : [cpu_registry.cc:75] XNNPACK CPU accelerator registered.
10-08 14:48:33.959 17708 17748 W native  : W0000 00:00:1791496113.959023   17748 litert_lm_loader.cc:291] Section not found: 
10-08 14:48:33.959 17708 17748 W native  : W0000 00:00:1791496113.959071   17748 litert_lm_loader.h:129] TFLite model for type: TF_LITE_END_OF_VISION not found. Skipping.
10-08 14:48:33.960 17708 17748 I litert  : [compiled_model.cc:833] Flatbuffer model initialized directly from incoming litert model.
10-08 14:48:33.963 17708 17748 W litert  : [compiled_model.cc:986] You should provide the `DispatchLibraryDir` option to use NPU.
10-08 14:48:33.963 17708 17748 I tflite  : Created TensorFlow Lite XNNPACK delegate for CPU.
10-08 14:48:33.963 17708 17748 I tflite  : Replacing 2 out of 10 node(s) with delegate (TfLiteXNNPackDelegate) node, yielding 2 partitions for subgraph 0 (main).
10-08 14:48:33.966 17708 17748 I litert  : [compiled_model.cc:833] Flatbuffer model initialized directly from incoming litert model.
10-08 14:48:33.966 17708 17748 W litert  : [compiled_model.cc:986] You should provide the `DispatchLibraryDir` option to use NPU.
10-08 14:48:33.966 17708 17748 I litert  : [compiled_model.cc:1790] Tracked constant output tensor eoa_embedding with locked address
10-08 14:48:33.988 17708 17748 I litert  : [compiled_model.cc:833] Flatbuffer model initialized directly from incoming litert model.
10-08 14:48:34.083 17708 17748 W litert  : [compiled_model.cc:986] You should provide the `DispatchLibraryDir` option to use NPU.
10-08 14:48:34.084 17708 17748 I tflite  : Replacing 1 out of 44 node(s) with delegate (TfLiteXNNPackDelegate) node, yielding 2 partitions for subgraph 0 (main).
10-08 14:48:34.089 17708 17748 W LiteRtLM: Engine.initialize completed: key='fs|dev=65096|ino=150595|size=4919541760|mtime=1791496090477' backend=com.google.ai.edge.litertlm.Backend$GPU@65e11de took=12107ms cacheFilesAfter=2
10-08 14:48:34.152 17708 17708 I View    : setRequestedFrameRate frameRate=-4.0, this=android.view.View{1eaabbd V.ED..... ........ 0,0-0,0}, caller=androidx.compose.ui.platform.Api35Impl.setRequestedFrameRate:4047 androidx.compose.ui.platform.AndroidComposeView.dispatchDraw:2282 android.view.View.draw:26758 android.view.View.updateDisplayListIfDirty:25577 android.view.View.draw:26477 
10-08 14:48:34.153 17708 17708 D MainActivity: SLM Engine warm-up started. session=survey_config_sw_10.yaml@1 model=Gemma3n4B
10-08 14:48:34.154 17708 17708 D MainActivity: SLM Engine warm-up finished. session=survey_config_sw_10.yaml@1 model=Gemma3n4B elapsedMs=1
10-08 14:48:36.197 17708 17708 I VRI[MainActivity]@8ad27a4: ViewPostIme pointer 0
10-08 14:48:36.199 17708 17708 I VRI[MainActivity]@8ad27a4: call setFrameRateCategory for touch hint category=high hint, reason=touch, vri=VRI[MainActivity]@8ad27a4
10-08 14:48:36.207 17708 17708 I View    : setRequestedFrameRate frameRate=NaN, this=android.view.View{1eaabbd V.ED..... ........ 0,0-0,0}, caller=androidx.compose.ui.platform.Api35Impl.setRequestedFrameRate:4047 androidx.compose.ui.platform.AndroidComposeView.dispatchDraw:2282 android.view.View.draw:26758 android.view.View.updateDisplayListIfDirty:25577 android.view.ViewGroup.recreateChildDisplayList:4881 
10-08 14:48:36.219 17708 17724 I AdrenoVK-0: Shader compilation failed for shaderType: 4
10-08 14:48:36.219 17708 17724 I AdrenoVK-0: Pipeline create failed
10-08 14:48:36.239 17708 17708 I VRI[MainActivity]@8ad27a4: ViewPostIme pointer 1
10-08 14:48:36.373 17708 17708 I ImeFocusController: onPreWindowFocus: skipped hasWindowFocus=false mHasImeFocus=true
10-08 14:48:36.373 17708 17708 I ImeFocusController: onPostWindowFocus: skipped hasWindowFocus=false mHasImeFocus=true
10-08 14:48:36.512 17708 17708 D InputTransport: Input channel destroyed: 'ClientS', fd=148
10-08 14:48:37.560 17708 17708 D CrashCapture: install: ensured default handler. where=selfHeal:onActivityResumed pid=17708 default=com.negi.survey.CrashCapture$CrashHandler@cfa2f23
10-08 14:48:37.564 17708 17708 I TextToSpeech: Create TextToSpeech : caller process id[17708] / name[com.negi.survey] / target[null]
10-08 14:48:37.631 17708 17708 I TextToSpeech: com.negi.survey is not allowed to bind to private engine.
10-08 14:48:37.631 17708 17708 I TextToSpeech: getHighestRankedPublicEngineName = com.google.android.tts
10-08 14:48:37.632 17708 17708 I TextToSpeech: Sucessfully bound to com.google.android.tts
10-08 14:48:37.667 17708 17708 I View    : setRequestedFrameRate frameRate=-4.0, this=android.view.View{1eaabbd V.ED..... ........ 0,0-0,0}, caller=androidx.compose.ui.platform.Api35Impl.setRequestedFrameRate:4047 androidx.compose.ui.platform.AndroidComposeView.dispatchDraw:2282 android.view.View.draw:26758 android.view.View.updateDisplayListIfDirty:25577 android.view.View.draw:26477 
10-08 14:48:37.668 17708 17708 I InsetsSourceConsumer: applyRequestedVisibilityToControl: visible=true, type=statusBars, host=com.negi.survey/com.negi.survey.MainActivity
10-08 14:48:37.668 17708 17708 I InsetsSourceConsumer: applyRequestedVisibilityToControl: visible=true, type=navigationBars, host=com.negi.survey/com.negi.survey.MainActivity
10-08 14:48:37.668 17708 17708 D WhisperSpeechController: updateContext: surveyId=0544289e-a402-49c4-a6ee-2e022b32d8ff, questionId=Start
10-08 14:48:37.669 17708 17724 I AdrenoVK-0: Shader compilation failed for shaderType: 4
10-08 14:48:37.669 17708 17724 I AdrenoVK-0: Pipeline create failed
10-08 14:48:37.669 17708 17708 I View    : setRequestedFrameRate frameRate=NaN, this=android.view.View{1eaabbd V.ED..... ........ 0,0-0,0}, caller=androidx.compose.ui.platform.Api35Impl.setRequestedFrameRate:4047 androidx.compose.ui.platform.AndroidComposeView.dispatchDraw:2282 android.view.View.draw:26758 android.view.View.updateDisplayListIfDirty:25577 android.view.ViewGroup.recreateChildDisplayList:4881 
10-08 14:48:37.682 17708 17708 D VRI[MainActivity]@8ad27a4: mThreadedRenderer.initializeIfNeeded()#2 mSurface={isValid=true 0xb4000076df43d750}
10-08 14:48:37.682 17708 17708 D InputMethodManagerUtils: startInputInner - Id : 0
10-08 14:48:37.682 17708 17708 I InputMethodManager: startInputInner - IInputMethodManagerGlobalInvoker.startInputOrWindowGainedFocus
10-08 14:48:37.683 17708 17708 D InsetsController: hide(ime())
10-08 14:48:37.683 17708 17708 I ImeTracker: com.negi.survey:5b402c0a: onCancelled at PHASE_CLIENT_ALREADY_HIDDEN
10-08 14:48:37.686 17708 17751 D InputTransport: Input channel constructed: 'ClientS', fd=160
10-08 14:48:37.785 17708 17716 I TextToSpeech: Connected to TTS engine
10-08 14:48:38.203 17708 17725 I TextToSpeech: Setting up the connection to TTS engine...
10-08 14:48:38.218 17708 17708 D TtsController: TextToSpeech ready: locale=sw rate=1.0 pitch=1.0
10-08 14:48:39.267 17708 17708 I VRI[MainActivity]@8ad27a4: call setFrameRateCategory for touch hint category=no preference, reason=boost timeout, vri=VRI[MainActivity]@8ad27a4
10-08 14:48:40.057 17708 17708 I VRI[MainActivity]@8ad27a4: ViewPostIme pointer 0
10-08 14:48:40.060 17708 17708 I VRI[MainActivity]@8ad27a4: call setFrameRateCategory for touch hint category=high hint, reason=touch, vri=VRI[MainActivity]@8ad27a4
10-08 14:48:40.105 17708 17708 I VRI[MainActivity]@8ad27a4: ViewPostIme pointer 1
10-08 14:48:40.106 17708 17708 D WhisperSpeechController: stopRecording: not recording, ignoring
10-08 14:48:40.136 17708 17708 I View    : setRequestedFrameRate frameRate=-4.0, this=android.view.View{1eaabbd V.ED..... ........ 0,0-0,0}, caller=androidx.compose.ui.platform.Api35Impl.setRequestedFrameRate:4047 androidx.compose.ui.platform.AndroidComposeView.dispatchDraw:2282 android.view.View.draw:26758 android.view.View.updateDisplayListIfDirty:25577 android.view.ViewGroup.recreateChildDisplayList:4881 
10-08 14:48:40.137 17708 17708 D MainActivity: Home -> Start survey. session=survey_config_sw_10.yaml@1 freeTextDraftLen=0 (run-scoped)
10-08 14:48:40.139 17708 17724 I AdrenoVK-0: Shader compilation failed for shaderType: 4
10-08 14:48:40.139 17708 17724 I AdrenoVK-0: Pipeline create failed
10-08 14:48:40.139 17708 17708 D MainActivity: Home -> Start survey: runNoteLen=0 (restoredAfterReset)
10-08 14:48:40.148 17708 17708 D WindowOnBackDispatcher: setTopOnBackInvokedCallback (unwrapped): androidx.navigationevent.OnBackInvokedInput$createOnBackAnimationCallback$1@1100d2
10-08 14:48:40.152 17708 17708 D WhisperSpeechController: updateContext: surveyId=cf2d1be4-73c5-43be-a7a3-e9aee466fe82, questionId=Introduction
10-08 14:48:40.177 17708 17708 I View    : setRequestedFrameRate frameRate=NaN, this=android.view.View{1eaabbd V.ED..... ........ 0,0-0,0}, caller=androidx.compose.ui.platform.Api35Impl.setRequestedFrameRate:4047 androidx.compose.ui.platform.AndroidComposeView.dispatchDraw:2282 android.view.View.draw:26758 android.view.View.updateDisplayListIfDirty:25577 android.view.ViewGroup.recreateChildDisplayList:4881 
10-08 14:48:40.188 17708 17724 I AdrenoVK-0: Shader compilation failed for shaderType: 0
10-08 14:48:40.188 17708 17724 I AdrenoVK-0: Pipeline create failed
10-08 14:48:43.109 17708 17708 I VRI[MainActivity]@8ad27a4: call setFrameRateCategory for touch hint category=no preference, reason=boost timeout, vri=VRI[MainActivity]@8ad27a4
10-08 14:48:57.791 17708 17708 I ImeFocusController: onPreWindowFocus: skipped hasWindowFocus=false mHasImeFocus=true
10-08 14:48:57.791 17708 17708 I ImeFocusController: onPostWindowFocus: skipped hasWindowFocus=false mHasImeFocus=true
10-08 14:48:57.943 17708 17708 D InputTransport: Input channel destroyed: 'ClientS', fd=160
10-08 14:48:58.254 17708 17708 I VRI[MainActivity]@8ad27a4: handleAppVisibility mAppVisible = true visible = false
10-08 14:48:58.254 17708 17708 D VRI[MainActivity]@8ad27a4: visibilityChanged oldVisibility=true newVisibility=false
10-08 14:48:58.257 17708 17724 D HWUI    : CacheManager::trimMemory(20)
10-08 14:48:58.265 17708 17708 I VRI[MainActivity]@8ad27a4: Relayout returned: old=(0,0,1080,2340) new=(0,0,1080,2340) relayoutAsync=false req=(1080,2340)8 dur=1 res=0x2 s={false 0x0} ch=true seqId=0
10-08 14:48:58.265 17708 17708 D VRI[MainActivity]@8ad27a4: Not drawing due to not visible. Reason=!mAppVisible && !mForceDecorViewVisibility
10-08 14:48:58.265 17708 17724 D HWUI    : CacheManager::trimMemory(20)
10-08 14:48:58.266 17708 17708 I VRI[MainActivity]@8ad27a4: stopped(true) old = false
10-08 14:48:58.266 17708 17708 D VRI[MainActivity]@8ad27a4: WindowStopped on com.negi.survey/com.negi.survey.MainActivity set to true
10-08 14:48:58.266 17708 17724 D HWUI    : CacheManager::trimMemory(20)
10-08 14:48:58.275 17708 17708 D BBA2    : setIsFg isFg = false; delayValue 3999ms
10-08 14:49:03.099 17708 17708 I VRI[MainActivity]@8ad27a4: handleAppVisibility mAppVisible = false visible = true
10-08 14:49:03.100 17708 17708 I VRI[MainActivity]@8ad27a4: stopped(false) old = true
10-08 14:49:03.100 17708 17708 D VRI[MainActivity]@8ad27a4: WindowStopped on com.negi.survey/com.negi.survey.MainActivity set to false
10-08 14:49:03.100 17708 17708 D ViewRootImpl: Skipping stats log for color mode
10-08 14:49:03.101 17708 17708 D BBA2    : setIsFg isFg = true
10-08 14:49:03.102 17708 17708 D CrashCapture: install: ensured default handler. where=selfHeal:onActivityResumed pid=17708 default=com.negi.survey.CrashCapture$CrashHandler@cfa2f23
10-08 14:49:03.109 17708 17708 I BufferQueueProducer: [](id:452c00000001,api:0,p:256020944,c:17708) setDequeueTimeout:2077252342
10-08 14:49:03.109 17708 17708 I BLASTBufferQueue_Java: new BLASTBufferQueue, mName= VRI[MainActivity]@8ad27a4 mNativeObject= 0xb4000075ff419850 caller= android.view.ViewRootImpl.updateBlastSurfaceIfNeeded:3603 android.view.ViewRootImpl.relayoutWindow:11813 android.view.ViewRootImpl.performTraversals:4840 android.view.ViewRootImpl.doTraversal:3959 android.view.ViewRootImpl$TraversalRunnable.run:13034 android.view.Choreographer$CallbackRecord.run:1961 android.view.Choreographer$CallbackRecord.run:1970 android.view.Choreographer.doCallbacks:1423 android.view.Choreographer.doFrame:1348 android.view.Choreographer$FrameDisplayEventReceiver.run:1930 
10-08 14:49:03.109 17708 17708 I BLASTBufferQueue_Java: update, w= 1080 h= 2340 mName = VRI[MainActivity]@8ad27a4 mNativeObject= 0xb4000075ff419850 sc.mNativeObject= 0xb4000077bf4209d0 format= -1 caller= android.view.ViewRootImpl.updateBlastSurfaceIfNeeded:3608 android.view.ViewRootImpl.relayoutWindow:11813 android.view.ViewRootImpl.performTraversals:4840 android.view.ViewRootImpl.doTraversal:3959 android.view.ViewRootImpl$TraversalRunnable.run:13034 android.view.Choreographer$CallbackRecord.run:1961 
10-08 14:49:03.109 17708 17708 I VRI[MainActivity]@8ad27a4: Relayout returned: old=(0,0,1080,2340) new=(0,0,1080,2340) relayoutAsync=false req=(1080,2340)0 dur=5 res=0x3 s={true 0xb4000076df43a3d0} ch=true seqId=0
10-08 14:49:03.109 17708 17708 D VRI[MainActivity]@8ad27a4: mThreadedRenderer.initialize() mSurface={isValid=true 0xb4000076df43a3d0} hwInitialized=true
10-08 14:49:03.109 17708 17708 D VRI[MainActivity]@8ad27a4: reportNextDraw android.view.ViewRootImpl.performTraversals:5507 android.view.ViewRootImpl.doTraversal:3959 android.view.ViewRootImpl$TraversalRunnable.run:13034 android.view.Choreographer$CallbackRecord.run:1961 android.view.Choreographer$CallbackRecord.run:1970 
10-08 14:49:03.110 17708 17708 D VRI[MainActivity]@8ad27a4: Setup new sync=wmsSync-VRI[MainActivity]@8ad27a4#2
10-08 14:49:03.110 17708 17708 I VRI[MainActivity]@8ad27a4: Creating new active sync group VRI[MainActivity]@8ad27a4#3
10-08 14:49:03.110 17708 17708 D VRI[MainActivity]@8ad27a4: Start draw after previous draw not visible
10-08 14:49:03.110 17708 17708 D VRI[MainActivity]@8ad27a4: registerCallbacksForSync syncBuffer=false
10-08 14:49:03.112 17708 17729 D VRI[MainActivity]@8ad27a4: Received frameDrawingCallback syncResult=0 frameNum=1.
10-08 14:49:03.112 17708 17729 I VRI[MainActivity]@8ad27a4: mWNT: t=0xb4000076afcaf4c0 mBlastBufferQueue=0xb4000075ff419850 fn= 1 HdrRenderState mRenderHdrSdrRatio=1.0 caller= android.view.ViewRootImpl$12.onFrameDraw:15561 android.view.ThreadedRenderer$1.onFrameDraw:751 <bottom of call stack> 
10-08 14:49:03.112 17708 17729 I VRI[MainActivity]@8ad27a4: Setting up sync and frameCommitCallback
10-08 14:49:03.114 17708 17724 I BLASTBufferQueue: [VRI[MainActivity]@8ad27a4#1](f:0,a:0,s:0) onFrameAvailable the first frame is available
10-08 14:49:03.114 17708 17724 I SurfaceComposerClient: apply transaction with the first frame. layerId: 4384, bufferData(ID: 76055280877574, frameNumber: 1)
10-08 14:49:03.114 17708 17724 I VRI[MainActivity]@8ad27a4: Received frameCommittedCallback lastAttemptedDrawFrameNum=1 didProduceBuffer=true
10-08 14:49:03.114 17708 17708 D VRI[MainActivity]@8ad27a4: reportDrawFinished seqId=0
10-08 14:49:03.120 17708 17708 I InsetsSourceConsumer: applyRequestedVisibilityToControl: visible=true, type=statusBars, host=com.negi.survey/com.negi.survey.MainActivity
10-08 14:49:03.120 17708 17708 I InsetsSourceConsumer: applyRequestedVisibilityToControl: visible=true, type=navigationBars, host=com.negi.survey/com.negi.survey.MainActivity
10-08 14:49:03.147 17708 17708 D VRI[MainActivity]@8ad27a4: mThreadedRenderer.initializeIfNeeded()#2 mSurface={isValid=true 0xb4000076df43a3d0}
10-08 14:49:03.147 17708 17708 D InputMethodManagerUtils: startInputInner - Id : 0
10-08 14:49:03.147 17708 17708 I InputMethodManager: startInputInner - IInputMethodManagerGlobalInvoker.startInputOrWindowGainedFocus
10-08 14:49:03.148 17708 17708 D InsetsController: hide(ime())
10-08 14:49:03.148 17708 17708 I ImeTracker: com.negi.survey:67fff32d: onCancelled at PHASE_CLIENT_ALREADY_HIDDEN
10-08 14:49:03.150 17708 17717 D InputTransport: Input channel constructed: 'ClientS', fd=150
10-08 14:49:03.670 17708 17708 I VRI[MainActivity]@8ad27a4: ViewPostIme pointer 0
10-08 14:49:03.672 17708 17708 I VRI[MainActivity]@8ad27a4: call setFrameRateCategory for touch hint category=high hint, reason=touch, vri=VRI[MainActivity]@8ad27a4
10-08 14:49:03.716 17708 17708 I View    : setRequestedFrameRate frameRate=-4.0, this=android.view.View{1eaabbd V.ED..... ........ 0,0-0,0}, caller=androidx.compose.ui.platform.Api35Impl.setRequestedFrameRate:4047 androidx.compose.ui.platform.AndroidComposeView.dispatchDraw:2282 android.view.View.draw:26758 android.view.View.updateDisplayListIfDirty:25577 android.view.ViewGroup.recreateChildDisplayList:4881 
10-08 14:49:03.724 17708 17724 I AdrenoVK-0: Shader compilation failed for shaderType: 0
10-08 14:49:03.724 17708 17724 I AdrenoVK-0: Pipeline create failed
10-08 14:49:03.762 17708 17708 I VRI[MainActivity]@8ad27a4: ViewPostIme pointer 1
10-08 14:49:03.861 17708 17708 I View    : setRequestedFrameRate frameRate=NaN, this=android.view.View{1eaabbd V.ED..... ........ 0,0-0,0}, caller=androidx.compose.ui.platform.Api35Impl.setRequestedFrameRate:4047 androidx.compose.ui.platform.AndroidComposeView.dispatchDraw:2282 android.view.View.draw:26758 android.view.View.updateDisplayListIfDirty:25577 android.view.ViewGroup.recreateChildDisplayList:4881 
10-08 14:49:03.870 17708 17724 I AdrenoVK-0: Shader compilation failed for shaderType: 0
10-08 14:49:03.870 17708 17724 I AdrenoVK-0: Pipeline create failed
10-08 14:49:04.537 17708 17708 I VRI[MainActivity]@8ad27a4: ViewPostIme pointer 0
10-08 14:49:04.579 17708 17708 I VRI[MainActivity]@8ad27a4: ViewPostIme pointer 1
10-08 14:49:04.601 17708 17708 I View    : setRequestedFrameRate frameRate=-4.0, this=android.view.View{1eaabbd V.ED..... ........ 0,0-0,0}, caller=androidx.compose.ui.platform.Api35Impl.setRequestedFrameRate:4047 androidx.compose.ui.platform.AndroidComposeView.dispatchDraw:2282 android.view.View.draw:26758 android.view.View.updateDisplayListIfDirty:25577 android.view.ViewGroup.recreateChildDisplayList:4881 
10-08 14:49:04.602 17708 17708 D WhisperSpeechController: updateContext: surveyId=cf2d1be4-73c5-43be-a7a3-e9aee466fe82, questionId=Consent
10-08 14:49:04.630 17708 17708 I View    : setRequestedFrameRate frameRate=NaN, this=android.view.View{1eaabbd V.ED..... ........ 0,0-0,0}, caller=androidx.compose.ui.platform.Api35Impl.setRequestedFrameRate:4047 androidx.compose.ui.platform.AndroidComposeView.dispatchDraw:2282 android.view.View.draw:26758 android.view.View.updateDisplayListIfDirty:25577 android.view.ViewGroup.recreateChildDisplayList:4881 
10-08 14:49:07.346 17708 17708 I VRI[MainActivity]@8ad27a4: ViewPostIme pointer 0
10-08 14:49:07.403 17708 17708 I VRI[MainActivity]@8ad27a4: ViewPostIme pointer 1
10-08 14:49:07.426 17708 17708 I View    : setRequestedFrameRate frameRate=-4.0, this=android.view.View{1eaabbd V.ED..... ........ 0,0-0,0}, caller=androidx.compose.ui.platform.Api35Impl.setRequestedFrameRate:4047 androidx.compose.ui.platform.AndroidComposeView.dispatchDraw:2282 android.view.View.draw:26758 android.view.View.updateDisplayListIfDirty:25577 android.view.ViewGroup.recreateChildDisplayList:4881 
10-08 14:49:07.426 17708 17708 I View    : setRequestedFrameRate frameRate=NaN, this=android.view.View{1eaabbd V.ED..... ........ 0,0-0,0}, caller=androidx.compose.ui.platform.Api35Impl.setRequestedFrameRate:4047 androidx.compose.ui.platform.AndroidComposeView.dispatchDraw:2282 android.view.View.draw:26758 android.view.View.updateDisplayListIfDirty:25577 android.view.ViewGroup.recreateChildDisplayList:4881 
10-08 14:49:09.077 17708 17708 I VRI[MainActivity]@8ad27a4: ViewPostIme pointer 0
10-08 14:49:09.118 17708 17708 I VRI[MainActivity]@8ad27a4: ViewPostIme pointer 1
10-08 14:49:09.156 17708 17708 I View    : setRequestedFrameRate frameRate=-4.0, this=android.view.View{1eaabbd V.ED..... ........ 0,0-0,0}, caller=androidx.compose.ui.platform.Api35Impl.setRequestedFrameRate:4047 androidx.compose.ui.platform.AndroidComposeView.dispatchDraw:2282 android.view.View.draw:26758 android.view.View.updateDisplayListIfDirty:25577 android.view.ViewGroup.recreateChildDisplayList:4881 
10-08 14:49:09.156 17708 17708 D WhisperSpeechController: updateContext: surveyId=cf2d1be4-73c5-43be-a7a3-e9aee466fe82, questionId=Introduction
10-08 14:49:09.177 17708 17708 I View    : setRequestedFrameRate frameRate=NaN, this=android.view.View{1eaabbd V.ED..... ........ 0,0-0,0}, caller=androidx.compose.ui.platform.Api35Impl.setRequestedFrameRate:4047 androidx.compose.ui.platform.AndroidComposeView.dispatchDraw:2282 android.view.View.draw:26758 android.view.View.updateDisplayListIfDirty:25577 android.view.ViewGroup.recreateChildDisplayList:4881 
10-08 14:49:09.461 17708 17724 I AdrenoVK-0: Shader compilation failed for shaderType: 0
10-08 14:49:09.461 17708 17724 I AdrenoVK-0: Pipeline create failed
10-08 14:49:11.369 17708 17708 I VRI[MainActivity]@8ad27a4: ViewPostIme pointer 0
10-08 14:49:11.411 17708 17708 I View    : setRequestedFrameRate frameRate=-4.0, this=android.view.View{1eaabbd V.ED..... ........ 0,0-0,0}, caller=androidx.compose.ui.platform.Api35Impl.setRequestedFrameRate:4047 androidx.compose.ui.platform.AndroidComposeView.dispatchDraw:2282 android.view.View.draw:26758 android.view.View.updateDisplayListIfDirty:25577 android.view.ViewGroup.recreateChildDisplayList:4881 
10-08 14:49:11.477 17708 17708 I VRI[MainActivity]@8ad27a4: ViewPostIme pointer 1
10-08 14:49:11.642 17708 17708 I View    : setRequestedFrameRate frameRate=NaN, this=android.view.View{1eaabbd V.ED..... ........ 0,0-0,0}, caller=androidx.compose.ui.platform.Api35Impl.setRequestedFrameRate:4047 androidx.compose.ui.platform.AndroidComposeView.dispatchDraw:2282 android.view.View.draw:26758 android.view.View.updateDisplayListIfDirty:25577 android.view.ViewGroup.recreateChildDisplayList:4881 
10-08 14:49:12.502 17708 17708 I VRI[MainActivity]@8ad27a4: ViewPostIme pointer 0
10-08 14:49:12.551 17708 17708 I VRI[MainActivity]@8ad27a4: ViewPostIme pointer 1
10-08 14:49:12.564 17708 17708 D WindowOnBackDispatcher: setTopOnBackInvokedCallback (unwrapped): android.app.Activity$$ExternalSyntheticLambda0@174154b
10-08 14:49:12.570 17708 17708 I View    : setRequestedFrameRate frameRate=-4.0, this=android.view.View{1eaabbd V.ED..... ........ 0,0-0,0}, caller=androidx.compose.ui.platform.Api35Impl.setRequestedFrameRate:4047 androidx.compose.ui.platform.AndroidComposeView.dispatchDraw:2282 android.view.View.draw:26758 android.view.View.updateDisplayListIfDirty:25577 android.view.ViewGroup.recreateChildDisplayList:4881 
10-08 14:49:12.571 17708 17708 D WhisperSpeechController: updateContext: surveyId=cf2d1be4-73c5-43be-a7a3-e9aee466fe82, questionId=Start
10-08 14:49:12.578 17708 17724 I AdrenoVK-0: Shader compilation failed for shaderType: 0
10-08 14:49:12.578 17708 17724 I AdrenoVK-0: Pipeline create failed
10-08 14:49:12.612 17708 17708 I View    : setRequestedFrameRate frameRate=NaN, this=android.view.View{1eaabbd V.ED..... ........ 0,0-0,0}, caller=androidx.compose.ui.platform.Api35Impl.setRequestedFrameRate:4047 androidx.compose.ui.platform.AndroidComposeView.dispatchDraw:2282 android.view.View.draw:26758 android.view.View.updateDisplayListIfDirty:25577 android.view.ViewGroup.recreateChildDisplayList:4881 
10-08 14:49:15.556 17708 17708 I VRI[MainActivity]@8ad27a4: call setFrameRateCategory for touch hint category=no preference, reason=boost timeout, vri=VRI[MainActivity]@8ad27a4
10-08 14:49:30.953 17708 17708 I ImeFocusController: onPreWindowFocus: skipped hasWindowFocus=false mHasImeFocus=true
10-08 14:49:30.953 17708 17708 I ImeFocusController: onPostWindowFocus: skipped hasWindowFocus=false mHasImeFocus=true
10-08 14:49:31.413 17708 17708 I VRI[MainActivity]@8ad27a4: stopped(true) old = false
10-08 14:49:31.413 17708 17708 D VRI[MainActivity]@8ad27a4: WindowStopped on com.negi.survey/com.negi.survey.MainActivity set to true
10-08 14:49:31.413 17708 17724 D HWUI    : CacheManager::trimMemory(20)
10-08 14:49:31.426 17708 17724 D HWUI    : CacheManager::trimMemory(20)
10-08 14:49:31.429 17708 17708 I VRI[MainActivity]@8ad27a4: Relayout returned: old=(0,0,1080,2340) new=(0,0,1080,2340) relayoutAsync=false req=(1080,2340)4 dur=2 res=0x2 s={false 0x0} ch=false seqId=0
10-08 14:49:31.429 17708 17708 D VRI[MainActivity]@8ad27a4: Not drawing due to not visible. Reason=View.INVISIBLE
10-08 14:49:31.430 17708 17724 D HWUI    : CacheManager::trimMemory(20)
10-08 14:49:31.430 17708 17708 D InputTransport: Input channel destroyed: 'ClientS', fd=150
10-08 14:49:31.430 17708 17708 I VRI[MainActivity]@8ad27a4: handleAppVisibility mAppVisible = true visible = false
10-08 14:49:31.432 17708 17708 D BBA2    : setIsFg isFg = false; delayValue 3999ms
10-08 14:50:16.006 19593 19593 I Zygote  : Process 19593 created for com.negi.survey
10-08 14:50:16.007 19593 19593 I com.negi.survey: Using generational CollectorTypeCMC GC.
10-08 14:50:16.014 19593 19593 D nativeloader: Load libframework-connectivity-tiramisu-jni.so using APEX ns com_android_tethering for caller /apex/com.android.tethering/javalib/framework-connectivity-t.jar: ok
10-08 14:50:16.017 19593 19593 D ActivityThread: setConscryptValidator
10-08 14:50:16.017 19593 19593 D ActivityThread: setConscryptValidator - put
10-08 14:50:16.025 19593 19593 D ApplicationLoaders: Returning zygote-cached class loader: /system_ext/framework/androidx.window.extensions.jar
10-08 14:50:16.025 19593 19593 D ApplicationLoaders: Returning zygote-cached class loader: /system_ext/framework/androidx.window.sidecar.jar
10-08 14:50:16.026 19593 19593 D nativeloader: Configuring clns-9 for other apk /data/app/~~TRyc5iGunOH_iIRrj6s8UA==/com.negi.survey-bQor-7m-uN0ETDHcqG1C0w==/base.apk. target_sdk_version=36, uses_libraries=libOpenCL.so, library_path=/data/app/~~TRyc5iGunOH_iIRrj6s8UA==/com.negi.survey-bQor-7m-uN0ETDHcqG1C0w==/lib/arm64:/data/app/~~TRyc5iGunOH_iIRrj6s8UA==/com.negi.survey-bQor-7m-uN0ETDHcqG1C0w==/base.apk!/lib/arm64-v8a, permitted_path=/data:/mnt/expand:/data/user/0/com.negi.survey
10-08 14:50:16.028 19593 19593 V GraphicsEnvironment: Currently set values for:
10-08 14:50:16.028 19593 19593 V GraphicsEnvironment:   angle_gl_driver_selection_pkgs=[]
10-08 14:50:16.028 19593 19593 V GraphicsEnvironment:   angle_gl_driver_selection_values=[]
10-08 14:50:16.028 19593 19593 V GraphicsEnvironment: com.negi.survey is not listed in per-application setting
10-08 14:50:16.028 19593 19593 V GraphicsEnvironment: ANGLE allowlist from config: com.dreamgames.royalmatch com.dts.freefiremax com.dxx.firenow com.gramgames.mergedragons com.ludo.king com.mojang.minecraftpe com.my.defense com.nintendo.zaka com.os.airforce com.playrix.fishdomdd.gplay io.teslatech.callbreak jp.konami.prospia net.peakgames.toonblast
10-08 14:50:16.028 19593 19593 V GraphicsEnvironment: No special selections for ANGLE, returning default driver choice
10-08 14:50:16.028 19593 19593 V GraphicsEnvironment: App is not on the allowlist for updatable production driver.
10-08 14:50:16.033 19593 19593 D nativeloader: Load /data/app/~~TRyc5iGunOH_iIRrj6s8UA==/com.negi.survey-bQor-7m-uN0ETDHcqG1C0w==/base.apk!/lib/arm64-v8a/liblitertlm_jni.so using class loader ns clns-9 (caller=/data/app/~~TRyc5iGunOH_iIRrj6s8UA==/com.negi.survey-bQor-7m-uN0ETDHcqG1C0w==/base.apk!classes4.dex): ok
10-08 14:50:16.033 19593 19593 D SurveyApp: Loaded LiteRTLM JNI: litertlm_jni where=attachBaseContext
10-08 14:50:16.035 19593 19593 D AppRingLogStore: installed: dir=/data/user/0/com.negi.survey/files/diagnostics/applog_ring idx=0
10-08 14:50:16.035 19593 19593 D CrashCapture: install: ensured default handler. where=SurveyApp:attachBaseContext pid=19593 default=com.negi.survey.CrashCapture$CrashHandler@76ecdd
10-08 14:50:16.038 19593 19593 D SurveyApp: LiteRTLM JNI already loaded; skip. where=onCreate(retry)
10-08 14:50:16.038 19593 19593 D CrashCapture: install: ensured default handler. where=SurveyApp:onCreate(rewrap) pid=19593 default=com.negi.survey.CrashCapture$CrashHandler@76ecdd
10-08 14:50:16.038 19593 19593 D CrashCapture: registerSelfHealing: ActivityLifecycleCallbacks registered. mode=onResumedOnly
10-08 14:50:16.038 19593 19609 D RuntimeLogStore: openWriter: start -> /data/user/0/com.negi.survey/files/diagnostics/runtime_logs/rtlog_20261008_215016_037_pid19593_seq1.log (bytes=0 format=LEGACY)
10-08 14:50:16.039 19593 19609 D RuntimeLogStore: retention: start files=2 kept=2 totalBytes=5621
10-08 14:50:16.042 19593 19612 I UploadRescheduleRcvr: Survey recovery action=android.intent.action.MY_PACKAGE_REPLACED discovered=0 reconciled=0 duplicates=0 unclassified=0 operationalFailures=0 classifications={}
10-08 14:50:16.042 19593 19612 D UploadRescheduleRcvr: No generic GitHub pending files for action=android.intent.action.MY_PACKAGE_REPLACED
10-08 14:50:16.046 19593 19612 D github_upload: enqueueStartupRuntimeLogsUpload: uniqueName=upload_runtime_logs_startup policy=KEEP session=startup_runtime_20261008_215016_ab66732c
10-08 14:50:16.065 19593 19612 D WM-PackageManagerHelper: Skipping component enablement for androidx.work.impl.background.systemjob.SystemJobService
10-08 14:50:16.065 19593 19612 D WM-Schedulers: Created SystemJobScheduler and enabled SystemJobService
10-08 14:50:16.070 19593 19619 D WM-ForceStopRunnable: Is default app process = true
10-08 14:50:16.070 19593 19619 D WM-ForceStopRunnable: Performing cleanup operations.
10-08 14:50:16.071 19593 19612 D UploadRescheduleRcvr: Enqueued runtime logs upload for action=android.intent.action.MY_PACKAGE_REPLACED reason=receiver_my_package_replaced
10-08 14:50:16.082 19593 19619 E ashmem  : Pinning is deprecated since Android Q. Please use trim or other methods.
10-08 14:50:16.097 19593 19619 D WM-ForceStopRunnable: Application was force-stopped, rescheduling.
10-08 14:50:16.105 19593 19630 D WM-SystemJobScheduler: Scheduling work ID bc9d71ad-4afc-4387-be1c-0b82f795d2ccJob ID 2
10-08 14:50:16.107 19593 19630 D WM-GreedyScheduler: Starting tracking for bc9d71ad-4afc-4387-be1c-0b82f795d2cc
10-08 14:50:16.108 19593 19593 D WM-SystemJobService: onStartJob for WorkGenerationalId(workSpecId=bc9d71ad-4afc-4387-be1c-0b82f795d2cc, generation=0)
10-08 14:50:16.110 19593 19632 D WM-Processor: Processor: processing WorkGenerationalId(workSpecId=bc9d71ad-4afc-4387-be1c-0b82f795d2cc, generation=0)
10-08 14:50:16.113 19593 19593 D WM-WorkerWrapper: Starting work for com.negi.survey.net.GitHubUploadWorker
10-08 14:50:16.113 19593 19632 D WM-WorkConstraintsTrack: NetworkRequestConstraintController register shared callback
10-08 14:50:16.113 19593 19632 D ConnectivityManager: StackLog: [android.net.ConnectivityManager.sendRequestForNetwork(ConnectivityManager.java:4698)] [android.net.ConnectivityManager.sendRequestForNetwork(ConnectivityManager.java:4867)] [android.net.ConnectivityManager.registerDefaultNetworkCallbackForUid(ConnectivityManager.java:5427)] [android.net.ConnectivityManager.registerDefaultNetworkCallback(ConnectivityManager.java:5395)] [android.net.ConnectivityManager.registerDefaultNetworkCallback(ConnectivityManager.java:5369)] [androidx.work.impl.constraints.SharedNetworkCallback.addCallback(WorkConstraintsTracker.kt:362)] [androidx.work.impl.constraints.NetworkRequestConstraintController$track$1.invokeSuspend(WorkConstraintsTracker.kt:179)] [androidx.work.impl.constraints.NetworkRequestConstraintController$track$1.invoke(WorkConstraintsTracker.kt:8)] [androidx.work.impl.constraints.NetworkRequestConstraintController$track$1.invoke(WorkConstraintsTracker.kt:4)] [kotlinx.coroutines.flow.ChannelFlowBuilder.collectTo$suspendImpl(Builders.kt:316)] [kotlinx.coroutines.flow.ChannelFlowBuilder.collectTo(Builders.kt:0)] [kotlinx.coroutines.flow.CallbackFlowBuilder.collectTo(Builders.kt:330)] [kotlinx.coroutines.flow.internal.ChannelFlow$collectToFun$1.invokeSuspend(ChannelFlow.kt:56)] [kotlin.coroutines.jvm.internal.BaseContinuationImpl.resumeWith(ContinuationImpl.kt:34)] [kotlinx.coroutines.DispatchedTask.run(DispatchedTask.kt:100)] [androidx.work.impl.utils.SerialExecutorImpl$Task.run(SerialExecutorImpl.java:96)] [java.util.concurrent.ThreadPoolExecutor.runWorker(ThreadPoolExecutor.java:1100)] [java.util.concurrent.ThreadPoolExecutor$Worker.run(ThreadPoolExecutor.java:624)] [java.lang.Thread.run(Thread.java:1571)]
10-08 14:50:16.115 19593 19632 D WM-PackageManagerHelper: androidx.work.impl.background.systemalarm.RescheduleReceiver enabled
10-08 14:50:16.116 19593 19619 I WM-Processor: Moving WorkSpec (bc9d71ad-4afc-4387-be1c-0b82f795d2cc) to the foreground
10-08 14:50:16.117 19593 19633 D WM-WorkConstraintsTrack: NetworkRequestConstraintController onCapabilitiesChanged callback
10-08 14:50:16.117 19593 19633 D WM-WorkConstraintsTrack: Not dispatching constraint state yet: isBlocked=null, capabilitiesInitialized=true
10-08 14:50:16.117 19593 19633 D WM-WorkConstraintsTrack: NetworkRequestConstraintController onBlockedStatusChanged callback false
10-08 14:50:16.120 19593 19593 I WM-SystemFgDispatcher: Started foreground service Intent { act=ACTION_START_FOREGROUND xflg=0x4 cmp=com.negi.survey/androidx.work.impl.foreground.SystemForegroundService (has extras) }
10-08 14:50:16.120 19593 19593 D WM-SystemFgDispatcher: Notifying with (id:6183, workSpecId: bc9d71ad-4afc-4387-be1c-0b82f795d2cc, notificationType :1)
10-08 14:50:16.120 19593 19632 D WM-GreedyScheduler: Constraints met: Scheduling work ID WorkGenerationalId(workSpecId=bc9d71ad-4afc-4387-be1c-0b82f795d2cc, generation=0)
10-08 14:50:16.121 19593 19593 D WM-SystemFgDispatcher: Notifying with (id:6183, workSpecId: bc9d71ad-4afc-4387-be1c-0b82f795d2cc, notificationType :1)
10-08 14:50:16.122 19593 19593 I NotificationManager: com.negi.survey: notify(6183, null, Notification(channel=uploads shortcut=null contentView=null vibrate=null sound=null defaults=0 flags=ONGOING_EVENT|ONLY_ALERT_ONCE color=0x00000000 category=progress vis=PRIVATE semFlags=0x0 semPriority=0 semMissedCount=0 semScenarioType=0)) as user
10-08 14:50:16.122 19593 19593 D NotificationManager: BOOTING pkg =com.negi.survey mBlockedChannelsForOverflowNoti=[]
10-08 14:50:16.123 19593 19630 D WM-Processor: Work WorkGenerationalId(workSpecId=bc9d71ad-4afc-4387-be1c-0b82f795d2cc, generation=0) is already enqueued for processing
10-08 14:50:16.123 19593 19630 D WM-WorkProgressUpdater: Updating progress for bc9d71ad-4afc-4387-be1c-0b82f795d2cc (Data {pct : 3, mode : startup_runtime_logs})
10-08 14:50:16.126 19593 19630 I WM-Processor: Moving WorkSpec (bc9d71ad-4afc-4387-be1c-0b82f795d2cc) to the foreground
10-08 14:50:16.126 19593 19593 D WM-SystemFgDispatcher: Notifying with (id:6183, workSpecId: bc9d71ad-4afc-4387-be1c-0b82f795d2cc, notificationType :1)
10-08 14:50:16.126 19593 19593 I NotificationManager: com.negi.survey: notify(6183, null, Notification(channel=uploads shortcut=null contentView=null vibrate=null sound=null defaults=0 flags=ONGOING_EVENT|ONLY_ALERT_ONCE color=0x00000000 category=progress vis=PRIVATE semFlags=0x0 semPriority=0 semMissedCount=0 semScenarioType=0)) as user
10-08 14:50:16.126 19593 19630 D WM-WorkConstraintsTrack: NetworkRequestConstraintController send initial capabilities
10-08 14:50:17.329 19593 19609 D RuntimeLogStore: openWriter: rotate:plain_snapshot:receiver_my_package_repl -> /data/user/0/com.negi.survey/files/diagnostics/runtime_logs/rtlog_20261008_215017_328_pid19593_seq2.log (bytes=0 format=LEGACY)
10-08 14:50:17.330 19593 19609 D RuntimeLogStore: retention: rotate:plain_snapshot:receiver_my_package_repl files=3 kept=3 totalBytes=7425
10-08 14:50:17.337 19593 19612 D github_upload: doRuntimeLogsUpload: remoteBaseDir=diagnostics/runtime_logs/2026-10-08/runtime_logs_startup_runtime_20261008_215016_ab66732c_receiver_my_package_repl toUpload=3 bytes=8619 dedupe=true deleteSource=true deletedSourcePre=0 preview='plain_logs_manifest_20261008_215017_332_pid19593_receiver_my_package_repl.json|runtime_log_20261008_215017_332_pid19593_receiver_my_package_repl__rtlog_20261008_215016_037_pid19593_seq1.log|runtime_log_20261008_215017_332_pid19593_receiver_my_package_repl__rtlog_20261008_214604_784_pid17708_seq2.log'
10-08 14:50:17.338 19593 19612 D GitHubUploader: uploadStream: owner=ishizuki-tech repo=SurveyExports branch=main path=diagnostics/runtime_logs/2026-10-08/runtime_logs_startup_runtime_20261008_215016_ab66732c_receiver_my_package_repl/plain_logs_manifest_20261008_215017_332_pid19593_receiver_my_package_repl.json size=1535 maxRawBytesHint=1000000 maxRequestBytesHint=2800000
10-08 14:50:17.339 19593 19630 D WM-WorkProgressUpdater: Updating progress for bc9d71ad-4afc-4387-be1c-0b82f795d2cc (Data {pct : 10, mode : startup_runtime_logs})
10-08 14:50:17.343 19593 19630 I WM-Processor: Moving WorkSpec (bc9d71ad-4afc-4387-be1c-0b82f795d2cc) to the foreground
10-08 14:50:17.346 19593 19593 D WM-SystemFgDispatcher: Notifying with (id:6183, workSpecId: bc9d71ad-4afc-4387-be1c-0b82f795d2cc, notificationType :1)
10-08 14:50:17.346 19593 19593 I NotificationManager: com.negi.survey: notify(6183, null, Notification(channel=uploads shortcut=null contentView=null vibrate=null sound=null defaults=0 flags=ONGOING_EVENT|ONLY_ALERT_ONCE color=0x00000000 category=progress vis=PRIVATE semFlags=0x0 semPriority=0 semMissedCount=0 semScenarioType=0)) as user
10-08 14:50:17.633 19593 19632 D WM-WorkProgressUpdater: Updating progress for bc9d71ad-4afc-4387-be1c-0b82f795d2cc (Data {pct : 12, mode : startup_runtime_logs})
10-08 14:50:17.640 19593 19632 I WM-Processor: Moving WorkSpec (bc9d71ad-4afc-4387-be1c-0b82f795d2cc) to the foreground
10-08 14:50:17.643 19593 19593 D WM-SystemFgDispatcher: Notifying with (id:6183, workSpecId: bc9d71ad-4afc-4387-be1c-0b82f795d2cc, notificationType :1)
10-08 14:50:17.644 19593 19593 I NotificationManager: com.negi.survey: notify(6183, null, Notification(channel=uploads shortcut=null contentView=null vibrate=null sound=null defaults=0 flags=ONGOING_EVENT|ONLY_ALERT_ONCE color=0x00000000 category=progress vis=PRIVATE semFlags=0x0 semPriority=0 semMissedCount=0 semScenarioType=0)) as user
10-08 14:50:17.644 19593 19632 D WM-WorkProgressUpdater: Updating progress for bc9d71ad-4afc-4387-be1c-0b82f795d2cc (Data {pct : 33, mode : startup_runtime_logs})
10-08 14:50:17.648 19593 19632 I WM-Processor: Moving WorkSpec (bc9d71ad-4afc-4387-be1c-0b82f795d2cc) to the foreground
10-08 14:50:17.650 19593 19593 D WM-SystemFgDispatcher: Notifying with (id:6183, workSpecId: bc9d71ad-4afc-4387-be1c-0b82f795d2cc, notificationType :1)
10-08 14:50:17.650 19593 19593 I NotificationManager: com.negi.survey: notify(6183, null, Notification(channel=uploads shortcut=null contentView=null vibrate=null sound=null defaults=0 flags=ONGOING_EVENT|ONLY_ALERT_ONCE color=0x00000000 category=progress vis=PRIVATE semFlags=0x0 semPriority=0 semMissedCount=0 semScenarioType=0)) as user
10-08 14:50:18.545 19593 19593 D github_upload: enqueueStartupRuntimeLogsUpload: uniqueName=upload_runtime_logs_startup policy=KEEP session=startup_runtime_20261008_215018_b99443a4
10-08 14:50:18.547 19593 19593 D github_upload: enqueueStartupRingLogsUpload: uniqueName=upload_ring_logs_startup policy=KEEP session=startup_ring_20261008_215018_e588af8a
10-08 14:50:18.548 19593 19697 D CrashCapture: enqueuePendingCrashUploadsIfPossible enter where=SurveyApp:enqueuePending(immediate):bg pid=19593 thread=CrashCapture-Enqueue
10-08 14:50:18.567 19593 19630 D WM-SystemJobScheduler: Scheduling work ID 58492296-ad1f-4a20-b320-5f849f51bb38Job ID 3
10-08 14:50:18.571 19593 19593 D WM-SystemJobService: onStartJob for WorkGenerationalId(workSpecId=58492296-ad1f-4a20-b320-5f849f51bb38, generation=0)
10-08 14:50:18.572 19593 19630 D WM-GreedyScheduler: Starting tracking for 58492296-ad1f-4a20-b320-5f849f51bb38
10-08 14:50:18.573 19593 19630 D WM-Processor: Processor: processing WorkGenerationalId(workSpecId=58492296-ad1f-4a20-b320-5f849f51bb38, generation=0)
10-08 14:50:18.575 19593 19593 D WM-WorkerWrapper: Starting work for com.negi.survey.net.GitHubUploadWorker
10-08 14:50:18.575 19593 19630 D WM-WorkConstraintsTrack: NetworkRequestConstraintController send initial capabilities
10-08 14:50:18.576 19593 19630 I WM-Processor: Moving WorkSpec (58492296-ad1f-4a20-b320-5f849f51bb38) to the foreground
10-08 14:50:18.577 19593 19593 I WM-SystemFgDispatcher: Started foreground service Intent { act=ACTION_START_FOREGROUND xflg=0x4 cmp=com.negi.survey/androidx.work.impl.foreground.SystemForegroundService (has extras) }
10-08 14:50:18.577 19593 19593 D WM-SystemFgDispatcher: Notifying with (id:10816, workSpecId: 58492296-ad1f-4a20-b320-5f849f51bb38, notificationType :1)
10-08 14:50:18.577 19593 19593 I NotificationManager: com.negi.survey: notify(10816, null, Notification(channel=uploads shortcut=null contentView=null vibrate=null sound=null defaults=0 flags=ONGOING_EVENT|ONLY_ALERT_ONCE color=0x00000000 category=progress vis=PRIVATE semFlags=0x0 semPriority=0 semMissedCount=0 semScenarioType=0)) as user
10-08 14:50:18.577 19593 19630 D WM-GreedyScheduler: Constraints met: Scheduling work ID WorkGenerationalId(workSpecId=58492296-ad1f-4a20-b320-5f849f51bb38, generation=0)
10-08 14:50:18.578 19593 19630 D WM-Processor: Work WorkGenerationalId(workSpecId=58492296-ad1f-4a20-b320-5f849f51bb38, generation=0) is already enqueued for processing
10-08 14:50:18.578 19593 19630 D WM-WorkProgressUpdater: Updating progress for 58492296-ad1f-4a20-b320-5f849f51bb38 (Data {pct : 3, mode : startup_ring_logs})
10-08 14:50:18.579 19593 19593 D WM-SystemFgDispatcher: Notifying with (id:10816, workSpecId: 58492296-ad1f-4a20-b320-5f849f51bb38, notificationType :1)
10-08 14:50:18.579 19593 19593 I NotificationManager: com.negi.survey: notify(10816, null, Notification(channel=uploads shortcut=null contentView=null vibrate=null sound=null defaults=0 flags=ONGOING_EVENT|ONLY_ALERT_ONCE color=0x00000000 category=progress vis=PRIVATE semFlags=0x0 semPriority=0 semMissedCount=0 semScenarioType=0)) as user
10-08 14:50:18.579 19593 19630 I WM-Processor: Moving WorkSpec (58492296-ad1f-4a20-b320-5f849f51bb38) to the foreground
10-08 14:50:18.580 19593 19593 D WM-SystemFgDispatcher: Notifying with (id:10816, workSpecId: 58492296-ad1f-4a20-b320-5f849f51bb38, notificationType :1)
10-08 14:50:18.580 19593 19630 D WM-WorkConstraintsTrack: NetworkRequestConstraintController send initial capabilities
10-08 14:50:18.580 19593 19593 I NotificationManager: com.negi.survey: notify(10816, null, Notification(channel=uploads shortcut=null contentView=null vibrate=null sound=null defaults=0 flags=ONGOING_EVENT|ONLY_ALERT_ONCE color=0x00000000 category=progress vis=PRIVATE semFlags=0x0 semPriority=0 semMissedCount=0 semScenarioType=0)) as user
