20260903_035942 I/AppRingLogStore pid=25787 tid=25787 uptimeMs=1688683786 msg=install: pid=25787 timeUtc=20260903_035942 uptimeMs=1688683785
20260903_035942 D/SurveyApp pid=25787 tid=25787 uptimeMs=1688683786 msg=attachBaseContext: pid=25787 process=com.negi.survey isMain=true sdk=36
20260903_035942 D/SurveyApp pid=25787 tid=25787 uptimeMs=1688683801 msg=onCreate: pid=25787 process=com.negi.survey isMain=true sdk=36
20260903_040511 D/AiTrace pid=25787 tid=25787 uptimeMs=1689013198 msg=Installed (enabled=true ringEnabled=true)
20260903_040511 D/LiteRtRepository pid=25787 tid=25787 uptimeMs=1689013297 msg=warmUp init ok initMs=7 gateWaitMs=0
20260903_040511 D/LiteRtRepository pid=25787 tid=25787 uptimeMs=1689013298 msg=warmUp Engine ready representativeInference=false totalMs=7
20260903_040553 I/AiViewModel pid=25787 tid=25787 uptimeMs=1689054630 msg=onCleared: ViewModel is being cleared -> stopCurrentRunInternal()
20260903_040636 I/AppRingLogStore pid=28112 tid=28112 uptimeMs=1689098196 msg=install: pid=28112 timeUtc=20260903_040636 uptimeMs=1689098194
20260903_040636 D/SurveyApp pid=28112 tid=28112 uptimeMs=1689098196 msg=attachBaseContext: pid=28112 process=com.negi.survey isMain=true sdk=36
20260903_040636 D/SurveyApp pid=28112 tid=28112 uptimeMs=1689098217 msg=onCreate: pid=28112 process=com.negi.survey isMain=true sdk=36
20260903_040728 D/AiTrace pid=28112 tid=28112 uptimeMs=1689150284 msg=Installed (enabled=true ringEnabled=true)
20260903_040729 D/LiteRtRepository pid=28112 tid=28112 uptimeMs=1689150605 msg=warmUp init ok initMs=8 gateWaitMs=1
20260903_040729 D/LiteRtRepository pid=28112 tid=28112 uptimeMs=1689150605 msg=warmUp Engine ready representativeInference=false totalMs=10
20260903_040830 D/AiViewModel pid=28112 tid=28499 uptimeMs=1689211909 msg=run[1]: mode=EVAL_JSON phase=ONE_STEP commit=true prompt.len=253, fullPrompt.len=694, timeoutMs=120000
20260903_040830 D/AiViewModel pid=28112 tid=28499 uptimeMs=1689211910 msg=run[1]: sha(prompt)=ecdd1b50b480811638a99bebbab6d8ff62b03ceeffbc64615c85079f85b0c847 sha(full)=0876ea83a539f4c96b23c44c2db03744cf4d8541150ac50216703bcb6a9abd1a
20260903_040830 D/LiteRtRepository pid=28112 tid=28499 uptimeMs=1689211926 msg=[1] start model='Gemma3n4B' prompt.len=694 sha=0876ea83a539f4c9 gateWaitMs=13
20260903_040830 D/LiteRtRepository pid=28112 tid=28499 uptimeMs=1689211932 msg=[1] init ok initMs=5
20260903_040835 D/LiteRtRepository pid=28112 tid=28112 uptimeMs=1689216562 msg=[1] logicalDone=true
20260903_040835 D/LiteRtRepository pid=28112 tid=28112 uptimeMs=1689216562 msg=[1] native cleanup safepoint
20260903_040835 D/AiViewModel pid=28112 tid=28499 uptimeMs=1689216562 msg=run[1] stats: chunks=11, chars=35, raw.len=35
20260903_040835 D/AiViewModel pid=28112 tid=28499 uptimeMs=1689216566 msg=run[1] sha(raw)=b5afa8ce5bcb8b3b9ca501f7a67a8141cdeb7e413620d50cc194a9cd217a315f
20260903_040835 D/LiteRtRepository pid=28112 tid=28497 uptimeMs=1689216587 msg=[1] Conversation reset completed after safepoint
20260903_040835 I/LiteRtRepository pid=28112 tid=28497 uptimeMs=1689216589 msg=[1] finalize reason='native-terminated' totalMs=4664 inferenceMs=4657 firstTokenMs=2770 chunks=11 emittedChars=35 out.len=35 capturedAll=true logicalDone=true nativeTerminated=true cancelTag='null' lastDeltaMsAgo=178 lastEventMsAgo=27
20260903_040835 I/AiViewModel pid=28112 tid=28499 uptimeMs=1689216598 msg=run[1] done: phase=ONE_STEP mode=EVAL_JSON score=20 FU0.len=0 FU0.sha16=none commit=true err=<none>
20260903_041042 D/AiViewModel pid=28112 tid=28499 uptimeMs=1689343575 msg=run[2]: mode=EVAL_JSON phase=ONE_STEP commit=true prompt.len=231, fullPrompt.len=672, timeoutMs=120000
20260903_041042 D/AiViewModel pid=28112 tid=28499 uptimeMs=1689343577 msg=run[2]: sha(prompt)=54a33364afcaf78e39d993bdfae2762c7425495ac5021b6d619fa35838433227 sha(full)=5f0a82c7e53f8d90cf6dbfbe5dbdd81e9ac96a48a332abff2e471e88a779887c
20260903_041042 D/LiteRtRepository pid=28112 tid=28499 uptimeMs=1689343578 msg=[2] start model='Gemma3n4B' prompt.len=672 sha=5f0a82c7e53f8d90 gateWaitMs=1
20260903_041042 D/LiteRtRepository pid=28112 tid=28499 uptimeMs=1689343581 msg=[2] init ok initMs=2
20260903_041045 D/LiteRtRepository pid=28112 tid=28112 uptimeMs=1689346965 msg=[2] logicalDone=true
20260903_041045 D/LiteRtRepository pid=28112 tid=28112 uptimeMs=1689346966 msg=[2] native cleanup safepoint
20260903_041045 D/AiViewModel pid=28112 tid=28943 uptimeMs=1689346969 msg=run[2] stats: chunks=11, chars=35, raw.len=35
20260903_041045 D/AiViewModel pid=28112 tid=28943 uptimeMs=1689346973 msg=run[2] sha(raw)=a942269a91f92a1c28708234ce9ce0f93f25522313eeaf059b8f0d7d382bb55c
20260903_041045 D/LiteRtRepository pid=28112 tid=28945 uptimeMs=1689346985 msg=[2] Conversation reset completed after safepoint
20260903_041045 I/LiteRtRepository pid=28112 tid=28499 uptimeMs=1689346986 msg=[2] finalize reason='native-terminated' totalMs=3407 inferenceMs=3404 firstTokenMs=1650 chunks=11 emittedChars=35 out.len=35 capturedAll=true logicalDone=true nativeTerminated=true cancelTag='null' lastDeltaMsAgo=174 lastEventMsAgo=20
20260903_041045 I/AiViewModel pid=28112 tid=28943 uptimeMs=1689346987 msg=run[2] done: phase=ONE_STEP mode=EVAL_JSON score=95 FU0.len=0 FU0.sha16=none commit=true err=<none>
20260903_042643 I/AppRingLogStore pid=30458 tid=30458 uptimeMs=1690304709 msg=install: pid=30458 timeUtc=20260903_042643 uptimeMs=1690304708
20260903_042643 D/SurveyApp pid=30458 tid=30458 uptimeMs=1690304710 msg=attachBaseContext: pid=30458 process=com.negi.survey isMain=true sdk=36
20260903_042643 D/SurveyApp pid=30458 tid=30458 uptimeMs=1690304742 msg=onCreate: pid=30458 process=com.negi.survey isMain=true sdk=36
