=== RuntimeLogStore Header ===
ts=2026-09-03T19:30:37.489Z
fileNameFormat=LEGACY
appId=com.negi.survey
versionName=0.0.1
versionCode=37
debug=true
device=Google Pixel 9a
sdk=36
pid=14503
==============================
2026-09-03T19:30:37.490Z I/RuntimeLogStore [rtlog-io] start: actor launched (fileNameFormat=LEGACY)
2026-09-03T19:30:37.424Z D/SurveyApp [main] attachBaseContext: pid=14503 process=com.negi.survey isMain=true sdk=36
2026-09-03T19:30:37.425Z D/SurveyApp [main] bootTiming: attachBaseContext total=81ms
2026-09-03T19:30:37.425Z D/SurveyApp [main] Skipping WorkManager init in attachBaseContext; will init lazily on first enqueue.
2026-09-03T19:30:37.428Z D/SurveyApp [main] CrashCapture installed: where=SurveyApp:attachBaseContext
2026-09-03T19:30:37.493Z I/RuntimeLogStore [main] start repair: ctx/dir refreshed
2026-09-03T19:30:37.493Z D/SurveyApp [main] bootTiming: RuntimeLogStore.start took=0ms
2026-09-03T19:30:37.494Z D/SurveyApp [main] bootTiming: AppRingLogStore.install took=0ms
2026-09-03T19:30:37.494Z D/SurveyApp [main] onCreate: pid=14503 process=com.negi.survey isMain=true sdk=36
2026-09-03T19:30:37.503Z D/SurveyApp [main] CrashCapture installed: where=SurveyApp:onCreate(rewrap)
2026-09-03T19:30:37.503Z D/SurveyApp [main] CrashCapture self-healing registered.
2026-09-03T19:30:37.503Z W/SurveyApp [main] Startup enqueues deferred: delay=2500ms (to reduce init contention)
2026-09-03T19:30:37.504Z D/SurveyApp [main] bootTiming: onCreate total=10ms
2026-09-03T19:30:40.005Z W/SurveyApp [main] Deferred startup enqueues begin...
2026-09-03T19:30:40.131Z D/SurveyApp [main] WorkManager available. where=startupRtLogs(immediate) took=124ms
2026-09-03T19:30:40.137Z D/SurveyApp [main] Startup runtime logs target -> owner=ishizuki-tech repo=SurveyExports branch=main base='/diagnostics/runtime_logs'
2026-09-03T19:30:40.159Z D/SurveyApp [main] Startup runtime logs: enqueue requested (immediate).
2026-09-03T19:30:40.159Z D/SurveyApp [main] WorkManager available. where=startupRingLogs(immediate) took=0ms
2026-09-03T19:30:40.162Z D/SurveyApp [main] Startup ring logs target -> owner=ishizuki-tech repo=SurveyExports branch=main base='/diagnostics/applog_ring'
2026-09-03T19:30:40.163Z D/SurveyApp [main] Startup ring logs: enqueue requested (immediate).
2026-09-03T19:30:40.163Z D/SurveyApp [main] WorkManager available. where=enqueuePending(immediate) took=0ms
2026-09-03T19:30:40.164Z D/SurveyApp [main] CrashCapture pending uploads requested (immediate).
2026-09-03T19:30:40.164Z W/SurveyApp [main] Deferred startup enqueues done: took=159ms
2026-09-03T19:30:41.847Z I/RuntimeLogStore [DefaultDispatcher-worker-2] start repair: ctx/dir refreshed
