=== Previous Session Logcat ===
captured_time_utc=20260907_124742
captured_time_local=20260907_154742
marker=2026-09-07 10:33:59.599
preferred_prev_pid=-1
note=best-effort; buffers may be overwritten before next start
sdk=36
device=samsung SM-S936B
appId=com.negi.survey
versionName=0.0.1
versionCode=43

=== Logcat (since marker) ===
--------- beginning of main
09-07 15:47:39.911 15977 15977 I com.negi.survey: Using generational CollectorTypeCMC GC.
09-07 15:47:39.920 15977 15977 D nativeloader: Load libframework-connectivity-tiramisu-jni.so using APEX ns com_android_tethering for caller /apex/com.android.tethering/javalib/framework-connectivity-t.jar: ok
09-07 15:47:39.921 15977 15977 D ActivityThread: setConscryptValidator
09-07 15:47:39.921 15977 15977 D ActivityThread: setConscryptValidator - put
09-07 15:47:39.929 15977 15977 D ApplicationLoaders: Returning zygote-cached class loader: /system_ext/framework/androidx.window.extensions.jar
09-07 15:47:39.929 15977 15977 D ApplicationLoaders: Returning zygote-cached class loader: /system_ext/framework/androidx.window.sidecar.jar
09-07 15:47:39.941 15977 15977 D nativeloader: Configuring clns-9 for other apk /data/app/~~OjF4Khr7hHCqQj-BDawpgQ==/com.negi.survey--7tYAk0_y5ttOLeiUpZjpg==/base.apk. target_sdk_version=36, uses_libraries=libOpenCL.so, library_path=/data/app/~~OjF4Khr7hHCqQj-BDawpgQ==/com.negi.survey--7tYAk0_y5ttOLeiUpZjpg==/lib/arm64:/data/app/~~OjF4Khr7hHCqQj-BDawpgQ==/com.negi.survey--7tYAk0_y5ttOLeiUpZjpg==/base.apk!/lib/arm64-v8a, permitted_path=/data:/mnt/expand:/data/user/0/com.negi.survey
09-07 15:47:39.950 15977 15977 V GraphicsEnvironment: Currently set values for:
09-07 15:47:39.950 15977 15977 V GraphicsEnvironment:   angle_gl_driver_selection_pkgs=[]
09-07 15:47:39.950 15977 15977 V GraphicsEnvironment:   angle_gl_driver_selection_values=[]
09-07 15:47:39.950 15977 15977 V GraphicsEnvironment: com.negi.survey is not listed in per-application setting
09-07 15:47:39.950 15977 15977 V GraphicsEnvironment: ANGLE allowlist from config: 
09-07 15:47:39.950 15977 15977 V GraphicsEnvironment: com.negi.survey is not listed in ANGLE allowlist or settings, returning default
09-07 15:47:39.950 15977 15977 V GraphicsEnvironment: App is not on the allowlist for updatable production driver.
09-07 15:47:40.016 15977 15977 D nativeloader: Load /data/app/~~OjF4Khr7hHCqQj-BDawpgQ==/com.negi.survey--7tYAk0_y5ttOLeiUpZjpg==/base.apk!/lib/arm64-v8a/liblitertlm_jni.so using class loader ns clns-9 (caller=/data/app/~~OjF4Khr7hHCqQj-BDawpgQ==/com.negi.survey--7tYAk0_y5ttOLeiUpZjpg==/base.apk!classes4.dex): ok
09-07 15:47:40.016 15977 15977 D SurveyApp: Loaded LiteRTLM JNI: litertlm_jni where=attachBaseContext
09-07 15:47:40.034 15977 15977 D AppRingLogStore: installed: dir=/data/user/0/com.negi.survey/files/diagnostics/applog_ring idx=0
09-07 15:47:40.034 15977 16000 D RuntimeLogStore: openWriter: start -> /data/user/0/com.negi.survey/files/diagnostics/runtime_logs/rtlog_20260907_124740_031_pid15977_seq1.log (bytes=0 format=LEGACY)
09-07 15:47:40.035 15977 16000 D RuntimeLogStore: retention: start files=2 kept=2 totalBytes=80256
09-07 15:47:40.042 15977 15977 D CrashCapture: install: ensured default handler. where=SurveyApp:attachBaseContext pid=15977 default=com.negi.survey.CrashCapture$CrashHandler@5da5a7a
09-07 15:47:40.087 15977 15977 D SurveyApp: LiteRTLM JNI already loaded; skip. where=onCreate(retry)
09-07 15:47:40.089 15977 15977 D CrashCapture: install: ensured default handler. where=SurveyApp:onCreate(rewrap) pid=15977 default=com.negi.survey.CrashCapture$CrashHandler@5da5a7a
09-07 15:47:40.091 15977 15977 D CrashCapture: registerSelfHealing: ActivityLifecycleCallbacks registered. mode=onResumedOnly
09-07 15:47:40.103 15977 16007 D UploadRescheduleRcvr: No GitHub pending files for action=android.intent.action.BOOT_COMPLETED
09-07 15:47:40.107 15977 16007 D github_upload: enqueueStartupRuntimeLogsUpload: uniqueName=upload_runtime_logs_startup policy=KEEP session=startup_runtime_20260907_124740_eedf3b37
09-07 15:47:40.119 15977 16007 D WM-PackageManagerHelper: Skipping component enablement for androidx.work.impl.background.systemjob.SystemJobService
09-07 15:47:40.119 15977 16007 D WM-Schedulers: Created SystemJobScheduler and enabled SystemJobService
09-07 15:47:40.121 15977 16016 D WM-ForceStopRunnable: Is default app process = true
09-07 15:47:40.121 15977 16016 D WM-ForceStopRunnable: Performing cleanup operations.
09-07 15:47:40.122 15977 16007 D UploadRescheduleRcvr: Enqueued runtime logs upload for action=android.intent.action.BOOT_COMPLETED reason=receiver_boot_completed
09-07 15:47:40.128 15977 16016 E ashmem  : Pinning is deprecated since Android Q. Please use trim or other methods.
09-07 15:47:40.151 15977 16027 D WM-SystemJobScheduler: Scheduling work ID 10727e44-d275-4c4d-97de-70f8f6daab0dJob ID 2
09-07 15:47:40.154 15977 16027 D WM-GreedyScheduler: Starting tracking for 10727e44-d275-4c4d-97de-70f8f6daab0d
09-07 15:47:40.157 15977 16029 D WM-WorkConstraintsTrack: NetworkRequestConstraintController register shared callback
09-07 15:47:40.159 15977 16029 D ConnectivityManager: StackLog: [android.net.ConnectivityManager.sendRequestForNetwork(ConnectivityManager.java:4744)] [android.net.ConnectivityManager.registerDefaultNetworkCallbackForUid(ConnectivityManager.java:5469)] [android.net.ConnectivityManager.registerDefaultNetworkCallback(ConnectivityManager.java:5436)] [android.net.ConnectivityManager.registerDefaultNetworkCallback(ConnectivityManager.java:5410)] [androidx.work.impl.constraints.SharedNetworkCallback.addCallback(WorkConstraintsTracker.kt:362)] [androidx.work.impl.constraints.NetworkRequestConstraintController$track$1.invokeSuspend(WorkConstraintsTracker.kt:179)] [androidx.work.impl.constraints.NetworkRequestConstraintController$track$1.invoke(WorkConstraintsTracker.kt:8)] [androidx.work.impl.constraints.NetworkRequestConstraintController$track$1.invoke(WorkConstraintsTracker.kt:4)] [kotlinx.coroutines.flow.ChannelFlowBuilder.collectTo$suspendImpl(Builders.kt:316)] [kotlinx.coroutines.flow.ChannelFlowBuilder.collectTo(Builders.kt:0)] [kotlinx.coroutines.flow.CallbackFlowBuilder.collectTo(Builders.kt:330)] [kotlinx.coroutines.flow.internal.ChannelFlow$collectToFun$1.invokeSuspend(ChannelFlow.kt:56)] [kotlin.coroutines.jvm.internal.BaseContinuationImpl.resumeWith(ContinuationImpl.kt:34)] [kotlinx.coroutines.DispatchedTask.run(DispatchedTask.kt:100)] [androidx.work.impl.utils.SerialExecutorImpl$Task.run(SerialExecutorImpl.java:96)] [java.util.concurrent.ThreadPoolExecutor.runWorker(ThreadPoolExecutor.java:1100)] [java.util.concurrent.ThreadPoolExecutor$Worker.run(ThreadPoolExecutor.java:624)] [java.lang.Thread.run(Thread.java:1572)]
09-07 15:47:40.162 15977 16030 D WM-WorkConstraintsTrack: NetworkRequestConstraintController onCapabilitiesChanged callback
09-07 15:47:40.163 15977 16030 D WM-WorkConstraintsTrack: Not dispatching constraint state yet: isBlocked=null, capabilitiesInitialized=true
09-07 15:47:40.163 15977 16030 D WM-WorkConstraintsTrack: NetworkRequestConstraintController onBlockedStatusChanged callback false
09-07 15:47:40.163 15977 16029 D WM-PackageManagerHelper: androidx.work.impl.background.systemalarm.RescheduleReceiver enabled
09-07 15:47:40.164 15977 16029 D WM-GreedyScheduler: Constraints met: Scheduling work ID WorkGenerationalId(workSpecId=10727e44-d275-4c4d-97de-70f8f6daab0d, generation=0)
09-07 15:47:40.165 15977 16029 D WM-Processor: Processor: processing WorkGenerationalId(workSpecId=10727e44-d275-4c4d-97de-70f8f6daab0d, generation=0)
09-07 15:47:40.168 15977 15977 D WM-WorkerWrapper: Starting work for com.negi.survey.net.GitHubUploadWorker
09-07 15:47:40.170 15977 16027 I WM-Processor: Moving WorkSpec (10727e44-d275-4c4d-97de-70f8f6daab0d) to the foreground
09-07 15:47:40.178 15977 15977 I WM-SystemFgDispatcher: Started foreground service Intent { act=ACTION_START_FOREGROUND xflg=0x4 cmp=com.negi.survey/androidx.work.impl.foreground.SystemForegroundService (has extras) }
09-07 15:47:40.178 15977 15977 D WM-SystemFgDispatcher: Notifying with (id:3713, workSpecId: 10727e44-d275-4c4d-97de-70f8f6daab0d, notificationType :1)
09-07 15:47:40.179 15977 16016 D WM-WorkProgressUpdater: Updating progress for 10727e44-d275-4c4d-97de-70f8f6daab0d (Data {pct : 3, mode : startup_runtime_logs})
09-07 15:47:40.180 15977 15977 W WM-SystemFgService: Unable to start foreground service
09-07 15:47:40.180 15977 15977 W WM-SystemFgService: android.app.ForegroundServiceStartNotAllowedException: FGS type dataSync not allowed to start from BOOT_COMPLETED!
09-07 15:47:40.180 15977 15977 W WM-SystemFgService: 	at android.app.ForegroundServiceStartNotAllowedException$1.createFromParcel(ForegroundServiceStartNotAllowedException.java:54)
09-07 15:47:40.180 15977 15977 W WM-SystemFgService: 	at android.app.ForegroundServiceStartNotAllowedException$1.createFromParcel(ForegroundServiceStartNotAllowedException.java:50)
09-07 15:47:40.180 15977 15977 W WM-SystemFgService: 	at android.os.Parcel.readParcelableInternal(Parcel.java:5229)
09-07 15:47:40.180 15977 15977 W WM-SystemFgService: 	at android.os.Parcel.readParcelable(Parcel.java:5211)
09-07 15:47:40.180 15977 15977 W WM-SystemFgService: 	at android.os.Parcel.createExceptionOrNull(Parcel.java:3349)
09-07 15:47:40.180 15977 15977 W WM-SystemFgService: 	at android.os.Parcel.createException(Parcel.java:3338)
09-07 15:47:40.180 15977 15977 W WM-SystemFgService: 	at android.os.Parcel.readException(Parcel.java:3321)
09-07 15:47:40.180 15977 15977 W WM-SystemFgService: 	at android.os.Parcel.readException(Parcel.java:3263)
09-07 15:47:40.180 15977 15977 W WM-SystemFgService: 	at android.app.IActivityManager$Stub$Proxy.setServiceForeground(IActivityManager.java:7539)
09-07 15:47:40.180 15977 15977 W WM-SystemFgService: 	at android.app.Service.startForeground(Service.java:863)
09-07 15:47:40.180 15977 15977 W WM-SystemFgService: 	at androidx.work.impl.foreground.SystemForegroundService$Api31Impl.startForeground(SystemForegroundService.java:192)
09-07 15:47:40.180 15977 15977 W WM-SystemFgService: 	at androidx.work.impl.foreground.SystemForegroundService.startForeground(SystemForegroundService.java:141)
09-07 15:47:40.180 15977 15977 W WM-SystemFgService: 	at androidx.work.impl.foreground.SystemForegroundDispatcher.handleNotify(SystemForegroundDispatcher.java:332)
09-07 15:47:40.180 15977 15977 W WM-SystemFgService: 	at androidx.work.impl.foreground.SystemForegroundDispatcher.onStartCommand(SystemForegroundDispatcher.java:221)
09-07 15:47:40.180 15977 15977 W WM-SystemFgService: 	at androidx.work.impl.foreground.SystemForegroundService.onStartCommand(SystemForegroundService.java:80)
09-07 15:47:40.180 15977 15977 W WM-SystemFgService: 	at android.app.ActivityThread.handleServiceArgs(ActivityThread.java:6087)
09-07 15:47:40.180 15977 15977 W WM-SystemFgService: 	at android.app.ActivityThread.-$$Nest$mhandleServiceArgs(ActivityThread.java:0)
09-07 15:47:40.180 15977 15977 W WM-SystemFgService: 	at android.app.ActivityThread$H.handleMessage(ActivityThread.java:2974)
09-07 15:47:40.180 15977 15977 W WM-SystemFgService: 	at android.os.Handler.dispatchMessage(Handler.java:110)
09-07 15:47:40.180 15977 15977 W WM-SystemFgService: 	at android.os.Looper.loopOnce(Looper.java:273)
09-07 15:47:40.180 15977 15977 W WM-SystemFgService: 	at android.os.Looper.loop(Looper.java:363)
09-07 15:47:40.180 15977 15977 W WM-SystemFgService: 	at android.app.ActivityThread.main(ActivityThread.java:10060)
09-07 15:47:40.180 15977 15977 W WM-SystemFgService: 	at java.lang.reflect.Method.invoke(Native Method)
09-07 15:47:40.180 15977 15977 W WM-SystemFgService: 	at com.android.internal.os.RuntimeInit$MethodAndArgsCaller.run(RuntimeInit.java:632)
09-07 15:47:40.180 15977 15977 W WM-SystemFgService: 	at com.android.internal.os.ZygoteInit.main(ZygoteInit.java:975)
09-07 15:47:40.180 15977 15977 D WM-SystemFgDispatcher: Notifying with (id:3713, workSpecId: 10727e44-d275-4c4d-97de-70f8f6daab0d, notificationType :1)
--------- beginning of system
09-07 15:47:40.180 15977 15977 I NotificationManager: com.negi.survey: notify(3713, null, Notification(channel=uploads shortcut=null contentView=null vibrate=null sound=null defaults=0 flags=ONGOING_EVENT|ONLY_ALERT_ONCE color=0x00000000 category=progress vis=PRIVATE semFlags=0x0 semPriority=0 semMissedCount=0)) as user
09-07 15:47:40.180 15977 15977 D NotificationManager: BOOTING pkg =com.negi.survey mBlockedChannelsForOverflowNoti=[]
09-07 15:47:40.181 15977 16016 I WM-Processor: Moving WorkSpec (10727e44-d275-4c4d-97de-70f8f6daab0d) to the foreground
09-07 15:47:40.182 15977 15977 W WM-SystemFgService: Unable to start foreground service
09-07 15:47:40.182 15977 15977 W WM-SystemFgService: android.app.ForegroundServiceStartNotAllowedException: FGS type dataSync not allowed to start from BOOT_COMPLETED!
09-07 15:47:40.182 15977 15977 W WM-SystemFgService: 	at android.app.ForegroundServiceStartNotAllowedException$1.createFromParcel(ForegroundServiceStartNotAllowedException.java:54)
09-07 15:47:40.182 15977 15977 W WM-SystemFgService: 	at android.app.ForegroundServiceStartNotAllowedException$1.createFromParcel(ForegroundServiceStartNotAllowedException.java:50)
09-07 15:47:40.182 15977 15977 W WM-SystemFgService: 	at android.os.Parcel.readParcelableInternal(Parcel.java:5229)
09-07 15:47:40.182 15977 15977 W WM-SystemFgService: 	at android.os.Parcel.readParcelable(Parcel.java:5211)
09-07 15:47:40.182 15977 15977 W WM-SystemFgService: 	at android.os.Parcel.createExceptionOrNull(Parcel.java:3349)
09-07 15:47:40.182 15977 15977 W WM-SystemFgService: 	at android.os.Parcel.createException(Parcel.java:3338)
09-07 15:47:40.182 15977 15977 W WM-SystemFgService: 	at android.os.Parcel.readException(Parcel.java:3321)
09-07 15:47:40.182 15977 15977 W WM-SystemFgService: 	at android.os.Parcel.readException(Parcel.java:3263)
09-07 15:47:40.182 15977 15977 W WM-SystemFgService: 	at android.app.IActivityManager$Stub$Proxy.setServiceForeground(IActivityManager.java:7539)
09-07 15:47:40.182 15977 15977 W WM-SystemFgService: 	at android.app.Service.startForeground(Service.java:863)
09-07 15:47:40.182 15977 15977 W WM-SystemFgService: 	at androidx.work.impl.foreground.SystemForegroundService$Api31Impl.startForeground(SystemForegroundService.java:192)
09-07 15:47:40.182 15977 15977 W WM-SystemFgService: 	at androidx.work.impl.foreground.SystemForegroundService.startForeground(SystemForegroundService.java:141)
09-07 15:47:40.182 15977 15977 W WM-SystemFgService: 	at androidx.work.impl.foreground.SystemForegroundDispatcher.handleNotify(SystemForegroundDispatcher.java:332)
09-07 15:47:40.182 15977 15977 W WM-SystemFgService: 	at androidx.work.impl.foreground.SystemForegroundDispatcher.onStartCommand(SystemForegroundDispatcher.java:223)
09-07 15:47:40.182 15977 15977 W WM-SystemFgService: 	at androidx.work.impl.foreground.SystemForegroundService.onStartCommand(SystemForegroundService.java:80)
09-07 15:47:40.182 15977 15977 W WM-SystemFgService: 	at android.app.ActivityThread.handleServiceArgs(ActivityThread.java:6087)
09-07 15:47:40.182 15977 15977 W WM-SystemFgService: 	at android.app.ActivityThread.-$$Nest$mhandleServiceArgs(ActivityThread.java:0)
09-07 15:47:40.182 15977 15977 W WM-SystemFgService: 	at android.app.ActivityThread$H.handleMessage(ActivityThread.java:2974)
09-07 15:47:40.182 15977 15977 W WM-SystemFgService: 	at android.os.Handler.dispatchMessage(Handler.java:110)
09-07 15:47:40.182 15977 15977 W WM-SystemFgService: 	at android.os.Looper.loopOnce(Looper.java:273)
09-07 15:47:40.182 15977 15977 W WM-SystemFgService: 	at android.os.Looper.loop(Looper.java:363)
09-07 15:47:40.182 15977 15977 W WM-SystemFgService: 	at android.app.ActivityThread.main(ActivityThread.java:10060)
09-07 15:47:40.182 15977 15977 W WM-SystemFgService: 	at java.lang.reflect.Method.invoke(Native Method)
09-07 15:47:40.182 15977 15977 W WM-SystemFgService: 	at com.android.internal.os.RuntimeInit$MethodAndArgsCaller.run(RuntimeInit.java:632)
09-07 15:47:40.182 15977 15977 W WM-SystemFgService: 	at com.android.internal.os.ZygoteInit.main(ZygoteInit.java:975)
09-07 15:47:40.182 15977 15977 D WM-SystemFgDispatcher: Notifying with (id:3713, workSpecId: 10727e44-d275-4c4d-97de-70f8f6daab0d, notificationType :1)
09-07 15:47:40.182 15977 15977 I NotificationManager: com.negi.survey: notify(3713, null, Notification(channel=uploads shortcut=null contentView=null vibrate=null sound=null defaults=0 flags=ONGOING_EVENT|ONLY_ALERT_ONCE color=0x00000000 category=progress vis=PRIVATE semFlags=0x0 semPriority=0 semMissedCount=0)) as user
09-07 15:47:40.183 15977 16016 D WM-WorkConstraintsTrack: NetworkRequestConstraintController send initial capabilities
09-07 15:47:40.184 15977 15977 W WM-SystemFgService: Unable to start foreground service
09-07 15:47:40.184 15977 15977 W WM-SystemFgService: android.app.ForegroundServiceStartNotAllowedException: FGS type dataSync not allowed to start from BOOT_COMPLETED!
09-07 15:47:40.184 15977 15977 W WM-SystemFgService: 	at android.app.ForegroundServiceStartNotAllowedException$1.createFromParcel(ForegroundServiceStartNotAllowedException.java:54)
09-07 15:47:40.184 15977 15977 W WM-SystemFgService: 	at android.app.ForegroundServiceStartNotAllowedException$1.createFromParcel(ForegroundServiceStartNotAllowedException.java:50)
09-07 15:47:40.184 15977 15977 W WM-SystemFgService: 	at android.os.Parcel.readParcelableInternal(Parcel.java:5229)
09-07 15:47:40.184 15977 15977 W WM-SystemFgService: 	at android.os.Parcel.readParcelable(Parcel.java:5211)
09-07 15:47:40.184 15977 15977 W WM-SystemFgService: 	at android.os.Parcel.createExceptionOrNull(Parcel.java:3349)
09-07 15:47:40.184 15977 15977 W WM-SystemFgService: 	at android.os.Parcel.createException(Parcel.java:3338)
09-07 15:47:40.184 15977 15977 W WM-SystemFgService: 	at android.os.Parcel.readException(Parcel.java:3321)
09-07 15:47:40.184 15977 15977 W WM-SystemFgService: 	at android.os.Parcel.readException(Parcel.java:3263)
09-07 15:47:40.184 15977 15977 W WM-SystemFgService: 	at android.app.IActivityManager$Stub$Proxy.setServiceForeground(IActivityManager.java:7539)
09-07 15:47:40.184 15977 15977 W WM-SystemFgService: 	at android.app.Service.startForeground(Service.java:863)
09-07 15:47:40.184 15977 15977 W WM-SystemFgService: 	at androidx.work.impl.foreground.SystemForegroundService$Api31Impl.startForeground(SystemForegroundService.java:192)
09-07 15:47:40.184 15977 15977 W WM-SystemFgService: 	at androidx.work.impl.foreground.SystemForegroundService.startForeground(SystemForegroundService.java:141)
09-07 15:47:40.184 15977 15977 W WM-SystemFgService: 	at androidx.work.impl.foreground.SystemForegroundDispatcher.handleNotify(SystemForegroundDispatcher.java:332)
09-07 15:47:40.184 15977 15977 W WM-SystemFgService: 	at androidx.work.impl.foreground.SystemForegroundDispatcher.onStartCommand(SystemForegroundDispatcher.java:223)
09-07 15:47:40.184 15977 15977 W WM-SystemFgService: 	at androidx.work.impl.foreground.SystemForegroundService.onStartCommand(SystemForegroundService.java:80)
09-07 15:47:40.184 15977 15977 W WM-SystemFgService: 	at android.app.ActivityThread.handleServiceArgs(ActivityThread.java:6087)
09-07 15:47:40.184 15977 15977 W WM-SystemFgService: 	at android.app.ActivityThread.-$$Nest$mhandleServiceArgs(ActivityThread.java:0)
09-07 15:47:40.184 15977 15977 W WM-SystemFgService: 	at android.app.ActivityThread$H.handleMessage(ActivityThread.java:2974)
09-07 15:47:40.184 15977 15977 W WM-SystemFgService: 	at android.os.Handler.dispatchMessage(Handler.java:110)
09-07 15:47:40.184 15977 15977 W WM-SystemFgService: 	at android.os.Looper.loopOnce(Looper.java:273)
09-07 15:47:40.184 15977 15977 W WM-SystemFgService: 	at android.os.Looper.loop(Looper.java:363)
09-07 15:47:40.184 15977 15977 W WM-SystemFgService: 	at android.app.ActivityThread.main(ActivityThread.java:10060)
09-07 15:47:40.184 15977 15977 W WM-SystemFgService: 	at java.lang.reflect.Method.invoke(Native Method)
09-07 15:47:40.184 15977 15977 W WM-SystemFgService: 	at com.android.internal.os.RuntimeInit$MethodAndArgsCaller.run(RuntimeInit.java:632)
09-07 15:47:40.184 15977 15977 W WM-SystemFgService: 	at com.android.internal.os.ZygoteInit.main(ZygoteInit.java:975)
09-07 15:47:41.095 15977 15977 D WM-SystemJobService: onStartJob for WorkGenerationalId(workSpecId=10727e44-d275-4c4d-97de-70f8f6daab0d, generation=0)
09-07 15:47:41.096 15977 16016 D WM-Processor: Work WorkGenerationalId(workSpecId=10727e44-d275-4c4d-97de-70f8f6daab0d, generation=0) is already enqueued for processing
09-07 15:47:41.380 15977 16000 D RuntimeLogStore: openWriter: rotate:plain_snapshot:receiver_boot_completed -> /data/user/0/com.negi.survey/files/diagnostics/runtime_logs/rtlog_20260907_124741_380_pid15977_seq2.log (bytes=0 format=LEGACY)
09-07 15:47:41.380 15977 16000 D RuntimeLogStore: retention: rotate:plain_snapshot:receiver_boot_completed files=3 kept=3 totalBytes=81967
09-07 15:47:41.383 15977 16009 D github_upload: doRuntimeLogsUpload: remoteBaseDir=diagnostics/runtime_logs/2026-09-07/runtime_logs_startup_runtime_20260907_124740_eedf3b37_receiver_boot_completed toUpload=3 bytes=83159 dedupe=true deleteSource=true deletedSourcePre=0 preview='plain_logs_manifest_20260907_124741_380_pid15977_receiver_boot_completed.json|runtime_log_20260907_124741_380_pid15977_receiver_boot_completed__rtlog_20260907_124740_031_pid15977_seq1.log|runtime_log_20260907_124741_380_pid15977_receiver_boot_completed__rtlog_20260907_073400_839_pid29545_seq2.log'
09-07 15:47:41.383 15977 16009 D GitHubUploader: uploadStream: owner=ishizuki-tech repo=SurveyExports branch=main path=diagnostics/runtime_logs/2026-09-07/runtime_logs_startup_runtime_20260907_124740_eedf3b37_receiver_boot_completed/plain_logs_manifest_20260907_124741_380_pid15977_receiver_boot_completed.json size=1530 maxRawBytesHint=1000000 maxRequestBytesHint=2800000
09-07 15:47:41.384 15977 16026 D WM-WorkProgressUpdater: Updating progress for 10727e44-d275-4c4d-97de-70f8f6daab0d (Data {pct : 10, mode : startup_runtime_logs})
09-07 15:47:41.385 15977 16026 I WM-Processor: Moving WorkSpec (10727e44-d275-4c4d-97de-70f8f6daab0d) to the foreground
09-07 15:47:41.386 15977 15977 D WM-SystemFgDispatcher: Notifying with (id:3713, workSpecId: 10727e44-d275-4c4d-97de-70f8f6daab0d, notificationType :1)
09-07 15:47:41.386 15977 15977 I NotificationManager: com.negi.survey: notify(3713, null, Notification(channel=uploads shortcut=null contentView=null vibrate=null sound=null defaults=0 flags=ONGOING_EVENT|ONLY_ALERT_ONCE color=0x00000000 category=progress vis=PRIVATE semFlags=0x0 semPriority=0 semMissedCount=0)) as user
09-07 15:47:41.388 15977 15977 W WM-SystemFgService: Unable to start foreground service
09-07 15:47:41.388 15977 15977 W WM-SystemFgService: android.app.ForegroundServiceStartNotAllowedException: FGS type dataSync not allowed to start from BOOT_COMPLETED!
09-07 15:47:41.388 15977 15977 W WM-SystemFgService: 	at android.app.ForegroundServiceStartNotAllowedException$1.createFromParcel(ForegroundServiceStartNotAllowedException.java:54)
09-07 15:47:41.388 15977 15977 W WM-SystemFgService: 	at android.app.ForegroundServiceStartNotAllowedException$1.createFromParcel(ForegroundServiceStartNotAllowedException.java:50)
09-07 15:47:41.388 15977 15977 W WM-SystemFgService: 	at android.os.Parcel.readParcelableInternal(Parcel.java:5229)
09-07 15:47:41.388 15977 15977 W WM-SystemFgService: 	at android.os.Parcel.readParcelable(Parcel.java:5211)
09-07 15:47:41.388 15977 15977 W WM-SystemFgService: 	at android.os.Parcel.createExceptionOrNull(Parcel.java:3349)
09-07 15:47:41.388 15977 15977 W WM-SystemFgService: 	at android.os.Parcel.createException(Parcel.java:3338)
09-07 15:47:41.388 15977 15977 W WM-SystemFgService: 	at android.os.Parcel.readException(Parcel.java:3321)
09-07 15:47:41.388 15977 15977 W WM-SystemFgService: 	at android.os.Parcel.readException(Parcel.java:3263)
09-07 15:47:41.388 15977 15977 W WM-SystemFgService: 	at android.app.IActivityManager$Stub$Proxy.setServiceForeground(IActivityManager.java:7539)
09-07 15:47:41.388 15977 15977 W WM-SystemFgService: 	at android.app.Service.startForeground(Service.java:863)
09-07 15:47:41.388 15977 15977 W WM-SystemFgService: 	at androidx.work.impl.foreground.SystemForegroundService$Api31Impl.startForeground(SystemForegroundService.java:192)
09-07 15:47:41.388 15977 15977 W WM-SystemFgService: 	at androidx.work.impl.foreground.SystemForegroundService.startForeground(SystemForegroundService.java:141)
09-07 15:47:41.388 15977 15977 W WM-SystemFgService: 	at androidx.work.impl.foreground.SystemForegroundDispatcher.handleNotify(SystemForegroundDispatcher.java:332)
09-07 15:47:41.388 15977 15977 W WM-SystemFgService: 	at androidx.work.impl.foreground.SystemForegroundDispatcher.onStartCommand(SystemForegroundDispatcher.java:223)
09-07 15:47:41.388 15977 15977 W WM-SystemFgService: 	at androidx.work.impl.foreground.SystemForegroundService.onStartCommand(SystemForegroundService.java:80)
09-07 15:47:41.388 15977 15977 W WM-SystemFgService: 	at android.app.ActivityThread.handleServiceArgs(ActivityThread.java:6087)
09-07 15:47:41.388 15977 15977 W WM-SystemFgService: 	at android.app.ActivityThread.-$$Nest$mhandleServiceArgs(ActivityThread.java:0)
09-07 15:47:41.388 15977 15977 W WM-SystemFgService: 	at android.app.ActivityThread$H.handleMessage(ActivityThread.java:2974)
09-07 15:47:41.388 15977 15977 W WM-SystemFgService: 	at android.os.Handler.dispatchMessage(Handler.java:110)
09-07 15:47:41.388 15977 15977 W WM-SystemFgService: 	at android.os.Looper.loopOnce(Looper.java:273)
09-07 15:47:41.388 15977 15977 W WM-SystemFgService: 	at android.os.Looper.loop(Looper.java:363)
09-07 15:47:41.388 15977 15977 W WM-SystemFgService: 	at android.app.ActivityThread.main(ActivityThread.java:10060)
09-07 15:47:41.388 15977 15977 W WM-SystemFgService: 	at java.lang.reflect.Method.invoke(Native Method)
09-07 15:47:41.388 15977 15977 W WM-SystemFgService: 	at com.android.internal.os.RuntimeInit$MethodAndArgsCaller.run(RuntimeInit.java:632)
09-07 15:47:41.388 15977 15977 W WM-SystemFgService: 	at com.android.internal.os.ZygoteInit.main(ZygoteInit.java:975)
09-07 15:47:42.066 15977 16016 D WM-WorkProgressUpdater: Updating progress for 10727e44-d275-4c4d-97de-70f8f6daab0d (Data {pct : 12, mode : startup_runtime_logs})
09-07 15:47:42.069 15977 16016 I WM-Processor: Moving WorkSpec (10727e44-d275-4c4d-97de-70f8f6daab0d) to the foreground
09-07 15:47:42.073 15977 16016 D WM-WorkProgressUpdater: Updating progress for 10727e44-d275-4c4d-97de-70f8f6daab0d (Data {pct : 33, mode : startup_runtime_logs})
09-07 15:47:42.073 15977 15977 D WM-SystemFgDispatcher: Notifying with (id:3713, workSpecId: 10727e44-d275-4c4d-97de-70f8f6daab0d, notificationType :1)
09-07 15:47:42.073 15977 15977 I NotificationManager: com.negi.survey: notify(3713, null, Notification(channel=uploads shortcut=null contentView=null vibrate=null sound=null defaults=0 flags=ONGOING_EVENT|ONLY_ALERT_ONCE color=0x00000000 category=progress vis=PRIVATE semFlags=0x0 semPriority=0 semMissedCount=0)) as user
09-07 15:47:42.075 15977 16016 I WM-Processor: Moving WorkSpec (10727e44-d275-4c4d-97de-70f8f6daab0d) to the foreground
09-07 15:47:42.075 15977 15977 W WM-SystemFgService: Unable to start foreground service
09-07 15:47:42.075 15977 15977 W WM-SystemFgService: android.app.ForegroundServiceStartNotAllowedException: FGS type dataSync not allowed to start from BOOT_COMPLETED!
09-07 15:47:42.075 15977 15977 W WM-SystemFgService: 	at android.app.ForegroundServiceStartNotAllowedException$1.createFromParcel(ForegroundServiceStartNotAllowedException.java:54)
09-07 15:47:42.075 15977 15977 W WM-SystemFgService: 	at android.app.ForegroundServiceStartNotAllowedException$1.createFromParcel(ForegroundServiceStartNotAllowedException.java:50)
09-07 15:47:42.075 15977 15977 W WM-SystemFgService: 	at android.os.Parcel.readParcelableInternal(Parcel.java:5229)
09-07 15:47:42.075 15977 15977 W WM-SystemFgService: 	at android.os.Parcel.readParcelable(Parcel.java:5211)
09-07 15:47:42.075 15977 15977 W WM-SystemFgService: 	at android.os.Parcel.createExceptionOrNull(Parcel.java:3349)
09-07 15:47:42.075 15977 15977 W WM-SystemFgService: 	at android.os.Parcel.createException(Parcel.java:3338)
09-07 15:47:42.075 15977 15977 W WM-SystemFgService: 	at android.os.Parcel.readException(Parcel.java:3321)
09-07 15:47:42.075 15977 15977 W WM-SystemFgService: 	at android.os.Parcel.readException(Parcel.java:3263)
09-07 15:47:42.075 15977 15977 W WM-SystemFgService: 	at android.app.IActivityManager$Stub$Proxy.setServiceForeground(IActivityManager.java:7539)
09-07 15:47:42.075 15977 15977 W WM-SystemFgService: 	at android.app.Service.startForeground(Service.java:863)
09-07 15:47:42.075 15977 15977 W WM-SystemFgService: 	at androidx.work.impl.foreground.SystemForegroundService$Api31Impl.startForeground(SystemForegroundService.java:192)
09-07 15:47:42.075 15977 15977 W WM-SystemFgService: 	at androidx.work.impl.foreground.SystemForegroundService.startForeground(SystemForegroundService.java:141)
09-07 15:47:42.075 15977 15977 W WM-SystemFgService: 	at androidx.work.impl.foreground.SystemForegroundDispatcher.handleNotify(SystemForegroundDispatcher.java:332)
09-07 15:47:42.075 15977 15977 W WM-SystemFgService: 	at androidx.work.impl.foreground.SystemForegroundDispatcher.onStartCommand(SystemForegroundDispatcher.java:223)
09-07 15:47:42.075 15977 15977 W WM-SystemFgService: 	at androidx.work.impl.foreground.SystemForegroundService.onStartCommand(SystemForegroundService.java:80)
09-07 15:47:42.075 15977 15977 W WM-SystemFgService: 	at android.app.ActivityThread.handleServiceArgs(ActivityThread.java:6087)
09-07 15:47:42.075 15977 15977 W WM-SystemFgService: 	at android.app.ActivityThread.-$$Nest$mhandleServiceArgs(ActivityThread.java:0)
09-07 15:47:42.075 15977 15977 W WM-SystemFgService: 	at android.app.ActivityThread$H.handleMessage(ActivityThread.java:2974)
09-07 15:47:42.075 15977 15977 W WM-SystemFgService: 	at android.os.Handler.dispatchMessage(Handler.java:110)
09-07 15:47:42.075 15977 15977 W WM-SystemFgService: 	at android.os.Looper.loopOnce(Looper.java:273)
09-07 15:47:42.075 15977 15977 W WM-SystemFgService: 	at android.os.Looper.loop(Looper.java:363)
09-07 15:47:42.075 15977 15977 W WM-SystemFgService: 	at android.app.ActivityThread.main(ActivityThread.java:10060)
09-07 15:47:42.075 15977 15977 W WM-SystemFgService: 	at java.lang.reflect.Method.invoke(Native Method)
09-07 15:47:42.075 15977 15977 W WM-SystemFgService: 	at com.android.internal.os.RuntimeInit$MethodAndArgsCaller.run(RuntimeInit.java:632)
09-07 15:47:42.075 15977 15977 W WM-SystemFgService: 	at com.android.internal.os.ZygoteInit.main(ZygoteInit.java:975)
09-07 15:47:42.075 15977 15977 D WM-SystemFgDispatcher: Notifying with (id:3713, workSpecId: 10727e44-d275-4c4d-97de-70f8f6daab0d, notificationType :1)
09-07 15:47:42.075 15977 15977 I NotificationManager: com.negi.survey: notify(3713, null, Notification(channel=uploads shortcut=null contentView=null vibrate=null sound=null defaults=0 flags=ONGOING_EVENT|ONLY_ALERT_ONCE color=0x00000000 category=progress vis=PRIVATE semFlags=0x0 semPriority=0 semMissedCount=0)) as user
09-07 15:47:42.076 15977 15977 W WM-SystemFgService: Unable to start foreground service
09-07 15:47:42.076 15977 15977 W WM-SystemFgService: android.app.ForegroundServiceStartNotAllowedException: FGS type dataSync not allowed to start from BOOT_COMPLETED!
09-07 15:47:42.076 15977 15977 W WM-SystemFgService: 	at android.app.ForegroundServiceStartNotAllowedException$1.createFromParcel(ForegroundServiceStartNotAllowedException.java:54)
09-07 15:47:42.076 15977 15977 W WM-SystemFgService: 	at android.app.ForegroundServiceStartNotAllowedException$1.createFromParcel(ForegroundServiceStartNotAllowedException.java:50)
09-07 15:47:42.076 15977 15977 W WM-SystemFgService: 	at android.os.Parcel.readParcelableInternal(Parcel.java:5229)
09-07 15:47:42.076 15977 15977 W WM-SystemFgService: 	at android.os.Parcel.readParcelable(Parcel.java:5211)
09-07 15:47:42.076 15977 15977 W WM-SystemFgService: 	at android.os.Parcel.createExceptionOrNull(Parcel.java:3349)
09-07 15:47:42.076 15977 15977 W WM-SystemFgService: 	at android.os.Parcel.createException(Parcel.java:3338)
09-07 15:47:42.076 15977 15977 W WM-SystemFgService: 	at android.os.Parcel.readException(Parcel.java:3321)
09-07 15:47:42.076 15977 15977 W WM-SystemFgService: 	at android.os.Parcel.readException(Parcel.java:3263)
09-07 15:47:42.076 15977 15977 W WM-SystemFgService: 	at android.app.IActivityManager$Stub$Proxy.setServiceForeground(IActivityManager.java:7539)
09-07 15:47:42.076 15977 15977 W WM-SystemFgService: 	at android.app.Service.startForeground(Service.java:863)
09-07 15:47:42.076 15977 15977 W WM-SystemFgService: 	at androidx.work.impl.foreground.SystemForegroundService$Api31Impl.startForeground(SystemForegroundService.java:192)
09-07 15:47:42.076 15977 15977 W WM-SystemFgService: 	at androidx.work.impl.foreground.SystemForegroundService.startForeground(SystemForegroundService.java:141)
09-07 15:47:42.076 15977 15977 W WM-SystemFgService: 	at androidx.work.impl.foreground.SystemForegroundDispatcher.handleNotify(SystemForegroundDispatcher.java:332)
09-07 15:47:42.076 15977 15977 W WM-SystemFgService: 	at androidx.work.impl.foreground.SystemForegroundDispatcher.onStartCommand(SystemForegroundDispatcher.java:223)
09-07 15:47:42.076 15977 15977 W WM-SystemFgService: 	at androidx.work.impl.foreground.SystemForegroundService.onStartCommand(SystemForegroundService.java:80)
09-07 15:47:42.076 15977 15977 W WM-SystemFgService: 	at android.app.ActivityThread.handleServiceArgs(ActivityThread.java:6087)
09-07 15:47:42.076 15977 15977 W WM-SystemFgService: 	at android.app.ActivityThread.-$$Nest$mhandleServiceArgs(ActivityThread.java:0)
09-07 15:47:42.076 15977 15977 W WM-SystemFgService: 	at android.app.ActivityThread$H.handleMessage(ActivityThread.java:2974)
09-07 15:47:42.076 15977 15977 W WM-SystemFgService: 	at android.os.Handler.dispatchMessage(Handler.java:110)
09-07 15:47:42.076 15977 15977 W WM-SystemFgService: 	at android.os.Looper.loopOnce(Looper.java:273)
09-07 15:47:42.076 15977 15977 W WM-SystemFgService: 	at android.os.Looper.loop(Looper.java:363)
09-07 15:47:42.076 15977 15977 W WM-SystemFgService: 	at android.app.ActivityThread.main(ActivityThread.java:10060)
09-07 15:47:42.076 15977 15977 W WM-SystemFgService: 	at java.lang.reflect.Method.invoke(Native Method)
09-07 15:47:42.076 15977 15977 W WM-SystemFgService: 	at com.android.internal.os.RuntimeInit$MethodAndArgsCaller.run(RuntimeInit.java:632)
09-07 15:47:42.076 15977 15977 W WM-SystemFgService: 	at com.android.internal.os.ZygoteInit.main(ZygoteInit.java:975)
09-07 15:47:42.593 15977 15977 D github_upload: enqueueStartupRuntimeLogsUpload: uniqueName=upload_runtime_logs_startup policy=KEEP session=startup_runtime_20260907_124742_a8673303
09-07 15:47:42.593 15977 15977 D github_upload: enqueueStartupRingLogsUpload: uniqueName=upload_ring_logs_startup policy=KEEP session=startup_ring_20260907_124742_93964f21
09-07 15:47:42.593 15977 16784 D CrashCapture: enqueuePendingCrashUploadsIfPossible enter where=SurveyApp:enqueuePending(immediate):bg pid=15977 thread=CrashCapture-Enqueue
09-07 15:47:42.599 15977 16029 D WM-SystemJobScheduler: Scheduling work ID 214e9c65-f12d-4631-8bab-0cddd73c4e37Job ID 3
09-07 15:47:42.600 15977 15977 D WM-SystemJobService: onStartJob for WorkGenerationalId(workSpecId=214e9c65-f12d-4631-8bab-0cddd73c4e37, generation=0)
09-07 15:47:42.600 15977 16029 D WM-GreedyScheduler: Starting tracking for 214e9c65-f12d-4631-8bab-0cddd73c4e37
09-07 15:47:42.601 15977 16029 D WM-Processor: Processor: processing WorkGenerationalId(workSpecId=214e9c65-f12d-4631-8bab-0cddd73c4e37, generation=0)
09-07 15:47:42.603 15977 15977 D WM-WorkerWrapper: Starting work for com.negi.survey.net.GitHubUploadWorker
09-07 15:47:42.603 15977 16029 D WM-WorkConstraintsTrack: NetworkRequestConstraintController send initial capabilities
09-07 15:47:42.603 15977 16029 D WM-GreedyScheduler: Constraints met: Scheduling work ID WorkGenerationalId(workSpecId=214e9c65-f12d-4631-8bab-0cddd73c4e37, generation=0)
09-07 15:47:42.604 15977 16029 I WM-Processor: Moving WorkSpec (214e9c65-f12d-4631-8bab-0cddd73c4e37) to the foreground
09-07 15:47:42.605 15977 15977 I WM-SystemFgDispatcher: Started foreground service Intent { act=ACTION_START_FOREGROUND xflg=0x4 cmp=com.negi.survey/androidx.work.impl.foreground.SystemForegroundService (has extras) }
09-07 15:47:42.605 15977 15977 D WM-SystemFgDispatcher: Notifying with (id:6680, workSpecId: 214e9c65-f12d-4631-8bab-0cddd73c4e37, notificationType :1)
09-07 15:47:42.605 15977 15977 I NotificationManager: com.negi.survey: notify(6680, null, Notification(channel=uploads shortcut=null contentView=null vibrate=null sound=null defaults=0 flags=ONGOING_EVENT|ONLY_ALERT_ONCE color=0x00000000 category=progress vis=PRIVATE semFlags=0x0 semPriority=0 semMissedCount=0)) as user
09-07 15:47:42.606 15977 16029 D WM-Processor: Work WorkGenerationalId(workSpecId=214e9c65-f12d-4631-8bab-0cddd73c4e37, generation=0) is already enqueued for processing
09-07 15:47:42.606 15977 16029 D WM-WorkProgressUpdater: Updating progress for 214e9c65-f12d-4631-8bab-0cddd73c4e37 (Data {pct : 3, mode : startup_ring_logs})
09-07 15:47:42.606 15977 15977 W WM-SystemFgService: Unable to start foreground service
09-07 15:47:42.606 15977 15977 W WM-SystemFgService: android.app.ForegroundServiceStartNotAllowedException: FGS type dataSync not allowed to start from BOOT_COMPLETED!
09-07 15:47:42.606 15977 15977 W WM-SystemFgService: 	at android.app.ForegroundServiceStartNotAllowedException$1.createFromParcel(ForegroundServiceStartNotAllowedException.java:54)
09-07 15:47:42.606 15977 15977 W WM-SystemFgService: 	at android.app.ForegroundServiceStartNotAllowedException$1.createFromParcel(ForegroundServiceStartNotAllowedException.java:50)
09-07 15:47:42.606 15977 15977 W WM-SystemFgService: 	at android.os.Parcel.readParcelableInternal(Parcel.java:5229)
09-07 15:47:42.606 15977 15977 W WM-SystemFgService: 	at android.os.Parcel.readParcelable(Parcel.java:5211)
09-07 15:47:42.606 15977 15977 W WM-SystemFgService: 	at android.os.Parcel.createExceptionOrNull(Parcel.java:3349)
09-07 15:47:42.606 15977 15977 W WM-SystemFgService: 	at android.os.Parcel.createException(Parcel.java:3338)
09-07 15:47:42.606 15977 15977 W WM-SystemFgService: 	at android.os.Parcel.readException(Parcel.java:3321)
09-07 15:47:42.606 15977 15977 W WM-SystemFgService: 	at android.os.Parcel.readException(Parcel.java:3263)
09-07 15:47:42.606 15977 15977 W WM-SystemFgService: 	at android.app.IActivityManager$Stub$Proxy.setServiceForeground(IActivityManager.java:7539)
09-07 15:47:42.606 15977 15977 W WM-SystemFgService: 	at android.app.Service.startForeground(Service.java:863)
09-07 15:47:42.606 15977 15977 W WM-SystemFgService: 	at androidx.work.impl.foreground.SystemForegroundService$Api31Impl.startForeground(SystemForegroundService.java:192)
09-07 15:47:42.606 15977 15977 W WM-SystemFgService: 	at androidx.work.impl.foreground.SystemForegroundService.startForeground(SystemForegroundService.java:141)
09-07 15:47:42.606 15977 15977 W WM-SystemFgService: 	at androidx.work.impl.foreground.SystemForegroundDispatcher.handleNotify(SystemForegroundDispatcher.java:332)
09-07 15:47:42.606 15977 15977 W WM-SystemFgService: 	at androidx.work.impl.foreground.SystemForegroundDispatcher.onStartCommand(SystemForegroundDispatcher.java:221)
09-07 15:47:42.606 15977 15977 W WM-SystemFgService: 	at androidx.work.impl.foreground.SystemForegroundService.onStartCommand(SystemForegroundService.java:80)
09-07 15:47:42.606 15977 15977 W WM-SystemFgService: 	at android.app.ActivityThread.handleServiceArgs(ActivityThread.java:6087)
09-07 15:47:42.606 15977 15977 W WM-SystemFgService: 	at android.app.ActivityThread.-$$Nest$mhandleServiceArgs(ActivityThread.java:0)
09-07 15:47:42.606 15977 15977 W WM-SystemFgService: 	at android.app.ActivityThread$H.handleMessage(ActivityThread.java:2974)
09-07 15:47:42.606 15977 15977 W WM-SystemFgService: 	at android.os.Handler.dispatchMessage(Handler.java:110)
09-07 15:47:42.606 15977 15977 W WM-SystemFgService: 	at android.os.Looper.loopOnce(Looper.java:273)
09-07 15:47:42.606 15977 15977 W WM-SystemFgService: 	at android.os.Looper.loop(Looper.java:363)
09-07 15:47:42.606 15977 15977 W WM-SystemFgService: 	at android.app.ActivityThread.main(ActivityThread.java:10060)
09-07 15:47:42.606 15977 15977 W WM-SystemFgService: 	at java.lang.reflect.Method.invoke(Native Method)
09-07 15:47:42.606 15977 15977 W WM-SystemFgService: 	at com.android.internal.os.RuntimeInit$MethodAndArgsCaller.run(RuntimeInit.java:632)
09-07 15:47:42.606 15977 15977 W WM-SystemFgService: 	at com.android.internal.os.ZygoteInit.main(ZygoteInit.java:975)
09-07 15:47:42.606 15977 15977 D WM-SystemFgDispatcher: Notifying with (id:6680, workSpecId: 214e9c65-f12d-4631-8bab-0cddd73c4e37, notificationType :1)
09-07 15:47:42.606 15977 15977 I NotificationManager: com.negi.survey: notify(6680, null, Notification(channel=uploads shortcut=null contentView=null vibrate=null sound=null defaults=0 flags=ONGOING_EVENT|ONLY_ALERT_ONCE color=0x00000000 category=progress vis=PRIVATE semFlags=0x0 semPriority=0 semMissedCount=0)) as user
09-07 15:47:42.607 15977 16029 I WM-Processor: Moving WorkSpec (214e9c65-f12d-4631-8bab-0cddd73c4e37) to the foreground
09-07 15:47:42.607 15977 15977 W WM-SystemFgService: Unable to start foreground service
09-07 15:47:42.607 15977 15977 W WM-SystemFgService: android.app.ForegroundServiceStartNotAllowedException: FGS type dataSync not allowed to start from BOOT_COMPLETED!
09-07 15:47:42.607 15977 15977 W WM-SystemFgService: 	at android.app.ForegroundServiceStartNotAllowedException$1.createFromParcel(ForegroundServiceStartNotAllowedException.java:54)
09-07 15:47:42.607 15977 15977 W WM-SystemFgService: 	at android.app.ForegroundServiceStartNotAllowedException$1.createFromParcel(ForegroundServiceStartNotAllowedException.java:50)
09-07 15:47:42.607 15977 15977 W WM-SystemFgService: 	at android.os.Parcel.readParcelableInternal(Parcel.java:5229)
09-07 15:47:42.607 15977 15977 W WM-SystemFgService: 	at android.os.Parcel.readParcelable(Parcel.java:5211)
09-07 15:47:42.607 15977 15977 W WM-SystemFgService: 	at android.os.Parcel.createExceptionOrNull(Parcel.java:3349)
09-07 15:47:42.607 15977 15977 W WM-SystemFgService: 	at android.os.Parcel.createException(Parcel.java:3338)
09-07 15:47:42.607 15977 15977 W WM-SystemFgService: 	at android.os.Parcel.readException(Parcel.java:3321)
09-07 15:47:42.607 15977 15977 W WM-SystemFgService: 	at android.os.Parcel.readException(Parcel.java:3263)
09-07 15:47:42.607 15977 15977 W WM-SystemFgService: 	at android.app.IActivityManager$Stub$Proxy.setServiceForeground(IActivityManager.java:7539)
09-07 15:47:42.607 15977 15977 W WM-SystemFgService: 	at android.app.Service.startForeground(Service.java:863)
09-07 15:47:42.607 15977 15977 W WM-SystemFgService: 	at androidx.work.impl.foreground.SystemForegroundService$Api31Impl.startForeground(SystemForegroundService.java:192)
09-07 15:47:42.607 15977 15977 W WM-SystemFgService: 	at androidx.work.impl.foreground.SystemForegroundService.startForeground(SystemForegroundService.java:141)
09-07 15:47:42.607 15977 15977 W WM-SystemFgService: 	at androidx.work.impl.foreground.SystemForegroundDispatcher.handleNotify(SystemForegroundDispatcher.java:332)
09-07 15:47:42.607 15977 15977 W WM-SystemFgService: 	at androidx.work.impl.foreground.SystemForegroundDispatcher.onStartCommand(SystemForegroundDispatcher.java:223)
09-07 15:47:42.607 15977 15977 W WM-SystemFgService: 	at androidx.work.impl.foreground.SystemForegroundService.onStartCommand(SystemForegroundService.java:80)
09-07 15:47:42.607 15977 15977 W WM-SystemFgService: 	at android.app.ActivityThread.handleServiceArgs(ActivityThread.java:6087)
09-07 15:47:42.607 15977 15977 W WM-SystemFgService: 	at android.app.ActivityThread.-$$Nest$mhandleServiceArgs(ActivityThread.java:0)
09-07 15:47:42.607 15977 15977 W WM-SystemFgService: 	at android.app.ActivityThread$H.handleMessage(ActivityThread.java:2974)
09-07 15:47:42.607 15977 15977 W WM-SystemFgService: 	at android.os.Handler.dispatchMessage(Handler.java:110)
09-07 15:47:42.607 15977 15977 W WM-SystemFgService: 	at android.os.Looper.loopOnce(Looper.java:273)
09-07 15:47:42.607 15977 15977 W WM-SystemFgService: 	at android.os.Looper.loop(Looper.java:363)
09-07 15:47:42.607 15977 15977 W WM-SystemFgService: 	at android.app.ActivityThread.main(ActivityThread.java:10060)
09-07 15:47:42.607 15977 15977 W WM-SystemFgService: 	at java.lang.reflect.Method.invoke(Native Method)
09-07 15:47:42.607 15977 15977 W WM-SystemFgService: 	at com.android.internal.os.RuntimeInit$MethodAndArgsCaller.run(RuntimeInit.java:632)
09-07 15:47:42.607 15977 15977 W WM-SystemFgService: 	at com.android.internal.os.ZygoteInit.main(ZygoteInit.java:975)
09-07 15:47:42.607 15977 15977 D WM-SystemFgDispatcher: Notifying with (id:6680, workSpecId: 214e9c65-f12d-4631-8bab-0cddd73c4e37, notificationType :1)
09-07 15:47:42.607 15977 15977 I NotificationManager: com.negi.survey: notify(6680, null, Notification(channel=uploads shortcut=null contentView=null vibrate=null sound=null defaults=0 flags=ONGOING_EVENT|ONLY_ALERT_ONCE color=0x00000000 category=progress vis=PRIVATE semFlags=0x0 semPriority=0 semMissedCount=0)) as user
09-07 15:47:42.607 15977 16029 D WM-WorkConstraintsTrack: NetworkRequestConstraintController send initial capabilities
09-07 15:47:42.609 15977 15977 W WM-SystemFgService: Unable to start foreground service
09-07 15:47:42.609 15977 15977 W WM-SystemFgService: android.app.ForegroundServiceStartNotAllowedException: FGS type dataSync not allowed to start from BOOT_COMPLETED!
09-07 15:47:42.609 15977 15977 W WM-SystemFgService: 	at android.app.ForegroundServiceStartNotAllowedException$1.createFromParcel(ForegroundServiceStartNotAllowedException.java:54)
09-07 15:47:42.609 15977 15977 W WM-SystemFgService: 	at android.app.ForegroundServiceStartNotAllowedException$1.createFromParcel(ForegroundServiceStartNotAllowedException.java:50)
09-07 15:47:42.609 15977 15977 W WM-SystemFgService: 	at android.os.Parcel.readParcelableInternal(Parcel.java:5229)
09-07 15:47:42.609 15977 15977 W WM-SystemFgService: 	at android.os.Parcel.readParcelable(Parcel.java:5211)
09-07 15:47:42.609 15977 15977 W WM-SystemFgService: 	at android.os.Parcel.createExceptionOrNull(Parcel.java:3349)
09-07 15:47:42.609 15977 15977 W WM-SystemFgService: 	at android.os.Parcel.createException(Parcel.java:3338)
09-07 15:47:42.609 15977 15977 W WM-SystemFgService: 	at android.os.Parcel.readException(Parcel.java:3321)
09-07 15:47:42.609 15977 15977 W WM-SystemFgService: 	at android.os.Parcel.readException(Parcel.java:3263)
09-07 15:47:42.609 15977 15977 W WM-SystemFgService: 	at android.app.IActivityManager$Stub$Proxy.setServiceForeground(IActivityManager.java:7539)
09-07 15:47:42.609 15977 15977 W WM-SystemFgService: 	at android.app.Service.startForeground(Service.java:863)
09-07 15:47:42.609 15977 15977 W WM-SystemFgService: 	at androidx.work.impl.foreground.SystemForegroundService$Api31Impl.startForeground(SystemForegroundService.java:192)
09-07 15:47:42.609 15977 15977 W WM-SystemFgService: 	at androidx.work.impl.foreground.SystemForegroundService.startForeground(SystemForegroundService.java:141)
09-07 15:47:42.609 15977 15977 W WM-SystemFgService: 	at androidx.work.impl.foreground.SystemForegroundDispatcher.handleNotify(SystemForegroundDispatcher.java:332)
09-07 15:47:42.609 15977 15977 W WM-SystemFgService: 	at androidx.work.impl.foreground.SystemForegroundDispatcher.onStartCommand(SystemForegroundDispatcher.java:223)
09-07 15:47:42.609 15977 15977 W WM-SystemFgService: 	at androidx.work.impl.foreground.SystemForegroundService.onStartCommand(SystemForegroundService.java:80)
09-07 15:47:42.609 15977 15977 W WM-SystemFgService: 	at android.app.ActivityThread.handleServiceArgs(ActivityThread.java:6087)
09-07 15:47:42.609 15977 15977 W WM-SystemFgService: 	at android.app.ActivityThread.-$$Nest$mhandleServiceArgs(ActivityThread.java:0)
09-07 15:47:42.609 15977 15977 W WM-SystemFgService: 	at android.app.ActivityThread$H.handleMessage(ActivityThread.java:2974)
09-07 15:47:42.609 15977 15977 W WM-SystemFgService: 	at android.os.Handler.dispatchMessage(Handler.java:110)
09-07 15:47:42.609 15977 15977 W WM-SystemFgService: 	at android.os.Looper.loopOnce(Looper.java:273)
09-07 15:47:42.609 15977 15977 W WM-SystemFgService: 	at android.os.Looper.loop(Looper.java:363)
09-07 15:47:42.609 15977 15977 W WM-SystemFgService: 	at android.app.ActivityThread.main(ActivityThread.java:10060)
09-07 15:47:42.609 15977 15977 W WM-SystemFgService: 	at java.lang.reflect.Method.invoke(Native Method)
09-07 15:47:42.609 15977 15977 W WM-SystemFgService: 	at com.android.internal.os.RuntimeInit$MethodAndArgsCaller.run(RuntimeInit.java:632)
09-07 15:47:42.609 15977 15977 W WM-SystemFgService: 	at com.android.internal.os.ZygoteInit.main(ZygoteInit.java:975)
