=== RuntimeLogStore Header ===
ts=2026-09-04T10:06:22.053Z
fileNameFormat=LEGACY
appId=com.negi.survey
versionName=0.0.1
versionCode=36
debug=false
device=samsung SM-S936B
sdk=35
pid=11362
==============================
2026-09-04T10:06:22.053Z I/RuntimeLogStore [rtlog-io] --- rotated (reason=plain_snapshot:receiver_boot_completed) ---
2026-09-04T10:06:22.675Z W/SurveyApp [main] Deferred startup enqueues begin...
2026-09-04T10:06:22.675Z D/SurveyApp [main] WorkManager available. where=startupRtLogs(immediate) took=0ms
2026-09-04T10:06:22.675Z D/SurveyApp [main] Startup runtime logs target -> owner=ishizuki-tech repo=SurveyExports branch=main base='/diagnostics/runtime_logs'
2026-09-04T10:06:22.676Z D/SurveyApp [main] Startup runtime logs: enqueue requested (immediate).
2026-09-04T10:06:22.676Z D/SurveyApp [main] WorkManager available. where=startupRingLogs(immediate) took=0ms
2026-09-04T10:06:22.676Z D/SurveyApp [main] Startup ring logs target -> owner=ishizuki-tech repo=SurveyExports branch=main base='/diagnostics/applog_ring'
2026-09-04T10:06:22.677Z D/SurveyApp [main] Startup ring logs: enqueue requested (immediate).
2026-09-04T10:06:22.677Z D/SurveyApp [main] WorkManager available. where=enqueuePending(immediate) took=0ms
2026-09-04T10:06:22.677Z D/SurveyApp [main] CrashCapture pending uploads requested (immediate).
2026-09-04T10:06:22.677Z W/SurveyApp [main] Deferred startup enqueues done: took=2ms
2026-09-04T10:06:36.960Z D/LiteRtLM [DefaultDispatcher-worker-2] Initializing LiteRT-LM: model='Gemma3n4B', key='Gemma3n4B|/data/user/0/com.negi.survey/files/gemma-3n-E4B-it-int4.litertlm'
2026-09-04T10:06:36.961Z D/LiteRtLM [DefaultDispatcher-worker-2] Capabilities: image=false audio=false
2026-09-04T10:06:36.961Z D/LiteRtLM [DefaultDispatcher-worker-2] Backend=com.google.ai.edge.litertlm.Backend$GPU@7dc4564 maxNumTokens=4096 (raw=4096) topK=64 topP=0.95 temp=1.0
2026-09-04T10:06:36.961Z D/LiteRtLM [DefaultDispatcher-worker-2] Model path='/data/user/0/com.negi.survey/files/gemma-3n-E4B-it-int4.litertlm' sizeBytes=4919541760 lastModified=1788423644139
2026-09-04T10:06:36.961Z W/LiteRtLM [DefaultDispatcher-worker-2] Large maxNumTokens=4096 requested. This increases KV-cache capacity and memory pressure. For short survey JSON/follow-up generation, validate whether a smaller configured value is sufficient.
2026-09-04T10:06:36.961Z D/LiteRtLM [DefaultDispatcher-worker-2] LiteRT-LM native benchmark policy: enabled=false emulator=false
2026-09-04T10:06:36.961Z D/LiteRtLM [DefaultDispatcher-worker-2] Speculative decoding / MTP policy: enabled=false runtimeFlagUpdated=true model='Gemma3n4B'
2026-09-04T10:06:36.961Z D/LiteRtLM [DefaultDispatcher-worker-2] Engine cacheDir resolved: key='Gemma3n4B|/data/user/0/com.negi.survey/files/gemma-3n-E4B-it-int4.litertlm' backend=com.google.ai.edge.litertlm.Backend$GPU@7dc4564 path='/data/user/0/com.negi.survey/no_backup/litertlm_cache/3e3ac94123b696e8e07c60ce551ffca5c1e98ccd' filesBefore=2
2026-09-04T10:06:45.129Z W/LiteRtLM [DefaultDispatcher-worker-2] Engine.initialize completed: key='Gemma3n4B|/data/user/0/com.negi.survey/files/gemma-3n-E4B-it-int4.litertlm' backend=com.google.ai.edge.litertlm.Backend$GPU@7dc4564 took=8165ms cacheFilesAfter=2
2026-09-04T10:06:45.147Z D/LiteRtLM [DefaultDispatcher-worker-2] createConversation completed: key='Gemma3n4B|/data/user/0/com.negi.survey/files/gemma-3n-E4B-it-int4.litertlm' took=18ms
2026-09-04T10:06:45.149Z D/LiteRtLM [DefaultDispatcher-worker-2] LiteRT-LM initialization succeeded: model='Gemma3n4B', key='Gemma3n4B|/data/user/0/com.negi.survey/files/gemma-3n-E4B-it-int4.litertlm' engineMs=8165 conversationMs=18 totalMs=8189
2026-09-04T10:06:45.169Z D/AiTrace [main] Installed (enabled=false ringEnabled=true)
2026-09-04T10:06:45.171Z D/SurveyVM [main] init -> Start, session=0, uuid=b9e48f28-5f18-469b-9ce9-de677327376b, navSize=1, graphSize=20
2026-09-04T10:06:45.175Z D/SurveyVM [main] config.validate -> issues=0
2026-09-04T10:06:45.175Z D/SurveyVM [main] promptSources -> legacy=10, eval=0, follow=0
2026-09-04T10:06:45.175Z D/SurveyVM [main] promptSources.preview -> legacy=[Q10, Q11, Q12, Q13, Q14, Q15, Q16, Q17, Q8, Q9], eval=[], follow=[]
2026-09-04T10:06:45.175Z D/SurveyVM [main] hasTwoStepPrompt[Q10] -> false (eval=0, fu=0)
2026-09-04T10:06:45.175Z D/SurveyVM [main] hasTwoStepPrompt[Q11] -> false (eval=0, fu=0)
2026-09-04T10:06:45.175Z D/SurveyVM [main] hasTwoStepPrompt[Q12] -> false (eval=0, fu=0)
2026-09-04T10:06:45.175Z D/SurveyVM [main] hasTwoStepPrompt[Q13] -> false (eval=0, fu=0)
2026-09-04T10:06:45.175Z D/SurveyVM [main] hasTwoStepPrompt[Q14] -> false (eval=0, fu=0)
2026-09-04T10:06:45.175Z D/SurveyVM [main] hasTwoStepPrompt[Q15] -> false (eval=0, fu=0)
2026-09-04T10:06:45.175Z D/SurveyVM [main] hasTwoStepPrompt[Q16] -> false (eval=0, fu=0)
2026-09-04T10:06:45.175Z D/SurveyVM [main] hasTwoStepPrompt[Q17] -> false (eval=0, fu=0)
2026-09-04T10:06:45.175Z D/SurveyVM [main] hasTwoStepPrompt[Q8] -> false (eval=0, fu=0)
2026-09-04T10:06:45.175Z D/SurveyVM [main] hasTwoStepPrompt[Q9] -> false (eval=0, fu=0)
2026-09-04T10:06:45.175Z D/SurveyVM [main] AI prompt coverage OK (aiCount=10)
2026-09-04T10:06:45.229Z D/LiteRtLM [slm-jni] initializeIfNeeded: warm runtime already ready: key='Gemma3n4B|/data/user/0/com.negi.survey/files/gemma-3n-E4B-it-int4.litertlm'
2026-09-04T10:06:45.230Z D/LiteRtRepository [main] warmUp: initializeIfNeeded ok gateWaitMs=0 initMs=1
2026-09-04T10:06:45.230Z D/LiteRtRepository [main] warmUp: Engine ready; representative inference disabled totalMs=1
2026-09-04T10:06:50.467Z D/SurveyVM [main] resetAudioRefs -> cleared
2026-09-04T10:06:50.467Z D/SurveyVM [main] resetNavToStart -> key=com.negi.survey.vm.FlowHome@30bc53a, navSize=1
2026-09-04T10:06:50.467Z D/SurveyVM [main] resetToStart -> Start, session=1, uuid=4387c0ed-649f-49cf-b251-b5da7342053b, preserveDraft=true, draftLen=0
2026-09-04T10:06:50.468Z D/SurveyVM [main] activateRunIfNeeded(advanceToNext:Q1) -> runNoteLen=0, draftCleared=true, uuid=4387c0ed-649f-49cf-b251-b5da7342053b
2026-09-04T10:06:50.468Z D/SurveyVM [main] push -> Q1, navSize=2, stackSize=2
2026-09-04T10:07:01.995Z I/AiViewModel [main] onCleared: ViewModel is being cleared -> stopCurrentRunInternal()
2026-09-04T10:07:02.087Z D/LiteRtLM [DefaultDispatcher-worker-2] initializeIfNeeded: warm runtime already ready: key='Gemma3n4B|/data/user/0/com.negi.survey/files/gemma-3n-E4B-it-int4.litertlm'
2026-09-04T10:07:02.093Z D/AiTrace [main] Installed (enabled=false ringEnabled=true)
2026-09-04T10:07:02.093Z D/SurveyVM [main] resetNavToStart -> key=com.negi.survey.vm.FlowHome@30bc53a, navSize=1
2026-09-04T10:07:02.093Z D/SurveyVM [main] init -> Start, session=0, uuid=f56b779d-76ee-4498-b111-3b0da724dc49, navSize=1, graphSize=20
2026-09-04T10:07:02.094Z D/SurveyVM [main] config.validate -> issues=0
2026-09-04T10:07:02.094Z D/SurveyVM [main] promptSources -> legacy=10, eval=0, follow=0
2026-09-04T10:07:02.094Z D/SurveyVM [main] promptSources.preview -> legacy=[Q10, Q11, Q12, Q13, Q14, Q15, Q16, Q17, Q8, Q9], eval=[], follow=[]
2026-09-04T10:07:02.094Z D/SurveyVM [main] hasTwoStepPrompt[Q10] -> false (eval=0, fu=0)
2026-09-04T10:07:02.094Z D/SurveyVM [main] hasTwoStepPrompt[Q11] -> false (eval=0, fu=0)
2026-09-04T10:07:02.094Z D/SurveyVM [main] hasTwoStepPrompt[Q12] -> false (eval=0, fu=0)
2026-09-04T10:07:02.094Z D/SurveyVM [main] hasTwoStepPrompt[Q13] -> false (eval=0, fu=0)
2026-09-04T10:07:02.094Z D/SurveyVM [main] hasTwoStepPrompt[Q14] -> false (eval=0, fu=0)
2026-09-04T10:07:02.094Z D/SurveyVM [main] hasTwoStepPrompt[Q15] -> false (eval=0, fu=0)
2026-09-04T10:07:02.094Z D/SurveyVM [main] hasTwoStepPrompt[Q16] -> false (eval=0, fu=0)
2026-09-04T10:07:02.094Z D/SurveyVM [main] hasTwoStepPrompt[Q17] -> false (eval=0, fu=0)
2026-09-04T10:07:02.094Z D/SurveyVM [main] hasTwoStepPrompt[Q8] -> false (eval=0, fu=0)
2026-09-04T10:07:02.094Z D/SurveyVM [main] hasTwoStepPrompt[Q9] -> false (eval=0, fu=0)
2026-09-04T10:07:02.094Z D/SurveyVM [main] AI prompt coverage OK (aiCount=10)
2026-09-04T10:07:02.105Z D/LiteRtLM [slm-jni] initializeIfNeeded: warm runtime already ready: key='Gemma3n4B|/data/user/0/com.negi.survey/files/gemma-3n-E4B-it-int4.litertlm'
2026-09-04T10:07:02.105Z D/LiteRtRepository [main] warmUp: initializeIfNeeded ok gateWaitMs=0 initMs=1
2026-09-04T10:07:02.105Z D/LiteRtRepository [main] warmUp: Engine ready; representative inference disabled totalMs=1
2026-09-04T10:07:03.280Z I/AiViewModel [main] onCleared: ViewModel is being cleared -> stopCurrentRunInternal()
2026-09-04T10:07:03.329Z D/LiteRtLM [DefaultDispatcher-worker-2] initializeIfNeeded: warm runtime already ready: key='Gemma3n4B|/data/user/0/com.negi.survey/files/gemma-3n-E4B-it-int4.litertlm'
2026-09-04T10:07:03.335Z D/AiTrace [main] Installed (enabled=false ringEnabled=true)
2026-09-04T10:07:03.336Z D/SurveyVM [main] init -> Start, session=0, uuid=a12480cc-fca4-465b-a3ca-eb22768bcb01, navSize=1, graphSize=20
2026-09-04T10:07:03.338Z D/SurveyVM [main] config.validate -> issues=0
2026-09-04T10:07:03.338Z D/SurveyVM [main] promptSources -> legacy=10, eval=0, follow=0
2026-09-04T10:07:03.338Z D/SurveyVM [main] promptSources.preview -> legacy=[Q10, Q11, Q12, Q13, Q14, Q15, Q16, Q17, Q8, Q9], eval=[], follow=[]
2026-09-04T10:07:03.338Z D/SurveyVM [main] hasTwoStepPrompt[Q10] -> false (eval=0, fu=0)
2026-09-04T10:07:03.338Z D/SurveyVM [main] hasTwoStepPrompt[Q11] -> false (eval=0, fu=0)
2026-09-04T10:07:03.338Z D/SurveyVM [main] hasTwoStepPrompt[Q12] -> false (eval=0, fu=0)
2026-09-04T10:07:03.338Z D/SurveyVM [main] hasTwoStepPrompt[Q13] -> false (eval=0, fu=0)
2026-09-04T10:07:03.338Z D/SurveyVM [main] hasTwoStepPrompt[Q14] -> false (eval=0, fu=0)
2026-09-04T10:07:03.338Z D/SurveyVM [main] hasTwoStepPrompt[Q15] -> false (eval=0, fu=0)
2026-09-04T10:07:03.338Z D/SurveyVM [main] hasTwoStepPrompt[Q16] -> false (eval=0, fu=0)
2026-09-04T10:07:03.338Z D/SurveyVM [main] hasTwoStepPrompt[Q17] -> false (eval=0, fu=0)
2026-09-04T10:07:03.338Z D/SurveyVM [main] hasTwoStepPrompt[Q8] -> false (eval=0, fu=0)
2026-09-04T10:07:03.338Z D/SurveyVM [main] hasTwoStepPrompt[Q9] -> false (eval=0, fu=0)
2026-09-04T10:07:03.338Z D/SurveyVM [main] AI prompt coverage OK (aiCount=10)
2026-09-04T10:07:03.346Z D/LiteRtLM [slm-jni] initializeIfNeeded: warm runtime already ready: key='Gemma3n4B|/data/user/0/com.negi.survey/files/gemma-3n-E4B-it-int4.litertlm'
2026-09-04T10:07:03.347Z D/LiteRtRepository [main] warmUp: initializeIfNeeded ok gateWaitMs=0 initMs=0
2026-09-04T10:07:03.347Z D/LiteRtRepository [main] warmUp: Engine ready; representative inference disabled totalMs=0
2026-09-04T10:07:10.682Z D/SurveyVM [DefaultDispatcher-worker-2] addAudioRef -> q=__home_free_text__, file=voice_a12480cc-fca4-465b-a3ca-eb22768bcb01_home_free_text_20260904_100710.wav, sid=a12480cc-fca4-465b-a3ca-eb22768bcb01
2026-09-04T10:07:10.682Z D/SurveyVM [DefaultDispatcher-worker-2] onVoiceExported -> q=__home_free_text__, file=voice_a12480cc-fca4-465b-a3ca-eb22768bcb01_home_free_text_20260904_100710.wav, replace=false
2026-09-04T10:07:16.992Z D/SurveyVM [main] setRunFreeText(draft) -> len=39
2026-09-04T10:07:24.725Z D/SurveyVM [DefaultDispatcher-worker-2] addAudioRef -> q=__home_free_text__, file=voice_a12480cc-fca4-465b-a3ca-eb22768bcb01_home_free_text_20260904_100724.wav, sid=a12480cc-fca4-465b-a3ca-eb22768bcb01
2026-09-04T10:07:24.725Z D/SurveyVM [DefaultDispatcher-worker-2] onVoiceExported -> q=__home_free_text__, file=voice_a12480cc-fca4-465b-a3ca-eb22768bcb01_home_free_text_20260904_100724.wav, replace=false
2026-09-04T10:07:32.640Z D/SurveyVM [main] resetAudioRefs -> cleared
2026-09-04T10:07:32.640Z D/SurveyVM [main] resetNavToStart -> key=com.negi.survey.vm.FlowHome@30bc53a, navSize=1
2026-09-04T10:07:32.640Z D/SurveyVM [main] resetToStart -> Start, session=1, uuid=7551e173-e176-4300-8a70-7eeda930895f, preserveDraft=true, draftLen=39
2026-09-04T10:07:32.640Z D/SurveyVM [main] setRunFreeText(draft) -> len=39
2026-09-04T10:07:32.640Z D/SurveyVM [main] activateRunIfNeeded(advanceToNext:Q1) -> runNoteLen=39, draftCleared=true, uuid=7551e173-e176-4300-8a70-7eeda930895f
2026-09-04T10:07:32.640Z D/SurveyVM [main] push -> Q1, navSize=2, stackSize=2
2026-09-04T10:07:52.966Z D/SurveyVM [main] push -> Q2, navSize=3, stackSize=3
2026-09-04T10:08:02.700Z D/SurveyVM [main] push -> Q3, navSize=4, stackSize=4
2026-09-04T10:08:08.539Z D/SurveyVM [main] push -> Q4, navSize=5, stackSize=5
2026-09-04T10:08:14.237Z D/SurveyVM [main] push -> Q5, navSize=6, stackSize=6
2026-09-04T10:08:32.336Z D/SurveyVM [main] push -> Q6, navSize=7, stackSize=7
2026-09-04T10:08:40.260Z D/SurveyVM [main] push -> Q7, navSize=8, stackSize=8
2026-09-04T10:08:48.205Z D/SurveyVM [main] push -> Q8, navSize=9, stackSize=9
2026-09-04T10:08:48.221Z D/SurveyVM [main] hasTwoStepPrompt[Q8] -> false (eval=0, fu=0)
2026-09-04T10:08:54.216Z I/AiViewModel [main] onCleared: ViewModel is being cleared -> stopCurrentRunInternal()
2026-09-04T10:08:54.283Z D/LiteRtLM [DefaultDispatcher-worker-2] initializeIfNeeded: warm runtime already ready: key='Gemma3n4B|/data/user/0/com.negi.survey/files/gemma-3n-E4B-it-int4.litertlm'
2026-09-04T10:08:54.291Z D/AiTrace [main] Installed (enabled=false ringEnabled=true)
2026-09-04T10:08:54.291Z D/SurveyVM [main] resetNavToStart -> key=com.negi.survey.vm.FlowHome@30bc53a, navSize=1
2026-09-04T10:08:54.291Z D/SurveyVM [main] init -> Start, session=0, uuid=d3664824-d86c-4f19-9bb0-07492bf59486, navSize=1, graphSize=20
2026-09-04T10:08:54.292Z D/SurveyVM [main] config.validate -> issues=0
2026-09-04T10:08:54.292Z D/SurveyVM [main] promptSources -> legacy=10, eval=0, follow=0
2026-09-04T10:08:54.292Z D/SurveyVM [main] promptSources.preview -> legacy=[Q10, Q11, Q12, Q13, Q14, Q15, Q16, Q17, Q8, Q9], eval=[], follow=[]
2026-09-04T10:08:54.292Z D/SurveyVM [main] hasTwoStepPrompt[Q10] -> false (eval=0, fu=0)
2026-09-04T10:08:54.292Z D/SurveyVM [main] hasTwoStepPrompt[Q11] -> false (eval=0, fu=0)
2026-09-04T10:08:54.292Z D/SurveyVM [main] hasTwoStepPrompt[Q12] -> false (eval=0, fu=0)
2026-09-04T10:08:54.292Z D/SurveyVM [main] hasTwoStepPrompt[Q13] -> false (eval=0, fu=0)
2026-09-04T10:08:54.292Z D/SurveyVM [main] hasTwoStepPrompt[Q14] -> false (eval=0, fu=0)
2026-09-04T10:08:54.292Z D/SurveyVM [main] hasTwoStepPrompt[Q15] -> false (eval=0, fu=0)
2026-09-04T10:08:54.292Z D/SurveyVM [main] hasTwoStepPrompt[Q16] -> false (eval=0, fu=0)
2026-09-04T10:08:54.292Z D/SurveyVM [main] hasTwoStepPrompt[Q17] -> false (eval=0, fu=0)
2026-09-04T10:08:54.292Z D/SurveyVM [main] hasTwoStepPrompt[Q8] -> false (eval=0, fu=0)
2026-09-04T10:08:54.292Z D/SurveyVM [main] hasTwoStepPrompt[Q9] -> false (eval=0, fu=0)
2026-09-04T10:08:54.292Z D/SurveyVM [main] AI prompt coverage OK (aiCount=10)
2026-09-04T10:08:54.299Z D/LiteRtLM [slm-jni] initializeIfNeeded: warm runtime already ready: key='Gemma3n4B|/data/user/0/com.negi.survey/files/gemma-3n-E4B-it-int4.litertlm'
2026-09-04T10:08:54.299Z D/LiteRtRepository [main] warmUp: initializeIfNeeded ok gateWaitMs=0 initMs=0
2026-09-04T10:08:54.299Z D/LiteRtRepository [main] warmUp: Engine ready; representative inference disabled totalMs=0
2026-09-04T10:08:55.011Z I/AiViewModel [main] onCleared: ViewModel is being cleared -> stopCurrentRunInternal()
2026-09-04T10:08:55.058Z D/LiteRtLM [DefaultDispatcher-worker-2] initializeIfNeeded: warm runtime already ready: key='Gemma3n4B|/data/user/0/com.negi.survey/files/gemma-3n-E4B-it-int4.litertlm'
2026-09-04T10:08:55.065Z D/AiTrace [main] Installed (enabled=false ringEnabled=true)
2026-09-04T10:08:55.065Z D/SurveyVM [main] init -> Start, session=0, uuid=57939a57-457e-4f1a-b612-fc25fbc25ce6, navSize=1, graphSize=20
2026-09-04T10:08:55.068Z D/SurveyVM [main] config.validate -> issues=0
2026-09-04T10:08:55.068Z D/SurveyVM [main] promptSources -> legacy=10, eval=0, follow=0
2026-09-04T10:08:55.068Z D/SurveyVM [main] promptSources.preview -> legacy=[Q10, Q11, Q12, Q13, Q14, Q15, Q16, Q17, Q8, Q9], eval=[], follow=[]
2026-09-04T10:08:55.068Z D/SurveyVM [main] hasTwoStepPrompt[Q10] -> false (eval=0, fu=0)
2026-09-04T10:08:55.068Z D/SurveyVM [main] hasTwoStepPrompt[Q11] -> false (eval=0, fu=0)
2026-09-04T10:08:55.068Z D/SurveyVM [main] hasTwoStepPrompt[Q12] -> false (eval=0, fu=0)
2026-09-04T10:08:55.068Z D/SurveyVM [main] hasTwoStepPrompt[Q13] -> false (eval=0, fu=0)
2026-09-04T10:08:55.068Z D/SurveyVM [main] hasTwoStepPrompt[Q14] -> false (eval=0, fu=0)
2026-09-04T10:08:55.068Z D/SurveyVM [main] hasTwoStepPrompt[Q15] -> false (eval=0, fu=0)
2026-09-04T10:08:55.068Z D/SurveyVM [main] hasTwoStepPrompt[Q16] -> false (eval=0, fu=0)
2026-09-04T10:08:55.068Z D/SurveyVM [main] hasTwoStepPrompt[Q17] -> false (eval=0, fu=0)
2026-09-04T10:08:55.068Z D/SurveyVM [main] hasTwoStepPrompt[Q8] -> false (eval=0, fu=0)
2026-09-04T10:08:55.068Z D/SurveyVM [main] hasTwoStepPrompt[Q9] -> false (eval=0, fu=0)
2026-09-04T10:08:55.068Z D/SurveyVM [main] AI prompt coverage OK (aiCount=10)
2026-09-04T10:08:55.074Z D/LiteRtLM [slm-jni] initializeIfNeeded: warm runtime already ready: key='Gemma3n4B|/data/user/0/com.negi.survey/files/gemma-3n-E4B-it-int4.litertlm'
2026-09-04T10:08:55.074Z D/LiteRtRepository [main] warmUp: initializeIfNeeded ok gateWaitMs=0 initMs=1
2026-09-04T10:08:55.074Z D/LiteRtRepository [main] warmUp: Engine ready; representative inference disabled totalMs=1
2026-09-04T10:09:18.105Z D/SurveyVM [main] resetAudioRefs -> cleared
2026-09-04T10:09:18.105Z D/SurveyVM [main] resetNavToStart -> key=com.negi.survey.vm.FlowHome@30bc53a, navSize=1
2026-09-04T10:09:18.105Z D/SurveyVM [main] resetToStart -> Start, session=1, uuid=b95dd838-2d10-4c4d-9eac-e99d4866c28b, preserveDraft=true, draftLen=0
2026-09-04T10:09:18.105Z D/SurveyVM [main] activateRunIfNeeded(advanceToNext:Q1) -> runNoteLen=0, draftCleared=true, uuid=b95dd838-2d10-4c4d-9eac-e99d4866c28b
2026-09-04T10:09:18.105Z D/SurveyVM [main] push -> Q1, navSize=2, stackSize=2
2026-09-04T10:09:20.312Z D/SurveyVM [main] push -> Q2, navSize=3, stackSize=3
2026-09-04T10:09:20.596Z D/SurveyVM [main] push -> Q3, navSize=4, stackSize=4
2026-09-04T10:09:22.290Z D/SurveyVM [main] push -> Q4, navSize=5, stackSize=5
2026-09-04T10:09:23.023Z D/SurveyVM [main] push -> Q5, navSize=6, stackSize=6
2026-09-04T10:09:23.974Z D/SurveyVM [main] push -> Q6, navSize=7, stackSize=7
2026-09-04T10:09:24.708Z D/SurveyVM [main] push -> Q7, navSize=8, stackSize=8
2026-09-04T10:09:26.101Z D/SurveyVM [main] push -> Q8, navSize=9, stackSize=9
2026-09-04T10:09:26.114Z D/SurveyVM [main] hasTwoStepPrompt[Q8] -> false (eval=0, fu=0)
2026-09-04T10:10:07.050Z D/AiScreen [main] Speech started (node=Q8 role=MAIN)
2026-09-04T10:10:15.519Z D/AiScreen [main] Speech finished with empty/no-change (node=Q8 role=MAIN)
2026-09-04T10:10:15.627Z D/SurveyVM [DefaultDispatcher-worker-2] addAudioRef -> q=Q8, file=voice_b95dd838-2d10-4c4d-9eac-e99d4866c28b_Q8_20260904_101015.wav, sid=b95dd838-2d10-4c4d-9eac-e99d4866c28b
2026-09-04T10:10:15.627Z D/SurveyVM [DefaultDispatcher-worker-2] onVoiceExported -> q=Q8, file=voice_b95dd838-2d10-4c4d-9eac-e99d4866c28b_Q8_20260904_101015.wav, replace=false
2026-09-04T10:10:15.633Z D/AiScreen [main] Speech started (node=Q8 role=MAIN)
2026-09-04T10:10:23.090Z D/AiScreen [main] Speech committed (node=Q8 role=MAIN len=40)
2026-09-04T10:11:39.685Z I/AiViewModel [main] onCleared: ViewModel is being cleared -> stopCurrentRunInternal()
2026-09-04T10:11:39.732Z D/LiteRtLM [DefaultDispatcher-worker-2] initializeIfNeeded: warm runtime already ready: key='Gemma3n4B|/data/user/0/com.negi.survey/files/gemma-3n-E4B-it-int4.litertlm'
2026-09-04T10:11:39.739Z D/AiTrace [main] Installed (enabled=false ringEnabled=true)
2026-09-04T10:11:39.739Z D/SurveyVM [main] resetNavToStart -> key=com.negi.survey.vm.FlowHome@30bc53a, navSize=1
2026-09-04T10:11:39.739Z D/SurveyVM [main] init -> Start, session=0, uuid=1f4e7cfd-b500-4a04-9394-6a996b766f87, navSize=1, graphSize=20
2026-09-04T10:11:39.742Z D/SurveyVM [main] config.validate -> issues=0
2026-09-04T10:11:39.742Z D/SurveyVM [main] promptSources -> legacy=10, eval=0, follow=0
2026-09-04T10:11:39.742Z D/SurveyVM [main] promptSources.preview -> legacy=[Q10, Q11, Q12, Q13, Q14, Q15, Q16, Q17, Q8, Q9], eval=[], follow=[]
2026-09-04T10:11:39.742Z D/SurveyVM [main] hasTwoStepPrompt[Q10] -> false (eval=0, fu=0)
2026-09-04T10:11:39.742Z D/SurveyVM [main] hasTwoStepPrompt[Q11] -> false (eval=0, fu=0)
2026-09-04T10:11:39.742Z D/SurveyVM [main] hasTwoStepPrompt[Q12] -> false (eval=0, fu=0)
2026-09-04T10:11:39.742Z D/SurveyVM [main] hasTwoStepPrompt[Q13] -> false (eval=0, fu=0)
2026-09-04T10:11:39.742Z D/SurveyVM [main] hasTwoStepPrompt[Q14] -> false (eval=0, fu=0)
2026-09-04T10:11:39.742Z D/SurveyVM [main] hasTwoStepPrompt[Q15] -> false (eval=0, fu=0)
2026-09-04T10:11:39.742Z D/SurveyVM [main] hasTwoStepPrompt[Q16] -> false (eval=0, fu=0)
2026-09-04T10:11:39.742Z D/SurveyVM [main] hasTwoStepPrompt[Q17] -> false (eval=0, fu=0)
2026-09-04T10:11:39.742Z D/SurveyVM [main] hasTwoStepPrompt[Q8] -> false (eval=0, fu=0)
2026-09-04T10:11:39.742Z D/SurveyVM [main] hasTwoStepPrompt[Q9] -> false (eval=0, fu=0)
2026-09-04T10:11:39.742Z D/SurveyVM [main] AI prompt coverage OK (aiCount=10)
2026-09-04T10:11:39.749Z D/LiteRtLM [slm-jni] initializeIfNeeded: warm runtime already ready: key='Gemma3n4B|/data/user/0/com.negi.survey/files/gemma-3n-E4B-it-int4.litertlm'
2026-09-04T10:11:39.750Z D/LiteRtRepository [main] warmUp: initializeIfNeeded ok gateWaitMs=0 initMs=0
2026-09-04T10:11:39.750Z D/LiteRtRepository [main] warmUp: Engine ready; representative inference disabled totalMs=0
2026-09-04T10:11:40.796Z I/AiViewModel [main] onCleared: ViewModel is being cleared -> stopCurrentRunInternal()
2026-09-04T10:11:40.841Z D/LiteRtLM [DefaultDispatcher-worker-2] initializeIfNeeded: warm runtime already ready: key='Gemma3n4B|/data/user/0/com.negi.survey/files/gemma-3n-E4B-it-int4.litertlm'
2026-09-04T10:11:40.848Z D/AiTrace [main] Installed (enabled=false ringEnabled=true)
2026-09-04T10:11:40.848Z D/SurveyVM [main] init -> Start, session=0, uuid=7abf8555-da94-4db0-9e20-b84568782de2, navSize=1, graphSize=20
2026-09-04T10:11:40.851Z D/SurveyVM [main] config.validate -> issues=0
2026-09-04T10:11:40.851Z D/SurveyVM [main] promptSources -> legacy=10, eval=0, follow=0
2026-09-04T10:11:40.851Z D/SurveyVM [main] promptSources.preview -> legacy=[Q10, Q11, Q12, Q13, Q14, Q15, Q16, Q17, Q8, Q9], eval=[], follow=[]
2026-09-04T10:11:40.851Z D/SurveyVM [main] hasTwoStepPrompt[Q10] -> false (eval=0, fu=0)
2026-09-04T10:11:40.851Z D/SurveyVM [main] hasTwoStepPrompt[Q11] -> false (eval=0, fu=0)
2026-09-04T10:11:40.851Z D/SurveyVM [main] hasTwoStepPrompt[Q12] -> false (eval=0, fu=0)
2026-09-04T10:11:40.851Z D/SurveyVM [main] hasTwoStepPrompt[Q13] -> false (eval=0, fu=0)
2026-09-04T10:11:40.851Z D/SurveyVM [main] hasTwoStepPrompt[Q14] -> false (eval=0, fu=0)
2026-09-04T10:11:40.851Z D/SurveyVM [main] hasTwoStepPrompt[Q15] -> false (eval=0, fu=0)
2026-09-04T10:11:40.851Z D/SurveyVM [main] hasTwoStepPrompt[Q16] -> false (eval=0, fu=0)
2026-09-04T10:11:40.851Z D/SurveyVM [main] hasTwoStepPrompt[Q17] -> false (eval=0, fu=0)
2026-09-04T10:11:40.851Z D/SurveyVM [main] hasTwoStepPrompt[Q8] -> false (eval=0, fu=0)
2026-09-04T10:11:40.851Z D/SurveyVM [main] hasTwoStepPrompt[Q9] -> false (eval=0, fu=0)
2026-09-04T10:11:40.851Z D/SurveyVM [main] AI prompt coverage OK (aiCount=10)
2026-09-04T10:11:40.857Z D/LiteRtLM [slm-jni] initializeIfNeeded: warm runtime already ready: key='Gemma3n4B|/data/user/0/com.negi.survey/files/gemma-3n-E4B-it-int4.litertlm'
2026-09-04T10:11:40.857Z D/LiteRtRepository [main] warmUp: initializeIfNeeded ok gateWaitMs=0 initMs=0
2026-09-04T10:11:40.857Z D/LiteRtRepository [main] warmUp: Engine ready; representative inference disabled totalMs=0
2026-09-04T10:15:54.141Z D/SurveyVM [DefaultDispatcher-worker-2] addAudioRef -> q=__home_free_text__, file=voice_7abf8555-da94-4db0-9e20-b84568782de2_home_free_text_20260904_101554.wav, sid=7abf8555-da94-4db0-9e20-b84568782de2
2026-09-04T10:15:54.141Z D/SurveyVM [DefaultDispatcher-worker-2] onVoiceExported -> q=__home_free_text__, file=voice_7abf8555-da94-4db0-9e20-b84568782de2_home_free_text_20260904_101554.wav, replace=false
2026-09-04T10:16:29.469Z D/SurveyVM [main] resetAudioRefs -> cleared
2026-09-04T10:16:29.469Z D/SurveyVM [main] resetNavToStart -> key=com.negi.survey.vm.FlowHome@30bc53a, navSize=1
2026-09-04T10:16:29.469Z D/SurveyVM [main] resetToStart -> Start, session=1, uuid=5578a856-9a9e-4d5e-8bb3-0d09f0c23e8c, preserveDraft=true, draftLen=0
2026-09-04T10:16:29.469Z D/SurveyVM [main] activateRunIfNeeded(advanceToNext:Q1) -> runNoteLen=0, draftCleared=true, uuid=5578a856-9a9e-4d5e-8bb3-0d09f0c23e8c
2026-09-04T10:16:29.469Z D/SurveyVM [main] push -> Q1, navSize=2, stackSize=2
2026-09-04T10:16:33.194Z D/SurveyVM [main] push -> Q2, navSize=3, stackSize=3
2026-09-04T10:16:33.794Z D/SurveyVM [main] push -> Q3, navSize=4, stackSize=4
2026-09-04T10:16:34.319Z D/SurveyVM [main] push -> Q4, navSize=5, stackSize=5
2026-09-04T10:16:35.036Z D/SurveyVM [main] push -> Q5, navSize=6, stackSize=6
2026-09-04T10:16:35.803Z D/SurveyVM [main] push -> Q6, navSize=7, stackSize=7
2026-09-04T10:16:36.387Z D/SurveyVM [main] push -> Q7, navSize=8, stackSize=8
2026-09-04T10:16:37.163Z D/SurveyVM [main] push -> Q8, navSize=9, stackSize=9
2026-09-04T10:16:37.177Z D/SurveyVM [main] hasTwoStepPrompt[Q8] -> false (eval=0, fu=0)
2026-09-04T10:16:37.183Z D/AiScreen [main] Speech started (node=Q8 role=MAIN)
2026-09-04T10:16:53.969Z D/SurveyVM [main] push -> Q9, navSize=10, stackSize=10
2026-09-04T10:16:53.974Z D/SurveyVM [main] hasTwoStepPrompt[Q9] -> false (eval=0, fu=0)
2026-09-04T10:16:55.647Z D/SurveyVM [main] backToPrevious -> Q8 (runActive=true, uiLen=0, runLen=0, draftLen=0)
2026-09-04T10:16:55.650Z D/SurveyVM [main] hasTwoStepPrompt[Q8] -> false (eval=0, fu=0)
2026-09-04T10:16:56.439Z D/SurveyVM [main] backToPrevious -> Q7 (runActive=true, uiLen=0, runLen=0, draftLen=0)
2026-09-04T10:16:56.443Z D/SurveyVM [main] hasTwoStepPrompt[Q7] -> false (eval=0, fu=0)
2026-09-04T10:16:56.657Z D/SurveyVM [main] backToPrevious -> Q6 (runActive=true, uiLen=0, runLen=0, draftLen=0)
2026-09-04T10:16:56.840Z D/SurveyVM [main] backToPrevious -> Q5 (runActive=true, uiLen=0, runLen=0, draftLen=0)
2026-09-04T10:16:57.031Z D/SurveyVM [main] backToPrevious -> Q4 (runActive=true, uiLen=0, runLen=0, draftLen=0)
2026-09-04T10:16:57.498Z D/SurveyVM [main] backToPrevious -> Q3 (runActive=true, uiLen=0, runLen=0, draftLen=0)
2026-09-04T10:16:57.949Z D/SurveyVM [main] backToPrevious -> Q2 (runActive=true, uiLen=0, runLen=0, draftLen=0)
2026-09-04T10:16:58.349Z D/SurveyVM [main] backToPrevious -> Q1 (runActive=true, uiLen=0, runLen=0, draftLen=0)
2026-09-04T10:16:58.733Z D/SurveyVM [main] backToPrevious -> Start (runActive=true, uiLen=0, runLen=0, draftLen=0)
2026-09-04T10:17:07.126Z D/SurveyVM [main] resetAudioRefs -> cleared
2026-09-04T10:17:07.126Z D/SurveyVM [main] resetNavToStart -> key=com.negi.survey.vm.FlowHome@30bc53a, navSize=1
2026-09-04T10:17:07.126Z D/SurveyVM [main] resetToStart -> Start, session=2, uuid=490d0918-ac6d-4df6-bc82-862e756a7537, preserveDraft=true, draftLen=0
2026-09-04T10:17:07.126Z D/SurveyVM [main] activateRunIfNeeded(advanceToNext:Q1) -> runNoteLen=0, draftCleared=true, uuid=490d0918-ac6d-4df6-bc82-862e756a7537
2026-09-04T10:17:07.126Z D/SurveyVM [main] push -> Q1, navSize=2, stackSize=2
2026-09-04T10:17:09.177Z D/SurveyVM [main] push -> Q2, navSize=3, stackSize=3
2026-09-04T10:17:09.661Z D/SurveyVM [main] push -> Q3, navSize=4, stackSize=4
2026-09-04T10:17:10.053Z D/SurveyVM [main] push -> Q4, navSize=5, stackSize=5
2026-09-04T10:17:10.686Z D/SurveyVM [main] push -> Q5, navSize=6, stackSize=6
2026-09-04T10:17:11.470Z D/SurveyVM [main] push -> Q6, navSize=7, stackSize=7
2026-09-04T10:17:12.012Z D/SurveyVM [main] push -> Q7, navSize=8, stackSize=8
2026-09-04T10:17:12.880Z D/SurveyVM [main] push -> Q8, navSize=9, stackSize=9
2026-09-04T10:17:12.893Z D/SurveyVM [main] hasTwoStepPrompt[Q8] -> false (eval=0, fu=0)
2026-09-04T10:17:35.211Z D/AiScreen [main] Speech started (node=Q8 role=MAIN)
2026-09-04T10:17:44.131Z D/AiScreen [main] Speech finished with empty/no-change (node=Q8 role=MAIN)
2026-09-04T10:17:44.215Z D/SurveyVM [DefaultDispatcher-worker-4] addAudioRef -> q=Q8, file=voice_490d0918-ac6d-4df6-bc82-862e756a7537_Q8_20260904_101744.wav, sid=490d0918-ac6d-4df6-bc82-862e756a7537
2026-09-04T10:17:44.215Z D/SurveyVM [DefaultDispatcher-worker-4] onVoiceExported -> q=Q8, file=voice_490d0918-ac6d-4df6-bc82-862e756a7537_Q8_20260904_101744.wav, replace=false
2026-09-04T10:17:44.223Z D/AiScreen [main] Speech started (node=Q8 role=MAIN)
2026-09-04T10:17:50.895Z D/AiScreen [main] Speech committed (node=Q8 role=MAIN len=63)
2026-09-04T10:18:02.807Z D/SurveyVM [main] hasTwoStepPrompt[Q8] -> false (eval=0, fu=0)
2026-09-04T10:18:02.808Z I/AiScreen [main] Submit begin runId=ai-Q8-706570-706570939416 node=Q8 role=MAIN isTwoStep=false sessionId=2 surveyUuid=490d0918-ac6d-4df6-bc82-862e756a7537 qLen=107 aLen=63 qSha6=1bf0d49b4abe aSha6=4d7cc12452bd
2026-09-04T10:18:02.808Z D/SurveyVM [main] getPrompt[Q8] -> len=518 (src=one_step)
2026-09-04T10:18:02.809Z I/AiScreen [main] Submit end runId=ai-Q8-706570-706570939416 node=Q8 elapsed=2ms
2026-09-04T10:18:02.813Z D/LiteRtRepository [DefaultDispatcher-worker-2] [1] request start model='Gemma3n4B' prompt.len=1554 sha=943d2d9f2ec2c7a7 gateWaitMs=1
2026-09-04T10:18:02.814Z D/LiteRtLM [slm-jni] initializeIfNeeded: warm runtime already ready: key='Gemma3n4B|/data/user/0/com.negi.survey/files/gemma-3n-E4B-it-int4.litertlm'
2026-09-04T10:18:02.814Z D/LiteRtRepository [DefaultDispatcher-worker-2] [1] initializeIfNeeded ok initMs=1
2026-09-04T10:18:02.815Z D/LiteRtLM [DefaultDispatcher-worker-4] runInference start: key='Gemma3n4B|/data/user/0/com.negi.survey/files/gemma-3n-E4B-it-int4.litertlm' runId=1 hasText=true originalTextLen=1554 effectiveTextLen=1554 images=0 audioClips=0
2026-09-04T10:18:02.815Z D/LiteRtLM [DefaultDispatcher-worker-4] LiteRT-LM sendMessageAsync(text): key='Gemma3n4B|/data/user/0/com.negi.survey/files/gemma-3n-E4B-it-int4.litertlm' runId=1 len=1554 maxOutputTokens=64
2026-09-04T10:18:02.836Z D/LiteRtLM [DefaultDispatcher-worker-4] sendMessageAsync accepted: key='Gemma3n4B|/data/user/0/com.negi.survey/files/gemma-3n-E4B-it-int4.litertlm' runId=1 dispatchMs=21
2026-09-04T10:18:04.520Z W/LiteRtLM [Thread-7] Inference first output: key='Gemma3n4B|/data/user/0/com.negi.survey/files/gemma-3n-E4B-it-int4.litertlm' runId=1 ttftMs=1705 dispatchMs=21 postDispatchTtftMs=1684 requestToFirstOutputMs=1706
2026-09-04T10:18:09.061Z W/LiteRtLM [Thread-71] Inference timing: key='Gemma3n4B|/data/user/0/com.negi.survey/files/gemma-3n-E4B-it-int4.litertlm' runId=1 ttftMs=1705 dispatchMs=21 postDispatchTtftMs=1684 totalMs=6246 callbacks=64 outputChars=218 cancelled=false error=false requestTotalMs=6247
2026-09-04T10:18:09.062Z D/LiteRtRepository [main] [1] logical done=true; responseClosed=true; waiting native cleanup
2026-09-04T10:18:09.062Z D/LiteRtRepository [main] [1] native cleanup safepoint
2026-09-04T10:18:09.070Z I/AiViewModel [DefaultDispatcher-worker-2] run[1] done: phase=ONE_STEP mode=EVAL_JSON score=null FU0.len=0 FU0.sha16=none commit=true err=<none>
2026-09-04T10:18:09.071Z D/AiScreen [main] Step rendered (context=sid=2|nid=Q8 node=Q8 runId=1 phase=ONE_STEP mode=EVAL_JSON showJson=true rawLen=218 followups=0 timedOut=false twoStep=false)
2026-09-04T10:18:09.071Z D/LiteRtRepository [DefaultDispatcher-worker-7] [1] Conversation reset completed after safepoint
2026-09-04T10:18:17.466Z D/SurveyVM [main] push -> Q9, navSize=10, stackSize=10
2026-09-04T10:18:17.471Z D/SurveyVM [main] hasTwoStepPrompt[Q9] -> false (eval=0, fu=0)
2026-09-04T10:18:29.020Z D/AiScreen [main] Speech started (node=Q9 role=MAIN)
2026-09-04T10:18:39.975Z D/AiScreen [main] Speech finished with empty/no-change (node=Q9 role=MAIN)
2026-09-04T10:18:40.062Z D/SurveyVM [DefaultDispatcher-worker-2] addAudioRef -> q=Q9, file=voice_490d0918-ac6d-4df6-bc82-862e756a7537_Q9_20260904_101840.wav, sid=490d0918-ac6d-4df6-bc82-862e756a7537
2026-09-04T10:18:40.062Z D/SurveyVM [DefaultDispatcher-worker-2] onVoiceExported -> q=Q9, file=voice_490d0918-ac6d-4df6-bc82-862e756a7537_Q9_20260904_101840.wav, replace=false
2026-09-04T10:18:40.069Z D/AiScreen [main] Speech started (node=Q9 role=MAIN)
2026-09-04T10:18:46.299Z D/AiScreen [main] Speech committed (node=Q9 role=MAIN len=48)
2026-09-04T10:18:54.744Z D/SurveyVM [main] hasTwoStepPrompt[Q9] -> false (eval=0, fu=0)
2026-09-04T10:18:54.744Z I/AiScreen [main] Submit begin runId=ai-Q9-758507-758507403771 node=Q9 role=MAIN isTwoStep=false sessionId=2 surveyUuid=490d0918-ac6d-4df6-bc82-862e756a7537 qLen=136 aLen=48 qSha6=9c84a0b5d531 aSha6=bb94e1e7e419
2026-09-04T10:18:54.745Z D/SurveyVM [main] getPrompt[Q9] -> len=498 (src=one_step)
2026-09-04T10:18:54.745Z I/AiScreen [main] Submit end runId=ai-Q9-758507-758507403771 node=Q9 elapsed=2ms
2026-09-04T10:18:54.747Z D/LiteRtRepository [DefaultDispatcher-worker-7] [2] request start model='Gemma3n4B' prompt.len=1534 sha=44a19dafe07c5ad3 gateWaitMs=0
2026-09-04T10:18:54.747Z D/LiteRtLM [slm-jni] initializeIfNeeded: warm runtime already ready: key='Gemma3n4B|/data/user/0/com.negi.survey/files/gemma-3n-E4B-it-int4.litertlm'
2026-09-04T10:18:54.748Z D/LiteRtRepository [DefaultDispatcher-worker-7] [2] initializeIfNeeded ok initMs=1
2026-09-04T10:18:54.748Z D/LiteRtLM [DefaultDispatcher-worker-2] runInference start: key='Gemma3n4B|/data/user/0/com.negi.survey/files/gemma-3n-E4B-it-int4.litertlm' runId=2 hasText=true originalTextLen=1534 effectiveTextLen=1534 images=0 audioClips=0
2026-09-04T10:18:54.748Z D/LiteRtLM [DefaultDispatcher-worker-2] LiteRT-LM sendMessageAsync(text): key='Gemma3n4B|/data/user/0/com.negi.survey/files/gemma-3n-E4B-it-int4.litertlm' runId=2 len=1534 maxOutputTokens=64
2026-09-04T10:18:54.754Z D/LiteRtLM [DefaultDispatcher-worker-2] sendMessageAsync accepted: key='Gemma3n4B|/data/user/0/com.negi.survey/files/gemma-3n-E4B-it-int4.litertlm' runId=2 dispatchMs=5
2026-09-04T10:18:55.634Z W/LiteRtLM [Thread-74] Inference first output: key='Gemma3n4B|/data/user/0/com.negi.survey/files/gemma-3n-E4B-it-int4.litertlm' runId=2 ttftMs=885 dispatchMs=5 postDispatchTtftMs=880 requestToFirstOutputMs=886
2026-09-04T10:19:00.289Z W/LiteRtLM [Thread-138] Inference timing: key='Gemma3n4B|/data/user/0/com.negi.survey/files/gemma-3n-E4B-it-int4.litertlm' runId=2 ttftMs=885 dispatchMs=5 postDispatchTtftMs=880 totalMs=5540 callbacks=64 outputChars=209 cancelled=false error=false requestTotalMs=5541
2026-09-04T10:19:00.289Z D/LiteRtRepository [main] [2] logical done=true; responseClosed=true; waiting native cleanup
2026-09-04T10:19:00.289Z D/LiteRtRepository [main] [2] native cleanup safepoint
2026-09-04T10:19:00.294Z I/AiViewModel [DefaultDispatcher-worker-2] run[2] done: phase=ONE_STEP mode=EVAL_JSON score=20 FU0.len=0 FU0.sha16=none commit=true err=<none>
2026-09-04T10:19:00.295Z D/AiScreen [main] Step rendered (context=sid=2|nid=Q9 node=Q9 runId=2 phase=ONE_STEP mode=EVAL_JSON showJson=true rawLen=209 followups=0 timedOut=false twoStep=false)
2026-09-04T10:19:00.300Z D/LiteRtRepository [DefaultDispatcher-worker-6] [2] Conversation reset completed after safepoint
2026-09-04T10:19:05.602Z D/SurveyVM [main] push -> Q10, navSize=11, stackSize=11
2026-09-04T10:19:05.607Z D/SurveyVM [main] hasTwoStepPrompt[Q10] -> false (eval=0, fu=0)
2026-09-04T10:19:15.161Z D/AiScreen [main] Speech started (node=Q10 role=MAIN)
2026-09-04T10:19:26.790Z D/AiScreen [main] Speech finished with empty/no-change (node=Q10 role=MAIN)
2026-09-04T10:19:26.885Z D/SurveyVM [DefaultDispatcher-worker-5] addAudioRef -> q=Q10, file=voice_490d0918-ac6d-4df6-bc82-862e756a7537_Q10_20260904_101926.wav, sid=490d0918-ac6d-4df6-bc82-862e756a7537
2026-09-04T10:19:26.885Z D/SurveyVM [DefaultDispatcher-worker-5] onVoiceExported -> q=Q10, file=voice_490d0918-ac6d-4df6-bc82-862e756a7537_Q10_20260904_101926.wav, replace=false
2026-09-04T10:19:26.893Z D/AiScreen [main] Speech started (node=Q10 role=MAIN)
2026-09-04T10:19:33.231Z D/AiScreen [main] Speech committed (node=Q10 role=MAIN len=68)
2026-09-04T10:19:42.892Z D/SurveyVM [main] backToPrevious -> Q9 (runActive=true, uiLen=0, runLen=0, draftLen=0)
2026-09-04T10:19:42.897Z D/SurveyVM [main] hasTwoStepPrompt[Q9] -> false (eval=0, fu=0)
2026-09-04T10:20:02.517Z D/SurveyVM [main] hasTwoStepPrompt[Q9] -> false (eval=0, fu=0)
2026-09-04T10:20:02.517Z I/AiScreen [main] Submit begin runId=ai-Q9-826281-826281227183 node=Q9 role=MAIN isTwoStep=false sessionId=2 surveyUuid=490d0918-ac6d-4df6-bc82-862e756a7537 qLen=136 aLen=48 qSha6=9c84a0b5d531 aSha6=bb94e1e7e419
2026-09-04T10:20:02.518Z D/SurveyVM [main] getPrompt[Q9] -> len=498 (src=one_step)
2026-09-04T10:20:02.518Z I/AiScreen [main] Submit end runId=ai-Q9-826281-826281227183 node=Q9 elapsed=0ms
2026-09-04T10:20:02.519Z D/LiteRtRepository [DefaultDispatcher-worker-5] [3] request start model='Gemma3n4B' prompt.len=1534 sha=44a19dafe07c5ad3 gateWaitMs=1
2026-09-04T10:20:02.519Z D/LiteRtLM [slm-jni] initializeIfNeeded: warm runtime already ready: key='Gemma3n4B|/data/user/0/com.negi.survey/files/gemma-3n-E4B-it-int4.litertlm'
2026-09-04T10:20:02.519Z D/LiteRtRepository [DefaultDispatcher-worker-5] [3] initializeIfNeeded ok initMs=0
2026-09-04T10:20:02.520Z D/LiteRtLM [DefaultDispatcher-worker-3] runInference start: key='Gemma3n4B|/data/user/0/com.negi.survey/files/gemma-3n-E4B-it-int4.litertlm' runId=3 hasText=true originalTextLen=1534 effectiveTextLen=1534 images=0 audioClips=0
2026-09-04T10:20:02.520Z D/LiteRtLM [DefaultDispatcher-worker-3] LiteRT-LM sendMessageAsync(text): key='Gemma3n4B|/data/user/0/com.negi.survey/files/gemma-3n-E4B-it-int4.litertlm' runId=3 len=1534 maxOutputTokens=64
2026-09-04T10:20:02.524Z D/LiteRtLM [DefaultDispatcher-worker-3] sendMessageAsync accepted: key='Gemma3n4B|/data/user/0/com.negi.survey/files/gemma-3n-E4B-it-int4.litertlm' runId=3 dispatchMs=5
2026-09-04T10:20:03.328Z W/LiteRtLM [Thread-139] Inference first output: key='Gemma3n4B|/data/user/0/com.negi.survey/files/gemma-3n-E4B-it-int4.litertlm' runId=3 ttftMs=808 dispatchMs=5 postDispatchTtftMs=803 requestToFirstOutputMs=808
2026-09-04T10:20:07.070Z D/SurveyVM [main] push -> Q10, navSize=11, stackSize=11
2026-09-04T10:20:07.070Z W/LiteRtRepository [DefaultDispatcher-worker-3] [3] cancel requested tag='collector-cancelled'
2026-09-04T10:20:07.071Z W/LiteRtRepository [DefaultDispatcher-worker-3] [3] FORCE_REINIT=true reason='collector-cancelled'
2026-09-04T10:20:07.072Z W/LiteRtRepository [DefaultDispatcher-worker-3] [3] collector cancelled; backend cancel requested and gate retained until safepoint/grace timeout
2026-09-04T10:20:07.072Z W/LiteRtLM [DefaultDispatcher-worker-6] Hard-close watchdog started: key='Gemma3n4B|/data/user/0/com.negi.survey/files/gemma-3n-E4B-it-int4.litertlm' reason='logicalCancel' timeout=15000ms
2026-09-04T10:20:07.075Z D/SurveyVM [main] hasTwoStepPrompt[Q10] -> false (eval=0, fu=0)
2026-09-04T10:20:07.141Z D/LiteRtLM [Thread-192] LiteRT-LM inference cancelled: key='Gemma3n4B|/data/user/0/com.negi.survey/files/gemma-3n-E4B-it-int4.litertlm' runId=3
2026-09-04T10:20:07.141Z W/LiteRtLM [Thread-192] Inference timing: key='Gemma3n4B|/data/user/0/com.negi.survey/files/gemma-3n-E4B-it-int4.litertlm' runId=3 ttftMs=808 dispatchMs=5 postDispatchTtftMs=803 totalMs=4622 callbacks=52 outputChars=164 cancelled=true error=true requestTotalMs=4622
2026-09-04T10:20:07.141Z D/LiteRtRepository [main] [3] native cleanup safepoint
2026-09-04T10:20:07.591Z D/LiteRtRepository [DefaultDispatcher-worker-4] [3] full runtime teardown completed after safepoint
2026-09-04T10:20:07.823Z D/LiteRtLM [DefaultDispatcher-worker-2] Hard-close watchdog exit: key='Gemma3n4B|/data/user/0/com.negi.survey/files/gemma-3n-E4B-it-int4.litertlm' runId=3 no longer active
2026-09-04T10:20:09.543Z D/SurveyVM [main] hasTwoStepPrompt[Q10] -> false (eval=0, fu=0)
2026-09-04T10:20:09.544Z I/AiScreen [main] Submit begin runId=ai-Q10-833307-833307254419 node=Q10 role=MAIN isTwoStep=false sessionId=2 surveyUuid=490d0918-ac6d-4df6-bc82-862e756a7537 qLen=121 aLen=68 qSha6=cbc6b3d21797 aSha6=7fbe94a117eb
2026-09-04T10:20:09.544Z D/SurveyVM [main] getPrompt[Q10] -> len=485 (src=one_step)
2026-09-04T10:20:09.544Z I/AiScreen [main] Submit end runId=ai-Q10-833307-833307254419 node=Q10 elapsed=1ms
2026-09-04T10:20:09.545Z D/LiteRtRepository [DefaultDispatcher-worker-4] [4] request start model='Gemma3n4B' prompt.len=1521 sha=2eb7172e400c7b3e gateWaitMs=0
2026-09-04T10:20:09.547Z D/LiteRtLM [DefaultDispatcher-worker-5] Initializing LiteRT-LM: model='Gemma3n4B', key='Gemma3n4B|/data/user/0/com.negi.survey/files/gemma-3n-E4B-it-int4.litertlm'
2026-09-04T10:20:09.547Z D/LiteRtLM [DefaultDispatcher-worker-5] Capabilities: image=false audio=false
2026-09-04T10:20:09.547Z D/LiteRtLM [DefaultDispatcher-worker-5] Backend=com.google.ai.edge.litertlm.Backend$GPU@abdbd92 maxNumTokens=4096 (raw=4096) topK=64 topP=0.95 temp=1.0
2026-09-04T10:20:09.547Z D/LiteRtLM [DefaultDispatcher-worker-5] Model path='/data/user/0/com.negi.survey/files/gemma-3n-E4B-it-int4.litertlm' sizeBytes=4919541760 lastModified=1788423644139
2026-09-04T10:20:09.547Z W/LiteRtLM [DefaultDispatcher-worker-5] Large maxNumTokens=4096 requested. This increases KV-cache capacity and memory pressure. For short survey JSON/follow-up generation, validate whether a smaller configured value is sufficient.
2026-09-04T10:20:09.547Z D/LiteRtLM [DefaultDispatcher-worker-5] LiteRT-LM native benchmark policy: enabled=false emulator=false
2026-09-04T10:20:09.547Z D/LiteRtLM [DefaultDispatcher-worker-5] Speculative decoding / MTP policy: enabled=false runtimeFlagUpdated=true model='Gemma3n4B'
2026-09-04T10:20:09.552Z D/LiteRtLM [DefaultDispatcher-worker-5] Engine cacheDir resolved: key='Gemma3n4B|/data/user/0/com.negi.survey/files/gemma-3n-E4B-it-int4.litertlm' backend=com.google.ai.edge.litertlm.Backend$GPU@abdbd92 path='/data/user/0/com.negi.survey/no_backup/litertlm_cache/3e3ac94123b696e8e07c60ce551ffca5c1e98ccd' filesBefore=2
2026-09-04T10:20:10.715Z D/SurveyVM [main] push -> Q11, navSize=12, stackSize=12
2026-09-04T10:20:10.715Z W/LiteRtRepository [DefaultDispatcher-worker-2] [4] FORCE_REINIT=true reason='collector-cancelled-during-setup'
2026-09-04T10:20:10.715Z W/LiteRtRepository [DefaultDispatcher-worker-2] [4] collector cancelled during setup; waiting for safe setup exit
2026-09-04T10:20:10.721Z D/SurveyVM [main] hasTwoStepPrompt[Q11] -> false (eval=0, fu=0)
2026-09-04T10:20:16.704Z W/LiteRtLM [DefaultDispatcher-worker-5] Engine.initialize completed: key='Gemma3n4B|/data/user/0/com.negi.survey/files/gemma-3n-E4B-it-int4.litertlm' backend=com.google.ai.edge.litertlm.Backend$GPU@abdbd92 took=7151ms cacheFilesAfter=2
2026-09-04T10:20:16.711Z D/LiteRtLM [DefaultDispatcher-worker-5] createConversation completed: key='Gemma3n4B|/data/user/0/com.negi.survey/files/gemma-3n-E4B-it-int4.litertlm' took=6ms
2026-09-04T10:20:16.711Z D/LiteRtLM [DefaultDispatcher-worker-5] LiteRT-LM initialization succeeded: model='Gemma3n4B', key='Gemma3n4B|/data/user/0/com.negi.survey/files/gemma-3n-E4B-it-int4.litertlm' engineMs=7151 conversationMs=6 totalMs=7165
2026-09-04T10:20:16.718Z D/LiteRtRepository [DefaultDispatcher-worker-5] [4] initializeIfNeeded ok initMs=7172
2026-09-04T10:20:16.718Z W/LiteRtRepository [DefaultDispatcher-worker-5] [4] FORCE_REINIT=true reason='collector-cancelled-during-setup'
2026-09-04T10:20:23.063Z D/AiScreen [main] Speech started (node=Q11 role=MAIN)
2026-09-04T10:20:31.455Z D/AiScreen [main] Speech finished with empty/no-change (node=Q11 role=MAIN)
2026-09-04T10:20:31.560Z D/SurveyVM [DefaultDispatcher-worker-5] addAudioRef -> q=Q11, file=voice_490d0918-ac6d-4df6-bc82-862e756a7537_Q11_20260904_102031.wav, sid=490d0918-ac6d-4df6-bc82-862e756a7537
2026-09-04T10:20:31.560Z D/SurveyVM [DefaultDispatcher-worker-5] onVoiceExported -> q=Q11, file=voice_490d0918-ac6d-4df6-bc82-862e756a7537_Q11_20260904_102031.wav, replace=false
2026-09-04T10:20:31.567Z D/AiScreen [main] Speech started (node=Q11 role=MAIN)
2026-09-04T10:20:37.998Z D/AiScreen [main] Speech committed (node=Q11 role=MAIN len=56)
2026-09-04T10:20:40.752Z D/SurveyVM [main] hasTwoStepPrompt[Q11] -> false (eval=0, fu=0)
2026-09-04T10:20:40.753Z I/AiScreen [main] Submit begin runId=ai-Q11-864516-864516398626 node=Q11 role=MAIN isTwoStep=false sessionId=2 surveyUuid=490d0918-ac6d-4df6-bc82-862e756a7537 qLen=93 aLen=56 qSha6=89d76f9b3aeb aSha6=59b3355dddc5
2026-09-04T10:20:40.753Z D/SurveyVM [main] getPrompt[Q11] -> len=444 (src=one_step)
2026-09-04T10:20:40.754Z I/AiScreen [main] Submit end runId=ai-Q11-864516-864516398626 node=Q11 elapsed=1ms
2026-09-04T10:20:41.108Z D/LiteRtRepository [DefaultDispatcher-worker-4] [5] pre-run full teardown completed
2026-09-04T10:20:41.108Z D/LiteRtRepository [DefaultDispatcher-worker-4] [5] request start model='Gemma3n4B' prompt.len=1480 sha=b9ed1695219b5a73 gateWaitMs=350
2026-09-04T10:20:41.110Z D/LiteRtLM [DefaultDispatcher-worker-4] Initializing LiteRT-LM: model='Gemma3n4B', key='Gemma3n4B|/data/user/0/com.negi.survey/files/gemma-3n-E4B-it-int4.litertlm'
2026-09-04T10:20:41.110Z D/LiteRtLM [DefaultDispatcher-worker-4] Capabilities: image=false audio=false
2026-09-04T10:20:41.110Z D/LiteRtLM [DefaultDispatcher-worker-4] Backend=com.google.ai.edge.litertlm.Backend$GPU@dfa0681 maxNumTokens=4096 (raw=4096) topK=64 topP=0.95 temp=1.0
2026-09-04T10:20:41.110Z D/LiteRtLM [DefaultDispatcher-worker-4] Model path='/data/user/0/com.negi.survey/files/gemma-3n-E4B-it-int4.litertlm' sizeBytes=4919541760 lastModified=1788423644139
2026-09-04T10:20:41.110Z W/LiteRtLM [DefaultDispatcher-worker-4] Large maxNumTokens=4096 requested. This increases KV-cache capacity and memory pressure. For short survey JSON/follow-up generation, validate whether a smaller configured value is sufficient.
2026-09-04T10:20:41.110Z D/LiteRtLM [DefaultDispatcher-worker-4] LiteRT-LM native benchmark policy: enabled=false emulator=false
2026-09-04T10:20:41.111Z D/LiteRtLM [DefaultDispatcher-worker-4] Speculative decoding / MTP policy: enabled=false runtimeFlagUpdated=true model='Gemma3n4B'
2026-09-04T10:20:41.111Z D/LiteRtLM [DefaultDispatcher-worker-4] Engine cacheDir resolved: key='Gemma3n4B|/data/user/0/com.negi.survey/files/gemma-3n-E4B-it-int4.litertlm' backend=com.google.ai.edge.litertlm.Backend$GPU@dfa0681 path='/data/user/0/com.negi.survey/no_backup/litertlm_cache/3e3ac94123b696e8e07c60ce551ffca5c1e98ccd' filesBefore=2
2026-09-04T10:20:47.704Z W/LiteRtLM [DefaultDispatcher-worker-4] Engine.initialize completed: key='Gemma3n4B|/data/user/0/com.negi.survey/files/gemma-3n-E4B-it-int4.litertlm' backend=com.google.ai.edge.litertlm.Backend$GPU@dfa0681 took=6592ms cacheFilesAfter=2
2026-09-04T10:20:47.704Z D/LiteRtLM [DefaultDispatcher-worker-4] createConversation completed: key='Gemma3n4B|/data/user/0/com.negi.survey/files/gemma-3n-E4B-it-int4.litertlm' took=1ms
2026-09-04T10:20:47.704Z D/LiteRtLM [DefaultDispatcher-worker-4] LiteRT-LM initialization succeeded: model='Gemma3n4B', key='Gemma3n4B|/data/user/0/com.negi.survey/files/gemma-3n-E4B-it-int4.litertlm' engineMs=6592 conversationMs=1 totalMs=6595
2026-09-04T10:20:47.705Z D/LiteRtRepository [DefaultDispatcher-worker-4] [5] initializeIfNeeded ok initMs=6596
2026-09-04T10:20:47.705Z D/LiteRtLM [DefaultDispatcher-worker-2] runInference start: key='Gemma3n4B|/data/user/0/com.negi.survey/files/gemma-3n-E4B-it-int4.litertlm' runId=4 hasText=true originalTextLen=1480 effectiveTextLen=1480 images=0 audioClips=0
2026-09-04T10:20:47.705Z D/LiteRtLM [DefaultDispatcher-worker-2] LiteRT-LM sendMessageAsync(text): key='Gemma3n4B|/data/user/0/com.negi.survey/files/gemma-3n-E4B-it-int4.litertlm' runId=4 len=1480 maxOutputTokens=64
2026-09-04T10:20:47.711Z D/LiteRtLM [DefaultDispatcher-worker-2] sendMessageAsync accepted: key='Gemma3n4B|/data/user/0/com.negi.survey/files/gemma-3n-E4B-it-int4.litertlm' runId=4 dispatchMs=6
2026-09-04T10:20:49.331Z W/LiteRtLM [Thread-193] Inference first output: key='Gemma3n4B|/data/user/0/com.negi.survey/files/gemma-3n-E4B-it-int4.litertlm' runId=4 ttftMs=1626 dispatchMs=6 postDispatchTtftMs=1620 requestToFirstOutputMs=1626
2026-09-04T10:20:53.872Z W/LiteRtLM [Thread-257] Inference timing: key='Gemma3n4B|/data/user/0/com.negi.survey/files/gemma-3n-E4B-it-int4.litertlm' runId=4 ttftMs=1626 dispatchMs=6 postDispatchTtftMs=1620 totalMs=6166 callbacks=64 outputChars=219 cancelled=false error=false requestTotalMs=6166
2026-09-04T10:20:53.872Z D/LiteRtRepository [main] [5] logical done=true; responseClosed=true; waiting native cleanup
2026-09-04T10:20:53.872Z D/LiteRtRepository [main] [5] native cleanup safepoint
2026-09-04T10:20:53.876Z I/AiViewModel [DefaultDispatcher-worker-6] run[5] done: phase=ONE_STEP mode=EVAL_JSON score=null FU0.len=0 FU0.sha16=none commit=true err=<none>
2026-09-04T10:20:53.877Z D/AiScreen [main] Step rendered (context=sid=2|nid=Q11 node=Q11 runId=5 phase=ONE_STEP mode=EVAL_JSON showJson=true rawLen=219 followups=0 timedOut=false twoStep=false)
2026-09-04T10:20:53.877Z D/LiteRtRepository [DefaultDispatcher-worker-4] [5] Conversation reset completed after safepoint
2026-09-04T10:20:58.741Z D/SurveyVM [main] push -> Q12, navSize=13, stackSize=13
2026-09-04T10:20:58.747Z D/SurveyVM [main] hasTwoStepPrompt[Q12] -> false (eval=0, fu=0)
2026-09-04T10:21:14.710Z D/AiScreen [main] Speech started (node=Q12 role=MAIN)
2026-09-04T10:21:27.592Z D/AiScreen [main] Speech finished with empty/no-change (node=Q12 role=MAIN)
2026-09-04T10:21:27.666Z D/SurveyVM [DefaultDispatcher-worker-4] addAudioRef -> q=Q12, file=voice_490d0918-ac6d-4df6-bc82-862e756a7537_Q12_20260904_102127.wav, sid=490d0918-ac6d-4df6-bc82-862e756a7537
2026-09-04T10:21:27.666Z D/SurveyVM [DefaultDispatcher-worker-4] onVoiceExported -> q=Q12, file=voice_490d0918-ac6d-4df6-bc82-862e756a7537_Q12_20260904_102127.wav, replace=false
2026-09-04T10:21:27.673Z D/AiScreen [main] Speech started (node=Q12 role=MAIN)
2026-09-04T10:21:34.122Z D/AiScreen [main] Speech committed (node=Q12 role=MAIN len=76)
2026-09-04T10:21:36.811Z D/SurveyVM [main] hasTwoStepPrompt[Q12] -> false (eval=0, fu=0)
2026-09-04T10:21:36.811Z I/AiScreen [main] Submit begin runId=ai-Q12-920574-920574597824 node=Q12 role=MAIN isTwoStep=false sessionId=2 surveyUuid=490d0918-ac6d-4df6-bc82-862e756a7537 qLen=116 aLen=76 qSha6=07401ed84598 aSha6=c1c793efafc6
2026-09-04T10:21:36.812Z D/SurveyVM [main] getPrompt[Q12] -> len=478 (src=one_step)
2026-09-04T10:21:36.812Z I/AiScreen [main] Submit end runId=ai-Q12-920574-920574597824 node=Q12 elapsed=1ms
2026-09-04T10:21:36.813Z D/LiteRtRepository [DefaultDispatcher-worker-7] [6] request start model='Gemma3n4B' prompt.len=1514 sha=c2f70c06eff43fec gateWaitMs=1
2026-09-04T10:21:36.813Z D/LiteRtLM [slm-jni] initializeIfNeeded: warm runtime already ready: key='Gemma3n4B|/data/user/0/com.negi.survey/files/gemma-3n-E4B-it-int4.litertlm'
2026-09-04T10:21:36.814Z D/LiteRtRepository [DefaultDispatcher-worker-7] [6] initializeIfNeeded ok initMs=0
2026-09-04T10:21:36.814Z D/LiteRtLM [DefaultDispatcher-worker-7] runInference start: key='Gemma3n4B|/data/user/0/com.negi.survey/files/gemma-3n-E4B-it-int4.litertlm' runId=5 hasText=true originalTextLen=1514 effectiveTextLen=1514 images=0 audioClips=0
2026-09-04T10:21:36.814Z D/LiteRtLM [DefaultDispatcher-worker-7] LiteRT-LM sendMessageAsync(text): key='Gemma3n4B|/data/user/0/com.negi.survey/files/gemma-3n-E4B-it-int4.litertlm' runId=5 len=1514 maxOutputTokens=64
2026-09-04T10:21:36.816Z D/LiteRtLM [DefaultDispatcher-worker-7] sendMessageAsync accepted: key='Gemma3n4B|/data/user/0/com.negi.survey/files/gemma-3n-E4B-it-int4.litertlm' runId=5 dispatchMs=3
2026-09-04T10:21:37.697Z W/LiteRtLM [Thread-258] Inference first output: key='Gemma3n4B|/data/user/0/com.negi.survey/files/gemma-3n-E4B-it-int4.litertlm' runId=5 ttftMs=884 dispatchMs=3 postDispatchTtftMs=881 requestToFirstOutputMs=884
2026-09-04T10:21:39.252Z D/SurveyVM [main] push -> Q13, navSize=14, stackSize=14
2026-09-04T10:21:39.253Z W/LiteRtRepository [DefaultDispatcher-worker-7] [6] cancel requested tag='collector-cancelled'
2026-09-04T10:21:39.253Z W/LiteRtRepository [DefaultDispatcher-worker-7] [6] FORCE_REINIT=true reason='collector-cancelled'
2026-09-04T10:21:39.253Z W/LiteRtRepository [DefaultDispatcher-worker-7] [6] collector cancelled; backend cancel requested and gate retained until safepoint/grace timeout
2026-09-04T10:21:39.254Z W/LiteRtLM [DefaultDispatcher-worker-4] Hard-close watchdog started: key='Gemma3n4B|/data/user/0/com.negi.survey/files/gemma-3n-E4B-it-int4.litertlm' reason='logicalCancel' timeout=15000ms
2026-09-04T10:21:39.257Z D/SurveyVM [main] hasTwoStepPrompt[Q13] -> false (eval=0, fu=0)
2026-09-04T10:21:39.291Z D/LiteRtLM [Thread-284] LiteRT-LM inference cancelled: key='Gemma3n4B|/data/user/0/com.negi.survey/files/gemma-3n-E4B-it-int4.litertlm' runId=5
2026-09-04T10:21:39.292Z W/LiteRtLM [Thread-284] Inference timing: key='Gemma3n4B|/data/user/0/com.negi.survey/files/gemma-3n-E4B-it-int4.litertlm' runId=5 ttftMs=884 dispatchMs=3 postDispatchTtftMs=881 totalMs=2478 callbacks=22 outputChars=79 cancelled=true error=true requestTotalMs=2478
2026-09-04T10:21:39.294Z D/LiteRtRepository [main] [6] native cleanup safepoint
2026-09-04T10:21:39.636Z D/LiteRtRepository [DefaultDispatcher-worker-2] [6] full runtime teardown completed after safepoint
2026-09-04T10:21:40.004Z D/LiteRtLM [DefaultDispatcher-worker-8] Hard-close watchdog exit: key='Gemma3n4B|/data/user/0/com.negi.survey/files/gemma-3n-E4B-it-int4.litertlm' runId=5 no longer active
2026-09-04T10:21:51.694Z D/AiScreen [main] Speech started (node=Q13 role=MAIN)
2026-09-04T10:21:58.638Z D/AiScreen [main] Speech finished with empty/no-change (node=Q13 role=MAIN)
2026-09-04T10:21:58.733Z D/SurveyVM [DefaultDispatcher-worker-8] addAudioRef -> q=Q13, file=voice_490d0918-ac6d-4df6-bc82-862e756a7537_Q13_20260904_102158.wav, sid=490d0918-ac6d-4df6-bc82-862e756a7537
2026-09-04T10:21:58.734Z D/SurveyVM [DefaultDispatcher-worker-8] onVoiceExported -> q=Q13, file=voice_490d0918-ac6d-4df6-bc82-862e756a7537_Q13_20260904_102158.wav, replace=false
2026-09-04T10:21:58.744Z D/AiScreen [main] Speech started (node=Q13 role=MAIN)
2026-09-04T10:22:05.032Z D/AiScreen [main] Speech committed (node=Q13 role=MAIN len=39)
2026-09-04T10:22:08.214Z D/SurveyVM [main] hasTwoStepPrompt[Q13] -> false (eval=0, fu=0)
2026-09-04T10:22:08.214Z I/AiScreen [main] Submit begin runId=ai-Q13-951977-951977792187 node=Q13 role=MAIN isTwoStep=false sessionId=2 surveyUuid=490d0918-ac6d-4df6-bc82-862e756a7537 qLen=69 aLen=39 qSha6=47b5c530765d aSha6=96c69f006ba6
2026-09-04T10:22:08.215Z D/SurveyVM [main] getPrompt[Q13] -> len=389 (src=one_step)
2026-09-04T10:22:08.215Z I/AiScreen [main] Submit end runId=ai-Q13-951977-951977792187 node=Q13 elapsed=1ms
2026-09-04T10:22:08.217Z D/LiteRtRepository [DefaultDispatcher-worker-10] [7] request start model='Gemma3n4B' prompt.len=1425 sha=c427668d3950587e gateWaitMs=1
2026-09-04T10:22:08.218Z D/LiteRtLM [DefaultDispatcher-worker-10] Initializing LiteRT-LM: model='Gemma3n4B', key='Gemma3n4B|/data/user/0/com.negi.survey/files/gemma-3n-E4B-it-int4.litertlm'
2026-09-04T10:22:08.219Z D/LiteRtLM [DefaultDispatcher-worker-10] Capabilities: image=false audio=false
2026-09-04T10:22:08.219Z D/LiteRtLM [DefaultDispatcher-worker-10] Backend=com.google.ai.edge.litertlm.Backend$GPU@33e3a86 maxNumTokens=4096 (raw=4096) topK=64 topP=0.95 temp=1.0
2026-09-04T10:22:08.219Z D/LiteRtLM [DefaultDispatcher-worker-10] Model path='/data/user/0/com.negi.survey/files/gemma-3n-E4B-it-int4.litertlm' sizeBytes=4919541760 lastModified=1788423644139
2026-09-04T10:22:08.219Z W/LiteRtLM [DefaultDispatcher-worker-10] Large maxNumTokens=4096 requested. This increases KV-cache capacity and memory pressure. For short survey JSON/follow-up generation, validate whether a smaller configured value is sufficient.
2026-09-04T10:22:08.222Z D/LiteRtLM [DefaultDispatcher-worker-10] LiteRT-LM native benchmark policy: enabled=false emulator=false
2026-09-04T10:22:08.222Z D/LiteRtLM [DefaultDispatcher-worker-10] Speculative decoding / MTP policy: enabled=false runtimeFlagUpdated=true model='Gemma3n4B'
2026-09-04T10:22:08.222Z D/LiteRtLM [DefaultDispatcher-worker-10] Engine cacheDir resolved: key='Gemma3n4B|/data/user/0/com.negi.survey/files/gemma-3n-E4B-it-int4.litertlm' backend=com.google.ai.edge.litertlm.Backend$GPU@33e3a86 path='/data/user/0/com.negi.survey/no_backup/litertlm_cache/3e3ac94123b696e8e07c60ce551ffca5c1e98ccd' filesBefore=2
2026-09-04T10:22:14.658Z W/LiteRtLM [DefaultDispatcher-worker-10] Engine.initialize completed: key='Gemma3n4B|/data/user/0/com.negi.survey/files/gemma-3n-E4B-it-int4.litertlm' backend=com.google.ai.edge.litertlm.Backend$GPU@33e3a86 took=6435ms cacheFilesAfter=2
2026-09-04T10:22:14.659Z D/LiteRtLM [DefaultDispatcher-worker-10] createConversation completed: key='Gemma3n4B|/data/user/0/com.negi.survey/files/gemma-3n-E4B-it-int4.litertlm' took=1ms
2026-09-04T10:22:14.659Z D/LiteRtLM [DefaultDispatcher-worker-10] LiteRT-LM initialization succeeded: model='Gemma3n4B', key='Gemma3n4B|/data/user/0/com.negi.survey/files/gemma-3n-E4B-it-int4.litertlm' engineMs=6435 conversationMs=1 totalMs=6441
2026-09-04T10:22:14.660Z D/LiteRtRepository [DefaultDispatcher-worker-10] [7] initializeIfNeeded ok initMs=6442
2026-09-04T10:22:14.660Z D/LiteRtLM [DefaultDispatcher-worker-8] runInference start: key='Gemma3n4B|/data/user/0/com.negi.survey/files/gemma-3n-E4B-it-int4.litertlm' runId=6 hasText=true originalTextLen=1425 effectiveTextLen=1425 images=0 audioClips=0
2026-09-04T10:22:14.660Z D/LiteRtLM [DefaultDispatcher-worker-8] LiteRT-LM sendMessageAsync(text): key='Gemma3n4B|/data/user/0/com.negi.survey/files/gemma-3n-E4B-it-int4.litertlm' runId=6 len=1425 maxOutputTokens=64
2026-09-04T10:22:14.661Z D/LiteRtLM [DefaultDispatcher-worker-8] sendMessageAsync accepted: key='Gemma3n4B|/data/user/0/com.negi.survey/files/gemma-3n-E4B-it-int4.litertlm' runId=6 dispatchMs=2
2026-09-04T10:22:15.801Z W/LiteRtLM [Thread-285] Inference first output: key='Gemma3n4B|/data/user/0/com.negi.survey/files/gemma-3n-E4B-it-int4.litertlm' runId=6 ttftMs=1142 dispatchMs=2 postDispatchTtftMs=1140 requestToFirstOutputMs=1142
2026-09-04T10:22:19.639Z D/SurveyVM [main] push -> Q14, navSize=15, stackSize=15
2026-09-04T10:22:19.639Z W/LiteRtRepository [DefaultDispatcher-worker-3] [7] cancel requested tag='collector-cancelled'
2026-09-04T10:22:19.639Z W/LiteRtRepository [DefaultDispatcher-worker-3] [7] FORCE_REINIT=true reason='collector-cancelled'
2026-09-04T10:22:19.639Z W/LiteRtRepository [DefaultDispatcher-worker-3] [7] collector cancelled; backend cancel requested and gate retained until safepoint/grace timeout
2026-09-04T10:22:19.640Z W/LiteRtLM [DefaultDispatcher-worker-4] Hard-close watchdog started: key='Gemma3n4B|/data/user/0/com.negi.survey/files/gemma-3n-E4B-it-int4.litertlm' reason='logicalCancel' timeout=15000ms
2026-09-04T10:22:19.643Z D/SurveyVM [main] hasTwoStepPrompt[Q14] -> false (eval=0, fu=0)
2026-09-04T10:22:19.702Z D/LiteRtLM [Thread-340] LiteRT-LM inference cancelled: key='Gemma3n4B|/data/user/0/com.negi.survey/files/gemma-3n-E4B-it-int4.litertlm' runId=6
2026-09-04T10:22:19.703Z W/LiteRtLM [Thread-340] Inference timing: key='Gemma3n4B|/data/user/0/com.negi.survey/files/gemma-3n-E4B-it-int4.litertlm' runId=6 ttftMs=1142 dispatchMs=2 postDispatchTtftMs=1140 totalMs=5043 callbacks=54 outputChars=180 cancelled=true error=true requestTotalMs=5043
2026-09-04T10:22:19.703Z D/LiteRtRepository [main] [7] native cleanup safepoint
2026-09-04T10:22:20.040Z D/LiteRtRepository [DefaultDispatcher-worker-10] [7] full runtime teardown completed after safepoint
2026-09-04T10:22:20.390Z D/LiteRtLM [DefaultDispatcher-worker-4] Hard-close watchdog exit: key='Gemma3n4B|/data/user/0/com.negi.survey/files/gemma-3n-E4B-it-int4.litertlm' runId=6 no longer active
2026-09-04T10:22:27.014Z D/AiScreen [main] Speech started (node=Q14 role=MAIN)
2026-09-04T10:22:35.386Z D/AiScreen [main] Speech finished with empty/no-change (node=Q14 role=MAIN)
2026-09-04T10:22:35.471Z D/SurveyVM [DefaultDispatcher-worker-4] addAudioRef -> q=Q14, file=voice_490d0918-ac6d-4df6-bc82-862e756a7537_Q14_20260904_102235.wav, sid=490d0918-ac6d-4df6-bc82-862e756a7537
2026-09-04T10:22:35.471Z D/SurveyVM [DefaultDispatcher-worker-4] onVoiceExported -> q=Q14, file=voice_490d0918-ac6d-4df6-bc82-862e756a7537_Q14_20260904_102235.wav, replace=false
2026-09-04T10:22:35.478Z D/AiScreen [main] Speech started (node=Q14 role=MAIN)
2026-09-04T10:22:41.924Z D/AiScreen [main] Speech committed (node=Q14 role=MAIN len=57)
2026-09-04T10:22:52.519Z D/SurveyVM [main] hasTwoStepPrompt[Q14] -> false (eval=0, fu=0)
2026-09-04T10:22:52.519Z I/AiScreen [main] Submit begin runId=ai-Q14-996282-996282850763 node=Q14 role=MAIN isTwoStep=false sessionId=2 surveyUuid=490d0918-ac6d-4df6-bc82-862e756a7537 qLen=115 aLen=57 qSha6=e5d3ac76063f aSha6=09d87069f111
2026-09-04T10:22:52.520Z D/SurveyVM [main] getPrompt[Q14] -> len=500 (src=one_step)
2026-09-04T10:22:52.520Z I/AiScreen [main] Submit end runId=ai-Q14-996282-996282850763 node=Q14 elapsed=1ms
2026-09-04T10:22:52.522Z D/LiteRtRepository [DefaultDispatcher-worker-8] [8] request start model='Gemma3n4B' prompt.len=1536 sha=3f0a57043adfe8c6 gateWaitMs=1
2026-09-04T10:22:52.523Z D/LiteRtLM [DefaultDispatcher-worker-8] Initializing LiteRT-LM: model='Gemma3n4B', key='Gemma3n4B|/data/user/0/com.negi.survey/files/gemma-3n-E4B-it-int4.litertlm'
2026-09-04T10:22:52.523Z D/LiteRtLM [DefaultDispatcher-worker-8] Capabilities: image=false audio=false
2026-09-04T10:22:52.523Z D/LiteRtLM [DefaultDispatcher-worker-8] Backend=com.google.ai.edge.litertlm.Backend$GPU@21f6004 maxNumTokens=4096 (raw=4096) topK=64 topP=0.95 temp=1.0
2026-09-04T10:22:52.523Z D/LiteRtLM [DefaultDispatcher-worker-8] Model path='/data/user/0/com.negi.survey/files/gemma-3n-E4B-it-int4.litertlm' sizeBytes=4919541760 lastModified=1788423644139
2026-09-04T10:22:52.523Z W/LiteRtLM [DefaultDispatcher-worker-8] Large maxNumTokens=4096 requested. This increases KV-cache capacity and memory pressure. For short survey JSON/follow-up generation, validate whether a smaller configured value is sufficient.
2026-09-04T10:22:52.524Z D/LiteRtLM [DefaultDispatcher-worker-8] LiteRT-LM native benchmark policy: enabled=false emulator=false
2026-09-04T10:22:52.524Z D/LiteRtLM [DefaultDispatcher-worker-8] Speculative decoding / MTP policy: enabled=false runtimeFlagUpdated=true model='Gemma3n4B'
2026-09-04T10:22:52.524Z D/LiteRtLM [DefaultDispatcher-worker-8] Engine cacheDir resolved: key='Gemma3n4B|/data/user/0/com.negi.survey/files/gemma-3n-E4B-it-int4.litertlm' backend=com.google.ai.edge.litertlm.Backend$GPU@21f6004 path='/data/user/0/com.negi.survey/no_backup/litertlm_cache/3e3ac94123b696e8e07c60ce551ffca5c1e98ccd' filesBefore=2
2026-09-04T10:22:59.029Z W/LiteRtLM [DefaultDispatcher-worker-8] Engine.initialize completed: key='Gemma3n4B|/data/user/0/com.negi.survey/files/gemma-3n-E4B-it-int4.litertlm' backend=com.google.ai.edge.litertlm.Backend$GPU@21f6004 took=6505ms cacheFilesAfter=2
2026-09-04T10:22:59.030Z D/LiteRtLM [DefaultDispatcher-worker-8] createConversation completed: key='Gemma3n4B|/data/user/0/com.negi.survey/files/gemma-3n-E4B-it-int4.litertlm' took=1ms
2026-09-04T10:22:59.030Z D/LiteRtLM [DefaultDispatcher-worker-8] LiteRT-LM initialization succeeded: model='Gemma3n4B', key='Gemma3n4B|/data/user/0/com.negi.survey/files/gemma-3n-E4B-it-int4.litertlm' engineMs=6505 conversationMs=1 totalMs=6508
2026-09-04T10:22:59.030Z D/LiteRtRepository [DefaultDispatcher-worker-8] [8] initializeIfNeeded ok initMs=6508
2026-09-04T10:22:59.031Z D/LiteRtLM [DefaultDispatcher-worker-4] runInference start: key='Gemma3n4B|/data/user/0/com.negi.survey/files/gemma-3n-E4B-it-int4.litertlm' runId=7 hasText=true originalTextLen=1536 effectiveTextLen=1536 images=0 audioClips=0
2026-09-04T10:22:59.031Z D/LiteRtLM [DefaultDispatcher-worker-4] LiteRT-LM sendMessageAsync(text): key='Gemma3n4B|/data/user/0/com.negi.survey/files/gemma-3n-E4B-it-int4.litertlm' runId=7 len=1536 maxOutputTokens=64
2026-09-04T10:22:59.033Z D/LiteRtLM [DefaultDispatcher-worker-4] sendMessageAsync accepted: key='Gemma3n4B|/data/user/0/com.negi.survey/files/gemma-3n-E4B-it-int4.litertlm' runId=7 dispatchMs=2
2026-09-04T10:23:00.155Z W/LiteRtLM [Thread-341] Inference first output: key='Gemma3n4B|/data/user/0/com.negi.survey/files/gemma-3n-E4B-it-int4.litertlm' runId=7 ttftMs=1124 dispatchMs=2 postDispatchTtftMs=1122 requestToFirstOutputMs=1124
2026-09-04T10:23:01.232Z D/SurveyVM [main] push -> Q15, navSize=16, stackSize=16
2026-09-04T10:23:01.232Z W/LiteRtRepository [DefaultDispatcher-worker-7] [8] cancel requested tag='collector-cancelled'
2026-09-04T10:23:01.232Z W/LiteRtRepository [DefaultDispatcher-worker-7] [8] FORCE_REINIT=true reason='collector-cancelled'
2026-09-04T10:23:01.232Z W/LiteRtRepository [DefaultDispatcher-worker-7] [8] collector cancelled; backend cancel requested and gate retained until safepoint/grace timeout
2026-09-04T10:23:01.232Z W/LiteRtLM [DefaultDispatcher-worker-7] Hard-close watchdog started: key='Gemma3n4B|/data/user/0/com.negi.survey/files/gemma-3n-E4B-it-int4.litertlm' reason='logicalCancel' timeout=15000ms
2026-09-04T10:23:01.233Z D/SurveyVM [main] hasTwoStepPrompt[Q15] -> false (eval=0, fu=0)
2026-09-04T10:23:01.242Z D/LiteRtLM [Thread-359] LiteRT-LM inference cancelled: key='Gemma3n4B|/data/user/0/com.negi.survey/files/gemma-3n-E4B-it-int4.litertlm' runId=7
2026-09-04T10:23:01.242Z W/LiteRtLM [Thread-359] Inference timing: key='Gemma3n4B|/data/user/0/com.negi.survey/files/gemma-3n-E4B-it-int4.litertlm' runId=7 ttftMs=1124 dispatchMs=2 postDispatchTtftMs=1122 totalMs=2212 callbacks=15 outputChars=55 cancelled=true error=true requestTotalMs=2212
2026-09-04T10:23:01.244Z D/LiteRtRepository [main] [8] native cleanup safepoint
2026-09-04T10:23:01.585Z D/LiteRtRepository [DefaultDispatcher-worker-2] [8] full runtime teardown completed after safepoint
2026-09-04T10:23:01.983Z D/LiteRtLM [DefaultDispatcher-worker-6] Hard-close watchdog exit: key='Gemma3n4B|/data/user/0/com.negi.survey/files/gemma-3n-E4B-it-int4.litertlm' runId=7 no longer active
2026-09-04T10:23:08.812Z D/AiScreen [main] Speech started (node=Q15 role=MAIN)
2026-09-04T10:23:17.389Z D/AiScreen [main] Speech finished with empty/no-change (node=Q15 role=MAIN)
2026-09-04T10:23:17.478Z D/SurveyVM [DefaultDispatcher-worker-6] addAudioRef -> q=Q15, file=voice_490d0918-ac6d-4df6-bc82-862e756a7537_Q15_20260904_102317.wav, sid=490d0918-ac6d-4df6-bc82-862e756a7537
2026-09-04T10:23:17.478Z D/SurveyVM [DefaultDispatcher-worker-6] onVoiceExported -> q=Q15, file=voice_490d0918-ac6d-4df6-bc82-862e756a7537_Q15_20260904_102317.wav, replace=false
2026-09-04T10:23:17.488Z D/AiScreen [main] Speech started (node=Q15 role=MAIN)
2026-09-04T10:23:23.953Z D/AiScreen [main] Speech committed (node=Q15 role=MAIN len=59)
2026-09-04T10:23:32.471Z D/SurveyVM [main] hasTwoStepPrompt[Q15] -> false (eval=0, fu=0)
2026-09-04T10:23:32.471Z I/AiScreen [main] Submit begin runId=ai-Q15-1036234-1036234503977 node=Q15 role=MAIN isTwoStep=false sessionId=2 surveyUuid=490d0918-ac6d-4df6-bc82-862e756a7537 qLen=87 aLen=59 qSha6=1eef2aeeda9b aSha6=8a5084ac7e1e
2026-09-04T10:23:32.472Z D/SurveyVM [main] getPrompt[Q15] -> len=431 (src=one_step)
2026-09-04T10:23:32.472Z I/AiScreen [main] Submit end runId=ai-Q15-1036234-1036234503977 node=Q15 elapsed=1ms
2026-09-04T10:23:32.475Z D/LiteRtRepository [DefaultDispatcher-worker-6] [9] request start model='Gemma3n4B' prompt.len=1467 sha=81d79447de04881f gateWaitMs=0
2026-09-04T10:23:32.476Z D/LiteRtLM [DefaultDispatcher-worker-6] Initializing LiteRT-LM: model='Gemma3n4B', key='Gemma3n4B|/data/user/0/com.negi.survey/files/gemma-3n-E4B-it-int4.litertlm'
2026-09-04T10:23:32.477Z D/LiteRtLM [DefaultDispatcher-worker-6] Capabilities: image=false audio=false
2026-09-04T10:23:32.477Z D/LiteRtLM [DefaultDispatcher-worker-6] Backend=com.google.ai.edge.litertlm.Backend$GPU@5a533d6 maxNumTokens=4096 (raw=4096) topK=64 topP=0.95 temp=1.0
2026-09-04T10:23:32.477Z D/LiteRtLM [DefaultDispatcher-worker-6] Model path='/data/user/0/com.negi.survey/files/gemma-3n-E4B-it-int4.litertlm' sizeBytes=4919541760 lastModified=1788423644139
2026-09-04T10:23:32.477Z W/LiteRtLM [DefaultDispatcher-worker-6] Large maxNumTokens=4096 requested. This increases KV-cache capacity and memory pressure. For short survey JSON/follow-up generation, validate whether a smaller configured value is sufficient.
2026-09-04T10:23:32.477Z D/LiteRtLM [DefaultDispatcher-worker-6] LiteRT-LM native benchmark policy: enabled=false emulator=false
2026-09-04T10:23:32.477Z D/LiteRtLM [DefaultDispatcher-worker-6] Speculative decoding / MTP policy: enabled=false runtimeFlagUpdated=true model='Gemma3n4B'
2026-09-04T10:23:32.477Z D/LiteRtLM [DefaultDispatcher-worker-6] Engine cacheDir resolved: key='Gemma3n4B|/data/user/0/com.negi.survey/files/gemma-3n-E4B-it-int4.litertlm' backend=com.google.ai.edge.litertlm.Backend$GPU@5a533d6 path='/data/user/0/com.negi.survey/no_backup/litertlm_cache/3e3ac94123b696e8e07c60ce551ffca5c1e98ccd' filesBefore=2
2026-09-04T10:23:38.830Z W/LiteRtLM [DefaultDispatcher-worker-6] Engine.initialize completed: key='Gemma3n4B|/data/user/0/com.negi.survey/files/gemma-3n-E4B-it-int4.litertlm' backend=com.google.ai.edge.litertlm.Backend$GPU@5a533d6 took=6352ms cacheFilesAfter=2
2026-09-04T10:23:38.831Z D/LiteRtLM [DefaultDispatcher-worker-6] createConversation completed: key='Gemma3n4B|/data/user/0/com.negi.survey/files/gemma-3n-E4B-it-int4.litertlm' took=1ms
2026-09-04T10:23:38.831Z D/LiteRtLM [DefaultDispatcher-worker-6] LiteRT-LM initialization succeeded: model='Gemma3n4B', key='Gemma3n4B|/data/user/0/com.negi.survey/files/gemma-3n-E4B-it-int4.litertlm' engineMs=6352 conversationMs=1 totalMs=6354
2026-09-04T10:23:38.831Z D/LiteRtRepository [DefaultDispatcher-worker-6] [9] initializeIfNeeded ok initMs=6356
2026-09-04T10:23:38.831Z D/LiteRtLM [DefaultDispatcher-worker-6] runInference start: key='Gemma3n4B|/data/user/0/com.negi.survey/files/gemma-3n-E4B-it-int4.litertlm' runId=8 hasText=true originalTextLen=1467 effectiveTextLen=1467 images=0 audioClips=0
2026-09-04T10:23:38.831Z D/LiteRtLM [DefaultDispatcher-worker-6] LiteRT-LM sendMessageAsync(text): key='Gemma3n4B|/data/user/0/com.negi.survey/files/gemma-3n-E4B-it-int4.litertlm' runId=8 len=1467 maxOutputTokens=64
2026-09-04T10:23:38.832Z D/LiteRtLM [DefaultDispatcher-worker-6] sendMessageAsync accepted: key='Gemma3n4B|/data/user/0/com.negi.survey/files/gemma-3n-E4B-it-int4.litertlm' runId=8 dispatchMs=1
2026-09-04T10:23:40.224Z W/LiteRtLM [Thread-360] Inference first output: key='Gemma3n4B|/data/user/0/com.negi.survey/files/gemma-3n-E4B-it-int4.litertlm' runId=8 ttftMs=1393 dispatchMs=1 postDispatchTtftMs=1392 requestToFirstOutputMs=1393
2026-09-04T10:23:44.257Z W/LiteRtLM [Thread-417] Inference timing: key='Gemma3n4B|/data/user/0/com.negi.survey/files/gemma-3n-E4B-it-int4.litertlm' runId=8 ttftMs=1393 dispatchMs=1 postDispatchTtftMs=1392 totalMs=5426 callbacks=57 outputChars=181 cancelled=false error=false requestTotalMs=5426
2026-09-04T10:23:44.258Z D/LiteRtRepository [main] [9] logical done=true; responseClosed=true; waiting native cleanup
2026-09-04T10:23:44.258Z D/LiteRtRepository [main] [9] native cleanup safepoint
2026-09-04T10:23:44.260Z D/LiteRtRepository [DefaultDispatcher-worker-3] [9] Conversation reset completed after safepoint
2026-09-04T10:23:44.262Z I/AiViewModel [DefaultDispatcher-worker-6] run[9] done: phase=ONE_STEP mode=EVAL_JSON score=95 FU0.len=20 FU0.sha16=424bcdb47820c42f commit=true err=<none>
2026-09-04T10:23:44.266Z I/AiScreen [main] Follow-up persisted (context=sid=2|nid=Q15 node=Q15 runId=9 phase=ONE_STEP twoStep=false mode=EVAL_JSON len=20 sha6=424bcdb47820 displayedAsPlain=false)
2026-09-04T10:23:44.266Z D/AiScreen [main] Step rendered (context=sid=2|nid=Q15 node=Q15 runId=9 phase=ONE_STEP mode=EVAL_JSON showJson=true rawLen=181 followups=1 timedOut=false twoStep=false)
2026-09-04T10:23:47.144Z D/SurveyVM [main] push -> Q16, navSize=17, stackSize=17
2026-09-04T10:23:47.147Z D/SurveyVM [main] hasTwoStepPrompt[Q16] -> false (eval=0, fu=0)
2026-09-04T10:23:53.510Z D/AiScreen [main] Speech started (node=Q16 role=MAIN)
2026-09-04T10:24:00.994Z D/AiScreen [main] Speech finished with empty/no-change (node=Q16 role=MAIN)
2026-09-04T10:24:01.091Z D/SurveyVM [DefaultDispatcher-worker-6] addAudioRef -> q=Q16, file=voice_490d0918-ac6d-4df6-bc82-862e756a7537_Q16_20260904_102401.wav, sid=490d0918-ac6d-4df6-bc82-862e756a7537
2026-09-04T10:24:01.091Z D/SurveyVM [DefaultDispatcher-worker-6] onVoiceExported -> q=Q16, file=voice_490d0918-ac6d-4df6-bc82-862e756a7537_Q16_20260904_102401.wav, replace=false
2026-09-04T10:24:01.102Z D/AiScreen [main] Speech started (node=Q16 role=MAIN)
2026-09-04T10:24:07.575Z D/AiScreen [main] Speech committed (node=Q16 role=MAIN len=56)
2026-09-04T10:24:10.332Z D/SurveyVM [main] hasTwoStepPrompt[Q16] -> false (eval=0, fu=0)
2026-09-04T10:24:10.333Z I/AiScreen [main] Submit begin runId=ai-Q16-1074096-1074096279900 node=Q16 role=MAIN isTwoStep=false sessionId=2 surveyUuid=490d0918-ac6d-4df6-bc82-862e756a7537 qLen=93 aLen=56 qSha6=6c3d7cdc1b8b aSha6=bfbdefd7a273
2026-09-04T10:24:10.333Z D/SurveyVM [main] getPrompt[Q16] -> len=439 (src=one_step)
2026-09-04T10:24:10.333Z I/AiScreen [main] Submit end runId=ai-Q16-1074096-1074096279900 node=Q16 elapsed=0ms
2026-09-04T10:24:10.334Z D/LiteRtRepository [DefaultDispatcher-worker-5] [10] request start model='Gemma3n4B' prompt.len=1475 sha=120515ad2f7250a0 gateWaitMs=0
2026-09-04T10:24:10.334Z D/LiteRtLM [slm-jni] initializeIfNeeded: warm runtime already ready: key='Gemma3n4B|/data/user/0/com.negi.survey/files/gemma-3n-E4B-it-int4.litertlm'
2026-09-04T10:24:10.334Z D/LiteRtRepository [DefaultDispatcher-worker-5] [10] initializeIfNeeded ok initMs=1
2026-09-04T10:24:10.334Z D/LiteRtLM [DefaultDispatcher-worker-5] runInference start: key='Gemma3n4B|/data/user/0/com.negi.survey/files/gemma-3n-E4B-it-int4.litertlm' runId=9 hasText=true originalTextLen=1475 effectiveTextLen=1475 images=0 audioClips=0
2026-09-04T10:24:10.334Z D/LiteRtLM [DefaultDispatcher-worker-5] LiteRT-LM sendMessageAsync(text): key='Gemma3n4B|/data/user/0/com.negi.survey/files/gemma-3n-E4B-it-int4.litertlm' runId=9 len=1475 maxOutputTokens=64
2026-09-04T10:24:10.337Z D/LiteRtLM [DefaultDispatcher-worker-5] sendMessageAsync accepted: key='Gemma3n4B|/data/user/0/com.negi.survey/files/gemma-3n-E4B-it-int4.litertlm' runId=9 dispatchMs=2
2026-09-04T10:24:11.200Z W/LiteRtLM [Thread-418] Inference first output: key='Gemma3n4B|/data/user/0/com.negi.survey/files/gemma-3n-E4B-it-int4.litertlm' runId=9 ttftMs=866 dispatchMs=2 postDispatchTtftMs=864 requestToFirstOutputMs=866
2026-09-04T10:24:15.822Z W/LiteRtLM [Thread-482] Inference timing: key='Gemma3n4B|/data/user/0/com.negi.survey/files/gemma-3n-E4B-it-int4.litertlm' runId=9 ttftMs=866 dispatchMs=2 postDispatchTtftMs=864 totalMs=5488 callbacks=64 outputChars=216 cancelled=false error=false requestTotalMs=5488
2026-09-04T10:24:15.823Z D/LiteRtRepository [main] [10] logical done=true; responseClosed=true; waiting native cleanup
2026-09-04T10:24:15.823Z D/LiteRtRepository [main] [10] native cleanup safepoint
2026-09-04T10:24:15.826Z I/AiViewModel [DefaultDispatcher-worker-1] run[10] done: phase=ONE_STEP mode=EVAL_JSON score=null FU0.len=0 FU0.sha16=none commit=true err=<none>
2026-09-04T10:24:15.827Z D/LiteRtRepository [DefaultDispatcher-worker-6] [10] Conversation reset completed after safepoint
2026-09-04T10:24:15.827Z D/AiScreen [main] Step rendered (context=sid=2|nid=Q16 node=Q16 runId=10 phase=ONE_STEP mode=EVAL_JSON showJson=true rawLen=216 followups=0 timedOut=false twoStep=false)
2026-09-04T10:24:22.981Z D/SurveyVM [main] push -> Q17, navSize=18, stackSize=18
2026-09-04T10:24:22.987Z D/SurveyVM [main] hasTwoStepPrompt[Q17] -> false (eval=0, fu=0)
2026-09-04T10:24:28.873Z D/AiScreen [main] Speech started (node=Q17 role=MAIN)
2026-09-04T10:24:41.083Z D/AiScreen [main] Speech finished with empty/no-change (node=Q17 role=MAIN)
2026-09-04T10:24:41.181Z D/SurveyVM [DefaultDispatcher-worker-1] addAudioRef -> q=Q17, file=voice_490d0918-ac6d-4df6-bc82-862e756a7537_Q17_20260904_102441.wav, sid=490d0918-ac6d-4df6-bc82-862e756a7537
2026-09-04T10:24:41.181Z D/SurveyVM [DefaultDispatcher-worker-1] onVoiceExported -> q=Q17, file=voice_490d0918-ac6d-4df6-bc82-862e756a7537_Q17_20260904_102441.wav, replace=false
2026-09-04T10:24:41.187Z D/AiScreen [main] Speech started (node=Q17 role=MAIN)
2026-09-04T10:24:47.751Z D/AiScreen [main] Speech committed (node=Q17 role=MAIN len=73)
2026-09-04T10:24:50.933Z D/SurveyVM [main] hasTwoStepPrompt[Q17] -> false (eval=0, fu=0)
2026-09-04T10:24:50.933Z I/AiScreen [main] Submit begin runId=ai-Q17-1114696-1114696323531 node=Q17 role=MAIN isTwoStep=false sessionId=2 surveyUuid=490d0918-ac6d-4df6-bc82-862e756a7537 qLen=97 aLen=73 qSha6=2582934ed4fd aSha6=a5fecb1f90a5
2026-09-04T10:24:50.933Z D/SurveyVM [main] getPrompt[Q17] -> len=488 (src=one_step)
2026-09-04T10:24:50.933Z I/AiScreen [main] Submit end runId=ai-Q17-1114696-1114696323531 node=Q17 elapsed=1ms
2026-09-04T10:24:50.935Z D/LiteRtRepository [DefaultDispatcher-worker-4] [11] request start model='Gemma3n4B' prompt.len=1524 sha=a6a17d4018a84569 gateWaitMs=0
2026-09-04T10:24:50.935Z D/LiteRtLM [slm-jni] initializeIfNeeded: warm runtime already ready: key='Gemma3n4B|/data/user/0/com.negi.survey/files/gemma-3n-E4B-it-int4.litertlm'
2026-09-04T10:24:50.935Z D/LiteRtRepository [DefaultDispatcher-worker-4] [11] initializeIfNeeded ok initMs=0
2026-09-04T10:24:50.936Z D/LiteRtLM [DefaultDispatcher-worker-1] runInference start: key='Gemma3n4B|/data/user/0/com.negi.survey/files/gemma-3n-E4B-it-int4.litertlm' runId=10 hasText=true originalTextLen=1524 effectiveTextLen=1524 images=0 audioClips=0
2026-09-04T10:24:50.936Z D/LiteRtLM [DefaultDispatcher-worker-1] LiteRT-LM sendMessageAsync(text): key='Gemma3n4B|/data/user/0/com.negi.survey/files/gemma-3n-E4B-it-int4.litertlm' runId=10 len=1524 maxOutputTokens=64
2026-09-04T10:24:50.939Z D/LiteRtLM [DefaultDispatcher-worker-1] sendMessageAsync accepted: key='Gemma3n4B|/data/user/0/com.negi.survey/files/gemma-3n-E4B-it-int4.litertlm' runId=10 dispatchMs=4
2026-09-04T10:24:51.796Z W/LiteRtLM [Thread-483] Inference first output: key='Gemma3n4B|/data/user/0/com.negi.survey/files/gemma-3n-E4B-it-int4.litertlm' runId=10 ttftMs=860 dispatchMs=4 postDispatchTtftMs=856 requestToFirstOutputMs=860
2026-09-04T10:24:56.381Z W/LiteRtLM [Thread-547] Inference timing: key='Gemma3n4B|/data/user/0/com.negi.survey/files/gemma-3n-E4B-it-int4.litertlm' runId=10 ttftMs=860 dispatchMs=4 postDispatchTtftMs=856 totalMs=5445 callbacks=64 outputChars=207 cancelled=false error=false requestTotalMs=5445
2026-09-04T10:24:56.383Z D/LiteRtRepository [main] [11] logical done=true; responseClosed=true; waiting native cleanup
2026-09-04T10:24:56.383Z D/LiteRtRepository [main] [11] native cleanup safepoint
2026-09-04T10:24:56.385Z I/AiViewModel [DefaultDispatcher-worker-3] run[11] done: phase=ONE_STEP mode=EVAL_JSON score=null FU0.len=62 FU0.sha16=1e41c449bdc90195 commit=true err=<none>
2026-09-04T10:24:56.385Z I/AiScreen [main] Follow-up persisted (context=sid=2|nid=Q17 node=Q17 runId=11 phase=ONE_STEP twoStep=false mode=EVAL_JSON len=62 sha6=1e41c449bdc9 displayedAsPlain=false)
2026-09-04T10:24:56.385Z D/AiScreen [main] Step rendered (context=sid=2|nid=Q17 node=Q17 runId=11 phase=ONE_STEP mode=EVAL_JSON showJson=true rawLen=207 followups=1 timedOut=false twoStep=false)
2026-09-04T10:24:56.386Z D/LiteRtRepository [DefaultDispatcher-worker-5] [11] Conversation reset completed after safepoint
2026-09-04T10:24:58.938Z D/SurveyVM [main] push -> Review, navSize=19, stackSize=19
2026-09-04T10:24:58.944Z D/SurveyVM [main] hasTwoStepPrompt[Review] -> false (eval=0, fu=0)
2026-09-04T10:25:02.226Z D/SurveyVM [main] push -> Done, navSize=20, stackSize=20
