=== RuntimeLogStore Header ===
ts=2026-09-04T17:05:58.498Z
fileNameFormat=LEGACY
appId=com.negi.survey
versionName=0.0.1
versionCode=1
debug=true
device=Google Pixel 9a
sdk=36
pid=5698
==============================
2026-09-04T17:05:58.498Z I/RuntimeLogStore [rtlog-io] start: actor launched (fileNameFormat=LEGACY)
2026-09-04T17:05:58.495Z D/SurveyApp [main] attachBaseContext: pid=5698 process=com.negi.survey isMain=true sdk=36
2026-09-04T17:05:58.495Z D/SurveyApp [main] bootTiming: attachBaseContext total=65ms
2026-09-04T17:05:58.495Z D/SurveyApp [main] Skipping WorkManager init in attachBaseContext; will init lazily on first enqueue.
2026-09-04T17:05:58.497Z D/SurveyApp [main] CrashCapture installed: where=SurveyApp:attachBaseContext
2026-09-04T17:05:58.511Z I/RuntimeLogStore [main] start repair: ctx/dir refreshed
2026-09-04T17:05:58.511Z D/SurveyApp [main] bootTiming: RuntimeLogStore.start took=0ms
2026-09-04T17:05:58.511Z D/SurveyApp [main] bootTiming: AppRingLogStore.install took=0ms
2026-09-04T17:05:58.511Z D/SurveyApp [main] onCreate: pid=5698 process=com.negi.survey isMain=true sdk=36
2026-09-04T17:05:58.516Z D/SurveyApp [main] CrashCapture installed: where=SurveyApp:onCreate(rewrap)
2026-09-04T17:05:58.516Z D/SurveyApp [main] CrashCapture self-healing registered.
2026-09-04T17:05:58.516Z W/SurveyApp [main] Startup enqueues deferred: delay=2500ms (to reduce init contention)
2026-09-04T17:05:58.516Z D/SurveyApp [main] bootTiming: onCreate total=6ms
2026-09-04T17:05:58.529Z I/RuntimeLogStore [DefaultDispatcher-worker-1] start repair: ctx/dir refreshed
2026-09-04T17:06:00.047Z I/RuntimeLogStore [DefaultDispatcher-worker-1] start repair: ctx/dir refreshed
