20260924_003513 I/AppRingLogStore pid=25709 tid=25709 uptimeMs=836804370 msg=install: pid=25709 timeUtc=20260924_003513 uptimeMs=836804370
20260924_003513 D/SurveyApp pid=25709 tid=25709 uptimeMs=836804371 msg=attachBaseContext: pid=25709 process=com.negi.survey isMain=true sdk=36
20260924_003513 D/SurveyApp pid=25709 tid=25709 uptimeMs=836804386 msg=onCreate: pid=25709 process=com.negi.survey isMain=true sdk=36
20260924_003927 I/AppRingLogStore pid=25849 tid=25849 uptimeMs=837057906 msg=install: pid=25849 timeUtc=20260924_003927 uptimeMs=837057904
20260924_003927 D/SurveyApp pid=25849 tid=25849 uptimeMs=837057907 msg=attachBaseContext: pid=25849 process=com.negi.survey isMain=true sdk=36
20260924_003927 D/SurveyApp pid=25849 tid=25849 uptimeMs=837057955 msg=onCreate: pid=25849 process=com.negi.survey isMain=true sdk=36
20260924_004845 I/AppRingLogStore pid=26148 tid=26148 uptimeMs=837616286 msg=install: pid=26148 timeUtc=20260924_004845 uptimeMs=837616285
20260924_004845 D/SurveyApp pid=26148 tid=26148 uptimeMs=837616287 msg=attachBaseContext: pid=26148 process=com.negi.survey isMain=true sdk=36
20260924_004845 D/SurveyApp pid=26148 tid=26148 uptimeMs=837616315 msg=onCreate: pid=26148 process=com.negi.survey isMain=true sdk=36
20260924_005305 I/AppRingLogStore pid=26427 tid=26427 uptimeMs=837876418 msg=install: pid=26427 timeUtc=20260924_005305 uptimeMs=837876416
20260924_005305 D/SurveyApp pid=26427 tid=26427 uptimeMs=837876419 msg=attachBaseContext: pid=26427 process=com.negi.survey isMain=true sdk=36
20260924_005305 D/SurveyApp pid=26427 tid=26427 uptimeMs=837876471 msg=onCreate: pid=26427 process=com.negi.survey isMain=true sdk=36
20260924_005558 I/AppRingLogStore pid=26777 tid=26777 uptimeMs=838049199 msg=install: pid=26777 timeUtc=20260924_005558 uptimeMs=838049197
20260924_005558 D/SurveyApp pid=26777 tid=26777 uptimeMs=838049199 msg=attachBaseContext: pid=26777 process=com.negi.survey isMain=true sdk=36
20260924_005558 D/SurveyApp pid=26777 tid=26777 uptimeMs=838049242 msg=onCreate: pid=26777 process=com.negi.survey isMain=true sdk=36
20260924_010030 I/AppRingLogStore pid=27063 tid=27063 uptimeMs=838321019 msg=install: pid=27063 timeUtc=20260924_010030 uptimeMs=838321017
20260924_010030 D/SurveyApp pid=27063 tid=27063 uptimeMs=838321020 msg=attachBaseContext: pid=27063 process=com.negi.survey isMain=true sdk=36
20260924_010030 D/SurveyApp pid=27063 tid=27063 uptimeMs=838321059 msg=onCreate: pid=27063 process=com.negi.survey isMain=true sdk=36
20260924_010250 D/AiTrace pid=27063 tid=27063 uptimeMs=838461095 msg=Installed (enabled=true ringEnabled=true)
20260924_010250 D/LiteRtRepository pid=27063 tid=27063 uptimeMs=838461218 msg=warmUp init ok initMs=17 gateWaitMs=0
20260924_010250 D/LiteRtRepository pid=27063 tid=27063 uptimeMs=838461218 msg=warmUp Engine ready representativeInference=false totalMs=17
20260924_010500 I/AiViewModel pid=27063 tid=27063 uptimeMs=838591086 msg=onCleared: ViewModel is being cleared -> stopCurrentRunInternal()
20260924_010543 I/AppRingLogStore pid=28806 tid=28806 uptimeMs=838633636 msg=install: pid=28806 timeUtc=20260924_010543 uptimeMs=838633634
20260924_010543 D/SurveyApp pid=28806 tid=28806 uptimeMs=838633636 msg=attachBaseContext: pid=28806 process=com.negi.survey isMain=true sdk=36
20260924_010543 D/SurveyApp pid=28806 tid=28806 uptimeMs=838633657 msg=onCreate: pid=28806 process=com.negi.survey isMain=true sdk=36
