=== RuntimeLogStore Header ===
ts=2026-09-04T16:17:52.058Z
fileNameFormat=LEGACY
appId=com.negi.survey
versionName=0.0.1
versionCode=1
debug=true
device=Google Pixel 9a
sdk=36
pid=32643
==============================
2026-09-04T16:17:52.058Z I/RuntimeLogStore [rtlog-io] start: actor launched (fileNameFormat=LEGACY)
2026-09-04T16:17:52.047Z D/SurveyApp [main] attachBaseContext: pid=32643 process=com.negi.survey isMain=true sdk=36
2026-09-04T16:17:52.047Z D/SurveyApp [main] bootTiming: attachBaseContext total=42ms
2026-09-04T16:17:52.047Z D/SurveyApp [main] Skipping WorkManager init in attachBaseContext; will init lazily on first enqueue.
2026-09-04T16:17:52.049Z D/SurveyApp [main] CrashCapture installed: where=SurveyApp:attachBaseContext
2026-09-04T16:17:52.062Z I/RuntimeLogStore [main] start repair: ctx/dir refreshed
2026-09-04T16:17:52.062Z D/SurveyApp [main] bootTiming: RuntimeLogStore.start took=1ms
2026-09-04T16:17:52.062Z D/SurveyApp [main] bootTiming: AppRingLogStore.install took=0ms
2026-09-04T16:17:52.062Z D/SurveyApp [main] onCreate: pid=32643 process=com.negi.survey isMain=true sdk=36
2026-09-04T16:17:52.067Z D/SurveyApp [main] CrashCapture installed: where=SurveyApp:onCreate(rewrap)
2026-09-04T16:17:52.067Z D/SurveyApp [main] CrashCapture self-healing registered.
2026-09-04T16:17:52.067Z W/SurveyApp [main] Startup enqueues deferred: delay=2500ms (to reduce init contention)
2026-09-04T16:17:52.067Z D/SurveyApp [main] bootTiming: onCreate total=6ms
2026-09-04T16:17:55.169Z W/SurveyApp [main] Deferred startup enqueues begin...
2026-09-04T16:17:55.408Z D/SurveyApp [main] WorkManager available. where=startupRtLogs(immediate) took=238ms
2026-09-04T16:17:55.424Z D/SurveyApp [main] Startup runtime logs target -> owner=ishizuki-tech repo=SurveyExports branch=main base='/diagnostics/runtime_logs'
2026-09-04T16:17:55.472Z D/SurveyApp [main] Startup runtime logs: enqueue requested (immediate).
2026-09-04T16:17:55.473Z D/SurveyApp [main] WorkManager available. where=startupRingLogs(immediate) took=0ms
2026-09-04T16:17:55.483Z D/SurveyApp [main] Startup ring logs target -> owner=ishizuki-tech repo=SurveyExports branch=main base='/diagnostics/applog_ring'
2026-09-04T16:17:55.488Z D/SurveyApp [main] Startup ring logs: enqueue requested (immediate).
2026-09-04T16:17:55.488Z D/SurveyApp [main] WorkManager available. where=enqueuePending(immediate) took=0ms
2026-09-04T16:17:55.489Z D/SurveyApp [main] CrashCapture pending uploads requested (immediate).
2026-09-04T16:17:55.489Z W/SurveyApp [main] Deferred startup enqueues done: took=321ms
2026-09-04T16:17:57.276Z I/RuntimeLogStore [DefaultDispatcher-worker-2] start repair: ctx/dir refreshed
