=== RuntimeLogStore Header ===
ts=2026-09-17T11:58:16.016Z
fileNameFormat=LEGACY
appId=com.negi.survey
versionName=0.0.1
versionCode=43
debug=false
device=samsung SM-S936B
sdk=35
pid=17033
==============================
2026-09-17T11:58:16.016Z I/RuntimeLogStore [rtlog-io] start: actor launched (fileNameFormat=LEGACY)
2026-09-17T11:58:16.017Z D/SurveyApp [main] attachBaseContext: pid=17033 process=com.negi.survey isMain=true sdk=35
2026-09-17T11:58:16.017Z D/SurveyApp [main] bootTiming: attachBaseContext total=4ms
2026-09-17T11:58:16.017Z D/SurveyApp [main] Skipping WorkManager init in attachBaseContext; will init lazily on first enqueue.
2026-09-17T11:58:16.017Z D/SurveyApp [main] CrashCapture installed: where=SurveyApp:attachBaseContext
2026-09-17T11:58:16.020Z I/RuntimeLogStore [main] start repair: ctx/dir refreshed
2026-09-17T11:58:16.020Z D/SurveyApp [main] bootTiming: RuntimeLogStore.start took=0ms
2026-09-17T11:58:16.020Z D/SurveyApp [main] bootTiming: AppRingLogStore.install took=0ms
2026-09-17T11:58:16.020Z D/SurveyApp [main] onCreate: pid=17033 process=com.negi.survey isMain=true sdk=35
2026-09-17T11:58:16.020Z D/SurveyApp [main] CrashCapture installed: where=SurveyApp:onCreate(rewrap)
2026-09-17T11:58:16.020Z D/SurveyApp [main] CrashCapture self-healing registered.
2026-09-17T11:58:16.020Z W/SurveyApp [main] Startup enqueues deferred: delay=2500ms (to reduce init contention)
2026-09-17T11:58:16.020Z D/SurveyApp [main] bootTiming: onCreate total=1ms
2026-09-17T11:58:17.286Z I/RuntimeLogStore [DefaultDispatcher-worker-6] start repair: ctx/dir refreshed
