=== RuntimeLogStore Header ===
ts=2026-09-30T21:27:51.952Z
fileNameFormat=LEGACY
appId=com.negi.survey
versionName=0.0.1
versionCode=87
debug=false
device=samsung SM-S931U1
sdk=36
pid=6942
==============================
2026-09-30T21:27:51.952Z I/RuntimeLogStore [rtlog-io] --- rotated (reason=plain_snapshot:app_start) ---
2026-09-30T21:30:29.746Z D/LiteRtLM [DefaultDispatcher-worker-5] Initializing LiteRT-LM: model='Gemma3n4B', key='Gemma3n4B|/data/data/com.negi.survey/files/gemma-3n-E4B-it-int4.litertlm'
2026-09-30T21:30:29.746Z D/LiteRtLM [DefaultDispatcher-worker-5] Capabilities: image=false audio=false
2026-09-30T21:30:29.746Z D/LiteRtLM [DefaultDispatcher-worker-5] Backend=com.google.ai.edge.litertlm.Backend$GPU@f79874a maxNumTokens=512 (raw=512) topK=1 topP=0.0 temp=0.0
2026-09-30T21:30:29.746Z D/LiteRtLM [DefaultDispatcher-worker-5] Model path='/data/data/com.negi.survey/files/gemma-3n-E4B-it-int4.litertlm' sizeBytes=4919541760 lastModified=1790803826227
2026-09-30T21:30:29.746Z D/LiteRtLM [DefaultDispatcher-worker-5] LiteRT-LM native benchmark policy: enabled=false emulator=false
2026-09-30T21:30:29.746Z D/LiteRtLM [DefaultDispatcher-worker-5] Speculative decoding / MTP policy: enabled=false runtimeFlagUpdated=true model='Gemma3n4B'
2026-09-30T21:30:29.747Z D/LiteRtLM [DefaultDispatcher-worker-5] Engine cacheDir resolved: key='Gemma3n4B|/data/data/com.negi.survey/files/gemma-3n-E4B-it-int4.litertlm' backend=com.google.ai.edge.litertlm.Backend$GPU@f79874a path='/data/user/0/com.negi.survey/no_backup/litertlm_cache/6e5bfc7fc09dfe0165476d847043f27223d5b7af' filesBefore=0
2026-09-30T21:30:42.170Z W/LiteRtLM [DefaultDispatcher-worker-5] Engine.initialize completed: key='Gemma3n4B|/data/data/com.negi.survey/files/gemma-3n-E4B-it-int4.litertlm' backend=com.google.ai.edge.litertlm.Backend$GPU@f79874a took=12422ms cacheFilesAfter=2
2026-09-30T21:30:42.192Z D/LiteRtLM [DefaultDispatcher-worker-5] createConversation completed: key='Gemma3n4B|/data/data/com.negi.survey/files/gemma-3n-E4B-it-int4.litertlm' took=22ms
2026-09-30T21:30:42.192Z D/LiteRtLM [DefaultDispatcher-worker-5] LiteRT-LM initialization succeeded: model='Gemma3n4B', key='Gemma3n4B|/data/data/com.negi.survey/files/gemma-3n-E4B-it-int4.litertlm' engineMs=12422 conversationMs=22 totalMs=12447
2026-09-30T21:30:42.227Z D/AiTrace [main] Installed (enabled=false ringEnabled=true)
2026-09-30T21:30:42.237Z D/SurveyVM [main] init -> Start, session=0, uuid=f13a2232-b351-4814-919b-263c5e313c61, navSize=1, graphSize=20
2026-09-30T21:30:42.241Z D/SurveyVM [main] config.validate -> issues=0
2026-09-30T21:30:42.241Z D/SurveyVM [main] promptSources -> legacy=10, eval=0, follow=0
2026-09-30T21:30:42.241Z D/SurveyVM [main] promptSources.preview -> legacy=[Q10, Q11, Q12, Q13, Q14, Q15, Q16, Q17, Q8, Q9], eval=[], follow=[]
2026-09-30T21:30:42.241Z D/SurveyVM [main] hasTwoStepPrompt[Q10] -> true (eval=195, fu=220)
2026-09-30T21:30:42.241Z D/SurveyVM [main] hasTwoStepPrompt[Q11] -> true (eval=219, fu=244)
2026-09-30T21:30:42.241Z D/SurveyVM [main] hasTwoStepPrompt[Q12] -> true (eval=229, fu=254)
2026-09-30T21:30:42.241Z D/SurveyVM [main] hasTwoStepPrompt[Q13] -> true (eval=184, fu=209)
2026-09-30T21:30:42.241Z D/SurveyVM [main] hasTwoStepPrompt[Q14] -> true (eval=221, fu=246)
2026-09-30T21:30:42.241Z D/SurveyVM [main] hasTwoStepPrompt[Q15] -> true (eval=160, fu=185)
2026-09-30T21:30:42.241Z D/SurveyVM [main] hasTwoStepPrompt[Q16] -> true (eval=185, fu=210)
2026-09-30T21:30:42.241Z D/SurveyVM [main] hasTwoStepPrompt[Q17] -> true (eval=200, fu=225)
2026-09-30T21:30:42.241Z D/SurveyVM [main] hasTwoStepPrompt[Q8] -> true (eval=248, fu=273)
2026-09-30T21:30:42.241Z D/SurveyVM [main] hasTwoStepPrompt[Q9] -> true (eval=190, fu=215)
2026-09-30T21:30:42.241Z D/SurveyVM [main] AI prompt coverage OK (aiCount=10)
2026-09-30T21:30:42.315Z D/LiteRtLM [slm-jni] initializeIfNeeded: warm runtime already ready: key='Gemma3n4B|/data/data/com.negi.survey/files/gemma-3n-E4B-it-int4.litertlm'
2026-09-30T21:30:42.316Z D/LiteRtRepository [main] warmUp: initializeIfNeeded ok gateWaitMs=0 initMs=1
2026-09-30T21:30:42.316Z D/LiteRtRepository [main] warmUp: Engine ready; representative inference disabled totalMs=1
2026-09-30T21:31:01.534Z D/SurveyVM [main] setRunFreeText(draft) -> len=1
2026-09-30T21:31:01.689Z D/SurveyVM [main] setRunFreeText(draft) -> len=2
2026-09-30T21:31:02.090Z D/SurveyVM [main] setRunFreeText(draft) -> len=3
2026-09-30T21:31:02.437Z D/SurveyVM [main] setRunFreeText(draft) -> len=4
2026-09-30T21:31:03.048Z D/SurveyVM [main] setRunFreeText(draft) -> len=5
2026-09-30T21:31:03.331Z D/SurveyVM [main] setRunFreeText(draft) -> len=6
2026-09-30T21:31:03.484Z D/SurveyVM [main] setRunFreeText(draft) -> len=7
2026-09-30T21:31:03.709Z D/SurveyVM [main] setRunFreeText(draft) -> len=8
2026-09-30T21:31:04.110Z D/SurveyVM [main] setRunFreeText(draft) -> len=9
2026-09-30T21:31:04.388Z D/SurveyVM [main] setRunFreeText(draft) -> len=10
2026-09-30T21:31:04.924Z D/SurveyVM [main] setRunFreeText(draft) -> len=11
2026-09-30T21:31:05.209Z D/SurveyVM [main] setRunFreeText(draft) -> len=12
2026-09-30T21:31:06.245Z D/SurveyVM [main] resetAudioRefs -> cleared
2026-09-30T21:31:06.245Z D/SurveyVM [main] resetNavToStart -> key=com.negi.survey.vm.FlowHome@d80e8a5, navSize=1
2026-09-30T21:31:06.245Z D/SurveyVM [main] resetToStart -> Start, session=1, uuid=a97b33fd-1998-4e18-9726-db73f2624f05, preserveDraft=true, draftLen=12
2026-09-30T21:31:06.245Z D/SurveyVM [main] setRunFreeText(draft) -> len=12
2026-09-30T21:31:06.245Z D/SurveyVM [main] activateRunIfNeeded(advanceToNext:Q1) -> runNoteLen=12, draftCleared=true, uuid=a97b33fd-1998-4e18-9726-db73f2624f05
2026-09-30T21:31:06.245Z D/SurveyVM [main] push -> Q1, navSize=2, stackSize=2
2026-09-30T21:31:07.640Z D/SurveyVM [main] push -> Q2, navSize=3, stackSize=3
2026-09-30T21:31:08.305Z D/SurveyVM [main] push -> Q3, navSize=4, stackSize=4
2026-09-30T21:31:09.704Z D/SurveyVM [main] push -> Q4, navSize=5, stackSize=5
2026-09-30T21:31:10.895Z D/SurveyVM [main] push -> Q5, navSize=6, stackSize=6
2026-09-30T21:31:13.787Z D/SurveyVM [main] push -> Q6, navSize=7, stackSize=7
2026-09-30T21:31:16.652Z D/SurveyVM [main] push -> Q7, navSize=8, stackSize=8
2026-09-30T21:31:19.126Z D/SurveyVM [main] push -> Q8, navSize=9, stackSize=9
2026-09-30T21:31:19.158Z D/SurveyVM [main] hasTwoStepPrompt[Q8] -> true (eval=248, fu=273)
2026-09-30T21:31:21.862Z D/SurveyVM [main] push -> Q9, navSize=10, stackSize=10
2026-09-30T21:31:21.868Z D/SurveyVM [main] hasTwoStepPrompt[Q9] -> true (eval=190, fu=215)
2026-09-30T21:31:22.110Z D/SurveyVM [main] push -> Q10, navSize=11, stackSize=11
2026-09-30T21:31:22.117Z D/SurveyVM [main] hasTwoStepPrompt[Q10] -> true (eval=195, fu=220)
2026-09-30T21:31:23.577Z D/SurveyVM [main] push -> Q11, navSize=12, stackSize=12
2026-09-30T21:31:23.584Z D/SurveyVM [main] hasTwoStepPrompt[Q11] -> true (eval=219, fu=244)
2026-09-30T21:31:24.684Z D/SurveyVM [main] push -> Q12, navSize=13, stackSize=13
2026-09-30T21:31:24.691Z D/SurveyVM [main] hasTwoStepPrompt[Q12] -> true (eval=229, fu=254)
2026-09-30T21:31:25.600Z D/SurveyVM [main] push -> Q13, navSize=14, stackSize=14
2026-09-30T21:31:25.608Z D/SurveyVM [main] hasTwoStepPrompt[Q13] -> true (eval=184, fu=209)
2026-09-30T21:31:26.400Z D/SurveyVM [main] push -> Q14, navSize=15, stackSize=15
2026-09-30T21:31:26.407Z D/SurveyVM [main] hasTwoStepPrompt[Q14] -> true (eval=221, fu=246)
2026-09-30T21:31:27.167Z D/SurveyVM [main] push -> Q15, navSize=16, stackSize=16
2026-09-30T21:31:27.174Z D/SurveyVM [main] hasTwoStepPrompt[Q15] -> true (eval=160, fu=185)
2026-09-30T21:31:27.967Z D/SurveyVM [main] push -> Q16, navSize=17, stackSize=17
2026-09-30T21:31:27.974Z D/SurveyVM [main] hasTwoStepPrompt[Q16] -> true (eval=185, fu=210)
2026-09-30T21:31:29.259Z D/SurveyVM [main] push -> Q17, navSize=18, stackSize=18
2026-09-30T21:31:29.264Z D/SurveyVM [main] hasTwoStepPrompt[Q17] -> true (eval=200, fu=225)
2026-09-30T21:31:30.392Z D/SurveyVM [main] push -> Review, navSize=19, stackSize=19
2026-09-30T21:31:30.398Z D/SurveyVM [main] hasTwoStepPrompt[Review] -> false (eval=0, fu=0)
2026-09-30T21:31:33.739Z D/SurveyVM [main] push -> Done, navSize=20, stackSize=20
