=== Previous Session Logcat ===
captured_time_utc=20260904_170601
captured_time_local=20260904_100601
marker=2026-09-04 10:02:17.865
preferred_prev_pid=-1
note=best-effort; buffers may be overwritten before next start
sdk=36
device=Google Pixel 9a
appId=com.negi.survey
versionName=0.0.1
versionCode=1

=== Logcat (since marker) ===
--------- beginning of main
09-04 10:05:57.643  5698  5698 I Zygote  : Process 5698 created for com.negi.survey
09-04 10:05:57.644  5698  5698 I com.negi.survey: Late-enabling -Xcheck:jni
09-04 10:05:57.920  5698  5698 I com.negi.survey: Using CollectorTypeCMC GC.
09-04 10:05:57.941  5698  5698 D nativeloader: Load libframework-connectivity-tiramisu-jni.so using APEX ns com_android_tethering for caller /apex/com.android.tethering/javalib/framework-connectivity-t.jar: ok
09-04 10:05:57.978  5698  5698 D ApplicationLoaders: Returning zygote-cached class loader: /system_ext/framework/androidx.window.extensions.jar
09-04 10:05:57.978  5698  5698 D ApplicationLoaders: Returning zygote-cached class loader: /system_ext/framework/androidx.window.sidecar.jar
09-04 10:05:58.407  5698  5698 D nativeloader: Configuring clns-9 for other apk /data/app/~~AFmKUOXQfKsGnHNB_Zl6mw==/com.negi.survey-VP5-TdRRatah5ooFnxif4Q==/base.apk. target_sdk_version=36, uses_libraries=libOpenCL.so:libOpenCL-pixel.so, library_path=/data/app/~~AFmKUOXQfKsGnHNB_Zl6mw==/com.negi.survey-VP5-TdRRatah5ooFnxif4Q==/lib/arm64:/data/app/~~AFmKUOXQfKsGnHNB_Zl6mw==/com.negi.survey-VP5-TdRRatah5ooFnxif4Q==/base.apk!/lib/arm64-v8a, permitted_path=/data:/mnt/expand:/data/user/0/com.negi.survey
09-04 10:05:58.423  5698  5698 V GraphicsEnvironment: Currently set values for:
09-04 10:05:58.423  5698  5698 V GraphicsEnvironment:   angle_gl_driver_selection_pkgs=[com.android.angle]
09-04 10:05:58.423  5698  5698 V GraphicsEnvironment:   angle_gl_driver_selection_values=[angle]
09-04 10:05:58.423  5698  5698 V GraphicsEnvironment: com.negi.survey is not listed in per-application setting
09-04 10:05:58.423  5698  5698 V GraphicsEnvironment: No special selections for ANGLE, returning default driver choice
09-04 10:05:58.423  5698  5698 V GraphicsEnvironment: Neither updatable production driver nor prerelease driver is supported.
09-04 10:05:58.475  5698  5698 D nativeloader: Load /data/app/~~AFmKUOXQfKsGnHNB_Zl6mw==/com.negi.survey-VP5-TdRRatah5ooFnxif4Q==/base.apk!/lib/arm64-v8a/liblitertlm_jni.so using class loader ns clns-9 (caller=/data/app/~~AFmKUOXQfKsGnHNB_Zl6mw==/com.negi.survey-VP5-TdRRatah5ooFnxif4Q==/base.apk!classes10.dex): ok
09-04 10:05:58.475  5698  5698 D SurveyApp: Loaded LiteRTLM JNI: litertlm_jni where=attachBaseContext
09-04 10:05:58.495  5698  5698 D AppRingLogStore: installed: dir=/data/user/0/com.negi.survey/files/diagnostics/applog_ring idx=0
09-04 10:05:58.495  5698  5698 D SurveyApp: attachBaseContext: pid=5698 process=com.negi.survey isMain=true sdk=36
09-04 10:05:58.495  5698  5698 D SurveyApp: bootTiming: attachBaseContext total=65ms
09-04 10:05:58.495  5698  5698 D SurveyApp: Skipping WorkManager init in attachBaseContext; will init lazily on first enqueue.
09-04 10:05:58.497  5698  5698 D CrashCapture: install: ensured default handler. where=SurveyApp:attachBaseContext pid=5698 default=com.negi.survey.CrashCapture$CrashHandler@40755f6
09-04 10:05:58.497  5698  5698 D SurveyApp: CrashCapture installed: where=SurveyApp:attachBaseContext
09-04 10:05:58.498  5698  5748 D RuntimeLogStore: openWriter: start -> /data/user/0/com.negi.survey/files/diagnostics/runtime_logs/rtlog_20260904_170558_486_pid5698_seq1.log (bytes=0 format=LEGACY)
09-04 10:05:58.500  5698  5748 D RuntimeLogStore: retention: start files=2 kept=2 totalBytes=2287
09-04 10:05:58.506  5698  5698 E com.negi.survey: hiddenapi: Accessing hidden method Landroid/net/ssl/EchConfigMismatchException;->getRetryConfigList()Landroid/net/ssl/EchConfigList; (runtime_flags=0, domain=core-platform, api=blocked) from /data/app/~~AFmKUOXQfKsGnHNB_Zl6mw==/com.negi.survey-VP5-TdRRatah5ooFnxif4Q==/base.apk!classes17.dex (domain=app, TargetSdkVersion=36) using linking: denied
09-04 10:05:58.506  5698  5698 E com.negi.survey: hiddenapi: Accessing hidden method Landroid/net/ssl/EchConfigList;->toBytes()[B (runtime_flags=0, domain=core-platform, api=blocked) from /data/app/~~AFmKUOXQfKsGnHNB_Zl6mw==/com.negi.survey-VP5-TdRRatah5ooFnxif4Q==/base.apk!classes17.dex (domain=app, TargetSdkVersion=36) using linking: denied
09-04 10:05:58.507  5698  5698 E com.negi.survey: hiddenapi: Accessing hidden method Landroid/net/ssl/EchConfigList;->fromBytes([B)Landroid/net/ssl/EchConfigList; (runtime_flags=0, domain=core-platform, api=blocked) from /data/app/~~AFmKUOXQfKsGnHNB_Zl6mw==/com.negi.survey-VP5-TdRRatah5ooFnxif4Q==/base.apk!classes17.dex (domain=app, TargetSdkVersion=36) using linking: denied
09-04 10:05:58.507  5698  5698 E com.negi.survey: hiddenapi: Accessing hidden method Landroid/net/ssl/SSLSockets;->setEchConfigList(Ljavax/net/ssl/SSLSocket;Landroid/net/ssl/EchConfigList;)V (runtime_flags=0, domain=core-platform, api=blocked) from /data/app/~~AFmKUOXQfKsGnHNB_Zl6mw==/com.negi.survey-VP5-TdRRatah5ooFnxif4Q==/base.apk!classes17.dex (domain=app, TargetSdkVersion=36) using linking: denied
09-04 10:05:58.510  5698  5698 D SurveyApp: LiteRTLM JNI already loaded; skip. where=onCreate(retry)
09-04 10:05:58.511  5698  5698 D SurveyApp: bootTiming: RuntimeLogStore.start took=0ms
09-04 10:05:58.511  5698  5698 D SurveyApp: bootTiming: AppRingLogStore.install took=0ms
09-04 10:05:58.511  5698  5698 D SurveyApp: onCreate: pid=5698 process=com.negi.survey isMain=true sdk=36
09-04 10:05:58.516  5698  5698 D CrashCapture: install: ensured default handler. where=SurveyApp:onCreate(rewrap) pid=5698 default=com.negi.survey.CrashCapture$CrashHandler@40755f6
09-04 10:05:58.516  5698  5698 D SurveyApp: CrashCapture installed: where=SurveyApp:onCreate(rewrap)
09-04 10:05:58.516  5698  5698 D CrashCapture: registerSelfHealing: ActivityLifecycleCallbacks registered. mode=onResumedOnly
09-04 10:05:58.516  5698  5698 D SurveyApp: CrashCapture self-healing registered.
09-04 10:05:58.516  5698  5698 W SurveyApp: Startup enqueues deferred: delay=2500ms (to reduce init contention)
09-04 10:05:58.516  5698  5698 D SurveyApp: bootTiming: onCreate total=6ms
--------- beginning of system
09-04 10:05:58.523  5698  5759 I DisplayManager: Choreographer implicitly registered for the refresh rate.
09-04 10:05:58.524  5698  5759 D vulkan  : searching for layers in '/data/app/~~AFmKUOXQfKsGnHNB_Zl6mw==/com.negi.survey-VP5-TdRRatah5ooFnxif4Q==/lib/arm64'
09-04 10:05:58.524  5698  5759 D vulkan  : searching for layers in '/data/app/~~AFmKUOXQfKsGnHNB_Zl6mw==/com.negi.survey-VP5-TdRRatah5ooFnxif4Q==/base.apk!/lib/arm64-v8a'
09-04 10:05:58.528  5698  5751 D UploadRescheduleRcvr: No GitHub pending files for action=android.intent.action.BOOT_COMPLETED
09-04 10:05:58.530  5698  5698 D DesktopExperienceFlags: Toggle override initialized to: false
09-04 10:05:58.546  5698  5698 D CompatChangeReporter: Compat change id reported: 377864165; UID 14811; state: ENABLED
09-04 10:05:58.546  5698  5698 D DesktopModeFlags: Toggle override initialized to: OVERRIDE_UNSET
09-04 10:05:58.550  5698  5751 D github_upload: enqueueStartupRuntimeLogsUpload: uniqueName=upload_runtime_logs_startup policy=KEEP session=startup_runtime_20260904_170558_1e6b3f19
09-04 10:05:58.563  5698  5698 I ContentCaptureHelper: Setting logging level to OFF
09-04 10:05:58.565  5698  5698 D CrashCapture: install: ensured default handler. where=selfHeal:onActivityResumed pid=5698 default=com.negi.survey.CrashCapture$CrashHandler@40755f6
09-04 10:05:58.574  5698  5751 D WM-PackageManagerHelper: Skipping component enablement for androidx.work.impl.background.systemjob.SystemJobService
09-04 10:05:58.574  5698  5751 D WM-Schedulers: Created SystemJobScheduler and enabled SystemJobService
09-04 10:05:58.576  5698  5769 D WM-ForceStopRunnable: Is default app process = true
09-04 10:05:58.576  5698  5769 D WM-ForceStopRunnable: Performing cleanup operations.
09-04 10:05:58.582  5698  5751 D UploadRescheduleRcvr: Enqueued runtime logs upload for action=android.intent.action.BOOT_COMPLETED reason=receiver_boot_completed
09-04 10:05:58.593  5698  5698 D WindowOnBackDispatcher: setTopOnBackInvokedCallback (unwrapped): android.app.Activity$$ExternalSyntheticLambda0@58aaa8f
09-04 10:05:58.601  5698  5769 D WM-ForceStopRunnable: Application was force-stopped, rescheduling.
09-04 10:05:58.741  5698  5698 D VRI[MainActivity]: WindowInsets changed: 1080x2424 statusBars:[0,152,0,0] navigationBars:[0,0,0,69] mandatorySystemGestures:[0,187,0,92] 
09-04 10:05:58.753  5698  5698 I HWUI    : Using FreeType backend (prop=Auto)
09-04 10:05:58.768  5698  5775 D WM-SystemJobScheduler: Scheduling work ID 5d5a3a1c-3936-4bbe-97cc-a1c3f9699470Job ID 2
09-04 10:05:58.771  5698  5775 D WM-GreedyScheduler: Starting tracking for 5d5a3a1c-3936-4bbe-97cc-a1c3f9699470
09-04 10:05:58.781  5698  5778 D WM-WorkConstraintsTrack: NetworkRequestConstraintController register shared callback
09-04 10:05:58.785  5698  5778 D WM-PackageManagerHelper: androidx.work.impl.background.systemalarm.RescheduleReceiver enabled
09-04 10:05:58.789  5698  5781 D WM-WorkConstraintsTrack: NetworkRequestConstraintController onCapabilitiesChanged callback
09-04 10:05:58.789  5698  5781 D WM-WorkConstraintsTrack: Not dispatching constraint state yet: isBlocked=null, capabilitiesInitialized=true
09-04 10:05:58.789  5698  5781 D WM-WorkConstraintsTrack: NetworkRequestConstraintController onBlockedStatusChanged callback false
09-04 10:05:58.791  5698  5775 D WM-GreedyScheduler: Constraints met: Scheduling work ID WorkGenerationalId(workSpecId=5d5a3a1c-3936-4bbe-97cc-a1c3f9699470, generation=0)
09-04 10:05:58.796  5698  5775 D WM-Processor: Processor: processing WorkGenerationalId(workSpecId=5d5a3a1c-3936-4bbe-97cc-a1c3f9699470, generation=0)
09-04 10:05:58.823  5698  5698 I com.negi.survey: hiddenapi: Accessing hidden method Landroid/os/SystemProperties;->addChangeCallback(Ljava/lang/Runnable;)V (runtime_flags=0, domain=platform, api=unsupported) from Landroidx/compose/ui/platform/AndroidComposeView$Companion; (domain=app, TargetSdkVersion=36) using reflection: allowed
09-04 10:05:58.831  5698  5698 D WM-WorkerWrapper: Starting work for com.negi.survey.net.GitHubUploadWorker
09-04 10:05:58.839  5698  5774 I WM-Processor: Moving WorkSpec (5d5a3a1c-3936-4bbe-97cc-a1c3f9699470) to the foreground
09-04 10:05:58.845  5698  5698 D WM-SystemJobService: onStartJob for WorkGenerationalId(workSpecId=5d5a3a1c-3936-4bbe-97cc-a1c3f9699470, generation=0)
09-04 10:05:58.847  5698  5698 I WM-SystemFgDispatcher: Started foreground service Intent { act=ACTION_START_FOREGROUND xflg=0x4 cmp=com.negi.survey/androidx.work.impl.foreground.SystemForegroundService (has extras) }
09-04 10:05:58.847  5698  5698 D WM-SystemFgDispatcher: Notifying with (id:8679, workSpecId: 5d5a3a1c-3936-4bbe-97cc-a1c3f9699470, notificationType :1)
09-04 10:05:58.852  5698  5778 D WM-Processor: Work WorkGenerationalId(workSpecId=5d5a3a1c-3936-4bbe-97cc-a1c3f9699470, generation=0) is already enqueued for processing
09-04 10:05:58.852  5698  5778 D WM-WorkProgressUpdater: Updating progress for 5d5a3a1c-3936-4bbe-97cc-a1c3f9699470 (Data {pct : 3, mode : startup_runtime_logs})
09-04 10:05:58.855  5698  5698 D WM-SystemFgDispatcher: Notifying with (id:8679, workSpecId: 5d5a3a1c-3936-4bbe-97cc-a1c3f9699470, notificationType :1)
09-04 10:05:58.859  5698  5778 I WM-Processor: Moving WorkSpec (5d5a3a1c-3936-4bbe-97cc-a1c3f9699470) to the foreground
09-04 10:05:58.862  5698  5778 D WM-WorkConstraintsTrack: NetworkRequestConstraintController send initial capabilities
09-04 10:05:58.862  5698  5698 D WM-SystemFgDispatcher: Notifying with (id:8679, workSpecId: 5d5a3a1c-3936-4bbe-97cc-a1c3f9699470, notificationType :1)
09-04 10:05:58.868  5698  5698 D InsetsController: hide(ime())
09-04 10:05:58.869  5698  5698 I ImeTracker: com.negi.survey:c70f2c90: onCancelled at PHASE_CLIENT_ALREADY_HIDDEN
09-04 10:05:58.924  5698  5698 D IntroScreen: Resolved config details: id=survey_config10.yaml in 99ms
09-04 10:05:59.138  5698  5719 I com.negi.survey: Compiler allocated 5038KB to compile void android.view.ViewRootImpl.performTraversals()
09-04 10:06:00.052  5698  5748 D RuntimeLogStore: openWriter: rotate:plain_snapshot:receiver_boot_completed -> /data/user/0/com.negi.survey/files/diagnostics/runtime_logs/rtlog_20260904_170600_051_pid5698_seq2.log (bytes=0 format=LEGACY)
09-04 10:06:00.053  5698  5748 D RuntimeLogStore: retention: rotate:plain_snapshot:receiver_boot_completed files=3 kept=3 totalBytes=3992
09-04 10:06:00.065  5698  5756 D github_upload: doRuntimeLogsUpload: remoteBaseDir=diagnostics/runtime_logs/2026-09-04/runtime_logs_startup_runtime_20260904_170558_1e6b3f19_receiver_boot_completed toUpload=2 bytes=3658 dedupe=true deleteSource=true deletedSourcePre=0 preview='runtime_log_20260904_170600_058_pid5698_receiver_boot_completed__rtlog_20260904_170558_486_pid5698_seq1.log|runtime_log_20260904_170600_058_pid5698_receiver_boot_completed__rtlog_20260904_170219_188_pid4876_seq2.log'
09-04 10:06:00.067  5698  5756 D GitHubUploader: uploadStream: owner=ishizuki-tech repo=SurveyExports branch=main path=diagnostics/runtime_logs/2026-09-04/runtime_logs_startup_runtime_20260904_170558_1e6b3f19_receiver_boot_completed/runtime_log_20260904_170600_058_pid5698_receiver_boot_completed__rtlog_20260904_170558_486_pid5698_seq1.log size=1687 maxRawBytesHint=1000000 maxRequestBytesHint=2800000
09-04 10:06:00.068  5698  5774 D WM-WorkProgressUpdater: Updating progress for 5d5a3a1c-3936-4bbe-97cc-a1c3f9699470 (Data {pct : 10, mode : startup_runtime_logs})
09-04 10:06:00.080  5698  5774 I WM-Processor: Moving WorkSpec (5d5a3a1c-3936-4bbe-97cc-a1c3f9699470) to the foreground
09-04 10:06:00.084  5698  5698 D WM-SystemFgDispatcher: Notifying with (id:8679, workSpecId: 5d5a3a1c-3936-4bbe-97cc-a1c3f9699470, notificationType :1)
09-04 10:06:00.434  5698  5775 D WM-WorkProgressUpdater: Updating progress for 5d5a3a1c-3936-4bbe-97cc-a1c3f9699470 (Data {pct : 14, mode : startup_runtime_logs})
09-04 10:06:00.440  5698  5775 I WM-Processor: Moving WorkSpec (5d5a3a1c-3936-4bbe-97cc-a1c3f9699470) to the foreground
09-04 10:06:00.445  5698  5775 D WM-WorkProgressUpdater: Updating progress for 5d5a3a1c-3936-4bbe-97cc-a1c3f9699470 (Data {pct : 50, mode : startup_runtime_logs})
09-04 10:06:00.445  5698  5698 D WM-SystemFgDispatcher: Notifying with (id:8679, workSpecId: 5d5a3a1c-3936-4bbe-97cc-a1c3f9699470, notificationType :1)
09-04 10:06:00.455  5698  5774 I WM-Processor: Moving WorkSpec (5d5a3a1c-3936-4bbe-97cc-a1c3f9699470) to the foreground
09-04 10:06:00.457  5698  5698 D WM-SystemFgDispatcher: Notifying with (id:8679, workSpecId: 5d5a3a1c-3936-4bbe-97cc-a1c3f9699470, notificationType :1)
09-04 10:06:01.018  5698  5698 W SurveyApp: Deferred startup enqueues begin...
09-04 10:06:01.019  5698  5698 D SurveyApp: WorkManager available. where=startupRtLogs(immediate) took=0ms
09-04 10:06:01.020  5698  5698 D SurveyApp: Startup runtime logs target -> owner=ishizuki-tech repo=SurveyExports branch=main base='/diagnostics/runtime_logs'
09-04 10:06:01.022  5698  5698 D github_upload: enqueueStartupRuntimeLogsUpload: uniqueName=upload_runtime_logs_startup policy=KEEP session=startup_runtime_20260904_170601_5cf8471d
09-04 10:06:01.023  5698  5698 D SurveyApp: Startup runtime logs: enqueue requested (immediate).
09-04 10:06:01.023  5698  5698 D SurveyApp: WorkManager available. where=startupRingLogs(immediate) took=0ms
09-04 10:06:01.024  5698  5698 D SurveyApp: Startup ring logs target -> owner=ishizuki-tech repo=SurveyExports branch=main base='/diagnostics/applog_ring'
09-04 10:06:01.025  5698  5698 D github_upload: enqueueStartupRingLogsUpload: uniqueName=upload_ring_logs_startup policy=KEEP session=startup_ring_20260904_170601_349b2243
09-04 10:06:01.025  5698  5698 D SurveyApp: Startup ring logs: enqueue requested (immediate).
09-04 10:06:01.025  5698  5698 D SurveyApp: WorkManager available. where=enqueuePending(immediate) took=0ms
09-04 10:06:01.025  5698  5698 D SurveyApp: CrashCapture pending uploads requested (immediate).
09-04 10:06:01.025  5698  5698 W SurveyApp: Deferred startup enqueues done: took=7ms
09-04 10:06:01.026  5698  5803 D CrashCapture: enqueuePendingCrashUploadsIfPossible enter where=SurveyApp:enqueuePending(immediate):bg pid=5698 thread=CrashCapture-Enqueue
