=== RuntimeLogStore Header ===
ts=2026-09-04T10:06:20.172Z
fileNameFormat=LEGACY
appId=com.negi.survey
versionName=0.0.1
versionCode=36
debug=false
device=samsung SM-S936B
sdk=35
pid=11362
==============================
2026-09-04T10:06:20.172Z I/RuntimeLogStore [rtlog-io] start: actor launched (fileNameFormat=LEGACY)
2026-09-04T10:06:20.171Z D/SurveyApp [main] attachBaseContext: pid=11362 process=com.negi.survey isMain=true sdk=35
2026-09-04T10:06:20.172Z D/SurveyApp [main] bootTiming: attachBaseContext total=20ms
2026-09-04T10:06:20.172Z D/SurveyApp [main] Skipping WorkManager init in attachBaseContext; will init lazily on first enqueue.
2026-09-04T10:06:20.172Z D/SurveyApp [main] CrashCapture installed: where=SurveyApp:attachBaseContext
2026-09-04T10:06:20.174Z I/RuntimeLogStore [main] start repair: ctx/dir refreshed
2026-09-04T10:06:20.174Z D/SurveyApp [main] bootTiming: RuntimeLogStore.start took=0ms
2026-09-04T10:06:20.174Z D/SurveyApp [main] bootTiming: AppRingLogStore.install took=0ms
2026-09-04T10:06:20.174Z D/SurveyApp [main] onCreate: pid=11362 process=com.negi.survey isMain=true sdk=35
2026-09-04T10:06:20.175Z D/SurveyApp [main] CrashCapture installed: where=SurveyApp:onCreate(rewrap)
2026-09-04T10:06:20.175Z D/SurveyApp [main] CrashCapture self-healing registered.
2026-09-04T10:06:20.175Z W/SurveyApp [main] Startup enqueues deferred: delay=2500ms (to reduce init contention)
2026-09-04T10:06:20.175Z D/SurveyApp [main] bootTiming: onCreate total=0ms
2026-09-04T10:06:20.808Z I/RuntimeLogStore [DefaultDispatcher-worker-1] start repair: ctx/dir refreshed
2026-09-04T10:06:22.050Z I/RuntimeLogStore [DefaultDispatcher-worker-3] start repair: ctx/dir refreshed
