=== Previous Session Logcat ===
captured_time_utc=20260825_065905
captured_time_local=20260824_235905
marker=2026-08-24 23:31:46.771
preferred_prev_pid=-1
note=best-effort; buffers may be overwritten before next start
sdk=36
device=Google Pixel 9a
appId=com.negi.survey
versionName=0.0.1
versionCode=1

=== Logcat (since marker) ===
--------- beginning of main
08-24 23:59:02.837  9804  9804 I Zygote  : Process 9804 created for com.negi.survey
08-24 23:59:02.839  9804  9804 I com.negi.survey: Using CollectorTypeCMC GC.
08-24 23:59:02.901  9804  9804 D nativeloader: Load libframework-connectivity-tiramisu-jni.so using APEX ns com_android_tethering for caller /apex/com.android.tethering/javalib/framework-connectivity-t.jar: ok
08-24 23:59:02.956  9804  9804 D ApplicationLoaders: Returning zygote-cached class loader: /system_ext/framework/androidx.window.extensions.jar
08-24 23:59:02.956  9804  9804 D ApplicationLoaders: Returning zygote-cached class loader: /system_ext/framework/androidx.window.sidecar.jar
08-24 23:59:02.969  9804  9804 D nativeloader: Configuring clns-9 for other apk /data/app/~~bEHnKwGhDRJPXqwDJuui9A==/com.negi.survey-zePnIFQ47wq-pudKCQ6oxg==/base.apk. target_sdk_version=36, uses_libraries=libOpenCL.so:libOpenCL-pixel.so, library_path=/data/app/~~bEHnKwGhDRJPXqwDJuui9A==/com.negi.survey-zePnIFQ47wq-pudKCQ6oxg==/lib/arm64:/data/app/~~bEHnKwGhDRJPXqwDJuui9A==/com.negi.survey-zePnIFQ47wq-pudKCQ6oxg==/base.apk!/lib/arm64-v8a, permitted_path=/data:/mnt/expand:/data/user/0/com.negi.survey
08-24 23:59:02.992  9804  9804 V GraphicsEnvironment: Currently set values for:
08-24 23:59:02.992  9804  9804 V GraphicsEnvironment:   angle_gl_driver_selection_pkgs=[com.android.angle]
08-24 23:59:02.992  9804  9804 V GraphicsEnvironment:   angle_gl_driver_selection_values=[angle]
08-24 23:59:02.992  9804  9804 V GraphicsEnvironment: com.negi.survey is not listed in per-application setting
08-24 23:59:02.992  9804  9804 V GraphicsEnvironment: No special selections for ANGLE, returning default driver choice
08-24 23:59:02.992  9804  9804 V GraphicsEnvironment: Neither updatable production driver nor prerelease driver is supported.
08-24 23:59:03.010  9804  9804 D nativeloader: Load /data/app/~~bEHnKwGhDRJPXqwDJuui9A==/com.negi.survey-zePnIFQ47wq-pudKCQ6oxg==/base.apk!/lib/arm64-v8a/liblitertlm_jni.so using class loader ns clns-9 (caller=/data/app/~~bEHnKwGhDRJPXqwDJuui9A==/com.negi.survey-zePnIFQ47wq-pudKCQ6oxg==/base.apk!classes4.dex): ok
08-24 23:59:03.010  9804  9804 D SurveyApp: Loaded LiteRTLM JNI: litertlm_jni where=attachBaseContext
08-24 23:59:03.017  9804  9804 D AppRingLogStore: installed: dir=/data/user/0/com.negi.survey/files/diagnostics/applog_ring idx=0
08-24 23:59:03.018  9804  9804 D CrashCapture: install: ensured default handler. where=SurveyApp:attachBaseContext pid=9804 default=com.negi.survey.CrashCapture$CrashHandler@40755f6
08-24 23:59:03.018  9804  9838 D RuntimeLogStore: openWriter: start -> /data/user/0/com.negi.survey/files/diagnostics/runtime_logs/rtlog_20260825_065903_015_pid9804_seq1.log (bytes=0 format=LEGACY)
08-24 23:59:03.020  9804  9838 D RuntimeLogStore: retention: start files=13 kept=12 totalBytes=213399
08-24 23:59:03.026  9804  9804 D SurveyApp: LiteRTLM JNI already loaded; skip. where=onCreate(retry)
08-24 23:59:03.027  9804  9804 D CrashCapture: install: ensured default handler. where=SurveyApp:onCreate(rewrap) pid=9804 default=com.negi.survey.CrashCapture$CrashHandler@40755f6
08-24 23:59:03.027  9804  9804 D CrashCapture: registerSelfHealing: ActivityLifecycleCallbacks registered. mode=onResumedOnly
08-24 23:59:03.033  9804  9840 D UploadRescheduleRcvr: Skip GitHub reschedule: missing credentials.
08-24 23:59:03.033  9804  9840 D UploadRescheduleRcvr: Skip runtime logs upload: missing GitHub credentials.
--------- beginning of system
08-24 23:59:03.034  9804  9842 I DisplayManager: Choreographer implicitly registered for the refresh rate.
08-24 23:59:03.037  9804  9804 D DesktopExperienceFlags: Toggle override initialized to: false
08-24 23:59:03.042  9804  9842 D vulkan  : searching for layers in '/data/app/~~bEHnKwGhDRJPXqwDJuui9A==/com.negi.survey-zePnIFQ47wq-pudKCQ6oxg==/lib/arm64'
08-24 23:59:03.045  9804  9842 D vulkan  : searching for layers in '/data/app/~~bEHnKwGhDRJPXqwDJuui9A==/com.negi.survey-zePnIFQ47wq-pudKCQ6oxg==/base.apk!/lib/arm64-v8a'
08-24 23:59:03.050  9804  9804 D CompatChangeReporter: Compat change id reported: 377864165; UID 14749; state: ENABLED
08-24 23:59:03.050  9804  9804 D DesktopModeFlags: Toggle override initialized to: OVERRIDE_UNSET
08-24 23:59:03.056  9804  9804 I ContentCaptureHelper: Setting logging level to OFF
08-24 23:59:03.059  9804  9804 D CrashCapture: install: ensured default handler. where=selfHeal:onActivityResumed pid=9804 default=com.negi.survey.CrashCapture$CrashHandler@40755f6
08-24 23:59:03.149  9804  9804 D WindowOnBackDispatcher: setTopOnBackInvokedCallback (unwrapped): android.app.Activity$$ExternalSyntheticLambda0@d077efd
08-24 23:59:03.188  9804  9804 D VRI[MainActivity]: WindowInsets changed: 1080x2424 statusBars:[0,152,0,0] navigationBars:[0,0,0,69] mandatorySystemGestures:[0,187,0,92] 
08-24 23:59:03.192  9804  9804 I HWUI    : Using FreeType backend (prop=Auto)
08-24 23:59:03.379  9804  9804 D IntroScreen: Resolved config details: id=survey_config10.yaml in 28ms
08-24 23:59:03.407  9804  9804 D InsetsController: hide(ime())
08-24 23:59:03.407  9804  9804 I ImeTracker: com.negi.survey:cff787a2: onCancelled at PHASE_CLIENT_ALREADY_HIDDEN
08-24 23:59:05.535  9804  9804 D WM-PackageManagerHelper: Skipping component enablement for androidx.work.impl.background.systemjob.SystemJobService
08-24 23:59:05.535  9804  9804 D WM-Schedulers: Created SystemJobScheduler and enabled SystemJobService
08-24 23:59:05.537  9804  9909 D WM-ForceStopRunnable: Is default app process = true
08-24 23:59:05.538  9804  9909 D WM-ForceStopRunnable: Performing cleanup operations.
08-24 23:59:05.544  9804  9911 D CrashCapture: enqueuePendingCrashUploadsIfPossible enter where=SurveyApp:enqueuePending(immediate):bg pid=9804 thread=CrashCapture-Enqueue
08-24 23:59:05.569  9804  9909 D WM-ForceStopRunnable: Application was force-stopped, rescheduling.
08-24 23:59:05.584  9804  9909 D WM-PackageManagerHelper: Skipping component enablement for androidx.work.impl.background.systemalarm.RescheduleReceiver
