=== Previous Session Logcat ===
captured_time_utc=20260825_015554
captured_time_local=20260824_185554
marker=2026-08-24 18:34:38.732
preferred_prev_pid=-1
note=best-effort; buffers may be overwritten before next start
sdk=36
device=Google Pixel 9a
appId=com.negi.survey
versionName=0.0.1
versionCode=1

=== Logcat (since marker) ===
--------- beginning of system
08-24 18:36:52.304 29759 29759 D InsetsController: hide(ime())
08-24 18:36:52.305 29759 29759 D InsetsController: Setting requestedVisibleTypes to 503 (was 511)
08-24 18:36:58.032 29759 29759 D InsetsController: show(ime())
08-24 18:36:58.032 29759 29759 D InsetsController: Setting requestedVisibleTypes to 511 (was 503)
08-24 18:36:58.048 29759 29759 D InsetsController: show(ime())
08-24 18:38:09.574 29759 29759 D InsetsController: hide(ime())
08-24 18:38:09.575 29759 29759 D InsetsController: Setting requestedVisibleTypes to 503 (was 511)
08-24 18:38:27.546 29759 29759 D InsetsController: hide(ime())
08-24 18:38:33.400 29759 29759 D InsetsController: show(ime())
08-24 18:38:33.400 29759 29759 D InsetsController: Setting requestedVisibleTypes to 511 (was 503)
08-24 18:38:33.409 29759 29759 D InsetsController: show(ime())
--------- beginning of main
08-24 18:55:51.727 30636 30636 I Zygote  : Process 30636 created for com.negi.survey
08-24 18:55:51.730 30636 30636 I com.negi.survey: Using CollectorTypeCMC GC.
08-24 18:55:51.745 30636 30636 D nativeloader: Load libframework-connectivity-tiramisu-jni.so using APEX ns com_android_tethering for caller /apex/com.android.tethering/javalib/framework-connectivity-t.jar: ok
08-24 18:55:51.772 30636 30636 D ApplicationLoaders: Returning zygote-cached class loader: /system_ext/framework/androidx.window.extensions.jar
08-24 18:55:51.772 30636 30636 D ApplicationLoaders: Returning zygote-cached class loader: /system_ext/framework/androidx.window.sidecar.jar
08-24 18:55:51.783 30636 30636 D nativeloader: Configuring clns-9 for other apk /data/app/~~j7HAtp2L4LBwRPBDE-cBFw==/com.negi.survey-wkYonhup9-N9FJj4apFxQA==/base.apk. target_sdk_version=36, uses_libraries=libOpenCL.so:libOpenCL-pixel.so, library_path=/data/app/~~j7HAtp2L4LBwRPBDE-cBFw==/com.negi.survey-wkYonhup9-N9FJj4apFxQA==/lib/arm64:/data/app/~~j7HAtp2L4LBwRPBDE-cBFw==/com.negi.survey-wkYonhup9-N9FJj4apFxQA==/base.apk!/lib/arm64-v8a, permitted_path=/data:/mnt/expand:/data/user/0/com.negi.survey
08-24 18:55:51.790 30636 30636 V GraphicsEnvironment: Currently set values for:
08-24 18:55:51.790 30636 30636 V GraphicsEnvironment:   angle_gl_driver_selection_pkgs=[com.android.angle]
08-24 18:55:51.790 30636 30636 V GraphicsEnvironment:   angle_gl_driver_selection_values=[angle]
08-24 18:55:51.790 30636 30636 V GraphicsEnvironment: com.negi.survey is not listed in per-application setting
08-24 18:55:51.790 30636 30636 V GraphicsEnvironment: No special selections for ANGLE, returning default driver choice
08-24 18:55:51.790 30636 30636 V GraphicsEnvironment: Neither updatable production driver nor prerelease driver is supported.
08-24 18:55:51.802 30636 30636 D nativeloader: Load /data/app/~~j7HAtp2L4LBwRPBDE-cBFw==/com.negi.survey-wkYonhup9-N9FJj4apFxQA==/base.apk!/lib/arm64-v8a/liblitertlm_jni.so using class loader ns clns-9 (caller=/data/app/~~j7HAtp2L4LBwRPBDE-cBFw==/com.negi.survey-wkYonhup9-N9FJj4apFxQA==/base.apk!classes4.dex): ok
08-24 18:55:51.802 30636 30636 D SurveyApp: Loaded LiteRTLM JNI: litertlm_jni where=attachBaseContext
08-24 18:55:51.809 30636 30636 D AppRingLogStore: installed: dir=/data/user/0/com.negi.survey/files/diagnostics/applog_ring idx=0
08-24 18:55:51.816 30636 30636 D CrashCapture: install: ensured default handler. where=SurveyApp:attachBaseContext pid=30636 default=com.negi.survey.CrashCapture$CrashHandler@594bdf7
08-24 18:55:51.820 30636 30660 D RuntimeLogStore: openWriter: start -> /data/user/0/com.negi.survey/files/diagnostics/runtime_logs/rtlog_20260825_015551_809_pid30636_seq1.log (bytes=0 format=LEGACY)
08-24 18:55:51.823 30636 30660 D RuntimeLogStore: retention: start files=8 kept=8 totalBytes=147302
08-24 18:55:51.826 30636 30636 D SurveyApp: LiteRTLM JNI already loaded; skip. where=onCreate(retry)
08-24 18:55:51.827 30636 30636 D CrashCapture: install: ensured default handler. where=SurveyApp:onCreate(rewrap) pid=30636 default=com.negi.survey.CrashCapture$CrashHandler@594bdf7
08-24 18:55:51.827 30636 30636 D CrashCapture: registerSelfHealing: ActivityLifecycleCallbacks registered. mode=onResumedOnly
08-24 18:55:51.834 30636 30665 I DisplayManager: Choreographer implicitly registered for the refresh rate.
08-24 18:55:51.835 30636 30664 D UploadRescheduleRcvr: Skip GitHub reschedule: missing credentials.
08-24 18:55:51.835 30636 30664 D UploadRescheduleRcvr: Skip runtime logs upload: missing GitHub credentials.
08-24 18:55:51.837 30636 30636 D DesktopExperienceFlags: Toggle override initialized to: false
08-24 18:55:51.838 30636 30665 D vulkan  : searching for layers in '/data/app/~~j7HAtp2L4LBwRPBDE-cBFw==/com.negi.survey-wkYonhup9-N9FJj4apFxQA==/lib/arm64'
08-24 18:55:51.838 30636 30665 D vulkan  : searching for layers in '/data/app/~~j7HAtp2L4LBwRPBDE-cBFw==/com.negi.survey-wkYonhup9-N9FJj4apFxQA==/base.apk!/lib/arm64-v8a'
08-24 18:55:51.850 30636 30636 D CompatChangeReporter: Compat change id reported: 377864165; UID 14749; state: ENABLED
08-24 18:55:51.850 30636 30636 D DesktopModeFlags: Toggle override initialized to: OVERRIDE_UNSET
08-24 18:55:51.856 30636 30636 I ContentCaptureHelper: Setting logging level to OFF
08-24 18:55:51.859 30636 30636 D CrashCapture: install: ensured default handler. where=selfHeal:onActivityResumed pid=30636 default=com.negi.survey.CrashCapture$CrashHandler@594bdf7
08-24 18:55:51.957 30636 30636 D WindowOnBackDispatcher: setTopOnBackInvokedCallback (unwrapped): android.app.Activity$$ExternalSyntheticLambda0@d077efd
08-24 18:55:51.993 30636 30636 D VRI[MainActivity]: WindowInsets changed: 1080x2424 statusBars:[0,152,0,0] navigationBars:[0,0,0,69] mandatorySystemGestures:[0,187,0,92] 
08-24 18:55:51.997 30636 30636 I HWUI    : Using FreeType backend (prop=Auto)
08-24 18:55:52.084 30636 30636 D IntroScreen: Resolved config details: id=survey_config10.yaml in 18ms
08-24 18:55:52.115 30636 30636 D InsetsController: hide(ime())
08-24 18:55:52.115 30636 30636 I ImeTracker: com.negi.survey:d23ba38b: onCancelled at PHASE_CLIENT_ALREADY_HIDDEN
08-24 18:55:54.337 30636 30636 D WM-PackageManagerHelper: Skipping component enablement for androidx.work.impl.background.systemjob.SystemJobService
08-24 18:55:54.337 30636 30636 D WM-Schedulers: Created SystemJobScheduler and enabled SystemJobService
08-24 18:55:54.338 30636 30729 D WM-ForceStopRunnable: Is default app process = true
08-24 18:55:54.339 30636 30729 D WM-ForceStopRunnable: Performing cleanup operations.
08-24 18:55:54.343 30636 30731 D CrashCapture: enqueuePendingCrashUploadsIfPossible enter where=SurveyApp:enqueuePending(immediate):bg pid=30636 thread=CrashCapture-Enqueue
08-24 18:55:54.391 30636 30729 D WM-ForceStopRunnable: Application was force-stopped, rescheduling.
