=== Previous Session Logcat ===
captured_time_utc=20260825_062049
captured_time_local=20260824_232049
marker=2026-08-24 22:58:24.962
preferred_prev_pid=-1
note=best-effort; buffers may be overwritten before next start
sdk=36
device=Google Pixel 9a
appId=com.negi.survey
versionName=0.0.1
versionCode=1

=== Logcat (since marker) ===
--------- beginning of system
08-24 22:58:55.393  7217  7217 D InsetsController: show(ime())
08-24 22:58:55.398  7217  7217 D InsetsController: Setting requestedVisibleTypes to 511 (was 503)
08-24 22:58:55.429  7217  7217 D InsetsController: show(ime())
08-24 22:58:57.139  7217  7217 D InsetsController: hide(ime())
08-24 22:58:57.140  7217  7217 D InsetsController: Setting requestedVisibleTypes to 503 (was 511)
08-24 22:58:59.147  7217  7217 D InsetsController: show(ime())
08-24 22:58:59.148  7217  7217 D InsetsController: Setting requestedVisibleTypes to 511 (was 503)
08-24 22:58:59.158  7217  7217 D InsetsController: show(ime())
08-24 22:59:04.410  7217  7217 D InsetsController: hide(ime())
08-24 22:59:04.410  7217  7217 D InsetsController: Setting requestedVisibleTypes to 503 (was 511)
08-24 22:59:11.797  7217  7217 D InsetsController: show(ime())
08-24 22:59:11.798  7217  7217 D InsetsController: Setting requestedVisibleTypes to 511 (was 503)
08-24 22:59:11.802  7217  7217 D InsetsController: show(ime())
08-24 22:59:15.852  7217  7217 D InsetsController: show(ime())
08-24 22:59:15.853  7217  7217 D InsetsController: show(ime())
08-24 22:59:17.330  7217  7217 D InsetsController: hide(ime())
08-24 22:59:17.331  7217  7217 D InsetsController: Setting requestedVisibleTypes to 503 (was 511)
08-24 22:59:23.340  7217  7217 D InsetsController: show(ime())
08-24 22:59:23.341  7217  7217 D InsetsController: Setting requestedVisibleTypes to 511 (was 503)
08-24 22:59:23.354  7217  7217 D InsetsController: show(ime())
--------- beginning of main
08-24 23:20:47.085  8037  8037 I Zygote  : Process 8037 created for com.negi.survey
08-24 23:20:47.091  8037  8037 I com.negi.survey: Using CollectorTypeCMC GC.
08-24 23:20:47.154  8037  8037 D nativeloader: Load libframework-connectivity-tiramisu-jni.so using APEX ns com_android_tethering for caller /apex/com.android.tethering/javalib/framework-connectivity-t.jar: ok
08-24 23:20:47.197  8037  8037 D ApplicationLoaders: Returning zygote-cached class loader: /system_ext/framework/androidx.window.extensions.jar
08-24 23:20:47.197  8037  8037 D ApplicationLoaders: Returning zygote-cached class loader: /system_ext/framework/androidx.window.sidecar.jar
08-24 23:20:47.212  8037  8037 D nativeloader: Configuring clns-9 for other apk /data/app/~~wOgeh9hzoucV2dJz7rcwfg==/com.negi.survey--srzdYZF-DgAiQYu-O7lnA==/base.apk. target_sdk_version=36, uses_libraries=libOpenCL.so:libOpenCL-pixel.so, library_path=/data/app/~~wOgeh9hzoucV2dJz7rcwfg==/com.negi.survey--srzdYZF-DgAiQYu-O7lnA==/lib/arm64:/data/app/~~wOgeh9hzoucV2dJz7rcwfg==/com.negi.survey--srzdYZF-DgAiQYu-O7lnA==/base.apk!/lib/arm64-v8a, permitted_path=/data:/mnt/expand:/data/user/0/com.negi.survey
08-24 23:20:47.232  8037  8037 V GraphicsEnvironment: Currently set values for:
08-24 23:20:47.232  8037  8037 V GraphicsEnvironment:   angle_gl_driver_selection_pkgs=[com.android.angle]
08-24 23:20:47.232  8037  8037 V GraphicsEnvironment:   angle_gl_driver_selection_values=[angle]
08-24 23:20:47.232  8037  8037 V GraphicsEnvironment: com.negi.survey is not listed in per-application setting
08-24 23:20:47.232  8037  8037 V GraphicsEnvironment: No special selections for ANGLE, returning default driver choice
08-24 23:20:47.232  8037  8037 V GraphicsEnvironment: Neither updatable production driver nor prerelease driver is supported.
08-24 23:20:47.245  8037  8037 D nativeloader: Load /data/app/~~wOgeh9hzoucV2dJz7rcwfg==/com.negi.survey--srzdYZF-DgAiQYu-O7lnA==/base.apk!/lib/arm64-v8a/liblitertlm_jni.so using class loader ns clns-9 (caller=/data/app/~~wOgeh9hzoucV2dJz7rcwfg==/com.negi.survey--srzdYZF-DgAiQYu-O7lnA==/base.apk!classes4.dex): ok
08-24 23:20:47.246  8037  8037 D SurveyApp: Loaded LiteRTLM JNI: litertlm_jni where=attachBaseContext
08-24 23:20:47.254  8037  8037 D AppRingLogStore: installed: dir=/data/user/0/com.negi.survey/files/diagnostics/applog_ring idx=0
08-24 23:20:47.255  8037  8037 D CrashCapture: install: ensured default handler. where=SurveyApp:attachBaseContext pid=8037 default=com.negi.survey.CrashCapture$CrashHandler@40755f6
08-24 23:20:47.260  8037  8063 D RuntimeLogStore: openWriter: start -> /data/user/0/com.negi.survey/files/diagnostics/runtime_logs/rtlog_20260825_062047_258_pid8037_seq1.log (bytes=0 format=LEGACY)
08-24 23:20:47.266  8037  8063 D RuntimeLogStore: retention: start files=13 kept=12 totalBytes=208286
08-24 23:20:47.266  8037  8037 D SurveyApp: LiteRTLM JNI already loaded; skip. where=onCreate(retry)
08-24 23:20:47.267  8037  8037 D CrashCapture: install: ensured default handler. where=SurveyApp:onCreate(rewrap) pid=8037 default=com.negi.survey.CrashCapture$CrashHandler@40755f6
08-24 23:20:47.267  8037  8037 D CrashCapture: registerSelfHealing: ActivityLifecycleCallbacks registered. mode=onResumedOnly
08-24 23:20:47.273  8037  8068 I DisplayManager: Choreographer implicitly registered for the refresh rate.
08-24 23:20:47.276  8037  8068 D vulkan  : searching for layers in '/data/app/~~wOgeh9hzoucV2dJz7rcwfg==/com.negi.survey--srzdYZF-DgAiQYu-O7lnA==/lib/arm64'
08-24 23:20:47.276  8037  8068 D vulkan  : searching for layers in '/data/app/~~wOgeh9hzoucV2dJz7rcwfg==/com.negi.survey--srzdYZF-DgAiQYu-O7lnA==/base.apk!/lib/arm64-v8a'
08-24 23:20:47.276  8037  8037 D DesktopExperienceFlags: Toggle override initialized to: false
08-24 23:20:47.279  8037  8066 D UploadRescheduleRcvr: Skip GitHub reschedule: missing credentials.
08-24 23:20:47.279  8037  8066 D UploadRescheduleRcvr: Skip runtime logs upload: missing GitHub credentials.
08-24 23:20:47.291  8037  8037 D CompatChangeReporter: Compat change id reported: 377864165; UID 14749; state: ENABLED
08-24 23:20:47.291  8037  8037 D DesktopModeFlags: Toggle override initialized to: OVERRIDE_UNSET
08-24 23:20:47.298  8037  8037 I ContentCaptureHelper: Setting logging level to OFF
08-24 23:20:47.300  8037  8037 D CrashCapture: install: ensured default handler. where=selfHeal:onActivityResumed pid=8037 default=com.negi.survey.CrashCapture$CrashHandler@40755f6
08-24 23:20:47.363  8037  8037 D WindowOnBackDispatcher: setTopOnBackInvokedCallback (unwrapped): android.app.Activity$$ExternalSyntheticLambda0@d077efd
08-24 23:20:47.399  8037  8037 D VRI[MainActivity]: WindowInsets changed: 1080x2424 statusBars:[0,152,0,0] navigationBars:[0,0,0,69] mandatorySystemGestures:[0,187,0,92] 
08-24 23:20:47.404  8037  8037 I HWUI    : Using FreeType backend (prop=Auto)
08-24 23:20:47.550  8037  8037 D IntroScreen: Resolved config details: id=survey_config10.yaml in 24ms
08-24 23:20:47.555  8037  8037 D InsetsController: hide(ime())
08-24 23:20:47.555  8037  8037 I ImeTracker: com.negi.survey:a653adc4: onCancelled at PHASE_CLIENT_ALREADY_HIDDEN
08-24 23:20:49.775  8037  8037 D WM-PackageManagerHelper: Skipping component enablement for androidx.work.impl.background.systemjob.SystemJobService
08-24 23:20:49.775  8037  8037 D WM-Schedulers: Created SystemJobScheduler and enabled SystemJobService
08-24 23:20:49.777  8037  8133 D WM-ForceStopRunnable: Is default app process = true
08-24 23:20:49.778  8037  8133 D WM-ForceStopRunnable: Performing cleanup operations.
08-24 23:20:49.785  8037  8135 D CrashCapture: enqueuePendingCrashUploadsIfPossible enter where=SurveyApp:enqueuePending(immediate):bg pid=8037 thread=CrashCapture-Enqueue
08-24 23:20:49.801  8037  8133 D WM-ForceStopRunnable: Application was force-stopped, rescheduling.
08-24 23:20:49.814  8037  8133 D WM-PackageManagerHelper: Skipping component enablement for androidx.work.impl.background.systemalarm.RescheduleReceiver
