=== RuntimeLogStore Header ===
ts=2026-09-24T18:47:43.713Z
fileNameFormat=LEGACY
appId=com.negi.survey
versionName=0.0.1
versionCode=87
debug=false
device=samsung SM-S931U1
sdk=36
pid=21367
==============================
2026-09-24T18:47:43.713Z I/RuntimeLogStore [rtlog-io] --- rotated (reason=plain_snapshot:app_start) ---
2026-09-24T18:49:50.564Z D/LiteRtLM [DefaultDispatcher-worker-3] Initializing LiteRT-LM: model='Gemma3n4B', key='Gemma3n4B|/data/data/com.negi.survey/files/gemma-3n-E4B-it-int4.litertlm'
2026-09-24T18:49:50.565Z D/LiteRtLM [DefaultDispatcher-worker-3] Capabilities: image=false audio=false
2026-09-24T18:49:50.565Z D/LiteRtLM [DefaultDispatcher-worker-3] Backend=com.google.ai.edge.litertlm.Backend$GPU@b3356bb maxNumTokens=512 (raw=512) topK=1 topP=0.0 temp=0.0
2026-09-24T18:49:50.565Z D/LiteRtLM [DefaultDispatcher-worker-3] Model path='/data/data/com.negi.survey/files/gemma-3n-E4B-it-int4.litertlm' sizeBytes=4919541760 lastModified=1790275787196
2026-09-24T18:49:50.565Z D/LiteRtLM [DefaultDispatcher-worker-3] LiteRT-LM native benchmark policy: enabled=false emulator=false
2026-09-24T18:49:50.565Z D/LiteRtLM [DefaultDispatcher-worker-3] Speculative decoding / MTP policy: enabled=false runtimeFlagUpdated=true model='Gemma3n4B'
2026-09-24T18:49:50.565Z D/LiteRtLM [DefaultDispatcher-worker-3] Engine cacheDir resolved: key='Gemma3n4B|/data/data/com.negi.survey/files/gemma-3n-E4B-it-int4.litertlm' backend=com.google.ai.edge.litertlm.Backend$GPU@b3356bb path='/data/user/0/com.negi.survey/no_backup/litertlm_cache/043103157780e8ad0aee46941597df1d4ce85af4' filesBefore=0
2026-09-24T18:50:02.627Z W/LiteRtLM [DefaultDispatcher-worker-3] Engine.initialize completed: key='Gemma3n4B|/data/data/com.negi.survey/files/gemma-3n-E4B-it-int4.litertlm' backend=com.google.ai.edge.litertlm.Backend$GPU@b3356bb took=12059ms cacheFilesAfter=2
2026-09-24T18:50:02.641Z D/LiteRtLM [DefaultDispatcher-worker-3] createConversation completed: key='Gemma3n4B|/data/data/com.negi.survey/files/gemma-3n-E4B-it-int4.litertlm' took=13ms
2026-09-24T18:50:02.641Z D/LiteRtLM [DefaultDispatcher-worker-3] LiteRT-LM initialization succeeded: model='Gemma3n4B', key='Gemma3n4B|/data/data/com.negi.survey/files/gemma-3n-E4B-it-int4.litertlm' engineMs=12059 conversationMs=13 totalMs=12076
2026-09-24T18:50:02.656Z D/AiTrace [main] Installed (enabled=false ringEnabled=true)
2026-09-24T18:50:02.658Z D/SurveyVM [main] init -> Start, session=0, uuid=40712f59-dc61-41c9-9690-2aa2fb670d43, navSize=1, graphSize=20
2026-09-24T18:50:02.660Z D/SurveyVM [main] config.validate -> issues=0
2026-09-24T18:50:02.660Z D/SurveyVM [main] promptSources -> legacy=10, eval=0, follow=0
2026-09-24T18:50:02.660Z D/SurveyVM [main] promptSources.preview -> legacy=[Q10, Q11, Q12, Q13, Q14, Q15, Q16, Q17, Q8, Q9], eval=[], follow=[]
2026-09-24T18:50:02.660Z D/SurveyVM [main] hasTwoStepPrompt[Q10] -> true (eval=195, fu=220)
2026-09-24T18:50:02.660Z D/SurveyVM [main] hasTwoStepPrompt[Q11] -> true (eval=219, fu=244)
2026-09-24T18:50:02.660Z D/SurveyVM [main] hasTwoStepPrompt[Q12] -> true (eval=229, fu=254)
2026-09-24T18:50:02.660Z D/SurveyVM [main] hasTwoStepPrompt[Q13] -> true (eval=184, fu=209)
2026-09-24T18:50:02.660Z D/SurveyVM [main] hasTwoStepPrompt[Q14] -> true (eval=221, fu=246)
2026-09-24T18:50:02.660Z D/SurveyVM [main] hasTwoStepPrompt[Q15] -> true (eval=160, fu=185)
2026-09-24T18:50:02.660Z D/SurveyVM [main] hasTwoStepPrompt[Q16] -> true (eval=185, fu=210)
2026-09-24T18:50:02.660Z D/SurveyVM [main] hasTwoStepPrompt[Q17] -> true (eval=200, fu=225)
2026-09-24T18:50:02.660Z D/SurveyVM [main] hasTwoStepPrompt[Q8] -> true (eval=248, fu=273)
2026-09-24T18:50:02.660Z D/SurveyVM [main] hasTwoStepPrompt[Q9] -> true (eval=190, fu=215)
2026-09-24T18:50:02.660Z D/SurveyVM [main] AI prompt coverage OK (aiCount=10)
2026-09-24T18:50:02.683Z D/LiteRtLM [slm-jni] initializeIfNeeded: warm runtime already ready: key='Gemma3n4B|/data/data/com.negi.survey/files/gemma-3n-E4B-it-int4.litertlm'
2026-09-24T18:50:02.684Z D/LiteRtRepository [main] warmUp: initializeIfNeeded ok gateWaitMs=0 initMs=1
2026-09-24T18:50:02.684Z D/LiteRtRepository [main] warmUp: Engine ready; representative inference disabled totalMs=1
2026-09-24T18:50:10.744Z D/SurveyVM [DefaultDispatcher-worker-3] addAudioRef -> q=__home_free_text__, file=2026-09-24_18-50-10_voice_SM-S931U1_F757B79A4E33_40712f59-dc61-41c9-9690-2aa2fb670d43_home_free_text.wav, sid=40712f59-dc61-41c9-9690-2aa2fb670d43
2026-09-24T18:50:10.744Z D/SurveyVM [DefaultDispatcher-worker-3] onVoiceExported -> q=__home_free_text__, file=2026-09-24_18-50-10_voice_SM-S931U1_F757B79A4E33_40712f59-dc61-41c9-9690-2aa2fb670d43_home_free_text.wav, replace=false
2026-09-24T18:50:16.958Z D/SurveyVM [main] setRunFreeText(draft) -> len=41
2026-09-24T18:50:19.375Z D/SurveyVM [main] resetAudioRefs -> cleared
2026-09-24T18:50:19.376Z D/SurveyVM [main] resetNavToStart -> key=com.negi.survey.vm.FlowHome@b1fe69c, navSize=1
2026-09-24T18:50:19.376Z D/SurveyVM [main] resetToStart -> Start, session=1, uuid=7e405044-91a5-46e8-a5af-240a600f372a, preserveDraft=true, draftLen=41
2026-09-24T18:50:19.376Z D/SurveyVM [main] setRunFreeText(draft) -> len=41
2026-09-24T18:50:19.376Z D/SurveyVM [main] activateRunIfNeeded(advanceToNext:Q1) -> runNoteLen=41, draftCleared=true, uuid=7e405044-91a5-46e8-a5af-240a600f372a
2026-09-24T18:50:19.376Z D/SurveyVM [main] push -> Q1, navSize=2, stackSize=2
2026-09-24T18:50:20.717Z D/SurveyVM [main] push -> Q2, navSize=3, stackSize=3
2026-09-24T18:50:21.383Z D/SurveyVM [main] push -> Q3, navSize=4, stackSize=4
2026-09-24T18:50:22.907Z D/SurveyVM [main] push -> Q4, navSize=5, stackSize=5
2026-09-24T18:50:23.973Z D/SurveyVM [main] push -> Q5, navSize=6, stackSize=6
2026-09-24T18:50:25.089Z D/SurveyVM [main] push -> Q6, navSize=7, stackSize=7
2026-09-24T18:50:25.738Z D/SurveyVM [main] push -> Q7, navSize=8, stackSize=8
2026-09-24T18:50:27.456Z D/SurveyVM [main] push -> Q8, navSize=9, stackSize=9
2026-09-24T18:50:27.483Z D/SurveyVM [main] hasTwoStepPrompt[Q8] -> true (eval=248, fu=273)
2026-09-24T18:50:30.445Z D/SurveyVM [main] push -> Q9, navSize=10, stackSize=10
2026-09-24T18:50:30.453Z D/SurveyVM [main] hasTwoStepPrompt[Q9] -> true (eval=190, fu=215)
2026-09-24T18:50:30.687Z D/SurveyVM [main] push -> Q10, navSize=11, stackSize=11
2026-09-24T18:50:30.694Z D/SurveyVM [main] hasTwoStepPrompt[Q10] -> true (eval=195, fu=220)
2026-09-24T18:50:30.878Z D/SurveyVM [main] push -> Q11, navSize=12, stackSize=12
2026-09-24T18:50:30.885Z D/SurveyVM [main] hasTwoStepPrompt[Q11] -> true (eval=219, fu=244)
2026-09-24T18:50:31.061Z D/SurveyVM [main] push -> Q12, navSize=13, stackSize=13
2026-09-24T18:50:31.069Z D/SurveyVM [main] hasTwoStepPrompt[Q12] -> true (eval=229, fu=254)
2026-09-24T18:50:31.253Z D/SurveyVM [main] push -> Q13, navSize=14, stackSize=14
2026-09-24T18:50:31.260Z D/SurveyVM [main] hasTwoStepPrompt[Q13] -> true (eval=184, fu=209)
2026-09-24T18:50:31.437Z D/SurveyVM [main] push -> Q14, navSize=15, stackSize=15
2026-09-24T18:50:31.445Z D/SurveyVM [main] hasTwoStepPrompt[Q14] -> true (eval=221, fu=246)
2026-09-24T18:50:31.628Z D/SurveyVM [main] push -> Q15, navSize=16, stackSize=16
2026-09-24T18:50:31.635Z D/SurveyVM [main] hasTwoStepPrompt[Q15] -> true (eval=160, fu=185)
2026-09-24T18:50:31.839Z D/SurveyVM [main] push -> Q16, navSize=17, stackSize=17
2026-09-24T18:50:31.846Z D/SurveyVM [main] hasTwoStepPrompt[Q16] -> true (eval=185, fu=210)
2026-09-24T18:50:32.039Z D/SurveyVM [main] push -> Q17, navSize=18, stackSize=18
2026-09-24T18:50:32.047Z D/SurveyVM [main] hasTwoStepPrompt[Q17] -> true (eval=200, fu=225)
2026-09-24T18:50:35.375Z D/AiScreen [main] Speech started (node=Q17 role=MAIN)
2026-09-24T18:50:40.213Z D/AiScreen [main] Speech finished with empty/no-change (node=Q17 role=MAIN)
2026-09-24T18:50:40.332Z D/SurveyVM [DefaultDispatcher-worker-1] addAudioRef -> q=Q17, file=2026-09-24_18-50-40_voice_SM-S931U1_F757B79A4E33_7e405044-91a5-46e8-a5af-240a600f372a_Q17.wav, sid=7e405044-91a5-46e8-a5af-240a600f372a
2026-09-24T18:50:40.332Z D/SurveyVM [DefaultDispatcher-worker-1] onVoiceExported -> q=Q17, file=2026-09-24_18-50-40_voice_SM-S931U1_F757B79A4E33_7e405044-91a5-46e8-a5af-240a600f372a_Q17.wav, replace=false
2026-09-24T18:50:40.347Z D/AiScreen [main] Speech started (node=Q17 role=MAIN)
2026-09-24T18:50:46.314Z D/AiScreen [main] Speech committed (node=Q17 role=MAIN len=60)
2026-09-24T18:50:49.351Z D/SurveyVM [main] getEvalPrompt[Q17] -> len=322
2026-09-24T18:50:49.359Z D/LiteRtRepository [DefaultDispatcher-worker-6] [1] request start model='Gemma3n4B' prompt.len=2227 sha=73c1ea8d0c181def gateWaitMs=1
2026-09-24T18:50:49.360Z D/LiteRtLM [slm-jni] initializeIfNeeded: warm runtime already ready: key='Gemma3n4B|/data/data/com.negi.survey/files/gemma-3n-E4B-it-int4.litertlm'
2026-09-24T18:50:49.361Z D/LiteRtRepository [DefaultDispatcher-worker-6] [1] initializeIfNeeded ok initMs=1
2026-09-24T18:50:49.363Z D/LiteRtLM [DefaultDispatcher-worker-1] runInference start: key='Gemma3n4B|/data/data/com.negi.survey/files/gemma-3n-E4B-it-int4.litertlm' runId=1 hasText=true originalTextLen=2227 effectiveTextLen=2227 images=0 audioClips=0
2026-09-24T18:50:49.363Z D/LiteRtLM [DefaultDispatcher-worker-1] LiteRT-LM sendMessageAsync(text): key='Gemma3n4B|/data/data/com.negi.survey/files/gemma-3n-E4B-it-int4.litertlm' runId=1 len=2227 maxOutputTokens=64
2026-09-24T18:50:49.389Z D/LiteRtLM [DefaultDispatcher-worker-1] sendMessageAsync accepted: key='Gemma3n4B|/data/data/com.negi.survey/files/gemma-3n-E4B-it-int4.litertlm' runId=1 dispatchMs=26
2026-09-24T18:50:51.077Z W/LiteRtLM [Thread-13] Inference first output: key='Gemma3n4B|/data/data/com.negi.survey/files/gemma-3n-E4B-it-int4.litertlm' runId=1 ttftMs=1714 dispatchMs=26 postDispatchTtftMs=1688 requestToFirstOutputMs=1715
2026-09-24T18:50:53.499Z W/LiteRtLM [Thread-45] Inference timing: key='Gemma3n4B|/data/data/com.negi.survey/files/gemma-3n-E4B-it-int4.litertlm' runId=1 ttftMs=1714 dispatchMs=26 postDispatchTtftMs=1688 totalMs=4135 callbacks=32 outputChars=111 cancelled=false error=false requestTotalMs=4136
2026-09-24T18:50:53.499Z I/LiteRtLM [Thread-45] LiteRT completion: runId=1 terminal=normal_onDone phase=unavailable engineTokenCapacity=512 prefillTokens=-1 decodeTokens=-1 kvTokens=-1 outputChars=111 callbacks=32
2026-09-24T18:50:53.500Z D/LiteRtRepository [main] [1] logical done=true; responseClosed=true; waiting native cleanup
2026-09-24T18:50:53.500Z D/LiteRtRepository [main] [1] native cleanup safepoint
2026-09-24T18:50:53.509Z I/AiViewModel [DefaultDispatcher-worker-6] run[1] done: phase=EVAL mode=EVAL_JSON score=75 FU0.len=0 FU0.sha16=none commit=true err=<none>
2026-09-24T18:50:53.509Z D/LiteRtRepository [DefaultDispatcher-worker-5] [1] Conversation reset completed after safepoint
2026-09-24T18:50:57.021Z D/SurveyVM [main] push -> Review, navSize=19, stackSize=19
2026-09-24T18:50:57.029Z D/SurveyVM [main] hasTwoStepPrompt[Review] -> false (eval=0, fu=0)
2026-09-24T18:51:07.343Z D/SurveyVM [main] push -> Done, navSize=20, stackSize=20
