=== RuntimeLogStore Header ===
ts=2026-09-04T16:28:06.593Z
fileNameFormat=LEGACY
appId=com.negi.survey
versionName=0.0.1
versionCode=1
debug=true
device=Google Pixel 9a
sdk=36
pid=3543
==============================
2026-09-04T16:28:06.595Z I/RuntimeLogStore [rtlog-io] start: actor launched (fileNameFormat=LEGACY)
2026-09-04T16:28:06.537Z D/SurveyApp [main] attachBaseContext: pid=3543 process=com.negi.survey isMain=true sdk=36
2026-09-04T16:28:06.538Z D/SurveyApp [main] bootTiming: attachBaseContext total=63ms
2026-09-04T16:28:06.538Z D/SurveyApp [main] Skipping WorkManager init in attachBaseContext; will init lazily on first enqueue.
2026-09-04T16:28:06.541Z D/SurveyApp [main] CrashCapture installed: where=SurveyApp:attachBaseContext
2026-09-04T16:28:06.599Z I/RuntimeLogStore [main] start repair: ctx/dir refreshed
2026-09-04T16:28:06.599Z D/SurveyApp [main] bootTiming: RuntimeLogStore.start took=1ms
2026-09-04T16:28:06.599Z D/SurveyApp [main] bootTiming: AppRingLogStore.install took=0ms
2026-09-04T16:28:06.599Z D/SurveyApp [main] onCreate: pid=3543 process=com.negi.survey isMain=true sdk=36
2026-09-04T16:28:06.609Z D/SurveyApp [main] CrashCapture installed: where=SurveyApp:onCreate(rewrap)
2026-09-04T16:28:06.610Z D/SurveyApp [main] CrashCapture self-healing registered.
2026-09-04T16:28:06.610Z W/SurveyApp [main] Startup enqueues deferred: delay=2500ms (to reduce init contention)
2026-09-04T16:28:06.610Z D/SurveyApp [main] bootTiming: onCreate total=12ms
2026-09-04T16:28:09.113Z W/SurveyApp [main] Deferred startup enqueues begin...
2026-09-04T16:28:09.248Z D/SurveyApp [main] WorkManager available. where=startupRtLogs(immediate) took=133ms
2026-09-04T16:28:09.261Z D/SurveyApp [main] Startup runtime logs target -> owner=ishizuki-tech repo=SurveyExports branch=main base='/diagnostics/runtime_logs'
2026-09-04T16:28:09.304Z D/SurveyApp [main] Startup runtime logs: enqueue requested (immediate).
2026-09-04T16:28:09.305Z D/SurveyApp [main] WorkManager available. where=startupRingLogs(immediate) took=0ms
2026-09-04T16:28:09.309Z D/SurveyApp [main] Startup ring logs target -> owner=ishizuki-tech repo=SurveyExports branch=main base='/diagnostics/applog_ring'
2026-09-04T16:28:09.315Z D/SurveyApp [main] Startup ring logs: enqueue requested (immediate).
2026-09-04T16:28:09.315Z D/SurveyApp [main] WorkManager available. where=enqueuePending(immediate) took=0ms
2026-09-04T16:28:09.316Z D/SurveyApp [main] CrashCapture pending uploads requested (immediate).
2026-09-04T16:28:09.317Z W/SurveyApp [main] Deferred startup enqueues done: took=204ms
2026-09-04T16:28:10.802Z I/RuntimeLogStore [DefaultDispatcher-worker-3] start repair: ctx/dir refreshed
