=== Previous Session Logcat ===
captured_time_utc=20261003_045040
captured_time_local=20261002_235040
marker=2026-10-02 18:16:48.074
preferred_prev_pid=13342
note=best-effort; buffers may be overwritten before next start
sdk=36
device=samsung SM-S731U
appId=com.negi.survey
versionName=0.0.1
versionCode=110

=== Logcat (since marker) ===
--------- beginning of main
10-02 23:50:37.828  9675  9675 I Zygote  : Process 9675 created for com.negi.survey
10-02 23:50:37.829  9675  9675 I com.negi.survey: Using CollectorTypeCMC GC.
10-02 23:50:37.837  9675  9675 D nativeloader: Load libframework-connectivity-tiramisu-jni.so using APEX ns com_android_tethering for caller /apex/com.android.tethering/javalib/framework-connectivity-t.jar: ok
10-02 23:50:37.839  9675  9675 D ActivityThread: setConscryptValidator
10-02 23:50:37.839  9675  9675 D ActivityThread: setConscryptValidator - put
10-02 23:50:37.858  9675  9675 D ApplicationLoaders: Returning zygote-cached class loader: /system_ext/framework/androidx.window.extensions.jar
10-02 23:50:37.858  9675  9675 D ApplicationLoaders: Returning zygote-cached class loader: /system_ext/framework/androidx.window.sidecar.jar
10-02 23:50:37.922  9675  9675 D nativeloader: Configuring clns-9 for other apk /data/app/~~NwQIMvlsTiIxF6DvYHhPUA==/com.negi.survey-BKERFRxT9i3m0cSoyLudfQ==/base.apk. target_sdk_version=36, uses_libraries=libOpenCL.so, library_path=/data/app/~~NwQIMvlsTiIxF6DvYHhPUA==/com.negi.survey-BKERFRxT9i3m0cSoyLudfQ==/lib/arm64:/data/app/~~NwQIMvlsTiIxF6DvYHhPUA==/com.negi.survey-BKERFRxT9i3m0cSoyLudfQ==/base.apk!/lib/arm64-v8a, permitted_path=/data:/mnt/expand:/data/user/0/com.negi.survey
10-02 23:50:37.929  9675  9675 V GraphicsEnvironment: Currently set values for:
10-02 23:50:37.929  9675  9675 V GraphicsEnvironment:   angle_gl_driver_selection_pkgs=[]
10-02 23:50:37.929  9675  9675 V GraphicsEnvironment:   angle_gl_driver_selection_values=[]
10-02 23:50:37.929  9675  9675 V GraphicsEnvironment: com.negi.survey is not listed in per-application setting
10-02 23:50:37.929  9675  9675 V GraphicsEnvironment: ANGLE allowlist from config: com.dreamgames.royalmatch com.dts.freefiremax com.dxx.firenow com.gramgames.mergedragons com.ludo.king com.mojang.minecraftpe com.my.defense com.nintendo.zaka com.os.airforce com.playrix.fishdomdd.gplay io.teslatech.callbreak jp.konami.prospia net.peakgames.toonblast
10-02 23:50:37.929  9675  9675 V GraphicsEnvironment: No special selections for ANGLE, returning default driver choice
10-02 23:50:37.929  9675  9675 V GraphicsEnvironment: Neither updatable production driver nor prerelease driver is supported.
10-02 23:50:37.960  9675  9675 D nativeloader: Load /data/app/~~NwQIMvlsTiIxF6DvYHhPUA==/com.negi.survey-BKERFRxT9i3m0cSoyLudfQ==/base.apk!/lib/arm64-v8a/liblitertlm_jni.so using class loader ns clns-9 (caller=/data/app/~~NwQIMvlsTiIxF6DvYHhPUA==/com.negi.survey-BKERFRxT9i3m0cSoyLudfQ==/base.apk!classes4.dex): ok
10-02 23:50:37.961  9675  9675 D SurveyApp: Loaded LiteRTLM JNI: litertlm_jni where=attachBaseContext
10-02 23:50:37.964  9675  9706 D RuntimeLogStore: openWriter: start -> /data/user/0/com.negi.survey/files/diagnostics/runtime_logs/rtlog_20261003_045037_963_pid9675_seq1.log (bytes=0 format=LEGACY)
10-02 23:50:37.965  9675  9675 D AppRingLogStore: installed: dir=/data/user/0/com.negi.survey/files/diagnostics/applog_ring idx=0
10-02 23:50:37.965  9675  9706 D RuntimeLogStore: retention: start files=2 kept=2 totalBytes=2146
10-02 23:50:37.966  9675  9675 D CrashCapture: install: ensured default handler. where=SurveyApp:attachBaseContext pid=9675 default=com.negi.survey.CrashCapture$CrashHandler@4728335
10-02 23:50:37.973  9675  9675 D SurveyApp: LiteRTLM JNI already loaded; skip. where=onCreate(retry)
10-02 23:50:37.973  9675  9675 D CrashCapture: install: ensured default handler. where=SurveyApp:onCreate(rewrap) pid=9675 default=com.negi.survey.CrashCapture$CrashHandler@4728335
10-02 23:50:37.973  9675  9675 D CrashCapture: registerSelfHealing: ActivityLifecycleCallbacks registered. mode=onResumedOnly
--------- beginning of system
10-02 23:50:37.984  9675  9675 D ActivityThread: com.negi.survey will use render engine as VK
10-02 23:50:37.984  9675  9675 D HWUI    : HWUI - treat SMPTE_170M as sRGB
10-02 23:50:37.985  9675  9708 I DisplayManager: Choreographer implicitly registered for the refresh rate.
10-02 23:50:37.985  9675  9708 D HWUI    : CacheManager constructor. deviceInfo=(1080, 1920)
10-02 23:50:37.986  9675  9708 D vulkan  : searching for layers in '/data/app/~~NwQIMvlsTiIxF6DvYHhPUA==/com.negi.survey-BKERFRxT9i3m0cSoyLudfQ==/lib/arm64'
10-02 23:50:37.986  9675  9708 D vulkan  : searching for layers in '/data/app/~~NwQIMvlsTiIxF6DvYHhPUA==/com.negi.survey-BKERFRxT9i3m0cSoyLudfQ==/base.apk!/lib/arm64-v8a'
10-02 23:50:37.988  9675  9708 V XGL     : ----------------------------------------------------------------------
10-02 23:50:37.988  9675  9708 V XGL     : SUMD version compiled date     = 2026-01-09 09:57 - KST
10-02 23:50:37.988  9675  9708 V XGL     : SUMD version revision number   = 1900168dcb
10-02 23:50:37.988  9675  9708 V XGL     : SUMD version info              = Driver version: 24.0.534, git hash: 1900168dcb
10-02 23:50:37.988  9675  9708 V XGL     : ----------------------------------------------------------------------
10-02 23:50:37.988  9675  9708 V XGL     : Entering: Create
10-02 23:50:38.007  9675  9675 D DesktopExperienceFlags: Toggle override initialized to: false
10-02 23:50:38.009  9675  9675 E ashmem  : Pinning is deprecated since Android Q. Please use trim or other methods.
10-02 23:50:38.023  9675  9675 D CompatChangeReporter: Compat change id reported: 377864165; UID 10354; state: ENABLED
10-02 23:50:38.024  9675  9675 D DesktopModeFlags: Toggle override initialized to: OVERRIDE_UNSET
10-02 23:50:38.026  9675  9675 I DecorView: setWindowBackground: isPopOver=false color=fffafafa d=android.graphics.drawable.ColorDrawable@2ae811b
10-02 23:50:38.027  9675  9675 D PhoneWindow: forceLight changed to false [] from com.android.internal.policy.PhoneWindow.updateForceLightNavigationBar:663 com.android.internal.policy.PhoneWindow.setNavigationBarColor:4435 androidx.activity.EdgeToEdgeApi35.setUp:353 androidx.activity.EdgeToEdge.enableEdgeToEdge$lambda$1:101 androidx.activity.EdgeToEdge$$ExternalSyntheticLambda0.run:0 
10-02 23:50:38.030  9675  9675 D CrashCapture: install: ensured default handler. where=selfHeal:onActivityResumed pid=9675 default=com.negi.survey.CrashCapture$CrashHandler@4728335
10-02 23:50:38.032  9675  9708 V XGL     : Exiting: Create
10-02 23:50:38.037  9675  9675 D ViewRootImpl: desktopMode is false
10-02 23:50:38.038  9675  9675 I ViewRootImpl: dVRR is disabled
10-02 23:50:38.038  9675  9675 D HardwareRenderer: onDisplayChanged. displayId=0 current wxh=1080x2340 mLargest wxh=0x0
10-02 23:50:38.038  9675  9675 D HardwareRenderer: Set largestWidth and largestHeight as logical resolution. (1080x2340)
10-02 23:50:38.045  9675  9708 D HWUI    : setMaxSurfaceArea requested wxh=(1080,2340) requestedSurfaceArea(2527200) mMaxSurfaceArea(2073600)
10-02 23:50:38.045  9675  9708 D NativeCustomFrequencyManager: [NativeCFMS] BpCustomFrequencyManager::BpCustomFrequencyManager()
10-02 23:50:38.049  9675  9675 D InputTransport: Input channel constructed: '3240759', fd=108
10-02 23:50:38.050  9675  9675 I InsetsController: onStateChanged: host=com.negi.survey/com.negi.survey.MainActivity, from=android.view.ViewRootImpl.onInsetsStateChanged:3038, state=InsetsState: {mDisplayFrame=Rect(0, 0 - 1080, 2340), mDisplayCutout=DisplayCutout{insets=Rect(0, 82 - 0, 0) waterfall=Insets{left=0, top=0, right=0, bottom=0} boundingRect={Bounds=[Rect(0, 0 - 0, 0), Rect(511, 24 - 569, 82), Rect(0, 0 - 0, 0), Rect(0, 0 - 0, 0)]} cutoutPathParserInfo={CutoutPathParserInfo{displayWidth=1080 displayHeight=2340 physicalDisplayWidth=1080 physicalDisplayHeight=2340 density={2.8125} cutoutSpec={M 0,0 M 0, 8.533333333333333 a 10.31111111111111,10.31111111111111 0 1,0 0,20.62222222222222 a 10.31111111111111,10.31111111111111 0 1,0 0,-20.62222222222222 Z @dp} rotation={0} scale={1.0} physicalPixelDisplaySizeRatio={1.0}}} sideOverrides={}}, mRoundedCorners=RoundedCorners{[RoundedCorner{position=TopLeft, radius=113, center=Point(113, 113)}, RoundedCorner{position=TopRight, radius=113, center=Point(967, 113)}, RoundedCorner{position=BottomRight, radius=113, center=Point(967, 2227)}, RoundedCorner{position=BottomLeft, radius=113, center=Point(113, 2227)}]}  mRoundedCornerFrame=Rect(0, 0 - 1080, 2340), mPrivacyIndicatorBounds=PrivacyIndicatorBounds {static bounds=Rect(956, 0 - 1080, 97) rotation=0}, mDisplayShape=DisplayShape{ spec=-311912193 displayWidth=1080 displayHeight=2340 physicalPixelDisplaySizeRatio=1.0 rotation=0 offsetX=0 offsetY=0 scale=1.0}, mSources= { InsetsSource: {d29a0000 mType=statusBars mFrame=[0,0][1080,97] mAttachedInsets=null mVisible=true mFlags= mSideHint=TOP mBoundingRects=null}, InsetsSource: {d29a0005 mType=mandatorySystemGestures mFrame=[0,0][1080,116] mAttachedInsets=null mVisible=true mFlags= mSideHint=TOP mBoundingRects=null}, InsetsSource: {d29a0006 mType=tappableElement mFrame=[0,0][1080,97] mAttachedInsets=null mVisible=true mFlags= mSideHint=TOP mBoundingRects=null}, InsetsSource: {3 mType=ime mFrame=[0,0][0,0] mAttachedInsets=null mVisible=false mFlags=INVALID mSideHint=NONE mBoundingRects=null}, InsetsSource: {27 mType=displayCutout mFrame=[0,0][1080,82] mAttachedInsets=null mVisible=true mFlags= mSideHint=TOP mBoundingRects=null}, InsetsSource: {4b5d0001 mType=navigationBars mFrame=[0,2205][1080,2340] mAttachedInsets=null mVisible=true mFlags= mSideHint=BOTTOM mBoundingRects=null}, InsetsSource: {4b5d0004 mType=systemGestures mFrame=[0,0][0,0] mAttachedInsets=null mVisible=true mFlags= mSideHint=NONE mBoundingRects=null}, InsetsSource: {4b5d0005 mType=mandatorySystemGestures mFrame=[0,2205][1080,2340] mAttachedInsets=null mVisible=true mFlags= mSideHint=BOTTOM mBoundingRects=null}, InsetsSource: {4b5d0006 mType=tappableElement mFrame=[0,2205][1080,2340] mAttachedInsets=null mVisible=true mFlags= mSideHint=BOTTOM mBoundingRects=null}, InsetsSource: {4b5d0024 mType=systemGestures mFrame=[0,0][0,0] mAttachedInsets=null mVisible=true mFlags= mSideHint=NONE mBoundingRects=null} }
10-02 23:50:38.050  9675  9675 I VRI[MainActivity]@9672ccf: synced displayState. AttachInfo displayState=2
10-02 23:50:38.050  9675  9675 I VRI[MainActivity]@9672ccf: setView = com.android.internal.policy.DecorView@d136006 IsHRR=false mFlingFrameRateChange=0 TM=true
10-02 23:50:38.051  9675  9675 I IDS_TAG : Starting IDS observe window
10-02 23:50:38.051  9675  9675 I IDS_TAG : Getting Shared Preference for com.negi.survey.SurveyApp@7aa590f uid = 10354
10-02 23:50:38.054  9675  9732 I com.negi.survey: [HIDL_FETCH_IMapper] android.hardware.graphics.mapper@4.0: Loaded Mapper successfully.
10-02 23:50:38.062  9675  9675 I IDS_TAG : App com.negi.survey.SurveyApp@7aa590f has not finished training
10-02 23:50:38.062  9675  9708 D HWUI    : HWUI - treat SMPTE_170M as sRGB
10-02 23:50:38.062  9675  9675 I IDS_TAG : Closing IDS observe window
10-02 23:50:38.062  9675  9675 I IDS_TAG : Getting Shared Preference for com.negi.survey.SurveyApp@7aa590f uid = 10354
10-02 23:50:38.063  9675  9675 I IDS_TAG : IDS count updated to 3 for com.negi.survey.SurveyApp@7aa590f
10-02 23:50:38.064  9675  9675 D WindowOnBackDispatcher: setTopOnBackInvokedCallback (unwrapped): android.app.Activity$$ExternalSyntheticLambda0@4102863
10-02 23:50:38.077  9675  9675 D WM-PackageManagerHelper: Skipping component enablement for androidx.work.impl.background.systemjob.SystemJobService
10-02 23:50:38.077  9675  9675 D WM-Schedulers: Created SystemJobScheduler and enabled SystemJobService
10-02 23:50:38.077  9675  9762 D WM-ForceStopRunnable: Is default app process = true
10-02 23:50:38.078  9675  9762 D WM-ForceStopRunnable: Performing cleanup operations.
10-02 23:50:38.090  9675  9675 D VRI[MainActivity]@9672ccf: WindowInsets changed: 1080x2340 statusBars:[0,97,0,0] navigationBars:[0,0,0,135] mandatorySystemGestures:[0,116,0,135] 
10-02 23:50:38.094  9675  9675 I HWUI    : Using FreeType backend (prop=Auto)
10-02 23:50:38.112  9675  9675 W libc    : Access denied finding property "vendor.perf.ems.egg"
10-02 23:50:38.112  9675  9675 I BLASTBufferQueue_Java: new BLASTBufferQueue, mName= VRI[MainActivity]@9672ccf mNativeObject= 0xb400007c57f556e0 caller= android.view.ViewRootImpl.updateBlastSurfaceIfNeeded:3603 android.view.ViewRootImpl.relayoutWindow:11813 android.view.ViewRootImpl.performTraversals:4840 android.view.ViewRootImpl.doTraversal:3959 android.view.ViewRootImpl$TraversalRunnable.run:13034 android.view.Choreographer$CallbackRecord.run:1961 android.view.Choreographer$CallbackRecord.run:1970 android.view.Choreographer.doCallbacks:1423 android.view.Choreographer.doFrame:1348 android.view.Choreographer$FrameDisplayEventReceiver.run:1930 
10-02 23:50:38.112  9675  9675 I BLASTBufferQueue_Java: update, w= 1080 h= 2340 mName = VRI[MainActivity]@9672ccf mNativeObject= 0xb400007c57f556e0 sc.mNativeObject= 0xb400007ba7ee59d0 format= -1 caller= android.view.ViewRootImpl.updateBlastSurfaceIfNeeded:3608 android.view.ViewRootImpl.relayoutWindow:11813 android.view.ViewRootImpl.performTraversals:4840 android.view.ViewRootImpl.doTraversal:3959 android.view.ViewRootImpl$TraversalRunnable.run:13034 android.view.Choreographer$CallbackRecord.run:1961 
10-02 23:50:38.112  9675  9675 W libc    : Access denied finding property "vendor.perf.ems.egg"
10-02 23:50:38.112  9675  9675 I VRI[MainActivity]@9672ccf: Relayout returned: old=(0,0,1080,2340) new=(0,0,1080,2340) relayoutAsync=false req=(1080,2340)0 dur=3 res=0x3 s={true 0xb400007b97f029e0} ch=true seqId=0
10-02 23:50:38.113  9675  9675 I VRI[MainActivity]@9672ccf: performConfigurationChange setNightDimText nightDimLevel=0
10-02 23:50:38.113  9675  9675 D VRI[MainActivity]@9672ccf: mThreadedRenderer.initialize() mSurface={isValid=true 0xb400007b97f029e0} hwInitialized=true
10-02 23:50:38.117  9675  9675 D VRI[MainActivity]@9672ccf: reportNextDraw android.view.ViewRootImpl.performTraversals:5507 android.view.ViewRootImpl.doTraversal:3959 android.view.ViewRootImpl$TraversalRunnable.run:13034 android.view.Choreographer$CallbackRecord.run:1961 android.view.Choreographer$CallbackRecord.run:1970 
10-02 23:50:38.117  9675  9675 D VRI[MainActivity]@9672ccf: Setup new sync=wmsSync-VRI[MainActivity]@9672ccf#0
10-02 23:50:38.117  9675  9675 I VRI[MainActivity]@9672ccf: Creating new active sync group VRI[MainActivity]@9672ccf#1
10-02 23:50:38.120  9675  9675 D VRI[MainActivity]@9672ccf: registerCallbacksForSync syncBuffer=false
10-02 23:50:38.132  9675  9675 I View    : setRequestedFrameRate frameRate=-4.0, this=android.view.View{2f1fe25 V.ED..... ......I. 0,0-0,0}, caller=androidx.compose.ui.platform.Api35Impl.setRequestedFrameRate:4047 androidx.compose.ui.platform.AndroidComposeView.dispatchDraw:2282 android.view.View.draw:26758 android.view.View.updateDisplayListIfDirty:25577 android.view.View.draw:26477 
10-02 23:50:38.132  9675  9731 D VRI[MainActivity]@9672ccf: Received frameDrawingCallback syncResult=0 frameNum=1.
10-02 23:50:38.132  9675  9731 I VRI[MainActivity]@9672ccf: mWNT: t=0xb400007b77f10eb0 mBlastBufferQueue=0xb400007c57f556e0 fn= 1 HdrRenderState mRenderHdrSdrRatio=1.0 caller= android.view.ViewRootImpl$12.onFrameDraw:15561 android.view.ThreadedRenderer$1.onFrameDraw:751 <bottom of call stack> 
10-02 23:50:38.132  9675  9731 I VRI[MainActivity]@9672ccf: Setting up sync and frameCommitCallback
10-02 23:50:38.136  9675  9762 D WM-SystemJobScheduler: Reconciling jobs
10-02 23:50:38.149  9675  9708 I BLASTBufferQueue: [VRI[MainActivity]@9672ccf#0](f:0,a:0,s:0) onFrameAvailable the first frame is available
10-02 23:50:38.150  9675  9708 I VRI[MainActivity]@9672ccf: Received frameCommittedCallback lastAttemptedDrawFrameNum=1 didProduceBuffer=true
10-02 23:50:38.150  9675  9708 D HWUI    : CFMS:: SetUp Pid : 9675    Tid : 9708
10-02 23:50:38.150  9675  9675 D VRI[MainActivity]@9672ccf: reportDrawFinished seqId=0
10-02 23:50:38.163  9675  9762 D WM-ForceStopRunnable: Found unfinished work, scheduling it.
10-02 23:50:38.177  9675  9675 I InsetsSourceConsumer: applyRequestedVisibilityToControl: visible=true, type=navigationBars, host=com.negi.survey/com.negi.survey.MainActivity
10-02 23:50:38.177  9675  9675 I InsetsSourceConsumer: applyRequestedVisibilityToControl: visible=true, type=statusBars, host=com.negi.survey/com.negi.survey.MainActivity
10-02 23:50:38.180  9675  9675 I View    : setRequestedFrameRate frameRate=NaN, this=android.view.View{2f1fe25 V.ED..... ........ 0,0-0,0}, caller=androidx.compose.ui.platform.Api35Impl.setRequestedFrameRate:4047 androidx.compose.ui.platform.AndroidComposeView.dispatchDraw:2282 android.view.View.draw:26758 android.view.View.updateDisplayListIfDirty:25577 android.view.ViewGroup.recreateChildDisplayList:4881 
10-02 23:50:38.186  9675  9675 D VRI[MainActivity]@9672ccf: mThreadedRenderer.initializeIfNeeded()#2 mSurface={isValid=true 0xb400007b97f029e0}
10-02 23:50:38.187  9675  9675 D InputMethodManagerUtils: startInputInner - Id : 0
10-02 23:50:38.187  9675  9675 I InputMethodManager: startInputInner - IInputMethodManagerGlobalInvoker.startInputOrWindowGainedFocus
10-02 23:50:38.195  9675  9793 D WM-PackageManagerHelper: Skipping component enablement for androidx.work.impl.background.systemalarm.RescheduleReceiver
10-02 23:50:38.198  9675  9675 I ImeFocusController: onPreWindowFocus: skipped hasWindowFocus=false mHasImeFocus=true
10-02 23:50:38.198  9675  9675 I ImeFocusController: onPostWindowFocus: skipped hasWindowFocus=false mHasImeFocus=true
10-02 23:50:38.248  9675  9675 D MainActivity: Config loaded. session=survey_config10.yaml@1
10-02 23:50:38.255  9675  9675 D MainActivity: DownloadGate idle -> start download. session=survey_config10.yaml@1
10-02 23:50:38.257  9675  9675 I AppViewModel: private model reused: name=gemma-3n-E4B-it-int4.litertlm bytes=4919541760
10-02 23:50:38.257  9675  9675 I InsetsSourceConsumer: applyRequestedVisibilityToControl: visible=true, type=navigationBars, host=com.negi.survey/com.negi.survey.MainActivity
10-02 23:50:38.258  9675  9675 I InsetsSourceConsumer: applyRequestedVisibilityToControl: visible=true, type=statusBars, host=com.negi.survey/com.negi.survey.MainActivity
10-02 23:50:38.261  9675  9675 I Dialog  : mIsDeviceDefault = false, mIsSamsungBasicInteraction = false, isMetaDataInActivity = false
10-02 23:50:38.263  9675  9675 I DecorView: setWindowBackground: isPopOver=false color=0 d=android.graphics.drawable.ColorDrawable@47e5a80
10-02 23:50:38.266  9675  9675 I WindowManager: WindowManagerGlobal#addView, ty=2, view=com.android.internal.policy.DecorView{b64d7e5 V.E...... R.....I. 0,0-0,0}[MainActivity], caller=android.view.WindowManagerImpl.addView:167 android.app.Dialog.show:544 androidx.compose.ui.window.AndroidDialog_androidKt.Dialog$lambda$3$0:272 
10-02 23:50:38.266  9675  9675 D ViewRootImpl: desktopMode is false
10-02 23:50:38.266  9675  9675 I ViewRootImpl: dVRR is disabled
10-02 23:50:38.266  9675  9708 D NativeCustomFrequencyManager: [NativeCFMS] BpCustomFrequencyManager::BpCustomFrequencyManager()
10-02 23:50:38.269  9675  9675 D InputTransport: Input channel constructed: '96d7023', fd=132
10-02 23:50:38.269  9675  9675 I InsetsController: onStateChanged: host=com.negi.survey/com.negi.survey.MainActivity, from=android.view.ViewRootImpl.onInsetsStateChanged:3038, state=InsetsState: {mDisplayFrame=Rect(0, 0 - 1080, 2340), mDisplayCutout=DisplayCutout{insets=Rect(0, 82 - 0, 0) waterfall=Insets{left=0, top=0, right=0, bottom=0} boundingRect={Bounds=[Rect(0, 0 - 0, 0), Rect(511, 24 - 569, 82), Rect(0, 0 - 0, 0), Rect(0, 0 - 0, 0)]} cutoutPathParserInfo={CutoutPathParserInfo{displayWidth=1080 displayHeight=2340 physicalDisplayWidth=1080 physicalDisplayHeight=2340 density={2.8125} cutoutSpec={M 0,0 M 0, 8.533333333333333 a 10.31111111111111,10.31111111111111 0 1,0 0,20.62222222222222 a 10.31111111111111,10.31111111111111 0 1,0 0,-20.62222222222222 Z @dp} rotation={0} scale={1.0} physicalPixelDisplaySizeRatio={1.0}}} sideOverrides={}}, mRoundedCorners=RoundedCorners{[RoundedCorner{position=TopLeft, radius=113, center=Point(113, 113)}, RoundedCorner{position=TopRight, radius=113, center=Point(967, 113)}, RoundedCorner{position=BottomRight, radius=113, center=Point(967, 2227)}, RoundedCorner{position=BottomLeft, radius=113, center=Point(113, 2227)}]}  mRoundedCornerFrame=Rect(0, 0 - 1080, 2340), mPrivacyIndicatorBounds=PrivacyIndicatorBounds {static bounds=Rect(956, 0 - 1080, 97) rotation=0}, mDisplayShape=DisplayShape{ spec=-311912193 displayWidth=1080 displayHeight=2340 physicalPixelDisplaySizeRatio=1.0 rotation=0 offsetX=0 offsetY=0 scale=1.0}, mSources= { InsetsSource: {d29a0000 mType=statusBars mFrame=[0,0][1080,97] mAttachedInsets=null mVisible=true mFlags= mSideHint=TOP mBoundingRects=null}, InsetsSource: {d29a0005 mType=mandatorySystemGestures mFrame=[0,0][1080,116] mAttachedInsets=null mVisible=true mFlags= mSideHint=TOP mBoundingRects=null}, InsetsSource: {d29a0006 mType=tappableElement mFrame=[0,0][1080,97] mAttachedInsets=null mVisible=true mFlags= mSideHint=TOP mBoundingRects=null}, InsetsSource: {3 mType=ime mFrame=[0,0][0,0] mAttachedInsets=null mVisible=false mFlags=INVALID mSideHint=NONE mBoundingRects=null}, InsetsSource: {27 mType=displayCutout mFrame=[0,0][1080,82] mAttachedInsets=null mVisible=true mFlags= mSideHint=TOP mBoundingRects=null}, InsetsSource: {4b5d0001 mType=navigationBars mFrame=[0,2205][1080,2340] mAttachedInsets=null mVisible=true mFlags= mSideHint=BOTTOM mBoundingRects=null}, InsetsSource: {4b5d0004 mType=systemGestures mFrame=[0,0][0,0] mAttachedInsets=null mVisible=true mFlags= mSideHint=NONE mBoundingRects=null}, InsetsSource: {4b5d0005 mType=mandatorySystemGestures mFrame=[0,2205][1080,2340] mAttachedInsets=null mVisible=true mFlags= mSideHint=BOTTOM mBoundingRects=null}, InsetsSource: {4b5d0006 mType=tappableElement mFrame=[0,2205][1080,2340] mAttachedInsets=null mVisible=true mFlags= mSideHint=BOTTOM mBoundingRects=null}, InsetsSource: {4b5d0024 mType=systemGestures mFrame=[0,0][0,0] mAttachedInsets=null mVisible=true mFlags= mSideHint=NONE mBoundingRects=null} }
10-02 23:50:38.269  9675  9675 I VRI[MainActivity]@3d5e2ba: synced displayState. AttachInfo displayState=2
10-02 23:50:38.270  9675  9675 I VRI[MainActivity]@3d5e2ba: setView = com.android.internal.policy.DecorView@b64d7e5 IsHRR=false mFlingFrameRateChange=0 TM=true
10-02 23:50:38.270  9675  9675 D WindowOnBackDispatcher: setTopOnBackInvokedCallback (unwrapped): android.app.Dialog$$ExternalSyntheticLambda4@f6f7086
10-02 23:50:38.270  9675  9675 D WindowOnBackDispatcher: setTopOnBackInvokedCallback (unwrapped): androidx.navigationevent.OnBackInvokedInput$createOnBackAnimationCallback$1@45fed47
10-02 23:50:38.284  9675  9675 W libc    : Access denied finding property "vendor.perf.ems.egg"
10-02 23:50:38.284  9675  9675 I BLASTBufferQueue_Java: new BLASTBufferQueue, mName= VRI[MainActivity]@3d5e2ba mNativeObject= 0xb400007c57fb2cb0 caller= android.view.ViewRootImpl.updateBlastSurfaceIfNeeded:3603 android.view.ViewRootImpl.relayoutWindow:11813 android.view.ViewRootImpl.performTraversals:4840 android.view.ViewRootImpl.doTraversal:3959 android.view.ViewRootImpl$TraversalRunnable.run:13034 android.view.Choreographer$CallbackRecord.run:1961 android.view.Choreographer$CallbackRecord.run:1970 android.view.Choreographer.doCallbacks:1423 android.view.Choreographer.doFrame:1348 android.view.Choreographer$FrameDisplayEventReceiver.run:1930 
10-02 23:50:38.284  9675  9675 I BLASTBufferQueue_Java: update, w= 1170 h= 972 mName = VRI[MainActivity]@3d5e2ba mNativeObject= 0xb400007c57fb2cb0 sc.mNativeObject= 0xb400007ba7eeaa10 format= -2 caller= android.view.ViewRootImpl.updateBlastSurfaceIfNeeded:3608 android.view.ViewRootImpl.relayoutWindow:11813 android.view.ViewRootImpl.performTraversals:4840 android.view.ViewRootImpl.doTraversal:3959 android.view.ViewRootImpl$TraversalRunnable.run:13034 android.view.Choreographer$CallbackRecord.run:1961 
10-02 23:50:38.285  9675  9675 W libc    : Access denied finding property "vendor.perf.ems.egg"
10-02 23:50:38.285  9675  9675 I VRI[MainActivity]@3d5e2ba: Relayout returned: old=(0,97,1080,2205) new=(90,800,990,1502) relayoutAsync=false req=(900,702)0 dur=3 res=0x3 s={true 0xb400007b97f15ee0} ch=true seqId=0
10-02 23:50:38.285  9675  9675 D VRI[MainActivity]@3d5e2ba: mThreadedRenderer.initialize() mSurface={isValid=true 0xb400007b97f15ee0} hwInitialized=true
10-02 23:50:38.289  9675  9675 D VRI[MainActivity]@3d5e2ba: reportNextDraw android.view.ViewRootImpl.performTraversals:5507 android.view.ViewRootImpl.doTraversal:3959 android.view.ViewRootImpl$TraversalRunnable.run:13034 android.view.Choreographer$CallbackRecord.run:1961 android.view.Choreographer$CallbackRecord.run:1970 
10-02 23:50:38.290  9675  9675 D VRI[MainActivity]@3d5e2ba: Setup new sync=wmsSync-VRI[MainActivity]@3d5e2ba#2
10-02 23:50:38.290  9675  9675 I VRI[MainActivity]@3d5e2ba: Creating new active sync group VRI[MainActivity]@3d5e2ba#3
10-02 23:50:38.290  9675  9675 D VRI[MainActivity]@3d5e2ba: registerCallbacksForSync syncBuffer=false
10-02 23:50:38.291  9675  9675 I View    : setRequestedFrameRate frameRate=-4.0, this=android.view.View{d8828ef V.ED..... ......I. 0,0-0,0}, caller=androidx.compose.ui.platform.Api35Impl.setRequestedFrameRate:4047 androidx.compose.ui.platform.AndroidComposeView.dispatchDraw:2282 android.view.View.draw:26758 android.view.View.updateDisplayListIfDirty:25577 android.view.View.draw:26477 
10-02 23:50:38.291  9675  9731 D VRI[MainActivity]@3d5e2ba: Received frameDrawingCallback syncResult=0 frameNum=1.
10-02 23:50:38.291  9675  9731 I VRI[MainActivity]@3d5e2ba: mWNT: t=0xb400007b77f38aa0 mBlastBufferQueue=0xb400007c57fb2cb0 fn= 1 HdrRenderState mRenderHdrSdrRatio=1.0 caller= android.view.ViewRootImpl$12.onFrameDraw:15561 android.view.ThreadedRenderer$1.onFrameDraw:751 <bottom of call stack> 
10-02 23:50:38.292  9675  9731 I VRI[MainActivity]@3d5e2ba: Setting up sync and frameCommitCallback
10-02 23:50:38.292  9675  9708 I BLASTBufferQueue: [VRI[MainActivity]@3d5e2ba#1](f:0,a:0,s:0) onFrameAvailable the first frame is available
10-02 23:50:38.293  9675  9708 I VRI[MainActivity]@3d5e2ba: Received frameCommittedCallback lastAttemptedDrawFrameNum=1 didProduceBuffer=true
10-02 23:50:38.294  9675  9708 D HWUI    : CFMS:: SetUp Pid : 9675    Tid : 9708
10-02 23:50:38.294  9675  9675 D VRI[MainActivity]@3d5e2ba: reportDrawFinished seqId=0
10-02 23:50:38.295  9675  9708 D HWUI    : HWUI - treat SMPTE_170M as sRGB
10-02 23:50:38.298  9675  9675 I BLASTBufferQueue_Java: update, w= 1170 h= 972 mName = VRI[MainActivity]@3d5e2ba mNativeObject= 0xb400007c57fb2cb0 sc.mNativeObject= 0xb400007ba7ee9090 format= -2 caller= android.view.ViewRootImpl.updateBlastSurfaceIfNeeded:3592 android.view.ViewRootImpl.relayoutWindow:11813 android.view.ViewRootImpl.performTraversals:4840 android.view.ViewRootImpl.doTraversal:3959 android.view.ViewRootImpl$TraversalRunnable.run:13034 android.view.Choreographer$CallbackRecord.run:1961 
10-02 23:50:38.298  9675  9675 I VRI[MainActivity]@3d5e2ba: Relayout returned: old=(90,800,990,1502) new=(90,800,990,1502) relayoutAsync=false req=(900,702)0 dur=2 res=0x0 s={true 0xb400007b97f15ee0} ch=false seqId=0
10-02 23:50:38.300  9675  9675 I VRI[MainActivity]@3d5e2ba: registerCallbackForPendingTransactions
10-02 23:50:38.301  9675  9732 I VRI[MainActivity]@3d5e2ba: mWNT: t=0xb400007b77f39d20 mBlastBufferQueue=0xb400007c57fb2cb0 fn= 2 HdrRenderState mRenderHdrSdrRatio=1.0 caller= android.view.ViewRootImpl$10.onFrameDraw:6615 android.view.ViewRootImpl$4.onFrameDraw:2485 android.view.ThreadedRenderer$1.onFrameDraw:751 
10-02 23:50:38.595  9675  9675 I View    : setRequestedFrameRate frameRate=NaN, this=android.view.View{d8828ef V.ED..... ........ 0,0-0,0}, caller=androidx.compose.ui.platform.Api35Impl.setRequestedFrameRate:4047 androidx.compose.ui.platform.AndroidComposeView.dispatchDraw:2282 android.view.View.draw:26758 android.view.View.updateDisplayListIfDirty:25577 android.view.View.draw:26477 
10-02 23:50:39.372  9675  9675 I VRI[MainActivity]@3d5e2ba: handleAppVisibility mAppVisible = true visible = false
10-02 23:50:39.372  9675  9675 D VRI[MainActivity]@3d5e2ba: visibilityChanged oldVisibility=true newVisibility=false
10-02 23:50:39.372  9675  9675 I VRI[MainActivity]@9672ccf: handleAppVisibility mAppVisible = true visible = false
10-02 23:50:39.372  9675  9675 D VRI[MainActivity]@9672ccf: visibilityChanged oldVisibility=true newVisibility=false
10-02 23:50:39.380  9675  9675 I VRI[MainActivity]@3d5e2ba: Relayout returned: old=(90,800,990,1502) new=(90,800,990,1502) relayoutAsync=false req=(900,702)8 dur=3 res=0x2 s={false 0x0} ch=true seqId=0
10-02 23:50:39.380  9675  9675 D VRI[MainActivity]@3d5e2ba: Not drawing due to not visible. Reason=!mAppVisible && !mForceDecorViewVisibility
10-02 23:50:39.382  9675  9708 D HWUI    : CacheManager::trimMemory(20)
10-02 23:50:39.388  9675  9675 I VRI[MainActivity]@9672ccf: Relayout returned: old=(0,0,1080,2340) new=(0,0,1080,2340) relayoutAsync=false req=(1080,2340)8 dur=2 res=0x2 s={false 0x0} ch=true seqId=0
10-02 23:50:39.388  9675  9675 D VRI[MainActivity]@9672ccf: Not drawing due to not visible. Reason=!mAppVisible && !mForceDecorViewVisibility
10-02 23:50:39.389  9675  9708 D HWUI    : CacheManager::trimMemory(20)
10-02 23:50:39.390  9675  9675 I VRI[MainActivity]@3d5e2ba: stopped(true) old = false
10-02 23:50:39.390  9675  9675 D VRI[MainActivity]@3d5e2ba: WindowStopped on com.negi.survey/com.negi.survey.MainActivity set to true
10-02 23:50:39.390  9675  9708 D HWUI    : CacheManager::trimMemory(20)
10-02 23:50:39.391  9675  9675 I VRI[MainActivity]@9672ccf: stopped(true) old = false
10-02 23:50:39.391  9675  9675 D VRI[MainActivity]@9672ccf: WindowStopped on com.negi.survey/com.negi.survey.MainActivity set to true
10-02 23:50:39.391  9675  9708 D HWUI    : CacheManager::trimMemory(20)
10-02 23:50:39.399  9675  9675 D BBA2    : setIsFg isFg = false; delayValue 3999ms
10-02 23:50:40.483  9675  9675 D github_upload: enqueueStartupRuntimeLogsUpload: uniqueName=upload_runtime_logs_startup policy=KEEP session=startup_runtime_20261003_045040_e215ad0b
10-02 23:50:40.486  9675  9675 D github_upload: enqueueStartupRingLogsUpload: uniqueName=upload_ring_logs_startup policy=KEEP session=startup_ring_20261003_045040_aff65921
10-02 23:50:40.488  9675  9883 D CrashCapture: enqueuePendingCrashUploadsIfPossible enter where=SurveyApp:enqueuePending(immediate):bg pid=9675 thread=CrashCapture-Enqueue
10-02 23:50:40.495  9675  9883 D CrashCapture: Staged exit info: /data/user/0/com.negi.survey/files/diagnostics/crash/exit_20261003_014052_1790991652600_pid13342_r3.log bytes=378 reason=3 pid=13342
10-02 23:50:40.506  9675  9792 D WM-SystemJobScheduler: Scheduling work ID ea348851-60ee-4400-800a-b52c0eab97a1Job ID 132
10-02 23:50:40.520  9675  9792 D WM-GreedyScheduler: Starting tracking for ea348851-60ee-4400-800a-b52c0eab97a1
10-02 23:50:40.522  9675  9675 D WM-SystemJobService: onStartJob for WorkGenerationalId(workSpecId=ea348851-60ee-4400-800a-b52c0eab97a1, generation=0)
10-02 23:50:40.562  9675  9792 D WM-SystemJobScheduler: Scheduling work ID b4061282-ca69-4599-a53a-9f54442b87a7Job ID 133
10-02 23:50:40.568  9675  9675 D WM-SystemJobService: onStartJob for WorkGenerationalId(workSpecId=b4061282-ca69-4599-a53a-9f54442b87a7, generation=0)
10-02 23:50:40.568  9675  9792 D WM-GreedyScheduler: Starting tracking for ea348851-60ee-4400-800a-b52c0eab97a1,b4061282-ca69-4599-a53a-9f54442b87a7
10-02 23:50:40.574  9675  9792 D WM-Processor: Processor: processing WorkGenerationalId(workSpecId=ea348851-60ee-4400-800a-b52c0eab97a1, generation=0)
10-02 23:50:40.576  9675  9792 D WM-Processor: Processor: processing WorkGenerationalId(workSpecId=b4061282-ca69-4599-a53a-9f54442b87a7, generation=0)
10-02 23:50:40.590  9675  9675 D WM-WorkerWrapper: Starting work for com.negi.survey.net.GitHubUploadWorker
10-02 23:50:40.594  9675  9675 D WM-WorkerWrapper: Starting work for com.negi.survey.net.GitHubUploadWorker
10-02 23:50:40.596  9675  9792 D WM-WorkConstraintsTrack: NetworkRequestConstraintController register shared callback
10-02 23:50:40.598  9675  9792 D ConnectivityManager: StackLog: [android.net.ConnectivityManager.sendRequestForNetwork(ConnectivityManager.java:4738)] [android.net.ConnectivityManager.registerDefaultNetworkCallbackForUid(ConnectivityManager.java:5463)] [android.net.ConnectivityManager.registerDefaultNetworkCallback(ConnectivityManager.java:5430)] [android.net.ConnectivityManager.registerDefaultNetworkCallback(ConnectivityManager.java:5404)] [androidx.work.impl.constraints.SharedNetworkCallback.addCallback(WorkConstraintsTracker.kt:362)] [androidx.work.impl.constraints.NetworkRequestConstraintController$track$1.invokeSuspend(WorkConstraintsTracker.kt:179)] [androidx.work.impl.constraints.NetworkRequestConstraintController$track$1.invoke(Unknown Source:8)] [androidx.work.impl.constraints.NetworkRequestConstraintController$track$1.invoke(Unknown Source:4)] [kotlinx.coroutines.flow.ChannelFlowBuilder.collectTo$suspendImpl(Builders.kt:316)] [kotlinx.coroutines.flow.ChannelFlowBuilder.collectTo(Unknown Source:0)] [kotlinx.coroutines.flow.CallbackFlowBuilder.collectTo(Builders.kt:330)] [kotlinx.coroutines.flow.internal.ChannelFlow$collectToFun$1.invokeSuspend(ChannelFlow.kt:56)] [kotlin.coroutines.jvm.internal.BaseContinuationImpl.resumeWith(ContinuationImpl.kt:34)] [kotlinx.coroutines.DispatchedTask.run(DispatchedTask.kt:100)] [androidx.work.impl.utils.SerialExecutorImpl$Task.run(SerialExecutorImpl.java:96)] [java.util.concurrent.ThreadPoolExecutor.runWorker(ThreadPoolExecutor.java:1154)] [java.util.concurrent.ThreadPoolExecutor$Worker.run(ThreadPoolExecutor.java:652)] [java.lang.Thread.run(Thread.java:1563)]
10-02 23:50:40.603  9675  9889 D WM-WorkConstraintsTrack: NetworkRequestConstraintController onCapabilitiesChanged callback
10-02 23:50:40.603  9675  9792 I WM-Processor: Moving WorkSpec (ea348851-60ee-4400-800a-b52c0eab97a1) to the foreground
10-02 23:50:40.603  9675  9889 D WM-WorkConstraintsTrack: Not dispatching constraint state yet: isBlocked=null, capabilitiesInitialized=true
10-02 23:50:40.603  9675  9889 D WM-WorkConstraintsTrack: NetworkRequestConstraintController onBlockedStatusChanged callback false
10-02 23:50:40.614  9675  9675 I WM-SystemFgDispatcher: Started foreground service Intent { act=ACTION_START_FOREGROUND xflg=0x4 cmp=com.negi.survey/androidx.work.impl.foreground.SystemForegroundService (has extras) }
10-02 23:50:40.614  9675  9675 D WM-SystemFgDispatcher: Notifying with (id:5718, workSpecId: ea348851-60ee-4400-800a-b52c0eab97a1, notificationType :1)
10-02 23:50:40.615  9675  9792 D WM-WorkConstraintsTrack: NetworkRequestConstraintController send initial capabilities
10-02 23:50:40.620  9675  9792 D WM-PackageManagerHelper: androidx.work.impl.background.systemalarm.RescheduleReceiver enabled
10-02 23:50:40.621  9675  9792 I WM-Processor: Moving WorkSpec (b4061282-ca69-4599-a53a-9f54442b87a7) to the foreground
10-02 23:50:40.624  9675  9675 D WM-SystemFgDispatcher: Notifying with (id:5718, workSpecId: ea348851-60ee-4400-800a-b52c0eab97a1, notificationType :1)
10-02 23:50:40.624  9675  9675 I NotificationManager: com.negi.survey: notify(5718, null, Notification(channel=uploads shortcut=null contentView=null vibrate=null sound=null defaults=0 flags=ONGOING_EVENT|ONLY_ALERT_ONCE color=0x00000000 category=progress vis=PRIVATE semFlags=0x0 semPriority=0 semMissedCount=0 semScenarioType=0)) as user
10-02 23:50:40.625  9675  9675 D NotificationManager: BOOTING pkg =com.negi.survey mBlockedChannelsForOverflowNoti=[]
10-02 23:50:40.632  9675  9792 D WM-WorkProgressUpdater: Updating progress for ea348851-60ee-4400-800a-b52c0eab97a1 (Data {pct : 3, mode : startup_runtime_logs})
10-02 23:50:40.635  9675  9675 I WM-SystemFgDispatcher: Started foreground service Intent { act=ACTION_START_FOREGROUND xflg=0x4 cmp=com.negi.survey/androidx.work.impl.foreground.SystemForegroundService (has extras) }
10-02 23:50:40.635  9675  9675 D WM-SystemFgDispatcher: Notifying with (id:11198, workSpecId: b4061282-ca69-4599-a53a-9f54442b87a7, notificationType :1)
10-02 23:50:40.635  9675  9675 I NotificationManager: com.negi.survey: notify(11198, null, Notification(channel=uploads shortcut=null contentView=null vibrate=null sound=null defaults=0 flags=ONGOING_EVENT|ONLY_ALERT_ONCE color=0x00000000 category=progress vis=PRIVATE semFlags=0x0 semPriority=0 semMissedCount=0 semScenarioType=0)) as user
10-02 23:50:40.637  9675  9792 I WM-Processor: Moving WorkSpec (ea348851-60ee-4400-800a-b52c0eab97a1) to the foreground
