=== Previous Session Logcat ===
captured_time_utc=20261002_214708
captured_time_local=20261002_164708
marker=2026-10-01 19:23:02.001
preferred_prev_pid=25525
note=best-effort; buffers may be overwritten before next start
sdk=36
device=samsung SM-S731U
appId=com.negi.survey
versionName=0.0.1
versionCode=110

=== Logcat (since marker) ===
--------- beginning of system
10-02 14:33:32.339 25525 25525 D ActivityThread: Package [com.sec.android.app.sbrowser] reported as REPLACED, but missing application info. Assuming REMOVED.
10-02 14:33:32.339 25525 25525 D ActivityThread: Package [com.sec.android.app.sbrowser] reported as REPLACED, but missing application info. Assuming REMOVED.
10-02 14:33:32.339 25525 25525 D ActivityThread: Package [com.google.android.apps.messaging] reported as REPLACED, but missing application info. Assuming REMOVED.
10-02 14:33:32.340 25525 25525 D ActivityThread: Package [com.google.android.apps.messaging] reported as REPLACED, but missing application info. Assuming REMOVED.
10-02 14:33:32.340 25525 25525 D ActivityThread: Package [com.google.android.apps.restore] reported as REPLACED, but missing application info. Assuming REMOVED.
10-02 14:33:32.340 25525 25525 D ActivityThread: Package [com.google.android.apps.restore] reported as REPLACED, but missing application info. Assuming REMOVED.
10-02 14:33:32.341 25525 25525 D ActivityThread: Package [com.google.ar.core] reported as REPLACED, but missing application info. Assuming REMOVED.
10-02 14:33:32.341 25525 25525 D ActivityThread: Package [com.google.ar.core] reported as REPLACED, but missing application info. Assuming REMOVED.
10-02 14:33:32.341 25525 25525 D ActivityThread: Package [com.google.android.partnersetup] reported as REPLACED, but missing application info. Assuming REMOVED.
10-02 14:33:32.341 25525 25525 D ActivityThread: Package [com.google.android.partnersetup] reported as REPLACED, but missing application info. Assuming REMOVED.
10-02 14:33:32.341 25525 25525 D ActivityThread: Package [com.google.android.as] reported as REPLACED, but missing application info. Assuming REMOVED.
10-02 14:33:32.341 25525 25525 D ActivityThread: Package [com.google.android.as] reported as REPLACED, but missing application info. Assuming REMOVED.
10-02 14:33:32.342 25525 25525 D ActivityThread: Package [com.google.android.aicore] reported as REPLACED, but missing application info. Assuming REMOVED.
10-02 14:33:32.342 25525 25525 D ActivityThread: Package [com.google.android.aicore] reported as REPLACED, but missing application info. Assuming REMOVED.
10-02 14:33:32.343 25525 25525 D ActivityThread: Package [com.google.android.euicc] reported as REPLACED, but missing application info. Assuming REMOVED.
10-02 14:33:32.343 25525 25525 D ActivityThread: Package [com.google.android.euicc] reported as REPLACED, but missing application info. Assuming REMOVED.
10-02 14:33:32.343 25525 25525 D ActivityThread: Package [com.google.android.verifier] reported as REPLACED, but missing application info. Assuming REMOVED.
10-02 14:33:32.343 25525 25525 D ActivityThread: Package [com.google.android.verifier] reported as REPLACED, but missing application info. Assuming REMOVED.
10-02 14:33:32.343 25525 25525 D ActivityThread: Package [com.google.android.as.oss] reported as REPLACED, but missing application info. Assuming REMOVED.
10-02 14:33:32.343 25525 25525 D ActivityThread: Package [com.google.android.as.oss] reported as REPLACED, but missing application info. Assuming REMOVED.
--------- beginning of main
10-02 14:48:42.083 25525 13133 I com.negi.survey: Explicit concurrent mark compact GC freed 23MB AllocSpace bytes, 0(0B) LOS objects, 82% free, 5099KB/28MB, paused 587us,3.635ms total 313.008ms
10-02 14:48:42.083 25525 13133 W com.negi.survey: Reducing the number of considered missed Gc histogram windows from 280 to 100
10-02 14:49:30.746 25525 25525 D BBA2    : setIsFg isFg = false; delayValue 3999ms
10-02 14:49:30.763 25525 25547 D HWUI    : CacheManager::trimMemory(40)
10-02 14:49:52.830 25525 25536 D Choreographer: BBA2 receive callback when in bg : 4
10-02 14:53:18.004 25525 25525 D InputTransport: Input channel destroyed: 'ClientS', fd=138
10-02 14:58:10.564 25525 25525 D ActivityThread: Package [com.negi.survey.local] reported as REPLACED, but missing application info. Assuming REMOVED.
10-02 14:58:10.568 25525 25525 D ActivityThread: Package [com.negi.survey.local] reported as REPLACED, but missing application info. Assuming REMOVED.
10-02 15:37:26.207 25525 25525 D ActivityThread: Package [com.negi.survey.local] reported as REPLACED, but missing application info. Assuming REMOVED.
10-02 15:37:26.208 25525 25525 D ActivityThread: Package [com.negi.survey.local] reported as REPLACED, but missing application info. Assuming REMOVED.
10-02 15:46:09.696 25525 25525 D ActivityThread: Package [com.negi.survey.local] reported as REPLACED, but missing application info. Assuming REMOVED.
10-02 15:46:09.699 25525 25525 D ActivityThread: Package [com.negi.survey.local] reported as REPLACED, but missing application info. Assuming REMOVED.
