=== RuntimeLogStore Header ===
ts=2026-08-31T01:12:06.835Z
fileNameFormat=LEGACY
appId=com.negi.survey
versionName=0.0.1
versionCode=1
debug=true
device=Google Pixel 9a
sdk=36
pid=5424
==============================
2026-08-31T01:12:06.836Z I/RuntimeLogStore [rtlog-io] start: actor launched (fileNameFormat=LEGACY)
2026-08-31T01:12:06.831Z D/SurveyApp [main] attachBaseContext: pid=5424 process=com.negi.survey isMain=true sdk=36
2026-08-31T01:12:06.831Z D/SurveyApp [main] bootTiming: attachBaseContext total=53ms
2026-08-31T01:12:06.831Z D/SurveyApp [main] Skipping WorkManager init in attachBaseContext; will init lazily on first enqueue.
2026-08-31T01:12:06.833Z D/SurveyApp [main] CrashCapture installed: where=SurveyApp:attachBaseContext
2026-08-31T01:12:06.845Z I/RuntimeLogStore [main] start repair: ctx/dir refreshed
2026-08-31T01:12:06.845Z D/SurveyApp [main] bootTiming: RuntimeLogStore.start took=0ms
2026-08-31T01:12:06.845Z D/SurveyApp [main] bootTiming: AppRingLogStore.install took=0ms
2026-08-31T01:12:06.846Z D/SurveyApp [main] onCreate: pid=5424 process=com.negi.survey isMain=true sdk=36
2026-08-31T01:12:06.849Z D/SurveyApp [main] CrashCapture installed: where=SurveyApp:onCreate(rewrap)
2026-08-31T01:12:06.849Z D/SurveyApp [main] CrashCapture self-healing registered.
2026-08-31T01:12:06.849Z W/SurveyApp [main] Startup enqueues deferred: delay=2500ms (to reduce init contention)
2026-08-31T01:12:06.849Z D/SurveyApp [main] bootTiming: onCreate total=4ms
2026-08-31T01:12:06.859Z I/RuntimeLogStore [DefaultDispatcher-worker-1] start repair: ctx/dir refreshed
2026-08-31T01:12:08.372Z I/RuntimeLogStore [DefaultDispatcher-worker-1] start repair: ctx/dir refreshed
