=== Previous Session Logcat ===
captured_time_utc=20260825_071539
captured_time_local=20260825_001539
marker=2026-08-24 23:59:05.730
preferred_prev_pid=-1
note=best-effort; buffers may be overwritten before next start
sdk=36
device=Google Pixel 9a
appId=com.negi.survey
versionName=0.0.1
versionCode=1

=== Logcat (since marker) ===
--------- beginning of main
08-25 00:15:36.834 10452 10452 I Zygote  : Process 10452 created for com.negi.survey
08-25 00:15:36.837 10452 10452 I com.negi.survey: Using CollectorTypeCMC GC.
08-25 00:15:36.896 10452 10452 D nativeloader: Load libframework-connectivity-tiramisu-jni.so using APEX ns com_android_tethering for caller /apex/com.android.tethering/javalib/framework-connectivity-t.jar: ok
08-25 00:15:36.954 10452 10452 D ApplicationLoaders: Returning zygote-cached class loader: /system_ext/framework/androidx.window.extensions.jar
08-25 00:15:36.954 10452 10452 D ApplicationLoaders: Returning zygote-cached class loader: /system_ext/framework/androidx.window.sidecar.jar
08-25 00:15:36.967 10452 10452 D nativeloader: Configuring clns-9 for other apk /data/app/~~p9A1drHFzssEWTkJ4ALYnQ==/com.negi.survey-xVL7Pa1KSW2VVFgRzNSFfA==/base.apk. target_sdk_version=36, uses_libraries=libOpenCL.so:libOpenCL-pixel.so, library_path=/data/app/~~p9A1drHFzssEWTkJ4ALYnQ==/com.negi.survey-xVL7Pa1KSW2VVFgRzNSFfA==/lib/arm64:/data/app/~~p9A1drHFzssEWTkJ4ALYnQ==/com.negi.survey-xVL7Pa1KSW2VVFgRzNSFfA==/base.apk!/lib/arm64-v8a, permitted_path=/data:/mnt/expand:/data/user/0/com.negi.survey
08-25 00:15:36.992 10452 10452 V GraphicsEnvironment: Currently set values for:
08-25 00:15:36.992 10452 10452 V GraphicsEnvironment:   angle_gl_driver_selection_pkgs=[com.android.angle]
08-25 00:15:36.992 10452 10452 V GraphicsEnvironment:   angle_gl_driver_selection_values=[angle]
08-25 00:15:36.992 10452 10452 V GraphicsEnvironment: com.negi.survey is not listed in per-application setting
08-25 00:15:36.992 10452 10452 V GraphicsEnvironment: No special selections for ANGLE, returning default driver choice
08-25 00:15:36.992 10452 10452 V GraphicsEnvironment: Neither updatable production driver nor prerelease driver is supported.
08-25 00:15:37.006 10452 10452 D nativeloader: Load /data/app/~~p9A1drHFzssEWTkJ4ALYnQ==/com.negi.survey-xVL7Pa1KSW2VVFgRzNSFfA==/base.apk!/lib/arm64-v8a/liblitertlm_jni.so using class loader ns clns-9 (caller=/data/app/~~p9A1drHFzssEWTkJ4ALYnQ==/com.negi.survey-xVL7Pa1KSW2VVFgRzNSFfA==/base.apk!classes4.dex): ok
08-25 00:15:37.006 10452 10452 D SurveyApp: Loaded LiteRTLM JNI: litertlm_jni where=attachBaseContext
08-25 00:15:37.017 10452 10452 D AppRingLogStore: installed: dir=/data/user/0/com.negi.survey/files/diagnostics/applog_ring idx=0
08-25 00:15:37.017 10452 10452 D CrashCapture: install: ensured default handler. where=SurveyApp:attachBaseContext pid=10452 default=com.negi.survey.CrashCapture$CrashHandler@20b6291
08-25 00:15:37.020 10452 10483 D RuntimeLogStore: openWriter: start -> /data/user/0/com.negi.survey/files/diagnostics/runtime_logs/rtlog_20260825_071537_011_pid10452_seq1.log (bytes=0 format=LEGACY)
08-25 00:15:37.023 10452 10452 D SurveyApp: LiteRTLM JNI already loaded; skip. where=onCreate(retry)
08-25 00:15:37.024 10452 10483 D RuntimeLogStore: retention: start files=13 kept=12 totalBytes=229628
08-25 00:15:37.024 10452 10452 D CrashCapture: install: ensured default handler. where=SurveyApp:onCreate(rewrap) pid=10452 default=com.negi.survey.CrashCapture$CrashHandler@20b6291
08-25 00:15:37.024 10452 10452 D CrashCapture: registerSelfHealing: ActivityLifecycleCallbacks registered. mode=onResumedOnly
--------- beginning of system
08-25 00:15:37.029 10452 10489 I DisplayManager: Choreographer implicitly registered for the refresh rate.
08-25 00:15:37.031 10452 10489 D vulkan  : searching for layers in '/data/app/~~p9A1drHFzssEWTkJ4ALYnQ==/com.negi.survey-xVL7Pa1KSW2VVFgRzNSFfA==/lib/arm64'
08-25 00:15:37.031 10452 10489 D vulkan  : searching for layers in '/data/app/~~p9A1drHFzssEWTkJ4ALYnQ==/com.negi.survey-xVL7Pa1KSW2VVFgRzNSFfA==/base.apk!/lib/arm64-v8a'
08-25 00:15:37.031 10452 10487 D UploadRescheduleRcvr: Skip GitHub reschedule: missing credentials.
08-25 00:15:37.031 10452 10487 D UploadRescheduleRcvr: Skip runtime logs upload: missing GitHub credentials.
08-25 00:15:37.034 10452 10452 D DesktopExperienceFlags: Toggle override initialized to: false
08-25 00:15:37.050 10452 10452 D CompatChangeReporter: Compat change id reported: 377864165; UID 14749; state: ENABLED
08-25 00:15:37.050 10452 10452 D DesktopModeFlags: Toggle override initialized to: OVERRIDE_UNSET
08-25 00:15:37.056 10452 10452 I ContentCaptureHelper: Setting logging level to OFF
08-25 00:15:37.058 10452 10452 D CrashCapture: install: ensured default handler. where=selfHeal:onActivityResumed pid=10452 default=com.negi.survey.CrashCapture$CrashHandler@20b6291
08-25 00:15:37.111 10452 10452 D WindowOnBackDispatcher: setTopOnBackInvokedCallback (unwrapped): android.app.Activity$$ExternalSyntheticLambda0@d077efd
08-25 00:15:37.150 10452 10452 D VRI[MainActivity]: WindowInsets changed: 1080x2424 statusBars:[0,152,0,0] navigationBars:[0,0,0,69] mandatorySystemGestures:[0,187,0,92] 
08-25 00:15:37.154 10452 10452 I HWUI    : Using FreeType backend (prop=Auto)
08-25 00:15:37.233 10452 10452 D IntroScreen: Resolved config details: id=survey_config10.yaml in 21ms
08-25 00:15:37.272 10452 10452 D InsetsController: hide(ime())
08-25 00:15:37.272 10452 10452 I ImeTracker: com.negi.survey:e0a173d0: onCancelled at PHASE_CLIENT_ALREADY_HIDDEN
08-25 00:15:39.532 10452 10452 D WM-PackageManagerHelper: Skipping component enablement for androidx.work.impl.background.systemjob.SystemJobService
08-25 00:15:39.532 10452 10452 D WM-Schedulers: Created SystemJobScheduler and enabled SystemJobService
08-25 00:15:39.535 10452 10628 D WM-ForceStopRunnable: Is default app process = true
08-25 00:15:39.537 10452 10628 D WM-ForceStopRunnable: Performing cleanup operations.
08-25 00:15:39.541 10452 10630 D CrashCapture: enqueuePendingCrashUploadsIfPossible enter where=SurveyApp:enqueuePending(immediate):bg pid=10452 thread=CrashCapture-Enqueue
08-25 00:15:39.553 10452 10628 D WM-ForceStopRunnable: Application was force-stopped, rescheduling.
08-25 00:15:39.566 10452 10636 D WM-PackageManagerHelper: Skipping component enablement for androidx.work.impl.background.systemalarm.RescheduleReceiver
