=== RuntimeLogStore Header ===
ts=2026-09-29T04:50:15.966Z
fileNameFormat=LEGACY
appId=com.negi.survey
versionName=0.0.1
versionCode=1
debug=true
device=Google Pixel 9a
sdk=36
pid=16453
==============================
2026-09-29T04:50:15.966Z I/RuntimeLogStore [rtlog-io] start: actor launched (fileNameFormat=LEGACY)
2026-09-29T04:50:15.959Z D/SurveyApp [main] attachBaseContext: pid=16453 process=com.negi.survey isMain=true sdk=36
2026-09-29T04:50:15.959Z D/SurveyApp [main] bootTiming: attachBaseContext total=30ms
2026-09-29T04:50:15.959Z D/SurveyApp [main] Skipping WorkManager init in attachBaseContext; will init lazily on first enqueue.
2026-09-29T04:50:15.961Z D/SurveyApp [main] CrashCapture installed: where=SurveyApp:attachBaseContext
2026-09-29T04:50:15.972Z I/RuntimeLogStore [main] start repair: ctx/dir refreshed
2026-09-29T04:50:15.972Z D/SurveyApp [main] bootTiming: RuntimeLogStore.start took=0ms
2026-09-29T04:50:15.972Z D/SurveyApp [main] bootTiming: AppRingLogStore.install took=0ms
2026-09-29T04:50:15.973Z D/SurveyApp [main] onCreate: pid=16453 process=com.negi.survey isMain=true sdk=36
2026-09-29T04:50:15.976Z D/SurveyApp [main] CrashCapture installed: where=SurveyApp:onCreate(rewrap)
2026-09-29T04:50:15.976Z D/SurveyApp [main] CrashCapture self-healing registered.
2026-09-29T04:50:15.977Z W/SurveyApp [main] Startup enqueues deferred: delay=2500ms (to reduce init contention)
2026-09-29T04:50:15.977Z D/SurveyApp [main] Startup survey recovery deferred: delay=2500ms
2026-09-29T04:50:15.977Z D/SurveyApp [main] bootTiming: onCreate total=5ms
2026-09-29T04:50:15.988Z I/RuntimeLogStore [DefaultDispatcher-worker-1] start repair: ctx/dir refreshed
2026-09-29T04:50:17.491Z I/RuntimeLogStore [DefaultDispatcher-worker-2] start repair: ctx/dir refreshed
