=== RuntimeLogStore Header ===
ts=2026-09-29T05:02:01.804Z
fileNameFormat=LEGACY
appId=com.negi.survey
versionName=0.0.1
versionCode=1
debug=true
device=Google Pixel 9a
sdk=36
pid=19549
==============================
2026-09-29T05:02:01.805Z I/RuntimeLogStore [rtlog-io] start: actor launched (fileNameFormat=LEGACY)
2026-09-29T05:02:01.815Z D/SurveyApp [main] attachBaseContext: pid=19549 process=com.negi.survey isMain=true sdk=36
2026-09-29T05:02:01.818Z D/SurveyApp [main] bootTiming: attachBaseContext total=66ms
2026-09-29T05:02:01.819Z D/SurveyApp [main] Skipping WorkManager init in attachBaseContext; will init lazily on first enqueue.
2026-09-29T05:02:01.830Z D/SurveyApp [main] CrashCapture installed: where=SurveyApp:attachBaseContext
2026-09-29T05:02:01.858Z I/RuntimeLogStore [main] start repair: ctx/dir refreshed
2026-09-29T05:02:01.858Z D/SurveyApp [main] bootTiming: RuntimeLogStore.start took=0ms
2026-09-29T05:02:01.859Z D/SurveyApp [main] bootTiming: AppRingLogStore.install took=0ms
2026-09-29T05:02:01.859Z D/SurveyApp [main] onCreate: pid=19549 process=com.negi.survey isMain=true sdk=36
2026-09-29T05:02:01.866Z D/SurveyApp [main] CrashCapture installed: where=SurveyApp:onCreate(rewrap)
2026-09-29T05:02:01.866Z D/SurveyApp [main] CrashCapture self-healing registered.
2026-09-29T05:02:01.866Z W/SurveyApp [main] Startup enqueues deferred: delay=2500ms (to reduce init contention)
2026-09-29T05:02:01.867Z D/SurveyApp [main] Startup survey recovery deferred: delay=2500ms
2026-09-29T05:02:01.867Z D/SurveyApp [main] bootTiming: onCreate total=9ms
2026-09-29T05:02:03.840Z I/RuntimeLogStore [DefaultDispatcher-worker-1] start repair: ctx/dir refreshed
2026-09-29T05:02:04.369Z W/SurveyApp [main] Deferred startup enqueues begin...
2026-09-29T05:02:04.370Z D/SurveyApp [main] WorkManager available. where=startupRtLogs(immediate) took=0ms
2026-09-29T05:02:04.387Z D/SurveyApp [main] Startup runtime logs target -> owner=ishizuki-tech repo=SurveyExports branch=main base='/diagnostics/runtime_logs'
2026-09-29T05:02:04.395Z D/SurveyApp [main] Startup runtime logs: enqueue requested (immediate).
2026-09-29T05:02:04.395Z D/SurveyApp [main] WorkManager available. where=startupRingLogs(immediate) took=0ms
2026-09-29T05:02:04.409Z D/SurveyApp [main] Startup ring logs target -> owner=ishizuki-tech repo=SurveyExports branch=main base='/diagnostics/applog_ring'
2026-09-29T05:02:04.413Z D/SurveyApp [main] Startup ring logs: enqueue requested (immediate).
2026-09-29T05:02:04.414Z D/SurveyApp [main] WorkManager available. where=enqueuePending(immediate) took=0ms
2026-09-29T05:02:04.415Z D/SurveyApp [main] CrashCapture pending uploads requested (immediate).
2026-09-29T05:02:04.415Z W/SurveyApp [main] Deferred startup enqueues done: took=47ms
2026-09-29T05:02:04.419Z D/SurveyApp [DefaultDispatcher-worker-1] Survey recovery WorkManager available. where=startupSurveyUploads(initial) took=1ms
2026-09-29T05:02:04.442Z D/SurveyApp [DefaultDispatcher-worker-1] Startup survey recovery complete: discovered=0 attempted=0 submitted=0 active=0 trackerUnconfirmed=0 uploaded=0 deferred=0 invalid=0 operationalFailures=0 duplicates=0 unclassified=0
2026-09-29T05:02:06.756Z I/RuntimeLogStore [DefaultDispatcher-worker-6] start repair: ctx/dir refreshed
