=== RuntimeLogStore Header ===
ts=2026-09-24T18:52:04.650Z
fileNameFormat=LEGACY
appId=com.negi.survey
versionName=0.0.1
versionCode=88
debug=false
device=samsung SM-S931U1
sdk=36
pid=24283
==============================
2026-09-24T18:52:04.650Z I/RuntimeLogStore [rtlog-io] --- rotated (reason=plain_snapshot:receiver_my_package_repl) ---
2026-09-24T18:52:05.871Z W/SurveyApp [main] Deferred startup enqueues begin...
2026-09-24T18:52:05.871Z D/SurveyApp [main] WorkManager available. where=startupRtLogs(immediate) took=0ms
2026-09-24T18:52:05.872Z D/SurveyApp [main] Startup runtime logs target -> owner=ishizuki-tech repo=SurveyExports branch=main base='/diagnostics/runtime_logs'
2026-09-24T18:52:05.872Z D/SurveyApp [main] Startup runtime logs: enqueue requested (immediate).
2026-09-24T18:52:05.872Z D/SurveyApp [main] WorkManager available. where=startupRingLogs(immediate) took=0ms
2026-09-24T18:52:05.873Z D/SurveyApp [main] Startup ring logs target -> owner=ishizuki-tech repo=SurveyExports branch=main base='/diagnostics/applog_ring'
2026-09-24T18:52:05.873Z D/SurveyApp [main] Startup ring logs: enqueue requested (immediate).
2026-09-24T18:52:05.873Z D/SurveyApp [main] WorkManager available. where=enqueuePending(immediate) took=0ms
2026-09-24T18:52:05.873Z D/SurveyApp [main] CrashCapture pending uploads requested (immediate).
2026-09-24T18:52:05.873Z W/SurveyApp [main] Deferred startup enqueues done: took=2ms
2026-09-24T18:52:05.873Z D/SurveyApp [DefaultDispatcher-worker-3] Survey recovery WorkManager available. where=startupSurveyUploads(initial) took=0ms
2026-09-24T18:52:05.873Z D/SurveyApp [DefaultDispatcher-worker-3] Startup survey recovery complete: discovered=0 attempted=0 submitted=0 active=0 trackerUnconfirmed=0 uploaded=0 deferred=0 invalid=0 operationalFailures=0 duplicates=0 unclassified=0
2026-09-24T18:52:13.222Z D/LiteRtLM [DefaultDispatcher-worker-6] Initializing LiteRT-LM: model='Gemma3n4B', key='Gemma3n4B|/data/user/0/com.negi.survey/files/gemma-3n-E4B-it-int4.litertlm'
2026-09-24T18:52:13.222Z D/LiteRtLM [DefaultDispatcher-worker-6] Capabilities: image=false audio=false
2026-09-24T18:52:13.222Z D/LiteRtLM [DefaultDispatcher-worker-6] Backend=com.google.ai.edge.litertlm.Backend$GPU@d285fa3 maxNumTokens=512 (raw=512) topK=1 topP=0.0 temp=0.0
2026-09-24T18:52:13.222Z D/LiteRtLM [DefaultDispatcher-worker-6] Model path='/data/user/0/com.negi.survey/files/gemma-3n-E4B-it-int4.litertlm' sizeBytes=4919541760 lastModified=1790275787196
2026-09-24T18:52:13.222Z D/LiteRtLM [DefaultDispatcher-worker-6] LiteRT-LM native benchmark policy: enabled=false emulator=false
2026-09-24T18:52:13.222Z D/LiteRtLM [DefaultDispatcher-worker-6] Speculative decoding / MTP policy: enabled=false runtimeFlagUpdated=true model='Gemma3n4B'
2026-09-24T18:52:13.225Z D/LiteRtLM [DefaultDispatcher-worker-6] Engine cacheDir resolved: key='Gemma3n4B|/data/user/0/com.negi.survey/files/gemma-3n-E4B-it-int4.litertlm' backend=com.google.ai.edge.litertlm.Backend$GPU@d285fa3 path='/data/user/0/com.negi.survey/no_backup/litertlm_cache/3b0a628a4ab3123c2a73199b1c2e25b36c4bdfc3' filesBefore=0
2026-09-24T18:52:24.046Z W/LiteRtLM [DefaultDispatcher-worker-6] Engine.initialize completed: key='Gemma3n4B|/data/user/0/com.negi.survey/files/gemma-3n-E4B-it-int4.litertlm' backend=com.google.ai.edge.litertlm.Backend$GPU@d285fa3 took=10821ms cacheFilesAfter=2
