=== RuntimeLogStore Header ===
ts=2026-09-24T20:48:09.678Z
fileNameFormat=LEGACY
appId=com.negi.survey
versionName=0.0.1
versionCode=90
debug=false
device=samsung SM-S931U1
sdk=36
pid=8896
==============================
2026-09-24T20:48:09.678Z I/RuntimeLogStore [rtlog-io] start: actor launched (fileNameFormat=LEGACY)
2026-09-24T20:48:09.682Z D/SurveyApp [main] attachBaseContext: pid=8896 process=com.negi.survey isMain=true sdk=36
2026-09-24T20:48:09.682Z D/SurveyApp [main] bootTiming: attachBaseContext total=14ms
2026-09-24T20:48:09.682Z D/SurveyApp [main] Skipping WorkManager init in attachBaseContext; will init lazily on first enqueue.
2026-09-24T20:48:09.682Z D/SurveyApp [main] CrashCapture installed: where=SurveyApp:attachBaseContext
2026-09-24T20:48:09.687Z I/RuntimeLogStore [main] start repair: ctx/dir refreshed
2026-09-24T20:48:09.687Z D/SurveyApp [main] bootTiming: RuntimeLogStore.start took=0ms
2026-09-24T20:48:09.687Z D/SurveyApp [main] bootTiming: AppRingLogStore.install took=0ms
2026-09-24T20:48:09.687Z D/SurveyApp [main] onCreate: pid=8896 process=com.negi.survey isMain=true sdk=36
2026-09-24T20:48:09.688Z D/SurveyApp [main] CrashCapture installed: where=SurveyApp:onCreate(rewrap)
2026-09-24T20:48:09.688Z D/SurveyApp [main] CrashCapture self-healing registered.
2026-09-24T20:48:09.688Z W/SurveyApp [main] Startup enqueues deferred: delay=2500ms (to reduce init contention)
2026-09-24T20:48:09.688Z D/SurveyApp [main] Startup survey recovery deferred: delay=2500ms
2026-09-24T20:48:09.688Z D/SurveyApp [main] bootTiming: onCreate total=1ms
2026-09-24T20:48:09.728Z I/RuntimeLogStore [DefaultDispatcher-worker-1] start repair: ctx/dir refreshed
2026-09-24T20:48:10.996Z I/RuntimeLogStore [DefaultDispatcher-worker-3] start repair: ctx/dir refreshed
