=== RuntimeLogStore Header ===
ts=2026-09-10T12:09:24.843Z
fileNameFormat=LEGACY
appId=com.negi.survey
versionName=0.0.1
versionCode=43
debug=false
device=samsung SM-S936B
sdk=35
pid=25622
==============================
2026-09-10T12:09:24.843Z I/RuntimeLogStore [rtlog-io] start: actor launched (fileNameFormat=LEGACY)
2026-09-10T12:09:24.843Z D/SurveyApp [main] attachBaseContext: pid=25622 process=com.negi.survey isMain=true sdk=35
2026-09-10T12:09:24.843Z D/SurveyApp [main] bootTiming: attachBaseContext total=18ms
2026-09-10T12:09:24.843Z D/SurveyApp [main] Skipping WorkManager init in attachBaseContext; will init lazily on first enqueue.
2026-09-10T12:09:24.843Z D/SurveyApp [main] CrashCapture installed: where=SurveyApp:attachBaseContext
2026-09-10T12:09:24.846Z I/RuntimeLogStore [main] start repair: ctx/dir refreshed
2026-09-10T12:09:24.846Z D/SurveyApp [main] bootTiming: RuntimeLogStore.start took=0ms
2026-09-10T12:09:24.846Z D/SurveyApp [main] bootTiming: AppRingLogStore.install took=0ms
2026-09-10T12:09:24.846Z D/SurveyApp [main] onCreate: pid=25622 process=com.negi.survey isMain=true sdk=35
2026-09-10T12:09:24.846Z D/SurveyApp [main] CrashCapture installed: where=SurveyApp:onCreate(rewrap)
2026-09-10T12:09:24.846Z D/SurveyApp [main] CrashCapture self-healing registered.
2026-09-10T12:09:24.846Z W/SurveyApp [main] Startup enqueues deferred: delay=2500ms (to reduce init contention)
2026-09-10T12:09:24.846Z D/SurveyApp [main] bootTiming: onCreate total=1ms
2026-09-10T12:09:27.348Z W/SurveyApp [main] Deferred startup enqueues begin...
2026-09-10T12:09:27.354Z D/SurveyApp [main] WorkManager available. where=startupRtLogs(immediate) took=5ms
2026-09-10T12:09:27.356Z D/SurveyApp [main] Startup runtime logs target -> owner=ishizuki-tech repo=SurveyExports branch=main base='/diagnostics/runtime_logs'
2026-09-10T12:09:27.359Z D/SurveyApp [main] Startup runtime logs: enqueue requested (immediate).
2026-09-10T12:09:27.359Z D/SurveyApp [main] WorkManager available. where=startupRingLogs(immediate) took=0ms
2026-09-10T12:09:27.360Z D/SurveyApp [main] Startup ring logs target -> owner=ishizuki-tech repo=SurveyExports branch=main base='/diagnostics/applog_ring'
2026-09-10T12:09:27.360Z D/SurveyApp [main] Startup ring logs: enqueue requested (immediate).
2026-09-10T12:09:27.360Z D/SurveyApp [main] WorkManager available. where=enqueuePending(immediate) took=0ms
2026-09-10T12:09:27.361Z D/SurveyApp [main] CrashCapture pending uploads requested (immediate).
2026-09-10T12:09:27.361Z W/SurveyApp [main] Deferred startup enqueues done: took=13ms
2026-09-10T12:09:28.605Z I/RuntimeLogStore [DefaultDispatcher-worker-2] start repair: ctx/dir refreshed
