=== RuntimeLogStore Header ===
ts=2026-09-10T11:22:36.236Z
fileNameFormat=LEGACY
appId=com.negi.survey
versionName=0.0.1
versionCode=43
debug=false
device=samsung SM-S936B
sdk=35
pid=16395
==============================
2026-09-10T11:22:36.236Z I/RuntimeLogStore [rtlog-io] --- rotated (reason=plain_snapshot:receiver_boot_completed) ---
2026-09-10T11:22:37.354Z W/SurveyApp [main] Deferred startup enqueues begin...
2026-09-10T11:22:37.354Z D/SurveyApp [main] WorkManager available. where=startupRtLogs(immediate) took=0ms
2026-09-10T11:22:37.355Z D/SurveyApp [main] Startup runtime logs target -> owner=ishizuki-tech repo=SurveyExports branch=main base='/diagnostics/runtime_logs'
2026-09-10T11:22:37.356Z D/SurveyApp [main] Startup runtime logs: enqueue requested (immediate).
2026-09-10T11:22:37.356Z D/SurveyApp [main] WorkManager available. where=startupRingLogs(immediate) took=0ms
2026-09-10T11:22:37.356Z D/SurveyApp [main] Startup ring logs target -> owner=ishizuki-tech repo=SurveyExports branch=main base='/diagnostics/applog_ring'
2026-09-10T11:22:37.357Z D/SurveyApp [main] Startup ring logs: enqueue requested (immediate).
2026-09-10T11:22:37.357Z D/SurveyApp [main] WorkManager available. where=enqueuePending(immediate) took=0ms
2026-09-10T11:22:37.357Z D/SurveyApp [main] CrashCapture pending uploads requested (immediate).
2026-09-10T11:22:37.357Z W/SurveyApp [main] Deferred startup enqueues done: took=4ms
