=== RuntimeLogStore Header ===
ts=2026-09-29T05:11:57.015Z
fileNameFormat=LEGACY
appId=com.negi.survey
versionName=0.0.1
versionCode=1
debug=true
device=Google Pixel 9a
sdk=36
pid=21972
==============================
2026-09-29T05:11:57.015Z I/RuntimeLogStore [rtlog-io] start: actor launched (fileNameFormat=LEGACY)
2026-09-29T05:11:57.013Z D/SurveyApp [main] attachBaseContext: pid=21972 process=com.negi.survey isMain=true sdk=36
2026-09-29T05:11:57.013Z D/SurveyApp [main] bootTiming: attachBaseContext total=49ms
2026-09-29T05:11:57.014Z D/SurveyApp [main] Skipping WorkManager init in attachBaseContext; will init lazily on first enqueue.
2026-09-29T05:11:57.015Z D/SurveyApp [main] CrashCapture installed: where=SurveyApp:attachBaseContext
2026-09-29T05:11:57.027Z I/RuntimeLogStore [main] start repair: ctx/dir refreshed
2026-09-29T05:11:57.028Z D/SurveyApp [main] bootTiming: RuntimeLogStore.start took=1ms
2026-09-29T05:11:57.028Z D/SurveyApp [main] bootTiming: AppRingLogStore.install took=0ms
2026-09-29T05:11:57.028Z D/SurveyApp [main] onCreate: pid=21972 process=com.negi.survey isMain=true sdk=36
2026-09-29T05:11:57.032Z D/SurveyApp [main] CrashCapture installed: where=SurveyApp:onCreate(rewrap)
2026-09-29T05:11:57.032Z D/SurveyApp [main] CrashCapture self-healing registered.
2026-09-29T05:11:57.032Z W/SurveyApp [main] Startup enqueues deferred: delay=2500ms (to reduce init contention)
2026-09-29T05:11:57.033Z D/SurveyApp [main] Startup survey recovery deferred: delay=2500ms
2026-09-29T05:11:57.033Z D/SurveyApp [main] bootTiming: onCreate total=6ms
2026-09-29T05:11:57.044Z I/RuntimeLogStore [DefaultDispatcher-worker-2] start repair: ctx/dir refreshed
2026-09-29T05:11:58.582Z I/RuntimeLogStore [DefaultDispatcher-worker-1] start repair: ctx/dir refreshed
