=== RuntimeLogStore Header ===
ts=2026-10-08T16:34:55.525Z
fileNameFormat=LEGACY
appId=com.negi.survey
versionName=0.0.1
versionCode=105
debug=false
device=samsung SM-S931U1
sdk=36
pid=5810
==============================
2026-10-08T16:34:55.525Z I/RuntimeLogStore [rtlog-io] --- rotated (reason=plain_snapshot:app_start) ---
2026-10-08T16:34:56.346Z D/LiteRtLM [DefaultDispatcher-worker-3] Initializing LiteRT-LM: model='Gemma3n4B', key='fs|dev=65096|ino=146525|size=4919541760|mtime=1791477152612'
2026-10-08T16:34:56.346Z D/LiteRtLM [DefaultDispatcher-worker-3] Capabilities: image=false audio=false
2026-10-08T16:34:56.346Z D/LiteRtLM [DefaultDispatcher-worker-3] Backend=com.google.ai.edge.litertlm.Backend$GPU@6ff7932 maxNumTokens=1024 (raw=1024) topK=1 topP=0.0 temp=0.0
2026-10-08T16:34:56.346Z D/LiteRtLM [DefaultDispatcher-worker-3] Model path='/data/user/0/com.negi.survey/files/gemma-3n-E4B-it-int4.litertlm' sizeBytes=4919541760 lastModified=1791477152612
2026-10-08T16:34:56.346Z D/LiteRtLM [DefaultDispatcher-worker-3] LiteRT-LM native benchmark policy: enabled=false emulator=false
2026-10-08T16:34:56.347Z D/LiteRtLM [DefaultDispatcher-worker-3] Speculative decoding / MTP policy: enabled=false runtimeFlagUpdated=true model='Gemma3n4B'
2026-10-08T16:34:56.349Z D/LiteRtLM [DefaultDispatcher-worker-3] Engine cacheDir resolved: key='fs|dev=65096|ino=146525|size=4919541760|mtime=1791477152612' backend=com.google.ai.edge.litertlm.Backend$GPU@6ff7932 path='/data/user/0/com.negi.survey/no_backup/litertlm_cache/dd1a5fc2f5e60a53f0c260cc325f39a75dd4512e' filesBefore=2
2026-10-08T16:35:04.415Z W/LiteRtLM [DefaultDispatcher-worker-3] Engine.initialize completed: key='fs|dev=65096|ino=146525|size=4919541760|mtime=1791477152612' backend=com.google.ai.edge.litertlm.Backend$GPU@6ff7932 took=8065ms cacheFilesAfter=2
2026-10-08T16:35:04.420Z D/LiteRtLM [DefaultDispatcher-worker-3] createConversation completed: key='fs|dev=65096|ino=146525|size=4919541760|mtime=1791477152612' took=5ms
2026-10-08T16:35:04.420Z D/LiteRtLM [DefaultDispatcher-worker-3] LiteRT-LM initialization succeeded: model='Gemma3n4B', key='fs|dev=65096|ino=146525|size=4919541760|mtime=1791477152612' engineMs=8065 conversationMs=5 totalMs=8075
2026-10-08T16:35:04.425Z D/AiTrace [main] Installed (enabled=false ringEnabled=true)
2026-10-08T16:35:04.427Z D/SurveyVM [main] init -> Start, session=0, uuid=abdff560-4bd9-4390-93d2-f99415493de2, navSize=1, graphSize=22
2026-10-08T16:35:04.430Z D/SurveyVM [main] config.validate -> issues=0
2026-10-08T16:35:04.430Z D/SurveyVM [main] promptSources -> legacy=10, eval=0, follow=0
2026-10-08T16:35:04.430Z D/SurveyVM [main] promptSources.preview -> legacy=[Q10, Q11, Q12, Q13, Q14, Q15, Q16, Q7, Q8, Q9], eval=[], follow=[]
2026-10-08T16:35:04.430Z D/SurveyVM [main] hasTwoStepPrompt[Q10] -> true (eval=219, fu=244)
2026-10-08T16:35:04.430Z D/SurveyVM [main] hasTwoStepPrompt[Q11] -> true (eval=229, fu=254)
2026-10-08T16:35:04.430Z D/SurveyVM [main] hasTwoStepPrompt[Q12] -> true (eval=184, fu=209)
2026-10-08T16:35:04.430Z D/SurveyVM [main] hasTwoStepPrompt[Q13] -> true (eval=221, fu=246)
2026-10-08T16:35:04.430Z D/SurveyVM [main] hasTwoStepPrompt[Q14] -> true (eval=160, fu=185)
2026-10-08T16:35:04.430Z D/SurveyVM [main] hasTwoStepPrompt[Q15] -> true (eval=185, fu=210)
2026-10-08T16:35:04.430Z D/SurveyVM [main] hasTwoStepPrompt[Q16] -> true (eval=200, fu=225)
2026-10-08T16:35:04.430Z D/SurveyVM [main] hasTwoStepPrompt[Q7] -> true (eval=248, fu=273)
2026-10-08T16:35:04.430Z D/SurveyVM [main] hasTwoStepPrompt[Q8] -> true (eval=190, fu=215)
2026-10-08T16:35:04.430Z D/SurveyVM [main] hasTwoStepPrompt[Q9] -> true (eval=195, fu=220)
2026-10-08T16:35:04.430Z D/SurveyVM [main] AI prompt coverage OK (aiCount=10)
2026-10-08T16:35:04.556Z D/LiteRtLM [slm-jni] initializeIfNeeded: warm runtime already ready: key='fs|dev=65096|ino=146525|size=4919541760|mtime=1791477152612'
2026-10-08T16:35:04.556Z D/LiteRtRepository [main] warmUp: initializeIfNeeded ok gateWaitMs=0 initMs=1
2026-10-08T16:35:04.556Z D/LiteRtRepository [main] warmUp: Engine ready; representative inference disabled totalMs=1
2026-10-08T16:35:05.586Z D/SurveyVM [main] resetAudioRefs -> cleared
