=== RuntimeLogStore Header ===
ts=2026-09-15T18:57:25.024Z
fileNameFormat=LEGACY
appId=com.negi.survey
versionName=0.0.1
versionCode=1
debug=true
device=Google Pixel 9a
sdk=36
pid=23335
==============================
2026-09-15T18:57:25.024Z I/RuntimeLogStore [rtlog-io] start: actor launched (fileNameFormat=LEGACY)
2026-09-15T18:57:25.019Z D/SurveyApp [main] attachBaseContext: pid=23335 process=com.negi.survey isMain=true sdk=36
2026-09-15T18:57:25.019Z D/SurveyApp [main] bootTiming: attachBaseContext total=39ms
2026-09-15T18:57:25.019Z D/SurveyApp [main] Skipping WorkManager init in attachBaseContext; will init lazily on first enqueue.
2026-09-15T18:57:25.021Z D/SurveyApp [main] CrashCapture installed: where=SurveyApp:attachBaseContext
2026-09-15T18:57:25.033Z I/RuntimeLogStore [main] start repair: ctx/dir refreshed
2026-09-15T18:57:25.033Z D/SurveyApp [main] bootTiming: RuntimeLogStore.start took=1ms
2026-09-15T18:57:25.033Z D/SurveyApp [main] bootTiming: AppRingLogStore.install took=0ms
2026-09-15T18:57:25.033Z D/SurveyApp [main] onCreate: pid=23335 process=com.negi.survey isMain=true sdk=36
2026-09-15T18:57:25.039Z D/SurveyApp [main] CrashCapture installed: where=SurveyApp:onCreate(rewrap)
2026-09-15T18:57:25.039Z D/SurveyApp [main] CrashCapture self-healing registered.
2026-09-15T18:57:25.039Z W/SurveyApp [main] Startup enqueues deferred: delay=2500ms (to reduce init contention)
2026-09-15T18:57:25.039Z D/SurveyApp [main] bootTiming: onCreate total=7ms
2026-09-15T18:57:25.050Z I/RuntimeLogStore [DefaultDispatcher-worker-1] start repair: ctx/dir refreshed
2026-09-15T18:57:26.533Z I/RuntimeLogStore [DefaultDispatcher-worker-1] start repair: ctx/dir refreshed
