=== RuntimeLogStore Header ===
ts=2026-09-09T18:21:08.719Z
fileNameFormat=LEGACY
appId=com.negi.survey
versionName=0.0.1
versionCode=1
debug=true
device=Google Pixel 9a
sdk=36
pid=4559
==============================
2026-09-09T18:21:08.720Z I/RuntimeLogStore [rtlog-io] start: actor launched (fileNameFormat=LEGACY)
2026-09-09T18:21:08.658Z D/SurveyApp [main] attachBaseContext: pid=4559 process=com.negi.survey isMain=true sdk=36
2026-09-09T18:21:08.658Z D/SurveyApp [main] bootTiming: attachBaseContext total=75ms
2026-09-09T18:21:08.658Z D/SurveyApp [main] Skipping WorkManager init in attachBaseContext; will init lazily on first enqueue.
2026-09-09T18:21:08.663Z D/SurveyApp [main] CrashCapture installed: where=SurveyApp:attachBaseContext
2026-09-09T18:21:09.005Z W/SurveyApp [main] Diagnostic upload work cancelled by instrumentation argument.
2026-09-09T18:21:09.008Z I/RuntimeLogStore [main] start repair: ctx/dir refreshed
2026-09-09T18:21:09.008Z D/SurveyApp [main] bootTiming: RuntimeLogStore.start took=1ms
2026-09-09T18:21:09.009Z D/SurveyApp [main] bootTiming: AppRingLogStore.install took=0ms
2026-09-09T18:21:09.010Z D/SurveyApp [main] onCreate: pid=4559 process=com.negi.survey isMain=true sdk=36
2026-09-09T18:21:09.061Z D/SurveyApp [main] CrashCapture installed: where=SurveyApp:onCreate(rewrap)
2026-09-09T18:21:09.062Z D/SurveyApp [main] CrashCapture self-healing registered.
2026-09-09T18:21:09.062Z W/SurveyApp [main] Startup diagnostic upload scheduling disabled by instrumentation argument.
2026-09-09T18:21:09.063Z D/SurveyApp [main] bootTiming: onCreate total=338ms
2026-09-09T18:21:09.121Z I/RuntimeLogStore [DefaultDispatcher-worker-1] start repair: ctx/dir refreshed
2026-09-09T18:21:10.055Z D/SLM [Instr: androidx.test.runner.AndroidJUnitRunner] initializeIfNeeded: model='gemma-3n-E4B-it' image=false audio=false
2026-09-09T18:21:10.062Z D/LiteRtLM [DefaultDispatcher-worker-1] Initializing LiteRT-LM: model='gemma-3n-E4B-it', key='gemma-3n-E4B-it|/data/user/0/com.negi.survey/files/models/gemma-3n-E4B-it-int4.litertlm'
2026-09-09T18:21:10.063Z D/LiteRtLM [DefaultDispatcher-worker-1] Capabilities: image=false audio=false
2026-09-09T18:21:10.063Z D/LiteRtLM [DefaultDispatcher-worker-1] Backend=com.google.ai.edge.litertlm.Backend$GPU@d739627 maxNumTokens=4096 (raw=4096) topK=64 topP=0.95 temp=1.0
2026-09-09T18:21:10.063Z D/LiteRtLM [DefaultDispatcher-worker-1] Model path='/data/user/0/com.negi.survey/files/models/gemma-3n-E4B-it-int4.litertlm' sizeBytes=4919541760 lastModified=1788913652575
2026-09-09T18:21:10.063Z W/LiteRtLM [DefaultDispatcher-worker-1] Large maxNumTokens=4096 requested. This increases KV-cache capacity and memory pressure. For short survey JSON/follow-up generation, validate whether a smaller configured value is sufficient.
2026-09-09T18:21:10.063Z D/LiteRtLM [DefaultDispatcher-worker-1] LiteRT-LM native benchmark policy: enabled=false emulator=false
2026-09-09T18:21:10.064Z D/LiteRtLM [DefaultDispatcher-worker-1] Speculative decoding / MTP policy: enabled=false runtimeFlagUpdated=true model='gemma-3n-E4B-it'
2026-09-09T18:21:10.066Z D/LiteRtLM [DefaultDispatcher-worker-1] Engine cacheDir resolved: key='gemma-3n-E4B-it|/data/user/0/com.negi.survey/files/models/gemma-3n-E4B-it-int4.litertlm' backend=com.google.ai.edge.litertlm.Backend$GPU@d739627 path='/data/user/0/com.negi.survey/no_backup/litertlm_cache/8b58dd5e854e5353723e4360d401cf7d199b6f10' filesBefore=2
2026-09-09T18:21:16.971Z W/LiteRtLM [DefaultDispatcher-worker-1] Engine.initialize completed: key='gemma-3n-E4B-it|/data/user/0/com.negi.survey/files/models/gemma-3n-E4B-it-int4.litertlm' backend=com.google.ai.edge.litertlm.Backend$GPU@d739627 took=6904ms cacheFilesAfter=2
2026-09-09T18:21:16.985Z D/LiteRtLM [DefaultDispatcher-worker-1] createConversation completed: key='gemma-3n-E4B-it|/data/user/0/com.negi.survey/files/models/gemma-3n-E4B-it-int4.litertlm' took=14ms
2026-09-09T18:21:16.986Z D/LiteRtLM [DefaultDispatcher-worker-1] LiteRT-LM initialization succeeded: model='gemma-3n-E4B-it', key='gemma-3n-E4B-it|/data/user/0/com.negi.survey/files/models/gemma-3n-E4B-it-int4.litertlm' engineMs=6904 conversationMs=14 totalMs=6924
2026-09-09T18:21:16.987Z D/AiTrace [Instr: androidx.test.runner.AndroidJUnitRunner] Installed (enabled=true ringEnabled=true)
2026-09-09T18:21:17.105Z D/SurveyVM [main] init -> Start, session=0, uuid=179b1b7a-a696-4c81-8316-c57c1cab9cca, navSize=1, graphSize=20
2026-09-09T18:21:17.110Z D/SurveyVM [main] config.validate -> issues=0
2026-09-09T18:21:17.110Z D/SurveyVM [main] promptSources -> legacy=10, eval=0, follow=0
2026-09-09T18:21:17.110Z D/SurveyVM [main] promptSources.preview -> legacy=[Q10, Q11, Q12, Q13, Q14, Q15, Q16, Q17, Q8, Q9], eval=[], follow=[]
2026-09-09T18:21:17.110Z D/SurveyVM [main] hasTwoStepPrompt[Q10] -> true (eval=169, fu=194)
2026-09-09T18:21:17.110Z D/SurveyVM [main] hasTwoStepPrompt[Q11] -> true (eval=179, fu=204)
2026-09-09T18:21:17.110Z D/SurveyVM [main] hasTwoStepPrompt[Q12] -> true (eval=171, fu=196)
2026-09-09T18:21:17.110Z D/SurveyVM [main] hasTwoStepPrompt[Q13] -> true (eval=159, fu=184)
2026-09-09T18:21:17.110Z D/SurveyVM [main] hasTwoStepPrompt[Q14] -> true (eval=209, fu=234)
2026-09-09T18:21:17.110Z D/SurveyVM [main] hasTwoStepPrompt[Q15] -> true (eval=150, fu=175)
2026-09-09T18:21:17.110Z D/SurveyVM [main] hasTwoStepPrompt[Q16] -> true (eval=167, fu=192)
2026-09-09T18:21:17.111Z D/SurveyVM [main] hasTwoStepPrompt[Q17] -> true (eval=194, fu=219)
2026-09-09T18:21:17.111Z D/SurveyVM [main] hasTwoStepPrompt[Q8] -> true (eval=200, fu=225)
2026-09-09T18:21:17.111Z D/SurveyVM [main] hasTwoStepPrompt[Q9] -> true (eval=186, fu=211)
2026-09-09T18:21:17.111Z D/SurveyVM [main] AI prompt coverage OK (aiCount=10)
2026-09-09T18:21:17.119Z D/SurveyVM [main] hasTwoStepPrompt[Q8] -> true (eval=200, fu=225)
2026-09-09T18:21:17.530Z D/SurveyVM [main] resetAudioRefs -> cleared
2026-09-09T18:21:17.531Z D/SurveyVM [main] resetNavToStart -> key=com.negi.survey.vm.FlowHome@6262ee2, navSize=1
2026-09-09T18:21:17.531Z D/SurveyVM [main] resetToStart -> Start, session=1, uuid=270fcbff-00a1-4040-84d5-5a9d028c10e6, preserveDraft=false, draftLen=0
2026-09-09T18:21:17.532Z D/SurveyVM [main] activateRunIfNeeded(goto:Q8) -> runNoteLen=0, draftCleared=true, uuid=270fcbff-00a1-4040-84d5-5a9d028c10e6
2026-09-09T18:21:17.532Z D/SurveyVM [main] push -> Q8, navSize=2, stackSize=2
2026-09-09T18:21:17.555Z D/SurveyVM [main] hasTwoStepPrompt[Q8] -> true (eval=200, fu=225)
2026-09-09T18:21:17.584Z D/SurveyVM [Instr: androidx.test.runner.AndroidJUnitRunner] hasTwoStepPrompt[Q8] -> true (eval=200, fu=225)
2026-09-09T18:21:18.241Z D/SurveyVM [main] getEvalPrompt[Q8] -> len=315
2026-09-09T18:21:18.243Z D/AiViewModel [DefaultDispatcher-worker-1] run[1]: mode=EVAL_JSON phase=EVAL commit=true prompt.len=314, fullPrompt.len=1155, timeoutMs=60000
2026-09-09T18:21:18.250Z D/AiViewModel [DefaultDispatcher-worker-1] run[1]: sha(prompt)=959df7ae87bc8a5172eb3c99a7edc8dcbdfc777705f157ebd4f8044f1f1a425f sha(full)=3e4d28d1c7af21450498ee68478d5dbe8ca7dcff54af7f013a0e1009abd2d203
2026-09-09T18:21:18.251Z I/FullPromptReview [DefaultDispatcher-worker-1] [part=000] run[1]: phase=EVAL FullPrompt
Evaluate only the original survey target using all supplied answers.
Return only compact JSON {"score":N,"missing_points":[],"followup_needed":false}. N must be an integer 1-100 for relevance, completeness and accuracy against the original target. Evaluate the original answer and all answered followup pairs together. Score 90-100 only when all target-required information is satisfied; otherwise score below 90. For score below 90, missing_points must contain the specific missing or ambiguous target-required information and followup_needed must be true. Otherwise missing_points is empty and followup_needed is false. Do not generate a question. Do not penalize style or request information outside the target. Write missing_points in Swahili.
Keep missing_points concise.
One JSON object only; no markdown or generated question.
INPUT:
Lengo la jibu: kama FAW iliathiri mazao, na maelezo ya athari hiyo (upotevu wa mavuno, aina ya uharibifu, n.k.).
Question: Je, minyoo ya majani (Fall Armyworm) imewahi kuathiri mahindi yako? Ikiwa ndiyo, iliathiri vipi mazao yako?
Original answer: Minyoo ya majani iliathiri mahindi yangu.
Answered followup pairs:
2026-09-09T18:21:18.268Z D/LiteRtRepository [DefaultDispatcher-worker-1] [1] request start model='gemma-3n-E4B-it' prompt.len=1155 sha=3e4d28d1c7af2145 gateWaitMs=13
2026-09-09T18:21:18.268Z D/LiteRtRepository [DefaultDispatcher-worker-1] [part=000] [1] PROMPT (FULL) sha=3e4d28d1c7af2145
Evaluate only the original survey target using all supplied answers.
Return only compact JSON {"score":N,"missing_points":[],"followup_needed":false}. N must be an integer 1-100 for relevance, completeness and accuracy against the original target. Evaluate the original answer and all answered followup pairs together. Score 90-100 only when all target-required information is satisfied; otherwise score below 90. For score below 90, missing_points must contain the specific missing or ambiguous target-required information and followup_needed must be true. Otherwise missing_points is empty and followup_needed is false. Do not generate a question. Do not penalize style or request information outside the target. Write missing_points in Swahili.
Keep missing_points concise.
One JSON object only; no markdown or generated question.
INPUT:
Lengo la jibu: kama FAW iliathiri mazao, na maelezo ya athari hiyo (upotevu wa mavuno, aina ya uharibifu, n.k.).
Question: Je, minyoo ya majani (Fall Armyworm) imewahi kuathiri mahindi yako? Ikiwa ndiyo, iliathiri vipi mazao yako?
Original answer: Minyoo ya majani iliathiri mahindi yangu.
Answered followup pairs:
2026-09-09T18:21:18.270Z D/SLM [slm-jni] initializeIfNeeded: model='gemma-3n-E4B-it' image=false audio=false
2026-09-09T18:21:18.271Z D/LiteRtLM [slm-jni] initializeIfNeeded: warm runtime already ready: key='gemma-3n-E4B-it|/data/user/0/com.negi.survey/files/models/gemma-3n-E4B-it-int4.litertlm'
2026-09-09T18:21:18.271Z D/LiteRtRepository [DefaultDispatcher-worker-1] [1] initializeIfNeeded ok initMs=3
2026-09-09T18:21:18.272Z D/SLM [slm-jni] runInference: model='gemma-3n-E4B-it' textLen=1155 images=0 audio=0
2026-09-09T18:21:18.275Z D/LiteRtLM [DefaultDispatcher-worker-1] state[run:start] key='gemma-3n-E4B-it|/data/user/0/com.negi.survey/files/models/gemma-3n-E4B-it-int4.litertlm' runId=1 active=true terminated=false logicalDone=false cancel=false pendingCancel=false lastMsgAt=2258790754 lastTermAt=0
2026-09-09T18:21:18.275Z D/LiteRtLM [DefaultDispatcher-worker-1] runInference start: key='gemma-3n-E4B-it|/data/user/0/com.negi.survey/files/models/gemma-3n-E4B-it-int4.litertlm' runId=1 hasText=true originalTextLen=1155 effectiveTextLen=1155 images=0 audioClips=0
2026-09-09T18:21:18.275Z D/LiteRtLM [DefaultDispatcher-worker-1] LiteRT-LM sendMessageAsync(text): key='gemma-3n-E4B-it|/data/user/0/com.negi.survey/files/models/gemma-3n-E4B-it-int4.litertlm' runId=1 len=1155 maxOutputTokens=64
2026-09-09T18:21:18.280Z D/LiteRtLM [DefaultDispatcher-worker-1] sendMessageAsync accepted: key='gemma-3n-E4B-it|/data/user/0/com.negi.survey/files/models/gemma-3n-E4B-it-int4.litertlm' runId=1 dispatchMs=5
2026-09-09T18:21:21.590Z W/LiteRtLM [Thread-5] Inference first output: key='gemma-3n-E4B-it|/data/user/0/com.negi.survey/files/models/gemma-3n-E4B-it-int4.litertlm' runId=1 ttftMs=3314 dispatchMs=5 postDispatchTtftMs=3309 requestToFirstOutputMs=3316
2026-09-09T18:21:21.590Z D/LiteRtLM [Thread-5] stream[key=gemma-3n-E4B-it|/data/user/0/com.negi.survey/files/models/gemma-3n-E4B-it-int4.litertlm runId=1] msg#1 rawChunkLen=7 deltaLen=7 emittedChars=7
2026-09-09T18:21:21.592Z D/AiViewModel [DefaultDispatcher-worker-1] run[1] chunk[1].preview='```json'
2026-09-09T18:21:21.592Z D/LiteRtRepository [main] stream[rid=1 msg#1] done=false deltaLen=7 outLen=7 outPreview='```json' deltaPreview='```json'
2026-09-09T18:21:21.758Z D/AiViewModel [DefaultDispatcher-worker-1] run[1] chunk[2].preview='↩'
2026-09-09T18:21:21.913Z D/AiViewModel [DefaultDispatcher-worker-1] run[1] chunk[3].preview='{"'
2026-09-09T18:21:22.073Z D/AiViewModel [DefaultDispatcher-worker-1] run[1] chunk[4].preview='score'
2026-09-09T18:21:22.231Z D/AiViewModel [DefaultDispatcher-worker-1] run[1] chunk[5].preview='":'
2026-09-09T18:21:22.389Z D/AiViewModel [DefaultDispatcher-worker-1] run[1] chunk[6].preview='␠'
2026-09-09T18:21:22.544Z D/AiViewModel [DefaultDispatcher-worker-1] run[1] chunk[7].preview='9'
2026-09-09T18:21:22.704Z D/LiteRtRepository [main] stream[rid=1 msg#8] done=false deltaLen=1 outLen=20 outPreview='```json\n{"score": 95' deltaPreview='5'
2026-09-09T18:21:22.704Z D/AiViewModel [DefaultDispatcher-worker-1] run[1] chunk[8].preview='5'
2026-09-09T18:21:22.862Z D/AiViewModel [DefaultDispatcher-worker-1] run[1] chunk[9].preview=','
2026-09-09T18:21:23.025Z D/AiViewModel [DefaultDispatcher-worker-1] run[1] chunk[10].preview='␠"'
2026-09-09T18:21:23.183Z D/AiViewModel [DefaultDispatcher-worker-1] run[1] chunk[11].preview='missing'
2026-09-09T18:21:23.341Z D/AiViewModel [DefaultDispatcher-worker-1] run[1] chunk[12].preview='_'
2026-09-09T18:21:23.503Z D/AiViewModel [DefaultDispatcher-worker-2] run[1] chunk[13].preview='points'
2026-09-09T18:21:23.664Z D/AiViewModel [DefaultDispatcher-worker-2] run[1] chunk[14].preview='":[],'
2026-09-09T18:21:23.818Z D/AiViewModel [DefaultDispatcher-worker-2] run[1] chunk[15].preview='␠"'
2026-09-09T18:21:23.974Z D/LiteRtLM [Thread-20] stream[key=gemma-3n-E4B-it|/data/user/0/com.negi.survey/files/models/gemma-3n-E4B-it-int4.litertlm runId=1] msg#16 rawChunkLen=6 deltaLen=6 emittedChars=50
2026-09-09T18:21:23.975Z D/LiteRtRepository [main] stream[rid=1 msg#16] done=false deltaLen=6 outLen=50 outPreview='```json\n{"score": 95, "missing_points":[], "follow' deltaPreview='follow'
2026-09-09T18:21:23.976Z D/AiViewModel [DefaultDispatcher-worker-2] run[1] chunk[16].preview='follow'
2026-09-09T18:21:24.140Z D/AiViewModel [DefaultDispatcher-worker-2] run[1] chunk[17].preview='up'
2026-09-09T18:21:24.299Z D/AiViewModel [DefaultDispatcher-worker-2] run[1] chunk[18].preview='_'
2026-09-09T18:21:24.459Z D/AiViewModel [DefaultDispatcher-worker-2] run[1] chunk[19].preview='needed'
2026-09-09T18:21:24.622Z D/AiViewModel [DefaultDispatcher-worker-2] run[1] chunk[20].preview='":'
2026-09-09T18:21:24.781Z D/AiViewModel [DefaultDispatcher-worker-2] run[1] chunk[21].preview='false'
2026-09-09T18:21:24.941Z D/AiViewModel [DefaultDispatcher-worker-2] run[1] chunk[22].preview='}'
2026-09-09T18:21:25.101Z D/AiViewModel [DefaultDispatcher-worker-2] run[1] chunk[23].preview='↩'
2026-09-09T18:21:25.418Z D/LiteRtRepository [main] stream[rid=1 msg#24] done=false deltaLen=3 outLen=71 outPreview='```json\n{"score": 95, "missing_points":[], "followup_needed":false}\n```' deltaPreview='```'
2026-09-09T18:21:25.419Z D/AiViewModel [DefaultDispatcher-worker-2] run[1] chunk[24].preview='```'
2026-09-09T18:21:25.419Z D/LiteRtLM [Thread-29] state[logicalDone] key='gemma-3n-E4B-it|/data/user/0/com.negi.survey/files/models/gemma-3n-E4B-it-int4.litertlm' runId=1 active=true terminated=true logicalDone=true cancel=false pendingCancel=false lastMsgAt=2258797897 lastTermAt=2258797898
2026-09-09T18:21:25.420Z D/LiteRtLM [Thread-29] state[nativeDone:beforeRelease] key='gemma-3n-E4B-it|/data/user/0/com.negi.survey/files/models/gemma-3n-E4B-it-int4.litertlm' runId=1 active=true terminated=true logicalDone=true cancel=false pendingCancel=false lastMsgAt=2258797897 lastTermAt=2258797898
2026-09-09T18:21:25.421Z W/LiteRtLM [Thread-29] Inference timing: key='gemma-3n-E4B-it|/data/user/0/com.negi.survey/files/models/gemma-3n-E4B-it-int4.litertlm' runId=1 ttftMs=3314 dispatchMs=5 postDispatchTtftMs=3309 totalMs=7143 callbacks=24 outputChars=71 cancelled=false error=false requestTotalMs=7145
2026-09-09T18:21:25.423Z D/LiteRtRepository [main] [1] logical done=true; responseClosed=true; waiting native cleanup
2026-09-09T18:21:25.424Z D/LiteRtRepository [main] [1] native cleanup safepoint
2026-09-09T18:21:25.427Z D/AiViewModel [DefaultDispatcher-worker-4] run[1] stats: chunks=24, chars=71, raw.len=71
2026-09-09T18:21:25.428Z D/SLM [slm-jni] resetConversationAndWait: model='gemma-3n-E4B-it' image=false audio=false
2026-09-09T18:21:25.433Z D/AiViewModel [DefaultDispatcher-worker-4] run[1] sha(raw)=8796f6b565aeb34570e69b779054fad0063a34bf89177d9528932154c1fa859e
2026-09-09T18:21:25.434Z D/AiViewModel [DefaultDispatcher-worker-4] run[1] rawVisible='```json↩{"score":␠95,␠"missing_points":[],␠"followup_needed":false}↩```'
2026-09-09T18:21:25.449Z D/LiteRtRepository [DefaultDispatcher-worker-3] [1] Conversation reset completed after safepoint
2026-09-09T18:21:25.450Z D/LiteRtRepository [DefaultDispatcher-worker-3] [part=000] [1] FINALIZE: native-terminated
=== AI TRACE STATS (LiteRtRepository) ===
rid=1 model='gemma-3n-E4B-it' reason=native-terminated
totalMs=7183 inferenceMs=7178 firstTokenMs=3319
logicalDone=true logicalDoneAt=2258797901
nativeTerminated=true cancelTag='null'
lastDeltaMsAgo=32 lastEventMsAgo=25
chunks=24 emittedChars=71 capturedAll=true out.len=71
=== OUTPUT (FULL) ===
```json
{"score": 95, "missing_points":[], "followup_needed":false}
```
2026-09-09T18:21:25.450Z D/AiViewModel [DefaultDispatcher-worker-4] run[1]: EVAL_JSON parsed score=95 followups=0 fu0=''
2026-09-09T18:21:25.450Z D/AiViewModel [DefaultDispatcher-worker-4] stepHistory+ runId=1 phase=EVAL mode=EVAL_JSON raw.len=71 score=95 FU=0 FU0='<none>' timeout=false err=null
2026-09-09T18:21:25.450Z I/AiViewModel [DefaultDispatcher-worker-4] run[1] done: phase=EVAL mode=EVAL_JSON score=95 FU0.len=0 FU0.sha16=none commit=true err=<none>
2026-09-09T18:21:25.450Z I/FullTextOut [DefaultDispatcher-worker-4] [part=000] run[1]: RawTextOut
```json
{"score": 95, "missing_points":[], "followup_needed":false}
```
2026-09-09T18:21:25.455Z D/AiViewModel [DefaultDispatcher-worker-4] chain2: step2 skipped (score=95, followups=0, timedOut=false, rawPreview='```json↩{"score":␠95,␠"missing_points":[],␠"followup_needed":false}↩```')
2026-09-09T18:21:25.461Z D/SLM [Instr: androidx.test.runner.AndroidJUnitRunner] cancel: model='gemma-3n-E4B-it'
2026-09-09T18:21:26.241Z D/SLM [Instr: androidx.test.runner.AndroidJUnitRunner] forceCleanUp: model='gemma-3n-E4B-it'
