=== RuntimeLogStore Header ===
ts=2026-09-09T18:23:09.578Z
fileNameFormat=LEGACY
appId=com.negi.survey
versionName=0.0.1
versionCode=1
debug=true
device=Google Pixel 9a
sdk=36
pid=5134
==============================
2026-09-09T18:23:09.580Z I/RuntimeLogStore [rtlog-io] start: actor launched (fileNameFormat=LEGACY)
2026-09-09T18:23:09.519Z D/SurveyApp [main] attachBaseContext: pid=5134 process=com.negi.survey isMain=true sdk=36
2026-09-09T18:23:09.520Z D/SurveyApp [main] bootTiming: attachBaseContext total=68ms
2026-09-09T18:23:09.520Z D/SurveyApp [main] Skipping WorkManager init in attachBaseContext; will init lazily on first enqueue.
2026-09-09T18:23:09.524Z D/SurveyApp [main] CrashCapture installed: where=SurveyApp:attachBaseContext
2026-09-09T18:23:09.776Z W/SurveyApp [main] Diagnostic upload work cancelled by instrumentation argument.
2026-09-09T18:23:09.778Z I/RuntimeLogStore [main] start repair: ctx/dir refreshed
2026-09-09T18:23:09.779Z D/SurveyApp [main] bootTiming: RuntimeLogStore.start took=1ms
2026-09-09T18:23:09.779Z D/SurveyApp [main] bootTiming: AppRingLogStore.install took=0ms
2026-09-09T18:23:09.780Z D/SurveyApp [main] onCreate: pid=5134 process=com.negi.survey isMain=true sdk=36
2026-09-09T18:23:09.818Z D/SurveyApp [main] CrashCapture installed: where=SurveyApp:onCreate(rewrap)
2026-09-09T18:23:09.819Z D/SurveyApp [main] CrashCapture self-healing registered.
2026-09-09T18:23:09.820Z W/SurveyApp [main] Startup diagnostic upload scheduling disabled by instrumentation argument.
2026-09-09T18:23:09.820Z D/SurveyApp [main] bootTiming: onCreate total=228ms
2026-09-09T18:23:09.869Z I/RuntimeLogStore [DefaultDispatcher-worker-2] start repair: ctx/dir refreshed
2026-09-09T18:23:10.857Z D/SLM [Instr: androidx.test.runner.AndroidJUnitRunner] initializeIfNeeded: model='gemma-3n-E4B-it' image=false audio=false
2026-09-09T18:23:10.866Z D/LiteRtLM [DefaultDispatcher-worker-2] Initializing LiteRT-LM: model='gemma-3n-E4B-it', key='gemma-3n-E4B-it|/data/user/0/com.negi.survey/files/models/gemma-3n-E4B-it-int4.litertlm'
2026-09-09T18:23:10.868Z D/LiteRtLM [DefaultDispatcher-worker-2] Capabilities: image=false audio=false
2026-09-09T18:23:10.869Z D/LiteRtLM [DefaultDispatcher-worker-2] Backend=com.google.ai.edge.litertlm.Backend$GPU@a16b0e6 maxNumTokens=4096 (raw=4096) topK=64 topP=0.95 temp=1.0
2026-09-09T18:23:10.869Z D/LiteRtLM [DefaultDispatcher-worker-2] Model path='/data/user/0/com.negi.survey/files/models/gemma-3n-E4B-it-int4.litertlm' sizeBytes=4919541760 lastModified=1788913652575
2026-09-09T18:23:10.870Z W/LiteRtLM [DefaultDispatcher-worker-2] Large maxNumTokens=4096 requested. This increases KV-cache capacity and memory pressure. For short survey JSON/follow-up generation, validate whether a smaller configured value is sufficient.
2026-09-09T18:23:10.871Z D/LiteRtLM [DefaultDispatcher-worker-2] LiteRT-LM native benchmark policy: enabled=false emulator=false
2026-09-09T18:23:10.872Z D/LiteRtLM [DefaultDispatcher-worker-2] Speculative decoding / MTP policy: enabled=false runtimeFlagUpdated=true model='gemma-3n-E4B-it'
2026-09-09T18:23:10.875Z D/LiteRtLM [DefaultDispatcher-worker-2] Engine cacheDir resolved: key='gemma-3n-E4B-it|/data/user/0/com.negi.survey/files/models/gemma-3n-E4B-it-int4.litertlm' backend=com.google.ai.edge.litertlm.Backend$GPU@a16b0e6 path='/data/user/0/com.negi.survey/no_backup/litertlm_cache/8b58dd5e854e5353723e4360d401cf7d199b6f10' filesBefore=2
2026-09-09T18:23:17.852Z W/LiteRtLM [DefaultDispatcher-worker-2] Engine.initialize completed: key='gemma-3n-E4B-it|/data/user/0/com.negi.survey/files/models/gemma-3n-E4B-it-int4.litertlm' backend=com.google.ai.edge.litertlm.Backend$GPU@a16b0e6 took=6975ms cacheFilesAfter=2
2026-09-09T18:23:17.871Z D/LiteRtLM [DefaultDispatcher-worker-2] createConversation completed: key='gemma-3n-E4B-it|/data/user/0/com.negi.survey/files/models/gemma-3n-E4B-it-int4.litertlm' took=18ms
2026-09-09T18:23:17.872Z D/LiteRtLM [DefaultDispatcher-worker-2] LiteRT-LM initialization succeeded: model='gemma-3n-E4B-it', key='gemma-3n-E4B-it|/data/user/0/com.negi.survey/files/models/gemma-3n-E4B-it-int4.litertlm' engineMs=6975 conversationMs=18 totalMs=7008
2026-09-09T18:23:17.875Z D/AiTrace [Instr: androidx.test.runner.AndroidJUnitRunner] Installed (enabled=true ringEnabled=true)
2026-09-09T18:23:17.990Z D/SurveyVM [main] init -> Start, session=0, uuid=8defbfab-05ce-45f3-8eda-377db3043764, navSize=1, graphSize=20
2026-09-09T18:23:17.996Z D/SurveyVM [main] config.validate -> issues=0
2026-09-09T18:23:17.996Z D/SurveyVM [main] promptSources -> legacy=10, eval=0, follow=0
2026-09-09T18:23:17.996Z D/SurveyVM [main] promptSources.preview -> legacy=[Q10, Q11, Q12, Q13, Q14, Q15, Q16, Q17, Q8, Q9], eval=[], follow=[]
2026-09-09T18:23:17.996Z D/SurveyVM [main] hasTwoStepPrompt[Q10] -> true (eval=169, fu=194)
2026-09-09T18:23:17.996Z D/SurveyVM [main] hasTwoStepPrompt[Q11] -> true (eval=179, fu=204)
2026-09-09T18:23:17.996Z D/SurveyVM [main] hasTwoStepPrompt[Q12] -> true (eval=171, fu=196)
2026-09-09T18:23:17.997Z D/SurveyVM [main] hasTwoStepPrompt[Q13] -> true (eval=159, fu=184)
2026-09-09T18:23:17.997Z D/SurveyVM [main] hasTwoStepPrompt[Q14] -> true (eval=209, fu=234)
2026-09-09T18:23:17.997Z D/SurveyVM [main] hasTwoStepPrompt[Q15] -> true (eval=150, fu=175)
2026-09-09T18:23:17.997Z D/SurveyVM [main] hasTwoStepPrompt[Q16] -> true (eval=167, fu=192)
2026-09-09T18:23:17.997Z D/SurveyVM [main] hasTwoStepPrompt[Q17] -> true (eval=194, fu=219)
2026-09-09T18:23:17.997Z D/SurveyVM [main] hasTwoStepPrompt[Q8] -> true (eval=200, fu=225)
2026-09-09T18:23:17.997Z D/SurveyVM [main] hasTwoStepPrompt[Q9] -> true (eval=186, fu=211)
2026-09-09T18:23:17.997Z D/SurveyVM [main] AI prompt coverage OK (aiCount=10)
2026-09-09T18:23:18.006Z D/SurveyVM [main] hasTwoStepPrompt[Q8] -> true (eval=200, fu=225)
2026-09-09T18:23:18.418Z D/SurveyVM [main] resetAudioRefs -> cleared
2026-09-09T18:23:18.419Z D/SurveyVM [main] resetNavToStart -> key=com.negi.survey.vm.FlowHome@e223356, navSize=1
2026-09-09T18:23:18.420Z D/SurveyVM [main] resetToStart -> Start, session=1, uuid=c4256a83-4337-4125-b6ca-74eb70cb15d8, preserveDraft=false, draftLen=0
2026-09-09T18:23:18.420Z D/SurveyVM [main] activateRunIfNeeded(goto:Q8) -> runNoteLen=0, draftCleared=true, uuid=c4256a83-4337-4125-b6ca-74eb70cb15d8
2026-09-09T18:23:18.420Z D/SurveyVM [main] push -> Q8, navSize=2, stackSize=2
2026-09-09T18:23:18.424Z D/SurveyVM [main] hasTwoStepPrompt[Q8] -> true (eval=200, fu=225)
2026-09-09T18:23:18.453Z D/SurveyVM [Instr: androidx.test.runner.AndroidJUnitRunner] hasTwoStepPrompt[Q8] -> true (eval=200, fu=225)
2026-09-09T18:23:19.198Z D/SurveyVM [main] getEvalPrompt[Q8] -> len=315
2026-09-09T18:23:19.200Z D/AiViewModel [DefaultDispatcher-worker-2] run[1]: mode=EVAL_JSON phase=EVAL commit=true prompt.len=314, fullPrompt.len=1155, timeoutMs=60000
2026-09-09T18:23:19.207Z D/AiViewModel [DefaultDispatcher-worker-2] run[1]: sha(prompt)=959df7ae87bc8a5172eb3c99a7edc8dcbdfc777705f157ebd4f8044f1f1a425f sha(full)=3e4d28d1c7af21450498ee68478d5dbe8ca7dcff54af7f013a0e1009abd2d203
2026-09-09T18:23:19.208Z I/FullPromptReview [DefaultDispatcher-worker-2] [part=000] run[1]: phase=EVAL FullPrompt
Evaluate only the original survey target using all supplied answers.
Return only compact JSON {"score":N,"missing_points":[],"followup_needed":false}. N must be an integer 1-100 for relevance, completeness and accuracy against the original target. Evaluate the original answer and all answered followup pairs together. Score 90-100 only when all target-required information is satisfied; otherwise score below 90. For score below 90, missing_points must contain the specific missing or ambiguous target-required information and followup_needed must be true. Otherwise missing_points is empty and followup_needed is false. Do not generate a question. Do not penalize style or request information outside the target. Write missing_points in Swahili.
Keep missing_points concise.
One JSON object only; no markdown or generated question.
INPUT:
Lengo la jibu: kama FAW iliathiri mazao, na maelezo ya athari hiyo (upotevu wa mavuno, aina ya uharibifu, n.k.).
Question: Je, minyoo ya majani (Fall Armyworm) imewahi kuathiri mahindi yako? Ikiwa ndiyo, iliathiri vipi mazao yako?
Original answer: Minyoo ya majani iliathiri mahindi yangu.
Answered followup pairs:
2026-09-09T18:23:19.230Z D/LiteRtRepository [DefaultDispatcher-worker-2] [1] request start model='gemma-3n-E4B-it' prompt.len=1155 sha=3e4d28d1c7af2145 gateWaitMs=13
2026-09-09T18:23:19.231Z D/LiteRtRepository [DefaultDispatcher-worker-2] [part=000] [1] PROMPT (FULL) sha=3e4d28d1c7af2145
Evaluate only the original survey target using all supplied answers.
Return only compact JSON {"score":N,"missing_points":[],"followup_needed":false}. N must be an integer 1-100 for relevance, completeness and accuracy against the original target. Evaluate the original answer and all answered followup pairs together. Score 90-100 only when all target-required information is satisfied; otherwise score below 90. For score below 90, missing_points must contain the specific missing or ambiguous target-required information and followup_needed must be true. Otherwise missing_points is empty and followup_needed is false. Do not generate a question. Do not penalize style or request information outside the target. Write missing_points in Swahili.
Keep missing_points concise.
One JSON object only; no markdown or generated question.
INPUT:
Lengo la jibu: kama FAW iliathiri mazao, na maelezo ya athari hiyo (upotevu wa mavuno, aina ya uharibifu, n.k.).
Question: Je, minyoo ya majani (Fall Armyworm) imewahi kuathiri mahindi yako? Ikiwa ndiyo, iliathiri vipi mazao yako?
Original answer: Minyoo ya majani iliathiri mahindi yangu.
Answered followup pairs:
2026-09-09T18:23:19.232Z D/SLM [slm-jni] initializeIfNeeded: model='gemma-3n-E4B-it' image=false audio=false
2026-09-09T18:23:19.232Z D/LiteRtLM [slm-jni] initializeIfNeeded: warm runtime already ready: key='gemma-3n-E4B-it|/data/user/0/com.negi.survey/files/models/gemma-3n-E4B-it-int4.litertlm'
2026-09-09T18:23:19.233Z D/LiteRtRepository [DefaultDispatcher-worker-2] [1] initializeIfNeeded ok initMs=2
2026-09-09T18:23:19.234Z D/SLM [slm-jni] runInference: model='gemma-3n-E4B-it' textLen=1155 images=0 audio=0
2026-09-09T18:23:19.237Z D/LiteRtLM [DefaultDispatcher-worker-2] state[run:start] key='gemma-3n-E4B-it|/data/user/0/com.negi.survey/files/models/gemma-3n-E4B-it-int4.litertlm' runId=1 active=true terminated=false logicalDone=false cancel=false pendingCancel=false lastMsgAt=2258911717 lastTermAt=0
2026-09-09T18:23:19.238Z D/LiteRtLM [DefaultDispatcher-worker-2] runInference start: key='gemma-3n-E4B-it|/data/user/0/com.negi.survey/files/models/gemma-3n-E4B-it-int4.litertlm' runId=1 hasText=true originalTextLen=1155 effectiveTextLen=1155 images=0 audioClips=0
2026-09-09T18:23:19.239Z D/LiteRtLM [DefaultDispatcher-worker-2] LiteRT-LM sendMessageAsync(text): key='gemma-3n-E4B-it|/data/user/0/com.negi.survey/files/models/gemma-3n-E4B-it-int4.litertlm' runId=1 len=1155 maxOutputTokens=64
2026-09-09T18:23:19.247Z D/LiteRtLM [DefaultDispatcher-worker-2] sendMessageAsync accepted: key='gemma-3n-E4B-it|/data/user/0/com.negi.survey/files/models/gemma-3n-E4B-it-int4.litertlm' runId=1 dispatchMs=10
2026-09-09T18:23:22.536Z W/LiteRtLM [Thread-5] Inference first output: key='gemma-3n-E4B-it|/data/user/0/com.negi.survey/files/models/gemma-3n-E4B-it-int4.litertlm' runId=1 ttftMs=3298 dispatchMs=10 postDispatchTtftMs=3288 requestToFirstOutputMs=3301
2026-09-09T18:23:22.536Z D/LiteRtLM [Thread-5] stream[key=gemma-3n-E4B-it|/data/user/0/com.negi.survey/files/models/gemma-3n-E4B-it-int4.litertlm runId=1] msg#1 rawChunkLen=7 deltaLen=7 emittedChars=7
2026-09-09T18:23:22.537Z D/LiteRtRepository [main] stream[rid=1 msg#1] done=false deltaLen=7 outLen=7 outPreview='```json' deltaPreview='```json'
2026-09-09T18:23:22.538Z D/AiViewModel [DefaultDispatcher-worker-2] run[1] chunk[1].preview='```json'
2026-09-09T18:23:22.701Z D/AiViewModel [DefaultDispatcher-worker-2] run[1] chunk[2].preview='↩'
2026-09-09T18:23:22.859Z D/AiViewModel [DefaultDispatcher-worker-2] run[1] chunk[3].preview='{"'
2026-09-09T18:23:23.021Z D/AiViewModel [DefaultDispatcher-worker-2] run[1] chunk[4].preview='score'
2026-09-09T18:23:23.183Z D/AiViewModel [DefaultDispatcher-worker-2] run[1] chunk[5].preview='":'
2026-09-09T18:23:23.341Z D/AiViewModel [DefaultDispatcher-worker-2] run[1] chunk[6].preview='␠'
2026-09-09T18:23:23.501Z D/AiViewModel [DefaultDispatcher-worker-2] run[1] chunk[7].preview='9'
2026-09-09T18:23:23.660Z D/LiteRtRepository [main] stream[rid=1 msg#8] done=false deltaLen=1 outLen=20 outPreview='```json\n{"score": 95' deltaPreview='5'
2026-09-09T18:23:23.660Z D/AiViewModel [DefaultDispatcher-worker-2] run[1] chunk[8].preview='5'
2026-09-09T18:23:23.830Z D/AiViewModel [DefaultDispatcher-worker-2] run[1] chunk[9].preview=','
2026-09-09T18:23:23.991Z D/AiViewModel [DefaultDispatcher-worker-2] run[1] chunk[10].preview='␠"'
2026-09-09T18:23:24.155Z D/AiViewModel [DefaultDispatcher-worker-2] run[1] chunk[11].preview='missing'
2026-09-09T18:23:24.314Z D/AiViewModel [DefaultDispatcher-worker-2] run[1] chunk[12].preview='_'
2026-09-09T18:23:24.477Z D/AiViewModel [DefaultDispatcher-worker-2] run[1] chunk[13].preview='points'
2026-09-09T18:23:24.637Z D/AiViewModel [DefaultDispatcher-worker-2] run[1] chunk[14].preview='":[],'
2026-09-09T18:23:24.795Z D/AiViewModel [DefaultDispatcher-worker-2] run[1] chunk[15].preview='␠"'
2026-09-09T18:23:24.951Z D/LiteRtLM [Thread-20] stream[key=gemma-3n-E4B-it|/data/user/0/com.negi.survey/files/models/gemma-3n-E4B-it-int4.litertlm runId=1] msg#16 rawChunkLen=6 deltaLen=6 emittedChars=50
2026-09-09T18:23:24.952Z D/LiteRtRepository [main] stream[rid=1 msg#16] done=false deltaLen=6 outLen=50 outPreview='```json\n{"score": 95, "missing_points":[], "follow' deltaPreview='follow'
2026-09-09T18:23:24.953Z D/AiViewModel [DefaultDispatcher-worker-2] run[1] chunk[16].preview='follow'
2026-09-09T18:23:25.113Z D/AiViewModel [DefaultDispatcher-worker-2] run[1] chunk[17].preview='up'
2026-09-09T18:23:25.268Z D/AiViewModel [DefaultDispatcher-worker-2] run[1] chunk[18].preview='_'
2026-09-09T18:23:25.426Z D/AiViewModel [DefaultDispatcher-worker-2] run[1] chunk[19].preview='needed'
2026-09-09T18:23:25.588Z D/AiViewModel [DefaultDispatcher-worker-2] run[1] chunk[20].preview='":'
2026-09-09T18:23:25.746Z D/AiViewModel [DefaultDispatcher-worker-2] run[1] chunk[21].preview='false'
2026-09-09T18:23:25.907Z D/AiViewModel [DefaultDispatcher-worker-2] run[1] chunk[22].preview='}'
2026-09-09T18:23:26.064Z D/AiViewModel [DefaultDispatcher-worker-2] run[1] chunk[23].preview='↩'
2026-09-09T18:23:26.394Z D/LiteRtRepository [main] stream[rid=1 msg#24] done=false deltaLen=3 outLen=71 outPreview='```json\n{"score": 95, "missing_points":[], "followup_needed":false}\n```' deltaPreview='```'
2026-09-09T18:23:26.394Z D/LiteRtLM [Thread-29] state[logicalDone] key='gemma-3n-E4B-it|/data/user/0/com.negi.survey/files/models/gemma-3n-E4B-it-int4.litertlm' runId=1 active=true terminated=true logicalDone=true cancel=false pendingCancel=false lastMsgAt=2258918872 lastTermAt=2258918873
2026-09-09T18:23:26.394Z D/AiViewModel [DefaultDispatcher-worker-2] run[1] chunk[24].preview='```'
2026-09-09T18:23:26.395Z D/LiteRtLM [Thread-29] state[nativeDone:beforeRelease] key='gemma-3n-E4B-it|/data/user/0/com.negi.survey/files/models/gemma-3n-E4B-it-int4.litertlm' runId=1 active=true terminated=true logicalDone=true cancel=false pendingCancel=false lastMsgAt=2258918872 lastTermAt=2258918873
2026-09-09T18:23:26.396Z W/LiteRtLM [Thread-29] Inference timing: key='gemma-3n-E4B-it|/data/user/0/com.negi.survey/files/models/gemma-3n-E4B-it-int4.litertlm' runId=1 ttftMs=3298 dispatchMs=10 postDispatchTtftMs=3288 totalMs=7156 callbacks=24 outputChars=71 cancelled=false error=false requestTotalMs=7159
2026-09-09T18:23:26.400Z D/LiteRtRepository [main] [1] logical done=true; responseClosed=true; waiting native cleanup
2026-09-09T18:23:26.402Z D/LiteRtRepository [main] [1] native cleanup safepoint
2026-09-09T18:23:26.402Z D/AiViewModel [DefaultDispatcher-worker-5] run[1] stats: chunks=24, chars=71, raw.len=71
2026-09-09T18:23:26.406Z D/AiViewModel [DefaultDispatcher-worker-5] run[1] sha(raw)=8796f6b565aeb34570e69b779054fad0063a34bf89177d9528932154c1fa859e
2026-09-09T18:23:26.406Z D/SLM [slm-jni] resetConversationAndWait: model='gemma-3n-E4B-it' image=false audio=false
2026-09-09T18:23:26.407Z D/AiViewModel [DefaultDispatcher-worker-5] run[1] rawVisible='```json↩{"score":␠95,␠"missing_points":[],␠"followup_needed":false}↩```'
2026-09-09T18:23:26.426Z D/AiViewModel [DefaultDispatcher-worker-5] run[1]: EVAL_JSON parsed score=95 followups=0 fu0=''
2026-09-09T18:23:26.426Z D/AiViewModel [DefaultDispatcher-worker-5] stepHistory+ runId=1 phase=EVAL mode=EVAL_JSON raw.len=71 score=95 FU=0 FU0='<none>' timeout=false err=null
2026-09-09T18:23:26.426Z I/AiViewModel [DefaultDispatcher-worker-5] run[1] done: phase=EVAL mode=EVAL_JSON score=95 FU0.len=0 FU0.sha16=none commit=true err=<none>
2026-09-09T18:23:26.427Z I/FullTextOut [DefaultDispatcher-worker-5] [part=000] run[1]: RawTextOut
```json
{"score": 95, "missing_points":[], "followup_needed":false}
```
2026-09-09T18:23:26.430Z D/AiViewModel [DefaultDispatcher-worker-5] chain2: step2 skipped (score=95, followups=0, timedOut=false, rawPreview='```json↩{"score":␠95,␠"missing_points":[],␠"followup_needed":false}↩```')
2026-09-09T18:23:26.434Z D/LiteRtRepository [DefaultDispatcher-worker-1] [1] Conversation reset completed after safepoint
2026-09-09T18:23:26.436Z D/LiteRtRepository [DefaultDispatcher-worker-2] [part=000] [1] FINALIZE: native-terminated
=== AI TRACE STATS (LiteRtRepository) ===
rid=1 model='gemma-3n-E4B-it' reason=native-terminated
totalMs=7206 inferenceMs=7202 firstTokenMs=3303
logicalDone=true logicalDoneAt=2258918876
nativeTerminated=true cancelTag='null'
lastDeltaMsAgo=43 lastEventMsAgo=34
chunks=24 emittedChars=71 capturedAll=true out.len=71
=== OUTPUT (FULL) ===
```json
{"score": 95, "missing_points":[], "followup_needed":false}
```
2026-09-09T18:23:26.498Z D/SLM [Instr: androidx.test.runner.AndroidJUnitRunner] cancel: model='gemma-3n-E4B-it'
2026-09-09T18:23:27.207Z D/SLM [Instr: androidx.test.runner.AndroidJUnitRunner] forceCleanUp: model='gemma-3n-E4B-it'
