=== RuntimeLogStore Header ===
ts=2026-09-09T18:09:09.570Z
fileNameFormat=LEGACY
appId=com.negi.survey
versionName=0.0.1
versionCode=1
debug=true
device=Google Pixel 9a
sdk=36
pid=2979
==============================
2026-09-09T18:09:09.572Z I/RuntimeLogStore [rtlog-io] start: actor launched (fileNameFormat=LEGACY)
2026-09-09T18:09:09.565Z D/SurveyApp [main] attachBaseContext: pid=2979 process=com.negi.survey isMain=true sdk=36
2026-09-09T18:09:09.565Z D/SurveyApp [main] bootTiming: attachBaseContext total=68ms
2026-09-09T18:09:09.566Z D/SurveyApp [main] Skipping WorkManager init in attachBaseContext; will init lazily on first enqueue.
2026-09-09T18:09:09.569Z D/SurveyApp [main] CrashCapture installed: where=SurveyApp:attachBaseContext
2026-09-09T18:09:09.861Z W/SurveyApp [main] Diagnostic upload work cancelled by instrumentation argument.
2026-09-09T18:09:09.863Z I/RuntimeLogStore [main] start repair: ctx/dir refreshed
2026-09-09T18:09:09.864Z D/SurveyApp [main] bootTiming: RuntimeLogStore.start took=2ms
2026-09-09T18:09:09.864Z D/SurveyApp [main] bootTiming: AppRingLogStore.install took=0ms
2026-09-09T18:09:09.865Z D/SurveyApp [main] onCreate: pid=2979 process=com.negi.survey isMain=true sdk=36
2026-09-09T18:09:09.901Z D/SurveyApp [main] CrashCapture installed: where=SurveyApp:onCreate(rewrap)
2026-09-09T18:09:09.902Z D/SurveyApp [main] CrashCapture self-healing registered.
2026-09-09T18:09:09.902Z W/SurveyApp [main] Startup diagnostic upload scheduling disabled by instrumentation argument.
2026-09-09T18:09:09.903Z D/SurveyApp [main] bootTiming: onCreate total=294ms
2026-09-09T18:09:09.957Z I/RuntimeLogStore [DefaultDispatcher-worker-1] start repair: ctx/dir refreshed
2026-09-09T18:09:10.862Z D/SLM [Instr: androidx.test.runner.AndroidJUnitRunner] initializeIfNeeded: model='gemma-3n-E4B-it' image=false audio=false
2026-09-09T18:09:10.870Z D/LiteRtLM [DefaultDispatcher-worker-1] Initializing LiteRT-LM: model='gemma-3n-E4B-it', key='gemma-3n-E4B-it|/data/user/0/com.negi.survey/files/models/gemma-3n-E4B-it-int4.litertlm'
2026-09-09T18:09:10.870Z D/LiteRtLM [DefaultDispatcher-worker-1] Capabilities: image=false audio=false
2026-09-09T18:09:10.871Z D/LiteRtLM [DefaultDispatcher-worker-1] Backend=com.google.ai.edge.litertlm.Backend$GPU@d739627 maxNumTokens=512 (raw=512) topK=1 topP=0.0 temp=0.0
2026-09-09T18:09:10.871Z D/LiteRtLM [DefaultDispatcher-worker-1] Model path='/data/user/0/com.negi.survey/files/models/gemma-3n-E4B-it-int4.litertlm' sizeBytes=4919541760 lastModified=1788913652575
2026-09-09T18:09:10.871Z D/LiteRtLM [DefaultDispatcher-worker-1] LiteRT-LM native benchmark policy: enabled=false emulator=false
2026-09-09T18:09:10.872Z D/LiteRtLM [DefaultDispatcher-worker-1] Speculative decoding / MTP policy: enabled=false runtimeFlagUpdated=true model='gemma-3n-E4B-it'
2026-09-09T18:09:10.875Z D/LiteRtLM [DefaultDispatcher-worker-1] Engine cacheDir resolved: key='gemma-3n-E4B-it|/data/user/0/com.negi.survey/files/models/gemma-3n-E4B-it-int4.litertlm' backend=com.google.ai.edge.litertlm.Backend$GPU@d739627 path='/data/user/0/com.negi.survey/no_backup/litertlm_cache/8b58dd5e854e5353723e4360d401cf7d199b6f10' filesBefore=2
2026-09-09T18:09:17.684Z W/LiteRtLM [DefaultDispatcher-worker-1] Engine.initialize completed: key='gemma-3n-E4B-it|/data/user/0/com.negi.survey/files/models/gemma-3n-E4B-it-int4.litertlm' backend=com.google.ai.edge.litertlm.Backend$GPU@d739627 took=6808ms cacheFilesAfter=2
2026-09-09T18:09:17.694Z D/LiteRtLM [DefaultDispatcher-worker-1] createConversation completed: key='gemma-3n-E4B-it|/data/user/0/com.negi.survey/files/models/gemma-3n-E4B-it-int4.litertlm' took=9ms
2026-09-09T18:09:17.694Z D/LiteRtLM [DefaultDispatcher-worker-1] LiteRT-LM initialization succeeded: model='gemma-3n-E4B-it', key='gemma-3n-E4B-it|/data/user/0/com.negi.survey/files/models/gemma-3n-E4B-it-int4.litertlm' engineMs=6808 conversationMs=9 totalMs=6825
2026-09-09T18:09:17.696Z D/AiTrace [Instr: androidx.test.runner.AndroidJUnitRunner] Installed (enabled=true ringEnabled=true)
2026-09-09T18:09:17.798Z D/SurveyVM [main] init -> Start, session=0, uuid=9736f894-4192-4ef2-9608-88b05e9c6cf5, navSize=1, graphSize=20
2026-09-09T18:09:17.804Z D/SurveyVM [main] config.validate -> issues=0
2026-09-09T18:09:17.804Z D/SurveyVM [main] promptSources -> legacy=10, eval=0, follow=0
2026-09-09T18:09:17.804Z D/SurveyVM [main] promptSources.preview -> legacy=[Q10, Q11, Q12, Q13, Q14, Q15, Q16, Q17, Q8, Q9], eval=[], follow=[]
2026-09-09T18:09:17.804Z D/SurveyVM [main] hasTwoStepPrompt[Q10] -> true (eval=195, fu=220)
2026-09-09T18:09:17.805Z D/SurveyVM [main] hasTwoStepPrompt[Q11] -> true (eval=219, fu=244)
2026-09-09T18:09:17.805Z D/SurveyVM [main] hasTwoStepPrompt[Q12] -> true (eval=229, fu=254)
2026-09-09T18:09:17.805Z D/SurveyVM [main] hasTwoStepPrompt[Q13] -> true (eval=184, fu=209)
2026-09-09T18:09:17.805Z D/SurveyVM [main] hasTwoStepPrompt[Q14] -> true (eval=221, fu=246)
2026-09-09T18:09:17.805Z D/SurveyVM [main] hasTwoStepPrompt[Q15] -> true (eval=160, fu=185)
2026-09-09T18:09:17.805Z D/SurveyVM [main] hasTwoStepPrompt[Q16] -> true (eval=185, fu=210)
2026-09-09T18:09:17.805Z D/SurveyVM [main] hasTwoStepPrompt[Q17] -> true (eval=200, fu=225)
2026-09-09T18:09:17.805Z D/SurveyVM [main] hasTwoStepPrompt[Q8] -> true (eval=248, fu=273)
2026-09-09T18:09:17.805Z D/SurveyVM [main] hasTwoStepPrompt[Q9] -> true (eval=190, fu=215)
2026-09-09T18:09:17.805Z D/SurveyVM [main] AI prompt coverage OK (aiCount=10)
2026-09-09T18:09:17.815Z D/SurveyVM [main] hasTwoStepPrompt[Q8] -> true (eval=248, fu=273)
2026-09-09T18:09:18.340Z D/SurveyVM [main] resetAudioRefs -> cleared
2026-09-09T18:09:18.340Z D/SurveyVM [main] resetNavToStart -> key=com.negi.survey.vm.FlowHome@3e39bad, navSize=1
2026-09-09T18:09:18.340Z D/SurveyVM [main] resetToStart -> Start, session=1, uuid=02822d31-ef8a-45eb-b278-89ad3d5e43cd, preserveDraft=false, draftLen=0
2026-09-09T18:09:18.340Z D/SurveyVM [main] activateRunIfNeeded(goto:Q8) -> runNoteLen=0, draftCleared=true, uuid=02822d31-ef8a-45eb-b278-89ad3d5e43cd
2026-09-09T18:09:18.340Z D/SurveyVM [main] push -> Q8, navSize=2, stackSize=2
2026-09-09T18:09:18.343Z D/SurveyVM [main] hasTwoStepPrompt[Q8] -> true (eval=248, fu=273)
2026-09-09T18:09:18.368Z D/SurveyVM [Instr: androidx.test.runner.AndroidJUnitRunner] hasTwoStepPrompt[Q8] -> true (eval=248, fu=273)
2026-09-09T18:09:19.101Z D/SurveyVM [main] getEvalPrompt[Q8] -> len=311
2026-09-09T18:09:19.103Z D/AiViewModel [DefaultDispatcher-worker-1] run[1]: mode=EVAL_JSON phase=EVAL commit=true prompt.len=310, fullPrompt.len=1899, timeoutMs=60000
2026-09-09T18:09:19.107Z D/AiViewModel [DefaultDispatcher-worker-1] run[1]: sha(prompt)=1a33b77b429760d41ebbf0274f6d6270e80053ea0a35722eee96b485a27049f8 sha(full)=3957c80fcf63db67577f57ebbbcf6421942e06f7262936160214cdf9055363dd
2026-09-09T18:09:19.107Z I/FullPromptReview [DefaultDispatcher-worker-1] [part=000] run[1]: phase=EVAL FullPrompt
Evaluate only the original survey target using all supplied answers.
Return only compact JSON {"score":N,"missing_points":[],"followup_needed":false}. N must be an integer 1-100 for relevance, completeness and accuracy against the original target. Evaluate the original answer and all answered followup pairs together. Separate relevance from completeness. An answer can discuss the right topic but still be incomplete. Score 90-100 only when the respondent explicitly provides every material component requested by the Expected answer target and Question. Do not infer missing details from general knowledge, plausibility, or a bare statement that an event occurred. A concise answer may be complete. A verbose or relevant answer that omits any material requested component must score below 90. For example, saying that an event occurred without describing its requested effect is incomplete. Consistency rule: if missing_points is non-empty or followup_needed is true, score must be an integer from 1 to 89. Scores 90-100 are allowed only when missing_points=[] and followup_needed=false. Never use score 90 as a borderline value when anything is missing. For any score below 90, missing_points must contain the specific missing or ambiguous target-required information and followup_needed must be true. Otherwise missing_points is empty and followup_needed is false. Do not generate a question. Do not penalize style or request information outside the target. Write missing_points in English.
Keep missing_points concise.
One JSON object only; no markdown or generated question.
INPUT:
Expected answer target: Whether FAW affected the crop and, if yes, at least one concrete description of its effect, such as yield loss or a type of crop damage.
Question: Has fall armyworm ever affected your maize? If yes, how did it affect your crop?
Original answer: Yes—leaf damage.
Answered followup pairs:
2026-09-09T18:09:19.111Z D/LiteRtRepository [DefaultDispatcher-worker-1] [1] request start model='gemma-3n-E4B-it' prompt.len=1899 sha=3957c80fcf63db67 gateWaitMs=3
2026-09-09T18:09:19.112Z D/LiteRtRepository [DefaultDispatcher-worker-1] [part=000] [1] PROMPT (FULL) sha=3957c80fcf63db67
Evaluate only the original survey target using all supplied answers.
Return only compact JSON {"score":N,"missing_points":[],"followup_needed":false}. N must be an integer 1-100 for relevance, completeness and accuracy against the original target. Evaluate the original answer and all answered followup pairs together. Separate relevance from completeness. An answer can discuss the right topic but still be incomplete. Score 90-100 only when the respondent explicitly provides every material component requested by the Expected answer target and Question. Do not infer missing details from general knowledge, plausibility, or a bare statement that an event occurred. A concise answer may be complete. A verbose or relevant answer that omits any material requested component must score below 90. For example, saying that an event occurred without describing its requested effect is incomplete. Consistency rule: if missing_points is non-empty or followup_needed is true, score must be an integer from 1 to 89. Scores 90-100 are allowed only when missing_points=[] and followup_needed=false. Never use score 90 as a borderline value when anything is missing. For any score below 90, missing_points must contain the specific missing or ambiguous target-required information and followup_needed must be true. Otherwise missing_points is empty and followup_needed is false. Do not generate a question. Do not penalize style or request information outside the target. Write missing_points in English.
Keep missing_points concise.
One JSON object only; no markdown or generated question.
INPUT:
Expected answer target: Whether FAW affected the crop and, if yes, at least one concrete description of its effect, such as yield loss or a type of crop damage.
Question: Has fall armyworm ever affected your maize? If yes, how did it affect your crop?
Original answer: Yes—leaf damage.
Answered followup pairs:
2026-09-09T18:09:19.113Z D/SLM [slm-jni] initializeIfNeeded: model='gemma-3n-E4B-it' image=false audio=false
2026-09-09T18:09:19.114Z D/LiteRtLM [slm-jni] initializeIfNeeded: warm runtime already ready: key='gemma-3n-E4B-it|/data/user/0/com.negi.survey/files/models/gemma-3n-E4B-it-int4.litertlm'
2026-09-09T18:09:19.115Z D/LiteRtRepository [DefaultDispatcher-worker-1] [1] initializeIfNeeded ok initMs=3
2026-09-09T18:09:19.118Z D/SLM [slm-jni] runInference: model='gemma-3n-E4B-it' textLen=1899 images=0 audio=0
2026-09-09T18:09:19.125Z D/LiteRtLM [DefaultDispatcher-worker-3] state[run:start] key='gemma-3n-E4B-it|/data/user/0/com.negi.survey/files/models/gemma-3n-E4B-it-int4.litertlm' runId=1 active=true terminated=false logicalDone=false cancel=false pendingCancel=false lastMsgAt=2258071604 lastTermAt=0
2026-09-09T18:09:19.126Z D/LiteRtLM [DefaultDispatcher-worker-3] runInference start: key='gemma-3n-E4B-it|/data/user/0/com.negi.survey/files/models/gemma-3n-E4B-it-int4.litertlm' runId=1 hasText=true originalTextLen=1899 effectiveTextLen=1899 images=0 audioClips=0
2026-09-09T18:09:19.127Z D/LiteRtLM [DefaultDispatcher-worker-3] LiteRT-LM sendMessageAsync(text): key='gemma-3n-E4B-it|/data/user/0/com.negi.survey/files/models/gemma-3n-E4B-it-int4.litertlm' runId=1 len=1899 maxOutputTokens=64
2026-09-09T18:09:19.142Z D/LiteRtLM [DefaultDispatcher-worker-3] sendMessageAsync accepted: key='gemma-3n-E4B-it|/data/user/0/com.negi.survey/files/models/gemma-3n-E4B-it-int4.litertlm' runId=1 dispatchMs=16
2026-09-09T18:09:22.139Z W/LiteRtLM [Thread-5] Inference first output: key='gemma-3n-E4B-it|/data/user/0/com.negi.survey/files/models/gemma-3n-E4B-it-int4.litertlm' runId=1 ttftMs=3012 dispatchMs=16 postDispatchTtftMs=2996 requestToFirstOutputMs=3019
2026-09-09T18:09:22.139Z D/LiteRtLM [Thread-5] stream[key=gemma-3n-E4B-it|/data/user/0/com.negi.survey/files/models/gemma-3n-E4B-it-int4.litertlm runId=1] msg#1 rawChunkLen=2 deltaLen=2 emittedChars=2
2026-09-09T18:09:22.141Z D/AiViewModel [DefaultDispatcher-worker-3] run[1] chunk[1].preview='{"'
2026-09-09T18:09:22.141Z D/LiteRtRepository [main] stream[rid=1 msg#1] done=false deltaLen=2 outLen=2 outPreview='{"' deltaPreview='{"'
2026-09-09T18:09:22.316Z D/AiViewModel [DefaultDispatcher-worker-3] run[1] chunk[2].preview='score'
2026-09-09T18:09:22.468Z D/AiViewModel [DefaultDispatcher-worker-3] run[1] chunk[3].preview='":'
2026-09-09T18:09:22.624Z D/AiViewModel [DefaultDispatcher-worker-3] run[1] chunk[4].preview='9'
2026-09-09T18:09:22.778Z D/AiViewModel [DefaultDispatcher-worker-3] run[1] chunk[5].preview='5'
2026-09-09T18:09:22.935Z D/AiViewModel [DefaultDispatcher-worker-3] run[1] chunk[6].preview=',"'
2026-09-09T18:09:23.092Z D/AiViewModel [DefaultDispatcher-worker-3] run[1] chunk[7].preview='missing'
2026-09-09T18:09:23.249Z D/LiteRtRepository [main] stream[rid=1 msg#8] done=false deltaLen=1 outLen=21 outPreview='{"score":95,"missing_' deltaPreview='_'
2026-09-09T18:09:23.250Z D/AiViewModel [DefaultDispatcher-worker-3] run[1] chunk[8].preview='_'
2026-09-09T18:09:23.405Z D/AiViewModel [DefaultDispatcher-worker-3] run[1] chunk[9].preview='points'
2026-09-09T18:09:23.562Z D/AiViewModel [DefaultDispatcher-worker-3] run[1] chunk[10].preview='":[],'
2026-09-09T18:09:23.717Z D/AiViewModel [DefaultDispatcher-worker-3] run[1] chunk[11].preview='"'
2026-09-09T18:09:23.869Z D/AiViewModel [DefaultDispatcher-worker-3] run[1] chunk[12].preview='follow'
2026-09-09T18:09:24.025Z D/AiViewModel [DefaultDispatcher-worker-3] run[1] chunk[13].preview='up'
2026-09-09T18:09:24.180Z D/AiViewModel [DefaultDispatcher-worker-3] run[1] chunk[14].preview='_'
2026-09-09T18:09:24.338Z D/AiViewModel [DefaultDispatcher-worker-3] run[1] chunk[15].preview='needed'
2026-09-09T18:09:24.493Z D/LiteRtLM [Thread-20] stream[key=gemma-3n-E4B-it|/data/user/0/com.negi.survey/files/models/gemma-3n-E4B-it-int4.litertlm runId=1] msg#16 rawChunkLen=2 deltaLen=2 emittedChars=50
2026-09-09T18:09:24.495Z D/LiteRtRepository [main] stream[rid=1 msg#16] done=false deltaLen=2 outLen=50 outPreview='{"score":95,"missing_points":[],"followup_needed":' deltaPreview='":'
2026-09-09T18:09:24.495Z D/AiViewModel [DefaultDispatcher-worker-3] run[1] chunk[16].preview='":'
2026-09-09T18:09:24.653Z D/AiViewModel [DefaultDispatcher-worker-3] run[1] chunk[17].preview='false'
2026-09-09T18:09:24.809Z D/AiViewModel [DefaultDispatcher-worker-3] run[1] chunk[18].preview='}'
2026-09-09T18:09:24.965Z D/LiteRtLM [Thread-23] state[logicalDone] key='gemma-3n-E4B-it|/data/user/0/com.negi.survey/files/models/gemma-3n-E4B-it-int4.litertlm' runId=1 active=true terminated=true logicalDone=true cancel=false pendingCancel=false lastMsgAt=2258077286 lastTermAt=2258077444
2026-09-09T18:09:24.967Z D/LiteRtLM [Thread-23] state[nativeDone:beforeRelease] key='gemma-3n-E4B-it|/data/user/0/com.negi.survey/files/models/gemma-3n-E4B-it-int4.litertlm' runId=1 active=true terminated=true logicalDone=true cancel=false pendingCancel=false lastMsgAt=2258077286 lastTermAt=2258077444
2026-09-09T18:09:24.967Z W/LiteRtLM [Thread-23] Inference timing: key='gemma-3n-E4B-it|/data/user/0/com.negi.survey/files/models/gemma-3n-E4B-it-int4.litertlm' runId=1 ttftMs=3012 dispatchMs=16 postDispatchTtftMs=2996 totalMs=5838 callbacks=18 outputChars=56 cancelled=false error=false requestTotalMs=5845
2026-09-09T18:09:24.971Z D/LiteRtRepository [main] [1] logical done=true; responseClosed=true; waiting native cleanup
2026-09-09T18:09:24.971Z D/AiViewModel [DefaultDispatcher-worker-2] run[1] stats: chunks=18, chars=56, raw.len=56
2026-09-09T18:09:24.972Z D/AiViewModel [DefaultDispatcher-worker-2] run[1] sha(raw)=d582f4f94d38ce300b82f3aeedbda2d18275f3f88b20e7a1ca4fadec505e90e3
2026-09-09T18:09:24.972Z D/LiteRtRepository [main] [1] native cleanup safepoint
2026-09-09T18:09:24.973Z D/AiViewModel [DefaultDispatcher-worker-2] run[1] rawVisible='{"score":95,"missing_points":[],"followup_needed":false}'
2026-09-09T18:09:24.977Z D/SLM [slm-jni] resetConversationAndWait: model='gemma-3n-E4B-it' image=false audio=false
2026-09-09T18:09:24.993Z D/LiteRtRepository [DefaultDispatcher-worker-5] [1] Conversation reset completed after safepoint
2026-09-09T18:09:24.996Z D/LiteRtRepository [DefaultDispatcher-worker-4] [part=000] [1] FINALIZE: native-terminated
=== AI TRACE STATS (LiteRtRepository) ===
rid=1 model='gemma-3n-E4B-it' reason=native-terminated
totalMs=5886 inferenceMs=5881 firstTokenMs=3024
logicalDone=true logicalDoneAt=2258077448
nativeTerminated=true cancelTag='null'
lastDeltaMsAgo=189 lastEventMsAgo=25
chunks=18 emittedChars=56 capturedAll=true out.len=56
=== OUTPUT (FULL) ===
{"score":95,"missing_points":[],"followup_needed":false}
2026-09-09T18:09:25.000Z D/AiViewModel [DefaultDispatcher-worker-2] run[1]: EVAL_JSON parsed score=95 followups=0 fu0=''
2026-09-09T18:09:25.001Z D/AiViewModel [DefaultDispatcher-worker-2] stepHistory+ runId=1 phase=EVAL mode=EVAL_JSON raw.len=56 score=95 FU=0 FU0='<none>' timeout=false err=null
2026-09-09T18:09:25.002Z I/AiViewModel [DefaultDispatcher-worker-2] run[1] done: phase=EVAL mode=EVAL_JSON score=95 FU0.len=0 FU0.sha16=none commit=true err=<none>
2026-09-09T18:09:25.002Z I/FullTextOut [DefaultDispatcher-worker-2] [part=000] run[1]: RawTextOut
{"score":95,"missing_points":[],"followup_needed":false}
2026-09-09T18:09:25.009Z D/AiViewModel [DefaultDispatcher-worker-2] chain2: step2 skipped (score=95, followups=0, timedOut=false, rawPreview='{"score":95,"missing_points":[],"followup_needed":false}')
2026-09-09T18:09:25.072Z D/SLM [Instr: androidx.test.runner.AndroidJUnitRunner] cancel: model='gemma-3n-E4B-it'
2026-09-09T18:09:25.933Z D/SLM [Instr: androidx.test.runner.AndroidJUnitRunner] forceCleanUp: model='gemma-3n-E4B-it'
