=== RuntimeLogStore Header ===
ts=2026-09-09T18:19:05.791Z
fileNameFormat=LEGACY
appId=com.negi.survey
versionName=0.0.1
versionCode=1
debug=true
device=Google Pixel 9a
sdk=36
pid=3787
==============================
2026-09-09T18:19:05.792Z I/RuntimeLogStore [rtlog-io] start: actor launched (fileNameFormat=LEGACY)
2026-09-09T18:19:05.789Z D/SurveyApp [main] attachBaseContext: pid=3787 process=com.negi.survey isMain=true sdk=36
2026-09-09T18:19:05.790Z D/SurveyApp [main] bootTiming: attachBaseContext total=92ms
2026-09-09T18:19:05.790Z D/SurveyApp [main] Skipping WorkManager init in attachBaseContext; will init lazily on first enqueue.
2026-09-09T18:19:05.793Z D/SurveyApp [main] CrashCapture installed: where=SurveyApp:attachBaseContext
2026-09-09T18:19:06.084Z W/SurveyApp [main] Diagnostic upload work cancelled by instrumentation argument.
2026-09-09T18:19:06.086Z I/RuntimeLogStore [main] start repair: ctx/dir refreshed
2026-09-09T18:19:06.087Z D/SurveyApp [main] bootTiming: RuntimeLogStore.start took=1ms
2026-09-09T18:19:06.088Z D/SurveyApp [main] bootTiming: AppRingLogStore.install took=0ms
2026-09-09T18:19:06.089Z D/SurveyApp [main] onCreate: pid=3787 process=com.negi.survey isMain=true sdk=36
2026-09-09T18:19:06.135Z D/SurveyApp [main] CrashCapture installed: where=SurveyApp:onCreate(rewrap)
2026-09-09T18:19:06.136Z D/SurveyApp [main] CrashCapture self-healing registered.
2026-09-09T18:19:06.137Z W/SurveyApp [main] Startup diagnostic upload scheduling disabled by instrumentation argument.
2026-09-09T18:19:06.137Z D/SurveyApp [main] bootTiming: onCreate total=295ms
2026-09-09T18:19:06.191Z I/RuntimeLogStore [DefaultDispatcher-worker-1] start repair: ctx/dir refreshed
2026-09-09T18:19:07.140Z D/SLM [Instr: androidx.test.runner.AndroidJUnitRunner] initializeIfNeeded: model='gemma-3n-E4B-it' image=false audio=false
2026-09-09T18:19:07.147Z D/LiteRtLM [DefaultDispatcher-worker-1] Initializing LiteRT-LM: model='gemma-3n-E4B-it', key='gemma-3n-E4B-it|/data/user/0/com.negi.survey/files/models/gemma-3n-E4B-it-int4.litertlm'
2026-09-09T18:19:07.148Z D/LiteRtLM [DefaultDispatcher-worker-1] Capabilities: image=false audio=false
2026-09-09T18:19:07.149Z D/LiteRtLM [DefaultDispatcher-worker-1] Backend=com.google.ai.edge.litertlm.Backend$GPU@d739627 maxNumTokens=4096 (raw=4096) topK=64 topP=0.95 temp=1.0
2026-09-09T18:19:07.149Z D/LiteRtLM [DefaultDispatcher-worker-1] Model path='/data/user/0/com.negi.survey/files/models/gemma-3n-E4B-it-int4.litertlm' sizeBytes=4919541760 lastModified=1788913652575
2026-09-09T18:19:07.149Z W/LiteRtLM [DefaultDispatcher-worker-1] Large maxNumTokens=4096 requested. This increases KV-cache capacity and memory pressure. For short survey JSON/follow-up generation, validate whether a smaller configured value is sufficient.
2026-09-09T18:19:07.149Z D/LiteRtLM [DefaultDispatcher-worker-1] LiteRT-LM native benchmark policy: enabled=false emulator=false
2026-09-09T18:19:07.150Z D/LiteRtLM [DefaultDispatcher-worker-1] Speculative decoding / MTP policy: enabled=false runtimeFlagUpdated=true model='gemma-3n-E4B-it'
2026-09-09T18:19:07.153Z D/LiteRtLM [DefaultDispatcher-worker-1] Engine cacheDir resolved: key='gemma-3n-E4B-it|/data/user/0/com.negi.survey/files/models/gemma-3n-E4B-it-int4.litertlm' backend=com.google.ai.edge.litertlm.Backend$GPU@d739627 path='/data/user/0/com.negi.survey/no_backup/litertlm_cache/8b58dd5e854e5353723e4360d401cf7d199b6f10' filesBefore=2
2026-09-09T18:19:14.123Z W/LiteRtLM [DefaultDispatcher-worker-1] Engine.initialize completed: key='gemma-3n-E4B-it|/data/user/0/com.negi.survey/files/models/gemma-3n-E4B-it-int4.litertlm' backend=com.google.ai.edge.litertlm.Backend$GPU@d739627 took=6967ms cacheFilesAfter=2
2026-09-09T18:19:14.160Z D/LiteRtLM [DefaultDispatcher-worker-1] createConversation completed: key='gemma-3n-E4B-it|/data/user/0/com.negi.survey/files/models/gemma-3n-E4B-it-int4.litertlm' took=36ms
2026-09-09T18:19:14.162Z D/LiteRtLM [DefaultDispatcher-worker-1] LiteRT-LM initialization succeeded: model='gemma-3n-E4B-it', key='gemma-3n-E4B-it|/data/user/0/com.negi.survey/files/models/gemma-3n-E4B-it-int4.litertlm' engineMs=6967 conversationMs=36 totalMs=7015
2026-09-09T18:19:14.167Z D/AiTrace [Instr: androidx.test.runner.AndroidJUnitRunner] Installed (enabled=true ringEnabled=true)
2026-09-09T18:19:14.376Z D/SurveyVM [main] init -> Start, session=0, uuid=61de93e9-d532-4f49-a1d3-8fa035f8869b, navSize=1, graphSize=20
2026-09-09T18:19:14.381Z D/SurveyVM [main] config.validate -> issues=0
2026-09-09T18:19:14.381Z D/SurveyVM [main] promptSources -> legacy=10, eval=0, follow=0
2026-09-09T18:19:14.381Z D/SurveyVM [main] promptSources.preview -> legacy=[Q10, Q11, Q12, Q13, Q14, Q15, Q16, Q17, Q8, Q9], eval=[], follow=[]
2026-09-09T18:19:14.381Z D/SurveyVM [main] hasTwoStepPrompt[Q10] -> true (eval=169, fu=194)
2026-09-09T18:19:14.381Z D/SurveyVM [main] hasTwoStepPrompt[Q11] -> true (eval=179, fu=204)
2026-09-09T18:19:14.381Z D/SurveyVM [main] hasTwoStepPrompt[Q12] -> true (eval=171, fu=196)
2026-09-09T18:19:14.381Z D/SurveyVM [main] hasTwoStepPrompt[Q13] -> true (eval=159, fu=184)
2026-09-09T18:19:14.381Z D/SurveyVM [main] hasTwoStepPrompt[Q14] -> true (eval=209, fu=234)
2026-09-09T18:19:14.381Z D/SurveyVM [main] hasTwoStepPrompt[Q15] -> true (eval=150, fu=175)
2026-09-09T18:19:14.381Z D/SurveyVM [main] hasTwoStepPrompt[Q16] -> true (eval=167, fu=192)
2026-09-09T18:19:14.382Z D/SurveyVM [main] hasTwoStepPrompt[Q17] -> true (eval=194, fu=219)
2026-09-09T18:19:14.382Z D/SurveyVM [main] hasTwoStepPrompt[Q8] -> true (eval=200, fu=225)
2026-09-09T18:19:14.382Z D/SurveyVM [main] hasTwoStepPrompt[Q9] -> true (eval=186, fu=211)
2026-09-09T18:19:14.382Z D/SurveyVM [main] AI prompt coverage OK (aiCount=10)
2026-09-09T18:19:14.397Z D/SurveyVM [main] hasTwoStepPrompt[Q8] -> true (eval=200, fu=225)
2026-09-09T18:19:14.869Z D/SurveyVM [main] resetAudioRefs -> cleared
2026-09-09T18:19:14.870Z D/SurveyVM [main] resetNavToStart -> key=com.negi.survey.vm.FlowHome@ab83fd7, navSize=1
2026-09-09T18:19:14.870Z D/SurveyVM [main] resetToStart -> Start, session=1, uuid=20e580aa-93a4-41bf-9ef2-47bef2efa4ee, preserveDraft=false, draftLen=0
2026-09-09T18:19:14.870Z D/SurveyVM [main] activateRunIfNeeded(goto:Q8) -> runNoteLen=0, draftCleared=true, uuid=20e580aa-93a4-41bf-9ef2-47bef2efa4ee
2026-09-09T18:19:14.870Z D/SurveyVM [main] push -> Q8, navSize=2, stackSize=2
2026-09-09T18:19:14.872Z D/SurveyVM [main] hasTwoStepPrompt[Q8] -> true (eval=200, fu=225)
2026-09-09T18:19:14.898Z D/SurveyVM [Instr: androidx.test.runner.AndroidJUnitRunner] hasTwoStepPrompt[Q8] -> true (eval=200, fu=225)
2026-09-09T18:19:15.617Z D/SurveyVM [main] getEvalPrompt[Q8] -> len=300
2026-09-09T18:19:15.619Z D/AiViewModel [DefaultDispatcher-worker-1] run[1]: mode=EVAL_JSON phase=EVAL commit=true prompt.len=299, fullPrompt.len=1140, timeoutMs=60000
2026-09-09T18:19:15.621Z D/AiViewModel [DefaultDispatcher-worker-1] run[1]: sha(prompt)=65461f2eafb249a9e582e01765ca3c34cedd64c475f02ee9f7bcbc37807d9fd8 sha(full)=e68aadf07fcb07fb31fcb08ee1e517e2385becb595ddfe24cd59f43de783a212
2026-09-09T18:19:15.622Z I/FullPromptReview [DefaultDispatcher-worker-1] [part=000] run[1]: phase=EVAL FullPrompt
Evaluate only the original survey target using all supplied answers.
Return only compact JSON {"score":N,"missing_points":[],"followup_needed":false}. N must be an integer 1-100 for relevance, completeness and accuracy against the original target. Evaluate the original answer and all answered followup pairs together. Score 90-100 only when all target-required information is satisfied; otherwise score below 90. For score below 90, missing_points must contain the specific missing or ambiguous target-required information and followup_needed must be true. Otherwise missing_points is empty and followup_needed is false. Do not generate a question. Do not penalize style or request information outside the target. Write missing_points in Swahili.
Keep missing_points concise.
One JSON object only; no markdown or generated question.
INPUT:
Lengo la jibu: kama FAW iliathiri mazao, na maelezo ya athari hiyo (upotevu wa mavuno, aina ya uharibifu, n.k.).
Question: Je, minyoo ya majani (Fall Armyworm) imewahi kuathiri mahindi yako? Ikiwa ndiyo, iliathiri vipi mazao yako?
Original answer: Ndiyo—majani yaliharibika.
Answered followup pairs:
2026-09-09T18:19:15.625Z D/LiteRtRepository [DefaultDispatcher-worker-2] [1] request start model='gemma-3n-E4B-it' prompt.len=1140 sha=e68aadf07fcb07fb gateWaitMs=3
2026-09-09T18:19:15.626Z D/LiteRtRepository [DefaultDispatcher-worker-2] [part=000] [1] PROMPT (FULL) sha=e68aadf07fcb07fb
Evaluate only the original survey target using all supplied answers.
Return only compact JSON {"score":N,"missing_points":[],"followup_needed":false}. N must be an integer 1-100 for relevance, completeness and accuracy against the original target. Evaluate the original answer and all answered followup pairs together. Score 90-100 only when all target-required information is satisfied; otherwise score below 90. For score below 90, missing_points must contain the specific missing or ambiguous target-required information and followup_needed must be true. Otherwise missing_points is empty and followup_needed is false. Do not generate a question. Do not penalize style or request information outside the target. Write missing_points in Swahili.
Keep missing_points concise.
One JSON object only; no markdown or generated question.
INPUT:
Lengo la jibu: kama FAW iliathiri mazao, na maelezo ya athari hiyo (upotevu wa mavuno, aina ya uharibifu, n.k.).
Question: Je, minyoo ya majani (Fall Armyworm) imewahi kuathiri mahindi yako? Ikiwa ndiyo, iliathiri vipi mazao yako?
Original answer: Ndiyo—majani yaliharibika.
Answered followup pairs:
2026-09-09T18:19:15.627Z D/SLM [slm-jni] initializeIfNeeded: model='gemma-3n-E4B-it' image=false audio=false
2026-09-09T18:19:15.627Z D/LiteRtLM [slm-jni] initializeIfNeeded: warm runtime already ready: key='gemma-3n-E4B-it|/data/user/0/com.negi.survey/files/models/gemma-3n-E4B-it-int4.litertlm'
2026-09-09T18:19:15.628Z D/LiteRtRepository [DefaultDispatcher-worker-2] [1] initializeIfNeeded ok initMs=3
2026-09-09T18:19:15.633Z D/SLM [slm-jni] runInference: model='gemma-3n-E4B-it' textLen=1140 images=0 audio=0
2026-09-09T18:19:15.636Z D/LiteRtLM [DefaultDispatcher-worker-2] state[run:start] key='gemma-3n-E4B-it|/data/user/0/com.negi.survey/files/models/gemma-3n-E4B-it-int4.litertlm' runId=1 active=true terminated=false logicalDone=false cancel=false pendingCancel=false lastMsgAt=2258668115 lastTermAt=0
2026-09-09T18:19:15.637Z D/LiteRtLM [DefaultDispatcher-worker-2] runInference start: key='gemma-3n-E4B-it|/data/user/0/com.negi.survey/files/models/gemma-3n-E4B-it-int4.litertlm' runId=1 hasText=true originalTextLen=1140 effectiveTextLen=1140 images=0 audioClips=0
2026-09-09T18:19:15.637Z D/LiteRtLM [DefaultDispatcher-worker-2] LiteRT-LM sendMessageAsync(text): key='gemma-3n-E4B-it|/data/user/0/com.negi.survey/files/models/gemma-3n-E4B-it-int4.litertlm' runId=1 len=1140 maxOutputTokens=64
2026-09-09T18:19:15.664Z D/LiteRtLM [DefaultDispatcher-worker-2] sendMessageAsync accepted: key='gemma-3n-E4B-it|/data/user/0/com.negi.survey/files/models/gemma-3n-E4B-it-int4.litertlm' runId=1 dispatchMs=28
2026-09-09T18:19:18.825Z W/LiteRtLM [Thread-7] Inference first output: key='gemma-3n-E4B-it|/data/user/0/com.negi.survey/files/models/gemma-3n-E4B-it-int4.litertlm' runId=1 ttftMs=3188 dispatchMs=28 postDispatchTtftMs=3160 requestToFirstOutputMs=3190
2026-09-09T18:19:18.825Z D/LiteRtLM [Thread-7] stream[key=gemma-3n-E4B-it|/data/user/0/com.negi.survey/files/models/gemma-3n-E4B-it-int4.litertlm runId=1] msg#1 rawChunkLen=2 deltaLen=2 emittedChars=2
2026-09-09T18:19:18.826Z D/LiteRtRepository [main] stream[rid=1 msg#1] done=false deltaLen=2 outLen=2 outPreview='{"' deltaPreview='{"'
2026-09-09T18:19:18.826Z D/AiViewModel [DefaultDispatcher-worker-2] run[1] chunk[1].preview='{"'
2026-09-09T18:19:19.002Z D/AiViewModel [DefaultDispatcher-worker-2] run[1] chunk[2].preview='score'
2026-09-09T18:19:19.162Z D/AiViewModel [DefaultDispatcher-worker-2] run[1] chunk[3].preview='":'
2026-09-09T18:19:19.326Z D/AiViewModel [DefaultDispatcher-worker-2] run[1] chunk[4].preview='8'
2026-09-09T18:19:19.490Z D/AiViewModel [DefaultDispatcher-worker-2] run[1] chunk[5].preview='5'
2026-09-09T18:19:19.650Z D/AiViewModel [DefaultDispatcher-worker-2] run[1] chunk[6].preview=',"'
2026-09-09T18:19:19.818Z D/AiViewModel [DefaultDispatcher-worker-2] run[1] chunk[7].preview='missing'
2026-09-09T18:19:19.980Z D/LiteRtRepository [main] stream[rid=1 msg#8] done=false deltaLen=1 outLen=21 outPreview='{"score":85,"missing_' deltaPreview='_'
2026-09-09T18:19:19.981Z D/AiViewModel [DefaultDispatcher-worker-1] run[1] chunk[8].preview='_'
2026-09-09T18:19:20.137Z D/AiViewModel [DefaultDispatcher-worker-1] run[1] chunk[9].preview='points'
2026-09-09T18:19:20.300Z D/AiViewModel [DefaultDispatcher-worker-1] run[1] chunk[10].preview='":["'
2026-09-09T18:19:20.483Z D/AiViewModel [DefaultDispatcher-worker-1] run[1] chunk[11].preview='Ma'
2026-09-09T18:19:20.660Z D/AiViewModel [DefaultDispatcher-worker-1] run[1] chunk[12].preview='ele'
2026-09-09T18:19:20.819Z D/AiViewModel [DefaultDispatcher-worker-1] run[1] chunk[13].preview='zo'
2026-09-09T18:19:20.979Z D/AiViewModel [DefaultDispatcher-worker-1] run[1] chunk[14].preview='␠ya'
2026-09-09T18:19:21.136Z D/AiViewModel [DefaultDispatcher-worker-1] run[1] chunk[15].preview='␠uh'
2026-09-09T18:19:21.306Z D/LiteRtLM [Thread-22] stream[key=gemma-3n-E4B-it|/data/user/0/com.negi.survey/files/models/gemma-3n-E4B-it-int4.litertlm runId=1] msg#16 rawChunkLen=2 deltaLen=2 emittedChars=46
2026-09-09T18:19:21.308Z D/LiteRtRepository [main] stream[rid=1 msg#16] done=false deltaLen=2 outLen=46 outPreview='{"score":85,"missing_points":["Maelezo ya uhar' deltaPreview='ar'
2026-09-09T18:19:21.309Z D/AiViewModel [DefaultDispatcher-worker-1] run[1] chunk[16].preview='ar'
2026-09-09T18:19:21.472Z D/AiViewModel [DefaultDispatcher-worker-1] run[1] chunk[17].preview='ib'
2026-09-09T18:19:21.634Z D/AiViewModel [DefaultDispatcher-worker-1] run[1] chunk[18].preview='ifu'
2026-09-09T18:19:21.795Z D/AiViewModel [DefaultDispatcher-worker-1] run[1] chunk[19].preview='␠zaidi'
2026-09-09T18:19:21.982Z D/AiViewModel [DefaultDispatcher-worker-1] run[1] chunk[20].preview='"]}'
2026-09-09T18:19:22.165Z D/AiViewModel [DefaultDispatcher-worker-1] run[1] chunk[21].preview='↩'
2026-09-09T18:19:22.324Z D/LiteRtLM [Thread-28] state[logicalDone] key='gemma-3n-E4B-it|/data/user/0/com.negi.survey/files/models/gemma-3n-E4B-it-int4.litertlm' runId=1 active=true terminated=true logicalDone=true cancel=false pendingCancel=false lastMsgAt=2258674643 lastTermAt=2258674803
2026-09-09T18:19:22.324Z D/LiteRtLM [Thread-28] state[nativeDone:beforeRelease] key='gemma-3n-E4B-it|/data/user/0/com.negi.survey/files/models/gemma-3n-E4B-it-int4.litertlm' runId=1 active=true terminated=true logicalDone=true cancel=false pendingCancel=false lastMsgAt=2258674643 lastTermAt=2258674803
2026-09-09T18:19:22.324Z W/LiteRtLM [Thread-28] Inference timing: key='gemma-3n-E4B-it|/data/user/0/com.negi.survey/files/models/gemma-3n-E4B-it-int4.litertlm' runId=1 ttftMs=3188 dispatchMs=28 postDispatchTtftMs=3160 totalMs=6687 callbacks=21 outputChars=61 cancelled=false error=false requestTotalMs=6689
2026-09-09T18:19:22.326Z D/LiteRtRepository [main] [1] logical done=true; responseClosed=true; waiting native cleanup
2026-09-09T18:19:22.328Z D/LiteRtRepository [main] [1] native cleanup safepoint
2026-09-09T18:19:22.329Z D/AiViewModel [DefaultDispatcher-worker-2] run[1] stats: chunks=21, chars=61, raw.len=61
2026-09-09T18:19:22.331Z D/SLM [slm-jni] resetConversationAndWait: model='gemma-3n-E4B-it' image=false audio=false
2026-09-09T18:19:22.333Z D/AiViewModel [DefaultDispatcher-worker-2] run[1] sha(raw)=100c7abcfab9e83f757fae4cc46c0f7c8bc9c60db11d5d0e05cc7664f1c2ba9e
2026-09-09T18:19:22.333Z D/AiViewModel [DefaultDispatcher-worker-2] run[1] rawVisible='{"score":85,"missing_points":["Maelezo␠ya␠uharibifu␠zaidi"]}↩'
2026-09-09T18:19:22.342Z D/LiteRtRepository [DefaultDispatcher-worker-1] [1] Conversation reset completed after safepoint
2026-09-09T18:19:22.345Z D/AiViewModel [DefaultDispatcher-worker-2] run[1]: EVAL_JSON parsed score=85 followups=0 fu0=''
2026-09-09T18:19:22.345Z D/LiteRtRepository [DefaultDispatcher-worker-4] [part=000] [1] FINALIZE: native-terminated
=== AI TRACE STATS (LiteRtRepository) ===
rid=1 model='gemma-3n-E4B-it' reason=native-terminated
totalMs=6719 inferenceMs=6714 firstTokenMs=3196
logicalDone=true logicalDoneAt=2258674804
nativeTerminated=true cancelTag='null'
lastDeltaMsAgo=180 lastEventMsAgo=16
chunks=21 emittedChars=61 capturedAll=true out.len=61
=== OUTPUT (FULL) ===
{"score":85,"missing_points":["Maelezo ya uharibifu zaidi"]}

2026-09-09T18:19:22.346Z D/AiViewModel [DefaultDispatcher-worker-2] stepHistory+ runId=1 phase=EVAL mode=EVAL_JSON raw.len=61 score=85 FU=0 FU0='<none>' timeout=false err=null
2026-09-09T18:19:22.346Z I/AiViewModel [DefaultDispatcher-worker-2] run[1] done: phase=EVAL mode=EVAL_JSON score=85 FU0.len=0 FU0.sha16=none commit=true err=<none>
2026-09-09T18:19:22.346Z I/FullTextOut [DefaultDispatcher-worker-2] [part=000] run[1]: RawTextOut
{"score":85,"missing_points":["Maelezo ya uharibifu zaidi"]}

2026-09-09T18:19:22.353Z D/AiViewModel [DefaultDispatcher-worker-2] chain2: step2 skipped (score=85, followups=0, timedOut=false, rawPreview='{"score":85,"missing_points":["Maelezo␠ya␠uharibifu␠zaidi"]}↩')
2026-09-09T18:19:22.366Z D/SLM [Instr: androidx.test.runner.AndroidJUnitRunner] cancel: model='gemma-3n-E4B-it'
2026-09-09T18:19:23.095Z D/SLM [Instr: androidx.test.runner.AndroidJUnitRunner] forceCleanUp: model='gemma-3n-E4B-it'
