=== RuntimeLogStore Header ===
ts=2026-09-09T18:07:30.050Z
fileNameFormat=LEGACY
appId=com.negi.survey
versionName=0.0.1
versionCode=1
debug=true
device=Google Pixel 9a
sdk=36
pid=2491
==============================
2026-09-09T18:07:30.051Z I/RuntimeLogStore [rtlog-io] start: actor launched (fileNameFormat=LEGACY)
2026-09-09T18:07:29.992Z D/SurveyApp [main] attachBaseContext: pid=2491 process=com.negi.survey isMain=true sdk=36
2026-09-09T18:07:29.992Z D/SurveyApp [main] bootTiming: attachBaseContext total=73ms
2026-09-09T18:07:29.992Z D/SurveyApp [main] Skipping WorkManager init in attachBaseContext; will init lazily on first enqueue.
2026-09-09T18:07:29.996Z D/SurveyApp [main] CrashCapture installed: where=SurveyApp:attachBaseContext
2026-09-09T18:07:30.344Z W/SurveyApp [main] Diagnostic upload work cancelled by instrumentation argument.
2026-09-09T18:07:30.346Z I/RuntimeLogStore [main] start repair: ctx/dir refreshed
2026-09-09T18:07:30.347Z D/SurveyApp [main] bootTiming: RuntimeLogStore.start took=1ms
2026-09-09T18:07:30.347Z D/SurveyApp [main] bootTiming: AppRingLogStore.install took=0ms
2026-09-09T18:07:30.347Z D/SurveyApp [main] onCreate: pid=2491 process=com.negi.survey isMain=true sdk=36
2026-09-09T18:07:30.392Z D/SurveyApp [main] CrashCapture installed: where=SurveyApp:onCreate(rewrap)
2026-09-09T18:07:30.393Z D/SurveyApp [main] CrashCapture self-healing registered.
2026-09-09T18:07:30.393Z W/SurveyApp [main] Startup diagnostic upload scheduling disabled by instrumentation argument.
2026-09-09T18:07:30.394Z D/SurveyApp [main] bootTiming: onCreate total=322ms
2026-09-09T18:07:30.438Z I/RuntimeLogStore [DefaultDispatcher-worker-1] start repair: ctx/dir refreshed
2026-09-09T18:07:31.347Z D/SLM [Instr: androidx.test.runner.AndroidJUnitRunner] initializeIfNeeded: model='gemma-3n-E4B-it' image=false audio=false
2026-09-09T18:07:31.356Z D/LiteRtLM [DefaultDispatcher-worker-1] Initializing LiteRT-LM: model='gemma-3n-E4B-it', key='gemma-3n-E4B-it|/data/user/0/com.negi.survey/files/models/gemma-3n-E4B-it-int4.litertlm'
2026-09-09T18:07:31.357Z D/LiteRtLM [DefaultDispatcher-worker-1] Capabilities: image=false audio=false
2026-09-09T18:07:31.357Z D/LiteRtLM [DefaultDispatcher-worker-1] Backend=com.google.ai.edge.litertlm.Backend$GPU@d739627 maxNumTokens=512 (raw=512) topK=1 topP=0.0 temp=0.0
2026-09-09T18:07:31.357Z D/LiteRtLM [DefaultDispatcher-worker-1] Model path='/data/user/0/com.negi.survey/files/models/gemma-3n-E4B-it-int4.litertlm' sizeBytes=4919541760 lastModified=1788913652575
2026-09-09T18:07:31.358Z D/LiteRtLM [DefaultDispatcher-worker-1] LiteRT-LM native benchmark policy: enabled=false emulator=false
2026-09-09T18:07:31.359Z D/LiteRtLM [DefaultDispatcher-worker-1] Speculative decoding / MTP policy: enabled=false runtimeFlagUpdated=true model='gemma-3n-E4B-it'
2026-09-09T18:07:31.362Z D/LiteRtLM [DefaultDispatcher-worker-1] Engine cacheDir resolved: key='gemma-3n-E4B-it|/data/user/0/com.negi.survey/files/models/gemma-3n-E4B-it-int4.litertlm' backend=com.google.ai.edge.litertlm.Backend$GPU@d739627 path='/data/user/0/com.negi.survey/no_backup/litertlm_cache/8b58dd5e854e5353723e4360d401cf7d199b6f10' filesBefore=2
2026-09-09T18:07:38.227Z W/LiteRtLM [DefaultDispatcher-worker-1] Engine.initialize completed: key='gemma-3n-E4B-it|/data/user/0/com.negi.survey/files/models/gemma-3n-E4B-it-int4.litertlm' backend=com.google.ai.edge.litertlm.Backend$GPU@d739627 took=6863ms cacheFilesAfter=2
2026-09-09T18:07:38.237Z D/LiteRtLM [DefaultDispatcher-worker-1] createConversation completed: key='gemma-3n-E4B-it|/data/user/0/com.negi.survey/files/models/gemma-3n-E4B-it-int4.litertlm' took=9ms
2026-09-09T18:07:38.238Z D/LiteRtLM [DefaultDispatcher-worker-1] LiteRT-LM initialization succeeded: model='gemma-3n-E4B-it', key='gemma-3n-E4B-it|/data/user/0/com.negi.survey/files/models/gemma-3n-E4B-it-int4.litertlm' engineMs=6863 conversationMs=9 totalMs=6883
2026-09-09T18:07:38.240Z D/AiTrace [Instr: androidx.test.runner.AndroidJUnitRunner] Installed (enabled=true ringEnabled=true)
2026-09-09T18:07:38.371Z D/SurveyVM [main] init -> Start, session=0, uuid=f96aaf42-83bf-4abf-8a07-f04d611ae12b, navSize=1, graphSize=20
2026-09-09T18:07:38.377Z D/SurveyVM [main] config.validate -> issues=0
2026-09-09T18:07:38.377Z D/SurveyVM [main] promptSources -> legacy=10, eval=0, follow=0
2026-09-09T18:07:38.377Z D/SurveyVM [main] promptSources.preview -> legacy=[Q10, Q11, Q12, Q13, Q14, Q15, Q16, Q17, Q8, Q9], eval=[], follow=[]
2026-09-09T18:07:38.377Z D/SurveyVM [main] hasTwoStepPrompt[Q10] -> true (eval=195, fu=220)
2026-09-09T18:07:38.377Z D/SurveyVM [main] hasTwoStepPrompt[Q11] -> true (eval=219, fu=244)
2026-09-09T18:07:38.377Z D/SurveyVM [main] hasTwoStepPrompt[Q12] -> true (eval=229, fu=254)
2026-09-09T18:07:38.377Z D/SurveyVM [main] hasTwoStepPrompt[Q13] -> true (eval=184, fu=209)
2026-09-09T18:07:38.377Z D/SurveyVM [main] hasTwoStepPrompt[Q14] -> true (eval=221, fu=246)
2026-09-09T18:07:38.378Z D/SurveyVM [main] hasTwoStepPrompt[Q15] -> true (eval=160, fu=185)
2026-09-09T18:07:38.378Z D/SurveyVM [main] hasTwoStepPrompt[Q16] -> true (eval=185, fu=210)
2026-09-09T18:07:38.378Z D/SurveyVM [main] hasTwoStepPrompt[Q17] -> true (eval=200, fu=225)
2026-09-09T18:07:38.378Z D/SurveyVM [main] hasTwoStepPrompt[Q8] -> true (eval=248, fu=273)
2026-09-09T18:07:38.378Z D/SurveyVM [main] hasTwoStepPrompt[Q9] -> true (eval=190, fu=215)
2026-09-09T18:07:38.378Z D/SurveyVM [main] AI prompt coverage OK (aiCount=10)
2026-09-09T18:07:38.388Z D/SurveyVM [main] hasTwoStepPrompt[Q8] -> true (eval=248, fu=273)
2026-09-09T18:07:38.822Z D/SurveyVM [main] resetAudioRefs -> cleared
2026-09-09T18:07:38.823Z D/SurveyVM [main] resetNavToStart -> key=com.negi.survey.vm.FlowHome@6262ee2, navSize=1
2026-09-09T18:07:38.823Z D/SurveyVM [main] resetToStart -> Start, session=1, uuid=bb8a77d3-2a6c-497b-8b95-bef7fdfe0c7c, preserveDraft=false, draftLen=0
2026-09-09T18:07:38.823Z D/SurveyVM [main] activateRunIfNeeded(goto:Q8) -> runNoteLen=0, draftCleared=true, uuid=bb8a77d3-2a6c-497b-8b95-bef7fdfe0c7c
2026-09-09T18:07:38.823Z D/SurveyVM [main] push -> Q8, navSize=2, stackSize=2
2026-09-09T18:07:38.826Z D/SurveyVM [main] hasTwoStepPrompt[Q8] -> true (eval=248, fu=273)
2026-09-09T18:07:38.857Z D/SurveyVM [Instr: androidx.test.runner.AndroidJUnitRunner] hasTwoStepPrompt[Q8] -> true (eval=248, fu=273)
2026-09-09T18:07:39.594Z D/SurveyVM [main] getEvalPrompt[Q8] -> len=327
2026-09-09T18:07:39.595Z D/AiViewModel [DefaultDispatcher-worker-1] run[1]: mode=EVAL_JSON phase=EVAL commit=true prompt.len=326, fullPrompt.len=1915, timeoutMs=60000
2026-09-09T18:07:39.610Z D/AiViewModel [DefaultDispatcher-worker-1] run[1]: sha(prompt)=1e3f252f0277d68b3eec01746b77a156d48de0579016efc67b3e0715f9ff00ca sha(full)=a04b8d17701a516933a403b1d14e50336078498b5003e965b1138e944321f7a0
2026-09-09T18:07:39.611Z I/FullPromptReview [DefaultDispatcher-worker-1] [part=000] run[1]: phase=EVAL FullPrompt
Evaluate only the original survey target using all supplied answers.
Return only compact JSON {"score":N,"missing_points":[],"followup_needed":false}. N must be an integer 1-100 for relevance, completeness and accuracy against the original target. Evaluate the original answer and all answered followup pairs together. Separate relevance from completeness. An answer can discuss the right topic but still be incomplete. Score 90-100 only when the respondent explicitly provides every material component requested by the Expected answer target and Question. Do not infer missing details from general knowledge, plausibility, or a bare statement that an event occurred. A concise answer may be complete. A verbose or relevant answer that omits any material requested component must score below 90. For example, saying that an event occurred without describing its requested effect is incomplete. Consistency rule: if missing_points is non-empty or followup_needed is true, score must be an integer from 1 to 89. Scores 90-100 are allowed only when missing_points=[] and followup_needed=false. Never use score 90 as a borderline value when anything is missing. For any score below 90, missing_points must contain the specific missing or ambiguous target-required information and followup_needed must be true. Otherwise missing_points is empty and followup_needed is false. Do not generate a question. Do not penalize style or request information outside the target. Write missing_points in English.
Keep missing_points concise.
One JSON object only; no markdown or generated question.
INPUT:
Expected answer target: Whether FAW affected the crop and, if yes, at least one concrete description of its effect, such as yield loss or a type of crop damage.
Question: Has fall armyworm ever affected your maize? If yes, how did it affect your crop?
Original answer: Fall armyworm affected my maize.
Answered followup pairs:
2026-09-09T18:07:39.615Z D/LiteRtRepository [DefaultDispatcher-worker-3] [1] request start model='gemma-3n-E4B-it' prompt.len=1915 sha=a04b8d17701a5169 gateWaitMs=3
2026-09-09T18:07:39.615Z D/LiteRtRepository [DefaultDispatcher-worker-3] [part=000] [1] PROMPT (FULL) sha=a04b8d17701a5169
Evaluate only the original survey target using all supplied answers.
Return only compact JSON {"score":N,"missing_points":[],"followup_needed":false}. N must be an integer 1-100 for relevance, completeness and accuracy against the original target. Evaluate the original answer and all answered followup pairs together. Separate relevance from completeness. An answer can discuss the right topic but still be incomplete. Score 90-100 only when the respondent explicitly provides every material component requested by the Expected answer target and Question. Do not infer missing details from general knowledge, plausibility, or a bare statement that an event occurred. A concise answer may be complete. A verbose or relevant answer that omits any material requested component must score below 90. For example, saying that an event occurred without describing its requested effect is incomplete. Consistency rule: if missing_points is non-empty or followup_needed is true, score must be an integer from 1 to 89. Scores 90-100 are allowed only when missing_points=[] and followup_needed=false. Never use score 90 as a borderline value when anything is missing. For any score below 90, missing_points must contain the specific missing or ambiguous target-required information and followup_needed must be true. Otherwise missing_points is empty and followup_needed is false. Do not generate a question. Do not penalize style or request information outside the target. Write missing_points in English.
Keep missing_points concise.
One JSON object only; no markdown or generated question.
INPUT:
Expected answer target: Whether FAW affected the crop and, if yes, at least one concrete description of its effect, such as yield loss or a type of crop damage.
Question: Has fall armyworm ever affected your maize? If yes, how did it affect your crop?
Original answer: Fall armyworm affected my maize.
Answered followup pairs:
2026-09-09T18:07:39.617Z D/SLM [slm-jni] initializeIfNeeded: model='gemma-3n-E4B-it' image=false audio=false
2026-09-09T18:07:39.618Z D/LiteRtLM [slm-jni] initializeIfNeeded: warm runtime already ready: key='gemma-3n-E4B-it|/data/user/0/com.negi.survey/files/models/gemma-3n-E4B-it-int4.litertlm'
2026-09-09T18:07:39.620Z D/LiteRtRepository [DefaultDispatcher-worker-3] [1] initializeIfNeeded ok initMs=5
2026-09-09T18:07:39.625Z D/SLM [slm-jni] runInference: model='gemma-3n-E4B-it' textLen=1915 images=0 audio=0
2026-09-09T18:07:39.637Z D/LiteRtLM [DefaultDispatcher-worker-3] state[run:start] key='gemma-3n-E4B-it|/data/user/0/com.negi.survey/files/models/gemma-3n-E4B-it-int4.litertlm' runId=1 active=true terminated=false logicalDone=false cancel=false pendingCancel=false lastMsgAt=2257972116 lastTermAt=0
2026-09-09T18:07:39.638Z D/LiteRtLM [DefaultDispatcher-worker-3] runInference start: key='gemma-3n-E4B-it|/data/user/0/com.negi.survey/files/models/gemma-3n-E4B-it-int4.litertlm' runId=1 hasText=true originalTextLen=1915 effectiveTextLen=1915 images=0 audioClips=0
2026-09-09T18:07:39.640Z D/LiteRtLM [DefaultDispatcher-worker-3] LiteRT-LM sendMessageAsync(text): key='gemma-3n-E4B-it|/data/user/0/com.negi.survey/files/models/gemma-3n-E4B-it-int4.litertlm' runId=1 len=1915 maxOutputTokens=64
2026-09-09T18:07:39.656Z D/LiteRtLM [DefaultDispatcher-worker-3] sendMessageAsync accepted: key='gemma-3n-E4B-it|/data/user/0/com.negi.survey/files/models/gemma-3n-E4B-it-int4.litertlm' runId=1 dispatchMs=18
2026-09-09T18:07:42.682Z W/LiteRtLM [Thread-5] Inference first output: key='gemma-3n-E4B-it|/data/user/0/com.negi.survey/files/models/gemma-3n-E4B-it-int4.litertlm' runId=1 ttftMs=3044 dispatchMs=18 postDispatchTtftMs=3026 requestToFirstOutputMs=3050
2026-09-09T18:07:42.683Z D/LiteRtLM [Thread-5] stream[key=gemma-3n-E4B-it|/data/user/0/com.negi.survey/files/models/gemma-3n-E4B-it-int4.litertlm runId=1] msg#1 rawChunkLen=2 deltaLen=2 emittedChars=2
2026-09-09T18:07:42.684Z D/LiteRtRepository [main] stream[rid=1 msg#1] done=false deltaLen=2 outLen=2 outPreview='{"' deltaPreview='{"'
2026-09-09T18:07:42.684Z D/AiViewModel [DefaultDispatcher-worker-3] run[1] chunk[1].preview='{"'
2026-09-09T18:07:42.858Z D/AiViewModel [DefaultDispatcher-worker-3] run[1] chunk[2].preview='score'
2026-09-09T18:07:43.016Z D/AiViewModel [DefaultDispatcher-worker-3] run[1] chunk[3].preview='":'
2026-09-09T18:07:43.174Z D/AiViewModel [DefaultDispatcher-worker-1] run[1] chunk[4].preview='␠'
2026-09-09T18:07:43.331Z D/AiViewModel [DefaultDispatcher-worker-1] run[1] chunk[5].preview='8'
2026-09-09T18:07:43.487Z D/AiViewModel [DefaultDispatcher-worker-1] run[1] chunk[6].preview='5'
2026-09-09T18:07:43.648Z D/AiViewModel [DefaultDispatcher-worker-1] run[1] chunk[7].preview=','
2026-09-09T18:07:43.804Z D/AiViewModel [DefaultDispatcher-worker-1] run[1] chunk[8].preview='␠"'
2026-09-09T18:07:43.804Z D/LiteRtRepository [main] stream[rid=1 msg#8] done=false deltaLen=2 outLen=15 outPreview='{"score": 85, "' deltaPreview=' "'
2026-09-09T18:07:43.958Z D/AiViewModel [DefaultDispatcher-worker-1] run[1] chunk[9].preview='missing'
2026-09-09T18:07:44.118Z D/AiViewModel [DefaultDispatcher-worker-1] run[1] chunk[10].preview='_'
2026-09-09T18:07:44.274Z D/AiViewModel [DefaultDispatcher-worker-1] run[1] chunk[11].preview='points'
2026-09-09T18:07:44.429Z D/AiViewModel [DefaultDispatcher-worker-1] run[1] chunk[12].preview='":'
2026-09-09T18:07:44.588Z D/AiViewModel [DefaultDispatcher-worker-1] run[1] chunk[13].preview='␠["'
2026-09-09T18:07:44.745Z D/AiViewModel [DefaultDispatcher-worker-1] run[1] chunk[14].preview='yield'
2026-09-09T18:07:44.926Z D/AiViewModel [DefaultDispatcher-worker-1] run[1] chunk[15].preview='␠loss'
2026-09-09T18:07:45.087Z D/LiteRtLM [Thread-20] stream[key=gemma-3n-E4B-it|/data/user/0/com.negi.survey/files/models/gemma-3n-E4B-it-int4.litertlm runId=1] msg#16 rawChunkLen=3 deltaLen=3 emittedChars=47
2026-09-09T18:07:45.088Z D/LiteRtRepository [main] stream[rid=1 msg#16] done=false deltaLen=3 outLen=47 outPreview='{"score": 85, "missing_points": ["yield loss or' deltaPreview=' or'
2026-09-09T18:07:45.089Z D/AiViewModel [DefaultDispatcher-worker-1] run[1] chunk[16].preview='␠or'
2026-09-09T18:07:45.247Z D/AiViewModel [DefaultDispatcher-worker-1] run[1] chunk[17].preview='␠crop'
2026-09-09T18:07:45.403Z D/AiViewModel [DefaultDispatcher-worker-1] run[1] chunk[18].preview='␠damage'
2026-09-09T18:07:45.559Z D/AiViewModel [DefaultDispatcher-worker-1] run[1] chunk[19].preview='␠description'
2026-09-09T18:07:45.717Z D/AiViewModel [DefaultDispatcher-worker-1] run[1] chunk[20].preview='"],'
2026-09-09T18:07:45.881Z D/AiViewModel [DefaultDispatcher-worker-1] run[1] chunk[21].preview='␠"'
2026-09-09T18:07:46.040Z D/AiViewModel [DefaultDispatcher-worker-1] run[1] chunk[22].preview='follow'
2026-09-09T18:07:46.199Z D/AiViewModel [DefaultDispatcher-worker-1] run[1] chunk[23].preview='up'
2026-09-09T18:07:46.354Z D/LiteRtRepository [main] stream[rid=1 msg#24] done=false deltaLen=1 outLen=85 outPreview='{"score": 85, "missing_points": ["yield loss or crop damage description"], "followup_' deltaPreview='_'
2026-09-09T18:07:46.355Z D/AiViewModel [DefaultDispatcher-worker-1] run[1] chunk[24].preview='_'
2026-09-09T18:07:46.508Z D/AiViewModel [DefaultDispatcher-worker-1] run[1] chunk[25].preview='needed'
2026-09-09T18:07:46.667Z D/AiViewModel [DefaultDispatcher-worker-1] run[1] chunk[26].preview='":'
2026-09-09T18:07:46.822Z D/AiViewModel [DefaultDispatcher-worker-1] run[1] chunk[27].preview='␠true'
2026-09-09T18:07:46.979Z D/AiViewModel [DefaultDispatcher-worker-1] run[1] chunk[28].preview='}'
2026-09-09T18:07:47.135Z D/AiViewModel [DefaultDispatcher-worker-1] run[1] chunk[29].preview='↩'
2026-09-09T18:07:47.291Z D/LiteRtLM [Thread-34] state[logicalDone] key='gemma-3n-E4B-it|/data/user/0/com.negi.survey/files/models/gemma-3n-E4B-it-int4.litertlm' runId=1 active=true terminated=true logicalDone=true cancel=false pendingCancel=false lastMsgAt=2257979614 lastTermAt=2257979770
2026-09-09T18:07:47.292Z D/LiteRtLM [Thread-34] state[nativeDone:beforeRelease] key='gemma-3n-E4B-it|/data/user/0/com.negi.survey/files/models/gemma-3n-E4B-it-int4.litertlm' runId=1 active=true terminated=true logicalDone=true cancel=false pendingCancel=false lastMsgAt=2257979614 lastTermAt=2257979770
2026-09-09T18:07:47.293Z W/LiteRtLM [Thread-34] Inference timing: key='gemma-3n-E4B-it|/data/user/0/com.negi.survey/files/models/gemma-3n-E4B-it-int4.litertlm' runId=1 ttftMs=3044 dispatchMs=18 postDispatchTtftMs=3026 totalMs=7652 callbacks=29 outputChars=100 cancelled=false error=false requestTotalMs=7658
2026-09-09T18:07:47.295Z D/LiteRtRepository [main] [1] logical done=true; responseClosed=true; waiting native cleanup
2026-09-09T18:07:47.297Z D/LiteRtRepository [main] [1] native cleanup safepoint
2026-09-09T18:07:47.299Z D/AiViewModel [DefaultDispatcher-worker-3] run[1] stats: chunks=29, chars=100, raw.len=100
2026-09-09T18:07:47.301Z D/SLM [slm-jni] resetConversationAndWait: model='gemma-3n-E4B-it' image=false audio=false
2026-09-09T18:07:47.302Z D/AiViewModel [DefaultDispatcher-worker-3] run[1] sha(raw)=4b7300e329e45dae3d8bcd8219a95b4902b43a36c01f91951f5da0661d8e171c
2026-09-09T18:07:47.302Z D/AiViewModel [DefaultDispatcher-worker-3] run[1] rawVisible='{"score":␠85,␠"missing_points":␠["yield␠loss␠or␠crop␠damage␠description"],␠"followup_needed":␠true}↩'
2026-09-09T18:07:47.313Z D/LiteRtRepository [DefaultDispatcher-worker-2] [1] Conversation reset completed after safepoint
2026-09-09T18:07:47.316Z D/LiteRtRepository [DefaultDispatcher-worker-5] [part=000] [1] FINALIZE: native-terminated
=== AI TRACE STATS (LiteRtRepository) ===
rid=1 model='gemma-3n-E4B-it' reason=native-terminated
totalMs=7701 inferenceMs=7694 firstTokenMs=3062
logicalDone=true logicalDoneAt=2257979773
nativeTerminated=true cancelTag='null'
lastDeltaMsAgo=181 lastEventMsAgo=19
chunks=29 emittedChars=100 capturedAll=true out.len=100
=== OUTPUT (FULL) ===
{"score": 85, "missing_points": ["yield loss or crop damage description"], "followup_needed": true}

2026-09-09T18:07:47.321Z D/AiViewModel [DefaultDispatcher-worker-3] run[1]: EVAL_JSON parsed score=85 followups=0 fu0=''
2026-09-09T18:07:47.321Z D/AiViewModel [DefaultDispatcher-worker-3] stepHistory+ runId=1 phase=EVAL mode=EVAL_JSON raw.len=100 score=85 FU=0 FU0='<none>' timeout=false err=null
2026-09-09T18:07:47.321Z I/AiViewModel [DefaultDispatcher-worker-3] run[1] done: phase=EVAL mode=EVAL_JSON score=85 FU0.len=0 FU0.sha16=none commit=true err=<none>
2026-09-09T18:07:47.322Z I/FullTextOut [DefaultDispatcher-worker-3] [part=000] run[1]: RawTextOut
{"score": 85, "missing_points": ["yield loss or crop damage description"], "followup_needed": true}

2026-09-09T18:07:47.333Z D/SurveyVM [DefaultDispatcher-worker-3] getFollowupPrompt[Q8] -> len=438 evalLen=100
2026-09-09T18:07:47.334Z D/AiViewModel [DefaultDispatcher-worker-3] run[2]: mode=FOLLOWUP_JSON_OR_TEXT phase=FOLLOWUP commit=false prompt.len=438, fullPrompt.len=975, timeoutMs=60000
2026-09-09T18:07:47.335Z D/AiViewModel [DefaultDispatcher-worker-3] run[2]: sha(prompt)=16e18dbed3e05a606dd4c6a72ce1c95002719c097e05aacb40a30b6f7b23f111 sha(full)=4ebb796dbdd128c30b5d7758c0015787726c9b2bddbd598eca38d7e3cbc1c59b
2026-09-09T18:07:47.335Z I/FullPromptReview [DefaultDispatcher-worker-3] [part=000] run[2]: phase=FOLLOWUP FullPrompt
Evaluate only the original survey target using all supplied answers.
Generate exactly one short English question addressing one unresolved target-required deficiency in EVAL_JSON. Use the original target, original answer and accumulated answered followup pairs. Do not repeat an earlier question or ask for information already provided. Never add new objectives. Output only the question on one line; no JSON, score, analysis, labels, or quotes.
Keep the question short and single-scope.
Exactly one English question on one line.
INPUT:
Expected answer target: Whether FAW affected the crop and, if yes, at least one concrete description of its effect, such as yield loss or a type of crop damage.
Question: Has fall armyworm ever affected your maize? If yes, how did it affect your crop?
Original answer: Fall armyworm affected my maize.
Answered followup pairs: 
EVAL_JSON: {"score": 85, "missing_points": ["yield loss or crop damage description"], "followup_needed": true}
2026-09-09T18:07:47.336Z D/LiteRtRepository [DefaultDispatcher-worker-1] [2] request start model='gemma-3n-E4B-it' prompt.len=975 sha=4ebb796dbdd128c3 gateWaitMs=0
2026-09-09T18:07:47.337Z D/LiteRtRepository [DefaultDispatcher-worker-1] [part=000] [2] PROMPT (FULL) sha=4ebb796dbdd128c3
Evaluate only the original survey target using all supplied answers.
Generate exactly one short English question addressing one unresolved target-required deficiency in EVAL_JSON. Use the original target, original answer and accumulated answered followup pairs. Do not repeat an earlier question or ask for information already provided. Never add new objectives. Output only the question on one line; no JSON, score, analysis, labels, or quotes.
Keep the question short and single-scope.
Exactly one English question on one line.
INPUT:
Expected answer target: Whether FAW affected the crop and, if yes, at least one concrete description of its effect, such as yield loss or a type of crop damage.
Question: Has fall armyworm ever affected your maize? If yes, how did it affect your crop?
Original answer: Fall armyworm affected my maize.
Answered followup pairs: 
EVAL_JSON: {"score": 85, "missing_points": ["yield loss or crop damage description"], "followup_needed": true}
2026-09-09T18:07:47.337Z D/SLM [slm-jni] initializeIfNeeded: model='gemma-3n-E4B-it' image=false audio=false
2026-09-09T18:07:47.339Z D/LiteRtLM [slm-jni] initializeIfNeeded: warm runtime already ready: key='gemma-3n-E4B-it|/data/user/0/com.negi.survey/files/models/gemma-3n-E4B-it-int4.litertlm'
2026-09-09T18:07:47.340Z D/LiteRtRepository [DefaultDispatcher-worker-1] [2] initializeIfNeeded ok initMs=3
2026-09-09T18:07:47.340Z D/SLM [slm-jni] runInference: model='gemma-3n-E4B-it' textLen=975 images=0 audio=0
2026-09-09T18:07:47.342Z D/LiteRtLM [DefaultDispatcher-worker-1] state[run:start] key='gemma-3n-E4B-it|/data/user/0/com.negi.survey/files/models/gemma-3n-E4B-it-int4.litertlm' runId=2 active=true terminated=false logicalDone=false cancel=false pendingCancel=false lastMsgAt=2257979821 lastTermAt=2257979770
2026-09-09T18:07:47.342Z D/LiteRtLM [DefaultDispatcher-worker-1] runInference start: key='gemma-3n-E4B-it|/data/user/0/com.negi.survey/files/models/gemma-3n-E4B-it-int4.litertlm' runId=2 hasText=true originalTextLen=975 effectiveTextLen=975 images=0 audioClips=0
2026-09-09T18:07:47.342Z D/LiteRtLM [DefaultDispatcher-worker-1] LiteRT-LM sendMessageAsync(text): key='gemma-3n-E4B-it|/data/user/0/com.negi.survey/files/models/gemma-3n-E4B-it-int4.litertlm' runId=2 len=975 maxOutputTokens=64
2026-09-09T18:07:47.348Z D/LiteRtLM [DefaultDispatcher-worker-1] sendMessageAsync accepted: key='gemma-3n-E4B-it|/data/user/0/com.negi.survey/files/models/gemma-3n-E4B-it-int4.litertlm' runId=2 dispatchMs=6
2026-09-09T18:07:48.425Z W/LiteRtLM [Thread-37] Inference first output: key='gemma-3n-E4B-it|/data/user/0/com.negi.survey/files/models/gemma-3n-E4B-it-int4.litertlm' runId=2 ttftMs=1083 dispatchMs=6 postDispatchTtftMs=1077 requestToFirstOutputMs=1083
2026-09-09T18:07:48.425Z D/LiteRtLM [Thread-37] stream[key=gemma-3n-E4B-it|/data/user/0/com.negi.survey/files/models/gemma-3n-E4B-it-int4.litertlm runId=2] msg#1 rawChunkLen=3 deltaLen=3 emittedChars=3
2026-09-09T18:07:48.426Z D/LiteRtRepository [main] stream[rid=2 msg#1] done=false deltaLen=3 outLen=3 outPreview='Can' deltaPreview='Can'
2026-09-09T18:07:48.428Z D/AiViewModel [DefaultDispatcher-worker-5] run[2] chunk[1].preview='Can'
2026-09-09T18:07:48.588Z D/AiViewModel [DefaultDispatcher-worker-5] run[2] chunk[2].preview='␠you'
2026-09-09T18:07:48.745Z D/AiViewModel [DefaultDispatcher-worker-5] run[2] chunk[3].preview='␠describe'
2026-09-09T18:07:48.898Z D/AiViewModel [DefaultDispatcher-worker-5] run[2] chunk[4].preview='␠how'
2026-09-09T18:07:49.056Z D/AiViewModel [DefaultDispatcher-worker-5] run[2] chunk[5].preview='␠fall'
2026-09-09T18:07:49.211Z D/AiViewModel [DefaultDispatcher-worker-5] run[2] chunk[6].preview='␠army'
2026-09-09T18:07:49.372Z D/AiViewModel [DefaultDispatcher-worker-5] run[2] chunk[7].preview='worm'
2026-09-09T18:07:49.533Z D/LiteRtRepository [main] stream[rid=2 msg#8] done=false deltaLen=9 outLen=43 outPreview='Can you describe how fall armyworm affected' deltaPreview=' affected'
2026-09-09T18:07:49.534Z D/AiViewModel [DefaultDispatcher-worker-5] run[2] chunk[8].preview='␠affected'
2026-09-09T18:07:49.689Z D/AiViewModel [DefaultDispatcher-worker-5] run[2] chunk[9].preview='␠your'
2026-09-09T18:07:49.845Z D/AiViewModel [DefaultDispatcher-worker-5] run[2] chunk[10].preview='␠maize'
2026-09-09T18:07:49.999Z D/AiViewModel [DefaultDispatcher-worker-5] run[2] chunk[11].preview='␠crop'
2026-09-09T18:07:50.160Z D/AiViewModel [DefaultDispatcher-worker-5] run[2] chunk[12].preview='?'
2026-09-09T18:07:50.318Z D/LiteRtLM [Thread-49] state[logicalDone] key='gemma-3n-E4B-it|/data/user/0/com.negi.survey/files/models/gemma-3n-E4B-it-int4.litertlm' runId=2 active=true terminated=true logicalDone=true cancel=false pendingCancel=false lastMsgAt=2257982638 lastTermAt=2257982797
2026-09-09T18:07:50.319Z D/LiteRtLM [Thread-49] state[nativeDone:beforeRelease] key='gemma-3n-E4B-it|/data/user/0/com.negi.survey/files/models/gemma-3n-E4B-it-int4.litertlm' runId=2 active=true terminated=true logicalDone=true cancel=false pendingCancel=false lastMsgAt=2257982638 lastTermAt=2257982797
2026-09-09T18:07:50.320Z W/LiteRtLM [Thread-49] Inference timing: key='gemma-3n-E4B-it|/data/user/0/com.negi.survey/files/models/gemma-3n-E4B-it-int4.litertlm' runId=2 ttftMs=1083 dispatchMs=6 postDispatchTtftMs=1077 totalMs=2976 callbacks=12 outputChars=60 cancelled=false error=false requestTotalMs=2976
2026-09-09T18:07:50.322Z D/LiteRtRepository [main] [2] logical done=true; responseClosed=true; waiting native cleanup
2026-09-09T18:07:50.324Z D/LiteRtRepository [main] [2] native cleanup safepoint
2026-09-09T18:07:50.325Z D/AiViewModel [DefaultDispatcher-worker-1] run[2] stats: chunks=12, chars=60, raw.len=60
2026-09-09T18:07:50.326Z D/SLM [slm-jni] resetConversationAndWait: model='gemma-3n-E4B-it' image=false audio=false
2026-09-09T18:07:50.328Z D/AiViewModel [DefaultDispatcher-worker-1] run[2] sha(raw)=23e1ebc92015b9f78450313441f0d85b67009f58666773af0e89683dbc770295
2026-09-09T18:07:50.329Z D/AiViewModel [DefaultDispatcher-worker-1] run[2] rawVisible='Can␠you␠describe␠how␠fall␠armyworm␠affected␠your␠maize␠crop?'
2026-09-09T18:07:50.334Z D/AiViewModel [DefaultDispatcher-worker-1] run[2]: FOLLOWUP parse extractorQ='Can␠you␠describe␠how␠fall␠armyworm␠affected␠your␠maize␠crop?' textQ='Can␠you␠describe␠how␠fall␠armyworm␠affected␠your␠maize␠crop?' best='Can␠you␠describe␠how␠fall␠armyworm␠affected␠your␠maize␠crop?'
2026-09-09T18:07:50.334Z D/AiViewModel [DefaultDispatcher-worker-1] stepHistory+ runId=2 phase=FOLLOWUP mode=FOLLOWUP_JSON_OR_TEXT raw.len=60 score=null FU=1 FU0='Can␠you␠describe␠how␠fall␠armyworm␠affected␠your␠maize␠crop?' timeout=false err=null
2026-09-09T18:07:50.335Z I/AiViewModel [DefaultDispatcher-worker-1] run[2] done: phase=FOLLOWUP mode=FOLLOWUP_JSON_OR_TEXT score=null FU0.len=60 FU0.sha16=23e1ebc92015b9f7 commit=false err=<none>
2026-09-09T18:07:50.336Z I/FullTextOut [DefaultDispatcher-worker-1] [part=000] run[2]: RawTextOut
Can you describe how fall armyworm affected your maize crop?
2026-09-09T18:07:50.337Z D/LiteRtRepository [DefaultDispatcher-worker-5] [2] Conversation reset completed after safepoint
2026-09-09T18:07:50.340Z D/LiteRtRepository [DefaultDispatcher-worker-3] [part=000] [2] FINALIZE: native-terminated
=== AI TRACE STATS (LiteRtRepository) ===
rid=2 model='gemma-3n-E4B-it' reason=native-terminated
totalMs=3003 inferenceMs=2999 firstTokenMs=1085
logicalDone=true logicalDoneAt=2257982800
nativeTerminated=true cancelTag='null'
lastDeltaMsAgo=181 lastEventMsAgo=16
chunks=12 emittedChars=60 capturedAll=true out.len=60
=== OUTPUT (FULL) ===
Can you describe how fall armyworm affected your maize crop?
2026-09-09T18:07:50.419Z D/SLM [Instr: androidx.test.runner.AndroidJUnitRunner] cancel: model='gemma-3n-E4B-it'
2026-09-09T18:07:51.258Z D/SLM [Instr: androidx.test.runner.AndroidJUnitRunner] forceCleanUp: model='gemma-3n-E4B-it'
