=== Previous Session Logcat ===
captured_time_utc=20260909_231158
captured_time_local=20260909_161158
marker=2026-09-09 11:05:52.085
preferred_prev_pid=-1
note=best-effort; buffers may be overwritten before next start
sdk=36
device=Google Pixel 9a
appId=com.negi.survey
versionName=0.0.1
versionCode=1

=== Logcat (since marker) ===
--------- beginning of main
09-09 16:11:53.526 28248 28248 I Zygote  : Process 28248 created for com.negi.survey
09-09 16:11:53.527 28248 28248 I com.negi.survey: Late-enabling -Xcheck:jni
09-09 16:11:54.866 28248 28248 I com.negi.survey: Using CollectorTypeCMC GC.
09-09 16:11:54.931 28248 28248 D nativeloader: Load libframework-connectivity-tiramisu-jni.so using APEX ns com_android_tethering for caller /apex/com.android.tethering/javalib/framework-connectivity-t.jar: ok
09-09 16:11:55.051 28248 28248 D ApplicationLoaders: Returning zygote-cached class loader: /system_ext/framework/androidx.window.extensions.jar
09-09 16:11:55.052 28248 28248 D ApplicationLoaders: Returning zygote-cached class loader: /system_ext/framework/androidx.window.sidecar.jar
09-09 16:11:55.881 28248 28248 D nativeloader: Configuring clns-9 for other apk /data/app/~~WFSG0sJQYTM2F7aIBTzlxQ==/com.negi.survey-0cy2IBc-lYsAmjb_1zlouw==/base.apk. target_sdk_version=36, uses_libraries=libOpenCL.so:libOpenCL-pixel.so, library_path=/data/app/~~WFSG0sJQYTM2F7aIBTzlxQ==/com.negi.survey-0cy2IBc-lYsAmjb_1zlouw==/lib/arm64:/data/app/~~WFSG0sJQYTM2F7aIBTzlxQ==/com.negi.survey-0cy2IBc-lYsAmjb_1zlouw==/base.apk!/lib/arm64-v8a, permitted_path=/data:/mnt/expand:/data/user/0/com.negi.survey
09-09 16:11:55.995 28248 28248 V GraphicsEnvironment: Currently set values for:
09-09 16:11:55.995 28248 28248 V GraphicsEnvironment:   angle_gl_driver_selection_pkgs=[com.android.angle]
09-09 16:11:55.995 28248 28248 V GraphicsEnvironment:   angle_gl_driver_selection_values=[angle]
09-09 16:11:55.995 28248 28248 V GraphicsEnvironment: com.negi.survey is not listed in per-application setting
09-09 16:11:55.996 28248 28248 V GraphicsEnvironment: No special selections for ANGLE, returning default driver choice
09-09 16:11:55.996 28248 28248 V GraphicsEnvironment: Neither updatable production driver nor prerelease driver is supported.
09-09 16:11:56.214 28248 28248 D nativeloader: Load /data/app/~~WFSG0sJQYTM2F7aIBTzlxQ==/com.negi.survey-0cy2IBc-lYsAmjb_1zlouw==/base.apk!/lib/arm64-v8a/liblitertlm_jni.so using class loader ns clns-9 (caller=/data/app/~~WFSG0sJQYTM2F7aIBTzlxQ==/com.negi.survey-0cy2IBc-lYsAmjb_1zlouw==/base.apk!classes10.dex): ok
09-09 16:11:56.215 28248 28248 D SurveyApp: Loaded LiteRTLM JNI: litertlm_jni where=attachBaseContext
09-09 16:11:56.302 28248 28248 D AppRingLogStore: installed: dir=/data/user/0/com.negi.survey/files/diagnostics/applog_ring idx=0
09-09 16:11:56.302 28248 28248 D SurveyApp: attachBaseContext: pid=28248 process=com.negi.survey isMain=true sdk=36
09-09 16:11:56.303 28248 28248 D SurveyApp: bootTiming: attachBaseContext total=204ms
09-09 16:11:56.303 28248 28248 D SurveyApp: Skipping WorkManager init in attachBaseContext; will init lazily on first enqueue.
09-09 16:11:56.312 28248 28248 D CrashCapture: install: ensured default handler. where=SurveyApp:attachBaseContext pid=28248 default=com.negi.survey.CrashCapture$CrashHandler@40755f6
09-09 16:11:56.312 28248 28248 D SurveyApp: CrashCapture installed: where=SurveyApp:attachBaseContext
09-09 16:11:56.327 28248 28248 E com.negi.survey: hiddenapi: Accessing hidden method Landroid/net/ssl/EchConfigMismatchException;->getRetryConfigList()Landroid/net/ssl/EchConfigList; (runtime_flags=0, domain=core-platform, api=blocked) from /data/app/~~WFSG0sJQYTM2F7aIBTzlxQ==/com.negi.survey-0cy2IBc-lYsAmjb_1zlouw==/base.apk!classes17.dex (domain=app, TargetSdkVersion=36) using linking: denied
09-09 16:11:56.327 28248 28248 E com.negi.survey: hiddenapi: Accessing hidden method Landroid/net/ssl/EchConfigList;->toBytes()[B (runtime_flags=0, domain=core-platform, api=blocked) from /data/app/~~WFSG0sJQYTM2F7aIBTzlxQ==/com.negi.survey-0cy2IBc-lYsAmjb_1zlouw==/base.apk!classes17.dex (domain=app, TargetSdkVersion=36) using linking: denied
09-09 16:11:56.328 28248 28248 E com.negi.survey: hiddenapi: Accessing hidden method Landroid/net/ssl/EchConfigList;->fromBytes([B)Landroid/net/ssl/EchConfigList; (runtime_flags=0, domain=core-platform, api=blocked) from /data/app/~~WFSG0sJQYTM2F7aIBTzlxQ==/com.negi.survey-0cy2IBc-lYsAmjb_1zlouw==/base.apk!classes17.dex (domain=app, TargetSdkVersion=36) using linking: denied
09-09 16:11:56.328 28248 28248 E com.negi.survey: hiddenapi: Accessing hidden method Landroid/net/ssl/SSLSockets;->setEchConfigList(Ljavax/net/ssl/SSLSocket;Landroid/net/ssl/EchConfigList;)V (runtime_flags=0, domain=core-platform, api=blocked) from /data/app/~~WFSG0sJQYTM2F7aIBTzlxQ==/com.negi.survey-0cy2IBc-lYsAmjb_1zlouw==/base.apk!classes17.dex (domain=app, TargetSdkVersion=36) using linking: denied
09-09 16:11:56.329 28248 28367 D RuntimeLogStore: openWriter: start -> /data/user/0/com.negi.survey/files/diagnostics/runtime_logs/rtlog_20260909_231156_256_pid28248_seq1.log (bytes=0 format=LEGACY)
09-09 16:11:56.344 28248 28367 D RuntimeLogStore: retention: start files=13 kept=12 totalBytes=247640
09-09 16:11:56.367 28248 28248 D SurveyApp: LiteRTLM JNI already loaded; skip. where=onCreate(retry)
09-09 16:11:56.368 28248 28248 D SurveyApp: bootTiming: RuntimeLogStore.start took=0ms
09-09 16:11:56.368 28248 28248 D SurveyApp: bootTiming: AppRingLogStore.install took=0ms
09-09 16:11:56.368 28248 28248 D SurveyApp: onCreate: pid=28248 process=com.negi.survey isMain=true sdk=36
09-09 16:11:56.380 28248 28248 D CrashCapture: install: ensured default handler. where=SurveyApp:onCreate(rewrap) pid=28248 default=com.negi.survey.CrashCapture$CrashHandler@40755f6
09-09 16:11:56.380 28248 28248 D SurveyApp: CrashCapture installed: where=SurveyApp:onCreate(rewrap)
09-09 16:11:56.380 28248 28248 D CrashCapture: registerSelfHealing: ActivityLifecycleCallbacks registered. mode=onResumedOnly
09-09 16:11:56.380 28248 28248 D SurveyApp: CrashCapture self-healing registered.
09-09 16:11:56.380 28248 28248 W SurveyApp: Startup enqueues deferred: delay=2500ms (to reduce init contention)
09-09 16:11:56.381 28248 28248 D SurveyApp: bootTiming: onCreate total=14ms
09-09 16:11:56.982 28248 28369 D UploadRescheduleRcvr: No GitHub pending files for action=android.intent.action.MY_PACKAGE_REPLACED
09-09 16:11:57.079 28248 28369 D github_upload: enqueueStartupRuntimeLogsUpload: uniqueName=upload_runtime_logs_startup policy=KEEP session=startup_runtime_20260909_231157_1c080df8
09-09 16:11:57.445 28248 28369 D WM-PackageManagerHelper: Skipping component enablement for androidx.work.impl.background.systemjob.SystemJobService
09-09 16:11:57.445 28248 28369 D WM-Schedulers: Created SystemJobScheduler and enabled SystemJobService
09-09 16:11:57.460 28248 28409 D WM-ForceStopRunnable: Is default app process = true
09-09 16:11:57.465 28248 28409 D WM-ForceStopRunnable: Performing cleanup operations.
09-09 16:11:57.493 28248 28369 D UploadRescheduleRcvr: Enqueued runtime logs upload for action=android.intent.action.MY_PACKAGE_REPLACED reason=receiver_my_package_replaced
09-09 16:11:58.687 28248 28409 D WM-SystemJobScheduler: Reconciling jobs
09-09 16:11:58.854 28248 28409 D WM-ForceStopRunnable: Application was force-stopped, rescheduling.
09-09 16:11:58.884 28248 28248 W SurveyApp: Deferred startup enqueues begin...
09-09 16:11:58.885 28248 28248 D SurveyApp: WorkManager available. where=startupRtLogs(immediate) took=0ms
09-09 16:11:58.904 28248 28248 D SurveyApp: Startup runtime logs target -> owner=ishizuki-tech repo=SurveyExports branch=main base='/diagnostics/runtime_logs'
09-09 16:11:58.913 28248 28248 D github_upload: enqueueStartupRuntimeLogsUpload: uniqueName=upload_runtime_logs_startup policy=KEEP session=startup_runtime_20260909_231158_49ea5404
09-09 16:11:58.914 28248 28248 D SurveyApp: Startup runtime logs: enqueue requested (immediate).
09-09 16:11:58.915 28248 28248 D SurveyApp: WorkManager available. where=startupRingLogs(immediate) took=0ms
09-09 16:11:58.923 28248 28248 D SurveyApp: Startup ring logs target -> owner=ishizuki-tech repo=SurveyExports branch=main base='/diagnostics/applog_ring'
09-09 16:11:58.927 28248 28248 D github_upload: enqueueStartupRingLogsUpload: uniqueName=upload_ring_logs_startup policy=KEEP session=startup_ring_20260909_231158_eb6031cf
09-09 16:11:58.928 28248 28248 D SurveyApp: Startup ring logs: enqueue requested (immediate).
09-09 16:11:58.928 28248 28248 D SurveyApp: WorkManager available. where=enqueuePending(immediate) took=0ms
09-09 16:11:58.929 28248 28248 D SurveyApp: CrashCapture pending uploads requested (immediate).
09-09 16:11:58.930 28248 28248 W SurveyApp: Deferred startup enqueues done: took=46ms
09-09 16:11:58.930 28248 28438 D CrashCapture: enqueuePendingCrashUploadsIfPossible enter where=SurveyApp:enqueuePending(immediate):bg pid=28248 thread=CrashCapture-Enqueue
09-09 16:11:59.049 28248 28437 D WM-SystemJobScheduler: Scheduling work ID be2dfc48-8120-44c1-a1f4-30bac4ed0e8eJob ID 331
09-09 16:11:59.073 28248 28437 D WM-GreedyScheduler: Starting tracking for be2dfc48-8120-44c1-a1f4-30bac4ed0e8e
09-09 16:11:59.094 28248 28248 D WM-SystemJobService: onStartJob for WorkGenerationalId(workSpecId=be2dfc48-8120-44c1-a1f4-30bac4ed0e8e, generation=0)
