=== Previous Session Logcat ===
captured_time_utc=20260909_011549
captured_time_local=20260908_181549
marker=2026-09-08 18:15:07.454
preferred_prev_pid=-1
note=best-effort; buffers may be overwritten before next start
sdk=36
device=Google Pixel 9a
appId=com.negi.survey
versionName=0.0.1
versionCode=1

=== Logcat (since marker) ===
--------- beginning of main
09-08 18:15:44.673 23640 23640 I Zygote  : Process 23640 created for com.negi.survey
09-08 18:15:44.673 23640 23640 I com.negi.survey: Late-enabling -Xcheck:jni
09-08 18:15:45.247 23640 23640 I com.negi.survey: Using CollectorTypeCMC GC.
09-08 18:15:45.296 23640 23640 D nativeloader: Load libframework-connectivity-tiramisu-jni.so using APEX ns com_android_tethering for caller /apex/com.android.tethering/javalib/framework-connectivity-t.jar: ok
09-08 18:15:45.449 23640 23640 D ApplicationLoaders: Returning zygote-cached class loader: /system_ext/framework/androidx.window.extensions.jar
09-08 18:15:45.450 23640 23640 D ApplicationLoaders: Returning zygote-cached class loader: /system_ext/framework/androidx.window.sidecar.jar
09-08 18:15:46.233 23640 23640 D nativeloader: Configuring clns-9 for other apk /data/app/~~XCaRaI9wObV-AUa8ypQFag==/com.negi.survey.test-RaRmEScaLY7v5n0IiSBWNg==/base.apk:/data/app/~~I-oyipvI-GIV5KRbMYHWJw==/com.negi.survey-EegvML3Qj0it359tKI47qg==/base.apk. target_sdk_version=36, uses_libraries=libOpenCL.so:libOpenCL-pixel.so, library_path=/data/app/~~XCaRaI9wObV-AUa8ypQFag==/com.negi.survey.test-RaRmEScaLY7v5n0IiSBWNg==/lib/arm64:/data/app/~~I-oyipvI-GIV5KRbMYHWJw==/com.negi.survey-EegvML3Qj0it359tKI47qg==/lib/arm64:/data/app/~~XCaRaI9wObV-AUa8ypQFag==/com.negi.survey.test-RaRmEScaLY7v5n0IiSBWNg==/base.apk!/lib/arm64-v8a:/data/app/~~I-oyipvI-GIV5KRbMYHWJw==/com.negi.survey-EegvML3Qj0it359tKI47qg==/base.apk!/lib/arm64-v8a, permitted_path=/data:/mnt/expand:/data/user/0/com.negi.survey
09-08 18:15:46.256 23640 23640 V GraphicsEnvironment: Currently set values for:
09-08 18:15:46.256 23640 23640 V GraphicsEnvironment:   angle_gl_driver_selection_pkgs=[com.android.angle]
09-08 18:15:46.256 23640 23640 V GraphicsEnvironment:   angle_gl_driver_selection_values=[angle]
09-08 18:15:46.256 23640 23640 V GraphicsEnvironment: com.negi.survey is not listed in per-application setting
09-08 18:15:46.256 23640 23640 V GraphicsEnvironment: No special selections for ANGLE, returning default driver choice
09-08 18:15:46.256 23640 23640 V GraphicsEnvironment: Neither updatable production driver nor prerelease driver is supported.
09-08 18:15:46.864 23640 23640 I AndroidJUnitRunner: newApplication com.negi.survey.SurveyApp
09-08 18:15:46.917 23640 23640 D nativeloader: Load /data/app/~~I-oyipvI-GIV5KRbMYHWJw==/com.negi.survey-EegvML3Qj0it359tKI47qg==/base.apk!/lib/arm64-v8a/liblitertlm_jni.so using class loader ns clns-9 (caller=/data/app/~~I-oyipvI-GIV5KRbMYHWJw==/com.negi.survey-EegvML3Qj0it359tKI47qg==/base.apk!classes10.dex): ok
09-08 18:15:46.919 23640 23640 D SurveyApp: Loaded LiteRTLM JNI: litertlm_jni where=attachBaseContext
09-08 18:15:46.948 23640 23640 D AppRingLogStore: installed: dir=/data/user/0/com.negi.survey/files/diagnostics/applog_ring idx=0
09-08 18:15:46.948 23640 23640 D SurveyApp: attachBaseContext: pid=23640 process=com.negi.survey isMain=true sdk=36
09-08 18:15:46.949 23640 23640 D SurveyApp: bootTiming: attachBaseContext total=72ms
09-08 18:15:46.949 23640 23640 D SurveyApp: Skipping WorkManager init in attachBaseContext; will init lazily on first enqueue.
09-08 18:15:46.952 23640 23640 D CrashCapture: install: ensured default handler. where=SurveyApp:attachBaseContext pid=23640 default=com.negi.survey.CrashCapture$CrashHandler@6405464
09-08 18:15:46.952 23640 23640 D SurveyApp: CrashCapture installed: where=SurveyApp:attachBaseContext
09-08 18:15:46.970 23640 23640 E com.negi.survey: hiddenapi: Accessing hidden method Landroid/net/ssl/EchConfigMismatchException;->getRetryConfigList()Landroid/net/ssl/EchConfigList; (runtime_flags=0, domain=core-platform, api=blocked) from /data/app/~~I-oyipvI-GIV5KRbMYHWJw==/com.negi.survey-EegvML3Qj0it359tKI47qg==/base.apk!classes17.dex (domain=app, TargetSdkVersion=36) using linking: denied
09-08 18:15:46.970 23640 23640 E com.negi.survey: hiddenapi: Accessing hidden method Landroid/net/ssl/EchConfigList;->toBytes()[B (runtime_flags=0, domain=core-platform, api=blocked) from /data/app/~~I-oyipvI-GIV5KRbMYHWJw==/com.negi.survey-EegvML3Qj0it359tKI47qg==/base.apk!classes17.dex (domain=app, TargetSdkVersion=36) using linking: denied
09-08 18:15:46.971 23640 23640 E com.negi.survey: hiddenapi: Accessing hidden method Landroid/net/ssl/EchConfigList;->fromBytes([B)Landroid/net/ssl/EchConfigList; (runtime_flags=0, domain=core-platform, api=blocked) from /data/app/~~I-oyipvI-GIV5KRbMYHWJw==/com.negi.survey-EegvML3Qj0it359tKI47qg==/base.apk!classes17.dex (domain=app, TargetSdkVersion=36) using linking: denied
09-08 18:15:46.971 23640 23640 E com.negi.survey: hiddenapi: Accessing hidden method Landroid/net/ssl/SSLSockets;->setEchConfigList(Ljavax/net/ssl/SSLSocket;Landroid/net/ssl/EchConfigList;)V (runtime_flags=0, domain=core-platform, api=blocked) from /data/app/~~I-oyipvI-GIV5KRbMYHWJw==/com.negi.survey-EegvML3Qj0it359tKI47qg==/base.apk!classes17.dex (domain=app, TargetSdkVersion=36) using linking: denied
09-08 18:15:47.006 23640 23640 I AndroidJUnitRunner: onCreate Bundle[mParcelledData.dataSize=348]
09-08 18:15:47.007 23640 23640 D AndroidJUnitRunner: Use the raw file system for managing file I/O.
09-08 18:15:47.012 23640 23659 D RuntimeLogStore: openWriter: start -> /data/user/0/com.negi.survey/files/diagnostics/runtime_logs/rtlog_20260909_011546_941_pid23640_seq1.log (bytes=0 format=LEGACY)
09-08 18:15:47.016 23640 23659 D RuntimeLogStore: retention: start files=2 kept=2 totalBytes=24767
09-08 18:15:47.019 23640 23640 V TestEventClient: No service name argument was given (testDiscoveryService, testRunEventService or orchestratorService)
09-08 18:15:47.020 23640 23640 D SurveyApp: LiteRTLM JNI already loaded; skip. where=onCreate(retry)
09-08 18:15:47.020 23640 23640 D SurveyApp: bootTiming: RuntimeLogStore.start took=0ms
09-08 18:15:47.020 23640 23640 D SurveyApp: bootTiming: AppRingLogStore.install took=0ms
09-08 18:15:47.020 23640 23640 D SurveyApp: onCreate: pid=23640 process=com.negi.survey isMain=true sdk=36
09-08 18:15:47.020 23640 23665 D AndroidJUnitRunner: onStart is called.
09-08 18:15:47.030 23640 23640 D CrashCapture: install: ensured default handler. where=SurveyApp:onCreate(rewrap) pid=23640 default=com.negi.survey.CrashCapture$CrashHandler@6405464
09-08 18:15:47.030 23640 23640 D SurveyApp: CrashCapture installed: where=SurveyApp:onCreate(rewrap)
09-08 18:15:47.030 23640 23640 D CrashCapture: registerSelfHealing: ActivityLifecycleCallbacks registered. mode=onResumedOnly
09-08 18:15:47.030 23640 23640 D SurveyApp: CrashCapture self-healing registered.
09-08 18:15:47.030 23640 23640 W SurveyApp: Startup enqueues deferred: delay=2500ms (to reduce init contention)
09-08 18:15:47.030 23640 23640 D SurveyApp: bootTiming: onCreate total=11ms
09-08 18:15:47.043 23640 23665 I InstrConnection: Could not send broadcast or register receiver (isolatedProcess?)
09-08 18:15:47.109 23640 23665 I TestRunner: run started: 1 tests
09-08 18:15:47.110 23640 23665 I TestRunner: started: q8_real_model_two_step_acceptance(com.negi.survey.screens.RealLiteRtAiFollowupFlowInstrumentationTest)
09-08 18:15:47.145 23640 23665 I MS-ModelPrep: ModelAssetRule.before: api=36, modelName=gemma-3n-E4B-it-int4.litertlm, relDir=Download/SurveyNavModels
09-08 18:15:47.146 23640 23665 I UiAutomation: Initialized for user 0 on display 0
09-08 18:15:47.164 23640 23665 I MS-ModelPrep: skip adopt for API>=33 (self-owned search path available)
09-08 18:15:47.164 23640 23665 I MS-ModelPrep: Fast path: internal model exists -> /data/user/0/com.negi.survey/files/models/gemma-3n-E4B-it-int4.litertlm len=4919541760
09-08 18:15:47.195 23640 23665 I Tracing : Tracer added: class androidx.test.platform.tracing.AndroidXTracer
09-08 18:15:47.212 23640 23665 D IdlingRegistry: Registering idling resources: [androidx.compose.ui.test.EspressoLink@cae8851]
09-08 18:15:47.224 23640 23665 W Settings: Setting always_finish_activities has moved from android.provider.Settings.System to android.provider.Settings.Global, returning read-only value.
--------- beginning of system
09-08 18:15:47.252 23640 23674 I DisplayManager: Choreographer implicitly registered for the refresh rate.
09-08 18:15:47.255 23640 23674 D vulkan  : searching for layers in '/data/app/~~XCaRaI9wObV-AUa8ypQFag==/com.negi.survey.test-RaRmEScaLY7v5n0IiSBWNg==/lib/arm64'
09-08 18:15:47.255 23640 23674 D vulkan  : searching for layers in '/data/app/~~I-oyipvI-GIV5KRbMYHWJw==/com.negi.survey-EegvML3Qj0it359tKI47qg==/lib/arm64'
09-08 18:15:47.255 23640 23674 D vulkan  : searching for layers in '/data/app/~~XCaRaI9wObV-AUa8ypQFag==/com.negi.survey.test-RaRmEScaLY7v5n0IiSBWNg==/base.apk!/lib/arm64-v8a'
09-08 18:15:47.255 23640 23674 D vulkan  : searching for layers in '/data/app/~~I-oyipvI-GIV5KRbMYHWJw==/com.negi.survey-EegvML3Qj0it359tKI47qg==/base.apk!/lib/arm64-v8a'
09-08 18:15:47.260 23640 23640 D DesktopExperienceFlags: Toggle override initialized to: false
09-08 18:15:47.268 23640 23640 D LifecycleMonitor: Lifecycle status change: androidx.activity.ComponentActivity@cd3ff54 in: PRE_ON_CREATE
09-08 18:15:47.268 23640 23640 V ActivityScenario: Activity lifecycle changed event received but ignored because the reported transition was not ON_CREATE while the last known transition was PRE_ON_CREATE
09-08 18:15:47.279 23640 23640 D CompatChangeReporter: Compat change id reported: 377864165; UID 14867; state: ENABLED
09-08 18:15:47.279 23640 23640 D DesktopModeFlags: Toggle override initialized to: OVERRIDE_UNSET
09-08 18:15:47.286 23640 23640 D LifecycleMonitor: Lifecycle status change: androidx.activity.ComponentActivity@cd3ff54 in: CREATED
09-08 18:15:47.286 23640 23640 V ActivityScenario: Update currentActivityStage to CREATED, currentActivity=androidx.activity.ComponentActivity@cd3ff54
09-08 18:15:47.287 23640 23640 D LifecycleMonitor: Lifecycle status change: androidx.activity.ComponentActivity@cd3ff54 in: STARTED
09-08 18:15:47.287 23640 23640 V ActivityScenario: Update currentActivityStage to STARTED, currentActivity=androidx.activity.ComponentActivity@cd3ff54
09-08 18:15:47.288 23640 23640 I ContentCaptureHelper: Setting logging level to OFF
09-08 18:15:47.289 23640 23640 D CrashCapture: install: ensured default handler. where=selfHeal:onActivityResumed pid=23640 default=com.negi.survey.CrashCapture$CrashHandler@6405464
09-08 18:15:47.292 23640 23640 D LifecycleMonitor: Lifecycle status change: androidx.activity.ComponentActivity@cd3ff54 in: RESUMED
09-08 18:15:47.293 23640 23640 V ActivityScenario: Update currentActivityStage to RESUMED, currentActivity=androidx.activity.ComponentActivity@cd3ff54
09-08 18:15:47.321 23640 23640 D WindowOnBackDispatcher: setTopOnBackInvokedCallback (unwrapped): android.app.Activity$$ExternalSyntheticLambda0@f109c6f
09-08 18:15:47.321 23640 23640 D VRI[ComponentActivity]: WindowInsets changed: 1080x2424 statusBars:[0,152,0,0] navigationBars:[0,0,0,69] mandatorySystemGestures:[0,187,0,92] 
09-08 18:15:47.365 23640 23640 D InsetsController: hide(ime())
09-08 18:15:47.365 23640 23640 I ImeTracker: com.negi.survey:14403010: onCancelled at PHASE_CLIENT_ALREADY_HIDDEN
09-08 18:15:47.446 23640 23647 I com.negi.survey: Compiler allocated 5038KB to compile void android.view.ViewRootImpl.performTraversals()
09-08 18:15:47.830 23640 23696 I HWUI    : Using FreeType backend (prop=Auto)
09-08 18:15:47.984 23640 23665 W AiViewModelSurvey: assets/slm_config.yml not applied: slm_config.yml  
09-08 18:15:47.984 23640 23665 I AiViewModelSurvey: ╔═ SLM MERGED CONFIG (pre-Model)  
09-08 18:15:47.984 23640 23665 I AiViewModelSurvey: ║ ACCELERATOR: GPU  
09-08 18:15:47.984 23640 23665 I AiViewModelSurvey: ║ MAX_TOKENS: 512  
09-08 18:15:47.984 23640 23665 I AiViewModelSurvey: ║ TOP_K: 1  
09-08 18:15:47.984 23640 23665 I AiViewModelSurvey: ║ TOP_P: 0.0  
09-08 18:15:47.984 23640 23665 I AiViewModelSurvey: ║ TEMPERATURE: 0.0  
09-08 18:15:47.984 23640 23665 I AiViewModelSurvey: ╚═ end  
09-08 18:15:47.984 23640 23665 W AiViewModelSurvey: Initializing SLM accelerator=GPU  
09-08 18:15:47.985 23640 23665 D SLM     : initializeIfNeeded: model='gemma-3n-E4B-it' image=false audio=false
09-08 18:15:47.995 23640 23698 D LiteRtLM: Initializing LiteRT-LM: model='gemma-3n-E4B-it', key='gemma-3n-E4B-it|/data/user/0/com.negi.survey/files/models/gemma-3n-E4B-it-int4.litertlm'
09-08 18:15:47.997 23640 23698 D LiteRtLM: Capabilities: image=false audio=false
09-08 18:15:47.998 23640 23698 D LiteRtLM: Backend=com.google.ai.edge.litertlm.Backend$GPU@8ecf2b0 maxNumTokens=512 (raw=512) topK=1 topP=0.0 temp=0.0
09-08 18:15:47.998 23640 23698 D LiteRtLM: Model path='/data/user/0/com.negi.survey/files/models/gemma-3n-E4B-it-int4.litertlm' sizeBytes=4919541760 lastModified=1788913652575
09-08 18:15:47.999 23640 23698 D LiteRtLM: LiteRT-LM native benchmark policy: enabled=false emulator=false
09-08 18:15:47.999 23640 23698 D LiteRtLM: LiteRT-LM native benchmark policy: enabled=false emulator=false
09-08 18:15:48.000 23640 23698 D LiteRtLM: Speculative decoding / MTP policy: enabled=false runtimeFlagUpdated=true model='gemma-3n-E4B-it'
09-08 18:15:48.004 23640 23698 D LiteRtLM: Engine cacheDir resolved: key='gemma-3n-E4B-it|/data/user/0/com.negi.survey/files/models/gemma-3n-E4B-it-int4.litertlm' backend=com.google.ai.edge.litertlm.Backend$GPU@8ecf2b0 path='/data/user/0/com.negi.survey/no_backup/litertlm_cache/8b58dd5e854e5353723e4360d401cf7d199b6f10' filesBefore=2
09-08 18:15:48.012 23640 23698 I litert  : [environment.cc:36] Creating LiteRT environment with options
09-08 18:15:48.012 23640 23698 W litert  : [npu_registry.cc:34] NPU accelerator could not be loaded and registered: kLiteRtStatusErrorInvalidArgument.
09-08 18:15:48.012 23640 23698 I litert  : [accelerator_registry.cc:54] RegisterAccelerator: ptr=0xb40000747146b3b0, name=LiteRT GPU
09-08 18:15:48.012 23640 23698 I litert  : [gpu_registry.cc:87] Statically linked GPU accelerator registered.
09-08 18:15:48.012 23640 23698 I litert  : [accelerator_registry.cc:54] RegisterAccelerator: ptr=0xb40000747146bb30, name=CpuAccelerator
09-08 18:15:48.012 23640 23698 I litert  : [cpu_registry.cc:75] XNNPACK CPU accelerator registered.
09-08 18:15:48.279 23640 23698 I litert  : [environment.cc:36] Creating LiteRT environment with options
09-08 18:15:48.279 23640 23698 W litert  : [npu_registry.cc:34] NPU accelerator could not be loaded and registered: kLiteRtStatusErrorInvalidArgument.
09-08 18:15:48.279 23640 23698 I litert  : [accelerator_registry.cc:54] RegisterAccelerator: ptr=0xb40000747146b110, name=LiteRT GPU
09-08 18:15:48.279 23640 23698 I litert  : [gpu_registry.cc:87] Statically linked GPU accelerator registered.
09-08 18:15:48.279 23640 23698 I litert  : [accelerator_registry.cc:54] RegisterAccelerator: ptr=0xb40000747146c430, name=CpuAccelerator
09-08 18:15:48.279 23640 23698 I litert  : [cpu_registry.cc:75] XNNPACK CPU accelerator registered.
09-08 18:15:48.279 23640 23698 W native  : W0000 00:00:1788916548.279152   23698 litert_lm_loader.cc:291] Section not found: 	
09-08 18:15:48.279 23640 23698 W native  : W0000 00:00:1788916548.279296   23698 litert_lm_loader.cc:291] Section not found: 	
09-08 18:15:48.279 23640 23698 I litert  : [compiled_model.cc:833] Flatbuffer model initialized directly from incoming litert model.
09-08 18:15:48.283 23640 23698 I tflite  : Initialized TensorFlow Lite runtime.
09-08 18:15:48.315 23640 23698 W libc    : Access denied finding property "ro.mediatek.platform"
09-08 18:15:48.315 23640 23698 W libc    : Access denied finding property "ro.chipname"
09-08 18:15:48.315 23640 23698 W libc    : Access denied finding property "ro.hardware.chipname"
09-08 18:15:48.376 23640 23698 I native  : I0000 00:00:1788916548.376230   23698 delegate_opencl.cc:603] options->hint_waiting_for_completion: false
09-08 18:15:48.376 23640 23698 I native  : I0000 00:00:1788916548.376299   23698 delegate_opencl.cc:605] options->kernel_batch_size: -1
09-08 18:15:48.384 23640 23698 E libEGL  : call to OpenGL ES API with no current context (logged once per thread)
09-08 18:15:48.389 23640 23698 I litert  : [environment.cc:47] Adding options to the existing LiteRT environment
09-08 18:15:48.390 23640 23698 I tflite  : Loaded OpenCL library with dlopen.
09-08 18:15:48.391 23640 23698 I litert  : [gpu_environment.cc:220] Created OpenCL device from provided device id and platform id.
09-08 18:15:48.391 23640 23698 I litert  : [gpu_environment.cc:283] Reusing provided EGL environment.
09-08 18:15:48.391 23640 23698 I litert  : [gpu_environment.h:155] Created LiteRT GpuEnvironment.
09-08 18:15:48.391 23640 23698 I litert  : [environment.cc:47] Adding options to the existing LiteRT environment
09-08 18:15:48.457 23640 23698 I tflite  : Replacing 3326 out of 3326 node(s) with delegate (LITERT_CL) node, yielding 1 partitions for subgraph 0 (decode).
09-08 18:15:48.541 23640 23698 W native  : W0000 00:00:1788916548.541816   23698 gpu_model_builder.cc:4348] Weights preparation on Gpu is disabled for PowerVR, Broadcom, Mali GPUs and non-OpenCL/WebGPU/Metal backends.
09-08 18:15:49.531 23640 23640 W SurveyApp: Deferred startup enqueues begin...
09-08 18:15:49.583 23640 23640 D WM-PackageManagerHelper: Skipping component enablement for androidx.work.impl.background.systemjob.SystemJobService
09-08 18:15:49.583 23640 23640 D WM-Schedulers: Created SystemJobScheduler and enabled SystemJobService
09-08 18:15:49.586 23640 23707 D WM-ForceStopRunnable: Is default app process = true
09-08 18:15:49.588 23640 23707 D WM-ForceStopRunnable: Performing cleanup operations.
09-08 18:15:49.590 23640 23640 D SurveyApp: WorkManager available. where=startupRtLogs(immediate) took=57ms
09-08 18:15:49.595 23640 23640 D SurveyApp: Startup runtime logs target -> owner=ishizuki-tech repo=SurveyExports branch=main base='/diagnostics/runtime_logs'
09-08 18:15:49.604 23640 23640 D github_upload: enqueueStartupRuntimeLogsUpload: uniqueName=upload_runtime_logs_startup policy=KEEP session=startup_runtime_20260909_011549_78d5645e
09-08 18:15:49.608 23640 23640 D SurveyApp: Startup runtime logs: enqueue requested (immediate).
09-08 18:15:49.608 23640 23640 D SurveyApp: WorkManager available. where=startupRingLogs(immediate) took=0ms
09-08 18:15:49.609 23640 23640 D SurveyApp: Startup ring logs target -> owner=ishizuki-tech repo=SurveyExports branch=main base='/diagnostics/applog_ring'
09-08 18:15:49.610 23640 23640 D github_upload: enqueueStartupRingLogsUpload: uniqueName=upload_ring_logs_startup policy=KEEP session=startup_ring_20260909_011549_90b777b3
09-08 18:15:49.610 23640 23640 D SurveyApp: Startup ring logs: enqueue requested (immediate).
09-08 18:15:49.610 23640 23640 D SurveyApp: WorkManager available. where=enqueuePending(immediate) took=0ms
09-08 18:15:49.610 23640 23640 D SurveyApp: CrashCapture pending uploads requested (immediate).
09-08 18:15:49.610 23640 23640 W SurveyApp: Deferred startup enqueues done: took=79ms
09-08 18:15:49.611 23640 23709 D CrashCapture: enqueuePendingCrashUploadsIfPossible enter where=SurveyApp:enqueuePending(immediate):bg pid=23640 thread=CrashCapture-Enqueue
09-08 18:15:49.614 23640 23707 D WM-SystemJobScheduler: Reconciling jobs
09-08 18:15:49.624 23640 23707 D WM-ForceStopRunnable: Application was force-stopped, rescheduling.
