=== Previous Session Logcat ===
captured_time_utc=20260909_180537
captured_time_local=20260909_110537
marker=2026-09-09 10:30:19.144
preferred_prev_pid=-1
note=best-effort; buffers may be overwritten before next start
sdk=36
device=Google Pixel 9a
appId=com.negi.survey
versionName=0.0.1
versionCode=1

=== Logcat (since marker) ===
--------- beginning of system
09-09 11:01:22.874 32724 32755 I DisplayManager: Choreographer implicitly registered for the refresh rate.
09-09 11:01:22.988 32724 32724 D InsetsController: hide(ime())
09-09 11:01:31.033 32724 32724 D InsetsController: show(ime())
09-09 11:01:31.035 32724 32724 D InsetsController: Setting requestedVisibleTypes to 511 (was 503)
09-09 11:01:31.092 32724 32724 D InsetsController: show(ime())
09-09 11:01:31.214 32724 32724 D InsetsController: show(ime())
09-09 11:01:31.223 32724 32724 D InsetsController: show(ime())
09-09 11:01:31.948 32724 32724 D InsetsController: hide(ime())
09-09 11:01:31.948 32724 32724 D InsetsController: Setting requestedVisibleTypes to 503 (was 511)
--------- beginning of main
09-09 11:05:33.807  1199  1199 I Zygote  : Process 1199 created for com.negi.survey
09-09 11:05:33.808  1199  1199 I com.negi.survey: Late-enabling -Xcheck:jni
09-09 11:05:34.090  1199  1199 I com.negi.survey: Using CollectorTypeCMC GC.
09-09 11:05:34.114  1199  1199 D nativeloader: Load libframework-connectivity-tiramisu-jni.so using APEX ns com_android_tethering for caller /apex/com.android.tethering/javalib/framework-connectivity-t.jar: ok
09-09 11:05:34.241  1199  1199 D ApplicationLoaders: Returning zygote-cached class loader: /system_ext/framework/androidx.window.extensions.jar
09-09 11:05:34.241  1199  1199 D ApplicationLoaders: Returning zygote-cached class loader: /system_ext/framework/androidx.window.sidecar.jar
09-09 11:05:34.870  1199  1199 D nativeloader: Configuring clns-9 for other apk /data/app/~~qUk0s0ISnR1EHUC5Y6iArA==/com.negi.survey-6fICdwnN1ZUL0_eB4vlRvw==/base.apk. target_sdk_version=36, uses_libraries=libOpenCL.so:libOpenCL-pixel.so, library_path=/data/app/~~qUk0s0ISnR1EHUC5Y6iArA==/com.negi.survey-6fICdwnN1ZUL0_eB4vlRvw==/lib/arm64:/data/app/~~qUk0s0ISnR1EHUC5Y6iArA==/com.negi.survey-6fICdwnN1ZUL0_eB4vlRvw==/base.apk!/lib/arm64-v8a, permitted_path=/data:/mnt/expand:/data/user/0/com.negi.survey
09-09 11:05:34.881  1199  1199 V GraphicsEnvironment: Currently set values for:
09-09 11:05:34.881  1199  1199 V GraphicsEnvironment:   angle_gl_driver_selection_pkgs=[com.android.angle]
09-09 11:05:34.881  1199  1199 V GraphicsEnvironment:   angle_gl_driver_selection_values=[angle]
09-09 11:05:34.881  1199  1199 V GraphicsEnvironment: com.negi.survey is not listed in per-application setting
09-09 11:05:34.881  1199  1199 V GraphicsEnvironment: No special selections for ANGLE, returning default driver choice
09-09 11:05:34.881  1199  1199 V GraphicsEnvironment: Neither updatable production driver nor prerelease driver is supported.
09-09 11:05:34.920  1199  1199 D nativeloader: Load /data/app/~~qUk0s0ISnR1EHUC5Y6iArA==/com.negi.survey-6fICdwnN1ZUL0_eB4vlRvw==/base.apk!/lib/arm64-v8a/liblitertlm_jni.so using class loader ns clns-9 (caller=/data/app/~~qUk0s0ISnR1EHUC5Y6iArA==/com.negi.survey-6fICdwnN1ZUL0_eB4vlRvw==/base.apk!classes10.dex): ok
09-09 11:05:34.920  1199  1199 D SurveyApp: Loaded LiteRTLM JNI: litertlm_jni where=attachBaseContext
09-09 11:05:34.948  1199  1199 D AppRingLogStore: installed: dir=/data/user/0/com.negi.survey/files/diagnostics/applog_ring idx=0
09-09 11:05:34.948  1199  1199 D SurveyApp: attachBaseContext: pid=1199 process=com.negi.survey isMain=true sdk=36
09-09 11:05:34.949  1199  1199 D SurveyApp: bootTiming: attachBaseContext total=59ms
09-09 11:05:34.949  1199  1199 D SurveyApp: Skipping WorkManager init in attachBaseContext; will init lazily on first enqueue.
09-09 11:05:34.952  1199  1199 D CrashCapture: install: ensured default handler. where=SurveyApp:attachBaseContext pid=1199 default=com.negi.survey.CrashCapture$CrashHandler@40755f6
09-09 11:05:34.952  1199  1199 D SurveyApp: CrashCapture installed: where=SurveyApp:attachBaseContext
09-09 11:05:34.960  1199  1199 E com.negi.survey: hiddenapi: Accessing hidden method Landroid/net/ssl/EchConfigMismatchException;->getRetryConfigList()Landroid/net/ssl/EchConfigList; (runtime_flags=0, domain=core-platform, api=blocked) from /data/app/~~qUk0s0ISnR1EHUC5Y6iArA==/com.negi.survey-6fICdwnN1ZUL0_eB4vlRvw==/base.apk!classes17.dex (domain=app, TargetSdkVersion=36) using linking: denied
09-09 11:05:34.960  1199  1199 E com.negi.survey: hiddenapi: Accessing hidden method Landroid/net/ssl/EchConfigList;->toBytes()[B (runtime_flags=0, domain=core-platform, api=blocked) from /data/app/~~qUk0s0ISnR1EHUC5Y6iArA==/com.negi.survey-6fICdwnN1ZUL0_eB4vlRvw==/base.apk!classes17.dex (domain=app, TargetSdkVersion=36) using linking: denied
09-09 11:05:34.960  1199  1199 E com.negi.survey: hiddenapi: Accessing hidden method Landroid/net/ssl/EchConfigList;->fromBytes([B)Landroid/net/ssl/EchConfigList; (runtime_flags=0, domain=core-platform, api=blocked) from /data/app/~~qUk0s0ISnR1EHUC5Y6iArA==/com.negi.survey-6fICdwnN1ZUL0_eB4vlRvw==/base.apk!classes17.dex (domain=app, TargetSdkVersion=36) using linking: denied
09-09 11:05:34.960  1199  1199 E com.negi.survey: hiddenapi: Accessing hidden method Landroid/net/ssl/SSLSockets;->setEchConfigList(Ljavax/net/ssl/SSLSocket;Landroid/net/ssl/EchConfigList;)V (runtime_flags=0, domain=core-platform, api=blocked) from /data/app/~~qUk0s0ISnR1EHUC5Y6iArA==/com.negi.survey-6fICdwnN1ZUL0_eB4vlRvw==/base.apk!classes17.dex (domain=app, TargetSdkVersion=36) using linking: denied
09-09 11:05:35.014  1199  1328 D RuntimeLogStore: openWriter: start -> /data/user/0/com.negi.survey/files/diagnostics/runtime_logs/rtlog_20260909_180534_940_pid1199_seq1.log (bytes=0 format=LEGACY)
09-09 11:05:35.019  1199  1199 D SurveyApp: LiteRTLM JNI already loaded; skip. where=onCreate(retry)
09-09 11:05:35.019  1199  1199 D SurveyApp: bootTiming: RuntimeLogStore.start took=1ms
09-09 11:05:35.019  1199  1199 D SurveyApp: bootTiming: AppRingLogStore.install took=0ms
09-09 11:05:35.019  1199  1199 D SurveyApp: onCreate: pid=1199 process=com.negi.survey isMain=true sdk=36
09-09 11:05:35.024  1199  1328 D RuntimeLogStore: retention: start files=13 kept=12 totalBytes=186535
09-09 11:05:35.029  1199  1199 D CrashCapture: install: ensured default handler. where=SurveyApp:onCreate(rewrap) pid=1199 default=com.negi.survey.CrashCapture$CrashHandler@40755f6
09-09 11:05:35.029  1199  1199 D SurveyApp: CrashCapture installed: where=SurveyApp:onCreate(rewrap)
09-09 11:05:35.030  1199  1199 D CrashCapture: registerSelfHealing: ActivityLifecycleCallbacks registered. mode=onResumedOnly
09-09 11:05:35.030  1199  1199 D SurveyApp: CrashCapture self-healing registered.
09-09 11:05:35.030  1199  1199 W SurveyApp: Startup enqueues deferred: delay=2500ms (to reduce init contention)
09-09 11:05:35.030  1199  1199 D SurveyApp: bootTiming: onCreate total=12ms
09-09 11:05:35.115  1199  1330 D UploadRescheduleRcvr: No GitHub pending files for action=android.intent.action.MY_PACKAGE_REPLACED
09-09 11:05:35.196  1199  1330 D github_upload: enqueueStartupRuntimeLogsUpload: uniqueName=upload_runtime_logs_startup policy=KEEP session=startup_runtime_20260909_180535_4cbe6185
09-09 11:05:35.331  1199  1330 D WM-PackageManagerHelper: Skipping component enablement for androidx.work.impl.background.systemjob.SystemJobService
09-09 11:05:35.331  1199  1330 D WM-Schedulers: Created SystemJobScheduler and enabled SystemJobService
09-09 11:05:35.344  1199  1338 D WM-ForceStopRunnable: Is default app process = true
09-09 11:05:35.346  1199  1338 D WM-ForceStopRunnable: Performing cleanup operations.
09-09 11:05:35.378  1199  1330 D UploadRescheduleRcvr: Enqueued runtime logs upload for action=android.intent.action.MY_PACKAGE_REPLACED reason=receiver_my_package_replaced
09-09 11:05:35.459  1199  1338 D WM-SystemJobScheduler: Reconciling jobs
09-09 11:05:35.516  1199  1338 D WM-ForceStopRunnable: Application was force-stopped, rescheduling.
09-09 11:05:35.778  1199  1342 D WM-SystemJobScheduler: Scheduling work ID 1330c8d2-bd75-4dc6-b9a8-d9ec5db7d561Job ID 287
09-09 11:05:35.791  1199  1342 D WM-GreedyScheduler: Starting tracking for 1330c8d2-bd75-4dc6-b9a8-d9ec5db7d561
09-09 11:05:35.797  1199  1199 D WM-SystemJobService: onStartJob for WorkGenerationalId(workSpecId=1330c8d2-bd75-4dc6-b9a8-d9ec5db7d561, generation=0)
09-09 11:05:35.839  1199  1342 D WM-Processor: Processor: processing WorkGenerationalId(workSpecId=1330c8d2-bd75-4dc6-b9a8-d9ec5db7d561, generation=0)
09-09 11:05:35.885  1199  1199 D WM-WorkerWrapper: Starting work for com.negi.survey.net.GitHubUploadWorker
09-09 11:05:35.890  1199  1342 D WM-WorkConstraintsTrack: NetworkRequestConstraintController register shared callback
09-09 11:05:35.905  1199  1342 D WM-PackageManagerHelper: androidx.work.impl.background.systemalarm.RescheduleReceiver enabled
09-09 11:05:35.922  1199  1354 D WM-WorkConstraintsTrack: NetworkRequestConstraintController onCapabilitiesChanged callback
09-09 11:05:35.922  1199  1354 D WM-WorkConstraintsTrack: Not dispatching constraint state yet: isBlocked=null, capabilitiesInitialized=true
09-09 11:05:35.922  1199  1354 D WM-WorkConstraintsTrack: NetworkRequestConstraintController onBlockedStatusChanged callback false
09-09 11:05:35.933  1199  1338 I WM-Processor: Moving WorkSpec (1330c8d2-bd75-4dc6-b9a8-d9ec5db7d561) to the foreground
09-09 11:05:35.951  1199  1199 I WM-SystemFgDispatcher: Started foreground service Intent { act=ACTION_START_FOREGROUND xflg=0x4 cmp=com.negi.survey/androidx.work.impl.foreground.SystemForegroundService (has extras) }
09-09 11:05:35.951  1199  1199 D WM-SystemFgDispatcher: Notifying with (id:5266, workSpecId: 1330c8d2-bd75-4dc6-b9a8-d9ec5db7d561, notificationType :1)
09-09 11:05:35.956  1199  1199 D WM-SystemFgDispatcher: Notifying with (id:5266, workSpecId: 1330c8d2-bd75-4dc6-b9a8-d9ec5db7d561, notificationType :1)
09-09 11:05:35.958  1199  1338 D WM-GreedyScheduler: Constraints met: Scheduling work ID WorkGenerationalId(workSpecId=1330c8d2-bd75-4dc6-b9a8-d9ec5db7d561, generation=0)
09-09 11:05:35.960  1199  1338 D WM-WorkProgressUpdater: Updating progress for 1330c8d2-bd75-4dc6-b9a8-d9ec5db7d561 (Data {pct : 3, mode : startup_runtime_logs})
09-09 11:05:35.983  1199  1338 I WM-Processor: Moving WorkSpec (1330c8d2-bd75-4dc6-b9a8-d9ec5db7d561) to the foreground
09-09 11:05:35.987  1199  1199 D WM-SystemFgDispatcher: Notifying with (id:5266, workSpecId: 1330c8d2-bd75-4dc6-b9a8-d9ec5db7d561, notificationType :1)
09-09 11:05:35.999  1199  1338 D WM-Processor: Work WorkGenerationalId(workSpecId=1330c8d2-bd75-4dc6-b9a8-d9ec5db7d561, generation=0) is already enqueued for processing
09-09 11:05:36.002  1199  1338 D WM-WorkConstraintsTrack: NetworkRequestConstraintController send initial capabilities
09-09 11:05:37.168  1199  1328 D RuntimeLogStore: openWriter: rotate:plain_snapshot:receiver_my_package_repl -> /data/user/0/com.negi.survey/files/diagnostics/runtime_logs/rtlog_20260909_180537_167_pid1199_seq2.log (bytes=0 format=LEGACY)
09-09 11:05:37.170  1199  1328 D RuntimeLogStore: retention: rotate:plain_snapshot:receiver_my_package_repl files=13 kept=12 totalBytes=169839
09-09 11:05:37.235  1199  1330 D github_upload: doRuntimeLogsUpload: remoteBaseDir=diagnostics/runtime_logs/2026-09-09/runtime_logs_startup_runtime_20260909_180535_4cbe6185_receiver_my_package_repl toUpload=11 bytes=169504 dedupe=true deleteSource=true deletedSourcePre=0 preview='runtime_log_20260909_180537_173_pid1199_receiver_my_package_repl__rtlog_20260909_180534_940_pid1199_seq1.log|runtime_log_20260909_180537_173_pid1199_receiver_my_package_repl__rtlog_20260909_180122_133_pid32724_seq1.log|runtime_log_20260909_180537_173_pid1199_receiver_my_package_repl__rtlog_20260909_180036_399_pid32576_seq1.log|runtime_log_20260909_180537_173_pid1199_receiver_my_package_repl__rtlog_20260909_175925_286_pid32387_seq1.log|runtime_log_20260909_180537_173_pid1199_receiver_my_package_repl__rtlog_20260909_175839_146_pid32229_seq1.log|runtime_log_20260909_180537_173_pid1199_receiver_my_package_repl__rtlog_20260909_175753_848_pid31955_seq1.log|runtime_log_20260909_180537_173_pid1199_receiver_my_package_repl__rtlog_20260909_175036_204_pid31210_seq1.log|runtime_log_20260909_180537_173_pid1199_receiver_my_package_repl__rtlog_20260909_174949_817_pid31031_seq1.log|runtime_log_20260909_180537_173_pid1199_receiver_my_package_repl__rtlog_20260909_174920_936_pid30793_seq1.log|runtime_log_20260909_180537_173_pid1199_receiver_my_package_repl__rtlog_20260909_174734_595_pid30392_seq1.log'
09-09 11:05:37.238  1199  1330 D GitHubUploader: uploadStream: owner=ishizuki-tech repo=SurveyExports branch=main path=diagnostics/runtime_logs/2026-09-09/runtime_logs_startup_runtime_20260909_180535_4cbe6185_receiver_my_package_repl/runtime_log_20260909_180537_173_pid1199_receiver_my_package_repl__rtlog_20260909_180534_940_pid1199_seq1.log size=1688 maxRawBytesHint=1000000 maxRequestBytesHint=2800000
09-09 11:05:37.239  1199  1342 D WM-WorkProgressUpdater: Updating progress for 1330c8d2-bd75-4dc6-b9a8-d9ec5db7d561 (Data {pct : 10, mode : startup_runtime_logs})
09-09 11:05:37.262  1199  1342 I WM-Processor: Moving WorkSpec (1330c8d2-bd75-4dc6-b9a8-d9ec5db7d561) to the foreground
09-09 11:05:37.268  1199  1199 D WM-SystemFgDispatcher: Notifying with (id:5266, workSpecId: 1330c8d2-bd75-4dc6-b9a8-d9ec5db7d561, notificationType :1)
09-09 11:05:37.531  1199  1199 W SurveyApp: Deferred startup enqueues begin...
09-09 11:05:37.536  1199  1199 D SurveyApp: WorkManager available. where=startupRtLogs(immediate) took=1ms
09-09 11:05:37.550  1199  1199 D SurveyApp: Startup runtime logs target -> owner=ishizuki-tech repo=SurveyExports branch=main base='/diagnostics/runtime_logs'
09-09 11:05:37.557  1199  1199 D github_upload: enqueueStartupRuntimeLogsUpload: uniqueName=upload_runtime_logs_startup policy=KEEP session=startup_runtime_20260909_180537_26e75d96
09-09 11:05:37.558  1199  1199 D SurveyApp: Startup runtime logs: enqueue requested (immediate).
09-09 11:05:37.558  1199  1199 D SurveyApp: WorkManager available. where=startupRingLogs(immediate) took=0ms
09-09 11:05:37.567  1199  1199 D SurveyApp: Startup ring logs target -> owner=ishizuki-tech repo=SurveyExports branch=main base='/diagnostics/applog_ring'
09-09 11:05:37.571  1199  1199 D github_upload: enqueueStartupRingLogsUpload: uniqueName=upload_ring_logs_startup policy=KEEP session=startup_ring_20260909_180537_2d23ec93
09-09 11:05:37.572  1199  1199 D SurveyApp: Startup ring logs: enqueue requested (immediate).
09-09 11:05:37.572  1199  1199 D SurveyApp: WorkManager available. where=enqueuePending(immediate) took=0ms
09-09 11:05:37.574  1199  1199 D SurveyApp: CrashCapture pending uploads requested (immediate).
09-09 11:05:37.574  1199  1363 D CrashCapture: enqueuePendingCrashUploadsIfPossible enter where=SurveyApp:enqueuePending(immediate):bg pid=1199 thread=CrashCapture-Enqueue
09-09 11:05:37.574  1199  1199 W SurveyApp: Deferred startup enqueues done: took=44ms
