=== Previous Session Logcat ===
captured_time_utc=20260909_012717
captured_time_local=20260908_182717
marker=2026-09-08 18:19:31.586
preferred_prev_pid=-1
note=best-effort; buffers may be overwritten before next start
sdk=36
device=Google Pixel 9a
appId=com.negi.survey
versionName=0.0.1
versionCode=1

=== Logcat (since marker) ===
--------- beginning of main
09-08 18:27:12.744 24642 24642 I Zygote  : Process 24642 created for com.negi.survey
09-08 18:27:12.745 24642 24642 I com.negi.survey: Late-enabling -Xcheck:jni
09-08 18:27:13.265 24642 24642 I com.negi.survey: Using CollectorTypeCMC GC.
09-08 18:27:13.318 24642 24642 D nativeloader: Load libframework-connectivity-tiramisu-jni.so using APEX ns com_android_tethering for caller /apex/com.android.tethering/javalib/framework-connectivity-t.jar: ok
09-08 18:27:13.451 24642 24642 D ApplicationLoaders: Returning zygote-cached class loader: /system_ext/framework/androidx.window.extensions.jar
09-08 18:27:13.451 24642 24642 D ApplicationLoaders: Returning zygote-cached class loader: /system_ext/framework/androidx.window.sidecar.jar
09-08 18:27:14.162 24642 24642 D nativeloader: Configuring clns-9 for other apk /data/app/~~tCy1ceNcgAaXJ_L6z-WGYw==/com.negi.survey.test-zT1PBmB_dZ077M5b7YFy8w==/base.apk:/data/app/~~I-oyipvI-GIV5KRbMYHWJw==/com.negi.survey-EegvML3Qj0it359tKI47qg==/base.apk. target_sdk_version=36, uses_libraries=libOpenCL.so:libOpenCL-pixel.so, library_path=/data/app/~~tCy1ceNcgAaXJ_L6z-WGYw==/com.negi.survey.test-zT1PBmB_dZ077M5b7YFy8w==/lib/arm64:/data/app/~~I-oyipvI-GIV5KRbMYHWJw==/com.negi.survey-EegvML3Qj0it359tKI47qg==/lib/arm64:/data/app/~~tCy1ceNcgAaXJ_L6z-WGYw==/com.negi.survey.test-zT1PBmB_dZ077M5b7YFy8w==/base.apk!/lib/arm64-v8a:/data/app/~~I-oyipvI-GIV5KRbMYHWJw==/com.negi.survey-EegvML3Qj0it359tKI47qg==/base.apk!/lib/arm64-v8a, permitted_path=/data:/mnt/expand:/data/user/0/com.negi.survey
09-08 18:27:14.179 24642 24642 V GraphicsEnvironment: Currently set values for:
09-08 18:27:14.179 24642 24642 V GraphicsEnvironment:   angle_gl_driver_selection_pkgs=[com.android.angle]
09-08 18:27:14.179 24642 24642 V GraphicsEnvironment:   angle_gl_driver_selection_values=[angle]
09-08 18:27:14.179 24642 24642 V GraphicsEnvironment: com.negi.survey is not listed in per-application setting
09-08 18:27:14.180 24642 24642 V GraphicsEnvironment: No special selections for ANGLE, returning default driver choice
09-08 18:27:14.180 24642 24642 V GraphicsEnvironment: Neither updatable production driver nor prerelease driver is supported.
09-08 18:27:14.780 24642 24642 I AndroidJUnitRunner: newApplication com.negi.survey.SurveyApp
09-08 18:27:14.831 24642 24642 D nativeloader: Load /data/app/~~I-oyipvI-GIV5KRbMYHWJw==/com.negi.survey-EegvML3Qj0it359tKI47qg==/base.apk!/lib/arm64-v8a/liblitertlm_jni.so using class loader ns clns-9 (caller=/data/app/~~I-oyipvI-GIV5KRbMYHWJw==/com.negi.survey-EegvML3Qj0it359tKI47qg==/base.apk!classes10.dex): ok
09-08 18:27:14.831 24642 24642 D SurveyApp: Loaded LiteRTLM JNI: litertlm_jni where=attachBaseContext
09-08 18:27:14.862 24642 24642 D AppRingLogStore: installed: dir=/data/user/0/com.negi.survey/files/diagnostics/applog_ring idx=0
09-08 18:27:14.863 24642 24642 D SurveyApp: attachBaseContext: pid=24642 process=com.negi.survey isMain=true sdk=36
09-08 18:27:14.863 24642 24642 D SurveyApp: bootTiming: attachBaseContext total=76ms
09-08 18:27:14.863 24642 24642 D SurveyApp: Skipping WorkManager init in attachBaseContext; will init lazily on first enqueue.
09-08 18:27:14.866 24642 24642 D CrashCapture: install: ensured default handler. where=SurveyApp:attachBaseContext pid=24642 default=com.negi.survey.CrashCapture$CrashHandler@c7296cd
09-08 18:27:14.866 24642 24642 D SurveyApp: CrashCapture installed: where=SurveyApp:attachBaseContext
09-08 18:27:14.883 24642 24642 E com.negi.survey: hiddenapi: Accessing hidden method Landroid/net/ssl/EchConfigMismatchException;->getRetryConfigList()Landroid/net/ssl/EchConfigList; (runtime_flags=0, domain=core-platform, api=blocked) from /data/app/~~I-oyipvI-GIV5KRbMYHWJw==/com.negi.survey-EegvML3Qj0it359tKI47qg==/base.apk!classes17.dex (domain=app, TargetSdkVersion=36) using linking: denied
09-08 18:27:14.883 24642 24642 E com.negi.survey: hiddenapi: Accessing hidden method Landroid/net/ssl/EchConfigList;->toBytes()[B (runtime_flags=0, domain=core-platform, api=blocked) from /data/app/~~I-oyipvI-GIV5KRbMYHWJw==/com.negi.survey-EegvML3Qj0it359tKI47qg==/base.apk!classes17.dex (domain=app, TargetSdkVersion=36) using linking: denied
09-08 18:27:14.883 24642 24642 E com.negi.survey: hiddenapi: Accessing hidden method Landroid/net/ssl/EchConfigList;->fromBytes([B)Landroid/net/ssl/EchConfigList; (runtime_flags=0, domain=core-platform, api=blocked) from /data/app/~~I-oyipvI-GIV5KRbMYHWJw==/com.negi.survey-EegvML3Qj0it359tKI47qg==/base.apk!classes17.dex (domain=app, TargetSdkVersion=36) using linking: denied
09-08 18:27:14.883 24642 24642 E com.negi.survey: hiddenapi: Accessing hidden method Landroid/net/ssl/SSLSockets;->setEchConfigList(Ljavax/net/ssl/SSLSocket;Landroid/net/ssl/EchConfigList;)V (runtime_flags=0, domain=core-platform, api=blocked) from /data/app/~~I-oyipvI-GIV5KRbMYHWJw==/com.negi.survey-EegvML3Qj0it359tKI47qg==/base.apk!classes17.dex (domain=app, TargetSdkVersion=36) using linking: denied
09-08 18:27:14.908 24642 24642 I AndroidJUnitRunner: onCreate Bundle[mParcelledData.dataSize=348]
09-08 18:27:14.909 24642 24642 D AndroidJUnitRunner: Use the raw file system for managing file I/O.
09-08 18:27:14.913 24642 24660 D RuntimeLogStore: openWriter: start -> /data/user/0/com.negi.survey/files/diagnostics/runtime_logs/rtlog_20260909_012714_855_pid24642_seq1.log (bytes=0 format=LEGACY)
09-08 18:27:14.916 24642 24660 D RuntimeLogStore: retention: start files=2 kept=2 totalBytes=14743
09-08 18:27:14.921 24642 24642 V TestEventClient: No service name argument was given (testDiscoveryService, testRunEventService or orchestratorService)
09-08 18:27:14.922 24642 24642 D SurveyApp: LiteRTLM JNI already loaded; skip. where=onCreate(retry)
09-08 18:27:14.922 24642 24642 D SurveyApp: bootTiming: RuntimeLogStore.start took=1ms
09-08 18:27:14.922 24642 24642 D SurveyApp: bootTiming: AppRingLogStore.install took=0ms
09-08 18:27:14.923 24642 24642 D SurveyApp: onCreate: pid=24642 process=com.negi.survey isMain=true sdk=36
09-08 18:27:14.924 24642 24662 D AndroidJUnitRunner: onStart is called.
09-08 18:27:14.933 24642 24642 D CrashCapture: install: ensured default handler. where=SurveyApp:onCreate(rewrap) pid=24642 default=com.negi.survey.CrashCapture$CrashHandler@c7296cd
09-08 18:27:14.933 24642 24642 D SurveyApp: CrashCapture installed: where=SurveyApp:onCreate(rewrap)
09-08 18:27:14.933 24642 24642 D CrashCapture: registerSelfHealing: ActivityLifecycleCallbacks registered. mode=onResumedOnly
09-08 18:27:14.933 24642 24642 D SurveyApp: CrashCapture self-healing registered.
09-08 18:27:14.933 24642 24642 W SurveyApp: Startup enqueues deferred: delay=2500ms (to reduce init contention)
09-08 18:27:14.934 24642 24642 D SurveyApp: bootTiming: onCreate total=12ms
09-08 18:27:14.952 24642 24662 I InstrConnection: Could not send broadcast or register receiver (isolatedProcess?)
09-08 18:27:14.982 24642 24664 D UploadRescheduleRcvr: No GitHub pending files for action=android.intent.action.BOOT_COMPLETED
09-08 18:27:14.996 24642 24662 I TestRunner: run started: 1 tests
09-08 18:27:14.997 24642 24662 I TestRunner: started: q8_real_model_two_step_acceptance(com.negi.survey.screens.RealLiteRtAiFollowupFlowInstrumentationTest)
09-08 18:27:15.025 24642 24664 D github_upload: enqueueStartupRuntimeLogsUpload: uniqueName=upload_runtime_logs_startup policy=KEEP session=startup_runtime_20260909_012715_5e89e353
09-08 18:27:15.036 24642 24662 I MS-ModelPrep: ModelAssetRule.before: api=36, modelName=gemma-3n-E4B-it-int4.litertlm, relDir=Download/SurveyNavModels
09-08 18:27:15.036 24642 24662 I MS-ModelPrep: skip adopt for API>=33 (self-owned search path available)
09-08 18:27:15.036 24642 24662 I MS-ModelPrep: Fast path: internal model exists -> /data/user/0/com.negi.survey/files/models/gemma-3n-E4B-it-int4.litertlm len=4919541760
09-08 18:27:15.046 24642 24662 I Tracing : Tracer added: class androidx.test.platform.tracing.AndroidXTracer
09-08 18:27:15.060 24642 24664 D WM-PackageManagerHelper: Skipping component enablement for androidx.work.impl.background.systemjob.SystemJobService
09-08 18:27:15.060 24642 24664 D WM-Schedulers: Created SystemJobScheduler and enabled SystemJobService
09-08 18:27:15.064 24642 24662 D IdlingRegistry: Registering idling resources: [androidx.compose.ui.test.EspressoLink@6f0eb66]
09-08 18:27:15.066 24642 24669 D WM-ForceStopRunnable: Is default app process = true
09-08 18:27:15.069 24642 24669 D WM-ForceStopRunnable: Performing cleanup operations.
09-08 18:27:15.076 24642 24664 D UploadRescheduleRcvr: Enqueued runtime logs upload for action=android.intent.action.BOOT_COMPLETED reason=receiver_boot_completed
09-08 18:27:15.078 24642 24662 W Settings: Setting always_finish_activities has moved from android.provider.Settings.System to android.provider.Settings.Global, returning read-only value.
--------- beginning of system
09-08 18:27:15.099 24642 24670 I DisplayManager: Choreographer implicitly registered for the refresh rate.
09-08 18:27:15.102 24642 24670 D vulkan  : searching for layers in '/data/app/~~tCy1ceNcgAaXJ_L6z-WGYw==/com.negi.survey.test-zT1PBmB_dZ077M5b7YFy8w==/lib/arm64'
09-08 18:27:15.102 24642 24670 D vulkan  : searching for layers in '/data/app/~~I-oyipvI-GIV5KRbMYHWJw==/com.negi.survey-EegvML3Qj0it359tKI47qg==/lib/arm64'
09-08 18:27:15.102 24642 24670 D vulkan  : searching for layers in '/data/app/~~tCy1ceNcgAaXJ_L6z-WGYw==/com.negi.survey.test-zT1PBmB_dZ077M5b7YFy8w==/base.apk!/lib/arm64-v8a'
09-08 18:27:15.102 24642 24670 D vulkan  : searching for layers in '/data/app/~~I-oyipvI-GIV5KRbMYHWJw==/com.negi.survey-EegvML3Qj0it359tKI47qg==/base.apk!/lib/arm64-v8a'
09-08 18:27:15.106 24642 24642 D DesktopExperienceFlags: Toggle override initialized to: false
09-08 18:27:15.107 24642 24669 D WM-SystemJobScheduler: Reconciling jobs
09-08 18:27:15.112 24642 24642 D LifecycleMonitor: Lifecycle status change: androidx.activity.ComponentActivity@58aaa8f in: PRE_ON_CREATE
09-08 18:27:15.112 24642 24642 V ActivityScenario: Activity lifecycle changed event received but ignored because the reported transition was not ON_CREATE while the last known transition was PRE_ON_CREATE
09-08 18:27:15.116 24642 24669 D WM-ForceStopRunnable: Application was force-stopped, rescheduling.
09-08 18:27:15.118 24642 24642 D CompatChangeReporter: Compat change id reported: 377864165; UID 14867; state: ENABLED
09-08 18:27:15.118 24642 24642 D DesktopModeFlags: Toggle override initialized to: OVERRIDE_UNSET
09-08 18:27:15.122 24642 24642 D LifecycleMonitor: Lifecycle status change: androidx.activity.ComponentActivity@58aaa8f in: CREATED
09-08 18:27:15.122 24642 24642 V ActivityScenario: Update currentActivityStage to CREATED, currentActivity=androidx.activity.ComponentActivity@58aaa8f
09-08 18:27:15.123 24642 24642 D LifecycleMonitor: Lifecycle status change: androidx.activity.ComponentActivity@58aaa8f in: STARTED
09-08 18:27:15.124 24642 24642 V ActivityScenario: Update currentActivityStage to STARTED, currentActivity=androidx.activity.ComponentActivity@58aaa8f
09-08 18:27:15.124 24642 24642 I ContentCaptureHelper: Setting logging level to OFF
09-08 18:27:15.126 24642 24642 D CrashCapture: install: ensured default handler. where=selfHeal:onActivityResumed pid=24642 default=com.negi.survey.CrashCapture$CrashHandler@c7296cd
09-08 18:27:15.131 24642 24642 D LifecycleMonitor: Lifecycle status change: androidx.activity.ComponentActivity@58aaa8f in: RESUMED
09-08 18:27:15.131 24642 24642 V ActivityScenario: Update currentActivityStage to RESUMED, currentActivity=androidx.activity.ComponentActivity@58aaa8f
09-08 18:27:15.150 24642 24679 D WM-SystemJobScheduler: Scheduling work ID b5ddeb07-f724-4410-85dc-47522dd02418Job ID 116
09-08 18:27:15.152 24642 24679 D WM-GreedyScheduler: Starting tracking for b5ddeb07-f724-4410-85dc-47522dd02418
09-08 18:27:15.163 24642 24684 D WM-WorkConstraintsTrack: NetworkRequestConstraintController register shared callback
09-08 18:27:15.166 24642 24684 D WM-PackageManagerHelper: androidx.work.impl.background.systemalarm.RescheduleReceiver enabled
09-08 18:27:15.166 24642 24685 D WM-WorkConstraintsTrack: NetworkRequestConstraintController onCapabilitiesChanged callback
09-08 18:27:15.167 24642 24685 D WM-WorkConstraintsTrack: Not dispatching constraint state yet: isBlocked=null, capabilitiesInitialized=true
09-08 18:27:15.167 24642 24685 D WM-WorkConstraintsTrack: NetworkRequestConstraintController onBlockedStatusChanged callback false
09-08 18:27:15.168 24642 24679 D WM-GreedyScheduler: Constraints met: Scheduling work ID WorkGenerationalId(workSpecId=b5ddeb07-f724-4410-85dc-47522dd02418, generation=0)
09-08 18:27:15.174 24642 24684 D WM-Processor: Processor: processing WorkGenerationalId(workSpecId=b5ddeb07-f724-4410-85dc-47522dd02418, generation=0)
09-08 18:27:15.175 24642 24642 D WindowOnBackDispatcher: setTopOnBackInvokedCallback (unwrapped): android.app.Activity$$ExternalSyntheticLambda0@57b5061
09-08 18:27:15.176 24642 24642 D VRI[ComponentActivity]: WindowInsets changed: 1080x2424 statusBars:[0,152,0,0] navigationBars:[0,0,0,69] mandatorySystemGestures:[0,187,0,92] 
09-08 18:27:15.186 24642 24642 D WM-SystemJobService: onStartJob for WorkGenerationalId(workSpecId=b5ddeb07-f724-4410-85dc-47522dd02418, generation=0)
09-08 18:27:15.188 24642 24642 D WM-WorkerWrapper: Starting work for com.negi.survey.net.GitHubUploadWorker
09-08 18:27:15.191 24642 24678 D WM-Processor: Work WorkGenerationalId(workSpecId=b5ddeb07-f724-4410-85dc-47522dd02418, generation=0) is already enqueued for processing
09-08 18:27:15.196 24642 24669 I WM-Processor: Moving WorkSpec (b5ddeb07-f724-4410-85dc-47522dd02418) to the foreground
09-08 18:27:15.200 24642 24642 I WM-SystemFgDispatcher: Started foreground service Intent { act=ACTION_START_FOREGROUND xflg=0x4 cmp=com.negi.survey/androidx.work.impl.foreground.SystemForegroundService (has extras) }
09-08 18:27:15.201 24642 24642 D WM-SystemFgDispatcher: Notifying with (id:4326, workSpecId: b5ddeb07-f724-4410-85dc-47522dd02418, notificationType :1)
09-08 18:27:15.202 24642 24684 D WM-WorkConstraintsTrack: NetworkRequestConstraintController send initial capabilities
09-08 18:27:15.202 24642 24642 D WM-SystemFgDispatcher: Notifying with (id:4326, workSpecId: b5ddeb07-f724-4410-85dc-47522dd02418, notificationType :1)
09-08 18:27:15.202 24642 24684 D WM-WorkProgressUpdater: Updating progress for b5ddeb07-f724-4410-85dc-47522dd02418 (Data {pct : 3, mode : startup_runtime_logs})
09-08 18:27:15.210 24642 24684 I WM-Processor: Moving WorkSpec (b5ddeb07-f724-4410-85dc-47522dd02418) to the foreground
09-08 18:27:15.211 24642 24642 D WM-SystemFgDispatcher: Notifying with (id:4326, workSpecId: b5ddeb07-f724-4410-85dc-47522dd02418, notificationType :1)
09-08 18:27:15.216 24642 24642 D InsetsController: hide(ime())
09-08 18:27:15.217 24642 24642 I ImeTracker: com.negi.survey:d9e0aea8: onCancelled at PHASE_CLIENT_ALREADY_HIDDEN
09-08 18:27:15.378 24642 24649 I com.negi.survey: Compiler allocated 5038KB to compile void android.view.ViewRootImpl.performTraversals()
09-08 18:27:15.667 24642 24699 I HWUI    : Using FreeType backend (prop=Auto)
09-08 18:27:15.834 24642 24662 W AiViewModelSurvey: assets/slm_config.yml not applied: slm_config.yml  
09-08 18:27:15.835 24642 24662 I AiViewModelSurvey: ╔═ SLM MERGED CONFIG (pre-Model)  
09-08 18:27:15.835 24642 24662 I AiViewModelSurvey: ║ ACCELERATOR: GPU  
09-08 18:27:15.835 24642 24662 I AiViewModelSurvey: ║ MAX_TOKENS: 512  
09-08 18:27:15.835 24642 24662 I AiViewModelSurvey: ║ TOP_K: 1  
09-08 18:27:15.835 24642 24662 I AiViewModelSurvey: ║ TOP_P: 0.0  
09-08 18:27:15.835 24642 24662 I AiViewModelSurvey: ║ TEMPERATURE: 0.0  
09-08 18:27:15.835 24642 24662 I AiViewModelSurvey: ╚═ end  
09-08 18:27:15.835 24642 24662 W AiViewModelSurvey: Initializing SLM accelerator=GPU  
09-08 18:27:15.835 24642 24662 D SLM     : initializeIfNeeded: model='gemma-3n-E4B-it' image=false audio=false
09-08 18:27:15.844 24642 24664 D LiteRtLM: Initializing LiteRT-LM: model='gemma-3n-E4B-it', key='gemma-3n-E4B-it|/data/user/0/com.negi.survey/files/models/gemma-3n-E4B-it-int4.litertlm'
09-08 18:27:15.845 24642 24664 D LiteRtLM: Capabilities: image=false audio=false
09-08 18:27:15.846 24642 24664 D LiteRtLM: Backend=com.google.ai.edge.litertlm.Backend$GPU@eb0f6be maxNumTokens=512 (raw=512) topK=1 topP=0.0 temp=0.0
09-08 18:27:15.846 24642 24664 D LiteRtLM: Model path='/data/user/0/com.negi.survey/files/models/gemma-3n-E4B-it-int4.litertlm' sizeBytes=4919541760 lastModified=1788913652575
09-08 18:27:15.847 24642 24664 D LiteRtLM: LiteRT-LM native benchmark policy: enabled=false emulator=false
09-08 18:27:15.847 24642 24664 D LiteRtLM: LiteRT-LM native benchmark policy: enabled=false emulator=false
09-08 18:27:15.848 24642 24664 D LiteRtLM: Speculative decoding / MTP policy: enabled=false runtimeFlagUpdated=true model='gemma-3n-E4B-it'
09-08 18:27:15.850 24642 24664 D LiteRtLM: Engine cacheDir resolved: key='gemma-3n-E4B-it|/data/user/0/com.negi.survey/files/models/gemma-3n-E4B-it-int4.litertlm' backend=com.google.ai.edge.litertlm.Backend$GPU@eb0f6be path='/data/user/0/com.negi.survey/no_backup/litertlm_cache/8b58dd5e854e5353723e4360d401cf7d199b6f10' filesBefore=2
09-08 18:27:15.857 24642 24664 I litert  : [environment.cc:36] Creating LiteRT environment with options
09-08 18:27:15.858 24642 24664 W litert  : [npu_registry.cc:34] NPU accelerator could not be loaded and registered: kLiteRtStatusErrorInvalidArgument.
09-08 18:27:15.858 24642 24664 I litert  : [accelerator_registry.cc:54] RegisterAccelerator: ptr=0xb40000747146c5b0, name=LiteRT GPU
09-08 18:27:15.858 24642 24664 I litert  : [gpu_registry.cc:87] Statically linked GPU accelerator registered.
09-08 18:27:15.858 24642 24664 I litert  : [accelerator_registry.cc:54] RegisterAccelerator: ptr=0xb40000747146dc30, name=CpuAccelerator
09-08 18:27:15.858 24642 24664 I litert  : [cpu_registry.cc:75] XNNPACK CPU accelerator registered.
09-08 18:27:16.104 24642 24664 I litert  : [environment.cc:36] Creating LiteRT environment with options
09-08 18:27:16.104 24642 24664 W litert  : [npu_registry.cc:34] NPU accelerator could not be loaded and registered: kLiteRtStatusErrorInvalidArgument.
09-08 18:27:16.104 24642 24664 I litert  : [accelerator_registry.cc:54] RegisterAccelerator: ptr=0xb40000747146d6f0, name=LiteRT GPU
09-08 18:27:16.104 24642 24664 I litert  : [gpu_registry.cc:87] Statically linked GPU accelerator registered.
09-08 18:27:16.104 24642 24664 I litert  : [accelerator_registry.cc:54] RegisterAccelerator: ptr=0xb40000747146d8d0, name=CpuAccelerator
09-08 18:27:16.104 24642 24664 I litert  : [cpu_registry.cc:75] XNNPACK CPU accelerator registered.
09-08 18:27:16.104 24642 24664 W native  : W0000 00:00:1788917236.104537   24664 litert_lm_loader.cc:291] Section not found: 	
09-08 18:27:16.105 24642 24664 W native  : W0000 00:00:1788917236.105292   24664 litert_lm_loader.cc:291] Section not found: 	
09-08 18:27:16.106 24642 24664 I litert  : [compiled_model.cc:833] Flatbuffer model initialized directly from incoming litert model.
09-08 18:27:16.112 24642 24664 I tflite  : Initialized TensorFlow Lite runtime.
09-08 18:27:16.144 24642 24664 W libc    : Access denied finding property "ro.mediatek.platform"
09-08 18:27:16.144 24642 24664 W libc    : Access denied finding property "ro.chipname"
09-08 18:27:16.144 24642 24664 W libc    : Access denied finding property "ro.hardware.chipname"
09-08 18:27:16.187 24642 24664 I native  : I0000 00:00:1788917236.186979   24664 delegate_opencl.cc:603] options->hint_waiting_for_completion: false
09-08 18:27:16.187 24642 24664 I native  : I0000 00:00:1788917236.187030   24664 delegate_opencl.cc:605] options->kernel_batch_size: -1
09-08 18:27:16.193 24642 24664 E libEGL  : call to OpenGL ES API with no current context (logged once per thread)
09-08 18:27:16.197 24642 24664 I litert  : [environment.cc:47] Adding options to the existing LiteRT environment
09-08 18:27:16.197 24642 24664 I tflite  : Loaded OpenCL library with dlopen.
09-08 18:27:16.198 24642 24664 I litert  : [gpu_environment.cc:220] Created OpenCL device from provided device id and platform id.
09-08 18:27:16.200 24642 24664 I litert  : [gpu_environment.cc:283] Reusing provided EGL environment.
09-08 18:27:16.200 24642 24664 I litert  : [gpu_environment.h:155] Created LiteRT GpuEnvironment.
09-08 18:27:16.200 24642 24664 I litert  : [environment.cc:47] Adding options to the existing LiteRT environment
09-08 18:27:16.264 24642 24664 I tflite  : Replacing 3326 out of 3326 node(s) with delegate (LITERT_CL) node, yielding 1 partitions for subgraph 0 (decode).
09-08 18:27:16.327 24642 24664 W native  : W0000 00:00:1788917236.327215   24664 gpu_model_builder.cc:4348] Weights preparation on Gpu is disabled for PowerVR, Broadcom, Mali GPUs and non-OpenCL/WebGPU/Metal backends.
09-08 18:27:16.414 24642 24660 D RuntimeLogStore: openWriter: rotate:plain_snapshot:receiver_boot_completed -> /data/user/0/com.negi.survey/files/diagnostics/runtime_logs/rtlog_20260909_012716_412_pid24642_seq2.log (bytes=0 format=LEGACY)
09-08 18:27:16.415 24642 24660 D RuntimeLogStore: retention: rotate:plain_snapshot:receiver_boot_completed files=3 kept=3 totalBytes=17930
09-08 18:27:16.429 24642 24663 D github_upload: doRuntimeLogsUpload: remoteBaseDir=diagnostics/runtime_logs/2026-09-09/runtime_logs_startup_runtime_20260909_012715_5e89e353_receiver_boot_completed toUpload=2 bytes=17595 dedupe=true deleteSource=true deletedSourcePre=0 preview='runtime_log_20260909_012716_422_pid24642_receiver_boot_completed__rtlog_20260909_012714_855_pid24642_seq1.log|runtime_log_20260909_012716_422_pid24642_receiver_boot_completed__rtlog_20260909_011930_488_pid24082_seq2.log'
09-08 18:27:16.431 24642 24663 D GitHubUploader: uploadStream: owner=ishizuki-tech repo=SurveyExports branch=main path=diagnostics/runtime_logs/2026-09-09/runtime_logs_startup_runtime_20260909_012715_5e89e353_receiver_boot_completed/runtime_log_20260909_012716_422_pid24642_receiver_boot_completed__rtlog_20260909_012714_855_pid24642_seq1.log size=3169 maxRawBytesHint=1000000 maxRequestBytesHint=2800000
09-08 18:27:16.431 24642 24678 D WM-WorkProgressUpdater: Updating progress for b5ddeb07-f724-4410-85dc-47522dd02418 (Data {pct : 10, mode : startup_runtime_logs})
09-08 18:27:16.449 24642 24678 I WM-Processor: Moving WorkSpec (b5ddeb07-f724-4410-85dc-47522dd02418) to the foreground
09-08 18:27:16.451 24642 24642 D WM-SystemFgDispatcher: Notifying with (id:4326, workSpecId: b5ddeb07-f724-4410-85dc-47522dd02418, notificationType :1)
09-08 18:27:16.563 24642 24650 W com.negi.survey: userfaultfd: MOVE ioctl seems unsupported: Connection timed out
09-08 18:27:16.762 24642 24684 D WM-WorkProgressUpdater: Updating progress for b5ddeb07-f724-4410-85dc-47522dd02418 (Data {pct : 14, mode : startup_runtime_logs})
09-08 18:27:16.766 24642 24684 I WM-Processor: Moving WorkSpec (b5ddeb07-f724-4410-85dc-47522dd02418) to the foreground
09-08 18:27:16.768 24642 24684 D WM-WorkProgressUpdater: Updating progress for b5ddeb07-f724-4410-85dc-47522dd02418 (Data {pct : 50, mode : startup_runtime_logs})
09-08 18:27:16.768 24642 24642 D WM-SystemFgDispatcher: Notifying with (id:4326, workSpecId: b5ddeb07-f724-4410-85dc-47522dd02418, notificationType :1)
09-08 18:27:16.771 24642 24684 I WM-Processor: Moving WorkSpec (b5ddeb07-f724-4410-85dc-47522dd02418) to the foreground
09-08 18:27:16.775 24642 24642 D WM-SystemFgDispatcher: Notifying with (id:4326, workSpecId: b5ddeb07-f724-4410-85dc-47522dd02418, notificationType :1)
09-08 18:27:17.435 24642 24642 W SurveyApp: Deferred startup enqueues begin...
09-08 18:27:17.438 24642 24642 D SurveyApp: WorkManager available. where=startupRtLogs(immediate) took=0ms
09-08 18:27:17.446 24642 24642 D SurveyApp: Startup runtime logs target -> owner=ishizuki-tech repo=SurveyExports branch=main base='/diagnostics/runtime_logs'
09-08 18:27:17.449 24642 24642 D github_upload: enqueueStartupRuntimeLogsUpload: uniqueName=upload_runtime_logs_startup policy=KEEP session=startup_runtime_20260909_012717_0bb811f4
09-08 18:27:17.449 24642 24642 D SurveyApp: Startup runtime logs: enqueue requested (immediate).
09-08 18:27:17.449 24642 24642 D SurveyApp: WorkManager available. where=startupRingLogs(immediate) took=0ms
09-08 18:27:17.455 24642 24642 D SurveyApp: Startup ring logs target -> owner=ishizuki-tech repo=SurveyExports branch=main base='/diagnostics/applog_ring'
09-08 18:27:17.458 24642 24642 D github_upload: enqueueStartupRingLogsUpload: uniqueName=upload_ring_logs_startup policy=KEEP session=startup_ring_20260909_012717_57a96332
09-08 18:27:17.459 24642 24642 D SurveyApp: Startup ring logs: enqueue requested (immediate).
09-08 18:27:17.459 24642 24642 D SurveyApp: WorkManager available. where=enqueuePending(immediate) took=0ms
09-08 18:27:17.461 24642 24642 D SurveyApp: CrashCapture pending uploads requested (immediate).
09-08 18:27:17.461 24642 24642 W SurveyApp: Deferred startup enqueues done: took=26ms
09-08 18:27:17.461 24642 24714 D CrashCapture: enqueuePendingCrashUploadsIfPossible enter where=SurveyApp:enqueuePending(immediate):bg pid=24642 thread=CrashCapture-Enqueue
09-08 18:27:17.492 24642 24679 D WM-SystemJobScheduler: Scheduling work ID eb50f45e-0da9-4012-9924-9455823b1ae6Job ID 117
