=== Previous Session Logcat ===
captured_time_utc=20260909_172938
captured_time_local=20260909_102938
marker=2026-09-09 09:19:43.598
preferred_prev_pid=-1
note=best-effort; buffers may be overwritten before next start
sdk=36
device=Google Pixel 9a
appId=com.negi.survey
versionName=0.0.1
versionCode=1

=== Logcat (since marker) ===
--------- beginning of system
09-09 09:58:00.967 24603 24636 I DisplayManager: Choreographer implicitly registered for the refresh rate.
09-09 09:58:01.079 24603 24603 D InsetsController: hide(ime())
09-09 09:58:09.100 24603 24603 D InsetsController: show(ime())
09-09 09:58:09.101 24603 24603 D InsetsController: Setting requestedVisibleTypes to 511 (was 503)
09-09 09:58:09.154 24603 24603 D InsetsController: show(ime())
09-09 09:58:09.279 24603 24603 D InsetsController: show(ime())
09-09 09:58:09.287 24603 24603 D InsetsController: show(ime())
09-09 09:58:10.077 24603 24603 D InsetsController: hide(ime())
09-09 09:58:10.077 24603 24603 D InsetsController: Setting requestedVisibleTypes to 503 (was 511)
--------- beginning of main
09-09 10:29:34.781 26447 26447 I Zygote  : Process 26447 created for com.negi.survey
09-09 10:29:34.783 26447 26447 I com.negi.survey: Late-enabling -Xcheck:jni
09-09 10:29:35.008 26447 26447 I com.negi.survey: Using CollectorTypeCMC GC.
09-09 10:29:35.022 26447 26447 D nativeloader: Load libframework-connectivity-tiramisu-jni.so using APEX ns com_android_tethering for caller /apex/com.android.tethering/javalib/framework-connectivity-t.jar: ok
09-09 10:29:35.072 26447 26447 D ApplicationLoaders: Returning zygote-cached class loader: /system_ext/framework/androidx.window.extensions.jar
09-09 10:29:35.072 26447 26447 D ApplicationLoaders: Returning zygote-cached class loader: /system_ext/framework/androidx.window.sidecar.jar
09-09 10:29:35.627 26447 26447 D nativeloader: Configuring clns-9 for other apk /data/app/~~-B8Yggts6aQNC0bL9f0nfw==/com.negi.survey-jxnL71bz8vSzQjnfmjUTqQ==/base.apk. target_sdk_version=36, uses_libraries=libOpenCL.so:libOpenCL-pixel.so, library_path=/data/app/~~-B8Yggts6aQNC0bL9f0nfw==/com.negi.survey-jxnL71bz8vSzQjnfmjUTqQ==/lib/arm64:/data/app/~~-B8Yggts6aQNC0bL9f0nfw==/com.negi.survey-jxnL71bz8vSzQjnfmjUTqQ==/base.apk!/lib/arm64-v8a, permitted_path=/data:/mnt/expand:/data/user/0/com.negi.survey
09-09 10:29:35.639 26447 26447 V GraphicsEnvironment: Currently set values for:
09-09 10:29:35.639 26447 26447 V GraphicsEnvironment:   angle_gl_driver_selection_pkgs=[com.android.angle]
09-09 10:29:35.639 26447 26447 V GraphicsEnvironment:   angle_gl_driver_selection_values=[angle]
09-09 10:29:35.639 26447 26447 V GraphicsEnvironment: com.negi.survey is not listed in per-application setting
09-09 10:29:35.639 26447 26447 V GraphicsEnvironment: No special selections for ANGLE, returning default driver choice
09-09 10:29:35.639 26447 26447 V GraphicsEnvironment: Neither updatable production driver nor prerelease driver is supported.
09-09 10:29:35.679 26447 26447 D nativeloader: Load /data/app/~~-B8Yggts6aQNC0bL9f0nfw==/com.negi.survey-jxnL71bz8vSzQjnfmjUTqQ==/base.apk!/lib/arm64-v8a/liblitertlm_jni.so using class loader ns clns-9 (caller=/data/app/~~-B8Yggts6aQNC0bL9f0nfw==/com.negi.survey-jxnL71bz8vSzQjnfmjUTqQ==/base.apk!classes10.dex): ok
09-09 10:29:35.680 26447 26447 D SurveyApp: Loaded LiteRTLM JNI: litertlm_jni where=attachBaseContext
09-09 10:29:35.712 26447 26447 D AppRingLogStore: installed: dir=/data/user/0/com.negi.survey/files/diagnostics/applog_ring idx=0
09-09 10:29:35.712 26447 26447 D SurveyApp: attachBaseContext: pid=26447 process=com.negi.survey isMain=true sdk=36
09-09 10:29:35.713 26447 26447 D SurveyApp: bootTiming: attachBaseContext total=65ms
09-09 10:29:35.714 26447 26447 D SurveyApp: Skipping WorkManager init in attachBaseContext; will init lazily on first enqueue.
09-09 10:29:35.717 26447 26447 D CrashCapture: install: ensured default handler. where=SurveyApp:attachBaseContext pid=26447 default=com.negi.survey.CrashCapture$CrashHandler@20b6291
09-09 10:29:35.717 26447 26447 D SurveyApp: CrashCapture installed: where=SurveyApp:attachBaseContext
09-09 10:29:35.725 26447 26447 E com.negi.survey: hiddenapi: Accessing hidden method Landroid/net/ssl/EchConfigMismatchException;->getRetryConfigList()Landroid/net/ssl/EchConfigList; (runtime_flags=0, domain=core-platform, api=blocked) from /data/app/~~-B8Yggts6aQNC0bL9f0nfw==/com.negi.survey-jxnL71bz8vSzQjnfmjUTqQ==/base.apk!classes17.dex (domain=app, TargetSdkVersion=36) using linking: denied
09-09 10:29:35.725 26447 26447 E com.negi.survey: hiddenapi: Accessing hidden method Landroid/net/ssl/EchConfigList;->toBytes()[B (runtime_flags=0, domain=core-platform, api=blocked) from /data/app/~~-B8Yggts6aQNC0bL9f0nfw==/com.negi.survey-jxnL71bz8vSzQjnfmjUTqQ==/base.apk!classes17.dex (domain=app, TargetSdkVersion=36) using linking: denied
09-09 10:29:35.726 26447 26447 E com.negi.survey: hiddenapi: Accessing hidden method Landroid/net/ssl/EchConfigList;->fromBytes([B)Landroid/net/ssl/EchConfigList; (runtime_flags=0, domain=core-platform, api=blocked) from /data/app/~~-B8Yggts6aQNC0bL9f0nfw==/com.negi.survey-jxnL71bz8vSzQjnfmjUTqQ==/base.apk!classes17.dex (domain=app, TargetSdkVersion=36) using linking: denied
09-09 10:29:35.726 26447 26447 E com.negi.survey: hiddenapi: Accessing hidden method Landroid/net/ssl/SSLSockets;->setEchConfigList(Ljavax/net/ssl/SSLSocket;Landroid/net/ssl/EchConfigList;)V (runtime_flags=0, domain=core-platform, api=blocked) from /data/app/~~-B8Yggts6aQNC0bL9f0nfw==/com.negi.survey-jxnL71bz8vSzQjnfmjUTqQ==/base.apk!classes17.dex (domain=app, TargetSdkVersion=36) using linking: denied
09-09 10:29:35.771 26447 26543 D RuntimeLogStore: openWriter: start -> /data/user/0/com.negi.survey/files/diagnostics/runtime_logs/rtlog_20260909_172935_711_pid26447_seq1.log (bytes=0 format=LEGACY)
09-09 10:29:35.774 26447 26447 D SurveyApp: LiteRTLM JNI already loaded; skip. where=onCreate(retry)
09-09 10:29:35.774 26447 26447 D SurveyApp: bootTiming: RuntimeLogStore.start took=0ms
09-09 10:29:35.774 26447 26447 D SurveyApp: bootTiming: AppRingLogStore.install took=0ms
09-09 10:29:35.775 26447 26447 D SurveyApp: onCreate: pid=26447 process=com.negi.survey isMain=true sdk=36
09-09 10:29:35.781 26447 26543 D RuntimeLogStore: retention: start files=13 kept=12 totalBytes=244759
09-09 10:29:35.787 26447 26447 D CrashCapture: install: ensured default handler. where=SurveyApp:onCreate(rewrap) pid=26447 default=com.negi.survey.CrashCapture$CrashHandler@20b6291
09-09 10:29:35.787 26447 26447 D SurveyApp: CrashCapture installed: where=SurveyApp:onCreate(rewrap)
09-09 10:29:35.788 26447 26447 D CrashCapture: registerSelfHealing: ActivityLifecycleCallbacks registered. mode=onResumedOnly
09-09 10:29:35.788 26447 26447 D SurveyApp: CrashCapture self-healing registered.
09-09 10:29:35.788 26447 26447 W SurveyApp: Startup enqueues deferred: delay=2500ms (to reduce init contention)
09-09 10:29:35.788 26447 26447 D SurveyApp: bootTiming: onCreate total=15ms
09-09 10:29:35.918 26447 26546 D UploadRescheduleRcvr: No GitHub pending files for action=android.intent.action.MY_PACKAGE_REPLACED
09-09 10:29:36.021 26447 26546 D github_upload: enqueueStartupRuntimeLogsUpload: uniqueName=upload_runtime_logs_startup policy=KEEP session=startup_runtime_20260909_172935_8db4e585
09-09 10:29:36.173 26447 26546 D WM-PackageManagerHelper: Skipping component enablement for androidx.work.impl.background.systemjob.SystemJobService
09-09 10:29:36.173 26447 26546 D WM-Schedulers: Created SystemJobScheduler and enabled SystemJobService
09-09 10:29:36.183 26447 26561 D WM-ForceStopRunnable: Is default app process = true
09-09 10:29:36.184 26447 26561 D WM-ForceStopRunnable: Performing cleanup operations.
09-09 10:29:36.221 26447 26546 D UploadRescheduleRcvr: Enqueued runtime logs upload for action=android.intent.action.MY_PACKAGE_REPLACED reason=receiver_my_package_replaced
09-09 10:29:36.269 26447 26561 D WM-SystemJobScheduler: Reconciling jobs
09-09 10:29:36.316 26447 26561 D WM-ForceStopRunnable: Application was force-stopped, rescheduling.
09-09 10:29:36.515 26447 26564 D WM-SystemJobScheduler: Scheduling work ID 6ae90262-de3a-4274-b5e1-24ddc8d394abJob ID 229
09-09 10:29:36.534 26447 26564 D WM-GreedyScheduler: Starting tracking for 6ae90262-de3a-4274-b5e1-24ddc8d394ab
09-09 10:29:36.546 26447 26447 D WM-SystemJobService: onStartJob for WorkGenerationalId(workSpecId=6ae90262-de3a-4274-b5e1-24ddc8d394ab, generation=0)
09-09 10:29:36.578 26447 26564 D WM-Processor: Processor: processing WorkGenerationalId(workSpecId=6ae90262-de3a-4274-b5e1-24ddc8d394ab, generation=0)
09-09 10:29:36.626 26447 26447 D WM-WorkerWrapper: Starting work for com.negi.survey.net.GitHubUploadWorker
09-09 10:29:36.630 26447 26564 D WM-WorkConstraintsTrack: NetworkRequestConstraintController register shared callback
09-09 10:29:36.664 26447 26564 D WM-PackageManagerHelper: androidx.work.impl.background.systemalarm.RescheduleReceiver enabled
09-09 10:29:36.666 26447 26566 D WM-WorkConstraintsTrack: NetworkRequestConstraintController onCapabilitiesChanged callback
09-09 10:29:36.667 26447 26566 D WM-WorkConstraintsTrack: Not dispatching constraint state yet: isBlocked=null, capabilitiesInitialized=true
09-09 10:29:36.667 26447 26566 D WM-WorkConstraintsTrack: NetworkRequestConstraintController onBlockedStatusChanged callback false
09-09 10:29:36.676 26447 26561 D WM-GreedyScheduler: Constraints met: Scheduling work ID WorkGenerationalId(workSpecId=6ae90262-de3a-4274-b5e1-24ddc8d394ab, generation=0)
09-09 10:29:36.698 26447 26561 D WM-Processor: Work WorkGenerationalId(workSpecId=6ae90262-de3a-4274-b5e1-24ddc8d394ab, generation=0) is already enqueued for processing
09-09 10:29:36.707 26447 26561 I WM-Processor: Moving WorkSpec (6ae90262-de3a-4274-b5e1-24ddc8d394ab) to the foreground
09-09 10:29:36.762 26447 26563 D WM-WorkProgressUpdater: Updating progress for 6ae90262-de3a-4274-b5e1-24ddc8d394ab (Data {pct : 3, mode : startup_runtime_logs})
09-09 10:29:36.769 26447 26447 I WM-SystemFgDispatcher: Started foreground service Intent { act=ACTION_START_FOREGROUND xflg=0x4 cmp=com.negi.survey/androidx.work.impl.foreground.SystemForegroundService (has extras) }
09-09 10:29:36.771 26447 26447 D WM-SystemFgDispatcher: Notifying with (id:4708, workSpecId: 6ae90262-de3a-4274-b5e1-24ddc8d394ab, notificationType :1)
09-09 10:29:36.794 26447 26447 D WM-SystemFgDispatcher: Notifying with (id:4708, workSpecId: 6ae90262-de3a-4274-b5e1-24ddc8d394ab, notificationType :1)
09-09 10:29:36.821 26447 26563 I WM-Processor: Moving WorkSpec (6ae90262-de3a-4274-b5e1-24ddc8d394ab) to the foreground
09-09 10:29:36.828 26447 26447 D WM-SystemFgDispatcher: Notifying with (id:4708, workSpecId: 6ae90262-de3a-4274-b5e1-24ddc8d394ab, notificationType :1)
09-09 10:29:36.834 26447 26561 D WM-WorkConstraintsTrack: NetworkRequestConstraintController send initial capabilities
09-09 10:29:38.000 26447 26543 D RuntimeLogStore: openWriter: rotate:plain_snapshot:receiver_my_package_repl -> /data/user/0/com.negi.survey/files/diagnostics/runtime_logs/rtlog_20260909_172937_996_pid26447_seq2.log (bytes=0 format=LEGACY)
09-09 10:29:38.008 26447 26543 D RuntimeLogStore: retention: rotate:plain_snapshot:receiver_my_package_repl files=13 kept=12 totalBytes=242193
09-09 10:29:38.097 26447 26546 D github_upload: doRuntimeLogsUpload: remoteBaseDir=diagnostics/runtime_logs/2026-09-09/runtime_logs_startup_runtime_20260909_172935_8db4e585_receiver_my_package_repl toUpload=11 bytes=241857 dedupe=true deleteSource=true deletedSourcePre=0 preview='runtime_log_20260909_172938_018_pid26447_receiver_my_package_repl__rtlog_20260909_172935_711_pid26447_seq1.log|runtime_log_20260909_172938_018_pid26447_receiver_my_package_repl__rtlog_20260909_165800_198_pid24603_seq1.log|runtime_log_20260909_172938_018_pid26447_receiver_my_package_repl__rtlog_20260909_165706_134_pid24454_seq1.log|runtime_log_20260909_172938_018_pid26447_receiver_my_package_repl__rtlog_20260909_165604_380_pid24216_seq1.log|runtime_log_20260909_172938_018_pid26447_receiver_my_package_repl__rtlog_20260909_165450_104_pid24046_seq1.log|runtime_log_20260909_172938_018_pid26447_receiver_my_package_repl__rtlog_20260909_165342_683_pid23870_seq1.log|runtime_log_20260909_172938_018_pid26447_receiver_my_package_repl__rtlog_20260909_165250_038_pid23721_seq1.log|runtime_log_20260909_172938_018_pid26447_receiver_my_package_repl__rtlog_20260909_165138_502_pid23544_seq1.log|runtime_log_20260909_172938_018_pid26447_receiver_my_package_repl__rtlog_20260909_164831_526_pid23243_seq1.log|runtime_log_20260909_172938_018_pid26447_receiver_my_package_repl__rtlog_20260909_164744_748_pid23067_seq1.log'
09-09 10:29:38.106 26447 26546 D GitHubUploader: uploadStream: owner=ishizuki-tech repo=SurveyExports branch=main path=diagnostics/runtime_logs/2026-09-09/runtime_logs_startup_runtime_20260909_172935_8db4e585_receiver_my_package_repl/runtime_log_20260909_172938_018_pid26447_receiver_my_package_repl__rtlog_20260909_172935_711_pid26447_seq1.log size=1691 maxRawBytesHint=1000000 maxRequestBytesHint=2800000
09-09 10:29:38.108 26447 26563 D WM-WorkProgressUpdater: Updating progress for 6ae90262-de3a-4274-b5e1-24ddc8d394ab (Data {pct : 10, mode : startup_runtime_logs})
09-09 10:29:38.142 26447 26563 I WM-Processor: Moving WorkSpec (6ae90262-de3a-4274-b5e1-24ddc8d394ab) to the foreground
09-09 10:29:38.154 26447 26447 D WM-SystemFgDispatcher: Notifying with (id:4708, workSpecId: 6ae90262-de3a-4274-b5e1-24ddc8d394ab, notificationType :1)
09-09 10:29:38.289 26447 26447 W SurveyApp: Deferred startup enqueues begin...
09-09 10:29:38.291 26447 26447 D SurveyApp: WorkManager available. where=startupRtLogs(immediate) took=0ms
09-09 10:29:38.301 26447 26447 D SurveyApp: Startup runtime logs target -> owner=ishizuki-tech repo=SurveyExports branch=main base='/diagnostics/runtime_logs'
09-09 10:29:38.305 26447 26447 D github_upload: enqueueStartupRuntimeLogsUpload: uniqueName=upload_runtime_logs_startup policy=KEEP session=startup_runtime_20260909_172938_4e5a5e80
09-09 10:29:38.306 26447 26447 D SurveyApp: Startup runtime logs: enqueue requested (immediate).
09-09 10:29:38.306 26447 26447 D SurveyApp: WorkManager available. where=startupRingLogs(immediate) took=1ms
09-09 10:29:38.309 26447 26447 D SurveyApp: Startup ring logs target -> owner=ishizuki-tech repo=SurveyExports branch=main base='/diagnostics/applog_ring'
09-09 10:29:38.310 26447 26447 D github_upload: enqueueStartupRingLogsUpload: uniqueName=upload_ring_logs_startup policy=KEEP session=startup_ring_20260909_172938_d96f80b2
09-09 10:29:38.310 26447 26447 D SurveyApp: Startup ring logs: enqueue requested (immediate).
09-09 10:29:38.311 26447 26447 D SurveyApp: WorkManager available. where=enqueuePending(immediate) took=0ms
09-09 10:29:38.311 26447 26447 D SurveyApp: CrashCapture pending uploads requested (immediate).
09-09 10:29:38.312 26447 26447 W SurveyApp: Deferred startup enqueues done: took=22ms
09-09 10:29:38.313 26447 26576 D CrashCapture: enqueuePendingCrashUploadsIfPossible enter where=SurveyApp:enqueuePending(immediate):bg pid=26447 thread=CrashCapture-Enqueue
09-09 10:29:38.409 26447 26561 D WM-SystemJobScheduler: Scheduling work ID d24d1f22-a88d-4e13-abc2-b50707303cd8Job ID 230
09-09 10:29:38.417 26447 26447 D WM-SystemJobService: onStartJob for WorkGenerationalId(workSpecId=d24d1f22-a88d-4e13-abc2-b50707303cd8, generation=0)
09-09 10:29:38.419 26447 26561 D WM-GreedyScheduler: Starting tracking for d24d1f22-a88d-4e13-abc2-b50707303cd8
