=== Previous Session Logcat ===
captured_time_utc=20260909_005325
captured_time_local=20260908_175325
marker=2026-09-08 17:52:54.876
preferred_prev_pid=-1
note=best-effort; buffers may be overwritten before next start
sdk=36
device=Google Pixel 9a
appId=com.negi.survey
versionName=0.0.1
versionCode=1

=== Logcat (since marker) ===
--------- beginning of main
09-08 17:53:21.695 21247 21247 I Zygote  : Process 21247 created for com.negi.survey
09-08 17:53:21.695 21247 21247 I com.negi.survey: Late-enabling -Xcheck:jni
09-08 17:53:21.760 21247 21247 I com.negi.survey: Using CollectorTypeCMC GC.
09-08 17:53:21.771 21247 21247 D nativeloader: Load libframework-connectivity-tiramisu-jni.so using APEX ns com_android_tethering for caller /apex/com.android.tethering/javalib/framework-connectivity-t.jar: ok
09-08 17:53:21.841 21247 21247 D ApplicationLoaders: Returning zygote-cached class loader: /system_ext/framework/androidx.window.extensions.jar
09-08 17:53:21.841 21247 21247 D ApplicationLoaders: Returning zygote-cached class loader: /system_ext/framework/androidx.window.sidecar.jar
09-08 17:53:22.451 21247 21247 D nativeloader: Configuring clns-9 for other apk /data/app/~~ZMXZ__hVbh03AE-MCJfYdg==/com.negi.survey.test-qVA2ckCuSyhq8xYBs6kxJA==/base.apk:/data/app/~~8NSaxGZuWf-NllJtmGNIxg==/com.negi.survey-a3fA8ZFNA7iAlB6f32JPTQ==/base.apk. target_sdk_version=36, uses_libraries=libOpenCL.so:libOpenCL-pixel.so, library_path=/data/app/~~ZMXZ__hVbh03AE-MCJfYdg==/com.negi.survey.test-qVA2ckCuSyhq8xYBs6kxJA==/lib/arm64:/data/app/~~8NSaxGZuWf-NllJtmGNIxg==/com.negi.survey-a3fA8ZFNA7iAlB6f32JPTQ==/lib/arm64:/data/app/~~ZMXZ__hVbh03AE-MCJfYdg==/com.negi.survey.test-qVA2ckCuSyhq8xYBs6kxJA==/base.apk!/lib/arm64-v8a:/data/app/~~8NSaxGZuWf-NllJtmGNIxg==/com.negi.survey-a3fA8ZFNA7iAlB6f32JPTQ==/base.apk!/lib/arm64-v8a, permitted_path=/data:/mnt/expand:/data/user/0/com.negi.survey
09-08 17:53:22.461 21247 21247 V GraphicsEnvironment: Currently set values for:
09-08 17:53:22.461 21247 21247 V GraphicsEnvironment:   angle_gl_driver_selection_pkgs=[com.android.angle]
09-08 17:53:22.461 21247 21247 V GraphicsEnvironment:   angle_gl_driver_selection_values=[angle]
09-08 17:53:22.461 21247 21247 V GraphicsEnvironment: com.negi.survey is not listed in per-application setting
09-08 17:53:22.461 21247 21247 V GraphicsEnvironment: No special selections for ANGLE, returning default driver choice
09-08 17:53:22.461 21247 21247 V GraphicsEnvironment: Neither updatable production driver nor prerelease driver is supported.
09-08 17:53:23.076 21247 21247 I AndroidJUnitRunner: newApplication com.negi.survey.SurveyApp
09-08 17:53:23.112 21247 21247 D nativeloader: Load /data/app/~~8NSaxGZuWf-NllJtmGNIxg==/com.negi.survey-a3fA8ZFNA7iAlB6f32JPTQ==/base.apk!/lib/arm64-v8a/liblitertlm_jni.so using class loader ns clns-9 (caller=/data/app/~~8NSaxGZuWf-NllJtmGNIxg==/com.negi.survey-a3fA8ZFNA7iAlB6f32JPTQ==/base.apk!classes10.dex): ok
09-08 17:53:23.112 21247 21247 D SurveyApp: Loaded LiteRTLM JNI: litertlm_jni where=attachBaseContext
09-08 17:53:23.136 21247 21247 D AppRingLogStore: installed: dir=/data/user/0/com.negi.survey/files/diagnostics/applog_ring idx=0
09-08 17:53:23.136 21247 21247 D SurveyApp: attachBaseContext: pid=21247 process=com.negi.survey isMain=true sdk=36
09-08 17:53:23.137 21247 21247 D SurveyApp: bootTiming: attachBaseContext total=54ms
09-08 17:53:23.137 21247 21247 D SurveyApp: Skipping WorkManager init in attachBaseContext; will init lazily on first enqueue.
09-08 17:53:23.140 21247 21247 D CrashCapture: install: ensured default handler. where=SurveyApp:attachBaseContext pid=21247 default=com.negi.survey.CrashCapture$CrashHandler@6405464
09-08 17:53:23.140 21247 21247 D SurveyApp: CrashCapture installed: where=SurveyApp:attachBaseContext
09-08 17:53:23.141 21247 21264 D RuntimeLogStore: openWriter: start -> /data/user/0/com.negi.survey/files/diagnostics/runtime_logs/rtlog_20260909_005323_133_pid21247_seq1.log (bytes=0 format=LEGACY)
09-08 17:53:23.143 21247 21264 D RuntimeLogStore: retention: start files=2 kept=2 totalBytes=1743
09-08 17:53:23.151 21247 21247 E com.negi.survey: hiddenapi: Accessing hidden method Landroid/net/ssl/EchConfigMismatchException;->getRetryConfigList()Landroid/net/ssl/EchConfigList; (runtime_flags=0, domain=core-platform, api=blocked) from /data/app/~~8NSaxGZuWf-NllJtmGNIxg==/com.negi.survey-a3fA8ZFNA7iAlB6f32JPTQ==/base.apk!classes17.dex (domain=app, TargetSdkVersion=36) using linking: denied
09-08 17:53:23.151 21247 21247 E com.negi.survey: hiddenapi: Accessing hidden method Landroid/net/ssl/EchConfigList;->toBytes()[B (runtime_flags=0, domain=core-platform, api=blocked) from /data/app/~~8NSaxGZuWf-NllJtmGNIxg==/com.negi.survey-a3fA8ZFNA7iAlB6f32JPTQ==/base.apk!classes17.dex (domain=app, TargetSdkVersion=36) using linking: denied
09-08 17:53:23.152 21247 21247 E com.negi.survey: hiddenapi: Accessing hidden method Landroid/net/ssl/EchConfigList;->fromBytes([B)Landroid/net/ssl/EchConfigList; (runtime_flags=0, domain=core-platform, api=blocked) from /data/app/~~8NSaxGZuWf-NllJtmGNIxg==/com.negi.survey-a3fA8ZFNA7iAlB6f32JPTQ==/base.apk!classes17.dex (domain=app, TargetSdkVersion=36) using linking: denied
09-08 17:53:23.152 21247 21247 E com.negi.survey: hiddenapi: Accessing hidden method Landroid/net/ssl/SSLSockets;->setEchConfigList(Ljavax/net/ssl/SSLSocket;Landroid/net/ssl/EchConfigList;)V (runtime_flags=0, domain=core-platform, api=blocked) from /data/app/~~8NSaxGZuWf-NllJtmGNIxg==/com.negi.survey-a3fA8ZFNA7iAlB6f32JPTQ==/base.apk!classes17.dex (domain=app, TargetSdkVersion=36) using linking: denied
09-08 17:53:23.160 21247 21247 I AndroidJUnitRunner: onCreate Bundle[mParcelledData.dataSize=232]
09-08 17:53:23.160 21247 21247 D AndroidJUnitRunner: Use the raw file system for managing file I/O.
09-08 17:53:23.165 21247 21247 V TestEventClient: No service name argument was given (testDiscoveryService, testRunEventService or orchestratorService)
09-08 17:53:23.165 21247 21247 D SurveyApp: LiteRTLM JNI already loaded; skip. where=onCreate(retry)
09-08 17:53:23.166 21247 21266 D AndroidJUnitRunner: onStart is called.
09-08 17:53:23.167 21247 21247 D SurveyApp: bootTiming: RuntimeLogStore.start took=1ms
09-08 17:53:23.168 21247 21247 D SurveyApp: bootTiming: AppRingLogStore.install took=0ms
09-08 17:53:23.168 21247 21247 D SurveyApp: onCreate: pid=21247 process=com.negi.survey isMain=true sdk=36
09-08 17:53:23.177 21247 21247 D CrashCapture: install: ensured default handler. where=SurveyApp:onCreate(rewrap) pid=21247 default=com.negi.survey.CrashCapture$CrashHandler@6405464
09-08 17:53:23.177 21247 21247 D SurveyApp: CrashCapture installed: where=SurveyApp:onCreate(rewrap)
09-08 17:53:23.177 21247 21247 D CrashCapture: registerSelfHealing: ActivityLifecycleCallbacks registered. mode=onResumedOnly
09-08 17:53:23.177 21247 21247 D SurveyApp: CrashCapture self-healing registered.
09-08 17:53:23.177 21247 21247 W SurveyApp: Startup enqueues deferred: delay=2500ms (to reduce init contention)
09-08 17:53:23.178 21247 21247 D SurveyApp: bootTiming: onCreate total=12ms
09-08 17:53:23.192 21247 21266 I InstrConnection: Could not send broadcast or register receiver (isolatedProcess?)
09-08 17:53:23.263 21247 21266 I TestRunner: run started: 1 tests
09-08 17:53:23.264 21247 21266 I TestRunner: started: q8_real_model_two_step_acceptance(com.negi.survey.screens.RealLiteRtAiFollowupFlowInstrumentationTest)
09-08 17:53:23.298 21247 21266 I MS-ModelPrep: ModelAssetRule.before: api=36, modelName=gemma-3n-E4B-it-int4.litertlm, relDir=Download/SurveyNavModels
09-08 17:53:23.299 21247 21266 I UiAutomation: Initialized for user 0 on display 0
09-08 17:53:23.312 21247 21266 I MS-ModelPrep: skip adopt for API>=33 (self-owned search path available)
09-08 17:53:23.313 21247 21266 I MS-ModelPrep: Fast path: internal model exists -> /data/user/0/com.negi.survey/files/models/gemma-3n-E4B-it-int4.litertlm len=4919541760
09-08 17:53:23.327 21247 21266 I Tracing : Tracer added: class androidx.test.platform.tracing.AndroidXTracer
09-08 17:53:23.348 21247 21266 D IdlingRegistry: Registering idling resources: [androidx.compose.ui.test.EspressoLink@37ee8b6]
09-08 17:53:23.358 21247 21266 W Settings: Setting always_finish_activities has moved from android.provider.Settings.System to android.provider.Settings.Global, returning read-only value.
--------- beginning of system
09-08 17:53:23.379 21247 21272 I DisplayManager: Choreographer implicitly registered for the refresh rate.
09-08 17:53:23.381 21247 21272 D vulkan  : searching for layers in '/data/app/~~ZMXZ__hVbh03AE-MCJfYdg==/com.negi.survey.test-qVA2ckCuSyhq8xYBs6kxJA==/lib/arm64'
09-08 17:53:23.381 21247 21272 D vulkan  : searching for layers in '/data/app/~~8NSaxGZuWf-NllJtmGNIxg==/com.negi.survey-a3fA8ZFNA7iAlB6f32JPTQ==/lib/arm64'
09-08 17:53:23.381 21247 21272 D vulkan  : searching for layers in '/data/app/~~ZMXZ__hVbh03AE-MCJfYdg==/com.negi.survey.test-qVA2ckCuSyhq8xYBs6kxJA==/base.apk!/lib/arm64-v8a'
09-08 17:53:23.381 21247 21272 D vulkan  : searching for layers in '/data/app/~~8NSaxGZuWf-NllJtmGNIxg==/com.negi.survey-a3fA8ZFNA7iAlB6f32JPTQ==/base.apk!/lib/arm64-v8a'
09-08 17:53:23.389 21247 21247 D DesktopExperienceFlags: Toggle override initialized to: false
09-08 17:53:23.395 21247 21247 D LifecycleMonitor: Lifecycle status change: androidx.activity.ComponentActivity@d077efd in: PRE_ON_CREATE
09-08 17:53:23.395 21247 21247 V ActivityScenario: Activity lifecycle changed event received but ignored because the reported transition was not ON_CREATE while the last known transition was PRE_ON_CREATE
09-08 17:53:23.400 21247 21247 D CompatChangeReporter: Compat change id reported: 377864165; UID 14867; state: ENABLED
09-08 17:53:23.400 21247 21247 D DesktopModeFlags: Toggle override initialized to: OVERRIDE_UNSET
09-08 17:53:23.406 21247 21247 D LifecycleMonitor: Lifecycle status change: androidx.activity.ComponentActivity@d077efd in: CREATED
09-08 17:53:23.406 21247 21247 V ActivityScenario: Update currentActivityStage to CREATED, currentActivity=androidx.activity.ComponentActivity@d077efd
09-08 17:53:23.407 21247 21247 D LifecycleMonitor: Lifecycle status change: androidx.activity.ComponentActivity@d077efd in: STARTED
09-08 17:53:23.407 21247 21247 V ActivityScenario: Update currentActivityStage to STARTED, currentActivity=androidx.activity.ComponentActivity@d077efd
09-08 17:53:23.407 21247 21247 I ContentCaptureHelper: Setting logging level to OFF
09-08 17:53:23.409 21247 21247 D CrashCapture: install: ensured default handler. where=selfHeal:onActivityResumed pid=21247 default=com.negi.survey.CrashCapture$CrashHandler@6405464
09-08 17:53:23.411 21247 21247 D LifecycleMonitor: Lifecycle status change: androidx.activity.ComponentActivity@d077efd in: RESUMED
09-08 17:53:23.411 21247 21247 V ActivityScenario: Update currentActivityStage to RESUMED, currentActivity=androidx.activity.ComponentActivity@d077efd
09-08 17:53:23.432 21247 21247 D WindowOnBackDispatcher: setTopOnBackInvokedCallback (unwrapped): android.app.Activity$$ExternalSyntheticLambda0@6969d7c
09-08 17:53:23.432 21247 21247 D VRI[ComponentActivity]: WindowInsets changed: 1080x2424 statusBars:[0,152,0,0] navigationBars:[0,0,0,69] mandatorySystemGestures:[0,187,0,92] 
09-08 17:53:23.472 21247 21247 D InsetsController: hide(ime())
09-08 17:53:23.472 21247 21247 I ImeTracker: com.negi.survey:1ee2fbd6: onCancelled at PHASE_CLIENT_ALREADY_HIDDEN
09-08 17:53:23.564 21247 21254 I com.negi.survey: Compiler allocated 5038KB to compile void android.view.ViewRootImpl.performTraversals()
09-08 17:53:23.945 21247 21294 I HWUI    : Using FreeType backend (prop=Auto)
09-08 17:53:24.112 21247 21266 W AiViewModelSurvey: assets/slm_config.yml not applied: slm_config.yml  
09-08 17:53:24.112 21247 21266 I AiViewModelSurvey: ╔═ SLM MERGED CONFIG (pre-Model)  
09-08 17:53:24.113 21247 21266 I AiViewModelSurvey: ║ ACCELERATOR: GPU  
09-08 17:53:24.113 21247 21266 I AiViewModelSurvey: ║ MAX_TOKENS: 512  
09-08 17:53:24.113 21247 21266 I AiViewModelSurvey: ║ TOP_K: 1  
09-08 17:53:24.113 21247 21266 I AiViewModelSurvey: ║ TOP_P: 0.0  
09-08 17:53:24.113 21247 21266 I AiViewModelSurvey: ║ TEMPERATURE: 0.0  
09-08 17:53:24.113 21247 21266 I AiViewModelSurvey: ╚═ end  
09-08 17:53:24.113 21247 21266 W AiViewModelSurvey: Initializing SLM accelerator=GPU  
09-08 17:53:24.113 21247 21266 D SLM     : initializeIfNeeded: model='gemma-3n-E4B-it' image=false audio=false
09-08 17:53:24.123 21247 21297 D LiteRtLM: Initializing LiteRT-LM: model='gemma-3n-E4B-it', key='gemma-3n-E4B-it|/data/user/0/com.negi.survey/files/models/gemma-3n-E4B-it-int4.litertlm'
09-08 17:53:24.125 21247 21297 D LiteRtLM: Capabilities: image=false audio=false
09-08 17:53:24.126 21247 21297 D LiteRtLM: Backend=com.google.ai.edge.litertlm.Backend$GPU@2f52529 maxNumTokens=512 (raw=512) topK=1 topP=0.0 temp=0.0
09-08 17:53:24.126 21247 21297 D LiteRtLM: Model path='/data/user/0/com.negi.survey/files/models/gemma-3n-E4B-it-int4.litertlm' sizeBytes=4919541760 lastModified=1788913652575
09-08 17:53:24.127 21247 21297 D LiteRtLM: LiteRT-LM native benchmark policy: enabled=false emulator=false
09-08 17:53:24.127 21247 21297 D LiteRtLM: LiteRT-LM native benchmark policy: enabled=false emulator=false
09-08 17:53:24.128 21247 21297 D LiteRtLM: Speculative decoding / MTP policy: enabled=false runtimeFlagUpdated=true model='gemma-3n-E4B-it'
09-08 17:53:24.131 21247 21297 D LiteRtLM: Engine cacheDir resolved: key='gemma-3n-E4B-it|/data/user/0/com.negi.survey/files/models/gemma-3n-E4B-it-int4.litertlm' backend=com.google.ai.edge.litertlm.Backend$GPU@2f52529 path='/data/user/0/com.negi.survey/no_backup/litertlm_cache/8b58dd5e854e5353723e4360d401cf7d199b6f10' filesBefore=2
09-08 17:53:24.135 21247 21297 I litert  : [environment.cc:36] Creating LiteRT environment with options
09-08 17:53:24.135 21247 21297 W litert  : [npu_registry.cc:34] NPU accelerator could not be loaded and registered: kLiteRtStatusErrorInvalidArgument.
09-08 17:53:24.135 21247 21297 I litert  : [accelerator_registry.cc:54] RegisterAccelerator: ptr=0xb40000747146a9f0, name=LiteRT GPU
09-08 17:53:24.136 21247 21297 I litert  : [gpu_registry.cc:87] Statically linked GPU accelerator registered.
09-08 17:53:24.136 21247 21297 I litert  : [accelerator_registry.cc:54] RegisterAccelerator: ptr=0xb40000747146b770, name=CpuAccelerator
09-08 17:53:24.136 21247 21297 I litert  : [cpu_registry.cc:75] XNNPACK CPU accelerator registered.
09-08 17:53:24.401 21247 21297 I litert  : [environment.cc:36] Creating LiteRT environment with options
09-08 17:53:24.401 21247 21297 W litert  : [npu_registry.cc:34] NPU accelerator could not be loaded and registered: kLiteRtStatusErrorInvalidArgument.
09-08 17:53:24.401 21247 21297 I litert  : [accelerator_registry.cc:54] RegisterAccelerator: ptr=0xb40000747146bad0, name=LiteRT GPU
09-08 17:53:24.401 21247 21297 I litert  : [gpu_registry.cc:87] Statically linked GPU accelerator registered.
09-08 17:53:24.401 21247 21297 I litert  : [accelerator_registry.cc:54] RegisterAccelerator: ptr=0xb40000747146be90, name=CpuAccelerator
09-08 17:53:24.401 21247 21297 I litert  : [cpu_registry.cc:75] XNNPACK CPU accelerator registered.
09-08 17:53:24.401 21247 21297 W native  : W0000 00:00:1788915204.401373   21297 litert_lm_loader.cc:291] Section not found: 	
09-08 17:53:24.401 21247 21297 W native  : W0000 00:00:1788915204.401519   21297 litert_lm_loader.cc:291] Section not found: 	
09-08 17:53:24.401 21247 21297 I litert  : [compiled_model.cc:833] Flatbuffer model initialized directly from incoming litert model.
09-08 17:53:24.402 21247 21297 I tflite  : Initialized TensorFlow Lite runtime.
09-08 17:53:24.434 21247 21297 W libc    : Access denied finding property "ro.mediatek.platform"
09-08 17:53:24.434 21247 21297 W libc    : Access denied finding property "ro.chipname"
09-08 17:53:24.434 21247 21297 W libc    : Access denied finding property "ro.hardware.chipname"
09-08 17:53:24.479 21247 21297 I native  : I0000 00:00:1788915204.479701   21297 delegate_opencl.cc:603] options->hint_waiting_for_completion: false
09-08 17:53:24.479 21247 21297 I native  : I0000 00:00:1788915204.479771   21297 delegate_opencl.cc:605] options->kernel_batch_size: -1
09-08 17:53:24.487 21247 21297 E libEGL  : call to OpenGL ES API with no current context (logged once per thread)
09-08 17:53:24.492 21247 21297 I litert  : [environment.cc:47] Adding options to the existing LiteRT environment
09-08 17:53:24.492 21247 21297 I tflite  : Loaded OpenCL library with dlopen.
09-08 17:53:24.493 21247 21297 I litert  : [gpu_environment.cc:220] Created OpenCL device from provided device id and platform id.
09-08 17:53:24.495 21247 21297 I litert  : [gpu_environment.cc:283] Reusing provided EGL environment.
09-08 17:53:24.495 21247 21297 I litert  : [gpu_environment.h:155] Created LiteRT GpuEnvironment.
09-08 17:53:24.495 21247 21297 I litert  : [environment.cc:47] Adding options to the existing LiteRT environment
09-08 17:53:24.562 21247 21297 I tflite  : Replacing 3326 out of 3326 node(s) with delegate (LITERT_CL) node, yielding 1 partitions for subgraph 0 (decode).
09-08 17:53:24.625 21247 21297 W native  : W0000 00:00:1788915204.625494   21297 gpu_model_builder.cc:4348] Weights preparation on Gpu is disabled for PowerVR, Broadcom, Mali GPUs and non-OpenCL/WebGPU/Metal backends.
09-08 17:53:25.678 21247 21247 W SurveyApp: Deferred startup enqueues begin...
09-08 17:53:25.711 21247 21247 D WM-PackageManagerHelper: Skipping component enablement for androidx.work.impl.background.systemjob.SystemJobService
09-08 17:53:25.711 21247 21247 D WM-Schedulers: Created SystemJobScheduler and enabled SystemJobService
09-08 17:53:25.715 21247 21304 D WM-ForceStopRunnable: Is default app process = true
09-08 17:53:25.716 21247 21304 D WM-ForceStopRunnable: Performing cleanup operations.
09-08 17:53:25.719 21247 21247 D SurveyApp: WorkManager available. where=startupRtLogs(immediate) took=40ms
09-08 17:53:25.723 21247 21247 D SurveyApp: Startup runtime logs target -> owner=ishizuki-tech repo=SurveyExports branch=main base='/diagnostics/runtime_logs'
09-08 17:53:25.732 21247 21247 D github_upload: enqueueStartupRuntimeLogsUpload: uniqueName=upload_runtime_logs_startup policy=KEEP session=startup_runtime_20260909_005325_9fe8f651
09-08 17:53:25.737 21247 21247 D SurveyApp: Startup runtime logs: enqueue requested (immediate).
09-08 17:53:25.737 21247 21247 D SurveyApp: WorkManager available. where=startupRingLogs(immediate) took=0ms
09-08 17:53:25.738 21247 21247 D SurveyApp: Startup ring logs target -> owner=ishizuki-tech repo=SurveyExports branch=main base='/diagnostics/applog_ring'
09-08 17:53:25.738 21247 21247 D github_upload: enqueueStartupRingLogsUpload: uniqueName=upload_ring_logs_startup policy=KEEP session=startup_ring_20260909_005325_d899e7f6
09-08 17:53:25.738 21247 21247 D SurveyApp: Startup ring logs: enqueue requested (immediate).
09-08 17:53:25.739 21247 21247 D SurveyApp: WorkManager available. where=enqueuePending(immediate) took=0ms
09-08 17:53:25.739 21247 21247 D SurveyApp: CrashCapture pending uploads requested (immediate).
09-08 17:53:25.739 21247 21247 W SurveyApp: Deferred startup enqueues done: took=60ms
09-08 17:53:25.740 21247 21306 D CrashCapture: enqueuePendingCrashUploadsIfPossible enter where=SurveyApp:enqueuePending(immediate):bg pid=21247 thread=CrashCapture-Enqueue
09-08 17:53:25.761 21247 21304 D WM-SystemJobScheduler: Reconciling jobs
09-08 17:53:25.769 21247 21304 D WM-ForceStopRunnable: Application was force-stopped, rescheduling.
