20260924_020502 I/AppRingLogStore pid=21827 tid=21827 uptimeMs=134674446 msg=install: pid=21827 timeUtc=20260924_020502 uptimeMs=134674446
20260924_020502 D/SurveyApp pid=21827 tid=21827 uptimeMs=134674446 msg=attachBaseContext: pid=21827 process=com.negi.survey isMain=true sdk=36
20260924_020502 D/SurveyApp pid=21827 tid=21827 uptimeMs=134674449 msg=onCreate: pid=21827 process=com.negi.survey isMain=true sdk=36
20260924_020814 D/AiTrace pid=21827 tid=21827 uptimeMs=134865974 msg=Installed (enabled=false ringEnabled=true)
20260924_020814 D/LiteRtRepository pid=21827 tid=21827 uptimeMs=134866013 msg=warmUp init ok initMs=1 gateWaitMs=0
20260924_020814 D/LiteRtRepository pid=21827 tid=21827 uptimeMs=134866013 msg=warmUp Engine ready representativeInference=false totalMs=1
20260924_020912 D/LiteRtRepository pid=21827 tid=21855 uptimeMs=134924004 msg=[1] start model='Gemma3n4B' prompt.len=2262 sha=e7c53300d3dfbf16 gateWaitMs=2
20260924_020912 D/LiteRtRepository pid=21827 tid=21855 uptimeMs=134924004 msg=[1] init ok initMs=0
20260924_020915 D/LiteRtRepository pid=21827 tid=21827 uptimeMs=134927020 msg=[1] logicalDone=true
20260924_020915 D/LiteRtRepository pid=21827 tid=21827 uptimeMs=134927020 msg=[1] native cleanup safepoint
20260924_020915 I/AiViewModel pid=21827 tid=21942 uptimeMs=134927022 msg=run[1] done: phase=EVAL mode=EVAL_JSON score=95 FU0.len=0 FU0.sha16=none commit=true err=<none>
20260924_020915 D/LiteRtRepository pid=21827 tid=21948 uptimeMs=134927023 msg=[1] Conversation reset completed after safepoint
20260924_020915 I/LiteRtRepository pid=21827 tid=21948 uptimeMs=134927023 msg=[1] finalize reason='native-terminated' totalMs=3021 inferenceMs=3019 firstTokenMs=1571 chunks=17 emittedChars=56 out.len=56 capturedAll=true logicalDone=true nativeTerminated=true cancelTag='null' lastDeltaMsAgo=3 lastEventMsAgo=3
20260924_020943 D/LiteRtRepository pid=21827 tid=21855 uptimeMs=134955459 msg=[2] start model='Gemma3n4B' prompt.len=2235 sha=ded449619e0346d3 gateWaitMs=1
20260924_020943 D/LiteRtRepository pid=21827 tid=21855 uptimeMs=134955459 msg=[2] init ok initMs=0
20260924_020946 D/LiteRtRepository pid=21827 tid=21827 uptimeMs=134958271 msg=[2] logicalDone=true
20260924_020946 D/LiteRtRepository pid=21827 tid=21827 uptimeMs=134958271 msg=[2] native cleanup safepoint
20260924_020946 I/AiViewModel pid=21827 tid=21948 uptimeMs=134958273 msg=run[2] done: phase=EVAL mode=EVAL_JSON score=75 FU0.len=0 FU0.sha16=none commit=true err=<none>
20260924_020946 D/LiteRtRepository pid=21827 tid=21868 uptimeMs=134958274 msg=[2] Conversation reset completed after safepoint
20260924_020946 I/LiteRtRepository pid=21827 tid=21948 uptimeMs=134958274 msg=[2] finalize reason='native-terminated' totalMs=2816 inferenceMs=2815 firstTokenMs=970 chunks=22 emittedChars=89 out.len=89 capturedAll=true logicalDone=true nativeTerminated=true cancelTag='null' lastDeltaMsAgo=4 lastEventMsAgo=3
20260924_021107 I/AiViewModel pid=21827 tid=21827 uptimeMs=135039280 msg=onCleared: ViewModel is being cleared -> stopCurrentRunInternal()
20260924_021144 D/AiTrace pid=21827 tid=21827 uptimeMs=135076073 msg=Installed (enabled=false ringEnabled=true)
20260924_021144 D/LiteRtRepository pid=21827 tid=21827 uptimeMs=135076166 msg=warmUp init ok initMs=1 gateWaitMs=0
20260924_021144 D/LiteRtRepository pid=21827 tid=21827 uptimeMs=135076167 msg=warmUp Engine ready representativeInference=false totalMs=2
20260924_021314 D/LiteRtRepository pid=21827 tid=21945 uptimeMs=135166216 msg=[3] start model='Gemma3n4B' prompt.len=2338 sha=925a173ace7130f1 gateWaitMs=0
20260924_021314 D/LiteRtRepository pid=21827 tid=21945 uptimeMs=135166218 msg=[3] init ok initMs=2
20260924_021319 D/LiteRtRepository pid=21827 tid=21827 uptimeMs=135170676 msg=[3] logicalDone=true
20260924_021319 D/LiteRtRepository pid=21827 tid=21827 uptimeMs=135170676 msg=[3] native cleanup safepoint
20260924_021319 I/AiViewModel pid=21827 tid=21868 uptimeMs=135170680 msg=run[1] done: phase=EVAL mode=EVAL_JSON score=95 FU0.len=0 FU0.sha16=none commit=true err=<none>
20260924_021319 D/LiteRtRepository pid=21827 tid=21945 uptimeMs=135170682 msg=[3] Conversation reset completed after safepoint
20260924_021319 I/LiteRtRepository pid=21827 tid=21868 uptimeMs=135170682 msg=[3] finalize reason='native-terminated' totalMs=4467 inferenceMs=4464 firstTokenMs=2465 chunks=22 emittedChars=62 out.len=62 capturedAll=true logicalDone=true nativeTerminated=true cancelTag='null' lastDeltaMsAgo=99 lastEventMsAgo=6
20260924_021356 D/LiteRtRepository pid=21827 tid=21868 uptimeMs=135207814 msg=[4] start model='Gemma3n4B' prompt.len=2287 sha=a9689c45a23f5ab2 gateWaitMs=1
20260924_021356 D/LiteRtRepository pid=21827 tid=21868 uptimeMs=135207814 msg=[4] init ok initMs=0
20260924_021401 D/LiteRtRepository pid=21827 tid=21827 uptimeMs=135213456 msg=[4] logicalDone=true
20260924_021401 D/LiteRtRepository pid=21827 tid=21827 uptimeMs=135213456 msg=[4] native cleanup safepoint
20260924_021401 I/AiViewModel pid=21827 tid=21868 uptimeMs=135213459 msg=run[2] done: phase=EVAL mode=EVAL_JSON score=75 FU0.len=0 FU0.sha16=none commit=true err=<none>
20260924_021401 D/LiteRtRepository pid=21827 tid=21947 uptimeMs=135213461 msg=[4] Conversation reset completed after safepoint
20260924_021401 I/LiteRtRepository pid=21827 tid=21868 uptimeMs=135213461 msg=[4] finalize reason='native-terminated' totalMs=5648 inferenceMs=5647 firstTokenMs=2170 chunks=38 emittedChars=111 out.len=111 capturedAll=true logicalDone=true nativeTerminated=true cancelTag='null' lastDeltaMsAgo=6 lastEventMsAgo=5
20260924_021439 I/AppRingLogStore pid=28820 tid=28820 uptimeMs=135251125 msg=install: pid=28820 timeUtc=20260924_021439 uptimeMs=135251124
20260924_021439 D/SurveyApp pid=28820 tid=28820 uptimeMs=135251126 msg=attachBaseContext: pid=28820 process=com.negi.survey isMain=true sdk=36
20260924_021439 D/SurveyApp pid=28820 tid=28820 uptimeMs=135251167 msg=onCreate: pid=28820 process=com.negi.survey isMain=true sdk=36
20260924_021457 D/AiTrace pid=28820 tid=28820 uptimeMs=135269014 msg=Installed (enabled=false ringEnabled=true)
20260924_021457 D/LiteRtRepository pid=28820 tid=28820 uptimeMs=135269146 msg=warmUp init ok initMs=3 gateWaitMs=0
20260924_021457 D/LiteRtRepository pid=28820 tid=28820 uptimeMs=135269146 msg=warmUp Engine ready representativeInference=false totalMs=3
20260924_021539 I/AiViewModel pid=28820 tid=28820 uptimeMs=135311070 msg=onCleared: ViewModel is being cleared -> stopCurrentRunInternal()
20260924_021544 I/AppRingLogStore pid=30899 tid=30899 uptimeMs=135315857 msg=install: pid=30899 timeUtc=20260924_021544 uptimeMs=135315857
20260924_021544 D/SurveyApp pid=30899 tid=30899 uptimeMs=135315858 msg=attachBaseContext: pid=30899 process=com.negi.survey isMain=true sdk=36
20260924_021544 D/SurveyApp pid=30899 tid=30899 uptimeMs=135315859 msg=onCreate: pid=30899 process=com.negi.survey isMain=true sdk=36
