=== RuntimeLogStore Header ===
ts=2026-09-04T18:22:50.151Z
fileNameFormat=LEGACY
appId=com.negi.survey
versionName=0.0.1
versionCode=1
debug=true
device=Google Pixel 9a
sdk=36
pid=10876
==============================
2026-09-04T18:22:50.151Z I/RuntimeLogStore [rtlog-io] start: actor launched (fileNameFormat=LEGACY)
2026-09-04T18:22:50.142Z D/SurveyApp [main] attachBaseContext: pid=10876 process=com.negi.survey isMain=true sdk=36
2026-09-04T18:22:50.143Z D/SurveyApp [main] bootTiming: attachBaseContext total=35ms
2026-09-04T18:22:50.143Z D/SurveyApp [main] Skipping WorkManager init in attachBaseContext; will init lazily on first enqueue.
2026-09-04T18:22:50.144Z D/SurveyApp [main] CrashCapture installed: where=SurveyApp:attachBaseContext
2026-09-04T18:22:50.156Z I/RuntimeLogStore [main] start repair: ctx/dir refreshed
2026-09-04T18:22:50.157Z D/SurveyApp [main] bootTiming: RuntimeLogStore.start took=0ms
2026-09-04T18:22:50.157Z D/SurveyApp [main] bootTiming: AppRingLogStore.install took=0ms
2026-09-04T18:22:50.157Z D/SurveyApp [main] onCreate: pid=10876 process=com.negi.survey isMain=true sdk=36
2026-09-04T18:22:50.161Z D/SurveyApp [main] CrashCapture installed: where=SurveyApp:onCreate(rewrap)
2026-09-04T18:22:50.161Z D/SurveyApp [main] CrashCapture self-healing registered.
2026-09-04T18:22:50.162Z W/SurveyApp [main] Startup enqueues deferred: delay=2500ms (to reduce init contention)
2026-09-04T18:22:50.162Z D/SurveyApp [main] bootTiming: onCreate total=5ms
2026-09-04T18:22:52.662Z W/SurveyApp [main] Deferred startup enqueues begin...
2026-09-04T18:22:52.691Z D/SurveyApp [main] WorkManager available. where=startupRtLogs(immediate) took=29ms
2026-09-04T18:22:52.700Z D/SurveyApp [main] Startup runtime logs target -> owner=ishizuki-tech repo=SurveyExports branch=main base='/diagnostics/runtime_logs'
2026-09-04T18:22:52.713Z D/SurveyApp [main] Startup runtime logs: enqueue requested (immediate).
2026-09-04T18:22:52.713Z D/SurveyApp [main] WorkManager available. where=startupRingLogs(immediate) took=0ms
2026-09-04T18:22:52.714Z D/SurveyApp [main] Startup ring logs target -> owner=ishizuki-tech repo=SurveyExports branch=main base='/diagnostics/applog_ring'
2026-09-04T18:22:52.715Z D/SurveyApp [main] Startup ring logs: enqueue requested (immediate).
2026-09-04T18:22:52.715Z D/SurveyApp [main] WorkManager available. where=enqueuePending(immediate) took=0ms
2026-09-04T18:22:52.715Z D/SurveyApp [main] CrashCapture pending uploads requested (immediate).
2026-09-04T18:22:52.715Z W/SurveyApp [main] Deferred startup enqueues done: took=53ms
2026-09-04T18:22:54.077Z I/RuntimeLogStore [DefaultDispatcher-worker-3] start repair: ctx/dir refreshed
