=== RuntimeLogStore Header ===
ts=2026-10-01T22:21:57.805Z
fileNameFormat=LEGACY
appId=com.negi.survey
versionName=0.0.1
versionCode=109
debug=false
device=samsung SM-S731U
sdk=36
pid=8257
==============================
2026-10-01T22:21:57.805Z I/RuntimeLogStore [rtlog-io] --- rotated (reason=plain_snapshot:app_start) ---
2026-10-01T22:23:52.434Z D/LiteRtLM [DefaultDispatcher-worker-4] Initializing LiteRT-LM: model='Gemma3n4B', key='fs|dev=65088|ino=34395|size=4919541760|mtime=1790893403654'
2026-10-01T22:23:52.435Z D/LiteRtLM [DefaultDispatcher-worker-4] Capabilities: image=false audio=false
2026-10-01T22:23:52.435Z D/LiteRtLM [DefaultDispatcher-worker-4] Backend=com.google.ai.edge.litertlm.Backend$GPU@573e152 maxNumTokens=1024 (raw=1024) topK=1 topP=0.0 temp=0.0
2026-10-01T22:23:52.435Z D/LiteRtLM [DefaultDispatcher-worker-4] Model path='/data/data/com.negi.survey/files/gemma-3n-E4B-it-int4.litertlm' sizeBytes=4919541760 lastModified=1790893403654
2026-10-01T22:23:52.435Z D/LiteRtLM [DefaultDispatcher-worker-4] LiteRT-LM native benchmark policy: enabled=false emulator=false
2026-10-01T22:23:52.435Z D/LiteRtLM [DefaultDispatcher-worker-4] Speculative decoding / MTP policy: enabled=false runtimeFlagUpdated=true model='Gemma3n4B'
2026-10-01T22:23:52.436Z D/LiteRtLM [DefaultDispatcher-worker-4] Engine cacheDir resolved: key='fs|dev=65088|ino=34395|size=4919541760|mtime=1790893403654' backend=com.google.ai.edge.litertlm.Backend$GPU@573e152 path='/data/user/0/com.negi.survey/no_backup/litertlm_cache/e99f4a8207fc82b82c116d63e91df981ac444f6e' filesBefore=0
2026-10-01T22:24:12.753Z W/LiteRtLM [DefaultDispatcher-worker-4] Engine.initialize completed: key='fs|dev=65088|ino=34395|size=4919541760|mtime=1790893403654' backend=com.google.ai.edge.litertlm.Backend$GPU@573e152 took=20316ms cacheFilesAfter=2
2026-10-01T22:24:12.792Z D/LiteRtLM [DefaultDispatcher-worker-4] createConversation completed: key='fs|dev=65088|ino=34395|size=4919541760|mtime=1790893403654' took=37ms
2026-10-01T22:24:12.793Z D/LiteRtLM [DefaultDispatcher-worker-4] LiteRT-LM initialization succeeded: model='Gemma3n4B', key='fs|dev=65088|ino=34395|size=4919541760|mtime=1790893403654' engineMs=20316 conversationMs=37 totalMs=20359
2026-10-01T22:24:12.827Z D/AiTrace [main] Installed (enabled=false ringEnabled=true)
2026-10-01T22:24:12.841Z D/SurveyVM [main] init -> Start, session=0, uuid=2305e39e-b518-4ef7-a4e4-9bf8f527ad1d, navSize=1, graphSize=22
2026-10-01T22:24:12.844Z D/SurveyVM [main] config.validate -> issues=0
2026-10-01T22:24:12.844Z D/SurveyVM [main] promptSources -> legacy=10, eval=0, follow=0
2026-10-01T22:24:12.844Z D/SurveyVM [main] promptSources.preview -> legacy=[Q10, Q11, Q12, Q13, Q14, Q15, Q16, Q7, Q8, Q9], eval=[], follow=[]
2026-10-01T22:24:12.845Z D/SurveyVM [main] hasTwoStepPrompt[Q10] -> true (eval=219, fu=244)
2026-10-01T22:24:12.845Z D/SurveyVM [main] hasTwoStepPrompt[Q11] -> true (eval=229, fu=254)
2026-10-01T22:24:12.845Z D/SurveyVM [main] hasTwoStepPrompt[Q12] -> true (eval=184, fu=209)
2026-10-01T22:24:12.845Z D/SurveyVM [main] hasTwoStepPrompt[Q13] -> true (eval=221, fu=246)
2026-10-01T22:24:12.845Z D/SurveyVM [main] hasTwoStepPrompt[Q14] -> true (eval=160, fu=185)
2026-10-01T22:24:12.845Z D/SurveyVM [main] hasTwoStepPrompt[Q15] -> true (eval=185, fu=210)
2026-10-01T22:24:12.845Z D/SurveyVM [main] hasTwoStepPrompt[Q16] -> true (eval=200, fu=225)
2026-10-01T22:24:12.845Z D/SurveyVM [main] hasTwoStepPrompt[Q7] -> true (eval=248, fu=273)
2026-10-01T22:24:12.845Z D/SurveyVM [main] hasTwoStepPrompt[Q8] -> true (eval=190, fu=215)
2026-10-01T22:24:12.845Z D/SurveyVM [main] hasTwoStepPrompt[Q9] -> true (eval=195, fu=220)
2026-10-01T22:24:12.845Z D/SurveyVM [main] AI prompt coverage OK (aiCount=10)
2026-10-01T22:24:12.943Z D/LiteRtLM [slm-jni] initializeIfNeeded: warm runtime already ready: key='fs|dev=65088|ino=34395|size=4919541760|mtime=1790893403654'
2026-10-01T22:24:12.944Z D/LiteRtRepository [main] warmUp: initializeIfNeeded ok gateWaitMs=0 initMs=2
2026-10-01T22:24:12.944Z D/LiteRtRepository [main] warmUp: Engine ready; representative inference disabled totalMs=2
2026-10-01T22:25:22.749Z D/SurveyVM [main] resetAudioRefs -> cleared
2026-10-01T22:25:22.749Z D/SurveyVM [main] resetNavToStart -> key=com.negi.survey.vm.FlowHome@7f845ef, navSize=1
2026-10-01T22:25:22.749Z D/SurveyVM [main] resetToStart -> Start, session=1, uuid=b45a4e1e-a943-4f60-b6e0-bb745bcbd5dc, preserveDraft=true, draftLen=0
2026-10-01T22:25:22.750Z D/SurveyVM [main] activateRunIfNeeded(advanceToNext:Introduction) -> runNoteLen=0, draftCleared=true, uuid=b45a4e1e-a943-4f60-b6e0-bb745bcbd5dc
2026-10-01T22:25:22.750Z D/SurveyVM [main] push -> Introduction, navSize=2, stackSize=2
2026-10-01T22:25:37.815Z D/SurveyVM [main] push -> Consent, navSize=3, stackSize=3
2026-10-01T22:25:49.818Z D/SurveyVM [main] push -> Q1, navSize=4, stackSize=4
2026-10-01T22:26:49.452Z D/SurveyVM [main] push -> Q2, navSize=5, stackSize=5
2026-10-01T22:38:42.418Z D/SurveyVM [main] push -> Q3, navSize=6, stackSize=6
2026-10-01T22:39:16.810Z D/SurveyVM [main] push -> Q4, navSize=7, stackSize=7
2026-10-01T22:39:32.273Z D/SurveyVM [main] push -> Q5, navSize=8, stackSize=8
2026-10-01T22:39:47.621Z D/SurveyVM [main] push -> Q6, navSize=9, stackSize=9
2026-10-01T22:40:05.443Z D/SurveyVM [main] push -> Q7, navSize=10, stackSize=10
2026-10-01T22:40:05.491Z D/SurveyVM [main] hasTwoStepPrompt[Q7] -> true (eval=248, fu=273)
2026-10-01T22:41:31.068Z D/SurveyVM [main] push -> Q8, navSize=11, stackSize=11
2026-10-01T22:41:31.076Z D/SurveyVM [main] hasTwoStepPrompt[Q8] -> true (eval=190, fu=215)
2026-10-01T22:49:07.478Z D/AiScreen [main] Speech started (node=Q8 role=MAIN)
2026-10-01T22:49:09.656Z D/AiScreen [main] Speech finished with empty/no-change (node=Q8 role=MAIN)
2026-10-01T22:49:09.773Z D/SurveyVM [DefaultDispatcher-worker-4] addAudioRef -> q=Q8, file=2026-10-01_22-49-09_voice_SM-S731U_414A86B07D91_b45a4e1e-a943-4f60-b6e0-bb745bcbd5dc_Q8.wav, sid=b45a4e1e-a943-4f60-b6e0-bb745bcbd5dc
2026-10-01T22:49:09.773Z D/SurveyVM [DefaultDispatcher-worker-4] onVoiceExported -> q=Q8, file=2026-10-01_22-49-09_voice_SM-S731U_414A86B07D91_b45a4e1e-a943-4f60-b6e0-bb745bcbd5dc_Q8.wav, replace=false
2026-10-01T22:49:09.785Z D/AiScreen [main] Speech started (node=Q8 role=MAIN)
2026-10-01T22:49:14.352Z D/AiScreen [main] Speech committed (node=Q8 role=MAIN len=17)
2026-10-01T22:49:15.309Z D/SurveyVM [main] getEvalPrompt[Q8] -> len=314
2026-10-01T22:49:15.317Z D/LiteRtRepository [DefaultDispatcher-worker-4] [1] request start model='Gemma3n4B' prompt.len=2960 sha=444eadf474169ce4 gateWaitMs=1
2026-10-01T22:49:15.320Z D/LiteRtLM [slm-jni] initializeIfNeeded: warm runtime already ready: key='fs|dev=65088|ino=34395|size=4919541760|mtime=1790893403654'
2026-10-01T22:49:15.321Z D/LiteRtRepository [DefaultDispatcher-worker-4] [1] initializeIfNeeded ok initMs=3
2026-10-01T22:49:15.325Z D/LiteRtLM [DefaultDispatcher-worker-2] runInference start: key='fs|dev=65088|ino=34395|size=4919541760|mtime=1790893403654' runId=1 hasText=true originalTextLen=2960 effectiveTextLen=2960 images=0 audioClips=0
2026-10-01T22:49:15.332Z D/LiteRtLM [DefaultDispatcher-worker-2] LiteRT-LM sendMessageAsync(text): key='fs|dev=65088|ino=34395|size=4919541760|mtime=1790893403654' runId=1 len=2960 maxOutputTokens=64
2026-10-01T22:49:15.397Z D/LiteRtLM [DefaultDispatcher-worker-2] sendMessageAsync accepted: key='fs|dev=65088|ino=34395|size=4919541760|mtime=1790893403654' runId=1 dispatchMs=71
2026-10-01T22:49:20.821Z W/LiteRtLM [Thread-11] Inference first output: key='fs|dev=65088|ino=34395|size=4919541760|mtime=1790893403654' runId=1 ttftMs=5495 dispatchMs=71 postDispatchTtftMs=5424 requestToFirstOutputMs=5499
2026-10-01T22:49:24.926Z W/LiteRtLM [Thread-45] Inference timing: key='fs|dev=65088|ino=34395|size=4919541760|mtime=1790893403654' runId=1 ttftMs=5495 dispatchMs=71 postDispatchTtftMs=5424 totalMs=9599 callbacks=34 outputChars=134 cancelled=false error=false requestTotalMs=9603
2026-10-01T22:49:24.926Z I/LiteRtLM [Thread-45] LiteRT completion: runId=1 terminal=normal_onDone phase=unavailable engineTokenCapacity=1024 prefillTokens=-1 decodeTokens=-1 kvTokens=-1 outputChars=134 callbacks=34
2026-10-01T22:49:24.929Z D/LiteRtRepository [main] [1] logical done=true; responseClosed=true; waiting native cleanup
2026-10-01T22:49:24.929Z D/LiteRtRepository [main] [1] native cleanup safepoint
2026-10-01T22:49:24.938Z I/AiViewModel [DefaultDispatcher-worker-2] run[1] done: phase=EVAL mode=EVAL_JSON score=20 FU0.len=0 FU0.sha16=none commit=true err=<none>
2026-10-01T22:49:24.938Z D/LiteRtRepository [DefaultDispatcher-worker-4] [1] Conversation reset completed after safepoint
2026-10-01T22:49:29.677Z D/SurveyVM [main] push -> Q9, navSize=12, stackSize=12
2026-10-01T22:49:29.692Z D/SurveyVM [main] hasTwoStepPrompt[Q9] -> true (eval=195, fu=220)
2026-10-01T22:49:35.008Z D/AiScreen [main] Speech started (node=Q9 role=MAIN)
2026-10-01T22:49:36.743Z D/AiScreen [main] Speech finished with empty/no-change (node=Q9 role=MAIN)
2026-10-01T22:49:36.868Z D/SurveyVM [DefaultDispatcher-worker-2] addAudioRef -> q=Q9, file=2026-10-01_22-49-36_voice_SM-S731U_414A86B07D91_b45a4e1e-a943-4f60-b6e0-bb745bcbd5dc_Q9.wav, sid=b45a4e1e-a943-4f60-b6e0-bb745bcbd5dc
2026-10-01T22:49:36.868Z D/SurveyVM [DefaultDispatcher-worker-2] onVoiceExported -> q=Q9, file=2026-10-01_22-49-36_voice_SM-S731U_414A86B07D91_b45a4e1e-a943-4f60-b6e0-bb745bcbd5dc_Q9.wav, replace=false
2026-10-01T22:49:36.881Z D/AiScreen [main] Speech started (node=Q9 role=MAIN)
2026-10-01T22:49:41.766Z D/AiScreen [main] Speech committed (node=Q9 role=MAIN len=14)
2026-10-01T22:49:42.818Z D/SurveyVM [main] getEvalPrompt[Q9] -> len=264
2026-10-01T22:49:42.824Z D/LiteRtRepository [DefaultDispatcher-worker-2] [2] request start model='Gemma3n4B' prompt.len=2910 sha=f2863c7dc9f715c6 gateWaitMs=2
2026-10-01T22:49:42.828Z D/LiteRtLM [slm-jni] initializeIfNeeded: warm runtime already ready: key='fs|dev=65088|ino=34395|size=4919541760|mtime=1790893403654'
2026-10-01T22:49:42.828Z D/LiteRtRepository [DefaultDispatcher-worker-2] [2] initializeIfNeeded ok initMs=3
2026-10-01T22:49:42.829Z D/LiteRtLM [DefaultDispatcher-worker-2] runInference start: key='fs|dev=65088|ino=34395|size=4919541760|mtime=1790893403654' runId=2 hasText=true originalTextLen=2910 effectiveTextLen=2910 images=0 audioClips=0
2026-10-01T22:49:42.830Z D/LiteRtLM [DefaultDispatcher-worker-2] LiteRT-LM sendMessageAsync(text): key='fs|dev=65088|ino=34395|size=4919541760|mtime=1790893403654' runId=2 len=2910 maxOutputTokens=64
2026-10-01T22:49:42.850Z D/LiteRtLM [DefaultDispatcher-worker-2] sendMessageAsync accepted: key='fs|dev=65088|ino=34395|size=4919541760|mtime=1790893403654' runId=2 dispatchMs=20
2026-10-01T22:49:46.550Z W/LiteRtLM [Thread-46] Inference first output: key='fs|dev=65088|ino=34395|size=4919541760|mtime=1790893403654' runId=2 ttftMs=3720 dispatchMs=20 postDispatchTtftMs=3700 requestToFirstOutputMs=3721
2026-10-01T22:49:48.526Z W/LiteRtLM [Thread-63] Inference timing: key='fs|dev=65088|ino=34395|size=4919541760|mtime=1790893403654' runId=2 ttftMs=3720 dispatchMs=20 postDispatchTtftMs=3700 totalMs=5696 callbacks=17 outputChars=69 cancelled=false error=false requestTotalMs=5697
2026-10-01T22:49:48.527Z I/LiteRtLM [Thread-63] LiteRT completion: runId=2 terminal=normal_onDone phase=unavailable engineTokenCapacity=1024 prefillTokens=-1 decodeTokens=-1 kvTokens=-1 outputChars=69 callbacks=17
2026-10-01T22:49:48.527Z D/LiteRtRepository [main] [2] logical done=true; responseClosed=true; waiting native cleanup
2026-10-01T22:49:48.527Z D/LiteRtRepository [main] [2] native cleanup safepoint
2026-10-01T22:49:48.535Z D/LiteRtRepository [DefaultDispatcher-worker-1] [2] Conversation reset completed after safepoint
2026-10-01T22:49:48.535Z I/AiViewModel [DefaultDispatcher-worker-2] run[2] done: phase=EVAL mode=EVAL_JSON score=1 FU0.len=0 FU0.sha16=none commit=true err=<none>
2026-10-01T22:49:48.539Z D/SurveyVM [DefaultDispatcher-worker-2] getFollowupPrompt[Q9] -> len=344 evalLen=69
2026-10-01T22:49:48.551Z D/LiteRtRepository [DefaultDispatcher-worker-2] [3] request start model='Gemma3n4B' prompt.len=881 sha=369f31bda7997ac0 gateWaitMs=0
2026-10-01T22:49:48.551Z D/LiteRtLM [slm-jni] initializeIfNeeded: warm runtime already ready: key='fs|dev=65088|ino=34395|size=4919541760|mtime=1790893403654'
2026-10-01T22:49:48.552Z D/LiteRtRepository [DefaultDispatcher-worker-2] [3] initializeIfNeeded ok initMs=1
2026-10-01T22:49:48.552Z D/LiteRtLM [DefaultDispatcher-worker-2] runInference start: key='fs|dev=65088|ino=34395|size=4919541760|mtime=1790893403654' runId=3 hasText=true originalTextLen=881 effectiveTextLen=881 images=0 audioClips=0
2026-10-01T22:49:48.552Z D/LiteRtLM [DefaultDispatcher-worker-2] LiteRT-LM sendMessageAsync(text): key='fs|dev=65088|ino=34395|size=4919541760|mtime=1790893403654' runId=3 len=881 maxOutputTokens=64
2026-10-01T22:49:48.555Z D/LiteRtLM [DefaultDispatcher-worker-2] sendMessageAsync accepted: key='fs|dev=65088|ino=34395|size=4919541760|mtime=1790893403654' runId=3 dispatchMs=3
2026-10-01T22:49:50.104Z W/LiteRtLM [Thread-64] Inference first output: key='fs|dev=65088|ino=34395|size=4919541760|mtime=1790893403654' runId=3 ttftMs=1552 dispatchMs=3 postDispatchTtftMs=1549 requestToFirstOutputMs=1552
2026-10-01T22:49:52.071Z W/LiteRtLM [Thread-80] Inference timing: key='fs|dev=65088|ino=34395|size=4919541760|mtime=1790893403654' runId=3 ttftMs=1552 dispatchMs=3 postDispatchTtftMs=1549 totalMs=3519 callbacks=16 outputChars=97 cancelled=false error=false requestTotalMs=3519
2026-10-01T22:49:52.071Z I/LiteRtLM [Thread-80] LiteRT completion: runId=3 terminal=normal_onDone phase=unavailable engineTokenCapacity=1024 prefillTokens=-1 decodeTokens=-1 kvTokens=-1 outputChars=97 callbacks=16
2026-10-01T22:49:52.072Z D/LiteRtRepository [main] [3] logical done=true; responseClosed=true; waiting native cleanup
2026-10-01T22:49:52.072Z D/LiteRtRepository [main] [3] native cleanup safepoint
2026-10-01T22:49:52.074Z I/AiViewModel [DefaultDispatcher-worker-2] run[3] done: phase=FOLLOWUP mode=FOLLOWUP_JSON_OR_TEXT score=null FU0.len=97 FU0.sha16=6a45de88bdfd4e87 commit=false err=<none>
2026-10-01T22:49:52.077Z D/LiteRtRepository [DefaultDispatcher-worker-6] [3] Conversation reset completed after safepoint
2026-10-01T22:49:56.748Z D/SurveyVM [main] push -> Q10, navSize=13, stackSize=13
2026-10-01T22:49:56.757Z D/SurveyVM [main] hasTwoStepPrompt[Q10] -> true (eval=219, fu=244)
2026-10-01T22:50:05.524Z D/AiScreen [main] Speech started (node=Q10 role=MAIN)
2026-10-01T22:50:08.045Z D/AiScreen [main] Speech finished with empty/no-change (node=Q10 role=MAIN)
2026-10-01T22:50:08.146Z D/SurveyVM [DefaultDispatcher-worker-3] addAudioRef -> q=Q10, file=2026-10-01_22-50-08_voice_SM-S731U_414A86B07D91_b45a4e1e-a943-4f60-b6e0-bb745bcbd5dc_Q10.wav, sid=b45a4e1e-a943-4f60-b6e0-bb745bcbd5dc
2026-10-01T22:50:08.148Z D/SurveyVM [DefaultDispatcher-worker-3] onVoiceExported -> q=Q10, file=2026-10-01_22-50-08_voice_SM-S731U_414A86B07D91_b45a4e1e-a943-4f60-b6e0-bb745bcbd5dc_Q10.wav, replace=false
2026-10-01T22:50:08.165Z D/AiScreen [main] Speech started (node=Q10 role=MAIN)
2026-10-01T22:50:13.220Z D/AiScreen [main] Speech committed (node=Q10 role=MAIN len=16)
2026-10-01T22:50:14.766Z D/SurveyVM [main] getEvalPrompt[Q10] -> len=342
2026-10-01T22:50:14.774Z D/LiteRtRepository [DefaultDispatcher-worker-3] [4] request start model='Gemma3n4B' prompt.len=2988 sha=574baca3b79c2218 gateWaitMs=2
2026-10-01T22:50:14.776Z D/LiteRtLM [slm-jni] initializeIfNeeded: warm runtime already ready: key='fs|dev=65088|ino=34395|size=4919541760|mtime=1790893403654'
2026-10-01T22:50:14.776Z D/LiteRtRepository [DefaultDispatcher-worker-3] [4] initializeIfNeeded ok initMs=3
2026-10-01T22:50:14.777Z D/LiteRtLM [DefaultDispatcher-worker-3] runInference start: key='fs|dev=65088|ino=34395|size=4919541760|mtime=1790893403654' runId=4 hasText=true originalTextLen=2988 effectiveTextLen=2988 images=0 audioClips=0
2026-10-01T22:50:14.777Z D/LiteRtLM [DefaultDispatcher-worker-3] LiteRT-LM sendMessageAsync(text): key='fs|dev=65088|ino=34395|size=4919541760|mtime=1790893403654' runId=4 len=2988 maxOutputTokens=64
2026-10-01T22:50:14.791Z D/LiteRtLM [DefaultDispatcher-worker-3] sendMessageAsync accepted: key='fs|dev=65088|ino=34395|size=4919541760|mtime=1790893403654' runId=4 dispatchMs=13
2026-10-01T22:50:18.752Z W/LiteRtLM [Thread-81] Inference first output: key='fs|dev=65088|ino=34395|size=4919541760|mtime=1790893403654' runId=4 ttftMs=3974 dispatchMs=13 postDispatchTtftMs=3961 requestToFirstOutputMs=3975
2026-10-01T22:50:20.368Z W/LiteRtLM [Thread-95] Inference timing: key='fs|dev=65088|ino=34395|size=4919541760|mtime=1790893403654' runId=4 ttftMs=3974 dispatchMs=13 postDispatchTtftMs=3961 totalMs=5589 callbacks=14 outputChars=52 cancelled=false error=false requestTotalMs=5590
2026-10-01T22:50:20.369Z I/LiteRtLM [Thread-95] LiteRT completion: runId=4 terminal=normal_onDone phase=unavailable engineTokenCapacity=1024 prefillTokens=-1 decodeTokens=-1 kvTokens=-1 outputChars=52 callbacks=14
2026-10-01T22:50:20.370Z D/LiteRtRepository [main] [4] logical done=true; responseClosed=true; waiting native cleanup
2026-10-01T22:50:20.371Z D/LiteRtRepository [main] [4] native cleanup safepoint
2026-10-01T22:50:20.383Z I/AiViewModel [DefaultDispatcher-worker-2] run[4] done: phase=EVAL mode=EVAL_JSON score=35 FU0.len=0 FU0.sha16=none commit=true err=<none>
2026-10-01T22:50:20.387Z D/SurveyVM [DefaultDispatcher-worker-2] getFollowupPrompt[Q10] -> len=405 evalLen=52
2026-10-01T22:50:20.391Z D/LiteRtRepository [DefaultDispatcher-worker-1] [4] Conversation reset completed after safepoint
2026-10-01T22:50:20.393Z D/LiteRtRepository [DefaultDispatcher-worker-3] [5] request start model='Gemma3n4B' prompt.len=942 sha=8d91f23747f62d43 gateWaitMs=2
2026-10-01T22:50:20.394Z D/LiteRtLM [slm-jni] initializeIfNeeded: warm runtime already ready: key='fs|dev=65088|ino=34395|size=4919541760|mtime=1790893403654'
2026-10-01T22:50:20.394Z D/LiteRtRepository [DefaultDispatcher-worker-3] [5] initializeIfNeeded ok initMs=1
2026-10-01T22:50:20.394Z D/LiteRtLM [DefaultDispatcher-worker-6] runInference start: key='fs|dev=65088|ino=34395|size=4919541760|mtime=1790893403654' runId=5 hasText=true originalTextLen=942 effectiveTextLen=942 images=0 audioClips=0
2026-10-01T22:50:20.394Z D/LiteRtLM [DefaultDispatcher-worker-6] LiteRT-LM sendMessageAsync(text): key='fs|dev=65088|ino=34395|size=4919541760|mtime=1790893403654' runId=5 len=942 maxOutputTokens=64
2026-10-01T22:50:20.397Z D/LiteRtLM [DefaultDispatcher-worker-6] sendMessageAsync accepted: key='fs|dev=65088|ino=34395|size=4919541760|mtime=1790893403654' runId=5 dispatchMs=2
2026-10-01T22:50:21.848Z W/LiteRtLM [Thread-96] Inference first output: key='fs|dev=65088|ino=34395|size=4919541760|mtime=1790893403654' runId=5 ttftMs=1453 dispatchMs=2 postDispatchTtftMs=1451 requestToFirstOutputMs=1453
2026-10-01T22:50:24.094Z W/LiteRtLM [Thread-115] Inference timing: key='fs|dev=65088|ino=34395|size=4919541760|mtime=1790893403654' runId=5 ttftMs=1453 dispatchMs=2 postDispatchTtftMs=1451 totalMs=3699 callbacks=19 outputChars=112 cancelled=false error=false requestTotalMs=3699
2026-10-01T22:50:24.094Z I/LiteRtLM [Thread-115] LiteRT completion: runId=5 terminal=normal_onDone phase=unavailable engineTokenCapacity=1024 prefillTokens=-1 decodeTokens=-1 kvTokens=-1 outputChars=112 callbacks=19
2026-10-01T22:50:24.095Z D/LiteRtRepository [main] [5] logical done=true; responseClosed=true; waiting native cleanup
2026-10-01T22:50:24.095Z D/LiteRtRepository [main] [5] native cleanup safepoint
2026-10-01T22:50:24.098Z I/AiViewModel [DefaultDispatcher-worker-6] run[5] done: phase=FOLLOWUP mode=FOLLOWUP_JSON_OR_TEXT score=null FU0.len=112 FU0.sha16=b2ab8c638cc31409 commit=false err=<none>
2026-10-01T22:50:24.104Z D/LiteRtRepository [DefaultDispatcher-worker-7] [5] Conversation reset completed after safepoint
2026-10-01T22:50:25.695Z D/SurveyVM [main] push -> Q11, navSize=14, stackSize=14
2026-10-01T22:50:25.707Z D/SurveyVM [main] hasTwoStepPrompt[Q11] -> true (eval=229, fu=254)
2026-10-01T22:50:38.348Z D/AiScreen [main] Speech started (node=Q11 role=MAIN)
2026-10-01T22:50:42.913Z D/AiScreen [main] Speech finished with empty/no-change (node=Q11 role=MAIN)
2026-10-01T22:50:43.009Z D/SurveyVM [DefaultDispatcher-worker-1] addAudioRef -> q=Q11, file=2026-10-01_22-50-43_voice_SM-S731U_414A86B07D91_b45a4e1e-a943-4f60-b6e0-bb745bcbd5dc_Q11.wav, sid=b45a4e1e-a943-4f60-b6e0-bb745bcbd5dc
2026-10-01T22:50:43.009Z D/SurveyVM [DefaultDispatcher-worker-1] onVoiceExported -> q=Q11, file=2026-10-01_22-50-43_voice_SM-S731U_414A86B07D91_b45a4e1e-a943-4f60-b6e0-bb745bcbd5dc_Q11.wav, replace=false
2026-10-01T22:50:43.024Z D/AiScreen [main] Speech started (node=Q11 role=MAIN)
2026-10-01T22:50:47.958Z D/AiScreen [main] Speech committed (node=Q11 role=MAIN len=17)
2026-10-01T22:50:50.341Z D/SurveyVM [main] getEvalPrompt[Q11] -> len=318
2026-10-01T22:50:50.343Z D/LiteRtRepository [DefaultDispatcher-worker-1] [6] request start model='Gemma3n4B' prompt.len=2964 sha=33c87e0036e7b727 gateWaitMs=1
2026-10-01T22:50:50.345Z D/LiteRtLM [slm-jni] initializeIfNeeded: warm runtime already ready: key='fs|dev=65088|ino=34395|size=4919541760|mtime=1790893403654'
2026-10-01T22:50:50.346Z D/LiteRtRepository [DefaultDispatcher-worker-1] [6] initializeIfNeeded ok initMs=2
2026-10-01T22:50:50.346Z D/LiteRtLM [DefaultDispatcher-worker-1] runInference start: key='fs|dev=65088|ino=34395|size=4919541760|mtime=1790893403654' runId=6 hasText=true originalTextLen=2964 effectiveTextLen=2964 images=0 audioClips=0
2026-10-01T22:50:50.347Z D/LiteRtLM [DefaultDispatcher-worker-1] LiteRT-LM sendMessageAsync(text): key='fs|dev=65088|ino=34395|size=4919541760|mtime=1790893403654' runId=6 len=2964 maxOutputTokens=64
2026-10-01T22:50:50.373Z D/LiteRtLM [DefaultDispatcher-worker-1] sendMessageAsync accepted: key='fs|dev=65088|ino=34395|size=4919541760|mtime=1790893403654' runId=6 dispatchMs=26
2026-10-01T22:50:54.248Z W/LiteRtLM [Thread-116] Inference first output: key='fs|dev=65088|ino=34395|size=4919541760|mtime=1790893403654' runId=6 ttftMs=3901 dispatchMs=26 postDispatchTtftMs=3875 requestToFirstOutputMs=3901
2026-10-01T22:50:56.071Z W/LiteRtLM [Thread-131] Inference timing: key='fs|dev=65088|ino=34395|size=4919541760|mtime=1790893403654' runId=6 ttftMs=3901 dispatchMs=26 postDispatchTtftMs=3875 totalMs=5724 callbacks=15 outputChars=44 cancelled=false error=false requestTotalMs=5724
2026-10-01T22:50:56.071Z I/LiteRtLM [Thread-131] LiteRT completion: runId=6 terminal=normal_onDone phase=unavailable engineTokenCapacity=1024 prefillTokens=-1 decodeTokens=-1 kvTokens=-1 outputChars=44 callbacks=15
2026-10-01T22:50:56.072Z D/LiteRtRepository [main] [6] logical done=true; responseClosed=true; waiting native cleanup
2026-10-01T22:50:56.072Z D/LiteRtRepository [main] [6] native cleanup safepoint
2026-10-01T22:50:56.077Z I/AiViewModel [DefaultDispatcher-worker-1] run[6] done: phase=EVAL mode=EVAL_JSON score=75 FU0.len=0 FU0.sha16=none commit=true err=<none>
2026-10-01T22:50:56.080Z D/SurveyVM [DefaultDispatcher-worker-1] getFollowupPrompt[Q11] -> len=373 evalLen=44
2026-10-01T22:50:56.088Z D/LiteRtRepository [DefaultDispatcher-worker-8] [6] Conversation reset completed after safepoint
2026-10-01T22:50:56.098Z D/LiteRtRepository [DefaultDispatcher-worker-8] [7] request start model='Gemma3n4B' prompt.len=910 sha=b1125d718d38792e gateWaitMs=16
2026-10-01T22:50:56.100Z D/LiteRtLM [slm-jni] initializeIfNeeded: warm runtime already ready: key='fs|dev=65088|ino=34395|size=4919541760|mtime=1790893403654'
2026-10-01T22:50:56.100Z D/LiteRtRepository [DefaultDispatcher-worker-8] [7] initializeIfNeeded ok initMs=1
2026-10-01T22:50:56.101Z D/LiteRtLM [DefaultDispatcher-worker-8] runInference start: key='fs|dev=65088|ino=34395|size=4919541760|mtime=1790893403654' runId=7 hasText=true originalTextLen=910 effectiveTextLen=910 images=0 audioClips=0
2026-10-01T22:50:56.101Z D/LiteRtLM [DefaultDispatcher-worker-8] LiteRT-LM sendMessageAsync(text): key='fs|dev=65088|ino=34395|size=4919541760|mtime=1790893403654' runId=7 len=910 maxOutputTokens=64
2026-10-01T22:50:56.105Z D/LiteRtLM [DefaultDispatcher-worker-8] sendMessageAsync accepted: key='fs|dev=65088|ino=34395|size=4919541760|mtime=1790893403654' runId=7 dispatchMs=5
2026-10-01T22:50:57.561Z W/LiteRtLM [Thread-132] Inference first output: key='fs|dev=65088|ino=34395|size=4919541760|mtime=1790893403654' runId=7 ttftMs=1461 dispatchMs=5 postDispatchTtftMs=1456 requestToFirstOutputMs=1461
2026-10-01T22:51:00.288Z W/LiteRtLM [Thread-155] Inference timing: key='fs|dev=65088|ino=34395|size=4919541760|mtime=1790893403654' runId=7 ttftMs=1461 dispatchMs=5 postDispatchTtftMs=1456 totalMs=4188 callbacks=23 outputChars=114 cancelled=false error=false requestTotalMs=4188
2026-10-01T22:51:00.289Z I/LiteRtLM [Thread-155] LiteRT completion: runId=7 terminal=normal_onDone phase=unavailable engineTokenCapacity=1024 prefillTokens=-1 decodeTokens=-1 kvTokens=-1 outputChars=114 callbacks=23
2026-10-01T22:51:00.289Z D/LiteRtRepository [main] [7] logical done=true; responseClosed=true; waiting native cleanup
2026-10-01T22:51:00.290Z D/LiteRtRepository [main] [7] native cleanup safepoint
2026-10-01T22:51:00.292Z I/AiViewModel [DefaultDispatcher-worker-8] run[7] done: phase=FOLLOWUP mode=FOLLOWUP_JSON_OR_TEXT score=null FU0.len=114 FU0.sha16=ef05aa1b51f5773c commit=false err=<none>
2026-10-01T22:51:00.298Z D/LiteRtRepository [DefaultDispatcher-worker-6] [7] Conversation reset completed after safepoint
2026-10-01T22:51:02.664Z D/SurveyVM [main] push -> Q12, navSize=15, stackSize=15
2026-10-01T22:51:02.675Z D/SurveyVM [main] hasTwoStepPrompt[Q12] -> true (eval=184, fu=209)
2026-10-01T22:51:20.101Z D/AiScreen [main] Speech started (node=Q12 role=MAIN)
2026-10-01T22:51:24.928Z D/AiScreen [main] Speech finished with empty/no-change (node=Q12 role=MAIN)
2026-10-01T22:51:25.043Z D/SurveyVM [DefaultDispatcher-worker-7] addAudioRef -> q=Q12, file=2026-10-01_22-51-25_voice_SM-S731U_414A86B07D91_b45a4e1e-a943-4f60-b6e0-bb745bcbd5dc_Q12.wav, sid=b45a4e1e-a943-4f60-b6e0-bb745bcbd5dc
2026-10-01T22:51:25.043Z D/SurveyVM [DefaultDispatcher-worker-7] onVoiceExported -> q=Q12, file=2026-10-01_22-51-25_voice_SM-S731U_414A86B07D91_b45a4e1e-a943-4f60-b6e0-bb745bcbd5dc_Q12.wav, replace=false
2026-10-01T22:51:25.056Z D/AiScreen [main] Speech started (node=Q12 role=MAIN)
2026-10-01T22:51:30.068Z D/AiScreen [main] Speech committed (node=Q12 role=MAIN len=27)
2026-10-01T22:51:32.941Z D/SurveyVM [main] getEvalPrompt[Q12] -> len=247
2026-10-01T22:51:32.946Z D/LiteRtRepository [DefaultDispatcher-worker-7] [8] request start model='Gemma3n4B' prompt.len=2893 sha=23151879e0d0ee56 gateWaitMs=2
2026-10-01T22:51:32.949Z D/LiteRtLM [slm-jni] initializeIfNeeded: warm runtime already ready: key='fs|dev=65088|ino=34395|size=4919541760|mtime=1790893403654'
2026-10-01T22:51:32.949Z D/LiteRtRepository [DefaultDispatcher-worker-7] [8] initializeIfNeeded ok initMs=3
2026-10-01T22:51:32.951Z D/LiteRtLM [DefaultDispatcher-worker-7] runInference start: key='fs|dev=65088|ino=34395|size=4919541760|mtime=1790893403654' runId=8 hasText=true originalTextLen=2893 effectiveTextLen=2893 images=0 audioClips=0
2026-10-01T22:51:32.951Z D/LiteRtLM [DefaultDispatcher-worker-7] LiteRT-LM sendMessageAsync(text): key='fs|dev=65088|ino=34395|size=4919541760|mtime=1790893403654' runId=8 len=2893 maxOutputTokens=64
2026-10-01T22:51:32.981Z D/LiteRtLM [DefaultDispatcher-worker-7] sendMessageAsync accepted: key='fs|dev=65088|ino=34395|size=4919541760|mtime=1790893403654' runId=8 dispatchMs=30
2026-10-01T22:51:36.639Z W/LiteRtLM [Thread-156] Inference first output: key='fs|dev=65088|ino=34395|size=4919541760|mtime=1790893403654' runId=8 ttftMs=3688 dispatchMs=30 postDispatchTtftMs=3658 requestToFirstOutputMs=3688
2026-10-01T22:51:38.480Z W/LiteRtLM [Thread-172] Inference timing: key='fs|dev=65088|ino=34395|size=4919541760|mtime=1790893403654' runId=8 ttftMs=3688 dispatchMs=30 postDispatchTtftMs=3658 totalMs=5527 callbacks=16 outputChars=53 cancelled=false error=false requestTotalMs=5527
2026-10-01T22:51:38.480Z I/LiteRtLM [Thread-172] LiteRT completion: runId=8 terminal=normal_onDone phase=unavailable engineTokenCapacity=1024 prefillTokens=-1 decodeTokens=-1 kvTokens=-1 outputChars=53 callbacks=16
2026-10-01T22:51:38.480Z D/LiteRtRepository [main] [8] logical done=true; responseClosed=true; waiting native cleanup
2026-10-01T22:51:38.481Z D/LiteRtRepository [main] [8] native cleanup safepoint
2026-10-01T22:51:38.487Z I/AiViewModel [DefaultDispatcher-worker-8] run[8] done: phase=EVAL mode=EVAL_JSON score=25 FU0.len=0 FU0.sha16=none commit=true err=<none>
2026-10-01T22:51:38.488Z D/SurveyVM [DefaultDispatcher-worker-8] getFollowupPrompt[Q12] -> len=311 evalLen=53
2026-10-01T22:51:38.492Z D/LiteRtRepository [DefaultDispatcher-worker-7] [8] Conversation reset completed after safepoint
2026-10-01T22:51:38.494Z D/LiteRtRepository [DefaultDispatcher-worker-1] [9] request start model='Gemma3n4B' prompt.len=848 sha=cf926a503f01a109 gateWaitMs=2
2026-10-01T22:51:38.495Z D/LiteRtLM [slm-jni] initializeIfNeeded: warm runtime already ready: key='fs|dev=65088|ino=34395|size=4919541760|mtime=1790893403654'
2026-10-01T22:51:38.495Z D/LiteRtRepository [DefaultDispatcher-worker-1] [9] initializeIfNeeded ok initMs=1
2026-10-01T22:51:38.496Z D/LiteRtLM [DefaultDispatcher-worker-1] runInference start: key='fs|dev=65088|ino=34395|size=4919541760|mtime=1790893403654' runId=9 hasText=true originalTextLen=848 effectiveTextLen=848 images=0 audioClips=0
2026-10-01T22:51:38.496Z D/LiteRtLM [DefaultDispatcher-worker-1] LiteRT-LM sendMessageAsync(text): key='fs|dev=65088|ino=34395|size=4919541760|mtime=1790893403654' runId=9 len=848 maxOutputTokens=64
2026-10-01T22:51:38.500Z D/LiteRtLM [DefaultDispatcher-worker-1] sendMessageAsync accepted: key='fs|dev=65088|ino=34395|size=4919541760|mtime=1790893403654' runId=9 dispatchMs=3
2026-10-01T22:51:39.952Z W/LiteRtLM [Thread-173] Inference first output: key='fs|dev=65088|ino=34395|size=4919541760|mtime=1790893403654' runId=9 ttftMs=1456 dispatchMs=3 postDispatchTtftMs=1453 requestToFirstOutputMs=1457
2026-10-01T22:51:41.448Z W/LiteRtLM [Thread-186] Inference timing: key='fs|dev=65088|ino=34395|size=4919541760|mtime=1790893403654' runId=9 ttftMs=1456 dispatchMs=3 postDispatchTtftMs=1453 totalMs=2951 callbacks=13 outputChars=69 cancelled=false error=false requestTotalMs=2952
2026-10-01T22:51:41.449Z I/LiteRtLM [Thread-186] LiteRT completion: runId=9 terminal=normal_onDone phase=unavailable engineTokenCapacity=1024 prefillTokens=-1 decodeTokens=-1 kvTokens=-1 outputChars=69 callbacks=13
2026-10-01T22:51:41.450Z D/LiteRtRepository [main] [9] logical done=true; responseClosed=true; waiting native cleanup
2026-10-01T22:51:41.451Z D/LiteRtRepository [main] [9] native cleanup safepoint
2026-10-01T22:51:41.456Z I/AiViewModel [DefaultDispatcher-worker-1] run[9] done: phase=FOLLOWUP mode=FOLLOWUP_JSON_OR_TEXT score=null FU0.len=69 FU0.sha16=1fd00558aa3987cd commit=false err=<none>
2026-10-01T22:51:41.458Z D/LiteRtRepository [DefaultDispatcher-worker-8] [9] Conversation reset completed after safepoint
2026-10-01T23:31:26.646Z D/SurveyVM [main] push -> Q13, navSize=16, stackSize=16
2026-10-01T23:31:26.675Z D/SurveyVM [main] hasTwoStepPrompt[Q13] -> true (eval=221, fu=246)
2026-10-01T23:31:29.065Z D/SurveyVM [main] push -> Q14, navSize=17, stackSize=17
2026-10-01T23:31:29.071Z D/SurveyVM [main] hasTwoStepPrompt[Q14] -> true (eval=160, fu=185)
2026-10-01T23:31:29.414Z D/SurveyVM [main] push -> Q15, navSize=18, stackSize=18
2026-10-01T23:31:29.419Z D/SurveyVM [main] hasTwoStepPrompt[Q15] -> true (eval=185, fu=210)
2026-10-01T23:31:29.689Z D/SurveyVM [main] push -> Q16, navSize=19, stackSize=19
2026-10-01T23:31:29.693Z D/SurveyVM [main] hasTwoStepPrompt[Q16] -> true (eval=200, fu=225)
2026-10-01T23:31:29.884Z D/SurveyVM [main] push -> Review, navSize=20, stackSize=20
2026-10-01T23:31:29.887Z D/SurveyVM [main] hasTwoStepPrompt[Review] -> false (eval=0, fu=0)
2026-10-01T23:31:46.577Z D/SurveyVM [main] push -> Done, navSize=21, stackSize=21
