=== RuntimeLogStore Header ===
ts=2026-09-25T20:20:14.537Z
fileNameFormat=LEGACY
appId=com.negi.survey.local
versionName=0.0.1
versionCode=1
debug=true
device=Google Pixel 9a
sdk=36
pid=5007
==============================
2026-09-25T20:20:14.537Z I/RuntimeLogStore [rtlog-io] start: actor launched (fileNameFormat=LEGACY)
2026-09-25T20:20:14.485Z D/SurveyApp [main] attachBaseContext: pid=5007 process=com.negi.survey.local isMain=true sdk=36
2026-09-25T20:20:14.486Z D/SurveyApp [main] bootTiming: attachBaseContext total=44ms
2026-09-25T20:20:14.486Z D/SurveyApp [main] Skipping WorkManager init in attachBaseContext; will init lazily on first enqueue.
2026-09-25T20:20:14.488Z D/SurveyApp [main] CrashCapture installed: where=SurveyApp:attachBaseContext
2026-09-25T20:20:14.527Z I/RuntimeLogStore [main] start repair: ctx/dir refreshed
2026-09-25T20:20:14.527Z D/SurveyApp [main] bootTiming: RuntimeLogStore.start took=0ms
2026-09-25T20:20:14.527Z D/SurveyApp [main] bootTiming: AppRingLogStore.install took=0ms
2026-09-25T20:20:14.528Z D/SurveyApp [main] onCreate: pid=5007 process=com.negi.survey.local isMain=true sdk=36
2026-09-25T20:20:14.536Z D/SurveyApp [main] CrashCapture installed: where=SurveyApp:onCreate(rewrap)
2026-09-25T20:20:14.537Z D/SurveyApp [main] CrashCapture self-healing registered.
2026-09-25T20:20:14.537Z W/SurveyApp [main] Startup enqueues deferred: delay=2500ms (to reduce init contention)
2026-09-25T20:20:14.538Z D/SurveyApp [main] Startup survey recovery deferred: delay=2500ms
2026-09-25T20:20:14.538Z D/SurveyApp [main] bootTiming: onCreate total=12ms
2026-09-25T20:20:14.608Z I/RuntimeLogStore [DefaultDispatcher-worker-1] start repair: ctx/dir refreshed
2026-09-25T20:20:16.599Z I/RuntimeLogStore [DefaultDispatcher-worker-1] start repair: ctx/dir refreshed
