=== Previous Session Logcat ===
captured_time_utc=20261001_234201
captured_time_local=20261001_184201
marker=2026-10-01 18:41:19.654
preferred_prev_pid=-1
note=best-effort; buffers may be overwritten before next start
sdk=36
device=samsung SM-S731U
appId=com.negi.survey
versionName=0.0.1
versionCode=109

=== Logcat (since marker) ===
--------- beginning of main
10-01 18:41:19.654  9359 10224 D CrashCapture: Staged prev session logcat: /data/user/0/com.negi.survey/files/diagnostics/crash/prevlog_20261001_234119_pid9359.log bytes=8727 marker=2026-10-01 18:38:54.594 pid=-1
10-01 18:41:19.655  9359 10224 D CrashCapture: Persisted logcat marker for next run: 2026-10-01 18:41:19.654
10-01 18:41:19.657  9359 10224 D CrashCapture: GitHub hints: owner=ishizuki-tech repo=SurveyExports branch=main pathPrefix=diagnostics/crash
10-01 18:41:19.657  9359 10224 D CrashCapture: Enqueuing GitHub crash uploads… (mirror-first) where=SurveyApp:enqueuePending(immediate):bg
10-01 18:41:19.657  9359 10224 D CrashCapture: GitHub enqueue(crash file): name=prevlog_20261001_234119_pid9359.log bytes=8727 remote=prevlog_20261001_234119_pid9359.log where=SurveyApp:enqueuePending(immediate):bg
10-01 18:41:19.664  9359 10224 D CrashCapture: GitHub enqueue(crash file): name=prevlog_20261001_233854_pid19617.log bytes=511112 remote=prevlog_20261001_233854_pid19617.log where=SurveyApp:enqueuePending(immediate):bg
10-01 18:41:19.670  9359 10224 D CrashCapture: GitHub enqueue(crash file): name=prevlog_20261001_233652_pid18876.log bytes=870731 remote=prevlog_20261001_233652_pid18876.log where=SurveyApp:enqueuePending(immediate):bg
10-01 18:41:19.673  9359 10224 D CrashCapture: GitHub enqueue(ring file): bytes=11619 remote=ring_store/20261001_234119_pid9359_u34541/seg_00.log src=seg_00.log where=SurveyApp:enqueuePending(immediate):bg
10-01 18:41:19.674  9359 10224 D CrashCapture: Ring store enqueue done. dir=/data/user/0/com.negi.survey/files/diagnostics/applog_ring files=1 bytes=11619 capFiles=300 capBytes=90000000 where=SurveyApp:enqueuePending(immediate):bg
10-01 18:41:19.676  9359  9408 D WM-SystemJobScheduler: Scheduling work ID 6a092d86-ecf6-40c2-bfab-845bc3ce1f5fJob ID 25
10-01 18:41:19.679  9359  9408 D WM-GreedyScheduler: Starting tracking for 8ce689bd-8e98-4255-a0e2-ac89f1a5c0a3,06ddabd3-666a-4462-9168-d9a3144feaef,6a092d86-ecf6-40c2-bfab-845bc3ce1f5f
10-01 18:41:19.697  9359  9408 D WM-SystemJobScheduler: Scheduling work ID 270016f9-8f13-43e4-a06e-2ae1e771a5d4Job ID 26
10-01 18:41:19.699  9359  9408 D WM-GreedyScheduler: Starting tracking for 8ce689bd-8e98-4255-a0e2-ac89f1a5c0a3,270016f9-8f13-43e4-a06e-2ae1e771a5d4,06ddabd3-666a-4462-9168-d9a3144feaef,6a092d86-ecf6-40c2-bfab-845bc3ce1f5f
10-01 18:41:19.723  9359  9408 D WM-SystemJobScheduler: Scheduling work ID fb33062c-8281-414c-bc4b-c0bc4973293fJob ID 27
10-01 18:41:19.725  9359  9408 D WM-GreedyScheduler: Starting tracking for 8ce689bd-8e98-4255-a0e2-ac89f1a5c0a3,fb33062c-8281-414c-bc4b-c0bc4973293f,270016f9-8f13-43e4-a06e-2ae1e771a5d4,06ddabd3-666a-4462-9168-d9a3144feaef,6a092d86-ecf6-40c2-bfab-845bc3ce1f5f
10-01 18:41:19.737  9359  9408 D WM-SystemJobScheduler: Scheduling work ID 2d34e835-6f72-4df5-a11e-402f19aaeb21Job ID 28
10-01 18:41:19.739  9359  9408 D WM-GreedyScheduler: Starting tracking for 8ce689bd-8e98-4255-a0e2-ac89f1a5c0a3,fb33062c-8281-414c-bc4b-c0bc4973293f,270016f9-8f13-43e4-a06e-2ae1e771a5d4,06ddabd3-666a-4462-9168-d9a3144feaef,6a092d86-ecf6-40c2-bfab-845bc3ce1f5f,2d34e835-6f72-4df5-a11e-402f19aaeb21
10-01 18:41:58.892 12170 12170 I Zygote  : Process 12170 created for com.negi.survey
10-01 18:41:58.893 12170 12170 I com.negi.survey: Using CollectorTypeCMC GC.
10-01 18:41:58.898 12170 12170 D nativeloader: Load libframework-connectivity-tiramisu-jni.so using APEX ns com_android_tethering for caller /apex/com.android.tethering/javalib/framework-connectivity-t.jar: ok
10-01 18:41:58.900 12170 12170 D ActivityThread: setConscryptValidator
10-01 18:41:58.900 12170 12170 D ActivityThread: setConscryptValidator - put
10-01 18:41:58.917 12170 12170 D ApplicationLoaders: Returning zygote-cached class loader: /system_ext/framework/androidx.window.extensions.jar
10-01 18:41:58.917 12170 12170 D ApplicationLoaders: Returning zygote-cached class loader: /system_ext/framework/androidx.window.sidecar.jar
10-01 18:41:58.926 12170 12170 D nativeloader: Configuring clns-9 for other apk /data/app/~~fhXaCcUvp8Lq9OsjhtMl7g==/com.negi.survey-FIGNuiTQvX3vPD09SNPRbg==/base.apk. target_sdk_version=36, uses_libraries=libOpenCL.so, library_path=/data/app/~~fhXaCcUvp8Lq9OsjhtMl7g==/com.negi.survey-FIGNuiTQvX3vPD09SNPRbg==/lib/arm64:/data/app/~~fhXaCcUvp8Lq9OsjhtMl7g==/com.negi.survey-FIGNuiTQvX3vPD09SNPRbg==/base.apk!/lib/arm64-v8a, permitted_path=/data:/mnt/expand:/data/user/0/com.negi.survey
10-01 18:41:58.933 12170 12170 V GraphicsEnvironment: Currently set values for:
10-01 18:41:58.934 12170 12170 V GraphicsEnvironment:   angle_gl_driver_selection_pkgs=[]
10-01 18:41:58.934 12170 12170 V GraphicsEnvironment:   angle_gl_driver_selection_values=[]
10-01 18:41:58.934 12170 12170 V GraphicsEnvironment: com.negi.survey is not listed in per-application setting
10-01 18:41:58.934 12170 12170 V GraphicsEnvironment: ANGLE allowlist from config: com.dreamgames.royalmatch com.dts.freefiremax com.dxx.firenow com.gramgames.mergedragons com.ludo.king com.mojang.minecraftpe com.my.defense com.nintendo.zaka com.os.airforce com.playrix.fishdomdd.gplay io.teslatech.callbreak jp.konami.prospia net.peakgames.toonblast
10-01 18:41:58.934 12170 12170 V GraphicsEnvironment: No special selections for ANGLE, returning default driver choice
10-01 18:41:58.934 12170 12170 V GraphicsEnvironment: Neither updatable production driver nor prerelease driver is supported.
10-01 18:41:58.942 12170 12170 D nativeloader: Load /data/app/~~fhXaCcUvp8Lq9OsjhtMl7g==/com.negi.survey-FIGNuiTQvX3vPD09SNPRbg==/base.apk!/lib/arm64-v8a/liblitertlm_jni.so using class loader ns clns-9 (caller=/data/app/~~fhXaCcUvp8Lq9OsjhtMl7g==/com.negi.survey-FIGNuiTQvX3vPD09SNPRbg==/base.apk!classes4.dex): ok
10-01 18:41:58.942 12170 12170 D SurveyApp: Loaded LiteRTLM JNI: litertlm_jni where=attachBaseContext
10-01 18:41:58.944 12170 12198 D RuntimeLogStore: openWriter: start -> /data/user/0/com.negi.survey/files/diagnostics/runtime_logs/rtlog_20261001_234158_943_pid12170_seq1.log (bytes=0 format=LEGACY)
10-01 18:41:58.944 12170 12170 D AppRingLogStore: installed: dir=/data/user/0/com.negi.survey/files/diagnostics/applog_ring idx=0
10-01 18:41:58.944 12170 12170 D CrashCapture: install: ensured default handler. where=SurveyApp:attachBaseContext pid=12170 default=com.negi.survey.CrashCapture$CrashHandler@13c3e11
10-01 18:41:58.945 12170 12198 D RuntimeLogStore: retention: start files=3 kept=3 totalBytes=4517
10-01 18:41:58.947 12170 12170 D SurveyApp: LiteRTLM JNI already loaded; skip. where=onCreate(retry)
10-01 18:41:58.947 12170 12170 D CrashCapture: install: ensured default handler. where=SurveyApp:onCreate(rewrap) pid=12170 default=com.negi.survey.CrashCapture$CrashHandler@13c3e11
10-01 18:41:58.947 12170 12170 D CrashCapture: registerSelfHealing: ActivityLifecycleCallbacks registered. mode=onResumedOnly
--------- beginning of system
10-01 18:41:58.950 12170 12170 D ActivityThread: com.negi.survey will use render engine as VK
10-01 18:41:58.950 12170 12170 D HWUI    : HWUI - treat SMPTE_170M as sRGB
10-01 18:41:58.951 12170 12200 I DisplayManager: Choreographer implicitly registered for the refresh rate.
10-01 18:41:58.951 12170 12200 D HWUI    : CacheManager constructor. deviceInfo=(1080, 1920)
10-01 18:41:58.951 12170 12200 D vulkan  : searching for layers in '/data/app/~~fhXaCcUvp8Lq9OsjhtMl7g==/com.negi.survey-FIGNuiTQvX3vPD09SNPRbg==/lib/arm64'
10-01 18:41:58.951 12170 12200 D vulkan  : searching for layers in '/data/app/~~fhXaCcUvp8Lq9OsjhtMl7g==/com.negi.survey-FIGNuiTQvX3vPD09SNPRbg==/base.apk!/lib/arm64-v8a'
10-01 18:41:58.953 12170 12200 V XGL     : ----------------------------------------------------------------------
10-01 18:41:58.953 12170 12170 D DesktopExperienceFlags: Toggle override initialized to: false
10-01 18:41:58.953 12170 12200 V XGL     : SUMD version compiled date     = 2026-01-09 09:57 - KST
10-01 18:41:58.953 12170 12200 V XGL     : SUMD version revision number   = 1900168dcb
10-01 18:41:58.953 12170 12200 V XGL     : SUMD version info              = Driver version: 24.0.534, git hash: 1900168dcb
10-01 18:41:58.953 12170 12200 V XGL     : ----------------------------------------------------------------------
10-01 18:41:58.953 12170 12200 V XGL     : Entering: Create
10-01 18:41:58.955 12170 12170 E ashmem  : Pinning is deprecated since Android Q. Please use trim or other methods.
10-01 18:41:58.959 12170 12200 V XGL     : Exiting: Create
10-01 18:41:58.959 12170 12170 D CompatChangeReporter: Compat change id reported: 377864165; UID 10354; state: ENABLED
10-01 18:41:58.960 12170 12170 D DesktopModeFlags: Toggle override initialized to: OVERRIDE_UNSET
10-01 18:41:58.961 12170 12170 I DecorView: setWindowBackground: isPopOver=false color=fffafafa d=android.graphics.drawable.ColorDrawable@7e03cd6
10-01 18:41:58.961 12170 12170 D PhoneWindow: forceLight changed to false [] from com.android.internal.policy.PhoneWindow.updateForceLightNavigationBar:663 com.android.internal.policy.PhoneWindow.setNavigationBarColor:4435 androidx.activity.EdgeToEdgeApi35.setUp:353 androidx.activity.EdgeToEdge.enableEdgeToEdge$lambda$1:101 androidx.activity.EdgeToEdge$$ExternalSyntheticLambda0.run:0 
10-01 18:41:58.965 12170 12170 D CrashCapture: install: ensured default handler. where=selfHeal:onActivityResumed pid=12170 default=com.negi.survey.CrashCapture$CrashHandler@13c3e11
10-01 18:41:58.968 12170 12170 D ViewRootImpl: desktopMode is false
10-01 18:41:58.969 12170 12170 I ViewRootImpl: dVRR is disabled
10-01 18:41:58.969 12170 12170 D HardwareRenderer: onDisplayChanged. displayId=0 current wxh=1080x2340 mLargest wxh=0x0
10-01 18:41:58.969 12170 12170 D HardwareRenderer: Set largestWidth and largestHeight as logical resolution. (1080x2340)
10-01 18:41:58.969 12170 12200 D HWUI    : setMaxSurfaceArea requested wxh=(1080,2340) requestedSurfaceArea(2527200) mMaxSurfaceArea(2073600)
10-01 18:41:58.969 12170 12200 D NativeCustomFrequencyManager: [NativeCFMS] BpCustomFrequencyManager::BpCustomFrequencyManager()
10-01 18:41:58.971 12170 12207 I com.negi.survey: [HIDL_FETCH_IMapper] android.hardware.graphics.mapper@4.0: Loaded Mapper successfully.
10-01 18:41:58.972 12170 12170 D InputTransport: Input channel constructed: 'ebf3b2d', fd=108
10-01 18:41:58.973 12170 12170 I InsetsController: onStateChanged: host=com.negi.survey/com.negi.survey.MainActivity, from=android.view.ViewRootImpl.onInsetsStateChanged:3038, state=InsetsState: {mDisplayFrame=Rect(0, 0 - 1080, 2340), mDisplayCutout=DisplayCutout{insets=Rect(0, 82 - 0, 0) waterfall=Insets{left=0, top=0, right=0, bottom=0} boundingRect={Bounds=[Rect(0, 0 - 0, 0), Rect(511, 24 - 569, 82), Rect(0, 0 - 0, 0), Rect(0, 0 - 0, 0)]} cutoutPathParserInfo={CutoutPathParserInfo{displayWidth=1080 displayHeight=2340 physicalDisplayWidth=1080 physicalDisplayHeight=2340 density={2.8125} cutoutSpec={M 0,0 M 0, 8.533333333333333 a 10.31111111111111,10.31111111111111 0 1,0 0,20.62222222222222 a 10.31111111111111,10.31111111111111 0 1,0 0,-20.62222222222222 Z @dp} rotation={0} scale={1.0} physicalPixelDisplaySizeRatio={1.0}}} sideOverrides={}}, mRoundedCorners=RoundedCorners{[RoundedCorner{position=TopLeft, radius=113, center=Point(113, 113)}, RoundedCorner{position=TopRight, radius=113, center=Point(967, 113)}, RoundedCorner{position=BottomRight, radius=113, center=Point(967, 2227)}, RoundedCorner{position=BottomLeft, radius=113, center=Point(113, 2227)}]}  mRoundedCornerFrame=Rect(0, 0 - 1080, 2340), mPrivacyIndicatorBounds=PrivacyIndicatorBounds {static bounds=Rect(956, 0 - 1080, 97) rotation=0}, mDisplayShape=DisplayShape{ spec=-311912193 displayWidth=1080 displayHeight=2340 physicalPixelDisplaySizeRatio=1.0 rotation=0 offsetX=0 offsetY=0 scale=1.0}, mSources= { InsetsSource: {3 mType=ime mFrame=[0,0][0,0] mAttachedInsets=null mVisible=false mFlags=INVALID mSideHint=NONE mBoundingRects=null}, InsetsSource: {27 mType=displayCutout mFrame=[0,0][1080,82] mAttachedInsets=null mVisible=true mFlags= mSideHint=TOP mBoundingRects=null}, InsetsSource: {9880000 mType=statusBars mFrame=[0,0][1080,97] mAttachedInsets=null mVisible=true mFlags= mSideHint=TOP mBoundingRects=null}, InsetsSource: {9880005 mType=mandatorySystemGestures mFrame=[0,0][1080,116] mAttachedInsets=null mVisible=true mFlags= mSideHint=TOP mBoundingRects=null}, InsetsSource: {9880006 mType=tappableElement mFrame=[0,0][1080,97] mAttachedInsets=null mVisible=true mFlags= mSideHint=TOP mBoundingRects=null}, InsetsSource: {5e020001 mType=navigationBars mFrame=[0,2205][1080,2340] mAttachedInsets=null mVisible=true mFlags= mSideHint=BOTTOM mBoundingRects=null}, InsetsSource: {5e020004 mType=systemGestures mFrame=[0,0][0,0] mAttachedInsets=null mVisible=true mFlags= mSideHint=NONE mBoundingRects=null}, InsetsSource: {5e020005 mType=mandatorySystemGestures mFrame=[0,2205][1080,2340] mAttachedInsets=null mVisible=true mFlags= mSideHint=BOTTOM mBoundingRects=null}, InsetsSource: {5e020006 mType=tappableElement mFrame=[0,2205][1080,2340] mAttachedInsets=null mVisible=true mFlags= mSideHint=BOTTOM mBoundingRects=null}, InsetsSource: {5e020024 mType=systemGestures mFrame=[0,0][0,0] mAttachedInsets=null mVisible=true mFlags= mSideHint=NONE mBoundingRects=null} }
10-01 18:41:58.973 12170 12170 I VRI[MainActivity]@b416d1a: synced displayState. AttachInfo displayState=2
10-01 18:41:58.973 12170 12170 I VRI[MainActivity]@b416d1a: setView = com.android.internal.policy.DecorView@1b5f27d IsHRR=false mFlingFrameRateChange=0 TM=true
10-01 18:41:58.973 12170 12170 I IDS_TAG : Starting IDS observe window
10-01 18:41:58.973 12170 12170 I IDS_TAG : Getting Shared Preference for com.negi.survey.SurveyApp@8e6e08b uid = 10354
10-01 18:41:58.975 12170 12170 I IDS_TAG : App com.negi.survey.SurveyApp@8e6e08b has not finished training
10-01 18:41:58.975 12170 12170 I IDS_TAG : Closing IDS observe window
10-01 18:41:58.975 12170 12170 I IDS_TAG : Getting Shared Preference for com.negi.survey.SurveyApp@8e6e08b uid = 10354
10-01 18:41:58.976 12170 12170 I IDS_TAG : IDS count updated to 4 for com.negi.survey.SurveyApp@8e6e08b
10-01 18:41:58.976 12170 12170 D WindowOnBackDispatcher: setTopOnBackInvokedCallback (unwrapped): android.app.Activity$$ExternalSyntheticLambda0@1d586be
10-01 18:41:58.986 12170 12170 D WM-PackageManagerHelper: Skipping component enablement for androidx.work.impl.background.systemjob.SystemJobService
10-01 18:41:58.986 12170 12170 D WM-Schedulers: Created SystemJobScheduler and enabled SystemJobService
10-01 18:41:58.986 12170 12216 D WM-ForceStopRunnable: Is default app process = true
10-01 18:41:58.986 12170 12216 D WM-ForceStopRunnable: Performing cleanup operations.
10-01 18:41:58.996 12170 12216 D WM-SystemJobScheduler: Reconciling jobs
10-01 18:41:59.000 12170 12216 D WM-ForceStopRunnable: Found unfinished work, scheduling it.
10-01 18:41:59.002 12170 12170 D VRI[MainActivity]@b416d1a: WindowInsets changed: 1080x2340 statusBars:[0,97,0,0] navigationBars:[0,0,0,135] mandatorySystemGestures:[0,116,0,135] 
10-01 18:41:59.004 12170 12216 D WM-SystemJobScheduler: Scheduling work ID 06ddabd3-666a-4462-9168-d9a3144feaefJob ID 23
10-01 18:41:59.004 12170 12170 I HWUI    : Using FreeType backend (prop=Auto)
10-01 18:41:59.006 12170 12216 D WM-SystemJobScheduler: Scheduling work ID 8ce689bd-8e98-4255-a0e2-ac89f1a5c0a3Job ID 24
10-01 18:41:59.008 12170 12216 D WM-SystemJobScheduler: Scheduling work ID 6a092d86-ecf6-40c2-bfab-845bc3ce1f5fJob ID 25
10-01 18:41:59.009 12170 12216 D WM-SystemJobScheduler: Scheduling work ID 270016f9-8f13-43e4-a06e-2ae1e771a5d4Job ID 26
10-01 18:41:59.010 12170 12216 D WM-SystemJobScheduler: Scheduling work ID fb33062c-8281-414c-bc4b-c0bc4973293fJob ID 27
10-01 18:41:59.012 12170 12216 D WM-SystemJobScheduler: Scheduling work ID 2d34e835-6f72-4df5-a11e-402f19aaeb21Job ID 28
10-01 18:41:59.013 12170 12216 D WM-GreedyScheduler: Starting tracking for 8ce689bd-8e98-4255-a0e2-ac89f1a5c0a3,fb33062c-8281-414c-bc4b-c0bc4973293f,270016f9-8f13-43e4-a06e-2ae1e771a5d4,06ddabd3-666a-4462-9168-d9a3144feaef,6a092d86-ecf6-40c2-bfab-845bc3ce1f5f,2d34e835-6f72-4df5-a11e-402f19aaeb21
10-01 18:41:59.016 12170 12170 W libc    : Access denied finding property "vendor.perf.ems.egg"
10-01 18:41:59.016 12170 12170 I BLASTBufferQueue_Java: new BLASTBufferQueue, mName= VRI[MainActivity]@b416d1a mNativeObject= 0xb4000076390d46f0 caller= android.view.ViewRootImpl.updateBlastSurfaceIfNeeded:3603 android.view.ViewRootImpl.relayoutWindow:11813 android.view.ViewRootImpl.performTraversals:4840 android.view.ViewRootImpl.doTraversal:3959 android.view.ViewRootImpl$TraversalRunnable.run:13034 android.view.Choreographer$CallbackRecord.run:1961 android.view.Choreographer$CallbackRecord.run:1970 android.view.Choreographer.doCallbacks:1423 android.view.Choreographer.doFrame:1348 android.view.Choreographer$FrameDisplayEventReceiver.run:1930 
10-01 18:41:59.016 12170 12170 I BLASTBufferQueue_Java: update, w= 1080 h= 2340 mName = VRI[MainActivity]@b416d1a mNativeObject= 0xb4000076390d46f0 sc.mNativeObject= 0xb4000074c9074250 format= -1 caller= android.view.ViewRootImpl.updateBlastSurfaceIfNeeded:3608 android.view.ViewRootImpl.relayoutWindow:11813 android.view.ViewRootImpl.performTraversals:4840 android.view.ViewRootImpl.doTraversal:3959 android.view.ViewRootImpl$TraversalRunnable.run:13034 android.view.Choreographer$CallbackRecord.run:1961 
10-01 18:41:59.017 12170 12170 W libc    : Access denied finding property "vendor.perf.ems.egg"
10-01 18:41:59.017 12170 12170 I VRI[MainActivity]@b416d1a: Relayout returned: old=(0,0,1080,2340) new=(0,0,1080,2340) relayoutAsync=false req=(1080,2340)0 dur=3 res=0x3 s={true 0xb4000076a9097430} ch=true seqId=0
10-01 18:41:59.017 12170 12170 I VRI[MainActivity]@b416d1a: performConfigurationChange setNightDimText nightDimLevel=0
10-01 18:41:59.018 12170 12170 D VRI[MainActivity]@b416d1a: mThreadedRenderer.initialize() mSurface={isValid=true 0xb4000076a9097430} hwInitialized=true
10-01 18:41:59.020 12170 12221 D WM-WorkConstraintsTrack: NetworkRequestConstraintController register shared callback
10-01 18:41:59.021 12170 12221 D ConnectivityManager: StackLog: [android.net.ConnectivityManager.sendRequestForNetwork(ConnectivityManager.java:4738)] [android.net.ConnectivityManager.registerDefaultNetworkCallbackForUid(ConnectivityManager.java:5463)] [android.net.ConnectivityManager.registerDefaultNetworkCallback(ConnectivityManager.java:5430)] [android.net.ConnectivityManager.registerDefaultNetworkCallback(ConnectivityManager.java:5404)] [androidx.work.impl.constraints.SharedNetworkCallback.addCallback(WorkConstraintsTracker.kt:362)] [androidx.work.impl.constraints.NetworkRequestConstraintController$track$1.invokeSuspend(WorkConstraintsTracker.kt:179)] [androidx.work.impl.constraints.NetworkRequestConstraintController$track$1.invoke(Unknown Source:8)] [androidx.work.impl.constraints.NetworkRequestConstraintController$track$1.invoke(Unknown Source:4)] [kotlinx.coroutines.flow.ChannelFlowBuilder.collectTo$suspendImpl(Builders.kt:316)] [kotlinx.coroutines.flow.ChannelFlowBuilder.collectTo(Unknown Source:0)] [kotlinx.coroutines.flow.CallbackFlowBuilder.collectTo(Builders.kt:330)] [kotlinx.coroutines.flow.internal.ChannelFlow$collectToFun$1.invokeSuspend(ChannelFlow.kt:56)] [kotlin.coroutines.jvm.internal.BaseContinuationImpl.resumeWith(ContinuationImpl.kt:34)] [kotlinx.coroutines.DispatchedTask.run(DispatchedTask.kt:100)] [androidx.work.impl.utils.SerialExecutorImpl$Task.run(SerialExecutorImpl.java:96)] [java.util.concurrent.ThreadPoolExecutor.runWorker(ThreadPoolExecutor.java:1154)] [java.util.concurrent.ThreadPoolExecutor$Worker.run(ThreadPoolExecutor.java:652)] [java.lang.Thread.run(Thread.java:1563)]
10-01 18:41:59.022 12170 12170 D VRI[MainActivity]@b416d1a: reportNextDraw android.view.ViewRootImpl.performTraversals:5507 android.view.ViewRootImpl.doTraversal:3959 android.view.ViewRootImpl$TraversalRunnable.run:13034 android.view.Choreographer$CallbackRecord.run:1961 android.view.Choreographer$CallbackRecord.run:1970 
10-01 18:41:59.022 12170 12170 D VRI[MainActivity]@b416d1a: Setup new sync=wmsSync-VRI[MainActivity]@b416d1a#0
10-01 18:41:59.022 12170 12170 I VRI[MainActivity]@b416d1a: Creating new active sync group VRI[MainActivity]@b416d1a#1
10-01 18:41:59.024 12170 12221 D WM-PackageManagerHelper: Skipping component enablement for androidx.work.impl.background.systemalarm.RescheduleReceiver
10-01 18:41:59.024 12170 12170 D VRI[MainActivity]@b416d1a: registerCallbacksForSync syncBuffer=false
10-01 18:41:59.027 12170 12170 I View    : setRequestedFrameRate frameRate=-4.0, this=android.view.View{81588e5 V.ED..... ......I. 0,0-0,0}, caller=androidx.compose.ui.platform.Api35Impl.setRequestedFrameRate:4047 androidx.compose.ui.platform.AndroidComposeView.dispatchDraw:2282 android.view.View.draw:26758 android.view.View.updateDisplayListIfDirty:25577 android.view.View.draw:26477 
10-01 18:41:59.028 12170 12208 D VRI[MainActivity]@b416d1a: Received frameDrawingCallback syncResult=0 frameNum=1.
10-01 18:41:59.028 12170 12208 I VRI[MainActivity]@b416d1a: mWNT: t=0xb4000075a9096c60 mBlastBufferQueue=0xb4000076390d46f0 fn= 1 HdrRenderState mRenderHdrSdrRatio=1.0 caller= android.view.ViewRootImpl$12.onFrameDraw:15561 android.view.ThreadedRenderer$1.onFrameDraw:751 <bottom of call stack> 
10-01 18:41:59.028 12170 12208 I VRI[MainActivity]@b416d1a: Setting up sync and frameCommitCallback
10-01 18:41:59.037 12170 12200 I BLASTBufferQueue: [VRI[MainActivity]@b416d1a#0](f:0,a:0,s:0) onFrameAvailable the first frame is available
10-01 18:41:59.037 12170 12200 I VRI[MainActivity]@b416d1a: Received frameCommittedCallback lastAttemptedDrawFrameNum=1 didProduceBuffer=true
10-01 18:41:59.037 12170 12200 D HWUI    : CFMS:: SetUp Pid : 12170    Tid : 12200
10-01 18:41:59.037 12170 12170 D VRI[MainActivity]@b416d1a: reportDrawFinished seqId=0
10-01 18:41:59.038 12170 12200 D HWUI    : HWUI - treat SMPTE_170M as sRGB
10-01 18:41:59.040 12170 12170 I InsetsSourceConsumer: applyRequestedVisibilityToControl: visible=true, type=navigationBars, host=com.negi.survey/com.negi.survey.MainActivity
10-01 18:41:59.040 12170 12170 I InsetsSourceConsumer: applyRequestedVisibilityToControl: visible=true, type=statusBars, host=com.negi.survey/com.negi.survey.MainActivity
10-01 18:41:59.048 12170 12170 I View    : setRequestedFrameRate frameRate=NaN, this=android.view.View{81588e5 V.ED..... ........ 0,0-0,0}, caller=androidx.compose.ui.platform.Api35Impl.setRequestedFrameRate:4047 androidx.compose.ui.platform.AndroidComposeView.dispatchDraw:2282 android.view.View.draw:26758 android.view.View.updateDisplayListIfDirty:25577 android.view.ViewGroup.recreateChildDisplayList:4881 
10-01 18:41:59.058 12170 12170 D VRI[MainActivity]@b416d1a: mThreadedRenderer.initializeIfNeeded()#2 mSurface={isValid=true 0xb4000076a9097430}
10-01 18:41:59.059 12170 12170 D InputMethodManagerUtils: startInputInner - Id : 0
10-01 18:41:59.059 12170 12170 I InputMethodManager: startInputInner - IInputMethodManagerGlobalInvoker.startInputOrWindowGainedFocus
10-01 18:41:59.060 12170 12170 D InsetsController: hide(ime())
10-01 18:41:59.060 12170 12170 I ImeTracker: com.negi.survey:10a29b43: onCancelled at PHASE_CLIENT_ALREADY_HIDDEN
10-01 18:41:59.062 12170 12232 D InputTransport: Input channel constructed: 'ClientS', fd=138
10-01 18:41:59.090 12170 12170 D IntroScreen: Resolved config details: id=survey_config10.yaml in 51ms
10-01 18:41:59.109 12170 12170 I View    : setRequestedFrameRate frameRate=-4.0, this=android.view.View{81588e5 V.ED..... ........ 0,0-0,0}, caller=androidx.compose.ui.platform.Api35Impl.setRequestedFrameRate:4047 androidx.compose.ui.platform.AndroidComposeView.dispatchDraw:2282 android.view.View.draw:26758 android.view.View.updateDisplayListIfDirty:25577 android.view.ViewGroup.recreateChildDisplayList:4881 
10-01 18:41:59.422 12170 12170 I View    : setRequestedFrameRate frameRate=NaN, this=android.view.View{81588e5 V.ED..... ........ 0,0-0,0}, caller=androidx.compose.ui.platform.Api35Impl.setRequestedFrameRate:4047 androidx.compose.ui.platform.AndroidComposeView.dispatchDraw:2282 android.view.View.draw:26758 android.view.View.updateDisplayListIfDirty:25577 android.view.ViewGroup.recreateChildDisplayList:4881 
10-01 18:41:59.432 12170 12170 I View    : setRequestedFrameRate frameRate=-4.0, this=android.view.View{81588e5 V.ED..... ........ 0,0-0,0}, caller=androidx.compose.ui.platform.Api35Impl.setRequestedFrameRate:4047 androidx.compose.ui.platform.AndroidComposeView.dispatchDraw:2282 android.view.View.draw:26758 android.view.View.updateDisplayListIfDirty:25577 android.view.ViewGroup.recreateChildDisplayList:4881 
10-01 18:41:59.439 12170 12170 I View    : setRequestedFrameRate frameRate=NaN, this=android.view.View{81588e5 V.ED..... ........ 0,0-0,0}, caller=androidx.compose.ui.platform.Api35Impl.setRequestedFrameRate:4047 androidx.compose.ui.platform.AndroidComposeView.dispatchDraw:2282 android.view.View.draw:26758 android.view.View.updateDisplayListIfDirty:25577 android.view.ViewGroup.recreateChildDisplayList:4881 
10-01 18:41:59.449 12170 12170 I View    : setRequestedFrameRate frameRate=-4.0, this=android.view.View{81588e5 V.ED..... ........ 0,0-0,0}, caller=androidx.compose.ui.platform.Api35Impl.setRequestedFrameRate:4047 androidx.compose.ui.platform.AndroidComposeView.dispatchDraw:2282 android.view.View.draw:26758 android.view.View.updateDisplayListIfDirty:25577 android.view.ViewGroup.recreateChildDisplayList:4881 
10-01 18:41:59.455 12170 12170 I View    : setRequestedFrameRate frameRate=NaN, this=android.view.View{81588e5 V.ED..... ........ 0,0-0,0}, caller=androidx.compose.ui.platform.Api35Impl.setRequestedFrameRate:4047 androidx.compose.ui.platform.AndroidComposeView.dispatchDraw:2282 android.view.View.draw:26758 android.view.View.updateDisplayListIfDirty:25577 android.view.ViewGroup.recreateChildDisplayList:4881 
10-01 18:41:59.482 12170 12170 I View    : setRequestedFrameRate frameRate=-4.0, this=android.view.View{81588e5 V.ED..... ........ 0,0-0,0}, caller=androidx.compose.ui.platform.Api35Impl.setRequestedFrameRate:4047 androidx.compose.ui.platform.AndroidComposeView.dispatchDraw:2282 android.view.View.draw:26758 android.view.View.updateDisplayListIfDirty:25577 android.view.ViewGroup.recreateChildDisplayList:4881 
10-01 18:41:59.488 12170 12170 I View    : setRequestedFrameRate frameRate=NaN, this=android.view.View{81588e5 V.ED..... ........ 0,0-0,0}, caller=androidx.compose.ui.platform.Api35Impl.setRequestedFrameRate:4047 androidx.compose.ui.platform.AndroidComposeView.dispatchDraw:2282 android.view.View.draw:26758 android.view.View.updateDisplayListIfDirty:25577 android.view.ViewGroup.recreateChildDisplayList:4881 
10-01 18:41:59.499 12170 12170 I View    : setRequestedFrameRate frameRate=-4.0, this=android.view.View{81588e5 V.ED..... ........ 0,0-0,0}, caller=androidx.compose.ui.platform.Api35Impl.setRequestedFrameRate:4047 androidx.compose.ui.platform.AndroidComposeView.dispatchDraw:2282 android.view.View.draw:26758 android.view.View.updateDisplayListIfDirty:25577 android.view.ViewGroup.recreateChildDisplayList:4881 
10-01 18:41:59.506 12170 12170 I View    : setRequestedFrameRate frameRate=NaN, this=android.view.View{81588e5 V.ED..... ........ 0,0-0,0}, caller=androidx.compose.ui.platform.Api35Impl.setRequestedFrameRate:4047 androidx.compose.ui.platform.AndroidComposeView.dispatchDraw:2282 android.view.View.draw:26758 android.view.View.updateDisplayListIfDirty:25577 android.view.ViewGroup.recreateChildDisplayList:4881 
10-01 18:42:00.023 12170 12218 D WM-WorkConstraintsTrack: NetworkRequestConstraintController didn't receive neither onCapabilitiesChanged/onLost callback, sending `ConstraintsNotMet` after 1000 ms
10-01 18:42:00.023 12170 12218 D WM-GreedyScheduler: Constraints not met: Cancelling work ID WorkGenerationalId(workSpecId=6a092d86-ecf6-40c2-bfab-845bc3ce1f5f, generation=0)
10-01 18:42:00.024 12170 12218 D WM-WorkConstraintsTrack: NetworkRequestConstraintController didn't receive neither onCapabilitiesChanged/onLost callback, sending `ConstraintsNotMet` after 1000 ms
10-01 18:42:00.024 12170 12218 D WM-WorkConstraintsTrack: NetworkRequestConstraintController didn't receive neither onCapabilitiesChanged/onLost callback, sending `ConstraintsNotMet` after 1000 ms
10-01 18:42:00.024 12170 12218 D WM-WorkConstraintsTrack: NetworkRequestConstraintController didn't receive neither onCapabilitiesChanged/onLost callback, sending `ConstraintsNotMet` after 1000 ms
10-01 18:42:00.024 12170 12218 D WM-WorkConstraintsTrack: NetworkRequestConstraintController didn't receive neither onCapabilitiesChanged/onLost callback, sending `ConstraintsNotMet` after 1000 ms
10-01 18:42:00.024 12170 12218 D WM-WorkConstraintsTrack: NetworkRequestConstraintController didn't receive neither onCapabilitiesChanged/onLost callback, sending `ConstraintsNotMet` after 1000 ms
10-01 18:42:00.024 12170 12218 D WM-GreedyScheduler: Constraints not met: Cancelling work ID WorkGenerationalId(workSpecId=06ddabd3-666a-4462-9168-d9a3144feaef, generation=0)
10-01 18:42:00.024 12170 12218 D WM-GreedyScheduler: Constraints not met: Cancelling work ID WorkGenerationalId(workSpecId=2d34e835-6f72-4df5-a11e-402f19aaeb21, generation=0)
10-01 18:42:00.024 12170 12218 D WM-GreedyScheduler: Constraints not met: Cancelling work ID WorkGenerationalId(workSpecId=270016f9-8f13-43e4-a06e-2ae1e771a5d4, generation=0)
10-01 18:42:00.024 12170 12218 D WM-GreedyScheduler: Constraints not met: Cancelling work ID WorkGenerationalId(workSpecId=8ce689bd-8e98-4255-a0e2-ac89f1a5c0a3, generation=0)
10-01 18:42:00.024 12170 12218 D WM-GreedyScheduler: Constraints not met: Cancelling work ID WorkGenerationalId(workSpecId=fb33062c-8281-414c-bc4b-c0bc4973293f, generation=0)
10-01 18:42:00.259 12170 12170 I VRI[MainActivity]@b416d1a: ViewPostIme pointer 0
10-01 18:42:00.262 12170 12170 I VRI[MainActivity]@b416d1a: call setFrameRateCategory for touch hint category=high hint, reason=touch, vri=VRI[MainActivity]@b416d1a
10-01 18:42:00.310 12170 12170 I VRI[MainActivity]@b416d1a: ViewPostIme pointer 1
10-01 18:42:00.312 12170 12170 D MainActivity: Intro -> Start session. epoch=1, file=survey_config10.yaml
10-01 18:42:00.329 12170 12170 I View    : setRequestedFrameRate frameRate=-4.0, this=android.view.View{81588e5 V.ED..... ........ 0,0-0,0}, caller=androidx.compose.ui.platform.Api35Impl.setRequestedFrameRate:4047 androidx.compose.ui.platform.AndroidComposeView.dispatchDraw:2282 android.view.View.draw:26758 android.view.View.updateDisplayListIfDirty:25577 android.view.View.draw:26477 
10-01 18:42:00.338 12170 12170 I View    : setRequestedFrameRate frameRate=NaN, this=android.view.View{81588e5 V.ED..... ........ 0,0-0,0}, caller=androidx.compose.ui.platform.Api35Impl.setRequestedFrameRate:4047 androidx.compose.ui.platform.AndroidComposeView.dispatchDraw:2282 android.view.View.draw:26758 android.view.View.updateDisplayListIfDirty:25577 android.view.ViewGroup.recreateChildDisplayList:4881 
10-01 18:42:00.356 12170 12170 D MainActivity: Config loaded. session=survey_config10.yaml@1
10-01 18:42:00.365 12170 12170 D MainActivity: DownloadGate idle -> start download. session=survey_config10.yaml@1
10-01 18:42:00.368 12170 12170 I AppViewModel: private model reused: name=gemma-3n-E4B-it-int4.litertlm bytes=4919541760
10-01 18:42:00.373 12170 12170 I Dialog  : mIsDeviceDefault = false, mIsSamsungBasicInteraction = false, isMetaDataInActivity = false
10-01 18:42:00.375 12170 12170 I DecorView: setWindowBackground: isPopOver=false color=0 d=android.graphics.drawable.ColorDrawable@1b5a306
10-01 18:42:00.378 12170 12170 I WindowManager: WindowManagerGlobal#addView, ty=2, view=com.android.internal.policy.DecorView{7f9a753 V.E...... R.....I. 0,0-0,0}[MainActivity], caller=android.view.WindowManagerImpl.addView:167 android.app.Dialog.show:544 androidx.compose.ui.window.AndroidDialog_androidKt.Dialog$lambda$3$0:272 
10-01 18:42:00.379 12170 12170 D ViewRootImpl: desktopMode is false
10-01 18:42:00.379 12170 12170 I ViewRootImpl: dVRR is disabled
10-01 18:42:00.379 12170 12200 D NativeCustomFrequencyManager: [NativeCFMS] BpCustomFrequencyManager::BpCustomFrequencyManager()
10-01 18:42:00.384 12170 12170 D InputTransport: Input channel constructed: 'ea0e2d5', fd=140
10-01 18:42:00.384 12170 12170 I InsetsController: onStateChanged: host=com.negi.survey/com.negi.survey.MainActivity, from=android.view.ViewRootImpl.onInsetsStateChanged:3038, state=InsetsState: {mDisplayFrame=Rect(0, 0 - 1080, 2340), mDisplayCutout=DisplayCutout{insets=Rect(0, 82 - 0, 0) waterfall=Insets{left=0, top=0, right=0, bottom=0} boundingRect={Bounds=[Rect(0, 0 - 0, 0), Rect(511, 24 - 569, 82), Rect(0, 0 - 0, 0), Rect(0, 0 - 0, 0)]} cutoutPathParserInfo={CutoutPathParserInfo{displayWidth=1080 displayHeight=2340 physicalDisplayWidth=1080 physicalDisplayHeight=2340 density={2.8125} cutoutSpec={M 0,0 M 0, 8.533333333333333 a 10.31111111111111,10.31111111111111 0 1,0 0,20.62222222222222 a 10.31111111111111,10.31111111111111 0 1,0 0,-20.62222222222222 Z @dp} rotation={0} scale={1.0} physicalPixelDisplaySizeRatio={1.0}}} sideOverrides={}}, mRoundedCorners=RoundedCorners{[RoundedCorner{position=TopLeft, radius=113, center=Point(113, 113)}, RoundedCorner{position=TopRight, radius=113, center=Point(967, 113)}, RoundedCorner{position=BottomRight, radius=113, center=Point(967, 2227)}, RoundedCorner{position=BottomLeft, radius=113, center=Point(113, 2227)}]}  mRoundedCornerFrame=Rect(0, 0 - 1080, 2340), mPrivacyIndicatorBounds=PrivacyIndicatorBounds {static bounds=Rect(956, 0 - 1080, 97) rotation=0}, mDisplayShape=DisplayShape{ spec=-311912193 displayWidth=1080 displayHeight=2340 physicalPixelDisplaySizeRatio=1.0 rotation=0 offsetX=0 offsetY=0 scale=1.0}, mSources= { InsetsSource: {3 mType=ime mFrame=[0,0][0,0] mAttachedInsets=null mVisible=false mFlags=INVALID mSideHint=NONE mBoundingRects=null}, InsetsSource: {27 mType=displayCutout mFrame=[0,0][1080,82] mAttachedInsets=null mVisible=true mFlags= mSideHint=TOP mBoundingRects=null}, InsetsSource: {9880000 mType=statusBars mFrame=[0,0][1080,97] mAttachedInsets=null mVisible=true mFlags= mSideHint=TOP mBoundingRects=null}, InsetsSource: {9880005 mType=mandatorySystemGestures mFrame=[0,0][1080,116] mAttachedInsets=null mVisible=true mFlags= mSideHint=TOP mBoundingRects=null}, InsetsSource: {9880006 mType=tappableElement mFrame=[0,0][1080,97] mAttachedInsets=null mVisible=true mFlags= mSideHint=TOP mBoundingRects=null}, InsetsSource: {5e020001 mType=navigationBars mFrame=[0,2205][1080,2340] mAttachedInsets=null mVisible=true mFlags= mSideHint=BOTTOM mBoundingRects=null}, InsetsSource: {5e020004 mType=systemGestures mFrame=[0,0][0,0] mAttachedInsets=null mVisible=true mFlags= mSideHint=NONE mBoundingRects=null}, InsetsSource: {5e020005 mType=mandatorySystemGestures mFrame=[0,2205][1080,2340] mAttachedInsets=null mVisible=true mFlags= mSideHint=BOTTOM mBoundingRects=null}, InsetsSource: {5e020006 mType=tappableElement mFrame=[0,2205][1080,2340] mAttachedInsets=null mVisible=true mFlags= mSideHint=BOTTOM mBoundingRects=null}, InsetsSource: {5e020024 mType=systemGestures mFrame=[0,0][0,0] mAttachedInsets=null mVisible=true mFlags= mSideHint=NONE mBoundingRects=null} }
10-01 18:42:00.384 12170 12170 I VRI[MainActivity]@379b890: synced displayState. AttachInfo displayState=2
10-01 18:42:00.384 12170 12170 I VRI[MainActivity]@379b890: setView = com.android.internal.policy.DecorView@7f9a753 IsHRR=false mFlingFrameRateChange=0 TM=true
10-01 18:42:00.384 12170 12170 D WindowOnBackDispatcher: setTopOnBackInvokedCallback (unwrapped): android.app.Dialog$$ExternalSyntheticLambda4@769cdbc
10-01 18:42:00.385 12170 12170 D WindowOnBackDispatcher: setTopOnBackInvokedCallback (unwrapped): androidx.navigationevent.OnBackInvokedInput$createOnBackAnimationCallback$1@241145
10-01 18:42:00.396 12170 12170 W libc    : Access denied finding property "vendor.perf.ems.egg"
10-01 18:42:00.396 12170 12170 I BLASTBufferQueue_Java: new BLASTBufferQueue, mName= VRI[MainActivity]@379b890 mNativeObject= 0xb400007639151ec0 caller= android.view.ViewRootImpl.updateBlastSurfaceIfNeeded:3603 android.view.ViewRootImpl.relayoutWindow:11813 android.view.ViewRootImpl.performTraversals:4840 android.view.ViewRootImpl.doTraversal:3959 android.view.ViewRootImpl$TraversalRunnable.run:13034 android.view.Choreographer$CallbackRecord.run:1961 android.view.Choreographer$CallbackRecord.run:1970 android.view.Choreographer.doCallbacks:1423 android.view.Choreographer.doFrame:1348 android.view.Choreographer$FrameDisplayEventReceiver.run:1930 
10-01 18:42:00.396 12170 12170 I BLASTBufferQueue_Java: update, w= 1170 h= 972 mName = VRI[MainActivity]@379b890 mNativeObject= 0xb400007639151ec0 sc.mNativeObject= 0xb4000074c90a97d0 format= -2 caller= android.view.ViewRootImpl.updateBlastSurfaceIfNeeded:3608 android.view.ViewRootImpl.relayoutWindow:11813 android.view.ViewRootImpl.performTraversals:4840 android.view.ViewRootImpl.doTraversal:3959 android.view.ViewRootImpl$TraversalRunnable.run:13034 android.view.Choreographer$CallbackRecord.run:1961 
10-01 18:42:00.396 12170 12170 W libc    : Access denied finding property "vendor.perf.ems.egg"
10-01 18:42:00.396 12170 12170 I VRI[MainActivity]@379b890: Relayout returned: old=(0,97,1080,2205) new=(90,800,990,1502) relayoutAsync=false req=(900,702)0 dur=2 res=0x3 s={true 0xb4000076a90bb790} ch=true seqId=0
10-01 18:42:00.397 12170 12170 I VRI[MainActivity]@379b890: performConfigurationChange setNightDimText nightDimLevel=0
10-01 18:42:00.397 12170 12170 D VRI[MainActivity]@379b890: mThreadedRenderer.initialize() mSurface={isValid=true 0xb4000076a90bb790} hwInitialized=true
10-01 18:42:00.399 12170 12170 D VRI[MainActivity]@379b890: reportNextDraw android.view.ViewRootImpl.performTraversals:5507 android.view.ViewRootImpl.doTraversal:3959 android.view.ViewRootImpl$TraversalRunnable.run:13034 android.view.Choreographer$CallbackRecord.run:1961 android.view.Choreographer$CallbackRecord.run:1970 
10-01 18:42:00.399 12170 12170 D VRI[MainActivity]@379b890: Setup new sync=wmsSync-VRI[MainActivity]@379b890#2
10-01 18:42:00.399 12170 12170 I VRI[MainActivity]@379b890: Creating new active sync group VRI[MainActivity]@379b890#3
10-01 18:42:00.399 12170 12170 D VRI[MainActivity]@379b890: registerCallbacksForSync syncBuffer=false
10-01 18:42:00.400 12170 12170 I View    : setRequestedFrameRate frameRate=-4.0, this=android.view.View{42b8767 V.ED..... ......I. 0,0-0,0}, caller=androidx.compose.ui.platform.Api35Impl.setRequestedFrameRate:4047 androidx.compose.ui.platform.AndroidComposeView.dispatchDraw:2282 android.view.View.draw:26758 android.view.View.updateDisplayListIfDirty:25577 android.view.View.draw:26477 
10-01 18:42:00.400 12170 12208 D VRI[MainActivity]@379b890: Received frameDrawingCallback syncResult=0 frameNum=1.
10-01 18:42:00.400 12170 12208 I VRI[MainActivity]@379b890: mWNT: t=0xb4000075a9078db0 mBlastBufferQueue=0xb400007639151ec0 fn= 1 HdrRenderState mRenderHdrSdrRatio=1.0 caller= android.view.ViewRootImpl$12.onFrameDraw:15561 android.view.ThreadedRenderer$1.onFrameDraw:751 <bottom of call stack> 
10-01 18:42:00.400 12170 12208 I VRI[MainActivity]@379b890: Setting up sync and frameCommitCallback
10-01 18:42:00.401 12170 12200 I BLASTBufferQueue: [VRI[MainActivity]@379b890#1](f:0,a:0,s:0) onFrameAvailable the first frame is available
10-01 18:42:00.401 12170 12200 I VRI[MainActivity]@379b890: Received frameCommittedCallback lastAttemptedDrawFrameNum=1 didProduceBuffer=true
10-01 18:42:00.402 12170 12200 D HWUI    : CFMS:: SetUp Pid : 12170    Tid : 12200
10-01 18:42:00.402 12170 12170 D VRI[MainActivity]@379b890: reportDrawFinished seqId=0
10-01 18:42:00.402 12170 12200 D HWUI    : HWUI - treat SMPTE_170M as sRGB
10-01 18:42:00.403 12170 12170 I BLASTBufferQueue_Java: update, w= 1170 h= 972 mName = VRI[MainActivity]@379b890 mNativeObject= 0xb400007639151ec0 sc.mNativeObject= 0xb4000074c90a97d0 format= -2 caller= android.view.ViewRootImpl.updateBlastSurfaceIfNeeded:3592 android.view.ViewRootImpl.relayoutWindow:11813 android.view.ViewRootImpl.performTraversals:4840 android.view.ViewRootImpl.doTraversal:3959 android.view.ViewRootImpl$TraversalRunnable.run:13034 android.view.Choreographer$CallbackRecord.run:1961 
10-01 18:42:00.403 12170 12170 I VRI[MainActivity]@379b890: Relayout returned: old=(90,800,990,1502) new=(90,800,990,1502) relayoutAsync=true req=(900,702)0 dur=0 res=0x0 s={true 0xb4000076a90bb790} ch=false seqId=0
10-01 18:42:00.404 12170 12170 I VRI[MainActivity]@379b890: registerCallbackForPendingTransactions
10-01 18:42:00.404 12170 12207 I VRI[MainActivity]@379b890: mWNT: t=0xb4000075a9082d40 mBlastBufferQueue=0xb400007639151ec0 fn= 2 HdrRenderState mRenderHdrSdrRatio=1.0 caller= android.view.ViewRootImpl$10.onFrameDraw:6615 android.view.ViewRootImpl$4.onFrameDraw:2485 android.view.ThreadedRenderer$1.onFrameDraw:751 
10-01 18:42:00.405 12170 12170 I InsetsSourceConsumer: applyRequestedVisibilityToControl: visible=true, type=navigationBars, host=com.negi.survey/com.negi.survey.MainActivity
10-01 18:42:00.405 12170 12170 I InsetsSourceConsumer: applyRequestedVisibilityToControl: visible=true, type=statusBars, host=com.negi.survey/com.negi.survey.MainActivity
10-01 18:42:00.406 12170 12170 I ImeFocusController: onPreWindowFocus: skipped hasWindowFocus=false mHasImeFocus=true
10-01 18:42:00.406 12170 12170 I ImeFocusController: onPostWindowFocus: skipped hasWindowFocus=false mHasImeFocus=true
10-01 18:42:00.432 12170 12170 D VRI[MainActivity]@379b890: mThreadedRenderer.initializeIfNeeded()#2 mSurface={isValid=true 0xb4000076a90bb790}
10-01 18:42:00.432 12170 12170 D InputMethodManagerUtils: startInputInner - Id : 0
10-01 18:42:00.432 12170 12170 I InputMethodManager: startInputInner - IInputMethodManagerGlobalInvoker.startInputOrWindowGainedFocus
10-01 18:42:00.434 12170 12170 D InsetsController: hide(ime())
10-01 18:42:00.435 12170 12170 I ImeTracker: com.negi.survey:807e2a95: onCancelled at PHASE_CLIENT_ALREADY_HIDDEN
10-01 18:42:00.437 12170 12186 D InputTransport: Input channel constructed: 'ClientS', fd=171
10-01 18:42:01.157 12170 12170 I VRI[MainActivity]@379b890: ViewPostIme pointer 0
10-01 18:42:01.159 12170 12170 I VRI[MainActivity]@379b890: call setFrameRateCategory for touch hint category=high hint, reason=touch, vri=VRI[MainActivity]@379b890
10-01 18:42:01.164 12170 12170 I View    : setRequestedFrameRate frameRate=NaN, this=android.view.View{42b8767 V.ED..... ........ 0,0-0,0}, caller=androidx.compose.ui.platform.Api35Impl.setRequestedFrameRate:4047 androidx.compose.ui.platform.AndroidComposeView.dispatchDraw:2282 android.view.View.draw:26758 android.view.View.updateDisplayListIfDirty:25577 android.view.ViewGroup.recreateChildDisplayList:4881 
10-01 18:42:01.218 12170 12170 I VRI[MainActivity]@379b890: ViewPostIme pointer 1
10-01 18:42:01.222 12170 12170 I WindowManager: WindowManagerGlobal#removeView, ty=2, view=com.android.internal.policy.DecorView{7f9a753 V.E...... R......D 0,0-900,702 aid=1073741826}[MainActivity], caller=android.view.WindowManagerGlobal.removeView:654 android.view.WindowManagerImpl.removeViewImmediate:254 android.app.Dialog.dismissDialog:854 
10-01 18:42:01.222 12170 12170 D WindowOnBackDispatcher: setTopOnBackInvokedCallback (unwrapped): null
10-01 18:42:01.226 12170 12200 D HWUI    : endAllActiveAnimators on 0xb4000076a90b9760 (UnprojectedRipple) with handle 0xb4000075090f7910
10-01 18:42:01.226 12170 12170 I VRI[MainActivity]@379b890: dispatchDetachedFromWindow
10-01 18:42:01.231 12170 12170 W InputEventReceiver: Failed to send outbound event on channel 'ea0e2d5 com.negi.survey/com.negi.survey.MainActivity'.  status=DEAD_OBJECT(-32)
10-01 18:42:01.231 12170 12170 W InputEventReceiver: channel 'ea0e2d5 com.negi.survey/com.negi.survey.MainActivity' ~ Could not send 0 outbound event(s), status:DEAD_OBJECT
10-01 18:42:01.231 12170 12170 D InputTransport: Input channel destroyed: 'ea0e2d5', fd=140
10-01 18:42:01.238 12170 12170 I InsetsSourceConsumer: applyRequestedVisibilityToControl: visible=true, type=navigationBars, host=com.negi.survey/com.negi.survey.MainActivity
10-01 18:42:01.238 12170 12170 I InsetsSourceConsumer: applyRequestedVisibilityToControl: visible=true, type=statusBars, host=com.negi.survey/com.negi.survey.MainActivity
10-01 18:42:01.239 12170 12170 I InsetsController: onStateChanged: host=com.negi.survey/com.negi.survey.MainActivity, from=android.view.ViewRootImpl.onInsetsStateChanged:3038, state=InsetsState: {mDisplayFrame=Rect(0, 0 - 1080, 2340), mDisplayCutout=DisplayCutout{insets=Rect(0, 82 - 0, 0) waterfall=Insets{left=0, top=0, right=0, bottom=0} boundingRect={Bounds=[Rect(0, 0 - 0, 0), Rect(511, 24 - 569, 82), Rect(0, 0 - 0, 0), Rect(0, 0 - 0, 0)]} cutoutPathParserInfo={CutoutPathParserInfo{displayWidth=1080 displayHeight=2340 physicalDisplayWidth=1080 physicalDisplayHeight=2340 density={2.8125} cutoutSpec={M 0,0 M 0, 8.533333333333333 a 10.31111111111111,10.31111111111111 0 1,0 0,20.62222222222222 a 10.31111111111111,10.31111111111111 0 1,0 0,-20.62222222222222 Z @dp} rotation={0} scale={1.0} physicalPixelDisplaySizeRatio={1.0}}} sideOverrides={}}, mRoundedCorners=RoundedCorners{[RoundedCorner{position=TopLeft, radius=113, center=Point(113, 113)}, RoundedCorner{position=TopRight, radius=113, center=Point(967, 113)}, RoundedCorner{position=BottomRight, radius=113, center=Point(967, 2227)}, RoundedCorner{position=BottomLeft, radius=113, center=Point(113, 2227)}]}  mRoundedCornerFrame=Rect(0, 0 - 1080, 2340), mPrivacyIndicatorBounds=PrivacyIndicatorBounds {static bounds=Rect(956, 0 - 1080, 97) rotation=0}, mDisplayShape=DisplayShape{ spec=-311912193 displayWidth=1080 displayHeight=2340 physicalPixelDisplaySizeRatio=1.0 rotation=0 offsetX=0 offsetY=0 scale=1.0}, mSources= { InsetsSource: {27 mType=displayCutout mFrame=[0,0][1080,82] mAttachedInsets=null mVisible=true mFlags= mSideHint=TOP mBoundingRects=null}, InsetsSource: {9880000 mType=statusBars mFrame=[0,0][1080,97] mAttachedInsets=null mVisible=true mFlags= mSideHint=TOP mBoundingRects=null}, InsetsSource: {9880005 mType=mandatorySystemGestures mFrame=[0,0][1080,116] mAttachedInsets=null mVisible=true mFlags= mSideHint=TOP mBoundingRects=null}, InsetsSource: {9880006 mType=tappableElement mFrame=[0,0][1080,97] mAttachedInsets=null mVisible=true mFlags= mSideHint=TOP mBoundingRects=null}, InsetsSource: {5e020001 mType=navigationBars mFrame=[0,2205][1080,2340] mAttachedInsets=null mVisible=true mFlags= mSideHint=BOTTOM mBoundingRects=null}, InsetsSource: {5e020004 mType=systemGestures mFrame=[0,0][0,0] mAttachedInsets=null mVisible=true mFlags= mSideHint=NONE mBoundingRects=null}, InsetsSource: {5e020005 mType=mandatorySystemGestures mFrame=[0,2205][1080,2340] mAttachedInsets=null mVisible=true mFlags= mSideHint=BOTTOM mBoundingRects=null}, InsetsSource: {5e020006 mType=tappableElement mFrame=[0,2205][1080,2340] mAttachedInsets=null mVisible=true mFlags= mSideHint=BOTTOM mBoundingRects=null}, InsetsSource: {5e020024 mType=systemGestures mFrame=[0,0][0,0] mAttachedInsets=null mVisible=true mFlags= mSideHint=NONE mBoundingRects=null} }
10-01 18:42:01.248 12170 12170 D VRI[MainActivity]@b416d1a: mThreadedRenderer.initializeIfNeeded()#2 mSurface={isValid=true 0xb4000076a9097430}
10-01 18:42:01.248 12170 12170 D InputMethodManagerUtils: startInputInner - Id : 0
10-01 18:42:01.248 12170 12170 I InputMethodManager: startInputInner - IInputMethodManagerGlobalInvoker.startInputOrWindowGainedFocus
10-01 18:42:01.251 12170 12170 D InsetsController: hide(ime())
10-01 18:42:01.251 12170 12170 I ImeTracker: com.negi.survey:a3fb81fc: onCancelled at PHASE_CLIENT_ALREADY_HIDDEN
10-01 18:42:01.254 12170 12186 D InputTransport: Input channel constructed: 'ClientS', fd=140
10-01 18:42:01.451 12170 12170 D github_upload: enqueueStartupRuntimeLogsUpload: uniqueName=upload_runtime_logs_startup policy=KEEP session=startup_runtime_20261001_234201_0046d7d2
10-01 18:42:01.452 12170 12170 D github_upload: enqueueStartupRingLogsUpload: uniqueName=upload_ring_logs_startup policy=KEEP session=startup_ring_20261001_234201_e1feca98
10-01 18:42:01.454 12170 12300 D CrashCapture: enqueuePendingCrashUploadsIfPossible enter where=SurveyApp:enqueuePending(immediate):bg pid=12170 thread=CrashCapture-Enqueue
