=== RuntimeLogStore Header ===
ts=2026-10-06T13:44:21.552Z
fileNameFormat=LEGACY
appId=com.negi.survey
versionName=0.0.1
versionCode=105
debug=false
device=samsung SM-S936B
sdk=36
pid=25945
==============================
2026-10-06T13:44:21.552Z I/RuntimeLogStore [rtlog-io] start: actor launched (fileNameFormat=LEGACY)
2026-10-06T13:44:21.551Z D/SurveyApp [main] attachBaseContext: pid=25945 process=com.negi.survey isMain=true sdk=36
2026-10-06T13:44:21.552Z D/SurveyApp [main] bootTiming: attachBaseContext total=4ms
2026-10-06T13:44:21.552Z D/SurveyApp [main] Skipping WorkManager init in attachBaseContext; will init lazily on first enqueue.
2026-10-06T13:44:21.552Z D/SurveyApp [main] CrashCapture installed: where=SurveyApp:attachBaseContext
2026-10-06T13:44:21.555Z I/RuntimeLogStore [main] start repair: ctx/dir refreshed
2026-10-06T13:44:21.555Z D/SurveyApp [main] bootTiming: RuntimeLogStore.start took=0ms
2026-10-06T13:44:21.555Z D/SurveyApp [main] bootTiming: AppRingLogStore.install took=0ms
2026-10-06T13:44:21.555Z D/SurveyApp [main] onCreate: pid=25945 process=com.negi.survey isMain=true sdk=36
2026-10-06T13:44:21.556Z D/SurveyApp [main] CrashCapture installed: where=SurveyApp:onCreate(rewrap)
2026-10-06T13:44:21.556Z D/SurveyApp [main] CrashCapture self-healing registered.
2026-10-06T13:44:21.556Z W/SurveyApp [main] Startup enqueues deferred: delay=2500ms (to reduce init contention)
2026-10-06T13:44:21.556Z D/SurveyApp [main] Startup survey recovery deferred: delay=2500ms
2026-10-06T13:44:21.556Z D/SurveyApp [main] bootTiming: onCreate total=0ms
2026-10-06T13:44:21.573Z I/RuntimeLogStore [DefaultDispatcher-worker-1] start repair: ctx/dir refreshed
2026-10-06T13:44:22.871Z I/RuntimeLogStore [DefaultDispatcher-worker-1] start repair: ctx/dir refreshed
