=== RuntimeLogStore Header ===
ts=2026-09-09T01:13:49.609Z
fileNameFormat=LEGACY
appId=com.negi.survey
versionName=0.0.1
versionCode=1
debug=true
device=Google Pixel 9a
sdk=36
pid=23023
==============================
2026-09-09T01:13:49.609Z I/RuntimeLogStore [rtlog-io] start: actor launched (fileNameFormat=LEGACY)
2026-09-09T01:13:49.580Z D/SurveyApp [main] attachBaseContext: pid=23023 process=com.negi.survey isMain=true sdk=36
2026-09-09T01:13:49.581Z D/SurveyApp [main] bootTiming: attachBaseContext total=71ms
2026-09-09T01:13:49.581Z D/SurveyApp [main] Skipping WorkManager init in attachBaseContext; will init lazily on first enqueue.
2026-09-09T01:13:49.585Z D/SurveyApp [main] CrashCapture installed: where=SurveyApp:attachBaseContext
2026-09-09T01:13:49.623Z I/RuntimeLogStore [main] start repair: ctx/dir refreshed
2026-09-09T01:13:49.623Z D/SurveyApp [main] bootTiming: RuntimeLogStore.start took=0ms
2026-09-09T01:13:49.624Z D/SurveyApp [main] bootTiming: AppRingLogStore.install took=0ms
2026-09-09T01:13:49.624Z D/SurveyApp [main] onCreate: pid=23023 process=com.negi.survey isMain=true sdk=36
2026-09-09T01:13:49.633Z D/SurveyApp [main] CrashCapture installed: where=SurveyApp:onCreate(rewrap)
2026-09-09T01:13:49.633Z D/SurveyApp [main] CrashCapture self-healing registered.
2026-09-09T01:13:49.633Z W/SurveyApp [main] Startup enqueues deferred: delay=2500ms (to reduce init contention)
2026-09-09T01:13:49.633Z D/SurveyApp [main] bootTiming: onCreate total=10ms
2026-09-09T01:13:50.596Z D/SLM [Instr: androidx.test.runner.AndroidJUnitRunner] initializeIfNeeded: model='gemma-3n-E4B-it' image=false audio=false
2026-09-09T01:13:50.606Z D/LiteRtLM [DefaultDispatcher-worker-1] Initializing LiteRT-LM: model='gemma-3n-E4B-it', key='gemma-3n-E4B-it|/data/user/0/com.negi.survey/files/models/gemma-3n-E4B-it-int4.litertlm'
2026-09-09T01:13:50.606Z D/LiteRtLM [DefaultDispatcher-worker-1] Capabilities: image=false audio=false
2026-09-09T01:13:50.607Z D/LiteRtLM [DefaultDispatcher-worker-1] Backend=com.google.ai.edge.litertlm.Backend$GPU@8ecf2b0 maxNumTokens=512 (raw=512) topK=1 topP=0.0 temp=0.0
2026-09-09T01:13:50.607Z D/LiteRtLM [DefaultDispatcher-worker-1] Model path='/data/user/0/com.negi.survey/files/models/gemma-3n-E4B-it-int4.litertlm' sizeBytes=4919541760 lastModified=1788913652575
2026-09-09T01:13:50.607Z D/LiteRtLM [DefaultDispatcher-worker-1] LiteRT-LM native benchmark policy: enabled=false emulator=false
2026-09-09T01:13:50.608Z D/LiteRtLM [DefaultDispatcher-worker-1] Speculative decoding / MTP policy: enabled=false runtimeFlagUpdated=true model='gemma-3n-E4B-it'
2026-09-09T01:13:50.611Z D/LiteRtLM [DefaultDispatcher-worker-1] Engine cacheDir resolved: key='gemma-3n-E4B-it|/data/user/0/com.negi.survey/files/models/gemma-3n-E4B-it-int4.litertlm' backend=com.google.ai.edge.litertlm.Backend$GPU@8ecf2b0 path='/data/user/0/com.negi.survey/no_backup/litertlm_cache/8b58dd5e854e5353723e4360d401cf7d199b6f10' filesBefore=2
2026-09-09T01:13:52.134Z W/SurveyApp [main] Deferred startup enqueues begin...
2026-09-09T01:13:52.183Z D/SurveyApp [main] WorkManager available. where=startupRtLogs(immediate) took=46ms
2026-09-09T01:13:52.188Z D/SurveyApp [main] Startup runtime logs target -> owner=ishizuki-tech repo=SurveyExports branch=main base='/diagnostics/runtime_logs'
2026-09-09T01:13:52.200Z D/SurveyApp [main] Startup runtime logs: enqueue requested (immediate).
2026-09-09T01:13:52.200Z D/SurveyApp [main] WorkManager available. where=startupRingLogs(immediate) took=0ms
2026-09-09T01:13:52.201Z D/SurveyApp [main] Startup ring logs target -> owner=ishizuki-tech repo=SurveyExports branch=main base='/diagnostics/applog_ring'
2026-09-09T01:13:52.202Z D/SurveyApp [main] Startup ring logs: enqueue requested (immediate).
2026-09-09T01:13:52.202Z D/SurveyApp [main] WorkManager available. where=enqueuePending(immediate) took=0ms
2026-09-09T01:13:52.202Z D/SurveyApp [main] CrashCapture pending uploads requested (immediate).
2026-09-09T01:13:52.202Z W/SurveyApp [main] Deferred startup enqueues done: took=68ms
2026-09-09T01:13:53.548Z I/RuntimeLogStore [DefaultDispatcher-worker-2] start repair: ctx/dir refreshed
