=== RuntimeLogStore Header ===
ts=2026-09-30T19:25:21.461Z
fileNameFormat=LEGACY
appId=com.negi.survey
versionName=0.0.1
versionCode=1
debug=true
device=samsung SM-S731U
sdk=36
pid=16098
==============================
2026-09-30T19:25:21.461Z I/RuntimeLogStore [rtlog-io] start: actor launched (fileNameFormat=LEGACY)
2026-09-30T19:25:21.459Z D/SurveyApp [main] attachBaseContext: pid=16098 process=com.negi.survey isMain=true sdk=36
2026-09-30T19:25:21.459Z D/SurveyApp [main] bootTiming: attachBaseContext total=34ms
2026-09-30T19:25:21.459Z D/SurveyApp [main] Skipping WorkManager init in attachBaseContext; will init lazily on first enqueue.
2026-09-30T19:25:21.462Z D/SurveyApp [main] CrashCapture installed: where=SurveyApp:attachBaseContext
2026-09-30T19:25:21.479Z I/RuntimeLogStore [main] start repair: ctx/dir refreshed
2026-09-30T19:25:21.479Z D/SurveyApp [main] bootTiming: RuntimeLogStore.start took=0ms
2026-09-30T19:25:21.479Z D/SurveyApp [main] bootTiming: AppRingLogStore.install took=0ms
2026-09-30T19:25:21.479Z D/SurveyApp [main] onCreate: pid=16098 process=com.negi.survey isMain=true sdk=36
2026-09-30T19:25:21.485Z D/SurveyApp [main] CrashCapture installed: where=SurveyApp:onCreate(rewrap)
2026-09-30T19:25:21.485Z D/SurveyApp [main] CrashCapture self-healing registered.
2026-09-30T19:25:21.485Z W/SurveyApp [main] Startup enqueues deferred: delay=2500ms (to reduce init contention)
2026-09-30T19:25:21.486Z D/SurveyApp [main] Startup survey recovery deferred: delay=2500ms
2026-09-30T19:25:21.486Z D/SurveyApp [main] bootTiming: onCreate total=7ms
2026-09-30T19:25:21.525Z I/RuntimeLogStore [DefaultDispatcher-worker-1] start repair: ctx/dir refreshed
2026-09-30T19:25:23.086Z I/RuntimeLogStore [DefaultDispatcher-worker-1] start repair: ctx/dir refreshed
