=== RuntimeLogStore Header ===
ts=2026-09-14T22:26:05.229Z
fileNameFormat=LEGACY
appId=com.negi.survey
versionName=0.0.1
versionCode=1
debug=true
device=Google Pixel 9a
sdk=36
pid=12706
==============================
2026-09-14T22:26:05.230Z I/RuntimeLogStore [rtlog-io] start: actor launched (fileNameFormat=LEGACY)
2026-09-14T22:26:05.221Z D/SurveyApp [main] attachBaseContext: pid=12706 process=com.negi.survey isMain=true sdk=36
2026-09-14T22:26:05.222Z D/SurveyApp [main] bootTiming: attachBaseContext total=51ms
2026-09-14T22:26:05.222Z D/SurveyApp [main] Skipping WorkManager init in attachBaseContext; will init lazily on first enqueue.
2026-09-14T22:26:05.223Z D/SurveyApp [main] CrashCapture installed: where=SurveyApp:attachBaseContext
2026-09-14T22:26:05.235Z I/RuntimeLogStore [main] start repair: ctx/dir refreshed
2026-09-14T22:26:05.235Z D/SurveyApp [main] bootTiming: RuntimeLogStore.start took=0ms
2026-09-14T22:26:05.235Z D/SurveyApp [main] bootTiming: AppRingLogStore.install took=0ms
2026-09-14T22:26:05.235Z D/SurveyApp [main] onCreate: pid=12706 process=com.negi.survey isMain=true sdk=36
2026-09-14T22:26:05.239Z D/SurveyApp [main] CrashCapture installed: where=SurveyApp:onCreate(rewrap)
2026-09-14T22:26:05.240Z D/SurveyApp [main] CrashCapture self-healing registered.
2026-09-14T22:26:05.240Z W/SurveyApp [main] Startup enqueues deferred: delay=2500ms (to reduce init contention)
2026-09-14T22:26:05.240Z D/SurveyApp [main] bootTiming: onCreate total=5ms
2026-09-14T22:26:05.251Z I/RuntimeLogStore [DefaultDispatcher-worker-1] start repair: ctx/dir refreshed
2026-09-14T22:26:06.743Z I/RuntimeLogStore [DefaultDispatcher-worker-1] start repair: ctx/dir refreshed
