=== Previous Session Logcat ===
captured_time_utc=20260921_234701
captured_time_local=20260921_164701
marker=2026-09-21 16:14:14.140
preferred_prev_pid=-1
note=best-effort; buffers may be overwritten before next start
sdk=36
device=Google Pixel 9a
appId=com.negi.survey
versionName=0.0.1
versionCode=1

=== Logcat (since marker) ===
--------- beginning of system
09-21 16:14:14.599 27009 27009 W NotificationManager: Shedding notify (update) of NotificationKey[user=UserHandle{0}, pkg=com.negi.survey, tag=null, id=10747], rate limit (5.0) exceeded: input 9.983181, output would be 6.998707
09-21 16:14:16.537 27009 27009 W NotificationManager: Shedding notify (update) of NotificationKey[user=UserHandle{0}, pkg=com.negi.survey, tag=null, id=10747], rate limit (5.0) exceeded: input 11.437619, output would be 6.85232
09-21 16:14:20.404 27009 27009 W NotificationManager: Shedding notify (update) of NotificationKey[user=UserHandle{0}, pkg=com.negi.survey, tag=null, id=8516], rate limit (5.0) exceeded: input 8.490123, output would be 5.8122673
09-21 16:14:31.656 27009 27009 D InsetsController: hide(ime())
09-21 16:14:34.655 27009 27009 D InsetsController: hide(ime())
09-21 16:15:48.787 27009 27009 D InsetsController: show(ime())
09-21 16:15:48.788 27009 27009 D InsetsController: Setting requestedVisibleTypes to 511 (was 503)
09-21 16:15:48.804 27009 27009 D InsetsController: show(ime())
09-21 16:16:28.881 27009 27009 D InsetsController: hide(ime())
09-21 16:16:28.882 27009 27009 D InsetsController: Setting requestedVisibleTypes to 503 (was 511)
09-21 16:17:10.555 27009 27009 D InsetsController: show(ime())
09-21 16:17:10.555 27009 27009 D InsetsController: Setting requestedVisibleTypes to 511 (was 503)
09-21 16:17:10.577 27009 27009 D InsetsController: show(ime())
09-21 16:17:45.019 27009 27009 D InsetsController: hide(ime())
09-21 16:17:45.019 27009 27009 D InsetsController: Setting requestedVisibleTypes to 503 (was 511)
09-21 16:17:58.295 27009 27009 D InsetsController: show(ime())
09-21 16:17:58.295 27009 27009 D InsetsController: Setting requestedVisibleTypes to 511 (was 503)
09-21 16:17:58.309 27009 27009 D InsetsController: show(ime())
09-21 16:18:19.209 27009 27009 D InsetsController: hide(ime())
09-21 16:18:19.209 27009 27009 D InsetsController: Setting requestedVisibleTypes to 503 (was 511)
09-21 16:18:28.469 27009 27009 D InsetsController: show(ime())
09-21 16:18:28.469 27009 27009 D InsetsController: Setting requestedVisibleTypes to 511 (was 503)
09-21 16:18:28.476 27009 27009 D InsetsController: show(ime())
09-21 16:18:45.619 27009 27009 D InsetsController: hide(ime())
09-21 16:18:45.619 27009 27009 D InsetsController: Setting requestedVisibleTypes to 503 (was 511)
09-21 16:18:54.832 27009 27009 D InsetsController: show(ime())
09-21 16:18:54.832 27009 27009 D InsetsController: Setting requestedVisibleTypes to 511 (was 503)
09-21 16:18:54.849 27009 27009 D InsetsController: show(ime())
09-21 16:19:11.938 27009 27009 D InsetsController: hide(ime())
09-21 16:19:11.939 27009 27009 D InsetsController: Setting requestedVisibleTypes to 503 (was 511)
09-21 16:19:21.132 27009 27009 D InsetsController: show(ime())
09-21 16:19:21.132 27009 27009 D InsetsController: Setting requestedVisibleTypes to 511 (was 503)
09-21 16:19:21.149 27009 27009 D InsetsController: show(ime())
09-21 16:19:38.718 27009 27009 D InsetsController: hide(ime())
09-21 16:19:38.719 27009 27009 D InsetsController: Setting requestedVisibleTypes to 503 (was 511)
09-21 16:20:04.497 27009 27009 D InsetsController: show(ime())
09-21 16:20:04.498 27009 27009 D InsetsController: Setting requestedVisibleTypes to 511 (was 503)
09-21 16:20:04.513 27009 27009 D InsetsController: show(ime())
09-21 16:20:07.160 27009 27009 D InsetsController: hide(ime())
09-21 16:20:07.161 27009 27009 D InsetsController: Setting requestedVisibleTypes to 503 (was 511)
--------- beginning of main
09-21 16:40:30.679 27009 27033 I com.negi.survey: Background young concurrent mark compact GC freed 24MB AllocSpace bytes, 0(0B) LOS objects, 74% free, 8409KB/32MB, paused 821us,5.895ms total 50.525ms
09-21 16:41:25.353 27009 27033 I com.negi.survey: Background young concurrent mark compact GC freed 24MB AllocSpace bytes, 0(0B) LOS objects, 74% free, 8369KB/32MB, paused 276us,6.936ms total 49.061ms
09-21 16:43:41.925 27009 27033 I com.negi.survey: Background young concurrent mark compact GC freed 24MB AllocSpace bytes, 0(0B) LOS objects, 74% free, 8365KB/32MB, paused 262us,6.692ms total 44.498ms
09-21 16:45:03.986 27009 27033 I com.negi.survey: Background young concurrent mark compact GC freed 24MB AllocSpace bytes, 0(0B) LOS objects, 74% free, 8369KB/32MB, paused 193us,6.341ms total 39.638ms
09-21 16:45:31.330 27009 27033 I com.negi.survey: Background young concurrent mark compact GC freed 24MB AllocSpace bytes, 0(0B) LOS objects, 75% free, 8373KB/32MB, paused 182us,5.203ms total 38.908ms
09-21 16:45:58.777 27009 27033 I com.negi.survey: Background young concurrent mark compact GC freed 24MB AllocSpace bytes, 0(0B) LOS objects, 75% free, 8369KB/32MB, paused 273us,6.091ms total 50.538ms
09-21 16:46:58.020 28865 28865 I Zygote  : Process 28865 created for com.negi.survey
09-21 16:46:58.021 28865 28865 I com.negi.survey: Late-enabling -Xcheck:jni
09-21 16:46:58.220 28865 28865 I com.negi.survey: Using CollectorTypeCMC GC.
09-21 16:46:58.240 28865 28865 D nativeloader: Load libframework-connectivity-tiramisu-jni.so using APEX ns com_android_tethering for caller /apex/com.android.tethering/javalib/framework-connectivity-t.jar: ok
09-21 16:46:58.304 28865 28865 D ApplicationLoaders: Returning zygote-cached class loader: /system_ext/framework/androidx.window.extensions.jar
09-21 16:46:58.304 28865 28865 D ApplicationLoaders: Returning zygote-cached class loader: /system_ext/framework/androidx.window.sidecar.jar
09-21 16:46:58.915 28865 28865 D nativeloader: Configuring clns-9 for other apk /data/app/~~zlSmoXdTn9AaIK74R668Fw==/com.negi.survey-BaYJ83esaRBk7TN6r0CPhA==/base.apk. target_sdk_version=36, uses_libraries=libOpenCL.so:libOpenCL-pixel.so, library_path=/data/app/~~zlSmoXdTn9AaIK74R668Fw==/com.negi.survey-BaYJ83esaRBk7TN6r0CPhA==/lib/arm64:/data/app/~~zlSmoXdTn9AaIK74R668Fw==/com.negi.survey-BaYJ83esaRBk7TN6r0CPhA==/base.apk!/lib/arm64-v8a, permitted_path=/data:/mnt/expand:/data/user/0/com.negi.survey
09-21 16:46:58.923 28865 28865 V GraphicsEnvironment: Currently set values for:
09-21 16:46:58.923 28865 28865 V GraphicsEnvironment:   angle_gl_driver_selection_pkgs=[com.android.angle]
09-21 16:46:58.923 28865 28865 V GraphicsEnvironment:   angle_gl_driver_selection_values=[angle]
09-21 16:46:58.923 28865 28865 V GraphicsEnvironment: com.negi.survey is not listed in per-application setting
09-21 16:46:58.923 28865 28865 V GraphicsEnvironment: No special selections for ANGLE, returning default driver choice
09-21 16:46:58.923 28865 28865 V GraphicsEnvironment: Neither updatable production driver nor prerelease driver is supported.
09-21 16:46:58.961 28865 28865 D nativeloader: Load /data/app/~~zlSmoXdTn9AaIK74R668Fw==/com.negi.survey-BaYJ83esaRBk7TN6r0CPhA==/base.apk!/lib/arm64-v8a/liblitertlm_jni.so using class loader ns clns-9 (caller=/data/app/~~zlSmoXdTn9AaIK74R668Fw==/com.negi.survey-BaYJ83esaRBk7TN6r0CPhA==/base.apk!classes10.dex): ok
09-21 16:46:58.962 28865 28865 D SurveyApp: Loaded LiteRTLM JNI: litertlm_jni where=attachBaseContext
09-21 16:46:58.989 28865 28865 D AppRingLogStore: installed: dir=/data/user/0/com.negi.survey/files/diagnostics/applog_ring idx=0
09-21 16:46:58.989 28865 28865 D SurveyApp: attachBaseContext: pid=28865 process=com.negi.survey isMain=true sdk=36
09-21 16:46:58.990 28865 28865 D SurveyApp: bootTiming: attachBaseContext total=57ms
09-21 16:46:58.990 28865 28865 D SurveyApp: Skipping WorkManager init in attachBaseContext; will init lazily on first enqueue.
09-21 16:46:58.993 28865 28865 D CrashCapture: install: ensured default handler. where=SurveyApp:attachBaseContext pid=28865 default=com.negi.survey.CrashCapture$CrashHandler@6d64be
09-21 16:46:58.993 28865 28865 D SurveyApp: CrashCapture installed: where=SurveyApp:attachBaseContext
09-21 16:46:58.999 28865 28865 E com.negi.survey: hiddenapi: Accessing hidden method Landroid/net/ssl/EchConfigMismatchException;->getRetryConfigList()Landroid/net/ssl/EchConfigList; (runtime_flags=0, domain=core-platform, api=blocked) from /data/app/~~zlSmoXdTn9AaIK74R668Fw==/com.negi.survey-BaYJ83esaRBk7TN6r0CPhA==/base.apk!classes17.dex (domain=app, TargetSdkVersion=36) using linking: denied
09-21 16:46:58.999 28865 28865 E com.negi.survey: hiddenapi: Accessing hidden method Landroid/net/ssl/EchConfigList;->toBytes()[B (runtime_flags=0, domain=core-platform, api=blocked) from /data/app/~~zlSmoXdTn9AaIK74R668Fw==/com.negi.survey-BaYJ83esaRBk7TN6r0CPhA==/base.apk!classes17.dex (domain=app, TargetSdkVersion=36) using linking: denied
09-21 16:46:59.000 28865 28865 E com.negi.survey: hiddenapi: Accessing hidden method Landroid/net/ssl/EchConfigList;->fromBytes([B)Landroid/net/ssl/EchConfigList; (runtime_flags=0, domain=core-platform, api=blocked) from /data/app/~~zlSmoXdTn9AaIK74R668Fw==/com.negi.survey-BaYJ83esaRBk7TN6r0CPhA==/base.apk!classes17.dex (domain=app, TargetSdkVersion=36) using linking: denied
09-21 16:46:59.000 28865 28865 E com.negi.survey: hiddenapi: Accessing hidden method Landroid/net/ssl/SSLSockets;->setEchConfigList(Ljavax/net/ssl/SSLSocket;Landroid/net/ssl/EchConfigList;)V (runtime_flags=0, domain=core-platform, api=blocked) from /data/app/~~zlSmoXdTn9AaIK74R668Fw==/com.negi.survey-BaYJ83esaRBk7TN6r0CPhA==/base.apk!classes17.dex (domain=app, TargetSdkVersion=36) using linking: denied
09-21 16:46:59.007 28865 28966 D RuntimeLogStore: openWriter: start -> /data/user/0/com.negi.survey/files/diagnostics/runtime_logs/rtlog_20260921_234658_980_pid28865_seq1.log (bytes=0 format=LEGACY)
09-21 16:46:59.009 28865 28966 D RuntimeLogStore: retention: start files=2 kept=2 totalBytes=79230
09-21 16:46:59.013 28865 28865 D SurveyApp: LiteRTLM JNI already loaded; skip. where=onCreate(retry)
09-21 16:46:59.013 28865 28865 D SurveyApp: bootTiming: RuntimeLogStore.start took=1ms
09-21 16:46:59.013 28865 28865 D SurveyApp: bootTiming: AppRingLogStore.install took=0ms
09-21 16:46:59.014 28865 28865 D SurveyApp: onCreate: pid=28865 process=com.negi.survey isMain=true sdk=36
09-21 16:46:59.022 28865 28865 D CrashCapture: install: ensured default handler. where=SurveyApp:onCreate(rewrap) pid=28865 default=com.negi.survey.CrashCapture$CrashHandler@6d64be
09-21 16:46:59.022 28865 28865 D SurveyApp: CrashCapture installed: where=SurveyApp:onCreate(rewrap)
09-21 16:46:59.022 28865 28865 D CrashCapture: registerSelfHealing: ActivityLifecycleCallbacks registered. mode=onResumedOnly
09-21 16:46:59.022 28865 28865 D SurveyApp: CrashCapture self-healing registered.
09-21 16:46:59.022 28865 28865 W SurveyApp: Startup enqueues deferred: delay=2500ms (to reduce init contention)
09-21 16:46:59.022 28865 28865 D SurveyApp: bootTiming: onCreate total=10ms
09-21 16:46:59.232 28865 28968 D UploadRescheduleRcvr: No GitHub pending files for action=android.intent.action.MY_PACKAGE_REPLACED
09-21 16:46:59.289 28865 28968 D github_upload: enqueueStartupRuntimeLogsUpload: uniqueName=upload_runtime_logs_startup policy=KEEP session=startup_runtime_20260921_234659_0624aabc
09-21 16:46:59.394 28865 28968 D WM-PackageManagerHelper: Skipping component enablement for androidx.work.impl.background.systemjob.SystemJobService
09-21 16:46:59.394 28865 28968 D WM-Schedulers: Created SystemJobScheduler and enabled SystemJobService
09-21 16:46:59.405 28865 28977 D WM-ForceStopRunnable: Is default app process = true
09-21 16:46:59.406 28865 28977 D WM-ForceStopRunnable: Performing cleanup operations.
09-21 16:46:59.463 28865 28968 D UploadRescheduleRcvr: Enqueued runtime logs upload for action=android.intent.action.MY_PACKAGE_REPLACED reason=receiver_my_package_replaced
09-21 16:46:59.836 28865 28980 D WM-SystemJobScheduler: Scheduling work ID f5887090-2b2f-4808-a1fa-a04d8cf5b36dJob ID 13
09-21 16:46:59.857 28865 28980 D WM-GreedyScheduler: Starting tracking for f5887090-2b2f-4808-a1fa-a04d8cf5b36d
09-21 16:46:59.863 28865 28865 D WM-SystemJobService: onStartJob for WorkGenerationalId(workSpecId=f5887090-2b2f-4808-a1fa-a04d8cf5b36d, generation=0)
09-21 16:46:59.936 28865 28981 D WM-Processor: Processor: processing WorkGenerationalId(workSpecId=f5887090-2b2f-4808-a1fa-a04d8cf5b36d, generation=0)
09-21 16:46:59.988 28865 28865 D WM-WorkerWrapper: Starting work for com.negi.survey.net.GitHubUploadWorker
09-21 16:46:59.993 28865 28981 D WM-WorkConstraintsTrack: NetworkRequestConstraintController register shared callback
09-21 16:47:00.036 28865 28983 D WM-WorkConstraintsTrack: NetworkRequestConstraintController onCapabilitiesChanged callback
09-21 16:47:00.036 28865 28983 D WM-WorkConstraintsTrack: Not dispatching constraint state yet: isBlocked=null, capabilitiesInitialized=true
09-21 16:47:00.036 28865 28983 D WM-WorkConstraintsTrack: NetworkRequestConstraintController onBlockedStatusChanged callback false
09-21 16:47:00.047 28865 28981 D WM-PackageManagerHelper: androidx.work.impl.background.systemalarm.RescheduleReceiver enabled
09-21 16:47:00.065 28865 28981 I WM-Processor: Moving WorkSpec (f5887090-2b2f-4808-a1fa-a04d8cf5b36d) to the foreground
09-21 16:47:00.086 28865 28981 D WM-GreedyScheduler: Constraints met: Scheduling work ID WorkGenerationalId(workSpecId=f5887090-2b2f-4808-a1fa-a04d8cf5b36d, generation=0)
09-21 16:47:00.088 28865 28865 I WM-SystemFgDispatcher: Started foreground service Intent { act=ACTION_START_FOREGROUND xflg=0x4 cmp=com.negi.survey/androidx.work.impl.foreground.SystemForegroundService (has extras) }
09-21 16:47:00.089 28865 28865 D WM-SystemFgDispatcher: Notifying with (id:7788, workSpecId: f5887090-2b2f-4808-a1fa-a04d8cf5b36d, notificationType :1)
09-21 16:47:00.092 28865 28865 D WM-SystemFgDispatcher: Notifying with (id:7788, workSpecId: f5887090-2b2f-4808-a1fa-a04d8cf5b36d, notificationType :1)
09-21 16:47:00.109 28865 28980 D WM-Processor: Work WorkGenerationalId(workSpecId=f5887090-2b2f-4808-a1fa-a04d8cf5b36d, generation=0) is already enqueued for processing
09-21 16:47:00.110 28865 28980 D WM-WorkProgressUpdater: Updating progress for f5887090-2b2f-4808-a1fa-a04d8cf5b36d (Data {pct : 3, mode : startup_runtime_logs})
09-21 16:47:00.135 28865 28980 I WM-Processor: Moving WorkSpec (f5887090-2b2f-4808-a1fa-a04d8cf5b36d) to the foreground
09-21 16:47:00.143 28865 28865 D WM-SystemFgDispatcher: Notifying with (id:7788, workSpecId: f5887090-2b2f-4808-a1fa-a04d8cf5b36d, notificationType :1)
09-21 16:47:00.144 28865 28980 D WM-WorkConstraintsTrack: NetworkRequestConstraintController send initial capabilities
09-21 16:47:01.321 28865 28966 D RuntimeLogStore: openWriter: rotate:plain_snapshot:receiver_my_package_repl -> /data/user/0/com.negi.survey/files/diagnostics/runtime_logs/rtlog_20260921_234701_317_pid28865_seq2.log (bytes=0 format=LEGACY)
09-21 16:47:01.324 28865 28966 D RuntimeLogStore: retention: rotate:plain_snapshot:receiver_my_package_repl files=3 kept=3 totalBytes=80940
09-21 16:47:01.364 28865 28968 D github_upload: doRuntimeLogsUpload: remoteBaseDir=diagnostics/runtime_logs/2026-09-21/runtime_logs_startup_runtime_20260921_234659_0624aabc_receiver_my_package_repl toUpload=2 bytes=80604 dedupe=true deleteSource=true deletedSourcePre=0 preview='runtime_log_20260921_234701_332_pid28865_receiver_my_package_repl__rtlog_20260921_234658_980_pid28865_seq1.log|runtime_log_20260921_234701_332_pid28865_receiver_my_package_repl__rtlog_20260921_231413_150_pid27009_seq2.log'
09-21 16:47:01.377 28865 28968 D GitHubUploader: uploadStream: owner=ishizuki-tech repo=SurveyExports branch=main path=diagnostics/runtime_logs/2026-09-21/runtime_logs_startup_runtime_20260921_234659_0624aabc_receiver_my_package_repl/runtime_log_20260921_234701_332_pid28865_receiver_my_package_repl__rtlog_20260921_234658_980_pid28865_seq1.log size=1691 maxRawBytesHint=1000000 maxRequestBytesHint=2800000
09-21 16:47:01.380 28865 28980 D WM-WorkProgressUpdater: Updating progress for f5887090-2b2f-4808-a1fa-a04d8cf5b36d (Data {pct : 10, mode : startup_runtime_logs})
09-21 16:47:01.405 28865 28980 I WM-Processor: Moving WorkSpec (f5887090-2b2f-4808-a1fa-a04d8cf5b36d) to the foreground
09-21 16:47:01.412 28865 28865 D WM-SystemFgDispatcher: Notifying with (id:7788, workSpecId: f5887090-2b2f-4808-a1fa-a04d8cf5b36d, notificationType :1)
09-21 16:47:01.522 28865 28865 W SurveyApp: Deferred startup enqueues begin...
09-21 16:47:01.525 28865 28865 D SurveyApp: WorkManager available. where=startupRtLogs(immediate) took=0ms
09-21 16:47:01.543 28865 28865 D SurveyApp: Startup runtime logs target -> owner=ishizuki-tech repo=SurveyExports branch=main base='/diagnostics/runtime_logs'
09-21 16:47:01.552 28865 28865 D github_upload: enqueueStartupRuntimeLogsUpload: uniqueName=upload_runtime_logs_startup policy=KEEP session=startup_runtime_20260921_234701_197edaf4
09-21 16:47:01.553 28865 28865 D SurveyApp: Startup runtime logs: enqueue requested (immediate).
09-21 16:47:01.553 28865 28865 D SurveyApp: WorkManager available. where=startupRingLogs(immediate) took=0ms
09-21 16:47:01.561 28865 28865 D SurveyApp: Startup ring logs target -> owner=ishizuki-tech repo=SurveyExports branch=main base='/diagnostics/applog_ring'
09-21 16:47:01.564 28865 28865 D github_upload: enqueueStartupRingLogsUpload: uniqueName=upload_ring_logs_startup policy=KEEP session=startup_ring_20260921_234701_f7a99df8
09-21 16:47:01.565 28865 28865 D SurveyApp: Startup ring logs: enqueue requested (immediate).
09-21 16:47:01.565 28865 28865 D SurveyApp: WorkManager available. where=enqueuePending(immediate) took=0ms
09-21 16:47:01.567 28865 28865 D SurveyApp: CrashCapture pending uploads requested (immediate).
09-21 16:47:01.567 28865 28865 W SurveyApp: Deferred startup enqueues done: took=45ms
09-21 16:47:01.567 28865 28996 D CrashCapture: enqueuePendingCrashUploadsIfPossible enter where=SurveyApp:enqueuePending(immediate):bg pid=28865 thread=CrashCapture-Enqueue
09-21 16:47:01.634 28865 28979 D WM-SystemJobScheduler: Scheduling work ID 73b8e016-95a3-47a9-a831-84c471fa7e4aJob ID 14
