=== Previous Session Logcat ===
captured_time_utc=20260908_063348
captured_time_local=20260908_093348
marker=2026-09-08 08:45:43.849
preferred_prev_pid=-1
note=best-effort; buffers may be overwritten before next start
sdk=36
device=samsung SM-S936B
appId=com.negi.survey
versionName=0.0.1
versionCode=43

=== Logcat (since marker) ===
--------- beginning of main
09-08 09:33:45.676 16123 16123 I Zygote  : Process 16123 created for com.negi.survey
09-08 09:33:45.676 16123 16123 I com.negi.survey: Using generational CollectorTypeCMC GC.
09-08 09:33:45.687 16123 16123 D nativeloader: Load libframework-connectivity-tiramisu-jni.so using APEX ns com_android_tethering for caller /apex/com.android.tethering/javalib/framework-connectivity-t.jar: ok
09-08 09:33:45.700 16123 16123 D ActivityThread: setConscryptValidator
09-08 09:33:45.700 16123 16123 D ActivityThread: setConscryptValidator - put
09-08 09:33:45.720 16123 16123 D ApplicationLoaders: Returning zygote-cached class loader: /system_ext/framework/androidx.window.extensions.jar
09-08 09:33:45.721 16123 16123 D ApplicationLoaders: Returning zygote-cached class loader: /system_ext/framework/androidx.window.sidecar.jar
09-08 09:33:45.730 16123 16123 I com.negi.survey: Could not load runtime generated app image: Boot image checksum mismatch (0x0bf4b19c != 0x12bf9cfe) in image /data/user/0/com.negi.survey/cache/oat_primary/arm64/base.art
09-08 09:33:45.731 16123 16123 D nativeloader: Configuring clns-9 for other apk /data/app/~~OjF4Khr7hHCqQj-BDawpgQ==/com.negi.survey--7tYAk0_y5ttOLeiUpZjpg==/base.apk. target_sdk_version=36, uses_libraries=libOpenCL.so, library_path=/data/app/~~OjF4Khr7hHCqQj-BDawpgQ==/com.negi.survey--7tYAk0_y5ttOLeiUpZjpg==/lib/arm64:/data/app/~~OjF4Khr7hHCqQj-BDawpgQ==/com.negi.survey--7tYAk0_y5ttOLeiUpZjpg==/base.apk!/lib/arm64-v8a, permitted_path=/data:/mnt/expand:/data/user/0/com.negi.survey
09-08 09:33:45.744 16123 16123 V GraphicsEnvironment: Currently set values for:
09-08 09:33:45.744 16123 16123 V GraphicsEnvironment:   angle_gl_driver_selection_pkgs=[]
09-08 09:33:45.744 16123 16123 V GraphicsEnvironment:   angle_gl_driver_selection_values=[]
09-08 09:33:45.744 16123 16123 V GraphicsEnvironment: com.negi.survey is not listed in per-application setting
09-08 09:33:45.744 16123 16123 V GraphicsEnvironment: ANGLE allowlist from config: com.dreamgames.royalmatch com.dts.freefiremax com.dxx.firenow com.gramgames.mergedragons com.ludo.king com.mojang.minecraftpe com.my.defense com.nintendo.zaka com.os.airforce com.playrix.fishdomdd.gplay io.teslatech.callbreak jp.konami.prospia net.peakgames.toonblast
09-08 09:33:45.744 16123 16123 V GraphicsEnvironment: No special selections for ANGLE, returning default driver choice
09-08 09:33:45.744 16123 16123 V GraphicsEnvironment: App is not on the allowlist for updatable production driver.
09-08 09:33:45.788 16123 16123 D nativeloader: Load /data/app/~~OjF4Khr7hHCqQj-BDawpgQ==/com.negi.survey--7tYAk0_y5ttOLeiUpZjpg==/base.apk!/lib/arm64-v8a/liblitertlm_jni.so using class loader ns clns-9 (caller=/data/app/~~OjF4Khr7hHCqQj-BDawpgQ==/com.negi.survey--7tYAk0_y5ttOLeiUpZjpg==/base.apk!classes4.dex): ok
09-08 09:33:45.788 16123 16123 D SurveyApp: Loaded LiteRTLM JNI: litertlm_jni where=attachBaseContext
09-08 09:33:45.803 16123 16137 D RuntimeLogStore: openWriter: start -> /data/user/0/com.negi.survey/files/diagnostics/runtime_logs/rtlog_20260908_063345_800_pid16123_seq1.log (bytes=0 format=LEGACY)
09-08 09:33:45.803 16123 16137 D RuntimeLogStore: retention: start files=2 kept=2 totalBytes=2452
09-08 09:33:45.804 16123 16123 D AppRingLogStore: installed: dir=/data/user/0/com.negi.survey/files/diagnostics/applog_ring idx=0
09-08 09:33:45.809 16123 16123 D CrashCapture: install: ensured default handler. where=SurveyApp:attachBaseContext pid=16123 default=com.negi.survey.CrashCapture$CrashHandler@23f32b2
09-08 09:33:45.841 16123 16123 D SurveyApp: LiteRTLM JNI already loaded; skip. where=onCreate(retry)
09-08 09:33:45.846 16123 16123 D CrashCapture: install: ensured default handler. where=SurveyApp:onCreate(rewrap) pid=16123 default=com.negi.survey.CrashCapture$CrashHandler@23f32b2
09-08 09:33:45.847 16123 16123 D CrashCapture: registerSelfHealing: ActivityLifecycleCallbacks registered. mode=onResumedOnly
09-08 09:33:45.876 16123 16144 D UploadRescheduleRcvr: No GitHub pending files for action=android.intent.action.BOOT_COMPLETED
09-08 09:33:45.888 16123 16144 D github_upload: enqueueStartupRuntimeLogsUpload: uniqueName=upload_runtime_logs_startup policy=KEEP session=startup_runtime_20260908_063345_a723f5b9
09-08 09:33:45.915 16123 16144 D WM-PackageManagerHelper: Skipping component enablement for androidx.work.impl.background.systemjob.SystemJobService
09-08 09:33:45.915 16123 16144 D WM-Schedulers: Created SystemJobScheduler and enabled SystemJobService
09-08 09:33:45.918 16123 16160 D WM-ForceStopRunnable: Is default app process = true
09-08 09:33:45.918 16123 16160 D WM-ForceStopRunnable: Performing cleanup operations.
09-08 09:33:45.920 16123 16144 D UploadRescheduleRcvr: Enqueued runtime logs upload for action=android.intent.action.BOOT_COMPLETED reason=receiver_boot_completed
09-08 09:33:45.937 16123 16160 E ashmem  : Pinning is deprecated since Android Q. Please use trim or other methods.
09-08 09:33:45.951 16123 16160 D WM-SystemJobScheduler: Reconciling jobs
09-08 09:33:45.958 16123 16160 D WM-ForceStopRunnable: Found unfinished work, scheduling it.
09-08 09:33:45.978 16123 16167 D WM-SystemJobScheduler: Scheduling work ID adc3df40-2fb5-4300-9c12-a9d6b03f1071Job ID 24
09-08 09:33:45.980 16123 16167 D WM-GreedyScheduler: Starting tracking for adc3df40-2fb5-4300-9c12-a9d6b03f1071
09-08 09:33:45.986 16123 16172 D WM-WorkConstraintsTrack: NetworkRequestConstraintController register shared callback
09-08 09:33:45.993 16123 16172 D ConnectivityManager: StackLog: [android.net.ConnectivityManager.sendRequestForNetwork(ConnectivityManager.java:4744)] [android.net.ConnectivityManager.registerDefaultNetworkCallbackForUid(ConnectivityManager.java:5469)] [android.net.ConnectivityManager.registerDefaultNetworkCallback(ConnectivityManager.java:5436)] [android.net.ConnectivityManager.registerDefaultNetworkCallback(ConnectivityManager.java:5410)] [androidx.work.impl.constraints.SharedNetworkCallback.addCallback(WorkConstraintsTracker.kt:362)] [androidx.work.impl.constraints.NetworkRequestConstraintController$track$1.invokeSuspend(WorkConstraintsTracker.kt:179)] [androidx.work.impl.constraints.NetworkRequestConstraintController$track$1.invoke(WorkConstraintsTracker.kt:8)] [androidx.work.impl.constraints.NetworkRequestConstraintController$track$1.invoke(WorkConstraintsTracker.kt:4)] [kotlinx.coroutines.flow.ChannelFlowBuilder.collectTo$suspendImpl(Builders.kt:316)] [kotlinx.coroutines.flow.ChannelFlowBuilder.collectTo(Builders.kt:0)] [kotlinx.coroutines.flow.CallbackFlowBuilder.collectTo(Builders.kt:330)] [kotlinx.coroutines.flow.internal.ChannelFlow$collectToFun$1.invokeSuspend(ChannelFlow.kt:56)] [kotlin.coroutines.jvm.internal.BaseContinuationImpl.resumeWith(ContinuationImpl.kt:34)] [kotlinx.coroutines.DispatchedTask.run(DispatchedTask.kt:100)] [androidx.work.impl.utils.SerialExecutorImpl$Task.run(SerialExecutorImpl.java:96)] [java.util.concurrent.ThreadPoolExecutor.runWorker(ThreadPoolExecutor.java:1100)] [java.util.concurrent.ThreadPoolExecutor$Worker.run(ThreadPoolExecutor.java:624)] [java.lang.Thread.run(Thread.java:1572)]
09-08 09:33:46.002 16123 16173 D WM-WorkConstraintsTrack: NetworkRequestConstraintController onCapabilitiesChanged callback
09-08 09:33:46.002 16123 16173 D WM-WorkConstraintsTrack: Not dispatching constraint state yet: isBlocked=null, capabilitiesInitialized=true
09-08 09:33:46.002 16123 16173 D WM-WorkConstraintsTrack: NetworkRequestConstraintController onBlockedStatusChanged callback false
09-08 09:33:46.004 16123 16172 D WM-PackageManagerHelper: androidx.work.impl.background.systemalarm.RescheduleReceiver enabled
09-08 09:33:46.004 16123 16172 D WM-GreedyScheduler: Constraints met: Scheduling work ID WorkGenerationalId(workSpecId=adc3df40-2fb5-4300-9c12-a9d6b03f1071, generation=0)
09-08 09:33:46.005 16123 16123 D WM-SystemJobService: onStartJob for WorkGenerationalId(workSpecId=adc3df40-2fb5-4300-9c12-a9d6b03f1071, generation=0)
09-08 09:33:46.006 16123 16172 D WM-Processor: Processor: processing WorkGenerationalId(workSpecId=adc3df40-2fb5-4300-9c12-a9d6b03f1071, generation=0)
09-08 09:33:46.008 16123 16172 D WM-Processor: Work WorkGenerationalId(workSpecId=adc3df40-2fb5-4300-9c12-a9d6b03f1071, generation=0) is already enqueued for processing
09-08 09:33:46.012 16123 16123 D WM-WorkerWrapper: Starting work for com.negi.survey.net.GitHubUploadWorker
09-08 09:33:46.026 16123 16160 I WM-Processor: Moving WorkSpec (adc3df40-2fb5-4300-9c12-a9d6b03f1071) to the foreground
09-08 09:33:46.048 16123 16123 I WM-SystemFgDispatcher: Started foreground service Intent { act=ACTION_START_FOREGROUND xflg=0x4 cmp=com.negi.survey/androidx.work.impl.foreground.SystemForegroundService (has extras) }
09-08 09:33:46.048 16123 16123 D WM-SystemFgDispatcher: Notifying with (id:9466, workSpecId: adc3df40-2fb5-4300-9c12-a9d6b03f1071, notificationType :1)
09-08 09:33:46.062 16123 16123 W WM-SystemFgService: Unable to start foreground service
09-08 09:33:46.062 16123 16123 W WM-SystemFgService: android.app.ForegroundServiceStartNotAllowedException: FGS type dataSync not allowed to start from BOOT_COMPLETED!
09-08 09:33:46.062 16123 16123 W WM-SystemFgService: 	at android.app.ForegroundServiceStartNotAllowedException$1.createFromParcel(ForegroundServiceStartNotAllowedException.java:54)
09-08 09:33:46.062 16123 16123 W WM-SystemFgService: 	at android.app.ForegroundServiceStartNotAllowedException$1.createFromParcel(ForegroundServiceStartNotAllowedException.java:50)
09-08 09:33:46.062 16123 16123 W WM-SystemFgService: 	at android.os.Parcel.readParcelableInternal(Parcel.java:5277)
09-08 09:33:46.062 16123 16123 W WM-SystemFgService: 	at android.os.Parcel.readParcelable(Parcel.java:5258)
09-08 09:33:46.062 16123 16123 W WM-SystemFgService: 	at android.os.Parcel.createExceptionOrNull(Parcel.java:3383)
09-08 09:33:46.062 16123 16123 W WM-SystemFgService: 	at android.os.Parcel.createException(Parcel.java:3372)
09-08 09:33:46.062 16123 16123 W WM-SystemFgService: 	at android.os.Parcel.readException(Parcel.java:3355)
09-08 09:33:46.062 16123 16123 W WM-SystemFgService: 	at android.os.Parcel.readException(Parcel.java:3297)
09-08 09:33:46.062 16123 16123 W WM-SystemFgService: 	at android.app.IActivityManager$Stub$Proxy.setServiceForeground(IActivityManager.java:7682)
09-08 09:33:46.062 16123 16123 W WM-SystemFgService: 	at android.app.Service.startForeground(Service.java:862)
09-08 09:33:46.062 16123 16123 W WM-SystemFgService: 	at androidx.work.impl.foreground.SystemForegroundService$Api31Impl.startForeground(SystemForegroundService.java:192)
09-08 09:33:46.062 16123 16123 W WM-SystemFgService: 	at androidx.work.impl.foreground.SystemForegroundService.startForeground(SystemForegroundService.java:141)
09-08 09:33:46.062 16123 16123 W WM-SystemFgService: 	at androidx.work.impl.foreground.SystemForegroundDispatcher.handleNotify(SystemForegroundDispatcher.java:332)
09-08 09:33:46.062 16123 16123 W WM-SystemFgService: 	at androidx.work.impl.foreground.SystemForegroundDispatcher.onStartCommand(SystemForegroundDispatcher.java:221)
09-08 09:33:46.062 16123 16123 W WM-SystemFgService: 	at androidx.work.impl.foreground.SystemForegroundService.onStartCommand(SystemForegroundService.java:80)
09-08 09:33:46.062 16123 16123 W WM-SystemFgService: 	at android.app.ActivityThread.handleServiceArgs(ActivityThread.java:6453)
09-08 09:33:46.062 16123 16123 W WM-SystemFgService: 	at android.app.ActivityThread.-$$Nest$mhandleServiceArgs(ActivityThread.java:0)
09-08 09:33:46.062 16123 16123 W WM-SystemFgService: 	at android.app.ActivityThread$H.handleMessage(ActivityThread.java:3111)
09-08 09:33:46.062 16123 16123 W WM-SystemFgService: 	at android.os.Handler.dispatchMessage(Handler.java:132)
09-08 09:33:46.062 16123 16123 W WM-SystemFgService: 	at android.os.Looper.dispatchMessage(Looper.java:358)
09-08 09:33:46.062 16123 16123 W WM-SystemFgService: 	at android.os.Looper.loopOnce(Looper.java:288)
09-08 09:33:46.062 16123 16123 W WM-SystemFgService: 	at android.os.Looper.loop(Looper.java:392)
09-08 09:33:46.062 16123 16123 W WM-SystemFgService: 	at android.app.ActivityThread.main(ActivityThread.java:10346)
09-08 09:33:46.062 16123 16123 W WM-SystemFgService: 	at java.lang.reflect.Method.invoke(Native Method)
09-08 09:33:46.062 16123 16123 W WM-SystemFgService: 	at com.android.internal.os.RuntimeInit$MethodAndArgsCaller.run(RuntimeInit.java:638)
09-08 09:33:46.062 16123 16123 W WM-SystemFgService: 	at com.android.internal.os.ZygoteInit.main(ZygoteInit.java:972)
09-08 09:33:46.065 16123 16123 D WM-SystemFgDispatcher: Notifying with (id:9466, workSpecId: adc3df40-2fb5-4300-9c12-a9d6b03f1071, notificationType :1)
--------- beginning of system
09-08 09:33:46.066 16123 16123 I NotificationManager: com.negi.survey: notify(9466, null, Notification(channel=uploads shortcut=null contentView=null vibrate=null sound=null defaults=0 flags=ONGOING_EVENT|ONLY_ALERT_ONCE color=0x00000000 category=progress vis=PRIVATE semFlags=0x0 semPriority=0 semMissedCount=0 semScenarioType=0)) as user
09-08 09:33:46.066 16123 16166 D WM-WorkProgressUpdater: Updating progress for adc3df40-2fb5-4300-9c12-a9d6b03f1071 (Data {pct : 3, mode : startup_runtime_logs})
09-08 09:33:46.072 16123 16123 D NotificationManager: BOOTING pkg =com.negi.survey mBlockedChannelsForOverflowNoti=[]
09-08 09:33:46.073 16123 16166 I WM-Processor: Moving WorkSpec (adc3df40-2fb5-4300-9c12-a9d6b03f1071) to the foreground
09-08 09:33:46.085 16123 16166 D WM-WorkConstraintsTrack: NetworkRequestConstraintController send initial capabilities
09-08 09:33:46.090 16123 16123 W WM-SystemFgService: Unable to start foreground service
09-08 09:33:46.090 16123 16123 W WM-SystemFgService: android.app.ForegroundServiceStartNotAllowedException: FGS type dataSync not allowed to start from BOOT_COMPLETED!
09-08 09:33:46.090 16123 16123 W WM-SystemFgService: 	at android.app.ForegroundServiceStartNotAllowedException$1.createFromParcel(ForegroundServiceStartNotAllowedException.java:54)
09-08 09:33:46.090 16123 16123 W WM-SystemFgService: 	at android.app.ForegroundServiceStartNotAllowedException$1.createFromParcel(ForegroundServiceStartNotAllowedException.java:50)
09-08 09:33:46.090 16123 16123 W WM-SystemFgService: 	at android.os.Parcel.readParcelableInternal(Parcel.java:5277)
09-08 09:33:46.090 16123 16123 W WM-SystemFgService: 	at android.os.Parcel.readParcelable(Parcel.java:5258)
09-08 09:33:46.090 16123 16123 W WM-SystemFgService: 	at android.os.Parcel.createExceptionOrNull(Parcel.java:3383)
09-08 09:33:46.090 16123 16123 W WM-SystemFgService: 	at android.os.Parcel.createException(Parcel.java:3372)
09-08 09:33:46.090 16123 16123 W WM-SystemFgService: 	at android.os.Parcel.readException(Parcel.java:3355)
09-08 09:33:46.090 16123 16123 W WM-SystemFgService: 	at android.os.Parcel.readException(Parcel.java:3297)
09-08 09:33:46.090 16123 16123 W WM-SystemFgService: 	at android.app.IActivityManager$Stub$Proxy.setServiceForeground(IActivityManager.java:7682)
09-08 09:33:46.090 16123 16123 W WM-SystemFgService: 	at android.app.Service.startForeground(Service.java:862)
09-08 09:33:46.090 16123 16123 W WM-SystemFgService: 	at androidx.work.impl.foreground.SystemForegroundService$Api31Impl.startForeground(SystemForegroundService.java:192)
09-08 09:33:46.090 16123 16123 W WM-SystemFgService: 	at androidx.work.impl.foreground.SystemForegroundService.startForeground(SystemForegroundService.java:141)
09-08 09:33:46.090 16123 16123 W WM-SystemFgService: 	at androidx.work.impl.foreground.SystemForegroundDispatcher.handleNotify(SystemForegroundDispatcher.java:332)
09-08 09:33:46.090 16123 16123 W WM-SystemFgService: 	at androidx.work.impl.foreground.SystemForegroundDispatcher.onStartCommand(SystemForegroundDispatcher.java:223)
09-08 09:33:46.090 16123 16123 W WM-SystemFgService: 	at androidx.work.impl.foreground.SystemForegroundService.onStartCommand(SystemForegroundService.java:80)
09-08 09:33:46.090 16123 16123 W WM-SystemFgService: 	at android.app.ActivityThread.handleServiceArgs(ActivityThread.java:6453)
09-08 09:33:46.090 16123 16123 W WM-SystemFgService: 	at android.app.ActivityThread.-$$Nest$mhandleServiceArgs(ActivityThread.java:0)
09-08 09:33:46.090 16123 16123 W WM-SystemFgService: 	at android.app.ActivityThread$H.handleMessage(ActivityThread.java:3111)
09-08 09:33:46.090 16123 16123 W WM-SystemFgService: 	at android.os.Handler.dispatchMessage(Handler.java:132)
09-08 09:33:46.090 16123 16123 W WM-SystemFgService: 	at android.os.Looper.dispatchMessage(Looper.java:358)
09-08 09:33:46.090 16123 16123 W WM-SystemFgService: 	at android.os.Looper.loopOnce(Looper.java:288)
09-08 09:33:46.090 16123 16123 W WM-SystemFgService: 	at android.os.Looper.loop(Looper.java:392)
09-08 09:33:46.090 16123 16123 W WM-SystemFgService: 	at android.app.ActivityThread.main(ActivityThread.java:10346)
09-08 09:33:46.090 16123 16123 W WM-SystemFgService: 	at java.lang.reflect.Method.invoke(Native Method)
09-08 09:33:46.090 16123 16123 W WM-SystemFgService: 	at com.android.internal.os.RuntimeInit$MethodAndArgsCaller.run(RuntimeInit.java:638)
09-08 09:33:46.090 16123 16123 W WM-SystemFgService: 	at com.android.internal.os.ZygoteInit.main(ZygoteInit.java:972)
09-08 09:33:46.091 16123 16123 D WM-SystemFgDispatcher: Notifying with (id:9466, workSpecId: adc3df40-2fb5-4300-9c12-a9d6b03f1071, notificationType :1)
09-08 09:33:46.091 16123 16123 I NotificationManager: com.negi.survey: notify(9466, null, Notification(channel=uploads shortcut=null contentView=null vibrate=null sound=null defaults=0 flags=ONGOING_EVENT|ONLY_ALERT_ONCE color=0x00000000 category=progress vis=PRIVATE semFlags=0x0 semPriority=0 semMissedCount=0 semScenarioType=0)) as user
09-08 09:33:46.093 16123 16123 W WM-SystemFgService: Unable to start foreground service
09-08 09:33:46.093 16123 16123 W WM-SystemFgService: android.app.ForegroundServiceStartNotAllowedException: FGS type dataSync not allowed to start from BOOT_COMPLETED!
09-08 09:33:46.093 16123 16123 W WM-SystemFgService: 	at android.app.ForegroundServiceStartNotAllowedException$1.createFromParcel(ForegroundServiceStartNotAllowedException.java:54)
09-08 09:33:46.093 16123 16123 W WM-SystemFgService: 	at android.app.ForegroundServiceStartNotAllowedException$1.createFromParcel(ForegroundServiceStartNotAllowedException.java:50)
09-08 09:33:46.093 16123 16123 W WM-SystemFgService: 	at android.os.Parcel.readParcelableInternal(Parcel.java:5277)
09-08 09:33:46.093 16123 16123 W WM-SystemFgService: 	at android.os.Parcel.readParcelable(Parcel.java:5258)
09-08 09:33:46.093 16123 16123 W WM-SystemFgService: 	at android.os.Parcel.createExceptionOrNull(Parcel.java:3383)
09-08 09:33:46.093 16123 16123 W WM-SystemFgService: 	at android.os.Parcel.createException(Parcel.java:3372)
09-08 09:33:46.093 16123 16123 W WM-SystemFgService: 	at android.os.Parcel.readException(Parcel.java:3355)
09-08 09:33:46.093 16123 16123 W WM-SystemFgService: 	at android.os.Parcel.readException(Parcel.java:3297)
09-08 09:33:46.093 16123 16123 W WM-SystemFgService: 	at android.app.IActivityManager$Stub$Proxy.setServiceForeground(IActivityManager.java:7682)
09-08 09:33:46.093 16123 16123 W WM-SystemFgService: 	at android.app.Service.startForeground(Service.java:862)
09-08 09:33:46.093 16123 16123 W WM-SystemFgService: 	at androidx.work.impl.foreground.SystemForegroundService$Api31Impl.startForeground(SystemForegroundService.java:192)
09-08 09:33:46.093 16123 16123 W WM-SystemFgService: 	at androidx.work.impl.foreground.SystemForegroundService.startForeground(SystemForegroundService.java:141)
09-08 09:33:46.093 16123 16123 W WM-SystemFgService: 	at androidx.work.impl.foreground.SystemForegroundDispatcher.handleNotify(SystemForegroundDispatcher.java:332)
09-08 09:33:46.093 16123 16123 W WM-SystemFgService: 	at androidx.work.impl.foreground.SystemForegroundDispatcher.onStartCommand(SystemForegroundDispatcher.java:223)
09-08 09:33:46.093 16123 16123 W WM-SystemFgService: 	at androidx.work.impl.foreground.SystemForegroundService.onStartCommand(SystemForegroundService.java:80)
09-08 09:33:46.093 16123 16123 W WM-SystemFgService: 	at android.app.ActivityThread.handleServiceArgs(ActivityThread.java:6453)
09-08 09:33:46.093 16123 16123 W WM-SystemFgService: 	at android.app.ActivityThread.-$$Nest$mhandleServiceArgs(ActivityThread.java:0)
09-08 09:33:46.093 16123 16123 W WM-SystemFgService: 	at android.app.ActivityThread$H.handleMessage(ActivityThread.java:3111)
09-08 09:33:46.093 16123 16123 W WM-SystemFgService: 	at android.os.Handler.dispatchMessage(Handler.java:132)
09-08 09:33:46.093 16123 16123 W WM-SystemFgService: 	at android.os.Looper.dispatchMessage(Looper.java:358)
09-08 09:33:46.093 16123 16123 W WM-SystemFgService: 	at android.os.Looper.loopOnce(Looper.java:288)
09-08 09:33:46.093 16123 16123 W WM-SystemFgService: 	at android.os.Looper.loop(Looper.java:392)
09-08 09:33:46.093 16123 16123 W WM-SystemFgService: 	at android.app.ActivityThread.main(ActivityThread.java:10346)
09-08 09:33:46.093 16123 16123 W WM-SystemFgService: 	at java.lang.reflect.Method.invoke(Native Method)
09-08 09:33:46.093 16123 16123 W WM-SystemFgService: 	at com.android.internal.os.RuntimeInit$MethodAndArgsCaller.run(RuntimeInit.java:638)
09-08 09:33:46.093 16123 16123 W WM-SystemFgService: 	at com.android.internal.os.ZygoteInit.main(ZygoteInit.java:972)
09-08 09:33:46.205 16123 16123 W JobService: onNetworkChanged() not implemented in androidx.work.impl.background.systemjob.SystemJobService. Must override in a subclass.
09-08 09:33:46.221 16123 16173 D WM-WorkConstraintsTrack: NetworkRequestConstraintController onCapabilitiesChanged callback
09-08 09:33:47.275 16123 16137 D RuntimeLogStore: openWriter: rotate:plain_snapshot:receiver_boot_completed -> /data/user/0/com.negi.survey/files/diagnostics/runtime_logs/rtlog_20260908_063347_275_pid16123_seq2.log (bytes=0 format=LEGACY)
09-08 09:33:47.276 16123 16137 D RuntimeLogStore: retention: rotate:plain_snapshot:receiver_boot_completed files=3 kept=3 totalBytes=4163
09-08 09:33:47.291 16123 16145 D github_upload: doRuntimeLogsUpload: remoteBaseDir=diagnostics/runtime_logs/2026-09-08/runtime_logs_startup_runtime_20260908_063345_a723f5b9_receiver_boot_completed toUpload=3 bytes=5353 dedupe=true deleteSource=true deletedSourcePre=0 preview='plain_logs_manifest_20260908_063347_278_pid16123_receiver_boot_completed.json|runtime_log_20260908_063347_278_pid16123_receiver_boot_completed__rtlog_20260908_063345_800_pid16123_seq1.log|runtime_log_20260908_063347_278_pid16123_receiver_boot_completed__rtlog_20260908_054545_019_pid18709_seq2.log'
09-08 09:33:47.292 16123 16145 D GitHubUploader: uploadStream: owner=ishizuki-tech repo=SurveyExports branch=main path=diagnostics/runtime_logs/2026-09-08/runtime_logs_startup_runtime_20260908_063345_a723f5b9_receiver_boot_completed/plain_logs_manifest_20260908_063347_278_pid16123_receiver_boot_completed.json size=1528 maxRawBytesHint=1000000 maxRequestBytesHint=2800000
09-08 09:33:47.294 16123 16166 D WM-WorkProgressUpdater: Updating progress for adc3df40-2fb5-4300-9c12-a9d6b03f1071 (Data {pct : 10, mode : startup_runtime_logs})
09-08 09:33:47.296 16123 16166 I WM-Processor: Moving WorkSpec (adc3df40-2fb5-4300-9c12-a9d6b03f1071) to the foreground
09-08 09:33:47.304 16123 16123 D WM-SystemFgDispatcher: Notifying with (id:9466, workSpecId: adc3df40-2fb5-4300-9c12-a9d6b03f1071, notificationType :1)
09-08 09:33:47.304 16123 16123 I NotificationManager: com.negi.survey: notify(9466, null, Notification(channel=uploads shortcut=null contentView=null vibrate=null sound=null defaults=0 flags=ONGOING_EVENT|ONLY_ALERT_ONCE color=0x00000000 category=progress vis=PRIVATE semFlags=0x0 semPriority=0 semMissedCount=0 semScenarioType=0)) as user
09-08 09:33:47.309 16123 16123 W WM-SystemFgService: Unable to start foreground service
09-08 09:33:47.309 16123 16123 W WM-SystemFgService: android.app.ForegroundServiceStartNotAllowedException: FGS type dataSync not allowed to start from BOOT_COMPLETED!
09-08 09:33:47.309 16123 16123 W WM-SystemFgService: 	at android.app.ForegroundServiceStartNotAllowedException$1.createFromParcel(ForegroundServiceStartNotAllowedException.java:54)
09-08 09:33:47.309 16123 16123 W WM-SystemFgService: 	at android.app.ForegroundServiceStartNotAllowedException$1.createFromParcel(ForegroundServiceStartNotAllowedException.java:50)
09-08 09:33:47.309 16123 16123 W WM-SystemFgService: 	at android.os.Parcel.readParcelableInternal(Parcel.java:5277)
09-08 09:33:47.309 16123 16123 W WM-SystemFgService: 	at android.os.Parcel.readParcelable(Parcel.java:5258)
09-08 09:33:47.309 16123 16123 W WM-SystemFgService: 	at android.os.Parcel.createExceptionOrNull(Parcel.java:3383)
09-08 09:33:47.309 16123 16123 W WM-SystemFgService: 	at android.os.Parcel.createException(Parcel.java:3372)
09-08 09:33:47.309 16123 16123 W WM-SystemFgService: 	at android.os.Parcel.readException(Parcel.java:3355)
09-08 09:33:47.309 16123 16123 W WM-SystemFgService: 	at android.os.Parcel.readException(Parcel.java:3297)
09-08 09:33:47.309 16123 16123 W WM-SystemFgService: 	at android.app.IActivityManager$Stub$Proxy.setServiceForeground(IActivityManager.java:7682)
09-08 09:33:47.309 16123 16123 W WM-SystemFgService: 	at android.app.Service.startForeground(Service.java:862)
09-08 09:33:47.309 16123 16123 W WM-SystemFgService: 	at androidx.work.impl.foreground.SystemForegroundService$Api31Impl.startForeground(SystemForegroundService.java:192)
09-08 09:33:47.309 16123 16123 W WM-SystemFgService: 	at androidx.work.impl.foreground.SystemForegroundService.startForeground(SystemForegroundService.java:141)
09-08 09:33:47.309 16123 16123 W WM-SystemFgService: 	at androidx.work.impl.foreground.SystemForegroundDispatcher.handleNotify(SystemForegroundDispatcher.java:332)
09-08 09:33:47.309 16123 16123 W WM-SystemFgService: 	at androidx.work.impl.foreground.SystemForegroundDispatcher.onStartCommand(SystemForegroundDispatcher.java:223)
09-08 09:33:47.309 16123 16123 W WM-SystemFgService: 	at androidx.work.impl.foreground.SystemForegroundService.onStartCommand(SystemForegroundService.java:80)
09-08 09:33:47.309 16123 16123 W WM-SystemFgService: 	at android.app.ActivityThread.handleServiceArgs(ActivityThread.java:6453)
09-08 09:33:47.309 16123 16123 W WM-SystemFgService: 	at android.app.ActivityThread.-$$Nest$mhandleServiceArgs(ActivityThread.java:0)
09-08 09:33:47.309 16123 16123 W WM-SystemFgService: 	at android.app.ActivityThread$H.handleMessage(ActivityThread.java:3111)
09-08 09:33:47.309 16123 16123 W WM-SystemFgService: 	at android.os.Handler.dispatchMessage(Handler.java:132)
09-08 09:33:47.309 16123 16123 W WM-SystemFgService: 	at android.os.Looper.dispatchMessage(Looper.java:358)
09-08 09:33:47.309 16123 16123 W WM-SystemFgService: 	at android.os.Looper.loopOnce(Looper.java:288)
09-08 09:33:47.309 16123 16123 W WM-SystemFgService: 	at android.os.Looper.loop(Looper.java:392)
09-08 09:33:47.309 16123 16123 W WM-SystemFgService: 	at android.app.ActivityThread.main(ActivityThread.java:10346)
09-08 09:33:47.309 16123 16123 W WM-SystemFgService: 	at java.lang.reflect.Method.invoke(Native Method)
09-08 09:33:47.309 16123 16123 W WM-SystemFgService: 	at com.android.internal.os.RuntimeInit$MethodAndArgsCaller.run(RuntimeInit.java:638)
09-08 09:33:47.309 16123 16123 W WM-SystemFgService: 	at com.android.internal.os.ZygoteInit.main(ZygoteInit.java:972)
09-08 09:33:48.165 16123 16172 D WM-WorkProgressUpdater: Updating progress for adc3df40-2fb5-4300-9c12-a9d6b03f1071 (Data {pct : 12, mode : startup_runtime_logs})
09-08 09:33:48.167 16123 16172 I WM-Processor: Moving WorkSpec (adc3df40-2fb5-4300-9c12-a9d6b03f1071) to the foreground
09-08 09:33:48.169 16123 16123 D WM-SystemFgDispatcher: Notifying with (id:9466, workSpecId: adc3df40-2fb5-4300-9c12-a9d6b03f1071, notificationType :1)
09-08 09:33:48.169 16123 16123 I NotificationManager: com.negi.survey: notify(9466, null, Notification(channel=uploads shortcut=null contentView=null vibrate=null sound=null defaults=0 flags=ONGOING_EVENT|ONLY_ALERT_ONCE color=0x00000000 category=progress vis=PRIVATE semFlags=0x0 semPriority=0 semMissedCount=0 semScenarioType=0)) as user
09-08 09:33:48.170 16123 16160 D WM-WorkProgressUpdater: Updating progress for adc3df40-2fb5-4300-9c12-a9d6b03f1071 (Data {pct : 33, mode : startup_runtime_logs})
09-08 09:33:48.172 16123 16160 I WM-Processor: Moving WorkSpec (adc3df40-2fb5-4300-9c12-a9d6b03f1071) to the foreground
09-08 09:33:48.173 16123 16123 W WM-SystemFgService: Unable to start foreground service
09-08 09:33:48.173 16123 16123 W WM-SystemFgService: android.app.ForegroundServiceStartNotAllowedException: FGS type dataSync not allowed to start from BOOT_COMPLETED!
09-08 09:33:48.173 16123 16123 W WM-SystemFgService: 	at android.app.ForegroundServiceStartNotAllowedException$1.createFromParcel(ForegroundServiceStartNotAllowedException.java:54)
09-08 09:33:48.173 16123 16123 W WM-SystemFgService: 	at android.app.ForegroundServiceStartNotAllowedException$1.createFromParcel(ForegroundServiceStartNotAllowedException.java:50)
09-08 09:33:48.173 16123 16123 W WM-SystemFgService: 	at android.os.Parcel.readParcelableInternal(Parcel.java:5277)
09-08 09:33:48.173 16123 16123 W WM-SystemFgService: 	at android.os.Parcel.readParcelable(Parcel.java:5258)
09-08 09:33:48.173 16123 16123 W WM-SystemFgService: 	at android.os.Parcel.createExceptionOrNull(Parcel.java:3383)
09-08 09:33:48.173 16123 16123 W WM-SystemFgService: 	at android.os.Parcel.createException(Parcel.java:3372)
09-08 09:33:48.173 16123 16123 W WM-SystemFgService: 	at android.os.Parcel.readException(Parcel.java:3355)
09-08 09:33:48.173 16123 16123 W WM-SystemFgService: 	at android.os.Parcel.readException(Parcel.java:3297)
09-08 09:33:48.173 16123 16123 W WM-SystemFgService: 	at android.app.IActivityManager$Stub$Proxy.setServiceForeground(IActivityManager.java:7682)
09-08 09:33:48.173 16123 16123 W WM-SystemFgService: 	at android.app.Service.startForeground(Service.java:862)
09-08 09:33:48.173 16123 16123 W WM-SystemFgService: 	at androidx.work.impl.foreground.SystemForegroundService$Api31Impl.startForeground(SystemForegroundService.java:192)
09-08 09:33:48.173 16123 16123 W WM-SystemFgService: 	at androidx.work.impl.foreground.SystemForegroundService.startForeground(SystemForegroundService.java:141)
09-08 09:33:48.173 16123 16123 W WM-SystemFgService: 	at androidx.work.impl.foreground.SystemForegroundDispatcher.handleNotify(SystemForegroundDispatcher.java:332)
09-08 09:33:48.173 16123 16123 W WM-SystemFgService: 	at androidx.work.impl.foreground.SystemForegroundDispatcher.onStartCommand(SystemForegroundDispatcher.java:223)
09-08 09:33:48.173 16123 16123 W WM-SystemFgService: 	at androidx.work.impl.foreground.SystemForegroundService.onStartCommand(SystemForegroundService.java:80)
09-08 09:33:48.173 16123 16123 W WM-SystemFgService: 	at android.app.ActivityThread.handleServiceArgs(ActivityThread.java:6453)
09-08 09:33:48.173 16123 16123 W WM-SystemFgService: 	at android.app.ActivityThread.-$$Nest$mhandleServiceArgs(ActivityThread.java:0)
09-08 09:33:48.173 16123 16123 W WM-SystemFgService: 	at android.app.ActivityThread$H.handleMessage(ActivityThread.java:3111)
09-08 09:33:48.173 16123 16123 W WM-SystemFgService: 	at android.os.Handler.dispatchMessage(Handler.java:132)
09-08 09:33:48.173 16123 16123 W WM-SystemFgService: 	at android.os.Looper.dispatchMessage(Looper.java:358)
09-08 09:33:48.173 16123 16123 W WM-SystemFgService: 	at android.os.Looper.loopOnce(Looper.java:288)
09-08 09:33:48.173 16123 16123 W WM-SystemFgService: 	at android.os.Looper.loop(Looper.java:392)
09-08 09:33:48.173 16123 16123 W WM-SystemFgService: 	at android.app.ActivityThread.main(ActivityThread.java:10346)
09-08 09:33:48.173 16123 16123 W WM-SystemFgService: 	at java.lang.reflect.Method.invoke(Native Method)
09-08 09:33:48.173 16123 16123 W WM-SystemFgService: 	at com.android.internal.os.RuntimeInit$MethodAndArgsCaller.run(RuntimeInit.java:638)
09-08 09:33:48.173 16123 16123 W WM-SystemFgService: 	at com.android.internal.os.ZygoteInit.main(ZygoteInit.java:972)
09-08 09:33:48.173 16123 16123 D WM-SystemFgDispatcher: Notifying with (id:9466, workSpecId: adc3df40-2fb5-4300-9c12-a9d6b03f1071, notificationType :1)
09-08 09:33:48.173 16123 16123 I NotificationManager: com.negi.survey: notify(9466, null, Notification(channel=uploads shortcut=null contentView=null vibrate=null sound=null defaults=0 flags=ONGOING_EVENT|ONLY_ALERT_ONCE color=0x00000000 category=progress vis=PRIVATE semFlags=0x0 semPriority=0 semMissedCount=0 semScenarioType=0)) as user
09-08 09:33:48.176 16123 16123 W WM-SystemFgService: Unable to start foreground service
09-08 09:33:48.176 16123 16123 W WM-SystemFgService: android.app.ForegroundServiceStartNotAllowedException: FGS type dataSync not allowed to start from BOOT_COMPLETED!
09-08 09:33:48.176 16123 16123 W WM-SystemFgService: 	at android.app.ForegroundServiceStartNotAllowedException$1.createFromParcel(ForegroundServiceStartNotAllowedException.java:54)
09-08 09:33:48.176 16123 16123 W WM-SystemFgService: 	at android.app.ForegroundServiceStartNotAllowedException$1.createFromParcel(ForegroundServiceStartNotAllowedException.java:50)
09-08 09:33:48.176 16123 16123 W WM-SystemFgService: 	at android.os.Parcel.readParcelableInternal(Parcel.java:5277)
09-08 09:33:48.176 16123 16123 W WM-SystemFgService: 	at android.os.Parcel.readParcelable(Parcel.java:5258)
09-08 09:33:48.176 16123 16123 W WM-SystemFgService: 	at android.os.Parcel.createExceptionOrNull(Parcel.java:3383)
09-08 09:33:48.176 16123 16123 W WM-SystemFgService: 	at android.os.Parcel.createException(Parcel.java:3372)
09-08 09:33:48.176 16123 16123 W WM-SystemFgService: 	at android.os.Parcel.readException(Parcel.java:3355)
09-08 09:33:48.176 16123 16123 W WM-SystemFgService: 	at android.os.Parcel.readException(Parcel.java:3297)
09-08 09:33:48.176 16123 16123 W WM-SystemFgService: 	at android.app.IActivityManager$Stub$Proxy.setServiceForeground(IActivityManager.java:7682)
09-08 09:33:48.176 16123 16123 W WM-SystemFgService: 	at android.app.Service.startForeground(Service.java:862)
09-08 09:33:48.176 16123 16123 W WM-SystemFgService: 	at androidx.work.impl.foreground.SystemForegroundService$Api31Impl.startForeground(SystemForegroundService.java:192)
09-08 09:33:48.176 16123 16123 W WM-SystemFgService: 	at androidx.work.impl.foreground.SystemForegroundService.startForeground(SystemForegroundService.java:141)
09-08 09:33:48.176 16123 16123 W WM-SystemFgService: 	at androidx.work.impl.foreground.SystemForegroundDispatcher.handleNotify(SystemForegroundDispatcher.java:332)
09-08 09:33:48.176 16123 16123 W WM-SystemFgService: 	at androidx.work.impl.foreground.SystemForegroundDispatcher.onStartCommand(SystemForegroundDispatcher.java:223)
09-08 09:33:48.176 16123 16123 W WM-SystemFgService: 	at androidx.work.impl.foreground.SystemForegroundService.onStartCommand(SystemForegroundService.java:80)
09-08 09:33:48.176 16123 16123 W WM-SystemFgService: 	at android.app.ActivityThread.handleServiceArgs(ActivityThread.java:6453)
09-08 09:33:48.176 16123 16123 W WM-SystemFgService: 	at android.app.ActivityThread.-$$Nest$mhandleServiceArgs(ActivityThread.java:0)
09-08 09:33:48.176 16123 16123 W WM-SystemFgService: 	at android.app.ActivityThread$H.handleMessage(ActivityThread.java:3111)
09-08 09:33:48.176 16123 16123 W WM-SystemFgService: 	at android.os.Handler.dispatchMessage(Handler.java:132)
09-08 09:33:48.176 16123 16123 W WM-SystemFgService: 	at android.os.Looper.dispatchMessage(Looper.java:358)
09-08 09:33:48.176 16123 16123 W WM-SystemFgService: 	at android.os.Looper.loopOnce(Looper.java:288)
09-08 09:33:48.176 16123 16123 W WM-SystemFgService: 	at android.os.Looper.loop(Looper.java:392)
09-08 09:33:48.176 16123 16123 W WM-SystemFgService: 	at android.app.ActivityThread.main(ActivityThread.java:10346)
09-08 09:33:48.176 16123 16123 W WM-SystemFgService: 	at java.lang.reflect.Method.invoke(Native Method)
09-08 09:33:48.176 16123 16123 W WM-SystemFgService: 	at com.android.internal.os.RuntimeInit$MethodAndArgsCaller.run(RuntimeInit.java:638)
09-08 09:33:48.176 16123 16123 W WM-SystemFgService: 	at com.android.internal.os.ZygoteInit.main(ZygoteInit.java:972)
09-08 09:33:48.348 16123 16123 D github_upload: enqueueStartupRuntimeLogsUpload: uniqueName=upload_runtime_logs_startup policy=KEEP session=startup_runtime_20260908_063348_639d5b14
09-08 09:33:48.349 16123 16123 D github_upload: enqueueStartupRingLogsUpload: uniqueName=upload_ring_logs_startup policy=KEEP session=startup_ring_20260908_063348_61795bea
09-08 09:33:48.350 16123 16870 D CrashCapture: enqueuePendingCrashUploadsIfPossible enter where=SurveyApp:enqueuePending(immediate):bg pid=16123 thread=CrashCapture-Enqueue
09-08 09:33:48.357 16123 16167 D WM-SystemJobScheduler: Scheduling work ID 7ea4ee3b-ac56-4ecd-8dab-5f3ab939da43Job ID 25
09-08 09:33:48.361 16123 16167 D WM-GreedyScheduler: Starting tracking for 7ea4ee3b-ac56-4ecd-8dab-5f3ab939da43
09-08 09:33:48.367 16123 16123 D WM-SystemJobService: onStartJob for WorkGenerationalId(workSpecId=7ea4ee3b-ac56-4ecd-8dab-5f3ab939da43, generation=0)
09-08 09:33:48.368 16123 16167 D WM-WorkConstraintsTrack: NetworkRequestConstraintController send initial capabilities
09-08 09:33:48.371 16123 16167 D WM-Processor: Processor: processing WorkGenerationalId(workSpecId=7ea4ee3b-ac56-4ecd-8dab-5f3ab939da43, generation=0)
09-08 09:33:48.373 16123 16167 D WM-GreedyScheduler: Constraints met: Scheduling work ID WorkGenerationalId(workSpecId=7ea4ee3b-ac56-4ecd-8dab-5f3ab939da43, generation=0)
09-08 09:33:48.373 16123 16123 D WM-WorkerWrapper: Starting work for com.negi.survey.net.GitHubUploadWorker
09-08 09:33:48.376 16123 16172 D WM-Processor: Work WorkGenerationalId(workSpecId=7ea4ee3b-ac56-4ecd-8dab-5f3ab939da43, generation=0) is already enqueued for processing
09-08 09:33:48.376 16123 16166 I WM-Processor: Moving WorkSpec (7ea4ee3b-ac56-4ecd-8dab-5f3ab939da43) to the foreground
09-08 09:33:48.378 16123 16123 I WM-SystemFgDispatcher: Started foreground service Intent { act=ACTION_START_FOREGROUND xflg=0x4 cmp=com.negi.survey/androidx.work.impl.foreground.SystemForegroundService (has extras) }
09-08 09:33:48.379 16123 16123 D WM-SystemFgDispatcher: Notifying with (id:3238, workSpecId: 7ea4ee3b-ac56-4ecd-8dab-5f3ab939da43, notificationType :1)
09-08 09:33:48.379 16123 16123 I NotificationManager: com.negi.survey: notify(3238, null, Notification(channel=uploads shortcut=null contentView=null vibrate=null sound=null defaults=0 flags=ONGOING_EVENT|ONLY_ALERT_ONCE color=0x00000000 category=progress vis=PRIVATE semFlags=0x0 semPriority=0 semMissedCount=0 semScenarioType=0)) as user
09-08 09:33:48.382 16123 16166 D WM-WorkProgressUpdater: Updating progress for 7ea4ee3b-ac56-4ecd-8dab-5f3ab939da43 (Data {pct : 3, mode : startup_ring_logs})
09-08 09:33:48.383 16123 16123 W WM-SystemFgService: Unable to start foreground service
09-08 09:33:48.383 16123 16123 W WM-SystemFgService: android.app.ForegroundServiceStartNotAllowedException: FGS type dataSync not allowed to start from BOOT_COMPLETED!
09-08 09:33:48.383 16123 16123 W WM-SystemFgService: 	at android.app.ForegroundServiceStartNotAllowedException$1.createFromParcel(ForegroundServiceStartNotAllowedException.java:54)
09-08 09:33:48.383 16123 16123 W WM-SystemFgService: 	at android.app.ForegroundServiceStartNotAllowedException$1.createFromParcel(ForegroundServiceStartNotAllowedException.java:50)
09-08 09:33:48.383 16123 16123 W WM-SystemFgService: 	at android.os.Parcel.readParcelableInternal(Parcel.java:5277)
09-08 09:33:48.383 16123 16123 W WM-SystemFgService: 	at android.os.Parcel.readParcelable(Parcel.java:5258)
09-08 09:33:48.383 16123 16123 W WM-SystemFgService: 	at android.os.Parcel.createExceptionOrNull(Parcel.java:3383)
09-08 09:33:48.383 16123 16123 W WM-SystemFgService: 	at android.os.Parcel.createException(Parcel.java:3372)
09-08 09:33:48.383 16123 16123 W WM-SystemFgService: 	at android.os.Parcel.readException(Parcel.java:3355)
09-08 09:33:48.383 16123 16123 W WM-SystemFgService: 	at android.os.Parcel.readException(Parcel.java:3297)
09-08 09:33:48.383 16123 16123 W WM-SystemFgService: 	at android.app.IActivityManager$Stub$Proxy.setServiceForeground(IActivityManager.java:7682)
09-08 09:33:48.383 16123 16123 W WM-SystemFgService: 	at android.app.Service.startForeground(Service.java:862)
09-08 09:33:48.383 16123 16123 W WM-SystemFgService: 	at androidx.work.impl.foreground.SystemForegroundService$Api31Impl.startForeground(SystemForegroundService.java:192)
09-08 09:33:48.383 16123 16123 W WM-SystemFgService: 	at androidx.work.impl.foreground.SystemForegroundService.startForeground(SystemForegroundService.java:141)
09-08 09:33:48.383 16123 16123 W WM-SystemFgService: 	at androidx.work.impl.foreground.SystemForegroundDispatcher.handleNotify(SystemForegroundDispatcher.java:332)
09-08 09:33:48.383 16123 16123 W WM-SystemFgService: 	at androidx.work.impl.foreground.SystemForegroundDispatcher.onStartCommand(SystemForegroundDispatcher.java:221)
09-08 09:33:48.383 16123 16123 W WM-SystemFgService: 	at androidx.work.impl.foreground.SystemForegroundService.onStartCommand(SystemForegroundService.java:80)
09-08 09:33:48.383 16123 16123 W WM-SystemFgService: 	at android.app.ActivityThread.handleServiceArgs(ActivityThread.java:6453)
09-08 09:33:48.383 16123 16123 W WM-SystemFgService: 	at android.app.ActivityThread.-$$Nest$mhandleServiceArgs(ActivityThread.java:0)
09-08 09:33:48.383 16123 16123 W WM-SystemFgService: 	at android.app.ActivityThread$H.handleMessage(ActivityThread.java:3111)
09-08 09:33:48.383 16123 16123 W WM-SystemFgService: 	at android.os.Handler.dispatchMessage(Handler.java:132)
09-08 09:33:48.383 16123 16123 W WM-SystemFgService: 	at android.os.Looper.dispatchMessage(Looper.java:358)
09-08 09:33:48.383 16123 16123 W WM-SystemFgService: 	at android.os.Looper.loopOnce(Looper.java:288)
09-08 09:33:48.383 16123 16123 W WM-SystemFgService: 	at android.os.Looper.loop(Looper.java:392)
09-08 09:33:48.383 16123 16123 W WM-SystemFgService: 	at android.app.ActivityThread.main(ActivityThread.java:10346)
09-08 09:33:48.383 16123 16123 W WM-SystemFgService: 	at java.lang.reflect.Method.invoke(Native Method)
09-08 09:33:48.383 16123 16123 W WM-SystemFgService: 	at com.android.internal.os.RuntimeInit$MethodAndArgsCaller.run(RuntimeInit.java:638)
09-08 09:33:48.383 16123 16123 W WM-SystemFgService: 	at com.android.internal.os.ZygoteInit.main(ZygoteInit.java:972)
09-08 09:33:48.384 16123 16123 D WM-SystemFgDispatcher: Notifying with (id:3238, workSpecId: 7ea4ee3b-ac56-4ecd-8dab-5f3ab939da43, notificationType :1)
09-08 09:33:48.384 16123 16123 I NotificationManager: com.negi.survey: notify(3238, null, Notification(channel=uploads shortcut=null contentView=null vibrate=null sound=null defaults=0 flags=ONGOING_EVENT|ONLY_ALERT_ONCE color=0x00000000 category=progress vis=PRIVATE semFlags=0x0 semPriority=0 semMissedCount=0 semScenarioType=0)) as user
09-08 09:33:48.385 16123 16166 I WM-Processor: Moving WorkSpec (7ea4ee3b-ac56-4ecd-8dab-5f3ab939da43) to the foreground
09-08 09:33:48.385 16123 16123 W WM-SystemFgService: Unable to start foreground service
09-08 09:33:48.385 16123 16123 W WM-SystemFgService: android.app.ForegroundServiceStartNotAllowedException: FGS type dataSync not allowed to start from BOOT_COMPLETED!
09-08 09:33:48.385 16123 16123 W WM-SystemFgService: 	at android.app.ForegroundServiceStartNotAllowedException$1.createFromParcel(ForegroundServiceStartNotAllowedException.java:54)
09-08 09:33:48.385 16123 16123 W WM-SystemFgService: 	at android.app.ForegroundServiceStartNotAllowedException$1.createFromParcel(ForegroundServiceStartNotAllowedException.java:50)
09-08 09:33:48.385 16123 16123 W WM-SystemFgService: 	at android.os.Parcel.readParcelableInternal(Parcel.java:5277)
09-08 09:33:48.385 16123 16123 W WM-SystemFgService: 	at android.os.Parcel.readParcelable(Parcel.java:5258)
09-08 09:33:48.385 16123 16123 W WM-SystemFgService: 	at android.os.Parcel.createExceptionOrNull(Parcel.java:3383)
09-08 09:33:48.385 16123 16123 W WM-SystemFgService: 	at android.os.Parcel.createException(Parcel.java:3372)
09-08 09:33:48.385 16123 16123 W WM-SystemFgService: 	at android.os.Parcel.readException(Parcel.java:3355)
09-08 09:33:48.385 16123 16123 W WM-SystemFgService: 	at android.os.Parcel.readException(Parcel.java:3297)
09-08 09:33:48.385 16123 16123 W WM-SystemFgService: 	at android.app.IActivityManager$Stub$Proxy.setServiceForeground(IActivityManager.java:7682)
09-08 09:33:48.385 16123 16123 W WM-SystemFgService: 	at android.app.Service.startForeground(Service.java:862)
09-08 09:33:48.385 16123 16123 W WM-SystemFgService: 	at androidx.work.impl.foreground.SystemForegroundService$Api31Impl.startForeground(SystemForegroundService.java:192)
09-08 09:33:48.385 16123 16123 W WM-SystemFgService: 	at androidx.work.impl.foreground.SystemForegroundService.startForeground(SystemForegroundService.java:141)
09-08 09:33:48.385 16123 16123 W WM-SystemFgService: 	at androidx.work.impl.foreground.SystemForegroundDispatcher.handleNotify(SystemForegroundDispatcher.java:332)
09-08 09:33:48.385 16123 16123 W WM-SystemFgService: 	at androidx.work.impl.foreground.SystemForegroundDispatcher.onStartCommand(SystemForegroundDispatcher.java:223)
09-08 09:33:48.385 16123 16123 W WM-SystemFgService: 	at androidx.work.impl.foreground.SystemForegroundService.onStartCommand(SystemForegroundService.java:80)
09-08 09:33:48.385 16123 16123 W WM-SystemFgService: 	at android.app.ActivityThread.handleServiceArgs(ActivityThread.java:6453)
09-08 09:33:48.385 16123 16123 W WM-SystemFgService: 	at android.app.ActivityThread.-$$Nest$mhandleServiceArgs(ActivityThread.java:0)
09-08 09:33:48.385 16123 16123 W WM-SystemFgService: 	at android.app.ActivityThread$H.handleMessage(ActivityThread.java:3111)
09-08 09:33:48.385 16123 16123 W WM-SystemFgService: 	at android.os.Handler.dispatchMessage(Handler.java:132)
09-08 09:33:48.385 16123 16123 W WM-SystemFgService: 	at android.os.Looper.dispatchMessage(Looper.java:358)
09-08 09:33:48.385 16123 16123 W WM-SystemFgService: 	at android.os.Looper.loopOnce(Looper.java:288)
09-08 09:33:48.385 16123 16123 W WM-SystemFgService: 	at android.os.Looper.loop(Looper.java:392)
09-08 09:33:48.385 16123 16123 W WM-SystemFgService: 	at android.app.ActivityThread.main(ActivityThread.java:10346)
09-08 09:33:48.385 16123 16123 W WM-SystemFgService: 	at java.lang.reflect.Method.invoke(Native Method)
09-08 09:33:48.385 16123 16123 W WM-SystemFgService: 	at com.android.internal.os.RuntimeInit$MethodAndArgsCaller.run(RuntimeInit.java:638)
09-08 09:33:48.385 16123 16123 W WM-SystemFgService: 	at com.android.internal.os.ZygoteInit.main(ZygoteInit.java:972)
09-08 09:33:48.388 16123 16166 D WM-WorkConstraintsTrack: NetworkRequestConstraintController send initial capabilities
09-08 09:33:48.389 16123 16123 D WM-SystemFgDispatcher: Notifying with (id:3238, workSpecId: 7ea4ee3b-ac56-4ecd-8dab-5f3ab939da43, notificationType :1)
09-08 09:33:48.389 16123 16123 I NotificationManager: com.negi.survey: notify(3238, null, Notification(channel=uploads shortcut=null contentView=null vibrate=null sound=null defaults=0 flags=ONGOING_EVENT|ONLY_ALERT_ONCE color=0x00000000 category=progress vis=PRIVATE semFlags=0x0 semPriority=0 semMissedCount=0 semScenarioType=0)) as user
09-08 09:33:48.394 16123 16123 W WM-SystemFgService: Unable to start foreground service
09-08 09:33:48.394 16123 16123 W WM-SystemFgService: android.app.ForegroundServiceStartNotAllowedException: FGS type dataSync not allowed to start from BOOT_COMPLETED!
09-08 09:33:48.394 16123 16123 W WM-SystemFgService: 	at android.app.ForegroundServiceStartNotAllowedException$1.createFromParcel(ForegroundServiceStartNotAllowedException.java:54)
09-08 09:33:48.394 16123 16123 W WM-SystemFgService: 	at android.app.ForegroundServiceStartNotAllowedException$1.createFromParcel(ForegroundServiceStartNotAllowedException.java:50)
09-08 09:33:48.394 16123 16123 W WM-SystemFgService: 	at android.os.Parcel.readParcelableInternal(Parcel.java:5277)
09-08 09:33:48.394 16123 16123 W WM-SystemFgService: 	at android.os.Parcel.readParcelable(Parcel.java:5258)
09-08 09:33:48.394 16123 16123 W WM-SystemFgService: 	at android.os.Parcel.createExceptionOrNull(Parcel.java:3383)
09-08 09:33:48.394 16123 16123 W WM-SystemFgService: 	at android.os.Parcel.createException(Parcel.java:3372)
09-08 09:33:48.394 16123 16123 W WM-SystemFgService: 	at android.os.Parcel.readException(Parcel.java:3355)
09-08 09:33:48.394 16123 16123 W WM-SystemFgService: 	at android.os.Parcel.readException(Parcel.java:3297)
09-08 09:33:48.394 16123 16123 W WM-SystemFgService: 	at android.app.IActivityManager$Stub$Proxy.setServiceForeground(IActivityManager.java:7682)
09-08 09:33:48.394 16123 16123 W WM-SystemFgService: 	at android.app.Service.startForeground(Service.java:862)
09-08 09:33:48.394 16123 16123 W WM-SystemFgService: 	at androidx.work.impl.foreground.SystemForegroundService$Api31Impl.startForeground(SystemForegroundService.java:192)
09-08 09:33:48.394 16123 16123 W WM-SystemFgService: 	at androidx.work.impl.foreground.SystemForegroundService.startForeground(SystemForegroundService.java:141)
09-08 09:33:48.394 16123 16123 W WM-SystemFgService: 	at androidx.work.impl.foreground.SystemForegroundDispatcher.handleNotify(SystemForegroundDispatcher.java:332)
09-08 09:33:48.394 16123 16123 W WM-SystemFgService: 	at androidx.work.impl.foreground.SystemForegroundDispatcher.onStartCommand(SystemForegroundDispatcher.java:223)
09-08 09:33:48.394 16123 16123 W WM-SystemFgService: 	at androidx.work.impl.foreground.SystemForegroundService.onStartCommand(SystemForegroundService.java:80)
09-08 09:33:48.394 16123 16123 W WM-SystemFgService: 	at android.app.ActivityThread.handleServiceArgs(ActivityThread.java:6453)
09-08 09:33:48.394 16123 16123 W WM-SystemFgService: 	at android.app.ActivityThread.-$$Nest$mhandleServiceArgs(ActivityThread.java:0)
09-08 09:33:48.394 16123 16123 W WM-SystemFgService: 	at android.app.ActivityThread$H.handleMessage(ActivityThread.java:3111)
09-08 09:33:48.394 16123 16123 W WM-SystemFgService: 	at android.os.Handler.dispatchMessage(Handler.java:132)
09-08 09:33:48.394 16123 16123 W WM-SystemFgService: 	at android.os.Looper.dispatchMessage(Looper.java:358)
09-08 09:33:48.394 16123 16123 W WM-SystemFgService: 	at android.os.Looper.loopOnce(Looper.java:288)
09-08 09:33:48.394 16123 16123 W WM-SystemFgService: 	at android.os.Looper.loop(Looper.java:392)
09-08 09:33:48.394 16123 16123 W WM-SystemFgService: 	at android.app.ActivityThread.main(ActivityThread.java:10346)
09-08 09:33:48.394 16123 16123 W WM-SystemFgService: 	at java.lang.reflect.Method.invoke(Native Method)
09-08 09:33:48.394 16123 16123 W WM-SystemFgService: 	at com.android.internal.os.RuntimeInit$MethodAndArgsCaller.run(RuntimeInit.java:638)
09-08 09:33:48.394 16123 16123 W WM-SystemFgService: 	at com.android.internal.os.ZygoteInit.main(ZygoteInit.java:972)
