=== Previous Session Logcat ===
captured_time_utc=20260921_231414
captured_time_local=20260921_161414
marker=2026-09-21 15:50:12.826
preferred_prev_pid=-1
note=best-effort; buffers may be overwritten before next start
sdk=36
device=Google Pixel 9a
appId=com.negi.survey
versionName=0.0.1
versionCode=1

=== Logcat (since marker) ===
--------- beginning of main
09-21 16:14:10.538 27009 27009 I Zygote  : Process 27009 created for com.negi.survey
09-21 16:14:10.539 27009 27009 I com.negi.survey: Late-enabling -Xcheck:jni
09-21 16:14:10.592 27009 27009 I com.negi.survey: Using CollectorTypeCMC GC.
09-21 16:14:10.604 27009 27009 D nativeloader: Load libframework-connectivity-tiramisu-jni.so using APEX ns com_android_tethering for caller /apex/com.android.tethering/javalib/framework-connectivity-t.jar: ok
09-21 16:14:10.647 27009 27009 D ApplicationLoaders: Returning zygote-cached class loader: /system_ext/framework/androidx.window.extensions.jar
09-21 16:14:10.647 27009 27009 D ApplicationLoaders: Returning zygote-cached class loader: /system_ext/framework/androidx.window.sidecar.jar
09-21 16:14:11.360 27009 27009 D nativeloader: Configuring clns-9 for other apk /data/app/~~JhmdXn-KQSOKVTdirnw-cw==/com.negi.survey-Z44dEyhlKwCKrHy-af0orw==/base.apk. target_sdk_version=36, uses_libraries=libOpenCL.so:libOpenCL-pixel.so, library_path=/data/app/~~JhmdXn-KQSOKVTdirnw-cw==/com.negi.survey-Z44dEyhlKwCKrHy-af0orw==/lib/arm64:/data/app/~~JhmdXn-KQSOKVTdirnw-cw==/com.negi.survey-Z44dEyhlKwCKrHy-af0orw==/base.apk!/lib/arm64-v8a, permitted_path=/data:/mnt/expand:/data/user/0/com.negi.survey
09-21 16:14:11.367 27009 27009 V GraphicsEnvironment: Currently set values for:
09-21 16:14:11.367 27009 27009 V GraphicsEnvironment:   angle_gl_driver_selection_pkgs=[com.android.angle]
09-21 16:14:11.367 27009 27009 V GraphicsEnvironment:   angle_gl_driver_selection_values=[angle]
09-21 16:14:11.367 27009 27009 V GraphicsEnvironment: com.negi.survey is not listed in per-application setting
09-21 16:14:11.367 27009 27009 V GraphicsEnvironment: No special selections for ANGLE, returning default driver choice
09-21 16:14:11.367 27009 27009 V GraphicsEnvironment: Neither updatable production driver nor prerelease driver is supported.
09-21 16:14:11.409 27009 27009 D nativeloader: Load /data/app/~~JhmdXn-KQSOKVTdirnw-cw==/com.negi.survey-Z44dEyhlKwCKrHy-af0orw==/base.apk!/lib/arm64-v8a/liblitertlm_jni.so using class loader ns clns-9 (caller=/data/app/~~JhmdXn-KQSOKVTdirnw-cw==/com.negi.survey-Z44dEyhlKwCKrHy-af0orw==/base.apk!classes10.dex): ok
09-21 16:14:11.410 27009 27009 D SurveyApp: Loaded LiteRTLM JNI: litertlm_jni where=attachBaseContext
09-21 16:14:11.432 27009 27009 D AppRingLogStore: installed: dir=/data/user/0/com.negi.survey/files/diagnostics/applog_ring idx=0
09-21 16:14:11.433 27009 27009 D SurveyApp: attachBaseContext: pid=27009 process=com.negi.survey isMain=true sdk=36
09-21 16:14:11.433 27009 27009 D SurveyApp: bootTiming: attachBaseContext total=57ms
09-21 16:14:11.433 27009 27009 D SurveyApp: Skipping WorkManager init in attachBaseContext; will init lazily on first enqueue.
09-21 16:14:11.436 27009 27009 D CrashCapture: install: ensured default handler. where=SurveyApp:attachBaseContext pid=27009 default=com.negi.survey.CrashCapture$CrashHandler@c39f91f
09-21 16:14:11.436 27009 27009 D SurveyApp: CrashCapture installed: where=SurveyApp:attachBaseContext
09-21 16:14:11.449 27009 27009 E com.negi.survey: hiddenapi: Accessing hidden method Landroid/net/ssl/EchConfigMismatchException;->getRetryConfigList()Landroid/net/ssl/EchConfigList; (runtime_flags=0, domain=core-platform, api=blocked) from /data/app/~~JhmdXn-KQSOKVTdirnw-cw==/com.negi.survey-Z44dEyhlKwCKrHy-af0orw==/base.apk!classes17.dex (domain=app, TargetSdkVersion=36) using linking: denied
09-21 16:14:11.449 27009 27009 E com.negi.survey: hiddenapi: Accessing hidden method Landroid/net/ssl/EchConfigList;->toBytes()[B (runtime_flags=0, domain=core-platform, api=blocked) from /data/app/~~JhmdXn-KQSOKVTdirnw-cw==/com.negi.survey-Z44dEyhlKwCKrHy-af0orw==/base.apk!classes17.dex (domain=app, TargetSdkVersion=36) using linking: denied
09-21 16:14:11.449 27009 27009 E com.negi.survey: hiddenapi: Accessing hidden method Landroid/net/ssl/EchConfigList;->fromBytes([B)Landroid/net/ssl/EchConfigList; (runtime_flags=0, domain=core-platform, api=blocked) from /data/app/~~JhmdXn-KQSOKVTdirnw-cw==/com.negi.survey-Z44dEyhlKwCKrHy-af0orw==/base.apk!classes17.dex (domain=app, TargetSdkVersion=36) using linking: denied
09-21 16:14:11.449 27009 27009 E com.negi.survey: hiddenapi: Accessing hidden method Landroid/net/ssl/SSLSockets;->setEchConfigList(Ljavax/net/ssl/SSLSocket;Landroid/net/ssl/EchConfigList;)V (runtime_flags=0, domain=core-platform, api=blocked) from /data/app/~~JhmdXn-KQSOKVTdirnw-cw==/com.negi.survey-Z44dEyhlKwCKrHy-af0orw==/base.apk!classes17.dex (domain=app, TargetSdkVersion=36) using linking: denied
09-21 16:14:11.465 27009 27009 D SurveyApp: LiteRTLM JNI already loaded; skip. where=onCreate(retry)
09-21 16:14:11.465 27009 27009 D SurveyApp: bootTiming: RuntimeLogStore.start took=1ms
09-21 16:14:11.465 27009 27009 D SurveyApp: bootTiming: AppRingLogStore.install took=0ms
09-21 16:14:11.465 27009 27009 D SurveyApp: onCreate: pid=27009 process=com.negi.survey isMain=true sdk=36
09-21 16:14:11.469 27009 27176 D RuntimeLogStore: openWriter: start -> /data/user/0/com.negi.survey/files/diagnostics/runtime_logs/rtlog_20260921_231411_427_pid27009_seq1.log (bytes=0 format=LEGACY)
09-21 16:14:11.474 27009 27009 D CrashCapture: install: ensured default handler. where=SurveyApp:onCreate(rewrap) pid=27009 default=com.negi.survey.CrashCapture$CrashHandler@c39f91f
09-21 16:14:11.474 27009 27009 D SurveyApp: CrashCapture installed: where=SurveyApp:onCreate(rewrap)
09-21 16:14:11.474 27009 27176 D RuntimeLogStore: retention: start files=2 kept=2 totalBytes=100482
09-21 16:14:11.474 27009 27009 D CrashCapture: registerSelfHealing: ActivityLifecycleCallbacks registered. mode=onResumedOnly
09-21 16:14:11.474 27009 27009 D SurveyApp: CrashCapture self-healing registered.
09-21 16:14:11.474 27009 27009 W SurveyApp: Startup enqueues deferred: delay=2500ms (to reduce init contention)
09-21 16:14:11.474 27009 27009 D SurveyApp: bootTiming: onCreate total=10ms
--------- beginning of system
09-21 16:14:11.478 27009 27178 I DisplayManager: Choreographer implicitly registered for the refresh rate.
09-21 16:14:11.478 27009 27178 D vulkan  : searching for layers in '/data/app/~~JhmdXn-KQSOKVTdirnw-cw==/com.negi.survey-Z44dEyhlKwCKrHy-af0orw==/lib/arm64'
09-21 16:14:11.478 27009 27178 D vulkan  : searching for layers in '/data/app/~~JhmdXn-KQSOKVTdirnw-cw==/com.negi.survey-Z44dEyhlKwCKrHy-af0orw==/base.apk!/lib/arm64-v8a'
09-21 16:14:11.484 27009 27009 D DesktopExperienceFlags: Toggle override initialized to: false
09-21 16:14:11.493 27009 27009 D CompatChangeReporter: Compat change id reported: 377864165; UID 14902; state: ENABLED
09-21 16:14:11.494 27009 27009 D DesktopModeFlags: Toggle override initialized to: OVERRIDE_UNSET
09-21 16:14:11.510 27009 27009 I ContentCaptureHelper: Setting logging level to OFF
09-21 16:14:11.512 27009 27009 D CrashCapture: install: ensured default handler. where=selfHeal:onActivityResumed pid=27009 default=com.negi.survey.CrashCapture$CrashHandler@c39f91f
09-21 16:14:11.527 27009 27009 D WindowOnBackDispatcher: setTopOnBackInvokedCallback (unwrapped): android.app.Activity$$ExternalSyntheticLambda0@84e753a
09-21 16:14:11.670 27009 27009 D VRI[MainActivity]: WindowInsets changed: 1080x2424 statusBars:[0,152,0,0] navigationBars:[0,0,0,69] mandatorySystemGestures:[0,187,0,92] 
09-21 16:14:11.682 27009 27009 I HWUI    : Using FreeType backend (prop=Auto)
09-21 16:14:11.748 27009 27009 I com.negi.survey: hiddenapi: Accessing hidden method Landroid/os/SystemProperties;->addChangeCallback(Ljava/lang/Runnable;)V (runtime_flags=0, domain=platform, api=unsupported) from Landroidx/compose/ui/platform/AndroidComposeView$Companion; (domain=app, TargetSdkVersion=36) using reflection: allowed
09-21 16:14:11.758 27009 27197 D UploadRescheduleRcvr: No GitHub pending files for action=android.intent.action.MY_PACKAGE_REPLACED
09-21 16:14:11.771 27009 27197 D github_upload: enqueueStartupRuntimeLogsUpload: uniqueName=upload_runtime_logs_startup policy=KEEP session=startup_runtime_20260921_231411_8a7db232
09-21 16:14:11.780 27009 27009 D InsetsController: hide(ime())
09-21 16:14:11.780 27009 27009 I ImeTracker: com.negi.survey:1f438265: onCancelled at PHASE_CLIENT_ALREADY_HIDDEN
09-21 16:14:11.789 27009 27197 D WM-PackageManagerHelper: Skipping component enablement for androidx.work.impl.background.systemjob.SystemJobService
09-21 16:14:11.789 27009 27197 D WM-Schedulers: Created SystemJobScheduler and enabled SystemJobService
09-21 16:14:11.793 27009 27212 D WM-ForceStopRunnable: Is default app process = true
09-21 16:14:11.793 27009 27212 D WM-ForceStopRunnable: Performing cleanup operations.
09-21 16:14:11.796 27009 27197 D UploadRescheduleRcvr: Enqueued runtime logs upload for action=android.intent.action.MY_PACKAGE_REPLACED reason=receiver_my_package_replaced
09-21 16:14:11.807 27009 27032 I com.negi.survey: Compiler allocated 5038KB to compile void android.view.ViewRootImpl.performTraversals()
09-21 16:14:11.866 27009 27219 D WM-SystemJobScheduler: Scheduling work ID b54ec371-4703-422a-a459-b192d890c28eJob ID 7
09-21 16:14:11.868 27009 27219 D WM-GreedyScheduler: Starting tracking for b54ec371-4703-422a-a459-b192d890c28e
09-21 16:14:11.870 27009 27009 D WM-SystemJobService: onStartJob for WorkGenerationalId(workSpecId=b54ec371-4703-422a-a459-b192d890c28e, generation=0)
09-21 16:14:11.882 27009 27220 D WM-Processor: Processor: processing WorkGenerationalId(workSpecId=b54ec371-4703-422a-a459-b192d890c28e, generation=0)
09-21 16:14:11.905 27009 27009 D WM-WorkerWrapper: Starting work for com.negi.survey.net.GitHubUploadWorker
09-21 16:14:11.912 27009 27220 D WM-WorkConstraintsTrack: NetworkRequestConstraintController register shared callback
09-21 16:14:11.917 27009 27221 D WM-WorkConstraintsTrack: NetworkRequestConstraintController onCapabilitiesChanged callback
09-21 16:14:11.917 27009 27221 D WM-WorkConstraintsTrack: Not dispatching constraint state yet: isBlocked=null, capabilitiesInitialized=true
09-21 16:14:11.917 27009 27221 D WM-WorkConstraintsTrack: NetworkRequestConstraintController onBlockedStatusChanged callback false
09-21 16:14:11.918 27009 27220 D WM-PackageManagerHelper: androidx.work.impl.background.systemalarm.RescheduleReceiver enabled
09-21 16:14:11.924 27009 27220 I WM-Processor: Moving WorkSpec (b54ec371-4703-422a-a459-b192d890c28e) to the foreground
09-21 16:14:11.929 27009 27009 I WM-SystemFgDispatcher: Started foreground service Intent { act=ACTION_START_FOREGROUND xflg=0x4 cmp=com.negi.survey/androidx.work.impl.foreground.SystemForegroundService (has extras) }
09-21 16:14:11.930 27009 27009 D WM-SystemFgDispatcher: Notifying with (id:9509, workSpecId: b54ec371-4703-422a-a459-b192d890c28e, notificationType :1)
09-21 16:14:11.930 27009 27220 D WM-GreedyScheduler: Constraints met: Scheduling work ID WorkGenerationalId(workSpecId=b54ec371-4703-422a-a459-b192d890c28e, generation=0)
09-21 16:14:11.931 27009 27220 D WM-WorkProgressUpdater: Updating progress for b54ec371-4703-422a-a459-b192d890c28e (Data {pct : 3, mode : startup_runtime_logs})
09-21 16:14:11.931 27009 27009 D WM-SystemFgDispatcher: Notifying with (id:9509, workSpecId: b54ec371-4703-422a-a459-b192d890c28e, notificationType :1)
09-21 16:14:11.938 27009 27220 I WM-Processor: Moving WorkSpec (b54ec371-4703-422a-a459-b192d890c28e) to the foreground
09-21 16:14:11.941 27009 27009 D WM-SystemFgDispatcher: Notifying with (id:9509, workSpecId: b54ec371-4703-422a-a459-b192d890c28e, notificationType :1)
09-21 16:14:11.944 27009 27220 D WM-Processor: Work WorkGenerationalId(workSpecId=b54ec371-4703-422a-a459-b192d890c28e, generation=0) is already enqueued for processing
09-21 16:14:11.946 27009 27220 D WM-WorkConstraintsTrack: NetworkRequestConstraintController send initial capabilities
09-21 16:14:12.050 27009 27009 D IntroScreen: Resolved config details: id=survey_config10.yaml in 298ms
09-21 16:14:13.154 27009 27176 D RuntimeLogStore: openWriter: rotate:plain_snapshot:receiver_my_package_repl -> /data/user/0/com.negi.survey/files/diagnostics/runtime_logs/rtlog_20260921_231413_150_pid27009_seq2.log (bytes=0 format=LEGACY)
09-21 16:14:13.156 27009 27176 D RuntimeLogStore: retention: rotate:plain_snapshot:receiver_my_package_repl files=3 kept=3 totalBytes=102192
09-21 16:14:13.172 27009 27198 D github_upload: doRuntimeLogsUpload: remoteBaseDir=diagnostics/runtime_logs/2026-09-21/runtime_logs_startup_runtime_20260921_231411_8a7db232_receiver_my_package_repl toUpload=2 bytes=101856 dedupe=true deleteSource=true deletedSourcePre=0 preview='runtime_log_20260921_231413_162_pid27009_receiver_my_package_repl__rtlog_20260921_231411_427_pid27009_seq1.log|runtime_log_20260921_231413_162_pid27009_receiver_my_package_repl__rtlog_20260921_225013_926_pid24515_seq2.log'
09-21 16:14:13.175 27009 27198 D GitHubUploader: uploadStream: owner=ishizuki-tech repo=SurveyExports branch=main path=diagnostics/runtime_logs/2026-09-21/runtime_logs_startup_runtime_20260921_231411_8a7db232_receiver_my_package_repl/runtime_log_20260921_231413_162_pid27009_receiver_my_package_repl__rtlog_20260921_231411_427_pid27009_seq1.log size=1691 maxRawBytesHint=1000000 maxRequestBytesHint=2800000
09-21 16:14:13.176 27009 27218 D WM-WorkProgressUpdater: Updating progress for b54ec371-4703-422a-a459-b192d890c28e (Data {pct : 10, mode : startup_runtime_logs})
09-21 16:14:13.183 27009 27218 I WM-Processor: Moving WorkSpec (b54ec371-4703-422a-a459-b192d890c28e) to the foreground
09-21 16:14:13.185 27009 27009 D WM-SystemFgDispatcher: Notifying with (id:9509, workSpecId: b54ec371-4703-422a-a459-b192d890c28e, notificationType :1)
09-21 16:14:13.563 27009 27220 D WM-WorkProgressUpdater: Updating progress for b54ec371-4703-422a-a459-b192d890c28e (Data {pct : 14, mode : startup_runtime_logs})
09-21 16:14:13.567 27009 27220 I WM-Processor: Moving WorkSpec (b54ec371-4703-422a-a459-b192d890c28e) to the foreground
09-21 16:14:13.570 27009 27220 D WM-WorkProgressUpdater: Updating progress for b54ec371-4703-422a-a459-b192d890c28e (Data {pct : 50, mode : startup_runtime_logs})
09-21 16:14:13.571 27009 27009 D WM-SystemFgDispatcher: Notifying with (id:9509, workSpecId: b54ec371-4703-422a-a459-b192d890c28e, notificationType :1)
09-21 16:14:13.578 27009 27220 I WM-Processor: Moving WorkSpec (b54ec371-4703-422a-a459-b192d890c28e) to the foreground
09-21 16:14:13.584 27009 27009 D WM-SystemFgDispatcher: Notifying with (id:9509, workSpecId: b54ec371-4703-422a-a459-b192d890c28e, notificationType :1)
09-21 16:14:13.978 27009 27009 W SurveyApp: Deferred startup enqueues begin...
09-21 16:14:13.979 27009 27009 D SurveyApp: WorkManager available. where=startupRtLogs(immediate) took=0ms
09-21 16:14:13.981 27009 27009 D SurveyApp: Startup runtime logs target -> owner=ishizuki-tech repo=SurveyExports branch=main base='/diagnostics/runtime_logs'
09-21 16:14:13.983 27009 27009 D github_upload: enqueueStartupRuntimeLogsUpload: uniqueName=upload_runtime_logs_startup policy=KEEP session=startup_runtime_20260921_231413_e71cd5d1
09-21 16:14:13.983 27009 27009 D SurveyApp: Startup runtime logs: enqueue requested (immediate).
09-21 16:14:13.984 27009 27009 D SurveyApp: WorkManager available. where=startupRingLogs(immediate) took=0ms
09-21 16:14:13.988 27009 27009 D SurveyApp: Startup ring logs target -> owner=ishizuki-tech repo=SurveyExports branch=main base='/diagnostics/applog_ring'
09-21 16:14:13.989 27009 27009 D github_upload: enqueueStartupRingLogsUpload: uniqueName=upload_ring_logs_startup policy=KEEP session=startup_ring_20260921_231413_5f03bb94
09-21 16:14:13.990 27009 27009 D SurveyApp: Startup ring logs: enqueue requested (immediate).
09-21 16:14:13.990 27009 27009 D SurveyApp: WorkManager available. where=enqueuePending(immediate) took=0ms
09-21 16:14:13.990 27009 27009 D SurveyApp: CrashCapture pending uploads requested (immediate).
09-21 16:14:13.990 27009 27009 W SurveyApp: Deferred startup enqueues done: took=12ms
09-21 16:14:13.990 27009 27237 D CrashCapture: enqueuePendingCrashUploadsIfPossible enter where=SurveyApp:enqueuePending(immediate):bg pid=27009 thread=CrashCapture-Enqueue
09-21 16:14:14.027 27009 27219 D WM-SystemJobScheduler: Scheduling work ID 63eeb064-d4c8-4955-b69c-6c142a283602Job ID 8
