=== RuntimeLogStore Header ===
ts=2026-09-16T12:54:13.612Z
fileNameFormat=LEGACY
appId=com.negi.survey
versionName=0.0.1
versionCode=65
debug=false
device=samsung SM-S936B
sdk=35
pid=14825
==============================
2026-09-16T12:54:13.612Z I/RuntimeLogStore [rtlog-io] start: actor launched (fileNameFormat=LEGACY)
2026-09-16T12:54:13.611Z D/SurveyApp [main] attachBaseContext: pid=14825 process=com.negi.survey isMain=true sdk=35
2026-09-16T12:54:13.611Z D/SurveyApp [main] bootTiming: attachBaseContext total=4ms
2026-09-16T12:54:13.611Z D/SurveyApp [main] Skipping WorkManager init in attachBaseContext; will init lazily on first enqueue.
2026-09-16T12:54:13.611Z D/SurveyApp [main] CrashCapture installed: where=SurveyApp:attachBaseContext
2026-09-16T12:54:13.614Z I/RuntimeLogStore [main] start repair: ctx/dir refreshed
2026-09-16T12:54:13.614Z D/SurveyApp [main] bootTiming: RuntimeLogStore.start took=0ms
2026-09-16T12:54:13.614Z D/SurveyApp [main] bootTiming: AppRingLogStore.install took=0ms
2026-09-16T12:54:13.614Z D/SurveyApp [main] onCreate: pid=14825 process=com.negi.survey isMain=true sdk=35
2026-09-16T12:54:13.614Z D/SurveyApp [main] CrashCapture installed: where=SurveyApp:onCreate(rewrap)
2026-09-16T12:54:13.614Z D/SurveyApp [main] CrashCapture self-healing registered.
2026-09-16T12:54:13.614Z W/SurveyApp [main] Startup enqueues deferred: delay=2500ms (to reduce init contention)
2026-09-16T12:54:13.614Z D/SurveyApp [main] bootTiming: onCreate total=1ms
2026-09-16T12:54:16.114Z W/SurveyApp [main] Deferred startup enqueues begin...
2026-09-16T12:54:16.129Z D/SurveyApp [main] WorkManager available. where=startupRtLogs(immediate) took=14ms
2026-09-16T12:54:16.130Z D/SurveyApp [main] Startup runtime logs target -> owner=ishizuki-tech repo=SurveyExports branch=main base='/diagnostics/runtime_logs'
2026-09-16T12:54:16.134Z D/SurveyApp [main] Startup runtime logs: enqueue requested (immediate).
2026-09-16T12:54:16.134Z D/SurveyApp [main] WorkManager available. where=startupRingLogs(immediate) took=0ms
2026-09-16T12:54:16.134Z D/SurveyApp [main] Startup ring logs target -> owner=ishizuki-tech repo=SurveyExports branch=main base='/diagnostics/applog_ring'
2026-09-16T12:54:16.135Z D/SurveyApp [main] Startup ring logs: enqueue requested (immediate).
2026-09-16T12:54:16.135Z D/SurveyApp [main] WorkManager available. where=enqueuePending(immediate) took=0ms
2026-09-16T12:54:16.135Z D/SurveyApp [main] CrashCapture pending uploads requested (immediate).
2026-09-16T12:54:16.135Z W/SurveyApp [main] Deferred startup enqueues done: took=21ms
2026-09-16T12:54:17.378Z I/RuntimeLogStore [DefaultDispatcher-worker-2] start repair: ctx/dir refreshed
