=== RuntimeLogStore Header ===
ts=2026-09-09T01:19:30.490Z
fileNameFormat=LEGACY
appId=com.negi.survey
versionName=0.0.1
versionCode=1
debug=true
device=Google Pixel 9a
sdk=36
pid=24082
==============================
2026-09-09T01:19:30.491Z I/RuntimeLogStore [rtlog-io] --- rotated (reason=plain_snapshot:receiver_boot_completed) ---
2026-09-09T01:19:31.413Z W/SurveyApp [main] Deferred startup enqueues begin...
2026-09-09T01:19:31.414Z D/SurveyApp [main] WorkManager available. where=startupRtLogs(immediate) took=0ms
2026-09-09T01:19:31.423Z D/SurveyApp [main] Startup runtime logs target -> owner=ishizuki-tech repo=SurveyExports branch=main base='/diagnostics/runtime_logs'
2026-09-09T01:19:31.429Z D/SurveyApp [main] Startup runtime logs: enqueue requested (immediate).
2026-09-09T01:19:31.429Z D/SurveyApp [main] WorkManager available. where=startupRingLogs(immediate) took=0ms
2026-09-09T01:19:31.431Z D/SurveyApp [main] Startup ring logs target -> owner=ishizuki-tech repo=SurveyExports branch=main base='/diagnostics/applog_ring'
2026-09-09T01:19:31.432Z D/SurveyApp [main] Startup ring logs: enqueue requested (immediate).
2026-09-09T01:19:31.433Z D/SurveyApp [main] WorkManager available. where=enqueuePending(immediate) took=0ms
2026-09-09T01:19:31.433Z D/SurveyApp [main] CrashCapture pending uploads requested (immediate).
2026-09-09T01:19:31.434Z W/SurveyApp [main] Deferred startup enqueues done: took=21ms
2026-09-09T01:19:36.912Z W/LiteRtLM [DefaultDispatcher-worker-2] Engine.initialize completed: key='gemma-3n-E4B-it|/data/user/0/com.negi.survey/files/models/gemma-3n-E4B-it-int4.litertlm' backend=com.google.ai.edge.litertlm.Backend$GPU@701c0ca took=7007ms cacheFilesAfter=2
2026-09-09T01:19:36.929Z D/LiteRtLM [DefaultDispatcher-worker-2] createConversation completed: key='gemma-3n-E4B-it|/data/user/0/com.negi.survey/files/models/gemma-3n-E4B-it-int4.litertlm' took=17ms
2026-09-09T01:19:36.930Z D/LiteRtLM [DefaultDispatcher-worker-2] LiteRT-LM initialization succeeded: model='gemma-3n-E4B-it', key='gemma-3n-E4B-it|/data/user/0/com.negi.survey/files/models/gemma-3n-E4B-it-int4.litertlm' engineMs=7007 conversationMs=17 totalMs=7029
2026-09-09T01:19:36.932Z D/AiTrace [Instr: androidx.test.runner.AndroidJUnitRunner] Installed (enabled=true ringEnabled=true)
2026-09-09T01:19:37.021Z D/SurveyVM [main] init -> Start, session=0, uuid=b5a64d40-8bb1-471a-a7a1-b827c6884f0c, navSize=1, graphSize=20
2026-09-09T01:19:37.025Z D/SurveyVM [main] config.validate -> issues=0
2026-09-09T01:19:37.025Z D/SurveyVM [main] promptSources -> legacy=10, eval=0, follow=0
2026-09-09T01:19:37.025Z D/SurveyVM [main] promptSources.preview -> legacy=[Q10, Q11, Q12, Q13, Q14, Q15, Q16, Q17, Q8, Q9], eval=[], follow=[]
2026-09-09T01:19:37.026Z D/SurveyVM [main] hasTwoStepPrompt[Q10] -> true (eval=195, fu=220)
2026-09-09T01:19:37.026Z D/SurveyVM [main] hasTwoStepPrompt[Q11] -> true (eval=219, fu=244)
2026-09-09T01:19:37.026Z D/SurveyVM [main] hasTwoStepPrompt[Q12] -> true (eval=229, fu=254)
2026-09-09T01:19:37.026Z D/SurveyVM [main] hasTwoStepPrompt[Q13] -> true (eval=184, fu=209)
2026-09-09T01:19:37.026Z D/SurveyVM [main] hasTwoStepPrompt[Q14] -> true (eval=221, fu=246)
2026-09-09T01:19:37.026Z D/SurveyVM [main] hasTwoStepPrompt[Q15] -> true (eval=160, fu=185)
2026-09-09T01:19:37.026Z D/SurveyVM [main] hasTwoStepPrompt[Q16] -> true (eval=185, fu=210)
2026-09-09T01:19:37.026Z D/SurveyVM [main] hasTwoStepPrompt[Q17] -> true (eval=200, fu=225)
2026-09-09T01:19:37.026Z D/SurveyVM [main] hasTwoStepPrompt[Q8] -> true (eval=214, fu=239)
2026-09-09T01:19:37.026Z D/SurveyVM [main] hasTwoStepPrompt[Q9] -> true (eval=190, fu=215)
2026-09-09T01:19:37.026Z D/SurveyVM [main] AI prompt coverage OK (aiCount=10)
2026-09-09T01:19:37.036Z D/SurveyVM [main] hasTwoStepPrompt[Q8] -> true (eval=214, fu=239)
2026-09-09T01:19:37.452Z D/SurveyVM [main] resetAudioRefs -> cleared
2026-09-09T01:19:37.452Z D/SurveyVM [main] resetNavToStart -> key=com.negi.survey.vm.FlowHome@94ed2f1, navSize=1
2026-09-09T01:19:37.453Z D/SurveyVM [main] resetToStart -> Start, session=1, uuid=382be828-e53f-4875-9c98-f9f1937d1d17, preserveDraft=false, draftLen=0
2026-09-09T01:19:37.453Z D/SurveyVM [main] activateRunIfNeeded(goto:Q8) -> runNoteLen=0, draftCleared=true, uuid=382be828-e53f-4875-9c98-f9f1937d1d17
2026-09-09T01:19:37.453Z D/SurveyVM [main] push -> Q8, navSize=2, stackSize=2
2026-09-09T01:19:37.456Z D/SurveyVM [main] hasTwoStepPrompt[Q8] -> true (eval=214, fu=239)
2026-09-09T01:19:37.485Z D/SurveyVM [Instr: androidx.test.runner.AndroidJUnitRunner] hasTwoStepPrompt[Q8] -> true (eval=214, fu=239)
2026-09-09T01:19:38.034Z D/SurveyVM [main] getEvalPrompt[Q8] -> len=277
2026-09-09T01:19:38.041Z D/AiViewModel [DefaultDispatcher-worker-4] run[1]: mode=EVAL_JSON phase=EVAL commit=true prompt.len=276, fullPrompt.len=1601, timeoutMs=60000
2026-09-09T01:19:38.047Z D/AiViewModel [DefaultDispatcher-worker-4] run[1]: sha(prompt)=71bc6dd33f3e076ee455cfa87881cd1835758afe822c312a1d0b5e53bf11c5d3 sha(full)=555c5651d3ba844800124d471672f546b8f56067b347e91a55fce45294eb326e
2026-09-09T01:19:38.048Z I/FullPromptReview [DefaultDispatcher-worker-4] [part=000] run[1]: phase=EVAL FullPrompt
Evaluate only the original survey target using all supplied answers.
Return only compact JSON {"score":N,"missing_points":[],"followup_needed":false}. N must be an integer 1-100 for relevance, completeness and accuracy against the original target. Evaluate the original answer and all answered followup pairs together. Separate relevance from completeness. An answer can discuss the right topic but still be incomplete. Score 90-100 only when the respondent explicitly provides every material component requested by the Expected answer target and Question. Do not infer missing details from general knowledge, plausibility, or a bare statement that an event occurred. A concise answer may be complete. A verbose or relevant answer that omits any material requested component must score below 90. For example, saying that an event occurred without describing its requested effect is incomplete. For any score below 90, missing_points must contain the specific missing or ambiguous target-required information and followup_needed must be true. Otherwise missing_points is empty and followup_needed is false. Do not generate a question. Do not penalize style or request information outside the target. Write missing_points in English.
Keep missing_points concise.
One JSON object only; no markdown or generated question.
INPUT:
Expected answer target: Whether FAW affected the crop, and if so, a description of the effect (yield loss, damage type, etc.).
Question: Has fall armyworm ever affected your maize? If yes, how did it affect your crop?
Original answer: Yes—leaf damage.
Answered followup pairs:
2026-09-09T01:19:38.055Z D/LiteRtRepository [DefaultDispatcher-worker-4] [1] request start model='gemma-3n-E4B-it' prompt.len=1601 sha=555c5651d3ba8448 gateWaitMs=5
2026-09-09T01:19:38.055Z D/LiteRtRepository [DefaultDispatcher-worker-4] [part=000] [1] PROMPT (FULL) sha=555c5651d3ba8448
Evaluate only the original survey target using all supplied answers.
Return only compact JSON {"score":N,"missing_points":[],"followup_needed":false}. N must be an integer 1-100 for relevance, completeness and accuracy against the original target. Evaluate the original answer and all answered followup pairs together. Separate relevance from completeness. An answer can discuss the right topic but still be incomplete. Score 90-100 only when the respondent explicitly provides every material component requested by the Expected answer target and Question. Do not infer missing details from general knowledge, plausibility, or a bare statement that an event occurred. A concise answer may be complete. A verbose or relevant answer that omits any material requested component must score below 90. For example, saying that an event occurred without describing its requested effect is incomplete. For any score below 90, missing_points must contain the specific missing or ambiguous target-required information and followup_needed must be true. Otherwise missing_points is empty and followup_needed is false. Do not generate a question. Do not penalize style or request information outside the target. Write missing_points in English.
Keep missing_points concise.
One JSON object only; no markdown or generated question.
INPUT:
Expected answer target: Whether FAW affected the crop, and if so, a description of the effect (yield loss, damage type, etc.).
Question: Has fall armyworm ever affected your maize? If yes, how did it affect your crop?
Original answer: Yes—leaf damage.
Answered followup pairs:
2026-09-09T01:19:38.060Z D/SLM [slm-jni] initializeIfNeeded: model='gemma-3n-E4B-it' image=false audio=false
2026-09-09T01:19:38.061Z D/LiteRtLM [slm-jni] initializeIfNeeded: warm runtime already ready: key='gemma-3n-E4B-it|/data/user/0/com.negi.survey/files/models/gemma-3n-E4B-it-int4.litertlm'
2026-09-09T01:19:38.061Z D/LiteRtRepository [DefaultDispatcher-worker-4] [1] initializeIfNeeded ok initMs=6
2026-09-09T01:19:38.063Z D/SLM [slm-jni] runInference: model='gemma-3n-E4B-it' textLen=1601 images=0 audio=0
2026-09-09T01:19:38.071Z D/LiteRtLM [DefaultDispatcher-worker-14] state[run:start] key='gemma-3n-E4B-it|/data/user/0/com.negi.survey/files/models/gemma-3n-E4B-it-int4.litertlm' runId=1 active=true terminated=false logicalDone=false cancel=false pendingCancel=false lastMsgAt=2197490550 lastTermAt=0
2026-09-09T01:19:38.072Z D/LiteRtLM [DefaultDispatcher-worker-14] runInference start: key='gemma-3n-E4B-it|/data/user/0/com.negi.survey/files/models/gemma-3n-E4B-it-int4.litertlm' runId=1 hasText=true originalTextLen=1601 effectiveTextLen=1601 images=0 audioClips=0
2026-09-09T01:19:38.074Z D/LiteRtLM [DefaultDispatcher-worker-14] LiteRT-LM sendMessageAsync(text): key='gemma-3n-E4B-it|/data/user/0/com.negi.survey/files/models/gemma-3n-E4B-it-int4.litertlm' runId=1 len=1601 maxOutputTokens=64
2026-09-09T01:19:38.113Z D/LiteRtLM [DefaultDispatcher-worker-14] sendMessageAsync accepted: key='gemma-3n-E4B-it|/data/user/0/com.negi.survey/files/models/gemma-3n-E4B-it-int4.litertlm' runId=1 dispatchMs=40
2026-09-09T01:19:42.180Z W/LiteRtLM [Thread-19] Inference first output: key='gemma-3n-E4B-it|/data/user/0/com.negi.survey/files/models/gemma-3n-E4B-it-int4.litertlm' runId=1 ttftMs=4107 dispatchMs=40 postDispatchTtftMs=4067 requestToFirstOutputMs=4115
2026-09-09T01:19:42.180Z D/LiteRtLM [Thread-19] stream[key=gemma-3n-E4B-it|/data/user/0/com.negi.survey/files/models/gemma-3n-E4B-it-int4.litertlm runId=1] msg#1 rawChunkLen=2 deltaLen=2 emittedChars=2
2026-09-09T01:19:42.182Z D/LiteRtRepository [main] stream[rid=1 msg#1] done=false deltaLen=2 outLen=2 outPreview='{"' deltaPreview='{"'
2026-09-09T01:19:42.182Z D/AiViewModel [DefaultDispatcher-worker-8] run[1] chunk[1].preview='{"'
2026-09-09T01:19:42.357Z D/AiViewModel [DefaultDispatcher-worker-4] run[1] chunk[2].preview='score'
2026-09-09T01:19:42.514Z D/AiViewModel [DefaultDispatcher-worker-4] run[1] chunk[3].preview='":'
2026-09-09T01:19:42.679Z D/AiViewModel [DefaultDispatcher-worker-8] run[1] chunk[4].preview='9'
2026-09-09T01:19:42.828Z D/AiViewModel [DefaultDispatcher-worker-10] run[1] chunk[5].preview='0'
2026-09-09T01:19:42.984Z D/AiViewModel [DefaultDispatcher-worker-10] run[1] chunk[6].preview=',"'
2026-09-09T01:19:43.139Z D/AiViewModel [DefaultDispatcher-worker-10] run[1] chunk[7].preview='missing'
2026-09-09T01:19:43.296Z D/LiteRtRepository [main] stream[rid=1 msg#8] done=false deltaLen=1 outLen=21 outPreview='{"score":90,"missing_' deltaPreview='_'
2026-09-09T01:19:43.296Z D/AiViewModel [DefaultDispatcher-worker-10] run[1] chunk[8].preview='_'
2026-09-09T01:19:43.456Z D/AiViewModel [DefaultDispatcher-worker-10] run[1] chunk[9].preview='points'
2026-09-09T01:19:43.611Z D/AiViewModel [DefaultDispatcher-worker-10] run[1] chunk[10].preview='":["'
2026-09-09T01:19:43.797Z D/AiViewModel [DefaultDispatcher-worker-8] run[1] chunk[11].preview='yield'
2026-09-09T01:19:43.955Z D/AiViewModel [DefaultDispatcher-worker-8] run[1] chunk[12].preview='␠loss'
2026-09-09T01:19:44.114Z D/AiViewModel [DefaultDispatcher-worker-8] run[1] chunk[13].preview='"],'
2026-09-09T01:19:44.273Z D/AiViewModel [DefaultDispatcher-worker-8] run[1] chunk[14].preview='␠"'
2026-09-09T01:19:44.428Z D/AiViewModel [DefaultDispatcher-worker-8] run[1] chunk[15].preview='follow'
2026-09-09T01:19:44.584Z D/LiteRtLM [Thread-34] stream[key=gemma-3n-E4B-it|/data/user/0/com.negi.survey/files/models/gemma-3n-E4B-it-int4.litertlm runId=1] msg#16 rawChunkLen=2 deltaLen=2 emittedChars=54
2026-09-09T01:19:44.586Z D/AiViewModel [DefaultDispatcher-worker-8] run[1] chunk[16].preview='up'
2026-09-09T01:19:44.586Z D/LiteRtRepository [main] stream[rid=1 msg#16] done=false deltaLen=2 outLen=54 outPreview='{"score":90,"missing_points":["yield loss"], "followup' deltaPreview='up'
2026-09-09T01:19:44.747Z D/AiViewModel [DefaultDispatcher-worker-10] run[1] chunk[17].preview='_'
2026-09-09T01:19:44.904Z D/AiViewModel [DefaultDispatcher-worker-10] run[1] chunk[18].preview='needed'
2026-09-09T01:19:45.059Z D/AiViewModel [DefaultDispatcher-worker-10] run[1] chunk[19].preview='":'
2026-09-09T01:19:45.212Z D/AiViewModel [DefaultDispatcher-worker-10] run[1] chunk[20].preview='false'
2026-09-09T01:19:45.369Z D/AiViewModel [DefaultDispatcher-worker-10] run[1] chunk[21].preview='}'
2026-09-09T01:19:45.522Z D/AiViewModel [DefaultDispatcher-worker-10] run[1] chunk[22].preview='↩'
2026-09-09T01:19:45.678Z D/LiteRtLM [Thread-41] state[logicalDone] key='gemma-3n-E4B-it|/data/user/0/com.negi.survey/files/models/gemma-3n-E4B-it-int4.litertlm' runId=1 active=true terminated=true logicalDone=true cancel=false pendingCancel=false lastMsgAt=2197498000 lastTermAt=2197498158
2026-09-09T01:19:45.679Z D/LiteRtLM [Thread-41] state[nativeDone:beforeRelease] key='gemma-3n-E4B-it|/data/user/0/com.negi.survey/files/models/gemma-3n-E4B-it-int4.litertlm' runId=1 active=true terminated=true logicalDone=true cancel=false pendingCancel=false lastMsgAt=2197498000 lastTermAt=2197498158
2026-09-09T01:19:45.679Z W/LiteRtLM [Thread-41] Inference timing: key='gemma-3n-E4B-it|/data/user/0/com.negi.survey/files/models/gemma-3n-E4B-it-int4.litertlm' runId=1 ttftMs=4107 dispatchMs=40 postDispatchTtftMs=4067 totalMs=7606 callbacks=22 outputChars=70 cancelled=false error=false requestTotalMs=7614
