=== Previous Session Logcat ===
captured_time_utc=20260922_130238
captured_time_local=20260922_060238
marker=2026-09-16 17:28:57.527
preferred_prev_pid=5835
note=best-effort; buffers may be overwritten before next start
sdk=36
device=samsung SM-S931U1
appId=com.negi.survey
versionName=0.0.1
versionCode=68

=== Logcat (since marker) ===
--------- beginning of main
09-22 06:02:36.313 11480 11480 I Zygote  : Process 11480 created for com.negi.survey
09-22 06:02:36.313 11480 11480 I com.negi.survey: Using generational CollectorTypeCMC GC.
09-22 06:02:36.317 11480 11480 D nativeloader: Load libframework-connectivity-tiramisu-jni.so using APEX ns com_android_tethering for caller /apex/com.android.tethering/javalib/framework-connectivity-t.jar: ok
09-22 06:02:36.318 11480 11480 D ActivityThread: setConscryptValidator
09-22 06:02:36.318 11480 11480 D ActivityThread: setConscryptValidator - put
09-22 06:02:36.325 11480 11480 D ApplicationLoaders: Returning zygote-cached class loader: /system_ext/framework/androidx.window.extensions.jar
09-22 06:02:36.325 11480 11480 D ApplicationLoaders: Returning zygote-cached class loader: /system_ext/framework/androidx.window.sidecar.jar
09-22 06:02:36.333 11480 11480 I com.negi.survey: Could not load runtime generated app image: Boot image checksum mismatch (0x69f04087 != 0x044c3b9b) in image /data/user/0/com.negi.survey/cache/oat_primary/arm64/base.art
09-22 06:02:36.357 11480 11480 D nativeloader: Configuring clns-9 for other apk /data/app/~~Lx_XOtIAmq8pK92QoeD2mw==/com.negi.survey-lBoO5hBd_PKqI3yzrEMOmA==/base.apk. target_sdk_version=36, uses_libraries=libOpenCL.so, library_path=/data/app/~~Lx_XOtIAmq8pK92QoeD2mw==/com.negi.survey-lBoO5hBd_PKqI3yzrEMOmA==/lib/arm64:/data/app/~~Lx_XOtIAmq8pK92QoeD2mw==/com.negi.survey-lBoO5hBd_PKqI3yzrEMOmA==/base.apk!/lib/arm64-v8a, permitted_path=/data:/mnt/expand:/data/user/0/com.negi.survey
09-22 06:02:36.361 11480 11480 V GraphicsEnvironment: Currently set values for:
09-22 06:02:36.361 11480 11480 V GraphicsEnvironment:   angle_gl_driver_selection_pkgs=[]
09-22 06:02:36.361 11480 11480 V GraphicsEnvironment:   angle_gl_driver_selection_values=[]
09-22 06:02:36.361 11480 11480 V GraphicsEnvironment: com.negi.survey is not listed in per-application setting
09-22 06:02:36.361 11480 11480 V GraphicsEnvironment: ANGLE allowlist from config: com.dreamgames.royalmatch com.dts.freefiremax com.dxx.firenow com.gramgames.mergedragons com.ludo.king com.mojang.minecraftpe com.my.defense com.nintendo.zaka com.os.airforce com.playrix.fishdomdd.gplay io.teslatech.callbreak jp.konami.prospia net.peakgames.toonblast
09-22 06:02:36.361 11480 11480 V GraphicsEnvironment: No special selections for ANGLE, returning default driver choice
09-22 06:02:36.361 11480 11480 V GraphicsEnvironment: App is not on the allowlist for updatable production driver.
09-22 06:02:36.377 11480 11480 D nativeloader: Load /data/app/~~Lx_XOtIAmq8pK92QoeD2mw==/com.negi.survey-lBoO5hBd_PKqI3yzrEMOmA==/base.apk!/lib/arm64-v8a/liblitertlm_jni.so using class loader ns clns-9 (caller=/data/app/~~Lx_XOtIAmq8pK92QoeD2mw==/com.negi.survey-lBoO5hBd_PKqI3yzrEMOmA==/base.apk!classes4.dex): ok
09-22 06:02:36.377 11480 11480 D SurveyApp: Loaded LiteRTLM JNI: litertlm_jni where=attachBaseContext
09-22 06:02:36.380 11480 11480 D AppRingLogStore: installed: dir=/data/user/0/com.negi.survey/files/diagnostics/applog_ring idx=0
09-22 06:02:36.380 11480 11480 D CrashCapture: install: ensured default handler. where=SurveyApp:attachBaseContext pid=11480 default=com.negi.survey.CrashCapture$CrashHandler@2b3d8dc
09-22 06:02:36.386 11480 11480 D SurveyApp: LiteRTLM JNI already loaded; skip. where=onCreate(retry)
09-22 06:02:36.386 11480 11480 D CrashCapture: install: ensured default handler. where=SurveyApp:onCreate(rewrap) pid=11480 default=com.negi.survey.CrashCapture$CrashHandler@2b3d8dc
09-22 06:02:36.386 11480 11480 D CrashCapture: registerSelfHealing: ActivityLifecycleCallbacks registered. mode=onResumedOnly
09-22 06:02:36.393 11480 11517 D RuntimeLogStore: openWriter: start -> /data/user/0/com.negi.survey/files/diagnostics/runtime_logs/rtlog_20260922_130236_393_pid11480_seq1.log (bytes=0 format=LEGACY)
09-22 06:02:36.395 11480 11517 D RuntimeLogStore: retention: start files=2 kept=2 totalBytes=58873
--------- beginning of system
09-22 06:02:36.399 11480 11480 D ActivityThread: com.negi.survey will use render engine as VK
09-22 06:02:36.399 11480 11480 D HWUI    : HWUI - treat SMPTE_170M as sRGB
09-22 06:02:36.399 11480 11531 I DisplayManager: Choreographer implicitly registered for the refresh rate.
09-22 06:02:36.402 11480 11531 D HWUI    : CacheManager constructor. deviceInfo=(1080, 1920)
09-22 06:02:36.402 11480 11531 D vulkan  : searching for layers in '/data/app/~~Lx_XOtIAmq8pK92QoeD2mw==/com.negi.survey-lBoO5hBd_PKqI3yzrEMOmA==/lib/arm64'
09-22 06:02:36.402 11480 11531 D vulkan  : searching for layers in '/data/app/~~Lx_XOtIAmq8pK92QoeD2mw==/com.negi.survey-lBoO5hBd_PKqI3yzrEMOmA==/base.apk!/lib/arm64-v8a'
09-22 06:02:36.405 11480 11480 D DesktopExperienceFlags: Toggle override initialized to: false
09-22 06:02:36.408 11480 11480 E ashmem  : Pinning is deprecated since Android Q. Please use trim or other methods.
09-22 06:02:36.410 11480 11480 D CompatChangeReporter: Compat change id reported: 377864165; UID 10415; state: ENABLED
09-22 06:02:36.410 11480 11480 D DesktopModeFlags: Toggle override initialized to: OVERRIDE_UNSET
09-22 06:02:36.411 11480 11480 I DecorView: setWindowBackground: isPopOver=false color=fffafafa d=android.graphics.drawable.ColorDrawable@7299b4b
09-22 06:02:36.411 11480 11480 D PhoneWindow: forceLight changed to false [] from com.android.internal.policy.PhoneWindow.updateForceLightNavigationBar:663 com.android.internal.policy.PhoneWindow.setNavigationBarColor:4435 androidx.activity.EdgeToEdgeApi35.setUp:353 androidx.activity.EdgeToEdge.enableEdgeToEdge$lambda$1:101 androidx.activity.EdgeToEdge$$ExternalSyntheticLambda0.run:0 
09-22 06:02:36.412 11480 11531 E Adreno-AppProfiles: QSPM AIDL service doesn't exist
09-22 06:02:36.412 11480 11531 I AdrenoVK-0: ===== BEGIN DUMP OF OVERRIDDEN SETTINGS =====
09-22 06:02:36.412 11480 11531 I AdrenoVK-0: ===== END DUMP OF OVERRIDDEN SETTINGS =====
09-22 06:02:36.414 11480 11531 D qdgralloc: Fetching IMapper5 from QtiMapper5
09-22 06:02:36.415 11480 11480 D CrashCapture: install: ensured default handler. where=selfHeal:onActivityResumed pid=11480 default=com.negi.survey.CrashCapture$CrashHandler@2b3d8dc
09-22 06:02:36.417 11480 11480 D ViewRootImpl: desktopMode is false
09-22 06:02:36.418 11480 11480 I ViewRootImpl: dVRR is disabled
09-22 06:02:36.418 11480 11480 D HardwareRenderer: onDisplayChanged. displayId=0 current wxh=1080x2340 mLargest wxh=0x0
09-22 06:02:36.418 11480 11531 I SnapAlloc: Graphics lib is available
09-22 06:02:36.418 11480 11480 D HardwareRenderer: Set largestWidth and largestHeight as logical resolution. (1080x2340)
09-22 06:02:36.420 11480 11544 D qdgralloc: Fetching IMapper5 from QtiMapper5
09-22 06:02:36.421 11480 11531 I Adreno-UNKNOWN: Using previously loaded IMapper library.
09-22 06:02:36.423 11480 11531 I AdrenoVK-0: QUALCOMM build          : f61dec9117, I68b0a64d7e
09-22 06:02:36.423 11480 11531 I AdrenoVK-0: Build Date              : 03/26/26
09-22 06:02:36.423 11480 11531 I AdrenoVK-0: Shader Compiler Version : E031.47.18.50
09-22 06:02:36.423 11480 11531 I AdrenoVK-0: Local Branch            : 
09-22 06:02:36.423 11480 11531 I AdrenoVK-0: Remote Branch           : refs/tags/AU_LINUX_ANDROID_LA.VENDOR.15.4.0.11.00.00.1088.862
09-22 06:02:36.423 11480 11531 I AdrenoVK-0: Remote Branch           : NONE
09-22 06:02:36.423 11480 11531 I AdrenoVK-0: Reconstruct Branch      : NOTHING
09-22 06:02:36.423 11480 11531 I AdrenoVK-0: Build Config            : S P 18.0.0 AArch64
09-22 06:02:36.423 11480 11531 I AdrenoVK-0: Driver Path             : /vendor/lib64/hw/vulkan.adreno.so
09-22 06:02:36.423 11480 11531 I AdrenoVK-0: Driver Version          : 0800.64.7
09-22 06:02:36.423 11480 11531 I AdrenoVK-0: PFP                     : 0x01500077
09-22 06:02:36.423 11480 11531 I AdrenoVK-0: ME                      : 0x01500014
09-22 06:02:36.423 11480 11531 I AdrenoVK-0: Application Name    : android framework
09-22 06:02:36.423 11480 11531 I AdrenoVK-0: Process Name        : com.negi.survey
09-22 06:02:36.423 11480 11531 I AdrenoVK-0: Application Version : 0x00000000
09-22 06:02:36.423 11480 11531 I AdrenoVK-0: Engine Name         : android framework
09-22 06:02:36.423 11480 11531 I AdrenoVK-0: Engine Version      : 0x00000000
09-22 06:02:36.423 11480 11531 I AdrenoVK-0: Api Version         : 0x00401000
09-22 06:02:36.430 11480 11531 D HWUI    : setMaxSurfaceArea requested wxh=(1080,2340) requestedSurfaceArea(2527200) mMaxSurfaceArea(2073600)
09-22 06:02:36.430 11480 11531 D NativeCustomFrequencyManager: [NativeCFMS] BpCustomFrequencyManager::BpCustomFrequencyManager()
09-22 06:02:36.432 11480 11480 D InputTransport: Input channel constructed: '8e44b65', fd=110
09-22 06:02:36.432 11480 11480 I InsetsController: onStateChanged: host=com.negi.survey/com.negi.survey.MainActivity, from=android.view.ViewRootImpl.onInsetsStateChanged:3038, state=InsetsState: {mDisplayFrame=Rect(0, 0 - 1080, 2340), mDisplayCutout=DisplayCutout{insets=Rect(0, 103 - 0, 0) waterfall=Insets{left=0, top=0, right=0, bottom=0} boundingRect={Bounds=[Rect(0, 0 - 0, 0), Rect(511, 0 - 569, 103), Rect(0, 0 - 0, 0), Rect(0, 0 - 0, 0)]} cutoutPathParserInfo={CutoutPathParserInfo{displayWidth=1080 displayHeight=2340 physicalDisplayWidth=1080 physicalDisplayHeight=2340 density={3.0} cutoutSpec={M 0,0 H -9.666666666666667 V 34.33333333333333 H 9.666666666666667 V 0 H 0 Z @dp} rotation={0} scale={1.0} physicalPixelDisplaySizeRatio={1.0}}} sideOverrides={}}, mRoundedCorners=RoundedCorners{[RoundedCorner{position=TopLeft, radius=102, center=Point(102, 102)}, RoundedCorner{position=TopRight, radius=102, center=Point(978, 102)}, RoundedCorner{position=BottomRight, radius=102, center=Point(978, 2238)}, RoundedCorner{position=BottomLeft, radius=102, center=Point(102, 2238)}]}  mRoundedCornerFrame=Rect(0, 0 - 1080, 2340), mPrivacyIndicatorBounds=PrivacyIndicatorBounds {static bounds=Rect(948, 0 - 1080, 103) rotation=0}, mDisplayShape=DisplayShape{ spec=-311912193 displayWidth=1080 displayHeight=2340 physicalPixelDisplaySizeRatio=1.0 rotation=0 offsetX=0 offsetY=0 scale=1.0}, mSources= { InsetsSource: {cafc0000 mType=statusBars mFrame=[0,0][1080,103] mAttachedInsets=null mVisible=true mFlags= mSideHint=TOP mBoundingRects=null}, InsetsSource: {cafc0005 mType=mandatorySystemGestures mFrame=[0,0][1080,139] mAttachedInsets=null mVisible=true mFlags= mSideHint=TOP mBoundingRects=null}, InsetsSource: {cafc0006 mType=tappableElement mFrame=[0,0][1080,103] mAttachedInsets=null mVisible=true mFlags= mSideHint=TOP mBoundingRects=null}, InsetsSource: {3 mType=ime mFrame=[0,0][0,0] mAttachedInsets=null mVisible=false mFlags=INVALID mSideHint=NONE mBoundingRects=null}, InsetsSource: {27 mType=displayCutout mFrame=[0,0][1080,103] mAttachedInsets=null mVisible=true mFlags= mSideHint=TOP mBoundingRects=null}, InsetsSource: {3c610001 mType=navigationBars mFrame=[0,2196][1080,2340] mAttachedInsets=null mVisible=true mFlags= mSideHint=BOTTOM mBoundingRects=null}, InsetsSource: {3c610004 mType=systemGestures mFrame=[0,0][0,0] mAttachedInsets=null mVisible=true mFlags= mSideHint=NONE mBoundingRects=null}, InsetsSource: {3c610005 mType=mandatorySystemGestures mFrame=[0,2196][1080,2340] mAttachedInsets=null mVisible=true mFlags= mSideHint=BOTTOM mBoundingRects=null}, InsetsSource: {3c610006 mType=tappableElement mFrame=[0,2196][1080,2340] mAttachedInsets=null mVisible=true mFlags= mSideHint=BOTTOM mBoundingRects=null}, InsetsSource: {3c610024 mType=systemGestures mFrame=[0,0][0,0] mAttachedInsets=null mVisible=true mFlags= mSideHint=NONE mBoundingRects=null} }
09-22 06:02:36.433 11480 11480 I VRI[MainActivity]@cd187ff: synced displayState. AttachInfo displayState=2
09-22 06:02:36.433 11480 11480 I VRI[MainActivity]@cd187ff: setView = com.android.internal.policy.DecorView@1ba77f7 IsHRR=false mFlingFrameRateChange=0 TM=true
09-22 06:02:36.433 11480 11480 I IDS_TAG : Starting IDS observe window
09-22 06:02:36.433 11480 11480 I IDS_TAG : Getting Shared Preference for com.negi.survey.SurveyApp@8d310c uid = 10415
09-22 06:02:36.437 11480 11480 I IDS_TAG : App com.negi.survey.SurveyApp@8d310c has not finished training
09-22 06:02:36.437 11480 11480 I IDS_TAG : Closing IDS observe window
09-22 06:02:36.437 11480 11480 I IDS_TAG : Getting Shared Preference for com.negi.survey.SurveyApp@8d310c uid = 10415
09-22 06:02:36.437 11480 11480 I IDS_TAG : IDS count updated to 2 for com.negi.survey.SurveyApp@8d310c
09-22 06:02:36.437 11480 11480 D WindowOnBackDispatcher: setTopOnBackInvokedCallback (unwrapped): android.app.Activity$$ExternalSyntheticLambda0@82da4d0
09-22 06:02:36.462 11480 11480 D VRI[MainActivity]@cd187ff: WindowInsets changed: 1080x2340 statusBars:[0,103,0,0] navigationBars:[0,0,0,144] mandatorySystemGestures:[0,139,0,144] 
09-22 06:02:36.471 11480 11480 I HWUI    : Using FreeType backend (prop=Auto)
09-22 06:02:36.487 11480 11480 E BufferQueueProducer: Unable to open libpenguin.so: dlopen failed: library "libpenguin.so" not found.
09-22 06:02:36.487 11480 11480 E com.negi.survey: Unable to open libpenguin.so: dlopen failed: library "libpenguin.so" not found.
09-22 06:02:36.487 11480 11480 I BufferQueueProducer: [](id:2cd800000000,api:0,p:-1299809872,c:11480) setDequeueTimeout:2077252342
09-22 06:02:36.488 11480 11480 I BLASTBufferQueue_Java: new BLASTBufferQueue, mName= VRI[MainActivity]@cd187ff mNativeObject= 0xb400007c32846430 caller= android.view.ViewRootImpl.updateBlastSurfaceIfNeeded:3603 android.view.ViewRootImpl.relayoutWindow:11813 android.view.ViewRootImpl.performTraversals:4840 android.view.ViewRootImpl.doTraversal:3959 android.view.ViewRootImpl$TraversalRunnable.run:13034 android.view.Choreographer$CallbackRecord.run:1961 android.view.Choreographer$CallbackRecord.run:1970 android.view.Choreographer.doCallbacks:1423 android.view.Choreographer.doFrame:1348 android.view.Choreographer$FrameDisplayEventReceiver.run:1930 
09-22 06:02:36.488 11480 11480 I BLASTBufferQueue_Java: update, w= 1080 h= 2340 mName = VRI[MainActivity]@cd187ff mNativeObject= 0xb400007c32846430 sc.mNativeObject= 0xb400007bc284bc50 format= -1 caller= android.view.ViewRootImpl.updateBlastSurfaceIfNeeded:3608 android.view.ViewRootImpl.relayoutWindow:11813 android.view.ViewRootImpl.performTraversals:4840 android.view.ViewRootImpl.doTraversal:3959 android.view.ViewRootImpl$TraversalRunnable.run:13034 android.view.Choreographer$CallbackRecord.run:1961 
09-22 06:02:36.488 11480 11480 I VRI[MainActivity]@cd187ff: Relayout returned: old=(0,0,1080,2340) new=(0,0,1080,2340) relayoutAsync=false req=(1080,2340)0 dur=4 res=0x3 s={true 0xb400007c72863660} ch=true seqId=0
09-22 06:02:36.491 11480 11480 I VRI[MainActivity]@cd187ff: performConfigurationChange setNightDimText nightDimLevel=0
09-22 06:02:36.491 11480 11480 D VRI[MainActivity]@cd187ff: mThreadedRenderer.initialize() mSurface={isValid=true 0xb400007c72863660} hwInitialized=true
09-22 06:02:36.499 11480 11480 D VRI[MainActivity]@cd187ff: reportNextDraw android.view.ViewRootImpl.performTraversals:5507 android.view.ViewRootImpl.doTraversal:3959 android.view.ViewRootImpl$TraversalRunnable.run:13034 android.view.Choreographer$CallbackRecord.run:1961 android.view.Choreographer$CallbackRecord.run:1970 
09-22 06:02:36.499 11480 11480 D VRI[MainActivity]@cd187ff: Setup new sync=wmsSync-VRI[MainActivity]@cd187ff#0
09-22 06:02:36.499 11480 11480 I VRI[MainActivity]@cd187ff: Creating new active sync group VRI[MainActivity]@cd187ff#1
09-22 06:02:36.500 11480 11480 D VRI[MainActivity]@cd187ff: registerCallbacksForSync syncBuffer=false
09-22 06:02:36.503 11480 11480 I View    : setRequestedFrameRate frameRate=-4.0, this=android.view.View{881cdae V.ED..... ......I. 0,0-0,0}, caller=androidx.compose.ui.platform.Api35Impl.setRequestedFrameRate:4047 androidx.compose.ui.platform.AndroidComposeView.dispatchDraw:2282 android.view.View.draw:26758 android.view.View.updateDisplayListIfDirty:25577 android.view.View.draw:26477 
09-22 06:02:36.503 11480 11544 D VRI[MainActivity]@cd187ff: Received frameDrawingCallback syncResult=0 frameNum=1.
09-22 06:02:36.503 11480 11544 I VRI[MainActivity]@cd187ff: mWNT: t=0xb400007b9286ad30 mBlastBufferQueue=0xb400007c32846430 fn= 1 HdrRenderState mRenderHdrSdrRatio=1.0 caller= android.view.ViewRootImpl$12.onFrameDraw:15561 android.view.ThreadedRenderer$1.onFrameDraw:751 <bottom of call stack> 
09-22 06:02:36.503 11480 11544 I VRI[MainActivity]@cd187ff: Setting up sync and frameCommitCallback
09-22 06:02:36.511 11480 11531 I AdrenoUtils: <ReadGpuID:366>: Reading chip ID through GSL
09-22 06:02:36.519 11480 11531 I BLASTBufferQueue: [VRI[MainActivity]@cd187ff#0](f:0,a:0,s:0) onFrameAvailable the first frame is available
09-22 06:02:36.520 11480 11531 I SurfaceComposerClient: apply transaction with the first frame. layerId: 146, bufferData(ID: 49306224558083, frameNumber: 1)
09-22 06:02:36.520 11480 11531 I VRI[MainActivity]@cd187ff: Received frameCommittedCallback lastAttemptedDrawFrameNum=1 didProduceBuffer=true
09-22 06:02:36.520 11480 11531 D HWUI    : CFMS:: SetUp Pid : 11480    Tid : 11531
09-22 06:02:36.520 11480 11480 D VRI[MainActivity]@cd187ff: reportDrawFinished seqId=0
09-22 06:02:36.520 11480 11531 D HWUI    : HWUI - treat SMPTE_170M as sRGB
09-22 06:02:36.524 11480 11480 I View    : setRequestedFrameRate frameRate=NaN, this=android.view.View{881cdae V.ED..... ........ 0,0-0,0}, caller=androidx.compose.ui.platform.Api35Impl.setRequestedFrameRate:4047 androidx.compose.ui.platform.AndroidComposeView.dispatchDraw:2282 android.view.View.draw:26758 android.view.View.updateDisplayListIfDirty:25577 android.view.ViewGroup.recreateChildDisplayList:4881 
09-22 06:02:36.524 11480 11480 I InsetsSourceConsumer: applyRequestedVisibilityToControl: visible=true, type=navigationBars, host=com.negi.survey/com.negi.survey.MainActivity
09-22 06:02:36.525 11480 11480 I InsetsSourceConsumer: applyRequestedVisibilityToControl: visible=true, type=statusBars, host=com.negi.survey/com.negi.survey.MainActivity
09-22 06:02:36.526 11480 11577 D UploadRescheduleRcvr: No GitHub pending files for action=android.intent.action.BOOT_COMPLETED
09-22 06:02:36.541 11480 11480 D VRI[MainActivity]@cd187ff: mThreadedRenderer.initializeIfNeeded()#2 mSurface={isValid=true 0xb400007c72863660}
09-22 06:02:36.541 11480 11480 D InputMethodManagerUtils: startInputInner - Id : 0
09-22 06:02:36.541 11480 11480 I InputMethodManager: startInputInner - IInputMethodManagerGlobalInvoker.startInputOrWindowGainedFocus
09-22 06:02:36.546 11480 11480 D InsetsController: hide(ime())
09-22 06:02:36.546 11480 11480 I ImeTracker: com.negi.survey:9114ddcb: onCancelled at PHASE_CLIENT_ALREADY_HIDDEN
09-22 06:02:36.551 11480 11490 D InputTransport: Input channel constructed: 'ClientS', fd=145
09-22 06:02:36.559 11480 11577 D github_upload: enqueueStartupRuntimeLogsUpload: uniqueName=upload_runtime_logs_startup policy=KEEP session=startup_runtime_20260922_130236_5f88dcf2
09-22 06:02:36.571 11480 11577 D WM-PackageManagerHelper: Skipping component enablement for androidx.work.impl.background.systemjob.SystemJobService
09-22 06:02:36.571 11480 11577 D WM-Schedulers: Created SystemJobScheduler and enabled SystemJobService
09-22 06:02:36.573 11480 11603 D WM-ForceStopRunnable: Is default app process = true
09-22 06:02:36.574 11480 11603 D WM-ForceStopRunnable: Performing cleanup operations.
09-22 06:02:36.574 11480 11480 D IntroScreen: Resolved config details: id=survey_config10.yaml in 53ms
09-22 06:02:36.575 11480 11577 D UploadRescheduleRcvr: Enqueued runtime logs upload for action=android.intent.action.BOOT_COMPLETED reason=receiver_boot_completed
09-22 06:02:36.587 11480 11480 I View    : setRequestedFrameRate frameRate=-4.0, this=android.view.View{881cdae V.ED..... ........ 0,0-0,0}, caller=androidx.compose.ui.platform.Api35Impl.setRequestedFrameRate:4047 androidx.compose.ui.platform.AndroidComposeView.dispatchDraw:2282 android.view.View.draw:26758 android.view.View.updateDisplayListIfDirty:25577 android.view.ViewGroup.recreateChildDisplayList:4881 
09-22 06:02:36.604 11480 11611 D WM-SystemJobScheduler: Scheduling work ID 8a06dd5c-7d75-42dd-b51d-aa0c3258c589Job ID 16
09-22 06:02:36.619 11480 11611 D WM-GreedyScheduler: Starting tracking for 8a06dd5c-7d75-42dd-b51d-aa0c3258c589
09-22 06:02:36.624 11480 11621 D WM-WorkConstraintsTrack: NetworkRequestConstraintController register shared callback
09-22 06:02:36.624 11480 11621 D ConnectivityManager: StackLog: [android.net.ConnectivityManager.sendRequestForNetwork(ConnectivityManager.java:4744)] [android.net.ConnectivityManager.registerDefaultNetworkCallbackForUid(ConnectivityManager.java:5469)] [android.net.ConnectivityManager.registerDefaultNetworkCallback(ConnectivityManager.java:5436)] [android.net.ConnectivityManager.registerDefaultNetworkCallback(ConnectivityManager.java:5410)] [androidx.work.impl.constraints.SharedNetworkCallback.addCallback(WorkConstraintsTracker.kt:362)] [androidx.work.impl.constraints.NetworkRequestConstraintController$track$1.invokeSuspend(WorkConstraintsTracker.kt:179)] [androidx.work.impl.constraints.NetworkRequestConstraintController$track$1.invoke(WorkConstraintsTracker.kt:8)] [androidx.work.impl.constraints.NetworkRequestConstraintController$track$1.invoke(WorkConstraintsTracker.kt:4)] [kotlinx.coroutines.flow.ChannelFlowBuilder.collectTo$suspendImpl(Builders.kt:316)] [kotlinx.coroutines.flow.ChannelFlowBuilder.collectTo(Builders.kt:0)] [kotlinx.coroutines.flow.CallbackFlowBuilder.collectTo(Builders.kt:330)] [kotlinx.coroutines.flow.internal.ChannelFlow$collectToFun$1.invokeSuspend(ChannelFlow.kt:56)] [kotlin.coroutines.jvm.internal.BaseContinuationImpl.resumeWith(ContinuationImpl.kt:34)] [kotlinx.coroutines.DispatchedTask.run(DispatchedTask.kt:100)] [androidx.work.impl.utils.SerialExecutorImpl$Task.run(SerialExecutorImpl.java:96)] [java.util.concurrent.ThreadPoolExecutor.runWorker(ThreadPoolExecutor.java:1100)] [java.util.concurrent.ThreadPoolExecutor$Worker.run(ThreadPoolExecutor.java:624)] [java.lang.Thread.run(Thread.java:1572)]
09-22 06:02:36.633 11480 11621 D WM-PackageManagerHelper: androidx.work.impl.background.systemalarm.RescheduleReceiver enabled
09-22 06:02:36.636 11480 11623 D WM-WorkConstraintsTrack: NetworkRequestConstraintController onCapabilitiesChanged callback
09-22 06:02:36.636 11480 11623 D WM-WorkConstraintsTrack: Not dispatching constraint state yet: isBlocked=null, capabilitiesInitialized=true
09-22 06:02:36.636 11480 11623 D WM-WorkConstraintsTrack: NetworkRequestConstraintController onBlockedStatusChanged callback false
09-22 06:02:36.642 11480 11603 D WM-GreedyScheduler: Constraints met: Scheduling work ID WorkGenerationalId(workSpecId=8a06dd5c-7d75-42dd-b51d-aa0c3258c589, generation=0)
09-22 06:02:36.643 11480 11603 D WM-Processor: Processor: processing WorkGenerationalId(workSpecId=8a06dd5c-7d75-42dd-b51d-aa0c3258c589, generation=0)
09-22 06:02:36.649 11480 11480 D WM-WorkerWrapper: Starting work for com.negi.survey.net.GitHubUploadWorker
09-22 06:02:36.651 11480 11610 I WM-Processor: Moving WorkSpec (8a06dd5c-7d75-42dd-b51d-aa0c3258c589) to the foreground
09-22 06:02:36.666 11480 11480 I WM-SystemFgDispatcher: Started foreground service Intent { act=ACTION_START_FOREGROUND xflg=0x4 cmp=com.negi.survey/androidx.work.impl.foreground.SystemForegroundService (has extras) }
09-22 06:02:36.666 11480 11480 D WM-SystemFgDispatcher: Notifying with (id:3402, workSpecId: 8a06dd5c-7d75-42dd-b51d-aa0c3258c589, notificationType :1)
09-22 06:02:36.666 11480 11611 D WM-WorkProgressUpdater: Updating progress for 8a06dd5c-7d75-42dd-b51d-aa0c3258c589 (Data {pct : 3, mode : startup_runtime_logs})
09-22 06:02:36.666 11480 11480 D WM-SystemFgDispatcher: Notifying with (id:3402, workSpecId: 8a06dd5c-7d75-42dd-b51d-aa0c3258c589, notificationType :1)
09-22 06:02:36.667 11480 11480 I NotificationManager: com.negi.survey: notify(3402, null, Notification(channel=uploads shortcut=null contentView=null vibrate=null sound=null defaults=0 flags=ONGOING_EVENT|ONLY_ALERT_ONCE color=0x00000000 category=progress vis=PRIVATE semFlags=0x0 semPriority=0 semMissedCount=0 semScenarioType=0)) as user
09-22 06:02:36.667 11480 11480 D NotificationManager: BOOTING pkg =com.negi.survey mBlockedChannelsForOverflowNoti=[]
09-22 06:02:36.667 11480 11621 I WM-Processor: Moving WorkSpec (8a06dd5c-7d75-42dd-b51d-aa0c3258c589) to the foreground
09-22 06:02:36.669 11480 11621 D WM-WorkConstraintsTrack: NetworkRequestConstraintController send initial capabilities
09-22 06:02:36.674 11480 11480 D WM-SystemFgDispatcher: Notifying with (id:3402, workSpecId: 8a06dd5c-7d75-42dd-b51d-aa0c3258c589, notificationType :1)
09-22 06:02:36.674 11480 11480 I NotificationManager: com.negi.survey: notify(3402, null, Notification(channel=uploads shortcut=null contentView=null vibrate=null sound=null defaults=0 flags=ONGOING_EVENT|ONLY_ALERT_ONCE color=0x00000000 category=progress vis=PRIVATE semFlags=0x0 semPriority=0 semMissedCount=0 semScenarioType=0)) as user
09-22 06:02:36.682 11480 11480 D WM-SystemJobService: onStartJob for WorkGenerationalId(workSpecId=8a06dd5c-7d75-42dd-b51d-aa0c3258c589, generation=0)
09-22 06:02:36.683 11480 11621 D WM-Processor: Work WorkGenerationalId(workSpecId=8a06dd5c-7d75-42dd-b51d-aa0c3258c589, generation=0) is already enqueued for processing
09-22 06:02:36.931 11480 11480 I View    : setRequestedFrameRate frameRate=NaN, this=android.view.View{881cdae V.ED..... ........ 0,0-0,0}, caller=androidx.compose.ui.platform.Api35Impl.setRequestedFrameRate:4047 androidx.compose.ui.platform.AndroidComposeView.dispatchDraw:2282 android.view.View.draw:26758 android.view.View.updateDisplayListIfDirty:25577 android.view.ViewGroup.recreateChildDisplayList:4881 
09-22 06:02:36.939 11480 11480 I View    : setRequestedFrameRate frameRate=-4.0, this=android.view.View{881cdae V.ED..... ........ 0,0-0,0}, caller=androidx.compose.ui.platform.Api35Impl.setRequestedFrameRate:4047 androidx.compose.ui.platform.AndroidComposeView.dispatchDraw:2282 android.view.View.draw:26758 android.view.View.updateDisplayListIfDirty:25577 android.view.ViewGroup.recreateChildDisplayList:4881 
09-22 06:02:36.961 11480 11480 I View    : setRequestedFrameRate frameRate=NaN, this=android.view.View{881cdae V.ED..... ........ 0,0-0,0}, caller=androidx.compose.ui.platform.Api35Impl.setRequestedFrameRate:4047 androidx.compose.ui.platform.AndroidComposeView.dispatchDraw:2282 android.view.View.draw:26758 android.view.View.updateDisplayListIfDirty:25577 android.view.ViewGroup.recreateChildDisplayList:4881 
09-22 06:02:36.972 11480 11480 I View    : setRequestedFrameRate frameRate=-4.0, this=android.view.View{881cdae V.ED..... ........ 0,0-0,0}, caller=androidx.compose.ui.platform.Api35Impl.setRequestedFrameRate:4047 androidx.compose.ui.platform.AndroidComposeView.dispatchDraw:2282 android.view.View.draw:26758 android.view.View.updateDisplayListIfDirty:25577 android.view.ViewGroup.recreateChildDisplayList:4881 
09-22 06:02:36.980 11480 11480 I View    : setRequestedFrameRate frameRate=NaN, this=android.view.View{881cdae V.ED..... ........ 0,0-0,0}, caller=androidx.compose.ui.platform.Api35Impl.setRequestedFrameRate:4047 androidx.compose.ui.platform.AndroidComposeView.dispatchDraw:2282 android.view.View.draw:26758 android.view.View.updateDisplayListIfDirty:25577 android.view.ViewGroup.recreateChildDisplayList:4881 
09-22 06:02:36.998 11480 11480 I View    : setRequestedFrameRate frameRate=-4.0, this=android.view.View{881cdae V.ED..... ........ 0,0-0,0}, caller=androidx.compose.ui.platform.Api35Impl.setRequestedFrameRate:4047 androidx.compose.ui.platform.AndroidComposeView.dispatchDraw:2282 android.view.View.draw:26758 android.view.View.updateDisplayListIfDirty:25577 android.view.ViewGroup.recreateChildDisplayList:4881 
09-22 06:02:37.005 11480 11480 I View    : setRequestedFrameRate frameRate=NaN, this=android.view.View{881cdae V.ED..... ........ 0,0-0,0}, caller=androidx.compose.ui.platform.Api35Impl.setRequestedFrameRate:4047 androidx.compose.ui.platform.AndroidComposeView.dispatchDraw:2282 android.view.View.draw:26758 android.view.View.updateDisplayListIfDirty:25577 android.view.ViewGroup.recreateChildDisplayList:4881 
09-22 06:02:37.023 11480 11480 I View    : setRequestedFrameRate frameRate=-4.0, this=android.view.View{881cdae V.ED..... ........ 0,0-0,0}, caller=androidx.compose.ui.platform.Api35Impl.setRequestedFrameRate:4047 androidx.compose.ui.platform.AndroidComposeView.dispatchDraw:2282 android.view.View.draw:26758 android.view.View.updateDisplayListIfDirty:25577 android.view.ViewGroup.recreateChildDisplayList:4881 
09-22 06:02:37.030 11480 11480 I View    : setRequestedFrameRate frameRate=NaN, this=android.view.View{881cdae V.ED..... ........ 0,0-0,0}, caller=androidx.compose.ui.platform.Api35Impl.setRequestedFrameRate:4047 androidx.compose.ui.platform.AndroidComposeView.dispatchDraw:2282 android.view.View.draw:26758 android.view.View.updateDisplayListIfDirty:25577 android.view.ViewGroup.recreateChildDisplayList:4881 
09-22 06:02:37.890 11480 11517 D RuntimeLogStore: openWriter: rotate:plain_snapshot:receiver_boot_completed -> /data/user/0/com.negi.survey/files/diagnostics/runtime_logs/rtlog_20260922_130237_889_pid11480_seq2.log (bytes=0 format=LEGACY)
09-22 06:02:37.890 11480 11517 D RuntimeLogStore: retention: rotate:plain_snapshot:receiver_boot_completed files=3 kept=3 totalBytes=60585
09-22 06:02:38.007 11480 11577 D github_upload: doRuntimeLogsUpload: remoteBaseDir=diagnostics/runtime_logs/2026-09-22/runtime_logs_startup_runtime_20260922_130236_5f88dcf2_receiver_boot_completed toUpload=3 bytes=61774 dedupe=true deleteSource=true deletedSourcePre=0 preview='plain_logs_manifest_20260922_130237_894_pid11480_receiver_boot_completed.json|runtime_log_20260922_130237_894_pid11480_receiver_boot_completed__rtlog_20260922_130236_393_pid11480_seq1.log|runtime_log_20260922_130237_894_pid11480_receiver_boot_completed__rtlog_20260916_152858_763_pid5835_seq2.log'
09-22 06:02:38.007 11480 11577 D GitHubUploader: uploadStream: owner=ishizuki-tech repo=SurveyExports branch=main path=diagnostics/runtime_logs/2026-09-22/runtime_logs_startup_runtime_20260922_130236_5f88dcf2_receiver_boot_completed/plain_logs_manifest_20260922_130237_894_pid11480_receiver_boot_completed.json size=1528 maxRawBytesHint=1000000 maxRequestBytesHint=2800000
09-22 06:02:38.007 11480 11603 D WM-WorkProgressUpdater: Updating progress for 8a06dd5c-7d75-42dd-b51d-aa0c3258c589 (Data {pct : 10, mode : startup_runtime_logs})
09-22 06:02:38.012 11480 11603 I WM-Processor: Moving WorkSpec (8a06dd5c-7d75-42dd-b51d-aa0c3258c589) to the foreground
09-22 06:02:38.014 11480 11480 D WM-SystemFgDispatcher: Notifying with (id:3402, workSpecId: 8a06dd5c-7d75-42dd-b51d-aa0c3258c589, notificationType :1)
09-22 06:02:38.014 11480 11480 I NotificationManager: com.negi.survey: notify(3402, null, Notification(channel=uploads shortcut=null contentView=null vibrate=null sound=null defaults=0 flags=ONGOING_EVENT|ONLY_ALERT_ONCE color=0x00000000 category=progress vis=PRIVATE semFlags=0x0 semPriority=0 semMissedCount=0 semScenarioType=0)) as user
09-22 06:02:38.393 11480 11621 D WM-WorkProgressUpdater: Updating progress for 8a06dd5c-7d75-42dd-b51d-aa0c3258c589 (Data {pct : 12, mode : startup_runtime_logs})
09-22 06:02:38.399 11480 11610 I WM-Processor: Moving WorkSpec (8a06dd5c-7d75-42dd-b51d-aa0c3258c589) to the foreground
09-22 06:02:38.401 11480 11480 D WM-SystemFgDispatcher: Notifying with (id:3402, workSpecId: 8a06dd5c-7d75-42dd-b51d-aa0c3258c589, notificationType :1)
09-22 06:02:38.401 11480 11611 D WM-WorkProgressUpdater: Updating progress for 8a06dd5c-7d75-42dd-b51d-aa0c3258c589 (Data {pct : 33, mode : startup_runtime_logs})
09-22 06:02:38.401 11480 11480 I NotificationManager: com.negi.survey: notify(3402, null, Notification(channel=uploads shortcut=null contentView=null vibrate=null sound=null defaults=0 flags=ONGOING_EVENT|ONLY_ALERT_ONCE color=0x00000000 category=progress vis=PRIVATE semFlags=0x0 semPriority=0 semMissedCount=0 semScenarioType=0)) as user
09-22 06:02:38.402 11480 11611 I WM-Processor: Moving WorkSpec (8a06dd5c-7d75-42dd-b51d-aa0c3258c589) to the foreground
09-22 06:02:38.404 11480 11480 D WM-SystemFgDispatcher: Notifying with (id:3402, workSpecId: 8a06dd5c-7d75-42dd-b51d-aa0c3258c589, notificationType :1)
09-22 06:02:38.404 11480 11480 I NotificationManager: com.negi.survey: notify(3402, null, Notification(channel=uploads shortcut=null contentView=null vibrate=null sound=null defaults=0 flags=ONGOING_EVENT|ONLY_ALERT_ONCE color=0x00000000 category=progress vis=PRIVATE semFlags=0x0 semPriority=0 semMissedCount=0 semScenarioType=0)) as user
09-22 06:02:38.887 11480 11480 D github_upload: enqueueStartupRuntimeLogsUpload: uniqueName=upload_runtime_logs_startup policy=KEEP session=startup_runtime_20260922_130238_f3d05cad
09-22 06:02:38.888 11480 11480 D github_upload: enqueueStartupRingLogsUpload: uniqueName=upload_ring_logs_startup policy=KEEP session=startup_ring_20260922_130238_ced2a475
09-22 06:02:38.909 11480 12730 D CrashCapture: enqueuePendingCrashUploadsIfPossible enter where=SurveyApp:enqueuePending(immediate):bg pid=11480 thread=CrashCapture-Enqueue
09-22 06:02:38.917 11480 11610 D WM-SystemJobScheduler: Scheduling work ID 459e3fa7-9629-4b1e-840a-5959f071d757Job ID 17
09-22 06:02:38.923 11480 11610 D WM-GreedyScheduler: Starting tracking for 459e3fa7-9629-4b1e-840a-5959f071d757
09-22 06:02:38.923 11480 11480 D WM-SystemJobService: onStartJob for WorkGenerationalId(workSpecId=459e3fa7-9629-4b1e-840a-5959f071d757, generation=0)
09-22 06:02:38.926 11480 11610 D WM-Processor: Processor: processing WorkGenerationalId(workSpecId=459e3fa7-9629-4b1e-840a-5959f071d757, generation=0)
09-22 06:02:38.935 11480 11480 D WM-WorkerWrapper: Starting work for com.negi.survey.net.GitHubUploadWorker
09-22 06:02:38.936 11480 11621 D WM-WorkConstraintsTrack: NetworkRequestConstraintController send initial capabilities
09-22 06:02:38.940 11480 11610 I WM-Processor: Moving WorkSpec (459e3fa7-9629-4b1e-840a-5959f071d757) to the foreground
09-22 06:02:38.948 11480 11480 I WM-SystemFgDispatcher: Started foreground service Intent { act=ACTION_START_FOREGROUND xflg=0x4 cmp=com.negi.survey/androidx.work.impl.foreground.SystemForegroundService (has extras) }
09-22 06:02:38.948 11480 11480 D WM-SystemFgDispatcher: Notifying with (id:8100, workSpecId: 459e3fa7-9629-4b1e-840a-5959f071d757, notificationType :1)
09-22 06:02:38.948 11480 11480 I NotificationManager: com.negi.survey: notify(8100, null, Notification(channel=uploads shortcut=null contentView=null vibrate=null sound=null defaults=0 flags=ONGOING_EVENT|ONLY_ALERT_ONCE color=0x00000000 category=progress vis=PRIVATE semFlags=0x0 semPriority=0 semMissedCount=0 semScenarioType=0)) as user
09-22 06:02:38.949 11480 11610 D WM-GreedyScheduler: Constraints met: Scheduling work ID WorkGenerationalId(workSpecId=459e3fa7-9629-4b1e-840a-5959f071d757, generation=0)
09-22 06:02:38.949 11480 11610 D WM-Processor: Work WorkGenerationalId(workSpecId=459e3fa7-9629-4b1e-840a-5959f071d757, generation=0) is already enqueued for processing
09-22 06:02:38.949 11480 11610 D WM-WorkProgressUpdater: Updating progress for 459e3fa7-9629-4b1e-840a-5959f071d757 (Data {pct : 3, mode : startup_ring_logs})
09-22 06:02:38.950 11480 11610 I WM-Processor: Moving WorkSpec (459e3fa7-9629-4b1e-840a-5959f071d757) to the foreground
09-22 06:02:38.951 11480 11610 D WM-WorkConstraintsTrack: NetworkRequestConstraintController send initial capabilities
09-22 06:02:38.952 11480 12730 D CrashCapture: Staged exit info: /data/user/0/com.negi.survey/files/diagnostics/crash/exit_20260916_164839_1789577319167_pid5835_r3.log bytes=378 reason=3 pid=5835
09-22 06:02:38.953 11480 11480 D WM-SystemFgDispatcher: Notifying with (id:8100, workSpecId: 459e3fa7-9629-4b1e-840a-5959f071d757, notificationType :1)
09-22 06:02:38.953 11480 11480 I NotificationManager: com.negi.survey: notify(8100, null, Notification(channel=uploads shortcut=null contentView=null vibrate=null sound=null defaults=0 flags=ONGOING_EVENT|ONLY_ALERT_ONCE color=0x00000000 category=progress vis=PRIVATE semFlags=0x0 semPriority=0 semMissedCount=0 semScenarioType=0)) as user
09-22 06:02:38.955 11480 11480 D WM-SystemFgDispatcher: Notifying with (id:8100, workSpecId: 459e3fa7-9629-4b1e-840a-5959f071d757, notificationType :1)
09-22 06:02:38.955 11480 11480 I NotificationManager: com.negi.survey: notify(8100, null, Notification(channel=uploads shortcut=null contentView=null vibrate=null sound=null defaults=0 flags=ONGOING_EVENT|ONLY_ALERT_ONCE color=0x00000000 category=progress vis=PRIVATE semFlags=0x0 semPriority=0 semMissedCount=0 semScenarioType=0)) as user
