=== Previous Session Logcat ===
captured_time_utc=20260922_183402
captured_time_local=20260922_113402
marker=2026-09-21 17:34:09.851
preferred_prev_pid=-1
note=best-effort; buffers may be overwritten before next start
sdk=36
device=Google Pixel 9a
appId=com.negi.survey
versionName=0.0.1
versionCode=1

=== Logcat (since marker) ===
--------- beginning of system
09-22 08:23:22.341 30537 30537 D ActivityThread: Package [com.google.android.gms] reported as REPLACED, but missing application info. Assuming REMOVED.
09-22 08:23:22.363 30537 30537 D ActivityThread: Package [com.google.android.gms] reported as REPLACED, but missing application info. Assuming REMOVED.
09-22 10:53:47.040 30537 30537 D InsetsController: hide(ime())
--------- beginning of main
09-22 11:33:58.771  6675  6675 I Zygote  : Process 6675 created for com.negi.survey
09-22 11:33:58.772  6675  6675 I com.negi.survey: Late-enabling -Xcheck:jni
09-22 11:33:58.950  6675  6675 I com.negi.survey: Using CollectorTypeCMC GC.
09-22 11:33:58.997  6675  6675 D nativeloader: Load libframework-connectivity-tiramisu-jni.so using APEX ns com_android_tethering for caller /apex/com.android.tethering/javalib/framework-connectivity-t.jar: ok
09-22 11:33:59.121  6675  6675 D ApplicationLoaders: Returning zygote-cached class loader: /system_ext/framework/androidx.window.extensions.jar
09-22 11:33:59.121  6675  6675 D ApplicationLoaders: Returning zygote-cached class loader: /system_ext/framework/androidx.window.sidecar.jar
09-22 11:33:59.746  6675  6675 D nativeloader: Configuring clns-9 for other apk /data/app/~~MU0zKh5-bwEfmmaMCjvlVw==/com.negi.survey-oz_KPBjqTdIsER5fGat_nA==/base.apk. target_sdk_version=36, uses_libraries=libOpenCL.so:libOpenCL-pixel.so, library_path=/data/app/~~MU0zKh5-bwEfmmaMCjvlVw==/com.negi.survey-oz_KPBjqTdIsER5fGat_nA==/lib/arm64:/data/app/~~MU0zKh5-bwEfmmaMCjvlVw==/com.negi.survey-oz_KPBjqTdIsER5fGat_nA==/base.apk!/lib/arm64-v8a, permitted_path=/data:/mnt/expand:/data/user/0/com.negi.survey
09-22 11:33:59.756  6675  6675 V GraphicsEnvironment: Currently set values for:
09-22 11:33:59.756  6675  6675 V GraphicsEnvironment:   angle_gl_driver_selection_pkgs=[com.android.angle]
09-22 11:33:59.756  6675  6675 V GraphicsEnvironment:   angle_gl_driver_selection_values=[angle]
09-22 11:33:59.756  6675  6675 V GraphicsEnvironment: com.negi.survey is not listed in per-application setting
09-22 11:33:59.756  6675  6675 V GraphicsEnvironment: No special selections for ANGLE, returning default driver choice
09-22 11:33:59.756  6675  6675 V GraphicsEnvironment: Neither updatable production driver nor prerelease driver is supported.
09-22 11:33:59.795  6675  6675 D nativeloader: Load /data/app/~~MU0zKh5-bwEfmmaMCjvlVw==/com.negi.survey-oz_KPBjqTdIsER5fGat_nA==/base.apk!/lib/arm64-v8a/liblitertlm_jni.so using class loader ns clns-9 (caller=/data/app/~~MU0zKh5-bwEfmmaMCjvlVw==/com.negi.survey-oz_KPBjqTdIsER5fGat_nA==/base.apk!classes10.dex): ok
09-22 11:33:59.795  6675  6675 D SurveyApp: Loaded LiteRTLM JNI: litertlm_jni where=attachBaseContext
09-22 11:33:59.827  6675  6675 D AppRingLogStore: installed: dir=/data/user/0/com.negi.survey/files/diagnostics/applog_ring idx=0
09-22 11:33:59.828  6675  6675 D SurveyApp: attachBaseContext: pid=6675 process=com.negi.survey isMain=true sdk=36
09-22 11:33:59.828  6675  6675 D SurveyApp: bootTiming: attachBaseContext total=63ms
09-22 11:33:59.829  6675  6675 D SurveyApp: Skipping WorkManager init in attachBaseContext; will init lazily on first enqueue.
09-22 11:33:59.832  6675  6675 D CrashCapture: install: ensured default handler. where=SurveyApp:attachBaseContext pid=6675 default=com.negi.survey.CrashCapture$CrashHandler@6d64be
09-22 11:33:59.832  6675  6675 D SurveyApp: CrashCapture installed: where=SurveyApp:attachBaseContext
09-22 11:33:59.841  6675  6675 E com.negi.survey: hiddenapi: Accessing hidden method Landroid/net/ssl/EchConfigMismatchException;->getRetryConfigList()Landroid/net/ssl/EchConfigList; (runtime_flags=0, domain=core-platform, api=blocked) from /data/app/~~MU0zKh5-bwEfmmaMCjvlVw==/com.negi.survey-oz_KPBjqTdIsER5fGat_nA==/base.apk!classes17.dex (domain=app, TargetSdkVersion=36) using linking: denied
09-22 11:33:59.841  6675  6675 E com.negi.survey: hiddenapi: Accessing hidden method Landroid/net/ssl/EchConfigList;->toBytes()[B (runtime_flags=0, domain=core-platform, api=blocked) from /data/app/~~MU0zKh5-bwEfmmaMCjvlVw==/com.negi.survey-oz_KPBjqTdIsER5fGat_nA==/base.apk!classes17.dex (domain=app, TargetSdkVersion=36) using linking: denied
09-22 11:33:59.842  6675  6675 E com.negi.survey: hiddenapi: Accessing hidden method Landroid/net/ssl/EchConfigList;->fromBytes([B)Landroid/net/ssl/EchConfigList; (runtime_flags=0, domain=core-platform, api=blocked) from /data/app/~~MU0zKh5-bwEfmmaMCjvlVw==/com.negi.survey-oz_KPBjqTdIsER5fGat_nA==/base.apk!classes17.dex (domain=app, TargetSdkVersion=36) using linking: denied
09-22 11:33:59.842  6675  6675 E com.negi.survey: hiddenapi: Accessing hidden method Landroid/net/ssl/SSLSockets;->setEchConfigList(Ljavax/net/ssl/SSLSocket;Landroid/net/ssl/EchConfigList;)V (runtime_flags=0, domain=core-platform, api=blocked) from /data/app/~~MU0zKh5-bwEfmmaMCjvlVw==/com.negi.survey-oz_KPBjqTdIsER5fGat_nA==/base.apk!classes17.dex (domain=app, TargetSdkVersion=36) using linking: denied
09-22 11:33:59.853  6675  6753 D RuntimeLogStore: openWriter: start -> /data/user/0/com.negi.survey/files/diagnostics/runtime_logs/rtlog_20260922_183359_817_pid6675_seq1.log (bytes=0 format=LEGACY)
09-22 11:33:59.854  6675  6753 D RuntimeLogStore: retention: start files=2 kept=2 totalBytes=30678
09-22 11:33:59.858  6675  6675 D SurveyApp: LiteRTLM JNI already loaded; skip. where=onCreate(retry)
09-22 11:33:59.859  6675  6675 D SurveyApp: bootTiming: RuntimeLogStore.start took=0ms
09-22 11:33:59.859  6675  6675 D SurveyApp: bootTiming: AppRingLogStore.install took=0ms
09-22 11:33:59.859  6675  6675 D SurveyApp: onCreate: pid=6675 process=com.negi.survey isMain=true sdk=36
09-22 11:33:59.869  6675  6675 D CrashCapture: install: ensured default handler. where=SurveyApp:onCreate(rewrap) pid=6675 default=com.negi.survey.CrashCapture$CrashHandler@6d64be
09-22 11:33:59.869  6675  6675 D SurveyApp: CrashCapture installed: where=SurveyApp:onCreate(rewrap)
09-22 11:33:59.869  6675  6675 D CrashCapture: registerSelfHealing: ActivityLifecycleCallbacks registered. mode=onResumedOnly
09-22 11:33:59.869  6675  6675 D SurveyApp: CrashCapture self-healing registered.
09-22 11:33:59.869  6675  6675 W SurveyApp: Startup enqueues deferred: delay=2500ms (to reduce init contention)
09-22 11:33:59.869  6675  6675 D SurveyApp: bootTiming: onCreate total=12ms
09-22 11:34:00.260  6675  6755 D UploadRescheduleRcvr: No GitHub pending files for action=android.intent.action.MY_PACKAGE_REPLACED
09-22 11:34:00.327  6675  6755 D github_upload: enqueueStartupRuntimeLogsUpload: uniqueName=upload_runtime_logs_startup policy=KEEP session=startup_runtime_20260922_183400_92b5bad5
09-22 11:34:00.430  6675  6755 D WM-PackageManagerHelper: Skipping component enablement for androidx.work.impl.background.systemjob.SystemJobService
09-22 11:34:00.430  6675  6755 D WM-Schedulers: Created SystemJobScheduler and enabled SystemJobService
09-22 11:34:00.445  6675  6763 D WM-ForceStopRunnable: Is default app process = true
09-22 11:34:00.451  6675  6763 D WM-ForceStopRunnable: Performing cleanup operations.
09-22 11:34:00.475  6675  6755 D UploadRescheduleRcvr: Enqueued runtime logs upload for action=android.intent.action.MY_PACKAGE_REPLACED reason=receiver_my_package_replaced
09-22 11:34:00.883  6675  6765 D WM-SystemJobScheduler: Scheduling work ID 8e8e9f16-5796-4078-a3c2-eb82be3d5b4cJob ID 38
09-22 11:34:00.915  6675  6765 D WM-GreedyScheduler: Starting tracking for 8e8e9f16-5796-4078-a3c2-eb82be3d5b4c
09-22 11:34:00.918  6675  6675 D WM-SystemJobService: onStartJob for WorkGenerationalId(workSpecId=8e8e9f16-5796-4078-a3c2-eb82be3d5b4c, generation=0)
09-22 11:34:00.957  6675  6766 D WM-Processor: Processor: processing WorkGenerationalId(workSpecId=8e8e9f16-5796-4078-a3c2-eb82be3d5b4c, generation=0)
09-22 11:34:00.998  6675  6675 D WM-WorkerWrapper: Starting work for com.negi.survey.net.GitHubUploadWorker
09-22 11:34:01.005  6675  6766 D WM-WorkConstraintsTrack: NetworkRequestConstraintController register shared callback
09-22 11:34:01.027  6675  6766 D WM-PackageManagerHelper: androidx.work.impl.background.systemalarm.RescheduleReceiver enabled
09-22 11:34:01.054  6675  6763 I WM-Processor: Moving WorkSpec (8e8e9f16-5796-4078-a3c2-eb82be3d5b4c) to the foreground
09-22 11:34:01.080  6675  6764 D WM-WorkProgressUpdater: Updating progress for 8e8e9f16-5796-4078-a3c2-eb82be3d5b4c (Data {pct : 3, mode : startup_runtime_logs})
09-22 11:34:01.082  6675  6675 I WM-SystemFgDispatcher: Started foreground service Intent { act=ACTION_START_FOREGROUND xflg=0x4 cmp=com.negi.survey/androidx.work.impl.foreground.SystemForegroundService (has extras) }
09-22 11:34:01.083  6675  6675 D WM-SystemFgDispatcher: Notifying with (id:10664, workSpecId: 8e8e9f16-5796-4078-a3c2-eb82be3d5b4c, notificationType :1)
09-22 11:34:01.086  6675  6675 D WM-SystemFgDispatcher: Notifying with (id:10664, workSpecId: 8e8e9f16-5796-4078-a3c2-eb82be3d5b4c, notificationType :1)
09-22 11:34:01.098  6675  6767 D WM-WorkConstraintsTrack: NetworkRequestConstraintController onCapabilitiesChanged callback
09-22 11:34:01.098  6675  6767 D WM-WorkConstraintsTrack: Not dispatching constraint state yet: isBlocked=null, capabilitiesInitialized=true
09-22 11:34:01.098  6675  6767 D WM-WorkConstraintsTrack: NetworkRequestConstraintController onBlockedStatusChanged callback false
09-22 11:34:01.113  6675  6764 I WM-Processor: Moving WorkSpec (8e8e9f16-5796-4078-a3c2-eb82be3d5b4c) to the foreground
09-22 11:34:01.118  6675  6675 D WM-SystemFgDispatcher: Notifying with (id:10664, workSpecId: 8e8e9f16-5796-4078-a3c2-eb82be3d5b4c, notificationType :1)
09-22 11:34:01.126  6675  6764 D WM-GreedyScheduler: Constraints met: Scheduling work ID WorkGenerationalId(workSpecId=8e8e9f16-5796-4078-a3c2-eb82be3d5b4c, generation=0)
09-22 11:34:01.142  6675  6764 D WM-Processor: Work WorkGenerationalId(workSpecId=8e8e9f16-5796-4078-a3c2-eb82be3d5b4c, generation=0) is already enqueued for processing
09-22 11:34:01.144  6675  6764 D WM-WorkConstraintsTrack: NetworkRequestConstraintController send initial capabilities
09-22 11:34:02.303  6675  6753 D RuntimeLogStore: openWriter: rotate:plain_snapshot:receiver_my_package_repl -> /data/user/0/com.negi.survey/files/diagnostics/runtime_logs/rtlog_20260922_183402_299_pid6675_seq2.log (bytes=0 format=LEGACY)
09-22 11:34:02.308  6675  6753 D RuntimeLogStore: retention: rotate:plain_snapshot:receiver_my_package_repl files=3 kept=3 totalBytes=32385
09-22 11:34:02.347  6675  6755 D github_upload: doRuntimeLogsUpload: remoteBaseDir=diagnostics/runtime_logs/2026-09-22/runtime_logs_startup_runtime_20260922_183400_92b5bad5_receiver_my_package_repl toUpload=2 bytes=32050 dedupe=true deleteSource=true deletedSourcePre=0 preview='runtime_log_20260922_183402_315_pid6675_receiver_my_package_repl__rtlog_20260922_183359_817_pid6675_seq1.log|runtime_log_20260922_183402_315_pid6675_receiver_my_package_repl__rtlog_20260922_003409_174_pid30537_seq2.log'
09-22 11:34:02.358  6675  6755 D GitHubUploader: uploadStream: owner=ishizuki-tech repo=SurveyExports branch=main path=diagnostics/runtime_logs/2026-09-22/runtime_logs_startup_runtime_20260922_183400_92b5bad5_receiver_my_package_repl/runtime_log_20260922_183402_315_pid6675_receiver_my_package_repl__rtlog_20260922_183359_817_pid6675_seq1.log size=1688 maxRawBytesHint=1000000 maxRequestBytesHint=2800000
09-22 11:34:02.360  6675  6766 D WM-WorkProgressUpdater: Updating progress for 8e8e9f16-5796-4078-a3c2-eb82be3d5b4c (Data {pct : 10, mode : startup_runtime_logs})
09-22 11:34:02.371  6675  6675 W SurveyApp: Deferred startup enqueues begin...
09-22 11:34:02.372  6675  6675 D SurveyApp: WorkManager available. where=startupRtLogs(immediate) took=0ms
09-22 11:34:02.384  6675  6675 D SurveyApp: Startup runtime logs target -> owner=ishizuki-tech repo=SurveyExports branch=main base='/diagnostics/runtime_logs'
09-22 11:34:02.393  6675  6675 D github_upload: enqueueStartupRuntimeLogsUpload: uniqueName=upload_runtime_logs_startup policy=KEEP session=startup_runtime_20260922_183402_059301dc
09-22 11:34:02.394  6675  6675 D SurveyApp: Startup runtime logs: enqueue requested (immediate).
09-22 11:34:02.394  6675  6675 D SurveyApp: WorkManager available. where=startupRingLogs(immediate) took=0ms
09-22 11:34:02.399  6675  6766 I WM-Processor: Moving WorkSpec (8e8e9f16-5796-4078-a3c2-eb82be3d5b4c) to the foreground
09-22 11:34:02.401  6675  6675 D SurveyApp: Startup ring logs target -> owner=ishizuki-tech repo=SurveyExports branch=main base='/diagnostics/applog_ring'
09-22 11:34:02.404  6675  6675 D github_upload: enqueueStartupRingLogsUpload: uniqueName=upload_ring_logs_startup policy=KEEP session=startup_ring_20260922_183402_3581dfa1
09-22 11:34:02.405  6675  6675 D SurveyApp: Startup ring logs: enqueue requested (immediate).
09-22 11:34:02.406  6675  6675 D SurveyApp: WorkManager available. where=enqueuePending(immediate) took=0ms
09-22 11:34:02.407  6675  6675 D SurveyApp: CrashCapture pending uploads requested (immediate).
09-22 11:34:02.408  6675  6675 W SurveyApp: Deferred startup enqueues done: took=37ms
09-22 11:34:02.410  6675  6675 D WM-SystemFgDispatcher: Notifying with (id:10664, workSpecId: 8e8e9f16-5796-4078-a3c2-eb82be3d5b4c, notificationType :1)
09-22 11:34:02.410  6675  6773 D CrashCapture: enqueuePendingCrashUploadsIfPossible enter where=SurveyApp:enqueuePending(immediate):bg pid=6675 thread=CrashCapture-Enqueue
09-22 11:34:02.460  6675  6766 D WM-SystemJobScheduler: Scheduling work ID df98128e-e6ab-44e2-86d4-ba662c2b6f1cJob ID 39
09-22 11:34:02.464  6675  6766 D WM-GreedyScheduler: Starting tracking for df98128e-e6ab-44e2-86d4-ba662c2b6f1c
09-22 11:34:02.465  6675  6675 D WM-SystemJobService: onStartJob for WorkGenerationalId(workSpecId=df98128e-e6ab-44e2-86d4-ba662c2b6f1c, generation=0)
09-22 11:34:02.472  6675  6766 D WM-Processor: Processor: processing WorkGenerationalId(workSpecId=df98128e-e6ab-44e2-86d4-ba662c2b6f1c, generation=0)
09-22 11:34:02.481  6675  6675 D WM-WorkerWrapper: Starting work for com.negi.survey.net.GitHubUploadWorker
09-22 11:34:02.482  6675  6766 D WM-WorkConstraintsTrack: NetworkRequestConstraintController send initial capabilities
09-22 11:34:02.485  6675  6766 D WM-GreedyScheduler: Constraints met: Scheduling work ID WorkGenerationalId(workSpecId=df98128e-e6ab-44e2-86d4-ba662c2b6f1c, generation=0)
09-22 11:34:02.491  6675  6766 D WM-Processor: Work WorkGenerationalId(workSpecId=df98128e-e6ab-44e2-86d4-ba662c2b6f1c, generation=0) is already enqueued for processing
09-22 11:34:02.494  6675  6766 I WM-Processor: Moving WorkSpec (df98128e-e6ab-44e2-86d4-ba662c2b6f1c) to the foreground
09-22 11:34:02.498  6675  6675 I WM-SystemFgDispatcher: Started foreground service Intent { act=ACTION_START_FOREGROUND xflg=0x4 cmp=com.negi.survey/androidx.work.impl.foreground.SystemForegroundService (has extras) }
09-22 11:34:02.499  6675  6675 D WM-SystemFgDispatcher: Notifying with (id:3578, workSpecId: df98128e-e6ab-44e2-86d4-ba662c2b6f1c, notificationType :1)
09-22 11:34:02.505  6675  6765 D WM-WorkConstraintsTrack: NetworkRequestConstraintController send initial capabilities
09-22 11:34:02.507  6675  6765 D WM-WorkProgressUpdater: Updating progress for df98128e-e6ab-44e2-86d4-ba662c2b6f1c (Data {pct : 3, mode : startup_ring_logs})
09-22 11:34:02.509  6675  6675 D WM-SystemFgDispatcher: Notifying with (id:3578, workSpecId: df98128e-e6ab-44e2-86d4-ba662c2b6f1c, notificationType :1)
