=== RuntimeLogStore Header ===
ts=2026-09-03T19:45:03.150Z
fileNameFormat=LEGACY
appId=com.negi.survey
versionName=0.0.1
versionCode=37
debug=true
device=Google Pixel 9a
sdk=36
pid=16787
==============================
2026-09-03T19:45:03.152Z I/RuntimeLogStore [rtlog-io] start: actor launched (fileNameFormat=LEGACY)
2026-09-03T19:45:03.090Z D/SurveyApp [main] attachBaseContext: pid=16787 process=com.negi.survey isMain=true sdk=36
2026-09-03T19:45:03.091Z D/SurveyApp [main] bootTiming: attachBaseContext total=58ms
2026-09-03T19:45:03.091Z D/SurveyApp [main] Skipping WorkManager init in attachBaseContext; will init lazily on first enqueue.
2026-09-03T19:45:03.095Z D/SurveyApp [main] CrashCapture installed: where=SurveyApp:attachBaseContext
2026-09-03T19:45:03.161Z I/RuntimeLogStore [main] start repair: ctx/dir refreshed
2026-09-03T19:45:03.162Z D/SurveyApp [main] bootTiming: RuntimeLogStore.start took=1ms
2026-09-03T19:45:03.162Z D/SurveyApp [main] bootTiming: AppRingLogStore.install took=0ms
2026-09-03T19:45:03.162Z D/SurveyApp [main] onCreate: pid=16787 process=com.negi.survey isMain=true sdk=36
2026-09-03T19:45:03.173Z D/SurveyApp [main] CrashCapture installed: where=SurveyApp:onCreate(rewrap)
2026-09-03T19:45:03.174Z D/SurveyApp [main] CrashCapture self-healing registered.
2026-09-03T19:45:03.174Z W/SurveyApp [main] Startup enqueues deferred: delay=2500ms (to reduce init contention)
2026-09-03T19:45:03.174Z D/SurveyApp [main] bootTiming: onCreate total=13ms
2026-09-03T19:45:05.676Z W/SurveyApp [main] Deferred startup enqueues begin...
2026-09-03T19:45:05.794Z D/SurveyApp [main] WorkManager available. where=startupRtLogs(immediate) took=117ms
2026-09-03T19:45:05.799Z D/SurveyApp [main] Startup runtime logs target -> owner=ishizuki-tech repo=SurveyExports branch=main base='/diagnostics/runtime_logs'
2026-09-03T19:45:05.829Z D/SurveyApp [main] Startup runtime logs: enqueue requested (immediate).
2026-09-03T19:45:05.830Z D/SurveyApp [main] WorkManager available. where=startupRingLogs(immediate) took=0ms
2026-09-03T19:45:05.832Z D/SurveyApp [main] Startup ring logs target -> owner=ishizuki-tech repo=SurveyExports branch=main base='/diagnostics/applog_ring'
2026-09-03T19:45:05.834Z D/SurveyApp [main] Startup ring logs: enqueue requested (immediate).
2026-09-03T19:45:05.834Z D/SurveyApp [main] WorkManager available. where=enqueuePending(immediate) took=0ms
2026-09-03T19:45:05.835Z D/SurveyApp [main] CrashCapture pending uploads requested (immediate).
2026-09-03T19:45:05.835Z W/SurveyApp [main] Deferred startup enqueues done: took=160ms
2026-09-03T19:45:07.371Z I/RuntimeLogStore [DefaultDispatcher-worker-3] start repair: ctx/dir refreshed
