=== RuntimeLogStore Header ===
ts=2026-09-25T16:29:26.319Z
fileNameFormat=LEGACY
appId=com.negi.survey
versionName=0.0.1
versionCode=43
debug=false
device=vivo V2202
sdk=35
pid=23684
==============================
2026-09-25T16:29:26.320Z I/RuntimeLogStore [rtlog-io] start: actor launched (fileNameFormat=LEGACY)
2026-09-25T16:29:26.324Z D/SurveyApp [main] attachBaseContext: pid=23684 process=com.negi.survey isMain=true sdk=35
2026-09-25T16:29:26.326Z D/SurveyApp [main] bootTiming: attachBaseContext total=115ms
2026-09-25T16:29:26.326Z D/SurveyApp [main] Skipping WorkManager init in attachBaseContext; will init lazily on first enqueue.
2026-09-25T16:29:26.327Z D/SurveyApp [main] CrashCapture installed: where=SurveyApp:attachBaseContext
2026-09-25T16:29:26.426Z I/RuntimeLogStore [main] start repair: ctx/dir refreshed
2026-09-25T16:29:26.428Z D/SurveyApp [main] bootTiming: RuntimeLogStore.start took=2ms
2026-09-25T16:29:26.429Z D/SurveyApp [main] bootTiming: AppRingLogStore.install took=0ms
2026-09-25T16:29:26.429Z D/SurveyApp [main] onCreate: pid=23684 process=com.negi.survey isMain=true sdk=35
2026-09-25T16:29:26.442Z D/SurveyApp [main] CrashCapture installed: where=SurveyApp:onCreate(rewrap)
2026-09-25T16:29:26.446Z D/SurveyApp [main] CrashCapture self-healing registered.
2026-09-25T16:29:26.447Z W/SurveyApp [main] Startup enqueues deferred: delay=2500ms (to reduce init contention)
2026-09-25T16:29:26.447Z D/SurveyApp [main] bootTiming: onCreate total=21ms
2026-09-25T16:29:27.041Z I/RuntimeLogStore [DefaultDispatcher-worker-1] start repair: ctx/dir refreshed
2026-09-25T16:29:28.953Z W/SurveyApp [main] Deferred startup enqueues begin...
2026-09-25T16:29:28.954Z D/SurveyApp [main] WorkManager available. where=startupRtLogs(immediate) took=0ms
2026-09-25T16:29:28.957Z D/SurveyApp [main] Startup runtime logs target -> owner=ishizuki-tech repo=SurveyExports branch=main base='/diagnostics/runtime_logs'
2026-09-25T16:29:28.960Z D/SurveyApp [main] Startup runtime logs: enqueue requested (immediate).
2026-09-25T16:29:28.960Z D/SurveyApp [main] WorkManager available. where=startupRingLogs(immediate) took=0ms
2026-09-25T16:29:28.961Z D/SurveyApp [main] Startup ring logs target -> owner=ishizuki-tech repo=SurveyExports branch=main base='/diagnostics/applog_ring'
2026-09-25T16:29:28.991Z D/SurveyApp [main] Startup ring logs: enqueue requested (immediate).
2026-09-25T16:29:28.991Z D/SurveyApp [main] WorkManager available. where=enqueuePending(immediate) took=0ms
2026-09-25T16:29:29.026Z D/SurveyApp [main] CrashCapture pending uploads requested (immediate).
2026-09-25T16:29:29.026Z W/SurveyApp [main] Deferred startup enqueues done: took=72ms
2026-09-25T16:29:30.142Z I/RuntimeLogStore [DefaultDispatcher-worker-1] start repair: ctx/dir refreshed
