=== Crash Report ===
time_utc=20260221_184609
time_local=20260221_104609
pid=24234
tid=24234
thread=main
sdk=36
device=Google Pixel 9a
appId=com.negi.survey
versionName=0.0.1
versionCode=1

=== Exception ===
java.lang.RuntimeException: Debug crash button pressed
	at com.negi.survey.screens.IntroScreenKt.IntroScreen$lambda$2$0$0$0(IntroScreen.kt:210)
	at com.negi.survey.screens.IntroScreenKt.$r8$lambda$dVJUvuvBl3BAK4vFcws4ley11cc(Unknown Source:0)
	at com.negi.survey.screens.IntroScreenKt$$ExternalSyntheticLambda13.invoke(D8$$SyntheticClass:0)
	at androidx.compose.foundation.ClickableNode.onPointerEvent-H0pRuoY(Clickable.kt:935)
	at androidx.compose.ui.input.pointer.Node.dispatchMainEventPass(HitPathTracker.kt:446)
	at androidx.compose.ui.input.pointer.Node.dispatchMainEventPass(HitPathTracker.kt:432)
	at androidx.compose.ui.input.pointer.NodeParent.dispatchMainEventPass(HitPathTracker.kt:285)
	at androidx.compose.ui.input.pointer.HitPathTracker.dispatchChanges(HitPathTracker.kt:181)
	at androidx.compose.ui.input.pointer.PointerInputEventProcessor.process-BIzXfog(PointerInputEventProcessor.kt:118)
	at androidx.compose.ui.platform.AndroidComposeView.sendMotionEvent-8iAsVTc(AndroidComposeView.android.kt:2685)
	at androidx.compose.ui.platform.AndroidComposeView.handleMotionEvent-8iAsVTc(AndroidComposeView.android.kt:2629)
	at androidx.compose.ui.platform.AndroidComposeView.dispatchTouchEvent(AndroidComposeView.android.kt:2467)
	at android.view.ViewGroup.dispatchTransformedTouchEvent(ViewGroup.java:3143)
	at android.view.ViewGroup.dispatchTouchEvent(ViewGroup.java:2826)
	at android.view.ViewGroup.dispatchTransformedTouchEvent(ViewGroup.java:3143)
	at android.view.ViewGroup.dispatchTouchEvent(ViewGroup.java:2826)
	at android.view.ViewGroup.dispatchTransformedTouchEvent(ViewGroup.java:3143)
	at android.view.ViewGroup.dispatchTouchEvent(ViewGroup.java:2826)
	at android.view.ViewGroup.dispatchTransformedTouchEvent(ViewGroup.java:3143)
	at android.view.ViewGroup.dispatchTouchEvent(ViewGroup.java:2826)
	at com.android.internal.policy.DecorView.superDispatchTouchEvent(DecorView.java:503)
	at com.android.internal.policy.PhoneWindow.superDispatchTouchEvent(PhoneWindow.java:2017)
	at android.app.Activity.dispatchTouchEvent(Activity.java:4665)
	at com.android.internal.policy.DecorView.dispatchTouchEvent(DecorView.java:441)
	at android.view.View.dispatchPointerEvent(View.java:17110)
	at android.view.ViewRootImpl$ViewPostImeInputStage.processPointerEvent(ViewRootImpl.java:8349)
	at android.view.ViewRootImpl$ViewPostImeInputStage.onProcess(ViewRootImpl.java:8103)
	at android.view.ViewRootImpl$InputStage.deliver(ViewRootImpl.java:7480)
	at android.view.ViewRootImpl$InputStage.onDeliverToNext(ViewRootImpl.java:7537)
	at android.view.ViewRootImpl$InputStage.forward(ViewRootImpl.java:7503)
	at android.view.ViewRootImpl$AsyncInputStage.forward(ViewRootImpl.java:7674)
	at android.view.ViewRootImpl$InputStage.apply(ViewRootImpl.java:7511)
	at android.view.ViewRootImpl$AsyncInputStage.apply(ViewRootImpl.java:7731)
	at android.view.ViewRootImpl$InputStage.deliver(ViewRootImpl.java:7484)
	at android.view.ViewRootImpl$InputStage.onDeliverToNext(ViewRootImpl.java:7537)
	at android.view.ViewRootImpl$InputStage.forward(ViewRootImpl.java:7503)
	at android.view.ViewRootImpl$InputStage.apply(ViewRootImpl.java:7511)
	at android.view.ViewRootImpl$InputStage.deliver(ViewRootImpl.java:7484)
	at android.view.ViewRootImpl.deliverInputEvent(ViewRootImpl.java:10697)
	at android.view.ViewRootImpl.doProcessInputEvents(ViewRootImpl.java:10648)
	at android.view.ViewRootImpl.enqueueInputEvent(ViewRootImpl.java:10616)
	at android.view.ViewRootImpl.processRawInputEvent(ViewRootImpl.java:11039)
	at android.view.ViewRootImpl$WindowInputEventReceiver.onInputEvent(ViewRootImpl.java:10825)
	at android.view.InputEventReceiver.dispatchInputEvent(InputEventReceiver.java:277)
	at android.os.MessageQueue.nativePollOnce(Native Method)
	at android.os.MessageQueue.nextLegacy(MessageQueue.java:985)
	at android.os.MessageQueue.next(MessageQueue.java:1094)
	at android.os.Looper.loopOnce(Looper.java:197)
	at android.os.Looper.loop(Looper.java:367)
	at android.app.ActivityThread.main(ActivityThread.java:9287)
	at java.lang.reflect.Method.invoke(Native Method)
	at com.android.internal.os.RuntimeInit$MethodAndArgsCaller.run(RuntimeInit.java:566)
	at com.android.internal.os.ZygoteInit.main(ZygoteInit.java:929)


=== Logcat (best-effort) ===
--------- beginning of system
02-21 09:23:50.760 24234 24234 D InsetsController: show(ime())
02-21 09:23:50.765 24234 24234 D InsetsController: show(ime())
02-21 09:23:52.033 24234 24234 D InsetsController: hide(ime())
02-21 09:23:52.033 24234 24234 D InsetsController: Setting requestedVisibleTypes to 503 (was 511)
02-21 09:24:28.880 24234 24234 D InsetsController: hide(ime())
02-21 09:24:38.361 24234 24234 D InsetsController: hide(ime())
02-21 09:24:40.143 24234 24234 D InsetsController: hide(ime())
02-21 09:24:40.859 24234 24234 D InsetsController: hide(ime())
02-21 09:24:41.861 24234 24234 D InsetsController: show(ime())
02-21 09:24:41.861 24234 24234 D InsetsController: Setting requestedVisibleTypes to 511 (was 503)
02-21 09:24:41.880 24234 24234 D InsetsController: show(ime())
02-21 09:24:45.634 24234 24234 D InsetsController: hide(ime())
02-21 09:24:45.635 24234 24234 D InsetsController: Setting requestedVisibleTypes to 503 (was 511)
02-21 09:25:10.242 24234 24234 D InsetsController: show(ime())
02-21 09:25:10.242 24234 24234 D InsetsController: Setting requestedVisibleTypes to 511 (was 503)
02-21 09:25:10.246 24234 24234 D InsetsController: show(ime())
02-21 09:25:12.664 24234 24234 D InsetsController: show(ime())
02-21 09:25:12.677 24234 24234 D InsetsController: show(ime())
02-21 09:25:14.299 24234 24234 D InsetsController: show(ime())
02-21 09:25:14.313 24234 24234 D InsetsController: show(ime())
02-21 09:25:19.350 24234 24234 D InsetsController: show(ime())
02-21 09:25:19.354 24234 24234 D InsetsController: show(ime())
02-21 09:25:24.233 24234 24234 D InsetsController: hide(ime())
02-21 09:25:24.234 24234 24234 D InsetsController: Setting requestedVisibleTypes to 503 (was 511)
02-21 09:25:46.060 24234 24234 D InsetsController: show(ime())
02-21 09:25:46.061 24234 24234 D InsetsController: Setting requestedVisibleTypes to 511 (was 503)
02-21 09:25:46.064 24234 24234 D InsetsController: show(ime())
02-21 09:25:55.034 24234 24234 D InsetsController: hide(ime())
02-21 09:25:55.035 24234 24234 D InsetsController: Setting requestedVisibleTypes to 503 (was 511)
02-21 09:25:57.852 24234 24234 D InsetsController: hide(ime())
02-21 09:26:21.397 24234 24234 D InsetsController: show(ime())
02-21 09:26:21.398 24234 24234 D InsetsController: Setting requestedVisibleTypes to 511 (was 503)
02-21 09:26:21.402 24234 24234 D InsetsController: show(ime())
02-21 09:26:25.884 24234 24234 D InsetsController: hide(ime())
02-21 09:26:25.885 24234 24234 D InsetsController: Setting requestedVisibleTypes to 503 (was 511)
02-21 09:27:09.160 24234 24234 D InsetsController: show(ime())
02-21 09:27:09.161 24234 24234 D InsetsController: Setting requestedVisibleTypes to 511 (was 503)
02-21 09:27:09.165 24234 24234 D InsetsController: show(ime())
02-21 09:40:47.926 24234 24234 D InsetsController: show(ime())
02-21 09:40:47.941 24234 24234 D InsetsController: show(ime())
02-21 09:40:49.131 24234 24234 D InsetsController: show(ime())
02-21 09:40:49.143 24234 24234 D InsetsController: show(ime())
02-21 09:40:52.530 24234 24234 D InsetsController: hide(ime())
02-21 09:40:52.531 24234 24234 D InsetsController: Setting requestedVisibleTypes to 503 (was 511)
02-21 09:40:58.104 24234 24234 D InsetsController: hide(ime())
02-21 09:41:19.146 24234 24234 D InsetsController: show(ime())
02-21 09:41:19.146 24234 24234 D InsetsController: Setting requestedVisibleTypes to 511 (was 503)
02-21 09:41:19.158 24234 24234 D InsetsController: show(ime())
02-21 09:46:12.255 24234 24234 D InsetsController: hide(ime())
02-21 09:46:12.255 24234 24234 D InsetsController: Setting requestedVisibleTypes to 503 (was 511)
02-21 09:46:31.140 24234 24234 D InsetsController: hide(ime())
02-21 09:46:37.594 24234 24234 D InsetsController: hide(ime())
02-21 09:46:41.562 24234 24234 D InsetsController: show(ime())
02-21 09:46:41.562 24234 24234 D InsetsController: Setting requestedVisibleTypes to 511 (was 503)
02-21 09:46:41.565 24234 24234 D InsetsController: show(ime())
02-21 09:46:47.913 24234 24234 D InsetsController: show(ime())
02-21 09:46:47.915 24234 24234 D InsetsController: show(ime())
02-21 09:46:52.441 24234 24234 D InsetsController: hide(ime())
02-21 09:46:52.442 24234 24234 D InsetsController: Setting requestedVisibleTypes to 503 (was 511)
02-21 09:56:24.012 24234 24234 D InsetsController: show(ime())
02-21 09:56:24.012 24234 24234 D InsetsController: Setting requestedVisibleTypes to 511 (was 503)
02-21 09:56:24.014 24234 24234 D InsetsController: show(ime())
02-21 09:56:29.752 24234 24234 D InsetsController: hide(ime())
02-21 09:56:29.752 24234 24234 D InsetsController: Setting requestedVisibleTypes to 503 (was 511)
02-21 09:56:30.900 24234 24234 D InsetsController: hide(ime())
02-21 09:57:02.853 24234 24234 D InsetsController: show(ime())
02-21 09:57:02.855 24234 24234 D InsetsController: Setting requestedVisibleTypes to 511 (was 503)
02-21 09:57:02.861 24234 24234 D InsetsController: show(ime())
02-21 10:02:00.424 24234 24234 D InsetsController: hide(ime())
02-21 10:02:00.424 24234 24234 D InsetsController: Setting requestedVisibleTypes to 503 (was 511)
02-21 10:05:32.267 24234 24234 D InsetsController: hide(ime())
02-21 10:06:01.751 24234 24234 D InsetsController: show(ime())
02-21 10:06:01.753 24234 24234 D InsetsController: Setting requestedVisibleTypes to 511 (was 503)
02-21 10:06:01.759 24234 24234 D InsetsController: show(ime())
02-21 10:06:13.655 24234 24234 D InsetsController: show(ime())
02-21 10:06:13.658 24234 24234 D InsetsController: show(ime())
02-21 10:06:42.002 24234 24234 D InsetsController: hide(ime())
02-21 10:06:42.003 24234 24234 D InsetsController: Setting requestedVisibleTypes to 503 (was 511)
02-21 10:07:04.794 24234 24234 D InsetsController: show(ime())
02-21 10:07:04.795 24234 24234 D InsetsController: Setting requestedVisibleTypes to 511 (was 503)
02-21 10:07:04.800 24234 24234 D InsetsController: show(ime())
02-21 10:08:15.726 24234 24234 D InsetsController: hide(ime())
02-21 10:08:15.726 24234 24234 D InsetsController: Setting requestedVisibleTypes to 503 (was 511)
02-21 10:08:39.535 24234 24234 D InsetsController: show(ime())
02-21 10:08:39.535 24234 24234 D InsetsController: Setting requestedVisibleTypes to 511 (was 503)
02-21 10:08:39.539 24234 24234 D InsetsController: show(ime())
02-21 10:08:44.044 24234 24234 D InsetsController: show(ime())
02-21 10:08:44.047 24234 24234 D InsetsController: show(ime())
02-21 10:08:44.717 24234 24234 D InsetsController: hide(ime())
02-21 10:08:44.718 24234 24234 D InsetsController: Setting requestedVisibleTypes to 503 (was 511)
02-21 10:08:46.488 24234 24234 D InsetsController: show(ime())
02-21 10:08:46.489 24234 24234 D InsetsController: Setting requestedVisibleTypes to 511 (was 503)
02-21 10:08:46.508 24234 24234 D InsetsController: show(ime())
02-21 10:08:50.307 24234 24234 D InsetsController: show(ime())
02-21 10:08:50.310 24234 24234 D InsetsController: show(ime())
02-21 10:08:52.689 24234 24234 D InsetsController: hide(ime())
02-21 10:08:52.690 24234 24234 D InsetsController: Setting requestedVisibleTypes to 503 (was 511)
02-21 10:08:52.691 24234 24234 D InsetsController: hide(ime())
02-21 10:09:01.040 24234 24234 D InsetsController: hide(ime())
02-21 10:09:25.744 24234 24234 D InsetsController: show(ime())
02-21 10:09:25.745 24234 24234 D InsetsController: Setting requestedVisibleTypes to 511 (was 503)
02-21 10:09:25.752 24234 24234 D InsetsController: show(ime())
02-21 10:09:33.037 24234 24234 D InsetsController: show(ime())
02-21 10:09:33.052 24234 24234 D InsetsController: show(ime())
02-21 10:09:38.365 24234 24234 D InsetsController: show(ime())
02-21 10:09:38.382 24234 24234 D InsetsController: show(ime())
02-21 10:09:46.950 24234 24234 D InsetsController: show(ime())
02-21 10:09:46.957 24234 24234 D InsetsController: show(ime())
02-21 10:09:53.258 24234 24234 D InsetsController: hide(ime())
02-21 10:09:53.259 24234 24234 D InsetsController: Setting requestedVisibleTypes to 503 (was 511)
02-21 10:09:53.506 24234 24234 D InsetsController: hide(ime())
02-21 10:10:18.467 24234 24234 D InsetsController: show(ime())
02-21 10:10:18.467 24234 24234 D InsetsController: Setting requestedVisibleTypes to 511 (was 503)
02-21 10:10:18.470 24234 24234 D InsetsController: show(ime())
02-21 10:10:28.597 24234 24234 D InsetsController: show(ime())
02-21 10:10:28.613 24234 24234 D InsetsController: show(ime())
02-21 10:10:36.256 24234 24234 D InsetsController: show(ime())
02-21 10:10:36.268 24234 24234 D InsetsController: show(ime())
02-21 10:11:08.401 24234 24234 D InsetsController: show(ime())
02-21 10:11:08.407 24234 24234 D InsetsController: show(ime())
02-21 10:11:09.209 24234 24234 D InsetsController: show(ime())
02-21 10:11:09.216 24234 24234 D InsetsController: show(ime())
02-21 10:11:09.918 24234 24234 D InsetsController: hide(ime())
02-21 10:11:09.918 24234 24234 D InsetsController: Setting requestedVisibleTypes to 503 (was 511)
02-21 10:11:12.846 24234 24234 D InsetsController: show(ime())
02-21 10:11:12.847 24234 24234 D InsetsController: Setting requestedVisibleTypes to 511 (was 503)
02-21 10:11:12.855 24234 24234 D InsetsController: show(ime())
02-21 10:11:16.628 24234 24234 D InsetsController: show(ime())
02-21 10:11:16.633 24234 24234 D InsetsController: show(ime())
02-21 10:11:26.279 24234 24234 D InsetsController: show(ime())
02-21 10:11:26.294 24234 24234 D InsetsController: show(ime())
02-21 10:11:26.970 24234 24234 D InsetsController: hide(ime())
02-21 10:11:26.971 24234 24234 D InsetsController: Setting requestedVisibleTypes to 503 (was 511)
02-21 10:11:28.725 24234 24234 D InsetsController: show(ime())
02-21 10:11:28.725 24234 24234 D InsetsController: Setting requestedVisibleTypes to 511 (was 503)
02-21 10:11:28.733 24234 24234 D InsetsController: show(ime())
02-21 10:11:30.611 24234 24234 D InsetsController: hide(ime())
02-21 10:11:30.612 24234 24234 D InsetsController: Setting requestedVisibleTypes to 503 (was 511)
02-21 10:11:51.586 24234 24234 D InsetsController: show(ime())
02-21 10:11:51.586 24234 24234 D InsetsController: Setting requestedVisibleTypes to 511 (was 503)
02-21 10:11:51.591 24234 24234 D InsetsController: show(ime())
02-21 10:11:59.908 24234 24234 D InsetsController: show(ime())
02-21 10:11:59.914 24234 24234 D InsetsController: show(ime())
02-21 10:12:00.609 24234 24234 D InsetsController: hide(ime())
02-21 10:12:00.610 24234 24234 D InsetsController: Setting requestedVisibleTypes to 503 (was 511)
02-21 10:12:02.471 24234 24234 D InsetsController: show(ime())
02-21 10:12:02.471 24234 24234 D InsetsController: Setting requestedVisibleTypes to 511 (was 503)
02-21 10:12:02.477 24234 24234 D InsetsController: show(ime())
02-21 10:14:02.645 24234 24234 D InsetsController: hide(ime())
02-21 10:14:02.645 24234 24234 D InsetsController: Setting requestedVisibleTypes to 503 (was 511)
02-21 10:14:25.455 24234 24234 D InsetsController: show(ime())
02-21 10:14:25.455 24234 24234 D InsetsController: Setting requestedVisibleTypes to 511 (was 503)
02-21 10:14:25.458 24234 24234 D InsetsController: show(ime())
02-21 10:14:26.178 24234 24234 D InsetsController: hide(ime())
02-21 10:14:26.179 24234 24234 D InsetsController: Setting requestedVisibleTypes to 503 (was 511)
02-21 10:14:28.570 24234 24234 D InsetsController: show(ime())
02-21 10:14:28.570 24234 24234 D InsetsController: Setting requestedVisibleTypes to 511 (was 503)
02-21 10:14:28.589 24234 24234 D InsetsController: show(ime())
02-21 10:14:30.350 24234 24234 D InsetsController: show(ime())
02-21 10:14:30.354 24234 24234 D InsetsController: show(ime())
02-21 10:14:31.217 24234 24234 D InsetsController: show(ime())
02-21 10:14:31.222 24234 24234 D InsetsController: show(ime())
02-21 10:14:31.785 24234 24234 D InsetsController: show(ime())
02-21 10:14:31.790 24234 24234 D InsetsController: show(ime())
02-21 10:14:32.569 24234 24234 D InsetsController: show(ime())
02-21 10:14:32.573 24234 24234 D InsetsController: show(ime())
02-21 10:14:33.636 24234 24234 D InsetsController: show(ime())
02-21 10:14:33.637 24234 24234 D InsetsController: show(ime())
02-21 10:19:12.358 24234 24234 D InsetsController: show(ime())
02-21 10:19:13.933 24234 24234 D InsetsController: show(ime())
02-21 10:19:13.937 24234 24234 D InsetsController: show(ime())
02-21 10:19:14.172 24234 24234 D InsetsController: hide(ime())
02-21 10:19:14.173 24234 24234 D InsetsController: Setting requestedVisibleTypes to 503 (was 511)
02-21 10:19:14.385 24234 24234 D InsetsController: hide(ime())
02-21 10:19:14.619 24234 24234 D InsetsController: hide(ime())
02-21 10:19:16.561 24234 24234 D InsetsController: show(ime())
02-21 10:19:16.561 24234 24234 D InsetsController: Setting requestedVisibleTypes to 511 (was 503)
02-21 10:19:16.571 24234 24234 D InsetsController: show(ime())
02-21 10:19:16.855 24234 24234 D InsetsController: show(ime())
02-21 10:19:16.860 24234 24234 D InsetsController: show(ime())
02-21 10:19:18.281 24234 24234 D InsetsController: show(ime())
02-21 10:19:18.283 24234 24234 D InsetsController: show(ime())
02-21 10:19:18.790 24234 24234 D InsetsController: hide(ime())
02-21 10:19:18.790 24234 24234 D InsetsController: Setting requestedVisibleTypes to 503 (was 511)
02-21 10:19:19.960 24234 24234 D InsetsController: show(ime())
02-21 10:19:19.960 24234 24234 D InsetsController: Setting requestedVisibleTypes to 511 (was 503)
02-21 10:19:19.967 24234 24234 D InsetsController: show(ime())
02-21 10:19:21.491 24234 24234 D InsetsController: show(ime())
02-21 10:19:21.494 24234 24234 D InsetsController: show(ime())
02-21 10:19:22.193 24234 24234 D InsetsController: hide(ime())
02-21 10:19:22.193 24234 24234 D InsetsController: Setting requestedVisibleTypes to 503 (was 511)
02-21 10:19:47.882 24234 24234 D InsetsController: show(ime())
02-21 10:19:47.882 24234 24234 D InsetsController: Setting requestedVisibleTypes to 511 (was 503)
02-21 10:19:47.896 24234 24234 D InsetsController: show(ime())
02-21 10:20:09.005 24234 24234 D InsetsController: hide(ime())
02-21 10:20:09.006 24234 24234 D InsetsController: Setting requestedVisibleTypes to 503 (was 511)
02-21 10:20:39.385 24234 24234 D InsetsController: show(ime())
02-21 10:20:39.386 24234 24234 D InsetsController: Setting requestedVisibleTypes to 511 (was 503)
02-21 10:20:39.390 24234 24234 D InsetsController: show(ime())
02-21 10:20:49.211 24234 24234 D InsetsController: hide(ime())
02-21 10:20:49.212 24234 24234 D InsetsController: Setting requestedVisibleTypes to 503 (was 511)
02-21 10:21:20.275 24234 24234 D InsetsController: show(ime())
02-21 10:21:20.276 24234 24234 D InsetsController: Setting requestedVisibleTypes to 511 (was 503)
02-21 10:21:20.279 24234 24234 D InsetsController: show(ime())
02-21 10:21:22.744 24234 24234 D InsetsController: hide(ime())
02-21 10:21:22.744 24234 24234 D InsetsController: Setting requestedVisibleTypes to 503 (was 511)
02-21 10:23:28.877 24234 24234 D InsetsController: hide(ime())
02-21 10:23:31.822 24234 24234 D InsetsController: hide(ime())
02-21 10:23:35.414 24234 24234 D InsetsController: hide(ime())
02-21 10:23:48.998 24234 24234 D InsetsController: show(ime())
02-21 10:23:48.998 24234 24234 D InsetsController: Setting requestedVisibleTypes to 511 (was 503)
02-21 10:23:49.020 24234 24234 D InsetsController: show(ime())
02-21 10:24:00.133 24234 24234 D InsetsController: hide(ime())
02-21 10:24:00.134 24234 24234 D InsetsController: Setting requestedVisibleTypes to 503 (was 511)
02-21 10:24:28.776 24234 24234 D InsetsController: show(ime())
02-21 10:24:28.776 24234 24234 D InsetsController: Setting requestedVisibleTypes to 511 (was 503)
02-21 10:24:28.781 24234 24234 D InsetsController: show(ime())
02-21 10:24:50.340 24234 24234 D InsetsController: hide(ime())
02-21 10:24:50.341 24234 24234 D InsetsController: Setting requestedVisibleTypes to 503 (was 511)
02-21 10:25:17.899 24234 24234 D InsetsController: show(ime())
02-21 10:25:17.900 24234 24234 D InsetsController: Setting requestedVisibleTypes to 511 (was 503)
02-21 10:25:17.904 24234 24234 D InsetsController: show(ime())
02-21 10:25:25.369 24234 24234 D InsetsController: show(ime())
02-21 10:25:25.375 24234 24234 D InsetsController: show(ime())
02-21 10:25:33.533 24234 24234 D InsetsController: hide(ime())
02-21 10:25:33.534 24234 24234 D InsetsController: Setting requestedVisibleTypes to 503 (was 511)
02-21 10:26:00.563 24234 24234 D InsetsController: show(ime())
02-21 10:26:00.563 24234 24234 D InsetsController: Setting requestedVisibleTypes to 511 (was 503)
02-21 10:26:00.569 24234 24234 D InsetsController: show(ime())
02-21 10:27:37.205 24234 24234 D InsetsController: show(ime())
02-21 10:27:37.207 24234 24234 D InsetsController: show(ime())
02-21 10:27:41.532 24234 24234 D InsetsController: hide(ime())
02-21 10:27:41.533 24234 24234 D InsetsController: Setting requestedVisibleTypes to 503 (was 511)
02-21 10:28:07.897 24234 24234 D InsetsController: show(ime())
02-21 10:28:07.898 24234 24234 D InsetsController: Setting requestedVisibleTypes to 511 (was 503)
02-21 10:28:07.912 24234 24234 D InsetsController: show(ime())
02-21 10:29:06.608 24234 24234 D InsetsController: hide(ime())
02-21 10:29:06.609 24234 24234 D InsetsController: Setting requestedVisibleTypes to 503 (was 511)
02-21 10:29:31.067 24234 24234 D InsetsController: show(ime())
02-21 10:29:31.067 24234 24234 D InsetsController: Setting requestedVisibleTypes to 511 (was 503)
02-21 10:29:31.070 24234 24234 D InsetsController: show(ime())
02-21 10:31:15.975 24234 24234 D InsetsController: show(ime())
02-21 10:31:15.979 24234 24234 D InsetsController: show(ime())
02-21 10:31:20.216 24234 24234 D InsetsController: hide(ime())
02-21 10:31:20.217 24234 24234 D InsetsController: Setting requestedVisibleTypes to 503 (was 511)
02-21 10:31:46.024 24234 24234 D InsetsController: show(ime())
02-21 10:31:46.025 24234 24234 D InsetsController: Setting requestedVisibleTypes to 511 (was 503)
02-21 10:31:46.035 24234 24234 D InsetsController: show(ime())
02-21 10:36:22.414 24234 24234 D InsetsController: show(ime())
02-21 10:36:22.433 24234 24234 D InsetsController: show(ime())
02-21 10:36:23.108 24234 24234 D InsetsController: hide(ime())
02-21 10:36:23.109 24234 24234 D InsetsController: Setting requestedVisibleTypes to 503 (was 511)
02-21 10:40:08.052 24234 24234 D InsetsController: show(ime())
02-21 10:40:08.052 24234 24234 D InsetsController: Setting requestedVisibleTypes to 511 (was 503)
02-21 10:40:08.070 24234 24234 D InsetsController: show(ime())
02-21 10:40:10.690 24234 24234 D InsetsController: show(ime())
02-21 10:40:10.693 24234 24234 D InsetsController: show(ime())
02-21 10:40:11.357 24234 24234 D InsetsController: show(ime())
02-21 10:40:11.358 24234 24234 D InsetsController: show(ime())
02-21 10:40:11.875 24234 24234 D InsetsController: show(ime())
02-21 10:40:11.878 24234 24234 D InsetsController: show(ime())
02-21 10:40:13.943 24234 24234 D InsetsController: show(ime())
02-21 10:40:13.945 24234 24234 D InsetsController: show(ime())
02-21 10:40:15.357 24234 24234 D InsetsController: show(ime())
02-21 10:40:15.359 24234 24234 D InsetsController: show(ime())
02-21 10:40:16.841 24234 24234 D InsetsController: hide(ime())
02-21 10:40:16.841 24234 24234 D InsetsController: Setting requestedVisibleTypes to 503 (was 511)
02-21 10:40:16.843 24234 24234 D InsetsController: hide(ime())
02-21 10:40:22.868 24234 24234 D InsetsController: show(ime())
02-21 10:40:22.868 24234 24234 D InsetsController: Setting requestedVisibleTypes to 511 (was 503)
02-21 10:40:22.871 24234 24234 D InsetsController: show(ime())
02-21 10:40:29.264 24234 24234 D InsetsController: hide(ime())
02-21 10:40:29.265 24234 24234 D InsetsController: Setting requestedVisibleTypes to 503 (was 511)
02-21 10:40:55.627 24234 24234 D InsetsController: show(ime())
02-21 10:40:55.628 24234 24234 D InsetsController: Setting requestedVisibleTypes to 511 (was 503)
02-21 10:40:55.633 24234 24234 D InsetsController: show(ime())
02-21 10:40:59.094 24234 24234 D InsetsController: show(ime())
02-21 10:40:59.108 24234 24234 D InsetsController: show(ime())
02-21 10:41:01.345 24234 24234 D InsetsController: show(ime())
02-21 10:41:01.360 24234 24234 D InsetsController: show(ime())
02-21 10:41:02.191 24234 24234 D InsetsController: show(ime())
02-21 10:41:02.198 24234 24234 D InsetsController: show(ime())
02-21 10:41:02.742 24234 24234 D InsetsController: show(ime())
02-21 10:41:02.746 24234 24234 D InsetsController: show(ime())
02-21 10:41:03.209 24234 24234 D InsetsController: hide(ime())
02-21 10:41:03.209 24234 24234 D InsetsController: Setting requestedVisibleTypes to 503 (was 511)
02-21 10:41:06.817 24234 24234 D InsetsController: show(ime())
02-21 10:41:06.818 24234 24234 D InsetsController: Setting requestedVisibleTypes to 511 (was 503)
02-21 10:41:06.832 24234 24234 D InsetsController: show(ime())
02-21 10:41:09.483 24234 24234 D InsetsController: show(ime())
02-21 10:41:09.486 24234 24234 D InsetsController: show(ime())
02-21 10:41:10.181 24234 24234 D InsetsController: hide(ime())
02-21 10:41:10.182 24234 24234 D InsetsController: Setting requestedVisibleTypes to 503 (was 511)
02-21 10:41:27.167 24234 24234 D InsetsController: show(ime())
02-21 10:41:27.167 24234 24234 D InsetsController: Setting requestedVisibleTypes to 511 (was 503)
02-21 10:41:27.187 24234 24234 D InsetsController: show(ime())
02-21 10:41:28.816 24234 24234 D InsetsController: show(ime())
02-21 10:41:28.819 24234 24234 D InsetsController: show(ime())
02-21 10:41:29.401 24234 24234 D InsetsController: show(ime())
02-21 10:41:29.405 24234 24234 D InsetsController: show(ime())
02-21 10:41:30.117 24234 24234 D InsetsController: show(ime())
02-21 10:41:30.120 24234 24234 D InsetsController: show(ime())
02-21 10:41:30.952 24234 24234 D InsetsController: show(ime())
02-21 10:41:30.955 24234 24234 D InsetsController: show(ime())
02-21 10:41:32.370 24234 24234 D InsetsController: show(ime())
02-21 10:41:32.373 24234 24234 D InsetsController: show(ime())
02-21 10:41:35.859 24234 24234 D InsetsController: hide(ime())
02-21 10:41:35.859 24234 24234 D InsetsController: Setting requestedVisibleTypes to 503 (was 511)
02-21 10:41:38.837 24234 24234 D InsetsController: show(ime())
02-21 10:41:38.837 24234 24234 D InsetsController: Setting requestedVisibleTypes to 511 (was 503)
02-21 10:41:38.843 24234 24234 D InsetsController: show(ime())
02-21 10:41:46.024 24234 24234 D InsetsController: hide(ime())
02-21 10:41:46.025 24234 24234 D InsetsController: Setting requestedVisibleTypes to 503 (was 511)
02-21 10:42:12.471 24234 24234 D InsetsController: show(ime())
02-21 10:42:12.472 24234 24234 D InsetsController: Setting requestedVisibleTypes to 511 (was 503)
02-21 10:42:12.485 24234 24234 D InsetsController: show(ime())
02-21 10:42:17.293 24234 24234 D InsetsController: show(ime())
02-21 10:42:17.304 24234 24234 D InsetsController: show(ime())
02-21 10:42:17.707 24234 24234 D InsetsController: show(ime())
02-21 10:42:17.720 24234 24234 D InsetsController: show(ime())
02-21 10:42:18.090 24234 24234 D InsetsController: show(ime())
02-21 10:42:18.103 24234 24234 D InsetsController: show(ime())
02-21 10:42:18.492 24234 24234 D InsetsController: show(ime())
02-21 10:42:18.505 24234 24234 D InsetsController: show(ime())
02-21 10:42:19.001 24234 24234 D InsetsController: hide(ime())
02-21 10:42:19.002 24234 24234 D InsetsController: Setting requestedVisibleTypes to 503 (was 511)
02-21 10:42:20.338 24234 24234 D InsetsController: show(ime())
02-21 10:42:20.339 24234 24234 D InsetsController: Setting requestedVisibleTypes to 511 (was 503)
02-21 10:42:20.342 24234 24234 D InsetsController: show(ime())
02-21 10:42:25.087 24234 24234 D InsetsController: show(ime())
02-21 10:42:25.098 24234 24234 D InsetsController: show(ime())
02-21 10:42:25.792 24234 24234 D InsetsController: hide(ime())
02-21 10:42:25.792 24234 24234 D InsetsController: Setting requestedVisibleTypes to 503 (was 511)
02-21 10:42:43.169 24234 24234 D InsetsController: show(ime())
02-21 10:42:43.169 24234 24234 D InsetsController: Setting requestedVisibleTypes to 511 (was 503)
02-21 10:42:43.183 24234 24234 D InsetsController: show(ime())
02-21 10:42:47.999 24234 24234 D InsetsController: show(ime())
02-21 10:42:48.002 24234 24234 D InsetsController: show(ime())
02-21 10:42:53.224 24234 24234 D InsetsController: hide(ime())
02-21 10:42:53.225 24234 24234 D InsetsController: Setting requestedVisibleTypes to 503 (was 511)
02-21 10:43:23.574 24234 24234 D InsetsController: show(ime())
02-21 10:43:23.574 24234 24234 D InsetsController: Setting requestedVisibleTypes to 511 (was 503)
02-21 10:43:23.591 24234 24234 D InsetsController: show(ime())
02-21 10:43:24.268 24234 24234 D InsetsController: hide(ime())
02-21 10:43:24.269 24234 24234 D InsetsController: Setting requestedVisibleTypes to 503 (was 511)
02-21 10:43:34.540 24234 24234 D InsetsController: show(ime())
02-21 10:43:34.540 24234 24234 D InsetsController: Setting requestedVisibleTypes to 511 (was 503)
02-21 10:43:34.557 24234 24234 D InsetsController: show(ime())
02-21 10:43:39.713 24234 24234 D InsetsController: hide(ime())
02-21 10:43:39.713 24234 24234 D InsetsController: Setting requestedVisibleTypes to 503 (was 511)
02-21 10:43:39.714 24234 24234 D InsetsController: hide(ime())
02-21 10:43:46.474 24234 24234 D InsetsController: show(ime())
02-21 10:43:46.475 24234 24234 D InsetsController: Setting requestedVisibleTypes to 511 (was 503)
02-21 10:43:46.479 24234 24234 D InsetsController: show(ime())
02-21 10:43:47.734 24234 24234 D InsetsController: hide(ime())
02-21 10:43:47.735 24234 24234 D InsetsController: Setting requestedVisibleTypes to 503 (was 511)
--------- beginning of main
02-21 10:44:05.396 24234  3616 D LiteRtLM: Cooldown delay: key='Gemma3n4B|/data/user/0/com.negi.survey/files/gemma-3n-E4B-it-int4.litertlm' delay=238ms reason='runInference-start'
02-21 10:44:05.408 24234 24234 D AiScreen: Step rendered (context=sid=1|nid=Q6 node=Q6 runId=24 phase=EVAL mode=EVAL_JSON showJson=true twoStep=true rawLen=279 followups=0 timedOut=false)
02-21 10:44:05.655 24234  2184 I native  : I0000 00:00:1771699445.655019    2184 model_data_processor_factory.cc:266] Creating Gemma3DataProcessor
02-21 10:44:05.655 24234  2184 D LiteRtLM: resetConversationInternal done: key='Gemma3n4B|/data/user/0/com.negi.survey/files/gemma-3n-E4B-it-int4.litertlm' reason='resetConversation'
02-21 10:44:05.656 24234  2184 D LiteRtLM: runInference start: key='Gemma3n4B|/data/user/0/com.negi.survey/files/gemma-3n-E4B-it-int4.litertlm' runId=68 hasText=true textLen=1549 images=0 audioClips=0
02-21 10:44:05.656 24234  2184 I LiteRtLM: LiteRT-LM sendMessageAsync(text): key='Gemma3n4B|/data/user/0/com.negi.survey/files/gemma-3n-E4B-it-int4.litertlm' runId=68 len=1549
02-21 10:44:05.659 24234  2184 I native  : I0000 00:00:1771699445.659115    2184 session_basic.cc:312] RunPrefillAsync: 
02-21 10:44:05.659 24234  2184 I native  : I0000 00:00:1771699445.659197    2184 session_basic.cc:314] <start_of_turn>user
02-21 10:44:05.659 24234  2184 I native  : Wewe ni mtaalamu mashuhuri wa tafiti za wakulima. Soma Swali na Jibu.
02-21 10:44:05.659 24234  2184 I native  : OUTPUT FORMAT:
02-21 10:44:05.659 24234  2184 I native  : - In Swahili.
02-21 10:44:05.659 24234  2184 I native  : - Return ONLY the follow-up question as plain text on ONE LINE.
02-21 10:44:05.659 24234  2184 I native  : - Do NOT output JSON.
02-21 10:44:05.659 24234  2184 I native  : - Do NOT wrap the question in quotes.
02-21 10:44:05.659 24234  2184 I native  : - No prefixes, no bullet points, no extra text.
02-21 10:44:05.659 24234  2184 I native  : 
02-21 10:44:05.659 24234  2184 I native  : RULES:
02-21 10:44:05.659 24234  2184 I native  : - Use ONLY the EVAL JSON input.
02-21 10:44:05.659 24234  2184 I native  : - If followup_needed is false, output an EMPTY string (no characters).
02-21 10:44:05.659 24234  2184 I native  : - If true, target exactly followup_target.
02-21 10:44:05.659 24234  2184 I native  : - Single-scope, concrete, answerable immediately.
02-21 10:44:05.659 24234  2184 I native  : - Do not introduce new topics or additional objectives.
02-21 10:44:05.659 24234  2184 I native  : LENGTH LIMITS:
02-21 10:44:05.659 24234  2184 I native  : - follow-up question (text)<=120 chars
02-21 10:44:05.659 24234  2184 I native  : Scoring rule: Judge ONLY content relevance/completeness/accuracy. Do NOT penalize style or formatting.
02-21 10:44:05.659 24234  2184 I native  : STRICT OUTPUT (NO MARKDOWN):
02-21 10:44:05.659 24234  2184 I native  : - If the task is EVAL: output RAW JSON only, ONE LINE.
02-21 10:44:05.659 24234  2184 I native  :   - Use COMPACT JSON (no spaces around ':' and ',').
02-21 10:44:05.659 24234  2184 I native  :   - No extra text.
02-21 10:44:05.659 24234  2184 I native  : - If the task is FOLLOWUP: output ONLY the follow-up question as plain text on ONE LINE, or EMPTY output if none.
02-21 10:44:05.659 24234  2184 I native  :   - No JSON, no quotes, no extra text.
02-21 10:44:05.659 24234  2184 I native  : Jibu kwa kitu cha JSON kilicho tupu: {}
02-21 10:44:05.659 24234  2184 I native  : INPUT:
02-21 10:44:05.659 24234  2184 I native  : Kazi: FOLLOWUP
02-21 10:44:05.659 24234  2184 I native  : - Soma EVAL JSON.
02-21 10:44:05.659 24234  2184 I native  : - Ikiwa followup_needed ni false: toa TUPU (hakuna herufi).
02-21 10:44:05.659 24234  2184 I native  : - Ikiwa ni true: toa SWALI MOJA la ufuatiliaji kama maandishi (safu moja), likilenga hasa followup_target.
02-21 10:44:05.659 24234  2184 I native  : - Usitoe JSON.
02-21 10:44:05.659 24234  2184 I native  : 
02-21 10:44:05.659 24234  2184 I native  : EVAL_JSON: {"analysis": "Jibu haina mana na haifai.", "weakness": "Jibu haina mana na haitoa tarifa kuhusu madhara ya ukame kwa zao.", "followup_needed": true, "followup_target": "Tafadhali toa majibu sahi kuhusu wakati ambao ukame hucause madhara makubwa zaidi kwa zao lako.", "score": 1}<end_of_turn>
02-21 10:44:05.659 24234  2184 I native  : <start_of_turn>model
02-21 10:44:06.052 24234 24467 I native  : I0000 00:00:1771699446.052338   24467 session_basic.cc:350] RunPrefillAsync status: OK
02-21 10:44:06.052 24234 24467 I native  : I0000 00:00:1771699446.052440   24467 session_basic.cc:470] RunDecodeAsync
02-21 10:44:07.203 24234 24242 I com.negi.survey: Background concurrent mark compact GC freed 23MB AllocSpace bytes, 0(0B) LOS objects, 79% free, 6182KB/30MB, paused 2.041ms,3.611ms total 146.258ms
02-21 10:44:07.625 24234  2184 D AiViewModel: run[25] chunk[1].preview='T'
02-21 10:44:07.786 24234  2184 D AiViewModel: run[25] chunk[2].preview='af'
02-21 10:44:07.977 24234  6124 D AiViewModel: run[25] chunk[3].preview='adh'
02-21 10:44:08.122 24234  2184 D AiViewModel: run[25] chunk[4].preview='ali'
02-21 10:44:08.310 24234  2184 D AiViewModel: run[25] chunk[5].preview='␠toa'
02-21 10:44:08.453 24234  2184 D AiViewModel: run[25] chunk[6].preview='␠maj'
02-21 10:44:08.627 24234  2184 D AiViewModel: run[25] chunk[7].preview='ibu'
02-21 10:44:08.785 24234  2184 D AiViewModel: run[25] chunk[8].preview='␠sahi'
02-21 10:44:08.978 24234  2184 D AiViewModel: run[25] chunk[9].preview='␠kuhusu'
02-21 10:44:09.115 24234  2184 D AiViewModel: run[25] chunk[10].preview='␠wakati'
02-21 10:44:09.312 24234  2184 D AiViewModel: run[25] chunk[11].preview='␠ambao'
02-21 10:44:09.443 24234  2184 D AiViewModel: run[25] chunk[12].preview='␠uk'
02-21 10:44:09.630 24234  2184 D AiViewModel: run[25] chunk[13].preview='ame'
02-21 10:44:09.767 24234  2184 D AiViewModel: run[25] chunk[14].preview='␠h'
02-21 10:44:09.946 24234  6124 D AiViewModel: run[25] chunk[15].preview='uc'
02-21 10:44:10.105 24234  6124 D AiViewModel: run[25] chunk[16].preview='ause'
02-21 10:44:10.112 24234 24257 D RuntimeLogStore: openWriter: rotate:maxFileBytes -> /data/user/0/com.negi.survey/files/diagnostics/runtime_logs/rtlog_20260221_184410_107_pid24234_seq3.log (bytes=0 format=LEGACY)
02-21 10:44:10.117 24234 24257 D RuntimeLogStore: retention: rotate:maxFileBytes files=2 kept=2 totalBytes=900322
02-21 10:44:10.295 24234  2184 D AiViewModel: run[25] chunk[17].preview='␠mad'
02-21 10:44:10.441 24234  2184 D AiViewModel: run[25] chunk[18].preview='hara'
02-21 10:44:10.613 24234  2184 D AiViewModel: run[25] chunk[19].preview='␠mak'
02-21 10:44:10.770 24234  6124 D AiViewModel: run[25] chunk[20].preview='ubwa'
02-21 10:44:10.965 24234  2184 D AiViewModel: run[25] chunk[21].preview='␠zaidi'
02-21 10:44:11.101 24234  2184 D AiViewModel: run[25] chunk[22].preview='␠kwa'
02-21 10:44:11.297 24234  6124 D AiViewModel: run[25] chunk[23].preview='␠z'
02-21 10:44:11.431 24234  6124 D AiViewModel: run[25] chunk[24].preview='ao'
02-21 10:44:11.599 24234  2184 D AiViewModel: run[25] chunk[25].preview='␠lako'
02-21 10:44:11.797 24234  2184 D AiViewModel: run[25] chunk[26].preview='.'
02-21 10:44:11.931 24234 24234 D LiteRtRepository: [68] logical done=true (waiting native termination safe point)
02-21 10:44:11.931 24234 24234 D LiteRtRepository: [68] cleanUpListener (native termination safe point)
02-21 10:44:11.932 24234  2184 D LiteRtRepository: [68] scheduleResetAfterSafepoint: begin (tag='native-terminated')
02-21 10:44:11.933 24234  4763 D LiteRtRepository: [68] resetConversation ok (after safepoint, tag='native-terminated')
02-21 10:44:11.933 24234  4763 D LiteRtRepository: [68] scheduleResetAfterSafepoint: end (tag='native-terminated')
02-21 10:44:11.934 24234  2184 D AiViewModel: run[25] stats: chunks=26, chars=95, raw.len=95
02-21 10:44:11.934 24234  2184 D AiViewModel: run[25] sha(raw)=e303cad7009e50cd3940a9b38ddb085dae07fcca6bff412f829fc648f36024f7
02-21 10:44:11.934 24234  2184 D AiViewModel: run[25] rawVisible='Tafadhali␠toa␠majibu␠sahi␠kuhusu␠wakati␠ambao␠ukame␠hucause␠madhara␠makubwa␠zaidi␠kwa␠zao␠lako.'
02-21 10:44:11.935 24234  2184 D AiViewModel: run[25]: FOLLOWUP parse extractorQ='' textQ='Tafadhali␠toa␠majibu␠sahi␠kuhusu␠wakati␠ambao␠ukame␠hucause␠madhara␠makubwa␠zaidi␠kwa␠zao␠lako.' best='Tafadhali␠toa␠majibu␠sahi␠kuhusu␠wakati␠ambao␠ukame␠hucause␠madhara␠makubwa␠zaidi␠kwa␠zao␠lako.'
02-21 10:44:11.936 24234  2184 D AiViewModel: stepHistory+ runId=25 phase=FOLLOWUP mode=FOLLOWUP_JSON_OR_TEXT raw.len=95 score=null FU=1 FU0='Tafadhali␠toa␠majibu␠sahi␠kuhusu␠wakati␠ambao␠ukame␠hucause␠madhara␠makubwa␠zaidi␠kwa␠zao␠lako.' timeout=false err=null
02-21 10:44:11.936 24234  2184 I AiViewModel: run[25] done: phase=FOLLOWUP mode=FOLLOWUP_JSON_OR_TEXT score=null FU[0]=Tafadhali toa majibu sahi kuhusu wakati ambao ukame hucause madhara makubwa zaidi kwa zao lako. commit=false err=<none>
02-21 10:44:11.936 24234  2184 I FullTextOut: [part=000] run[25]: RawTextOut
02-21 10:44:11.936 24234  2184 I FullTextOut: Tafadhali toa majibu sahi kuhusu wakati ambao ukame hucause madhara makubwa zaidi kwa zao lako.
02-21 10:44:11.952 24234 24234 I AiScreen: Follow-up persisted (context=sid=1|nid=Q6 node=Q6 runId=25 phase=FOLLOWUP mode=FOLLOWUP_JSON_OR_TEXT twoStep=true len=95 preview="Tafadhali toa majibu sahi kuhusu wakati ambao ukame hucause madhara makubwa zaidi kwa zao lako." displayedAsPlain=true)
02-21 10:44:11.953 24234 24234 D AiScreen: Step rendered (context=sid=1|nid=Q6 node=Q6 runId=25 phase=FOLLOWUP mode=FOLLOWUP_JSON_OR_TEXT showJson=false twoStep=true rawLen=95 followups=1 timedOut=false)
02-21 10:44:12.019 24234 24234 D InsetsController: show(ime())
02-21 10:44:12.019 24234 24234 I ImeTracker: com.negi.survey:61354406: onRequestShow at ORIGIN_CLIENT reason SHOW_SOFT_INPUT_BY_INSETS_API fromUser false
02-21 10:44:12.019 24234 24234 D InsetsController: Setting requestedVisibleTypes to 511 (was 503)
02-21 10:44:12.023 24234 24234 I ImeTracker: com.negi.survey:d61871c0: onRequestShow at ORIGIN_CLIENT reason SHOW_SOFT_INPUT fromUser false
02-21 10:44:12.023 24234 24234 D InsetsController: show(ime())
02-21 10:44:12.024 24234 24234 I ImeTracker: com.negi.survey:d61871c0: onCancelled at PHASE_CLIENT_REPORT_REQUESTED_VISIBLE_TYPES
02-21 10:44:12.152 24234 24234 D WindowOnBackDispatcher: setTopOnBackInvokedCallback (unwrapped): android.view.ImeBackAnimationController@28142a
02-21 10:44:12.189 24234  2184 I native  : I0000 00:00:1771699452.189909    2184 model_data_processor_factory.cc:266] Creating Gemma3DataProcessor
02-21 10:44:12.190 24234  2184 D LiteRtLM: resetConversationInternal done: key='Gemma3n4B|/data/user/0/com.negi.survey/files/gemma-3n-E4B-it-int4.litertlm' reason='resetConversation'
02-21 10:44:12.196 24234 24234 D VRI[MainActivity]: WindowInsets changed: ime:[0,0,0,1043] 
02-21 10:44:12.510 24234 24234 I ImeTracker: com.negi.survey:61354406: onShown
02-21 10:44:23.038 24234 24234 D InsetsController: show(ime())
02-21 10:44:23.039 24234 24234 I ImeTracker: com.negi.survey:b49ffd2f: onRequestShow at ORIGIN_CLIENT reason SHOW_SOFT_INPUT_BY_INSETS_API fromUser false
02-21 10:44:23.039 24234 24234 I ImeTracker: com.negi.survey:b49ffd2f: onCancelled at PHASE_CLIENT_APPLY_ANIMATION
02-21 10:44:23.043 24234 24234 I ImeTracker: com.negi.survey:e731d9e9: onRequestShow at ORIGIN_CLIENT reason SHOW_SOFT_INPUT fromUser false
02-21 10:44:23.043 24234 24234 D InsetsController: show(ime())
02-21 10:44:23.043 24234 24234 I ImeTracker: com.negi.survey:e731d9e9: onCancelled at PHASE_CLIENT_APPLY_ANIMATION
02-21 10:44:23.455 24234 24242 I com.negi.survey: Background concurrent mark compact GC freed 23MB AllocSpace bytes, 1(68KB) LOS objects, 79% free, 6330KB/30MB, paused 6.132ms,1.759ms total 132.450ms
02-21 10:44:29.250 24234 24242 I com.negi.survey: Background concurrent mark compact GC freed 17MB AllocSpace bytes, 0(0B) LOS objects, 80% free, 6018KB/29MB, paused 2.327ms,3.846ms total 114.512ms
02-21 10:44:29.566 24234 24234 D SurveyVM: hasTwoStepPrompt[Q6] -> true (eval=303, fu=240)
02-21 10:44:29.566 24234 24234 I AiScreen: Submit begin runId=ai-Q6-1729498497-1729498497920812 node=Q6 role=FOLLOWUP isTwoStep=true sessionId=1 surveyUuid=c0b10229-7075-4b52-8b7a-56b17be560f6 qLen=95 aLen=28 qPreview="Tafadhali toa majibu sahi kuhusu wakati ambao ukame hucause madhara makubwa zaidi kwa zao lako." aPreview="the gfgdff dzhfr and is R HC"
02-21 10:44:29.566 24234 24234 D SurveyVM: getEvalPrompt[Q6] -> len=404
02-21 10:44:29.567 24234 24234 I AiScreen: Submit end runId=ai-Q6-1729498497-1729498497920812 node=Q6 elapsed=1ms
02-21 10:44:29.567 24234  2184 D AiViewModel: run[26]: mode=EVAL_JSON phase=EVAL commit=true prompt.len=404, fullPrompt.len=1548, timeoutMs=120000
02-21 10:44:29.569 24234  2184 D AiViewModel: run[26]: sha(prompt)=3ceec2696c052c3497a9aab7042b3f95575c3e0f30e1c11521f3322445d5794a sha(full)=60ca39814472dc40025bfcd67a617f072af23901adf9a2ccd39e7dffe20f56b2
02-21 10:44:29.569 24234  2184 I FullPromptReview: [part=000] run[26]: phase=EVAL FullPrompt
02-21 10:44:29.569 24234  2184 I FullPromptReview: Wewe ni mtaalamu mashuhuri wa tafiti za wakulima. Soma Swali na Jibu.
02-21 10:44:29.569 24234  2184 I FullPromptReview: OUTPUT FORMAT:
02-21 10:44:29.569 24234  2184 I FullPromptReview: - In Swahili.
02-21 10:44:29.569 24234  2184 I FullPromptReview: - Keys exactly:
02-21 10:44:29.569 24234  2184 I FullPromptReview:   • "analysis": short string
02-21 10:44:29.569 24234  2184 I FullPromptReview:   • "weakness": short string
02-21 10:44:29.569 24234  2184 I FullPromptReview:   • "followup_needed": boolean
02-21 10:44:29.569 24234  2184 I FullPromptReview:   • "followup_target": short string
02-21 10:44:29.569 24234  2184 I FullPromptReview:   • "score": integer 1–100
02-21 10:44:29.569 24234  2184 I FullPromptReview: 
02-21 10:44:29.569 24234  2184 I FullPromptReview: RULES:
02-21 10:44:29.569 24234  2184 I FullPromptReview: - Judge ONLY content relevance/completeness/accuracy.
02-21 10:44:29.569 24234  2184 I FullPromptReview: - Do NOT generate a follow-up question here.
02-21 10:44:29.569 24234  2184 I FullPromptReview: - followup_target must be single-scope (one biggest uncertainty).
02-21 10:44:29.569 24234  2184 I FullPromptReview: - Do NOT use double quotes (") inside string values. Use single quotes or no quotes.
02-21 10:44:29.569 24234  2184 I FullPromptReview: - Do NOT copy the Answer verbatim into the JSON.
02-21 10:44:29.569 24234  2184 I FullPromptReview: LENGTH LIMITS:
02-21 10:44:29.569 24234  2184 I FullPromptReview: - analysis<=60 chars
02-21 10:44:29.569 24234  2184 I FullPromptReview: - weakness<=120 chars
02-21 10:44:29.569 24234  2184 I FullPromptReview: - followup_target<=80 chars
02-21 10:44:29.569 24234  2184 I FullPromptReview: - score is integer 1–100
02-21 10:44:29.569 24234  2184 I FullPromptReview: Scoring rule: Judge ONLY content relevance/completeness/accuracy. Do NOT penalize style or formatting.
02-21 10:44:29.569 24234  2184 I FullPromptReview: STRICT OUTPUT (NO MARKDOWN):
02-21 10:44:29.569 24234  2184 I FullPromptReview: - If the task is EVAL: output RAW JSON only, ONE LINE.
02-21 10:44:29.569 24234  2184 I FullPromptReview:   - Use COMPACT JSON (no spaces around ':' and ',').
02-21 10:44:29.569 24234  2184 I FullPromptReview:   - No extra text.
02-21 10:44:29.569 24234  2184 I FullPromptReview: - If the task is FOLLOWUP: output ONLY the follow-up question as plain text on ONE LINE, or EMPTY output if none.
02-21 10:44:29.569 24234  2184 I FullPromptReview:   - No JSON, no quotes, no extra text.
02-21 10:44:29.569 24234  2184 I FullPromptReview: Jibu kwa kitu cha JSON kilicho tupu: {}
02-21 10:44:29.569 24234  2184 I FullPromptReview: INPUT:
02-21 10:44:29.569 24234  2184 I FullPromptReview: Kazi: EVAL
02-21 10:44:29.569 24234  2184 I FullPromptReview: - Tathmini Jibu kwa Swali.
02-21 10:44:29.569 24234  2184 I FullPromptReview: - Andika weakness (kile kinachokosekana/kisicho wazi).
02-21 10:44:29.569 24234  2184 I FullPromptReview: - Tambua hoja moja kubwa zaidi iliyokosekana/kutoeleweka kama followup_target.
02-21 10:44:29.569 24234  2184 I FullPromptReview: - Weka followup_needed true ikiwa ufafanuzi unahitajika, vinginevyo false.
02-21 10:44:29.569 24234  2184 I FullPromptReview: - Toa score 1–100.
02-21 10:44:29.569 24234  2184 I FullPromptReview: 
02-21 10:44:29.569 24234  2184 I FullPromptReview: Swali: Tafadhali toa majibu sahi kuhusu wakati ambao ukame hucause madhara makubwa zaidi kwa zao lako.
02-21 10:44:29.569 24234  2184 I FullPromptReview: Jibu: the gfgdff dzhfr and is R HC
02-21 10:44:29.570 24234  3616 D LiteRtRepository: [69] request start: model='Gemma3n4B', prompt.len=1548, sha=60ca39814472dc40, gateWaitMs=0
02-21 10:44:29.571 24234  2184 D LiteRtRepository: [69] initializeIfNeeded ok (initMs=1)
02-21 10:44:29.572 24234  2184 D LiteRtLM: runInference start: key='Gemma3n4B|/data/user/0/com.negi.survey/files/gemma-3n-E4B-it-int4.litertlm' runId=69 hasText=true textLen=1548 images=0 audioClips=0
02-21 10:44:29.572 24234  2184 I LiteRtLM: LiteRT-LM sendMessageAsync(text): key='Gemma3n4B|/data/user/0/com.negi.survey/files/gemma-3n-E4B-it-int4.litertlm' runId=69 len=1548
02-21 10:44:29.578 24234  2184 I native  : I0000 00:00:1771699469.578647    2184 session_basic.cc:312] RunPrefillAsync: 
02-21 10:44:29.578 24234  2184 I native  : I0000 00:00:1771699469.578840    2184 session_basic.cc:314] <start_of_turn>user
02-21 10:44:29.578 24234  2184 I native  : Wewe ni mtaalamu mashuhuri wa tafiti za wakulima. Soma Swali na Jibu.
02-21 10:44:29.578 24234  2184 I native  : OUTPUT FORMAT:
02-21 10:44:29.578 24234  2184 I native  : - In Swahili.
02-21 10:44:29.578 24234  2184 I native  : - Keys exactly:
02-21 10:44:29.578 24234  2184 I native  :   • "analysis": short string
02-21 10:44:29.578 24234  2184 I native  :   • "weakness": short string
02-21 10:44:29.578 24234  2184 I native  :   • "followup_needed": boolean
02-21 10:44:29.578 24234  2184 I native  :   • "followup_target": short string
02-21 10:44:29.578 24234  2184 I native  :   • "score": integer 1–100
02-21 10:44:29.578 24234  2184 I native  : 
02-21 10:44:29.578 24234  2184 I native  : RULES:
02-21 10:44:29.578 24234  2184 I native  : - Judge ONLY content relevance/completeness/accuracy.
02-21 10:44:29.578 24234  2184 I native  : - Do NOT generate a follow-up question here.
02-21 10:44:29.578 24234  2184 I native  : - followup_target must be single-scope (one biggest uncertainty).
02-21 10:44:29.578 24234  2184 I native  : - Do NOT use double quotes (") inside string values. Use single quotes or no quotes.
02-21 10:44:29.578 24234  2184 I native  : - Do NOT copy the Answer verbatim into the JSON.
02-21 10:44:29.578 24234  2184 I native  : LENGTH LIMITS:
02-21 10:44:29.578 24234  2184 I native  : - analysis<=60 chars
02-21 10:44:29.578 24234  2184 I native  : - weakness<=120 chars
02-21 10:44:29.578 24234  2184 I native  : - followup_target<=80 chars
02-21 10:44:29.578 24234  2184 I native  : - score is integer 1–100
02-21 10:44:29.578 24234  2184 I native  : Scoring rule: Judge ONLY content relevance/completeness/accuracy. Do NOT penalize style or formatting.
02-21 10:44:29.578 24234  2184 I native  : STRICT OUTPUT (NO MARKDOWN):
02-21 10:44:29.578 24234  2184 I native  : - If the task is EVAL: output RAW JSON only, ONE LINE.
02-21 10:44:29.578 24234  2184 I native  :   - Use COMPACT JSON (no spaces around ':' and ',').
02-21 10:44:29.578 24234  2184 I native  :   - No extra text.
02-21 10:44:29.578 24234  2184 I native  : - If the task is FOLLOWUP: output ONLY the follow-up question as plain text on ONE LINE, or EMPTY output if none.
02-21 10:44:29.578 24234  2184 I native  :   - No JSON, no quotes, no extra text.
02-21 10:44:29.578 24234  2184 I native  : Jibu kwa kitu cha JSON kilicho tupu: {}
02-21 10:44:29.578 24234  2184 I native  : INPUT:
