02-21 10:44:29.578 24234  2184 I native  : Kazi: EVAL
02-21 10:44:29.578 24234  2184 I native  : - Tathmini Jibu kwa Swali.
02-21 10:44:29.578 24234  2184 I native  : - Andika weakness (kile kinachokosekana/kisicho wazi).
02-21 10:44:29.578 24234  2184 I native  : - Tambua hoja moja kubwa zaidi iliyokosekana/kutoeleweka kama followup_target.
02-21 10:44:29.578 24234  2184 I native  : - Weka followup_needed true ikiwa ufafanuzi unahitajika, vinginevyo false.
02-21 10:44:29.578 24234  2184 I native  : - Toa score 1–100.
02-21 10:44:29.578 24234  2184 I native  : 
02-21 10:44:29.578 24234  2184 I native  : Swali: Tafadhali toa majibu sahi kuhusu wakati ambao ukame hucause madhara makubwa zaidi kwa zao lako.
02-21 10:44:29.578 24234  2184 I native  : Jibu: the gfgdff dzhfr and is R HC<end_of_turn>
02-21 10:44:29.578 24234  2184 I native  : <start_of_turn>model
02-21 10:44:29.587 24234 24234 D InsetsController: hide(ime())
02-21 10:44:29.588 24234 24234 I ImeTracker: com.negi.survey:e66fb948: onRequestHide at ORIGIN_CLIENT reason HIDE_SOFT_INPUT_BY_INSETS_API fromUser false
02-21 10:44:29.588 24234 24234 D WindowOnBackDispatcher: setTopOnBackInvokedCallback (unwrapped): androidx.navigationevent.OnBackInvokedInput$createOnBackAnimationCallback$1@c614b9d
02-21 10:44:29.588 24234 24234 D InsetsController: Setting requestedVisibleTypes to 503 (was 511)
02-21 10:44:29.590 24234 24234 D VRI[MainActivity]: WindowInsets changed: ime:null 
02-21 10:44:29.616 24234 24234 I ImeTracker: system_server:e2ccbe1b: onCancelled at PHASE_CLIENT_ON_CONTROLS_CHANGED
02-21 10:44:29.700 24234 24234 I ImeTracker: system_server:bcd69e5f: onCancelled at PHASE_CLIENT_ON_CONTROLS_CHANGED
02-21 10:44:30.906 24234 24467 I native  : I0000 00:00:1771699470.906644   24467 session_basic.cc:350] RunPrefillAsync status: OK
02-21 10:44:30.906 24234 24467 I native  : I0000 00:00:1771699470.906748   24467 session_basic.cc:470] RunDecodeAsync
02-21 10:44:32.059 24234  2184 D AiViewModel: run[26] chunk[1].preview='{"'
02-21 10:44:32.265 24234  2184 D AiViewModel: run[26] chunk[2].preview='analysis'
02-21 10:44:32.392 24234  2184 D AiViewModel: run[26] chunk[3].preview='":'
02-21 10:44:32.582 24234  2184 D AiViewModel: run[26] chunk[4].preview='␠"'
02-21 10:44:32.730 24234  2184 D AiViewModel: run[26] chunk[5].preview='J'
02-21 10:44:32.915 24234  2184 D AiViewModel: run[26] chunk[6].preview='ibu'
02-21 10:44:33.053 24234  2184 D AiViewModel: run[26] chunk[7].preview='␠ha'
02-21 10:44:33.231 24234  3616 D AiViewModel: run[26] chunk[8].preview='ifai'
02-21 10:44:33.413 24234  3616 D AiViewModel: run[26] chunk[9].preview='␠na'
02-21 10:44:33.599 24234  2184 D AiViewModel: run[26] chunk[10].preview='␠ha'
02-21 10:44:33.744 24234  3616 D AiViewModel: run[26] chunk[11].preview='ifai'
02-21 10:44:33.933 24234  3616 D AiViewModel: run[26] chunk[12].preview='␠kwa'
02-21 10:44:34.069 24234  3616 D AiViewModel: run[26] chunk[13].preview='␠sw'
02-21 10:44:34.250 24234  3616 D AiViewModel: run[26] chunk[14].preview='ali'
02-21 10:44:34.391 24234  2184 D AiViewModel: run[26] chunk[15].preview='.",'
02-21 10:44:34.583 24234  2184 D AiViewModel: run[26] chunk[16].preview='␠"'
02-21 10:44:34.719 24234  2184 D AiViewModel: run[26] chunk[17].preview='weak'
02-21 10:44:34.916 24234  2184 D AiViewModel: run[26] chunk[18].preview='ness'
02-21 10:44:35.055 24234  2184 D AiViewModel: run[26] chunk[19].preview='":'
02-21 10:44:35.250 24234  2184 D AiViewModel: run[26] chunk[20].preview='␠"'
02-21 10:44:35.383 24234  2184 D AiViewModel: run[26] chunk[21].preview='J'
02-21 10:44:35.549 24234  2184 D AiViewModel: run[26] chunk[22].preview='ibu'
02-21 10:44:35.717 24234  2184 D AiViewModel: run[26] chunk[23].preview='␠ha'
02-21 10:44:35.877 24234  2184 D AiViewModel: run[26] chunk[24].preview='ifai'
02-21 10:44:36.041 24234  3616 D AiViewModel: run[26] chunk[25].preview='␠na'
02-21 10:44:36.206 24234  2184 D AiViewModel: run[26] chunk[26].preview='␠ha'
02-21 10:44:36.371 24234  2184 D AiViewModel: run[26] chunk[27].preview='ifai'
02-21 10:44:36.540 24234  3616 D AiViewModel: run[26] chunk[28].preview='␠kwa'
02-21 10:44:36.700 24234  3616 D AiViewModel: run[26] chunk[29].preview='␠sw'
02-21 10:44:36.885 24234  3616 D AiViewModel: run[26] chunk[30].preview='ali'
02-21 10:44:37.042 24234  3616 D AiViewModel: run[26] chunk[31].preview='␠lil'
02-21 10:44:37.240 24234  3616 D AiViewModel: run[26] chunk[32].preview='ot'
02-21 10:44:37.441 24234  2184 D AiViewModel: run[26] chunk[33].preview='ole'
02-21 10:44:37.607 24234  2184 D AiViewModel: run[26] chunk[34].preview='wa'
02-21 10:44:37.775 24234  3616 D AiViewModel: run[26] chunk[35].preview='.'
02-21 10:44:37.942 24234  2184 D AiViewModel: run[26] chunk[36].preview='␠Ina'
02-21 10:44:38.076 24234 24242 I com.negi.survey: Background young concurrent mark compact GC freed 23MB AllocSpace bytes, 0(0B) LOS objects, 78% free, 6454KB/29MB, paused 294us,5.595ms total 76.437ms
02-21 10:44:38.157 24234  2184 D AiViewModel: run[26] chunk[37].preview='one'
02-21 10:44:38.323 24234  2184 D AiViewModel: run[26] chunk[38].preview='kana'
02-21 10:44:38.488 24234  3616 D AiViewModel: run[26] chunk[39].preview='␠kuwa'
02-21 10:44:38.685 24234  3616 D AiViewModel: run[26] chunk[40].preview='␠maj'
02-21 10:44:38.855 24234  3616 D AiViewModel: run[26] chunk[41].preview='ibu'
02-21 10:44:39.021 24234  2184 D AiViewModel: run[26] chunk[42].preview='␠yan'
02-21 10:44:39.254 24234  2184 D AiViewModel: run[26] chunk[43].preview='ash'
02-21 10:44:39.388 24234  2184 D AiViewModel: run[26] chunk[44].preview='uh'
02-21 10:44:39.713 24234  2184 D AiViewModel: run[26] chunk[45].preview='udia'
02-21 10:44:39.943 24234  2184 D AiViewModel: run[26] chunk[46].preview='␠mat'
02-21 10:44:40.095 24234  2184 D AiViewModel: run[26] chunk[47].preview='um'
02-21 10:44:40.294 24234  3616 D AiViewModel: run[26] chunk[48].preview='izi'
02-21 10:44:40.439 24234  3616 D AiViewModel: run[26] chunk[49].preview='␠ya'
02-21 10:44:40.625 24234  3616 D AiViewModel: run[26] chunk[50].preview='␠ki'
02-21 10:44:40.764 24234  2184 D AiViewModel: run[26] chunk[51].preview='ngo'
02-21 10:44:40.989 24234  3616 D AiViewModel: run[26] chunk[52].preview='leo'
02-21 10:44:41.134 24234  3616 D AiViewModel: run[26] chunk[53].preview='␠au'
02-21 10:44:41.309 24234  3616 D AiViewModel: run[26] chunk[54].preview='␠mat'
02-21 10:44:41.459 24234  3616 D AiViewModel: run[26] chunk[55].preview='oke'
02-21 10:44:41.656 24234  3616 D AiViewModel: run[26] chunk[56].preview='o'
02-21 10:44:41.798 24234  3616 D AiViewModel: run[26] chunk[57].preview='␠ya'
02-21 10:44:41.989 24234  2184 D AiViewModel: run[26] chunk[58].preview='␠ki'
02-21 10:44:42.129 24234  3616 D AiViewModel: run[26] chunk[59].preview='akili'
02-21 10:44:42.356 24234  3616 D AiViewModel: run[26] chunk[60].preview='.",'
02-21 10:44:42.498 24234  3616 D AiViewModel: run[26] chunk[61].preview='␠"'
02-21 10:44:42.689 24234  3616 D AiViewModel: run[26] chunk[62].preview='follow'
02-21 10:44:42.841 24234  3616 D AiViewModel: run[26] chunk[63].preview='up'
02-21 10:44:43.004 24234  3616 D AiViewModel: run[26] chunk[64].preview='_'
02-21 10:44:43.190 24234  2184 D AiViewModel: run[26] chunk[65].preview='needed'
02-21 10:44:43.343 24234  2184 D AiViewModel: run[26] chunk[66].preview='":'
02-21 10:44:43.541 24234  2184 D AiViewModel: run[26] chunk[67].preview='␠true'
02-21 10:44:43.673 24234  3616 D AiViewModel: run[26] chunk[68].preview=','
02-21 10:44:43.840 24234  3616 D AiViewModel: run[26] chunk[69].preview='␠"'
02-21 10:44:44.041 24234  3616 D AiViewModel: run[26] chunk[70].preview='follow'
02-21 10:44:44.176 24234  3616 D AiViewModel: run[26] chunk[71].preview='up'
02-21 10:44:44.344 24234  3616 D AiViewModel: run[26] chunk[72].preview='_'
02-21 10:44:44.509 24234  2184 D AiViewModel: run[26] chunk[73].preview='target'
02-21 10:44:44.674 24234  3616 D AiViewModel: run[26] chunk[74].preview='":'
02-21 10:44:44.859 24234  2184 D AiViewModel: run[26] chunk[75].preview='␠"'
02-21 10:44:45.024 24234  3616 D AiViewModel: run[26] chunk[76].preview='T'
02-21 10:44:45.195 24234  2184 D AiViewModel: run[26] chunk[77].preview='af'
02-21 10:44:45.351 24234  2184 D AiViewModel: run[26] chunk[78].preview='adh'
02-21 10:44:45.515 24234  2184 D AiViewModel: run[26] chunk[79].preview='ali'
02-21 10:44:45.692 24234  2184 D AiViewModel: run[26] chunk[80].preview='␠toa'
02-21 10:44:45.862 24234  3616 D AiViewModel: run[26] chunk[81].preview='␠maj'
02-21 10:44:46.028 24234  3616 D AiViewModel: run[26] chunk[82].preview='ibu'
02-21 10:44:46.229 24234  3616 D AiViewModel: run[26] chunk[83].preview='␠sahi'
02-21 10:44:46.560 24234  3616 D AiViewModel: run[26] chunk[84].preview='␠kuhusu'
02-21 10:44:46.697 24234  3616 D AiViewModel: run[26] chunk[85].preview='␠wakati'
02-21 10:44:46.810 24234 24242 I com.negi.survey: Background concurrent mark compact GC freed 23MB AllocSpace bytes, 0(0B) LOS objects, 79% free, 6406KB/30MB, paused 1.191ms,1.994ms total 134.485ms
02-21 10:44:46.894 24234  3616 D AiViewModel: run[26] chunk[86].preview='␠ambao'
02-21 10:44:47.032 24234  3616 D AiViewModel: run[26] chunk[87].preview='␠uk'
02-21 10:44:47.232 24234  3616 D AiViewModel: run[26] chunk[88].preview='ame'
02-21 10:44:47.363 24234  3616 D AiViewModel: run[26] chunk[89].preview='␠h'
02-21 10:44:47.560 24234  2184 D AiViewModel: run[26] chunk[90].preview='uc'
02-21 10:44:47.699 24234  2184 D AiViewModel: run[26] chunk[91].preview='ause'
02-21 10:44:47.897 24234  3616 D AiViewModel: run[26] chunk[92].preview='␠mad'
02-21 10:44:48.030 24234  3616 D AiViewModel: run[26] chunk[93].preview='hara'
02-21 10:44:48.229 24234  2184 D AiViewModel: run[26] chunk[94].preview='␠mak'
02-21 10:44:48.363 24234  2184 D AiViewModel: run[26] chunk[95].preview='ubwa'
02-21 10:44:48.562 24234  3616 D AiViewModel: run[26] chunk[96].preview='␠zaidi'
02-21 10:44:48.686 24234  3616 D AiViewModel: run[26] chunk[97].preview='␠kwa'
02-21 10:44:48.878 24234  2184 D AiViewModel: run[26] chunk[98].preview='␠z'
02-21 10:44:49.027 24234  3616 D AiViewModel: run[26] chunk[99].preview='ao'
02-21 10:44:49.228 24234  3616 D AiViewModel: run[26] chunk[100].preview='␠lako'
02-21 10:44:49.355 24234  3616 D AiViewModel: run[26] chunk[101].preview='.",'
02-21 10:44:49.545 24234  2184 D AiViewModel: run[26] chunk[102].preview='␠"'
02-21 10:44:49.688 24234  2184 D AiViewModel: run[26] chunk[103].preview='score'
02-21 10:44:49.880 24234  2184 D AiViewModel: run[26] chunk[104].preview='":'
02-21 10:44:50.029 24234  3616 D AiViewModel: run[26] chunk[105].preview='␠'
02-21 10:44:50.213 24234  3616 D AiViewModel: run[26] chunk[106].preview='1'
02-21 10:44:50.345 24234  2184 D AiViewModel: run[26] chunk[107].preview='}'
02-21 10:44:50.547 24234  3616 D AiViewModel: run[26] chunk[108].preview='↩'
02-21 10:44:50.680 24234 24234 D LiteRtRepository: [69] logical done=true (waiting native termination safe point)
02-21 10:44:50.681 24234 24234 D LiteRtRepository: [69] cleanUpListener (native termination safe point)
02-21 10:44:50.681 24234  3616 D LiteRtRepository: [69] scheduleResetAfterSafepoint: begin (tag='native-terminated')
02-21 10:44:50.683 24234  5386 D LiteRtRepository: [69] resetConversation ok (after safepoint, tag='native-terminated')
02-21 10:44:50.683 24234  5386 D LiteRtRepository: [69] scheduleResetAfterSafepoint: end (tag='native-terminated')
02-21 10:44:50.685 24234  4763 D AiViewModel: run[26] stats: chunks=108, chars=343, raw.len=343
02-21 10:44:50.686 24234  4763 D AiViewModel: run[26] sha(raw)=447a4f8e2af1c3f16357d3775442a6a45186b8e183c9515a3cb3f785a606b331
02-21 10:44:50.686 24234  4763 D AiViewModel: run[26] rawVisible='{"analysis":␠"Jibu␠haifai␠na␠haifai␠kwa␠swali.",␠"weakness":␠"Jibu␠haifai␠na␠haifai␠kwa␠swali␠lilotolewa.␠Inaonekana␠kuwa␠majibu␠yanashuhudia␠matumizi␠ya␠kingoleo␠au␠matokeo␠ya␠kiakili.",␠"followup_needed":␠true,␠"followup_target":␠"Tafadha'
02-21 10:44:50.689 24234  4763 D AiViewModel: run[26]: EVAL_JSON parsed score=1 followups=0 fu0=''
02-21 10:44:50.690 24234  4763 D AiViewModel: stepHistory+ runId=26 phase=EVAL mode=EVAL_JSON raw.len=343 score=1 FU=0 FU0='<none>' timeout=false err=null
02-21 10:44:50.690 24234  4763 I AiViewModel: run[26] done: phase=EVAL mode=EVAL_JSON score=1 FU[0]=<none> commit=true err=<none>
02-21 10:44:50.690 24234  4763 I FullTextOut: [part=000] run[26]: RawTextOut
02-21 10:44:50.690 24234  4763 I FullTextOut: {"analysis": "Jibu haifai na haifai kwa swali.", "weakness": "Jibu haifai na haifai kwa swali lilotolewa. Inaonekana kuwa majibu yanashuhudia matumizi ya kingoleo au matokeo ya kiakili.", "followup_needed": true, "followup_target": "Tafadhali toa majibu sahi kuhusu wakati ambao ukame hucause madhara makubwa zaidi kwa zao lako.", "score": 1}
02-21 10:44:50.692 24234  4763 I AiScreen: TWO_STEP shouldRunSecond runId=ai-Q6-1729498497-1729498497920812 node=Q6 role=FOLLOWUP followup_needed=true timedOut=false rawLen=343
02-21 10:44:50.692 24234  4763 D SurveyVM: getFollowupPrompt[Q6] -> len=569 evalLen=343
02-21 10:44:50.693 24234  4763 D AiViewModel: run[27]: mode=FOLLOWUP_JSON_OR_TEXT phase=FOLLOWUP commit=false prompt.len=569, fullPrompt.len=1613, timeoutMs=120000
02-21 10:44:50.694 24234  4763 D AiViewModel: run[27]: sha(prompt)=f9628eef155b0bc8dd1a21a30647f6b03cc6d2e805b49b5f6239f9d6424ec937 sha(full)=4528b2ca4f583a36609438b63919cf9ba68af27e708bfc1055ee0ab443f3c2dc
02-21 10:44:50.695 24234  4763 I FullPromptReview: [part=000] run[27]: phase=FOLLOWUP FullPrompt
02-21 10:44:50.695 24234  4763 I FullPromptReview: Wewe ni mtaalamu mashuhuri wa tafiti za wakulima. Soma Swali na Jibu.
02-21 10:44:50.695 24234  4763 I FullPromptReview: OUTPUT FORMAT:
02-21 10:44:50.695 24234  4763 I FullPromptReview: - In Swahili.
02-21 10:44:50.695 24234  4763 I FullPromptReview: - Return ONLY the follow-up question as plain text on ONE LINE.
02-21 10:44:50.695 24234  4763 I FullPromptReview: - Do NOT output JSON.
02-21 10:44:50.695 24234  4763 I FullPromptReview: - Do NOT wrap the question in quotes.
02-21 10:44:50.695 24234  4763 I FullPromptReview: - No prefixes, no bullet points, no extra text.
02-21 10:44:50.695 24234  4763 I FullPromptReview: 
02-21 10:44:50.695 24234  4763 I FullPromptReview: RULES:
02-21 10:44:50.695 24234  4763 I FullPromptReview: - Use ONLY the EVAL JSON input.
02-21 10:44:50.695 24234  4763 I FullPromptReview: - If followup_needed is false, output an EMPTY string (no characters).
02-21 10:44:50.695 24234  4763 I FullPromptReview: - If true, target exactly followup_target.
02-21 10:44:50.695 24234  4763 I FullPromptReview: - Single-scope, concrete, answerable immediately.
02-21 10:44:50.695 24234  4763 I FullPromptReview: - Do not introduce new topics or additional objectives.
02-21 10:44:50.695 24234  4763 I FullPromptReview: LENGTH LIMITS:
02-21 10:44:50.695 24234  4763 I FullPromptReview: - follow-up question (text)<=120 chars
02-21 10:44:50.695 24234  4763 I FullPromptReview: Scoring rule: Judge ONLY content relevance/completeness/accuracy. Do NOT penalize style or formatting.
02-21 10:44:50.695 24234  4763 I FullPromptReview: STRICT OUTPUT (NO MARKDOWN):
02-21 10:44:50.695 24234  4763 I FullPromptReview: - If the task is EVAL: output RAW JSON only, ONE LINE.
02-21 10:44:50.695 24234  4763 I FullPromptReview:   - Use COMPACT JSON (no spaces around ':' and ',').
02-21 10:44:50.695 24234  4763 I FullPromptReview:   - No extra text.
02-21 10:44:50.695 24234  4763 I FullPromptReview: - If the task is FOLLOWUP: output ONLY the follow-up question as plain text on ONE LINE, or EMPTY output if none.
02-21 10:44:50.695 24234  4763 I FullPromptReview:   - No JSON, no quotes, no extra text.
02-21 10:44:50.695 24234  4763 I FullPromptReview: Jibu kwa kitu cha JSON kilicho tupu: {}
02-21 10:44:50.695 24234  4763 I FullPromptReview: INPUT:
02-21 10:44:50.695 24234  4763 I FullPromptReview: Kazi: FOLLOWUP
02-21 10:44:50.695 24234  4763 I FullPromptReview: - Soma EVAL JSON.
02-21 10:44:50.695 24234  4763 I FullPromptReview: - Ikiwa followup_needed ni false: toa TUPU (hakuna herufi).
02-21 10:44:50.695 24234  4763 I FullPromptReview: - Ikiwa ni true: toa SWALI MOJA la ufuatiliaji kama maandishi (safu moja), likilenga hasa followup_target.
02-21 10:44:50.695 24234  4763 I FullPromptReview: - Usitoe JSON.
02-21 10:44:50.695 24234  4763 I FullPromptReview: 
02-21 10:44:50.695 24234  4763 I FullPromptReview: EVAL_JSON: {"analysis": "Jibu haifai na haifai kwa swali.", "weakness": "Jibu haifai na haifai kwa swali lilotolewa. Inaonekana kuwa majibu yanashuhudia matumizi ya kingoleo au matokeo ya kiakili.", "followup_needed": true, "followup_target": "Tafadhali toa majibu sahi kuhusu wakati ambao ukame hucause madhara makubwa zaidi kwa zao lako.", "score": 1}
02-21 10:44:50.696 24234 24234 D AiScreen: Step rendered (context=sid=1|nid=Q6 node=Q6 runId=26 phase=EVAL mode=EVAL_JSON showJson=true twoStep=true rawLen=343 followups=0 timedOut=false)
02-21 10:44:50.696 24234  6124 D LiteRtRepository: [70] request start: model='Gemma3n4B', prompt.len=1613, sha=4528b2ca4f583a36, gateWaitMs=0
02-21 10:44:50.697 24234  6125 D LiteRtRepository: [70] initializeIfNeeded ok (initMs=1)
02-21 10:44:50.697 24234  6125 D LiteRtLM: Cooldown delay: key='Gemma3n4B|/data/user/0/com.negi.survey/files/gemma-3n-E4B-it-int4.litertlm' delay=233ms reason='runInference-start'
02-21 10:44:50.968 24234  6124 I native  : I0000 00:00:1771699490.967952    6124 model_data_processor_factory.cc:266] Creating Gemma3DataProcessor
02-21 10:44:50.968 24234  6124 D LiteRtLM: resetConversationInternal done: key='Gemma3n4B|/data/user/0/com.negi.survey/files/gemma-3n-E4B-it-int4.litertlm' reason='resetConversation'
02-21 10:44:50.969 24234  6124 D LiteRtLM: runInference start: key='Gemma3n4B|/data/user/0/com.negi.survey/files/gemma-3n-E4B-it-int4.litertlm' runId=70 hasText=true textLen=1613 images=0 audioClips=0
02-21 10:44:50.969 24234  6124 I LiteRtLM: LiteRT-LM sendMessageAsync(text): key='Gemma3n4B|/data/user/0/com.negi.survey/files/gemma-3n-E4B-it-int4.litertlm' runId=70 len=1613
02-21 10:44:50.971 24234  6124 I native  : I0000 00:00:1771699490.971738    6124 session_basic.cc:312] RunPrefillAsync: 
02-21 10:44:50.971 24234  6124 I native  : I0000 00:00:1771699490.971825    6124 session_basic.cc:314] <start_of_turn>user
02-21 10:44:50.971 24234  6124 I native  : Wewe ni mtaalamu mashuhuri wa tafiti za wakulima. Soma Swali na Jibu.
02-21 10:44:50.971 24234  6124 I native  : OUTPUT FORMAT:
02-21 10:44:50.971 24234  6124 I native  : - In Swahili.
02-21 10:44:50.971 24234  6124 I native  : - Return ONLY the follow-up question as plain text on ONE LINE.
02-21 10:44:50.971 24234  6124 I native  : - Do NOT output JSON.
02-21 10:44:50.971 24234  6124 I native  : - Do NOT wrap the question in quotes.
02-21 10:44:50.971 24234  6124 I native  : - No prefixes, no bullet points, no extra text.
02-21 10:44:50.971 24234  6124 I native  : 
02-21 10:44:50.971 24234  6124 I native  : RULES:
02-21 10:44:50.971 24234  6124 I native  : - Use ONLY the EVAL JSON input.
02-21 10:44:50.971 24234  6124 I native  : - If followup_needed is false, output an EMPTY string (no characters).
02-21 10:44:50.971 24234  6124 I native  : - If true, target exactly followup_target.
02-21 10:44:50.971 24234  6124 I native  : - Single-scope, concrete, answerable immediately.
02-21 10:44:50.971 24234  6124 I native  : - Do not introduce new topics or additional objectives.
02-21 10:44:50.971 24234  6124 I native  : LENGTH LIMITS:
02-21 10:44:50.971 24234  6124 I native  : - follow-up question (text)<=120 chars
02-21 10:44:50.971 24234  6124 I native  : Scoring rule: Judge ONLY content relevance/completeness/accuracy. Do NOT penalize style or formatting.
02-21 10:44:50.971 24234  6124 I native  : STRICT OUTPUT (NO MARKDOWN):
02-21 10:44:50.971 24234  6124 I native  : - If the task is EVAL: output RAW JSON only, ONE LINE.
02-21 10:44:50.971 24234  6124 I native  :   - Use COMPACT JSON (no spaces around ':' and ',').
02-21 10:44:50.971 24234  6124 I native  :   - No extra text.
02-21 10:44:50.971 24234  6124 I native  : - If the task is FOLLOWUP: output ONLY the follow-up question as plain text on ONE LINE, or EMPTY output if none.
02-21 10:44:50.971 24234  6124 I native  :   - No JSON, no quotes, no extra text.
02-21 10:44:50.971 24234  6124 I native  : Jibu kwa kitu cha JSON kilicho tupu: {}
02-21 10:44:50.971 24234  6124 I native  : INPUT:
02-21 10:44:50.971 24234  6124 I native  : Kazi: FOLLOWUP
02-21 10:44:50.971 24234  6124 I native  : - Soma EVAL JSON.
02-21 10:44:50.971 24234  6124 I native  : - Ikiwa followup_needed ni false: toa TUPU (hakuna herufi).
02-21 10:44:50.971 24234  6124 I native  : - Ikiwa ni true: toa SWALI MOJA la ufuatiliaji kama maandishi (safu moja), likilenga hasa followup_target.
02-21 10:44:50.971 24234  6124 I native  : - Usitoe JSON.
02-21 10:44:50.971 24234  6124 I native  : 
02-21 10:44:50.971 24234  6124 I native  : EVAL_JSON: {"analysis": "Jibu haifai na haifai kwa swali.", "weakness": "Jibu haifai na haifai kwa swali lilotolewa. Inaonekana kuwa majibu yanashuhudia matumizi ya kingoleo au matokeo ya kiakili.", "followup_needed": true, "followup_target": "Tafadhali toa majibu sahi kuhusu wakati ambao ukame hucause madhara makubwa zaidi kwa zao lako.", "score": 1}<end_of_turn>
02-21 10:44:50.971 24234  6124 I native  : <start_of_turn>model
02-21 10:44:51.332 24234 24467 I native  : I0000 00:00:1771699491.332607   24467 session_basic.cc:350] RunPrefillAsync status: OK
02-21 10:44:51.332 24234 24467 I native  : I0000 00:00:1771699491.332760   24467 session_basic.cc:470] RunDecodeAsync
02-21 10:44:53.015 24234  6124 D AiViewModel: run[27] chunk[1].preview='T'
02-21 10:44:53.175 24234  6124 D AiViewModel: run[27] chunk[2].preview='af'
02-21 10:44:53.382 24234  6125 D AiViewModel: run[27] chunk[3].preview='adh'
02-21 10:44:53.533 24234  6124 D AiViewModel: run[27] chunk[4].preview='ali'
02-21 10:44:53.715 24234  6125 D AiViewModel: run[27] chunk[5].preview='␠toa'
02-21 10:44:53.864 24234  6124 D AiViewModel: run[27] chunk[6].preview='␠maj'
02-21 10:44:54.065 24234  6124 D AiViewModel: run[27] chunk[7].preview='ibu'
02-21 10:44:54.197 24234  6125 D AiViewModel: run[27] chunk[8].preview='␠sahi'
02-21 10:44:54.399 24234  6125 D AiViewModel: run[27] chunk[9].preview='␠kuhusu'
02-21 10:44:54.531 24234  6125 D AiViewModel: run[27] chunk[10].preview='␠wakati'
02-21 10:44:54.734 24234  6125 D AiViewModel: run[27] chunk[11].preview='␠ambao'
02-21 10:44:54.882 24234  6124 D AiViewModel: run[27] chunk[12].preview='␠uk'
02-21 10:44:55.049 24234  6125 D AiViewModel: run[27] chunk[13].preview='ame'
02-21 10:44:55.198 24234  6124 D AiViewModel: run[27] chunk[14].preview='␠h'
02-21 10:44:55.382 24234  6124 D AiViewModel: run[27] chunk[15].preview='uc'
02-21 10:44:55.527 24234  6124 D AiViewModel: run[27] chunk[16].preview='ause'
02-21 10:44:55.732 24234  6124 D AiViewModel: run[27] chunk[17].preview='␠mad'
02-21 10:44:55.865 24234  6124 D AiViewModel: run[27] chunk[18].preview='hara'
02-21 10:44:56.068 24234  6124 D AiViewModel: run[27] chunk[19].preview='␠mak'
02-21 10:44:56.217 24234  6124 D AiViewModel: run[27] chunk[20].preview='ubwa'
02-21 10:44:56.230 24234 24242 I com.negi.survey: Background young concurrent mark compact GC freed 24MB AllocSpace bytes, 0(0B) LOS objects, 78% free, 6534KB/30MB, paused 3.441ms,4.479ms total 160.194ms
02-21 10:44:56.399 24234  6125 D AiViewModel: run[27] chunk[21].preview='␠zaidi'
02-21 10:44:56.566 24234  6125 D AiViewModel: run[27] chunk[22].preview='␠kwa'
02-21 10:44:56.731 24234  6125 D AiViewModel: run[27] chunk[23].preview='␠z'
02-21 10:44:56.898 24234  6124 D AiViewModel: run[27] chunk[24].preview='ao'
02-21 10:44:57.069 24234  6124 D AiViewModel: run[27] chunk[25].preview='␠lako'
02-21 10:44:57.252 24234  6125 D AiViewModel: run[27] chunk[26].preview='?'
02-21 10:44:57.433 24234 24234 D LiteRtRepository: [70] logical done=true (waiting native termination safe point)
02-21 10:44:57.433 24234 24234 D LiteRtRepository: [70] cleanUpListener (native termination safe point)
02-21 10:44:57.434 24234  5387 D LiteRtRepository: [70] scheduleResetAfterSafepoint: begin (tag='native-terminated')
02-21 10:44:57.436 24234  6124 D AiViewModel: run[27] stats: chunks=26, chars=95, raw.len=95
02-21 10:44:57.437 24234  6124 D AiViewModel: run[27] sha(raw)=169ab6cdc19b476cef9716b4d14ec137a3a57e8f907635ce088ded9ee34db3c0
02-21 10:44:57.437 24234  6124 D AiViewModel: run[27] rawVisible='Tafadhali␠toa␠majibu␠sahi␠kuhusu␠wakati␠ambao␠ukame␠hucause␠madhara␠makubwa␠zaidi␠kwa␠zao␠lako?'
02-21 10:44:57.438 24234  3616 D LiteRtRepository: [70] resetConversation ok (after safepoint, tag='native-terminated')
02-21 10:44:57.439 24234  3616 D LiteRtRepository: [70] scheduleResetAfterSafepoint: end (tag='native-terminated')
02-21 10:44:57.439 24234  6124 D AiViewModel: run[27]: FOLLOWUP parse extractorQ='Tafadhali␠toa␠majibu␠sahi␠kuhusu␠wakati␠ambao␠ukame␠hucause␠madhara␠makubwa␠zaidi␠kwa␠zao␠lako?' textQ='Tafadhali␠toa␠majibu␠sahi␠kuhusu␠wakati␠ambao␠ukame␠hucause␠madhara␠makubwa␠zaidi␠kwa␠zao␠lako?' best='Tafadhali␠toa␠majibu␠sahi␠kuhusu␠wakati␠ambao␠ukame␠hucause␠madhara␠makubwa␠zaidi␠kwa␠zao␠lako?'
02-21 10:44:57.439 24234  6124 D AiViewModel: stepHistory+ runId=27 phase=FOLLOWUP mode=FOLLOWUP_JSON_OR_TEXT raw.len=95 score=null FU=1 FU0='Tafadhali␠toa␠majibu␠sahi␠kuhusu␠wakati␠ambao␠ukame␠hucause␠madhara␠makubwa␠zaidi␠kwa␠zao␠lako?' timeout=false err=null
02-21 10:44:57.440 24234  6124 I AiViewModel: run[27] done: phase=FOLLOWUP mode=FOLLOWUP_JSON_OR_TEXT score=null FU[0]=Tafadhali toa majibu sahi kuhusu wakati ambao ukame hucause madhara makubwa zaidi kwa zao lako? commit=false err=<none>
02-21 10:44:57.440 24234  6124 I FullTextOut: [part=000] run[27]: RawTextOut
02-21 10:44:57.440 24234  6124 I FullTextOut: Tafadhali toa majibu sahi kuhusu wakati ambao ukame hucause madhara makubwa zaidi kwa zao lako?
02-21 10:44:57.477 24234 24234 D AiScreen: Step rendered (context=sid=1|nid=Q6 node=Q6 runId=27 phase=FOLLOWUP mode=FOLLOWUP_JSON_OR_TEXT showJson=false twoStep=true rawLen=95 followups=1 timedOut=false)
02-21 10:44:57.698 24234  6124 I native  : I0000 00:00:1771699497.697920    6124 model_data_processor_factory.cc:266] Creating Gemma3DataProcessor
02-21 10:44:57.698 24234  6124 D LiteRtLM: resetConversationInternal done: key='Gemma3n4B|/data/user/0/com.negi.survey/files/gemma-3n-E4B-it-int4.litertlm' reason='resetConversation'
02-21 10:45:03.656 24234 24242 I com.negi.survey: Background concurrent mark compact GC freed 23MB AllocSpace bytes, 0(0B) LOS objects, 78% free, 6634KB/30MB, paused 3.193ms,5.238ms total 256.225ms
02-21 10:45:07.043 24234 24234 D SurveyVM: push -> Review, navSize=8, stackSize=8
02-21 10:45:07.058 24234 24234 D SurveyVM: hasTwoStepPrompt[Review] -> false (eval=0, fu=0)
02-21 10:45:07.065 24234 24234 D WhisperSpeechController: updateContext: surveyId=c0b10229-7075-4b52-8b7a-56b17be560f6, questionId=Review
02-21 10:45:07.066 24234 24234 D WhisperSpeechController: updateContext: surveyId=c0b10229-7075-4b52-8b7a-56b17be560f6, questionId=Review
02-21 10:45:07.138 24234 24234 D InsetsController: show(ime())
02-21 10:45:07.139 24234 24234 I ImeTracker: com.negi.survey:bbac6ec3: onRequestShow at ORIGIN_CLIENT reason SHOW_SOFT_INPUT_BY_INSETS_API fromUser false
02-21 10:45:07.139 24234 24234 D InsetsController: Setting requestedVisibleTypes to 511 (was 503)
02-21 10:45:07.145 24234 24234 I ImeTracker: com.negi.survey:6da2802b: onRequestShow at ORIGIN_CLIENT reason SHOW_SOFT_INPUT fromUser false
02-21 10:45:07.145 24234 24234 D InsetsController: show(ime())
02-21 10:45:07.145 24234 24234 I ImeTracker: com.negi.survey:6da2802b: onCancelled at PHASE_CLIENT_REPORT_REQUESTED_VISIBLE_TYPES
02-21 10:45:07.277 24234 24234 D WindowOnBackDispatcher: setTopOnBackInvokedCallback (unwrapped): android.view.ImeBackAnimationController@28142a
02-21 10:45:07.400 24234 24234 D VRI[MainActivity]: WindowInsets changed: ime:[0,0,0,1043] 
02-21 10:45:07.718 24234 24234 I ImeTracker: com.negi.survey:bbac6ec3: onShown
02-21 10:45:07.800 24234 24234 D InsetsController: hide(ime())
02-21 10:45:07.801 24234 24234 I ImeTracker: com.negi.survey:f4a12e75: onRequestHide at ORIGIN_CLIENT reason HIDE_SOFT_INPUT_BY_INSETS_API fromUser false
02-21 10:45:07.801 24234 24234 D WindowOnBackDispatcher: setTopOnBackInvokedCallback (unwrapped): androidx.navigationevent.OnBackInvokedInput$createOnBackAnimationCallback$1@c614b9d
02-21 10:45:07.801 24234 24234 D InsetsController: Setting requestedVisibleTypes to 503 (was 511)
02-21 10:45:07.802 24234 24234 D VRI[MainActivity]: WindowInsets changed: ime:null 
02-21 10:45:07.883 24234 24234 I ImeTracker: system_server:aafbb5c4: onCancelled at PHASE_CLIENT_ON_CONTROLS_CHANGED
02-21 10:45:07.970 24234 24234 I ImeTracker: system_server:440329c4: onCancelled at PHASE_CLIENT_ON_CONTROLS_CHANGED
02-21 10:45:20.795 24234 24234 D SurveyVM: backToPrevious -> Q6
02-21 10:45:20.813 24234 24234 D WhisperSpeechController: updateContext: surveyId=c0b10229-7075-4b52-8b7a-56b17be560f6, questionId=Q6
02-21 10:45:20.829 24234 24234 D SurveyVM: hasTwoStepPrompt[Q6] -> true (eval=303, fu=240)
02-21 10:45:20.840 24234 24234 D WhisperSpeechController: updateContext: surveyId=c0b10229-7075-4b52-8b7a-56b17be560f6, questionId=Q6
02-21 10:45:20.889 24234 24234 D InsetsController: show(ime())
02-21 10:45:20.890 24234 24234 I ImeTracker: com.negi.survey:df331e75: onRequestShow at ORIGIN_CLIENT reason SHOW_SOFT_INPUT_BY_INSETS_API fromUser false
02-21 10:45:20.890 24234 24234 D InsetsController: Setting requestedVisibleTypes to 511 (was 503)
02-21 10:45:20.905 24234 24234 I AssistStructure: Flattened final assist data: 548 bytes, containing 1 windows, 3 views
02-21 10:45:20.910 24234 24234 I ImeTracker: com.negi.survey:2f9e20d2: onRequestShow at ORIGIN_CLIENT reason SHOW_SOFT_INPUT fromUser false
02-21 10:45:20.910 24234 24234 D InsetsController: show(ime())
02-21 10:45:20.910 24234 24234 I ImeTracker: com.negi.survey:2f9e20d2: onCancelled at PHASE_CLIENT_REPORT_REQUESTED_VISIBLE_TYPES
02-21 10:45:20.964 24234 24234 D WindowOnBackDispatcher: setTopOnBackInvokedCallback (unwrapped): android.view.ImeBackAnimationController@28142a
02-21 10:45:21.027 24234 24234 D VRI[MainActivity]: WindowInsets changed: ime:[0,0,0,1043] 
02-21 10:45:21.344 24234 24234 I ImeTracker: com.negi.survey:df331e75: onShown
02-21 10:45:22.316 24234 24242 I com.negi.survey: Background young concurrent mark compact GC freed 23MB AllocSpace bytes, 0(0B) LOS objects, 76% free, 7226KB/30MB, paused 2.740ms,5.398ms total 206.517ms
02-21 10:45:24.379 24234 24234 D InsetsController: hide(ime())
02-21 10:45:24.379 24234 24234 D WindowOnBackDispatcher: setTopOnBackInvokedCallback (unwrapped): androidx.navigationevent.OnBackInvokedInput$createOnBackAnimationCallback$1@c614b9d
02-21 10:45:24.379 24234 24234 D InsetsController: Setting requestedVisibleTypes to 503 (was 511)
02-21 10:45:24.380 24234 24234 D InsetsController: hide(ime())
02-21 10:45:24.380 24234 24234 I ImeTracker: com.google.android.inputmethod.latin:d45427cc: onCancelled at PHASE_CLIENT_ALREADY_HIDDEN
02-21 10:45:24.395 24234 24234 D VRI[MainActivity]: WindowInsets changed: ime:null 
02-21 10:45:24.414 24234 24234 I ImeTracker: system_server:ba9b7e11: onCancelled at PHASE_CLIENT_ON_CONTROLS_CHANGED
02-21 10:45:29.195 24234 24242 I com.negi.survey: Background concurrent mark compact GC freed 24MB AllocSpace bytes, 5(104KB) LOS objects, 79% free, 6386KB/30MB, paused 3.518ms,4.016ms total 227.644ms
02-21 10:45:35.323 24234 24234 D SurveyVM: backToPrevious -> Q5
02-21 10:45:35.335 24234 24234 D SurveyVM: hasTwoStepPrompt[Q5] -> true (eval=303, fu=240)
02-21 10:45:35.341 24234 24234 D WhisperSpeechController: updateContext: surveyId=c0b10229-7075-4b52-8b7a-56b17be560f6, questionId=Q5
02-21 10:45:35.341 24234 24234 D WhisperSpeechController: updateContext: surveyId=c0b10229-7075-4b52-8b7a-56b17be560f6, questionId=Q5
02-21 10:45:35.385 24234 24234 D InsetsController: show(ime())
02-21 10:45:35.385 24234 24234 I ImeTracker: com.negi.survey:42f713f8: onRequestShow at ORIGIN_CLIENT reason SHOW_SOFT_INPUT_BY_INSETS_API fromUser false
02-21 10:45:35.385 24234 24234 D InsetsController: Setting requestedVisibleTypes to 511 (was 503)
02-21 10:45:35.387 24234 24234 I ImeTracker: com.negi.survey:2dc2ed88: onRequestShow at ORIGIN_CLIENT reason SHOW_SOFT_INPUT fromUser false
02-21 10:45:35.387 24234 24234 D InsetsController: show(ime())
02-21 10:45:35.387 24234 24234 I ImeTracker: com.negi.survey:2dc2ed88: onCancelled at PHASE_CLIENT_REPORT_REQUESTED_VISIBLE_TYPES
02-21 10:45:35.428 24234 24234 D WindowOnBackDispatcher: setTopOnBackInvokedCallback (unwrapped): android.view.ImeBackAnimationController@28142a
02-21 10:45:35.468 24234 24234 D VRI[MainActivity]: WindowInsets changed: ime:[0,0,0,1043] 
02-21 10:45:35.785 24234 24234 I ImeTracker: com.negi.survey:42f713f8: onShown
02-21 10:45:35.987 24234 24242 I com.negi.survey: Background young concurrent mark compact GC freed 23MB AllocSpace bytes, 0(0B) LOS objects, 79% free, 6446KB/30MB, paused 486us,2.777ms total 100.454ms
02-21 10:45:37.243 24234 24234 D InsetsController: hide(ime())
02-21 10:45:37.243 24234 24234 D WindowOnBackDispatcher: setTopOnBackInvokedCallback (unwrapped): androidx.navigationevent.OnBackInvokedInput$createOnBackAnimationCallback$1@c614b9d
02-21 10:45:37.243 24234 24234 D InsetsController: Setting requestedVisibleTypes to 503 (was 511)
02-21 10:45:37.244 24234 24234 D InsetsController: hide(ime())
02-21 10:45:37.244 24234 24234 I ImeTracker: com.google.android.inputmethod.latin:3229e428: onCancelled at PHASE_CLIENT_ALREADY_HIDDEN
02-21 10:45:37.254 24234 24234 D VRI[MainActivity]: WindowInsets changed: ime:null 
02-21 10:45:37.276 24234 24234 I ImeTracker: system_server:1fe3f1a5: onCancelled at PHASE_CLIENT_ON_CONTROLS_CHANGED
02-21 10:45:40.580 24234 24234 D SurveyVM: push -> Q6, navSize=7, stackSize=7
02-21 10:45:40.590 24234 24234 D SurveyVM: hasTwoStepPrompt[Q6] -> true (eval=303, fu=240)
02-21 10:45:40.598 24234 24234 D WhisperSpeechController: updateContext: surveyId=c0b10229-7075-4b52-8b7a-56b17be560f6, questionId=Q6
02-21 10:45:40.598 24234 24234 D WhisperSpeechController: updateContext: surveyId=c0b10229-7075-4b52-8b7a-56b17be560f6, questionId=Q6
02-21 10:45:40.643 24234 24234 D InsetsController: show(ime())
02-21 10:45:40.643 24234 24234 I ImeTracker: com.negi.survey:9cdba28f: onRequestShow at ORIGIN_CLIENT reason SHOW_SOFT_INPUT_BY_INSETS_API fromUser false
02-21 10:45:40.643 24234 24234 D InsetsController: Setting requestedVisibleTypes to 511 (was 503)
02-21 10:45:40.646 24234 24234 I ImeTracker: com.negi.survey:c31f8561: onRequestShow at ORIGIN_CLIENT reason SHOW_SOFT_INPUT fromUser false
02-21 10:45:40.646 24234 24234 D InsetsController: show(ime())
02-21 10:45:40.646 24234 24234 I ImeTracker: com.negi.survey:c31f8561: onCancelled at PHASE_CLIENT_REPORT_REQUESTED_VISIBLE_TYPES
02-21 10:45:40.690 24234 24234 D WindowOnBackDispatcher: setTopOnBackInvokedCallback (unwrapped): android.view.ImeBackAnimationController@28142a
02-21 10:45:40.739 24234 24234 D VRI[MainActivity]: WindowInsets changed: ime:[0,0,0,1043] 
02-21 10:45:40.842 24234 24234 D SurveyVM: push -> Review, navSize=8, stackSize=8
02-21 10:45:40.855 24234 24234 D SurveyVM: hasTwoStepPrompt[Review] -> false (eval=0, fu=0)
02-21 10:45:40.862 24234 24234 D WhisperSpeechController: updateContext: surveyId=c0b10229-7075-4b52-8b7a-56b17be560f6, questionId=Review
02-21 10:45:40.862 24234 24234 D WhisperSpeechController: updateContext: surveyId=c0b10229-7075-4b52-8b7a-56b17be560f6, questionId=Review
02-21 10:45:40.906 24234 24234 D InsetsController: show(ime())
02-21 10:45:40.906 24234 24234 I ImeTracker: com.negi.survey:d6f51bad: onRequestShow at ORIGIN_CLIENT reason SHOW_SOFT_INPUT_BY_INSETS_API fromUser false
02-21 10:45:40.906 24234 24234 I ImeTracker: com.negi.survey:d6f51bad: onCancelled at PHASE_CLIENT_APPLY_ANIMATION
02-21 10:45:40.912 24234 24234 I ImeTracker: com.negi.survey:8010442e: onRequestShow at ORIGIN_CLIENT reason SHOW_SOFT_INPUT fromUser false
02-21 10:45:40.912 24234 24234 D InsetsController: show(ime())
02-21 10:45:40.912 24234 24234 I ImeTracker: com.negi.survey:8010442e: onCancelled at PHASE_CLIENT_APPLY_ANIMATION
02-21 10:45:41.056 24234 24234 I ImeTracker: com.negi.survey:9cdba28f: onShown
02-21 10:45:41.605 24234 24234 D InsetsController: hide(ime())
02-21 10:45:41.606 24234 24234 I ImeTracker: com.negi.survey:228d6071: onRequestHide at ORIGIN_CLIENT reason HIDE_SOFT_INPUT_BY_INSETS_API fromUser false
02-21 10:45:41.606 24234 24234 D WindowOnBackDispatcher: setTopOnBackInvokedCallback (unwrapped): androidx.navigationevent.OnBackInvokedInput$createOnBackAnimationCallback$1@c614b9d
02-21 10:45:41.606 24234 24234 D InsetsController: Setting requestedVisibleTypes to 503 (was 511)
02-21 10:45:41.608 24234 24234 D VRI[MainActivity]: WindowInsets changed: ime:null 
02-21 10:45:41.663 24234 24234 I ImeTracker: system_server:6d52d95e: onCancelled at PHASE_CLIENT_ON_CONTROLS_CHANGED
02-21 10:45:41.679 24234 24234 I ImeTracker: system_server:88ce4d9d: onCancelled at PHASE_CLIENT_ON_CONTROLS_CHANGED
02-21 10:45:44.540 24234 24234 D SurveyVM: push -> Done, navSize=9, stackSize=9
02-21 10:45:44.545 24234 24234 D WhisperSpeechController: updateContext: surveyId=c0b10229-7075-4b52-8b7a-56b17be560f6, questionId=Done
02-21 10:45:44.579 24234  6124 D DoneScreen: Voice scan: expected=0 found=0 dir=/storage/emulated/0/Android/data/com.negi.survey/files/exports/voice
02-21 10:45:50.941 24234  6124 D GitHubUploader: uploadStream: owner=ishizuki-tech repo=SurveyExports branch=main path=2026-02-21/exports/survey_c0b10229-7075-4b52-8b7a-56b17be560f6_2026-02-21_10-45-44.json size=3320 maxRawBytesHint=1000000 maxRequestBytesHint=2800000
02-21 10:45:51.774 24234  6124 D GitHubUploader: uploadStream: done url=https://github.com/ishizuki-tech/SurveyExports/blob/main/2026-02-21/exports/survey_c0b10229-7075-4b52-8b7a-56b17be560f6_2026-02-21_10-45-44.json sha=677118c77f8ebe7171820c670d7b2c6f31da6037
02-21 10:45:51.899 24234  6124 D DoneScreen: Captured logcat snapshot: /data/user/0/com.negi.survey/files/pending_uploads/logcat_2026-02-21_10-45-44_pid24234_c0b10229.log.gz (1277 bytes gz)
02-21 10:45:51.901 24234  6124 D GitHubUploader: uploadStream: owner=ishizuki-tech repo=SurveyExports branch=main path=2026-02-21/diagnostics/logcat/logcat_2026-02-21_10-45-44_pid24234_c0b10229.log.gz size=1277 maxRawBytesHint=1000000 maxRequestBytesHint=2800000
02-21 10:45:52.630 24234  6124 D GitHubUploader: uploadStream: done url=https://github.com/ishizuki-tech/SurveyExports/blob/main/2026-02-21/diagnostics/logcat/logcat_2026-02-21_10-45-44_pid24234_c0b10229.log.gz sha=8ccaba6196fd1809d5acbebf24895f9cc11127c4
02-21 10:46:04.724 24234 24234 D MainActivity: Done -> Restart requested (return to selector)
02-21 10:46:04.724 24234 24234 D SurveyVM: resetAudioRefs -> cleared
02-21 10:46:04.725 24234 24234 D SurveyVM: resetNavToStart -> key=com.negi.survey.vm.FlowHome@338c1fd, navSize=1
02-21 10:46:04.725 24234 24234 D SurveyVM: resetToStart -> Start, session=2, uuid=6f03285b-8fc3-4657-bb1c-d05ab8810672
02-21 10:46:04.725 24234 24234 D MainActivity: resetToSelector invoked. session=survey_config_sw_20.yaml@2
02-21 10:46:04.759 24234 24234 D WindowOnBackDispatcher: setTopOnBackInvokedCallback (unwrapped): android.app.Activity$$ExternalSyntheticLambda0@334c1fe
02-21 10:46:04.760 24234 24234 D WhisperSpeechController: stopRecording: not recording, ignoring
02-21 10:46:04.761 24234 24234 D MainActivity: Session dispose -> clearing ViewModelStore. session=survey_config_sw_20.yaml@2
02-21 10:46:04.761 24234 24234 W HeavyInitializer: Initialization cancel requested.
02-21 10:46:04.762 24234 24234 I AiViewModel: onCleared: ViewModel is being cleared -> stopCurrentRunInternal()
02-21 10:46:04.762 24234  4763 D WhisperEngine: Detach called. Keeping native context alive for key=asset:models/ggml-small-q5_1.bin
02-21 10:46:04.797 24234 24234 D IntroScreen: Resolved config details: id=survey_config10.yaml in 8ms
02-21 10:46:09.251 24234 24234 E InputEventReceiver: Exception dispatching input event.
02-21 10:46:09.251 24234 24234 E MessageQueue-JNI: Exception in MessageQueue callback: handleReceiveCallback
02-21 10:46:09.254 24234 24234 E MessageQueue-JNI: java.lang.RuntimeException: Debug crash button pressed
02-21 10:46:09.254 24234 24234 E MessageQueue-JNI: 	at com.negi.survey.screens.IntroScreenKt.IntroScreen$lambda$2$0$0$0(IntroScreen.kt:210)
02-21 10:46:09.254 24234 24234 E MessageQueue-JNI: 	at com.negi.survey.screens.IntroScreenKt.$r8$lambda$dVJUvuvBl3BAK4vFcws4ley11cc(Unknown Source:0)
02-21 10:46:09.254 24234 24234 E MessageQueue-JNI: 	at com.negi.survey.screens.IntroScreenKt$$ExternalSyntheticLambda13.invoke(D8$$SyntheticClass:0)
02-21 10:46:09.254 24234 24234 E MessageQueue-JNI: 	at androidx.compose.foundation.ClickableNode.onPointerEvent-H0pRuoY(Clickable.kt:935)
02-21 10:46:09.254 24234 24234 E MessageQueue-JNI: 	at androidx.compose.ui.input.pointer.Node.dispatchMainEventPass(HitPathTracker.kt:446)
02-21 10:46:09.254 24234 24234 E MessageQueue-JNI: 	at androidx.compose.ui.input.pointer.Node.dispatchMainEventPass(HitPathTracker.kt:432)
02-21 10:46:09.254 24234 24234 E MessageQueue-JNI: 	at androidx.compose.ui.input.pointer.NodeParent.dispatchMainEventPass(HitPathTracker.kt:285)
02-21 10:46:09.254 24234 24234 E MessageQueue-JNI: 	at androidx.compose.ui.input.pointer.HitPathTracker.dispatchChanges(HitPathTracker.kt:181)
02-21 10:46:09.254 24234 24234 E MessageQueue-JNI: 	at androidx.compose.ui.input.pointer.PointerInputEventProcessor.process-BIzXfog(PointerInputEventProcessor.kt:118)
02-21 10:46:09.254 24234 24234 E MessageQueue-JNI: 	at androidx.compose.ui.platform.AndroidComposeView.sendMotionEvent-8iAsVTc(AndroidComposeView.android.kt:2685)
02-21 10:46:09.254 24234 24234 E MessageQueue-JNI: 	at androidx.compose.ui.platform.AndroidComposeView.handleMotionEvent-8iAsVTc(AndroidComposeView.android.kt:2629)
02-21 10:46:09.254 24234 24234 E MessageQueue-JNI: 	at androidx.compose.ui.platform.AndroidComposeView.dispatchTouchEvent(AndroidComposeView.android.kt:2467)
02-21 10:46:09.254 24234 24234 E MessageQueue-JNI: 	at android.view.ViewGroup.dispatchTransformedTouchEvent(ViewGroup.java:3143)
02-21 10:46:09.254 24234 24234 E MessageQueue-JNI: 	at android.view.ViewGroup.dispatchTouchEvent(ViewGroup.java:2826)
02-21 10:46:09.254 24234 24234 E MessageQueue-JNI: 	at android.view.ViewGroup.dispatchTransformedTouchEvent(ViewGroup.java:3143)
02-21 10:46:09.254 24234 24234 E MessageQueue-JNI: 	at android.view.ViewGroup.dispatchTouchEvent(ViewGroup.java:2826)
02-21 10:46:09.254 24234 24234 E MessageQueue-JNI: 	at android.view.ViewGroup.dispatchTransformedTouchEvent(ViewGroup.java:3143)
02-21 10:46:09.254 24234 24234 E MessageQueue-JNI: 	at android.view.ViewGroup.dispatchTouchEvent(ViewGroup.java:2826)
02-21 10:46:09.254 24234 24234 E MessageQueue-JNI: 	at android.view.ViewGroup.dispatchTransformedTouchEvent(ViewGroup.java:3143)
02-21 10:46:09.254 24234 24234 E MessageQueue-JNI: 	at android.view.ViewGroup.dispatchTouchEvent(ViewGroup.java:2826)
02-21 10:46:09.254 24234 24234 E MessageQueue-JNI: 	at com.android.internal.policy.DecorView.superDispatchTouchEvent(DecorView.java:503)
02-21 10:46:09.254 24234 24234 E MessageQueue-JNI: 	at com.android.internal.policy.PhoneWindow.superDispatchTouchEvent(PhoneWindow.java:2017)
02-21 10:46:09.254 24234 24234 E MessageQueue-JNI: 	at android.app.Activity.dispatchTouchEvent(Activity.java:4665)
02-21 10:46:09.254 24234 24234 E MessageQueue-JNI: 	at com.android.internal.policy.DecorView.dispatchTouchEvent(DecorView.java:441)
02-21 10:46:09.254 24234 24234 E MessageQueue-JNI: 	at android.view.View.dispatchPointerEvent(View.java:17110)
02-21 10:46:09.254 24234 24234 E MessageQueue-JNI: 	at android.view.ViewRootImpl$ViewPostImeInputStage.processPointerEvent(ViewRootImpl.java:8349)
02-21 10:46:09.254 24234 24234 E MessageQueue-JNI: 	at android.view.ViewRootImpl$ViewPostImeInputStage.onProcess(ViewRootImpl.java:8103)
02-21 10:46:09.254 24234 24234 E MessageQueue-JNI: 	at android.view.ViewRootImpl$InputStage.deliver(ViewRootImpl.java:7480)
02-21 10:46:09.254 24234 24234 E MessageQueue-JNI: 	at android.view.ViewRootImpl$InputStage.onDeliverToNext(ViewRootImpl.java:7537)
02-21 10:46:09.254 24234 24234 E MessageQueue-JNI: 	at android.view.ViewRootImpl$InputStage.forward(ViewRootImpl.java:7503)
02-21 10:46:09.254 24234 24234 E MessageQueue-JNI: 	at android.view.ViewRootImpl$AsyncInputStage.forward(ViewRootImpl.java:7674)
02-21 10:46:09.254 24234 24234 E MessageQueue-JNI: 	at android.view.ViewRootImpl$InputStage.apply(ViewRootImpl.java:7511)
02-21 10:46:09.254 24234 24234 E MessageQueue-JNI: 	at android.view.ViewRootImpl$AsyncInputStage.apply(ViewRootImpl.java:7731)
02-21 10:46:09.254 24234 24234 E MessageQueue-JNI: 	at android.view.ViewRootImpl$InputStage.deliver(ViewRootImpl.java:7484)
02-21 10:46:09.254 24234 24234 E MessageQueue-JNI: 	at android.view.ViewRootImpl$InputStage.onDeliverToNext(ViewRootImpl.java:7537)
02-21 10:46:09.254 24234 24234 E MessageQueue-JNI: 	at android.view.ViewRootImpl$InputStage.forward(ViewRootImpl.java:7503)
02-21 10:46:09.254 24234 24234 E MessageQueue-JNI: 	at android.view.ViewRootImpl$InputStage.apply(ViewRootImpl.java:7511)
02-21 10:46:09.254 24234 24234 E MessageQueue-JNI: 	at android.view.ViewRootImpl$InputStage.deliver(ViewRootImpl.java:7484)
02-21 10:46:09.254 24234 24234 E MessageQueue-JNI: 	at android.view.ViewRootImpl.deliverInputEvent(ViewRootImpl.java:10697)
02-21 10:46:09.254 24234 24234 E MessageQueue-JNI: 	at android.view.ViewRootImpl.doProcessInputEvents(ViewRootImpl.java:10648)
02-21 10:46:09.254 24234 24234 E MessageQueue-JNI: 	at android.view.ViewRootImpl.enqueueInputEvent(ViewRootImpl.java:10616)
02-21 10:46:09.254 24234 24234 E MessageQueue-JNI: 	at android.view.ViewRootImpl.processRawInputEvent(ViewRootImpl.java:11039)
02-21 10:46:09.254 24234 24234 E MessageQueue-JNI: 	at android.view.ViewRootImpl$WindowInputEventReceiver.onInputEvent(ViewRootImpl.java:10825)
02-21 10:46:09.254 24234 24234 E MessageQueue-JNI: 	at android.view.InputEventReceiver.dispatchInputEvent(InputEventReceiver.java:277)
02-21 10:46:09.254 24234 24234 E MessageQueue-JNI: 	at android.os.MessageQueue.nativePollOnce(Native Method)
02-21 10:46:09.254 24234 24234 E MessageQueue-JNI: 	at android.os.MessageQueue.nextLegacy(MessageQueue.java:985)
02-21 10:46:09.254 24234 24234 E MessageQueue-JNI: 	at android.os.MessageQueue.next(MessageQueue.java:1094)
02-21 10:46:09.254 24234 24234 E MessageQueue-JNI: 	at android.os.Looper.loopOnce(Looper.java:197)
02-21 10:46:09.254 24234 24234 E MessageQueue-JNI: 	at android.os.Looper.loop(Looper.java:367)
02-21 10:46:09.254 24234 24234 E MessageQueue-JNI: 	at android.app.ActivityThread.main(ActivityThread.java:9287)
02-21 10:46:09.254 24234 24234 E MessageQueue-JNI: 	at java.lang.reflect.Method.invoke(Native Method)
02-21 10:46:09.254 24234 24234 E MessageQueue-JNI: 	at com.android.internal.os.RuntimeInit$MethodAndArgsCaller.run(RuntimeInit.java:566)
02-21 10:46:09.254 24234 24234 E MessageQueue-JNI: 	at com.android.internal.os.ZygoteInit.main(ZygoteInit.java:929)
02-21 10:46:09.255 24234 24234 D AndroidRuntime: Shutting down VM
--------- beginning of crash
02-21 10:46:09.255 24234 24234 E AndroidRuntime: FATAL EXCEPTION: main
02-21 10:46:09.255 24234 24234 E AndroidRuntime: Process: com.negi.survey, PID: 24234
02-21 10:46:09.255 24234 24234 E AndroidRuntime: java.lang.RuntimeException: Debug crash button pressed
02-21 10:46:09.255 24234 24234 E AndroidRuntime: 	at com.negi.survey.screens.IntroScreenKt.IntroScreen$lambda$2$0$0$0(IntroScreen.kt:210)
02-21 10:46:09.255 24234 24234 E AndroidRuntime: 	at com.negi.survey.screens.IntroScreenKt.$r8$lambda$dVJUvuvBl3BAK4vFcws4ley11cc(Unknown Source:0)
02-21 10:46:09.255 24234 24234 E AndroidRuntime: 	at com.negi.survey.screens.IntroScreenKt$$ExternalSyntheticLambda13.invoke(D8$$SyntheticClass:0)
02-21 10:46:09.255 24234 24234 E AndroidRuntime: 	at androidx.compose.foundation.ClickableNode.onPointerEvent-H0pRuoY(Clickable.kt:935)
02-21 10:46:09.255 24234 24234 E AndroidRuntime: 	at androidx.compose.ui.input.pointer.Node.dispatchMainEventPass(HitPathTracker.kt:446)
02-21 10:46:09.255 24234 24234 E AndroidRuntime: 	at androidx.compose.ui.input.pointer.Node.dispatchMainEventPass(HitPathTracker.kt:432)
02-21 10:46:09.255 24234 24234 E AndroidRuntime: 	at androidx.compose.ui.input.pointer.NodeParent.dispatchMainEventPass(HitPathTracker.kt:285)
02-21 10:46:09.255 24234 24234 E AndroidRuntime: 	at androidx.compose.ui.input.pointer.HitPathTracker.dispatchChanges(HitPathTracker.kt:181)
02-21 10:46:09.255 24234 24234 E AndroidRuntime: 	at androidx.compose.ui.input.pointer.PointerInputEventProcessor.process-BIzXfog(PointerInputEventProcessor.kt:118)
02-21 10:46:09.255 24234 24234 E AndroidRuntime: 	at androidx.compose.ui.platform.AndroidComposeView.sendMotionEvent-8iAsVTc(AndroidComposeView.android.kt:2685)
02-21 10:46:09.255 24234 24234 E AndroidRuntime: 	at androidx.compose.ui.platform.AndroidComposeView.handleMotionEvent-8iAsVTc(AndroidComposeView.android.kt:2629)
02-21 10:46:09.255 24234 24234 E AndroidRuntime: 	at androidx.compose.ui.platform.AndroidComposeView.dispatchTouchEvent(AndroidComposeView.android.kt:2467)
02-21 10:46:09.255 24234 24234 E AndroidRuntime: 	at android.view.ViewGroup.dispatchTransformedTouchEvent(ViewGroup.java:3143)
02-21 10:46:09.255 24234 24234 E AndroidRuntime: 	at android.view.ViewGroup.dispatchTouchEvent(ViewGroup.java:2826)
02-21 10:46:09.255 24234 24234 E AndroidRuntime: 	at android.view.ViewGroup.dispatchTransformedTouchEvent(ViewGroup.java:3143)
02-21 10:46:09.255 24234 24234 E AndroidRuntime: 	at android.view.ViewGroup.dispatchTouchEvent(ViewGroup.java:2826)
02-21 10:46:09.255 24234 24234 E AndroidRuntime: 	at android.view.ViewGroup.dispatchTransformedTouchEvent(ViewGroup.java:3143)
