02-21 00:43:44.467 19652 19671 D WM-WorkProgressUpdater: Updating progress for c1ef8dac-df16-4a00-a65f-3a4f8d1622ec (Data {pct : 77, mode : file})
02-21 00:43:44.468 19652 19671 I WM-Processor: Moving WorkSpec (c1ef8dac-df16-4a00-a65f-3a4f8d1622ec) to the foreground
02-21 00:43:44.470 19652 19671 D WM-WorkProgressUpdater: Updating progress for c1ef8dac-df16-4a00-a65f-3a4f8d1622ec (Data {pct : 87, mode : file})
02-21 00:43:44.471 19652 19671 I WM-Processor: Moving WorkSpec (c1ef8dac-df16-4a00-a65f-3a4f8d1622ec) to the foreground
02-21 00:43:44.475 19652 19652 D WM-SystemFgDispatcher: Notifying with (id:3479, workSpecId: e496342c-b350-46eb-8e4b-4dbf2558d8b9, notificationType :1)
02-21 00:43:44.475 19652 19729 D GitHubUploader: uploadStream: done url=https://github.com/ishizuki-tech/SurveyExports/blob/main/diagnostics/crash/2026-02-21/prevlog_20260221_053611_pid8751.log sha=eb0df93cf5b867f7b33ca88da624140b7b91e87b
02-21 00:43:44.477 19652 19652 D WM-SystemFgDispatcher: Notifying with (id:3479, workSpecId: e496342c-b350-46eb-8e4b-4dbf2558d8b9, notificationType :1)
02-21 00:43:44.478 19652 19652 D WM-SystemFgDispatcher: Notifying with (id:3479, workSpecId: e496342c-b350-46eb-8e4b-4dbf2558d8b9, notificationType :1)
02-21 00:43:44.478 19652 19671 D WM-WorkProgressUpdater: Updating progress for c1ef8dac-df16-4a00-a65f-3a4f8d1622ec (Data {pct : 90, mode : file})
02-21 00:43:44.479 19652 19652 D WM-SystemFgDispatcher: Notifying with (id:6696, workSpecId: c1ef8dac-df16-4a00-a65f-3a4f8d1622ec, notificationType :1)
02-21 00:43:44.480 19652 19652 D WM-SystemFgDispatcher: Notifying with (id:6696, workSpecId: c1ef8dac-df16-4a00-a65f-3a4f8d1622ec, notificationType :1)
02-21 00:43:44.480 19652 19652 D WM-SystemFgDispatcher: Notifying with (id:6696, workSpecId: c1ef8dac-df16-4a00-a65f-3a4f8d1622ec, notificationType :1)
02-21 00:43:44.481 19652 19652 D WM-SystemFgDispatcher: Notifying with (id:6696, workSpecId: c1ef8dac-df16-4a00-a65f-3a4f8d1622ec, notificationType :1)
02-21 00:43:44.482 19652 19652 D WM-SystemFgDispatcher: Notifying with (id:6696, workSpecId: c1ef8dac-df16-4a00-a65f-3a4f8d1622ec, notificationType :1)
02-21 00:43:44.482 19652 19652 D WM-SystemFgDispatcher: Notifying with (id:6696, workSpecId: c1ef8dac-df16-4a00-a65f-3a4f8d1622ec, notificationType :1)
02-21 00:43:44.483 19652 19652 D WM-SystemFgDispatcher: Notifying with (id:6696, workSpecId: c1ef8dac-df16-4a00-a65f-3a4f8d1622ec, notificationType :1)
02-21 00:43:44.483 19652 19669 I WM-Processor: Moving WorkSpec (c1ef8dac-df16-4a00-a65f-3a4f8d1622ec) to the foreground
02-21 00:43:44.489 19652 19741 W GitHubUploader: uploadStream: 409 Conflict; refreshing SHA and retrying once.
02-21 00:43:44.490 19652 19652 D WM-SystemFgDispatcher: Notifying with (id:6696, workSpecId: c1ef8dac-df16-4a00-a65f-3a4f8d1622ec, notificationType :1)
02-21 00:43:44.493 19652 19669 D WM-WorkProgressUpdater: Updating progress for fb72157d-a1ac-460e-8f44-5394fab3ff1f (Data {pct : 68, mode : file})
02-21 00:43:44.494 19652 19652 D WM-SystemFgDispatcher: Notifying with (id:6696, workSpecId: c1ef8dac-df16-4a00-a65f-3a4f8d1622ec, notificationType :1)
02-21 00:43:44.499 19652 19669 I WM-Processor: Moving WorkSpec (fb72157d-a1ac-460e-8f44-5394fab3ff1f) to the foreground
02-21 00:43:44.500 19652 19669 D WM-WorkProgressUpdater: Updating progress for fb72157d-a1ac-460e-8f44-5394fab3ff1f (Data {pct : 90, mode : file})
02-21 00:43:44.501 19652 19669 I WM-Processor: Moving WorkSpec (fb72157d-a1ac-460e-8f44-5394fab3ff1f) to the foreground
02-21 00:43:44.502 19652 19671 D WM-WorkProgressUpdater: Updating progress for 48ae0be9-ca3e-4980-a8b4-767667ce21c8 (Data {pct : 95, mode : file})
02-21 00:43:44.503 19652 19671 I WM-Processor: Moving WorkSpec (48ae0be9-ca3e-4980-a8b4-767667ce21c8) to the foreground
02-21 00:43:44.504 19652 19671 I WM-Processor: Moving WorkSpec (48ae0be9-ca3e-4980-a8b4-767667ce21c8) to the foreground
02-21 00:43:44.506 19652 19671 I WM-WorkerWrapper: Worker result SUCCESS for Work [ id=48ae0be9-ca3e-4980-a8b4-767667ce21c8, tags={ com.negi.survey.net.GitHubUploadWorker,github_upload,github_upload:crash:diagnostics_crash_prevlog_20260221_053611_pid8751.log } ]
02-21 00:43:44.507 19652 19671 D WM-WorkProgressUpdater: Updating progress for 90d9161b-f710-4895-8e1b-5f8f1d1d90d4 (Data {pct : 76, mode : file})
02-21 00:43:44.508 19652 19671 I WM-Processor: Moving WorkSpec (90d9161b-f710-4895-8e1b-5f8f1d1d90d4) to the foreground
02-21 00:43:44.510 19652 19652 D WM-SystemFgDispatcher: Notifying with (id:10901, workSpecId: fb72157d-a1ac-460e-8f44-5394fab3ff1f, notificationType :1)
02-21 00:43:44.511 19652 19671 D WM-WorkProgressUpdater: Updating progress for 90d9161b-f710-4895-8e1b-5f8f1d1d90d4 (Data {pct : 90, mode : file})
02-21 00:43:44.512 19652 19672 I WM-Processor: Moving WorkSpec (90d9161b-f710-4895-8e1b-5f8f1d1d90d4) to the foreground
02-21 00:43:44.513 19652 19652 D WM-SystemFgDispatcher: Notifying with (id:10901, workSpecId: fb72157d-a1ac-460e-8f44-5394fab3ff1f, notificationType :1)
02-21 00:43:44.515 19652 19652 D WM-SystemFgDispatcher: Notifying with (id:9731, workSpecId: 48ae0be9-ca3e-4980-a8b4-767667ce21c8, notificationType :1)
02-21 00:43:44.516 19652 19652 D WM-SystemFgDispatcher: Notifying with (id:9731, workSpecId: 48ae0be9-ca3e-4980-a8b4-767667ce21c8, notificationType :1)
02-21 00:43:44.529 19652 19652 D WM-Processor: Processor 48ae0be9-ca3e-4980-a8b4-767667ce21c8 executed; reschedule = false
02-21 00:43:44.529 19652 19652 D WM-GreedyScheduler: Stopping tracking for WorkGenerationalId(workSpecId=48ae0be9-ca3e-4980-a8b4-767667ce21c8, generation=0)
02-21 00:43:44.529 19652 19652 D WM-SystemJobService: 48ae0be9-ca3e-4980-a8b4-767667ce21c8 executed on JobScheduler
02-21 00:43:44.530 19652 19652 D WM-SystemFgDispatcher: Removing Notification (id: 9731, workSpecId: WorkGenerationalId(workSpecId=48ae0be9-ca3e-4980-a8b4-767667ce21c8, generation=0), notificationType: 1
02-21 00:43:44.530 19652 19652 D WM-SystemFgDispatcher: Notifying with (id:7452, workSpecId: 90d9161b-f710-4895-8e1b-5f8f1d1d90d4, notificationType :1)
02-21 00:43:44.537 19652 19652 D WM-SystemFgDispatcher: Notifying with (id:7452, workSpecId: 90d9161b-f710-4895-8e1b-5f8f1d1d90d4, notificationType :1)
02-21 00:43:44.542 19652 19672 D WM-GreedyScheduler: Cancelling work ID 48ae0be9-ca3e-4980-a8b4-767667ce21c8
02-21 00:43:44.553 19652 19652 D WM-SystemJobService: onStopJob for WorkGenerationalId(workSpecId=48ae0be9-ca3e-4980-a8b4-767667ce21c8, generation=0)
02-21 00:43:44.572 19652 19671 D WM-WorkProgressUpdater: Updating progress for b56e187a-f467-42be-8236-39f8bd68009b (Data {pct : 29, mode : file})
02-21 00:43:44.574 19652 19673 I WM-Processor: Moving WorkSpec (b56e187a-f467-42be-8236-39f8bd68009b) to the foreground
02-21 00:43:44.576 19652 19673 D WM-WorkProgressUpdater: Updating progress for b56e187a-f467-42be-8236-39f8bd68009b (Data {pct : 49, mode : file})
02-21 00:43:44.577 19652 19673 I WM-Processor: Moving WorkSpec (b56e187a-f467-42be-8236-39f8bd68009b) to the foreground
02-21 00:43:44.579 19652 19673 D WM-WorkProgressUpdater: Updating progress for b56e187a-f467-42be-8236-39f8bd68009b (Data {pct : 69, mode : file})
02-21 00:43:44.582 19652 19669 I WM-Processor: Moving WorkSpec (b56e187a-f467-42be-8236-39f8bd68009b) to the foreground
02-21 00:43:44.583 19652 19671 D WM-WorkProgressUpdater: Updating progress for b56e187a-f467-42be-8236-39f8bd68009b (Data {pct : 89, mode : file})
02-21 00:43:44.586 19652 19652 D WM-SystemFgDispatcher: Notifying with (id:5897, workSpecId: b56e187a-f467-42be-8236-39f8bd68009b, notificationType :1)
02-21 00:43:44.587 19652 19671 I WM-Processor: Moving WorkSpec (b56e187a-f467-42be-8236-39f8bd68009b) to the foreground
02-21 00:43:44.588 19652 19652 D WM-SystemFgDispatcher: Notifying with (id:5897, workSpecId: b56e187a-f467-42be-8236-39f8bd68009b, notificationType :1)
02-21 00:43:44.592 19652 19671 D WM-WorkProgressUpdater: Updating progress for b56e187a-f467-42be-8236-39f8bd68009b (Data {pct : 90, mode : file})
02-21 00:43:44.593 19652 19671 I WM-Processor: Moving WorkSpec (b56e187a-f467-42be-8236-39f8bd68009b) to the foreground
02-21 00:43:44.600 19652 19652 D WM-SystemFgDispatcher: Notifying with (id:5897, workSpecId: b56e187a-f467-42be-8236-39f8bd68009b, notificationType :1)
02-21 00:43:44.605 19652 19652 D WM-SystemFgDispatcher: Notifying with (id:5897, workSpecId: b56e187a-f467-42be-8236-39f8bd68009b, notificationType :1)
02-21 00:43:44.608 19652 19652 D WM-SystemFgDispatcher: Notifying with (id:5897, workSpecId: b56e187a-f467-42be-8236-39f8bd68009b, notificationType :1)
02-21 00:43:44.629 19652 19673 D WM-WorkProgressUpdater: Updating progress for 59f8fa63-3642-4485-9ce6-b88db09a779e (Data {pct : 32, mode : file})
02-21 00:43:44.632 19652 19673 I WM-Processor: Moving WorkSpec (59f8fa63-3642-4485-9ce6-b88db09a779e) to the foreground
02-21 00:43:44.637 19652 19672 D WM-WorkProgressUpdater: Updating progress for 59f8fa63-3642-4485-9ce6-b88db09a779e (Data {pct : 55, mode : file})
02-21 00:43:44.638 19652 19672 I WM-Processor: Moving WorkSpec (59f8fa63-3642-4485-9ce6-b88db09a779e) to the foreground
02-21 00:43:44.644 19652 19672 D WM-WorkProgressUpdater: Updating progress for 59f8fa63-3642-4485-9ce6-b88db09a779e (Data {pct : 78, mode : file})
02-21 00:43:44.644 19652 19652 D WM-SystemFgDispatcher: Notifying with (id:6223, workSpecId: 59f8fa63-3642-4485-9ce6-b88db09a779e, notificationType :1)
02-21 00:43:44.645 19652 19672 I WM-Processor: Moving WorkSpec (59f8fa63-3642-4485-9ce6-b88db09a779e) to the foreground
02-21 00:43:44.652 19652 19672 D WM-WorkProgressUpdater: Updating progress for 59f8fa63-3642-4485-9ce6-b88db09a779e (Data {pct : 90, mode : file})
02-21 00:43:44.654 19652 19672 I WM-Processor: Moving WorkSpec (59f8fa63-3642-4485-9ce6-b88db09a779e) to the foreground
02-21 00:43:44.664 19652 19652 D WM-SystemFgDispatcher: Notifying with (id:6223, workSpecId: 59f8fa63-3642-4485-9ce6-b88db09a779e, notificationType :1)
02-21 00:43:44.673 19652 19673 D WM-WorkProgressUpdater: Updating progress for 584d15d6-0e62-450c-b242-4471e0d1e498 (Data {pct : 46, mode : file})
02-21 00:43:44.678 19652 19673 I WM-Processor: Moving WorkSpec (584d15d6-0e62-450c-b242-4471e0d1e498) to the foreground
02-21 00:43:44.680 19652 19673 D WM-WorkProgressUpdater: Updating progress for 584d15d6-0e62-450c-b242-4471e0d1e498 (Data {pct : 82, mode : file})
02-21 00:43:44.682 19652 19673 I WM-Processor: Moving WorkSpec (584d15d6-0e62-450c-b242-4471e0d1e498) to the foreground
02-21 00:43:44.682 19652 19652 D WM-SystemFgDispatcher: Notifying with (id:6223, workSpecId: 59f8fa63-3642-4485-9ce6-b88db09a779e, notificationType :1)
02-21 00:43:44.683 19652 19673 D WM-WorkProgressUpdater: Updating progress for 584d15d6-0e62-450c-b242-4471e0d1e498 (Data {pct : 90, mode : file})
02-21 00:43:44.684 19652 19652 D WM-SystemFgDispatcher: Notifying with (id:6223, workSpecId: 59f8fa63-3642-4485-9ce6-b88db09a779e, notificationType :1)
02-21 00:43:44.685 19652 19673 I WM-Processor: Moving WorkSpec (584d15d6-0e62-450c-b242-4471e0d1e498) to the foreground
02-21 00:43:44.701 19652 19708 D GitHubUploader: uploadStream: done url=https://github.com/ishizuki-tech/SurveyExports/blob/main/diagnostics/crash/2026-02-21/prevlog_20260221_051535_pid7826.log sha=c927e4f9d08d67732085252af456acc8a17e7468
02-21 00:43:44.701 19652 19669 D WM-WorkProgressUpdater: Updating progress for c7f534c3-d6fb-4a92-ad5d-87ef89c1bbb5 (Data {pct : 95, mode : file})
02-21 00:43:44.702 19652 19652 D WM-SystemFgDispatcher: Notifying with (id:7354, workSpecId: 584d15d6-0e62-450c-b242-4471e0d1e498, notificationType :1)
02-21 00:43:44.703 19652 19652 D WM-SystemFgDispatcher: Notifying with (id:7354, workSpecId: 584d15d6-0e62-450c-b242-4471e0d1e498, notificationType :1)
02-21 00:43:44.710 19652 19672 I WM-Processor: Moving WorkSpec (c7f534c3-d6fb-4a92-ad5d-87ef89c1bbb5) to the foreground
02-21 00:43:44.713 19652 19671 I WM-Processor: Moving WorkSpec (c7f534c3-d6fb-4a92-ad5d-87ef89c1bbb5) to the foreground
02-21 00:43:44.725 19652 19652 D WM-SystemFgDispatcher: Notifying with (id:7354, workSpecId: 584d15d6-0e62-450c-b242-4471e0d1e498, notificationType :1)
02-21 00:43:44.725 19652 19652 W NotificationManager: Shedding notify (update) of NotificationKey[user=UserHandle{0}, pkg=com.negi.survey, tag=null, id=7354], rate limit (5.0) exceeded: input 101.05462, output would be 5.859646
02-21 00:43:44.726 19652 19652 D WM-SystemFgDispatcher: Notifying with (id:7736, workSpecId: c7f534c3-d6fb-4a92-ad5d-87ef89c1bbb5, notificationType :1)
02-21 00:43:44.728 19652 19652 D WM-SystemFgDispatcher: Notifying with (id:7736, workSpecId: c7f534c3-d6fb-4a92-ad5d-87ef89c1bbb5, notificationType :1)
02-21 00:43:44.730 19652 19669 I WM-WorkerWrapper: Worker result SUCCESS for Work [ id=c7f534c3-d6fb-4a92-ad5d-87ef89c1bbb5, tags={ com.negi.survey.net.GitHubUploadWorker,github_upload,github_upload:crash:diagnostics_crash_prevlog_20260221_051535_pid7826.log } ]
02-21 00:43:44.746 19652 19652 D WM-Processor: Processor c7f534c3-d6fb-4a92-ad5d-87ef89c1bbb5 executed; reschedule = false
02-21 00:43:44.747 19652 19652 D WM-GreedyScheduler: Stopping tracking for WorkGenerationalId(workSpecId=c7f534c3-d6fb-4a92-ad5d-87ef89c1bbb5, generation=0)
02-21 00:43:44.747 19652 19652 D WM-SystemJobService: c7f534c3-d6fb-4a92-ad5d-87ef89c1bbb5 executed on JobScheduler
02-21 00:43:44.748 19652 19652 D WM-SystemFgDispatcher: Removing Notification (id: 7736, workSpecId: WorkGenerationalId(workSpecId=c7f534c3-d6fb-4a92-ad5d-87ef89c1bbb5, generation=0), notificationType: 1
02-21 00:43:44.753 19652 19669 D WM-GreedyScheduler: Cancelling work ID c7f534c3-d6fb-4a92-ad5d-87ef89c1bbb5
02-21 00:43:44.761 19652 19652 D WM-SystemJobService: onStopJob for WorkGenerationalId(workSpecId=c7f534c3-d6fb-4a92-ad5d-87ef89c1bbb5, generation=0)
02-21 00:43:44.847 19652 19657 I com.negi.survey: Background young concurrent mark compact GC freed 18MB AllocSpace bytes, 234(5300KB) LOS objects, 68% free, 10MB/35MB, paused 3.939ms,5.859ms total 284.199ms
02-21 00:43:44.901 19652 19675 W GitHubUploader: uploadStream: 409 Conflict; refreshing SHA and retrying once.
02-21 00:43:44.907 19652 19672 D WM-WorkProgressUpdater: Updating progress for 4945c95d-79b3-484c-9136-e658f7e838f0 (Data {pct : 87, mode : file})
02-21 00:43:44.910 19652 19672 I WM-Processor: Moving WorkSpec (4945c95d-79b3-484c-9136-e658f7e838f0) to the foreground
02-21 00:43:44.912 19652 19672 D WM-WorkProgressUpdater: Updating progress for 4945c95d-79b3-484c-9136-e658f7e838f0 (Data {pct : 90, mode : file})
02-21 00:43:44.913 19652 19672 I WM-Processor: Moving WorkSpec (4945c95d-79b3-484c-9136-e658f7e838f0) to the foreground
02-21 00:43:44.937 19652 19652 D WM-SystemFgDispatcher: Notifying with (id:9811, workSpecId: 4945c95d-79b3-484c-9136-e658f7e838f0, notificationType :1)
02-21 00:43:44.940 19652 19652 D WM-SystemFgDispatcher: Notifying with (id:9811, workSpecId: 4945c95d-79b3-484c-9136-e658f7e838f0, notificationType :1)
02-21 00:43:44.952 19652 19729 W GitHubUploader: uploadStream: 409 Conflict; refreshing SHA and retrying once.
02-21 00:43:44.975 19652 19738 W GitHubUploader: uploadStream: 409 Conflict; refreshing SHA and retrying once.
02-21 00:43:44.977 19652 19732 W GitHubUploader: uploadStream: 409 Conflict; refreshing SHA and retrying once.
02-21 00:43:44.981 19652 19673 D WM-WorkProgressUpdater: Updating progress for e496342c-b350-46eb-8e4b-4dbf2558d8b9 (Data {pct : 95, mode : file})
02-21 00:43:44.982 19652 19746 D GitHubUploader: uploadStream: done url=https://github.com/ishizuki-tech/SurveyExports/blob/main/diagnostics/crash/2026-02-21/prevlog_20260221_084338_pid19652.log sha=26ba2257fc8043865ca25bac17064478954a1416
02-21 00:43:44.983 19652 19673 I WM-Processor: Moving WorkSpec (e496342c-b350-46eb-8e4b-4dbf2558d8b9) to the foreground
02-21 00:43:44.989 19652 19671 I WM-Processor: Moving WorkSpec (e496342c-b350-46eb-8e4b-4dbf2558d8b9) to the foreground
02-21 00:43:44.994 19652 19652 D WM-SystemFgDispatcher: Notifying with (id:3479, workSpecId: e496342c-b350-46eb-8e4b-4dbf2558d8b9, notificationType :1)
02-21 00:43:44.997 19652 19669 I WM-WorkerWrapper: Worker result SUCCESS for Work [ id=e496342c-b350-46eb-8e4b-4dbf2558d8b9, tags={ com.negi.survey.net.GitHubUploadWorker,github_upload,github_upload:crash:diagnostics_crash_prevlog_20260221_084338_pid19652.log } ]
02-21 00:43:45.012 19652 19652 D WM-SystemFgDispatcher: Notifying with (id:3479, workSpecId: e496342c-b350-46eb-8e4b-4dbf2558d8b9, notificationType :1)
02-21 00:43:45.015 19652 19652 D WM-Processor: Processor e496342c-b350-46eb-8e4b-4dbf2558d8b9 executed; reschedule = false
02-21 00:43:45.015 19652 19652 D WM-GreedyScheduler: Stopping tracking for WorkGenerationalId(workSpecId=e496342c-b350-46eb-8e4b-4dbf2558d8b9, generation=0)
02-21 00:43:45.015 19652 19652 D WM-SystemJobService: e496342c-b350-46eb-8e4b-4dbf2558d8b9 executed on JobScheduler
02-21 00:43:45.015 19652 19652 D WM-SystemFgDispatcher: Removing Notification (id: 3479, workSpecId: WorkGenerationalId(workSpecId=e496342c-b350-46eb-8e4b-4dbf2558d8b9, generation=0), notificationType: 1
02-21 00:43:45.019 19652 19669 D WM-GreedyScheduler: Cancelling work ID e496342c-b350-46eb-8e4b-4dbf2558d8b9
02-21 00:43:45.034 19652 19652 D WM-SystemJobService: onStopJob for WorkGenerationalId(workSpecId=e496342c-b350-46eb-8e4b-4dbf2558d8b9, generation=0)
02-21 00:43:45.092 19652 19707 W GitHubUploader: uploadStream: 409 Conflict; refreshing SHA and retrying once.
02-21 00:43:45.110 19652 19671 D WM-WorkProgressUpdater: Updating progress for 90d9161b-f710-4895-8e1b-5f8f1d1d90d4 (Data {pct : 76, mode : file})
02-21 00:43:45.111 19652 19671 I WM-Processor: Moving WorkSpec (90d9161b-f710-4895-8e1b-5f8f1d1d90d4) to the foreground
02-21 00:43:45.114 19652 19671 D WM-WorkProgressUpdater: Updating progress for 90d9161b-f710-4895-8e1b-5f8f1d1d90d4 (Data {pct : 90, mode : file})
02-21 00:43:45.114 19652 19671 I WM-Processor: Moving WorkSpec (90d9161b-f710-4895-8e1b-5f8f1d1d90d4) to the foreground
02-21 00:43:45.126 19652 19652 D WM-SystemFgDispatcher: Notifying with (id:7452, workSpecId: 90d9161b-f710-4895-8e1b-5f8f1d1d90d4, notificationType :1)
02-21 00:43:45.129 19652 19652 D WM-SystemFgDispatcher: Notifying with (id:7452, workSpecId: 90d9161b-f710-4895-8e1b-5f8f1d1d90d4, notificationType :1)
02-21 00:43:45.299 19652 19735 D GitHubUploader: uploadStream: done url=https://github.com/ishizuki-tech/SurveyExports/blob/main/diagnostics/crash/2026-02-21/prevlog_20260220_225636_pid22740.log.gz sha=ea98da711e0aa41dd343e22504ab31c83e1f36d2
02-21 00:43:45.300 19652 19669 D WM-WorkProgressUpdater: Updating progress for 8e4e5655-9497-4d56-9b70-eb3f3e54cfbb (Data {pct : 95, mode : file})
02-21 00:43:45.303 19652 19669 I WM-Processor: Moving WorkSpec (8e4e5655-9497-4d56-9b70-eb3f3e54cfbb) to the foreground
02-21 00:43:45.304 19652 19669 I WM-Processor: Moving WorkSpec (8e4e5655-9497-4d56-9b70-eb3f3e54cfbb) to the foreground
02-21 00:43:45.319 19652 19652 D WM-SystemFgDispatcher: Notifying with (id:6197, workSpecId: 8e4e5655-9497-4d56-9b70-eb3f3e54cfbb, notificationType :1)
02-21 00:43:45.322 19652 19652 D WM-SystemFgDispatcher: Notifying with (id:6197, workSpecId: 8e4e5655-9497-4d56-9b70-eb3f3e54cfbb, notificationType :1)
02-21 00:43:45.329 19652 19673 I WM-WorkerWrapper: Worker result SUCCESS for Work [ id=8e4e5655-9497-4d56-9b70-eb3f3e54cfbb, tags={ com.negi.survey.net.GitHubUploadWorker,github_upload,github_upload:crash:diagnostics_crash_prevlog_20260220_225636_pid22740.log.gz } ]
02-21 00:43:45.338 19652 19652 D WM-Processor: Processor 8e4e5655-9497-4d56-9b70-eb3f3e54cfbb executed; reschedule = false
02-21 00:43:45.338 19652 19652 D WM-GreedyScheduler: Stopping tracking for WorkGenerationalId(workSpecId=8e4e5655-9497-4d56-9b70-eb3f3e54cfbb, generation=0)
02-21 00:43:45.338 19652 19652 D WM-SystemJobService: 8e4e5655-9497-4d56-9b70-eb3f3e54cfbb executed on JobScheduler
02-21 00:43:45.338 19652 19652 D WM-SystemFgDispatcher: Removing Notification (id: 6197, workSpecId: WorkGenerationalId(workSpecId=8e4e5655-9497-4d56-9b70-eb3f3e54cfbb, generation=0), notificationType: 1
02-21 00:43:45.340 19652 19672 D WM-GreedyScheduler: Cancelling work ID 8e4e5655-9497-4d56-9b70-eb3f3e54cfbb
02-21 00:43:45.479 19652 19706 W GitHubUploader: uploadStream: 409 Conflict; refreshing SHA and retrying once.
02-21 00:43:45.599 19652 19671 D WM-WorkProgressUpdater: Updating progress for 123b6181-7f72-4f02-8a76-f8f30a477d8f (Data {pct : 95, mode : file})
02-21 00:43:45.599 19652 19732 D GitHubUploader: uploadStream: done url=https://github.com/ishizuki-tech/SurveyExports/blob/main/diagnostics/crash/2026-02-21/prevlog_20260220_230136_pid23391.log.gz sha=aa99c661c349aca6a26ddfa9c9cf9cb60d3fe8d7
02-21 00:43:45.601 19652 19671 I WM-Processor: Moving WorkSpec (123b6181-7f72-4f02-8a76-f8f30a477d8f) to the foreground
02-21 00:43:45.604 19652 19671 I WM-Processor: Moving WorkSpec (123b6181-7f72-4f02-8a76-f8f30a477d8f) to the foreground
02-21 00:43:45.619 19652 19652 D WM-SystemFgDispatcher: Notifying with (id:4208, workSpecId: 123b6181-7f72-4f02-8a76-f8f30a477d8f, notificationType :1)
02-21 00:43:45.619 19652 19673 I WM-WorkerWrapper: Worker result SUCCESS for Work [ id=123b6181-7f72-4f02-8a76-f8f30a477d8f, tags={ com.negi.survey.net.GitHubUploadWorker,github_upload,github_upload:crash:diagnostics_crash_prevlog_20260220_230136_pid23391.log.gz } ]
02-21 00:43:45.622 19652 19652 D WM-SystemFgDispatcher: Notifying with (id:4208, workSpecId: 123b6181-7f72-4f02-8a76-f8f30a477d8f, notificationType :1)
02-21 00:43:45.626 19652 19673 D WM-WorkProgressUpdater: Updating progress for 4945c95d-79b3-484c-9136-e658f7e838f0 (Data {pct : 87, mode : file})
02-21 00:43:45.627 19652 19673 I WM-Processor: Moving WorkSpec (4945c95d-79b3-484c-9136-e658f7e838f0) to the foreground
02-21 00:43:45.629 19652 19673 D WM-WorkProgressUpdater: Updating progress for 4945c95d-79b3-484c-9136-e658f7e838f0 (Data {pct : 90, mode : file})
02-21 00:43:45.631 19652 19673 I WM-Processor: Moving WorkSpec (4945c95d-79b3-484c-9136-e658f7e838f0) to the foreground
02-21 00:43:45.636 19652 19740 W GitHubUploader: uploadStream: 409 Conflict; refreshing SHA and retrying once.
02-21 00:43:45.637 19652 19652 D WM-Processor: Processor 123b6181-7f72-4f02-8a76-f8f30a477d8f executed; reschedule = false
02-21 00:43:45.637 19652 19652 D WM-GreedyScheduler: Stopping tracking for WorkGenerationalId(workSpecId=123b6181-7f72-4f02-8a76-f8f30a477d8f, generation=0)
02-21 00:43:45.637 19652 19652 D WM-SystemJobService: 123b6181-7f72-4f02-8a76-f8f30a477d8f executed on JobScheduler
02-21 00:43:45.637 19652 19652 D WM-SystemFgDispatcher: Removing Notification (id: 4208, workSpecId: WorkGenerationalId(workSpecId=123b6181-7f72-4f02-8a76-f8f30a477d8f, generation=0), notificationType: 1
02-21 00:43:45.638 19652 19652 D WM-SystemFgDispatcher: Notifying with (id:9811, workSpecId: 4945c95d-79b3-484c-9136-e658f7e838f0, notificationType :1)
02-21 00:43:45.638 19652 19669 D WM-GreedyScheduler: Cancelling work ID 123b6181-7f72-4f02-8a76-f8f30a477d8f
02-21 00:43:45.639 19652 19652 D WM-SystemFgDispatcher: Notifying with (id:9811, workSpecId: 4945c95d-79b3-484c-9136-e658f7e838f0, notificationType :1)
02-21 00:43:45.714 19652 19671 D WM-WorkProgressUpdater: Updating progress for 1b4bd9f4-b9da-4fbb-9424-e47b91f2a033 (Data {pct : 84, mode : file})
02-21 00:43:45.723 19652 19671 I WM-Processor: Moving WorkSpec (1b4bd9f4-b9da-4fbb-9424-e47b91f2a033) to the foreground
02-21 00:43:45.724 19652 19672 D WM-WorkProgressUpdater: Updating progress for 1b4bd9f4-b9da-4fbb-9424-e47b91f2a033 (Data {pct : 90, mode : file})
02-21 00:43:45.726 19652 19672 I WM-Processor: Moving WorkSpec (1b4bd9f4-b9da-4fbb-9424-e47b91f2a033) to the foreground
02-21 00:43:45.727 19652 19672 D WM-WorkProgressUpdater: Updating progress for f8a5d1ce-9f25-4343-9a46-2bc097898bf3 (Data {pct : 82, mode : file})
02-21 00:43:45.728 19652 19672 I WM-Processor: Moving WorkSpec (f8a5d1ce-9f25-4343-9a46-2bc097898bf3) to the foreground
02-21 00:43:45.729 19652 19672 D WM-WorkProgressUpdater: Updating progress for f8a5d1ce-9f25-4343-9a46-2bc097898bf3 (Data {pct : 90, mode : file})
02-21 00:43:45.729 19652 19672 I WM-Processor: Moving WorkSpec (f8a5d1ce-9f25-4343-9a46-2bc097898bf3) to the foreground
02-21 00:43:45.751 19652 19652 D WM-SystemFgDispatcher: Notifying with (id:10028, workSpecId: 1b4bd9f4-b9da-4fbb-9424-e47b91f2a033, notificationType :1)
02-21 00:43:45.754 19652 19652 D WM-SystemFgDispatcher: Notifying with (id:10028, workSpecId: 1b4bd9f4-b9da-4fbb-9424-e47b91f2a033, notificationType :1)
02-21 00:43:45.754 19652 19652 W NotificationManager: Shedding notify (update) of NotificationKey[user=UserHandle{0}, pkg=com.negi.survey, tag=null, id=10028], rate limit (5.0) exceeded: input 22.240015, output would be 6.869772
02-21 00:43:45.755 19652 19652 D WM-SystemFgDispatcher: Notifying with (id:10504, workSpecId: f8a5d1ce-9f25-4343-9a46-2bc097898bf3, notificationType :1)
02-21 00:43:45.756 19652 19652 D WM-SystemFgDispatcher: Notifying with (id:10504, workSpecId: f8a5d1ce-9f25-4343-9a46-2bc097898bf3, notificationType :1)
02-21 00:43:45.820 19652 19672 D WM-WorkProgressUpdater: Updating progress for 0bd77b2e-a92b-49ba-84b7-6ba83c6626f7 (Data {pct : 81, mode : file})
02-21 00:43:45.823 19652 19671 I WM-Processor: Moving WorkSpec (0bd77b2e-a92b-49ba-84b7-6ba83c6626f7) to the foreground
02-21 00:43:45.829 19652 19671 D WM-WorkProgressUpdater: Updating progress for 0bd77b2e-a92b-49ba-84b7-6ba83c6626f7 (Data {pct : 90, mode : file})
02-21 00:43:45.832 19652 19671 I WM-Processor: Moving WorkSpec (0bd77b2e-a92b-49ba-84b7-6ba83c6626f7) to the foreground
02-21 00:43:45.835 19652 19671 D WM-WorkProgressUpdater: Updating progress for 0395dfe7-e4df-4272-a20a-0782ee879485 (Data {pct : 41, mode : file})
02-21 00:43:45.839 19652 19671 I WM-Processor: Moving WorkSpec (0395dfe7-e4df-4272-a20a-0782ee879485) to the foreground
02-21 00:43:45.846 19652 19671 D WM-WorkProgressUpdater: Updating progress for 0395dfe7-e4df-4272-a20a-0782ee879485 (Data {pct : 73, mode : file})
02-21 00:43:45.847 19652 19652 D WM-SystemFgDispatcher: Notifying with (id:5426, workSpecId: 0bd77b2e-a92b-49ba-84b7-6ba83c6626f7, notificationType :1)
02-21 00:43:45.848 19652 19652 D WM-SystemFgDispatcher: Notifying with (id:5426, workSpecId: 0bd77b2e-a92b-49ba-84b7-6ba83c6626f7, notificationType :1)
02-21 00:43:45.851 19652 19671 I WM-Processor: Moving WorkSpec (0395dfe7-e4df-4272-a20a-0782ee879485) to the foreground
02-21 00:43:45.858 19652 19671 D WM-WorkProgressUpdater: Updating progress for 0395dfe7-e4df-4272-a20a-0782ee879485 (Data {pct : 90, mode : file})
02-21 00:43:45.861 19652 19671 I WM-Processor: Moving WorkSpec (0395dfe7-e4df-4272-a20a-0782ee879485) to the foreground
02-21 00:43:45.864 19652 19652 D WM-SystemFgDispatcher: Notifying with (id:8301, workSpecId: 0395dfe7-e4df-4272-a20a-0782ee879485, notificationType :1)
02-21 00:43:45.886 19652 19652 D WM-SystemFgDispatcher: Notifying with (id:8301, workSpecId: 0395dfe7-e4df-4272-a20a-0782ee879485, notificationType :1)
02-21 00:43:45.891 19652 19652 D WM-SystemFgDispatcher: Notifying with (id:8301, workSpecId: 0395dfe7-e4df-4272-a20a-0782ee879485, notificationType :1)
02-21 00:43:45.910 19652 19669 D WM-WorkProgressUpdater: Updating progress for 308328ad-b2be-478b-80fc-bc1ae187d993 (Data {pct : 83, mode : file})
02-21 00:43:45.913 19652 19669 I WM-Processor: Moving WorkSpec (308328ad-b2be-478b-80fc-bc1ae187d993) to the foreground
02-21 00:43:45.915 19652 19669 D WM-WorkProgressUpdater: Updating progress for 308328ad-b2be-478b-80fc-bc1ae187d993 (Data {pct : 90, mode : file})
02-21 00:43:45.916 19652 19669 I WM-Processor: Moving WorkSpec (308328ad-b2be-478b-80fc-bc1ae187d993) to the foreground
02-21 00:43:45.943 19652 19652 D WM-SystemFgDispatcher: Notifying with (id:4429, workSpecId: 308328ad-b2be-478b-80fc-bc1ae187d993, notificationType :1)
02-21 00:43:45.946 19652 19652 D WM-SystemFgDispatcher: Notifying with (id:4429, workSpecId: 308328ad-b2be-478b-80fc-bc1ae187d993, notificationType :1)
02-21 00:43:46.048 19652 19673 D WM-WorkProgressUpdater: Updating progress for b56e187a-f467-42be-8236-39f8bd68009b (Data {pct : 29, mode : file})
02-21 00:43:46.052 19652 19673 I WM-Processor: Moving WorkSpec (b56e187a-f467-42be-8236-39f8bd68009b) to the foreground
02-21 00:43:46.055 19652 19673 D WM-WorkProgressUpdater: Updating progress for b56e187a-f467-42be-8236-39f8bd68009b (Data {pct : 49, mode : file})
02-21 00:43:46.055 19652 19673 I WM-Processor: Moving WorkSpec (b56e187a-f467-42be-8236-39f8bd68009b) to the foreground
02-21 00:43:46.062 19652 19673 D WM-WorkProgressUpdater: Updating progress for b56e187a-f467-42be-8236-39f8bd68009b (Data {pct : 69, mode : file})
02-21 00:43:46.065 19652 19673 I WM-Processor: Moving WorkSpec (b56e187a-f467-42be-8236-39f8bd68009b) to the foreground
02-21 00:43:46.066 19652 19673 D WM-WorkProgressUpdater: Updating progress for b56e187a-f467-42be-8236-39f8bd68009b (Data {pct : 89, mode : file})
02-21 00:43:46.067 19652 19673 I WM-Processor: Moving WorkSpec (b56e187a-f467-42be-8236-39f8bd68009b) to the foreground
02-21 00:43:46.068 19652 19673 D WM-WorkProgressUpdater: Updating progress for b56e187a-f467-42be-8236-39f8bd68009b (Data {pct : 90, mode : file})
02-21 00:43:46.068 19652 19673 I WM-Processor: Moving WorkSpec (b56e187a-f467-42be-8236-39f8bd68009b) to the foreground
02-21 00:43:46.080 19652 19652 D WM-SystemFgDispatcher: Notifying with (id:5897, workSpecId: b56e187a-f467-42be-8236-39f8bd68009b, notificationType :1)
02-21 00:43:46.082 19652 19652 D WM-SystemFgDispatcher: Notifying with (id:5897, workSpecId: b56e187a-f467-42be-8236-39f8bd68009b, notificationType :1)
02-21 00:43:46.084 19652 19652 D WM-SystemFgDispatcher: Notifying with (id:5897, workSpecId: b56e187a-f467-42be-8236-39f8bd68009b, notificationType :1)
02-21 00:43:46.084 19652 19652 D WM-SystemFgDispatcher: Notifying with (id:5897, workSpecId: b56e187a-f467-42be-8236-39f8bd68009b, notificationType :1)
02-21 00:43:46.085 19652 19652 D WM-SystemFgDispatcher: Notifying with (id:5897, workSpecId: b56e187a-f467-42be-8236-39f8bd68009b, notificationType :1)
02-21 00:43:46.106 19652 19669 D WM-WorkProgressUpdater: Updating progress for fb72157d-a1ac-460e-8f44-5394fab3ff1f (Data {pct : 68, mode : file})
02-21 00:43:46.107 19652 19669 I WM-Processor: Moving WorkSpec (fb72157d-a1ac-460e-8f44-5394fab3ff1f) to the foreground
02-21 00:43:46.109 19652 19669 D WM-WorkProgressUpdater: Updating progress for fb72157d-a1ac-460e-8f44-5394fab3ff1f (Data {pct : 90, mode : file})
02-21 00:43:46.109 19652 19669 I WM-Processor: Moving WorkSpec (fb72157d-a1ac-460e-8f44-5394fab3ff1f) to the foreground
02-21 00:43:46.122 19652 19652 D WM-SystemFgDispatcher: Notifying with (id:10901, workSpecId: fb72157d-a1ac-460e-8f44-5394fab3ff1f, notificationType :1)
02-21 00:43:46.123 19652 19652 D WM-SystemFgDispatcher: Notifying with (id:10901, workSpecId: fb72157d-a1ac-460e-8f44-5394fab3ff1f, notificationType :1)
02-21 00:43:46.137 19652 19673 D WM-WorkProgressUpdater: Updating progress for c1ef8dac-df16-4a00-a65f-3a4f8d1622ec (Data {pct : 19, mode : file})
02-21 00:43:46.138 19652 19673 I WM-Processor: Moving WorkSpec (c1ef8dac-df16-4a00-a65f-3a4f8d1622ec) to the foreground
02-21 00:43:46.142 19652 19669 D WM-WorkProgressUpdater: Updating progress for c1ef8dac-df16-4a00-a65f-3a4f8d1622ec (Data {pct : 29, mode : file})
02-21 00:43:46.147 19652 19706 D GitHubUploader: uploadStream: done url=https://github.com/ishizuki-tech/SurveyExports/blob/main/diagnostics/crash/2026-02-21/prevlog_20260220_230439_pid23818.log.gz sha=8966025025468b80d894dfeae477d742b52c6786
02-21 00:43:46.152 19652 19672 I WM-Processor: Moving WorkSpec (c1ef8dac-df16-4a00-a65f-3a4f8d1622ec) to the foreground
02-21 00:43:46.155 19652 19672 D WM-WorkProgressUpdater: Updating progress for c1ef8dac-df16-4a00-a65f-3a4f8d1622ec (Data {pct : 38, mode : file})
02-21 00:43:46.158 19652 19672 I WM-Processor: Moving WorkSpec (c1ef8dac-df16-4a00-a65f-3a4f8d1622ec) to the foreground
02-21 00:43:46.161 19652 19672 D WM-WorkProgressUpdater: Updating progress for c1ef8dac-df16-4a00-a65f-3a4f8d1622ec (Data {pct : 48, mode : file})
02-21 00:43:46.163 19652 19652 D WM-SystemFgDispatcher: Notifying with (id:6696, workSpecId: c1ef8dac-df16-4a00-a65f-3a4f8d1622ec, notificationType :1)
02-21 00:43:46.164 19652 19672 I WM-Processor: Moving WorkSpec (c1ef8dac-df16-4a00-a65f-3a4f8d1622ec) to the foreground
02-21 00:43:46.171 19652 19652 D WM-SystemFgDispatcher: Notifying with (id:6696, workSpecId: c1ef8dac-df16-4a00-a65f-3a4f8d1622ec, notificationType :1)
02-21 00:43:46.172 19652 19672 D WM-WorkProgressUpdater: Updating progress for c1ef8dac-df16-4a00-a65f-3a4f8d1622ec (Data {pct : 58, mode : file})
02-21 00:43:46.173 19652 19672 I WM-Processor: Moving WorkSpec (c1ef8dac-df16-4a00-a65f-3a4f8d1622ec) to the foreground
02-21 00:43:46.175 19652 19672 D WM-WorkProgressUpdater: Updating progress for c1ef8dac-df16-4a00-a65f-3a4f8d1622ec (Data {pct : 67, mode : file})
02-21 00:43:46.175 19652 19672 I WM-Processor: Moving WorkSpec (c1ef8dac-df16-4a00-a65f-3a4f8d1622ec) to the foreground
02-21 00:43:46.176 19652 19672 D WM-WorkProgressUpdater: Updating progress for c1ef8dac-df16-4a00-a65f-3a4f8d1622ec (Data {pct : 77, mode : file})
02-21 00:43:46.177 19652 19671 I WM-Processor: Moving WorkSpec (c1ef8dac-df16-4a00-a65f-3a4f8d1622ec) to the foreground
02-21 00:43:46.178 19652 19671 D WM-WorkProgressUpdater: Updating progress for c1ef8dac-df16-4a00-a65f-3a4f8d1622ec (Data {pct : 87, mode : file})
02-21 00:43:46.179 19652 19671 I WM-Processor: Moving WorkSpec (c1ef8dac-df16-4a00-a65f-3a4f8d1622ec) to the foreground
02-21 00:43:46.181 19652 19671 D WM-WorkProgressUpdater: Updating progress for 4945c95d-79b3-484c-9136-e658f7e838f0 (Data {pct : 95, mode : file})
02-21 00:43:46.182 19652 19652 D WM-SystemFgDispatcher: Notifying with (id:6696, workSpecId: c1ef8dac-df16-4a00-a65f-3a4f8d1622ec, notificationType :1)
02-21 00:43:46.183 19652 19652 D WM-SystemFgDispatcher: Notifying with (id:6696, workSpecId: c1ef8dac-df16-4a00-a65f-3a4f8d1622ec, notificationType :1)
02-21 00:43:46.183 19652 19652 D WM-SystemFgDispatcher: Notifying with (id:6696, workSpecId: c1ef8dac-df16-4a00-a65f-3a4f8d1622ec, notificationType :1)
02-21 00:43:46.184 19652 19652 D WM-SystemFgDispatcher: Notifying with (id:6696, workSpecId: c1ef8dac-df16-4a00-a65f-3a4f8d1622ec, notificationType :1)
02-21 00:43:46.186 19652 19652 D WM-SystemFgDispatcher: Notifying with (id:6696, workSpecId: c1ef8dac-df16-4a00-a65f-3a4f8d1622ec, notificationType :1)
02-21 00:43:46.188 19652 19671 I WM-Processor: Moving WorkSpec (4945c95d-79b3-484c-9136-e658f7e838f0) to the foreground
02-21 00:43:46.188 19652 19652 D WM-SystemFgDispatcher: Notifying with (id:6696, workSpecId: c1ef8dac-df16-4a00-a65f-3a4f8d1622ec, notificationType :1)
02-21 00:43:46.195 19652 19671 I WM-Processor: Moving WorkSpec (4945c95d-79b3-484c-9136-e658f7e838f0) to the foreground
02-21 00:43:46.196 19652 19671 D WM-WorkProgressUpdater: Updating progress for c1ef8dac-df16-4a00-a65f-3a4f8d1622ec (Data {pct : 90, mode : file})
02-21 00:43:46.200 19652 19652 D WM-SystemFgDispatcher: Notifying with (id:9811, workSpecId: 4945c95d-79b3-484c-9136-e658f7e838f0, notificationType :1)
02-21 00:43:46.202 19652 19652 D WM-SystemFgDispatcher: Notifying with (id:9811, workSpecId: 4945c95d-79b3-484c-9136-e658f7e838f0, notificationType :1)
02-21 00:43:46.202 19652 19669 I WM-Processor: Moving WorkSpec (c1ef8dac-df16-4a00-a65f-3a4f8d1622ec) to the foreground
02-21 00:43:46.204 19652 19652 D WM-SystemFgDispatcher: Notifying with (id:6696, workSpecId: c1ef8dac-df16-4a00-a65f-3a4f8d1622ec, notificationType :1)
02-21 00:43:46.215 19652 19669 I WM-WorkerWrapper: Worker result SUCCESS for Work [ id=4945c95d-79b3-484c-9136-e658f7e838f0, tags={ com.negi.survey.net.GitHubUploadWorker,github_upload,github_upload:crash:diagnostics_crash_prevlog_20260220_230439_pid23818.log.gz } ]
02-21 00:43:46.219 19652 19652 D WM-Processor: Processor 4945c95d-79b3-484c-9136-e658f7e838f0 executed; reschedule = false
02-21 00:43:46.219 19652 19652 D WM-GreedyScheduler: Stopping tracking for WorkGenerationalId(workSpecId=4945c95d-79b3-484c-9136-e658f7e838f0, generation=0)
02-21 00:43:46.220 19652 19652 D WM-SystemJobService: 4945c95d-79b3-484c-9136-e658f7e838f0 executed on JobScheduler
02-21 00:43:46.220 19652 19652 D WM-SystemFgDispatcher: Removing Notification (id: 9811, workSpecId: WorkGenerationalId(workSpecId=4945c95d-79b3-484c-9136-e658f7e838f0, generation=0), notificationType: 1
02-21 00:43:46.221 19652 19672 D WM-GreedyScheduler: Cancelling work ID 4945c95d-79b3-484c-9136-e658f7e838f0
02-21 00:43:46.241 19652 19673 D WM-WorkProgressUpdater: Updating progress for 59f8fa63-3642-4485-9ce6-b88db09a779e (Data {pct : 32, mode : file})
02-21 00:43:46.242 19652 19673 I WM-Processor: Moving WorkSpec (59f8fa63-3642-4485-9ce6-b88db09a779e) to the foreground
02-21 00:43:46.244 19652 19673 D WM-WorkProgressUpdater: Updating progress for 59f8fa63-3642-4485-9ce6-b88db09a779e (Data {pct : 55, mode : file})
02-21 00:43:46.245 19652 19673 I WM-Processor: Moving WorkSpec (59f8fa63-3642-4485-9ce6-b88db09a779e) to the foreground
02-21 00:43:46.250 19652 19673 D WM-WorkProgressUpdater: Updating progress for 59f8fa63-3642-4485-9ce6-b88db09a779e (Data {pct : 78, mode : file})
02-21 00:43:46.255 19652 19673 I WM-Processor: Moving WorkSpec (59f8fa63-3642-4485-9ce6-b88db09a779e) to the foreground
02-21 00:43:46.258 19652 19673 D WM-WorkProgressUpdater: Updating progress for 59f8fa63-3642-4485-9ce6-b88db09a779e (Data {pct : 90, mode : file})
02-21 00:43:46.259 19652 19652 D WM-SystemFgDispatcher: Notifying with (id:6223, workSpecId: 59f8fa63-3642-4485-9ce6-b88db09a779e, notificationType :1)
02-21 00:43:46.260 19652 19652 D WM-SystemFgDispatcher: Notifying with (id:6223, workSpecId: 59f8fa63-3642-4485-9ce6-b88db09a779e, notificationType :1)
02-21 00:43:46.263 19652 19673 I WM-Processor: Moving WorkSpec (59f8fa63-3642-4485-9ce6-b88db09a779e) to the foreground
02-21 00:43:46.279 19652 19652 D WM-SystemFgDispatcher: Notifying with (id:6223, workSpecId: 59f8fa63-3642-4485-9ce6-b88db09a779e, notificationType :1)
02-21 00:43:46.281 19652 19652 D WM-SystemFgDispatcher: Notifying with (id:6223, workSpecId: 59f8fa63-3642-4485-9ce6-b88db09a779e, notificationType :1)
02-21 00:43:46.292 19652 19672 D WM-WorkProgressUpdater: Updating progress for 584d15d6-0e62-450c-b242-4471e0d1e498 (Data {pct : 46, mode : file})
02-21 00:43:46.293 19652 19672 I WM-Processor: Moving WorkSpec (584d15d6-0e62-450c-b242-4471e0d1e498) to the foreground
02-21 00:43:46.295 19652 19672 D WM-WorkProgressUpdater: Updating progress for 584d15d6-0e62-450c-b242-4471e0d1e498 (Data {pct : 82, mode : file})
02-21 00:43:46.295 19652 19672 I WM-Processor: Moving WorkSpec (584d15d6-0e62-450c-b242-4471e0d1e498) to the foreground
02-21 00:43:46.296 19652 19672 D WM-WorkProgressUpdater: Updating progress for 584d15d6-0e62-450c-b242-4471e0d1e498 (Data {pct : 90, mode : file})
02-21 00:43:46.297 19652 19671 I WM-Processor: Moving WorkSpec (584d15d6-0e62-450c-b242-4471e0d1e498) to the foreground
02-21 00:43:46.316 19652 19652 D WM-SystemFgDispatcher: Notifying with (id:7354, workSpecId: 584d15d6-0e62-450c-b242-4471e0d1e498, notificationType :1)
02-21 00:43:46.318 19652 19652 D WM-SystemFgDispatcher: Notifying with (id:7354, workSpecId: 584d15d6-0e62-450c-b242-4471e0d1e498, notificationType :1)
02-21 00:43:46.319 19652 19652 D WM-SystemFgDispatcher: Notifying with (id:7354, workSpecId: 584d15d6-0e62-450c-b242-4471e0d1e498, notificationType :1)
02-21 00:43:46.374 19652 19669 D WM-WorkProgressUpdater: Updating progress for 308328ad-b2be-478b-80fc-bc1ae187d993 (Data {pct : 95, mode : file})
02-21 00:43:46.376 19652 19675 D GitHubUploader: uploadStream: done url=https://github.com/ishizuki-tech/SurveyExports/blob/main/diagnostics/crash/2026-02-21/prevlog_20260221_082432_pid18239.log sha=ea293895d5896b4e7ec68ed63834eb78e7e464a8
02-21 00:43:46.377 19652 19669 I WM-Processor: Moving WorkSpec (308328ad-b2be-478b-80fc-bc1ae187d993) to the foreground
02-21 00:43:46.382 19652 19671 I WM-Processor: Moving WorkSpec (308328ad-b2be-478b-80fc-bc1ae187d993) to the foreground
02-21 00:43:46.392 19652 19652 D WM-SystemFgDispatcher: Notifying with (id:4429, workSpecId: 308328ad-b2be-478b-80fc-bc1ae187d993, notificationType :1)
02-21 00:43:46.393 19652 19672 I WM-WorkerWrapper: Worker result SUCCESS for Work [ id=308328ad-b2be-478b-80fc-bc1ae187d993, tags={ com.negi.survey.net.GitHubUploadWorker,github_upload,github_upload:crash:diagnostics_crash_prevlog_20260221_082432_pid18239.log } ]
02-21 00:43:46.395 19652 19652 D WM-SystemFgDispatcher: Notifying with (id:4429, workSpecId: 308328ad-b2be-478b-80fc-bc1ae187d993, notificationType :1)
02-21 00:43:46.411 19652 19652 D WM-Processor: Processor 308328ad-b2be-478b-80fc-bc1ae187d993 executed; reschedule = false
02-21 00:43:46.411 19652 19652 D WM-GreedyScheduler: Stopping tracking for WorkGenerationalId(workSpecId=308328ad-b2be-478b-80fc-bc1ae187d993, generation=0)
02-21 00:43:46.411 19652 19652 D WM-SystemJobService: 308328ad-b2be-478b-80fc-bc1ae187d993 executed on JobScheduler
02-21 00:43:46.411 19652 19652 D WM-SystemFgDispatcher: Removing Notification (id: 4429, workSpecId: WorkGenerationalId(workSpecId=308328ad-b2be-478b-80fc-bc1ae187d993, generation=0), notificationType: 1
02-21 00:43:46.415 19652 19671 D WM-GreedyScheduler: Cancelling work ID 308328ad-b2be-478b-80fc-bc1ae187d993
02-21 00:43:46.432 19652 19652 D WM-SystemJobService: onStopJob for WorkGenerationalId(workSpecId=308328ad-b2be-478b-80fc-bc1ae187d993, generation=0)
02-21 00:43:46.508 19652 19673 D WM-WorkProgressUpdater: Updating progress for 90d9161b-f710-4895-8e1b-5f8f1d1d90d4 (Data {pct : 76, mode : file})
02-21 00:43:46.515 19652 19673 I WM-Processor: Moving WorkSpec (90d9161b-f710-4895-8e1b-5f8f1d1d90d4) to the foreground
02-21 00:43:46.521 19652 19669 D WM-WorkProgressUpdater: Updating progress for 90d9161b-f710-4895-8e1b-5f8f1d1d90d4 (Data {pct : 90, mode : file})
02-21 00:43:46.522 19652 19669 I WM-Processor: Moving WorkSpec (90d9161b-f710-4895-8e1b-5f8f1d1d90d4) to the foreground
02-21 00:43:46.539 19652 19652 D WM-SystemFgDispatcher: Notifying with (id:7452, workSpecId: 90d9161b-f710-4895-8e1b-5f8f1d1d90d4, notificationType :1)
02-21 00:43:46.559 19652 19652 D WM-SystemFgDispatcher: Notifying with (id:7452, workSpecId: 90d9161b-f710-4895-8e1b-5f8f1d1d90d4, notificationType :1)
02-21 00:43:46.578 19652 19673 D WM-WorkProgressUpdater: Updating progress for b56e187a-f467-42be-8236-39f8bd68009b (Data {pct : 95, mode : file})
02-21 00:43:46.579 19652 19735 D GitHubUploader: uploadStream: done url=https://github.com/ishizuki-tech/SurveyExports/blob/main/diagnostics/crash/2026-02-21/crash_20260221_043719_pid4468_tid4468_u899845.log sha=77702690e0b3dd45b77be7f8102ddb751048e7f0
02-21 00:43:46.580 19652 19673 I WM-Processor: Moving WorkSpec (b56e187a-f467-42be-8236-39f8bd68009b) to the foreground
02-21 00:43:46.588 19652 19673 I WM-Processor: Moving WorkSpec (b56e187a-f467-42be-8236-39f8bd68009b) to the foreground
02-21 00:43:46.596 19652 19652 D WM-SystemFgDispatcher: Notifying with (id:5897, workSpecId: b56e187a-f467-42be-8236-39f8bd68009b, notificationType :1)
02-21 00:43:46.599 19652 19652 D WM-SystemFgDispatcher: Notifying with (id:5897, workSpecId: b56e187a-f467-42be-8236-39f8bd68009b, notificationType :1)
02-21 00:43:46.601 19652 19671 I WM-WorkerWrapper: Worker result SUCCESS for Work [ id=b56e187a-f467-42be-8236-39f8bd68009b, tags={ com.negi.survey.net.GitHubUploadWorker,github_upload,github_upload:crash:diagnostics_crash_crash_20260221_043719_pid4468_tid4468_u899845.log } ]
02-21 00:43:46.615 19652 19652 D WM-Processor: Processor b56e187a-f467-42be-8236-39f8bd68009b executed; reschedule = false
02-21 00:43:46.615 19652 19652 D WM-GreedyScheduler: Stopping tracking for WorkGenerationalId(workSpecId=b56e187a-f467-42be-8236-39f8bd68009b, generation=0)
02-21 00:43:46.615 19652 19652 D WM-SystemJobService: b56e187a-f467-42be-8236-39f8bd68009b executed on JobScheduler
02-21 00:43:46.615 19652 19652 D WM-SystemFgDispatcher: Removing Notification (id: 5897, workSpecId: WorkGenerationalId(workSpecId=b56e187a-f467-42be-8236-39f8bd68009b, generation=0), notificationType: 1
02-21 00:43:46.618 19652 19669 D WM-GreedyScheduler: Cancelling work ID b56e187a-f467-42be-8236-39f8bd68009b
02-21 00:43:46.620 19652 19652 D WM-SystemJobService: onStopJob for WorkGenerationalId(workSpecId=b56e187a-f467-42be-8236-39f8bd68009b, generation=0)
02-21 00:43:46.859 19652 19672 D WM-WorkProgressUpdater: Updating progress for 584d15d6-0e62-450c-b242-4471e0d1e498 (Data {pct : 95, mode : file})
02-21 00:43:46.859 19652 19729 D GitHubUploader: uploadStream: done url=https://github.com/ishizuki-tech/SurveyExports/blob/main/diagnostics/crash/2026-02-21/prevlog_20260221_045927_pid6564.log sha=ab2f14945596129aca18bfda24d12327888f6284
02-21 00:43:46.860 19652 19672 I WM-Processor: Moving WorkSpec (584d15d6-0e62-450c-b242-4471e0d1e498) to the foreground
02-21 00:43:46.862 19652 19672 I WM-Processor: Moving WorkSpec (584d15d6-0e62-450c-b242-4471e0d1e498) to the foreground
02-21 00:43:46.887 19652 19652 D WM-SystemFgDispatcher: Notifying with (id:7354, workSpecId: 584d15d6-0e62-450c-b242-4471e0d1e498, notificationType :1)
02-21 00:43:46.888 19652 19671 I WM-WorkerWrapper: Worker result SUCCESS for Work [ id=584d15d6-0e62-450c-b242-4471e0d1e498, tags={ com.negi.survey.net.GitHubUploadWorker,github_upload,github_upload:crash:diagnostics_crash_prevlog_20260221_045927_pid6564.log } ]
02-21 00:43:46.890 19652 19652 D WM-SystemFgDispatcher: Notifying with (id:7354, workSpecId: 584d15d6-0e62-450c-b242-4471e0d1e498, notificationType :1)
02-21 00:43:46.906 19652 19652 D WM-Processor: Processor 584d15d6-0e62-450c-b242-4471e0d1e498 executed; reschedule = false
02-21 00:43:46.906 19652 19652 D WM-GreedyScheduler: Stopping tracking for WorkGenerationalId(workSpecId=584d15d6-0e62-450c-b242-4471e0d1e498, generation=0)
02-21 00:43:46.907 19652 19652 D WM-SystemJobService: 584d15d6-0e62-450c-b242-4471e0d1e498 executed on JobScheduler
02-21 00:43:46.907 19652 19652 D WM-SystemFgDispatcher: Removing Notification (id: 7354, workSpecId: WorkGenerationalId(workSpecId=584d15d6-0e62-450c-b242-4471e0d1e498, generation=0), notificationType: 1
02-21 00:43:46.909 19652 19671 D WM-GreedyScheduler: Cancelling work ID 584d15d6-0e62-450c-b242-4471e0d1e498
02-21 00:43:46.926 19652 19652 D WM-SystemJobService: onStopJob for WorkGenerationalId(workSpecId=584d15d6-0e62-450c-b242-4471e0d1e498, generation=0)
02-21 00:43:47.936 19652 19671 D WM-WorkProgressUpdater: Updating progress for 1b4bd9f4-b9da-4fbb-9424-e47b91f2a033 (Data {pct : 84, mode : file})
02-21 00:43:47.937 19652 19671 I WM-Processor: Moving WorkSpec (1b4bd9f4-b9da-4fbb-9424-e47b91f2a033) to the foreground
02-21 00:43:47.940 19652 19669 D WM-WorkProgressUpdater: Updating progress for 1b4bd9f4-b9da-4fbb-9424-e47b91f2a033 (Data {pct : 90, mode : file})
02-21 00:43:47.945 19652 19669 I WM-Processor: Moving WorkSpec (1b4bd9f4-b9da-4fbb-9424-e47b91f2a033) to the foreground
02-21 00:43:47.949 19652 19671 D WM-WorkProgressUpdater: Updating progress for 8930edce-e516-486f-a2e6-10a09285f512 (Data {pct : 61, mode : startup_runtime_logs})
02-21 00:43:47.949 19652 19741 D GitHubUploader: uploadStream: done url=https://github.com/ishizuki-tech/SurveyExports/blob/main/diagnostics/runtime_logs/2026-02-21/runtime_logs_20260221_004340_pid19652_app_start/runtime_log_20260221_084340_334_pid19652_app_start__rtlog_20260221_084338_259_pid19652_seq1.log sha=3aea3f2c46757f1a1627ff361c2f2c812cd15498
02-21 00:43:47.950 19652 19672 I WM-Processor: Moving WorkSpec (8930edce-e516-486f-a2e6-10a09285f512) to the foreground
02-21 00:43:47.952 19652 19741 D RuntimeLogStore: deleteRolledLogFiles: deleted=1 excludeActive=true active=rtlog_20260221_084340_326_pid19652_seq2.log
02-21 00:43:47.952 19652 19741 D GitHubUploader: uploadStream: owner=ishizuki-tech repo=SurveyExports branch=main path=diagnostics/runtime_logs/2026-02-21/runtime_logs_20260221_004340_pid19652_app_start/runtime_log_20260221_084340_334_pid19652_app_start__rtlog_20260221_083630_424_pid18948_seq2.log size=22665 maxRawBytesHint=1000000 maxRequestBytesHint=2800000
02-21 00:43:47.952 19652 19669 D WM-WorkProgressUpdater: Updating progress for 8930edce-e516-486f-a2e6-10a09285f512 (Data {pct : 63, mode : startup_runtime_logs})
02-21 00:43:47.960 19652 19671 I WM-Processor: Moving WorkSpec (8930edce-e516-486f-a2e6-10a09285f512) to the foreground
02-21 00:43:47.968 19652 19652 D WM-SystemFgDispatcher: Notifying with (id:10028, workSpecId: 1b4bd9f4-b9da-4fbb-9424-e47b91f2a033, notificationType :1)
02-21 00:43:47.971 19652 19652 D WM-SystemFgDispatcher: Notifying with (id:10028, workSpecId: 1b4bd9f4-b9da-4fbb-9424-e47b91f2a033, notificationType :1)
02-21 00:43:47.986 19652 19652 D WM-SystemFgDispatcher: Notifying with (id:4296, workSpecId: 8930edce-e516-486f-a2e6-10a09285f512, notificationType :1)
02-21 00:43:47.989 19652 19652 D WM-SystemFgDispatcher: Notifying with (id:4296, workSpecId: 8930edce-e516-486f-a2e6-10a09285f512, notificationType :1)
02-21 00:43:47.989 19652 19652 W NotificationManager: Shedding notify (update) of NotificationKey[user=UserHandle{0}, pkg=com.negi.survey, tag=null, id=4296], rate limit (5.0) exceeded: input 9.869186, output would be 5.8108673
02-21 00:43:48.011 19652 19673 D WM-WorkProgressUpdater: Updating progress for 0395dfe7-e4df-4272-a20a-0782ee879485 (Data {pct : 41, mode : file})
02-21 00:43:48.014 19652 19669 I WM-Processor: Moving WorkSpec (0395dfe7-e4df-4272-a20a-0782ee879485) to the foreground
02-21 00:43:48.018 19652 19671 D WM-WorkProgressUpdater: Updating progress for 0395dfe7-e4df-4272-a20a-0782ee879485 (Data {pct : 73, mode : file})
02-21 00:43:48.023 19652 19669 I WM-Processor: Moving WorkSpec (0395dfe7-e4df-4272-a20a-0782ee879485) to the foreground
