02-20 21:13:52.486  7513  7578 I native  : I0000 00:00:1771650832.486478    7578 litert_lm_loader.cc:211] section_begin_offset: 276332544
02-20 21:13:52.486  7513  7578 I native  : I0000 00:00:1771650832.486497    7578 litert_lm_loader.cc:212] section_end_offset: 1560854672
02-20 21:13:52.486  7513  7578 I native  : I0000 00:00:1771650832.486518    7578 litert_lm_loader.cc:189] model_type: tf_lite_audio_encoder_hw
02-20 21:13:52.486  7513  7578 I native  : I0000 00:00:1771650832.486539    7578 litert_lm_loader.cc:202] section_backend_constraint: cpu
02-20 21:13:52.486  7513  7578 I native  : I0000 00:00:1771650832.486556    7578 litert_lm_loader.cc:208] section_index: 4
02-20 21:13:52.486  7513  7578 I native  : I0000 00:00:1771650832.486575    7578 litert_lm_loader.cc:209] section_data_type: TFLiteModel
02-20 21:13:52.486  7513  7578 I native  : I0000 00:00:1771650832.486593    7578 litert_lm_loader.cc:211] section_begin_offset: 1560870912
02-20 21:13:52.486  7513  7578 I native  : I0000 00:00:1771650832.486613    7578 litert_lm_loader.cc:212] section_end_offset: 2225535832
02-20 21:13:52.486  7513  7578 I native  : I0000 00:00:1771650832.486633    7578 litert_lm_loader.cc:189] model_type: tf_lite_audio_adapter
02-20 21:13:52.486  7513  7578 I native  : I0000 00:00:1771650832.486652    7578 litert_lm_loader.cc:202] section_backend_constraint: cpu
02-20 21:13:52.486  7513  7578 I native  : I0000 00:00:1771650832.486671    7578 litert_lm_loader.cc:208] section_index: 5
02-20 21:13:52.486  7513  7578 I native  : I0000 00:00:1771650832.486691    7578 litert_lm_loader.cc:209] section_data_type: TFLiteModel
02-20 21:13:52.486  7513  7578 I native  : I0000 00:00:1771650832.486710    7578 litert_lm_loader.cc:211] section_begin_offset: 2225537024
02-20 21:13:52.486  7513  7578 I native  : I0000 00:00:1771650832.486730    7578 litert_lm_loader.cc:212] section_end_offset: 2238132084
02-20 21:13:52.486  7513  7578 I native  : I0000 00:00:1771650832.486749    7578 litert_lm_loader.cc:189] model_type: tf_lite_end_of_audio
02-20 21:13:52.486  7513  7578 I native  : I0000 00:00:1771650832.486770    7578 litert_lm_loader.cc:208] section_index: 6
02-20 21:13:52.486  7513  7578 I native  : I0000 00:00:1771650832.486789    7578 litert_lm_loader.cc:209] section_data_type: TFLiteModel
02-20 21:13:52.486  7513  7578 I native  : I0000 00:00:1771650832.486808    7578 litert_lm_loader.cc:211] section_begin_offset: 2238136320
02-20 21:13:52.486  7513  7578 I native  : I0000 00:00:1771650832.486832    7578 litert_lm_loader.cc:212] section_end_offset: 2238145140
02-20 21:13:52.486  7513  7578 I native  : I0000 00:00:1771650832.486853    7578 litert_lm_loader.cc:189] model_type: tf_lite_vision_adapter
02-20 21:13:52.486  7513  7578 I native  : I0000 00:00:1771650832.486873    7578 litert_lm_loader.cc:202] section_backend_constraint: cpu
02-20 21:13:52.486  7513  7578 I native  : I0000 00:00:1771650832.486891    7578 litert_lm_loader.cc:208] section_index: 7
02-20 21:13:52.486  7513  7578 I native  : I0000 00:00:1771650832.486910    7578 litert_lm_loader.cc:209] section_data_type: TFLiteModel
02-20 21:13:52.486  7513  7578 I native  : I0000 00:00:1771650832.486927    7578 litert_lm_loader.cc:211] section_begin_offset: 2238152704
02-20 21:13:52.486  7513  7578 I native  : I0000 00:00:1771650832.486946    7578 litert_lm_loader.cc:212] section_end_offset: 2256007332
02-20 21:13:52.486  7513  7578 I native  : I0000 00:00:1771650832.486966    7578 litert_lm_loader.cc:189] model_type: tf_lite_vision_encoder
02-20 21:13:52.486  7513  7578 I native  : I0000 00:00:1771650832.486985    7578 litert_lm_loader.cc:202] section_backend_constraint: gpu
02-20 21:13:52.487  7513  7578 I native  : I0000 00:00:1771650832.487003    7578 litert_lm_loader.cc:208] section_index: 8
02-20 21:13:52.487  7513  7578 I native  : I0000 00:00:1771650832.487022    7578 litert_lm_loader.cc:209] section_data_type: TFLiteModel
02-20 21:13:52.487  7513  7578 I native  : I0000 00:00:1771650832.487039    7578 litert_lm_loader.cc:211] section_begin_offset: 2256011264
02-20 21:13:52.487  7513  7578 I native  : I0000 00:00:1771650832.487062    7578 litert_lm_loader.cc:212] section_end_offset: 2408748152
02-20 21:13:52.487  7513  7578 I native  : I0000 00:00:1771650832.487083    7578 litert_lm_loader.cc:189] model_type: tf_lite_prefill_decode
02-20 21:13:52.487  7513  7578 I native  : I0000 00:00:1771650832.487101    7578 litert_lm_loader.cc:202] section_backend_constraint: cpu,gpu
02-20 21:13:52.487  7513  7578 I native  : I0000 00:00:1771650832.487119    7578 litert_lm_loader.cc:208] section_index: 9
02-20 21:13:52.487  7513  7578 I native  : I0000 00:00:1771650832.487139    7578 litert_lm_loader.cc:209] section_data_type: TFLiteModel
02-20 21:13:52.487  7513  7578 I native  : I0000 00:00:1771650832.487157    7578 litert_lm_loader.cc:211] section_begin_offset: 2408759296
02-20 21:13:52.487  7513  7578 I native  : I0000 00:00:1771650832.487176    7578 litert_lm_loader.cc:212] section_end_offset: 4919525632
02-20 21:13:52.730  7513  7578 I native  : I0000 00:00:1771650832.730042    7578 engine_settings.cc:95] The Main backend constraint is matched: GPU
02-20 21:13:52.730  7513  7578 I native  : I0000 00:00:1771650832.730206    7578 engine_settings.cc:290] The validated engine settings: EngineSettings: 
02-20 21:13:52.730  7513  7578 I native  :   MainExecutorSettings: backend: GPU
02-20 21:13:52.730  7513  7578 I native  : backend_config:
02-20 21:13:52.730  7513  7578 I native  : max_top_k: 1
02-20 21:13:52.730  7513  7578 I native  : 
02-20 21:13:52.730  7513  7578 I native  : max_tokens: 4096
02-20 21:13:52.730  7513  7578 I native  : activation_data_type: Not set
02-20 21:13:52.730  7513  7578 I native  : max_num_images: 0
02-20 21:13:52.730  7513  7578 I native  : lora_rank: 0
02-20 21:13:52.730  7513  7578 I native  : cache_dir: /data/user/0/com.negi.survey/cache
02-20 21:13:52.730  7513  7578 I native  : cache_file: Not set
02-20 21:13:52.730  7513  7578 I native  : litert_dispatch_lib_dir: Not set
02-20 21:13:52.730  7513  7578 I native  : model_assets: model_path: /data/user/0/com.negi.survey/files/gemma-3n-E4B-it-int4.litertlm
02-20 21:13:52.730  7513  7578 I native  : fake_weights_mode: FAKE_WEIGHTS_NONE
02-20 21:13:52.730  7513  7578 I native  : 
02-20 21:13:52.730  7513  7578 I native  : advanced_settings: prefill_batch_sizes: []
02-20 21:13:52.730  7513  7578 I native  : num_output_candidates: 1
02-20 21:13:52.730  7513  7578 I native  : configure_magic_numbers: true
02-20 21:13:52.730  7513  7578 I native  : verify_magic_numbers: false
02-20 21:13:52.730  7513  7578 I native  : clear_kv_cache_before_prefill: true
02-20 21:13:52.730  7513  7578 I native  : num_logits_to_print_after_decode: 0
02-20 21:13:52.730  7513  7578 I native  : gpu_madvise_original_shared_tensors: true
02-20 21:13:52.730  7513  7578 I native  : is_benchmark: false
02-20 21:13:52.730  7513  7578 I native  : preferred_device_substr: 
02-20 21:13:52.730  7513  7578 I native  : num_threads_to_upload: -1
02-20 21:13:52.730  7513  7578 I native  : num_threads_to_compile: -1
02-20 21:13:52.730  7513  7578 I native  : convert_weights_on_gpu: true
02-20 21:13:52.730  7513  7578 I native  : optimize_shader_compilation: true
02-20 21:13:52.730  7513  7578 I native  : share_constant_tensors: true
02-20 21:13:52.730  7513  7578 I native  : sampler_handles_input: true
02-20 21:13:52.730  7513  7578 I native  : allow_src_quantized_fc_conv_ops: true
02-20 21:13:52.730  7513  7578 I native  : 
02-20 21:13:52.730  7513  7578 I native  :   LlmMetadata: MessageLite at 0x7210eff570  BenchmarkParams: Not set
02-20 21:13:52.730  7513  7578 I native  :   VisionExecutorSettings: Not set
02-20 21:13:52.730  7513  7578 I native  :   AudioExecutorSettings: Not set
02-20 21:13:52.732  7513  7578 I native  : I0000 00:00:1771650832.732578    7578 model_resources_litert_lm.cc:67] model_type: TF_LITE_PREFILL_DECODE
02-20 21:13:52.732  7513  7578 I native  : I0000 00:00:1771650832.732617    7578 model_resources_litert_lm.cc:68] litert model size: 2510766336
02-20 21:13:53.198  7513  7537 D WM-WorkProgressUpdater: Updating progress for 02409150-f9c7-4cea-b1bf-2b0486bd5d0f (Data {pct : 87, mode : file})
02-20 21:13:53.201  7513  7537 I WM-Processor: Moving WorkSpec (02409150-f9c7-4cea-b1bf-2b0486bd5d0f) to the foreground
02-20 21:13:53.204  7513  7513 D WM-SystemFgDispatcher: Notifying with (id:5399, workSpecId: 02409150-f9c7-4cea-b1bf-2b0486bd5d0f, notificationType :1)
02-20 21:13:53.204  7513  7537 D WM-WorkProgressUpdater: Updating progress for 02409150-f9c7-4cea-b1bf-2b0486bd5d0f (Data {pct : 90, mode : file})
02-20 21:13:53.206  7513  7537 I WM-Processor: Moving WorkSpec (02409150-f9c7-4cea-b1bf-2b0486bd5d0f) to the foreground
02-20 21:13:53.209  7513  7513 D WM-SystemFgDispatcher: Notifying with (id:5399, workSpecId: 02409150-f9c7-4cea-b1bf-2b0486bd5d0f, notificationType :1)
02-20 21:13:53.236  7513  7533 D WM-WorkProgressUpdater: Updating progress for 5eaae8dc-dbd5-45af-95ba-cc6e126a8a58 (Data {pct : 79, mode : file})
02-20 21:13:53.239  7513  7533 I WM-Processor: Moving WorkSpec (5eaae8dc-dbd5-45af-95ba-cc6e126a8a58) to the foreground
02-20 21:13:53.246  7513  7533 D WM-WorkProgressUpdater: Updating progress for 5eaae8dc-dbd5-45af-95ba-cc6e126a8a58 (Data {pct : 90, mode : file})
02-20 21:13:53.247  7513  7513 D WM-SystemFgDispatcher: Notifying with (id:8833, workSpecId: 5eaae8dc-dbd5-45af-95ba-cc6e126a8a58, notificationType :1)
02-20 21:13:53.258  7513  7536 I WM-Processor: Moving WorkSpec (5eaae8dc-dbd5-45af-95ba-cc6e126a8a58) to the foreground
02-20 21:13:53.264  7513  7513 D WM-SystemFgDispatcher: Notifying with (id:8833, workSpecId: 5eaae8dc-dbd5-45af-95ba-cc6e126a8a58, notificationType :1)
02-20 21:13:53.321  7513  7537 D WM-WorkProgressUpdater: Updating progress for 2d69b540-b583-4e81-a7a1-7aaefafda654 (Data {pct : 60, mode : file})
02-20 21:13:53.323  7513  7537 I WM-Processor: Moving WorkSpec (2d69b540-b583-4e81-a7a1-7aaefafda654) to the foreground
02-20 21:13:53.325  7513  7513 D WM-SystemFgDispatcher: Notifying with (id:5425, workSpecId: 2d69b540-b583-4e81-a7a1-7aaefafda654, notificationType :1)
02-20 21:13:53.325  7513  7513 W NotificationManager: Shedding notify (update) of NotificationKey[user=UserHandle{0}, pkg=com.negi.survey, tag=null, id=5425], rate limit (5.0) exceeded: input 9.857267, output would be 5.8855643
02-20 21:13:53.327  7513  7537 D WM-WorkProgressUpdater: Updating progress for 2d69b540-b583-4e81-a7a1-7aaefafda654 (Data {pct : 90, mode : file})
02-20 21:13:53.331  7513  7537 I WM-Processor: Moving WorkSpec (2d69b540-b583-4e81-a7a1-7aaefafda654) to the foreground
02-20 21:13:53.334  7513  7537 D WM-WorkProgressUpdater: Updating progress for ed17e3b9-0003-4605-a61a-a364c7276c54 (Data {pct : 76, mode : file})
02-20 21:13:53.334  7513  7513 D WM-SystemFgDispatcher: Notifying with (id:5425, workSpecId: 2d69b540-b583-4e81-a7a1-7aaefafda654, notificationType :1)
02-20 21:13:53.334  7513  7587 D GitHubUploader: uploadStream: done url=https://github.com/ishizuki-tech/SurveyExports/blob/main/diagnostics/crash/2026-02-21/prevlog_20260220_234531_pid25496.log.gz sha=71ecb24c1f69f9cd7c75c3c7850533647769edae
02-20 21:13:53.335  7513  7537 I WM-Processor: Moving WorkSpec (ed17e3b9-0003-4605-a61a-a364c7276c54) to the foreground
02-20 21:13:53.336  7513  7513 D WM-SystemFgDispatcher: Notifying with (id:8954, workSpecId: ed17e3b9-0003-4605-a61a-a364c7276c54, notificationType :1)
02-20 21:13:53.337  7513  7591 W GitHubUploader: uploadStream: 409 Conflict; refreshing SHA and retrying once.
02-20 21:13:53.338  7513  7537 D WM-WorkProgressUpdater: Updating progress for ed17e3b9-0003-4605-a61a-a364c7276c54 (Data {pct : 90, mode : file})
02-20 21:13:53.341  7513  7537 I WM-Processor: Moving WorkSpec (ed17e3b9-0003-4605-a61a-a364c7276c54) to the foreground
02-20 21:13:53.347  7513  7513 D WM-SystemFgDispatcher: Notifying with (id:8954, workSpecId: ed17e3b9-0003-4605-a61a-a364c7276c54, notificationType :1)
02-20 21:13:53.350  7513  7537 D WM-WorkProgressUpdater: Updating progress for 163356d0-3836-4c53-99a1-49b06c9fb34f (Data {pct : 95, mode : file})
02-20 21:13:53.354  7513  7537 I WM-Processor: Moving WorkSpec (163356d0-3836-4c53-99a1-49b06c9fb34f) to the foreground
02-20 21:13:53.357  7513  7537 I WM-Processor: Moving WorkSpec (163356d0-3836-4c53-99a1-49b06c9fb34f) to the foreground
02-20 21:13:53.358  7513  7513 D WM-SystemFgDispatcher: Notifying with (id:5107, workSpecId: 163356d0-3836-4c53-99a1-49b06c9fb34f, notificationType :1)
02-20 21:13:53.362  7513  7513 D WM-SystemFgDispatcher: Notifying with (id:5107, workSpecId: 163356d0-3836-4c53-99a1-49b06c9fb34f, notificationType :1)
02-20 21:13:53.365  7513  7537 I WM-WorkerWrapper: Worker result SUCCESS for Work [ id=163356d0-3836-4c53-99a1-49b06c9fb34f, tags={ com.negi.survey.net.GitHubUploadWorker,github_upload,github_upload:crash:diagnostics_crash_prevlog_20260220_234531_pid25496.log.gz } ]
02-20 21:13:53.366  7513  7513 D WM-Processor: Processor 163356d0-3836-4c53-99a1-49b06c9fb34f executed; reschedule = false
02-20 21:13:53.366  7513  7513 D WM-GreedyScheduler: Stopping tracking for WorkGenerationalId(workSpecId=163356d0-3836-4c53-99a1-49b06c9fb34f, generation=0)
02-20 21:13:53.366  7513  7535 D WM-WorkProgressUpdater: Updating progress for ee46778b-1e48-4830-91b5-d0f6b99be0e0 (Data {pct : 46, mode : file})
02-20 21:13:53.367  7513  7513 D WM-SystemJobService: 163356d0-3836-4c53-99a1-49b06c9fb34f executed on JobScheduler
02-20 21:13:53.367  7513  7513 D WM-SystemFgDispatcher: Removing Notification (id: 5107, workSpecId: WorkGenerationalId(workSpecId=163356d0-3836-4c53-99a1-49b06c9fb34f, generation=0), notificationType: 1
02-20 21:13:53.368  7513  7535 I WM-Processor: Moving WorkSpec (ee46778b-1e48-4830-91b5-d0f6b99be0e0) to the foreground
02-20 21:13:53.371  7513  7535 D WM-WorkProgressUpdater: Updating progress for ee46778b-1e48-4830-91b5-d0f6b99be0e0 (Data {pct : 82, mode : file})
02-20 21:13:53.371  7513  7513 D WM-SystemFgDispatcher: Notifying with (id:6712, workSpecId: ee46778b-1e48-4830-91b5-d0f6b99be0e0, notificationType :1)
02-20 21:13:53.374  7513  7537 I WM-Processor: Moving WorkSpec (ee46778b-1e48-4830-91b5-d0f6b99be0e0) to the foreground
02-20 21:13:53.375  7513  7513 D WM-SystemFgDispatcher: Notifying with (id:6712, workSpecId: ee46778b-1e48-4830-91b5-d0f6b99be0e0, notificationType :1)
02-20 21:13:53.376  7513  7537 D WM-WorkProgressUpdater: Updating progress for ee46778b-1e48-4830-91b5-d0f6b99be0e0 (Data {pct : 90, mode : file})
02-20 21:13:53.381  7513  7537 I WM-Processor: Moving WorkSpec (ee46778b-1e48-4830-91b5-d0f6b99be0e0) to the foreground
02-20 21:13:53.383  7513  7513 D WM-SystemFgDispatcher: Notifying with (id:6712, workSpecId: ee46778b-1e48-4830-91b5-d0f6b99be0e0, notificationType :1)
02-20 21:13:53.388  7513  7537 D WM-GreedyScheduler: Cancelling work ID 163356d0-3836-4c53-99a1-49b06c9fb34f
02-20 21:13:53.392  7513  7537 D WM-WorkProgressUpdater: Updating progress for db32b4a8-fbf6-4335-935e-c32eed8bf92f (Data {pct : 29, mode : file})
02-20 21:13:53.395  7513  7540 W GitHubUploader: uploadStream: 409 Conflict; refreshing SHA and retrying once.
02-20 21:13:53.397  7513  7537 I WM-Processor: Moving WorkSpec (db32b4a8-fbf6-4335-935e-c32eed8bf92f) to the foreground
02-20 21:13:53.399  7513  7537 D WM-WorkProgressUpdater: Updating progress for db32b4a8-fbf6-4335-935e-c32eed8bf92f (Data {pct : 49, mode : file})
02-20 21:13:53.400  7513  7513 D WM-SystemFgDispatcher: Notifying with (id:7360, workSpecId: db32b4a8-fbf6-4335-935e-c32eed8bf92f, notificationType :1)
02-20 21:13:53.401  7513  7537 I WM-Processor: Moving WorkSpec (db32b4a8-fbf6-4335-935e-c32eed8bf92f) to the foreground
02-20 21:13:53.403  7513  7537 D WM-WorkProgressUpdater: Updating progress for db32b4a8-fbf6-4335-935e-c32eed8bf92f (Data {pct : 69, mode : file})
02-20 21:13:53.403  7513  7513 D WM-SystemFgDispatcher: Notifying with (id:7360, workSpecId: db32b4a8-fbf6-4335-935e-c32eed8bf92f, notificationType :1)
02-20 21:13:53.404  7513  7537 I WM-Processor: Moving WorkSpec (db32b4a8-fbf6-4335-935e-c32eed8bf92f) to the foreground
02-20 21:13:53.407  7513  7513 D WM-SystemFgDispatcher: Notifying with (id:7360, workSpecId: db32b4a8-fbf6-4335-935e-c32eed8bf92f, notificationType :1)
02-20 21:13:53.407  7513  7537 D WM-WorkProgressUpdater: Updating progress for db32b4a8-fbf6-4335-935e-c32eed8bf92f (Data {pct : 89, mode : file})
02-20 21:13:53.415  7513  7537 I WM-Processor: Moving WorkSpec (db32b4a8-fbf6-4335-935e-c32eed8bf92f) to the foreground
02-20 21:13:53.415  7513  7580 W GitHubUploader: uploadStream: 409 Conflict; refreshing SHA and retrying once.
02-20 21:13:53.417  7513  7535 D WM-WorkProgressUpdater: Updating progress for db32b4a8-fbf6-4335-935e-c32eed8bf92f (Data {pct : 90, mode : file})
02-20 21:13:53.418  7513  7513 D WM-SystemFgDispatcher: Notifying with (id:7360, workSpecId: db32b4a8-fbf6-4335-935e-c32eed8bf92f, notificationType :1)
02-20 21:13:53.424  7513  7535 I WM-Processor: Moving WorkSpec (db32b4a8-fbf6-4335-935e-c32eed8bf92f) to the foreground
02-20 21:13:53.430  7513  7513 D WM-SystemFgDispatcher: Notifying with (id:7360, workSpecId: db32b4a8-fbf6-4335-935e-c32eed8bf92f, notificationType :1)
02-20 21:13:53.447  7513  7539 W GitHubUploader: uploadStream: 409 Conflict; refreshing SHA and retrying once.
02-20 21:13:53.542  7513  7576 W GitHubUploader: uploadStream: 409 Conflict; refreshing SHA and retrying once.
02-20 21:13:53.590  7513  7581 D GitHubUploader: uploadStream: done url=https://github.com/ishizuki-tech/SurveyExports/blob/main/diagnostics/crash/2026-02-21/prevlog_20260220_234053_pid25051.log.gz sha=94d2708fcbbd42c5d6545f44070bc118eff12417
02-20 21:13:53.590  7513  7590 W GitHubUploader: uploadStream: 409 Conflict; refreshing SHA and retrying once.
02-20 21:13:53.591  7513  7536 D WM-WorkProgressUpdater: Updating progress for 63573f0c-de4a-46b3-a11a-014268d71965 (Data {pct : 95, mode : file})
02-20 21:13:53.595  7513  7536 I WM-Processor: Moving WorkSpec (63573f0c-de4a-46b3-a11a-014268d71965) to the foreground
02-20 21:13:53.599  7513  7513 D WM-SystemFgDispatcher: Notifying with (id:4417, workSpecId: 63573f0c-de4a-46b3-a11a-014268d71965, notificationType :1)
02-20 21:13:53.604  7513  7536 I WM-Processor: Moving WorkSpec (63573f0c-de4a-46b3-a11a-014268d71965) to the foreground
02-20 21:13:53.607  7513  7513 D WM-SystemFgDispatcher: Notifying with (id:4417, workSpecId: 63573f0c-de4a-46b3-a11a-014268d71965, notificationType :1)
02-20 21:13:53.608  7513  7536 I WM-WorkerWrapper: Worker result SUCCESS for Work [ id=63573f0c-de4a-46b3-a11a-014268d71965, tags={ com.negi.survey.net.GitHubUploadWorker,github_upload,github_upload:crash:diagnostics_crash_prevlog_20260220_234053_pid25051.log.gz } ]
02-20 21:13:53.617  7513  7513 D WM-Processor: Processor 63573f0c-de4a-46b3-a11a-014268d71965 executed; reschedule = false
02-20 21:13:53.617  7513  7513 D WM-GreedyScheduler: Stopping tracking for WorkGenerationalId(workSpecId=63573f0c-de4a-46b3-a11a-014268d71965, generation=0)
02-20 21:13:53.618  7513  7513 D WM-SystemJobService: 63573f0c-de4a-46b3-a11a-014268d71965 executed on JobScheduler
02-20 21:13:53.618  7513  7513 D WM-SystemFgDispatcher: Removing Notification (id: 4417, workSpecId: WorkGenerationalId(workSpecId=63573f0c-de4a-46b3-a11a-014268d71965, generation=0), notificationType: 1
02-20 21:13:53.622  7513  7535 D WM-GreedyScheduler: Cancelling work ID 63573f0c-de4a-46b3-a11a-014268d71965
02-20 21:13:53.684  7513  7520 W com.negi.survey: userfaultfd: MOVE ioctl seems unsupported: Connection timed out
02-20 21:13:53.686  7513  7578 I litert  : [environment.cc:29] Creating LiteRT environment with options
02-20 21:13:53.686  7513  7578 W litert  : [auto_registration.cc:158] NPU accelerator could not be loaded and registered: kLiteRtStatusErrorInvalidArgument.
02-20 21:13:53.686  7513  7578 I litert  : [accelerator_registry.cc:52] RegisterAccelerator: ptr=0x72cc449b80, name=LiteRT GPU
02-20 21:13:53.686  7513  7578 I litert  : [auto_registration.cc:223] Statically linked GPU accelerator registered.
02-20 21:13:53.686  7513  7578 I litert  : [accelerator_registry.cc:52] RegisterAccelerator: ptr=0x72cc44c510, name=CpuAccelerator
02-20 21:13:53.686  7513  7578 I litert  : [auto_registration.cc:275] CPU accelerator registered.
02-20 21:13:53.687  7513  7578 I native  : I0000 00:00:1771650833.687457    7578 llm_litert_compiled_model_executor.cc:1978] Setting serialization dir: /data/user/0/com.negi.survey/cache
02-20 21:13:53.687  7513  7578 I litert  : [compiled_model.cc:552] Flatbuffer model initialized directly from incoming litert model.
02-20 21:13:53.689  7513  7578 I tflite  : Initialized TensorFlow Lite runtime.
02-20 21:13:53.706  7513  7520 I com.negi.survey: Background concurrent mark compact GC freed 34MB AllocSpace bytes, 239(5576KB) LOS objects, 75% free, 8475KB/33MB, paused 1.481ms,1.205ms total 113.649ms
02-20 21:13:53.710  7513  7586 W GitHubUploader: uploadStream: 409 Conflict; refreshing SHA and retrying once.
02-20 21:13:53.719  7513  7543 W GitHubUploader: uploadStream: 409 Conflict; refreshing SHA and retrying once.
02-20 21:13:53.741  7513  7589 D GitHubUploader: uploadStream: owner=ishizuki-tech repo=SurveyExports branch=main path=diagnostics/runtime_logs/2026-02-21/runtime_logs_20260220_211350_pid7513_app_start/logcat_20260220_211350_pid7513.log.gz size=1557 maxRawBytesHint=1000000 maxRequestBytesHint=2800000
02-20 21:13:53.744  7513  7535 D WM-WorkProgressUpdater: Updating progress for 29d418bb-d817-4e02-b85f-e642df628732 (Data {pct : 90, mode : startup_runtime_logs})
02-20 21:13:53.745  7513  7535 I WM-Processor: Moving WorkSpec (29d418bb-d817-4e02-b85f-e642df628732) to the foreground
02-20 21:13:53.748  7513  7513 D WM-SystemFgDispatcher: Notifying with (id:7091, workSpecId: 29d418bb-d817-4e02-b85f-e642df628732, notificationType :1)
02-20 21:13:53.796  7513  7577 W GitHubUploader: uploadStream: 409 Conflict; refreshing SHA and retrying once.
02-20 21:13:53.817  7513  7584 W GitHubUploader: uploadStream: 409 Conflict; refreshing SHA and retrying once.
02-20 21:13:53.822  7513  7582 W GitHubUploader: uploadStream: 409 Conflict; refreshing SHA and retrying once.
02-20 21:13:53.837  7513  7587 D GitHubUploader: uploadStream: done url=https://github.com/ishizuki-tech/SurveyExports/blob/main/diagnostics/crash/2026-02-21/prevlog_20260221_045927_pid6564.log sha=a1c30c0081e31c97f1f5b7dad2c2b98cfb204161
02-20 21:13:53.837  7513  7537 D WM-WorkProgressUpdater: Updating progress for ee46778b-1e48-4830-91b5-d0f6b99be0e0 (Data {pct : 95, mode : file})
02-20 21:13:53.840  7513  7537 I WM-Processor: Moving WorkSpec (ee46778b-1e48-4830-91b5-d0f6b99be0e0) to the foreground
02-20 21:13:53.844  7513  7536 I WM-Processor: Moving WorkSpec (ee46778b-1e48-4830-91b5-d0f6b99be0e0) to the foreground
02-20 21:13:53.845  7513  7513 D WM-SystemFgDispatcher: Notifying with (id:6712, workSpecId: ee46778b-1e48-4830-91b5-d0f6b99be0e0, notificationType :1)
02-20 21:13:53.849  7513  7536 I WM-WorkerWrapper: Worker result SUCCESS for Work [ id=ee46778b-1e48-4830-91b5-d0f6b99be0e0, tags={ com.negi.survey.net.GitHubUploadWorker,github_upload,github_upload:crash:diagnostics_crash_prevlog_20260221_045927_pid6564.log } ]
02-20 21:13:53.852  7513  7513 D WM-SystemFgDispatcher: Notifying with (id:6712, workSpecId: ee46778b-1e48-4830-91b5-d0f6b99be0e0, notificationType :1)
02-20 21:13:53.857  7513  7513 D WM-Processor: Processor ee46778b-1e48-4830-91b5-d0f6b99be0e0 executed; reschedule = false
02-20 21:13:53.857  7513  7513 D WM-GreedyScheduler: Stopping tracking for WorkGenerationalId(workSpecId=ee46778b-1e48-4830-91b5-d0f6b99be0e0, generation=0)
02-20 21:13:53.857  7513  7513 D WM-SystemJobService: ee46778b-1e48-4830-91b5-d0f6b99be0e0 executed on JobScheduler
02-20 21:13:53.857  7513  7513 D WM-SystemFgDispatcher: Removing Notification (id: 6712, workSpecId: WorkGenerationalId(workSpecId=ee46778b-1e48-4830-91b5-d0f6b99be0e0, generation=0), notificationType: 1
02-20 21:13:53.860  7513  7537 D WM-GreedyScheduler: Cancelling work ID ee46778b-1e48-4830-91b5-d0f6b99be0e0
02-20 21:13:53.867  7513  7536 D WM-WorkProgressUpdater: Updating progress for 5eaae8dc-dbd5-45af-95ba-cc6e126a8a58 (Data {pct : 79, mode : file})
02-20 21:13:53.869  7513  7536 I WM-Processor: Moving WorkSpec (5eaae8dc-dbd5-45af-95ba-cc6e126a8a58) to the foreground
02-20 21:13:53.872  7513  7578 W libc    : Access denied finding property "ro.mediatek.platform"
02-20 21:13:53.872  7513  7578 W libc    : Access denied finding property "ro.chipname"
02-20 21:13:53.873  7513  7578 W libc    : Access denied finding property "ro.hardware.chipname"
02-20 21:13:53.876  7513  7535 D WM-WorkProgressUpdater: Updating progress for 5eaae8dc-dbd5-45af-95ba-cc6e126a8a58 (Data {pct : 90, mode : file})
02-20 21:13:53.878  7513  7513 D WM-SystemFgDispatcher: Notifying with (id:8833, workSpecId: 5eaae8dc-dbd5-45af-95ba-cc6e126a8a58, notificationType :1)
02-20 21:13:53.882  7513  7535 I WM-Processor: Moving WorkSpec (5eaae8dc-dbd5-45af-95ba-cc6e126a8a58) to the foreground
02-20 21:13:53.885  7513  7513 D WM-SystemFgDispatcher: Notifying with (id:8833, workSpecId: 5eaae8dc-dbd5-45af-95ba-cc6e126a8a58, notificationType :1)
02-20 21:13:53.902  7513  7536 D WM-WorkProgressUpdater: Updating progress for 29d418bb-d817-4e02-b85f-e642df628732 (Data {pct : 91, mode : startup_runtime_logs})
02-20 21:13:53.906  7513  7533 I WM-Processor: Moving WorkSpec (29d418bb-d817-4e02-b85f-e642df628732) to the foreground
02-20 21:13:53.910  7513  7533 D WM-WorkProgressUpdater: Updating progress for 29d418bb-d817-4e02-b85f-e642df628732 (Data {pct : 99, mode : startup_runtime_logs})
02-20 21:13:53.912  7513  7513 D WM-SystemFgDispatcher: Notifying with (id:7091, workSpecId: 29d418bb-d817-4e02-b85f-e642df628732, notificationType :1)
02-20 21:13:53.913  7513  7533 I WM-Processor: Moving WorkSpec (29d418bb-d817-4e02-b85f-e642df628732) to the foreground
02-20 21:13:53.915  7513  7513 D WM-SystemFgDispatcher: Notifying with (id:7091, workSpecId: 29d418bb-d817-4e02-b85f-e642df628732, notificationType :1)
02-20 21:13:53.936  7513  7535 D WM-WorkProgressUpdater: Updating progress for 02409150-f9c7-4cea-b1bf-2b0486bd5d0f (Data {pct : 87, mode : file})
02-20 21:13:53.938  7513  7535 I WM-Processor: Moving WorkSpec (02409150-f9c7-4cea-b1bf-2b0486bd5d0f) to the foreground
02-20 21:13:53.940  7513  7535 D WM-WorkProgressUpdater: Updating progress for 02409150-f9c7-4cea-b1bf-2b0486bd5d0f (Data {pct : 90, mode : file})
02-20 21:13:53.941  7513  7535 I WM-Processor: Moving WorkSpec (02409150-f9c7-4cea-b1bf-2b0486bd5d0f) to the foreground
02-20 21:13:53.941  7513  7513 D WM-SystemFgDispatcher: Notifying with (id:5399, workSpecId: 02409150-f9c7-4cea-b1bf-2b0486bd5d0f, notificationType :1)
02-20 21:13:53.946  7513  7513 D WM-SystemFgDispatcher: Notifying with (id:5399, workSpecId: 02409150-f9c7-4cea-b1bf-2b0486bd5d0f, notificationType :1)
02-20 21:13:53.946  7513  7535 D WM-WorkProgressUpdater: Updating progress for ed17e3b9-0003-4605-a61a-a364c7276c54 (Data {pct : 76, mode : file})
02-20 21:13:53.948  7513  7535 I WM-Processor: Moving WorkSpec (ed17e3b9-0003-4605-a61a-a364c7276c54) to the foreground
02-20 21:13:53.951  7513  7588 W GitHubUploader: uploadStream: 409 Conflict; refreshing SHA and retrying once.
02-20 21:13:53.952  7513  7535 D WM-WorkProgressUpdater: Updating progress for ed17e3b9-0003-4605-a61a-a364c7276c54 (Data {pct : 90, mode : file})
02-20 21:13:53.952  7513  7513 D WM-SystemFgDispatcher: Notifying with (id:8954, workSpecId: ed17e3b9-0003-4605-a61a-a364c7276c54, notificationType :1)
02-20 21:13:53.956  7513  7535 I WM-Processor: Moving WorkSpec (ed17e3b9-0003-4605-a61a-a364c7276c54) to the foreground
02-20 21:13:53.957  7513  7513 D WM-SystemFgDispatcher: Notifying with (id:8954, workSpecId: ed17e3b9-0003-4605-a61a-a364c7276c54, notificationType :1)
02-20 21:13:53.974  7513  7537 D WM-WorkProgressUpdater: Updating progress for 2d69b540-b583-4e81-a7a1-7aaefafda654 (Data {pct : 60, mode : file})
02-20 21:13:53.978  7513  7536 I WM-Processor: Moving WorkSpec (2d69b540-b583-4e81-a7a1-7aaefafda654) to the foreground
02-20 21:13:53.986  7513  7513 D WM-SystemFgDispatcher: Notifying with (id:5425, workSpecId: 2d69b540-b583-4e81-a7a1-7aaefafda654, notificationType :1)
02-20 21:13:53.987  7513  7536 D WM-WorkProgressUpdater: Updating progress for 2d69b540-b583-4e81-a7a1-7aaefafda654 (Data {pct : 90, mode : file})
02-20 21:13:53.991  7513  7536 I WM-Processor: Moving WorkSpec (2d69b540-b583-4e81-a7a1-7aaefafda654) to the foreground
02-20 21:13:53.997  7513  7513 D WM-SystemFgDispatcher: Notifying with (id:5425, workSpecId: 2d69b540-b583-4e81-a7a1-7aaefafda654, notificationType :1)
02-20 21:13:54.056  7513  7533 D WM-WorkProgressUpdater: Updating progress for db32b4a8-fbf6-4335-935e-c32eed8bf92f (Data {pct : 29, mode : file})
02-20 21:13:54.063  7513  7535 I WM-Processor: Moving WorkSpec (db32b4a8-fbf6-4335-935e-c32eed8bf92f) to the foreground
02-20 21:13:54.065  7513  7535 D WM-WorkProgressUpdater: Updating progress for db32b4a8-fbf6-4335-935e-c32eed8bf92f (Data {pct : 49, mode : file})
02-20 21:13:54.065  7513  7513 D WM-SystemFgDispatcher: Notifying with (id:7360, workSpecId: db32b4a8-fbf6-4335-935e-c32eed8bf92f, notificationType :1)
02-20 21:13:54.066  7513  7535 I WM-Processor: Moving WorkSpec (db32b4a8-fbf6-4335-935e-c32eed8bf92f) to the foreground
02-20 21:13:54.068  7513  7535 D WM-WorkProgressUpdater: Updating progress for db32b4a8-fbf6-4335-935e-c32eed8bf92f (Data {pct : 69, mode : file})
02-20 21:13:54.068  7513  7513 D WM-SystemFgDispatcher: Notifying with (id:7360, workSpecId: db32b4a8-fbf6-4335-935e-c32eed8bf92f, notificationType :1)
02-20 21:13:54.070  7513  7535 I WM-Processor: Moving WorkSpec (db32b4a8-fbf6-4335-935e-c32eed8bf92f) to the foreground
02-20 21:13:54.071  7513  7535 D WM-WorkProgressUpdater: Updating progress for db32b4a8-fbf6-4335-935e-c32eed8bf92f (Data {pct : 89, mode : file})
02-20 21:13:54.071  7513  7513 D WM-SystemFgDispatcher: Notifying with (id:7360, workSpecId: db32b4a8-fbf6-4335-935e-c32eed8bf92f, notificationType :1)
02-20 21:13:54.072  7513  7535 I WM-Processor: Moving WorkSpec (db32b4a8-fbf6-4335-935e-c32eed8bf92f) to the foreground
02-20 21:13:54.073  7513  7535 D WM-WorkProgressUpdater: Updating progress for db32b4a8-fbf6-4335-935e-c32eed8bf92f (Data {pct : 90, mode : file})
02-20 21:13:54.073  7513  7513 D WM-SystemFgDispatcher: Notifying with (id:7360, workSpecId: db32b4a8-fbf6-4335-935e-c32eed8bf92f, notificationType :1)
02-20 21:13:54.078  7513  7537 I WM-Processor: Moving WorkSpec (db32b4a8-fbf6-4335-935e-c32eed8bf92f) to the foreground
02-20 21:13:54.081  7513  7513 D WM-SystemFgDispatcher: Notifying with (id:7360, workSpecId: db32b4a8-fbf6-4335-935e-c32eed8bf92f, notificationType :1)
02-20 21:13:54.097  7513  7578 E libEGL  : call to OpenGL ES API with no current context (logged once per thread)
02-20 21:13:54.100  7513  7578 I litert  : [environment.cc:40] Adding options to the existing LiteRT environment
02-20 21:13:54.100  7513  7578 I tflite  : Loaded OpenCL library with dlopen.
02-20 21:13:54.101  7513  7578 I litert  : [gpu_environment.cc:223] Created OpenCL device from provided device id and platform id.
02-20 21:13:54.117  7513  7578 I litert  : [gpu_environment.cc:286] Reusing provided EGL environment.
02-20 21:13:54.117  7513  7578 I litert  : [gpu_environment.h:150] Created LiteRT GpuEnvironment.
02-20 21:13:54.135  7513  7576 D GitHubUploader: uploadStream: done url=https://github.com/ishizuki-tech/SurveyExports/blob/main/diagnostics/crash/2026-02-21/applog_prev_20260221_045927_pid6564.log sha=55aea1ae4fefcb481fe1b25c1122f91135028eed
02-20 21:13:54.136  7513  7536 D WM-WorkProgressUpdater: Updating progress for 75c6b849-fc06-4eef-8cab-5dfe16f0e4fa (Data {pct : 95, mode : file})
02-20 21:13:54.139  7513  7536 I WM-Processor: Moving WorkSpec (75c6b849-fc06-4eef-8cab-5dfe16f0e4fa) to the foreground
02-20 21:13:54.149  7513  7513 D WM-SystemFgDispatcher: Notifying with (id:9522, workSpecId: 75c6b849-fc06-4eef-8cab-5dfe16f0e4fa, notificationType :1)
02-20 21:13:54.150  7513  7536 I WM-Processor: Moving WorkSpec (75c6b849-fc06-4eef-8cab-5dfe16f0e4fa) to the foreground
02-20 21:13:54.152  7513  7537 I WM-WorkerWrapper: Worker result SUCCESS for Work [ id=75c6b849-fc06-4eef-8cab-5dfe16f0e4fa, tags={ com.negi.survey.net.GitHubUploadWorker,github_upload,github_upload:crash:diagnostics_crash_applog_prev_20260221_045927_pid6564.log } ]
02-20 21:13:54.152  7513  7513 D WM-Processor: Processor 75c6b849-fc06-4eef-8cab-5dfe16f0e4fa executed; reschedule = false
02-20 21:13:54.153  7513  7513 D WM-GreedyScheduler: Stopping tracking for WorkGenerationalId(workSpecId=75c6b849-fc06-4eef-8cab-5dfe16f0e4fa, generation=0)
02-20 21:13:54.153  7513  7513 D WM-SystemJobService: 75c6b849-fc06-4eef-8cab-5dfe16f0e4fa executed on JobScheduler
02-20 21:13:54.155  7513  7513 D WM-SystemFgDispatcher: Removing Notification (id: 9522, workSpecId: WorkGenerationalId(workSpecId=75c6b849-fc06-4eef-8cab-5dfe16f0e4fa, generation=0), notificationType: 1
02-20 21:13:54.157  7513  7513 D WM-SystemFgDispatcher: Notifying with (id:9522, workSpecId: 75c6b849-fc06-4eef-8cab-5dfe16f0e4fa, notificationType :1)
02-20 21:13:54.159  7513  7537 D WM-GreedyScheduler: Cancelling work ID 75c6b849-fc06-4eef-8cab-5dfe16f0e4fa
02-20 21:13:54.278  7513  7578 I tflite  : Replacing 3326 out of 3326 node(s) with delegate (LITERT_CL) node, yielding 1 partitions for subgraph 0.
02-20 21:13:54.431  7513  7543 D GitHubUploader: uploadStream: done url=https://github.com/ishizuki-tech/SurveyExports/blob/main/diagnostics/crash/2026-02-21/prevlog_20260220_230439_pid23818.log.gz sha=c6d4062b80635662e8125edea9e1ddd37f7fe668
02-20 21:13:54.431  7513  7535 D WM-WorkProgressUpdater: Updating progress for 02409150-f9c7-4cea-b1bf-2b0486bd5d0f (Data {pct : 95, mode : file})
02-20 21:13:54.436  7513  7537 I WM-Processor: Moving WorkSpec (02409150-f9c7-4cea-b1bf-2b0486bd5d0f) to the foreground
02-20 21:13:54.445  7513  7513 D WM-SystemFgDispatcher: Notifying with (id:5399, workSpecId: 02409150-f9c7-4cea-b1bf-2b0486bd5d0f, notificationType :1)
02-20 21:13:54.445  7513  7537 I WM-Processor: Moving WorkSpec (02409150-f9c7-4cea-b1bf-2b0486bd5d0f) to the foreground
02-20 21:13:54.448  7513  7536 I WM-WorkerWrapper: Worker result SUCCESS for Work [ id=02409150-f9c7-4cea-b1bf-2b0486bd5d0f, tags={ com.negi.survey.net.GitHubUploadWorker,github_upload,github_upload:crash:diagnostics_crash_prevlog_20260220_230439_pid23818.log.gz } ]
02-20 21:13:54.450  7513  7513 D WM-Processor: Processor 02409150-f9c7-4cea-b1bf-2b0486bd5d0f executed; reschedule = false
02-20 21:13:54.450  7513  7513 D WM-GreedyScheduler: Stopping tracking for WorkGenerationalId(workSpecId=02409150-f9c7-4cea-b1bf-2b0486bd5d0f, generation=0)
02-20 21:13:54.451  7513  7513 D WM-SystemJobService: 02409150-f9c7-4cea-b1bf-2b0486bd5d0f executed on JobScheduler
02-20 21:13:54.451  7513  7513 D WM-SystemFgDispatcher: Removing Notification (id: 5399, workSpecId: WorkGenerationalId(workSpecId=02409150-f9c7-4cea-b1bf-2b0486bd5d0f, generation=0), notificationType: 1
02-20 21:13:54.458  7513  7513 D WM-SystemFgDispatcher: Notifying with (id:5399, workSpecId: 02409150-f9c7-4cea-b1bf-2b0486bd5d0f, notificationType :1)
02-20 21:13:54.465  7513  7536 D WM-GreedyScheduler: Cancelling work ID 02409150-f9c7-4cea-b1bf-2b0486bd5d0f
02-20 21:13:54.515  7513  7578 W native  : W0000 00:00:1771650834.515796    7578 delegate_kernel.cc:326] Weights preparation on Gpu is disabled for PowerVR, Mail GPU and non-OpenCL/WebGPU backends.
02-20 21:13:55.216  7513  7535 D WM-WorkProgressUpdater: Updating progress for 5eaae8dc-dbd5-45af-95ba-cc6e126a8a58 (Data {pct : 79, mode : file})
02-20 21:13:55.217  7513  7535 I WM-Processor: Moving WorkSpec (5eaae8dc-dbd5-45af-95ba-cc6e126a8a58) to the foreground
02-20 21:13:55.222  7513  7535 D WM-WorkProgressUpdater: Updating progress for 5eaae8dc-dbd5-45af-95ba-cc6e126a8a58 (Data {pct : 90, mode : file})
02-20 21:13:55.222  7513  7513 D WM-SystemFgDispatcher: Notifying with (id:8833, workSpecId: 5eaae8dc-dbd5-45af-95ba-cc6e126a8a58, notificationType :1)
02-20 21:13:55.223  7513  7535 I WM-Processor: Moving WorkSpec (5eaae8dc-dbd5-45af-95ba-cc6e126a8a58) to the foreground
02-20 21:13:55.237  7513  7513 D WM-SystemFgDispatcher: Notifying with (id:8833, workSpecId: 5eaae8dc-dbd5-45af-95ba-cc6e126a8a58, notificationType :1)
02-20 21:13:55.487  7513  7588 I com.negi.survey: IncrementDisableThreadFlip blocked for 5.873ms
02-20 21:13:55.489  7513  7536 D WM-WorkProgressUpdater: Updating progress for 3c27c0cc-aee3-4bdb-80f9-d1a0111be3e3 (Data {pct : 95, mode : file})
02-20 21:13:55.490  7513  7588 D GitHubUploader: uploadStream: done url=https://github.com/ishizuki-tech/SurveyExports/blob/main/diagnostics/crash/2026-02-21/prevlog_20260221_034433_pid2215.log.gz sha=df3e95d29929a6b7558ea6ea89383530a3da9824
02-20 21:13:55.494  7513  7535 I WM-Processor: Moving WorkSpec (3c27c0cc-aee3-4bdb-80f9-d1a0111be3e3) to the foreground
02-20 21:13:55.497  7513  7513 D WM-SystemFgDispatcher: Notifying with (id:3350, workSpecId: 3c27c0cc-aee3-4bdb-80f9-d1a0111be3e3, notificationType :1)
02-20 21:13:55.498  7513  7535 I WM-Processor: Moving WorkSpec (3c27c0cc-aee3-4bdb-80f9-d1a0111be3e3) to the foreground
02-20 21:13:55.500  7513  7520 I com.negi.survey: NativeAlloc concurrent mark compact GC freed 5813KB AllocSpace bytes, 149(2932KB) LOS objects, 79% free, 6511KB/30MB, paused 3.434ms,8.328ms total 142.972ms
02-20 21:13:55.502  7513  7513 D WM-SystemFgDispatcher: Notifying with (id:3350, workSpecId: 3c27c0cc-aee3-4bdb-80f9-d1a0111be3e3, notificationType :1)
02-20 21:13:55.504  7513  7535 I WM-WorkerWrapper: Worker result SUCCESS for Work [ id=3c27c0cc-aee3-4bdb-80f9-d1a0111be3e3, tags={ com.negi.survey.net.GitHubUploadWorker,github_upload,github_upload:crash:diagnostics_crash_prevlog_20260221_034433_pid2215.log.gz } ]
02-20 21:13:55.508  7513  7513 D WM-Processor: Processor 3c27c0cc-aee3-4bdb-80f9-d1a0111be3e3 executed; reschedule = false
02-20 21:13:55.508  7513  7513 D WM-GreedyScheduler: Stopping tracking for WorkGenerationalId(workSpecId=3c27c0cc-aee3-4bdb-80f9-d1a0111be3e3, generation=0)
02-20 21:13:55.508  7513  7513 D WM-SystemJobService: 3c27c0cc-aee3-4bdb-80f9-d1a0111be3e3 executed on JobScheduler
02-20 21:13:55.508  7513  7513 D WM-SystemFgDispatcher: Removing Notification (id: 3350, workSpecId: WorkGenerationalId(workSpecId=3c27c0cc-aee3-4bdb-80f9-d1a0111be3e3, generation=0), notificationType: 1
02-20 21:13:55.509  7513  7535 D WM-WorkProgressUpdater: Updating progress for db32b4a8-fbf6-4335-935e-c32eed8bf92f (Data {pct : 29, mode : file})
02-20 21:13:55.510  7513  7535 I WM-Processor: Moving WorkSpec (db32b4a8-fbf6-4335-935e-c32eed8bf92f) to the foreground
02-20 21:13:55.511  7513  7513 D WM-SystemFgDispatcher: Notifying with (id:7360, workSpecId: db32b4a8-fbf6-4335-935e-c32eed8bf92f, notificationType :1)
02-20 21:13:55.512  7513  7535 D WM-WorkProgressUpdater: Updating progress for db32b4a8-fbf6-4335-935e-c32eed8bf92f (Data {pct : 49, mode : file})
02-20 21:13:55.513  7513  7535 I WM-Processor: Moving WorkSpec (db32b4a8-fbf6-4335-935e-c32eed8bf92f) to the foreground
02-20 21:13:55.518  7513  7513 D WM-SystemFgDispatcher: Notifying with (id:7360, workSpecId: db32b4a8-fbf6-4335-935e-c32eed8bf92f, notificationType :1)
02-20 21:13:55.518  7513  7513 W NotificationManager: Shedding notify (update) of NotificationKey[user=UserHandle{0}, pkg=com.negi.survey, tag=null, id=7360], rate limit (5.0) exceeded: input 11.99105, output would be 6.9815598
02-20 21:13:55.522  7513  7535 D WM-WorkProgressUpdater: Updating progress for db32b4a8-fbf6-4335-935e-c32eed8bf92f (Data {pct : 69, mode : file})
02-20 21:13:55.523  7513  7535 I WM-Processor: Moving WorkSpec (db32b4a8-fbf6-4335-935e-c32eed8bf92f) to the foreground
02-20 21:13:55.525  7513  7513 D WM-SystemFgDispatcher: Notifying with (id:7360, workSpecId: db32b4a8-fbf6-4335-935e-c32eed8bf92f, notificationType :1)
02-20 21:13:55.526  7513  7536 D WM-WorkProgressUpdater: Updating progress for db32b4a8-fbf6-4335-935e-c32eed8bf92f (Data {pct : 89, mode : file})
02-20 21:13:55.527  7513  7536 I WM-Processor: Moving WorkSpec (db32b4a8-fbf6-4335-935e-c32eed8bf92f) to the foreground
02-20 21:13:55.536  7513  7513 D WM-SystemFgDispatcher: Notifying with (id:7360, workSpecId: db32b4a8-fbf6-4335-935e-c32eed8bf92f, notificationType :1)
02-20 21:13:55.538  7513  7536 D WM-WorkProgressUpdater: Updating progress for db32b4a8-fbf6-4335-935e-c32eed8bf92f (Data {pct : 90, mode : file})
02-20 21:13:55.544  7513  7536 I WM-Processor: Moving WorkSpec (db32b4a8-fbf6-4335-935e-c32eed8bf92f) to the foreground
02-20 21:13:55.545  7513  7513 D WM-SystemFgDispatcher: Notifying with (id:7360, workSpecId: db32b4a8-fbf6-4335-935e-c32eed8bf92f, notificationType :1)
02-20 21:13:55.552  7513  7533 D WM-GreedyScheduler: Cancelling work ID 3c27c0cc-aee3-4bdb-80f9-d1a0111be3e3
02-20 21:13:55.570  7513  7537 D WM-WorkProgressUpdater: Updating progress for 2d69b540-b583-4e81-a7a1-7aaefafda654 (Data {pct : 60, mode : file})
02-20 21:13:55.581  7513  7537 I WM-Processor: Moving WorkSpec (2d69b540-b583-4e81-a7a1-7aaefafda654) to the foreground
02-20 21:13:55.585  7513  7513 D WM-SystemFgDispatcher: Notifying with (id:5425, workSpecId: 2d69b540-b583-4e81-a7a1-7aaefafda654, notificationType :1)
02-20 21:13:55.586  7513  7533 D WM-WorkProgressUpdater: Updating progress for 2d69b540-b583-4e81-a7a1-7aaefafda654 (Data {pct : 90, mode : file})
02-20 21:13:55.597  7513  7533 I WM-Processor: Moving WorkSpec (2d69b540-b583-4e81-a7a1-7aaefafda654) to the foreground
02-20 21:13:55.614  7513  7513 D WM-SystemFgDispatcher: Notifying with (id:5425, workSpecId: 2d69b540-b583-4e81-a7a1-7aaefafda654, notificationType :1)
02-20 21:13:55.619  7513  7533 D WM-WorkProgressUpdater: Updating progress for ed17e3b9-0003-4605-a61a-a364c7276c54 (Data {pct : 76, mode : file})
02-20 21:13:55.624  7513  7533 I WM-Processor: Moving WorkSpec (ed17e3b9-0003-4605-a61a-a364c7276c54) to the foreground
02-20 21:13:55.625  7513  7533 D WM-WorkProgressUpdater: Updating progress for ed17e3b9-0003-4605-a61a-a364c7276c54 (Data {pct : 90, mode : file})
02-20 21:13:55.626  7513  7533 I WM-Processor: Moving WorkSpec (ed17e3b9-0003-4605-a61a-a364c7276c54) to the foreground
02-20 21:13:55.628  7513  7513 D WM-SystemFgDispatcher: Notifying with (id:8954, workSpecId: ed17e3b9-0003-4605-a61a-a364c7276c54, notificationType :1)
02-20 21:13:55.629  7513  7513 D WM-SystemFgDispatcher: Notifying with (id:8954, workSpecId: ed17e3b9-0003-4605-a61a-a364c7276c54, notificationType :1)
02-20 21:13:55.732  7513  7543 D GitHubUploader: uploadStream: done url=https://github.com/ishizuki-tech/SurveyExports/blob/main/diagnostics/crash/2026-02-21/crash_20260220_230330_pid23391_tid23391_u870607.log.gz sha=4682429c042ec81b81f0a12d069d3270d95e03f3
02-20 21:13:55.733  7513  7535 D WM-WorkProgressUpdater: Updating progress for 5eaae8dc-dbd5-45af-95ba-cc6e126a8a58 (Data {pct : 95, mode : file})
02-20 21:13:55.738  7513  7535 I WM-Processor: Moving WorkSpec (5eaae8dc-dbd5-45af-95ba-cc6e126a8a58) to the foreground
02-20 21:13:55.742  7513  7535 I WM-Processor: Moving WorkSpec (5eaae8dc-dbd5-45af-95ba-cc6e126a8a58) to the foreground
02-20 21:13:55.745  7513  7513 D WM-SystemFgDispatcher: Notifying with (id:8833, workSpecId: 5eaae8dc-dbd5-45af-95ba-cc6e126a8a58, notificationType :1)
02-20 21:13:55.745  7513  7535 I WM-WorkerWrapper: Worker result SUCCESS for Work [ id=5eaae8dc-dbd5-45af-95ba-cc6e126a8a58, tags={ com.negi.survey.net.GitHubUploadWorker,github_upload,github_upload:crash:diagnostics_crash_crash_20260220_230330_pid23391_tid23391_u870607.log.gz } ]
02-20 21:13:55.750  7513  7513 D WM-SystemFgDispatcher: Notifying with (id:8833, workSpecId: 5eaae8dc-dbd5-45af-95ba-cc6e126a8a58, notificationType :1)
02-20 21:13:55.753  7513  7513 D WM-Processor: Processor 5eaae8dc-dbd5-45af-95ba-cc6e126a8a58 executed; reschedule = false
02-20 21:13:55.753  7513  7513 D WM-GreedyScheduler: Stopping tracking for WorkGenerationalId(workSpecId=5eaae8dc-dbd5-45af-95ba-cc6e126a8a58, generation=0)
02-20 21:13:55.753  7513  7513 D WM-SystemJobService: 5eaae8dc-dbd5-45af-95ba-cc6e126a8a58 executed on JobScheduler
02-20 21:13:55.754  7513  7513 D WM-SystemFgDispatcher: Removing Notification (id: 8833, workSpecId: WorkGenerationalId(workSpecId=5eaae8dc-dbd5-45af-95ba-cc6e126a8a58, generation=0), notificationType: 1
02-20 21:13:55.759  7513  7535 D WM-GreedyScheduler: Cancelling work ID 5eaae8dc-dbd5-45af-95ba-cc6e126a8a58
02-20 21:13:56.117  7513  7576 D GitHubUploader: uploadStream: done url=https://github.com/ishizuki-tech/SurveyExports/blob/main/diagnostics/crash/2026-02-21/prevlog_20260221_043109_pid4468.log sha=62ad6a1fd36e0a88b125ac3af4af33ee0e8414f9
02-20 21:13:56.118  7513  7536 D WM-WorkProgressUpdater: Updating progress for 2d69b540-b583-4e81-a7a1-7aaefafda654 (Data {pct : 95, mode : file})
02-20 21:13:56.129  7513  7536 I WM-Processor: Moving WorkSpec (2d69b540-b583-4e81-a7a1-7aaefafda654) to the foreground
02-20 21:13:56.137  7513  7513 D WM-SystemFgDispatcher: Notifying with (id:5425, workSpecId: 2d69b540-b583-4e81-a7a1-7aaefafda654, notificationType :1)
02-20 21:13:56.139  7513  7536 I WM-Processor: Moving WorkSpec (2d69b540-b583-4e81-a7a1-7aaefafda654) to the foreground
02-20 21:13:56.141  7513  7535 I WM-WorkerWrapper: Worker result SUCCESS for Work [ id=2d69b540-b583-4e81-a7a1-7aaefafda654, tags={ com.negi.survey.net.GitHubUploadWorker,github_upload,github_upload:crash:diagnostics_crash_prevlog_20260221_043109_pid4468.log } ]
02-20 21:13:56.147  7513  7513 D WM-SystemFgDispatcher: Notifying with (id:5425, workSpecId: 2d69b540-b583-4e81-a7a1-7aaefafda654, notificationType :1)
02-20 21:13:56.151  7513  7513 D WM-Processor: Processor 2d69b540-b583-4e81-a7a1-7aaefafda654 executed; reschedule = false
02-20 21:13:56.151  7513  7513 D WM-GreedyScheduler: Stopping tracking for WorkGenerationalId(workSpecId=2d69b540-b583-4e81-a7a1-7aaefafda654, generation=0)
02-20 21:13:56.152  7513  7513 D WM-SystemJobService: 2d69b540-b583-4e81-a7a1-7aaefafda654 executed on JobScheduler
02-20 21:13:56.152  7513  7513 D WM-SystemFgDispatcher: Removing Notification (id: 5425, workSpecId: WorkGenerationalId(workSpecId=2d69b540-b583-4e81-a7a1-7aaefafda654, generation=0), notificationType: 1
02-20 21:13:56.154  7513  7537 D WM-GreedyScheduler: Cancelling work ID 2d69b540-b583-4e81-a7a1-7aaefafda654
02-20 21:13:56.160  7513  7513 D WM-SystemJobService: onStopJob for WorkGenerationalId(workSpecId=2d69b540-b583-4e81-a7a1-7aaefafda654, generation=0)
02-20 21:13:57.734  7513  7588 D GitHubUploader: uploadStream: done url=https://github.com/ishizuki-tech/SurveyExports/blob/main/diagnostics/crash/2026-02-21/prevlog_20260221_034116_pid1338.log.gz sha=9d4fb9609d03ad68a524486236bf6cf28381f896
02-20 21:13:57.736  7513  7533 D WM-WorkProgressUpdater: Updating progress for 6414096e-e3f5-4ce4-856e-cc79f6c533e8 (Data {pct : 95, mode : file})
02-20 21:13:57.751  7513  7533 I WM-Processor: Moving WorkSpec (6414096e-e3f5-4ce4-856e-cc79f6c533e8) to the foreground
02-20 21:13:57.767  7513  7513 D WM-SystemFgDispatcher: Notifying with (id:6721, workSpecId: 6414096e-e3f5-4ce4-856e-cc79f6c533e8, notificationType :1)
02-20 21:13:57.768  7513  7535 I WM-Processor: Moving WorkSpec (6414096e-e3f5-4ce4-856e-cc79f6c533e8) to the foreground
02-20 21:13:57.772  7513  7535 I WM-WorkerWrapper: Worker result SUCCESS for Work [ id=6414096e-e3f5-4ce4-856e-cc79f6c533e8, tags={ com.negi.survey.net.GitHubUploadWorker,github_upload,github_upload:crash:diagnostics_crash_prevlog_20260221_034116_pid1338.log.gz } ]
02-20 21:13:57.775  7513  7513 D WM-SystemFgDispatcher: Notifying with (id:6721, workSpecId: 6414096e-e3f5-4ce4-856e-cc79f6c533e8, notificationType :1)
02-20 21:13:57.787  7513  7513 D WM-Processor: Processor 6414096e-e3f5-4ce4-856e-cc79f6c533e8 executed; reschedule = false
02-20 21:13:57.788  7513  7513 D WM-GreedyScheduler: Stopping tracking for WorkGenerationalId(workSpecId=6414096e-e3f5-4ce4-856e-cc79f6c533e8, generation=0)
02-20 21:13:57.788  7513  7513 D WM-SystemJobService: 6414096e-e3f5-4ce4-856e-cc79f6c533e8 executed on JobScheduler
02-20 21:13:57.788  7513  7513 D WM-SystemFgDispatcher: Removing Notification (id: 6721, workSpecId: WorkGenerationalId(workSpecId=6414096e-e3f5-4ce4-856e-cc79f6c533e8, generation=0), notificationType: 1
02-20 21:13:57.797  7513  7533 D WM-GreedyScheduler: Cancelling work ID 6414096e-e3f5-4ce4-856e-cc79f6c533e8
02-20 21:13:57.871  7513  7533 D WM-WorkProgressUpdater: Updating progress for ed17e3b9-0003-4605-a61a-a364c7276c54 (Data {pct : 76, mode : file})
02-20 21:13:57.875  7513  7533 I WM-Processor: Moving WorkSpec (ed17e3b9-0003-4605-a61a-a364c7276c54) to the foreground
02-20 21:13:57.880  7513  7513 D WM-SystemFgDispatcher: Notifying with (id:8954, workSpecId: ed17e3b9-0003-4605-a61a-a364c7276c54, notificationType :1)
02-20 21:13:57.881  7513  7577 W github_upload: doFileUpload: upload failed for /data/user/0/com.negi.survey/files/diagnostics/crash_github_mirror/prevlog_20260220_225636_pid22740.log.gz
02-20 21:13:57.881  7513  7577 W github_upload: com.negi.survey.net.GitHubUploader$HttpFailureException: GitHub request failed (409): {"message":"is at 9d4fb9609d03ad68a524486236bf6cf28381f896 but expected 62ad6a1fd36e0a88b125ac3af4af33ee0e8414f9","documentation_url":"https://docs.github.com/rest/repos/contents#create-or-update-file-contents","status":"409"}
02-20 21:13:57.881  7513  7577 W github_upload: 	at com.negi.survey.net.GitHubUploader.executeWithRetry(GitHubUploader.kt:689)
02-20 21:13:57.881  7513  7577 W github_upload: 	at com.negi.survey.net.GitHubUploader.access$executeWithRetry(GitHubUploader.kt:51)
02-20 21:13:57.881  7513  7577 W github_upload: 	at com.negi.survey.net.GitHubUploader$executeWithRetry$1.invokeSuspend(Unknown Source:22)
