02-21 00:43:40.186 19652 19652 D WM-SystemFgDispatcher: Notifying with (id:10028, workSpecId: 1b4bd9f4-b9da-4fbb-9424-e47b91f2a033, notificationType :1)
02-21 00:43:40.188 19652 19672 I WM-Processor: Moving WorkSpec (584d15d6-0e62-450c-b242-4471e0d1e498) to the foreground
02-21 00:43:40.191 19652 19652 D WM-SystemFgDispatcher: Notifying with (id:7354, workSpecId: 584d15d6-0e62-450c-b242-4471e0d1e498, notificationType :1)
02-21 00:43:40.192 19652 19673 D WM-WorkProgressUpdater: Updating progress for 584d15d6-0e62-450c-b242-4471e0d1e498 (Data {pct : 90, mode : file})
02-21 00:43:40.195 19652 19673 I WM-Processor: Moving WorkSpec (584d15d6-0e62-450c-b242-4471e0d1e498) to the foreground
02-21 00:43:40.197 19652 19673 D WM-WorkProgressUpdater: Updating progress for 74861f65-9452-48ec-9ea2-21264ffe8517 (Data {pct : 10, mode : file})
02-21 00:43:40.199 19652 19672 I WM-Processor: Moving WorkSpec (74861f65-9452-48ec-9ea2-21264ffe8517) to the foreground
02-21 00:43:40.200 19652 19652 D WM-SystemFgDispatcher: Notifying with (id:7354, workSpecId: 584d15d6-0e62-450c-b242-4471e0d1e498, notificationType :1)
02-21 00:43:40.203 19652 19652 D WM-SystemFgDispatcher: Notifying with (id:11023, workSpecId: 74861f65-9452-48ec-9ea2-21264ffe8517, notificationType :1)
02-21 00:43:40.204 19652 19672 D WM-WorkProgressUpdater: Updating progress for 74861f65-9452-48ec-9ea2-21264ffe8517 (Data {pct : 33, mode : file})
02-21 00:43:40.210 19652 19672 I WM-Processor: Moving WorkSpec (74861f65-9452-48ec-9ea2-21264ffe8517) to the foreground
02-21 00:43:40.212 19652 19652 D WM-SystemFgDispatcher: Notifying with (id:11023, workSpecId: 74861f65-9452-48ec-9ea2-21264ffe8517, notificationType :1)
02-21 00:43:40.212 19652 19672 D WM-WorkProgressUpdater: Updating progress for 74861f65-9452-48ec-9ea2-21264ffe8517 (Data {pct : 57, mode : file})
02-21 00:43:40.215 19652 19672 I WM-Processor: Moving WorkSpec (74861f65-9452-48ec-9ea2-21264ffe8517) to the foreground
02-21 00:43:40.217 19652 19652 D WM-SystemFgDispatcher: Notifying with (id:11023, workSpecId: 74861f65-9452-48ec-9ea2-21264ffe8517, notificationType :1)
02-21 00:43:40.217 19652 19669 D WM-WorkProgressUpdater: Updating progress for 74861f65-9452-48ec-9ea2-21264ffe8517 (Data {pct : 80, mode : file})
02-21 00:43:40.224 19652 19673 I WM-Processor: Moving WorkSpec (74861f65-9452-48ec-9ea2-21264ffe8517) to the foreground
02-21 00:43:40.227 19652 19652 D WM-SystemFgDispatcher: Notifying with (id:11023, workSpecId: 74861f65-9452-48ec-9ea2-21264ffe8517, notificationType :1)
02-21 00:43:40.227 19652 19671 D WM-WorkProgressUpdater: Updating progress for 74861f65-9452-48ec-9ea2-21264ffe8517 (Data {pct : 90, mode : file})
02-21 00:43:40.230 19652 19671 I WM-Processor: Moving WorkSpec (74861f65-9452-48ec-9ea2-21264ffe8517) to the foreground
02-21 00:43:40.234 19652 19652 D WM-SystemFgDispatcher: Notifying with (id:11023, workSpecId: 74861f65-9452-48ec-9ea2-21264ffe8517, notificationType :1)
02-21 00:43:40.236 19652 19672 D WM-WorkProgressUpdater: Updating progress for b56e187a-f467-42be-8236-39f8bd68009b (Data {pct : 10, mode : file})
02-21 00:43:40.245 19652 19673 I WM-Processor: Moving WorkSpec (b56e187a-f467-42be-8236-39f8bd68009b) to the foreground
02-21 00:43:40.250 19652 19673 D WM-WorkProgressUpdater: Updating progress for b56e187a-f467-42be-8236-39f8bd68009b (Data {pct : 29, mode : file})
02-21 00:43:40.251 19652 19652 D WM-SystemFgDispatcher: Notifying with (id:5897, workSpecId: b56e187a-f467-42be-8236-39f8bd68009b, notificationType :1)
02-21 00:43:40.254 19652 19673 I WM-Processor: Moving WorkSpec (b56e187a-f467-42be-8236-39f8bd68009b) to the foreground
02-21 00:43:40.260 19652 19652 D WM-SystemFgDispatcher: Notifying with (id:5897, workSpecId: b56e187a-f467-42be-8236-39f8bd68009b, notificationType :1)
02-21 00:43:40.261 19652 19673 D WM-WorkProgressUpdater: Updating progress for b56e187a-f467-42be-8236-39f8bd68009b (Data {pct : 49, mode : file})
02-21 00:43:40.264 19652 19673 I WM-Processor: Moving WorkSpec (b56e187a-f467-42be-8236-39f8bd68009b) to the foreground
02-21 00:43:40.268 19652 19652 D WM-SystemFgDispatcher: Notifying with (id:5897, workSpecId: b56e187a-f467-42be-8236-39f8bd68009b, notificationType :1)
02-21 00:43:40.270 19652 19671 D WM-WorkProgressUpdater: Updating progress for b56e187a-f467-42be-8236-39f8bd68009b (Data {pct : 69, mode : file})
02-21 00:43:40.273 19652 19671 I WM-Processor: Moving WorkSpec (b56e187a-f467-42be-8236-39f8bd68009b) to the foreground
02-21 00:43:40.275 19652 19671 D WM-WorkProgressUpdater: Updating progress for b56e187a-f467-42be-8236-39f8bd68009b (Data {pct : 89, mode : file})
02-21 00:43:40.277 19652 19671 I WM-Processor: Moving WorkSpec (b56e187a-f467-42be-8236-39f8bd68009b) to the foreground
02-21 00:43:40.277 19652 19652 D WM-SystemFgDispatcher: Notifying with (id:5897, workSpecId: b56e187a-f467-42be-8236-39f8bd68009b, notificationType :1)
02-21 00:43:40.278 19652 19671 D WM-WorkProgressUpdater: Updating progress for b56e187a-f467-42be-8236-39f8bd68009b (Data {pct : 90, mode : file})
02-21 00:43:40.278 19652 19652 D WM-SystemFgDispatcher: Notifying with (id:5897, workSpecId: b56e187a-f467-42be-8236-39f8bd68009b, notificationType :1)
02-21 00:43:40.281 19652 19669 I WM-Processor: Moving WorkSpec (b56e187a-f467-42be-8236-39f8bd68009b) to the foreground
02-21 00:43:40.284 19652 19652 D WM-SystemFgDispatcher: Notifying with (id:5897, workSpecId: b56e187a-f467-42be-8236-39f8bd68009b, notificationType :1)
02-21 00:43:40.284 19652 19669 D WM-WorkProgressUpdater: Updating progress for 8a93b0d1-6e8c-4f54-b6a5-0303a4310d35 (Data {pct : 10, mode : file})
02-21 00:43:40.287 19652 19669 I WM-Processor: Moving WorkSpec (8a93b0d1-6e8c-4f54-b6a5-0303a4310d35) to the foreground
02-21 00:43:40.291 19652 19669 D WM-WorkProgressUpdater: Updating progress for 8a93b0d1-6e8c-4f54-b6a5-0303a4310d35 (Data {pct : 12, mode : file})
02-21 00:43:40.291 19652 19652 D WM-SystemFgDispatcher: Notifying with (id:8246, workSpecId: 8a93b0d1-6e8c-4f54-b6a5-0303a4310d35, notificationType :1)
02-21 00:43:40.296 19652 19669 I WM-Processor: Moving WorkSpec (8a93b0d1-6e8c-4f54-b6a5-0303a4310d35) to the foreground
02-21 00:43:40.297 19652 19669 D WM-WorkProgressUpdater: Updating progress for 8a93b0d1-6e8c-4f54-b6a5-0303a4310d35 (Data {pct : 15, mode : file})
02-21 00:43:40.298 19652 19673 I WM-Processor: Moving WorkSpec (8a93b0d1-6e8c-4f54-b6a5-0303a4310d35) to the foreground
02-21 00:43:40.299 19652 19652 D WM-SystemFgDispatcher: Notifying with (id:8246, workSpecId: 8a93b0d1-6e8c-4f54-b6a5-0303a4310d35, notificationType :1)
02-21 00:43:40.299 19652 19673 D WM-WorkProgressUpdater: Updating progress for 8a93b0d1-6e8c-4f54-b6a5-0303a4310d35 (Data {pct : 18, mode : file})
02-21 00:43:40.300 19652 19652 D WM-SystemFgDispatcher: Notifying with (id:8246, workSpecId: 8a93b0d1-6e8c-4f54-b6a5-0303a4310d35, notificationType :1)
02-21 00:43:40.305 19652 19672 I WM-Processor: Moving WorkSpec (8a93b0d1-6e8c-4f54-b6a5-0303a4310d35) to the foreground
02-21 00:43:40.309 19652 19672 D WM-WorkProgressUpdater: Updating progress for 8a93b0d1-6e8c-4f54-b6a5-0303a4310d35 (Data {pct : 21, mode : file})
02-21 00:43:40.310 19652 19652 D WM-SystemFgDispatcher: Notifying with (id:8246, workSpecId: 8a93b0d1-6e8c-4f54-b6a5-0303a4310d35, notificationType :1)
02-21 00:43:40.311 19652 19672 I WM-Processor: Moving WorkSpec (8a93b0d1-6e8c-4f54-b6a5-0303a4310d35) to the foreground
02-21 00:43:40.314 19652 19673 D WM-WorkProgressUpdater: Updating progress for 8a93b0d1-6e8c-4f54-b6a5-0303a4310d35 (Data {pct : 24, mode : file})
02-21 00:43:40.314 19652 19652 D WM-SystemFgDispatcher: Notifying with (id:8246, workSpecId: 8a93b0d1-6e8c-4f54-b6a5-0303a4310d35, notificationType :1)
02-21 00:43:40.315 19652 19673 I WM-Processor: Moving WorkSpec (8a93b0d1-6e8c-4f54-b6a5-0303a4310d35) to the foreground
02-21 00:43:40.318 19652 19652 D WM-SystemFgDispatcher: Notifying with (id:8246, workSpecId: 8a93b0d1-6e8c-4f54-b6a5-0303a4310d35, notificationType :1)
02-21 00:43:40.321 19652 19673 D WM-WorkProgressUpdater: Updating progress for 8a93b0d1-6e8c-4f54-b6a5-0303a4310d35 (Data {pct : 27, mode : file})
02-21 00:43:40.325 19652 19673 I WM-Processor: Moving WorkSpec (8a93b0d1-6e8c-4f54-b6a5-0303a4310d35) to the foreground
02-21 00:43:40.326 19652 19652 D WM-SystemFgDispatcher: Notifying with (id:8246, workSpecId: 8a93b0d1-6e8c-4f54-b6a5-0303a4310d35, notificationType :1)
02-21 00:43:40.327 19652 19667 D RuntimeLogStore: openWriter: rotate:plain_snapshot:app_start -> /data/user/0/com.negi.survey/files/diagnostics/runtime_logs/rtlog_20260221_084340_326_pid19652_seq2.log (bytes=0 format=LEGACY)
02-21 00:43:40.328 19652 19669 D WM-WorkProgressUpdater: Updating progress for 8a93b0d1-6e8c-4f54-b6a5-0303a4310d35 (Data {pct : 30, mode : file})
02-21 00:43:40.329 19652 19669 I WM-Processor: Moving WorkSpec (8a93b0d1-6e8c-4f54-b6a5-0303a4310d35) to the foreground
02-21 00:43:40.331 19652 19667 D RuntimeLogStore: retention: rotate:plain_snapshot:app_start files=3 kept=3 totalBytes=24679
02-21 00:43:40.332 19652 19669 D WM-WorkProgressUpdater: Updating progress for 8a93b0d1-6e8c-4f54-b6a5-0303a4310d35 (Data {pct : 33, mode : file})
02-21 00:43:40.333 19652 19669 I WM-Processor: Moving WorkSpec (8a93b0d1-6e8c-4f54-b6a5-0303a4310d35) to the foreground
02-21 00:43:40.334 19652 19652 D WM-SystemFgDispatcher: Notifying with (id:8246, workSpecId: 8a93b0d1-6e8c-4f54-b6a5-0303a4310d35, notificationType :1)
02-21 00:43:40.336 19652 19652 D WM-SystemFgDispatcher: Notifying with (id:8246, workSpecId: 8a93b0d1-6e8c-4f54-b6a5-0303a4310d35, notificationType :1)
02-21 00:43:40.341 19652 19717 D github_upload: doRuntimeLogsUpload: remoteBaseDir=diagnostics/runtime_logs/2026-02-21/runtime_logs_20260221_004340_pid19652_app_start toUpload=3 bytes=25815 dedupe=true deleteSource=true deletedSourcePre=0 preview='plain_logs_manifest_20260221_084340_334_pid19652_app_start.json|runtime_log_20260221_084340_334_pid19652_app_start__rtlog_20260221_084338_259_pid19652_seq1.log|runtime_log_20260221_084340_334_pid19652_app_start__rtlog_20260221_083630_424_pid18948_seq2.log'
02-21 00:43:40.343 19652 19671 D WM-WorkProgressUpdater: Updating progress for 8a93b0d1-6e8c-4f54-b6a5-0303a4310d35 (Data {pct : 36, mode : file})
02-21 00:43:40.344 19652 19671 I WM-Processor: Moving WorkSpec (8a93b0d1-6e8c-4f54-b6a5-0303a4310d35) to the foreground
02-21 00:43:40.345 19652 19673 D WM-WorkProgressUpdater: Updating progress for 8a93b0d1-6e8c-4f54-b6a5-0303a4310d35 (Data {pct : 39, mode : file})
02-21 00:43:40.345 19652 19652 D WM-SystemFgDispatcher: Notifying with (id:8246, workSpecId: 8a93b0d1-6e8c-4f54-b6a5-0303a4310d35, notificationType :1)
02-21 00:43:40.347 19652 19673 I WM-Processor: Moving WorkSpec (8a93b0d1-6e8c-4f54-b6a5-0303a4310d35) to the foreground
02-21 00:43:40.349 19652 19652 D WM-SystemFgDispatcher: Notifying with (id:8246, workSpecId: 8a93b0d1-6e8c-4f54-b6a5-0303a4310d35, notificationType :1)
02-21 00:43:40.349 19652 19673 D WM-WorkProgressUpdater: Updating progress for 8a93b0d1-6e8c-4f54-b6a5-0303a4310d35 (Data {pct : 42, mode : file})
02-21 00:43:40.349 19652 19717 D GitHubUploader: uploadStream: owner=ishizuki-tech repo=SurveyExports branch=main path=diagnostics/runtime_logs/2026-02-21/runtime_logs_20260221_004340_pid19652_app_start/plain_logs_manifest_20260221_084340_334_pid19652_app_start.json size=1458 maxRawBytesHint=1000000 maxRequestBytesHint=2800000
02-21 00:43:40.353 19652 19671 I WM-Processor: Moving WorkSpec (8a93b0d1-6e8c-4f54-b6a5-0303a4310d35) to the foreground
02-21 00:43:40.356 19652 19652 D WM-SystemFgDispatcher: Notifying with (id:8246, workSpecId: 8a93b0d1-6e8c-4f54-b6a5-0303a4310d35, notificationType :1)
02-21 00:43:40.357 19652 19671 D WM-WorkProgressUpdater: Updating progress for 8a93b0d1-6e8c-4f54-b6a5-0303a4310d35 (Data {pct : 45, mode : file})
02-21 00:43:40.361 19652 19671 I WM-Processor: Moving WorkSpec (8a93b0d1-6e8c-4f54-b6a5-0303a4310d35) to the foreground
02-21 00:43:40.364 19652 19652 D WM-SystemFgDispatcher: Notifying with (id:8246, workSpecId: 8a93b0d1-6e8c-4f54-b6a5-0303a4310d35, notificationType :1)
02-21 00:43:40.365 19652 19671 D WM-WorkProgressUpdater: Updating progress for 8a93b0d1-6e8c-4f54-b6a5-0303a4310d35 (Data {pct : 48, mode : file})
02-21 00:43:40.366 19652 19671 I WM-Processor: Moving WorkSpec (8a93b0d1-6e8c-4f54-b6a5-0303a4310d35) to the foreground
02-21 00:43:40.367 19652 19671 D WM-WorkProgressUpdater: Updating progress for 8a93b0d1-6e8c-4f54-b6a5-0303a4310d35 (Data {pct : 51, mode : file})
02-21 00:43:40.368 19652 19652 D WM-SystemFgDispatcher: Notifying with (id:8246, workSpecId: 8a93b0d1-6e8c-4f54-b6a5-0303a4310d35, notificationType :1)
02-21 00:43:40.369 19652 19671 I WM-Processor: Moving WorkSpec (8a93b0d1-6e8c-4f54-b6a5-0303a4310d35) to the foreground
02-21 00:43:40.372 19652 19652 D WM-SystemFgDispatcher: Notifying with (id:8246, workSpecId: 8a93b0d1-6e8c-4f54-b6a5-0303a4310d35, notificationType :1)
02-21 00:43:40.373 19652 19671 D WM-WorkProgressUpdater: Updating progress for 8a93b0d1-6e8c-4f54-b6a5-0303a4310d35 (Data {pct : 54, mode : file})
02-21 00:43:40.373 19652 19671 I WM-Processor: Moving WorkSpec (8a93b0d1-6e8c-4f54-b6a5-0303a4310d35) to the foreground
02-21 00:43:40.375 19652 19652 D WM-SystemFgDispatcher: Notifying with (id:8246, workSpecId: 8a93b0d1-6e8c-4f54-b6a5-0303a4310d35, notificationType :1)
02-21 00:43:40.375 19652 19671 D WM-WorkProgressUpdater: Updating progress for 8a93b0d1-6e8c-4f54-b6a5-0303a4310d35 (Data {pct : 57, mode : file})
02-21 00:43:40.377 19652 19671 I WM-Processor: Moving WorkSpec (8a93b0d1-6e8c-4f54-b6a5-0303a4310d35) to the foreground
02-21 00:43:40.378 19652 19652 D WM-SystemFgDispatcher: Notifying with (id:8246, workSpecId: 8a93b0d1-6e8c-4f54-b6a5-0303a4310d35, notificationType :1)
02-21 00:43:40.378 19652 19671 D WM-WorkProgressUpdater: Updating progress for 8a93b0d1-6e8c-4f54-b6a5-0303a4310d35 (Data {pct : 60, mode : file})
02-21 00:43:40.382 19652 19671 I WM-Processor: Moving WorkSpec (8a93b0d1-6e8c-4f54-b6a5-0303a4310d35) to the foreground
02-21 00:43:40.384 19652 19669 D WM-WorkProgressUpdater: Updating progress for 8a93b0d1-6e8c-4f54-b6a5-0303a4310d35 (Data {pct : 63, mode : file})
02-21 00:43:40.384 19652 19652 D WM-SystemFgDispatcher: Notifying with (id:8246, workSpecId: 8a93b0d1-6e8c-4f54-b6a5-0303a4310d35, notificationType :1)
02-21 00:43:40.387 19652 19669 I WM-Processor: Moving WorkSpec (8a93b0d1-6e8c-4f54-b6a5-0303a4310d35) to the foreground
02-21 00:43:40.393 19652 19652 D WM-SystemFgDispatcher: Notifying with (id:8246, workSpecId: 8a93b0d1-6e8c-4f54-b6a5-0303a4310d35, notificationType :1)
02-21 00:43:40.393 19652 19669 D WM-WorkProgressUpdater: Updating progress for 8a93b0d1-6e8c-4f54-b6a5-0303a4310d35 (Data {pct : 66, mode : file})
02-21 00:43:40.394 19652 19669 I WM-Processor: Moving WorkSpec (8a93b0d1-6e8c-4f54-b6a5-0303a4310d35) to the foreground
02-21 00:43:40.396 19652 19669 D WM-WorkProgressUpdater: Updating progress for 8a93b0d1-6e8c-4f54-b6a5-0303a4310d35 (Data {pct : 69, mode : file})
02-21 00:43:40.398 19652 19652 D WM-SystemFgDispatcher: Notifying with (id:8246, workSpecId: 8a93b0d1-6e8c-4f54-b6a5-0303a4310d35, notificationType :1)
02-21 00:43:40.400 19652 19669 I WM-Processor: Moving WorkSpec (8a93b0d1-6e8c-4f54-b6a5-0303a4310d35) to the foreground
02-21 00:43:40.404 19652 19652 D WM-SystemFgDispatcher: Notifying with (id:8246, workSpecId: 8a93b0d1-6e8c-4f54-b6a5-0303a4310d35, notificationType :1)
02-21 00:43:40.405 19652 19669 D WM-WorkProgressUpdater: Updating progress for 8a93b0d1-6e8c-4f54-b6a5-0303a4310d35 (Data {pct : 72, mode : file})
02-21 00:43:40.412 19652 19669 I WM-Processor: Moving WorkSpec (8a93b0d1-6e8c-4f54-b6a5-0303a4310d35) to the foreground
02-21 00:43:40.422 19652 19652 D WM-SystemFgDispatcher: Notifying with (id:8246, workSpecId: 8a93b0d1-6e8c-4f54-b6a5-0303a4310d35, notificationType :1)
02-21 00:43:40.424 19652 19671 D WM-WorkProgressUpdater: Updating progress for 8a93b0d1-6e8c-4f54-b6a5-0303a4310d35 (Data {pct : 75, mode : file})
02-21 00:43:40.427 19652 19672 I WM-Processor: Moving WorkSpec (8a93b0d1-6e8c-4f54-b6a5-0303a4310d35) to the foreground
02-21 00:43:40.428 19652 19652 D WM-SystemFgDispatcher: Notifying with (id:8246, workSpecId: 8a93b0d1-6e8c-4f54-b6a5-0303a4310d35, notificationType :1)
02-21 00:43:40.428 19652 19673 D WM-WorkProgressUpdater: Updating progress for 8a93b0d1-6e8c-4f54-b6a5-0303a4310d35 (Data {pct : 78, mode : file})
02-21 00:43:40.430 19652 19669 I WM-Processor: Moving WorkSpec (8a93b0d1-6e8c-4f54-b6a5-0303a4310d35) to the foreground
02-21 00:43:40.431 19652 19652 D WM-SystemFgDispatcher: Notifying with (id:8246, workSpecId: 8a93b0d1-6e8c-4f54-b6a5-0303a4310d35, notificationType :1)
02-21 00:43:40.433 19652 19669 D WM-WorkProgressUpdater: Updating progress for 8a93b0d1-6e8c-4f54-b6a5-0303a4310d35 (Data {pct : 81, mode : file})
02-21 00:43:40.435 19652 19672 I WM-Processor: Moving WorkSpec (8a93b0d1-6e8c-4f54-b6a5-0303a4310d35) to the foreground
02-21 00:43:40.439 19652 19652 D WM-SystemFgDispatcher: Notifying with (id:8246, workSpecId: 8a93b0d1-6e8c-4f54-b6a5-0303a4310d35, notificationType :1)
02-21 00:43:40.440 19652 19672 D WM-WorkProgressUpdater: Updating progress for 8a93b0d1-6e8c-4f54-b6a5-0303a4310d35 (Data {pct : 84, mode : file})
02-21 00:43:40.450 19652 19672 I WM-Processor: Moving WorkSpec (8a93b0d1-6e8c-4f54-b6a5-0303a4310d35) to the foreground
02-21 00:43:40.452 19652 19652 D WM-SystemFgDispatcher: Notifying with (id:8246, workSpecId: 8a93b0d1-6e8c-4f54-b6a5-0303a4310d35, notificationType :1)
02-21 00:43:40.454 19652 19672 D WM-WorkProgressUpdater: Updating progress for 8a93b0d1-6e8c-4f54-b6a5-0303a4310d35 (Data {pct : 87, mode : file})
02-21 00:43:40.462 19652 19672 I WM-Processor: Moving WorkSpec (8a93b0d1-6e8c-4f54-b6a5-0303a4310d35) to the foreground
02-21 00:43:40.466 19652 19671 D WM-WorkProgressUpdater: Updating progress for 8a93b0d1-6e8c-4f54-b6a5-0303a4310d35 (Data {pct : 90, mode : file})
02-21 00:43:40.468 19652 19652 D WM-SystemFgDispatcher: Notifying with (id:8246, workSpecId: 8a93b0d1-6e8c-4f54-b6a5-0303a4310d35, notificationType :1)
02-21 00:43:40.468 19652 19671 I WM-Processor: Moving WorkSpec (8a93b0d1-6e8c-4f54-b6a5-0303a4310d35) to the foreground
02-21 00:43:40.470 19652 19652 D WM-SystemFgDispatcher: Notifying with (id:8246, workSpecId: 8a93b0d1-6e8c-4f54-b6a5-0303a4310d35, notificationType :1)
02-21 00:43:40.472 19652 19671 D WM-WorkProgressUpdater: Updating progress for c7f534c3-d6fb-4a92-ad5d-87ef89c1bbb5 (Data {pct : 10, mode : file})
02-21 00:43:40.475 19652 19671 I WM-Processor: Moving WorkSpec (c7f534c3-d6fb-4a92-ad5d-87ef89c1bbb5) to the foreground
02-21 00:43:40.481 19652 19652 D WM-SystemFgDispatcher: Notifying with (id:7736, workSpecId: c7f534c3-d6fb-4a92-ad5d-87ef89c1bbb5, notificationType :1)
02-21 00:43:40.483 19652 19671 D WM-WorkProgressUpdater: Updating progress for c7f534c3-d6fb-4a92-ad5d-87ef89c1bbb5 (Data {pct : 13, mode : file})
02-21 00:43:40.486 19652 19671 I WM-Processor: Moving WorkSpec (c7f534c3-d6fb-4a92-ad5d-87ef89c1bbb5) to the foreground
02-21 00:43:40.487 19652 19652 D WM-SystemFgDispatcher: Notifying with (id:7736, workSpecId: c7f534c3-d6fb-4a92-ad5d-87ef89c1bbb5, notificationType :1)
02-21 00:43:40.488 19652 19671 D WM-WorkProgressUpdater: Updating progress for c7f534c3-d6fb-4a92-ad5d-87ef89c1bbb5 (Data {pct : 17, mode : file})
02-21 00:43:40.489 19652 19669 I WM-Processor: Moving WorkSpec (c7f534c3-d6fb-4a92-ad5d-87ef89c1bbb5) to the foreground
02-21 00:43:40.491 19652 19652 D WM-SystemFgDispatcher: Notifying with (id:7736, workSpecId: c7f534c3-d6fb-4a92-ad5d-87ef89c1bbb5, notificationType :1)
02-21 00:43:40.492 19652 19669 D WM-WorkProgressUpdater: Updating progress for c7f534c3-d6fb-4a92-ad5d-87ef89c1bbb5 (Data {pct : 21, mode : file})
02-21 00:43:40.503 19652 19669 I WM-Processor: Moving WorkSpec (c7f534c3-d6fb-4a92-ad5d-87ef89c1bbb5) to the foreground
02-21 00:43:40.505 19652 19652 D WM-SystemFgDispatcher: Notifying with (id:7736, workSpecId: c7f534c3-d6fb-4a92-ad5d-87ef89c1bbb5, notificationType :1)
02-21 00:43:40.506 19652 19669 D WM-WorkProgressUpdater: Updating progress for c7f534c3-d6fb-4a92-ad5d-87ef89c1bbb5 (Data {pct : 25, mode : file})
02-21 00:43:40.507 19652 19669 I WM-Processor: Moving WorkSpec (c7f534c3-d6fb-4a92-ad5d-87ef89c1bbb5) to the foreground
02-21 00:43:40.508 19652 19652 D WM-SystemFgDispatcher: Notifying with (id:7736, workSpecId: c7f534c3-d6fb-4a92-ad5d-87ef89c1bbb5, notificationType :1)
02-21 00:43:40.508 19652 19672 D WM-WorkProgressUpdater: Updating progress for c7f534c3-d6fb-4a92-ad5d-87ef89c1bbb5 (Data {pct : 29, mode : file})
02-21 00:43:40.510 19652 19672 I WM-Processor: Moving WorkSpec (c7f534c3-d6fb-4a92-ad5d-87ef89c1bbb5) to the foreground
02-21 00:43:40.510 19652 19672 D WM-WorkProgressUpdater: Updating progress for c7f534c3-d6fb-4a92-ad5d-87ef89c1bbb5 (Data {pct : 33, mode : file})
02-21 00:43:40.511 19652 19672 I WM-Processor: Moving WorkSpec (c7f534c3-d6fb-4a92-ad5d-87ef89c1bbb5) to the foreground
02-21 00:43:40.511 19652 19652 D WM-SystemFgDispatcher: Notifying with (id:7736, workSpecId: c7f534c3-d6fb-4a92-ad5d-87ef89c1bbb5, notificationType :1)
02-21 00:43:40.512 19652 19672 D WM-WorkProgressUpdater: Updating progress for c7f534c3-d6fb-4a92-ad5d-87ef89c1bbb5 (Data {pct : 37, mode : file})
02-21 00:43:40.514 19652 19672 I WM-Processor: Moving WorkSpec (c7f534c3-d6fb-4a92-ad5d-87ef89c1bbb5) to the foreground
02-21 00:43:40.514 19652 19652 D WM-SystemFgDispatcher: Notifying with (id:7736, workSpecId: c7f534c3-d6fb-4a92-ad5d-87ef89c1bbb5, notificationType :1)
02-21 00:43:40.519 19652 19672 D WM-WorkProgressUpdater: Updating progress for c7f534c3-d6fb-4a92-ad5d-87ef89c1bbb5 (Data {pct : 41, mode : file})
02-21 00:43:40.519 19652 19652 D WM-SystemFgDispatcher: Notifying with (id:7736, workSpecId: c7f534c3-d6fb-4a92-ad5d-87ef89c1bbb5, notificationType :1)
02-21 00:43:40.521 19652 19672 I WM-Processor: Moving WorkSpec (c7f534c3-d6fb-4a92-ad5d-87ef89c1bbb5) to the foreground
02-21 00:43:40.526 19652 19652 D WM-SystemFgDispatcher: Notifying with (id:7736, workSpecId: c7f534c3-d6fb-4a92-ad5d-87ef89c1bbb5, notificationType :1)
02-21 00:43:40.526 19652 19672 D WM-WorkProgressUpdater: Updating progress for c7f534c3-d6fb-4a92-ad5d-87ef89c1bbb5 (Data {pct : 45, mode : file})
02-21 00:43:40.529 19652 19672 I WM-Processor: Moving WorkSpec (c7f534c3-d6fb-4a92-ad5d-87ef89c1bbb5) to the foreground
02-21 00:43:40.532 19652 19652 D WM-SystemFgDispatcher: Notifying with (id:7736, workSpecId: c7f534c3-d6fb-4a92-ad5d-87ef89c1bbb5, notificationType :1)
02-21 00:43:40.536 19652 19672 D WM-WorkProgressUpdater: Updating progress for c7f534c3-d6fb-4a92-ad5d-87ef89c1bbb5 (Data {pct : 49, mode : file})
02-21 00:43:40.543 19652 19673 I WM-Processor: Moving WorkSpec (c7f534c3-d6fb-4a92-ad5d-87ef89c1bbb5) to the foreground
02-21 00:43:40.546 19652 19652 D WM-SystemFgDispatcher: Notifying with (id:7736, workSpecId: c7f534c3-d6fb-4a92-ad5d-87ef89c1bbb5, notificationType :1)
02-21 00:43:40.546 19652 19673 D WM-WorkProgressUpdater: Updating progress for c7f534c3-d6fb-4a92-ad5d-87ef89c1bbb5 (Data {pct : 53, mode : file})
02-21 00:43:40.548 19652 19673 I WM-Processor: Moving WorkSpec (c7f534c3-d6fb-4a92-ad5d-87ef89c1bbb5) to the foreground
02-21 00:43:40.549 19652 19652 D WM-SystemFgDispatcher: Notifying with (id:7736, workSpecId: c7f534c3-d6fb-4a92-ad5d-87ef89c1bbb5, notificationType :1)
02-21 00:43:40.550 19652 19673 D WM-WorkProgressUpdater: Updating progress for c7f534c3-d6fb-4a92-ad5d-87ef89c1bbb5 (Data {pct : 56, mode : file})
02-21 00:43:40.552 19652 19669 I WM-Processor: Moving WorkSpec (c7f534c3-d6fb-4a92-ad5d-87ef89c1bbb5) to the foreground
02-21 00:43:40.555 19652 19652 D WM-SystemFgDispatcher: Notifying with (id:7736, workSpecId: c7f534c3-d6fb-4a92-ad5d-87ef89c1bbb5, notificationType :1)
02-21 00:43:40.557 19652 19669 D WM-WorkProgressUpdater: Updating progress for c7f534c3-d6fb-4a92-ad5d-87ef89c1bbb5 (Data {pct : 60, mode : file})
02-21 00:43:40.558 19652 19669 I WM-Processor: Moving WorkSpec (c7f534c3-d6fb-4a92-ad5d-87ef89c1bbb5) to the foreground
02-21 00:43:40.559 19652 19652 D WM-SystemFgDispatcher: Notifying with (id:7736, workSpecId: c7f534c3-d6fb-4a92-ad5d-87ef89c1bbb5, notificationType :1)
02-21 00:43:40.560 19652 19669 D WM-WorkProgressUpdater: Updating progress for c7f534c3-d6fb-4a92-ad5d-87ef89c1bbb5 (Data {pct : 64, mode : file})
02-21 00:43:40.561 19652 19669 I WM-Processor: Moving WorkSpec (c7f534c3-d6fb-4a92-ad5d-87ef89c1bbb5) to the foreground
02-21 00:43:40.563 19652 19652 D WM-SystemFgDispatcher: Notifying with (id:7736, workSpecId: c7f534c3-d6fb-4a92-ad5d-87ef89c1bbb5, notificationType :1)
02-21 00:43:40.564 19652 19669 D WM-WorkProgressUpdater: Updating progress for c7f534c3-d6fb-4a92-ad5d-87ef89c1bbb5 (Data {pct : 68, mode : file})
02-21 00:43:40.565 19652 19669 I WM-Processor: Moving WorkSpec (c7f534c3-d6fb-4a92-ad5d-87ef89c1bbb5) to the foreground
02-21 00:43:40.568 19652 19671 D WM-WorkProgressUpdater: Updating progress for c7f534c3-d6fb-4a92-ad5d-87ef89c1bbb5 (Data {pct : 72, mode : file})
02-21 00:43:40.569 19652 19671 I WM-Processor: Moving WorkSpec (c7f534c3-d6fb-4a92-ad5d-87ef89c1bbb5) to the foreground
02-21 00:43:40.570 19652 19671 D WM-WorkProgressUpdater: Updating progress for c7f534c3-d6fb-4a92-ad5d-87ef89c1bbb5 (Data {pct : 76, mode : file})
02-21 00:43:40.571 19652 19671 I WM-Processor: Moving WorkSpec (c7f534c3-d6fb-4a92-ad5d-87ef89c1bbb5) to the foreground
02-21 00:43:40.572 19652 19652 D WM-SystemFgDispatcher: Notifying with (id:7736, workSpecId: c7f534c3-d6fb-4a92-ad5d-87ef89c1bbb5, notificationType :1)
02-21 00:43:40.572 19652 19652 W NotificationManager: Shedding notify (update) of NotificationKey[user=UserHandle{0}, pkg=com.negi.survey, tag=null, id=7736], rate limit (5.0) exceeded: input 223.26215, output would be 5.15108
02-21 00:43:40.573 19652 19671 D WM-WorkProgressUpdater: Updating progress for c7f534c3-d6fb-4a92-ad5d-87ef89c1bbb5 (Data {pct : 80, mode : file})
02-21 00:43:40.574 19652 19652 D WM-SystemFgDispatcher: Notifying with (id:7736, workSpecId: c7f534c3-d6fb-4a92-ad5d-87ef89c1bbb5, notificationType :1)
02-21 00:43:40.574 19652 19671 I WM-Processor: Moving WorkSpec (c7f534c3-d6fb-4a92-ad5d-87ef89c1bbb5) to the foreground
02-21 00:43:40.576 19652 19671 D WM-WorkProgressUpdater: Updating progress for c7f534c3-d6fb-4a92-ad5d-87ef89c1bbb5 (Data {pct : 84, mode : file})
02-21 00:43:40.577 19652 19652 D WM-SystemFgDispatcher: Notifying with (id:7736, workSpecId: c7f534c3-d6fb-4a92-ad5d-87ef89c1bbb5, notificationType :1)
02-21 00:43:40.577 19652 19652 D WM-SystemFgDispatcher: Notifying with (id:7736, workSpecId: c7f534c3-d6fb-4a92-ad5d-87ef89c1bbb5, notificationType :1)
02-21 00:43:40.578 19652 19671 I WM-Processor: Moving WorkSpec (c7f534c3-d6fb-4a92-ad5d-87ef89c1bbb5) to the foreground
02-21 00:43:40.579 19652 19671 D WM-WorkProgressUpdater: Updating progress for c7f534c3-d6fb-4a92-ad5d-87ef89c1bbb5 (Data {pct : 88, mode : file})
02-21 00:43:40.580 19652 19671 I WM-Processor: Moving WorkSpec (c7f534c3-d6fb-4a92-ad5d-87ef89c1bbb5) to the foreground
02-21 00:43:40.581 19652 19671 D WM-WorkProgressUpdater: Updating progress for c7f534c3-d6fb-4a92-ad5d-87ef89c1bbb5 (Data {pct : 90, mode : file})
02-21 00:43:40.582 19652 19671 I WM-Processor: Moving WorkSpec (c7f534c3-d6fb-4a92-ad5d-87ef89c1bbb5) to the foreground
02-21 00:43:40.583 19652 19652 D WM-SystemFgDispatcher: Notifying with (id:7736, workSpecId: c7f534c3-d6fb-4a92-ad5d-87ef89c1bbb5, notificationType :1)
02-21 00:43:40.588 19652 19652 D WM-SystemFgDispatcher: Notifying with (id:7736, workSpecId: c7f534c3-d6fb-4a92-ad5d-87ef89c1bbb5, notificationType :1)
02-21 00:43:40.589 19652 19652 D WM-SystemFgDispatcher: Notifying with (id:7736, workSpecId: c7f534c3-d6fb-4a92-ad5d-87ef89c1bbb5, notificationType :1)
02-21 00:43:40.591 19652 19652 D WM-WorkerWrapper: Starting work for com.negi.survey.net.GitHubUploadWorker
02-21 00:43:40.591 19652 19652 D WM-WorkerWrapper: Starting work for com.negi.survey.net.GitHubUploadWorker
02-21 00:43:40.591 19652 19652 D WM-WorkerWrapper: Starting work for com.negi.survey.net.GitHubUploadWorker
02-21 00:43:40.592 19652 19652 D WM-WorkerWrapper: Starting work for com.negi.survey.net.GitHubUploadWorker
02-21 00:43:40.592 19652 19652 D WM-WorkerWrapper: Starting work for com.negi.survey.net.GitHubUploadWorker
02-21 00:43:40.598 19652 19652 D WM-WorkerWrapper: Starting work for com.negi.survey.net.GitHubUploadWorker
02-21 00:43:40.611 19652 19652 D WM-WorkerWrapper: Starting work for com.negi.survey.net.GitHubUploadWorker
02-21 00:43:40.612 19652 19731 D GitHubUploader: uploadStream: done url=https://github.com/ishizuki-tech/SurveyExports/blob/main/diagnostics/crash/2026-02-21/crash_20260221_051513_pid7513_tid7513_u173106.log sha=477cd1f4301d5b54f67f5a1b0d2a9852c9077a12
02-21 00:43:40.613 19652 19652 D WM-WorkerWrapper: Starting work for com.negi.survey.net.GitHubUploadWorker
02-21 00:43:40.614 19652 19652 D WM-WorkerWrapper: Starting work for com.negi.survey.net.GitHubUploadWorker
02-21 00:43:40.615 19652 19652 D WM-WorkerWrapper: Starting work for com.negi.survey.net.GitHubUploadWorker
02-21 00:43:40.615 19652 19652 D WM-WorkerWrapper: Starting work for com.negi.survey.net.GitHubUploadWorker
02-21 00:43:40.618 19652 19669 D WM-WorkProgressUpdater: Updating progress for 1b201653-fedb-4f17-b0e5-80ab0ca37b31 (Data {pct : 95, mode : file})
02-21 00:43:40.620 19652 19669 I WM-Processor: Moving WorkSpec (1b201653-fedb-4f17-b0e5-80ab0ca37b31) to the foreground
02-21 00:43:40.621 19652 19669 I WM-Processor: Moving WorkSpec (1b201653-fedb-4f17-b0e5-80ab0ca37b31) to the foreground
02-21 00:43:40.623 19652 19669 I WM-WorkerWrapper: Worker result SUCCESS for Work [ id=1b201653-fedb-4f17-b0e5-80ab0ca37b31, tags={ com.negi.survey.net.GitHubUploadWorker,github_upload,github_upload:crash:diagnostics_crash_crash_20260221_034328_pid1338_tid1338_u668369.log.gz } ]
02-21 00:43:40.624 19652 19669 D WM-WorkProgressUpdater: Updating progress for 8930edce-e516-486f-a2e6-10a09285f512 (Data {pct : 10, mode : startup_runtime_logs})
02-21 00:43:40.625 19652 19669 I WM-Processor: Moving WorkSpec (8930edce-e516-486f-a2e6-10a09285f512) to the foreground
02-21 00:43:40.626 19652 19669 D WM-WorkProgressUpdater: Updating progress for 8930edce-e516-486f-a2e6-10a09285f512 (Data {pct : 12, mode : startup_runtime_logs})
02-21 00:43:40.626 19652 19669 I WM-Processor: Moving WorkSpec (8930edce-e516-486f-a2e6-10a09285f512) to the foreground
02-21 00:43:40.629 19652 19669 D WM-WorkProgressUpdater: Updating progress for 8930edce-e516-486f-a2e6-10a09285f512 (Data {pct : 33, mode : startup_runtime_logs})
02-21 00:43:40.629 19652 19652 D WM-SystemFgDispatcher: Notifying with (id:3954, workSpecId: 1b201653-fedb-4f17-b0e5-80ab0ca37b31, notificationType :1)
02-21 00:43:40.631 19652 19671 I WM-Processor: Moving WorkSpec (8930edce-e516-486f-a2e6-10a09285f512) to the foreground
02-21 00:43:40.633 19652 19652 D WM-SystemFgDispatcher: Notifying with (id:3954, workSpecId: 1b201653-fedb-4f17-b0e5-80ab0ca37b31, notificationType :1)
02-21 00:43:40.634 19652 19652 D WM-Processor: Processor 1b201653-fedb-4f17-b0e5-80ab0ca37b31 executed; reschedule = false
02-21 00:43:40.635 19652 19652 D WM-GreedyScheduler: Stopping tracking for WorkGenerationalId(workSpecId=1b201653-fedb-4f17-b0e5-80ab0ca37b31, generation=0)
02-21 00:43:40.635 19652 19652 D WM-SystemJobService: 1b201653-fedb-4f17-b0e5-80ab0ca37b31 executed on JobScheduler
02-21 00:43:40.635 19652 19652 D WM-SystemFgDispatcher: Removing Notification (id: 3954, workSpecId: WorkGenerationalId(workSpecId=1b201653-fedb-4f17-b0e5-80ab0ca37b31, generation=0), notificationType: 1
02-21 00:43:40.635 19652 19671 I WM-Processor: Moving WorkSpec (ec5221f7-baa1-4872-a4dc-3ea8ed6eba60) to the foreground
02-21 00:43:40.635 19652 19652 D WM-SystemFgDispatcher: Notifying with (id:4296, workSpecId: 8930edce-e516-486f-a2e6-10a09285f512, notificationType :1)
02-21 00:43:40.636 19652 19652 D WM-SystemFgDispatcher: Notifying with (id:4296, workSpecId: 8930edce-e516-486f-a2e6-10a09285f512, notificationType :1)
02-21 00:43:40.638 19652 19652 D WM-SystemFgDispatcher: Notifying with (id:4296, workSpecId: 8930edce-e516-486f-a2e6-10a09285f512, notificationType :1)
02-21 00:43:40.640 19652 19671 I WM-Processor: Moving WorkSpec (f018429e-1223-4c1e-ba9b-9b0c29c14888) to the foreground
02-21 00:43:40.642 19652 19738 D GitHubUploader: uploadStream: owner=ishizuki-tech repo=SurveyExports branch=main path=diagnostics/crash/2026-02-21/prevlog_20260221_033556_pid32171.log.gz size=4200 maxRawBytesHint=1000000 maxRequestBytesHint=2800000
02-21 00:43:40.651 19652 19652 I WM-SystemFgDispatcher: Started foreground service Intent { act=ACTION_START_FOREGROUND xflg=0x4 cmp=com.negi.survey/androidx.work.impl.foreground.SystemForegroundService (has extras) }
02-21 00:43:40.651 19652 19652 D WM-SystemFgDispatcher: Notifying with (id:3957, workSpecId: ec5221f7-baa1-4872-a4dc-3ea8ed6eba60, notificationType :1)
02-21 00:43:40.654 19652 19652 D WM-SystemFgDispatcher: Notifying with (id:3957, workSpecId: ec5221f7-baa1-4872-a4dc-3ea8ed6eba60, notificationType :1)
02-21 00:43:40.655 19652 19652 I WM-SystemFgDispatcher: Started foreground service Intent { act=ACTION_START_FOREGROUND xflg=0x4 cmp=com.negi.survey/androidx.work.impl.foreground.SystemForegroundService (has extras) }
02-21 00:43:40.655 19652 19652 D WM-SystemFgDispatcher: Notifying with (id:6405, workSpecId: f018429e-1223-4c1e-ba9b-9b0c29c14888, notificationType :1)
02-21 00:43:40.655 19652 19727 D GitHubUploader: uploadStream: owner=ishizuki-tech repo=SurveyExports branch=main path=diagnostics/crash/2026-02-21/prevlog_20260221_034116_pid1338.log.gz size=4543 maxRawBytesHint=1000000 maxRequestBytesHint=2800000
02-21 00:43:40.656 19652 19652 D WM-SystemFgDispatcher: Notifying with (id:6405, workSpecId: f018429e-1223-4c1e-ba9b-9b0c29c14888, notificationType :1)
02-21 00:43:40.658 19652 19671 I WM-Processor: Moving WorkSpec (484642d0-146c-40f4-b354-2219e40919a5) to the foreground
02-21 00:43:40.666 19652 19671 I WM-Processor: Moving WorkSpec (90d9161b-f710-4895-8e1b-5f8f1d1d90d4) to the foreground
02-21 00:43:40.668 19652 19735 D GitHubUploader: uploadStream: owner=ishizuki-tech repo=SurveyExports branch=main path=diagnostics/crash/2026-02-21/prevlog_20260220_234053_pid25051.log.gz size=2501 maxRawBytesHint=1000000 maxRequestBytesHint=2800000
02-21 00:43:40.669 19652 19652 I WM-SystemFgDispatcher: Started foreground service Intent { act=ACTION_START_FOREGROUND xflg=0x4 cmp=com.negi.survey/androidx.work.impl.foreground.SystemForegroundService (has extras) }
02-21 00:43:40.669 19652 19652 D WM-SystemFgDispatcher: Notifying with (id:6098, workSpecId: 484642d0-146c-40f4-b354-2219e40919a5, notificationType :1)
02-21 00:43:40.676 19652 19652 D WM-SystemFgDispatcher: Notifying with (id:6098, workSpecId: 484642d0-146c-40f4-b354-2219e40919a5, notificationType :1)
02-21 00:43:40.677 19652 19671 I WM-Processor: Moving WorkSpec (bbb7fe96-8806-42c4-8c4a-62acd3a320d2) to the foreground
02-21 00:43:40.680 19652 19671 I WM-Processor: Moving WorkSpec (7f155b7b-05c9-498b-a4c0-9031ddf0df62) to the foreground
02-21 00:43:40.680 19652 19731 D GitHubUploader: uploadStream: owner=ishizuki-tech repo=SurveyExports branch=main path=diagnostics/crash/2026-02-21/prevlog_20260220_234531_pid25496.log.gz size=6911 maxRawBytesHint=1000000 maxRequestBytesHint=2800000
02-21 00:43:40.681 19652 19676 D GitHubUploader: uploadStream: owner=ishizuki-tech repo=SurveyExports branch=main path=diagnostics/crash/2026-02-21/crash_20260221_033645_pid32171_tid32171_u265729.log.gz size=9887 maxRawBytesHint=1000000 maxRequestBytesHint=2800000
02-21 00:43:40.683 19652 19671 D WM-WorkProgressUpdater: Updating progress for 8a93b0d1-6e8c-4f54-b6a5-0303a4310d35 (Data {pct : 95, mode : file})
02-21 00:43:40.684 19652 19706 D GitHubUploader: uploadStream: owner=ishizuki-tech repo=SurveyExports branch=main path=diagnostics/crash/2026-02-21/prevlog_20260221_033155_pid31414.log.gz size=5272 maxRawBytesHint=1000000 maxRequestBytesHint=2800000
02-21 00:43:40.686 19652 19671 I WM-Processor: Moving WorkSpec (8a93b0d1-6e8c-4f54-b6a5-0303a4310d35) to the foreground
02-21 00:43:40.688 19652 19652 I WM-SystemFgDispatcher: Started foreground service Intent { act=ACTION_START_FOREGROUND xflg=0x4 cmp=com.negi.survey/androidx.work.impl.foreground.SystemForegroundService (has extras) }
02-21 00:43:40.688 19652 19652 D WM-SystemFgDispatcher: Notifying with (id:7452, workSpecId: 90d9161b-f710-4895-8e1b-5f8f1d1d90d4, notificationType :1)
02-21 00:43:40.691 19652 19652 D WM-SystemFgDispatcher: Notifying with (id:7452, workSpecId: 90d9161b-f710-4895-8e1b-5f8f1d1d90d4, notificationType :1)
02-21 00:43:40.692 19652 19652 I WM-SystemFgDispatcher: Started foreground service Intent { act=ACTION_START_FOREGROUND xflg=0x4 cmp=com.negi.survey/androidx.work.impl.foreground.SystemForegroundService (has extras) }
02-21 00:43:40.692 19652 19652 D WM-SystemFgDispatcher: Notifying with (id:5417, workSpecId: bbb7fe96-8806-42c4-8c4a-62acd3a320d2, notificationType :1)
02-21 00:43:40.694 19652 19652 D WM-SystemFgDispatcher: Notifying with (id:5417, workSpecId: bbb7fe96-8806-42c4-8c4a-62acd3a320d2, notificationType :1)
02-21 00:43:40.695 19652 19652 I WM-SystemFgDispatcher: Started foreground service Intent { act=ACTION_START_FOREGROUND xflg=0x4 cmp=com.negi.survey/androidx.work.impl.foreground.SystemForegroundService (has extras) }
02-21 00:43:40.695 19652 19652 D WM-SystemFgDispatcher: Notifying with (id:8504, workSpecId: 7f155b7b-05c9-498b-a4c0-9031ddf0df62, notificationType :1)
02-21 00:43:40.695 19652 19671 I WM-Processor: Moving WorkSpec (8a93b0d1-6e8c-4f54-b6a5-0303a4310d35) to the foreground
02-21 00:43:40.700 19652 19671 I WM-WorkerWrapper: Worker result SUCCESS for Work [ id=8a93b0d1-6e8c-4f54-b6a5-0303a4310d35, tags={ com.negi.survey.net.GitHubUploadWorker,github_upload,github_upload:crash:diagnostics_crash_crash_20260221_051513_pid7513_tid7513_u173106.log } ]
02-21 00:43:40.700 19652 19669 I WM-Processor: Moving WorkSpec (4945c95d-79b3-484c-9136-e658f7e838f0) to the foreground
02-21 00:43:40.708 19652 19652 D WM-SystemFgDispatcher: Notifying with (id:8504, workSpecId: 7f155b7b-05c9-498b-a4c0-9031ddf0df62, notificationType :1)
02-21 00:43:40.710 19652 19669 I WM-Processor: Moving WorkSpec (b40c66a9-d772-44c3-a1ca-49a2393a3775) to the foreground
02-21 00:43:40.711 19652 19705 D GitHubUploader: uploadStream: owner=ishizuki-tech repo=SurveyExports branch=main path=diagnostics/crash/2026-02-21/prevlog_20260220_230439_pid23818.log.gz size=8462 maxRawBytesHint=1000000 maxRequestBytesHint=2800000
02-21 00:43:40.714 19652 19652 D WM-SystemFgDispatcher: Notifying with (id:8246, workSpecId: 8a93b0d1-6e8c-4f54-b6a5-0303a4310d35, notificationType :1)
02-21 00:43:40.714 19652 19652 D WM-SystemFgDispatcher: Notifying with (id:8246, workSpecId: 8a93b0d1-6e8c-4f54-b6a5-0303a4310d35, notificationType :1)
02-21 00:43:40.724 19652 19669 I WM-Processor: Moving WorkSpec (123b6181-7f72-4f02-8a76-f8f30a477d8f) to the foreground
02-21 00:43:40.729 19652 19652 D WM-Processor: Processor 8a93b0d1-6e8c-4f54-b6a5-0303a4310d35 executed; reschedule = false
02-21 00:43:40.729 19652 19652 D WM-GreedyScheduler: Stopping tracking for WorkGenerationalId(workSpecId=8a93b0d1-6e8c-4f54-b6a5-0303a4310d35, generation=0)
02-21 00:43:40.729 19652 19736 D GitHubUploader: uploadStream: owner=ishizuki-tech repo=SurveyExports branch=main path=diagnostics/crash/2026-02-21/crash_20260220_230330_pid23391_tid23391_u870607.log.gz size=9438 maxRawBytesHint=1000000 maxRequestBytesHint=2800000
02-21 00:43:40.730 19652 19652 D WM-SystemJobService: 8a93b0d1-6e8c-4f54-b6a5-0303a4310d35 executed on JobScheduler
02-21 00:43:40.730 19652 19652 D WM-SystemFgDispatcher: Removing Notification (id: 8246, workSpecId: WorkGenerationalId(workSpecId=8a93b0d1-6e8c-4f54-b6a5-0303a4310d35, generation=0), notificationType: 1
02-21 00:43:40.730 19652 19652 I WM-SystemFgDispatcher: Started foreground service Intent { act=ACTION_START_FOREGROUND xflg=0x4 cmp=com.negi.survey/androidx.work.impl.foreground.SystemForegroundService (has extras) }
02-21 00:43:40.730 19652 19652 D WM-SystemFgDispatcher: Notifying with (id:9811, workSpecId: 4945c95d-79b3-484c-9136-e658f7e838f0, notificationType :1)
02-21 00:43:40.736 19652 19669 I WM-Processor: Moving WorkSpec (f5110da5-63e9-4d34-a161-2638c45ef216) to the foreground
02-21 00:43:40.737 19652 19724 D GitHubUploader: uploadStream: owner=ishizuki-tech repo=SurveyExports branch=main path=diagnostics/crash/2026-02-21/prevlog_20260220_230136_pid23391.log.gz size=6586 maxRawBytesHint=1000000 maxRequestBytesHint=2800000
02-21 00:43:40.739 19652 19652 D WM-SystemFgDispatcher: Notifying with (id:9811, workSpecId: 4945c95d-79b3-484c-9136-e658f7e838f0, notificationType :1)
02-21 00:43:40.740 19652 19652 I WM-SystemFgDispatcher: Started foreground service Intent { act=ACTION_START_FOREGROUND xflg=0x4 cmp=com.negi.survey/androidx.work.impl.foreground.SystemForegroundService (has extras) }
02-21 00:43:40.740 19652 19652 D WM-SystemFgDispatcher: Notifying with (id:11097, workSpecId: b40c66a9-d772-44c3-a1ca-49a2393a3775, notificationType :1)
02-21 00:43:40.741 19652 19669 I WM-Processor: Moving WorkSpec (8e4e5655-9497-4d56-9b70-eb3f3e54cfbb) to the foreground
02-21 00:43:40.743 19652 19708 D GitHubUploader: uploadStream: owner=ishizuki-tech repo=SurveyExports branch=main path=diagnostics/crash/2026-02-21/prevlog_20260220_225847_pid22984.log.gz size=5937 maxRawBytesHint=1000000 maxRequestBytesHint=2800000
02-21 00:43:40.754 19652 19678 D GitHubUploader: uploadStream: owner=ishizuki-tech repo=SurveyExports branch=main path=diagnostics/crash/2026-02-21/prevlog_20260220_225636_pid22740.log.gz size=3556 maxRawBytesHint=1000000 maxRequestBytesHint=2800000
02-21 00:43:40.755 19652 19652 D WM-SystemFgDispatcher: Notifying with (id:11097, workSpecId: b40c66a9-d772-44c3-a1ca-49a2393a3775, notificationType :1)
02-21 00:43:40.755 19652 19669 D WM-GreedyScheduler: Cancelling work ID 1b201653-fedb-4f17-b0e5-80ab0ca37b31
02-21 00:43:40.756 19652 19652 I WM-SystemFgDispatcher: Started foreground service Intent { act=ACTION_START_FOREGROUND xflg=0x4 cmp=com.negi.survey/androidx.work.impl.foreground.SystemForegroundService (has extras) }
02-21 00:43:40.756 19652 19652 D WM-SystemFgDispatcher: Notifying with (id:4208, workSpecId: 123b6181-7f72-4f02-8a76-f8f30a477d8f, notificationType :1)
02-21 00:43:40.758 19652 19673 D WM-WorkProgressUpdater: Updating progress for ec5221f7-baa1-4872-a4dc-3ea8ed6eba60 (Data {pct : 0, mode : file})
02-21 00:43:40.760 19652 19652 D WM-SystemFgDispatcher: Notifying with (id:4208, workSpecId: 123b6181-7f72-4f02-8a76-f8f30a477d8f, notificationType :1)
02-21 00:43:40.761 19652 19652 I WM-SystemFgDispatcher: Started foreground service Intent { act=ACTION_START_FOREGROUND xflg=0x4 cmp=com.negi.survey/androidx.work.impl.foreground.SystemForegroundService (has extras) }
02-21 00:43:40.762 19652 19652 D WM-SystemFgDispatcher: Notifying with (id:8483, workSpecId: f5110da5-63e9-4d34-a161-2638c45ef216, notificationType :1)
02-21 00:43:40.765 19652 19652 D WM-SystemFgDispatcher: Notifying with (id:8483, workSpecId: f5110da5-63e9-4d34-a161-2638c45ef216, notificationType :1)
02-21 00:43:40.765 19652 19652 I WM-SystemFgDispatcher: Started foreground service Intent { act=ACTION_START_FOREGROUND xflg=0x4 cmp=com.negi.survey/androidx.work.impl.foreground.SystemForegroundService (has extras) }
02-21 00:43:40.765 19652 19652 D WM-SystemFgDispatcher: Notifying with (id:6197, workSpecId: 8e4e5655-9497-4d56-9b70-eb3f3e54cfbb, notificationType :1)
02-21 00:43:40.767 19652 19652 D WM-SystemFgDispatcher: Notifying with (id:6197, workSpecId: 8e4e5655-9497-4d56-9b70-eb3f3e54cfbb, notificationType :1)
02-21 00:43:40.777 19652 19673 I WM-Processor: Moving WorkSpec (ec5221f7-baa1-4872-a4dc-3ea8ed6eba60) to the foreground
02-21 00:43:40.778 19652 19652 D WM-SystemFgDispatcher: Notifying with (id:3957, workSpecId: ec5221f7-baa1-4872-a4dc-3ea8ed6eba60, notificationType :1)
02-21 00:43:40.779 19652 19673 D WM-WorkProgressUpdater: Updating progress for f018429e-1223-4c1e-ba9b-9b0c29c14888 (Data {pct : 0, mode : file})
02-21 00:43:40.783 19652 19673 I WM-Processor: Moving WorkSpec (f018429e-1223-4c1e-ba9b-9b0c29c14888) to the foreground
02-21 00:43:40.786 19652 19652 D WM-SystemFgDispatcher: Notifying with (id:6405, workSpecId: f018429e-1223-4c1e-ba9b-9b0c29c14888, notificationType :1)
02-21 00:43:40.786 19652 19669 D WM-WorkProgressUpdater: Updating progress for 484642d0-146c-40f4-b354-2219e40919a5 (Data {pct : 0, mode : file})
02-21 00:43:40.787 19652 19669 I WM-Processor: Moving WorkSpec (484642d0-146c-40f4-b354-2219e40919a5) to the foreground
02-21 00:43:40.790 19652 19669 D WM-WorkProgressUpdater: Updating progress for bbb7fe96-8806-42c4-8c4a-62acd3a320d2 (Data {pct : 0, mode : file})
02-21 00:43:40.790 19652 19652 D WM-SystemFgDispatcher: Notifying with (id:6098, workSpecId: 484642d0-146c-40f4-b354-2219e40919a5, notificationType :1)
02-21 00:43:40.790 19652 19669 I WM-Processor: Moving WorkSpec (bbb7fe96-8806-42c4-8c4a-62acd3a320d2) to the foreground
02-21 00:43:40.792 19652 19669 D WM-WorkProgressUpdater: Updating progress for 90d9161b-f710-4895-8e1b-5f8f1d1d90d4 (Data {pct : 0, mode : file})
02-21 00:43:40.794 19652 19669 I WM-Processor: Moving WorkSpec (90d9161b-f710-4895-8e1b-5f8f1d1d90d4) to the foreground
02-21 00:43:40.795 19652 19652 D WM-SystemFgDispatcher: Notifying with (id:5417, workSpecId: bbb7fe96-8806-42c4-8c4a-62acd3a320d2, notificationType :1)
02-21 00:43:40.797 19652 19669 D WM-WorkProgressUpdater: Updating progress for 7f155b7b-05c9-498b-a4c0-9031ddf0df62 (Data {pct : 0, mode : file})
02-21 00:43:40.797 19652 19652 D WM-SystemFgDispatcher: Notifying with (id:7452, workSpecId: 90d9161b-f710-4895-8e1b-5f8f1d1d90d4, notificationType :1)
02-21 00:43:40.802 19652 19673 I WM-Processor: Moving WorkSpec (7f155b7b-05c9-498b-a4c0-9031ddf0df62) to the foreground
02-21 00:43:40.805 19652 19652 D WM-SystemFgDispatcher: Notifying with (id:8504, workSpecId: 7f155b7b-05c9-498b-a4c0-9031ddf0df62, notificationType :1)
02-21 00:43:40.806 19652 19673 D WM-WorkProgressUpdater: Updating progress for 4945c95d-79b3-484c-9136-e658f7e838f0 (Data {pct : 0, mode : file})
02-21 00:43:40.808 19652 19673 I WM-Processor: Moving WorkSpec (4945c95d-79b3-484c-9136-e658f7e838f0) to the foreground
02-21 00:43:40.810 19652 19652 D WM-SystemFgDispatcher: Notifying with (id:9811, workSpecId: 4945c95d-79b3-484c-9136-e658f7e838f0, notificationType :1)
02-21 00:43:40.812 19652 19672 D WM-GreedyScheduler: Cancelling work ID 8a93b0d1-6e8c-4f54-b6a5-0303a4310d35
02-21 00:43:40.815 19652 19671 D WM-WorkProgressUpdater: Updating progress for b40c66a9-d772-44c3-a1ca-49a2393a3775 (Data {pct : 0, mode : file})
02-21 00:43:40.817 19652 19671 I WM-Processor: Moving WorkSpec (b40c66a9-d772-44c3-a1ca-49a2393a3775) to the foreground
02-21 00:43:40.819 19652 19652 D WM-SystemFgDispatcher: Notifying with (id:11097, workSpecId: b40c66a9-d772-44c3-a1ca-49a2393a3775, notificationType :1)
02-21 00:43:40.821 19652 19671 D WM-WorkProgressUpdater: Updating progress for 123b6181-7f72-4f02-8a76-f8f30a477d8f (Data {pct : 0, mode : file})
02-21 00:43:40.823 19652 19671 I WM-Processor: Moving WorkSpec (123b6181-7f72-4f02-8a76-f8f30a477d8f) to the foreground
02-21 00:43:40.824 19652 19652 D WM-SystemFgDispatcher: Notifying with (id:4208, workSpecId: 123b6181-7f72-4f02-8a76-f8f30a477d8f, notificationType :1)
02-21 00:43:40.834 19652 19671 D WM-WorkProgressUpdater: Updating progress for f5110da5-63e9-4d34-a161-2638c45ef216 (Data {pct : 0, mode : file})
02-21 00:43:40.837 19652 19669 I WM-Processor: Moving WorkSpec (f5110da5-63e9-4d34-a161-2638c45ef216) to the foreground
02-21 00:43:40.840 19652 19652 D WM-SystemFgDispatcher: Notifying with (id:8483, workSpecId: f5110da5-63e9-4d34-a161-2638c45ef216, notificationType :1)
02-21 00:43:40.841 19652 19669 D WM-WorkProgressUpdater: Updating progress for 8e4e5655-9497-4d56-9b70-eb3f3e54cfbb (Data {pct : 0, mode : file})
02-21 00:43:40.842 19652 19671 I WM-Processor: Moving WorkSpec (8e4e5655-9497-4d56-9b70-eb3f3e54cfbb) to the foreground
02-21 00:43:40.842 19652 19652 D WM-SystemFgDispatcher: Notifying with (id:6197, workSpecId: 8e4e5655-9497-4d56-9b70-eb3f3e54cfbb, notificationType :1)
02-21 00:43:40.843 19652 19671 D WM-WorkProgressUpdater: Updating progress for ec5221f7-baa1-4872-a4dc-3ea8ed6eba60 (Data {pct : 10, mode : file})
02-21 00:43:40.843 19652 19671 I WM-Processor: Moving WorkSpec (ec5221f7-baa1-4872-a4dc-3ea8ed6eba60) to the foreground
02-21 00:43:40.844 19652 19671 D WM-WorkProgressUpdater: Updating progress for ec5221f7-baa1-4872-a4dc-3ea8ed6eba60 (Data {pct : 90, mode : file})
02-21 00:43:40.844 19652 19652 D WM-SystemFgDispatcher: Notifying with (id:3957, workSpecId: ec5221f7-baa1-4872-a4dc-3ea8ed6eba60, notificationType :1)
02-21 00:43:40.844 19652 19671 I WM-Processor: Moving WorkSpec (ec5221f7-baa1-4872-a4dc-3ea8ed6eba60) to the foreground
02-21 00:43:40.845 19652 19652 D WM-SystemFgDispatcher: Notifying with (id:3957, workSpecId: ec5221f7-baa1-4872-a4dc-3ea8ed6eba60, notificationType :1)
02-21 00:43:40.846 19652 19671 D WM-WorkProgressUpdater: Updating progress for f018429e-1223-4c1e-ba9b-9b0c29c14888 (Data {pct : 10, mode : file})
02-21 00:43:40.846 19652 19671 I WM-Processor: Moving WorkSpec (f018429e-1223-4c1e-ba9b-9b0c29c14888) to the foreground
02-21 00:43:40.847 19652 19671 D WM-WorkProgressUpdater: Updating progress for f018429e-1223-4c1e-ba9b-9b0c29c14888 (Data {pct : 90, mode : file})
02-21 00:43:40.847 19652 19652 D WM-SystemFgDispatcher: Notifying with (id:6405, workSpecId: f018429e-1223-4c1e-ba9b-9b0c29c14888, notificationType :1)
02-21 00:43:40.848 19652 19672 I WM-Processor: Moving WorkSpec (f018429e-1223-4c1e-ba9b-9b0c29c14888) to the foreground
