=== Previous Session Logcat ===
captured_time_utc=20260221_083628
captured_time_local=20260221_003628
marker=2026-02-21 00:24:32.352
preferred_prev_pid=-1
note=best-effort; buffers may be overwritten before next start
sdk=36
device=Google Pixel 9a
appId=com.negi.survey
versionName=0.0.1
versionCode=1

=== Logcat (since marker) ===
--------- beginning of main
02-21 00:35:20.947 18239 18246 I com.negi.survey: Background young concurrent mark compact GC freed 24MB AllocSpace bytes, 0(0B) LOS objects, 80% free, 5824KB/29MB, paused 3.639ms,4.142ms total 121.585ms
02-21 00:36:28.191 18948 18948 I libc    : SetHeapTaggingLevel: tag level set to 0
02-21 00:36:28.195 18948 18948 I Zygote  : Process 18948 created for com.negi.survey
02-21 00:36:28.196 18948 18948 I com.negi.survey: Using CollectorTypeCMC GC.
02-21 00:36:28.210 18948 18948 D nativeloader: Load libframework-connectivity-tiramisu-jni.so using APEX ns com_android_tethering for caller /apex/com.android.tethering/javalib/framework-connectivity-t.jar: ok
02-21 00:36:28.254 18948 18948 D ApplicationLoaders: Returning zygote-cached class loader: /system_ext/framework/androidx.window.extensions.jar
02-21 00:36:28.254 18948 18948 D ApplicationLoaders: Returning zygote-cached class loader: /system_ext/framework/androidx.window.sidecar.jar
02-21 00:36:28.268 18948 18948 D nativeloader: Configuring clns-9 for other apk /data/app/~~oTlMwi2Hna70ErgoON50Rw==/com.negi.survey-qmTwop5urpma1_Fq1MG1HQ==/base.apk. target_sdk_version=36, uses_libraries=libOpenCL.so:libOpenCL-pixel.so, library_path=/data/app/~~oTlMwi2Hna70ErgoON50Rw==/com.negi.survey-qmTwop5urpma1_Fq1MG1HQ==/lib/arm64:/data/app/~~oTlMwi2Hna70ErgoON50Rw==/com.negi.survey-qmTwop5urpma1_Fq1MG1HQ==/base.apk!/lib/arm64-v8a, permitted_path=/data:/mnt/expand:/data/user/0/com.negi.survey
02-21 00:36:28.275 18948 18948 V GraphicsEnvironment: Currently set values for:
02-21 00:36:28.275 18948 18948 V GraphicsEnvironment:   angle_gl_driver_selection_pkgs=[com.android.angle, com.google.android.apps.tachyon]
02-21 00:36:28.275 18948 18948 V GraphicsEnvironment:   angle_gl_driver_selection_values=[angle, native]
02-21 00:36:28.275 18948 18948 V GraphicsEnvironment: com.negi.survey is not listed in per-application setting
02-21 00:36:28.275 18948 18948 V GraphicsEnvironment: ANGLE allowlist from config: 
02-21 00:36:28.275 18948 18948 V GraphicsEnvironment: No special selections for ANGLE, returning default driver choice
02-21 00:36:28.275 18948 18948 V GraphicsEnvironment: Neither updatable production driver nor prerelease driver is supported.
02-21 00:36:28.287 18948 18948 D AppRingLogStore: installed: dir=/data/user/0/com.negi.survey/files/diagnostics/applog_ring idx=0
02-21 00:36:28.288 18948 18948 D CrashCapture: install: ensured default handler. where=SurveyApp:attachBaseContext pid=18948 default=com.negi.survey.CrashCapture$CrashHandler@c280a86
02-21 00:36:28.291 18948 18965 D RuntimeLogStore: openWriter: start -> /data/user/0/com.negi.survey/files/diagnostics/runtime_logs/rtlog_20260221_083628_286_pid18948_seq1.log (bytes=0 format=LEGACY)
02-21 00:36:28.295 18948 18965 D RuntimeLogStore: retention: start files=2 kept=2 totalBytes=22289
02-21 00:36:28.297 18948 18948 D WM-PackageManagerHelper: Skipping component enablement for androidx.work.impl.background.systemjob.SystemJobService
02-21 00:36:28.297 18948 18948 D WM-Schedulers: Created SystemJobScheduler and enabled SystemJobService
02-21 00:36:28.298 18948 18967 D WM-ForceStopRunnable: Is default app process = true
02-21 00:36:28.299 18948 18967 D WM-ForceStopRunnable: Performing cleanup operations.
02-21 00:36:28.313 18948 18967 E ashmem  : Pinning is deprecated since Android Q. Please use trim or other methods.
02-21 00:36:28.331 18948 18967 D WM-SystemJobScheduler: Reconciling jobs
02-21 00:36:28.340 18948 18967 D WM-ForceStopRunnable: Application was force-stopped, rescheduling.
02-21 00:36:28.361 18948 18948 D github_upload: choosePolicy: uniqueName=upload_runtime_logs_startup policy=REPLACE states=[SUCCEEDED]
02-21 00:36:28.361 18948 18948 D github_upload: enqueueStartupRuntimeLogsUpload: uniqueName=upload_runtime_logs_startup policy=REPLACE
02-21 00:36:28.361 18948 18948 D CrashCapture: install: ensured default handler. where=SurveyApp:onCreate(rewrap) pid=18948 default=com.negi.survey.CrashCapture$CrashHandler@c280a86
02-21 00:36:28.361 18948 18948 D CrashCapture: registerSelfHealing: ActivityLifecycleCallbacks registered. mode=onResumedOnly
02-21 00:36:28.363 18948 18973 D CrashCapture: enqueuePendingCrashUploadsIfPossible enter where=SurveyApp:enqueuePending(immediate):bg pid=18948 thread=CrashCapture-Enqueue
02-21 00:36:28.371 18948 18948 D DesktopExperienceFlags: Toggle override initialized to: false
02-21 00:36:28.376 18948 18948 D CrashCapture: install: ensured default handler. where=install(legacy) pid=18948 default=com.negi.survey.CrashCapture$CrashHandler@c280a86
02-21 00:36:28.377 18948 18982 D CrashCapture: enqueuePendingCrashUploadsIfPossible skipped (already running). where=enqueue(legacy):bg
02-21 00:36:28.378 18948 18975 D UploadRescheduleRcvr: No GitHub pending files for action=android.intent.action.BOOT_COMPLETED
02-21 00:36:28.380 18948 18948 D CompatChangeReporter: Compat change id reported: 377864165; UID 14738; state: ENABLED
02-21 00:36:28.380 18948 18948 D DesktopModeFlags: Toggle override initialized to: OVERRIDE_UNSET
--------- beginning of system
02-21 00:36:28.384 18948 18976 I DisplayManager: Choreographer implicitly registered for the refresh rate.
02-21 00:36:28.386 18948 18976 D vulkan  : searching for layers in '/data/app/~~oTlMwi2Hna70ErgoON50Rw==/com.negi.survey-qmTwop5urpma1_Fq1MG1HQ==/lib/arm64'
02-21 00:36:28.386 18948 18976 D vulkan  : searching for layers in '/data/app/~~oTlMwi2Hna70ErgoON50Rw==/com.negi.survey-qmTwop5urpma1_Fq1MG1HQ==/base.apk!/lib/arm64-v8a'
02-21 00:36:28.388 18948 18948 I ContentCaptureHelper: Setting logging level to OFF
02-21 00:36:28.389 18948 18948 D CrashCapture: install: ensured default handler. where=selfHeal:onActivityResumed pid=18948 default=com.negi.survey.CrashCapture$CrashHandler@c280a86
02-21 00:36:28.425 18948 18970 D WM-SystemJobScheduler: Scheduling work ID 58140d6a-c828-4759-b30e-e334394d246dJob ID 292
02-21 00:36:28.442 18948 18970 D WM-GreedyScheduler: Starting tracking for 58140d6a-c828-4759-b30e-e334394d246d
02-21 00:36:28.449 18948 18975 D github_upload: choosePolicy: uniqueName=upload_runtime_logs_startup policy=KEEP states=[ENQUEUED]
02-21 00:36:28.449 18948 18975 D github_upload: enqueueStartupRuntimeLogsUpload: uniqueName=upload_runtime_logs_startup policy=KEEP
02-21 00:36:28.449 18948 18975 D UploadRescheduleRcvr: Enqueued runtime logs upload for action=android.intent.action.BOOT_COMPLETED reason=receiver_boot_completed
02-21 00:36:28.450 18948 18948 D WindowOnBackDispatcher: setTopOnBackInvokedCallback (unwrapped): android.app.Activity$$ExternalSyntheticLambda0@38b2730
02-21 00:36:28.479 18948 18970 D WM-PackageManagerHelper: androidx.work.impl.background.systemalarm.RescheduleReceiver enabled
02-21 00:36:28.488 18948 18970 D WM-ConstraintTracker: NetworkStateTracker24: initial state = NetworkState(isConnected=true, isValidated=true, isMetered=false, isNotRoaming=true, isBlocked=false)
02-21 00:36:28.488 18948 18970 D WM-NetworkStateTracker: Registering network callback
02-21 00:36:28.488 18948 18948 E VibratorInfo: Invalid frequency profile received from HAL. resonantFrequencyHz=NaN, frequenciesHz=null, outputAccelerationsGs=null
02-21 00:36:28.496 18948 18970 D WM-GreedyScheduler: Constraints met: Scheduling work ID WorkGenerationalId(workSpecId=58140d6a-c828-4759-b30e-e334394d246d, generation=0)
02-21 00:36:28.499 18948 18999 D WM-NetworkStateTracker: Network capabilities changed: [ Transports: WIFI Capabilities: NOT_METERED&INTERNET&NOT_RESTRICTED&TRUSTED&NOT_VPN&VALIDATED&NOT_ROAMING&FOREGROUND&NOT_CONGESTED&NOT_SUSPENDED&NOT_VCN_MANAGED&NOT_BANDWIDTH_CONSTRAINED LinkUpBandwidth>=13861Kbps LinkDnBandwidth>=101944Kbps TransportInfo: <SSID: <unknown ssid>, BSSID: 02:00:00:00:00:00, MAC: 02:00:00:00:00:00, IP: /192.168.1.27, Security type: 2, Supplicant state: COMPLETED, Wi-Fi standard: 11ac, RSSI: -39, Link speed: 866Mbps, Tx Link speed: 866Mbps, Max Supported Tx Link speed: 866Mbps, Rx Link speed: 866Mbps, Max Supported Rx Link speed: 866Mbps, Frequency: 5805MHz, Net ID: -1, Metered hint: false, score: 60, isUsable: true, CarrierMerged: false, SubscriptionId: -1, IsPrimary: -1, Trusted: true, Restricted: false, Ephemeral: false, OEM paid: false, OEM private: false, OSU AP: false, FQDN: <none>, Provider friendly name: <none>, Requesting package name: <none><none>MLO Information: , Is TID-To-Link negotiation supported by the AP: false, AP MLD Address: <none>, AP MLO Link Id: <none>, AP MLO Affiliated links: <none>, Vendor Data: <none>> SignalStrength: -39 UnderlyingNetworks: Null]
02-21 00:36:28.500 18948 18970 D WM-Processor: Processor: processing WorkGenerationalId(workSpecId=58140d6a-c828-4759-b30e-e334394d246d, generation=0)
