02-21 00:43:49.298 19652 19740 I native  : I0000 00:00:1771663429.298435   19740 litert_lm_loader.cc:202] section_backend_constraint: gpu
02-21 00:43:49.298 19652 19740 I native  : I0000 00:00:1771663429.298716   19740 litert_lm_loader.cc:208] section_index: 8
02-21 00:43:49.298 19652 19740 I native  : I0000 00:00:1771663429.298746   19740 litert_lm_loader.cc:209] section_data_type: TFLiteModel
02-21 00:43:49.298 19652 19740 I native  : I0000 00:00:1771663429.298766   19740 litert_lm_loader.cc:211] section_begin_offset: 2256011264
02-21 00:43:49.298 19652 19740 I native  : I0000 00:00:1771663429.298786   19740 litert_lm_loader.cc:212] section_end_offset: 2408748152
02-21 00:43:49.298 19652 19740 I native  : I0000 00:00:1771663429.298807   19740 litert_lm_loader.cc:189] model_type: tf_lite_prefill_decode
02-21 00:43:49.298 19652 19740 I native  : I0000 00:00:1771663429.298827   19740 litert_lm_loader.cc:202] section_backend_constraint: cpu,gpu
02-21 00:43:49.298 19652 19740 I native  : I0000 00:00:1771663429.298845   19740 litert_lm_loader.cc:208] section_index: 9
02-21 00:43:49.298 19652 19740 I native  : I0000 00:00:1771663429.298865   19740 litert_lm_loader.cc:209] section_data_type: TFLiteModel
02-21 00:43:49.298 19652 19740 I native  : I0000 00:00:1771663429.298883   19740 litert_lm_loader.cc:211] section_begin_offset: 2408759296
02-21 00:43:49.298 19652 19740 I native  : I0000 00:00:1771663429.298903   19740 litert_lm_loader.cc:212] section_end_offset: 4919525632
02-21 00:43:49.348 19652 19735 W github_upload: doFileUpload: upload failed for /data/user/0/com.negi.survey/files/diagnostics/crash_github_mirror/crash_20260221_033645_pid32171_tid32171_u265729.log.gz
02-21 00:43:49.348 19652 19735 W github_upload: com.negi.survey.net.GitHubUploader$HttpFailureException: GitHub request failed (409): {"message":"is at b2e1b41ef7f05878d7347af4cd229c386168a59f but expected 5720de9f4e5820a85b82ddae012a023a993e9076","documentation_url":"https://docs.github.com/rest/repos/contents#create-or-update-file-contents","status":"409"}
02-21 00:43:49.348 19652 19735 W github_upload: 	at com.negi.survey.net.GitHubUploader.executeWithRetry(GitHubUploader.kt:689)
02-21 00:43:49.348 19652 19735 W github_upload: 	at com.negi.survey.net.GitHubUploader.access$executeWithRetry(GitHubUploader.kt:51)
02-21 00:43:49.348 19652 19735 W github_upload: 	at com.negi.survey.net.GitHubUploader$executeWithRetry$1.invokeSuspend(Unknown Source:22)
02-21 00:43:49.348 19652 19735 W github_upload: 	at kotlin.coroutines.jvm.internal.BaseContinuationImpl.resumeWith(ContinuationImpl.kt:34)
02-21 00:43:49.348 19652 19735 W github_upload: 	at kotlinx.coroutines.DispatchedTask.run(DispatchedTask.kt:100)
02-21 00:43:49.348 19652 19735 W github_upload: 	at kotlinx.coroutines.internal.LimitedDispatcher$Worker.run(LimitedDispatcher.kt:124)
02-21 00:43:49.348 19652 19735 W github_upload: 	at kotlinx.coroutines.scheduling.TaskImpl.run(Tasks.kt:89)
02-21 00:43:49.348 19652 19735 W github_upload: 	at kotlinx.coroutines.scheduling.CoroutineScheduler.runSafely(CoroutineScheduler.kt:586)
02-21 00:43:49.348 19652 19735 W github_upload: 	at kotlinx.coroutines.scheduling.CoroutineScheduler$Worker.executeTask(CoroutineScheduler.kt:820)
02-21 00:43:49.348 19652 19735 W github_upload: 	at kotlinx.coroutines.scheduling.CoroutineScheduler$Worker.runWorker(CoroutineScheduler.kt:717)
02-21 00:43:49.348 19652 19735 W github_upload: 	at kotlinx.coroutines.scheduling.CoroutineScheduler$Worker.run(CoroutineScheduler.kt:704)
02-21 00:43:49.349 19652 19669 I WM-Processor: Moving WorkSpec (90d9161b-f710-4895-8e1b-5f8f1d1d90d4) to the foreground
02-21 00:43:49.351 19652 19652 D WM-SystemFgDispatcher: Notifying with (id:7452, workSpecId: 90d9161b-f710-4895-8e1b-5f8f1d1d90d4, notificationType :1)
02-21 00:43:49.353 19652 19669 I WM-WorkerWrapper: Worker result FAILURE for Work [ id=90d9161b-f710-4895-8e1b-5f8f1d1d90d4, tags={ com.negi.survey.net.GitHubUploadWorker,github_upload,github_upload:crash:diagnostics_crash_crash_20260221_033645_pid32171_tid32171_u265729.log.gz } ]
02-21 00:43:49.356 19652 19652 D WM-Processor: Processor 90d9161b-f710-4895-8e1b-5f8f1d1d90d4 executed; reschedule = false
02-21 00:43:49.356 19652 19652 D WM-GreedyScheduler: Stopping tracking for WorkGenerationalId(workSpecId=90d9161b-f710-4895-8e1b-5f8f1d1d90d4, generation=0)
02-21 00:43:49.357 19652 19652 D WM-SystemJobService: 90d9161b-f710-4895-8e1b-5f8f1d1d90d4 executed on JobScheduler
02-21 00:43:49.357 19652 19652 D WM-SystemFgDispatcher: Removing Notification (id: 7452, workSpecId: WorkGenerationalId(workSpecId=90d9161b-f710-4895-8e1b-5f8f1d1d90d4, generation=0), notificationType: 1
02-21 00:43:49.360 19652 19669 D WM-GreedyScheduler: Cancelling work ID 90d9161b-f710-4895-8e1b-5f8f1d1d90d4
02-21 00:43:49.438 19652 19672 D WM-WorkProgressUpdater: Updating progress for bbb7fe96-8806-42c4-8c4a-62acd3a320d2 (Data {pct : 95, mode : file})
02-21 00:43:49.438 19652 19704 D GitHubUploader: uploadStream: done url=https://github.com/ishizuki-tech/SurveyExports/blob/main/diagnostics/crash/2026-02-21/prevlog_20260220_234531_pid25496.log.gz sha=65365feb5b9f74b1e4300a9f6c56f3b58f61d20c
02-21 00:43:49.439 19652 19669 I WM-Processor: Moving WorkSpec (bbb7fe96-8806-42c4-8c4a-62acd3a320d2) to the foreground
02-21 00:43:49.442 19652 19652 D WM-SystemFgDispatcher: Notifying with (id:5417, workSpecId: bbb7fe96-8806-42c4-8c4a-62acd3a320d2, notificationType :1)
02-21 00:43:49.445 19652 19669 I WM-Processor: Moving WorkSpec (bbb7fe96-8806-42c4-8c4a-62acd3a320d2) to the foreground
02-21 00:43:49.450 19652 19669 I WM-WorkerWrapper: Worker result SUCCESS for Work [ id=bbb7fe96-8806-42c4-8c4a-62acd3a320d2, tags={ com.negi.survey.net.GitHubUploadWorker,github_upload,github_upload:crash:diagnostics_crash_prevlog_20260220_234531_pid25496.log.gz } ]
02-21 00:43:49.458 19652 19652 D WM-SystemFgDispatcher: Notifying with (id:5417, workSpecId: bbb7fe96-8806-42c4-8c4a-62acd3a320d2, notificationType :1)
02-21 00:43:49.461 19652 19652 D WM-Processor: Processor bbb7fe96-8806-42c4-8c4a-62acd3a320d2 executed; reschedule = false
02-21 00:43:49.461 19652 19652 D WM-GreedyScheduler: Stopping tracking for WorkGenerationalId(workSpecId=bbb7fe96-8806-42c4-8c4a-62acd3a320d2, generation=0)
02-21 00:43:49.461 19652 19652 D WM-SystemJobService: bbb7fe96-8806-42c4-8c4a-62acd3a320d2 executed on JobScheduler
02-21 00:43:49.461 19652 19652 D WM-SystemFgDispatcher: Removing Notification (id: 5417, workSpecId: WorkGenerationalId(workSpecId=bbb7fe96-8806-42c4-8c4a-62acd3a320d2, generation=0), notificationType: 1
02-21 00:43:49.462 19652 19673 D WM-GreedyScheduler: Cancelling work ID bbb7fe96-8806-42c4-8c4a-62acd3a320d2
02-21 00:43:49.489 19652 19740 I native  : I0000 00:00:1771663429.489293   19740 engine_settings.cc:95] The Main backend constraint is matched: GPU
02-21 00:43:49.496 19652 19740 I native  : I0000 00:00:1771663429.489416   19740 engine_settings.cc:290] The validated engine settings: EngineSettings: 
02-21 00:43:49.496 19652 19740 I native  :   MainExecutorSettings: backend: GPU
02-21 00:43:49.496 19652 19740 I native  : backend_config:
02-21 00:43:49.496 19652 19740 I native  : max_top_k: 1
02-21 00:43:49.496 19652 19740 I native  : 
02-21 00:43:49.496 19652 19740 I native  : max_tokens: 4096
02-21 00:43:49.496 19652 19740 I native  : activation_data_type: Not set
02-21 00:43:49.496 19652 19740 I native  : max_num_images: 0
02-21 00:43:49.496 19652 19740 I native  : lora_rank: 0
02-21 00:43:49.496 19652 19740 I native  : cache_dir: /data/user/0/com.negi.survey/cache
02-21 00:43:49.496 19652 19740 I native  : cache_file: Not set
02-21 00:43:49.496 19652 19740 I native  : litert_dispatch_lib_dir: Not set
02-21 00:43:49.496 19652 19740 I native  : model_assets: model_path: /data/user/0/com.negi.survey/files/gemma-3n-E4B-it-int4.litertlm
02-21 00:43:49.496 19652 19740 I native  : fake_weights_mode: FAKE_WEIGHTS_NONE
02-21 00:43:49.496 19652 19740 I native  : 
02-21 00:43:49.496 19652 19740 I native  : advanced_settings: prefill_batch_sizes: []
02-21 00:43:49.496 19652 19740 I native  : num_output_candidates: 1
02-21 00:43:49.496 19652 19740 I native  : configure_magic_numbers: true
02-21 00:43:49.496 19652 19740 I native  : verify_magic_numbers: false
02-21 00:43:49.496 19652 19740 I native  : clear_kv_cache_before_prefill: true
02-21 00:43:49.496 19652 19740 I native  : num_logits_to_print_after_decode: 0
02-21 00:43:49.496 19652 19740 I native  : gpu_madvise_original_shared_tensors: true
02-21 00:43:49.496 19652 19740 I native  : is_benchmark: false
02-21 00:43:49.496 19652 19740 I native  : preferred_device_substr: 
02-21 00:43:49.496 19652 19740 I native  : num_threads_to_upload: -1
02-21 00:43:49.496 19652 19740 I native  : num_threads_to_compile: -1
02-21 00:43:49.496 19652 19740 I native  : convert_weights_on_gpu: true
02-21 00:43:49.496 19652 19740 I native  : optimize_shader_compilation: true
02-21 00:43:49.496 19652 19740 I native  : share_constant_tensors: true
02-21 00:43:49.496 19652 19740 I native  : sampler_handles_input: true
02-21 00:43:49.496 19652 19740 I native  : allow_src_quantized_fc_conv_ops: true
02-21 00:43:49.496 19652 19740 I native  : 
02-21 00:43:49.496 19652 19740 I native  :   LlmMetadata: MessageLite at 0x717eee5570  BenchmarkParams: Not set
02-21 00:43:49.496 19652 19740 I native  :   VisionExecutorSettings: Not set
02-21 00:43:49.496 19652 19740 I native  :   AudioExecutorSettings: Not set
02-21 00:43:49.498 19652 19740 I native  : I0000 00:00:1771663429.498300   19740 model_resources_litert_lm.cc:67] model_type: TF_LITE_PREFILL_DECODE
02-21 00:43:49.498 19652 19740 I native  : I0000 00:00:1771663429.498581   19740 model_resources_litert_lm.cc:68] litert model size: 2510766336
02-21 00:43:50.564 19791 19791 I libc    : SetHeapTaggingLevel: tag level set to 0
02-21 00:43:50.579 19791 19791 I Zygote  : Process 19791 created for com.negi.survey
02-21 00:43:50.581 19791 19791 I com.negi.survey: Using CollectorTypeCMC GC.
02-21 00:43:50.603 19791 19791 D nativeloader: Load libframework-connectivity-tiramisu-jni.so using APEX ns com_android_tethering for caller /apex/com.android.tethering/javalib/framework-connectivity-t.jar: ok
02-21 00:43:50.667 19791 19791 D ApplicationLoaders: Returning zygote-cached class loader: /system_ext/framework/androidx.window.extensions.jar
02-21 00:43:50.667 19791 19791 D ApplicationLoaders: Returning zygote-cached class loader: /system_ext/framework/androidx.window.sidecar.jar
02-21 00:43:50.777 19791 19791 D nativeloader: Configuring clns-9 for other apk /data/app/~~nABo99uFVYjXunPDFrWD6g==/com.negi.survey-L825VD9lVRIBhfJUkM2B3Q==/base.apk. target_sdk_version=36, uses_libraries=libOpenCL.so:libOpenCL-pixel.so, library_path=/data/app/~~nABo99uFVYjXunPDFrWD6g==/com.negi.survey-L825VD9lVRIBhfJUkM2B3Q==/lib/arm64:/data/app/~~nABo99uFVYjXunPDFrWD6g==/com.negi.survey-L825VD9lVRIBhfJUkM2B3Q==/base.apk!/lib/arm64-v8a, permitted_path=/data:/mnt/expand:/data/user/0/com.negi.survey
02-21 00:43:50.842 19791 19791 V GraphicsEnvironment: Currently set values for:
02-21 00:43:50.842 19791 19791 V GraphicsEnvironment:   angle_gl_driver_selection_pkgs=[com.android.angle, com.google.android.apps.tachyon]
02-21 00:43:50.842 19791 19791 V GraphicsEnvironment:   angle_gl_driver_selection_values=[angle, native]
02-21 00:43:50.842 19791 19791 V GraphicsEnvironment: com.negi.survey is not listed in per-application setting
02-21 00:43:50.843 19791 19791 V GraphicsEnvironment: ANGLE allowlist from config: 
02-21 00:43:50.844 19791 19791 V GraphicsEnvironment: No special selections for ANGLE, returning default driver choice
02-21 00:43:50.844 19791 19791 V GraphicsEnvironment: Neither updatable production driver nor prerelease driver is supported.
02-21 00:43:50.858 19791 19791 D AppRingLogStore: installed: dir=/data/user/0/com.negi.survey/files/diagnostics/applog_ring idx=0
02-21 00:43:50.859 19791 19791 D CrashCapture: install: ensured default handler. where=SurveyApp:attachBaseContext pid=19791 default=com.negi.survey.CrashCapture$CrashHandler@c280a86
02-21 00:43:50.873 19791 19815 D RuntimeLogStore: openWriter: start -> /data/user/0/com.negi.survey/files/diagnostics/runtime_logs/rtlog_20260221_084350_862_pid19791_seq1.log (bytes=0 format=LEGACY)
02-21 00:43:50.875 19791 19815 D RuntimeLogStore: retention: start files=2 kept=2 totalBytes=830
02-21 00:43:50.911 19791 19791 D WM-PackageManagerHelper: Skipping component enablement for androidx.work.impl.background.systemjob.SystemJobService
02-21 00:43:50.911 19791 19791 D WM-Schedulers: Created SystemJobScheduler and enabled SystemJobService
02-21 00:43:50.914 19791 19820 D WM-ForceStopRunnable: Is default app process = true
02-21 00:43:50.915 19791 19820 D WM-ForceStopRunnable: Performing cleanup operations.
02-21 00:43:52.185 19879 19879 I libc    : SetHeapTaggingLevel: tag level set to 0
02-21 00:43:52.188 19879 19879 I Zygote  : Process 19879 created for com.negi.survey
02-21 00:43:52.189 19879 19879 I com.negi.survey: Using CollectorTypeCMC GC.
02-21 00:43:52.201 19879 19879 D nativeloader: Load libframework-connectivity-tiramisu-jni.so using APEX ns com_android_tethering for caller /apex/com.android.tethering/javalib/framework-connectivity-t.jar: ok
02-21 00:43:52.223 19879 19879 D ApplicationLoaders: Returning zygote-cached class loader: /system_ext/framework/androidx.window.extensions.jar
02-21 00:43:52.223 19879 19879 D ApplicationLoaders: Returning zygote-cached class loader: /system_ext/framework/androidx.window.sidecar.jar
02-21 00:43:52.241 19879 19879 D nativeloader: Configuring clns-9 for other apk /data/app/~~nABo99uFVYjXunPDFrWD6g==/com.negi.survey-L825VD9lVRIBhfJUkM2B3Q==/base.apk. target_sdk_version=36, uses_libraries=libOpenCL.so:libOpenCL-pixel.so, library_path=/data/app/~~nABo99uFVYjXunPDFrWD6g==/com.negi.survey-L825VD9lVRIBhfJUkM2B3Q==/lib/arm64:/data/app/~~nABo99uFVYjXunPDFrWD6g==/com.negi.survey-L825VD9lVRIBhfJUkM2B3Q==/base.apk!/lib/arm64-v8a, permitted_path=/data:/mnt/expand:/data/user/0/com.negi.survey
02-21 00:43:52.264 19879 19879 V GraphicsEnvironment: Currently set values for:
02-21 00:43:52.264 19879 19879 V GraphicsEnvironment:   angle_gl_driver_selection_pkgs=[com.android.angle, com.google.android.apps.tachyon]
02-21 00:43:52.264 19879 19879 V GraphicsEnvironment:   angle_gl_driver_selection_values=[angle, native]
02-21 00:43:52.264 19879 19879 V GraphicsEnvironment: com.negi.survey is not listed in per-application setting
02-21 00:43:52.264 19879 19879 V GraphicsEnvironment: ANGLE allowlist from config: 
02-21 00:43:52.264 19879 19879 V GraphicsEnvironment: No special selections for ANGLE, returning default driver choice
02-21 00:43:52.264 19879 19879 V GraphicsEnvironment: Neither updatable production driver nor prerelease driver is supported.
02-21 00:43:52.273 19879 19879 D AppRingLogStore: installed: dir=/data/user/0/com.negi.survey/files/diagnostics/applog_ring idx=0
02-21 00:43:52.274 19879 19879 D CrashCapture: install: ensured default handler. where=SurveyApp:attachBaseContext pid=19879 default=com.negi.survey.CrashCapture$CrashHandler@c280a86
02-21 00:43:52.279 19879 19892 D RuntimeLogStore: openWriter: start -> /data/user/0/com.negi.survey/files/diagnostics/runtime_logs/rtlog_20260221_084352_278_pid19879_seq1.log (bytes=0 format=LEGACY)
02-21 00:43:52.283 19879 19892 D RuntimeLogStore: retention: start files=3 kept=3 totalBytes=1563
02-21 00:43:52.284 19879 19879 D WM-PackageManagerHelper: Skipping component enablement for androidx.work.impl.background.systemjob.SystemJobService
02-21 00:43:52.285 19879 19879 D WM-Schedulers: Created SystemJobScheduler and enabled SystemJobService
02-21 00:43:52.287 19879 19894 D WM-ForceStopRunnable: Is default app process = true
02-21 00:43:52.287 19879 19894 D WM-ForceStopRunnable: Performing cleanup operations.
02-21 00:43:52.291 19879 19894 E ashmem  : Pinning is deprecated since Android Q. Please use trim or other methods.
02-21 00:43:52.299 19879 19894 D WM-SystemJobScheduler: Reconciling jobs
02-21 00:43:52.306 19879 19894 D WM-ForceStopRunnable: Application was force-stopped, rescheduling.
02-21 00:43:52.311 19879 19894 D WM-SystemJobScheduler: Scheduling work ID 8930edce-e516-486f-a2e6-10a09285f512Job ID 312
02-21 00:43:52.326 19879 19879 D github_upload: choosePolicy: uniqueName=upload_runtime_logs_startup policy=KEEP states=[ENQUEUED]
02-21 00:43:52.326 19879 19879 D github_upload: enqueueStartupRuntimeLogsUpload: uniqueName=upload_runtime_logs_startup policy=KEEP
02-21 00:43:52.330 19879 19879 D CrashCapture: install: ensured default handler. where=SurveyApp:onCreate(rewrap) pid=19879 default=com.negi.survey.CrashCapture$CrashHandler@c280a86
02-21 00:43:52.331 19879 19879 D CrashCapture: registerSelfHealing: ActivityLifecycleCallbacks registered. mode=onResumedOnly
02-21 00:43:52.332 19879 19899 D CrashCapture: enqueuePendingCrashUploadsIfPossible enter where=SurveyApp:enqueuePending(immediate):bg pid=19879 thread=CrashCapture-Enqueue
02-21 00:43:52.340 19879 19900 D UploadRescheduleRcvr: No GitHub pending files for action=android.intent.action.BOOT_COMPLETED
02-21 00:43:52.343 19879 19905 I DisplayManager: Choreographer implicitly registered for the refresh rate.
02-21 00:43:52.344 19879 19905 D vulkan  : searching for layers in '/data/app/~~nABo99uFVYjXunPDFrWD6g==/com.negi.survey-L825VD9lVRIBhfJUkM2B3Q==/lib/arm64'
02-21 00:43:52.344 19879 19905 D vulkan  : searching for layers in '/data/app/~~nABo99uFVYjXunPDFrWD6g==/com.negi.survey-L825VD9lVRIBhfJUkM2B3Q==/base.apk!/lib/arm64-v8a'
02-21 00:43:52.346 19879 19879 D DesktopExperienceFlags: Toggle override initialized to: false
02-21 00:43:52.349 19879 19879 D CrashCapture: install: ensured default handler. where=install(legacy) pid=19879 default=com.negi.survey.CrashCapture$CrashHandler@c280a86
02-21 00:43:52.351 19879 19900 D github_upload: choosePolicy: uniqueName=upload_runtime_logs_startup policy=KEEP states=[ENQUEUED]
02-21 00:43:52.351 19879 19900 D github_upload: enqueueStartupRuntimeLogsUpload: uniqueName=upload_runtime_logs_startup policy=KEEP
02-21 00:43:52.351 19879 19900 D UploadRescheduleRcvr: Enqueued runtime logs upload for action=android.intent.action.BOOT_COMPLETED reason=receiver_boot_completed
02-21 00:43:52.354 19879 19909 D CrashCapture: enqueuePendingCrashUploadsIfPossible skipped (already running). where=enqueue(legacy):bg
02-21 00:43:52.354 19879 19879 D CompatChangeReporter: Compat change id reported: 377864165; UID 14738; state: ENABLED
02-21 00:43:52.354 19879 19879 D DesktopModeFlags: Toggle override initialized to: OVERRIDE_UNSET
02-21 00:43:52.360 19879 19898 D WM-PackageManagerHelper: Skipping component enablement for androidx.work.impl.background.systemalarm.RescheduleReceiver
02-21 00:43:52.360 19879 19879 I ContentCaptureHelper: Setting logging level to OFF
02-21 00:43:52.361 19879 19879 D CrashCapture: install: ensured default handler. where=selfHeal:onActivityResumed pid=19879 default=com.negi.survey.CrashCapture$CrashHandler@c280a86
02-21 00:43:52.387 19879 19879 D WM-RescheduleReceiver: Received intent Intent { act=android.intent.action.BOOT_COMPLETED flg=0x9000030 pkg=com.negi.survey cmp=com.negi.survey/androidx.work.impl.background.systemalarm.RescheduleReceiver (has extras) }
02-21 00:43:52.397 19879 19879 D WindowOnBackDispatcher: setTopOnBackInvokedCallback (unwrapped): android.app.Activity$$ExternalSyntheticLambda0@4d9c9d7
02-21 00:43:52.436 19879 19879 E VibratorInfo: Invalid frequency profile received from HAL. resonantFrequencyHz=NaN, frequenciesHz=null, outputAccelerationsGs=null
02-21 00:43:52.471 19879 19879 D VRI[MainActivity]: WindowInsets changed: 1080x2424 statusBars:[0,152,0,0] navigationBars:[0,0,0,69] mandatorySystemGestures:[0,187,0,92] 
02-21 00:43:52.476 19879 19879 I HWUI    : Using FreeType backend (prop=Auto)
02-21 00:43:52.536 19879 19879 D IntroScreen: Resolved config details: id=survey_config10.yaml in 12ms
