=== Previous Session Logcat ===
captured_time_utc=20260221_060411
captured_time_local=20260220_220411
marker=2026-02-20 21:56:01.409
preferred_prev_pid=-1
note=best-effort; buffers may be overwritten before next start
sdk=36
device=Google Pixel 9a
appId=com.negi.survey
versionName=0.0.1
versionCode=1

=== Logcat (since marker) ===
--------- beginning of system
02-20 21:56:01.440 10515 10515 D InsetsController: hide(ime())
02-20 21:56:02.606 10515 10515 W NotificationManager: Shedding notify (update) of NotificationKey[user=UserHandle{0}, pkg=com.negi.survey, tag=null, id=5612], rate limit (5.0) exceeded: input 9.568529, output would be 6.707761
02-20 21:56:03.610 10515 10515 W NotificationManager: Shedding notify (update) of NotificationKey[user=UserHandle{0}, pkg=com.negi.survey, tag=null, id=4512], rate limit (5.0) exceeded: input 131.06949, output would be 6.753608
02-20 21:56:04.614 10515 10515 W NotificationManager: Shedding notify (update) of NotificationKey[user=UserHandle{0}, pkg=com.negi.survey, tag=null, id=8497], rate limit (5.0) exceeded: input 201.668, output would be 5.649518
02-20 21:56:06.412 10515 10515 W NotificationManager: Shedding notify (update) of NotificationKey[user=UserHandle{0}, pkg=com.negi.survey, tag=null, id=4725], rate limit (5.0) exceeded: input 8.863193, output would be 5.4409127
02-20 21:56:07.511 10515 10515 W NotificationManager: Shedding notify (update) of NotificationKey[user=UserHandle{0}, pkg=com.negi.survey, tag=null, id=11113], rate limit (5.0) exceeded: input 43.349476, output would be 5.740449
02-20 21:56:08.511 10515 10515 W NotificationManager: Shedding notify (update) of NotificationKey[user=UserHandle{0}, pkg=com.negi.survey, tag=null, id=8497], rate limit (5.0) exceeded: input 517.3676, output would be 6.070051
02-20 21:56:11.253 10515 10515 W NotificationManager: Shedding notify (update) of NotificationKey[user=UserHandle{0}, pkg=com.negi.survey, tag=null, id=4725], rate limit (5.0) exceeded: input 9.269931, output would be 5.747001
02-20 21:56:52.155 10515 10515 D InsetsController: show(ime())
02-20 21:56:52.165 10515 10515 D InsetsController: Setting requestedVisibleTypes to 511 (was 503)
02-20 21:56:52.188 10515 10515 D InsetsController: show(ime())
02-20 21:57:04.065 10515 10515 D InsetsController: hide(ime())
02-20 21:57:04.067 10515 10515 D InsetsController: Setting requestedVisibleTypes to 503 (was 511)
02-20 21:57:29.586 10515 10515 D InsetsController: show(ime())
02-20 21:57:29.587 10515 10515 D InsetsController: Setting requestedVisibleTypes to 511 (was 503)
02-20 21:57:29.592 10515 10515 D InsetsController: show(ime())
02-20 21:57:39.433 10515 10515 D InsetsController: show(ime())
02-20 21:57:39.452 10515 10515 D InsetsController: show(ime())
02-20 21:57:46.306 10515 10515 D InsetsController: hide(ime())
02-20 21:57:46.307 10515 10515 D InsetsController: Setting requestedVisibleTypes to 503 (was 511)
02-20 21:58:10.002 10515 10515 D InsetsController: show(ime())
02-20 21:58:10.002 10515 10515 D InsetsController: Setting requestedVisibleTypes to 511 (was 503)
02-20 21:58:10.022 10515 10515 D InsetsController: show(ime())
02-20 21:58:35.913 10515 10515 D InsetsController: show(ime())
02-20 21:58:35.924 10515 10515 D InsetsController: show(ime())
02-20 21:58:40.817 10515 10515 D InsetsController: hide(ime())
02-20 21:58:40.817 10515 10515 D InsetsController: Setting requestedVisibleTypes to 503 (was 511)
02-20 21:59:03.546 10515 10515 D InsetsController: show(ime())
02-20 21:59:03.547 10515 10515 D InsetsController: Setting requestedVisibleTypes to 511 (was 503)
02-20 21:59:03.551 10515 10515 D InsetsController: show(ime())
02-20 21:59:26.706 10515 10515 D InsetsController: show(ime())
02-20 21:59:26.731 10515 10515 D InsetsController: show(ime())
02-20 21:59:28.092 10515 10515 D InsetsController: show(ime())
02-20 21:59:28.121 10515 10515 D InsetsController: show(ime())
02-20 21:59:29.544 10515 10515 D InsetsController: show(ime())
02-20 21:59:29.574 10515 10515 D InsetsController: show(ime())
02-20 21:59:35.965 10515 10515 D InsetsController: hide(ime())
02-20 21:59:35.966 10515 10515 D InsetsController: Setting requestedVisibleTypes to 503 (was 511)
02-20 21:59:56.763 10515 10515 D InsetsController: show(ime())
02-20 21:59:56.763 10515 10515 D InsetsController: Setting requestedVisibleTypes to 511 (was 503)
02-20 21:59:56.775 10515 10515 D InsetsController: show(ime())
02-20 22:00:08.144 10515 10515 D InsetsController: show(ime())
02-20 22:00:08.164 10515 10515 D InsetsController: show(ime())
02-20 22:00:11.519 10515 10515 D InsetsController: hide(ime())
02-20 22:00:11.521 10515 10515 D InsetsController: Setting requestedVisibleTypes to 503 (was 511)
02-20 22:00:32.227 10515 10515 D InsetsController: show(ime())
02-20 22:00:32.228 10515 10515 D InsetsController: Setting requestedVisibleTypes to 511 (was 503)
02-20 22:00:32.232 10515 10515 D InsetsController: show(ime())
02-20 22:00:33.825 10515 10515 D InsetsController: show(ime())
02-20 22:00:33.833 10515 10515 D InsetsController: show(ime())
02-20 22:00:35.885 10515 10515 D InsetsController: hide(ime())
02-20 22:00:35.886 10515 10515 D InsetsController: Setting requestedVisibleTypes to 503 (was 511)
--------- beginning of main
02-20 22:00:36.124 10515 10515 I ImeTracker: system_server:4c12bfe1: onCancelled at PHASE_CLIENT_ON_CONTROLS_CHANGED
02-20 22:00:36.206 10515 10906 I native  : I0000 00:00:1771653636.206595   10906 session_basic.cc:350] RunPrefillAsync status: OK
02-20 22:00:36.206 10515 10906 I native  : I0000 00:00:1771653636.206757   10906 session_basic.cc:470] RunDecodeAsync
02-20 22:00:45.606 10515 10521 I com.negi.survey: Background concurrent mark compact GC freed 23MB AllocSpace bytes, 0(0B) LOS objects, 79% free, 6437KB/30MB, paused 1.730ms,2.594ms total 120.983ms
02-20 22:00:51.724 10515 11068 I native  : I0000 00:00:1771653651.724589   11068 model_data_processor_factory.cc:266] Creating Gemma3DataProcessor
02-20 22:00:51.732 10515 11068 I native  : I0000 00:00:1771653651.732023   11068 session_basic.cc:312] RunPrefillAsync: 
02-20 22:00:51.732 10515 11068 I native  : I0000 00:00:1771653651.732248   11068 session_basic.cc:314] <start_of_turn>user
02-20 22:00:51.732 10515 11068 I native  : You are a well-known farmer survey expert. Read the Question and the Answer.
02-20 22:00:51.732 10515 11068 I native  : OUTPUT FORMAT:
02-20 22:00:51.732 10515 11068 I native  : - In English.
02-20 22:00:51.732 10515 11068 I native  : - Return ONLY the follow-up question as plain text on ONE LINE.
02-20 22:00:51.732 10515 11068 I native  : - Do NOT output JSON.
02-20 22:00:51.732 10515 11068 I native  : - Do NOT wrap the question in quotes.
02-20 22:00:51.732 10515 11068 I native  : - No prefixes, no bullet points, no extra text.
02-20 22:00:51.732 10515 11068 I native  : 
02-20 22:00:51.732 10515 11068 I native  : RULES:
02-20 22:00:51.732 10515 11068 I native  : - Use ONLY the EVAL JSON input.
02-20 22:00:51.732 10515 11068 I native  : - If followup_needed is false, output an EMPTY string (no characters).
02-20 22:00:51.732 10515 11068 I native  : - If true, target exactly followup_target.
02-20 22:00:51.732 10515 11068 I native  : - Single-scope, concrete, answerable immediately.
02-20 22:00:51.732 10515 11068 I native  : - Do not introduce new topics or additional objectives.
02-20 22:00:51.732 10515 11068 I native  : LENGTH LIMITS:
02-20 22:00:51.732 10515 11068 I native  : - follow-up question (text)<=120 chars
02-20 22:00:51.732 10515 11068 I native  : Scoring rule: Judge ONLY content relevance/completeness/accuracy. Do NOT penalize style or formatting.
02-20 22:00:51.732 10515 11068 I native  : STRICT OUTPUT (NO MARKDOWN):
02-20 22:00:51.732 10515 11068 I native  : - If the task is EVAL: output RAW JSON only, ONE LINE.
02-20 22:00:51.732 10515 11068 I native  :   - Use COMPACT JSON (no spaces around ':' and ',').
02-20 22:00:51.732 10515 11068 I native  :   - No extra text.
02-20 22:00:51.732 10515 11068 I native  : - If the task is FOLLOWUP: output ONLY the follow-up question as plain text on ONE LINE, or EMPTY output if none.
02-20 22:00:51.732 10515 11068 I native  :   - No JSON, no quotes, no extra text.
02-20 22:00:51.732 10515 11068 I native  : Respond with an empty JSON object: {}
02-20 22:00:51.732 10515 11068 I native  : INPUT:
02-20 22:00:51.732 10515 11068 I native  : Task: FOLLOWUP
02-20 22:00:51.732 10515 11068 I native  : - Read the EVAL JSON.
02-20 22:00:51.732 10515 11068 I native  : - If followup_needed is false: output EMPTY (no characters).
02-20 22:00:51.732 10515 11068 I native  : - If true: output ONE follow-up question as plain text, one line, targeting exactly followup_target.
02-20 22:00:51.732 10515 11068 I native  : - Do NOT output JSON.
02-20 22:00:51.732 10515 11068 I native  : 
02-20 22:00:51.732 10515 11068 I native  : EVAL_JSON: {"analysis": "Answer is giberish and irrelevant.", "weakness": "No yield loss data provided. The answer is nonsensical and doesn't address the question.", "followup_needed": true, "followup_target": "Please provide yield loss data for the last 3 seasons (percent or bags per acre).", "score": 1}<end_of_turn>
02-20 22:00:51.732 10515 11068 I native  : <start_of_turn>model
02-20 22:00:51.987 10515 10906 I native  : I0000 00:00:1771653651.987187   10906 session_basic.cc:350] RunPrefillAsync status: OK
02-20 22:00:51.987 10515 10906 I native  : I0000 00:00:1771653651.987379   10906 session_basic.cc:470] RunDecodeAsync
02-20 22:00:57.230 10515 10515 D InsetsController: show(ime())
02-20 22:00:57.230 10515 10515 I ImeTracker: com.negi.survey:f75c65bd: onRequestShow at ORIGIN_CLIENT reason SHOW_SOFT_INPUT_BY_INSETS_API fromUser false
02-20 22:00:57.230 10515 10515 D InsetsController: Setting requestedVisibleTypes to 511 (was 503)
02-20 22:00:57.235 10515 10515 I ImeTracker: com.negi.survey:d1730f9a: onRequestShow at ORIGIN_CLIENT reason SHOW_SOFT_INPUT fromUser false
02-20 22:00:57.235 10515 10515 D InsetsController: show(ime())
02-20 22:00:57.235 10515 10515 I ImeTracker: com.negi.survey:d1730f9a: onCancelled at PHASE_CLIENT_REPORT_REQUESTED_VISIBLE_TYPES
02-20 22:00:57.304 10515 10515 D WindowOnBackDispatcher: setTopOnBackInvokedCallback (unwrapped): android.view.ImeBackAnimationController@7de535e
02-20 22:00:57.407 10515 10515 D VRI[MainActivity]: WindowInsets changed: ime:[0,0,0,1043] 
02-20 22:00:57.409 10515 10942 I native  : I0000 00:00:1771653657.409705   10942 model_data_processor_factory.cc:266] Creating Gemma3DataProcessor
02-20 22:00:57.758 10515 10515 I ImeTracker: com.negi.survey:f75c65bd: onShown
02-20 22:01:12.035 10515 10521 I com.negi.survey: Background concurrent mark compact GC freed 23MB AllocSpace bytes, 0(0B) LOS objects, 78% free, 6853KB/30MB, paused 7.107ms,9.594ms total 277.092ms
02-20 22:01:24.289 10515 10521 I com.negi.survey: Background young concurrent mark compact GC freed 24MB AllocSpace bytes, 0(0B) LOS objects, 78% free, 6621KB/30MB, paused 1.628ms,2.252ms total 120.972ms
02-20 22:01:37.180 10515 10521 I com.negi.survey: Background concurrent mark compact GC freed 24MB AllocSpace bytes, 0(0B) LOS objects, 78% free, 6737KB/30MB, paused 3.034ms,4.381ms total 247.698ms
02-20 22:01:49.116 10515 10521 W com.negi.survey: Suspending all threads took: 11.453ms
02-20 22:01:49.162 10515 10521 I com.negi.survey: Background young concurrent mark compact GC freed 23MB AllocSpace bytes, 0(0B) LOS objects, 78% free, 6757KB/30MB, paused 13.224ms,2.660ms total 195.356ms
02-20 22:02:02.164 10515 10521 I com.negi.survey: Background concurrent mark compact GC freed 23MB AllocSpace bytes, 20(400KB) LOS objects, 79% free, 6341KB/30MB, paused 950us,4.886ms total 140.143ms
02-20 22:02:15.138 10515 10521 I com.negi.survey: Background young concurrent mark compact GC freed 24MB AllocSpace bytes, 0(0B) LOS objects, 79% free, 6257KB/30MB, paused 379us,2.075ms total 184.608ms
02-20 22:02:25.800 10515 10521 I com.negi.survey: Background concurrent mark compact GC freed 24MB AllocSpace bytes, 0(0B) LOS objects, 79% free, 6305KB/30MB, paused 2.877ms,5.144ms total 220.464ms
02-20 22:03:04.424 10515 10521 I com.negi.survey: Background young concurrent mark compact GC freed 24MB AllocSpace bytes, 0(0B) LOS objects, 79% free, 6305KB/30MB, paused 2.537ms,3.272ms total 104.353ms
02-20 22:03:13.341 10515 10521 I com.negi.survey: Background concurrent mark compact GC freed 23MB AllocSpace bytes, 0(0B) LOS objects, 79% free, 6369KB/30MB, paused 2.634ms,3.332ms total 136.879ms
02-20 22:04:11.558 11457 11457 I libc    : SetHeapTaggingLevel: tag level set to 0
02-20 22:04:11.567 11457 11457 I Zygote  : Process 11457 created for com.negi.survey
02-20 22:04:11.567 11457 11457 I com.negi.survey: Using CollectorTypeCMC GC.
02-20 22:04:11.581 11457 11457 D nativeloader: Load libframework-connectivity-tiramisu-jni.so using APEX ns com_android_tethering for caller /apex/com.android.tethering/javalib/framework-connectivity-t.jar: ok
02-20 22:04:11.625 11457 11457 D ApplicationLoaders: Returning zygote-cached class loader: /system_ext/framework/androidx.window.extensions.jar
02-20 22:04:11.625 11457 11457 D ApplicationLoaders: Returning zygote-cached class loader: /system_ext/framework/androidx.window.sidecar.jar
02-20 22:04:11.640 11457 11457 D nativeloader: Configuring clns-9 for other apk /data/app/~~mf3OpGiTfT2kFbzRV8iN1g==/com.negi.survey-FRYLyz6NxPtGeYS0UTu2qg==/base.apk. target_sdk_version=36, uses_libraries=libOpenCL.so:libOpenCL-pixel.so, library_path=/data/app/~~mf3OpGiTfT2kFbzRV8iN1g==/com.negi.survey-FRYLyz6NxPtGeYS0UTu2qg==/lib/arm64:/data/app/~~mf3OpGiTfT2kFbzRV8iN1g==/com.negi.survey-FRYLyz6NxPtGeYS0UTu2qg==/base.apk!/lib/arm64-v8a, permitted_path=/data:/mnt/expand:/data/user/0/com.negi.survey
02-20 22:04:11.646 11457 11457 V GraphicsEnvironment: Currently set values for:
02-20 22:04:11.646 11457 11457 V GraphicsEnvironment:   angle_gl_driver_selection_pkgs=[com.android.angle, com.google.android.apps.tachyon]
02-20 22:04:11.646 11457 11457 V GraphicsEnvironment:   angle_gl_driver_selection_values=[angle, native]
02-20 22:04:11.646 11457 11457 V GraphicsEnvironment: com.negi.survey is not listed in per-application setting
02-20 22:04:11.646 11457 11457 V GraphicsEnvironment: ANGLE allowlist from config: 
02-20 22:04:11.646 11457 11457 V GraphicsEnvironment: No special selections for ANGLE, returning default driver choice
02-20 22:04:11.646 11457 11457 V GraphicsEnvironment: Neither updatable production driver nor prerelease driver is supported.
02-20 22:04:11.654 11457 11457 D AppRingLogStore: installed: dir=/data/user/0/com.negi.survey/files/diagnostics/applog_ring idx=0
02-20 22:04:11.655 11457 11457 D CrashCapture: install: ensured default handler. where=SurveyApp:attachBaseContext pid=11457 default=com.negi.survey.CrashCapture$CrashHandler@c280a86
02-20 22:04:11.657 11457 11491 D RuntimeLogStore: openWriter: start -> /data/user/0/com.negi.survey/files/diagnostics/runtime_logs/rtlog_20260221_060411_653_pid11457_seq1.log (bytes=0 format=LEGACY)
02-20 22:04:11.661 11457 11491 D RuntimeLogStore: retention: start files=4 kept=4 totalBytes=268380
02-20 22:04:11.666 11457 11457 D WM-PackageManagerHelper: Skipping component enablement for androidx.work.impl.background.systemjob.SystemJobService
02-20 22:04:11.666 11457 11457 D WM-Schedulers: Created SystemJobScheduler and enabled SystemJobService
02-20 22:04:11.668 11457 11493 D WM-ForceStopRunnable: Is default app process = true
02-20 22:04:11.669 11457 11493 D WM-ForceStopRunnable: Performing cleanup operations.
02-20 22:04:11.682 11457 11493 E ashmem  : Pinning is deprecated since Android Q. Please use trim or other methods.
02-20 22:04:11.698 11457 11493 D WM-SystemJobScheduler: Reconciling jobs
02-20 22:04:11.708 11457 11493 D WM-ForceStopRunnable: Application was force-stopped, rescheduling.
02-20 22:04:11.725 11457 11457 D github_upload: choosePolicy: uniqueName=upload_runtime_logs_startup policy=REPLACE states=[FAILED]
02-20 22:04:11.725 11457 11457 D github_upload: enqueueStartupRuntimeLogsUpload: uniqueName=upload_runtime_logs_startup policy=REPLACE
02-20 22:04:11.726 11457 11457 D CrashCapture: install: ensured default handler. where=SurveyApp:onCreate(rewrap) pid=11457 default=com.negi.survey.CrashCapture$CrashHandler@c280a86
02-20 22:04:11.726 11457 11457 D CrashCapture: registerSelfHealing: ActivityLifecycleCallbacks registered. mode=onResumedOnly
02-20 22:04:11.727 11457 11498 D CrashCapture: enqueuePendingCrashUploadsIfPossible enter where=SurveyApp:enqueuePending(immediate):bg pid=11457 thread=CrashCapture-Enqueue
02-20 22:04:11.737 11457 11501 I DisplayManager: Choreographer implicitly registered for the refresh rate.
02-20 22:04:11.738 11457 11501 D vulkan  : searching for layers in '/data/app/~~mf3OpGiTfT2kFbzRV8iN1g==/com.negi.survey-FRYLyz6NxPtGeYS0UTu2qg==/lib/arm64'
02-20 22:04:11.738 11457 11501 D vulkan  : searching for layers in '/data/app/~~mf3OpGiTfT2kFbzRV8iN1g==/com.negi.survey-FRYLyz6NxPtGeYS0UTu2qg==/base.apk!/lib/arm64-v8a'
02-20 22:04:11.740 11457 11499 D UploadRescheduleRcvr: No GitHub pending files for action=android.intent.action.BOOT_COMPLETED
02-20 22:04:11.740 11457 11457 D DesktopExperienceFlags: Toggle override initialized to: false
02-20 22:04:11.752 11457 11497 D WM-SystemJobScheduler: Scheduling work ID 4e52acc1-2709-4b81-a1c2-1f099c8c84b6Job ID 189
02-20 22:04:11.755 11457 11457 D CrashCapture: install: ensured default handler. where=install(legacy) pid=11457 default=com.negi.survey.CrashCapture$CrashHandler@c280a86
02-20 22:04:11.757 11457 11509 D CrashCapture: enqueuePendingCrashUploadsIfPossible skipped (already running). where=enqueue(legacy):bg
02-20 22:04:11.776 11457 11497 D WM-GreedyScheduler: Starting tracking for 4e52acc1-2709-4b81-a1c2-1f099c8c84b6
02-20 22:04:11.779 11457 11499 D github_upload: choosePolicy: uniqueName=upload_runtime_logs_startup policy=KEEP states=[ENQUEUED]
02-20 22:04:11.779 11457 11499 D github_upload: enqueueStartupRuntimeLogsUpload: uniqueName=upload_runtime_logs_startup policy=KEEP
02-20 22:04:11.779 11457 11499 D UploadRescheduleRcvr: Enqueued runtime logs upload for action=android.intent.action.BOOT_COMPLETED reason=receiver_boot_completed
02-20 22:04:11.782 11457 11457 D CompatChangeReporter: Compat change id reported: 377864165; UID 14738; state: ENABLED
02-20 22:04:11.782 11457 11457 D DesktopModeFlags: Toggle override initialized to: OVERRIDE_UNSET
02-20 22:04:11.783 11457 11497 D WM-PackageManagerHelper: androidx.work.impl.background.systemalarm.RescheduleReceiver enabled
02-20 22:04:11.785 11457 11497 D WM-ConstraintTracker: NetworkStateTracker24: initial state = NetworkState(isConnected=true, isValidated=true, isMetered=false, isNotRoaming=true, isBlocked=false)
02-20 22:04:11.785 11457 11497 D WM-NetworkStateTracker: Registering network callback
02-20 22:04:11.788 11457 11457 I ContentCaptureHelper: Setting logging level to OFF
02-20 22:04:11.790 11457 11457 D CrashCapture: install: ensured default handler. where=selfHeal:onActivityResumed pid=11457 default=com.negi.survey.CrashCapture$CrashHandler@c280a86
02-20 22:04:11.791 11457 11497 D WM-GreedyScheduler: Constraints met: Scheduling work ID WorkGenerationalId(workSpecId=4e52acc1-2709-4b81-a1c2-1f099c8c84b6, generation=0)
02-20 22:04:11.792 11457 11514 D WM-NetworkStateTracker: Network capabilities changed: [ Transports: WIFI Capabilities: NOT_METERED&INTERNET&NOT_RESTRICTED&TRUSTED&NOT_VPN&VALIDATED&NOT_ROAMING&FOREGROUND&NOT_CONGESTED&NOT_SUSPENDED&NOT_VCN_MANAGED&NOT_BANDWIDTH_CONSTRAINED LinkUpBandwidth>=13861Kbps LinkDnBandwidth>=102533Kbps TransportInfo: <SSID: <unknown ssid>, BSSID: 02:00:00:00:00:00, MAC: 02:00:00:00:00:00, IP: /192.168.1.27, Security type: 2, Supplicant state: COMPLETED, Wi-Fi standard: 11ac, RSSI: -30, Link speed: 866Mbps, Tx Link speed: 866Mbps, Max Supported Tx Link speed: 866Mbps, Rx Link speed: 866Mbps, Max Supported Rx Link speed: 866Mbps, Frequency: 5805MHz, Net ID: -1, Metered hint: false, score: 60, isUsable: true, CarrierMerged: false, SubscriptionId: -1, IsPrimary: -1, Trusted: true, Restricted: false, Ephemeral: false, OEM paid: false, OEM private: false, OSU AP: false, FQDN: <none>, Provider friendly name: <none>, Requesting package name: <none><none>MLO Information: , Is TID-To-Link negotiation supported by the AP: false, AP MLD Address: <none>, AP MLO Link Id: <none>, AP MLO Affiliated links: <none>, Vendor Data: <none>> SignalStrength: -30 UnderlyingNetworks: Null]
02-20 22:04:11.792 11457 11514 D WM-NetworkStateTracker: Network blocked status changed: false
02-20 22:04:11.798 11457 11497 D WM-Processor: Processor: processing WorkGenerationalId(workSpecId=4e52acc1-2709-4b81-a1c2-1f099c8c84b6, generation=0)
