=== Previous Session Logcat ===
captured_time_utc=20260221_051535
captured_time_local=20260220_211535
marker=2026-02-20 21:13:47.847
preferred_prev_pid=-1
note=best-effort; buffers may be overwritten before next start
sdk=36
device=Google Pixel 9a
appId=com.negi.survey
versionName=0.0.1
versionCode=1

=== Logcat (since marker) ===
--------- beginning of system
02-20 21:13:47.847  7513  7541 I DisplayManager: Choreographer implicitly registered for the refresh rate.
02-20 21:13:47.951  7513  7513 E VibratorInfo: Invalid frequency profile received from HAL. resonantFrequencyHz=NaN, frequenciesHz=null, outputAccelerationsGs=null
02-20 21:13:48.204  7513  7513 D InsetsController: hide(ime())
--------- beginning of main
02-20 21:13:48.482  7513  7535 D WM-SystemJobScheduler: Scheduling work ID 163356d0-3836-4c53-99a1-49b06c9fb34fJob ID 120
02-20 21:13:48.505  7513  7535 D WM-GreedyScheduler: Starting tracking for 75c6b849-fc06-4eef-8cab-5dfe16f0e4fa,ee46778b-1e48-4830-91b5-d0f6b99be0e0,3fe421fe-7077-4b69-9528-7265f5509328,f1039a2f-6788-4fa8-86ff-bba6285a429b,09e2d974-7eb9-4a4c-9408-de44137adf4b,163356d0-3836-4c53-99a1-49b06c9fb34f,3c27c0cc-aee3-4bdb-80f9-d1a0111be3e3,6414096e-e3f5-4ce4-856e-cc79f6c533e8,db32b4a8-fbf6-4335-935e-c32eed8bf92f,2d69b540-b583-4e81-a7a1-7aaefafda654,ed17e3b9-0003-4605-a61a-a364c7276c54,29d418bb-d817-4e02-b85f-e642df628732
02-20 21:13:48.520  7513  7513 D WM-SystemJobService: onStartJob for WorkGenerationalId(workSpecId=163356d0-3836-4c53-99a1-49b06c9fb34f, generation=0)
02-20 21:13:48.525  7513  7535 D WM-SystemJobScheduler: Scheduling work ID 63573f0c-de4a-46b3-a11a-014268d71965Job ID 121
02-20 21:13:48.542  7513  7535 D WM-GreedyScheduler: Starting tracking for 63573f0c-de4a-46b3-a11a-014268d71965,3fe421fe-7077-4b69-9528-7265f5509328,f1039a2f-6788-4fa8-86ff-bba6285a429b,09e2d974-7eb9-4a4c-9408-de44137adf4b,163356d0-3836-4c53-99a1-49b06c9fb34f,3c27c0cc-aee3-4bdb-80f9-d1a0111be3e3,75c6b849-fc06-4eef-8cab-5dfe16f0e4fa,ee46778b-1e48-4830-91b5-d0f6b99be0e0,6414096e-e3f5-4ce4-856e-cc79f6c533e8,db32b4a8-fbf6-4335-935e-c32eed8bf92f,2d69b540-b583-4e81-a7a1-7aaefafda654,ed17e3b9-0003-4605-a61a-a364c7276c54,29d418bb-d817-4e02-b85f-e642df628732
02-20 21:13:48.547  7513  7535 D WM-SystemJobScheduler: Scheduling work ID 02409150-f9c7-4cea-b1bf-2b0486bd5d0fJob ID 122
02-20 21:13:48.553  7513  7513 D WM-SystemJobService: onStartJob for WorkGenerationalId(workSpecId=63573f0c-de4a-46b3-a11a-014268d71965, generation=0)
02-20 21:13:48.555  7513  7535 D WM-GreedyScheduler: Starting tracking for 63573f0c-de4a-46b3-a11a-014268d71965,3fe421fe-7077-4b69-9528-7265f5509328,f1039a2f-6788-4fa8-86ff-bba6285a429b,09e2d974-7eb9-4a4c-9408-de44137adf4b,163356d0-3836-4c53-99a1-49b06c9fb34f,3c27c0cc-aee3-4bdb-80f9-d1a0111be3e3,02409150-f9c7-4cea-b1bf-2b0486bd5d0f,75c6b849-fc06-4eef-8cab-5dfe16f0e4fa,ee46778b-1e48-4830-91b5-d0f6b99be0e0,6414096e-e3f5-4ce4-856e-cc79f6c533e8,db32b4a8-fbf6-4335-935e-c32eed8bf92f,2d69b540-b583-4e81-a7a1-7aaefafda654,ed17e3b9-0003-4605-a61a-a364c7276c54,29d418bb-d817-4e02-b85f-e642df628732
02-20 21:13:48.560  7513  7535 D WM-SystemJobScheduler: Scheduling work ID 5eaae8dc-dbd5-45af-95ba-cc6e126a8a58Job ID 123
02-20 21:13:48.576  7513  7513 D WM-SystemJobService: onStartJob for WorkGenerationalId(workSpecId=02409150-f9c7-4cea-b1bf-2b0486bd5d0f, generation=0)
02-20 21:13:48.583  7513  7535 D WM-GreedyScheduler: Starting tracking for 63573f0c-de4a-46b3-a11a-014268d71965,3fe421fe-7077-4b69-9528-7265f5509328,f1039a2f-6788-4fa8-86ff-bba6285a429b,5eaae8dc-dbd5-45af-95ba-cc6e126a8a58,09e2d974-7eb9-4a4c-9408-de44137adf4b,163356d0-3836-4c53-99a1-49b06c9fb34f,3c27c0cc-aee3-4bdb-80f9-d1a0111be3e3,02409150-f9c7-4cea-b1bf-2b0486bd5d0f,75c6b849-fc06-4eef-8cab-5dfe16f0e4fa,ee46778b-1e48-4830-91b5-d0f6b99be0e0,6414096e-e3f5-4ce4-856e-cc79f6c533e8,db32b4a8-fbf6-4335-935e-c32eed8bf92f,2d69b540-b583-4e81-a7a1-7aaefafda654,ed17e3b9-0003-4605-a61a-a364c7276c54,29d418bb-d817-4e02-b85f-e642df628732
02-20 21:13:48.586  7513  7513 D WM-SystemJobService: onStartJob for WorkGenerationalId(workSpecId=5eaae8dc-dbd5-45af-95ba-cc6e126a8a58, generation=0)
02-20 21:13:48.619  7513  7535 D WM-SystemJobScheduler: Scheduling work ID bfdd613c-9782-4de9-b76c-de9fc5641bb1Job ID 124
02-20 21:13:48.629  7513  7535 D WM-GreedyScheduler: Starting tracking for 63573f0c-de4a-46b3-a11a-014268d71965,3fe421fe-7077-4b69-9528-7265f5509328,f1039a2f-6788-4fa8-86ff-bba6285a429b,5eaae8dc-dbd5-45af-95ba-cc6e126a8a58,09e2d974-7eb9-4a4c-9408-de44137adf4b,163356d0-3836-4c53-99a1-49b06c9fb34f,3c27c0cc-aee3-4bdb-80f9-d1a0111be3e3,02409150-f9c7-4cea-b1bf-2b0486bd5d0f,bfdd613c-9782-4de9-b76c-de9fc5641bb1,75c6b849-fc06-4eef-8cab-5dfe16f0e4fa,ee46778b-1e48-4830-91b5-d0f6b99be0e0,6414096e-e3f5-4ce4-856e-cc79f6c533e8,db32b4a8-fbf6-4335-935e-c32eed8bf92f,2d69b540-b583-4e81-a7a1-7aaefafda654,ed17e3b9-0003-4605-a61a-a364c7276c54,29d418bb-d817-4e02-b85f-e642df628732
02-20 21:13:48.636  7513  7513 D WM-SystemJobService: onStartJob for WorkGenerationalId(workSpecId=bfdd613c-9782-4de9-b76c-de9fc5641bb1, generation=0)
02-20 21:13:48.648  7513  7535 D WM-SystemJobScheduler: Scheduling work ID 4f4e5c42-9e26-49cc-b020-d7f495e16d0cJob ID 125
02-20 21:13:48.656  7513  7513 D WM-SystemJobService: onStartJob for WorkGenerationalId(workSpecId=4f4e5c42-9e26-49cc-b020-d7f495e16d0c, generation=0)
02-20 21:13:48.661  7513  7535 D WM-GreedyScheduler: Starting tracking for 63573f0c-de4a-46b3-a11a-014268d71965,3fe421fe-7077-4b69-9528-7265f5509328,f1039a2f-6788-4fa8-86ff-bba6285a429b,5eaae8dc-dbd5-45af-95ba-cc6e126a8a58,09e2d974-7eb9-4a4c-9408-de44137adf4b,163356d0-3836-4c53-99a1-49b06c9fb34f,3c27c0cc-aee3-4bdb-80f9-d1a0111be3e3,02409150-f9c7-4cea-b1bf-2b0486bd5d0f,bfdd613c-9782-4de9-b76c-de9fc5641bb1,4f4e5c42-9e26-49cc-b020-d7f495e16d0c,75c6b849-fc06-4eef-8cab-5dfe16f0e4fa,ee46778b-1e48-4830-91b5-d0f6b99be0e0,6414096e-e3f5-4ce4-856e-cc79f6c533e8,db32b4a8-fbf6-4335-935e-c32eed8bf92f,2d69b540-b583-4e81-a7a1-7aaefafda654,ed17e3b9-0003-4605-a61a-a364c7276c54,29d418bb-d817-4e02-b85f-e642df628732
02-20 21:13:48.666  7513  7535 D WM-SystemJobScheduler: Scheduling work ID efc19f01-75b8-4ee8-93b8-126b78bdee3aJob ID 126
02-20 21:13:48.678  7513  7535 D WM-GreedyScheduler: Starting tracking for 63573f0c-de4a-46b3-a11a-014268d71965,3fe421fe-7077-4b69-9528-7265f5509328,f1039a2f-6788-4fa8-86ff-bba6285a429b,5eaae8dc-dbd5-45af-95ba-cc6e126a8a58,09e2d974-7eb9-4a4c-9408-de44137adf4b,163356d0-3836-4c53-99a1-49b06c9fb34f,3c27c0cc-aee3-4bdb-80f9-d1a0111be3e3,02409150-f9c7-4cea-b1bf-2b0486bd5d0f,efc19f01-75b8-4ee8-93b8-126b78bdee3a,bfdd613c-9782-4de9-b76c-de9fc5641bb1,4f4e5c42-9e26-49cc-b020-d7f495e16d0c,75c6b849-fc06-4eef-8cab-5dfe16f0e4fa,ee46778b-1e48-4830-91b5-d0f6b99be0e0,6414096e-e3f5-4ce4-856e-cc79f6c533e8,db32b4a8-fbf6-4335-935e-c32eed8bf92f,2d69b540-b583-4e81-a7a1-7aaefafda654,ed17e3b9-0003-4605-a61a-a364c7276c54,29d418bb-d817-4e02-b85f-e642df628732
02-20 21:13:48.681  7513  7535 D WM-Processor: Processor: processing WorkGenerationalId(workSpecId=75c6b849-fc06-4eef-8cab-5dfe16f0e4fa, generation=0)
02-20 21:13:48.682  7513  7535 D WM-Processor: Processor: processing WorkGenerationalId(workSpecId=29d418bb-d817-4e02-b85f-e642df628732, generation=0)
02-20 21:13:48.683  7513  7535 D WM-Processor: Processor: processing WorkGenerationalId(workSpecId=ee46778b-1e48-4830-91b5-d0f6b99be0e0, generation=0)
02-20 21:13:48.684  7513  7535 D WM-Processor: Processor: processing WorkGenerationalId(workSpecId=db32b4a8-fbf6-4335-935e-c32eed8bf92f, generation=0)
02-20 21:13:48.689  7513  7535 D WM-Processor: Processor: processing WorkGenerationalId(workSpecId=2d69b540-b583-4e81-a7a1-7aaefafda654, generation=0)
02-20 21:13:48.690  7513  7535 D WM-Processor: Processor: processing WorkGenerationalId(workSpecId=3c27c0cc-aee3-4bdb-80f9-d1a0111be3e3, generation=0)
02-20 21:13:48.695  7513  7535 D WM-Processor: Processor: processing WorkGenerationalId(workSpecId=3fe421fe-7077-4b69-9528-7265f5509328, generation=0)
02-20 21:13:48.696  7513  7513 D WM-SystemJobService: onStartJob for WorkGenerationalId(workSpecId=efc19f01-75b8-4ee8-93b8-126b78bdee3a, generation=0)
02-20 21:13:48.697  7513  7535 D WM-Processor: Processor: processing WorkGenerationalId(workSpecId=6414096e-e3f5-4ce4-856e-cc79f6c533e8, generation=0)
02-20 21:13:48.698  7513  7535 D WM-Processor: Processor: processing WorkGenerationalId(workSpecId=ed17e3b9-0003-4605-a61a-a364c7276c54, generation=0)
02-20 21:13:48.699  7513  7535 D WM-Processor: Processor: processing WorkGenerationalId(workSpecId=f1039a2f-6788-4fa8-86ff-bba6285a429b, generation=0)
02-20 21:13:48.705  7513  7535 D WM-Processor: Processor: processing WorkGenerationalId(workSpecId=09e2d974-7eb9-4a4c-9408-de44137adf4b, generation=0)
02-20 21:13:48.706  7513  7535 D WM-Processor: Processor: processing WorkGenerationalId(workSpecId=163356d0-3836-4c53-99a1-49b06c9fb34f, generation=0)
02-20 21:13:48.720  7513  7535 D WM-PackageManagerHelper: androidx.work.impl.background.systemalarm.RescheduleReceiver enabled
02-20 21:13:48.723  7513  7535 D WM-Processor: Processor: processing WorkGenerationalId(workSpecId=63573f0c-de4a-46b3-a11a-014268d71965, generation=0)
02-20 21:13:48.725  7513  7535 D WM-Processor: Processor: processing WorkGenerationalId(workSpecId=02409150-f9c7-4cea-b1bf-2b0486bd5d0f, generation=0)
02-20 21:13:48.729  7513  7535 D WM-Processor: Processor: processing WorkGenerationalId(workSpecId=5eaae8dc-dbd5-45af-95ba-cc6e126a8a58, generation=0)
02-20 21:13:48.731  7513  7535 D WM-Processor: Processor: processing WorkGenerationalId(workSpecId=bfdd613c-9782-4de9-b76c-de9fc5641bb1, generation=0)
02-20 21:13:48.737  7513  7535 D WM-Processor: Processor: processing WorkGenerationalId(workSpecId=4f4e5c42-9e26-49cc-b020-d7f495e16d0c, generation=0)
02-20 21:13:48.748  7513  7513 D WM-WorkerWrapper: Starting work for com.negi.survey.net.GitHubUploadWorker
02-20 21:13:48.755  7513  7513 D WM-WorkerWrapper: Starting work for com.negi.survey.net.GitHubUploadWorker
02-20 21:13:48.756  7513  7513 D WM-WorkerWrapper: Starting work for com.negi.survey.net.GitHubUploadWorker
02-20 21:13:48.764  7513  7513 D WM-WorkerWrapper: Starting work for com.negi.survey.net.GitHubUploadWorker
02-20 21:13:48.773  7513  7513 D WM-WorkerWrapper: Starting work for com.negi.survey.net.GitHubUploadWorker
02-20 21:13:48.775  7513  7513 D WM-WorkerWrapper: Starting work for com.negi.survey.net.GitHubUploadWorker
02-20 21:13:48.780  7513  7535 D WM-ConstraintTracker: NetworkStateTracker24: initial state = NetworkState(isConnected=true, isValidated=true, isMetered=false, isNotRoaming=true, isBlocked=false)
02-20 21:13:48.780  7513  7535 D WM-NetworkStateTracker: Registering network callback
02-20 21:13:48.794  7513  7569 D WM-NetworkStateTracker: Network capabilities changed: [ Transports: WIFI Capabilities: NOT_METERED&INTERNET&NOT_RESTRICTED&TRUSTED&NOT_VPN&VALIDATED&NOT_ROAMING&FOREGROUND&NOT_CONGESTED&NOT_SUSPENDED&NOT_VCN_MANAGED&NOT_BANDWIDTH_CONSTRAINED LinkUpBandwidth>=13861Kbps LinkDnBandwidth>=102533Kbps TransportInfo: <SSID: <unknown ssid>, BSSID: 02:00:00:00:00:00, MAC: 02:00:00:00:00:00, IP: /192.168.1.27, Security type: 2, Supplicant state: COMPLETED, Wi-Fi standard: 11ac, RSSI: -30, Link speed: 866Mbps, Tx Link speed: 866Mbps, Max Supported Tx Link speed: 866Mbps, Rx Link speed: 866Mbps, Max Supported Rx Link speed: 866Mbps, Frequency: 5805MHz, Net ID: -1, Metered hint: false, score: 60, isUsable: true, CarrierMerged: false, SubscriptionId: -1, IsPrimary: -1, Trusted: true, Restricted: false, Ephemeral: false, OEM paid: false, OEM private: false, OSU AP: false, FQDN: <none>, Provider friendly name: <none>, Requesting package name: <none><none>MLO Information: , Is TID-To-Link negotiation supported by the AP: false, AP MLD Address: <none>, AP MLO Link Id: <none>, AP MLO Affiliated links: <none>, Vendor Data: <none>> SignalStrength: -30 UnderlyingNetworks: Null]
02-20 21:13:48.796  7513  7569 D WM-NetworkStateTracker: Network blocked status changed: false
02-20 21:13:48.796  7513  7513 D WM-WorkerWrapper: Starting work for com.negi.survey.net.GitHubUploadWorker
02-20 21:13:48.798  7513  7535 D WM-Processor: Processor: processing WorkGenerationalId(workSpecId=efc19f01-75b8-4ee8-93b8-126b78bdee3a, generation=0)
02-20 21:13:48.810  7513  7513 D WM-WorkerWrapper: Starting work for com.negi.survey.net.GitHubUploadWorker
02-20 21:13:48.814  7513  7513 D WM-WorkerWrapper: Starting work for com.negi.survey.net.GitHubUploadWorker
02-20 21:13:48.819  7513  7513 D WM-WorkerWrapper: Starting work for com.negi.survey.net.GitHubUploadWorker
02-20 21:13:48.823  7513  7513 D WM-WorkerWrapper: Starting work for com.negi.survey.net.GitHubUploadWorker
02-20 21:13:48.825  7513  7513 D WM-WorkerWrapper: Starting work for com.negi.survey.net.GitHubUploadWorker
02-20 21:13:48.828  7513  7513 D WM-WorkerWrapper: Starting work for com.negi.survey.net.GitHubUploadWorker
02-20 21:13:48.830  7513  7513 D WM-WorkerWrapper: Starting work for com.negi.survey.net.GitHubUploadWorker
02-20 21:13:48.834  7513  7513 D WM-WorkerWrapper: Starting work for com.negi.survey.net.GitHubUploadWorker
02-20 21:13:48.838  7513  7513 D WM-WorkerWrapper: Starting work for com.negi.survey.net.GitHubUploadWorker
02-20 21:13:48.840  7513  7513 D WM-WorkerWrapper: Starting work for com.negi.survey.net.GitHubUploadWorker
02-20 21:13:48.844  7513  7535 I WM-Processor: Moving WorkSpec (75c6b849-fc06-4eef-8cab-5dfe16f0e4fa) to the foreground
02-20 21:13:48.855  7513  7513 I WM-SystemFgDispatcher: Started foreground service Intent { act=ACTION_START_FOREGROUND xflg=0x4 cmp=com.negi.survey/androidx.work.impl.foreground.SystemForegroundService (has extras) }
02-20 21:13:48.856  7513  7513 D WM-SystemFgDispatcher: Notifying with (id:9522, workSpecId: 75c6b849-fc06-4eef-8cab-5dfe16f0e4fa, notificationType :1)
02-20 21:13:48.857  7513  7513 D WM-SystemFgDispatcher: Notifying with (id:9522, workSpecId: 75c6b849-fc06-4eef-8cab-5dfe16f0e4fa, notificationType :1)
02-20 21:13:48.862  7513  7535 I WM-Processor: Moving WorkSpec (29d418bb-d817-4e02-b85f-e642df628732) to the foreground
02-20 21:13:48.864  7513  7540 D GitHubUploader: uploadStream: owner=ishizuki-tech repo=SurveyExports branch=main path=diagnostics/crash/2026-02-21/applog_prev_20260221_045927_pid6564.log size=411 maxRawBytesHint=1000000 maxRequestBytesHint=2800000
02-20 21:13:48.871  7513  7513 I WM-SystemFgDispatcher: Started foreground service Intent { act=ACTION_START_FOREGROUND xflg=0x4 cmp=com.negi.survey/androidx.work.impl.foreground.SystemForegroundService (has extras) }
02-20 21:13:48.871  7513  7513 D WM-SystemFgDispatcher: Notifying with (id:7091, workSpecId: 29d418bb-d817-4e02-b85f-e642df628732, notificationType :1)
02-20 21:13:48.881  7513  7513 D WM-SystemFgDispatcher: Notifying with (id:7091, workSpecId: 29d418bb-d817-4e02-b85f-e642df628732, notificationType :1)
02-20 21:13:48.884  7513  7535 I WM-Processor: Moving WorkSpec (ee46778b-1e48-4830-91b5-d0f6b99be0e0) to the foreground
02-20 21:13:48.886  7513  7513 I WM-SystemFgDispatcher: Started foreground service Intent { act=ACTION_START_FOREGROUND xflg=0x4 cmp=com.negi.survey/androidx.work.impl.foreground.SystemForegroundService (has extras) }
02-20 21:13:48.887  7513  7513 D WM-SystemFgDispatcher: Notifying with (id:6712, workSpecId: ee46778b-1e48-4830-91b5-d0f6b99be0e0, notificationType :1)
02-20 21:13:48.891  7513  7513 D WM-SystemFgDispatcher: Notifying with (id:6712, workSpecId: ee46778b-1e48-4830-91b5-d0f6b99be0e0, notificationType :1)
02-20 21:13:48.896  7513  7535 I WM-Processor: Moving WorkSpec (db32b4a8-fbf6-4335-935e-c32eed8bf92f) to the foreground
02-20 21:13:48.897  7513  7543 D GitHubUploader: uploadStream: owner=ishizuki-tech repo=SurveyExports branch=main path=diagnostics/crash/2026-02-21/prevlog_20260221_045927_pid6564.log size=17973 maxRawBytesHint=1000000 maxRequestBytesHint=2800000
02-20 21:13:48.899  7513  7513 I WM-SystemFgDispatcher: Started foreground service Intent { act=ACTION_START_FOREGROUND xflg=0x4 cmp=com.negi.survey/androidx.work.impl.foreground.SystemForegroundService (has extras) }
02-20 21:13:48.899  7513  7513 D WM-SystemFgDispatcher: Notifying with (id:7360, workSpecId: db32b4a8-fbf6-4335-935e-c32eed8bf92f, notificationType :1)
02-20 21:13:48.918  7513  7513 D WM-SystemFgDispatcher: Notifying with (id:7360, workSpecId: db32b4a8-fbf6-4335-935e-c32eed8bf92f, notificationType :1)
02-20 21:13:49.287  7513  7513 W NotificationManager: Shedding notify (update) of NotificationKey[user=UserHandle{0}, pkg=com.negi.survey, tag=null, id=6686], rate limit (5.0) exceeded: input 9.754966, output would be 6.8384824
02-20 21:13:49.764  7513  7537 I WM-Processor: Moving WorkSpec (5eaae8dc-dbd5-45af-95ba-cc6e126a8a58) to the foreground
02-20 21:13:49.770  7513  7537 D WM-GreedyScheduler: Constraints met: Scheduling work ID WorkGenerationalId(workSpecId=bfdd613c-9782-4de9-b76c-de9fc5641bb1, generation=0)
02-20 21:13:49.770  7513  7537 D WM-GreedyScheduler: Constraints met: Scheduling work ID WorkGenerationalId(workSpecId=4f4e5c42-9e26-49cc-b020-d7f495e16d0c, generation=0)
02-20 21:13:49.771  7513  7537 D WM-GreedyScheduler: Constraints met: Scheduling work ID WorkGenerationalId(workSpecId=efc19f01-75b8-4ee8-93b8-126b78bdee3a, generation=0)
02-20 21:13:49.772  7513  7537 D WM-Processor: Work WorkGenerationalId(workSpecId=75c6b849-fc06-4eef-8cab-5dfe16f0e4fa, generation=0) is already enqueued for processing
02-20 21:13:49.772  7513  7537 D WM-Processor: Work WorkGenerationalId(workSpecId=ee46778b-1e48-4830-91b5-d0f6b99be0e0, generation=0) is already enqueued for processing
02-20 21:13:49.774  7513  7537 D WM-Processor: Work WorkGenerationalId(workSpecId=db32b4a8-fbf6-4335-935e-c32eed8bf92f, generation=0) is already enqueued for processing
02-20 21:13:49.774  7513  7537 D WM-WorkProgressUpdater: Updating progress for bfdd613c-9782-4de9-b76c-de9fc5641bb1 (Data {pct : 10, mode : file})
02-20 21:13:49.775  7513  7537 I WM-Processor: Moving WorkSpec (bfdd613c-9782-4de9-b76c-de9fc5641bb1) to the foreground
02-20 21:13:49.776  7513  7537 D WM-WorkProgressUpdater: Updating progress for bfdd613c-9782-4de9-b76c-de9fc5641bb1 (Data {pct : 90, mode : file})
02-20 21:13:49.778  7513  7537 I WM-Processor: Moving WorkSpec (bfdd613c-9782-4de9-b76c-de9fc5641bb1) to the foreground
02-20 21:13:49.779  7513  7537 D WM-WorkProgressUpdater: Updating progress for efc19f01-75b8-4ee8-93b8-126b78bdee3a (Data {pct : 10, mode : file})
02-20 21:13:49.780  7513  7537 I WM-Processor: Moving WorkSpec (efc19f01-75b8-4ee8-93b8-126b78bdee3a) to the foreground
02-20 21:13:49.781  7513  7537 D WM-WorkProgressUpdater: Updating progress for efc19f01-75b8-4ee8-93b8-126b78bdee3a (Data {pct : 90, mode : file})
02-20 21:13:49.782  7513  7537 I WM-Processor: Moving WorkSpec (efc19f01-75b8-4ee8-93b8-126b78bdee3a) to the foreground
02-20 21:13:49.783  7513  7537 D WM-WorkProgressUpdater: Updating progress for 4f4e5c42-9e26-49cc-b020-d7f495e16d0c (Data {pct : 10, mode : file})
02-20 21:13:49.784  7513  7535 I WM-Processor: Moving WorkSpec (4f4e5c42-9e26-49cc-b020-d7f495e16d0c) to the foreground
02-20 21:13:49.790  7513  7513 D WM-SystemFgDispatcher: Notifying with (id:8833, workSpecId: 5eaae8dc-dbd5-45af-95ba-cc6e126a8a58, notificationType :1)
02-20 21:13:49.795  7513  7513 D WM-SystemFgDispatcher: Notifying with (id:5171, workSpecId: bfdd613c-9782-4de9-b76c-de9fc5641bb1, notificationType :1)
02-20 21:13:49.797  7513  7513 D WM-SystemFgDispatcher: Notifying with (id:5171, workSpecId: bfdd613c-9782-4de9-b76c-de9fc5641bb1, notificationType :1)
02-20 21:13:49.797  7513  7513 D WM-SystemFgDispatcher: Notifying with (id:10359, workSpecId: efc19f01-75b8-4ee8-93b8-126b78bdee3a, notificationType :1)
02-20 21:13:49.798  7513  7513 D WM-SystemFgDispatcher: Notifying with (id:10359, workSpecId: efc19f01-75b8-4ee8-93b8-126b78bdee3a, notificationType :1)
02-20 21:13:49.802  7513  7513 D WM-SystemFgDispatcher: Notifying with (id:10046, workSpecId: 4f4e5c42-9e26-49cc-b020-d7f495e16d0c, notificationType :1)
02-20 21:13:49.818  7513  7535 D WM-Processor: Work WorkGenerationalId(workSpecId=2d69b540-b583-4e81-a7a1-7aaefafda654, generation=0) is already enqueued for processing
02-20 21:13:49.825  7513  7535 D WM-Processor: Work WorkGenerationalId(workSpecId=3c27c0cc-aee3-4bdb-80f9-d1a0111be3e3, generation=0) is already enqueued for processing
02-20 21:13:49.825  7513  7535 D WM-WorkProgressUpdater: Updating progress for 4f4e5c42-9e26-49cc-b020-d7f495e16d0c (Data {pct : 90, mode : file})
02-20 21:13:49.826  7513  7535 I WM-Processor: Moving WorkSpec (4f4e5c42-9e26-49cc-b020-d7f495e16d0c) to the foreground
02-20 21:13:49.828  7513  7535 D WM-Processor: Work WorkGenerationalId(workSpecId=3fe421fe-7077-4b69-9528-7265f5509328, generation=0) is already enqueued for processing
02-20 21:13:49.828  7513  7535 D WM-Processor: Work WorkGenerationalId(workSpecId=6414096e-e3f5-4ce4-856e-cc79f6c533e8, generation=0) is already enqueued for processing
02-20 21:13:49.833  7513  7513 D WM-SystemFgDispatcher: Notifying with (id:10046, workSpecId: 4f4e5c42-9e26-49cc-b020-d7f495e16d0c, notificationType :1)
02-20 21:13:49.838  7513  7536 D WM-Processor: Work WorkGenerationalId(workSpecId=ed17e3b9-0003-4605-a61a-a364c7276c54, generation=0) is already enqueued for processing
02-20 21:13:49.839  7513  7536 D WM-Processor: Work WorkGenerationalId(workSpecId=f1039a2f-6788-4fa8-86ff-bba6285a429b, generation=0) is already enqueued for processing
02-20 21:13:49.845  7513  7536 D WM-Processor: Work WorkGenerationalId(workSpecId=09e2d974-7eb9-4a4c-9408-de44137adf4b, generation=0) is already enqueued for processing
02-20 21:13:49.849  7513  7536 D WM-Processor: Work WorkGenerationalId(workSpecId=163356d0-3836-4c53-99a1-49b06c9fb34f, generation=0) is already enqueued for processing
02-20 21:13:49.858  7513  7536 D WM-Processor: Work WorkGenerationalId(workSpecId=63573f0c-de4a-46b3-a11a-014268d71965, generation=0) is already enqueued for processing
02-20 21:13:49.860  7513  7536 D WM-Processor: Work WorkGenerationalId(workSpecId=02409150-f9c7-4cea-b1bf-2b0486bd5d0f, generation=0) is already enqueued for processing
02-20 21:13:49.861  7513  7536 D WM-Processor: Work WorkGenerationalId(workSpecId=5eaae8dc-dbd5-45af-95ba-cc6e126a8a58, generation=0) is already enqueued for processing
02-20 21:13:49.862  7513  7536 D WM-WorkProgressUpdater: Updating progress for 3fe421fe-7077-4b69-9528-7265f5509328 (Data {pct : 95, mode : file})
02-20 21:13:49.872  7513  7536 I WM-Processor: Moving WorkSpec (3fe421fe-7077-4b69-9528-7265f5509328) to the foreground
02-20 21:13:49.876  7513  7537 I WM-Processor: Moving WorkSpec (3fe421fe-7077-4b69-9528-7265f5509328) to the foreground
02-20 21:13:49.884  7513  7535 I WM-WorkerWrapper: Worker result SUCCESS for Work [ id=3fe421fe-7077-4b69-9528-7265f5509328, tags={ com.negi.survey.net.GitHubUploadWorker,github_upload,github_upload:crash:diagnostics_crash_crash_20260221_034328_pid1338_tid1338_u668369.log.gz } ]
02-20 21:13:49.885  7513  7513 D WM-SystemFgDispatcher: Notifying with (id:8854, workSpecId: 3fe421fe-7077-4b69-9528-7265f5509328, notificationType :1)
02-20 21:13:49.888  7513  7513 D WM-SystemFgDispatcher: Notifying with (id:8854, workSpecId: 3fe421fe-7077-4b69-9528-7265f5509328, notificationType :1)
02-20 21:13:49.905  7513  7535 D WM-Processor: Work WorkGenerationalId(workSpecId=bfdd613c-9782-4de9-b76c-de9fc5641bb1, generation=0) is already enqueued for processing
02-20 21:13:49.906  7513  7535 D WM-Processor: Work WorkGenerationalId(workSpecId=4f4e5c42-9e26-49cc-b020-d7f495e16d0c, generation=0) is already enqueued for processing
02-20 21:13:49.906  7513  7535 D WM-Processor: Work WorkGenerationalId(workSpecId=efc19f01-75b8-4ee8-93b8-126b78bdee3a, generation=0) is already enqueued for processing
02-20 21:13:49.917  7513  7513 D WM-Processor: Processor 3fe421fe-7077-4b69-9528-7265f5509328 executed; reschedule = false
02-20 21:13:49.918  7513  7513 D WM-GreedyScheduler: Stopping tracking for WorkGenerationalId(workSpecId=3fe421fe-7077-4b69-9528-7265f5509328, generation=0)
02-20 21:13:49.918  7513  7513 D WM-SystemJobService: 3fe421fe-7077-4b69-9528-7265f5509328 executed on JobScheduler
02-20 21:13:49.918  7513  7513 D WM-SystemFgDispatcher: Removing Notification (id: 8854, workSpecId: WorkGenerationalId(workSpecId=3fe421fe-7077-4b69-9528-7265f5509328, generation=0), notificationType: 1
02-20 21:13:49.921  7513  7535 D WM-GreedyScheduler: Cancelling work ID 3fe421fe-7077-4b69-9528-7265f5509328
02-20 21:13:49.936  7513  7513 D WM-SystemJobService: onStopJob for WorkGenerationalId(workSpecId=3fe421fe-7077-4b69-9528-7265f5509328, generation=0)
02-20 21:13:50.095  7513  7531 D RuntimeLogStore: openWriter: rotate:plain_snapshot:app_start -> /data/user/0/com.negi.survey/files/diagnostics/runtime_logs/rtlog_20260221_051350_094_pid7513_seq2.log (bytes=0 format=LEGACY)
02-20 21:13:50.096  7513  7531 D RuntimeLogStore: retention: rotate:plain_snapshot:app_start files=3 kept=3 totalBytes=2957
02-20 21:13:50.116  7513  7589 D github_upload: doRuntimeLogsUpload: remoteBaseDir=diagnostics/runtime_logs/2026-02-21/runtime_logs_20260220_211350_pid7513_app_start toUpload=3 bytes=4078 dedupe=true deleteSource=true deletedSourcePre=0 preview='plain_logs_manifest_20260221_051350_098_pid7513_app_start.json|runtime_log_20260221_051350_098_pid7513_app_start__rtlog_20260221_051347_749_pid7513_seq1.log|runtime_log_20260221_051350_098_pid7513_app_start__rtlog_20260221_045929_141_pid6564_seq2.log'
02-20 21:13:50.128  7513  7589 D GitHubUploader: uploadStream: owner=ishizuki-tech repo=SurveyExports branch=main path=diagnostics/runtime_logs/2026-02-21/runtime_logs_20260220_211350_pid7513_app_start/plain_logs_manifest_20260221_051350_098_pid7513_app_start.json size=1442 maxRawBytesHint=1000000 maxRequestBytesHint=2800000
02-20 21:13:50.129  7513  7533 D WM-WorkProgressUpdater: Updating progress for 29d418bb-d817-4e02-b85f-e642df628732 (Data {pct : 10, mode : startup_runtime_logs})
02-20 21:13:50.130  7513  7533 I WM-Processor: Moving WorkSpec (29d418bb-d817-4e02-b85f-e642df628732) to the foreground
02-20 21:13:50.135  7513  7513 D WM-SystemFgDispatcher: Notifying with (id:7091, workSpecId: 29d418bb-d817-4e02-b85f-e642df628732, notificationType :1)
02-20 21:13:50.238  7513  7535 D WM-WorkProgressUpdater: Updating progress for 29d418bb-d817-4e02-b85f-e642df628732 (Data {pct : 12, mode : startup_runtime_logs})
02-20 21:13:50.241  7513  7535 I WM-Processor: Moving WorkSpec (29d418bb-d817-4e02-b85f-e642df628732) to the foreground
02-20 21:13:50.244  7513  7535 D WM-WorkProgressUpdater: Updating progress for 29d418bb-d817-4e02-b85f-e642df628732 (Data {pct : 33, mode : startup_runtime_logs})
02-20 21:13:50.249  7513  7513 D WM-SystemFgDispatcher: Notifying with (id:7091, workSpecId: 29d418bb-d817-4e02-b85f-e642df628732, notificationType :1)
02-20 21:13:50.253  7513  7535 I WM-Processor: Moving WorkSpec (29d418bb-d817-4e02-b85f-e642df628732) to the foreground
02-20 21:13:50.266  7513  7513 D WM-SystemFgDispatcher: Notifying with (id:7091, workSpecId: 29d418bb-d817-4e02-b85f-e642df628732, notificationType :1)
02-20 21:13:50.784  7513  7589 D GitHubUploader: uploadStream: done url=https://github.com/ishizuki-tech/SurveyExports/blob/main/diagnostics/runtime_logs/2026-02-21/runtime_logs_20260220_211350_pid7513_app_start/plain_logs_manifest_20260221_051350_098_pid7513_app_start.json sha=4451a894cf93f44ffe7ffdaca816ba93742067a6
02-20 21:13:50.784  7513  7537 D WM-WorkProgressUpdater: Updating progress for 29d418bb-d817-4e02-b85f-e642df628732 (Data {pct : 34, mode : startup_runtime_logs})
02-20 21:13:50.785  7513  7589 D GitHubUploader: uploadStream: owner=ishizuki-tech repo=SurveyExports branch=main path=diagnostics/runtime_logs/2026-02-21/runtime_logs_20260220_211350_pid7513_app_start/runtime_log_20260221_051350_098_pid7513_app_start__rtlog_20260221_051347_749_pid7513_seq1.log size=1689 maxRawBytesHint=1000000 maxRequestBytesHint=2800000
02-20 21:13:50.790  7513  7537 I WM-Processor: Moving WorkSpec (29d418bb-d817-4e02-b85f-e642df628732) to the foreground
02-20 21:13:50.791  7513  7537 D WM-WorkProgressUpdater: Updating progress for 29d418bb-d817-4e02-b85f-e642df628732 (Data {pct : 36, mode : startup_runtime_logs})
02-20 21:13:50.793  7513  7537 I WM-Processor: Moving WorkSpec (29d418bb-d817-4e02-b85f-e642df628732) to the foreground
02-20 21:13:50.795  7513  7513 D WM-SystemFgDispatcher: Notifying with (id:7091, workSpecId: 29d418bb-d817-4e02-b85f-e642df628732, notificationType :1)
02-20 21:13:50.803  7513  7513 D WM-SystemFgDispatcher: Notifying with (id:7091, workSpecId: 29d418bb-d817-4e02-b85f-e642df628732, notificationType :1)
02-20 21:13:50.828  7513  7535 D WM-WorkProgressUpdater: Updating progress for 2d69b540-b583-4e81-a7a1-7aaefafda654 (Data {pct : 60, mode : file})
02-20 21:13:50.833  7513  7535 I WM-Processor: Moving WorkSpec (2d69b540-b583-4e81-a7a1-7aaefafda654) to the foreground
02-20 21:13:50.837  7513  7537 D WM-WorkProgressUpdater: Updating progress for 2d69b540-b583-4e81-a7a1-7aaefafda654 (Data {pct : 90, mode : file})
02-20 21:13:50.841  7513  7537 I WM-Processor: Moving WorkSpec (2d69b540-b583-4e81-a7a1-7aaefafda654) to the foreground
02-20 21:13:50.846  7513  7537 D WM-WorkProgressUpdater: Updating progress for db32b4a8-fbf6-4335-935e-c32eed8bf92f (Data {pct : 29, mode : file})
02-20 21:13:50.848  7513  7513 D WM-SystemFgDispatcher: Notifying with (id:5425, workSpecId: 2d69b540-b583-4e81-a7a1-7aaefafda654, notificationType :1)
02-20 21:13:50.849  7513  7513 W NotificationManager: Shedding notify (update) of NotificationKey[user=UserHandle{0}, pkg=com.negi.survey, tag=null, id=5425], rate limit (5.0) exceeded: input 12.013153, output would be 5.340728
02-20 21:13:50.851  7513  7513 D WM-SystemFgDispatcher: Notifying with (id:5425, workSpecId: 2d69b540-b583-4e81-a7a1-7aaefafda654, notificationType :1)
02-20 21:13:50.853  7513  7537 I WM-Processor: Moving WorkSpec (db32b4a8-fbf6-4335-935e-c32eed8bf92f) to the foreground
02-20 21:13:50.855  7513  7536 D WM-WorkProgressUpdater: Updating progress for db32b4a8-fbf6-4335-935e-c32eed8bf92f (Data {pct : 49, mode : file})
02-20 21:13:50.858  7513  7535 I WM-Processor: Moving WorkSpec (db32b4a8-fbf6-4335-935e-c32eed8bf92f) to the foreground
02-20 21:13:50.864  7513  7535 D WM-WorkProgressUpdater: Updating progress for db32b4a8-fbf6-4335-935e-c32eed8bf92f (Data {pct : 69, mode : file})
02-20 21:13:50.866  7513  7513 D WM-SystemFgDispatcher: Notifying with (id:7360, workSpecId: db32b4a8-fbf6-4335-935e-c32eed8bf92f, notificationType :1)
02-20 21:13:50.867  7513  7535 I WM-Processor: Moving WorkSpec (db32b4a8-fbf6-4335-935e-c32eed8bf92f) to the foreground
02-20 21:13:50.869  7513  7513 D WM-SystemFgDispatcher: Notifying with (id:7360, workSpecId: db32b4a8-fbf6-4335-935e-c32eed8bf92f, notificationType :1)
02-20 21:13:50.875  7513  7535 D WM-WorkProgressUpdater: Updating progress for db32b4a8-fbf6-4335-935e-c32eed8bf92f (Data {pct : 89, mode : file})
02-20 21:13:50.881  7513  7535 I WM-Processor: Moving WorkSpec (db32b4a8-fbf6-4335-935e-c32eed8bf92f) to the foreground
02-20 21:13:50.881  7513  7513 D WM-SystemFgDispatcher: Notifying with (id:7360, workSpecId: db32b4a8-fbf6-4335-935e-c32eed8bf92f, notificationType :1)
02-20 21:13:50.884  7513  7535 D WM-WorkProgressUpdater: Updating progress for db32b4a8-fbf6-4335-935e-c32eed8bf92f (Data {pct : 90, mode : file})
02-20 21:13:50.887  7513  7535 I WM-Processor: Moving WorkSpec (db32b4a8-fbf6-4335-935e-c32eed8bf92f) to the foreground
02-20 21:13:50.894  7513  7535 D WM-WorkProgressUpdater: Updating progress for ed17e3b9-0003-4605-a61a-a364c7276c54 (Data {pct : 76, mode : file})
02-20 21:13:50.895  7513  7535 I WM-Processor: Moving WorkSpec (ed17e3b9-0003-4605-a61a-a364c7276c54) to the foreground
02-20 21:13:50.898  7513  7535 D WM-WorkProgressUpdater: Updating progress for ed17e3b9-0003-4605-a61a-a364c7276c54 (Data {pct : 90, mode : file})
02-20 21:13:50.898  7513  7513 D WM-SystemFgDispatcher: Notifying with (id:7360, workSpecId: db32b4a8-fbf6-4335-935e-c32eed8bf92f, notificationType :1)
02-20 21:13:50.903  7513  7513 D WM-SystemFgDispatcher: Notifying with (id:7360, workSpecId: db32b4a8-fbf6-4335-935e-c32eed8bf92f, notificationType :1)
02-20 21:13:50.906  7513  7513 D WM-SystemFgDispatcher: Notifying with (id:8954, workSpecId: ed17e3b9-0003-4605-a61a-a364c7276c54, notificationType :1)
02-20 21:13:50.909  7513  7535 I WM-Processor: Moving WorkSpec (ed17e3b9-0003-4605-a61a-a364c7276c54) to the foreground
02-20 21:13:50.917  7513  7536 D WM-WorkProgressUpdater: Updating progress for 29d418bb-d817-4e02-b85f-e642df628732 (Data {pct : 38, mode : startup_runtime_logs})
02-20 21:13:50.926  7513  7536 I WM-Processor: Moving WorkSpec (29d418bb-d817-4e02-b85f-e642df628732) to the foreground
02-20 21:13:50.935  7513  7513 D WM-SystemFgDispatcher: Notifying with (id:8954, workSpecId: ed17e3b9-0003-4605-a61a-a364c7276c54, notificationType :1)
02-20 21:13:50.938  7513  7513 D WM-SystemFgDispatcher: Notifying with (id:7091, workSpecId: 29d418bb-d817-4e02-b85f-e642df628732, notificationType :1)
02-20 21:13:50.940  7513  7536 D WM-WorkProgressUpdater: Updating progress for 29d418bb-d817-4e02-b85f-e642df628732 (Data {pct : 60, mode : startup_runtime_logs})
02-20 21:13:50.941  7513  7536 I WM-Processor: Moving WorkSpec (29d418bb-d817-4e02-b85f-e642df628732) to the foreground
02-20 21:13:50.945  7513  7536 D WM-WorkProgressUpdater: Updating progress for 5eaae8dc-dbd5-45af-95ba-cc6e126a8a58 (Data {pct : 79, mode : file})
02-20 21:13:50.947  7513  7536 I WM-Processor: Moving WorkSpec (5eaae8dc-dbd5-45af-95ba-cc6e126a8a58) to the foreground
02-20 21:13:50.948  7513  7513 D WM-SystemFgDispatcher: Notifying with (id:7091, workSpecId: 29d418bb-d817-4e02-b85f-e642df628732, notificationType :1)
02-20 21:13:50.952  7513  7513 D WM-SystemFgDispatcher: Notifying with (id:8833, workSpecId: 5eaae8dc-dbd5-45af-95ba-cc6e126a8a58, notificationType :1)
02-20 21:13:50.952  7513  7536 D WM-WorkProgressUpdater: Updating progress for 5eaae8dc-dbd5-45af-95ba-cc6e126a8a58 (Data {pct : 90, mode : file})
02-20 21:13:50.956  7513  7536 I WM-Processor: Moving WorkSpec (5eaae8dc-dbd5-45af-95ba-cc6e126a8a58) to the foreground
02-20 21:13:50.958  7513  7513 D WM-SystemFgDispatcher: Notifying with (id:8833, workSpecId: 5eaae8dc-dbd5-45af-95ba-cc6e126a8a58, notificationType :1)
02-20 21:13:50.978  7513  7533 D WM-WorkProgressUpdater: Updating progress for ee46778b-1e48-4830-91b5-d0f6b99be0e0 (Data {pct : 46, mode : file})
02-20 21:13:50.981  7513  7533 I WM-Processor: Moving WorkSpec (ee46778b-1e48-4830-91b5-d0f6b99be0e0) to the foreground
02-20 21:13:50.985  7513  7513 D WM-SystemFgDispatcher: Notifying with (id:6712, workSpecId: ee46778b-1e48-4830-91b5-d0f6b99be0e0, notificationType :1)
02-20 21:13:50.990  7513  7533 D WM-WorkProgressUpdater: Updating progress for ee46778b-1e48-4830-91b5-d0f6b99be0e0 (Data {pct : 82, mode : file})
02-20 21:13:50.993  7513  7533 I WM-Processor: Moving WorkSpec (ee46778b-1e48-4830-91b5-d0f6b99be0e0) to the foreground
02-20 21:13:50.995  7513  7513 D WM-SystemFgDispatcher: Notifying with (id:6712, workSpecId: ee46778b-1e48-4830-91b5-d0f6b99be0e0, notificationType :1)
02-20 21:13:50.997  7513  7537 D WM-WorkProgressUpdater: Updating progress for ee46778b-1e48-4830-91b5-d0f6b99be0e0 (Data {pct : 90, mode : file})
02-20 21:13:51.002  7513  7537 I WM-Processor: Moving WorkSpec (ee46778b-1e48-4830-91b5-d0f6b99be0e0) to the foreground
02-20 21:13:51.004  7513  7513 D WM-SystemFgDispatcher: Notifying with (id:6712, workSpecId: ee46778b-1e48-4830-91b5-d0f6b99be0e0, notificationType :1)
02-20 21:13:51.008  7513  7537 D WM-WorkProgressUpdater: Updating progress for 02409150-f9c7-4cea-b1bf-2b0486bd5d0f (Data {pct : 87, mode : file})
02-20 21:13:51.020  7513  7535 I WM-Processor: Moving WorkSpec (02409150-f9c7-4cea-b1bf-2b0486bd5d0f) to the foreground
02-20 21:13:51.024  7513  7535 D WM-WorkProgressUpdater: Updating progress for 02409150-f9c7-4cea-b1bf-2b0486bd5d0f (Data {pct : 90, mode : file})
02-20 21:13:51.024  7513  7513 D WM-SystemFgDispatcher: Notifying with (id:5399, workSpecId: 02409150-f9c7-4cea-b1bf-2b0486bd5d0f, notificationType :1)
02-20 21:13:51.025  7513  7535 I WM-Processor: Moving WorkSpec (02409150-f9c7-4cea-b1bf-2b0486bd5d0f) to the foreground
02-20 21:13:51.031  7513  7513 D WM-SystemFgDispatcher: Notifying with (id:5399, workSpecId: 02409150-f9c7-4cea-b1bf-2b0486bd5d0f, notificationType :1)
02-20 21:13:51.111  7513  7536 D WM-WorkProgressUpdater: Updating progress for 09e2d974-7eb9-4a4c-9408-de44137adf4b (Data {pct : 95, mode : file})
02-20 21:13:51.113  7513  7588 D GitHubUploader: uploadStream: done url=https://github.com/ishizuki-tech/SurveyExports/blob/main/diagnostics/crash/2026-02-21/prevlog_20260221_033155_pid31414.log.gz sha=eba344a15f175a82554ee1d87e6369a3a419637c
02-20 21:13:51.115  7513  7537 I WM-Processor: Moving WorkSpec (09e2d974-7eb9-4a4c-9408-de44137adf4b) to the foreground
02-20 21:13:51.119  7513  7513 D WM-SystemFgDispatcher: Notifying with (id:9813, workSpecId: 09e2d974-7eb9-4a4c-9408-de44137adf4b, notificationType :1)
02-20 21:13:51.120  7513  7537 I WM-Processor: Moving WorkSpec (09e2d974-7eb9-4a4c-9408-de44137adf4b) to the foreground
02-20 21:13:51.123  7513  7513 D WM-SystemFgDispatcher: Notifying with (id:9813, workSpecId: 09e2d974-7eb9-4a4c-9408-de44137adf4b, notificationType :1)
02-20 21:13:51.126  7513  7537 I WM-WorkerWrapper: Worker result SUCCESS for Work [ id=09e2d974-7eb9-4a4c-9408-de44137adf4b, tags={ com.negi.survey.net.GitHubUploadWorker,github_upload,github_upload:crash:diagnostics_crash_prevlog_20260221_033155_pid31414.log.gz } ]
02-20 21:13:51.129  7513  7513 D WM-Processor: Processor 09e2d974-7eb9-4a4c-9408-de44137adf4b executed; reschedule = false
02-20 21:13:51.129  7513  7513 D WM-GreedyScheduler: Stopping tracking for WorkGenerationalId(workSpecId=09e2d974-7eb9-4a4c-9408-de44137adf4b, generation=0)
02-20 21:13:51.129  7513  7513 D WM-SystemJobService: 09e2d974-7eb9-4a4c-9408-de44137adf4b executed on JobScheduler
02-20 21:13:51.129  7513  7513 D WM-SystemFgDispatcher: Removing Notification (id: 9813, workSpecId: WorkGenerationalId(workSpecId=09e2d974-7eb9-4a4c-9408-de44137adf4b, generation=0), notificationType: 1
02-20 21:13:51.134  7513  7537 D WM-GreedyScheduler: Cancelling work ID 09e2d974-7eb9-4a4c-9408-de44137adf4b
02-20 21:13:51.366  7513  7533 D WM-WorkProgressUpdater: Updating progress for 29d418bb-d817-4e02-b85f-e642df628732 (Data {pct : 61, mode : startup_runtime_logs})
02-20 21:13:51.371  7513  7589 D GitHubUploader: uploadStream: done url=https://github.com/ishizuki-tech/SurveyExports/blob/main/diagnostics/runtime_logs/2026-02-21/runtime_logs_20260220_211350_pid7513_app_start/runtime_log_20260221_051350_098_pid7513_app_start__rtlog_20260221_051347_749_pid7513_seq1.log sha=d9b3c3aef6b5e0a579f5f74e8e13e2e332deea81
02-20 21:13:51.373  7513  7536 I WM-Processor: Moving WorkSpec (29d418bb-d817-4e02-b85f-e642df628732) to the foreground
02-20 21:13:51.373  7513  7589 D RuntimeLogStore: deleteRolledLogFiles: deleted=1 excludeActive=true active=rtlog_20260221_051350_094_pid7513_seq2.log
02-20 21:13:51.373  7513  7589 D GitHubUploader: uploadStream: owner=ishizuki-tech repo=SurveyExports branch=main path=diagnostics/runtime_logs/2026-02-21/runtime_logs_20260220_211350_pid7513_app_start/runtime_log_20260221_051350_098_pid7513_app_start__rtlog_20260221_045929_141_pid6564_seq2.log size=947 maxRawBytesHint=1000000 maxRequestBytesHint=2800000
02-20 21:13:51.376  7513  7536 D WM-WorkProgressUpdater: Updating progress for 29d418bb-d817-4e02-b85f-e642df628732 (Data {pct : 63, mode : startup_runtime_logs})
02-20 21:13:51.377  7513  7536 I WM-Processor: Moving WorkSpec (29d418bb-d817-4e02-b85f-e642df628732) to the foreground
02-20 21:13:51.378  7513  7513 D WM-SystemFgDispatcher: Notifying with (id:7091, workSpecId: 29d418bb-d817-4e02-b85f-e642df628732, notificationType :1)
02-20 21:13:51.387  7513  7513 D WM-SystemFgDispatcher: Notifying with (id:7091, workSpecId: 29d418bb-d817-4e02-b85f-e642df628732, notificationType :1)
02-20 21:13:51.488  7513  7535 D WM-WorkProgressUpdater: Updating progress for 29d418bb-d817-4e02-b85f-e642df628732 (Data {pct : 65, mode : startup_runtime_logs})
02-20 21:13:51.492  7513  7535 I WM-Processor: Moving WorkSpec (29d418bb-d817-4e02-b85f-e642df628732) to the foreground
02-20 21:13:51.493  7513  7513 D WM-SystemFgDispatcher: Notifying with (id:7091, workSpecId: 29d418bb-d817-4e02-b85f-e642df628732, notificationType :1)
02-20 21:13:51.493  7513  7535 D WM-WorkProgressUpdater: Updating progress for 29d418bb-d817-4e02-b85f-e642df628732 (Data {pct : 87, mode : startup_runtime_logs})
02-20 21:13:51.494  7513  7535 I WM-Processor: Moving WorkSpec (29d418bb-d817-4e02-b85f-e642df628732) to the foreground
02-20 21:13:51.497  7513  7513 D WM-SystemFgDispatcher: Notifying with (id:7091, workSpecId: 29d418bb-d817-4e02-b85f-e642df628732, notificationType :1)
02-20 21:13:52.102  7513  7536 D WM-WorkProgressUpdater: Updating progress for 29d418bb-d817-4e02-b85f-e642df628732 (Data {pct : 88, mode : startup_runtime_logs})
02-20 21:13:52.107  7513  7589 D GitHubUploader: uploadStream: done url=https://github.com/ishizuki-tech/SurveyExports/blob/main/diagnostics/runtime_logs/2026-02-21/runtime_logs_20260220_211350_pid7513_app_start/runtime_log_20260221_051350_098_pid7513_app_start__rtlog_20260221_045929_141_pid6564_seq2.log sha=55caf6899772710d48ff6483c05cd37ce2cf5ab7
02-20 21:13:52.108  7513  7535 I WM-Processor: Moving WorkSpec (29d418bb-d817-4e02-b85f-e642df628732) to the foreground
02-20 21:13:52.109  7513  7589 D RuntimeLogStore: deleteRolledLogFiles: deleted=1 excludeActive=true active=rtlog_20260221_051350_094_pid7513_seq2.log
02-20 21:13:52.110  7513  7513 D WM-SystemFgDispatcher: Notifying with (id:7091, workSpecId: 29d418bb-d817-4e02-b85f-e642df628732, notificationType :1)
02-20 21:13:52.361  7513  7513 D MainActivity: Intro -> Start session. epoch=1, file=survey_config10.yaml
02-20 21:13:52.371  7513  7587 D SurveyConfigLoader: fromString -> format=YAML, reason=file extension .yml/.yaml, firstLine='graph:', leading='graph:\n  startId: Start\n  node...' file='survey_config10.yaml'
02-20 21:13:52.415  7513  7587 D SurveyConfigLoader: fromString loaded (survey_config10.yaml): legacy=6(one=6,inline2=0) splitEval=0 splitFollow=0 followMode=JSON legacyIds=[Q1,Q2,Q3,Q4,Q5,Q6] evalIds=[-] followIds=[-]
02-20 21:13:52.418  7513  7587 D SurveyConfigLoader: SurveyConfigDump(legacy=6(one=6,inline2=0) splitEval=0 splitFollow=0 followMode=JSON legacyIds=[Q1,Q2,Q3,Q4,Q5,Q6] evalIds=[-] followIds=[-])
02-20 21:13:52.418  7513  7587 D SurveyConfigLoader: System(oneStep,len=1033): You are a well-known farmer survey expert. Read the Question and the Answer.\nOUTPUT FORMAT:\n- In English.\n- Keys exactly:\n  • "analysis": short string\n  • "expected_answer": short string\n  • "followup_question": a single short confirm/validate question (NOT an array; may be empty string)\n  • "score": integer 1–1...(truncated)
02-20 21:13:52.418  7513  7587 D SurveyConfigLoader: System(eval,len=1033): You are a well-known farmer survey expert. Read the Question and the Answer.\nOUTPUT FORMAT:\n- In English.\n- Keys exactly:\n  • "analysis": short string\n  • "expected_answer": short string\n  • "followup_question": a single short confirm/validate question (NOT an array; may be empty string)\n  • "score": integer 1–1...(truncated)
02-20 21:13:52.418  7513  7587 D SurveyConfigLoader: System(followup,len=1033): You are a well-known farmer survey expert. Read the Question and the Answer.\nOUTPUT FORMAT:\n- In English.\n- Keys exactly:\n  • "analysis": short string\n  • "expected_answer": short string\n  • "followup_question": a single short confirm/validate question (NOT an array; may be empty string)\n  • "score": integer 1–1...(truncated)
02-20 21:13:52.418  7513  7587 D SurveyConfigLoader: AI coverage: Q1(one=true,two=false),Q2(one=true,two=false),Q3(one=true,two=false),Q4(one=true,two=false),Q5(one=true,two=false),Q6(one=true,two=false)
02-20 21:13:52.419  7513  7587 D SurveyConfigLoader: Loaded config (assets/survey_config10.yaml): legacy=6(one=6,inline2=0) splitEval=0 splitFollow=0 followMode=JSON legacyIds=[Q1,Q2,Q3,Q4,Q5,Q6] evalIds=[-] followIds=[-]
02-20 21:13:52.428  7513  7587 D SurveyConfigLoader: fromAssetsValidated -> issues=0 (legacy=6(one=6,inline2=0) splitEval=0 splitFollow=0 followMode=JSON legacyIds=[Q1,Q2,Q3,Q4,Q5,Q6] evalIds=[-] followIds=[-])
02-20 21:13:52.431  7513  7587 D SurveyConfigLoader: SurveyConfigDump(legacy=6(one=6,inline2=0) splitEval=0 splitFollow=0 followMode=JSON legacyIds=[Q1,Q2,Q3,Q4,Q5,Q6] evalIds=[-] followIds=[-])
02-20 21:13:52.431  7513  7587 D SurveyConfigLoader: System(oneStep,len=1033): You are a well-known farmer survey expert. Read the Question and the Answer.\nOUTPUT FORMAT:\n- In English.\n- Keys exactly:\n  • "analysis": short string\n  • "expected_answer": short string\n  • "followup_question": a single short confirm/validate question (NOT an array; may be empty string)\n  • "score": integer 1–1...(truncated)
02-20 21:13:52.431  7513  7587 D SurveyConfigLoader: System(eval,len=1033): You are a well-known farmer survey expert. Read the Question and the Answer.\nOUTPUT FORMAT:\n- In English.\n- Keys exactly:\n  • "analysis": short string\n  • "expected_answer": short string\n  • "followup_question": a single short confirm/validate question (NOT an array; may be empty string)\n  • "score": integer 1–1...(truncated)
02-20 21:13:52.431  7513  7587 D SurveyConfigLoader: System(followup,len=1033): You are a well-known farmer survey expert. Read the Question and the Answer.\nOUTPUT FORMAT:\n- In English.\n- Keys exactly:\n  • "analysis": short string\n  • "expected_answer": short string\n  • "followup_question": a single short confirm/validate question (NOT an array; may be empty string)\n  • "score": integer 1–1...(truncated)
02-20 21:13:52.431  7513  7587 D SurveyConfigLoader: AI coverage: Q1(one=true,two=false),Q2(one=true,two=false),Q3(one=true,two=false),Q4(one=true,two=false),Q5(one=true,two=false),Q6(one=true,two=false)
02-20 21:13:52.441  7513  7513 D MainActivity: Config loaded. session=survey_config10.yaml@1
02-20 21:13:52.451  7513  7513 D MainActivity: DownloadGate idle -> start download. session=survey_config10.yaml@1
02-20 21:13:52.468  7513  7578 E com.negi.survey: No implementation found for void com.google.ai.edge.litertlm.NativeLibraryLoader.nativeCheckLoaded() (tried Java_com_google_ai_edge_litertlm_NativeLibraryLoader_nativeCheckLoaded and Java_com_google_ai_edge_litertlm_NativeLibraryLoader_nativeCheckLoaded__) - is the library loaded, e.g. System.loadLibrary?
02-20 21:13:52.482  7513  7578 D nativeloader: Load /data/app/~~pJGUhtk4ZC9HDNPqfXmNrw==/com.negi.survey-BoyjYyurhnPLUfKuh4AlUw==/base.apk!/lib/arm64-v8a/liblitertlm_jni.so using class loader ns clns-9 (caller=/data/app/~~pJGUhtk4ZC9HDNPqfXmNrw==/com.negi.survey-BoyjYyurhnPLUfKuh4AlUw==/base.apk!classes3.dex): ok
02-20 21:13:52.484  7513  7578 I native  : I0000 00:00:1771650832.484347    7578 litert_lm_loader.cc:125] LitertLmLoader::Initialize
02-20 21:13:52.485  7513  7578 I native  : I0000 00:00:1771650832.485729    7578 litert_lm_loader.cc:148] mmap_status is ok
02-20 21:13:52.486  7513  7578 I native  : I0000 00:00:1771650832.485990    7578 litert_lm_loader.cc:154] status: OK
02-20 21:13:52.486  7513  7578 I native  : I0000 00:00:1771650832.486028    7578 litert_lm_loader.cc:155] major_version: 1
02-20 21:13:52.486  7513  7578 I native  : I0000 00:00:1771650832.486066    7578 litert_lm_loader.cc:156] minor_version: 4
02-20 21:13:52.486  7513  7578 I native  : I0000 00:00:1771650832.486086    7578 litert_lm_loader.cc:157] patch_version: 0
02-20 21:13:52.486  7513  7578 I native  : I0000 00:00:1771650832.486112    7578 litert_lm_loader.cc:208] section_index: 0
02-20 21:13:52.486  7513  7578 I native  : I0000 00:00:1771650832.486133    7578 litert_lm_loader.cc:209] section_data_type: LlmMetadataProto
02-20 21:13:52.486  7513  7578 I native  : I0000 00:00:1771650832.486155    7578 litert_lm_loader.cc:211] section_begin_offset: 16384
02-20 21:13:52.486  7513  7578 I native  : I0000 00:00:1771650832.486174    7578 litert_lm_loader.cc:212] section_end_offset: 19446
02-20 21:13:52.486  7513  7578 I native  : I0000 00:00:1771650832.486194    7578 litert_lm_loader.cc:208] section_index: 1
02-20 21:13:52.486  7513  7578 I native  : I0000 00:00:1771650832.486213    7578 litert_lm_loader.cc:209] section_data_type: SP_Tokenizer
02-20 21:13:52.486  7513  7578 I native  : I0000 00:00:1771650832.486231    7578 litert_lm_loader.cc:211] section_begin_offset: 32768
02-20 21:13:52.486  7513  7578 I native  : I0000 00:00:1771650832.486249    7578 litert_lm_loader.cc:212] section_end_offset: 4728788
02-20 21:13:52.486  7513  7578 I native  : I0000 00:00:1771650832.486316    7578 litert_lm_loader.cc:189] model_type: tf_lite_embedder
02-20 21:13:52.486  7513  7578 I native  : I0000 00:00:1771650832.486342    7578 litert_lm_loader.cc:208] section_index: 2
02-20 21:13:52.486  7513  7578 I native  : I0000 00:00:1771650832.486362    7578 litert_lm_loader.cc:209] section_data_type: TFLiteModel
02-20 21:13:52.486  7513  7578 I native  : I0000 00:00:1771650832.486383    7578 litert_lm_loader.cc:211] section_begin_offset: 4734976
02-20 21:13:52.486  7513  7578 I native  : I0000 00:00:1771650832.486402    7578 litert_lm_loader.cc:212] section_end_offset: 276320080
02-20 21:13:52.486  7513  7578 I native  : I0000 00:00:1771650832.486422    7578 litert_lm_loader.cc:189] model_type: tf_lite_per_layer_embedder
02-20 21:13:52.486  7513  7578 I native  : I0000 00:00:1771650832.486442    7578 litert_lm_loader.cc:208] section_index: 3
02-20 21:13:52.486  7513  7578 I native  : I0000 00:00:1771650832.486461    7578 litert_lm_loader.cc:209] section_data_type: TFLiteModel
