02-21 00:43:42.599 19652 19706 D GitHubUploader: uploadStream: done url=https://github.com/ishizuki-tech/SurveyExports/blob/main/diagnostics/crash/2026-02-21/prevlog_20260221_033556_pid32171.log.gz sha=08a97f5c8e4245b9f779d9ebea9192804baa1aec
02-21 00:43:42.599 19652 19669 D WM-WorkProgressUpdater: Updating progress for ec5221f7-baa1-4872-a4dc-3ea8ed6eba60 (Data {pct : 95, mode : file})
02-21 00:43:42.600 19652 19669 I WM-Processor: Moving WorkSpec (ec5221f7-baa1-4872-a4dc-3ea8ed6eba60) to the foreground
02-21 00:43:42.602 19652 19669 I WM-Processor: Moving WorkSpec (ec5221f7-baa1-4872-a4dc-3ea8ed6eba60) to the foreground
02-21 00:43:42.609 19652 19652 D WM-SystemFgDispatcher: Notifying with (id:3957, workSpecId: ec5221f7-baa1-4872-a4dc-3ea8ed6eba60, notificationType :1)
02-21 00:43:42.611 19652 19672 I WM-WorkerWrapper: Worker result SUCCESS for Work [ id=ec5221f7-baa1-4872-a4dc-3ea8ed6eba60, tags={ com.negi.survey.net.GitHubUploadWorker,github_upload,github_upload:crash:diagnostics_crash_prevlog_20260221_033556_pid32171.log.gz } ]
02-21 00:43:42.627 19652 19652 D WM-SystemFgDispatcher: Notifying with (id:3957, workSpecId: ec5221f7-baa1-4872-a4dc-3ea8ed6eba60, notificationType :1)
02-21 00:43:42.630 19652 19652 D WM-Processor: Processor ec5221f7-baa1-4872-a4dc-3ea8ed6eba60 executed; reschedule = false
02-21 00:43:42.630 19652 19652 D WM-GreedyScheduler: Stopping tracking for WorkGenerationalId(workSpecId=ec5221f7-baa1-4872-a4dc-3ea8ed6eba60, generation=0)
02-21 00:43:42.630 19652 19652 D WM-SystemJobService: ec5221f7-baa1-4872-a4dc-3ea8ed6eba60 executed on JobScheduler
02-21 00:43:42.630 19652 19652 D WM-SystemFgDispatcher: Removing Notification (id: 3957, workSpecId: WorkGenerationalId(workSpecId=ec5221f7-baa1-4872-a4dc-3ea8ed6eba60, generation=0), notificationType: 1
02-21 00:43:42.631 19652 19672 D WM-GreedyScheduler: Cancelling work ID ec5221f7-baa1-4872-a4dc-3ea8ed6eba60
02-21 00:43:42.650 19652 19669 D WM-WorkProgressUpdater: Updating progress for 4945c95d-79b3-484c-9136-e658f7e838f0 (Data {pct : 87, mode : file})
02-21 00:43:42.652 19652 19669 I WM-Processor: Moving WorkSpec (4945c95d-79b3-484c-9136-e658f7e838f0) to the foreground
02-21 00:43:42.653 19652 19669 D WM-WorkProgressUpdater: Updating progress for 4945c95d-79b3-484c-9136-e658f7e838f0 (Data {pct : 90, mode : file})
02-21 00:43:42.654 19652 19669 I WM-Processor: Moving WorkSpec (4945c95d-79b3-484c-9136-e658f7e838f0) to the foreground
02-21 00:43:42.682 19652 19652 D WM-SystemFgDispatcher: Notifying with (id:9811, workSpecId: 4945c95d-79b3-484c-9136-e658f7e838f0, notificationType :1)
02-21 00:43:42.685 19652 19652 D WM-SystemFgDispatcher: Notifying with (id:9811, workSpecId: 4945c95d-79b3-484c-9136-e658f7e838f0, notificationType :1)
02-21 00:43:42.685 19652 19652 W NotificationManager: Shedding notify (update) of NotificationKey[user=UserHandle{0}, pkg=com.negi.survey, tag=null, id=9811], rate limit (5.0) exceeded: input 12.906085, output would be 6.4019365
02-21 00:43:42.694 19652 19673 D WM-WorkProgressUpdater: Updating progress for b40c66a9-d772-44c3-a1ca-49a2393a3775 (Data {pct : 79, mode : file})
02-21 00:43:42.696 19652 19673 I WM-Processor: Moving WorkSpec (b40c66a9-d772-44c3-a1ca-49a2393a3775) to the foreground
02-21 00:43:42.699 19652 19673 D WM-WorkProgressUpdater: Updating progress for b40c66a9-d772-44c3-a1ca-49a2393a3775 (Data {pct : 90, mode : file})
02-21 00:43:42.701 19652 19652 D WM-SystemFgDispatcher: Notifying with (id:11097, workSpecId: b40c66a9-d772-44c3-a1ca-49a2393a3775, notificationType :1)
02-21 00:43:42.702 19652 19673 I WM-Processor: Moving WorkSpec (b40c66a9-d772-44c3-a1ca-49a2393a3775) to the foreground
02-21 00:43:42.721 19652 19652 D WM-SystemFgDispatcher: Notifying with (id:11097, workSpecId: b40c66a9-d772-44c3-a1ca-49a2393a3775, notificationType :1)
02-21 00:43:42.956 19652 19652 D IntroScreen: Config selected: survey_config10.yaml -> survey_config20.yaml
02-21 00:43:42.965 19652 19732 D GitHubUploader: uploadStream: done url=https://github.com/ishizuki-tech/SurveyExports/blob/main/diagnostics/crash/2026-02-21/prevlog_20260221_033155_pid31414.log.gz sha=9d31a13051d335a8c178079e8fa101f355609eba
02-21 00:43:42.965 19652 19671 D WM-WorkProgressUpdater: Updating progress for 7f155b7b-05c9-498b-a4c0-9031ddf0df62 (Data {pct : 95, mode : file})
02-21 00:43:42.967 19652 19669 I WM-Processor: Moving WorkSpec (7f155b7b-05c9-498b-a4c0-9031ddf0df62) to the foreground
02-21 00:43:42.972 19652 19669 I WM-Processor: Moving WorkSpec (7f155b7b-05c9-498b-a4c0-9031ddf0df62) to the foreground
02-21 00:43:42.990 19652 19652 D IntroScreen: Resolved config details: id=survey_config20.yaml in 24ms
02-21 00:43:42.991 19652 19652 D WM-SystemFgDispatcher: Notifying with (id:8504, workSpecId: 7f155b7b-05c9-498b-a4c0-9031ddf0df62, notificationType :1)
02-21 00:43:42.993 19652 19671 I WM-WorkerWrapper: Worker result SUCCESS for Work [ id=7f155b7b-05c9-498b-a4c0-9031ddf0df62, tags={ com.negi.survey.net.GitHubUploadWorker,github_upload,github_upload:crash:diagnostics_crash_prevlog_20260221_033155_pid31414.log.gz } ]
02-21 00:43:42.994 19652 19652 D WM-SystemFgDispatcher: Notifying with (id:8504, workSpecId: 7f155b7b-05c9-498b-a4c0-9031ddf0df62, notificationType :1)
02-21 00:43:43.019 19652 19652 D WM-Processor: Processor 7f155b7b-05c9-498b-a4c0-9031ddf0df62 executed; reschedule = false
02-21 00:43:43.019 19652 19652 D WM-GreedyScheduler: Stopping tracking for WorkGenerationalId(workSpecId=7f155b7b-05c9-498b-a4c0-9031ddf0df62, generation=0)
02-21 00:43:43.019 19652 19652 D WM-SystemJobService: 7f155b7b-05c9-498b-a4c0-9031ddf0df62 executed on JobScheduler
02-21 00:43:43.019 19652 19652 D WM-SystemFgDispatcher: Removing Notification (id: 8504, workSpecId: WorkGenerationalId(workSpecId=7f155b7b-05c9-498b-a4c0-9031ddf0df62, generation=0), notificationType: 1
02-21 00:43:43.020 19652 19672 D WM-GreedyScheduler: Cancelling work ID 7f155b7b-05c9-498b-a4c0-9031ddf0df62
02-21 00:43:43.241 19652 19672 D WM-WorkProgressUpdater: Updating progress for b40c66a9-d772-44c3-a1ca-49a2393a3775 (Data {pct : 95, mode : file})
02-21 00:43:43.241 19652 19717 D GitHubUploader: uploadStream: done url=https://github.com/ishizuki-tech/SurveyExports/blob/main/diagnostics/crash/2026-02-21/crash_20260220_230330_pid23391_tid23391_u870607.log.gz sha=0ed9174c9ac678194e03610c068ad6d1e8b18bae
02-21 00:43:43.245 19652 19672 I WM-Processor: Moving WorkSpec (b40c66a9-d772-44c3-a1ca-49a2393a3775) to the foreground
02-21 00:43:43.247 19652 19672 I WM-Processor: Moving WorkSpec (b40c66a9-d772-44c3-a1ca-49a2393a3775) to the foreground
02-21 00:43:43.262 19652 19671 I WM-WorkerWrapper: Worker result SUCCESS for Work [ id=b40c66a9-d772-44c3-a1ca-49a2393a3775, tags={ com.negi.survey.net.GitHubUploadWorker,github_upload,github_upload:crash:diagnostics_crash_crash_20260220_230330_pid23391_tid23391_u870607.log.gz } ]
02-21 00:43:43.280 19652 19652 D WM-SystemFgDispatcher: Notifying with (id:11097, workSpecId: b40c66a9-d772-44c3-a1ca-49a2393a3775, notificationType :1)
02-21 00:43:43.283 19652 19652 D WM-SystemFgDispatcher: Notifying with (id:11097, workSpecId: b40c66a9-d772-44c3-a1ca-49a2393a3775, notificationType :1)
02-21 00:43:43.299 19652 19652 D WM-Processor: Processor b40c66a9-d772-44c3-a1ca-49a2393a3775 executed; reschedule = false
02-21 00:43:43.299 19652 19652 D WM-GreedyScheduler: Stopping tracking for WorkGenerationalId(workSpecId=b40c66a9-d772-44c3-a1ca-49a2393a3775, generation=0)
02-21 00:43:43.299 19652 19652 D WM-SystemJobService: b40c66a9-d772-44c3-a1ca-49a2393a3775 executed on JobScheduler
02-21 00:43:43.299 19652 19652 D WM-SystemFgDispatcher: Removing Notification (id: 11097, workSpecId: WorkGenerationalId(workSpecId=b40c66a9-d772-44c3-a1ca-49a2393a3775, generation=0), notificationType: 1
02-21 00:43:43.300 19652 19669 D WM-GreedyScheduler: Cancelling work ID b40c66a9-d772-44c3-a1ca-49a2393a3775
02-21 00:43:43.436 19652 19671 D WM-WorkProgressUpdater: Updating progress for f8a5d1ce-9f25-4343-9a46-2bc097898bf3 (Data {pct : 82, mode : file})
02-21 00:43:43.439 19652 19671 I WM-Processor: Moving WorkSpec (f8a5d1ce-9f25-4343-9a46-2bc097898bf3) to the foreground
02-21 00:43:43.441 19652 19671 D WM-WorkProgressUpdater: Updating progress for f8a5d1ce-9f25-4343-9a46-2bc097898bf3 (Data {pct : 90, mode : file})
02-21 00:43:43.445 19652 19671 I WM-Processor: Moving WorkSpec (f8a5d1ce-9f25-4343-9a46-2bc097898bf3) to the foreground
02-21 00:43:43.462 19652 19652 D WM-SystemFgDispatcher: Notifying with (id:10504, workSpecId: f8a5d1ce-9f25-4343-9a46-2bc097898bf3, notificationType :1)
02-21 00:43:43.466 19652 19652 D WM-SystemFgDispatcher: Notifying with (id:10504, workSpecId: f8a5d1ce-9f25-4343-9a46-2bc097898bf3, notificationType :1)
02-21 00:43:43.470 19652 19673 D WM-WorkProgressUpdater: Updating progress for 308328ad-b2be-478b-80fc-bc1ae187d993 (Data {pct : 83, mode : file})
02-21 00:43:43.477 19652 19673 I WM-Processor: Moving WorkSpec (308328ad-b2be-478b-80fc-bc1ae187d993) to the foreground
02-21 00:43:43.482 19652 19673 D WM-WorkProgressUpdater: Updating progress for 308328ad-b2be-478b-80fc-bc1ae187d993 (Data {pct : 90, mode : file})
02-21 00:43:43.484 19652 19673 I WM-Processor: Moving WorkSpec (308328ad-b2be-478b-80fc-bc1ae187d993) to the foreground
02-21 00:43:43.491 19652 19671 D WM-WorkProgressUpdater: Updating progress for 0395dfe7-e4df-4272-a20a-0782ee879485 (Data {pct : 41, mode : file})
02-21 00:43:43.492 19652 19652 D WM-SystemFgDispatcher: Notifying with (id:4429, workSpecId: 308328ad-b2be-478b-80fc-bc1ae187d993, notificationType :1)
02-21 00:43:43.492 19652 19672 I WM-Processor: Moving WorkSpec (0395dfe7-e4df-4272-a20a-0782ee879485) to the foreground
02-21 00:43:43.494 19652 19672 D WM-WorkProgressUpdater: Updating progress for 0395dfe7-e4df-4272-a20a-0782ee879485 (Data {pct : 73, mode : file})
02-21 00:43:43.494 19652 19672 I WM-Processor: Moving WorkSpec (0395dfe7-e4df-4272-a20a-0782ee879485) to the foreground
02-21 00:43:43.497 19652 19652 D WM-SystemFgDispatcher: Notifying with (id:4429, workSpecId: 308328ad-b2be-478b-80fc-bc1ae187d993, notificationType :1)
02-21 00:43:43.498 19652 19672 D WM-WorkProgressUpdater: Updating progress for 0395dfe7-e4df-4272-a20a-0782ee879485 (Data {pct : 90, mode : file})
02-21 00:43:43.502 19652 19672 I WM-Processor: Moving WorkSpec (0395dfe7-e4df-4272-a20a-0782ee879485) to the foreground
02-21 00:43:43.510 19652 19652 D WM-SystemFgDispatcher: Notifying with (id:8301, workSpecId: 0395dfe7-e4df-4272-a20a-0782ee879485, notificationType :1)
02-21 00:43:43.512 19652 19652 D WM-SystemFgDispatcher: Notifying with (id:8301, workSpecId: 0395dfe7-e4df-4272-a20a-0782ee879485, notificationType :1)
02-21 00:43:43.526 19652 19671 D WM-WorkProgressUpdater: Updating progress for 0bd77b2e-a92b-49ba-84b7-6ba83c6626f7 (Data {pct : 81, mode : file})
02-21 00:43:43.529 19652 19652 D WM-SystemFgDispatcher: Notifying with (id:8301, workSpecId: 0395dfe7-e4df-4272-a20a-0782ee879485, notificationType :1)
02-21 00:43:43.534 19652 19671 I WM-Processor: Moving WorkSpec (0bd77b2e-a92b-49ba-84b7-6ba83c6626f7) to the foreground
02-21 00:43:43.535 19652 19671 D WM-WorkProgressUpdater: Updating progress for 0bd77b2e-a92b-49ba-84b7-6ba83c6626f7 (Data {pct : 90, mode : file})
02-21 00:43:43.537 19652 19671 I WM-Processor: Moving WorkSpec (0bd77b2e-a92b-49ba-84b7-6ba83c6626f7) to the foreground
02-21 00:43:43.548 19652 19652 D WM-SystemFgDispatcher: Notifying with (id:5426, workSpecId: 0bd77b2e-a92b-49ba-84b7-6ba83c6626f7, notificationType :1)
02-21 00:43:43.552 19652 19652 D WM-SystemFgDispatcher: Notifying with (id:5426, workSpecId: 0bd77b2e-a92b-49ba-84b7-6ba83c6626f7, notificationType :1)
02-21 00:43:43.586 19652 19673 D WM-WorkProgressUpdater: Updating progress for e496342c-b350-46eb-8e4b-4dbf2558d8b9 (Data {pct : 32, mode : file})
02-21 00:43:43.587 19652 19673 I WM-Processor: Moving WorkSpec (e496342c-b350-46eb-8e4b-4dbf2558d8b9) to the foreground
02-21 00:43:43.590 19652 19673 D WM-WorkProgressUpdater: Updating progress for e496342c-b350-46eb-8e4b-4dbf2558d8b9 (Data {pct : 54, mode : file})
02-21 00:43:43.591 19652 19669 I WM-Processor: Moving WorkSpec (e496342c-b350-46eb-8e4b-4dbf2558d8b9) to the foreground
02-21 00:43:43.592 19652 19669 D WM-WorkProgressUpdater: Updating progress for e496342c-b350-46eb-8e4b-4dbf2558d8b9 (Data {pct : 76, mode : file})
02-21 00:43:43.593 19652 19669 I WM-Processor: Moving WorkSpec (e496342c-b350-46eb-8e4b-4dbf2558d8b9) to the foreground
02-21 00:43:43.594 19652 19669 D WM-WorkProgressUpdater: Updating progress for e496342c-b350-46eb-8e4b-4dbf2558d8b9 (Data {pct : 90, mode : file})
02-21 00:43:43.596 19652 19669 I WM-Processor: Moving WorkSpec (e496342c-b350-46eb-8e4b-4dbf2558d8b9) to the foreground
02-21 00:43:43.613 19652 19652 D WM-SystemFgDispatcher: Notifying with (id:3479, workSpecId: e496342c-b350-46eb-8e4b-4dbf2558d8b9, notificationType :1)
02-21 00:43:43.616 19652 19652 D WM-SystemFgDispatcher: Notifying with (id:3479, workSpecId: e496342c-b350-46eb-8e4b-4dbf2558d8b9, notificationType :1)
02-21 00:43:43.617 19652 19652 D WM-SystemFgDispatcher: Notifying with (id:3479, workSpecId: e496342c-b350-46eb-8e4b-4dbf2558d8b9, notificationType :1)
02-21 00:43:43.618 19652 19652 D WM-SystemFgDispatcher: Notifying with (id:3479, workSpecId: e496342c-b350-46eb-8e4b-4dbf2558d8b9, notificationType :1)
02-21 00:43:43.627 19652 19673 D WM-WorkProgressUpdater: Updating progress for d8e73678-0b83-4b9f-a2e8-07802d7fd1ce (Data {pct : 60, mode : file})
02-21 00:43:43.630 19652 19673 I WM-Processor: Moving WorkSpec (d8e73678-0b83-4b9f-a2e8-07802d7fd1ce) to the foreground
02-21 00:43:43.639 19652 19673 D WM-WorkProgressUpdater: Updating progress for d8e73678-0b83-4b9f-a2e8-07802d7fd1ce (Data {pct : 90, mode : file})
02-21 00:43:43.641 19652 19673 I WM-Processor: Moving WorkSpec (d8e73678-0b83-4b9f-a2e8-07802d7fd1ce) to the foreground
02-21 00:43:43.672 19652 19652 D WM-SystemFgDispatcher: Notifying with (id:6783, workSpecId: d8e73678-0b83-4b9f-a2e8-07802d7fd1ce, notificationType :1)
02-21 00:43:43.673 19652 19652 D WM-SystemFgDispatcher: Notifying with (id:6783, workSpecId: d8e73678-0b83-4b9f-a2e8-07802d7fd1ce, notificationType :1)
02-21 00:43:43.683 19652 19671 D WM-WorkProgressUpdater: Updating progress for c1ef8dac-df16-4a00-a65f-3a4f8d1622ec (Data {pct : 19, mode : file})
02-21 00:43:43.684 19652 19671 I WM-Processor: Moving WorkSpec (c1ef8dac-df16-4a00-a65f-3a4f8d1622ec) to the foreground
02-21 00:43:43.685 19652 19671 D WM-WorkProgressUpdater: Updating progress for c1ef8dac-df16-4a00-a65f-3a4f8d1622ec (Data {pct : 29, mode : file})
02-21 00:43:43.686 19652 19671 I WM-Processor: Moving WorkSpec (c1ef8dac-df16-4a00-a65f-3a4f8d1622ec) to the foreground
02-21 00:43:43.688 19652 19669 D WM-WorkProgressUpdater: Updating progress for c1ef8dac-df16-4a00-a65f-3a4f8d1622ec (Data {pct : 38, mode : file})
02-21 00:43:43.692 19652 19669 I WM-Processor: Moving WorkSpec (c1ef8dac-df16-4a00-a65f-3a4f8d1622ec) to the foreground
02-21 00:43:43.694 19652 19669 D WM-WorkProgressUpdater: Updating progress for c1ef8dac-df16-4a00-a65f-3a4f8d1622ec (Data {pct : 48, mode : file})
02-21 00:43:43.694 19652 19669 I WM-Processor: Moving WorkSpec (c1ef8dac-df16-4a00-a65f-3a4f8d1622ec) to the foreground
02-21 00:43:43.695 19652 19672 D WM-WorkProgressUpdater: Updating progress for c1ef8dac-df16-4a00-a65f-3a4f8d1622ec (Data {pct : 58, mode : file})
02-21 00:43:43.696 19652 19672 I WM-Processor: Moving WorkSpec (c1ef8dac-df16-4a00-a65f-3a4f8d1622ec) to the foreground
02-21 00:43:43.697 19652 19672 D WM-WorkProgressUpdater: Updating progress for c1ef8dac-df16-4a00-a65f-3a4f8d1622ec (Data {pct : 67, mode : file})
02-21 00:43:43.697 19652 19672 I WM-Processor: Moving WorkSpec (c1ef8dac-df16-4a00-a65f-3a4f8d1622ec) to the foreground
02-21 00:43:43.700 19652 19672 D WM-WorkProgressUpdater: Updating progress for c1ef8dac-df16-4a00-a65f-3a4f8d1622ec (Data {pct : 77, mode : file})
02-21 00:43:43.700 19652 19672 I WM-Processor: Moving WorkSpec (c1ef8dac-df16-4a00-a65f-3a4f8d1622ec) to the foreground
02-21 00:43:43.701 19652 19672 D WM-WorkProgressUpdater: Updating progress for c1ef8dac-df16-4a00-a65f-3a4f8d1622ec (Data {pct : 87, mode : file})
02-21 00:43:43.701 19652 19672 I WM-Processor: Moving WorkSpec (c1ef8dac-df16-4a00-a65f-3a4f8d1622ec) to the foreground
02-21 00:43:43.701 19652 19672 D WM-WorkProgressUpdater: Updating progress for c1ef8dac-df16-4a00-a65f-3a4f8d1622ec (Data {pct : 90, mode : file})
02-21 00:43:43.702 19652 19672 I WM-Processor: Moving WorkSpec (c1ef8dac-df16-4a00-a65f-3a4f8d1622ec) to the foreground
02-21 00:43:43.711 19652 19669 D WM-WorkProgressUpdater: Updating progress for 59f8fa63-3642-4485-9ce6-b88db09a779e (Data {pct : 32, mode : file})
02-21 00:43:43.711 19652 19652 D WM-SystemFgDispatcher: Notifying with (id:6696, workSpecId: c1ef8dac-df16-4a00-a65f-3a4f8d1622ec, notificationType :1)
02-21 00:43:43.712 19652 19652 W NotificationManager: Shedding notify (update) of NotificationKey[user=UserHandle{0}, pkg=com.negi.survey, tag=null, id=6696], rate limit (5.0) exceeded: input 59.705933, output would be 5.6450114
02-21 00:43:43.713 19652 19652 D WM-SystemFgDispatcher: Notifying with (id:6696, workSpecId: c1ef8dac-df16-4a00-a65f-3a4f8d1622ec, notificationType :1)
02-21 00:43:43.714 19652 19652 D WM-SystemFgDispatcher: Notifying with (id:6696, workSpecId: c1ef8dac-df16-4a00-a65f-3a4f8d1622ec, notificationType :1)
02-21 00:43:43.715 19652 19652 D WM-SystemFgDispatcher: Notifying with (id:6696, workSpecId: c1ef8dac-df16-4a00-a65f-3a4f8d1622ec, notificationType :1)
02-21 00:43:43.716 19652 19652 D WM-SystemFgDispatcher: Notifying with (id:6696, workSpecId: c1ef8dac-df16-4a00-a65f-3a4f8d1622ec, notificationType :1)
02-21 00:43:43.716 19652 19652 D WM-SystemFgDispatcher: Notifying with (id:6696, workSpecId: c1ef8dac-df16-4a00-a65f-3a4f8d1622ec, notificationType :1)
02-21 00:43:43.717 19652 19652 D WM-SystemFgDispatcher: Notifying with (id:6696, workSpecId: c1ef8dac-df16-4a00-a65f-3a4f8d1622ec, notificationType :1)
02-21 00:43:43.717 19652 19669 I WM-Processor: Moving WorkSpec (59f8fa63-3642-4485-9ce6-b88db09a779e) to the foreground
02-21 00:43:43.717 19652 19652 D WM-SystemFgDispatcher: Notifying with (id:6696, workSpecId: c1ef8dac-df16-4a00-a65f-3a4f8d1622ec, notificationType :1)
02-21 00:43:43.721 19652 19671 D WM-WorkProgressUpdater: Updating progress for 59f8fa63-3642-4485-9ce6-b88db09a779e (Data {pct : 55, mode : file})
02-21 00:43:43.721 19652 19652 D WM-SystemFgDispatcher: Notifying with (id:6696, workSpecId: c1ef8dac-df16-4a00-a65f-3a4f8d1622ec, notificationType :1)
02-21 00:43:43.725 19652 19671 I WM-Processor: Moving WorkSpec (59f8fa63-3642-4485-9ce6-b88db09a779e) to the foreground
02-21 00:43:43.729 19652 19652 D WM-SystemFgDispatcher: Notifying with (id:6223, workSpecId: 59f8fa63-3642-4485-9ce6-b88db09a779e, notificationType :1)
02-21 00:43:43.733 19652 19671 D WM-WorkProgressUpdater: Updating progress for 59f8fa63-3642-4485-9ce6-b88db09a779e (Data {pct : 78, mode : file})
02-21 00:43:43.738 19652 19669 I WM-Processor: Moving WorkSpec (59f8fa63-3642-4485-9ce6-b88db09a779e) to the foreground
02-21 00:43:43.744 19652 19669 D WM-WorkProgressUpdater: Updating progress for 59f8fa63-3642-4485-9ce6-b88db09a779e (Data {pct : 90, mode : file})
02-21 00:43:43.745 19652 19669 I WM-Processor: Moving WorkSpec (59f8fa63-3642-4485-9ce6-b88db09a779e) to the foreground
02-21 00:43:43.747 19652 19669 D WM-WorkProgressUpdater: Updating progress for 1b4bd9f4-b9da-4fbb-9424-e47b91f2a033 (Data {pct : 84, mode : file})
02-21 00:43:43.750 19652 19652 D WM-SystemFgDispatcher: Notifying with (id:6223, workSpecId: 59f8fa63-3642-4485-9ce6-b88db09a779e, notificationType :1)
02-21 00:43:43.753 19652 19673 I WM-Processor: Moving WorkSpec (1b4bd9f4-b9da-4fbb-9424-e47b91f2a033) to the foreground
02-21 00:43:43.756 19652 19652 D WM-SystemFgDispatcher: Notifying with (id:6223, workSpecId: 59f8fa63-3642-4485-9ce6-b88db09a779e, notificationType :1)
02-21 00:43:43.757 19652 19652 D WM-SystemFgDispatcher: Notifying with (id:6223, workSpecId: 59f8fa63-3642-4485-9ce6-b88db09a779e, notificationType :1)
02-21 00:43:43.758 19652 19673 D WM-WorkProgressUpdater: Updating progress for 1b4bd9f4-b9da-4fbb-9424-e47b91f2a033 (Data {pct : 90, mode : file})
02-21 00:43:43.760 19652 19673 I WM-Processor: Moving WorkSpec (1b4bd9f4-b9da-4fbb-9424-e47b91f2a033) to the foreground
02-21 00:43:43.766 19652 19671 D WM-WorkProgressUpdater: Updating progress for fb72157d-a1ac-460e-8f44-5394fab3ff1f (Data {pct : 68, mode : file})
02-21 00:43:43.767 19652 19671 I WM-Processor: Moving WorkSpec (fb72157d-a1ac-460e-8f44-5394fab3ff1f) to the foreground
02-21 00:43:43.768 19652 19669 D WM-WorkProgressUpdater: Updating progress for fb72157d-a1ac-460e-8f44-5394fab3ff1f (Data {pct : 90, mode : file})
02-21 00:43:43.769 19652 19669 I WM-Processor: Moving WorkSpec (fb72157d-a1ac-460e-8f44-5394fab3ff1f) to the foreground
02-21 00:43:43.775 19652 19652 D WM-SystemFgDispatcher: Notifying with (id:10028, workSpecId: 1b4bd9f4-b9da-4fbb-9424-e47b91f2a033, notificationType :1)
02-21 00:43:43.777 19652 19652 D WM-SystemFgDispatcher: Notifying with (id:10028, workSpecId: 1b4bd9f4-b9da-4fbb-9424-e47b91f2a033, notificationType :1)
02-21 00:43:43.779 19652 19671 D WM-WorkProgressUpdater: Updating progress for b56e187a-f467-42be-8236-39f8bd68009b (Data {pct : 29, mode : file})
02-21 00:43:43.781 19652 19652 D WM-SystemFgDispatcher: Notifying with (id:10901, workSpecId: fb72157d-a1ac-460e-8f44-5394fab3ff1f, notificationType :1)
02-21 00:43:43.782 19652 19671 I WM-Processor: Moving WorkSpec (b56e187a-f467-42be-8236-39f8bd68009b) to the foreground
02-21 00:43:43.785 19652 19671 D WM-WorkProgressUpdater: Updating progress for b56e187a-f467-42be-8236-39f8bd68009b (Data {pct : 49, mode : file})
02-21 00:43:43.786 19652 19671 I WM-Processor: Moving WorkSpec (b56e187a-f467-42be-8236-39f8bd68009b) to the foreground
02-21 00:43:43.787 19652 19671 D WM-WorkProgressUpdater: Updating progress for b56e187a-f467-42be-8236-39f8bd68009b (Data {pct : 69, mode : file})
02-21 00:43:43.788 19652 19671 I WM-Processor: Moving WorkSpec (b56e187a-f467-42be-8236-39f8bd68009b) to the foreground
02-21 00:43:43.789 19652 19671 D WM-WorkProgressUpdater: Updating progress for b56e187a-f467-42be-8236-39f8bd68009b (Data {pct : 89, mode : file})
02-21 00:43:43.789 19652 19671 I WM-Processor: Moving WorkSpec (b56e187a-f467-42be-8236-39f8bd68009b) to the foreground
02-21 00:43:43.790 19652 19671 D WM-WorkProgressUpdater: Updating progress for b56e187a-f467-42be-8236-39f8bd68009b (Data {pct : 90, mode : file})
02-21 00:43:43.791 19652 19672 I WM-Processor: Moving WorkSpec (b56e187a-f467-42be-8236-39f8bd68009b) to the foreground
02-21 00:43:43.796 19652 19652 D WM-SystemFgDispatcher: Notifying with (id:10901, workSpecId: fb72157d-a1ac-460e-8f44-5394fab3ff1f, notificationType :1)
02-21 00:43:43.802 19652 19652 D WM-SystemFgDispatcher: Notifying with (id:5897, workSpecId: b56e187a-f467-42be-8236-39f8bd68009b, notificationType :1)
02-21 00:43:43.803 19652 19652 D WM-SystemFgDispatcher: Notifying with (id:5897, workSpecId: b56e187a-f467-42be-8236-39f8bd68009b, notificationType :1)
02-21 00:43:43.815 19652 19652 D WM-SystemFgDispatcher: Notifying with (id:5897, workSpecId: b56e187a-f467-42be-8236-39f8bd68009b, notificationType :1)
02-21 00:43:43.819 19652 19652 D WM-SystemFgDispatcher: Notifying with (id:5897, workSpecId: b56e187a-f467-42be-8236-39f8bd68009b, notificationType :1)
02-21 00:43:43.822 19652 19652 D WM-SystemFgDispatcher: Notifying with (id:5897, workSpecId: b56e187a-f467-42be-8236-39f8bd68009b, notificationType :1)
02-21 00:43:43.864 19652 19669 D WM-WorkProgressUpdater: Updating progress for 48ae0be9-ca3e-4980-a8b4-767667ce21c8 (Data {pct : 19, mode : file})
02-21 00:43:43.866 19652 19671 I WM-Processor: Moving WorkSpec (48ae0be9-ca3e-4980-a8b4-767667ce21c8) to the foreground
02-21 00:43:43.868 19652 19671 D WM-WorkProgressUpdater: Updating progress for 48ae0be9-ca3e-4980-a8b4-767667ce21c8 (Data {pct : 28, mode : file})
02-21 00:43:43.869 19652 19671 I WM-Processor: Moving WorkSpec (48ae0be9-ca3e-4980-a8b4-767667ce21c8) to the foreground
02-21 00:43:43.872 19652 19671 D WM-WorkProgressUpdater: Updating progress for 48ae0be9-ca3e-4980-a8b4-767667ce21c8 (Data {pct : 38, mode : file})
02-21 00:43:43.873 19652 19671 I WM-Processor: Moving WorkSpec (48ae0be9-ca3e-4980-a8b4-767667ce21c8) to the foreground
02-21 00:43:43.875 19652 19671 D WM-WorkProgressUpdater: Updating progress for 48ae0be9-ca3e-4980-a8b4-767667ce21c8 (Data {pct : 47, mode : file})
02-21 00:43:43.875 19652 19671 I WM-Processor: Moving WorkSpec (48ae0be9-ca3e-4980-a8b4-767667ce21c8) to the foreground
02-21 00:43:43.877 19652 19673 D WM-WorkProgressUpdater: Updating progress for 48ae0be9-ca3e-4980-a8b4-767667ce21c8 (Data {pct : 57, mode : file})
02-21 00:43:43.878 19652 19673 I WM-Processor: Moving WorkSpec (48ae0be9-ca3e-4980-a8b4-767667ce21c8) to the foreground
02-21 00:43:43.879 19652 19673 D WM-WorkProgressUpdater: Updating progress for 48ae0be9-ca3e-4980-a8b4-767667ce21c8 (Data {pct : 66, mode : file})
02-21 00:43:43.881 19652 19673 I WM-Processor: Moving WorkSpec (48ae0be9-ca3e-4980-a8b4-767667ce21c8) to the foreground
02-21 00:43:43.883 19652 19673 D WM-WorkProgressUpdater: Updating progress for 48ae0be9-ca3e-4980-a8b4-767667ce21c8 (Data {pct : 76, mode : file})
02-21 00:43:43.883 19652 19669 I WM-Processor: Moving WorkSpec (48ae0be9-ca3e-4980-a8b4-767667ce21c8) to the foreground
02-21 00:43:43.886 19652 19669 D WM-WorkProgressUpdater: Updating progress for 48ae0be9-ca3e-4980-a8b4-767667ce21c8 (Data {pct : 85, mode : file})
02-21 00:43:43.887 19652 19652 D WM-SystemFgDispatcher: Notifying with (id:9731, workSpecId: 48ae0be9-ca3e-4980-a8b4-767667ce21c8, notificationType :1)
02-21 00:43:43.888 19652 19669 I WM-Processor: Moving WorkSpec (48ae0be9-ca3e-4980-a8b4-767667ce21c8) to the foreground
02-21 00:43:43.889 19652 19652 D WM-SystemFgDispatcher: Notifying with (id:9731, workSpecId: 48ae0be9-ca3e-4980-a8b4-767667ce21c8, notificationType :1)
02-21 00:43:43.892 19652 19669 D WM-WorkProgressUpdater: Updating progress for 48ae0be9-ca3e-4980-a8b4-767667ce21c8 (Data {pct : 90, mode : file})
02-21 00:43:43.893 19652 19669 I WM-Processor: Moving WorkSpec (48ae0be9-ca3e-4980-a8b4-767667ce21c8) to the foreground
02-21 00:43:43.904 19652 19652 D WM-SystemFgDispatcher: Notifying with (id:9731, workSpecId: 48ae0be9-ca3e-4980-a8b4-767667ce21c8, notificationType :1)
02-21 00:43:43.906 19652 19652 D WM-SystemFgDispatcher: Notifying with (id:9731, workSpecId: 48ae0be9-ca3e-4980-a8b4-767667ce21c8, notificationType :1)
02-21 00:43:43.907 19652 19652 D WM-SystemFgDispatcher: Notifying with (id:9731, workSpecId: 48ae0be9-ca3e-4980-a8b4-767667ce21c8, notificationType :1)
02-21 00:43:43.909 19652 19652 D WM-SystemFgDispatcher: Notifying with (id:9731, workSpecId: 48ae0be9-ca3e-4980-a8b4-767667ce21c8, notificationType :1)
02-21 00:43:43.910 19652 19652 D WM-SystemFgDispatcher: Notifying with (id:9731, workSpecId: 48ae0be9-ca3e-4980-a8b4-767667ce21c8, notificationType :1)
02-21 00:43:43.912 19652 19652 D WM-SystemFgDispatcher: Notifying with (id:9731, workSpecId: 48ae0be9-ca3e-4980-a8b4-767667ce21c8, notificationType :1)
02-21 00:43:43.917 19652 19652 D WM-SystemFgDispatcher: Notifying with (id:9731, workSpecId: 48ae0be9-ca3e-4980-a8b4-767667ce21c8, notificationType :1)
02-21 00:43:43.927 19652 19673 D WM-WorkProgressUpdater: Updating progress for 2dbc440d-c4b6-4000-b7aa-f3f60bbbabae (Data {pct : 95, mode : file})
02-21 00:43:43.927 19652 19708 D GitHubUploader: uploadStream: done url=https://github.com/ishizuki-tech/SurveyExports/blob/main/diagnostics/crash/2026-02-21/prevlog_20260221_034433_pid2215.log.gz sha=e01aaf33da2653174ed5d3f06280b7df82097536
02-21 00:43:43.928 19652 19673 I WM-Processor: Moving WorkSpec (2dbc440d-c4b6-4000-b7aa-f3f60bbbabae) to the foreground
02-21 00:43:43.930 19652 19673 I WM-Processor: Moving WorkSpec (2dbc440d-c4b6-4000-b7aa-f3f60bbbabae) to the foreground
02-21 00:43:43.938 19652 19652 D WM-SystemFgDispatcher: Notifying with (id:7033, workSpecId: 2dbc440d-c4b6-4000-b7aa-f3f60bbbabae, notificationType :1)
02-21 00:43:43.939 19652 19652 D WM-SystemFgDispatcher: Notifying with (id:7033, workSpecId: 2dbc440d-c4b6-4000-b7aa-f3f60bbbabae, notificationType :1)
02-21 00:43:43.941 19652 19671 I WM-WorkerWrapper: Worker result SUCCESS for Work [ id=2dbc440d-c4b6-4000-b7aa-f3f60bbbabae, tags={ com.negi.survey.net.GitHubUploadWorker,github_upload,github_upload:crash:diagnostics_crash_prevlog_20260221_034433_pid2215.log.gz } ]
02-21 00:43:43.950 19652 19669 D WM-WorkProgressUpdater: Updating progress for c7f534c3-d6fb-4a92-ad5d-87ef89c1bbb5 (Data {pct : 13, mode : file})
02-21 00:43:43.952 19652 19672 D WM-WorkProgressUpdater: Updating progress for 584d15d6-0e62-450c-b242-4471e0d1e498 (Data {pct : 46, mode : file})
02-21 00:43:43.954 19652 19652 D WM-Processor: Processor 2dbc440d-c4b6-4000-b7aa-f3f60bbbabae executed; reschedule = false
02-21 00:43:43.954 19652 19652 D WM-GreedyScheduler: Stopping tracking for WorkGenerationalId(workSpecId=2dbc440d-c4b6-4000-b7aa-f3f60bbbabae, generation=0)
02-21 00:43:43.954 19652 19652 D WM-SystemJobService: 2dbc440d-c4b6-4000-b7aa-f3f60bbbabae executed on JobScheduler
02-21 00:43:43.954 19652 19652 D WM-SystemFgDispatcher: Removing Notification (id: 7033, workSpecId: WorkGenerationalId(workSpecId=2dbc440d-c4b6-4000-b7aa-f3f60bbbabae, generation=0), notificationType: 1
02-21 00:43:43.959 19652 19672 I WM-Processor: Moving WorkSpec (c7f534c3-d6fb-4a92-ad5d-87ef89c1bbb5) to the foreground
02-21 00:43:43.963 19652 19717 W GitHubUploader: uploadStream: 409 Conflict; refreshing SHA and retrying once.
02-21 00:43:43.963 19652 19672 D WM-WorkProgressUpdater: Updating progress for c7f534c3-d6fb-4a92-ad5d-87ef89c1bbb5 (Data {pct : 17, mode : file})
02-21 00:43:43.968 19652 19672 I WM-Processor: Moving WorkSpec (c7f534c3-d6fb-4a92-ad5d-87ef89c1bbb5) to the foreground
02-21 00:43:43.973 19652 19672 D WM-WorkProgressUpdater: Updating progress for c7f534c3-d6fb-4a92-ad5d-87ef89c1bbb5 (Data {pct : 21, mode : file})
02-21 00:43:43.975 19652 19672 I WM-Processor: Moving WorkSpec (c7f534c3-d6fb-4a92-ad5d-87ef89c1bbb5) to the foreground
02-21 00:43:43.975 19652 19652 D WM-SystemFgDispatcher: Notifying with (id:7736, workSpecId: c7f534c3-d6fb-4a92-ad5d-87ef89c1bbb5, notificationType :1)
02-21 00:43:43.977 19652 19672 D WM-WorkProgressUpdater: Updating progress for c7f534c3-d6fb-4a92-ad5d-87ef89c1bbb5 (Data {pct : 25, mode : file})
02-21 00:43:43.982 19652 19672 I WM-Processor: Moving WorkSpec (c7f534c3-d6fb-4a92-ad5d-87ef89c1bbb5) to the foreground
02-21 00:43:43.983 19652 19672 D WM-WorkProgressUpdater: Updating progress for c7f534c3-d6fb-4a92-ad5d-87ef89c1bbb5 (Data {pct : 29, mode : file})
02-21 00:43:43.985 19652 19672 I WM-Processor: Moving WorkSpec (c7f534c3-d6fb-4a92-ad5d-87ef89c1bbb5) to the foreground
02-21 00:43:43.989 19652 19672 D WM-WorkProgressUpdater: Updating progress for c7f534c3-d6fb-4a92-ad5d-87ef89c1bbb5 (Data {pct : 33, mode : file})
02-21 00:43:43.989 19652 19672 I WM-Processor: Moving WorkSpec (c7f534c3-d6fb-4a92-ad5d-87ef89c1bbb5) to the foreground
02-21 00:43:43.993 19652 19652 D WM-SystemFgDispatcher: Notifying with (id:7736, workSpecId: c7f534c3-d6fb-4a92-ad5d-87ef89c1bbb5, notificationType :1)
02-21 00:43:43.993 19652 19672 D WM-WorkProgressUpdater: Updating progress for c7f534c3-d6fb-4a92-ad5d-87ef89c1bbb5 (Data {pct : 37, mode : file})
02-21 00:43:43.995 19652 19652 D WM-SystemFgDispatcher: Notifying with (id:7736, workSpecId: c7f534c3-d6fb-4a92-ad5d-87ef89c1bbb5, notificationType :1)
02-21 00:43:43.997 19652 19652 D WM-SystemFgDispatcher: Notifying with (id:7736, workSpecId: c7f534c3-d6fb-4a92-ad5d-87ef89c1bbb5, notificationType :1)
02-21 00:43:43.998 19652 19652 D WM-SystemFgDispatcher: Notifying with (id:7736, workSpecId: c7f534c3-d6fb-4a92-ad5d-87ef89c1bbb5, notificationType :1)
02-21 00:43:43.999 19652 19672 I WM-Processor: Moving WorkSpec (c7f534c3-d6fb-4a92-ad5d-87ef89c1bbb5) to the foreground
02-21 00:43:44.001 19652 19672 D WM-WorkProgressUpdater: Updating progress for c7f534c3-d6fb-4a92-ad5d-87ef89c1bbb5 (Data {pct : 41, mode : file})
02-21 00:43:44.002 19652 19672 I WM-Processor: Moving WorkSpec (c7f534c3-d6fb-4a92-ad5d-87ef89c1bbb5) to the foreground
02-21 00:43:44.006 19652 19672 D WM-WorkProgressUpdater: Updating progress for c7f534c3-d6fb-4a92-ad5d-87ef89c1bbb5 (Data {pct : 45, mode : file})
02-21 00:43:44.008 19652 19672 I WM-Processor: Moving WorkSpec (c7f534c3-d6fb-4a92-ad5d-87ef89c1bbb5) to the foreground
02-21 00:43:44.011 19652 19652 D WM-SystemFgDispatcher: Notifying with (id:7736, workSpecId: c7f534c3-d6fb-4a92-ad5d-87ef89c1bbb5, notificationType :1)
02-21 00:43:44.016 19652 19672 D WM-WorkProgressUpdater: Updating progress for c7f534c3-d6fb-4a92-ad5d-87ef89c1bbb5 (Data {pct : 49, mode : file})
02-21 00:43:44.018 19652 19672 I WM-Processor: Moving WorkSpec (c7f534c3-d6fb-4a92-ad5d-87ef89c1bbb5) to the foreground
02-21 00:43:44.019 19652 19672 D WM-WorkProgressUpdater: Updating progress for c7f534c3-d6fb-4a92-ad5d-87ef89c1bbb5 (Data {pct : 53, mode : file})
02-21 00:43:44.021 19652 19672 D WM-GreedyScheduler: Cancelling work ID 2dbc440d-c4b6-4000-b7aa-f3f60bbbabae
02-21 00:43:44.022 19652 19672 I WM-Processor: Moving WorkSpec (c7f534c3-d6fb-4a92-ad5d-87ef89c1bbb5) to the foreground
02-21 00:43:44.023 19652 19672 D WM-WorkProgressUpdater: Updating progress for c7f534c3-d6fb-4a92-ad5d-87ef89c1bbb5 (Data {pct : 56, mode : file})
02-21 00:43:44.024 19652 19672 I WM-Processor: Moving WorkSpec (c7f534c3-d6fb-4a92-ad5d-87ef89c1bbb5) to the foreground
02-21 00:43:44.024 19652 19672 D WM-WorkProgressUpdater: Updating progress for c7f534c3-d6fb-4a92-ad5d-87ef89c1bbb5 (Data {pct : 60, mode : file})
02-21 00:43:44.025 19652 19672 I WM-Processor: Moving WorkSpec (c7f534c3-d6fb-4a92-ad5d-87ef89c1bbb5) to the foreground
02-21 00:43:44.027 19652 19672 D WM-WorkProgressUpdater: Updating progress for c7f534c3-d6fb-4a92-ad5d-87ef89c1bbb5 (Data {pct : 64, mode : file})
02-21 00:43:44.027 19652 19672 I WM-Processor: Moving WorkSpec (584d15d6-0e62-450c-b242-4471e0d1e498) to the foreground
02-21 00:43:44.028 19652 19652 D WM-SystemFgDispatcher: Notifying with (id:7736, workSpecId: c7f534c3-d6fb-4a92-ad5d-87ef89c1bbb5, notificationType :1)
02-21 00:43:44.029 19652 19652 D WM-SystemFgDispatcher: Notifying with (id:7736, workSpecId: c7f534c3-d6fb-4a92-ad5d-87ef89c1bbb5, notificationType :1)
02-21 00:43:44.030 19652 19672 I WM-Processor: Moving WorkSpec (c7f534c3-d6fb-4a92-ad5d-87ef89c1bbb5) to the foreground
02-21 00:43:44.031 19652 19652 D WM-SystemFgDispatcher: Notifying with (id:7736, workSpecId: c7f534c3-d6fb-4a92-ad5d-87ef89c1bbb5, notificationType :1)
02-21 00:43:44.031 19652 19672 D WM-WorkProgressUpdater: Updating progress for c7f534c3-d6fb-4a92-ad5d-87ef89c1bbb5 (Data {pct : 68, mode : file})
02-21 00:43:44.034 19652 19672 D WM-WorkProgressUpdater: Updating progress for 584d15d6-0e62-450c-b242-4471e0d1e498 (Data {pct : 82, mode : file})
02-21 00:43:44.035 19652 19672 I WM-Processor: Moving WorkSpec (584d15d6-0e62-450c-b242-4471e0d1e498) to the foreground
02-21 00:43:44.036 19652 19672 D WM-WorkProgressUpdater: Updating progress for 584d15d6-0e62-450c-b242-4471e0d1e498 (Data {pct : 90, mode : file})
02-21 00:43:44.036 19652 19672 I WM-Processor: Moving WorkSpec (584d15d6-0e62-450c-b242-4471e0d1e498) to the foreground
02-21 00:43:44.039 19652 19672 I WM-Processor: Moving WorkSpec (c7f534c3-d6fb-4a92-ad5d-87ef89c1bbb5) to the foreground
02-21 00:43:44.041 19652 19672 D WM-WorkProgressUpdater: Updating progress for c7f534c3-d6fb-4a92-ad5d-87ef89c1bbb5 (Data {pct : 72, mode : file})
02-21 00:43:44.042 19652 19671 I WM-Processor: Moving WorkSpec (c7f534c3-d6fb-4a92-ad5d-87ef89c1bbb5) to the foreground
02-21 00:43:44.044 19652 19671 D WM-WorkProgressUpdater: Updating progress for c7f534c3-d6fb-4a92-ad5d-87ef89c1bbb5 (Data {pct : 76, mode : file})
02-21 00:43:44.044 19652 19730 W GitHubUploader: uploadStream: 409 Conflict; refreshing SHA and retrying once.
02-21 00:43:44.045 19652 19671 I WM-Processor: Moving WorkSpec (c7f534c3-d6fb-4a92-ad5d-87ef89c1bbb5) to the foreground
02-21 00:43:44.047 19652 19652 D WM-SystemFgDispatcher: Notifying with (id:7736, workSpecId: c7f534c3-d6fb-4a92-ad5d-87ef89c1bbb5, notificationType :1)
02-21 00:43:44.049 19652 19671 D WM-WorkProgressUpdater: Updating progress for c7f534c3-d6fb-4a92-ad5d-87ef89c1bbb5 (Data {pct : 80, mode : file})
02-21 00:43:44.049 19652 19652 D WM-SystemFgDispatcher: Notifying with (id:7736, workSpecId: c7f534c3-d6fb-4a92-ad5d-87ef89c1bbb5, notificationType :1)
02-21 00:43:44.050 19652 19671 I WM-Processor: Moving WorkSpec (c7f534c3-d6fb-4a92-ad5d-87ef89c1bbb5) to the foreground
02-21 00:43:44.050 19652 19652 D WM-SystemFgDispatcher: Notifying with (id:7736, workSpecId: c7f534c3-d6fb-4a92-ad5d-87ef89c1bbb5, notificationType :1)
02-21 00:43:44.052 19652 19671 D WM-WorkProgressUpdater: Updating progress for c7f534c3-d6fb-4a92-ad5d-87ef89c1bbb5 (Data {pct : 84, mode : file})
02-21 00:43:44.053 19652 19652 D WM-SystemFgDispatcher: Notifying with (id:7736, workSpecId: c7f534c3-d6fb-4a92-ad5d-87ef89c1bbb5, notificationType :1)
02-21 00:43:44.053 19652 19671 I WM-Processor: Moving WorkSpec (c7f534c3-d6fb-4a92-ad5d-87ef89c1bbb5) to the foreground
02-21 00:43:44.053 19652 19652 D WM-SystemFgDispatcher: Notifying with (id:7354, workSpecId: 584d15d6-0e62-450c-b242-4471e0d1e498, notificationType :1)
02-21 00:43:44.054 19652 19671 D WM-WorkProgressUpdater: Updating progress for c7f534c3-d6fb-4a92-ad5d-87ef89c1bbb5 (Data {pct : 88, mode : file})
02-21 00:43:44.054 19652 19671 I WM-Processor: Moving WorkSpec (c7f534c3-d6fb-4a92-ad5d-87ef89c1bbb5) to the foreground
02-21 00:43:44.055 19652 19652 D WM-SystemFgDispatcher: Notifying with (id:7736, workSpecId: c7f534c3-d6fb-4a92-ad5d-87ef89c1bbb5, notificationType :1)
02-21 00:43:44.056 19652 19671 D WM-WorkProgressUpdater: Updating progress for c7f534c3-d6fb-4a92-ad5d-87ef89c1bbb5 (Data {pct : 90, mode : file})
02-21 00:43:44.057 19652 19671 I WM-Processor: Moving WorkSpec (c7f534c3-d6fb-4a92-ad5d-87ef89c1bbb5) to the foreground
02-21 00:43:44.063 19652 19652 D WM-SystemFgDispatcher: Notifying with (id:7354, workSpecId: 584d15d6-0e62-450c-b242-4471e0d1e498, notificationType :1)
02-21 00:43:44.064 19652 19652 D WM-SystemFgDispatcher: Notifying with (id:7354, workSpecId: 584d15d6-0e62-450c-b242-4471e0d1e498, notificationType :1)
02-21 00:43:44.065 19652 19652 D WM-SystemFgDispatcher: Notifying with (id:7736, workSpecId: c7f534c3-d6fb-4a92-ad5d-87ef89c1bbb5, notificationType :1)
02-21 00:43:44.065 19652 19706 W GitHubUploader: uploadStream: 409 Conflict; refreshing SHA and retrying once.
02-21 00:43:44.066 19652 19652 D WM-SystemFgDispatcher: Notifying with (id:7736, workSpecId: c7f534c3-d6fb-4a92-ad5d-87ef89c1bbb5, notificationType :1)
02-21 00:43:44.066 19652 19652 D WM-SystemFgDispatcher: Notifying with (id:7736, workSpecId: c7f534c3-d6fb-4a92-ad5d-87ef89c1bbb5, notificationType :1)
02-21 00:43:44.066 19652 19652 D WM-SystemFgDispatcher: Notifying with (id:7736, workSpecId: c7f534c3-d6fb-4a92-ad5d-87ef89c1bbb5, notificationType :1)
02-21 00:43:44.067 19652 19652 D WM-SystemFgDispatcher: Notifying with (id:7736, workSpecId: c7f534c3-d6fb-4a92-ad5d-87ef89c1bbb5, notificationType :1)
02-21 00:43:44.067 19652 19652 D WM-SystemFgDispatcher: Notifying with (id:7736, workSpecId: c7f534c3-d6fb-4a92-ad5d-87ef89c1bbb5, notificationType :1)
02-21 00:43:44.080 19652 19743 W GitHubUploader: uploadStream: 409 Conflict; refreshing SHA and retrying once.
02-21 00:43:44.081 19652 19652 D WM-SystemFgDispatcher: Notifying with (id:7736, workSpecId: c7f534c3-d6fb-4a92-ad5d-87ef89c1bbb5, notificationType :1)
02-21 00:43:44.102 19652 19672 D WM-WorkProgressUpdater: Updating progress for f8a5d1ce-9f25-4343-9a46-2bc097898bf3 (Data {pct : 82, mode : file})
02-21 00:43:44.103 19652 19672 I WM-Processor: Moving WorkSpec (f8a5d1ce-9f25-4343-9a46-2bc097898bf3) to the foreground
02-21 00:43:44.106 19652 19672 D WM-WorkProgressUpdater: Updating progress for f8a5d1ce-9f25-4343-9a46-2bc097898bf3 (Data {pct : 90, mode : file})
02-21 00:43:44.107 19652 19672 I WM-Processor: Moving WorkSpec (f8a5d1ce-9f25-4343-9a46-2bc097898bf3) to the foreground
02-21 00:43:44.138 19652 19652 D WM-SystemFgDispatcher: Notifying with (id:10504, workSpecId: f8a5d1ce-9f25-4343-9a46-2bc097898bf3, notificationType :1)
02-21 00:43:44.140 19652 19652 D WM-SystemFgDispatcher: Notifying with (id:10504, workSpecId: f8a5d1ce-9f25-4343-9a46-2bc097898bf3, notificationType :1)
02-21 00:43:44.140 19652 19735 W GitHubUploader: uploadStream: 409 Conflict; refreshing SHA and retrying once.
02-21 00:43:44.153 19652 19746 W GitHubUploader: uploadStream: 409 Conflict; refreshing SHA and retrying once.
02-21 00:43:44.175 19652 19673 D WM-WorkProgressUpdater: Updating progress for d8e73678-0b83-4b9f-a2e8-07802d7fd1ce (Data {pct : 95, mode : file})
02-21 00:43:44.175 19652 19732 D GitHubUploader: uploadStream: done url=https://github.com/ishizuki-tech/SurveyExports/blob/main/diagnostics/crash/2026-02-21/prevlog_20260221_043109_pid4468.log sha=7d6f4c0df1e983b7fe005092ca7f69d08fa2bde7
02-21 00:43:44.180 19652 19673 I WM-Processor: Moving WorkSpec (d8e73678-0b83-4b9f-a2e8-07802d7fd1ce) to the foreground
02-21 00:43:44.182 19652 19673 I WM-Processor: Moving WorkSpec (d8e73678-0b83-4b9f-a2e8-07802d7fd1ce) to the foreground
02-21 00:43:44.197 19652 19671 I WM-WorkerWrapper: Worker result SUCCESS for Work [ id=d8e73678-0b83-4b9f-a2e8-07802d7fd1ce, tags={ com.negi.survey.net.GitHubUploadWorker,github_upload,github_upload:crash:diagnostics_crash_prevlog_20260221_043109_pid4468.log } ]
02-21 00:43:44.214 19652 19744 W GitHubUploader: uploadStream: 409 Conflict; refreshing SHA and retrying once.
02-21 00:43:44.214 19652 19652 D WM-SystemFgDispatcher: Notifying with (id:6783, workSpecId: d8e73678-0b83-4b9f-a2e8-07802d7fd1ce, notificationType :1)
02-21 00:43:44.217 19652 19673 D WM-WorkProgressUpdater: Updating progress for 0bd77b2e-a92b-49ba-84b7-6ba83c6626f7 (Data {pct : 81, mode : file})
02-21 00:43:44.217 19652 19652 D WM-SystemFgDispatcher: Notifying with (id:6783, workSpecId: d8e73678-0b83-4b9f-a2e8-07802d7fd1ce, notificationType :1)
02-21 00:43:44.222 19652 19673 I WM-Processor: Moving WorkSpec (0bd77b2e-a92b-49ba-84b7-6ba83c6626f7) to the foreground
02-21 00:43:44.224 19652 19673 D WM-WorkProgressUpdater: Updating progress for 0bd77b2e-a92b-49ba-84b7-6ba83c6626f7 (Data {pct : 90, mode : file})
02-21 00:43:44.224 19652 19673 I WM-Processor: Moving WorkSpec (0bd77b2e-a92b-49ba-84b7-6ba83c6626f7) to the foreground
02-21 00:43:44.233 19652 19652 D WM-Processor: Processor d8e73678-0b83-4b9f-a2e8-07802d7fd1ce executed; reschedule = false
02-21 00:43:44.233 19652 19652 D WM-GreedyScheduler: Stopping tracking for WorkGenerationalId(workSpecId=d8e73678-0b83-4b9f-a2e8-07802d7fd1ce, generation=0)
02-21 00:43:44.234 19652 19652 D WM-SystemJobService: d8e73678-0b83-4b9f-a2e8-07802d7fd1ce executed on JobScheduler
02-21 00:43:44.234 19652 19652 D WM-SystemFgDispatcher: Removing Notification (id: 6783, workSpecId: WorkGenerationalId(workSpecId=d8e73678-0b83-4b9f-a2e8-07802d7fd1ce, generation=0), notificationType: 1
02-21 00:43:44.239 19652 19672 D WM-GreedyScheduler: Cancelling work ID d8e73678-0b83-4b9f-a2e8-07802d7fd1ce
02-21 00:43:44.240 19652 19672 D WM-WorkProgressUpdater: Updating progress for 0395dfe7-e4df-4272-a20a-0782ee879485 (Data {pct : 41, mode : file})
02-21 00:43:44.241 19652 19669 I WM-Processor: Moving WorkSpec (0395dfe7-e4df-4272-a20a-0782ee879485) to the foreground
02-21 00:43:44.244 19652 19669 D WM-WorkProgressUpdater: Updating progress for 0395dfe7-e4df-4272-a20a-0782ee879485 (Data {pct : 73, mode : file})
02-21 00:43:44.244 19652 19669 I WM-Processor: Moving WorkSpec (0395dfe7-e4df-4272-a20a-0782ee879485) to the foreground
02-21 00:43:44.245 19652 19669 D WM-WorkProgressUpdater: Updating progress for 0395dfe7-e4df-4272-a20a-0782ee879485 (Data {pct : 90, mode : file})
02-21 00:43:44.246 19652 19669 I WM-Processor: Moving WorkSpec (0395dfe7-e4df-4272-a20a-0782ee879485) to the foreground
02-21 00:43:44.251 19652 19727 W GitHubUploader: uploadStream: 409 Conflict; refreshing SHA and retrying once.
02-21 00:43:44.253 19652 19652 D WM-SystemFgDispatcher: Notifying with (id:5426, workSpecId: 0bd77b2e-a92b-49ba-84b7-6ba83c6626f7, notificationType :1)
02-21 00:43:44.254 19652 19652 D WM-SystemFgDispatcher: Notifying with (id:5426, workSpecId: 0bd77b2e-a92b-49ba-84b7-6ba83c6626f7, notificationType :1)
02-21 00:43:44.257 19652 19652 D WM-SystemJobService: onStopJob for WorkGenerationalId(workSpecId=d8e73678-0b83-4b9f-a2e8-07802d7fd1ce, generation=0)
02-21 00:43:44.257 19652 19652 D WM-SystemFgDispatcher: Notifying with (id:8301, workSpecId: 0395dfe7-e4df-4272-a20a-0782ee879485, notificationType :1)
02-21 00:43:44.258 19652 19652 D WM-SystemFgDispatcher: Notifying with (id:8301, workSpecId: 0395dfe7-e4df-4272-a20a-0782ee879485, notificationType :1)
02-21 00:43:44.259 19652 19652 D WM-SystemFgDispatcher: Notifying with (id:8301, workSpecId: 0395dfe7-e4df-4272-a20a-0782ee879485, notificationType :1)
02-21 00:43:44.274 19652 19669 D WM-WorkProgressUpdater: Updating progress for 308328ad-b2be-478b-80fc-bc1ae187d993 (Data {pct : 83, mode : file})
02-21 00:43:44.276 19652 19672 I WM-Processor: Moving WorkSpec (308328ad-b2be-478b-80fc-bc1ae187d993) to the foreground
02-21 00:43:44.278 19652 19672 D WM-WorkProgressUpdater: Updating progress for 308328ad-b2be-478b-80fc-bc1ae187d993 (Data {pct : 90, mode : file})
02-21 00:43:44.279 19652 19672 I WM-Processor: Moving WorkSpec (308328ad-b2be-478b-80fc-bc1ae187d993) to the foreground
02-21 00:43:44.287 19652 19652 D WM-SystemFgDispatcher: Notifying with (id:4429, workSpecId: 308328ad-b2be-478b-80fc-bc1ae187d993, notificationType :1)
02-21 00:43:44.288 19652 19652 D WM-SystemFgDispatcher: Notifying with (id:4429, workSpecId: 308328ad-b2be-478b-80fc-bc1ae187d993, notificationType :1)
02-21 00:43:44.295 19652 19673 D WM-WorkProgressUpdater: Updating progress for 1b4bd9f4-b9da-4fbb-9424-e47b91f2a033 (Data {pct : 84, mode : file})
02-21 00:43:44.301 19652 19673 I WM-Processor: Moving WorkSpec (1b4bd9f4-b9da-4fbb-9424-e47b91f2a033) to the foreground
02-21 00:43:44.302 19652 19673 D WM-WorkProgressUpdater: Updating progress for 1b4bd9f4-b9da-4fbb-9424-e47b91f2a033 (Data {pct : 90, mode : file})
02-21 00:43:44.303 19652 19673 I WM-Processor: Moving WorkSpec (1b4bd9f4-b9da-4fbb-9424-e47b91f2a033) to the foreground
02-21 00:43:44.306 19652 19652 D WM-SystemFgDispatcher: Notifying with (id:10028, workSpecId: 1b4bd9f4-b9da-4fbb-9424-e47b91f2a033, notificationType :1)
02-21 00:43:44.322 19652 19740 W GitHubUploader: uploadStream: 409 Conflict; refreshing SHA and retrying once.
02-21 00:43:44.323 19652 19652 D WM-SystemFgDispatcher: Notifying with (id:10028, workSpecId: 1b4bd9f4-b9da-4fbb-9424-e47b91f2a033, notificationType :1)
02-21 00:43:44.381 19652 19704 W GitHubUploader: uploadStream: 409 Conflict; refreshing SHA and retrying once.
02-21 00:43:44.419 19652 19669 D WM-WorkProgressUpdater: Updating progress for e496342c-b350-46eb-8e4b-4dbf2558d8b9 (Data {pct : 32, mode : file})
02-21 00:43:44.425 19652 19669 I WM-Processor: Moving WorkSpec (e496342c-b350-46eb-8e4b-4dbf2558d8b9) to the foreground
02-21 00:43:44.432 19652 19669 D WM-WorkProgressUpdater: Updating progress for e496342c-b350-46eb-8e4b-4dbf2558d8b9 (Data {pct : 54, mode : file})
02-21 00:43:44.435 19652 19669 I WM-Processor: Moving WorkSpec (e496342c-b350-46eb-8e4b-4dbf2558d8b9) to the foreground
02-21 00:43:44.438 19652 19669 D WM-WorkProgressUpdater: Updating progress for e496342c-b350-46eb-8e4b-4dbf2558d8b9 (Data {pct : 76, mode : file})
02-21 00:43:44.440 19652 19669 I WM-Processor: Moving WorkSpec (e496342c-b350-46eb-8e4b-4dbf2558d8b9) to the foreground
02-21 00:43:44.442 19652 19669 D WM-WorkProgressUpdater: Updating progress for e496342c-b350-46eb-8e4b-4dbf2558d8b9 (Data {pct : 90, mode : file})
02-21 00:43:44.444 19652 19669 I WM-Processor: Moving WorkSpec (e496342c-b350-46eb-8e4b-4dbf2558d8b9) to the foreground
02-21 00:43:44.448 19652 19671 D WM-WorkProgressUpdater: Updating progress for c1ef8dac-df16-4a00-a65f-3a4f8d1622ec (Data {pct : 19, mode : file})
02-21 00:43:44.448 19652 19671 I WM-Processor: Moving WorkSpec (c1ef8dac-df16-4a00-a65f-3a4f8d1622ec) to the foreground
02-21 00:43:44.451 19652 19652 D WM-SystemFgDispatcher: Notifying with (id:3479, workSpecId: e496342c-b350-46eb-8e4b-4dbf2558d8b9, notificationType :1)
02-21 00:43:44.451 19652 19671 D WM-WorkProgressUpdater: Updating progress for c1ef8dac-df16-4a00-a65f-3a4f8d1622ec (Data {pct : 29, mode : file})
02-21 00:43:44.456 19652 19671 I WM-Processor: Moving WorkSpec (c1ef8dac-df16-4a00-a65f-3a4f8d1622ec) to the foreground
02-21 00:43:44.458 19652 19671 D WM-WorkProgressUpdater: Updating progress for c1ef8dac-df16-4a00-a65f-3a4f8d1622ec (Data {pct : 38, mode : file})
02-21 00:43:44.459 19652 19671 I WM-Processor: Moving WorkSpec (c1ef8dac-df16-4a00-a65f-3a4f8d1622ec) to the foreground
02-21 00:43:44.460 19652 19671 D WM-WorkProgressUpdater: Updating progress for c1ef8dac-df16-4a00-a65f-3a4f8d1622ec (Data {pct : 48, mode : file})
02-21 00:43:44.460 19652 19671 I WM-Processor: Moving WorkSpec (c1ef8dac-df16-4a00-a65f-3a4f8d1622ec) to the foreground
02-21 00:43:44.461 19652 19671 D WM-WorkProgressUpdater: Updating progress for c1ef8dac-df16-4a00-a65f-3a4f8d1622ec (Data {pct : 58, mode : file})
02-21 00:43:44.463 19652 19671 I WM-Processor: Moving WorkSpec (c1ef8dac-df16-4a00-a65f-3a4f8d1622ec) to the foreground
02-21 00:43:44.465 19652 19671 D WM-WorkProgressUpdater: Updating progress for c1ef8dac-df16-4a00-a65f-3a4f8d1622ec (Data {pct : 67, mode : file})
02-21 00:43:44.466 19652 19671 I WM-Processor: Moving WorkSpec (c1ef8dac-df16-4a00-a65f-3a4f8d1622ec) to the foreground
