02-20 21:15:13.062  7513  7513 E MessageQueue-JNI: 	at android.view.ViewRootImpl.doProcessInputEvents(ViewRootImpl.java:10648)
02-20 21:15:13.062  7513  7513 E MessageQueue-JNI: 	at android.view.ViewRootImpl.enqueueInputEvent(ViewRootImpl.java:10616)
02-20 21:15:13.062  7513  7513 E MessageQueue-JNI: 	at android.view.ViewRootImpl.processRawInputEvent(ViewRootImpl.java:11039)
02-20 21:15:13.062  7513  7513 E MessageQueue-JNI: 	at android.view.ViewRootImpl$WindowInputEventReceiver.onInputEvent(ViewRootImpl.java:10825)
02-20 21:15:13.062  7513  7513 E MessageQueue-JNI: 	at android.view.InputEventReceiver.dispatchInputEvent(InputEventReceiver.java:277)
02-20 21:15:13.062  7513  7513 E MessageQueue-JNI: 	at android.os.MessageQueue.nativePollOnce(Native Method)
02-20 21:15:13.062  7513  7513 E MessageQueue-JNI: 	at android.os.MessageQueue.nextLegacy(MessageQueue.java:985)
02-20 21:15:13.062  7513  7513 E MessageQueue-JNI: 	at android.os.MessageQueue.next(MessageQueue.java:1094)
02-20 21:15:13.062  7513  7513 E MessageQueue-JNI: 	at android.os.Looper.loopOnce(Looper.java:197)
02-20 21:15:13.062  7513  7513 E MessageQueue-JNI: 	at android.os.Looper.loop(Looper.java:367)
02-20 21:15:13.062  7513  7513 E MessageQueue-JNI: 	at android.app.ActivityThread.main(ActivityThread.java:9287)
02-20 21:15:13.062  7513  7513 E MessageQueue-JNI: 	at java.lang.reflect.Method.invoke(Native Method)
02-20 21:15:13.062  7513  7513 E MessageQueue-JNI: 	at com.android.internal.os.RuntimeInit$MethodAndArgsCaller.run(RuntimeInit.java:566)
02-20 21:15:13.062  7513  7513 E MessageQueue-JNI: 	at com.android.internal.os.ZygoteInit.main(ZygoteInit.java:929)
02-20 21:15:13.062  7513  7513 D AndroidRuntime: Shutting down VM
--------- beginning of crash
02-20 21:15:13.062  7513  7513 E AndroidRuntime: FATAL EXCEPTION: main
02-20 21:15:13.062  7513  7513 E AndroidRuntime: Process: com.negi.survey, PID: 7513
02-20 21:15:13.062  7513  7513 E AndroidRuntime: java.lang.RuntimeException: Debug crash button pressed
02-20 21:15:13.062  7513  7513 E AndroidRuntime: 	at com.negi.survey.screens.AiScreenKt.AiScreen$lambda$70$1$0$1$0$0$0(AiScreen.kt:1038)
02-20 21:15:13.062  7513  7513 E AndroidRuntime: 	at com.negi.survey.screens.AiScreenKt.$r8$lambda$zwsH71QyJNnPPnS4Yv-wN0UIW7Y(Unknown Source:0)
02-20 21:15:13.062  7513  7513 E AndroidRuntime: 	at com.negi.survey.screens.AiScreenKt$$ExternalSyntheticLambda16.invoke(D8$$SyntheticClass:0)
02-20 21:15:13.062  7513  7513 E AndroidRuntime: 	at androidx.compose.foundation.ClickableNode.onPointerEvent-H0pRuoY(Clickable.kt:935)
02-20 21:15:13.062  7513  7513 E AndroidRuntime: 	at androidx.compose.ui.input.pointer.Node.dispatchMainEventPass(HitPathTracker.kt:446)
02-20 21:15:13.062  7513  7513 E AndroidRuntime: 	at androidx.compose.ui.input.pointer.Node.dispatchMainEventPass(HitPathTracker.kt:432)
02-20 21:15:13.062  7513  7513 E AndroidRuntime: 	at androidx.compose.ui.input.pointer.Node.dispatchMainEventPass(HitPathTracker.kt:432)
02-20 21:15:13.062  7513  7513 E AndroidRuntime: 	at androidx.compose.ui.input.pointer.Node.dispatchMainEventPass(HitPathTracker.kt:432)
02-20 21:15:13.062  7513  7513 E AndroidRuntime: 	at androidx.compose.ui.input.pointer.Node.dispatchMainEventPass(HitPathTracker.kt:432)
02-20 21:15:13.062  7513  7513 E AndroidRuntime: 	at androidx.compose.ui.input.pointer.NodeParent.dispatchMainEventPass(HitPathTracker.kt:285)
02-20 21:15:13.062  7513  7513 E AndroidRuntime: 	at androidx.compose.ui.input.pointer.HitPathTracker.dispatchChanges(HitPathTracker.kt:181)
02-20 21:15:13.062  7513  7513 E AndroidRuntime: 	at androidx.compose.ui.input.pointer.PointerInputEventProcessor.process-BIzXfog(PointerInputEventProcessor.kt:118)
02-20 21:15:13.062  7513  7513 E AndroidRuntime: 	at androidx.compose.ui.platform.AndroidComposeView.sendMotionEvent-8iAsVTc(AndroidComposeView.android.kt:2685)
02-20 21:15:13.062  7513  7513 E AndroidRuntime: 	at androidx.compose.ui.platform.AndroidComposeView.handleMotionEvent-8iAsVTc(AndroidComposeView.android.kt:2629)
02-20 21:15:13.062  7513  7513 E AndroidRuntime: 	at androidx.compose.ui.platform.AndroidComposeView.dispatchTouchEvent(AndroidComposeView.android.kt:2467)
02-20 21:15:13.062  7513  7513 E AndroidRuntime: 	at android.view.ViewGroup.dispatchTransformedTouchEvent(ViewGroup.java:3143)
02-20 21:15:13.062  7513  7513 E AndroidRuntime: 	at android.view.ViewGroup.dispatchTouchEvent(ViewGroup.java:2826)
02-20 21:15:13.062  7513  7513 E AndroidRuntime: 	at android.view.ViewGroup.dispatchTransformedTouchEvent(ViewGroup.java:3143)
02-20 21:15:13.062  7513  7513 E AndroidRuntime: 	at android.view.ViewGroup.dispatchTouchEvent(ViewGroup.java:2826)
02-20 21:15:13.062  7513  7513 E AndroidRuntime: 	at android.view.ViewGroup.dispatchTransformedTouchEvent(ViewGroup.java:3143)
02-20 21:15:13.062  7513  7513 E AndroidRuntime: 	at android.view.ViewGroup.dispatchTouchEvent(ViewGroup.java:2826)
02-20 21:15:13.062  7513  7513 E AndroidRuntime: 	at android.view.ViewGroup.dispatchTransformedTouchEvent(ViewGroup.java:3143)
02-20 21:15:13.062  7513  7513 E AndroidRuntime: 	at android.view.ViewGroup.dispatchTouchEvent(ViewGroup.java:2826)
02-20 21:15:13.062  7513  7513 E AndroidRuntime: 	at com.android.internal.policy.DecorView.superDispatchTouchEvent(DecorView.java:503)
02-20 21:15:13.062  7513  7513 E AndroidRuntime: 	at com.android.internal.policy.PhoneWindow.superDispatchTouchEvent(PhoneWindow.java:2017)
02-20 21:15:13.062  7513  7513 E AndroidRuntime: 	at android.app.Activity.dispatchTouchEvent(Activity.java:4665)
02-20 21:15:13.062  7513  7513 E AndroidRuntime: 	at com.android.internal.policy.DecorView.dispatchTouchEvent(DecorView.java:441)
02-20 21:15:13.062  7513  7513 E AndroidRuntime: 	at android.view.View.dispatchPointerEvent(View.java:17110)
02-20 21:15:13.062  7513  7513 E AndroidRuntime: 	at android.view.ViewRootImpl$ViewPostImeInputStage.processPointerEvent(ViewRootImpl.java:8349)
02-20 21:15:13.062  7513  7513 E AndroidRuntime: 	at android.view.ViewRootImpl$ViewPostImeInputStage.onProcess(ViewRootImpl.java:8103)
02-20 21:15:13.062  7513  7513 E AndroidRuntime: 	at android.view.ViewRootImpl$InputStage.deliver(ViewRootImpl.java:7480)
02-20 21:15:13.062  7513  7513 E AndroidRuntime: 	at android.view.ViewRootImpl$InputStage.onDeliverToNext(ViewRootImpl.java:7537)
02-20 21:15:13.062  7513  7513 E AndroidRuntime: 	at android.view.ViewRootImpl$InputStage.forward(ViewRootImpl.java:7503)
02-20 21:15:13.062  7513  7513 E AndroidRuntime: 	at android.view.ViewRootImpl$AsyncInputStage.forward(ViewRootImpl.java:7674)
02-20 21:15:13.062  7513  7513 E AndroidRuntime: 	at android.view.ViewRootImpl$InputStage.apply(ViewRootImpl.java:7511)
02-20 21:15:13.062  7513  7513 E AndroidRuntime: 	at android.view.ViewRootImpl$AsyncInputStage.apply(ViewRootImpl.java:7731)
02-20 21:15:13.062  7513  7513 E AndroidRuntime: 	at android.view.ViewRootImpl$InputStage.deliver(ViewRootImpl.java:7484)
02-20 21:15:13.062  7513  7513 E AndroidRuntime: 	at android.view.ViewRootImpl$InputStage.onDeliverToNext(ViewRootImpl.java:7537)
02-20 21:15:13.062  7513  7513 E AndroidRuntime: 	at android.view.ViewRootImpl$InputStage.forward(ViewRootImpl.java:7503)
02-20 21:15:13.062  7513  7513 E AndroidRuntime: 	at android.view.ViewRootImpl$InputStage.apply(ViewRootImpl.java:7511)
02-20 21:15:13.062  7513  7513 E AndroidRuntime: 	at android.view.ViewRootImpl$InputStage.deliver(ViewRootImpl.java:7484)
02-20 21:15:13.062  7513  7513 E AndroidRuntime: 	at android.view.ViewRootImpl.deliverInputEvent(ViewRootImpl.java:10697)
02-20 21:15:13.062  7513  7513 E AndroidRuntime: 	at android.view.ViewRootImpl.doProcessInputEvents(ViewRootImpl.java:10648)
02-20 21:15:13.062  7513  7513 E AndroidRuntime: 	at android.view.ViewRootImpl.enqueueInputEvent(ViewRootImpl.java:10616)
02-20 21:15:13.062  7513  7513 E AndroidRuntime: 	at android.view.ViewRootImpl.processRawInputEvent(ViewRootImpl.java:11039)
02-20 21:15:13.062  7513  7513 E AndroidRuntime: 	at android.view.ViewRootImpl$WindowInputEventReceiver.onInputEvent(ViewRootImpl.java:10825)
02-20 21:15:13.062  7513  7513 E AndroidRuntime: 	at android.view.InputEventReceiver.dispatchInputEvent(InputEventReceiver.java:277)
02-20 21:15:13.062  7513  7513 E AndroidRuntime: 	at android.os.MessageQueue.nativePollOnce(Native Method)
02-20 21:15:13.062  7513  7513 E AndroidRuntime: 	at android.os.MessageQueue.nextLegacy(MessageQueue.java:985)
02-20 21:15:13.062  7513  7513 E AndroidRuntime: 	at android.os.MessageQueue.next(MessageQueue.java:1094)
02-20 21:15:13.062  7513  7513 E AndroidRuntime: 	at android.os.Looper.loopOnce(Looper.java:197)
02-20 21:15:13.062  7513  7513 E AndroidRuntime: 	at android.os.Looper.loop(Looper.java:367)
02-20 21:15:13.062  7513  7513 E AndroidRuntime: 	at android.app.ActivityThread.main(ActivityThread.java:9287)
02-20 21:15:13.062  7513  7513 E AndroidRuntime: 	at java.lang.reflect.Method.invoke(Native Method)
02-20 21:15:13.062  7513  7513 E AndroidRuntime: 	at com.android.internal.os.RuntimeInit$MethodAndArgsCaller.run(RuntimeInit.java:566)
02-20 21:15:13.062  7513  7513 E AndroidRuntime: 	at com.android.internal.os.ZygoteInit.main(ZygoteInit.java:929)
02-20 21:15:13.302  7513  7513 E CrashCapture: Crash captured: /data/user/0/com.negi.survey/files/diagnostics/crash/crash_20260221_051513_pid7513_tid7513_u173106.log bytes=219698
02-20 21:15:13.323  7513  7513 I Process : Sending signal. PID: 7513 SIG: 9
02-20 21:15:34.853  7826  7826 I libc    : SetHeapTaggingLevel: tag level set to 0
02-20 21:15:34.857  7826  7826 I Zygote  : Process 7826 created for com.negi.survey
02-20 21:15:34.858  7826  7826 I com.negi.survey: Using CollectorTypeCMC GC.
02-20 21:15:34.899  7826  7826 D nativeloader: Load libframework-connectivity-tiramisu-jni.so using APEX ns com_android_tethering for caller /apex/com.android.tethering/javalib/framework-connectivity-t.jar: ok
02-20 21:15:34.942  7826  7826 D ApplicationLoaders: Returning zygote-cached class loader: /system_ext/framework/androidx.window.extensions.jar
02-20 21:15:34.942  7826  7826 D ApplicationLoaders: Returning zygote-cached class loader: /system_ext/framework/androidx.window.sidecar.jar
02-20 21:15:34.990  7826  7826 D nativeloader: Configuring clns-9 for other apk /data/app/~~pJGUhtk4ZC9HDNPqfXmNrw==/com.negi.survey-BoyjYyurhnPLUfKuh4AlUw==/base.apk. target_sdk_version=36, uses_libraries=libOpenCL.so:libOpenCL-pixel.so, library_path=/data/app/~~pJGUhtk4ZC9HDNPqfXmNrw==/com.negi.survey-BoyjYyurhnPLUfKuh4AlUw==/lib/arm64:/data/app/~~pJGUhtk4ZC9HDNPqfXmNrw==/com.negi.survey-BoyjYyurhnPLUfKuh4AlUw==/base.apk!/lib/arm64-v8a, permitted_path=/data:/mnt/expand:/data/user/0/com.negi.survey
02-20 21:15:35.016  7826  7826 V GraphicsEnvironment: Currently set values for:
02-20 21:15:35.016  7826  7826 V GraphicsEnvironment:   angle_gl_driver_selection_pkgs=[com.android.angle, com.google.android.apps.tachyon]
02-20 21:15:35.016  7826  7826 V GraphicsEnvironment:   angle_gl_driver_selection_values=[angle, native]
02-20 21:15:35.016  7826  7826 V GraphicsEnvironment: com.negi.survey is not listed in per-application setting
02-20 21:15:35.016  7826  7826 V GraphicsEnvironment: ANGLE allowlist from config: 
02-20 21:15:35.016  7826  7826 V GraphicsEnvironment: No special selections for ANGLE, returning default driver choice
02-20 21:15:35.016  7826  7826 V GraphicsEnvironment: Neither updatable production driver nor prerelease driver is supported.
02-20 21:15:35.028  7826  7840 D RuntimeLogStore: openWriter: start -> /data/user/0/com.negi.survey/files/diagnostics/runtime_logs/rtlog_20260221_051535_026_pid7826_seq1.log (bytes=0 format=LEGACY)
02-20 21:15:35.029  7826  7840 D RuntimeLogStore: retention: start files=2 kept=2 totalBytes=14979
02-20 21:15:35.031  7826  7826 D AppRingLogStore: installed: dir=/data/user/0/com.negi.survey/files/diagnostics/applog_ring idx=0
02-20 21:15:35.032  7826  7826 D CrashCapture: install: ensured default handler. where=SurveyApp:attachBaseContext pid=7826 default=com.negi.survey.CrashCapture$CrashHandler@b690374
02-20 21:15:35.040  7826  7826 D WM-PackageManagerHelper: Skipping component enablement for androidx.work.impl.background.systemjob.SystemJobService
02-20 21:15:35.040  7826  7826 D WM-Schedulers: Created SystemJobScheduler and enabled SystemJobService
02-20 21:15:35.043  7826  7842 D WM-ForceStopRunnable: Is default app process = true
02-20 21:15:35.044  7826  7842 D WM-ForceStopRunnable: Performing cleanup operations.
02-20 21:15:35.052  7826  7842 E ashmem  : Pinning is deprecated since Android Q. Please use trim or other methods.
02-20 21:15:35.096  7826  7842 D WM-SystemJobScheduler: Reconciling jobs
02-20 21:15:35.116  7826  7842 D WM-ForceStopRunnable: Found unfinished work, scheduling it.
02-20 21:15:35.122  7826  7826 D github_upload: choosePolicy: uniqueName=upload_runtime_logs_startup policy=REPLACE states=[SUCCEEDED]
02-20 21:15:35.122  7826  7826 D github_upload: enqueueStartupRuntimeLogsUpload: uniqueName=upload_runtime_logs_startup policy=REPLACE
02-20 21:15:35.123  7826  7826 D CrashCapture: install: ensured default handler. where=SurveyApp:onCreate(rewrap) pid=7826 default=com.negi.survey.CrashCapture$CrashHandler@b690374
02-20 21:15:35.123  7826  7826 D CrashCapture: registerSelfHealing: ActivityLifecycleCallbacks registered. mode=onResumedOnly
02-20 21:15:35.123  7826  7857 D CrashCapture: enqueuePendingCrashUploadsIfPossible enter where=SurveyApp:enqueuePending(immediate):bg pid=7826 thread=CrashCapture-Enqueue
02-20 21:15:35.132  7826  7859 I DisplayManager: Choreographer implicitly registered for the refresh rate.
02-20 21:15:35.133  7826  7859 D vulkan  : searching for layers in '/data/app/~~pJGUhtk4ZC9HDNPqfXmNrw==/com.negi.survey-BoyjYyurhnPLUfKuh4AlUw==/lib/arm64'
02-20 21:15:35.133  7826  7826 D DesktopExperienceFlags: Toggle override initialized to: false
02-20 21:15:35.133  7826  7859 D vulkan  : searching for layers in '/data/app/~~pJGUhtk4ZC9HDNPqfXmNrw==/com.negi.survey-BoyjYyurhnPLUfKuh4AlUw==/base.apk!/lib/arm64-v8a'
02-20 21:15:35.138  7826  7826 D CrashCapture: install: ensured default handler. where=install(legacy) pid=7826 default=com.negi.survey.CrashCapture$CrashHandler@b690374
02-20 21:15:35.139  7826  7862 D CrashCapture: enqueuePendingCrashUploadsIfPossible skipped (already running). where=enqueue(legacy):bg
02-20 21:15:35.143  7826  7826 D CompatChangeReporter: Compat change id reported: 377864165; UID 14738; state: ENABLED
02-20 21:15:35.143  7826  7826 D DesktopModeFlags: Toggle override initialized to: OVERRIDE_UNSET
02-20 21:15:35.149  7826  7826 I ContentCaptureHelper: Setting logging level to OFF
02-20 21:15:35.152  7826  7826 D CrashCapture: install: ensured default handler. where=selfHeal:onActivityResumed pid=7826 default=com.negi.survey.CrashCapture$CrashHandler@b690374
02-20 21:15:35.163  7826  7856 D WM-SystemJobScheduler: Scheduling work ID f8c9be85-b6fd-4a71-828e-dc2e023a97a0Job ID 127
02-20 21:15:35.172  7826  7856 D WM-GreedyScheduler: Starting tracking for f8c9be85-b6fd-4a71-828e-dc2e023a97a0
02-20 21:15:35.183  7826  7855 D WM-PackageManagerHelper: androidx.work.impl.background.systemalarm.RescheduleReceiver enabled
02-20 21:15:35.197  7826  7856 D WM-ConstraintTracker: NetworkStateTracker24: initial state = NetworkState(isConnected=true, isValidated=true, isMetered=false, isNotRoaming=true, isBlocked=false)
02-20 21:15:35.197  7826  7856 D WM-NetworkStateTracker: Registering network callback
02-20 21:15:35.213  7826  7826 D WindowOnBackDispatcher: setTopOnBackInvokedCallback (unwrapped): android.app.Activity$$ExternalSyntheticLambda0@1072c73
02-20 21:15:35.221  7826  7856 D WM-GreedyScheduler: Constraints met: Scheduling work ID WorkGenerationalId(workSpecId=f8c9be85-b6fd-4a71-828e-dc2e023a97a0, generation=0)
02-20 21:15:35.223  7826  7856 D WM-Processor: Processor: processing WorkGenerationalId(workSpecId=f8c9be85-b6fd-4a71-828e-dc2e023a97a0, generation=0)
02-20 21:15:35.233  7826  7876 D WM-NetworkStateTracker: Network capabilities changed: [ Transports: WIFI Capabilities: NOT_METERED&INTERNET&NOT_RESTRICTED&TRUSTED&NOT_VPN&VALIDATED&NOT_ROAMING&FOREGROUND&NOT_CONGESTED&NOT_SUSPENDED&NOT_VCN_MANAGED&NOT_BANDWIDTH_CONSTRAINED LinkUpBandwidth>=13861Kbps LinkDnBandwidth>=102533Kbps TransportInfo: <SSID: <unknown ssid>, BSSID: 02:00:00:00:00:00, MAC: 02:00:00:00:00:00, IP: /192.168.1.27, Security type: 2, Supplicant state: COMPLETED, Wi-Fi standard: 11ac, RSSI: -30, Link speed: 866Mbps, Tx Link speed: 866Mbps, Max Supported Tx Link speed: 866Mbps, Rx Link speed: 866Mbps, Max Supported Rx Link speed: 866Mbps, Frequency: 5805MHz, Net ID: -1, Metered hint: false, score: 60, isUsable: true, CarrierMerged: false, SubscriptionId: -1, IsPrimary: -1, Trusted: true, Restricted: false, Ephemeral: false, OEM paid: false, OEM private: false, OSU AP: false, FQDN: <none>, Provider friendly name: <none>, Requesting package name: <none><none>MLO Information: , Is TID-To-Link negotiation supported by the AP: false, AP MLD Address: <none>, AP MLO Link Id: <none>, AP MLO Affiliated links: <none>, Vendor Data: <none>> SignalStrength: -30 UnderlyingNetworks: Null]
02-20 21:15:35.234  7826  7876 D WM-NetworkStateTracker: Network blocked status changed: false
02-20 21:15:35.240  7826  7826 E VibratorInfo: Invalid frequency profile received from HAL. resonantFrequencyHz=NaN, frequenciesHz=null, outputAccelerationsGs=null
02-20 21:15:35.282  7826  7826 D VRI[MainActivity]: WindowInsets changed: 1080x2424 statusBars:[0,152,0,0] navigationBars:[0,0,0,69] mandatorySystemGestures:[0,187,0,92] 
02-20 21:15:35.288  7826  7826 I HWUI    : Using FreeType backend (prop=Auto)
