02-20 21:13:57.881  7513  7577 W github_upload: 	at kotlin.coroutines.jvm.internal.BaseContinuationImpl.resumeWith(ContinuationImpl.kt:34)
02-20 21:13:57.881  7513  7577 W github_upload: 	at kotlinx.coroutines.DispatchedTask.run(DispatchedTask.kt:100)
02-20 21:13:57.881  7513  7577 W github_upload: 	at kotlinx.coroutines.internal.LimitedDispatcher$Worker.run(LimitedDispatcher.kt:124)
02-20 21:13:57.881  7513  7577 W github_upload: 	at kotlinx.coroutines.scheduling.TaskImpl.run(Tasks.kt:89)
02-20 21:13:57.881  7513  7577 W github_upload: 	at kotlinx.coroutines.scheduling.CoroutineScheduler.runSafely(CoroutineScheduler.kt:586)
02-20 21:13:57.881  7513  7577 W github_upload: 	at kotlinx.coroutines.scheduling.CoroutineScheduler$Worker.executeTask(CoroutineScheduler.kt:820)
02-20 21:13:57.881  7513  7577 W github_upload: 	at kotlinx.coroutines.scheduling.CoroutineScheduler$Worker.runWorker(CoroutineScheduler.kt:717)
02-20 21:13:57.881  7513  7577 W github_upload: 	at kotlinx.coroutines.scheduling.CoroutineScheduler$Worker.run(CoroutineScheduler.kt:704)
02-20 21:13:57.881  7513  7533 D WM-WorkProgressUpdater: Updating progress for ed17e3b9-0003-4605-a61a-a364c7276c54 (Data {pct : 90, mode : file})
02-20 21:13:57.884  7513  7533 I WM-Processor: Moving WorkSpec (ed17e3b9-0003-4605-a61a-a364c7276c54) to the foreground
02-20 21:13:57.891  7513  7513 D WM-SystemFgDispatcher: Notifying with (id:8954, workSpecId: ed17e3b9-0003-4605-a61a-a364c7276c54, notificationType :1)
02-20 21:13:57.894  7513  7533 I WM-Processor: Moving WorkSpec (efc19f01-75b8-4ee8-93b8-126b78bdee3a) to the foreground
02-20 21:13:57.897  7513  7533 I WM-WorkerWrapper: Worker result FAILURE for Work [ id=efc19f01-75b8-4ee8-93b8-126b78bdee3a, tags={ com.negi.survey.net.GitHubUploadWorker,github_upload,github_upload:crash:diagnostics_crash_prevlog_20260220_225636_pid22740.log.gz } ]
02-20 21:13:57.897  7513  7513 D WM-SystemFgDispatcher: Notifying with (id:10359, workSpecId: efc19f01-75b8-4ee8-93b8-126b78bdee3a, notificationType :1)
02-20 21:13:57.913  7513  7513 D WM-Processor: Processor efc19f01-75b8-4ee8-93b8-126b78bdee3a executed; reschedule = false
02-20 21:13:57.914  7513  7513 D WM-GreedyScheduler: Stopping tracking for WorkGenerationalId(workSpecId=efc19f01-75b8-4ee8-93b8-126b78bdee3a, generation=0)
02-20 21:13:57.914  7513  7513 D WM-SystemJobService: efc19f01-75b8-4ee8-93b8-126b78bdee3a executed on JobScheduler
02-20 21:13:57.915  7513  7513 D WM-SystemFgDispatcher: Removing Notification (id: 10359, workSpecId: WorkGenerationalId(workSpecId=efc19f01-75b8-4ee8-93b8-126b78bdee3a, generation=0), notificationType: 1
02-20 21:13:57.918  7513  7536 D WM-GreedyScheduler: Cancelling work ID efc19f01-75b8-4ee8-93b8-126b78bdee3a
02-20 21:13:57.919  7513  7513 D WM-SystemJobService: onStopJob for WorkGenerationalId(workSpecId=efc19f01-75b8-4ee8-93b8-126b78bdee3a, generation=0)
02-20 21:13:58.024  7513  7536 D WM-WorkProgressUpdater: Updating progress for db32b4a8-fbf6-4335-935e-c32eed8bf92f (Data {pct : 29, mode : file})
02-20 21:13:58.027  7513  7536 I WM-Processor: Moving WorkSpec (db32b4a8-fbf6-4335-935e-c32eed8bf92f) to the foreground
02-20 21:13:58.030  7513  7536 D WM-WorkProgressUpdater: Updating progress for db32b4a8-fbf6-4335-935e-c32eed8bf92f (Data {pct : 49, mode : file})
02-20 21:13:58.033  7513  7513 D WM-SystemFgDispatcher: Notifying with (id:7360, workSpecId: db32b4a8-fbf6-4335-935e-c32eed8bf92f, notificationType :1)
02-20 21:13:58.035  7513  7536 I WM-Processor: Moving WorkSpec (db32b4a8-fbf6-4335-935e-c32eed8bf92f) to the foreground
02-20 21:13:58.040  7513  7535 D WM-WorkProgressUpdater: Updating progress for db32b4a8-fbf6-4335-935e-c32eed8bf92f (Data {pct : 69, mode : file})
02-20 21:13:58.042  7513  7537 I WM-Processor: Moving WorkSpec (db32b4a8-fbf6-4335-935e-c32eed8bf92f) to the foreground
02-20 21:13:58.044  7513  7513 D WM-SystemFgDispatcher: Notifying with (id:7360, workSpecId: db32b4a8-fbf6-4335-935e-c32eed8bf92f, notificationType :1)
02-20 21:13:58.045  7513  7537 D WM-WorkProgressUpdater: Updating progress for db32b4a8-fbf6-4335-935e-c32eed8bf92f (Data {pct : 89, mode : file})
02-20 21:13:58.047  7513  7537 I WM-Processor: Moving WorkSpec (db32b4a8-fbf6-4335-935e-c32eed8bf92f) to the foreground
02-20 21:13:58.050  7513  7513 D WM-SystemFgDispatcher: Notifying with (id:7360, workSpecId: db32b4a8-fbf6-4335-935e-c32eed8bf92f, notificationType :1)
02-20 21:13:58.050  7513  7513 W NotificationManager: Shedding notify (update) of NotificationKey[user=UserHandle{0}, pkg=com.negi.survey, tag=null, id=7360], rate limit (5.0) exceeded: input 10.611002, output would be 6.773359
02-20 21:13:58.057  7513  7537 D WM-WorkProgressUpdater: Updating progress for db32b4a8-fbf6-4335-935e-c32eed8bf92f (Data {pct : 90, mode : file})
02-20 21:13:58.058  7513  7513 D WM-SystemFgDispatcher: Notifying with (id:7360, workSpecId: db32b4a8-fbf6-4335-935e-c32eed8bf92f, notificationType :1)
02-20 21:13:58.062  7513  7537 I WM-Processor: Moving WorkSpec (db32b4a8-fbf6-4335-935e-c32eed8bf92f) to the foreground
02-20 21:13:58.064  7513  7513 D WM-SystemFgDispatcher: Notifying with (id:7360, workSpecId: db32b4a8-fbf6-4335-935e-c32eed8bf92f, notificationType :1)
02-20 21:13:58.143  7513  7590 W github_upload: doFileUpload: upload failed for /data/user/0/com.negi.survey/files/diagnostics/crash_github_mirror/prevlog_20260220_230136_pid23391.log.gz
02-20 21:13:58.143  7513  7590 W github_upload: com.negi.survey.net.GitHubUploader$HttpFailureException: GitHub request failed (409): {"message":"is at e28a6a26a73dba27b85dfbf106db22e1f93f0a9e but expected 9d4fb9609d03ad68a524486236bf6cf28381f896","documentation_url":"https://docs.github.com/rest/repos/contents#create-or-update-file-contents","status":"409"}
02-20 21:13:58.143  7513  7590 W github_upload: 	at com.negi.survey.net.GitHubUploader.executeWithRetry(GitHubUploader.kt:689)
02-20 21:13:58.143  7513  7590 W github_upload: 	at com.negi.survey.net.GitHubUploader.access$executeWithRetry(GitHubUploader.kt:51)
02-20 21:13:58.143  7513  7590 W github_upload: 	at com.negi.survey.net.GitHubUploader$executeWithRetry$1.invokeSuspend(Unknown Source:22)
02-20 21:13:58.143  7513  7590 W github_upload: 	at kotlin.coroutines.jvm.internal.BaseContinuationImpl.resumeWith(ContinuationImpl.kt:34)
02-20 21:13:58.143  7513  7590 W github_upload: 	at kotlinx.coroutines.DispatchedTask.run(DispatchedTask.kt:100)
02-20 21:13:58.143  7513  7590 W github_upload: 	at kotlinx.coroutines.internal.LimitedDispatcher$Worker.run(LimitedDispatcher.kt:124)
02-20 21:13:58.143  7513  7590 W github_upload: 	at kotlinx.coroutines.scheduling.TaskImpl.run(Tasks.kt:89)
02-20 21:13:58.143  7513  7590 W github_upload: 	at kotlinx.coroutines.scheduling.CoroutineScheduler.runSafely(CoroutineScheduler.kt:586)
02-20 21:13:58.143  7513  7590 W github_upload: 	at kotlinx.coroutines.scheduling.CoroutineScheduler$Worker.executeTask(CoroutineScheduler.kt:820)
02-20 21:13:58.143  7513  7590 W github_upload: 	at kotlinx.coroutines.scheduling.CoroutineScheduler$Worker.runWorker(CoroutineScheduler.kt:717)
02-20 21:13:58.143  7513  7590 W github_upload: 	at kotlinx.coroutines.scheduling.CoroutineScheduler$Worker.run(CoroutineScheduler.kt:704)
02-20 21:13:58.145  7513  7535 I WM-Processor: Moving WorkSpec (bfdd613c-9782-4de9-b76c-de9fc5641bb1) to the foreground
02-20 21:13:58.152  7513  7576 D GitHubUploader: uploadStream: done url=https://github.com/ishizuki-tech/SurveyExports/blob/main/diagnostics/crash/2026-02-21/prevlog_20260220_225847_pid22984.log.gz sha=e28a6a26a73dba27b85dfbf106db22e1f93f0a9e
02-20 21:13:58.158  7513  7513 D WM-SystemFgDispatcher: Notifying with (id:5171, workSpecId: bfdd613c-9782-4de9-b76c-de9fc5641bb1, notificationType :1)
02-20 21:13:58.160  7513  7535 I WM-WorkerWrapper: Worker result FAILURE for Work [ id=bfdd613c-9782-4de9-b76c-de9fc5641bb1, tags={ com.negi.survey.net.GitHubUploadWorker,github_upload,github_upload:crash:diagnostics_crash_prevlog_20260220_230136_pid23391.log.gz } ]
02-20 21:13:58.162  7513  7535 D WM-WorkProgressUpdater: Updating progress for 4f4e5c42-9e26-49cc-b020-d7f495e16d0c (Data {pct : 95, mode : file})
02-20 21:13:58.162  7513  7513 D WM-Processor: Processor bfdd613c-9782-4de9-b76c-de9fc5641bb1 executed; reschedule = false
02-20 21:13:58.162  7513  7513 D WM-GreedyScheduler: Stopping tracking for WorkGenerationalId(workSpecId=bfdd613c-9782-4de9-b76c-de9fc5641bb1, generation=0)
02-20 21:13:58.163  7513  7513 D WM-SystemJobService: bfdd613c-9782-4de9-b76c-de9fc5641bb1 executed on JobScheduler
02-20 21:13:58.163  7513  7513 D WM-SystemFgDispatcher: Removing Notification (id: 5171, workSpecId: WorkGenerationalId(workSpecId=bfdd613c-9782-4de9-b76c-de9fc5641bb1, generation=0), notificationType: 1
02-20 21:13:58.165  7513  7535 I WM-Processor: Moving WorkSpec (4f4e5c42-9e26-49cc-b020-d7f495e16d0c) to the foreground
02-20 21:13:58.166  7513  7513 D WM-SystemFgDispatcher: Notifying with (id:10046, workSpecId: 4f4e5c42-9e26-49cc-b020-d7f495e16d0c, notificationType :1)
02-20 21:13:58.170  7513  7535 I WM-Processor: Moving WorkSpec (4f4e5c42-9e26-49cc-b020-d7f495e16d0c) to the foreground
02-20 21:13:58.172  7513  7513 D WM-SystemFgDispatcher: Notifying with (id:10046, workSpecId: 4f4e5c42-9e26-49cc-b020-d7f495e16d0c, notificationType :1)
02-20 21:13:58.181  7513  7586 W github_upload: doFileUpload: upload failed for /data/user/0/com.negi.survey/files/diagnostics/crash_github_mirror/prevlog_20260221_033556_pid32171.log.gz
02-20 21:13:58.181  7513  7586 W github_upload: com.negi.survey.net.GitHubUploader$HttpFailureException: GitHub request failed (409): {"message":"is at e28a6a26a73dba27b85dfbf106db22e1f93f0a9e but expected 9d4fb9609d03ad68a524486236bf6cf28381f896","documentation_url":"https://docs.github.com/rest/repos/contents#create-or-update-file-contents","status":"409"}
02-20 21:13:58.181  7513  7586 W github_upload: 	at com.negi.survey.net.GitHubUploader.executeWithRetry(GitHubUploader.kt:689)
02-20 21:13:58.181  7513  7586 W github_upload: 	at com.negi.survey.net.GitHubUploader.access$executeWithRetry(GitHubUploader.kt:51)
02-20 21:13:58.181  7513  7586 W github_upload: 	at com.negi.survey.net.GitHubUploader$executeWithRetry$1.invokeSuspend(Unknown Source:22)
02-20 21:13:58.181  7513  7586 W github_upload: 	at kotlin.coroutines.jvm.internal.BaseContinuationImpl.resumeWith(ContinuationImpl.kt:34)
02-20 21:13:58.181  7513  7586 W github_upload: 	at kotlinx.coroutines.DispatchedTask.run(DispatchedTask.kt:100)
02-20 21:13:58.181  7513  7586 W github_upload: 	at kotlinx.coroutines.internal.LimitedDispatcher$Worker.run(LimitedDispatcher.kt:124)
02-20 21:13:58.181  7513  7586 W github_upload: 	at kotlinx.coroutines.scheduling.TaskImpl.run(Tasks.kt:89)
02-20 21:13:58.181  7513  7586 W github_upload: 	at kotlinx.coroutines.scheduling.CoroutineScheduler.runSafely(CoroutineScheduler.kt:586)
02-20 21:13:58.181  7513  7586 W github_upload: 	at kotlinx.coroutines.scheduling.CoroutineScheduler$Worker.executeTask(CoroutineScheduler.kt:820)
02-20 21:13:58.181  7513  7586 W github_upload: 	at kotlinx.coroutines.scheduling.CoroutineScheduler$Worker.runWorker(CoroutineScheduler.kt:717)
02-20 21:13:58.181  7513  7586 W github_upload: 	at kotlinx.coroutines.scheduling.CoroutineScheduler$Worker.run(CoroutineScheduler.kt:704)
02-20 21:13:58.182  7513  7535 I WM-WorkerWrapper: Worker result SUCCESS for Work [ id=4f4e5c42-9e26-49cc-b020-d7f495e16d0c, tags={ com.negi.survey.net.GitHubUploadWorker,github_upload,github_upload:crash:diagnostics_crash_prevlog_20260220_225847_pid22984.log.gz } ]
02-20 21:13:58.183  7513  7513 D WM-Processor: Processor 4f4e5c42-9e26-49cc-b020-d7f495e16d0c executed; reschedule = false
02-20 21:13:58.183  7513  7513 D WM-GreedyScheduler: Stopping tracking for WorkGenerationalId(workSpecId=4f4e5c42-9e26-49cc-b020-d7f495e16d0c, generation=0)
02-20 21:13:58.183  7513  7513 D WM-SystemJobService: 4f4e5c42-9e26-49cc-b020-d7f495e16d0c executed on JobScheduler
02-20 21:13:58.184  7513  7513 D WM-SystemFgDispatcher: Removing Notification (id: 10046, workSpecId: WorkGenerationalId(workSpecId=4f4e5c42-9e26-49cc-b020-d7f495e16d0c, generation=0), notificationType: 1
02-20 21:13:58.187  7513  7535 D WM-GreedyScheduler: Cancelling work ID bfdd613c-9782-4de9-b76c-de9fc5641bb1
02-20 21:13:58.206  7513  7536 I WM-Processor: Moving WorkSpec (f1039a2f-6788-4fa8-86ff-bba6285a429b) to the foreground
02-20 21:13:58.209  7513  7513 D WM-SystemFgDispatcher: Notifying with (id:6686, workSpecId: f1039a2f-6788-4fa8-86ff-bba6285a429b, notificationType :1)
02-20 21:13:58.210  7513  7536 I WM-WorkerWrapper: Worker result FAILURE for Work [ id=f1039a2f-6788-4fa8-86ff-bba6285a429b, tags={ com.negi.survey.net.GitHubUploadWorker,github_upload,github_upload:crash:diagnostics_crash_prevlog_20260221_033556_pid32171.log.gz } ]
02-20 21:13:58.213  7513  7513 D WM-Processor: Processor f1039a2f-6788-4fa8-86ff-bba6285a429b executed; reschedule = false
02-20 21:13:58.213  7513  7533 D WM-GreedyScheduler: Cancelling work ID 4f4e5c42-9e26-49cc-b020-d7f495e16d0c
02-20 21:13:58.215  7513  7513 D WM-GreedyScheduler: Stopping tracking for WorkGenerationalId(workSpecId=f1039a2f-6788-4fa8-86ff-bba6285a429b, generation=0)
02-20 21:13:58.216  7513  7513 D WM-SystemJobService: f1039a2f-6788-4fa8-86ff-bba6285a429b executed on JobScheduler
02-20 21:13:58.216  7513  7513 D WM-SystemFgDispatcher: Removing Notification (id: 6686, workSpecId: WorkGenerationalId(workSpecId=f1039a2f-6788-4fa8-86ff-bba6285a429b, generation=0), notificationType: 1
02-20 21:13:58.222  7513  7533 D WM-GreedyScheduler: Cancelling work ID f1039a2f-6788-4fa8-86ff-bba6285a429b
02-20 21:13:58.263  7513  7588 W GitHubUploader: uploadStream: 409 Conflict; refreshing SHA and retrying once.
02-20 21:13:58.453  7513  7589 D GitHubUploader: uploadStream: done url=https://github.com/ishizuki-tech/SurveyExports/blob/main/diagnostics/crash/2026-02-21/crash_20260221_033645_pid32171_tid32171_u265729.log.gz sha=122e3bc0d0d43bf0185e64268d1b174d7b37c16a
02-20 21:13:58.454  7513  7536 D WM-WorkProgressUpdater: Updating progress for ed17e3b9-0003-4605-a61a-a364c7276c54 (Data {pct : 95, mode : file})
02-20 21:13:58.458  7513  7536 I WM-Processor: Moving WorkSpec (ed17e3b9-0003-4605-a61a-a364c7276c54) to the foreground
02-20 21:13:58.462  7513  7533 I WM-Processor: Moving WorkSpec (ed17e3b9-0003-4605-a61a-a364c7276c54) to the foreground
02-20 21:13:58.464  7513  7513 D WM-SystemFgDispatcher: Notifying with (id:8954, workSpecId: ed17e3b9-0003-4605-a61a-a364c7276c54, notificationType :1)
02-20 21:13:58.473  7513  7533 I WM-WorkerWrapper: Worker result SUCCESS for Work [ id=ed17e3b9-0003-4605-a61a-a364c7276c54, tags={ com.negi.survey.net.GitHubUploadWorker,github_upload,github_upload:crash:diagnostics_crash_crash_20260221_033645_pid32171_tid32171_u265729.log.gz } ]
02-20 21:13:58.475  7513  7513 D WM-SystemFgDispatcher: Notifying with (id:8954, workSpecId: ed17e3b9-0003-4605-a61a-a364c7276c54, notificationType :1)
02-20 21:13:58.481  7513  7513 D WM-Processor: Processor ed17e3b9-0003-4605-a61a-a364c7276c54 executed; reschedule = false
02-20 21:13:58.481  7513  7513 D WM-GreedyScheduler: Stopping tracking for WorkGenerationalId(workSpecId=ed17e3b9-0003-4605-a61a-a364c7276c54, generation=0)
02-20 21:13:58.481  7513  7513 D WM-SystemJobService: ed17e3b9-0003-4605-a61a-a364c7276c54 executed on JobScheduler
02-20 21:13:58.481  7513  7513 D WM-SystemFgDispatcher: Removing Notification (id: 8954, workSpecId: WorkGenerationalId(workSpecId=ed17e3b9-0003-4605-a61a-a364c7276c54, generation=0), notificationType: 1
02-20 21:13:58.487  7513  7537 D WM-GreedyScheduler: Cancelling work ID ed17e3b9-0003-4605-a61a-a364c7276c54
02-20 21:13:58.489  7513  7513 D WM-SystemJobService: onStopJob for WorkGenerationalId(workSpecId=ed17e3b9-0003-4605-a61a-a364c7276c54, generation=0)
02-20 21:13:58.759  7513  7577 W github_upload: doFileUpload: upload failed for /data/user/0/com.negi.survey/files/diagnostics/crash_github_mirror/crash_20260221_043719_pid4468_tid4468_u899845.log
02-20 21:13:58.759  7513  7577 W github_upload: com.negi.survey.net.GitHubUploader$HttpFailureException: GitHub request failed (409): {"message":"is at 122e3bc0d0d43bf0185e64268d1b174d7b37c16a but expected e28a6a26a73dba27b85dfbf106db22e1f93f0a9e","documentation_url":"https://docs.github.com/rest/repos/contents#create-or-update-file-contents","status":"409"}
02-20 21:13:58.759  7513  7577 W github_upload: 	at com.negi.survey.net.GitHubUploader.executeWithRetry(GitHubUploader.kt:689)
02-20 21:13:58.759  7513  7577 W github_upload: 	at com.negi.survey.net.GitHubUploader.access$executeWithRetry(GitHubUploader.kt:51)
02-20 21:13:58.759  7513  7577 W github_upload: 	at com.negi.survey.net.GitHubUploader$executeWithRetry$1.invokeSuspend(Unknown Source:22)
02-20 21:13:58.759  7513  7577 W github_upload: 	at kotlin.coroutines.jvm.internal.BaseContinuationImpl.resumeWith(ContinuationImpl.kt:34)
02-20 21:13:58.759  7513  7577 W github_upload: 	at kotlinx.coroutines.DispatchedTask.run(DispatchedTask.kt:100)
02-20 21:13:58.759  7513  7577 W github_upload: 	at kotlinx.coroutines.internal.LimitedDispatcher$Worker.run(LimitedDispatcher.kt:124)
02-20 21:13:58.759  7513  7577 W github_upload: 	at kotlinx.coroutines.scheduling.TaskImpl.run(Tasks.kt:89)
02-20 21:13:58.759  7513  7577 W github_upload: 	at kotlinx.coroutines.scheduling.CoroutineScheduler.runSafely(CoroutineScheduler.kt:586)
02-20 21:13:58.759  7513  7577 W github_upload: 	at kotlinx.coroutines.scheduling.CoroutineScheduler$Worker.executeTask(CoroutineScheduler.kt:820)
02-20 21:13:58.759  7513  7577 W github_upload: 	at kotlinx.coroutines.scheduling.CoroutineScheduler$Worker.runWorker(CoroutineScheduler.kt:717)
02-20 21:13:58.759  7513  7577 W github_upload: 	at kotlinx.coroutines.scheduling.CoroutineScheduler$Worker.run(CoroutineScheduler.kt:704)
02-20 21:13:58.761  7513  7537 I WM-Processor: Moving WorkSpec (db32b4a8-fbf6-4335-935e-c32eed8bf92f) to the foreground
02-20 21:13:58.763  7513  7513 D WM-SystemFgDispatcher: Notifying with (id:7360, workSpecId: db32b4a8-fbf6-4335-935e-c32eed8bf92f, notificationType :1)
02-20 21:13:58.769  7513  7535 I WM-WorkerWrapper: Worker result FAILURE for Work [ id=db32b4a8-fbf6-4335-935e-c32eed8bf92f, tags={ com.negi.survey.net.GitHubUploadWorker,github_upload,github_upload:crash:diagnostics_crash_crash_20260221_043719_pid4468_tid4468_u899845.log } ]
02-20 21:13:58.776  7513  7513 D WM-Processor: Processor db32b4a8-fbf6-4335-935e-c32eed8bf92f executed; reschedule = false
02-20 21:13:58.776  7513  7513 D WM-GreedyScheduler: Stopping tracking for WorkGenerationalId(workSpecId=db32b4a8-fbf6-4335-935e-c32eed8bf92f, generation=0)
02-20 21:13:58.776  7513  7513 D WM-SystemJobService: db32b4a8-fbf6-4335-935e-c32eed8bf92f executed on JobScheduler
02-20 21:13:58.777  7513  7513 D WM-SystemFgDispatcher: Removing Notification (id: 7360, workSpecId: WorkGenerationalId(workSpecId=db32b4a8-fbf6-4335-935e-c32eed8bf92f, generation=0), notificationType: 1
02-20 21:13:58.780  7513  7513 D WM-SystemJobService: onStopJob for WorkGenerationalId(workSpecId=db32b4a8-fbf6-4335-935e-c32eed8bf92f, generation=0)
02-20 21:13:58.782  7513  7533 D WM-GreedyScheduler: Cancelling work ID db32b4a8-fbf6-4335-935e-c32eed8bf92f
02-20 21:13:59.068  7513  7588 D GitHubUploader: uploadStream: done url=https://github.com/ishizuki-tech/SurveyExports/blob/main/diagnostics/runtime_logs/2026-02-21/runtime_logs_20260220_211350_pid7513_app_start/logcat_20260220_211350_pid7513.log.gz sha=e8ddfb09ac8ec89ba3e969d9f970d5b4a3b2d1e8
02-20 21:13:59.072  7513  7533 I WM-Processor: Moving WorkSpec (29d418bb-d817-4e02-b85f-e642df628732) to the foreground
02-20 21:13:59.075  7513  7513 D WM-SystemFgDispatcher: Notifying with (id:7091, workSpecId: 29d418bb-d817-4e02-b85f-e642df628732, notificationType :1)
02-20 21:13:59.076  7513  7533 I WM-WorkerWrapper: Worker result SUCCESS for Work [ id=29d418bb-d817-4e02-b85f-e642df628732, tags={ com.negi.survey.net.GitHubUploadWorker,github_upload,github_upload:startup_runtime_logs } ]
02-20 21:13:59.082  7513  7513 D WM-Processor: Processor 29d418bb-d817-4e02-b85f-e642df628732 executed; reschedule = false
02-20 21:13:59.083  7513  7513 D WM-GreedyScheduler: Stopping tracking for WorkGenerationalId(workSpecId=29d418bb-d817-4e02-b85f-e642df628732, generation=0)
02-20 21:13:59.083  7513  7513 D WM-SystemJobService: 29d418bb-d817-4e02-b85f-e642df628732 executed on JobScheduler
02-20 21:13:59.083  7513  7513 D WM-SystemFgDispatcher: Removing Notification (id: 7091, workSpecId: WorkGenerationalId(workSpecId=29d418bb-d817-4e02-b85f-e642df628732, generation=0), notificationType: 1
02-20 21:13:59.083  7513  7513 I WM-SystemFgDispatcher: Stopping foreground service
02-20 21:13:59.084  7513  7513 D WM-SystemFgService: Shutting down.
02-20 21:13:59.104  7513  7533 D WM-PackageManagerHelper: androidx.work.impl.background.systemalarm.RescheduleReceiver disabled
02-20 21:13:59.109  7513  7533 D WM-GreedyScheduler: Cancelling work ID 29d418bb-d817-4e02-b85f-e642df628732
02-20 21:13:59.112  7513  7533 D WM-NetworkStateTracker: Unregistering network callback
02-20 21:14:06.696  7513  7578 I native  : I0000 00:00:1771650846.696550    7578 delegate_kernel.cc:260] Total 81 external tensors are used for delegate inputs and outputs
02-20 21:14:06.697  7513  7578 I native  : I0000 00:00:1771650846.696759    7578 delegate_kernel.cc:670] Initializing OpenCL-based API from serialized data.
02-20 21:14:07.764  7513  7578 I native  : I0000 00:00:1771650847.764773    7578 delegate_kernel.cc:575] Initialized InferenceContext from serialized data.
02-20 21:14:08.165  7513  7578 I tflite  : Replacing 2145 out of 2145 node(s) with delegate (LITERT_CL) node, yielding 1 partitions for subgraph 1.
02-20 21:14:08.271  7513  7578 I native  : I0000 00:00:1771650848.270956    7578 delegate_kernel.cc:260] Total 80 external tensors are used for delegate inputs and outputs
02-20 21:14:08.272  7513  7578 I native  : I0000 00:00:1771650848.272054    7578 delegate_kernel.cc:670] Initializing OpenCL-based API from serialized data.
02-20 21:14:09.086  7513  7578 I native  : I0000 00:00:1771650849.086226    7578 delegate_kernel.cc:575] Initialized InferenceContext from serialized data.
02-20 21:14:09.186  7513  7578 I tflite  : Replacing 2145 out of 2145 node(s) with delegate (LITERT_CL) node, yielding 1 partitions for subgraph 2.
02-20 21:14:09.298  7513  7578 I native  : I0000 00:00:1771650849.298782    7578 delegate_kernel.cc:260] Total 80 external tensors are used for delegate inputs and outputs
02-20 21:14:09.298  7513  7578 I native  : I0000 00:00:1771650849.298957    7578 delegate_kernel.cc:670] Initializing OpenCL-based API from serialized data.
02-20 21:14:10.310  7513  7578 I native  : I0000 00:00:1771650850.310249    7578 delegate_kernel.cc:575] Initialized InferenceContext from serialized data.
02-20 21:14:10.595  7513  7578 I litert  : [environment.cc:29] Creating LiteRT environment with options
02-20 21:14:10.595  7513  7578 W litert  : [auto_registration.cc:158] NPU accelerator could not be loaded and registered: kLiteRtStatusErrorInvalidArgument.
02-20 21:14:10.595  7513  7578 I litert  : [accelerator_registry.cc:52] RegisterAccelerator: ptr=0x72cc4c7410, name=LiteRT GPU
02-20 21:14:10.595  7513  7578 I litert  : [auto_registration.cc:223] Statically linked GPU accelerator registered.
02-20 21:14:10.595  7513  7578 I litert  : [accelerator_registry.cc:52] RegisterAccelerator: ptr=0x72cc56c770, name=CpuAccelerator
02-20 21:14:10.595  7513  7578 I litert  : [auto_registration.cc:275] CPU accelerator registered.
02-20 21:14:15.496  7513  7578 I native  : I0000 00:00:1771650855.496248    7578 model_resources_litert_lm.cc:67] model_type: TF_LITE_END_OF_AUDIO
02-20 21:14:15.496  7513  7578 I native  : I0000 00:00:1771650855.496437    7578 model_resources_litert_lm.cc:68] litert model size: 8820
02-20 21:14:15.497  7513  7578 I native  : I0000 00:00:1771650855.497740    7578 model_resources_litert_lm.cc:67] model_type: TF_LITE_EMBEDDER
02-20 21:14:15.497  7513  7578 I native  : I0000 00:00:1771650855.497799    7578 model_resources_litert_lm.cc:68] litert model size: 271585104
02-20 21:14:15.500  7513  7578 I litert  : [environment.cc:29] Creating LiteRT environment with options
02-20 21:14:15.501  7513  7578 W litert  : [auto_registration.cc:158] NPU accelerator could not be loaded and registered: kLiteRtStatusErrorInvalidArgument.
02-20 21:14:15.501  7513  7578 I litert  : [accelerator_registry.cc:52] RegisterAccelerator: ptr=0x72cc513290, name=LiteRT GPU
02-20 21:14:15.501  7513  7578 I litert  : [auto_registration.cc:223] Statically linked GPU accelerator registered.
02-20 21:14:15.501  7513  7578 I litert  : [accelerator_registry.cc:52] RegisterAccelerator: ptr=0x72cc520c70, name=CpuAccelerator
02-20 21:14:15.501  7513  7578 I litert  : [auto_registration.cc:275] CPU accelerator registered.
02-20 21:14:15.501  7513  7578 I litert  : [compiled_model.cc:552] Flatbuffer model initialized directly from incoming litert model.
02-20 21:14:15.522  7513  7578 I tflite  : Created TensorFlow Lite XNNPACK delegate for CPU.
02-20 21:14:15.522  7513  7578 I tflite  : Replacing 2 out of 10 node(s) with delegate (TfLiteXNNPackDelegate) node, yielding 2 partitions for subgraph 0.
02-20 21:14:15.532  7513  7578 I litert  : [environment.cc:29] Creating LiteRT environment with options
02-20 21:14:15.532  7513  7578 W litert  : [auto_registration.cc:158] NPU accelerator could not be loaded and registered: kLiteRtStatusErrorInvalidArgument.
02-20 21:14:15.532  7513  7578 I litert  : [accelerator_registry.cc:52] RegisterAccelerator: ptr=0x72cc463ea0, name=LiteRT GPU
02-20 21:14:15.532  7513  7578 I litert  : [auto_registration.cc:223] Statically linked GPU accelerator registered.
02-20 21:14:15.532  7513  7578 I litert  : [accelerator_registry.cc:52] RegisterAccelerator: ptr=0x72cc466590, name=CpuAccelerator
02-20 21:14:15.532  7513  7578 I litert  : [auto_registration.cc:275] CPU accelerator registered.
02-20 21:14:15.532  7513  7578 I litert  : [compiled_model.cc:552] Flatbuffer model initialized directly from incoming litert model.
02-20 21:14:15.533  7513  7578 I litert  : [compiled_model.cc:1174] Tracked constant output tensor eoa_embedding with locked address
02-20 21:14:15.534  7513  7578 I native  : I0000 00:00:1771650855.533986    7578 model_resources_litert_lm.cc:67] model_type: TF_LITE_PER_LAYER_EMBEDDER
02-20 21:14:15.534  7513  7578 I native  : I0000 00:00:1771650855.534059    7578 model_resources_litert_lm.cc:68] litert model size: 1284522128
02-20 21:14:15.619  7513  7578 I litert  : [environment.cc:29] Creating LiteRT environment with options
02-20 21:14:15.619  7513  7578 W litert  : [auto_registration.cc:158] NPU accelerator could not be loaded and registered: kLiteRtStatusErrorInvalidArgument.
02-20 21:14:15.619  7513  7578 I litert  : [accelerator_registry.cc:52] RegisterAccelerator: ptr=0x72cc468890, name=LiteRT GPU
02-20 21:14:15.619  7513  7578 I litert  : [auto_registration.cc:223] Statically linked GPU accelerator registered.
02-20 21:14:15.619  7513  7578 I litert  : [accelerator_registry.cc:52] RegisterAccelerator: ptr=0x72cc468f90, name=CpuAccelerator
02-20 21:14:15.619  7513  7578 I litert  : [auto_registration.cc:275] CPU accelerator registered.
02-20 21:14:15.619  7513  7578 I litert  : [compiled_model.cc:552] Flatbuffer model initialized directly from incoming litert model.
02-20 21:14:16.217  7513  7578 I tflite  : Replacing 1 out of 44 node(s) with delegate (TfLiteXNNPackDelegate) node, yielding 2 partitions for subgraph 0.
02-20 21:14:16.220  7513  7578 I native  : I0000 00:00:1771650856.220487    7578 threadpool.cc:41] ThreadPool 'engine': Running up to 1 threads.
02-20 21:14:16.387  7513  7578 I native  : I0000 00:00:1771650856.387743    7578 model_data_processor_factory.cc:266] Creating Gemma3DataProcessor
02-20 21:14:16.574  7513  7520 I com.negi.survey: NativeAlloc concurrent mark compact GC freed 17MB AllocSpace bytes, 95(1880KB) LOS objects, 81% free, 5527KB/29MB, paused 1.222ms,4.544ms total 108.413ms
02-20 21:14:16.591  7513  7513 D WhisperSpeechController: updateContext: surveyId=55b8ec03-0299-45de-9d49-9dc32f8373eb, questionId=Start
02-20 21:14:40.759  7513  7513 D MainActivity: Home -> Start survey. session=survey_config10.yaml@1
02-20 21:14:40.770  7513  7513 D WindowOnBackDispatcher: setTopOnBackInvokedCallback (unwrapped): androidx.navigationevent.OnBackInvokedInput$createOnBackAnimationCallback$1@8abd8fa
02-20 21:14:40.771  7513  7513 D WhisperSpeechController: updateContext: surveyId=9e443a52-112d-46d2-a9e4-ab4f9d6bd504, questionId=Q1
02-20 21:14:40.879  7513  7513 D WhisperSpeechController: updateContext: surveyId=9e443a52-112d-46d2-a9e4-ab4f9d6bd504, questionId=Q1
02-20 21:14:41.004  7513  7513 D InsetsController: show(ime())
02-20 21:14:41.012  7513  7513 I ImeTracker: com.negi.survey:f737b5d7: onRequestShow at ORIGIN_CLIENT reason SHOW_SOFT_INPUT_BY_INSETS_API fromUser false
02-20 21:14:41.013  7513  7513 D InsetsController: Setting requestedVisibleTypes to 511 (was 503)
02-20 21:14:41.040  7513  7513 I AssistStructure: Flattened final assist data: 516 bytes, containing 1 windows, 3 views
02-20 21:14:41.045  7513  7513 I ImeTracker: com.negi.survey:48e6cac1: onRequestShow at ORIGIN_CLIENT reason SHOW_SOFT_INPUT fromUser false
02-20 21:14:41.045  7513  7513 D InsetsController: show(ime())
02-20 21:14:41.045  7513  7513 I ImeTracker: com.negi.survey:48e6cac1: onCancelled at PHASE_CLIENT_REPORT_REQUESTED_VISIBLE_TYPES
02-20 21:14:41.334  7513  7513 D WindowOnBackDispatcher: setTopOnBackInvokedCallback (unwrapped): android.view.ImeBackAnimationController@24ba9b3
02-20 21:14:41.417  7513  7513 D VRI[MainActivity]: WindowInsets changed: ime:[0,0,0,1043] 
02-20 21:14:41.425  7513  7513 W InteractionJankMonitor: Initializing without READ_DEVICE_CONFIG permission. enabled=false, interval=1, missedFrameThreshold=3, frameTimeThreshold=64, package=com.negi.survey
02-20 21:14:41.746  7513  7513 I ImeTracker: com.negi.survey:f737b5d7: onShown
02-20 21:14:41.931  7513  7513 D Autofill Status: Autofill popup isn't shown because autofill is not available.
02-20 21:14:41.931  7513  7513 D Autofill Status: 
02-20 21:14:41.931  7513  7513 D Autofill Status: Did you set up autofill?
02-20 21:14:41.931  7513  7513 D Autofill Status: 1. Go to Settings > System > Languages&input > Advanced > Autofill Service
02-20 21:14:41.931  7513  7513 D Autofill Status: 2. Pick a service
02-20 21:14:41.931  7513  7513 D Autofill Status: 
02-20 21:14:41.931  7513  7513 D Autofill Status: Did you add an account?
02-20 21:14:41.931  7513  7513 D Autofill Status: 1. Go to Settings > System > Languages&input > Advanced
02-20 21:14:41.931  7513  7513 D Autofill Status: 2. Click on the settings icon next to the Autofill Service
02-20 21:14:41.931  7513  7513 D Autofill Status: 3. Add your account
02-20 21:14:48.411  7513  7513 D InsetsController: hide(ime())
02-20 21:14:48.412  7513  7513 I ImeTracker: com.negi.survey:5e057248: onRequestHide at ORIGIN_CLIENT reason HIDE_SOFT_INPUT_BY_INSETS_API fromUser false
02-20 21:14:48.413  7513  7513 D WindowOnBackDispatcher: setTopOnBackInvokedCallback (unwrapped): androidx.navigationevent.OnBackInvokedInput$createOnBackAnimationCallback$1@8abd8fa
02-20 21:14:48.413  7513  7513 D InsetsController: Setting requestedVisibleTypes to 503 (was 511)
02-20 21:14:48.416  7513  7513 D VRI[MainActivity]: WindowInsets changed: ime:null 
02-20 21:14:48.450  7513  7513 I ImeTracker: system_server:80b72578: onCancelled at PHASE_CLIENT_ON_CONTROLS_CHANGED
02-20 21:14:48.515  7513  7578 I native  : I0000 00:00:1771650888.512926    7578 session_basic.cc:312] RunPrefillAsync: 
02-20 21:14:48.516  7513  7578 I native  : I0000 00:00:1771650888.516079    7578 session_basic.cc:314] <start_of_turn>user
02-20 21:14:48.516  7513  7578 I native  : You are a well-known farmer survey expert. Read the Question and the Answer.
02-20 21:14:48.516  7513  7578 I native  : OUTPUT FORMAT:
02-20 21:14:48.516  7513  7578 I native  : - In English.
02-20 21:14:48.516  7513  7578 I native  : - Keys exactly:
02-20 21:14:48.516  7513  7578 I native  :   • "analysis": short string
02-20 21:14:48.516  7513  7578 I native  :   • "expected_answer": short string
02-20 21:14:48.516  7513  7578 I native  :   • "followup_question": a single short confirm/validate question (NOT an array; may be empty string)
02-20 21:14:48.516  7513  7578 I native  :   • "score": integer 1–100
02-20 21:14:48.516  7513  7578 I native  : 
02-20 21:14:48.516  7513  7578 I native  : FOLLOW-UP INTENT:
02-20 21:14:48.516  7513  7578 I native  : - The follow-up must confirm or clarify the respondent's original answer to the SAME question.
02-20 21:14:48.516  7513  7578 I native  : - Target the biggest uncertainty: missing unit/scale, missing number, time window, baseline, or method used.
02-20 21:14:48.516  7513  7578 I native  : - Keep it single-scope (no multi-part), concrete, and answerable immediately.
02-20 21:14:48.516  7513  7578 I native  : - Do not introduce new topics or additional objectives.
02-20 21:14:48.516  7513  7578 I native  : LENGTH LIMITS:
02-20 21:14:48.516  7513  7578 I native  : - analysis<=60 chars
02-20 21:14:48.516  7513  7578 I native  : - expected_answer<=120 chars
02-20 21:14:48.516  7513  7578 I native  : - followup_question<=120 chars
02-20 21:14:48.516  7513  7578 I native  : Scoring rule: Judge ONLY content relevance/completeness/accuracy. Do NOT penalize style or formatting.
02-20 21:14:48.516  7513  7578 I native  : STRICT OUTPUT (NO MARKDOWN):
02-20 21:14:48.516  7513  7578 I native  : - RAW JSON only, ONE LINE.
02-20 21:14:48.516  7513  7578 I native  : - Use COMPACT JSON (no spaces around ':' and ',').
02-20 21:14:48.516  7513  7578 I native  : - No extra text.
02-20 21:14:48.516  7513  7578 I native  : Respond with an empty JSON object: {}
02-20 21:14:48.516  7513  7578 I native  : INPUT:
02-20 21:14:48.516  7513  7578 I native  : Task:
02-20 21:14:48.516  7513  7578 I native  : - Note weaknesses (unclear units, missing seasons, baseline ambiguity).
02-20 21:14:48.516  7513  7578 I native  : - Provide ONE strong expected_answer: avg FAW loss over last 3 seasons (% or bags/acre).
02-20 21:14:48.516  7513  7578 I native  : - Ask exactly 1 followup_question to confirm the SAME answer (or empty string if not needed).
02-20 21:14:48.516  7513  7578 I native  : - Score 1–100.
02-20 21:14:48.516  7513  7578 I native  : 
02-20 21:14:48.516  7513  7578 I native  : Question: How much yield do you lose because of fall armyworm? Please think back over the last 3 seasons. (Percent or bags per acre are fine.)
02-20 21:14:48.516  7513  7578 I native  : Answer: e the of<end_of_turn>
02-20 21:14:48.516  7513  7578 I native  : <start_of_turn>model
02-20 21:14:48.546  7513  7513 I ImeTracker: system_server:b3cb541: onCancelled at PHASE_CLIENT_ON_CONTROLS_CHANGED
02-20 21:14:48.584  7513  7578 I native  : I0000 00:00:1771650888.584058    7578 threadpool.cc:86] ThreadPool 'engine': Created a worker thread since all 0 worker threads are (supposed to be) busy.
02-20 21:14:50.753  7513  7766 I native  : I0000 00:00:1771650890.752389    7766 session_basic.cc:350] RunPrefillAsync status: OK
02-20 21:14:50.753  7513  7766 I native  : I0000 00:00:1771650890.753463    7766 session_basic.cc:470] RunDecodeAsync
02-20 21:14:51.063  7513  7766 W native  : W0000 00:00:1771650891.062734    7766 sampler_factory.cc:335] OpenCL sampler not available, falling back to statically linked C API: UNAVAILABLE: ERROR: [third_party/odml/litert_lm/runtime/components/sampler_factory.cc:255]
02-20 21:14:51.063  7513  7766 W native  : └ Could not load shared library libLiteRtTopKOpenClSampler.so: dlopen failed: library "libLiteRtTopKOpenClSampler.so" not found.
02-20 21:14:51.063  7513  7766 W native  : === Source Location Trace: ===
02-20 21:14:51.063  7513  7766 W native  : third_party/odml/litert/litert/cc/litert_macros.cc:109
02-20 21:14:51.063  7513  7766 I native  : I0000 00:00:1771650891.063831    7766 sampler_factory.cc:342] Statically linked LiteRtTopKOpenClSampler C API.
02-20 21:15:00.792  7513  7513 D WhisperSpeechController: updateContext: surveyId=9e443a52-112d-46d2-a9e4-ab4f9d6bd504, questionId=Q2
02-20 21:15:00.793  7513  7513 D WhisperSpeechController: updateContext: surveyId=9e443a52-112d-46d2-a9e4-ab4f9d6bd504, questionId=Q2
02-20 21:15:00.840  7513  7513 D InsetsController: show(ime())
02-20 21:15:00.841  7513  7513 I ImeTracker: com.negi.survey:e1e841b9: onRequestShow at ORIGIN_CLIENT reason SHOW_SOFT_INPUT_BY_INSETS_API fromUser false
02-20 21:15:00.842  7513  7513 D InsetsController: Setting requestedVisibleTypes to 511 (was 503)
02-20 21:15:00.845  7513  7513 I ImeTracker: com.negi.survey:2f558cc1: onRequestShow at ORIGIN_CLIENT reason SHOW_SOFT_INPUT fromUser false
02-20 21:15:00.845  7513  7513 D InsetsController: show(ime())
02-20 21:15:00.845  7513  7513 I ImeTracker: com.negi.survey:2f558cc1: onCancelled at PHASE_CLIENT_REPORT_REQUESTED_VISIBLE_TYPES
02-20 21:15:00.958  7513  7513 D WindowOnBackDispatcher: setTopOnBackInvokedCallback (unwrapped): android.view.ImeBackAnimationController@24ba9b3
02-20 21:15:01.005  7513  7513 D VRI[MainActivity]: WindowInsets changed: ime:[0,0,0,1043] 
02-20 21:15:01.319  7513  7513 I ImeTracker: com.negi.survey:e1e841b9: onShown
02-20 21:15:03.231  7513  7589 I native  : I0000 00:00:1771650903.231006    7589 model_data_processor_factory.cc:266] Creating Gemma3DataProcessor
02-20 21:15:03.462  7513  7513 D WhisperSpeechController: updateContext: surveyId=9e443a52-112d-46d2-a9e4-ab4f9d6bd504, questionId=Q3
02-20 21:15:03.463  7513  7513 D WhisperSpeechController: updateContext: surveyId=9e443a52-112d-46d2-a9e4-ab4f9d6bd504, questionId=Q3
02-20 21:15:03.507  7513  7513 D InsetsController: show(ime())
02-20 21:15:03.507  7513  7513 I ImeTracker: com.negi.survey:cd9adc53: onRequestShow at ORIGIN_CLIENT reason SHOW_SOFT_INPUT_BY_INSETS_API fromUser false
02-20 21:15:03.507  7513  7513 I ImeTracker: com.negi.survey:cd9adc53: onCancelled at PHASE_CLIENT_APPLY_ANIMATION
02-20 21:15:03.522  7513  7513 I ImeTracker: com.negi.survey:68b57f52: onRequestShow at ORIGIN_CLIENT reason SHOW_SOFT_INPUT fromUser false
02-20 21:15:03.523  7513  7513 D InsetsController: show(ime())
02-20 21:15:03.523  7513  7513 I ImeTracker: com.negi.survey:68b57f52: onCancelled at PHASE_CLIENT_APPLY_ANIMATION
02-20 21:15:04.147  7513  7513 D WhisperSpeechController: updateContext: surveyId=9e443a52-112d-46d2-a9e4-ab4f9d6bd504, questionId=Q4
02-20 21:15:04.147  7513  7513 D WhisperSpeechController: updateContext: surveyId=9e443a52-112d-46d2-a9e4-ab4f9d6bd504, questionId=Q4
02-20 21:15:04.184  7513  7513 D InsetsController: show(ime())
02-20 21:15:04.184  7513  7513 I ImeTracker: com.negi.survey:cb997381: onRequestShow at ORIGIN_CLIENT reason SHOW_SOFT_INPUT_BY_INSETS_API fromUser false
02-20 21:15:04.184  7513  7513 I ImeTracker: com.negi.survey:cb997381: onCancelled at PHASE_CLIENT_APPLY_ANIMATION
02-20 21:15:04.202  7513  7513 I ImeTracker: com.negi.survey:c7739ddd: onRequestShow at ORIGIN_CLIENT reason SHOW_SOFT_INPUT fromUser false
02-20 21:15:04.202  7513  7513 D InsetsController: show(ime())
02-20 21:15:04.202  7513  7513 I ImeTracker: com.negi.survey:c7739ddd: onCancelled at PHASE_CLIENT_APPLY_ANIMATION
02-20 21:15:07.561  7513  7578 I native  : I0000 00:00:1771650907.560991    7578 session_basic.cc:312] RunPrefillAsync: 
02-20 21:15:07.561  7513  7578 I native  : I0000 00:00:1771650907.561191    7578 session_basic.cc:314] <start_of_turn>user
02-20 21:15:07.561  7513  7578 I native  : You are a well-known farmer survey expert. Read the Question and the Answer.
02-20 21:15:07.561  7513  7578 I native  : OUTPUT FORMAT:
02-20 21:15:07.561  7513  7578 I native  : - In English.
02-20 21:15:07.561  7513  7578 I native  : - Keys exactly:
02-20 21:15:07.561  7513  7578 I native  :   • "analysis": short string
02-20 21:15:07.561  7513  7578 I native  :   • "expected_answer": short string
02-20 21:15:07.561  7513  7578 I native  :   • "followup_question": a single short confirm/validate question (NOT an array; may be empty string)
02-20 21:15:07.561  7513  7578 I native  :   • "score": integer 1–100
02-20 21:15:07.561  7513  7578 I native  : 
02-20 21:15:07.561  7513  7578 I native  : FOLLOW-UP INTENT:
02-20 21:15:07.561  7513  7578 I native  : - The follow-up must confirm or clarify the respondent's original answer to the SAME question.
02-20 21:15:07.561  7513  7578 I native  : - Target the biggest uncertainty: missing unit/scale, missing number, time window, baseline, or method used.
02-20 21:15:07.561  7513  7578 I native  : - Keep it single-scope (no multi-part), concrete, and answerable immediately.
02-20 21:15:07.561  7513  7578 I native  : - Do not introduce new topics or additional objectives.
02-20 21:15:07.561  7513  7578 I native  : LENGTH LIMITS:
02-20 21:15:07.561  7513  7578 I native  : - analysis<=60 chars
02-20 21:15:07.561  7513  7578 I native  : - expected_answer<=120 chars
02-20 21:15:07.561  7513  7578 I native  : - followup_question<=120 chars
02-20 21:15:07.561  7513  7578 I native  : Scoring rule: Judge ONLY content relevance/completeness/accuracy. Do NOT penalize style or formatting.
02-20 21:15:07.561  7513  7578 I native  : STRICT OUTPUT (NO MARKDOWN):
02-20 21:15:07.561  7513  7578 I native  : - RAW JSON only, ONE LINE.
02-20 21:15:07.561  7513  7578 I native  : - Use COMPACT JSON (no spaces around ':' and ',').
02-20 21:15:07.561  7513  7578 I native  : - No extra text.
02-20 21:15:07.561  7513  7578 I native  : Respond with an empty JSON object: {}
02-20 21:15:07.561  7513  7578 I native  : INPUT:
02-20 21:15:07.561  7513  7578 I native  : Task:
02-20 21:15:07.561  7513  7578 I native  : - Note weaknesses (generic traits, missing numbers).
02-20 21:15:07.561  7513  7578 I native  : - Provide ONE strong expected_answer: top replacement targets with at least 1 measurable threshold (DTM, FAW tolerance, drought stage, yield).
02-20 21:15:07.561  7513  7578 I native  : - Ask exactly 1 followup_question to confirm the SAME answer (or empty string if not needed).
02-20 21:15:07.561  7513  7578 I native  : - Score 1–100.
02-20 21:15:07.561  7513  7578 I native  : 
02-20 21:15:07.561  7513  7578 I native  : Question: What would you expect from a new maize variety to replace the one you currently grow? Please be as detailed as possible (e.g., DTM, FAW tolerance, drought stage tolerance, typical yield).
02-20 21:15:07.561  7513  7578 I native  : Answer: full UV<end_of_turn>
02-20 21:15:07.561  7513  7578 I native  : <start_of_turn>model
02-20 21:15:07.563  7513  7513 D InsetsController: hide(ime())
02-20 21:15:07.563  7513  7513 I ImeTracker: com.negi.survey:76780914: onRequestHide at ORIGIN_CLIENT reason HIDE_SOFT_INPUT_BY_INSETS_API fromUser false
02-20 21:15:07.564  7513  7513 D WindowOnBackDispatcher: setTopOnBackInvokedCallback (unwrapped): androidx.navigationevent.OnBackInvokedInput$createOnBackAnimationCallback$1@8abd8fa
02-20 21:15:07.564  7513  7513 D InsetsController: Setting requestedVisibleTypes to 503 (was 511)
02-20 21:15:07.564  7513  7513 D VRI[MainActivity]: WindowInsets changed: ime:null 
02-20 21:15:07.608  7513  7513 I ImeTracker: system_server:f8774c27: onCancelled at PHASE_CLIENT_ON_CONTROLS_CHANGED
02-20 21:15:07.680  7513  7513 I ImeTracker: system_server:18afda3a: onCancelled at PHASE_CLIENT_ON_CONTROLS_CHANGED
02-20 21:15:08.361  7513  7520 I com.negi.survey: Background concurrent mark compact GC freed 23MB AllocSpace bytes, 44(880KB) LOS objects, 81% free, 5500KB/29MB, paused 2.759ms,3.463ms total 114.280ms
02-20 21:15:08.872  7513  7766 I native  : I0000 00:00:1771650908.871984    7766 session_basic.cc:350] RunPrefillAsync status: OK
02-20 21:15:08.872  7513  7766 I native  : I0000 00:00:1771650908.872081    7766 session_basic.cc:470] RunDecodeAsync
02-20 21:15:13.058  7513  7513 E InputEventReceiver: Exception dispatching input event.
02-20 21:15:13.059  7513  7513 E MessageQueue-JNI: Exception in MessageQueue callback: handleReceiveCallback
02-20 21:15:13.062  7513  7513 E MessageQueue-JNI: java.lang.RuntimeException: Debug crash button pressed
02-20 21:15:13.062  7513  7513 E MessageQueue-JNI: 	at com.negi.survey.screens.AiScreenKt.AiScreen$lambda$70$1$0$1$0$0$0(AiScreen.kt:1038)
02-20 21:15:13.062  7513  7513 E MessageQueue-JNI: 	at com.negi.survey.screens.AiScreenKt.$r8$lambda$zwsH71QyJNnPPnS4Yv-wN0UIW7Y(Unknown Source:0)
02-20 21:15:13.062  7513  7513 E MessageQueue-JNI: 	at com.negi.survey.screens.AiScreenKt$$ExternalSyntheticLambda16.invoke(D8$$SyntheticClass:0)
02-20 21:15:13.062  7513  7513 E MessageQueue-JNI: 	at androidx.compose.foundation.ClickableNode.onPointerEvent-H0pRuoY(Clickable.kt:935)
02-20 21:15:13.062  7513  7513 E MessageQueue-JNI: 	at androidx.compose.ui.input.pointer.Node.dispatchMainEventPass(HitPathTracker.kt:446)
02-20 21:15:13.062  7513  7513 E MessageQueue-JNI: 	at androidx.compose.ui.input.pointer.Node.dispatchMainEventPass(HitPathTracker.kt:432)
02-20 21:15:13.062  7513  7513 E MessageQueue-JNI: 	at androidx.compose.ui.input.pointer.Node.dispatchMainEventPass(HitPathTracker.kt:432)
02-20 21:15:13.062  7513  7513 E MessageQueue-JNI: 	at androidx.compose.ui.input.pointer.Node.dispatchMainEventPass(HitPathTracker.kt:432)
02-20 21:15:13.062  7513  7513 E MessageQueue-JNI: 	at androidx.compose.ui.input.pointer.Node.dispatchMainEventPass(HitPathTracker.kt:432)
02-20 21:15:13.062  7513  7513 E MessageQueue-JNI: 	at androidx.compose.ui.input.pointer.NodeParent.dispatchMainEventPass(HitPathTracker.kt:285)
02-20 21:15:13.062  7513  7513 E MessageQueue-JNI: 	at androidx.compose.ui.input.pointer.HitPathTracker.dispatchChanges(HitPathTracker.kt:181)
02-20 21:15:13.062  7513  7513 E MessageQueue-JNI: 	at androidx.compose.ui.input.pointer.PointerInputEventProcessor.process-BIzXfog(PointerInputEventProcessor.kt:118)
02-20 21:15:13.062  7513  7513 E MessageQueue-JNI: 	at androidx.compose.ui.platform.AndroidComposeView.sendMotionEvent-8iAsVTc(AndroidComposeView.android.kt:2685)
02-20 21:15:13.062  7513  7513 E MessageQueue-JNI: 	at androidx.compose.ui.platform.AndroidComposeView.handleMotionEvent-8iAsVTc(AndroidComposeView.android.kt:2629)
02-20 21:15:13.062  7513  7513 E MessageQueue-JNI: 	at androidx.compose.ui.platform.AndroidComposeView.dispatchTouchEvent(AndroidComposeView.android.kt:2467)
02-20 21:15:13.062  7513  7513 E MessageQueue-JNI: 	at android.view.ViewGroup.dispatchTransformedTouchEvent(ViewGroup.java:3143)
02-20 21:15:13.062  7513  7513 E MessageQueue-JNI: 	at android.view.ViewGroup.dispatchTouchEvent(ViewGroup.java:2826)
02-20 21:15:13.062  7513  7513 E MessageQueue-JNI: 	at android.view.ViewGroup.dispatchTransformedTouchEvent(ViewGroup.java:3143)
02-20 21:15:13.062  7513  7513 E MessageQueue-JNI: 	at android.view.ViewGroup.dispatchTouchEvent(ViewGroup.java:2826)
02-20 21:15:13.062  7513  7513 E MessageQueue-JNI: 	at android.view.ViewGroup.dispatchTransformedTouchEvent(ViewGroup.java:3143)
02-20 21:15:13.062  7513  7513 E MessageQueue-JNI: 	at android.view.ViewGroup.dispatchTouchEvent(ViewGroup.java:2826)
02-20 21:15:13.062  7513  7513 E MessageQueue-JNI: 	at android.view.ViewGroup.dispatchTransformedTouchEvent(ViewGroup.java:3143)
02-20 21:15:13.062  7513  7513 E MessageQueue-JNI: 	at android.view.ViewGroup.dispatchTouchEvent(ViewGroup.java:2826)
02-20 21:15:13.062  7513  7513 E MessageQueue-JNI: 	at com.android.internal.policy.DecorView.superDispatchTouchEvent(DecorView.java:503)
02-20 21:15:13.062  7513  7513 E MessageQueue-JNI: 	at com.android.internal.policy.PhoneWindow.superDispatchTouchEvent(PhoneWindow.java:2017)
02-20 21:15:13.062  7513  7513 E MessageQueue-JNI: 	at android.app.Activity.dispatchTouchEvent(Activity.java:4665)
02-20 21:15:13.062  7513  7513 E MessageQueue-JNI: 	at com.android.internal.policy.DecorView.dispatchTouchEvent(DecorView.java:441)
02-20 21:15:13.062  7513  7513 E MessageQueue-JNI: 	at android.view.View.dispatchPointerEvent(View.java:17110)
02-20 21:15:13.062  7513  7513 E MessageQueue-JNI: 	at android.view.ViewRootImpl$ViewPostImeInputStage.processPointerEvent(ViewRootImpl.java:8349)
02-20 21:15:13.062  7513  7513 E MessageQueue-JNI: 	at android.view.ViewRootImpl$ViewPostImeInputStage.onProcess(ViewRootImpl.java:8103)
02-20 21:15:13.062  7513  7513 E MessageQueue-JNI: 	at android.view.ViewRootImpl$InputStage.deliver(ViewRootImpl.java:7480)
02-20 21:15:13.062  7513  7513 E MessageQueue-JNI: 	at android.view.ViewRootImpl$InputStage.onDeliverToNext(ViewRootImpl.java:7537)
02-20 21:15:13.062  7513  7513 E MessageQueue-JNI: 	at android.view.ViewRootImpl$InputStage.forward(ViewRootImpl.java:7503)
02-20 21:15:13.062  7513  7513 E MessageQueue-JNI: 	at android.view.ViewRootImpl$AsyncInputStage.forward(ViewRootImpl.java:7674)
02-20 21:15:13.062  7513  7513 E MessageQueue-JNI: 	at android.view.ViewRootImpl$InputStage.apply(ViewRootImpl.java:7511)
02-20 21:15:13.062  7513  7513 E MessageQueue-JNI: 	at android.view.ViewRootImpl$AsyncInputStage.apply(ViewRootImpl.java:7731)
02-20 21:15:13.062  7513  7513 E MessageQueue-JNI: 	at android.view.ViewRootImpl$InputStage.deliver(ViewRootImpl.java:7484)
02-20 21:15:13.062  7513  7513 E MessageQueue-JNI: 	at android.view.ViewRootImpl$InputStage.onDeliverToNext(ViewRootImpl.java:7537)
02-20 21:15:13.062  7513  7513 E MessageQueue-JNI: 	at android.view.ViewRootImpl$InputStage.forward(ViewRootImpl.java:7503)
02-20 21:15:13.062  7513  7513 E MessageQueue-JNI: 	at android.view.ViewRootImpl$InputStage.apply(ViewRootImpl.java:7511)
02-20 21:15:13.062  7513  7513 E MessageQueue-JNI: 	at android.view.ViewRootImpl$InputStage.deliver(ViewRootImpl.java:7484)
02-20 21:15:13.062  7513  7513 E MessageQueue-JNI: 	at android.view.ViewRootImpl.deliverInputEvent(ViewRootImpl.java:10697)
