20261005_104643 I/AppRingLogStore pid=22506 tid=22506 uptimeMs=201805 msg=install: pid=22506 timeUtc=20261005_104643 uptimeMs=201805
20261005_104643 D/SurveyApp pid=22506 tid=22506 uptimeMs=201806 msg=attachBaseContext: pid=22506 process=com.negi.survey isMain=true sdk=35
20261005_104643 D/SurveyApp pid=22506 tid=22506 uptimeMs=201813 msg=onCreate: pid=22506 process=com.negi.survey isMain=true sdk=35
20261005_105020 D/AiTrace pid=22506 tid=22506 uptimeMs=418341 msg=Installed (enabled=false ringEnabled=true)
20261005_105020 D/LiteRtRepository pid=22506 tid=22506 uptimeMs=418381 msg=warmUp init ok initMs=1 gateWaitMs=0
20261005_105020 D/LiteRtRepository pid=22506 tid=22506 uptimeMs=418381 msg=warmUp Engine ready representativeInference=false totalMs=1
20261005_105139 I/AiViewModel pid=22506 tid=22506 uptimeMs=497976 msg=onCleared: ViewModel is being cleared -> stopCurrentRunInternal()
20261005_105145 D/AiTrace pid=22506 tid=22506 uptimeMs=503190 msg=Installed (enabled=false ringEnabled=true)
20261005_105145 D/LiteRtRepository pid=22506 tid=22506 uptimeMs=503218 msg=warmUp init ok initMs=3 gateWaitMs=0
20261005_105145 D/LiteRtRepository pid=22506 tid=22506 uptimeMs=503218 msg=warmUp Engine ready representativeInference=false totalMs=3
20261005_105419 I/AppRingLogStore pid=25478 tid=25478 uptimeMs=657238 msg=install: pid=25478 timeUtc=20261005_105419 uptimeMs=657238
20261005_105419 D/SurveyApp pid=25478 tid=25478 uptimeMs=657239 msg=attachBaseContext: pid=25478 process=com.negi.survey isMain=true sdk=35
20261005_105419 D/SurveyApp pid=25478 tid=25478 uptimeMs=657241 msg=onCreate: pid=25478 process=com.negi.survey isMain=true sdk=35
20261005_105432 D/AiTrace pid=25478 tid=25478 uptimeMs=670095 msg=Installed (enabled=false ringEnabled=true)
20261005_105432 D/LiteRtRepository pid=25478 tid=25478 uptimeMs=670115 msg=warmUp init ok initMs=1 gateWaitMs=0
20261005_105432 D/LiteRtRepository pid=25478 tid=25478 uptimeMs=670115 msg=warmUp Engine ready representativeInference=false totalMs=1
20261005_110303 I/AppRingLogStore pid=29946 tid=29946 uptimeMs=1181292 msg=install: pid=29946 timeUtc=20261005_110303 uptimeMs=1181292
20261005_110303 D/SurveyApp pid=29946 tid=29946 uptimeMs=1181292 msg=attachBaseContext: pid=29946 process=com.negi.survey isMain=true sdk=35
20261005_110303 D/SurveyApp pid=29946 tid=29946 uptimeMs=1181294 msg=onCreate: pid=29946 process=com.negi.survey isMain=true sdk=35
20261005_110313 D/AiTrace pid=29946 tid=29946 uptimeMs=1191728 msg=Installed (enabled=false ringEnabled=true)
20261005_110313 D/LiteRtRepository pid=29946 tid=29946 uptimeMs=1191764 msg=warmUp init ok initMs=1 gateWaitMs=0
20261005_110313 D/LiteRtRepository pid=29946 tid=29946 uptimeMs=1191764 msg=warmUp Engine ready representativeInference=false totalMs=1
20261005_110337 I/AiViewModel pid=29946 tid=29946 uptimeMs=1215866 msg=onCleared: ViewModel is being cleared -> stopCurrentRunInternal()
20261005_110342 D/AiTrace pid=29946 tid=29946 uptimeMs=1220852 msg=Installed (enabled=false ringEnabled=true)
20261005_110342 D/LiteRtRepository pid=29946 tid=29946 uptimeMs=1220871 msg=warmUp init ok initMs=0 gateWaitMs=0
20261005_110342 D/LiteRtRepository pid=29946 tid=29946 uptimeMs=1220871 msg=warmUp Engine ready representativeInference=false totalMs=0
20261007_054241 I/AppRingLogStore pid=28466 tid=28466 uptimeMs=154759807 msg=install: pid=28466 timeUtc=20261007_054241 uptimeMs=154759807
20261007_054241 D/SurveyApp pid=28466 tid=28466 uptimeMs=154759807 msg=attachBaseContext: pid=28466 process=com.negi.survey isMain=true sdk=35
20261007_054241 D/SurveyApp pid=28466 tid=28466 uptimeMs=154759809 msg=onCreate: pid=28466 process=com.negi.survey isMain=true sdk=35
20261007_054301 D/AiTrace pid=28466 tid=28466 uptimeMs=154779147 msg=Installed (enabled=false ringEnabled=true)
20261007_054301 D/LiteRtRepository pid=28466 tid=28466 uptimeMs=154779164 msg=warmUp init ok initMs=0 gateWaitMs=0
20261007_054301 D/LiteRtRepository pid=28466 tid=28466 uptimeMs=154779164 msg=warmUp Engine ready representativeInference=false totalMs=0
20261007_054454 I/AppRingLogStore pid=29100 tid=29100 uptimeMs=154892511 msg=install: pid=29100 timeUtc=20261007_054454 uptimeMs=154892511
20261007_054454 D/SurveyApp pid=29100 tid=29100 uptimeMs=154892511 msg=attachBaseContext: pid=29100 process=com.negi.survey isMain=true sdk=35
20261007_054454 D/SurveyApp pid=29100 tid=29100 uptimeMs=154892513 msg=onCreate: pid=29100 process=com.negi.survey isMain=true sdk=35
20261007_054504 D/AiTrace pid=29100 tid=29100 uptimeMs=154902683 msg=Installed (enabled=false ringEnabled=true)
20261007_054504 D/LiteRtRepository pid=29100 tid=29100 uptimeMs=154902695 msg=warmUp init ok initMs=1 gateWaitMs=0
20261007_054504 D/LiteRtRepository pid=29100 tid=29100 uptimeMs=154902695 msg=warmUp Engine ready representativeInference=false totalMs=1
20261007_061753 D/LiteRtRepository pid=29100 tid=29140 uptimeMs=156871549 msg=[1] start model='Gemma3n4B' prompt.len=3086 sha=7c20328dd133893e gateWaitMs=1
20261007_061753 D/LiteRtRepository pid=29100 tid=29140 uptimeMs=156871550 msg=[1] init ok initMs=1
20261007_061758 D/LiteRtRepository pid=29100 tid=29100 uptimeMs=156876594 msg=[1] logicalDone=true
20261007_061758 D/LiteRtRepository pid=29100 tid=29100 uptimeMs=156876594 msg=[1] native cleanup safepoint
20261007_061758 D/LiteRtRepository pid=29100 tid=29140 uptimeMs=156876600 msg=[1] Conversation reset completed after safepoint
20261007_061758 I/AiViewModel pid=29100 tid=29137 uptimeMs=156876600 msg=run[1] done: phase=EVAL mode=EVAL_JSON score=65 FU0.len=0 FU0.sha16=none commit=true err=<none>
20261007_061758 I/LiteRtRepository pid=29100 tid=29140 uptimeMs=156876601 msg=[1] finalize reason='native-terminated' totalMs=5053 inferenceMs=5051 firstTokenMs=2761 chunks=32 emittedChars=91 out.len=91 capturedAll=true logicalDone=true nativeTerminated=true cancelTag='null' lastDeltaMsAgo=11 lastEventMsAgo=7
20261007_061758 D/LiteRtRepository pid=29100 tid=29140 uptimeMs=156876603 msg=[2] start model='Gemma3n4B' prompt.len=1430 sha=080a5b181efa0e2f gateWaitMs=0
20261007_061758 D/LiteRtRepository pid=29100 tid=29140 uptimeMs=156876604 msg=[2] init ok initMs=1
20261007_061801 D/LiteRtRepository pid=29100 tid=29100 uptimeMs=156879154 msg=[2] logicalDone=true
20261007_061801 D/LiteRtRepository pid=29100 tid=29100 uptimeMs=156879154 msg=[2] native cleanup safepoint
20261007_061801 I/AiViewModel pid=29100 tid=29138 uptimeMs=156879156 msg=run[2] done: phase=FOLLOWUP mode=FOLLOWUP_JSON_OR_TEXT score=null FU0.len=61 FU0.sha16=9fe2b7190dca9b30 commit=false err=<none>
20261007_061801 D/LiteRtRepository pid=29100 tid=32146 uptimeMs=156879161 msg=[2] Conversation reset completed after safepoint
20261007_061801 I/LiteRtRepository pid=29100 tid=29140 uptimeMs=156879162 msg=[2] finalize reason='native-terminated' totalMs=2558 inferenceMs=2557 firstTokenMs=969 chunks=21 emittedChars=61 out.len=61 capturedAll=true logicalDone=true nativeTerminated=true cancelTag='null' lastDeltaMsAgo=82 lastEventMsAgo=7
20261007_062401 D/LiteRtRepository pid=29100 tid=29137 uptimeMs=157239183 msg=[3] start model='Gemma3n4B' prompt.len=3130 sha=9f330d3f0e87101f gateWaitMs=1
20261007_062401 D/LiteRtRepository pid=29100 tid=29137 uptimeMs=157239183 msg=[3] init ok initMs=0
20261007_062404 D/LiteRtRepository pid=29100 tid=29100 uptimeMs=157242646 msg=[3] logicalDone=true
20261007_062404 D/LiteRtRepository pid=29100 tid=29100 uptimeMs=157242647 msg=[3] native cleanup safepoint
20261007_062404 I/AiViewModel pid=29100 tid=29138 uptimeMs=157242650 msg=run[3] done: phase=EVAL mode=EVAL_JSON score=35 FU0.len=0 FU0.sha16=none commit=true err=<none>
20261007_062404 D/LiteRtRepository pid=29100 tid=1841 uptimeMs=157242652 msg=[3] Conversation reset completed after safepoint
20261007_062404 I/LiteRtRepository pid=29100 tid=29137 uptimeMs=157242653 msg=[3] finalize reason='native-terminated' totalMs=3470 inferenceMs=3469 firstTokenMs=1614 chunks=25 emittedChars=86 out.len=86 capturedAll=true logicalDone=true nativeTerminated=true cancelTag='null' lastDeltaMsAgo=81 lastEventMsAgo=6
20261007_062404 D/LiteRtRepository pid=29100 tid=1841 uptimeMs=157242653 msg=[4] start model='Gemma3n4B' prompt.len=1672 sha=aec408286955293e gateWaitMs=2
20261007_062404 D/LiteRtRepository pid=29100 tid=1841 uptimeMs=157242654 msg=[4] init ok initMs=1
20261007_062407 D/LiteRtRepository pid=29100 tid=29100 uptimeMs=157245506 msg=[4] logicalDone=true
20261007_062407 D/LiteRtRepository pid=29100 tid=29100 uptimeMs=157245506 msg=[4] native cleanup safepoint
20261007_062407 I/AiViewModel pid=29100 tid=29137 uptimeMs=157245508 msg=run[4] done: phase=FOLLOWUP mode=FOLLOWUP_JSON_OR_TEXT score=null FU0.len=75 FU0.sha16=679501887ca027da commit=false err=<none>
20261007_062407 D/LiteRtRepository pid=29100 tid=32146 uptimeMs=157245513 msg=[4] Conversation reset completed after safepoint
20261007_062407 I/LiteRtRepository pid=29100 tid=32146 uptimeMs=157245513 msg=[4] finalize reason='native-terminated' totalMs=2861 inferenceMs=2859 firstTokenMs=982 chunks=25 emittedChars=75 out.len=75 capturedAll=true logicalDone=true nativeTerminated=true cancelTag='null' lastDeltaMsAgo=83 lastEventMsAgo=7
20261007_062641 D/LiteRtRepository pid=29100 tid=32146 uptimeMs=157399881 msg=[5] start model='Gemma3n4B' prompt.len=3000 sha=d79171661872b0f8 gateWaitMs=1
20261007_062641 D/LiteRtRepository pid=29100 tid=32146 uptimeMs=157399882 msg=[5] init ok initMs=1
20261007_062646 D/LiteRtRepository pid=29100 tid=29100 uptimeMs=157404394 msg=[5] logicalDone=true
20261007_062646 D/LiteRtRepository pid=29100 tid=29100 uptimeMs=157404394 msg=[5] native cleanup safepoint
20261007_062646 I/AiViewModel pid=29100 tid=1841 uptimeMs=157404396 msg=run[5] done: phase=EVAL mode=EVAL_JSON score=65 FU0.len=0 FU0.sha16=none commit=true err=<none>
20261007_062646 D/LiteRtRepository pid=29100 tid=32146 uptimeMs=157404399 msg=[5] Conversation reset completed after safepoint
20261007_062646 I/LiteRtRepository pid=29100 tid=1841 uptimeMs=157404399 msg=[5] finalize reason='native-terminated' totalMs=4519 inferenceMs=4517 firstTokenMs=1855 chunks=36 emittedChars=105 out.len=105 capturedAll=true logicalDone=true nativeTerminated=true cancelTag='null' lastDeltaMsAgo=81 lastEventMsAgo=5
20261007_062646 D/LiteRtRepository pid=29100 tid=32146 uptimeMs=157404399 msg=[6] start model='Gemma3n4B' prompt.len=1560 sha=56c538e56db038ef gateWaitMs=2
20261007_062646 D/LiteRtRepository pid=29100 tid=32144 uptimeMs=157404400 msg=[6] init ok initMs=1
20261007_062649 D/LiteRtRepository pid=29100 tid=29100 uptimeMs=157407409 msg=[6] logicalDone=true
20261007_062649 D/LiteRtRepository pid=29100 tid=29100 uptimeMs=157407409 msg=[6] native cleanup safepoint
20261007_062649 I/AiViewModel pid=29100 tid=32146 uptimeMs=157407413 msg=run[6] done: phase=FOLLOWUP mode=FOLLOWUP_JSON_OR_TEXT score=null FU0.len=92 FU0.sha16=542ad37317eee5ee commit=false err=<none>
20261007_062649 D/LiteRtRepository pid=29100 tid=1841 uptimeMs=157407416 msg=[6] Conversation reset completed after safepoint
20261007_062649 I/LiteRtRepository pid=29100 tid=32146 uptimeMs=157407416 msg=[6] finalize reason='native-terminated' totalMs=3017 inferenceMs=3016 firstTokenMs=806 chunks=30 emittedChars=92 out.len=92 capturedAll=true logicalDone=true nativeTerminated=true cancelTag='null' lastDeltaMsAgo=80 lastEventMsAgo=7
20261007_062917 D/LiteRtRepository pid=29100 tid=32146 uptimeMs=157555128 msg=[7] start model='Gemma3n4B' prompt.len=3045 sha=48a9243ef028270a gateWaitMs=1
20261007_062917 D/LiteRtRepository pid=29100 tid=32146 uptimeMs=157555128 msg=[7] init ok initMs=0
20261007_062921 D/LiteRtRepository pid=29100 tid=29100 uptimeMs=157559452 msg=[7] logicalDone=true
20261007_062921 D/LiteRtRepository pid=29100 tid=29100 uptimeMs=157559452 msg=[7] native cleanup safepoint
20261007_062921 I/AiViewModel pid=29100 tid=29137 uptimeMs=157559454 msg=run[7] done: phase=EVAL mode=EVAL_JSON score=65 FU0.len=0 FU0.sha16=none commit=true err=<none>
20261007_062921 D/LiteRtRepository pid=29100 tid=29138 uptimeMs=157559460 msg=[7] Conversation reset completed after safepoint
20261007_062921 I/LiteRtRepository pid=29100 tid=29137 uptimeMs=157559460 msg=[7] finalize reason='native-terminated' totalMs=4333 inferenceMs=4332 firstTokenMs=1908 chunks=33 emittedChars=89 out.len=89 capturedAll=true logicalDone=true nativeTerminated=true cancelTag='null' lastDeltaMsAgo=83 lastEventMsAgo=8
20261007_062921 D/LiteRtRepository pid=29100 tid=29138 uptimeMs=157559460 msg=[8] start model='Gemma3n4B' prompt.len=1590 sha=22352a7a90f532d0 gateWaitMs=4
20261007_062921 D/LiteRtRepository pid=29100 tid=29138 uptimeMs=157559461 msg=[8] init ok initMs=1
20261007_062925 D/LiteRtRepository pid=29100 tid=29100 uptimeMs=157563271 msg=[8] logicalDone=true
20261007_062925 D/LiteRtRepository pid=29100 tid=29100 uptimeMs=157563271 msg=[8] native cleanup safepoint
20261007_062925 I/AiViewModel pid=29100 tid=29137 uptimeMs=157563272 msg=run[8] done: phase=FOLLOWUP mode=FOLLOWUP_JSON_OR_TEXT score=null FU0.len=99 FU0.sha16=f61ef02619754fba commit=false err=<none>
20261007_062925 D/LiteRtRepository pid=29100 tid=32144 uptimeMs=157563277 msg=[8] Conversation reset completed after safepoint
20261007_062925 I/LiteRtRepository pid=29100 tid=29137 uptimeMs=157563277 msg=[8] finalize reason='native-terminated' totalMs=3817 inferenceMs=3816 firstTokenMs=892 chunks=29 emittedChars=99 out.len=99 capturedAll=true logicalDone=true nativeTerminated=true cancelTag='null' lastDeltaMsAgo=138 lastEventMsAgo=6
20261007_063103 D/LiteRtRepository pid=29100 tid=29138 uptimeMs=157661322 msg=[9] start model='Gemma3n4B' prompt.len=2847 sha=48e4d7361648ada0 gateWaitMs=1
20261007_063103 D/LiteRtRepository pid=29100 tid=29138 uptimeMs=157661323 msg=[9] init ok initMs=1
20261007_063106 D/LiteRtRepository pid=29100 tid=29100 uptimeMs=157664747 msg=[9] logicalDone=true
20261007_063106 D/LiteRtRepository pid=29100 tid=29100 uptimeMs=157664747 msg=[9] native cleanup safepoint
20261007_063106 I/AiViewModel pid=29100 tid=29137 uptimeMs=157664751 msg=run[9] done: phase=EVAL mode=EVAL_JSON score=35 FU0.len=0 FU0.sha16=none commit=true err=<none>
20261007_063106 D/LiteRtRepository pid=29100 tid=32144 uptimeMs=157664754 msg=[9] Conversation reset completed after safepoint
20261007_063106 I/LiteRtRepository pid=29100 tid=29138 uptimeMs=157664755 msg=[9] finalize reason='native-terminated' totalMs=3433 inferenceMs=3431 firstTokenMs=1539 chunks=26 emittedChars=77 out.len=77 capturedAll=true logicalDone=true nativeTerminated=true cancelTag='null' lastDeltaMsAgo=80 lastEventMsAgo=7
20261007_063106 D/LiteRtRepository pid=29100 tid=32144 uptimeMs=157664755 msg=[10] start model='Gemma3n4B' prompt.len=1380 sha=32b5f7032c693dca gateWaitMs=3
20261007_063106 D/LiteRtRepository pid=29100 tid=32144 uptimeMs=157664756 msg=[10] init ok initMs=1
20261007_063109 D/LiteRtRepository pid=29100 tid=29100 uptimeMs=157667514 msg=[10] logicalDone=true
20261007_063109 D/LiteRtRepository pid=29100 tid=29100 uptimeMs=157667514 msg=[10] native cleanup safepoint
20261007_063109 I/AiViewModel pid=29100 tid=32144 uptimeMs=157667517 msg=run[10] done: phase=FOLLOWUP mode=FOLLOWUP_JSON_OR_TEXT score=null FU0.len=94 FU0.sha16=2e9d61040dbeb4b0 commit=false err=<none>
20261007_063109 D/LiteRtRepository pid=29100 tid=32146 uptimeMs=157667522 msg=[10] Conversation reset completed after safepoint
20261007_063109 I/LiteRtRepository pid=29100 tid=32144 uptimeMs=157667522 msg=[10] finalize reason='native-terminated' totalMs=2768 inferenceMs=2766 firstTokenMs=803 chunks=27 emittedChars=94 out.len=94 capturedAll=true logicalDone=true nativeTerminated=true cancelTag='null' lastDeltaMsAgo=78 lastEventMsAgo=8
20261007_063315 D/LiteRtRepository pid=29100 tid=32144 uptimeMs=157793716 msg=[11] start model='Gemma3n4B' prompt.len=2999 sha=7d4f1631a66e37f8 gateWaitMs=0
20261007_063315 D/LiteRtRepository pid=29100 tid=4087 uptimeMs=157793717 msg=[11] init ok initMs=1
20261007_063323 D/LiteRtRepository pid=29100 tid=29100 uptimeMs=157801961 msg=[11] logicalDone=true
20261007_063323 D/LiteRtRepository pid=29100 tid=29100 uptimeMs=157801961 msg=[11] native cleanup safepoint
20261007_063323 I/AiViewModel pid=29100 tid=32144 uptimeMs=157801964 msg=run[11] done: phase=EVAL mode=EVAL_JSON score=20 FU0.len=0 FU0.sha16=none commit=true err=<none>
20261007_063323 D/LiteRtRepository pid=29100 tid=29140 uptimeMs=157801968 msg=[11] Conversation reset completed after safepoint
20261007_063323 I/LiteRtRepository pid=29100 tid=32144 uptimeMs=157801968 msg=[11] finalize reason='native-terminated' totalMs=8252 inferenceMs=8251 firstTokenMs=3365 chunks=38 emittedChars=120 out.len=120 capturedAll=true logicalDone=true nativeTerminated=true cancelTag='null' lastDeltaMsAgo=133 lastEventMsAgo=7
20261007_063323 D/LiteRtRepository pid=29100 tid=29140 uptimeMs=157801969 msg=[12] start model='Gemma3n4B' prompt.len=1575 sha=6b34544ae6bf384d gateWaitMs=4
20261007_063323 D/LiteRtRepository pid=29100 tid=29140 uptimeMs=157801969 msg=[12] init ok initMs=0
20261007_063328 D/LiteRtRepository pid=29100 tid=29100 uptimeMs=157806073 msg=[12] logicalDone=true
20261007_063328 D/LiteRtRepository pid=29100 tid=29100 uptimeMs=157806073 msg=[12] native cleanup safepoint
20261007_063328 I/AiViewModel pid=29100 tid=32146 uptimeMs=157806076 msg=run[12] done: phase=FOLLOWUP mode=FOLLOWUP_JSON_OR_TEXT score=null FU0.len=94 FU0.sha16=6f39b5ac16da6c39 commit=false err=<none>
20261007_063328 D/LiteRtRepository pid=29100 tid=29138 uptimeMs=157806081 msg=[12] Conversation reset completed after safepoint
20261007_063328 I/LiteRtRepository pid=29100 tid=29138 uptimeMs=157806081 msg=[12] finalize reason='native-terminated' totalMs=4113 inferenceMs=4112 firstTokenMs=1702 chunks=25 emittedChars=94 out.len=94 capturedAll=true logicalDone=true nativeTerminated=true cancelTag='null' lastDeltaMsAgo=82 lastEventMsAgo=8
20261007_063544 D/LiteRtRepository pid=29100 tid=29138 uptimeMs=157942593 msg=[13] start model='Gemma3n4B' prompt.len=3236 sha=34206a836b38dd7d gateWaitMs=1
20261007_063544 D/LiteRtRepository pid=29100 tid=29138 uptimeMs=157942593 msg=[13] init ok initMs=0
20261007_063551 D/LiteRtRepository pid=29100 tid=29100 uptimeMs=157949477 msg=[13] logicalDone=true
20261007_063551 D/LiteRtRepository pid=29100 tid=29100 uptimeMs=157949478 msg=[13] native cleanup safepoint
20261007_063551 I/AiViewModel pid=29100 tid=29137 uptimeMs=157949480 msg=run[13] done: phase=EVAL mode=EVAL_JSON score=65 FU0.len=0 FU0.sha16=none commit=true err=<none>
20261007_063551 D/LiteRtRepository pid=29100 tid=32146 uptimeMs=157949484 msg=[13] Conversation reset completed after safepoint
20261007_063551 I/LiteRtRepository pid=29100 tid=29137 uptimeMs=157949484 msg=[13] finalize reason='native-terminated' totalMs=6892 inferenceMs=6891 firstTokenMs=1894 chunks=61 emittedChars=180 out.len=180 capturedAll=true logicalDone=true nativeTerminated=true cancelTag='null' lastDeltaMsAgo=7 lastEventMsAgo=6
20261007_063551 D/LiteRtRepository pid=29100 tid=32146 uptimeMs=157949485 msg=[14] start model='Gemma3n4B' prompt.len=1872 sha=25d6df2f64e9b658 gateWaitMs=2
20261007_063551 D/LiteRtRepository pid=29100 tid=32146 uptimeMs=157949485 msg=[14] init ok initMs=0
20261007_063555 D/LiteRtRepository pid=29100 tid=29100 uptimeMs=157953149 msg=[14] logicalDone=true
20261007_063555 D/LiteRtRepository pid=29100 tid=29100 uptimeMs=157953149 msg=[14] native cleanup safepoint
20261007_063555 I/AiViewModel pid=29100 tid=29137 uptimeMs=157953150 msg=run[14] done: phase=FOLLOWUP mode=FOLLOWUP_JSON_OR_TEXT score=null FU0.len=67 FU0.sha16=c5f9bcb15138dead commit=false err=<none>
20261007_063555 D/LiteRtRepository pid=29100 tid=29138 uptimeMs=157953155 msg=[14] Conversation reset completed after safepoint
20261007_063555 I/LiteRtRepository pid=29100 tid=29138 uptimeMs=157953155 msg=[14] finalize reason='native-terminated' totalMs=3671 inferenceMs=3670 firstTokenMs=1735 chunks=23 emittedChars=67 out.len=67 capturedAll=true logicalDone=true nativeTerminated=true cancelTag='null' lastDeltaMsAgo=103 lastEventMsAgo=6
20261007_063735 D/LiteRtRepository pid=29100 tid=29138 uptimeMs=158053890 msg=[15] start model='Gemma3n4B' prompt.len=3024 sha=764dcac91bd52f2e gateWaitMs=1
20261007_063735 D/LiteRtRepository pid=29100 tid=29138 uptimeMs=158053891 msg=[15] init ok initMs=1
20261007_063740 D/LiteRtRepository pid=29100 tid=29100 uptimeMs=158058582 msg=[15] logicalDone=true
20261007_063740 D/LiteRtRepository pid=29100 tid=29100 uptimeMs=158058582 msg=[15] native cleanup safepoint
20261007_063740 I/AiViewModel pid=29100 tid=29138 uptimeMs=158058583 msg=run[15] done: phase=EVAL mode=EVAL_JSON score=65 FU0.len=0 FU0.sha16=none commit=true err=<none>
20261007_063740 D/LiteRtRepository pid=29100 tid=32144 uptimeMs=158058585 msg=[15] Conversation reset completed after safepoint
20261007_063740 I/LiteRtRepository pid=29100 tid=29138 uptimeMs=158058585 msg=[15] finalize reason='native-terminated' totalMs=4695 inferenceMs=4694 firstTokenMs=2015 chunks=36 emittedChars=106 out.len=106 capturedAll=true logicalDone=true nativeTerminated=true cancelTag='null' lastDeltaMsAgo=5 lastEventMsAgo=3
20261007_064031 D/LiteRtRepository pid=29100 tid=32146 uptimeMs=158229798 msg=[16] start model='Gemma3n4B' prompt.len=3107 sha=598ff85f9c73850a gateWaitMs=1
20261007_064031 D/LiteRtRepository pid=29100 tid=32146 uptimeMs=158229799 msg=[16] init ok initMs=1
20261007_064036 D/LiteRtRepository pid=29100 tid=29100 uptimeMs=158234502 msg=[16] logicalDone=true
20261007_064036 D/LiteRtRepository pid=29100 tid=29100 uptimeMs=158234502 msg=[16] native cleanup safepoint
20261007_064036 I/AiViewModel pid=29100 tid=32144 uptimeMs=158234504 msg=run[16] done: phase=EVAL mode=EVAL_JSON score=65 FU0.len=0 FU0.sha16=none commit=true err=<none>
20261007_064036 D/LiteRtRepository pid=29100 tid=29137 uptimeMs=158234505 msg=[16] Conversation reset completed after safepoint
20261007_064036 I/LiteRtRepository pid=29100 tid=32146 uptimeMs=158234505 msg=[16] finalize reason='native-terminated' totalMs=4708 inferenceMs=4706 firstTokenMs=2136 chunks=34 emittedChars=102 out.len=102 capturedAll=true logicalDone=true nativeTerminated=true cancelTag='null' lastDeltaMsAgo=3 lastEventMsAgo=3
20261007_064036 D/LiteRtRepository pid=29100 tid=29137 uptimeMs=158234505 msg=[17] start model='Gemma3n4B' prompt.len=1701 sha=32727c6584dd86f3 gateWaitMs=1
20261007_064036 D/LiteRtRepository pid=29100 tid=29137 uptimeMs=158234505 msg=[17] init ok initMs=0
20261007_064043 D/LiteRtRepository pid=29100 tid=29100 uptimeMs=158241635 msg=[17] logicalDone=true
20261007_064043 D/LiteRtRepository pid=29100 tid=29100 uptimeMs=158241635 msg=[17] native cleanup safepoint
20261007_064043 I/AiViewModel pid=29100 tid=29137 uptimeMs=158241636 msg=run[17] done: phase=FOLLOWUP mode=FOLLOWUP_JSON_OR_TEXT score=null FU0.len=168 FU0.sha16=e447ce6052368d32 commit=false err=<none>
20261007_064043 D/LiteRtRepository pid=29100 tid=32144 uptimeMs=158241641 msg=[17] Conversation reset completed after safepoint
20261007_064043 I/LiteRtRepository pid=29100 tid=29137 uptimeMs=158241642 msg=[17] finalize reason='native-terminated' totalMs=7136 inferenceMs=7136 firstTokenMs=1369 chunks=45 emittedChars=168 out.len=168 capturedAll=true logicalDone=true nativeTerminated=true cancelTag='null' lastDeltaMsAgo=136 lastEventMsAgo=6
20261007_064334 D/LiteRtRepository pid=29100 tid=32146 uptimeMs=158412945 msg=[18] start model='Gemma3n4B' prompt.len=3274 sha=4f124e62efdbdaaa gateWaitMs=1
20261007_064334 D/LiteRtRepository pid=29100 tid=32146 uptimeMs=158412946 msg=[18] init ok initMs=1
20261007_064339 D/LiteRtRepository pid=29100 tid=29100 uptimeMs=158417119 msg=[18] logicalDone=true
20261007_064339 D/LiteRtRepository pid=29100 tid=29100 uptimeMs=158417119 msg=[18] native cleanup safepoint
20261007_064339 I/AiViewModel pid=29100 tid=29137 uptimeMs=158417123 msg=run[18] done: phase=EVAL mode=EVAL_JSON score=75 FU0.len=0 FU0.sha16=none commit=true err=<none>
20261007_064339 D/LiteRtRepository pid=29100 tid=32146 uptimeMs=158417126 msg=[18] Conversation reset completed after safepoint
20261007_064339 I/LiteRtRepository pid=29100 tid=1841 uptimeMs=158417126 msg=[18] finalize reason='native-terminated' totalMs=4182 inferenceMs=4180 firstTokenMs=1675 chunks=34 emittedChars=112 out.len=112 capturedAll=true logicalDone=true nativeTerminated=true cancelTag='null' lastDeltaMsAgo=8 lastEventMsAgo=7
20261007_064339 D/LiteRtRepository pid=29100 tid=32146 uptimeMs=158417126 msg=[19] start model='Gemma3n4B' prompt.len=1878 sha=ce9c8cad64c7cc67 gateWaitMs=1
20261007_064339 D/LiteRtRepository pid=29100 tid=32146 uptimeMs=158417127 msg=[19] init ok initMs=1
20261007_064342 D/LiteRtRepository pid=29100 tid=29100 uptimeMs=158420830 msg=[19] logicalDone=true
20261007_064342 D/LiteRtRepository pid=29100 tid=29100 uptimeMs=158420830 msg=[19] native cleanup safepoint
20261007_064342 I/AiViewModel pid=29100 tid=29138 uptimeMs=158420834 msg=run[19] done: phase=FOLLOWUP mode=FOLLOWUP_JSON_OR_TEXT score=null FU0.len=90 FU0.sha16=d242b743c14135ef commit=false err=<none>
20261007_064342 D/LiteRtRepository pid=29100 tid=29137 uptimeMs=158420840 msg=[19] Conversation reset completed after safepoint
20261007_064342 I/LiteRtRepository pid=29100 tid=29138 uptimeMs=158420840 msg=[19] finalize reason='native-terminated' totalMs=3714 inferenceMs=3713 firstTokenMs=1506 chunks=27 emittedChars=90 out.len=90 capturedAll=true logicalDone=true nativeTerminated=true cancelTag='null' lastDeltaMsAgo=92 lastEventMsAgo=10
20261007_065758 I/AiViewModel pid=29100 tid=29100 uptimeMs=159276540 msg=onCleared: ViewModel is being cleared -> stopCurrentRunInternal()
20261007_065803 D/AiTrace pid=29100 tid=29100 uptimeMs=159281894 msg=Installed (enabled=false ringEnabled=true)
20261007_065803 D/LiteRtRepository pid=29100 tid=29100 uptimeMs=159281987 msg=warmUp init ok initMs=1 gateWaitMs=0
20261007_065803 D/LiteRtRepository pid=29100 tid=29100 uptimeMs=159281987 msg=warmUp Engine ready representativeInference=false totalMs=1
20261007_070818 D/LiteRtRepository pid=29100 tid=9498 uptimeMs=159896183 msg=[20] start model='Gemma3n4B' prompt.len=3117 sha=8f3c22e15042b8d9 gateWaitMs=2
20261007_070818 D/LiteRtRepository pid=29100 tid=9498 uptimeMs=159896184 msg=[20] init ok initMs=1
20261007_070821 D/LiteRtRepository pid=29100 tid=29100 uptimeMs=159899903 msg=[20] logicalDone=true
20261007_070821 D/LiteRtRepository pid=29100 tid=29100 uptimeMs=159899904 msg=[20] native cleanup safepoint
20261007_070821 I/AiViewModel pid=29100 tid=29138 uptimeMs=159899906 msg=run[1] done: phase=EVAL mode=EVAL_JSON score=20 FU0.len=0 FU0.sha16=none commit=true err=<none>
20261007_070821 D/LiteRtRepository pid=29100 tid=9498 uptimeMs=159899911 msg=[20] Conversation reset completed after safepoint
20261007_070821 I/LiteRtRepository pid=29100 tid=29138 uptimeMs=159899912 msg=[20] finalize reason='native-terminated' totalMs=3731 inferenceMs=3728 firstTokenMs=1879 chunks=25 emittedChars=87 out.len=87 capturedAll=true logicalDone=true nativeTerminated=true cancelTag='null' lastDeltaMsAgo=84 lastEventMsAgo=8
20261007_070821 D/LiteRtRepository pid=29100 tid=9498 uptimeMs=159899912 msg=[21] start model='Gemma3n4B' prompt.len=1456 sha=de9f7fd36bfd3b22 gateWaitMs=5
20261007_070821 D/LiteRtRepository pid=29100 tid=9498 uptimeMs=159899913 msg=[21] init ok initMs=1
20261007_070824 D/LiteRtRepository pid=29100 tid=29100 uptimeMs=159902271 msg=[21] logicalDone=true
20261007_070824 D/LiteRtRepository pid=29100 tid=29100 uptimeMs=159902271 msg=[21] native cleanup safepoint
20261007_070824 I/AiViewModel pid=29100 tid=9498 uptimeMs=159902272 msg=run[2] done: phase=FOLLOWUP mode=FOLLOWUP_JSON_OR_TEXT score=null FU0.len=70 FU0.sha16=7c605ab7b381cda1 commit=false err=<none>
20261007_070824 D/LiteRtRepository pid=29100 tid=1841 uptimeMs=159902276 msg=[21] Conversation reset completed after safepoint
20261007_070824 I/LiteRtRepository pid=29100 tid=1841 uptimeMs=159902277 msg=[21] finalize reason='native-terminated' totalMs=2364 inferenceMs=2363 firstTokenMs=812 chunks=21 emittedChars=70 out.len=70 capturedAll=true logicalDone=true nativeTerminated=true cancelTag='null' lastDeltaMsAgo=79 lastEventMsAgo=5
20261007_071513 D/LiteRtRepository pid=29100 tid=9498 uptimeMs=160311834 msg=[22] start model='Gemma3n4B' prompt.len=3072 sha=b892121ff3fca5b8 gateWaitMs=0
20261007_071513 D/LiteRtRepository pid=29100 tid=9498 uptimeMs=160311835 msg=[22] init ok initMs=1
20261007_071518 D/LiteRtRepository pid=29100 tid=29100 uptimeMs=160316839 msg=[22] logicalDone=true
20261007_071518 D/LiteRtRepository pid=29100 tid=29100 uptimeMs=160316839 msg=[22] native cleanup safepoint
20261007_071518 I/AiViewModel pid=29100 tid=9498 uptimeMs=160316840 msg=run[3] done: phase=EVAL mode=EVAL_JSON score=65 FU0.len=0 FU0.sha16=none commit=true err=<none>
20261007_071518 D/LiteRtRepository pid=29100 tid=4087 uptimeMs=160316844 msg=[22] Conversation reset completed after safepoint
20261007_071518 I/LiteRtRepository pid=29100 tid=4087 uptimeMs=160316844 msg=[22] finalize reason='native-terminated' totalMs=5010 inferenceMs=5009 firstTokenMs=2877 chunks=29 emittedChars=86 out.len=86 capturedAll=true logicalDone=true nativeTerminated=true cancelTag='null' lastDeltaMsAgo=6 lastEventMsAgo=5
20261007_071754 D/LiteRtRepository pid=29100 tid=1841 uptimeMs=160472415 msg=[23] start model='Gemma3n4B' prompt.len=3193 sha=9a3c90cff88b0a7a gateWaitMs=1
20261007_071754 D/LiteRtRepository pid=29100 tid=1841 uptimeMs=160472416 msg=[23] init ok initMs=0
20261007_071800 D/LiteRtRepository pid=29100 tid=29100 uptimeMs=160478881 msg=[23] logicalDone=true
20261007_071800 D/LiteRtRepository pid=29100 tid=29100 uptimeMs=160478881 msg=[23] native cleanup safepoint
20261007_071800 I/AiViewModel pid=29100 tid=4087 uptimeMs=160478883 msg=run[4] done: phase=EVAL mode=EVAL_JSON score=45 FU0.len=0 FU0.sha16=none commit=true err=<none>
20261007_071800 D/LiteRtRepository pid=29100 tid=1841 uptimeMs=160478888 msg=[23] Conversation reset completed after safepoint
20261007_071800 I/LiteRtRepository pid=29100 tid=4087 uptimeMs=160478888 msg=[23] finalize reason='native-terminated' totalMs=6474 inferenceMs=6472 firstTokenMs=1723 chunks=64 emittedChars=191 out.len=191 capturedAll=true logicalDone=true nativeTerminated=true cancelTag='null' lastDeltaMsAgo=7 lastEventMsAgo=7
20261007_071800 D/LiteRtRepository pid=29100 tid=1841 uptimeMs=160478889 msg=[24] start model='Gemma3n4B' prompt.len=1839 sha=e7157a177b2bdc14 gateWaitMs=4
20261007_071800 D/LiteRtRepository pid=29100 tid=1841 uptimeMs=160478889 msg=[24] init ok initMs=0
20261007_071804 D/LiteRtRepository pid=29100 tid=29100 uptimeMs=160482479 msg=[24] logicalDone=true
20261007_071804 D/LiteRtRepository pid=29100 tid=29100 uptimeMs=160482479 msg=[24] native cleanup safepoint
20261007_071804 I/AiViewModel pid=29100 tid=29137 uptimeMs=160482483 msg=run[5] done: phase=FOLLOWUP mode=FOLLOWUP_JSON_OR_TEXT score=null FU0.len=96 FU0.sha16=4ad500afbc86c6b0 commit=false err=<none>
20261007_071804 D/LiteRtRepository pid=29100 tid=32146 uptimeMs=160482488 msg=[24] Conversation reset completed after safepoint
20261007_071804 I/LiteRtRepository pid=29100 tid=32146 uptimeMs=160482488 msg=[24] finalize reason='native-terminated' totalMs=3600 inferenceMs=3599 firstTokenMs=1420 chunks=29 emittedChars=96 out.len=96 capturedAll=true logicalDone=true nativeTerminated=true cancelTag='null' lastDeltaMsAgo=85 lastEventMsAgo=9
20261007_072057 D/LiteRtRepository pid=29100 tid=29140 uptimeMs=160655175 msg=[25] start model='Gemma3n4B' prompt.len=3640 sha=711d2eaf27af63bf gateWaitMs=2
20261007_072057 D/LiteRtRepository pid=29100 tid=29140 uptimeMs=160655176 msg=[25] init ok initMs=0
20261007_072103 D/LiteRtRepository pid=29100 tid=29100 uptimeMs=160661828 msg=[25] logicalDone=true
20261007_072103 D/LiteRtRepository pid=29100 tid=29100 uptimeMs=160661828 msg=[25] native cleanup safepoint
20261007_072103 I/AiViewModel pid=29100 tid=29137 uptimeMs=160661831 msg=run[6] done: phase=EVAL mode=EVAL_JSON score=72 FU0.len=0 FU0.sha16=none commit=true err=<none>
20261007_072103 D/LiteRtRepository pid=29100 tid=29140 uptimeMs=160661835 msg=[25] Conversation reset completed after safepoint
20261007_072103 I/LiteRtRepository pid=29100 tid=29140 uptimeMs=160661835 msg=[25] finalize reason='native-terminated' totalMs=6661 inferenceMs=6659 firstTokenMs=1969 chunks=64 emittedChars=193 out.len=193 capturedAll=true logicalDone=true nativeTerminated=true cancelTag='null' lastDeltaMsAgo=7 lastEventMsAgo=7
20261007_072333 D/LiteRtRepository pid=29100 tid=29137 uptimeMs=160811959 msg=[26] start model='Gemma3n4B' prompt.len=3372 sha=fa1eaecf954cf4cf gateWaitMs=1
20261007_072333 D/LiteRtRepository pid=29100 tid=29137 uptimeMs=160811960 msg=[26] init ok initMs=1
20261007_072343 D/LiteRtRepository pid=29100 tid=29100 uptimeMs=160821698 msg=[26] logicalDone=true
20261007_072343 D/LiteRtRepository pid=29100 tid=29100 uptimeMs=160821698 msg=[26] native cleanup safepoint
20261007_072343 I/AiViewModel pid=29100 tid=1841 uptimeMs=160821700 msg=run[7] done: phase=EVAL mode=EVAL_JSON score=25 FU0.len=0 FU0.sha16=none commit=true err=<none>
20261007_072343 D/LiteRtRepository pid=29100 tid=9498 uptimeMs=160821707 msg=[26] Conversation reset completed after safepoint
20261007_072343 I/LiteRtRepository pid=29100 tid=29140 uptimeMs=160821707 msg=[26] finalize reason='native-terminated' totalMs=9749 inferenceMs=9747 firstTokenMs=2625 chunks=64 emittedChars=233 out.len=233 capturedAll=true logicalDone=true nativeTerminated=true cancelTag='null' lastDeltaMsAgo=9 lastEventMsAgo=9
20261007_072818 D/LiteRtRepository pid=29100 tid=29140 uptimeMs=161096412 msg=[27] start model='Gemma3n4B' prompt.len=3060 sha=38462dcba55789e7 gateWaitMs=1
20261007_072818 D/LiteRtRepository pid=29100 tid=29140 uptimeMs=161096412 msg=[27] init ok initMs=0
20261007_072823 D/LiteRtRepository pid=29100 tid=29100 uptimeMs=161101272 msg=[27] logicalDone=true
20261007_072823 D/LiteRtRepository pid=29100 tid=29100 uptimeMs=161101273 msg=[27] native cleanup safepoint
20261007_072823 I/AiViewModel pid=29100 tid=1841 uptimeMs=161101276 msg=run[8] done: phase=EVAL mode=EVAL_JSON score=75 FU0.len=0 FU0.sha16=none commit=true err=<none>
20261007_072823 D/LiteRtRepository pid=29100 tid=29140 uptimeMs=161101280 msg=[27] Conversation reset completed after safepoint
20261007_072823 I/LiteRtRepository pid=29100 tid=1841 uptimeMs=161101280 msg=[27] finalize reason='native-terminated' totalMs=4869 inferenceMs=4868 firstTokenMs=1599 chunks=44 emittedChars=140 out.len=140 capturedAll=true logicalDone=true nativeTerminated=true cancelTag='null' lastDeltaMsAgo=80 lastEventMsAgo=7
20261007_072823 D/LiteRtRepository pid=29100 tid=29140 uptimeMs=161101280 msg=[28] start model='Gemma3n4B' prompt.len=1656 sha=07bfdbb3050ba5e4 gateWaitMs=2
20261007_072823 D/LiteRtRepository pid=29100 tid=29140 uptimeMs=161101281 msg=[28] init ok initMs=1
20261007_072827 D/LiteRtRepository pid=29100 tid=29100 uptimeMs=161105327 msg=[28] logicalDone=true
20261007_072827 D/LiteRtRepository pid=29100 tid=29100 uptimeMs=161105327 msg=[28] native cleanup safepoint
20261007_072827 I/AiViewModel pid=29100 tid=29137 uptimeMs=161105330 msg=run[9] done: phase=FOLLOWUP mode=FOLLOWUP_JSON_OR_TEXT score=null FU0.len=130 FU0.sha16=bd7e59921edc5bd8 commit=false err=<none>
20261007_072827 D/LiteRtRepository pid=29100 tid=19626 uptimeMs=161105335 msg=[28] Conversation reset completed after safepoint
20261007_072827 I/LiteRtRepository pid=29100 tid=29137 uptimeMs=161105335 msg=[28] finalize reason='native-terminated' totalMs=4055 inferenceMs=4054 firstTokenMs=1148 chunks=39 emittedChars=130 out.len=130 capturedAll=true logicalDone=true nativeTerminated=true cancelTag='null' lastDeltaMsAgo=84 lastEventMsAgo=8
20261007_073033 D/LiteRtRepository pid=29100 tid=9498 uptimeMs=161231294 msg=[29] start model='Gemma3n4B' prompt.len=3795 sha=8a162624ea6fa7af gateWaitMs=1
20261007_073033 D/LiteRtRepository pid=29100 tid=9498 uptimeMs=161231294 msg=[29] init ok initMs=0
20261007_073038 D/LiteRtRepository pid=29100 tid=29100 uptimeMs=161236473 msg=[29] logicalDone=true
20261007_073038 D/LiteRtRepository pid=29100 tid=29100 uptimeMs=161236473 msg=[29] native cleanup safepoint
20261007_073038 I/AiViewModel pid=29100 tid=9498 uptimeMs=161236474 msg=run[10] done: phase=EVAL mode=EVAL_JSON score=55 FU0.len=0 FU0.sha16=none commit=true err=<none>
20261007_073038 D/LiteRtRepository pid=29100 tid=1841 uptimeMs=161236476 msg=[29] Conversation reset completed after safepoint
20261007_073038 I/LiteRtRepository pid=29100 tid=9498 uptimeMs=161236476 msg=[29] finalize reason='native-terminated' totalMs=5183 inferenceMs=5182 firstTokenMs=3243 chunks=26 emittedChars=77 out.len=77 capturedAll=true logicalDone=true nativeTerminated=true cancelTag='null' lastDeltaMsAgo=81 lastEventMsAgo=3
20261007_073038 D/LiteRtRepository pid=29100 tid=1841 uptimeMs=161236476 msg=[30] start model='Gemma3n4B' prompt.len=2327 sha=2236a5698a064bb8 gateWaitMs=1
20261007_073038 D/LiteRtRepository pid=29100 tid=1841 uptimeMs=161236476 msg=[30] init ok initMs=0
20261007_073042 D/LiteRtRepository pid=29100 tid=29100 uptimeMs=161240489 msg=[30] logicalDone=true
20261007_073042 D/LiteRtRepository pid=29100 tid=29100 uptimeMs=161240489 msg=[30] native cleanup safepoint
20261007_073042 I/AiViewModel pid=29100 tid=9498 uptimeMs=161240489 msg=run[11] done: phase=FOLLOWUP mode=FOLLOWUP_JSON_OR_TEXT score=null FU0.len=111 FU0.sha16=2071eae9ce7e2d90 commit=false err=<none>
20261007_073042 D/LiteRtRepository pid=29100 tid=29137 uptimeMs=161240493 msg=[30] Conversation reset completed after safepoint
20261007_073042 I/LiteRtRepository pid=29100 tid=9498 uptimeMs=161240493 msg=[30] finalize reason='native-terminated' totalMs=4017 inferenceMs=4017 firstTokenMs=1444 chunks=34 emittedChars=111 out.len=111 capturedAll=true logicalDone=true nativeTerminated=true cancelTag='null' lastDeltaMsAgo=76 lastEventMsAgo=4
20261007_073523 D/LiteRtRepository pid=29100 tid=1841 uptimeMs=161521868 msg=[31] start model='Gemma3n4B' prompt.len=2884 sha=71f984d2354af800 gateWaitMs=1
20261007_073523 D/LiteRtRepository pid=29100 tid=1841 uptimeMs=161521870 msg=[31] init ok initMs=1
20261007_073527 D/LiteRtRepository pid=29100 tid=29100 uptimeMs=161525860 msg=[31] logicalDone=true
20261007_073527 D/LiteRtRepository pid=29100 tid=29100 uptimeMs=161525860 msg=[31] native cleanup safepoint
20261007_073527 I/AiViewModel pid=29100 tid=32146 uptimeMs=161525864 msg=run[12] done: phase=EVAL mode=EVAL_JSON score=20 FU0.len=0 FU0.sha16=none commit=true err=<none>
20261007_073527 D/LiteRtRepository pid=29100 tid=29140 uptimeMs=161525869 msg=[31] Conversation reset completed after safepoint
20261007_073527 I/LiteRtRepository pid=29100 tid=32146 uptimeMs=161525870 msg=[31] finalize reason='native-terminated' totalMs=4003 inferenceMs=4000 firstTokenMs=1501 chunks=34 emittedChars=111 out.len=111 capturedAll=true logicalDone=true nativeTerminated=true cancelTag='null' lastDeltaMsAgo=81 lastEventMsAgo=10
20261007_073527 D/LiteRtRepository pid=29100 tid=29140 uptimeMs=161525871 msg=[32] start model='Gemma3n4B' prompt.len=1451 sha=e08afb2af0654ee0 gateWaitMs=4
20261007_073527 D/LiteRtRepository pid=29100 tid=29140 uptimeMs=161525872 msg=[32] init ok initMs=0
20261007_073530 D/LiteRtRepository pid=29100 tid=29100 uptimeMs=161528109 msg=[32] logicalDone=true
20261007_073530 D/LiteRtRepository pid=29100 tid=29100 uptimeMs=161528109 msg=[32] native cleanup safepoint
20261007_073530 I/AiViewModel pid=29100 tid=29140 uptimeMs=161528111 msg=run[13] done: phase=FOLLOWUP mode=FOLLOWUP_JSON_OR_TEXT score=null FU0.len=70 FU0.sha16=17782e55969ce86c commit=false err=<none>
20261007_073530 D/LiteRtRepository pid=29100 tid=32146 uptimeMs=161528118 msg=[32] Conversation reset completed after safepoint
20261007_073530 I/LiteRtRepository pid=29100 tid=19626 uptimeMs=161528119 msg=[32] finalize reason='native-terminated' totalMs=2248 inferenceMs=2246 firstTokenMs=811 chunks=19 emittedChars=70 out.len=70 capturedAll=true logicalDone=true nativeTerminated=true cancelTag='null' lastDeltaMsAgo=84 lastEventMsAgo=9
20261007_073809 D/LiteRtRepository pid=29100 tid=19626 uptimeMs=161687626 msg=[33] start model='Gemma3n4B' prompt.len=3121 sha=1acfb6e9862ddb78 gateWaitMs=1
20261007_073809 D/LiteRtRepository pid=29100 tid=19626 uptimeMs=161687628 msg=[33] init ok initMs=1
20261007_073816 D/LiteRtRepository pid=29100 tid=29100 uptimeMs=161694869 msg=[33] logicalDone=true
20261007_073816 D/LiteRtRepository pid=29100 tid=29100 uptimeMs=161694869 msg=[33] native cleanup safepoint
20261007_073816 I/AiViewModel pid=29100 tid=29140 uptimeMs=161694871 msg=run[14] done: phase=EVAL mode=EVAL_JSON score=45 FU0.len=0 FU0.sha16=none commit=true err=<none>
20261007_073816 D/LiteRtRepository pid=29100 tid=32146 uptimeMs=161694877 msg=[33] Conversation reset completed after safepoint
20261007_073816 I/LiteRtRepository pid=29100 tid=9498 uptimeMs=161694877 msg=[33] finalize reason='native-terminated' totalMs=7251 inferenceMs=7249 firstTokenMs=2912 chunks=49 emittedChars=145 out.len=145 capturedAll=true logicalDone=true nativeTerminated=true cancelTag='null' lastDeltaMsAgo=83 lastEventMsAgo=8
20261007_073816 D/LiteRtRepository pid=29100 tid=1841 uptimeMs=161694877 msg=[34] start model='Gemma3n4B' prompt.len=1722 sha=41596f49688fcc06 gateWaitMs=4
20261007_073816 D/LiteRtRepository pid=29100 tid=1841 uptimeMs=161694878 msg=[34] init ok initMs=1
20261007_073820 D/LiteRtRepository pid=29100 tid=29100 uptimeMs=161698844 msg=[34] logicalDone=true
20261007_073820 D/LiteRtRepository pid=29100 tid=29100 uptimeMs=161698844 msg=[34] native cleanup safepoint
20261007_073820 I/AiViewModel pid=29100 tid=32146 uptimeMs=161698846 msg=run[15] done: phase=FOLLOWUP mode=FOLLOWUP_JSON_OR_TEXT score=null FU0.len=110 FU0.sha16=ab3e01d077b5da78 commit=false err=<none>
20261007_073820 D/LiteRtRepository pid=29100 tid=29140 uptimeMs=161698849 msg=[34] Conversation reset completed after safepoint
20261007_073820 I/LiteRtRepository pid=29100 tid=1841 uptimeMs=161698850 msg=[34] finalize reason='native-terminated' totalMs=3972 inferenceMs=3971 firstTokenMs=1154 chunks=38 emittedChars=110 out.len=110 capturedAll=true logicalDone=true nativeTerminated=true cancelTag='null' lastDeltaMsAgo=82 lastEventMsAgo=5
20261007_074154 D/LiteRtRepository pid=29100 tid=9498 uptimeMs=161912787 msg=[35] start model='Gemma3n4B' prompt.len=3416 sha=eadab078e2419817 gateWaitMs=1
20261007_074154 D/LiteRtRepository pid=29100 tid=9498 uptimeMs=161912788 msg=[35] init ok initMs=1
20261007_074202 D/LiteRtRepository pid=29100 tid=29100 uptimeMs=161920081 msg=[35] logicalDone=true
20261007_074202 D/LiteRtRepository pid=29100 tid=29100 uptimeMs=161920081 msg=[35] native cleanup safepoint
20261007_074202 I/AiViewModel pid=29100 tid=1841 uptimeMs=161920085 msg=run[16] done: phase=EVAL mode=EVAL_JSON score=35 FU0.len=0 FU0.sha16=none commit=true err=<none>
20261007_074202 D/LiteRtRepository pid=29100 tid=1841 uptimeMs=161920085 msg=[35] Conversation reset completed after safepoint
20261007_074202 I/LiteRtRepository pid=29100 tid=1841 uptimeMs=161920086 msg=[35] finalize reason='native-terminated' totalMs=7299 inferenceMs=7297 firstTokenMs=3049 chunks=32 emittedChars=94 out.len=94 capturedAll=true logicalDone=true nativeTerminated=true cancelTag='null' lastDeltaMsAgo=131 lastEventMsAgo=4
20261007_074506 D/LiteRtRepository pid=29100 tid=1841 uptimeMs=162104894 msg=[36] start model='Gemma3n4B' prompt.len=3223 sha=cd701ac17d7d3ba1 gateWaitMs=1
20261007_074506 D/LiteRtRepository pid=29100 tid=1841 uptimeMs=162104894 msg=[36] init ok initMs=0
20261007_074514 D/LiteRtRepository pid=29100 tid=29100 uptimeMs=162112363 msg=[36] logicalDone=true
20261007_074514 D/LiteRtRepository pid=29100 tid=29100 uptimeMs=162112363 msg=[36] native cleanup safepoint
20261007_074514 I/AiViewModel pid=29100 tid=29140 uptimeMs=162112365 msg=run[17] done: phase=EVAL mode=EVAL_JSON score=75 FU0.len=0 FU0.sha16=none commit=true err=<none>
20261007_074514 D/LiteRtRepository pid=29100 tid=1841 uptimeMs=162112369 msg=[36] Conversation reset completed after safepoint
20261007_074514 I/LiteRtRepository pid=29100 tid=29140 uptimeMs=162112369 msg=[36] finalize reason='native-terminated' totalMs=7475 inferenceMs=7475 firstTokenMs=3474 chunks=29 emittedChars=87 out.len=87 capturedAll=true logicalDone=true nativeTerminated=true cancelTag='null' lastDeltaMsAgo=9 lastEventMsAgo=6
20261007_074514 D/LiteRtRepository pid=29100 tid=1841 uptimeMs=162112370 msg=[37] start model='Gemma3n4B' prompt.len=1718 sha=d8878a50106c4f15 gateWaitMs=3
20261007_074514 D/LiteRtRepository pid=29100 tid=32146 uptimeMs=162112370 msg=[37] init ok initMs=0
20261007_074520 D/LiteRtRepository pid=29100 tid=29100 uptimeMs=162118034 msg=[37] logicalDone=true
20261007_074520 D/LiteRtRepository pid=29100 tid=29100 uptimeMs=162118034 msg=[37] native cleanup safepoint
20261007_074520 I/AiViewModel pid=29100 tid=1841 uptimeMs=162118035 msg=run[18] done: phase=FOLLOWUP mode=FOLLOWUP_JSON_OR_TEXT score=null FU0.len=84 FU0.sha16=00ca0516da0c3692 commit=false err=<none>
20261007_074520 D/LiteRtRepository pid=29100 tid=29140 uptimeMs=162118038 msg=[37] Conversation reset completed after safepoint
20261007_074520 I/LiteRtRepository pid=29100 tid=32146 uptimeMs=162118038 msg=[37] finalize reason='native-terminated' totalMs=5669 inferenceMs=5668 firstTokenMs=2282 chunks=26 emittedChars=84 out.len=84 capturedAll=true logicalDone=true nativeTerminated=true cancelTag='null' lastDeltaMsAgo=134 lastEventMsAgo=4
20261007_074831 D/LiteRtRepository pid=29100 tid=32146 uptimeMs=162309441 msg=[38] start model='Gemma3n4B' prompt.len=3667 sha=a901898f5f03ba2e gateWaitMs=1
20261007_074831 D/LiteRtRepository pid=29100 tid=1841 uptimeMs=162309444 msg=[38] init ok initMs=3
20261007_074840 D/LiteRtRepository pid=29100 tid=29100 uptimeMs=162318278 msg=[38] logicalDone=true
20261007_074840 D/LiteRtRepository pid=29100 tid=29100 uptimeMs=162318278 msg=[38] native cleanup safepoint
20261007_074840 I/AiViewModel pid=29100 tid=32146 uptimeMs=162318281 msg=run[19] done: phase=EVAL mode=EVAL_JSON score=65 FU0.len=0 FU0.sha16=none commit=true err=<none>
20261007_074840 D/LiteRtRepository pid=29100 tid=1841 uptimeMs=162318285 msg=[38] Conversation reset completed after safepoint
20261007_074840 I/LiteRtRepository pid=29100 tid=9498 uptimeMs=162318285 msg=[38] finalize reason='native-terminated' totalMs=8845 inferenceMs=8841 firstTokenMs=4525 chunks=34 emittedChars=102 out.len=102 capturedAll=true logicalDone=true nativeTerminated=true cancelTag='null' lastDeltaMsAgo=7 lastEventMsAgo=7
20261007_074840 D/LiteRtRepository pid=29100 tid=1841 uptimeMs=162318286 msg=[39] start model='Gemma3n4B' prompt.len=2261 sha=3eb6649c1d6b7d69 gateWaitMs=2
20261007_074840 D/LiteRtRepository pid=29100 tid=1841 uptimeMs=162318286 msg=[39] init ok initMs=0
20261007_074846 D/LiteRtRepository pid=29100 tid=29100 uptimeMs=162324775 msg=[39] logicalDone=true
20261007_074846 D/LiteRtRepository pid=29100 tid=29100 uptimeMs=162324775 msg=[39] native cleanup safepoint
20261007_074846 I/AiViewModel pid=29100 tid=32146 uptimeMs=162324777 msg=run[20] done: phase=FOLLOWUP mode=FOLLOWUP_JSON_OR_TEXT score=null FU0.len=161 FU0.sha16=585c20f3fb07de55 commit=false err=<none>
20261007_074846 D/LiteRtRepository pid=29100 tid=29137 uptimeMs=162324782 msg=[39] Conversation reset completed after safepoint
20261007_074846 I/LiteRtRepository pid=29100 tid=32146 uptimeMs=162324782 msg=[39] finalize reason='native-terminated' totalMs=6497 inferenceMs=6496 firstTokenMs=1687 chunks=46 emittedChars=161 out.len=161 capturedAll=true logicalDone=true nativeTerminated=true cancelTag='null' lastDeltaMsAgo=105 lastEventMsAgo=7
20261007_075343 D/LiteRtRepository pid=29100 tid=29137 uptimeMs=162621895 msg=[40] start model='Gemma3n4B' prompt.len=3155 sha=f231a9042fdc3dfc gateWaitMs=1
20261007_075343 D/LiteRtRepository pid=29100 tid=29137 uptimeMs=162621895 msg=[40] init ok initMs=0
20261007_075357 D/LiteRtRepository pid=29100 tid=29100 uptimeMs=162635082 msg=[40] logicalDone=true
20261007_075357 D/LiteRtRepository pid=29100 tid=29100 uptimeMs=162635082 msg=[40] native cleanup safepoint
20261007_075357 I/AiViewModel pid=29100 tid=29137 uptimeMs=162635084 msg=run[21] done: phase=EVAL mode=EVAL_JSON score=75 FU0.len=0 FU0.sha16=none commit=true err=<none>
20261007_075357 D/LiteRtRepository pid=29100 tid=29140 uptimeMs=162635089 msg=[40] Conversation reset completed after safepoint
20261007_075357 I/LiteRtRepository pid=29100 tid=29137 uptimeMs=162635089 msg=[40] finalize reason='native-terminated' totalMs=13195 inferenceMs=13194 firstTokenMs=3336 chunks=64 emittedChars=226 out.len=226 capturedAll=true logicalDone=true nativeTerminated=true cancelTag='null' lastDeltaMsAgo=10 lastEventMsAgo=7
20261007_080943 I/AiViewModel pid=29100 tid=29100 uptimeMs=163581978 msg=onCleared: ViewModel is being cleared -> stopCurrentRunInternal()
20261007_081002 D/AiTrace pid=29100 tid=29100 uptimeMs=163600547 msg=Installed (enabled=false ringEnabled=true)
20261007_081002 D/LiteRtRepository pid=29100 tid=29100 uptimeMs=163600582 msg=warmUp init ok initMs=2 gateWaitMs=0
20261007_081002 D/LiteRtRepository pid=29100 tid=29100 uptimeMs=163600582 msg=warmUp Engine ready representativeInference=false totalMs=2
20261007_081516 D/LiteRtRepository pid=29100 tid=29140 uptimeMs=163914313 msg=[41] start model='Gemma3n4B' prompt.len=3087 sha=105f783ab79e1350 gateWaitMs=0
20261007_081516 D/LiteRtRepository pid=29100 tid=29140 uptimeMs=163914314 msg=[41] init ok initMs=1
20261007_081520 D/LiteRtRepository pid=29100 tid=29100 uptimeMs=163918259 msg=[41] logicalDone=true
20261007_081520 D/LiteRtRepository pid=29100 tid=29100 uptimeMs=163918259 msg=[41] native cleanup safepoint
20261007_081520 I/AiViewModel pid=29100 tid=32146 uptimeMs=163918261 msg=run[1] done: phase=EVAL mode=EVAL_JSON score=45 FU0.len=0 FU0.sha16=none commit=true err=<none>
20261007_081520 D/LiteRtRepository pid=29100 tid=19626 uptimeMs=163918269 msg=[41] Conversation reset completed after safepoint
20261007_081520 D/LiteRtRepository pid=29100 tid=19626 uptimeMs=163918270 msg=[42] start model='Gemma3n4B' prompt.len=1430 sha=065e73a117e04c50 gateWaitMs=7
20261007_081520 I/LiteRtRepository pid=29100 tid=32146 uptimeMs=163918270 msg=[41] finalize reason='native-terminated' totalMs=3957 inferenceMs=3956 firstTokenMs=1676 chunks=31 emittedChars=91 out.len=91 capturedAll=true logicalDone=true nativeTerminated=true cancelTag='null' lastDeltaMsAgo=85 lastEventMsAgo=11
20261007_081520 D/LiteRtRepository pid=29100 tid=29137 uptimeMs=163918270 msg=[42] init ok initMs=0
20261007_081522 D/LiteRtRepository pid=29100 tid=29100 uptimeMs=163920062 msg=[42] logicalDone=true
20261007_081522 D/LiteRtRepository pid=29100 tid=29100 uptimeMs=163920062 msg=[42] native cleanup safepoint
20261007_081522 I/AiViewModel pid=29100 tid=1841 uptimeMs=163920065 msg=run[2] done: phase=FOLLOWUP mode=FOLLOWUP_JSON_OR_TEXT score=null FU0.len=41 FU0.sha16=1cdbdd90f877540c commit=false err=<none>
20261007_081522 D/LiteRtRepository pid=29100 tid=4087 uptimeMs=163920069 msg=[42] Conversation reset completed after safepoint
20261007_081522 I/LiteRtRepository pid=29100 tid=1841 uptimeMs=163920070 msg=[42] finalize reason='native-terminated' totalMs=1800 inferenceMs=1799 firstTokenMs=819 chunks=13 emittedChars=41 out.len=41 capturedAll=true logicalDone=true nativeTerminated=true cancelTag='null' lastDeltaMsAgo=82 lastEventMsAgo=7
20261007_081906 D/LiteRtRepository pid=29100 tid=1841 uptimeMs=164144859 msg=[43] start model='Gemma3n4B' prompt.len=3587 sha=a2af6afe42d18e55 gateWaitMs=1
20261007_081906 D/LiteRtRepository pid=29100 tid=1841 uptimeMs=164144860 msg=[43] init ok initMs=1
20261007_081911 D/LiteRtRepository pid=29100 tid=29100 uptimeMs=164149777 msg=[43] logicalDone=true
20261007_081911 D/LiteRtRepository pid=29100 tid=29100 uptimeMs=164149777 msg=[43] native cleanup safepoint
20261007_081911 I/AiViewModel pid=29100 tid=29138 uptimeMs=164149780 msg=run[3] done: phase=EVAL mode=EVAL_JSON score=65 FU0.len=0 FU0.sha16=none commit=true err=<none>
20261007_081911 D/LiteRtRepository pid=29100 tid=4087 uptimeMs=164149782 msg=[43] Conversation reset completed after safepoint
20261007_081911 I/LiteRtRepository pid=29100 tid=29140 uptimeMs=164149782 msg=[43] finalize reason='native-terminated' totalMs=4924 inferenceMs=4922 firstTokenMs=2172 chunks=37 emittedChars=110 out.len=110 capturedAll=true logicalDone=true nativeTerminated=true cancelTag='null' lastDeltaMsAgo=6 lastEventMsAgo=5
20261007_081911 D/LiteRtRepository pid=29100 tid=4087 uptimeMs=164149783 msg=[44] start model='Gemma3n4B' prompt.len=1949 sha=dcfe8e908c5dd4e2 gateWaitMs=2
20261007_081911 D/LiteRtRepository pid=29100 tid=4087 uptimeMs=164149783 msg=[44] init ok initMs=0
20261007_081913 D/LiteRtRepository pid=29100 tid=29100 uptimeMs=164151930 msg=[44] logicalDone=true
20261007_081913 D/LiteRtRepository pid=29100 tid=29100 uptimeMs=164151930 msg=[44] native cleanup safepoint
20261007_081913 I/AiViewModel pid=29100 tid=29138 uptimeMs=164151932 msg=run[4] done: phase=FOLLOWUP mode=FOLLOWUP_JSON_OR_TEXT score=null FU0.len=41 FU0.sha16=1cdbdd90f877540c commit=false err=<none>
20261007_081913 D/LiteRtRepository pid=29100 tid=32146 uptimeMs=164151935 msg=[44] Conversation reset completed after safepoint
20261007_081913 I/LiteRtRepository pid=29100 tid=29137 uptimeMs=164151935 msg=[44] finalize reason='native-terminated' totalMs=2153 inferenceMs=2152 firstTokenMs=1179 chunks=13 emittedChars=41 out.len=41 capturedAll=true logicalDone=true nativeTerminated=true cancelTag='null' lastDeltaMsAgo=81 lastEventMsAgo=5
20261007_082056 D/LiteRtRepository pid=29100 tid=29138 uptimeMs=164254639 msg=[45] start model='Gemma3n4B' prompt.len=3166 sha=1d2b553d90eb943a gateWaitMs=1
20261007_082056 D/LiteRtRepository pid=29100 tid=29138 uptimeMs=164254640 msg=[45] init ok initMs=1
20261007_082102 D/LiteRtRepository pid=29100 tid=29100 uptimeMs=164260833 msg=[45] logicalDone=true
20261007_082102 D/LiteRtRepository pid=29100 tid=29100 uptimeMs=164260833 msg=[45] native cleanup safepoint
20261007_082102 I/AiViewModel pid=29100 tid=29138 uptimeMs=164260836 msg=run[5] done: phase=EVAL mode=EVAL_JSON score=55 FU0.len=0 FU0.sha16=none commit=true err=<none>
20261007_082102 D/LiteRtRepository pid=29100 tid=29140 uptimeMs=164260842 msg=[45] Conversation reset completed after safepoint
20261007_082102 I/LiteRtRepository pid=29100 tid=1841 uptimeMs=164260843 msg=[45] finalize reason='native-terminated' totalMs=6205 inferenceMs=6203 firstTokenMs=2922 chunks=27 emittedChars=79 out.len=79 capturedAll=true logicalDone=true nativeTerminated=true cancelTag='null' lastDeltaMsAgo=89 lastEventMsAgo=10
20261007_082102 D/LiteRtRepository pid=29100 tid=29140 uptimeMs=164260843 msg=[46] start model='Gemma3n4B' prompt.len=1701 sha=c2be9bc882b5fc47 gateWaitMs=6
20261007_082102 D/LiteRtRepository pid=29100 tid=29140 uptimeMs=164260844 msg=[46] init ok initMs=1
20261007_082106 D/LiteRtRepository pid=29100 tid=29100 uptimeMs=164264916 msg=[46] logicalDone=true
20261007_082106 D/LiteRtRepository pid=29100 tid=29100 uptimeMs=164264916 msg=[46] native cleanup safepoint
20261007_082106 I/AiViewModel pid=29100 tid=4087 uptimeMs=164264918 msg=run[6] done: phase=FOLLOWUP mode=FOLLOWUP_JSON_OR_TEXT score=null FU0.len=112 FU0.sha16=3213355b5f58475b commit=false err=<none>
20261007_082106 D/LiteRtRepository pid=29100 tid=1841 uptimeMs=164264923 msg=[46] Conversation reset completed after safepoint
20261007_082106 I/LiteRtRepository pid=29100 tid=4087 uptimeMs=164264924 msg=[46] finalize reason='native-terminated' totalMs=4081 inferenceMs=4080 firstTokenMs=1198 chunks=36 emittedChars=112 out.len=112 capturedAll=true logicalDone=true nativeTerminated=true cancelTag='null' lastDeltaMsAgo=89 lastEventMsAgo=8
20261007_082411 D/LiteRtRepository pid=29100 tid=4087 uptimeMs=164449179 msg=[47] start model='Gemma3n4B' prompt.len=3442 sha=8c3cf8f7a7dbcf6a gateWaitMs=1
20261007_082411 D/LiteRtRepository pid=29100 tid=4087 uptimeMs=164449180 msg=[47] init ok initMs=1
20261007_082419 D/LiteRtRepository pid=29100 tid=29100 uptimeMs=164457525 msg=[47] logicalDone=true
20261007_082419 D/LiteRtRepository pid=29100 tid=29100 uptimeMs=164457525 msg=[47] native cleanup safepoint
20261007_082419 I/AiViewModel pid=29100 tid=29140 uptimeMs=164457527 msg=run[7] done: phase=EVAL mode=EVAL_JSON score=30 FU0.len=0 FU0.sha16=none commit=true err=<none>
20261007_082419 D/LiteRtRepository pid=29100 tid=32146 uptimeMs=164457533 msg=[47] Conversation reset completed after safepoint
20261007_082419 I/LiteRtRepository pid=29100 tid=29140 uptimeMs=164457533 msg=[47] finalize reason='native-terminated' totalMs=8355 inferenceMs=8353 firstTokenMs=3638 chunks=30 emittedChars=90 out.len=90 capturedAll=true logicalDone=true nativeTerminated=true cancelTag='null' lastDeltaMsAgo=160 lastEventMsAgo=8
20261007_082419 D/LiteRtRepository pid=29100 tid=32146 uptimeMs=164457533 msg=[48] start model='Gemma3n4B' prompt.len=1988 sha=b720d2504a1d980a gateWaitMs=4
20261007_082419 D/LiteRtRepository pid=29100 tid=32146 uptimeMs=164457533 msg=[48] init ok initMs=0
20261007_082426 D/LiteRtRepository pid=29100 tid=29100 uptimeMs=164464429 msg=[48] logicalDone=true
20261007_082426 D/LiteRtRepository pid=29100 tid=29100 uptimeMs=164464429 msg=[48] native cleanup safepoint
20261007_082426 I/AiViewModel pid=29100 tid=32146 uptimeMs=164464432 msg=run[8] done: phase=FOLLOWUP mode=FOLLOWUP_JSON_OR_TEXT score=null FU0.len=94 FU0.sha16=694fcda15843a2ad commit=false err=<none>
20261007_082426 D/LiteRtRepository pid=29100 tid=29138 uptimeMs=164464436 msg=[48] Conversation reset completed after safepoint
20261007_082426 I/LiteRtRepository pid=29100 tid=29138 uptimeMs=164464437 msg=[48] finalize reason='native-terminated' totalMs=6903 inferenceMs=6903 firstTokenMs=2501 chunks=29 emittedChars=94 out.len=94 capturedAll=true logicalDone=true nativeTerminated=true cancelTag='null' lastDeltaMsAgo=140 lastEventMsAgo=7
20261007_083300 D/LiteRtRepository pid=29100 tid=29138 uptimeMs=164978336 msg=[49] start model='Gemma3n4B' prompt.len=2997 sha=2b17180fef1dd930 gateWaitMs=0
20261007_083300 D/LiteRtRepository pid=29100 tid=29138 uptimeMs=164978337 msg=[49] init ok initMs=1
20261007_083332 D/LiteRtRepository pid=29100 tid=29100 uptimeMs=165010962 msg=[49] logicalDone=true
20261007_083332 D/LiteRtRepository pid=29100 tid=29100 uptimeMs=165010963 msg=[49] native cleanup safepoint
20261007_083332 I/AiViewModel pid=29100 tid=4087 uptimeMs=165010965 msg=run[9] done: phase=EVAL mode=EVAL_JSON score=45 FU0.len=0 FU0.sha16=none commit=true err=<none>
20261007_083332 D/LiteRtRepository pid=29100 tid=32146 uptimeMs=165010971 msg=[49] Conversation reset completed after safepoint
20261007_083332 I/LiteRtRepository pid=29100 tid=19626 uptimeMs=165010971 msg=[49] finalize reason='native-terminated' totalMs=32636 inferenceMs=32634 firstTokenMs=12605 chunks=33 emittedChars=93 out.len=93 capturedAll=true logicalDone=true nativeTerminated=true cancelTag='null' lastDeltaMsAgo=621 lastEventMsAgo=8
20261007_083332 D/LiteRtRepository pid=29100 tid=4087 uptimeMs=165010972 msg=[50] start model='Gemma3n4B' prompt.len=1546 sha=771883b81d9a0afa gateWaitMs=5
20261007_083332 D/LiteRtRepository pid=29100 tid=4087 uptimeMs=165010972 msg=[50] init ok initMs=0
20261007_083402 D/LiteRtRepository pid=29100 tid=29100 uptimeMs=165040451 msg=[50] logicalDone=true
20261007_083402 D/LiteRtRepository pid=29100 tid=29100 uptimeMs=165040451 msg=[50] native cleanup safepoint
20261007_083402 I/AiViewModel pid=29100 tid=19626 uptimeMs=165040457 msg=run[10] done: phase=FOLLOWUP mode=FOLLOWUP_JSON_OR_TEXT score=null FU0.len=135 FU0.sha16=4e58639b7b70d9f4 commit=false err=<none>
20261007_083402 D/LiteRtRepository pid=29100 tid=29138 uptimeMs=165040460 msg=[50] Conversation reset completed after safepoint
20261007_083402 I/LiteRtRepository pid=29100 tid=19626 uptimeMs=165040461 msg=[50] finalize reason='native-terminated' totalMs=29490 inferenceMs=29489 firstTokenMs=6231 chunks=39 emittedChars=135 out.len=135 capturedAll=true logicalDone=true nativeTerminated=true cancelTag='null' lastDeltaMsAgo=634 lastEventMsAgo=10
20261007_084140 D/LiteRtRepository pid=29100 tid=1841 uptimeMs=165498050 msg=[51] start model='Gemma3n4B' prompt.len=3864 sha=c3c7fa6f4e21cc1b gateWaitMs=1
20261007_084140 D/LiteRtRepository pid=29100 tid=1841 uptimeMs=165498051 msg=[51] init ok initMs=0
20261007_084144 D/LiteRtRepository pid=29100 tid=29100 uptimeMs=165502827 msg=[51] logicalDone=true
20261007_084144 D/LiteRtRepository pid=29100 tid=29100 uptimeMs=165502828 msg=[51] native cleanup safepoint
20261007_084144 I/AiViewModel pid=29100 tid=19626 uptimeMs=165502829 msg=run[11] done: phase=EVAL mode=EVAL_JSON score=25 FU0.len=0 FU0.sha16=none commit=true err=<none>
20261007_084144 D/LiteRtRepository pid=29100 tid=29138 uptimeMs=165502834 msg=[51] Conversation reset completed after safepoint
20261007_084144 I/LiteRtRepository pid=29100 tid=29140 uptimeMs=165502835 msg=[51] finalize reason='native-terminated' totalMs=4785 inferenceMs=4783 firstTokenMs=2615 chunks=23 emittedChars=73 out.len=73 capturedAll=true logicalDone=true nativeTerminated=true cancelTag='null' lastDeltaMsAgo=100 lastEventMsAgo=7
20261007_084144 D/LiteRtRepository pid=29100 tid=29138 uptimeMs=165502835 msg=[52] start model='Gemma3n4B' prompt.len=2393 sha=2f082b0cc2a5050d gateWaitMs=4
20261007_084144 D/LiteRtRepository pid=29100 tid=29138 uptimeMs=165502836 msg=[52] init ok initMs=0
20261007_084205 D/LiteRtRepository pid=29100 tid=29100 uptimeMs=165523639 msg=[52] logicalDone=true
20261007_084205 D/LiteRtRepository pid=29100 tid=29100 uptimeMs=165523639 msg=[52] native cleanup safepoint
20261007_084205 I/AiViewModel pid=29100 tid=29140 uptimeMs=165523642 msg=run[12] done: phase=FOLLOWUP mode=FOLLOWUP_JSON_OR_TEXT score=null FU0.len=75 FU0.sha16=7ace1deb1fd5c003 commit=false err=<none>
20261007_084205 D/LiteRtRepository pid=29100 tid=29138 uptimeMs=165523647 msg=[52] Conversation reset completed after safepoint
20261007_084205 I/LiteRtRepository pid=29100 tid=29138 uptimeMs=165523647 msg=[52] finalize reason='native-terminated' totalMs=20813 inferenceMs=20811 firstTokenMs=5730 chunks=24 emittedChars=75 out.len=75 capturedAll=true logicalDone=true nativeTerminated=true cancelTag='null' lastDeltaMsAgo=621 lastEventMsAgo=8
20261007_084717 D/LiteRtRepository pid=29100 tid=29138 uptimeMs=165835748 msg=[53] start model='Gemma3n4B' prompt.len=3019 sha=441aecbad6cb132a gateWaitMs=1
20261007_084717 D/LiteRtRepository pid=29100 tid=29138 uptimeMs=165835749 msg=[53] init ok initMs=1
20261007_084725 D/LiteRtRepository pid=29100 tid=29100 uptimeMs=165843318 msg=[53] logicalDone=true
20261007_084725 D/LiteRtRepository pid=29100 tid=29100 uptimeMs=165843318 msg=[53] native cleanup safepoint
20261007_084725 I/AiViewModel pid=29100 tid=1841 uptimeMs=165843322 msg=run[13] done: phase=EVAL mode=EVAL_JSON score=55 FU0.len=0 FU0.sha16=none commit=true err=<none>
20261007_084725 D/LiteRtRepository pid=29100 tid=29140 uptimeMs=165843327 msg=[53] Conversation reset completed after safepoint
20261007_084725 I/LiteRtRepository pid=29100 tid=1841 uptimeMs=165843327 msg=[53] finalize reason='native-terminated' totalMs=7580 inferenceMs=7578 firstTokenMs=3755 chunks=26 emittedChars=82 out.len=82 capturedAll=true logicalDone=true nativeTerminated=true cancelTag='null' lastDeltaMsAgo=152 lastEventMsAgo=9
20261007_084725 D/LiteRtRepository pid=29100 tid=29140 uptimeMs=165843328 msg=[54] start model='Gemma3n4B' prompt.len=1556 sha=008d5dd2de54bbdc gateWaitMs=4
20261007_084725 D/LiteRtRepository pid=29100 tid=29140 uptimeMs=165843328 msg=[54] init ok initMs=0
20261007_084731 D/LiteRtRepository pid=29100 tid=29100 uptimeMs=165849564 msg=[54] logicalDone=true
20261007_084731 D/LiteRtRepository pid=29100 tid=29100 uptimeMs=165849564 msg=[54] native cleanup safepoint
20261007_084731 I/AiViewModel pid=29100 tid=29140 uptimeMs=165849566 msg=run[14] done: phase=FOLLOWUP mode=FOLLOWUP_JSON_OR_TEXT score=null FU0.len=110 FU0.sha16=6bc84b386d1419e7 commit=false err=<none>
20261007_084731 D/LiteRtRepository pid=29100 tid=19626 uptimeMs=165849569 msg=[54] Conversation reset completed after safepoint
20261007_084731 I/LiteRtRepository pid=29100 tid=29138 uptimeMs=165849570 msg=[54] finalize reason='native-terminated' totalMs=6243 inferenceMs=6242 firstTokenMs=1699 chunks=30 emittedChars=110 out.len=110 capturedAll=true logicalDone=true nativeTerminated=true cancelTag='null' lastDeltaMsAgo=157 lastEventMsAgo=6
20261007_085128 D/LiteRtRepository pid=29100 tid=29138 uptimeMs=166086943 msg=[55] start model='Gemma3n4B' prompt.len=3314 sha=d094428c1cdbc236 gateWaitMs=0
20261007_085128 D/LiteRtRepository pid=29100 tid=29140 uptimeMs=166086944 msg=[55] init ok initMs=1
20261007_085151 D/LiteRtRepository pid=29100 tid=29100 uptimeMs=166109282 msg=[55] logicalDone=true
20261007_085151 D/LiteRtRepository pid=29100 tid=29100 uptimeMs=166109282 msg=[55] native cleanup safepoint
20261007_085151 I/AiViewModel pid=29100 tid=29138 uptimeMs=166109285 msg=run[15] done: phase=EVAL mode=EVAL_JSON score=65 FU0.len=0 FU0.sha16=none commit=true err=<none>
20261007_085151 D/LiteRtRepository pid=29100 tid=29140 uptimeMs=166109288 msg=[55] Conversation reset completed after safepoint
20261007_085151 I/LiteRtRepository pid=29100 tid=29140 uptimeMs=166109288 msg=[55] finalize reason='native-terminated' totalMs=22345 inferenceMs=22344 firstTokenMs=10138 chunks=62 emittedChars=179 out.len=179 capturedAll=true logicalDone=true nativeTerminated=true cancelTag='null' lastDeltaMsAgo=6 lastEventMsAgo=6
20261007_085151 D/LiteRtRepository pid=29100 tid=4087 uptimeMs=166109290 msg=[56] start model='Gemma3n4B' prompt.len=1949 sha=960248d5a66a05f6 gateWaitMs=1
20261007_085151 D/LiteRtRepository pid=29100 tid=4087 uptimeMs=166109290 msg=[56] init ok initMs=0
20261007_085157 D/LiteRtRepository pid=29100 tid=29100 uptimeMs=166115173 msg=[56] logicalDone=true
20261007_085157 D/LiteRtRepository pid=29100 tid=29100 uptimeMs=166115173 msg=[56] native cleanup safepoint
20261007_085157 I/AiViewModel pid=29100 tid=19626 uptimeMs=166115175 msg=run[16] done: phase=FOLLOWUP mode=FOLLOWUP_JSON_OR_TEXT score=null FU0.len=86 FU0.sha16=81caec17767e3835 commit=false err=<none>
20261007_085157 D/LiteRtRepository pid=29100 tid=29137 uptimeMs=166115179 msg=[56] Conversation reset completed after safepoint
20261007_085157 I/LiteRtRepository pid=29100 tid=19626 uptimeMs=166115179 msg=[56] finalize reason='native-terminated' totalMs=5890 inferenceMs=5889 firstTokenMs=2160 chunks=27 emittedChars=86 out.len=86 capturedAll=true logicalDone=true nativeTerminated=true cancelTag='null' lastDeltaMsAgo=148 lastEventMsAgo=6
20261007_085604 D/LiteRtRepository pid=29100 tid=1841 uptimeMs=166362629 msg=[57] start model='Gemma3n4B' prompt.len=2993 sha=51c894efae478dfa gateWaitMs=1
20261007_085604 D/LiteRtRepository pid=29100 tid=1841 uptimeMs=166362630 msg=[57] init ok initMs=1
20261007_085609 D/LiteRtRepository pid=29100 tid=29100 uptimeMs=166367780 msg=[57] logicalDone=true
20261007_085609 D/LiteRtRepository pid=29100 tid=29100 uptimeMs=166367780 msg=[57] native cleanup safepoint
20261007_085609 I/AiViewModel pid=29100 tid=29140 uptimeMs=166367784 msg=run[17] done: phase=EVAL mode=EVAL_JSON score=25 FU0.len=0 FU0.sha16=none commit=true err=<none>
20261007_085609 D/LiteRtRepository pid=29100 tid=19626 uptimeMs=166367785 msg=[57] Conversation reset completed after safepoint
20261007_085609 I/LiteRtRepository pid=29100 tid=19626 uptimeMs=166367785 msg=[57] finalize reason='native-terminated' totalMs=5157 inferenceMs=5155 firstTokenMs=2389 chunks=32 emittedChars=94 out.len=94 capturedAll=true logicalDone=true nativeTerminated=true cancelTag='null' lastDeltaMsAgo=89 lastEventMsAgo=5
20261007_085804 D/LiteRtRepository pid=29100 tid=29140 uptimeMs=166482404 msg=[58] start model='Gemma3n4B' prompt.len=2939 sha=9e8a118b4a268f77 gateWaitMs=1
20261007_085804 D/LiteRtRepository pid=29100 tid=29140 uptimeMs=166482404 msg=[58] init ok initMs=0
20261007_085832 D/LiteRtRepository pid=29100 tid=29100 uptimeMs=166510754 msg=[58] logicalDone=true
20261007_085832 D/LiteRtRepository pid=29100 tid=29100 uptimeMs=166510754 msg=[58] native cleanup safepoint
20261007_085832 I/AiViewModel pid=29100 tid=19626 uptimeMs=166510756 msg=run[18] done: phase=EVAL mode=EVAL_JSON score=15 FU0.len=0 FU0.sha16=none commit=true err=<none>
20261007_085832 D/LiteRtRepository pid=29100 tid=29138 uptimeMs=166510760 msg=[58] Conversation reset completed after safepoint
20261007_085832 I/LiteRtRepository pid=29100 tid=29140 uptimeMs=166510760 msg=[58] finalize reason='native-terminated' totalMs=28357 inferenceMs=28356 firstTokenMs=10893 chunks=31 emittedChars=91 out.len=91 capturedAll=true logicalDone=true nativeTerminated=true cancelTag='null' lastDeltaMsAgo=588 lastEventMsAgo=6
20261007_085832 D/LiteRtRepository pid=29100 tid=29138 uptimeMs=166510761 msg=[59] start model='Gemma3n4B' prompt.len=1521 sha=44ed67d86f135167 gateWaitMs=4
20261007_085832 D/LiteRtRepository pid=29100 tid=1841 uptimeMs=166510761 msg=[59] init ok initMs=0
20261007_085838 D/LiteRtRepository pid=29100 tid=29100 uptimeMs=166516592 msg=[59] logicalDone=true
20261007_085838 D/LiteRtRepository pid=29100 tid=29100 uptimeMs=166516592 msg=[59] native cleanup safepoint
20261007_085838 I/AiViewModel pid=29100 tid=29137 uptimeMs=166516594 msg=run[19] done: phase=FOLLOWUP mode=FOLLOWUP_JSON_OR_TEXT score=null FU0.len=86 FU0.sha16=ec80cd9e80e3e30b commit=false err=<none>
20261007_085838 D/LiteRtRepository pid=29100 tid=19626 uptimeMs=166516596 msg=[59] Conversation reset completed after safepoint
20261007_085838 I/LiteRtRepository pid=29100 tid=29138 uptimeMs=166516596 msg=[59] finalize reason='native-terminated' totalMs=5836 inferenceMs=5835 firstTokenMs=2647 chunks=27 emittedChars=86 out.len=86 capturedAll=true logicalDone=true nativeTerminated=true cancelTag='null' lastDeltaMsAgo=122 lastEventMsAgo=4
20261007_090133 D/LiteRtRepository pid=29100 tid=29138 uptimeMs=166691460 msg=[60] start model='Gemma3n4B' prompt.len=3160 sha=e5c9951f94248b24 gateWaitMs=1
20261007_090133 D/LiteRtRepository pid=29100 tid=29138 uptimeMs=166691461 msg=[60] init ok initMs=1
20261007_090203 D/LiteRtRepository pid=29100 tid=29100 uptimeMs=166721332 msg=[60] logicalDone=true
20261007_090203 D/LiteRtRepository pid=29100 tid=29100 uptimeMs=166721332 msg=[60] native cleanup safepoint
20261007_090203 I/AiViewModel pid=29100 tid=1841 uptimeMs=166721336 msg=run[20] done: phase=EVAL mode=EVAL_JSON score=65 FU0.len=0 FU0.sha16=none commit=true err=<none>
20261007_090203 D/LiteRtRepository pid=29100 tid=4087 uptimeMs=166721339 msg=[60] Conversation reset completed after safepoint
20261007_090203 I/LiteRtRepository pid=29100 tid=29140 uptimeMs=166721340 msg=[60] finalize reason='native-terminated' totalMs=29881 inferenceMs=29879 firstTokenMs=11231 chunks=31 emittedChars=108 out.len=108 capturedAll=true logicalDone=true nativeTerminated=true cancelTag='null' lastDeltaMsAgo=9 lastEventMsAgo=8
20261007_090203 D/LiteRtRepository pid=29100 tid=4087 uptimeMs=166721340 msg=[61] start model='Gemma3n4B' prompt.len=1760 sha=8fb19a22206f7986 gateWaitMs=2
20261007_090203 D/LiteRtRepository pid=29100 tid=4087 uptimeMs=166721340 msg=[61] init ok initMs=0
20261007_090221 D/LiteRtRepository pid=29100 tid=29100 uptimeMs=166739956 msg=[61] logicalDone=true
20261007_090221 D/LiteRtRepository pid=29100 tid=29100 uptimeMs=166739956 msg=[61] native cleanup safepoint
20261007_090221 I/AiViewModel pid=29100 tid=19626 uptimeMs=166739959 msg=run[21] done: phase=FOLLOWUP mode=FOLLOWUP_JSON_OR_TEXT score=null FU0.len=53 FU0.sha16=846d6c8b3cd1dcd0 commit=false err=<none>
20261007_090221 D/LiteRtRepository pid=29100 tid=29140 uptimeMs=166739963 msg=[61] Conversation reset completed after safepoint
20261007_090221 I/LiteRtRepository pid=29100 tid=19626 uptimeMs=166739963 msg=[61] finalize reason='native-terminated' totalMs=18624 inferenceMs=18623 firstTokenMs=8072 chunks=17 emittedChars=53 out.len=53 capturedAll=true logicalDone=true nativeTerminated=true cancelTag='null' lastDeltaMsAgo=627 lastEventMsAgo=7
20261007_091423 I/AiViewModel pid=29100 tid=29100 uptimeMs=167461186 msg=onCleared: ViewModel is being cleared -> stopCurrentRunInternal()
20261007_091440 D/AiTrace pid=29100 tid=29100 uptimeMs=167478905 msg=Installed (enabled=false ringEnabled=true)
20261007_091440 D/LiteRtRepository pid=29100 tid=29100 uptimeMs=167478938 msg=warmUp init ok initMs=1 gateWaitMs=0
20261007_091440 D/LiteRtRepository pid=29100 tid=29100 uptimeMs=167478938 msg=warmUp Engine ready representativeInference=false totalMs=1
20261007_092048 D/LiteRtRepository pid=29100 tid=4087 uptimeMs=167846310 msg=[62] start model='Gemma3n4B' prompt.len=3029 sha=2d1cc3f67b7579a2 gateWaitMs=1
20261007_092048 D/LiteRtRepository pid=29100 tid=4087 uptimeMs=167846310 msg=[62] init ok initMs=0
20261007_092055 D/LiteRtRepository pid=29100 tid=29100 uptimeMs=167853952 msg=[62] logicalDone=true
20261007_092055 D/LiteRtRepository pid=29100 tid=29100 uptimeMs=167853952 msg=[62] native cleanup safepoint
20261007_092055 I/AiViewModel pid=29100 tid=29138 uptimeMs=167853954 msg=run[1] done: phase=EVAL mode=EVAL_JSON score=65 FU0.len=0 FU0.sha16=none commit=true err=<none>
20261007_092055 D/LiteRtRepository pid=29100 tid=29137 uptimeMs=167853959 msg=[62] Conversation reset completed after safepoint
20261007_092055 I/LiteRtRepository pid=29100 tid=19626 uptimeMs=167853959 msg=[62] finalize reason='native-terminated' totalMs=7650 inferenceMs=7649 firstTokenMs=3847 chunks=26 emittedChars=82 out.len=82 capturedAll=true logicalDone=true nativeTerminated=true cancelTag='null' lastDeltaMsAgo=147 lastEventMsAgo=7
20261007_092055 D/LiteRtRepository pid=29100 tid=29137 uptimeMs=167853959 msg=[63] start model='Gemma3n4B' prompt.len=1364 sha=5e48b6fd90a0cdb2 gateWaitMs=4
20261007_092055 D/LiteRtRepository pid=29100 tid=29137 uptimeMs=167853959 msg=[63] init ok initMs=0
20261007_092059 D/LiteRtRepository pid=29100 tid=29100 uptimeMs=167857972 msg=[63] logicalDone=true
20261007_092059 D/LiteRtRepository pid=29100 tid=29100 uptimeMs=167857972 msg=[63] native cleanup safepoint
20261007_092059 I/AiViewModel pid=29100 tid=29137 uptimeMs=167857974 msg=run[2] done: phase=FOLLOWUP mode=FOLLOWUP_JSON_OR_TEXT score=null FU0.len=52 FU0.sha16=c1a1d77832e22323 commit=false err=<none>
20261007_092059 D/LiteRtRepository pid=29100 tid=4087 uptimeMs=167857979 msg=[63] Conversation reset completed after safepoint
20261007_092059 I/LiteRtRepository pid=29100 tid=4087 uptimeMs=167857979 msg=[63] finalize reason='native-terminated' totalMs=4020 inferenceMs=4020 firstTokenMs=1687 chunks=16 emittedChars=52 out.len=52 capturedAll=true logicalDone=true nativeTerminated=true cancelTag='null' lastDeltaMsAgo=154 lastEventMsAgo=7
20261007_092353 D/LiteRtRepository pid=29100 tid=29137 uptimeMs=168031037 msg=[64] start model='Gemma3n4B' prompt.len=2815 sha=f544353a2da0a37b gateWaitMs=1
20261007_092353 D/LiteRtRepository pid=29100 tid=29137 uptimeMs=168031038 msg=[64] init ok initMs=1
20261007_092359 D/LiteRtRepository pid=29100 tid=29100 uptimeMs=168037846 msg=[64] logicalDone=true
20261007_092359 D/LiteRtRepository pid=29100 tid=29100 uptimeMs=168037846 msg=[64] native cleanup safepoint
20261007_092359 I/AiViewModel pid=29100 tid=19626 uptimeMs=168037848 msg=run[3] done: phase=EVAL mode=EVAL_JSON score=45 FU0.len=0 FU0.sha16=none commit=true err=<none>
20261007_092359 D/LiteRtRepository pid=29100 tid=29138 uptimeMs=168037852 msg=[64] Conversation reset completed after safepoint
20261007_092359 I/LiteRtRepository pid=29100 tid=19626 uptimeMs=168037852 msg=[64] finalize reason='native-terminated' totalMs=6816 inferenceMs=6814 firstTokenMs=3140 chunks=27 emittedChars=78 out.len=78 capturedAll=true logicalDone=true nativeTerminated=true cancelTag='null' lastDeltaMsAgo=143 lastEventMsAgo=6
20261007_092359 D/LiteRtRepository pid=29100 tid=29138 uptimeMs=168037852 msg=[65] start model='Gemma3n4B' prompt.len=1349 sha=461bac4b79518bbc gateWaitMs=3
20261007_092359 D/LiteRtRepository pid=29100 tid=1841 uptimeMs=168037853 msg=[65] init ok initMs=1
20261007_092405 D/LiteRtRepository pid=29100 tid=29100 uptimeMs=168043477 msg=[65] logicalDone=true
20261007_092405 D/LiteRtRepository pid=29100 tid=29100 uptimeMs=168043477 msg=[65] native cleanup safepoint
20261007_092405 I/AiViewModel pid=29100 tid=1841 uptimeMs=168043478 msg=run[4] done: phase=FOLLOWUP mode=FOLLOWUP_JSON_OR_TEXT score=null FU0.len=87 FU0.sha16=2265950cc27db2db commit=false err=<none>
20261007_092405 D/LiteRtRepository pid=29100 tid=29137 uptimeMs=168043481 msg=[65] Conversation reset completed after safepoint
20261007_092405 I/LiteRtRepository pid=29100 tid=29137 uptimeMs=168043481 msg=[65] finalize reason='native-terminated' totalMs=5629 inferenceMs=5628 firstTokenMs=1661 chunks=29 emittedChars=87 out.len=87 capturedAll=true logicalDone=true nativeTerminated=true cancelTag='null' lastDeltaMsAgo=137 lastEventMsAgo=4
20261007_092924 D/LiteRtRepository pid=29100 tid=29137 uptimeMs=168362678 msg=[66] start model='Gemma3n4B' prompt.len=2935 sha=36c47bbfd986aa1c gateWaitMs=1
20261007_092924 D/LiteRtRepository pid=29100 tid=29137 uptimeMs=168362679 msg=[66] init ok initMs=1
20261007_092933 D/LiteRtRepository pid=29100 tid=29100 uptimeMs=168371180 msg=[66] logicalDone=true
20261007_092933 D/LiteRtRepository pid=29100 tid=29100 uptimeMs=168371180 msg=[66] native cleanup safepoint
20261007_092933 I/AiViewModel pid=29100 tid=1841 uptimeMs=168371183 msg=run[5] done: phase=EVAL mode=EVAL_JSON score=65 FU0.len=0 FU0.sha16=none commit=true err=<none>
20261007_092933 D/LiteRtRepository pid=29100 tid=29137 uptimeMs=168371186 msg=[66] Conversation reset completed after safepoint
20261007_092933 I/LiteRtRepository pid=29100 tid=29140 uptimeMs=168371187 msg=[66] finalize reason='native-terminated' totalMs=8510 inferenceMs=8508 firstTokenMs=4007 chunks=31 emittedChars=92 out.len=92 capturedAll=true logicalDone=true nativeTerminated=true cancelTag='null' lastDeltaMsAgo=7 lastEventMsAgo=7
20261007_092933 D/LiteRtRepository pid=29100 tid=29137 uptimeMs=168371187 msg=[67] start model='Gemma3n4B' prompt.len=1483 sha=768f1e7930db4c33 gateWaitMs=2
20261007_092933 D/LiteRtRepository pid=29100 tid=29137 uptimeMs=168371187 msg=[67] init ok initMs=0
20261007_092938 D/LiteRtRepository pid=29100 tid=29100 uptimeMs=168376939 msg=[67] logicalDone=true
20261007_092938 D/LiteRtRepository pid=29100 tid=29100 uptimeMs=168376939 msg=[67] native cleanup safepoint
20261007_092938 I/AiViewModel pid=29100 tid=29137 uptimeMs=168376941 msg=run[6] done: phase=FOLLOWUP mode=FOLLOWUP_JSON_OR_TEXT score=null FU0.len=92 FU0.sha16=417a94f1dcb51f9c commit=false err=<none>
20261007_092938 D/LiteRtRepository pid=29100 tid=1841 uptimeMs=168376945 msg=[67] Conversation reset completed after safepoint
20261007_092938 I/LiteRtRepository pid=29100 tid=1841 uptimeMs=168376945 msg=[67] finalize reason='native-terminated' totalMs=5758 inferenceMs=5758 firstTokenMs=1696 chunks=28 emittedChars=92 out.len=92 capturedAll=true logicalDone=true nativeTerminated=true cancelTag='null' lastDeltaMsAgo=150 lastEventMsAgo=6
20261007_093245 D/LiteRtRepository pid=29100 tid=29137 uptimeMs=168563341 msg=[68] start model='Gemma3n4B' prompt.len=2996 sha=b92276a3e6e0ba2b gateWaitMs=1
20261007_093245 D/LiteRtRepository pid=29100 tid=29137 uptimeMs=168563342 msg=[68] init ok initMs=1
20261007_093317 D/LiteRtRepository pid=29100 tid=29100 uptimeMs=168595250 msg=[68] logicalDone=true
20261007_093317 D/LiteRtRepository pid=29100 tid=29100 uptimeMs=168595250 msg=[68] native cleanup safepoint
20261007_093317 I/AiViewModel pid=29100 tid=19626 uptimeMs=168595252 msg=run[7] done: phase=EVAL mode=EVAL_JSON score=30 FU0.len=0 FU0.sha16=none commit=true err=<none>
20261007_093317 D/LiteRtRepository pid=29100 tid=29138 uptimeMs=168595258 msg=[68] Conversation reset completed after safepoint
20261007_093317 I/LiteRtRepository pid=29100 tid=19626 uptimeMs=168595259 msg=[68] finalize reason='native-terminated' totalMs=31918 inferenceMs=31916 firstTokenMs=10924 chunks=37 emittedChars=117 out.len=117 capturedAll=true logicalDone=true nativeTerminated=true cancelTag='null' lastDeltaMsAgo=453 lastEventMsAgo=8
20261007_093317 D/LiteRtRepository pid=29100 tid=29138 uptimeMs=168595259 msg=[69] start model='Gemma3n4B' prompt.len=1569 sha=cdfdc8f255a41ad4 gateWaitMs=5
20261007_093317 D/LiteRtRepository pid=29100 tid=29138 uptimeMs=168595259 msg=[69] init ok initMs=0
20261007_093346 W/LiteRtRepository pid=29100 tid=32146 uptimeMs=168624374 msg=[69] cancel requested tag='event-stall-timeout'
20261007_093346 W/LiteRtRepository pid=29100 tid=32146 uptimeMs=168624375 msg=[69] FORCE_REINIT=true reason='event-stall-timeout'
20261007_093346 D/LiteRtRepository pid=29100 tid=29100 uptimeMs=168624379 msg=[69] logicalDone=true
20261007_093346 D/LiteRtRepository pid=29100 tid=29100 uptimeMs=168624432 msg=[69] native cleanup safepoint
20261007_093347 D/LiteRtRepository pid=29100 tid=4087 uptimeMs=168625606 msg=[69] full runtime teardown completed after safepoint
20261007_093347 I/LiteRtRepository pid=29100 tid=32146 uptimeMs=168625606 msg=[69] finalize reason='event-stall-timeout' totalMs=30347 inferenceMs=30347 firstTokenMs=5027 chunks=6 emittedChars=27 out.len=27 capturedAll=true logicalDone=true nativeTerminated=true cancelTag='event-stall-timeout' lastDeltaMsAgo=22896 lastEventMsAgo=1174
20261007_093347 E/AiViewModel pid=29100 tid=19626 uptimeMs=168625607 msg=run[8]: error type=java.lang.RuntimeException
20261007_093507 D/LiteRtRepository pid=29100 tid=19626 uptimeMs=168706021 msg=[70] start model='Gemma3n4B' prompt.len=2929 sha=1f293f3c084fbc68 gateWaitMs=1
20261007_093530 D/LiteRtRepository pid=29100 tid=1841 uptimeMs=168728259 msg=[70] init ok initMs=22237
20261007_093534 I/AppRingLogStore pid=29896 tid=29896 uptimeMs=168732317 msg=install: pid=29896 timeUtc=20261007_093534 uptimeMs=168732317
20261007_093534 D/SurveyApp pid=29896 tid=29896 uptimeMs=168732317 msg=attachBaseContext: pid=29896 process=com.negi.survey isMain=true sdk=35
20261007_093534 D/SurveyApp pid=29896 tid=29896 uptimeMs=168732320 msg=onCreate: pid=29896 process=com.negi.survey isMain=true sdk=35
