=== RuntimeLogStore Header ===
ts=2026-09-09T16:54:50.180Z
fileNameFormat=LEGACY
appId=com.negi.survey
versionName=0.0.1
versionCode=1
debug=true
device=Google Pixel 9a
sdk=36
pid=24046
==============================
2026-09-09T16:54:50.181Z I/RuntimeLogStore [rtlog-io] start: actor launched (fileNameFormat=LEGACY)
2026-09-09T16:54:50.115Z D/SurveyApp [main] attachBaseContext: pid=24046 process=com.negi.survey isMain=true sdk=36
2026-09-09T16:54:50.116Z D/SurveyApp [main] bootTiming: attachBaseContext total=69ms
2026-09-09T16:54:50.116Z D/SurveyApp [main] Skipping WorkManager init in attachBaseContext; will init lazily on first enqueue.
2026-09-09T16:54:50.120Z D/SurveyApp [main] CrashCapture installed: where=SurveyApp:attachBaseContext
2026-09-09T16:54:50.480Z W/SurveyApp [main] Diagnostic upload work cancelled by instrumentation argument.
2026-09-09T16:54:50.487Z I/RuntimeLogStore [main] start repair: ctx/dir refreshed
2026-09-09T16:54:50.487Z D/SurveyApp [main] bootTiming: RuntimeLogStore.start took=4ms
2026-09-09T16:54:50.488Z D/SurveyApp [main] bootTiming: AppRingLogStore.install took=0ms
2026-09-09T16:54:50.489Z D/SurveyApp [main] onCreate: pid=24046 process=com.negi.survey isMain=true sdk=36
2026-09-09T16:54:50.552Z D/SurveyApp [main] CrashCapture installed: where=SurveyApp:onCreate(rewrap)
2026-09-09T16:54:50.553Z D/SurveyApp [main] CrashCapture self-healing registered.
2026-09-09T16:54:50.553Z W/SurveyApp [main] Startup diagnostic upload scheduling disabled by instrumentation argument.
2026-09-09T16:54:50.554Z D/SurveyApp [main] bootTiming: onCreate total=362ms
2026-09-09T16:54:50.620Z I/RuntimeLogStore [DefaultDispatcher-worker-1] start repair: ctx/dir refreshed
2026-09-09T16:54:51.562Z D/SLM [Instr: androidx.test.runner.AndroidJUnitRunner] initializeIfNeeded: model='gemma-3n-E4B-it' image=false audio=false
2026-09-09T16:54:51.570Z D/LiteRtLM [DefaultDispatcher-worker-1] Initializing LiteRT-LM: model='gemma-3n-E4B-it', key='gemma-3n-E4B-it|/data/user/0/com.negi.survey/files/models/gemma-3n-E4B-it-int4.litertlm'
2026-09-09T16:54:51.571Z D/LiteRtLM [DefaultDispatcher-worker-1] Capabilities: image=false audio=false
2026-09-09T16:54:51.572Z D/LiteRtLM [DefaultDispatcher-worker-1] Backend=com.google.ai.edge.litertlm.Backend$GPU@b2100d4 maxNumTokens=512 (raw=512) topK=1 topP=0.0 temp=0.0
2026-09-09T16:54:51.572Z D/LiteRtLM [DefaultDispatcher-worker-1] Model path='/data/user/0/com.negi.survey/files/models/gemma-3n-E4B-it-int4.litertlm' sizeBytes=4919541760 lastModified=1788913652575
2026-09-09T16:54:51.572Z D/LiteRtLM [DefaultDispatcher-worker-1] LiteRT-LM native benchmark policy: enabled=false emulator=false
2026-09-09T16:54:51.573Z D/LiteRtLM [DefaultDispatcher-worker-1] Speculative decoding / MTP policy: enabled=false runtimeFlagUpdated=true model='gemma-3n-E4B-it'
2026-09-09T16:54:51.576Z D/LiteRtLM [DefaultDispatcher-worker-1] Engine cacheDir resolved: key='gemma-3n-E4B-it|/data/user/0/com.negi.survey/files/models/gemma-3n-E4B-it-int4.litertlm' backend=com.google.ai.edge.litertlm.Backend$GPU@b2100d4 path='/data/user/0/com.negi.survey/no_backup/litertlm_cache/8b58dd5e854e5353723e4360d401cf7d199b6f10' filesBefore=2
2026-09-09T16:54:58.421Z W/LiteRtLM [DefaultDispatcher-worker-1] Engine.initialize completed: key='gemma-3n-E4B-it|/data/user/0/com.negi.survey/files/models/gemma-3n-E4B-it-int4.litertlm' backend=com.google.ai.edge.litertlm.Backend$GPU@b2100d4 took=6839ms cacheFilesAfter=2
2026-09-09T16:54:58.435Z D/LiteRtLM [DefaultDispatcher-worker-1] createConversation completed: key='gemma-3n-E4B-it|/data/user/0/com.negi.survey/files/models/gemma-3n-E4B-it-int4.litertlm' took=13ms
2026-09-09T16:54:58.436Z D/LiteRtLM [DefaultDispatcher-worker-1] LiteRT-LM initialization succeeded: model='gemma-3n-E4B-it', key='gemma-3n-E4B-it|/data/user/0/com.negi.survey/files/models/gemma-3n-E4B-it-int4.litertlm' engineMs=6839 conversationMs=13 totalMs=6866
2026-09-09T16:54:58.438Z D/AiTrace [Instr: androidx.test.runner.AndroidJUnitRunner] Installed (enabled=true ringEnabled=true)
2026-09-09T16:54:58.547Z D/SurveyVM [main] init -> Start, session=0, uuid=12617d5a-f476-4aa6-84f0-bafbc33ffb63, navSize=1, graphSize=20
2026-09-09T16:54:58.554Z D/SurveyVM [main] config.validate -> issues=0
2026-09-09T16:54:58.555Z D/SurveyVM [main] promptSources -> legacy=10, eval=0, follow=0
2026-09-09T16:54:58.555Z D/SurveyVM [main] promptSources.preview -> legacy=[Q10, Q11, Q12, Q13, Q14, Q15, Q16, Q17, Q8, Q9], eval=[], follow=[]
2026-09-09T16:54:58.555Z D/SurveyVM [main] hasTwoStepPrompt[Q10] -> true (eval=195, fu=220)
2026-09-09T16:54:58.555Z D/SurveyVM [main] hasTwoStepPrompt[Q11] -> true (eval=219, fu=244)
2026-09-09T16:54:58.555Z D/SurveyVM [main] hasTwoStepPrompt[Q12] -> true (eval=229, fu=254)
2026-09-09T16:54:58.555Z D/SurveyVM [main] hasTwoStepPrompt[Q13] -> true (eval=184, fu=209)
2026-09-09T16:54:58.556Z D/SurveyVM [main] hasTwoStepPrompt[Q14] -> true (eval=221, fu=246)
2026-09-09T16:54:58.556Z D/SurveyVM [main] hasTwoStepPrompt[Q15] -> true (eval=160, fu=185)
2026-09-09T16:54:58.556Z D/SurveyVM [main] hasTwoStepPrompt[Q16] -> true (eval=185, fu=210)
2026-09-09T16:54:58.556Z D/SurveyVM [main] hasTwoStepPrompt[Q17] -> true (eval=200, fu=225)
2026-09-09T16:54:58.556Z D/SurveyVM [main] hasTwoStepPrompt[Q8] -> true (eval=214, fu=239)
2026-09-09T16:54:58.556Z D/SurveyVM [main] hasTwoStepPrompt[Q9] -> true (eval=190, fu=215)
2026-09-09T16:54:58.556Z D/SurveyVM [main] AI prompt coverage OK (aiCount=10)
2026-09-09T16:54:58.566Z D/SurveyVM [main] hasTwoStepPrompt[Q8] -> true (eval=214, fu=239)
2026-09-09T16:54:59.087Z D/SurveyVM [main] resetAudioRefs -> cleared
2026-09-09T16:54:59.087Z D/SurveyVM [main] resetNavToStart -> key=com.negi.survey.vm.FlowHome@6262ee2, navSize=1
2026-09-09T16:54:59.087Z D/SurveyVM [main] resetToStart -> Start, session=1, uuid=1ab011ef-92c5-4d9b-b0da-4fd30284698c, preserveDraft=false, draftLen=0
2026-09-09T16:54:59.088Z D/SurveyVM [main] activateRunIfNeeded(goto:Q8) -> runNoteLen=0, draftCleared=true, uuid=1ab011ef-92c5-4d9b-b0da-4fd30284698c
2026-09-09T16:54:59.088Z D/SurveyVM [main] push -> Q8, navSize=2, stackSize=2
2026-09-09T16:54:59.090Z D/SurveyVM [main] hasTwoStepPrompt[Q8] -> true (eval=214, fu=239)
2026-09-09T16:54:59.114Z D/SurveyVM [Instr: androidx.test.runner.AndroidJUnitRunner] hasTwoStepPrompt[Q8] -> true (eval=214, fu=239)
2026-09-09T16:54:59.115Z D/SurveyVM [Instr: androidx.test.runner.AndroidJUnitRunner] getEvalPrompt[Q8] -> len=290
2026-09-09T16:54:59.826Z D/SurveyVM [main] getEvalPrompt[Q8] -> len=290
2026-09-09T16:54:59.828Z D/AiViewModel [DefaultDispatcher-worker-1] run[1]: mode=EVAL_JSON phase=EVAL commit=true prompt.len=289, fullPrompt.len=1614, timeoutMs=60000
2026-09-09T16:54:59.831Z D/AiViewModel [DefaultDispatcher-worker-1] run[1]: sha(prompt)=55975992d43a4deac910294a71173b0f8553156c0adf09c677a9cdc53227c243 sha(full)=42c3f0192dce4fc9fcbaca89d700518db35c37ac0a2461fd35f366c8d8d97662
2026-09-09T16:54:59.831Z I/FullPromptReview [DefaultDispatcher-worker-1] [part=000] run[1]: phase=EVAL FullPrompt
Evaluate only the original survey target using all supplied answers.
Return only compact JSON {"score":N,"missing_points":[],"followup_needed":false}. N must be an integer 1-100 for relevance, completeness and accuracy against the original target. Evaluate the original answer and all answered followup pairs together. Separate relevance from completeness. An answer can discuss the right topic but still be incomplete. Score 90-100 only when the respondent explicitly provides every material component requested by the Expected answer target and Question. Do not infer missing details from general knowledge, plausibility, or a bare statement that an event occurred. A concise answer may be complete. A verbose or relevant answer that omits any material requested component must score below 90. For example, saying that an event occurred without describing its requested effect is incomplete. For any score below 90, missing_points must contain the specific missing or ambiguous target-required information and followup_needed must be true. Otherwise missing_points is empty and followup_needed is false. Do not generate a question. Do not penalize style or request information outside the target. Write missing_points in English.
Keep missing_points concise.
One JSON object only; no markdown or generated question.
INPUT:
Expected answer target: Whether FAW affected the crop, and if so, a description of the effect (yield loss, damage type, etc.).
Question: Has fall armyworm ever affected your maize? If yes, how did it affect your crop?
Original answer: Yes, I saw FAW on the plants.
Answered followup pairs:
2026-09-09T16:54:59.846Z D/LiteRtRepository [DefaultDispatcher-worker-1] [1] request start model='gemma-3n-E4B-it' prompt.len=1614 sha=42c3f0192dce4fc9 gateWaitMs=8
2026-09-09T16:54:59.848Z D/LiteRtRepository [DefaultDispatcher-worker-1] [part=000] [1] PROMPT (FULL) sha=42c3f0192dce4fc9
Evaluate only the original survey target using all supplied answers.
Return only compact JSON {"score":N,"missing_points":[],"followup_needed":false}. N must be an integer 1-100 for relevance, completeness and accuracy against the original target. Evaluate the original answer and all answered followup pairs together. Separate relevance from completeness. An answer can discuss the right topic but still be incomplete. Score 90-100 only when the respondent explicitly provides every material component requested by the Expected answer target and Question. Do not infer missing details from general knowledge, plausibility, or a bare statement that an event occurred. A concise answer may be complete. A verbose or relevant answer that omits any material requested component must score below 90. For example, saying that an event occurred without describing its requested effect is incomplete. For any score below 90, missing_points must contain the specific missing or ambiguous target-required information and followup_needed must be true. Otherwise missing_points is empty and followup_needed is false. Do not generate a question. Do not penalize style or request information outside the target. Write missing_points in English.
Keep missing_points concise.
One JSON object only; no markdown or generated question.
INPUT:
Expected answer target: Whether FAW affected the crop, and if so, a description of the effect (yield loss, damage type, etc.).
Question: Has fall armyworm ever affected your maize? If yes, how did it affect your crop?
Original answer: Yes, I saw FAW on the plants.
Answered followup pairs:
2026-09-09T16:54:59.850Z D/SLM [slm-jni] initializeIfNeeded: model='gemma-3n-E4B-it' image=false audio=false
2026-09-09T16:54:59.850Z D/LiteRtLM [slm-jni] initializeIfNeeded: warm runtime already ready: key='gemma-3n-E4B-it|/data/user/0/com.negi.survey/files/models/gemma-3n-E4B-it-int4.litertlm'
2026-09-09T16:54:59.851Z D/LiteRtRepository [DefaultDispatcher-worker-1] [1] initializeIfNeeded ok initMs=2
2026-09-09T16:54:59.853Z D/SLM [slm-jni] runInference: model='gemma-3n-E4B-it' textLen=1614 images=0 audio=0
2026-09-09T16:54:59.857Z D/LiteRtLM [DefaultDispatcher-worker-1] state[run:start] key='gemma-3n-E4B-it|/data/user/0/com.negi.survey/files/models/gemma-3n-E4B-it-int4.litertlm' runId=1 active=true terminated=false logicalDone=false cancel=false pendingCancel=false lastMsgAt=2253612336 lastTermAt=0
2026-09-09T16:54:59.857Z D/LiteRtLM [DefaultDispatcher-worker-1] runInference start: key='gemma-3n-E4B-it|/data/user/0/com.negi.survey/files/models/gemma-3n-E4B-it-int4.litertlm' runId=1 hasText=true originalTextLen=1614 effectiveTextLen=1614 images=0 audioClips=0
2026-09-09T16:54:59.858Z D/LiteRtLM [DefaultDispatcher-worker-1] LiteRT-LM sendMessageAsync(text): key='gemma-3n-E4B-it|/data/user/0/com.negi.survey/files/models/gemma-3n-E4B-it-int4.litertlm' runId=1 len=1614 maxOutputTokens=64
2026-09-09T16:54:59.869Z D/LiteRtLM [DefaultDispatcher-worker-1] sendMessageAsync accepted: key='gemma-3n-E4B-it|/data/user/0/com.negi.survey/files/models/gemma-3n-E4B-it-int4.litertlm' runId=1 dispatchMs=12
2026-09-09T16:55:03.904Z W/LiteRtLM [Thread-5] Inference first output: key='gemma-3n-E4B-it|/data/user/0/com.negi.survey/files/models/gemma-3n-E4B-it-int4.litertlm' runId=1 ttftMs=4047 dispatchMs=12 postDispatchTtftMs=4035 requestToFirstOutputMs=4050
2026-09-09T16:55:03.904Z D/LiteRtLM [Thread-5] stream[key=gemma-3n-E4B-it|/data/user/0/com.negi.survey/files/models/gemma-3n-E4B-it-int4.litertlm runId=1] msg#1 rawChunkLen=2 deltaLen=2 emittedChars=2
2026-09-09T16:55:03.906Z D/LiteRtRepository [main] stream[rid=1 msg#1] done=false deltaLen=2 outLen=2 outPreview='{"' deltaPreview='{"'
2026-09-09T16:55:03.907Z D/AiViewModel [DefaultDispatcher-worker-1] run[1] chunk[1].preview='{"'
2026-09-09T16:55:04.076Z D/AiViewModel [DefaultDispatcher-worker-1] run[1] chunk[2].preview='score'
2026-09-09T16:55:04.230Z D/AiViewModel [DefaultDispatcher-worker-1] run[1] chunk[3].preview='":'
2026-09-09T16:55:04.389Z D/AiViewModel [DefaultDispatcher-worker-1] run[1] chunk[4].preview='7'
2026-09-09T16:55:04.544Z D/AiViewModel [DefaultDispatcher-worker-1] run[1] chunk[5].preview='5'
2026-09-09T16:55:04.709Z D/AiViewModel [DefaultDispatcher-worker-1] run[1] chunk[6].preview=',"'
2026-09-09T16:55:04.865Z D/AiViewModel [DefaultDispatcher-worker-1] run[1] chunk[7].preview='missing'
2026-09-09T16:55:05.024Z D/AiViewModel [DefaultDispatcher-worker-1] run[1] chunk[8].preview='_'
2026-09-09T16:55:05.024Z D/LiteRtRepository [main] stream[rid=1 msg#8] done=false deltaLen=1 outLen=21 outPreview='{"score":75,"missing_' deltaPreview='_'
2026-09-09T16:55:05.180Z D/AiViewModel [DefaultDispatcher-worker-1] run[1] chunk[9].preview='points'
2026-09-09T16:55:05.335Z D/AiViewModel [DefaultDispatcher-worker-1] run[1] chunk[10].preview='":["'
2026-09-09T16:55:05.518Z D/AiViewModel [DefaultDispatcher-worker-1] run[1] chunk[11].preview='description'
2026-09-09T16:55:05.673Z D/AiViewModel [DefaultDispatcher-worker-1] run[1] chunk[12].preview='␠of'
2026-09-09T16:55:05.832Z D/AiViewModel [DefaultDispatcher-worker-1] run[1] chunk[13].preview='␠the'
2026-09-09T16:55:05.987Z D/AiViewModel [DefaultDispatcher-worker-1] run[1] chunk[14].preview='␠effect'
2026-09-09T16:55:06.145Z D/AiViewModel [DefaultDispatcher-worker-1] run[1] chunk[15].preview='"],'
2026-09-09T16:55:06.303Z D/LiteRtLM [Thread-20] stream[key=gemma-3n-E4B-it|/data/user/0/com.negi.survey/files/models/gemma-3n-E4B-it-int4.litertlm runId=1] msg#16 rawChunkLen=2 deltaLen=2 emittedChars=61
2026-09-09T16:55:06.304Z D/LiteRtRepository [main] stream[rid=1 msg#16] done=false deltaLen=2 outLen=61 outPreview='{"score":75,"missing_points":["description of the effect"], "' deltaPreview=' "'
2026-09-09T16:55:06.305Z D/AiViewModel [DefaultDispatcher-worker-1] run[1] chunk[16].preview='␠"'
2026-09-09T16:55:06.469Z D/AiViewModel [DefaultDispatcher-worker-1] run[1] chunk[17].preview='follow'
2026-09-09T16:55:06.626Z D/AiViewModel [DefaultDispatcher-worker-1] run[1] chunk[18].preview='up'
2026-09-09T16:55:06.785Z D/AiViewModel [DefaultDispatcher-worker-1] run[1] chunk[19].preview='_'
2026-09-09T16:55:06.942Z D/AiViewModel [DefaultDispatcher-worker-1] run[1] chunk[20].preview='needed'
2026-09-09T16:55:07.098Z D/AiViewModel [DefaultDispatcher-worker-1] run[1] chunk[21].preview='":'
2026-09-09T16:55:07.253Z D/AiViewModel [DefaultDispatcher-worker-1] run[1] chunk[22].preview='true'
2026-09-09T16:55:07.409Z D/AiViewModel [DefaultDispatcher-worker-1] run[1] chunk[23].preview='}'
2026-09-09T16:55:07.565Z D/LiteRtLM [Thread-28] state[logicalDone] key='gemma-3n-E4B-it|/data/user/0/com.negi.survey/files/models/gemma-3n-E4B-it-int4.litertlm' runId=1 active=true terminated=true logicalDone=true cancel=false pendingCancel=false lastMsgAt=2253619886 lastTermAt=2253620045
2026-09-09T16:55:07.567Z D/LiteRtLM [Thread-28] state[nativeDone:beforeRelease] key='gemma-3n-E4B-it|/data/user/0/com.negi.survey/files/models/gemma-3n-E4B-it-int4.litertlm' runId=1 active=true terminated=true logicalDone=true cancel=false pendingCancel=false lastMsgAt=2253619886 lastTermAt=2253620045
2026-09-09T16:55:07.567Z W/LiteRtLM [Thread-28] Inference timing: key='gemma-3n-E4B-it|/data/user/0/com.negi.survey/files/models/gemma-3n-E4B-it-int4.litertlm' runId=1 ttftMs=4047 dispatchMs=12 postDispatchTtftMs=4035 totalMs=7708 callbacks=23 outputChars=83 cancelled=false error=false requestTotalMs=7711
2026-09-09T16:55:07.569Z D/LiteRtRepository [main] stream[rid=1 msg#24] done=true deltaLen=0 outLen=83 outPreview='{"score":75,"missing_points":["description of the effect"], "followup_needed":true}' deltaPreview=''
2026-09-09T16:55:07.573Z D/LiteRtRepository [main] [1] logical done=true; responseClosed=true; waiting native cleanup
2026-09-09T16:55:07.573Z D/AiViewModel [DefaultDispatcher-worker-2] run[1] stats: chunks=23, chars=83, raw.len=83
2026-09-09T16:55:07.574Z D/LiteRtRepository [main] [1] native cleanup safepoint
2026-09-09T16:55:07.577Z D/AiViewModel [DefaultDispatcher-worker-2] run[1] sha(raw)=dc673554333fe74b19eb792921d191fccd7057e55e0328cd185ae0b9efbc6e7b
2026-09-09T16:55:07.578Z D/AiViewModel [DefaultDispatcher-worker-2] run[1] rawVisible='{"score":75,"missing_points":["description␠of␠the␠effect"],␠"followup_needed":true}'
2026-09-09T16:55:07.580Z D/SLM [slm-jni] resetConversationAndWait: model='gemma-3n-E4B-it' image=false audio=false
2026-09-09T16:55:07.599Z D/AiViewModel [DefaultDispatcher-worker-2] run[1]: EVAL_JSON parsed score=75 followups=0 fu0=''
2026-09-09T16:55:07.599Z D/AiViewModel [DefaultDispatcher-worker-2] stepHistory+ runId=1 phase=EVAL mode=EVAL_JSON raw.len=83 score=75 FU=0 FU0='<none>' timeout=false err=null
2026-09-09T16:55:07.600Z I/AiViewModel [DefaultDispatcher-worker-2] run[1] done: phase=EVAL mode=EVAL_JSON score=75 FU0.len=0 FU0.sha16=none commit=true err=<none>
2026-09-09T16:55:07.600Z I/FullTextOut [DefaultDispatcher-worker-2] [part=000] run[1]: RawTextOut
{"score":75,"missing_points":["description of the effect"], "followup_needed":true}
2026-09-09T16:55:07.601Z D/LiteRtRepository [DefaultDispatcher-worker-5] [1] Conversation reset completed after safepoint
2026-09-09T16:55:07.603Z D/LiteRtRepository [DefaultDispatcher-worker-4] [part=000] [1] FINALIZE: native-terminated
=== AI TRACE STATS (LiteRtRepository) ===
rid=1 model='gemma-3n-E4B-it' reason=native-terminated
totalMs=7765 inferenceMs=7752 firstTokenMs=4055
logicalDone=true logicalDoneAt=2253620049
nativeTerminated=true cancelTag='null'
lastDeltaMsAgo=195 lastEventMsAgo=28
chunks=23 emittedChars=83 capturedAll=true out.len=83
=== OUTPUT (FULL) ===
{"score":75,"missing_points":["description of the effect"], "followup_needed":true}
2026-09-09T16:55:07.608Z D/SurveyVM [DefaultDispatcher-worker-2] getFollowupPrompt[Q8] -> len=385 evalLen=83
2026-09-09T16:55:07.609Z D/AiViewModel [DefaultDispatcher-worker-2] run[2]: mode=FOLLOWUP_JSON_OR_TEXT phase=FOLLOWUP commit=false prompt.len=385, fullPrompt.len=922, timeoutMs=60000
2026-09-09T16:55:07.610Z D/AiViewModel [DefaultDispatcher-worker-2] run[2]: sha(prompt)=42bb8b885c6dcdf14cc99ed9d23f259503fe6b1c9a63d28577646c6888381758 sha(full)=55774e0a019a52bddfd3f34a7be353da10e182c54ddf572a7eb74d0d01817b31
2026-09-09T16:55:07.611Z I/FullPromptReview [DefaultDispatcher-worker-2] [part=000] run[2]: phase=FOLLOWUP FullPrompt
Evaluate only the original survey target using all supplied answers.
Generate exactly one short English question addressing one unresolved target-required deficiency in EVAL_JSON. Use the original target, original answer and accumulated answered followup pairs. Do not repeat an earlier question or ask for information already provided. Never add new objectives. Output only the question on one line; no JSON, score, analysis, labels, or quotes.
Keep the question short and single-scope.
Exactly one English question on one line.
INPUT:
Expected answer target: Whether FAW affected the crop, and if so, a description of the effect (yield loss, damage type, etc.).
Question: Has fall armyworm ever affected your maize? If yes, how did it affect your crop?
Original answer: Yes, I saw FAW on the plants.
Answered followup pairs: 
EVAL_JSON: {"score":75,"missing_points":["description of the effect"], "followup_needed":true}
2026-09-09T16:55:07.612Z D/LiteRtRepository [DefaultDispatcher-worker-3] [2] request start model='gemma-3n-E4B-it' prompt.len=922 sha=55774e0a019a52bd gateWaitMs=0
2026-09-09T16:55:07.612Z D/LiteRtRepository [DefaultDispatcher-worker-3] [part=000] [2] PROMPT (FULL) sha=55774e0a019a52bd
Evaluate only the original survey target using all supplied answers.
Generate exactly one short English question addressing one unresolved target-required deficiency in EVAL_JSON. Use the original target, original answer and accumulated answered followup pairs. Do not repeat an earlier question or ask for information already provided. Never add new objectives. Output only the question on one line; no JSON, score, analysis, labels, or quotes.
Keep the question short and single-scope.
Exactly one English question on one line.
INPUT:
Expected answer target: Whether FAW affected the crop, and if so, a description of the effect (yield loss, damage type, etc.).
Question: Has fall armyworm ever affected your maize? If yes, how did it affect your crop?
Original answer: Yes, I saw FAW on the plants.
Answered followup pairs: 
EVAL_JSON: {"score":75,"missing_points":["description of the effect"], "followup_needed":true}
2026-09-09T16:55:07.612Z D/SLM [slm-jni] initializeIfNeeded: model='gemma-3n-E4B-it' image=false audio=false
2026-09-09T16:55:07.613Z D/LiteRtLM [slm-jni] initializeIfNeeded: warm runtime already ready: key='gemma-3n-E4B-it|/data/user/0/com.negi.survey/files/models/gemma-3n-E4B-it-int4.litertlm'
2026-09-09T16:55:07.614Z D/LiteRtRepository [DefaultDispatcher-worker-5] [2] initializeIfNeeded ok initMs=1
2026-09-09T16:55:07.616Z D/SLM [slm-jni] runInference: model='gemma-3n-E4B-it' textLen=922 images=0 audio=0
2026-09-09T16:55:07.617Z D/LiteRtLM [DefaultDispatcher-worker-5] state[run:start] key='gemma-3n-E4B-it|/data/user/0/com.negi.survey/files/models/gemma-3n-E4B-it-int4.litertlm' runId=2 active=true terminated=false logicalDone=false cancel=false pendingCancel=false lastMsgAt=2253620096 lastTermAt=2253620045
2026-09-09T16:55:07.618Z D/LiteRtLM [DefaultDispatcher-worker-5] runInference start: key='gemma-3n-E4B-it|/data/user/0/com.negi.survey/files/models/gemma-3n-E4B-it-int4.litertlm' runId=2 hasText=true originalTextLen=922 effectiveTextLen=922 images=0 audioClips=0
2026-09-09T16:55:07.619Z D/LiteRtLM [DefaultDispatcher-worker-5] LiteRT-LM sendMessageAsync(text): key='gemma-3n-E4B-it|/data/user/0/com.negi.survey/files/models/gemma-3n-E4B-it-int4.litertlm' runId=2 len=922 maxOutputTokens=64
2026-09-09T16:55:07.625Z D/LiteRtLM [DefaultDispatcher-worker-5] sendMessageAsync accepted: key='gemma-3n-E4B-it|/data/user/0/com.negi.survey/files/models/gemma-3n-E4B-it-int4.litertlm' runId=2 dispatchMs=7
2026-09-09T16:55:08.710Z W/LiteRtLM [Thread-31] Inference first output: key='gemma-3n-E4B-it|/data/user/0/com.negi.survey/files/models/gemma-3n-E4B-it-int4.litertlm' runId=2 ttftMs=1091 dispatchMs=7 postDispatchTtftMs=1084 requestToFirstOutputMs=1093
2026-09-09T16:55:08.710Z D/LiteRtLM [Thread-31] stream[key=gemma-3n-E4B-it|/data/user/0/com.negi.survey/files/models/gemma-3n-E4B-it-int4.litertlm runId=2] msg#1 rawChunkLen=3 deltaLen=3 emittedChars=3
2026-09-09T16:55:08.711Z D/LiteRtRepository [main] stream[rid=2 msg#1] done=false deltaLen=3 outLen=3 outPreview='How' deltaPreview='How'
2026-09-09T16:55:08.712Z D/AiViewModel [DefaultDispatcher-worker-4] run[2] chunk[1].preview='How'
2026-09-09T16:55:08.874Z D/AiViewModel [DefaultDispatcher-worker-4] run[2] chunk[2].preview='␠did'
2026-09-09T16:55:09.029Z D/AiViewModel [DefaultDispatcher-worker-4] run[2] chunk[3].preview='␠fall'
2026-09-09T16:55:09.185Z D/AiViewModel [DefaultDispatcher-worker-4] run[2] chunk[4].preview='␠army'
2026-09-09T16:55:09.344Z D/AiViewModel [DefaultDispatcher-worker-4] run[2] chunk[5].preview='worm'
2026-09-09T16:55:09.498Z D/AiViewModel [DefaultDispatcher-worker-4] run[2] chunk[6].preview='␠affect'
2026-09-09T16:55:09.654Z D/AiViewModel [DefaultDispatcher-worker-4] run[2] chunk[7].preview='␠your'
2026-09-09T16:55:09.809Z D/AiViewModel [DefaultDispatcher-worker-4] run[2] chunk[8].preview='␠maize'
2026-09-09T16:55:09.809Z D/LiteRtRepository [main] stream[rid=2 msg#8] done=false deltaLen=6 outLen=39 outPreview='How did fall armyworm affect your maize' deltaPreview=' maize'
2026-09-09T16:55:09.966Z D/AiViewModel [DefaultDispatcher-worker-4] run[2] chunk[9].preview='␠crop'
2026-09-09T16:55:10.120Z D/AiViewModel [DefaultDispatcher-worker-4] run[2] chunk[10].preview='?'
2026-09-09T16:55:10.275Z D/LiteRtLM [Thread-41] state[logicalDone] key='gemma-3n-E4B-it|/data/user/0/com.negi.survey/files/models/gemma-3n-E4B-it-int4.litertlm' runId=2 active=true terminated=true logicalDone=true cancel=false pendingCancel=false lastMsgAt=2253622598 lastTermAt=2253622755
2026-09-09T16:55:10.276Z D/LiteRtLM [Thread-41] state[nativeDone:beforeRelease] key='gemma-3n-E4B-it|/data/user/0/com.negi.survey/files/models/gemma-3n-E4B-it-int4.litertlm' runId=2 active=true terminated=true logicalDone=true cancel=false pendingCancel=false lastMsgAt=2253622598 lastTermAt=2253622755
2026-09-09T16:55:10.277Z W/LiteRtLM [Thread-41] Inference timing: key='gemma-3n-E4B-it|/data/user/0/com.negi.survey/files/models/gemma-3n-E4B-it-int4.litertlm' runId=2 ttftMs=1091 dispatchMs=7 postDispatchTtftMs=1084 totalMs=2657 callbacks=10 outputChars=45 cancelled=false error=false requestTotalMs=2659
2026-09-09T16:55:10.279Z D/LiteRtRepository [main] [2] logical done=true; responseClosed=true; waiting native cleanup
2026-09-09T16:55:10.281Z D/LiteRtRepository [main] [2] native cleanup safepoint
2026-09-09T16:55:10.282Z D/AiViewModel [DefaultDispatcher-worker-3] run[2] stats: chunks=10, chars=45, raw.len=45
2026-09-09T16:55:10.284Z D/SLM [slm-jni] resetConversationAndWait: model='gemma-3n-E4B-it' image=false audio=false
2026-09-09T16:55:10.284Z D/AiViewModel [DefaultDispatcher-worker-3] run[2] sha(raw)=08e087145bd261cd975bc150fd3386a38f004aa243c03a7f035877177ba87795
2026-09-09T16:55:10.285Z D/AiViewModel [DefaultDispatcher-worker-3] run[2] rawVisible='How␠did␠fall␠armyworm␠affect␠your␠maize␠crop?'
2026-09-09T16:55:10.288Z D/AiViewModel [DefaultDispatcher-worker-3] run[2]: FOLLOWUP parse extractorQ='How␠did␠fall␠armyworm␠affect␠your␠maize␠crop?' textQ='How␠did␠fall␠armyworm␠affect␠your␠maize␠crop?' best='How␠did␠fall␠armyworm␠affect␠your␠maize␠crop?'
2026-09-09T16:55:10.289Z D/AiViewModel [DefaultDispatcher-worker-3] stepHistory+ runId=2 phase=FOLLOWUP mode=FOLLOWUP_JSON_OR_TEXT raw.len=45 score=null FU=1 FU0='How␠did␠fall␠armyworm␠affect␠your␠maize␠crop?' timeout=false err=null
2026-09-09T16:55:10.290Z I/AiViewModel [DefaultDispatcher-worker-3] run[2] done: phase=FOLLOWUP mode=FOLLOWUP_JSON_OR_TEXT score=null FU0.len=45 FU0.sha16=08e087145bd261cd commit=false err=<none>
2026-09-09T16:55:10.290Z I/FullTextOut [DefaultDispatcher-worker-3] [part=000] run[2]: RawTextOut
How did fall armyworm affect your maize crop?
2026-09-09T16:55:10.291Z D/LiteRtRepository [DefaultDispatcher-worker-4] [2] Conversation reset completed after safepoint
2026-09-09T16:55:10.293Z D/LiteRtRepository [DefaultDispatcher-worker-1] [part=000] [2] FINALIZE: native-terminated
=== AI TRACE STATS (LiteRtRepository) ===
rid=2 model='gemma-3n-E4B-it' reason=native-terminated
totalMs=2681 inferenceMs=2677 firstTokenMs=1095
logicalDone=true logicalDoneAt=2253622757
nativeTerminated=true cancelTag='null'
lastDeltaMsAgo=173 lastEventMsAgo=12
chunks=10 emittedChars=45 capturedAll=true out.len=45
=== OUTPUT (FULL) ===
How did fall armyworm affect your maize crop?
2026-09-09T16:55:10.319Z D/SLM [Instr: androidx.test.runner.AndroidJUnitRunner] cancel: model='gemma-3n-E4B-it'
2026-09-09T16:55:11.162Z D/SLM [Instr: androidx.test.runner.AndroidJUnitRunner] forceCleanUp: model='gemma-3n-E4B-it'
