=== RuntimeLogStore Header ===
ts=2026-09-09T16:52:50.109Z
fileNameFormat=LEGACY
appId=com.negi.survey
versionName=0.0.1
versionCode=1
debug=true
device=Google Pixel 9a
sdk=36
pid=23721
==============================
2026-09-09T16:52:50.110Z I/RuntimeLogStore [rtlog-io] start: actor launched (fileNameFormat=LEGACY)
2026-09-09T16:52:50.044Z D/SurveyApp [main] attachBaseContext: pid=23721 process=com.negi.survey isMain=true sdk=36
2026-09-09T16:52:50.044Z D/SurveyApp [main] bootTiming: attachBaseContext total=68ms
2026-09-09T16:52:50.045Z D/SurveyApp [main] Skipping WorkManager init in attachBaseContext; will init lazily on first enqueue.
2026-09-09T16:52:50.048Z D/SurveyApp [main] CrashCapture installed: where=SurveyApp:attachBaseContext
2026-09-09T16:52:50.362Z W/SurveyApp [main] Diagnostic upload work cancelled by instrumentation argument.
2026-09-09T16:52:50.365Z I/RuntimeLogStore [main] start repair: ctx/dir refreshed
2026-09-09T16:52:50.365Z D/SurveyApp [main] bootTiming: RuntimeLogStore.start took=1ms
2026-09-09T16:52:50.366Z D/SurveyApp [main] bootTiming: AppRingLogStore.install took=0ms
2026-09-09T16:52:50.367Z D/SurveyApp [main] onCreate: pid=23721 process=com.negi.survey isMain=true sdk=36
2026-09-09T16:52:50.413Z D/SurveyApp [main] CrashCapture installed: where=SurveyApp:onCreate(rewrap)
2026-09-09T16:52:50.414Z D/SurveyApp [main] CrashCapture self-healing registered.
2026-09-09T16:52:50.415Z W/SurveyApp [main] Startup diagnostic upload scheduling disabled by instrumentation argument.
2026-09-09T16:52:50.415Z D/SurveyApp [main] bootTiming: onCreate total=297ms
2026-09-09T16:52:50.478Z I/RuntimeLogStore [DefaultDispatcher-worker-1] start repair: ctx/dir refreshed
2026-09-09T16:52:51.408Z D/SLM [Instr: androidx.test.runner.AndroidJUnitRunner] initializeIfNeeded: model='gemma-3n-E4B-it' image=false audio=false
2026-09-09T16:52:51.417Z D/LiteRtLM [DefaultDispatcher-worker-1] Initializing LiteRT-LM: model='gemma-3n-E4B-it', key='gemma-3n-E4B-it|/data/user/0/com.negi.survey/files/models/gemma-3n-E4B-it-int4.litertlm'
2026-09-09T16:52:51.418Z D/LiteRtLM [DefaultDispatcher-worker-1] Capabilities: image=false audio=false
2026-09-09T16:52:51.418Z D/LiteRtLM [DefaultDispatcher-worker-1] Backend=com.google.ai.edge.litertlm.Backend$GPU@d739627 maxNumTokens=512 (raw=512) topK=1 topP=0.0 temp=0.0
2026-09-09T16:52:51.419Z D/LiteRtLM [DefaultDispatcher-worker-1] Model path='/data/user/0/com.negi.survey/files/models/gemma-3n-E4B-it-int4.litertlm' sizeBytes=4919541760 lastModified=1788913652575
2026-09-09T16:52:51.419Z D/LiteRtLM [DefaultDispatcher-worker-1] LiteRT-LM native benchmark policy: enabled=false emulator=false
2026-09-09T16:52:51.419Z D/LiteRtLM [DefaultDispatcher-worker-1] Speculative decoding / MTP policy: enabled=false runtimeFlagUpdated=true model='gemma-3n-E4B-it'
2026-09-09T16:52:51.422Z D/LiteRtLM [DefaultDispatcher-worker-1] Engine cacheDir resolved: key='gemma-3n-E4B-it|/data/user/0/com.negi.survey/files/models/gemma-3n-E4B-it-int4.litertlm' backend=com.google.ai.edge.litertlm.Backend$GPU@d739627 path='/data/user/0/com.negi.survey/no_backup/litertlm_cache/8b58dd5e854e5353723e4360d401cf7d199b6f10' filesBefore=2
2026-09-09T16:52:58.392Z W/LiteRtLM [DefaultDispatcher-worker-1] Engine.initialize completed: key='gemma-3n-E4B-it|/data/user/0/com.negi.survey/files/models/gemma-3n-E4B-it-int4.litertlm' backend=com.google.ai.edge.litertlm.Backend$GPU@d739627 took=6967ms cacheFilesAfter=2
2026-09-09T16:52:58.403Z D/LiteRtLM [DefaultDispatcher-worker-1] createConversation completed: key='gemma-3n-E4B-it|/data/user/0/com.negi.survey/files/models/gemma-3n-E4B-it-int4.litertlm' took=10ms
2026-09-09T16:52:58.404Z D/LiteRtLM [DefaultDispatcher-worker-1] LiteRT-LM initialization succeeded: model='gemma-3n-E4B-it', key='gemma-3n-E4B-it|/data/user/0/com.negi.survey/files/models/gemma-3n-E4B-it-int4.litertlm' engineMs=6967 conversationMs=10 totalMs=6988
2026-09-09T16:52:58.407Z D/AiTrace [Instr: androidx.test.runner.AndroidJUnitRunner] Installed (enabled=true ringEnabled=true)
2026-09-09T16:52:58.519Z D/SurveyVM [main] init -> Start, session=0, uuid=21fd093f-bd48-4790-8ddc-1b99774a466c, navSize=1, graphSize=20
2026-09-09T16:52:58.526Z D/SurveyVM [main] config.validate -> issues=0
2026-09-09T16:52:58.527Z D/SurveyVM [main] promptSources -> legacy=10, eval=0, follow=0
2026-09-09T16:52:58.527Z D/SurveyVM [main] promptSources.preview -> legacy=[Q10, Q11, Q12, Q13, Q14, Q15, Q16, Q17, Q8, Q9], eval=[], follow=[]
2026-09-09T16:52:58.527Z D/SurveyVM [main] hasTwoStepPrompt[Q10] -> true (eval=195, fu=220)
2026-09-09T16:52:58.527Z D/SurveyVM [main] hasTwoStepPrompt[Q11] -> true (eval=219, fu=244)
2026-09-09T16:52:58.527Z D/SurveyVM [main] hasTwoStepPrompt[Q12] -> true (eval=229, fu=254)
2026-09-09T16:52:58.527Z D/SurveyVM [main] hasTwoStepPrompt[Q13] -> true (eval=184, fu=209)
2026-09-09T16:52:58.527Z D/SurveyVM [main] hasTwoStepPrompt[Q14] -> true (eval=221, fu=246)
2026-09-09T16:52:58.528Z D/SurveyVM [main] hasTwoStepPrompt[Q15] -> true (eval=160, fu=185)
2026-09-09T16:52:58.528Z D/SurveyVM [main] hasTwoStepPrompt[Q16] -> true (eval=185, fu=210)
2026-09-09T16:52:58.528Z D/SurveyVM [main] hasTwoStepPrompt[Q17] -> true (eval=200, fu=225)
2026-09-09T16:52:58.528Z D/SurveyVM [main] hasTwoStepPrompt[Q8] -> true (eval=214, fu=239)
2026-09-09T16:52:58.528Z D/SurveyVM [main] hasTwoStepPrompt[Q9] -> true (eval=190, fu=215)
2026-09-09T16:52:58.528Z D/SurveyVM [main] AI prompt coverage OK (aiCount=10)
2026-09-09T16:52:58.541Z D/SurveyVM [main] hasTwoStepPrompt[Q8] -> true (eval=214, fu=239)
2026-09-09T16:52:59.020Z D/SurveyVM [main] resetAudioRefs -> cleared
2026-09-09T16:52:59.020Z D/SurveyVM [main] resetNavToStart -> key=com.negi.survey.vm.FlowHome@3e39bad, navSize=1
2026-09-09T16:52:59.020Z D/SurveyVM [main] resetToStart -> Start, session=1, uuid=08e1456a-01ab-4afb-8213-7653f41993eb, preserveDraft=false, draftLen=0
2026-09-09T16:52:59.020Z D/SurveyVM [main] activateRunIfNeeded(goto:Q8) -> runNoteLen=0, draftCleared=true, uuid=08e1456a-01ab-4afb-8213-7653f41993eb
2026-09-09T16:52:59.021Z D/SurveyVM [main] push -> Q8, navSize=2, stackSize=2
2026-09-09T16:52:59.023Z D/SurveyVM [main] hasTwoStepPrompt[Q8] -> true (eval=214, fu=239)
2026-09-09T16:52:59.054Z D/SurveyVM [Instr: androidx.test.runner.AndroidJUnitRunner] hasTwoStepPrompt[Q8] -> true (eval=214, fu=239)
2026-09-09T16:52:59.059Z D/SurveyVM [Instr: androidx.test.runner.AndroidJUnitRunner] getEvalPrompt[Q8] -> len=293
2026-09-09T16:52:59.831Z D/SurveyVM [main] getEvalPrompt[Q8] -> len=293
2026-09-09T16:52:59.832Z D/AiViewModel [DefaultDispatcher-worker-1] run[1]: mode=EVAL_JSON phase=EVAL commit=true prompt.len=292, fullPrompt.len=1617, timeoutMs=60000
2026-09-09T16:52:59.838Z D/AiViewModel [DefaultDispatcher-worker-1] run[1]: sha(prompt)=d50398167cfe3427a9a984163543ec9195c21f4ec52a4794b3f712528412dd91 sha(full)=d15139d9c706e06d5e7d198f52622469c71040a7e7a4c7069f5d8fe84ed81114
2026-09-09T16:52:59.839Z I/FullPromptReview [DefaultDispatcher-worker-1] [part=000] run[1]: phase=EVAL FullPrompt
Evaluate only the original survey target using all supplied answers.
Return only compact JSON {"score":N,"missing_points":[],"followup_needed":false}. N must be an integer 1-100 for relevance, completeness and accuracy against the original target. Evaluate the original answer and all answered followup pairs together. Separate relevance from completeness. An answer can discuss the right topic but still be incomplete. Score 90-100 only when the respondent explicitly provides every material component requested by the Expected answer target and Question. Do not infer missing details from general knowledge, plausibility, or a bare statement that an event occurred. A concise answer may be complete. A verbose or relevant answer that omits any material requested component must score below 90. For example, saying that an event occurred without describing its requested effect is incomplete. For any score below 90, missing_points must contain the specific missing or ambiguous target-required information and followup_needed must be true. Otherwise missing_points is empty and followup_needed is false. Do not generate a question. Do not penalize style or request information outside the target. Write missing_points in English.
Keep missing_points concise.
One JSON object only; no markdown or generated question.
INPUT:
Expected answer target: Whether FAW affected the crop, and if so, a description of the effect (yield loss, damage type, etc.).
Question: Has fall armyworm ever affected your maize? If yes, how did it affect your crop?
Original answer: Fall armyworm affected my maize.
Answered followup pairs:
2026-09-09T16:52:59.854Z D/LiteRtRepository [DefaultDispatcher-worker-1] [1] request start model='gemma-3n-E4B-it' prompt.len=1617 sha=d15139d9c706e06d gateWaitMs=14
2026-09-09T16:52:59.855Z D/LiteRtRepository [DefaultDispatcher-worker-1] [part=000] [1] PROMPT (FULL) sha=d15139d9c706e06d
Evaluate only the original survey target using all supplied answers.
Return only compact JSON {"score":N,"missing_points":[],"followup_needed":false}. N must be an integer 1-100 for relevance, completeness and accuracy against the original target. Evaluate the original answer and all answered followup pairs together. Separate relevance from completeness. An answer can discuss the right topic but still be incomplete. Score 90-100 only when the respondent explicitly provides every material component requested by the Expected answer target and Question. Do not infer missing details from general knowledge, plausibility, or a bare statement that an event occurred. A concise answer may be complete. A verbose or relevant answer that omits any material requested component must score below 90. For example, saying that an event occurred without describing its requested effect is incomplete. For any score below 90, missing_points must contain the specific missing or ambiguous target-required information and followup_needed must be true. Otherwise missing_points is empty and followup_needed is false. Do not generate a question. Do not penalize style or request information outside the target. Write missing_points in English.
Keep missing_points concise.
One JSON object only; no markdown or generated question.
INPUT:
Expected answer target: Whether FAW affected the crop, and if so, a description of the effect (yield loss, damage type, etc.).
Question: Has fall armyworm ever affected your maize? If yes, how did it affect your crop?
Original answer: Fall armyworm affected my maize.
Answered followup pairs:
2026-09-09T16:52:59.855Z D/SLM [slm-jni] initializeIfNeeded: model='gemma-3n-E4B-it' image=false audio=false
2026-09-09T16:52:59.856Z D/LiteRtLM [slm-jni] initializeIfNeeded: warm runtime already ready: key='gemma-3n-E4B-it|/data/user/0/com.negi.survey/files/models/gemma-3n-E4B-it-int4.litertlm'
2026-09-09T16:52:59.856Z D/LiteRtRepository [DefaultDispatcher-worker-1] [1] initializeIfNeeded ok initMs=2
2026-09-09T16:52:59.857Z D/SLM [slm-jni] runInference: model='gemma-3n-E4B-it' textLen=1617 images=0 audio=0
2026-09-09T16:52:59.862Z D/LiteRtLM [DefaultDispatcher-worker-3] state[run:start] key='gemma-3n-E4B-it|/data/user/0/com.negi.survey/files/models/gemma-3n-E4B-it-int4.litertlm' runId=1 active=true terminated=false logicalDone=false cancel=false pendingCancel=false lastMsgAt=2253492341 lastTermAt=0
2026-09-09T16:52:59.863Z D/LiteRtLM [DefaultDispatcher-worker-3] runInference start: key='gemma-3n-E4B-it|/data/user/0/com.negi.survey/files/models/gemma-3n-E4B-it-int4.litertlm' runId=1 hasText=true originalTextLen=1617 effectiveTextLen=1617 images=0 audioClips=0
2026-09-09T16:52:59.864Z D/LiteRtLM [DefaultDispatcher-worker-3] LiteRT-LM sendMessageAsync(text): key='gemma-3n-E4B-it|/data/user/0/com.negi.survey/files/models/gemma-3n-E4B-it-int4.litertlm' runId=1 len=1617 maxOutputTokens=64
2026-09-09T16:52:59.891Z D/LiteRtLM [DefaultDispatcher-worker-3] sendMessageAsync accepted: key='gemma-3n-E4B-it|/data/user/0/com.negi.survey/files/models/gemma-3n-E4B-it-int4.litertlm' runId=1 dispatchMs=27
2026-09-09T16:53:03.923Z W/LiteRtLM [Thread-5] Inference first output: key='gemma-3n-E4B-it|/data/user/0/com.negi.survey/files/models/gemma-3n-E4B-it-int4.litertlm' runId=1 ttftMs=4059 dispatchMs=27 postDispatchTtftMs=4032 requestToFirstOutputMs=4064
2026-09-09T16:53:03.923Z D/LiteRtLM [Thread-5] stream[key=gemma-3n-E4B-it|/data/user/0/com.negi.survey/files/models/gemma-3n-E4B-it-int4.litertlm runId=1] msg#1 rawChunkLen=2 deltaLen=2 emittedChars=2
2026-09-09T16:53:03.925Z D/LiteRtRepository [main] stream[rid=1 msg#1] done=false deltaLen=2 outLen=2 outPreview='{"' deltaPreview='{"'
2026-09-09T16:53:03.925Z D/AiViewModel [DefaultDispatcher-worker-3] run[1] chunk[1].preview='{"'
2026-09-09T16:53:04.098Z D/AiViewModel [DefaultDispatcher-worker-3] run[1] chunk[2].preview='score'
2026-09-09T16:53:04.254Z D/AiViewModel [DefaultDispatcher-worker-3] run[1] chunk[3].preview='":'
2026-09-09T16:53:04.405Z D/AiViewModel [DefaultDispatcher-worker-3] run[1] chunk[4].preview='␠'
2026-09-09T16:53:04.565Z D/AiViewModel [DefaultDispatcher-worker-3] run[1] chunk[5].preview='8'
2026-09-09T16:53:04.720Z D/AiViewModel [DefaultDispatcher-worker-3] run[1] chunk[6].preview='5'
2026-09-09T16:53:04.875Z D/AiViewModel [DefaultDispatcher-worker-3] run[1] chunk[7].preview=','
2026-09-09T16:53:05.031Z D/LiteRtRepository [main] stream[rid=1 msg#8] done=false deltaLen=2 outLen=15 outPreview='{"score": 85, "' deltaPreview=' "'
2026-09-09T16:53:05.032Z D/AiViewModel [DefaultDispatcher-worker-3] run[1] chunk[8].preview='␠"'
2026-09-09T16:53:05.188Z D/AiViewModel [DefaultDispatcher-worker-3] run[1] chunk[9].preview='missing'
2026-09-09T16:53:05.345Z D/AiViewModel [DefaultDispatcher-worker-3] run[1] chunk[10].preview='_'
2026-09-09T16:53:05.505Z D/AiViewModel [DefaultDispatcher-worker-3] run[1] chunk[11].preview='points'
2026-09-09T16:53:05.665Z D/AiViewModel [DefaultDispatcher-worker-3] run[1] chunk[12].preview='":'
2026-09-09T16:53:05.817Z D/AiViewModel [DefaultDispatcher-worker-3] run[1] chunk[13].preview='␠["'
2026-09-09T16:53:05.973Z D/AiViewModel [DefaultDispatcher-worker-3] run[1] chunk[14].preview='yield'
2026-09-09T16:53:06.125Z D/AiViewModel [DefaultDispatcher-worker-3] run[1] chunk[15].preview='␠loss'
2026-09-09T16:53:06.280Z D/LiteRtLM [Thread-20] stream[key=gemma-3n-E4B-it|/data/user/0/com.negi.survey/files/models/gemma-3n-E4B-it-int4.litertlm runId=1] msg#16 rawChunkLen=1 deltaLen=1 emittedChars=45
2026-09-09T16:53:06.281Z D/LiteRtRepository [main] stream[rid=1 msg#16] done=false deltaLen=1 outLen=45 outPreview='{"score": 85, "missing_points": ["yield loss,' deltaPreview=','
2026-09-09T16:53:06.282Z D/AiViewModel [DefaultDispatcher-worker-3] run[1] chunk[16].preview=','
2026-09-09T16:53:06.434Z D/AiViewModel [DefaultDispatcher-worker-3] run[1] chunk[17].preview='␠damage'
2026-09-09T16:53:06.588Z D/AiViewModel [DefaultDispatcher-worker-3] run[1] chunk[18].preview='␠type'
2026-09-09T16:53:06.746Z D/AiViewModel [DefaultDispatcher-worker-3] run[1] chunk[19].preview='"],'
2026-09-09T16:53:06.912Z D/AiViewModel [DefaultDispatcher-worker-3] run[1] chunk[20].preview='␠"'
2026-09-09T16:53:07.070Z D/AiViewModel [DefaultDispatcher-worker-3] run[1] chunk[21].preview='follow'
2026-09-09T16:53:07.232Z D/AiViewModel [DefaultDispatcher-worker-3] run[1] chunk[22].preview='up'
2026-09-09T16:53:07.387Z D/AiViewModel [DefaultDispatcher-worker-3] run[1] chunk[23].preview='_'
2026-09-09T16:53:07.542Z D/LiteRtRepository [main] stream[rid=1 msg#24] done=false deltaLen=6 outLen=77 outPreview='{"score": 85, "missing_points": ["yield loss, damage type"], "followup_needed' deltaPreview='needed'
2026-09-09T16:53:07.543Z D/AiViewModel [DefaultDispatcher-worker-3] run[1] chunk[24].preview='needed'
2026-09-09T16:53:07.700Z D/AiViewModel [DefaultDispatcher-worker-3] run[1] chunk[25].preview='":'
2026-09-09T16:53:07.861Z D/AiViewModel [DefaultDispatcher-worker-3] run[1] chunk[26].preview='␠true'
2026-09-09T16:53:08.016Z D/AiViewModel [DefaultDispatcher-worker-3] run[1] chunk[27].preview='}'
2026-09-09T16:53:08.173Z D/LiteRtLM [Thread-32] state[logicalDone] key='gemma-3n-E4B-it|/data/user/0/com.negi.survey/files/models/gemma-3n-E4B-it-int4.litertlm' runId=1 active=true terminated=true logicalDone=true cancel=false pendingCancel=false lastMsgAt=2253500494 lastTermAt=2253500652
2026-09-09T16:53:08.174Z D/LiteRtLM [Thread-32] state[nativeDone:beforeRelease] key='gemma-3n-E4B-it|/data/user/0/com.negi.survey/files/models/gemma-3n-E4B-it-int4.litertlm' runId=1 active=true terminated=true logicalDone=true cancel=false pendingCancel=false lastMsgAt=2253500494 lastTermAt=2253500652
2026-09-09T16:53:08.174Z W/LiteRtLM [Thread-32] Inference timing: key='gemma-3n-E4B-it|/data/user/0/com.negi.survey/files/models/gemma-3n-E4B-it-int4.litertlm' runId=1 ttftMs=4059 dispatchMs=27 postDispatchTtftMs=4032 totalMs=8309 callbacks=27 outputChars=85 cancelled=false error=false requestTotalMs=8314
2026-09-09T16:53:08.178Z D/LiteRtRepository [main] [1] logical done=true; responseClosed=true; waiting native cleanup
2026-09-09T16:53:08.179Z D/LiteRtRepository [main] [1] native cleanup safepoint
2026-09-09T16:53:08.179Z D/AiViewModel [DefaultDispatcher-worker-3] run[1] stats: chunks=27, chars=85, raw.len=85
2026-09-09T16:53:08.183Z D/AiViewModel [DefaultDispatcher-worker-3] run[1] sha(raw)=fc54d39ca92dffc403f8b90447b2f74fd739952d437cf803b69178a241b95870
2026-09-09T16:53:08.184Z D/SLM [slm-jni] resetConversationAndWait: model='gemma-3n-E4B-it' image=false audio=false
2026-09-09T16:53:08.184Z D/AiViewModel [DefaultDispatcher-worker-3] run[1] rawVisible='{"score":␠85,␠"missing_points":␠["yield␠loss,␠damage␠type"],␠"followup_needed":␠true}'
2026-09-09T16:53:08.199Z D/LiteRtRepository [DefaultDispatcher-worker-5] [1] Conversation reset completed after safepoint
2026-09-09T16:53:08.200Z D/LiteRtRepository [DefaultDispatcher-worker-1] [part=000] [1] FINALIZE: native-terminated
=== AI TRACE STATS (LiteRtRepository) ===
rid=1 model='gemma-3n-E4B-it' reason=native-terminated
totalMs=8347 inferenceMs=8344 firstTokenMs=4067
logicalDone=true logicalDoneAt=2253500655
nativeTerminated=true cancelTag='null'
lastDeltaMsAgo=186 lastEventMsAgo=21
chunks=27 emittedChars=85 capturedAll=true out.len=85
=== OUTPUT (FULL) ===
{"score": 85, "missing_points": ["yield loss, damage type"], "followup_needed": true}
2026-09-09T16:53:08.208Z D/AiViewModel [DefaultDispatcher-worker-3] run[1]: EVAL_JSON parsed score=85 followups=0 fu0=''
2026-09-09T16:53:08.208Z D/AiViewModel [DefaultDispatcher-worker-3] stepHistory+ runId=1 phase=EVAL mode=EVAL_JSON raw.len=85 score=85 FU=0 FU0='<none>' timeout=false err=null
2026-09-09T16:53:08.208Z I/AiViewModel [DefaultDispatcher-worker-3] run[1] done: phase=EVAL mode=EVAL_JSON score=85 FU0.len=0 FU0.sha16=none commit=true err=<none>
2026-09-09T16:53:08.209Z I/FullTextOut [DefaultDispatcher-worker-3] [part=000] run[1]: RawTextOut
{"score": 85, "missing_points": ["yield loss, damage type"], "followup_needed": true}
2026-09-09T16:53:08.213Z D/SurveyVM [DefaultDispatcher-worker-3] getFollowupPrompt[Q8] -> len=390 evalLen=85
2026-09-09T16:53:08.214Z D/AiViewModel [DefaultDispatcher-worker-3] run[2]: mode=FOLLOWUP_JSON_OR_TEXT phase=FOLLOWUP commit=false prompt.len=390, fullPrompt.len=927, timeoutMs=60000
2026-09-09T16:53:08.214Z D/AiViewModel [DefaultDispatcher-worker-3] run[2]: sha(prompt)=02deb81b23579a09df7603d9e214d999d9df3313962d79dfe2c354243a685925 sha(full)=444bdd0bb0b7f6186fc4f4dbaf0544ac268195033304e15294a998d4b90d7698
2026-09-09T16:53:08.215Z I/FullPromptReview [DefaultDispatcher-worker-3] [part=000] run[2]: phase=FOLLOWUP FullPrompt
Evaluate only the original survey target using all supplied answers.
Generate exactly one short English question addressing one unresolved target-required deficiency in EVAL_JSON. Use the original target, original answer and accumulated answered followup pairs. Do not repeat an earlier question or ask for information already provided. Never add new objectives. Output only the question on one line; no JSON, score, analysis, labels, or quotes.
Keep the question short and single-scope.
Exactly one English question on one line.
INPUT:
Expected answer target: Whether FAW affected the crop, and if so, a description of the effect (yield loss, damage type, etc.).
Question: Has fall armyworm ever affected your maize? If yes, how did it affect your crop?
Original answer: Fall armyworm affected my maize.
Answered followup pairs: 
EVAL_JSON: {"score": 85, "missing_points": ["yield loss, damage type"], "followup_needed": true}
2026-09-09T16:53:08.216Z D/LiteRtRepository [DefaultDispatcher-worker-3] [2] request start model='gemma-3n-E4B-it' prompt.len=927 sha=444bdd0bb0b7f618 gateWaitMs=1
2026-09-09T16:53:08.217Z D/LiteRtRepository [DefaultDispatcher-worker-3] [part=000] [2] PROMPT (FULL) sha=444bdd0bb0b7f618
Evaluate only the original survey target using all supplied answers.
Generate exactly one short English question addressing one unresolved target-required deficiency in EVAL_JSON. Use the original target, original answer and accumulated answered followup pairs. Do not repeat an earlier question or ask for information already provided. Never add new objectives. Output only the question on one line; no JSON, score, analysis, labels, or quotes.
Keep the question short and single-scope.
Exactly one English question on one line.
INPUT:
Expected answer target: Whether FAW affected the crop, and if so, a description of the effect (yield loss, damage type, etc.).
Question: Has fall armyworm ever affected your maize? If yes, how did it affect your crop?
Original answer: Fall armyworm affected my maize.
Answered followup pairs: 
EVAL_JSON: {"score": 85, "missing_points": ["yield loss, damage type"], "followup_needed": true}
2026-09-09T16:53:08.217Z D/SLM [slm-jni] initializeIfNeeded: model='gemma-3n-E4B-it' image=false audio=false
2026-09-09T16:53:08.218Z D/LiteRtLM [slm-jni] initializeIfNeeded: warm runtime already ready: key='gemma-3n-E4B-it|/data/user/0/com.negi.survey/files/models/gemma-3n-E4B-it-int4.litertlm'
2026-09-09T16:53:08.218Z D/LiteRtRepository [DefaultDispatcher-worker-3] [2] initializeIfNeeded ok initMs=2
2026-09-09T16:53:08.219Z D/SLM [slm-jni] runInference: model='gemma-3n-E4B-it' textLen=927 images=0 audio=0
2026-09-09T16:53:08.219Z D/LiteRtLM [DefaultDispatcher-worker-3] state[run:start] key='gemma-3n-E4B-it|/data/user/0/com.negi.survey/files/models/gemma-3n-E4B-it-int4.litertlm' runId=2 active=true terminated=false logicalDone=false cancel=false pendingCancel=false lastMsgAt=2253500699 lastTermAt=2253500652
2026-09-09T16:53:08.219Z D/LiteRtLM [DefaultDispatcher-worker-3] runInference start: key='gemma-3n-E4B-it|/data/user/0/com.negi.survey/files/models/gemma-3n-E4B-it-int4.litertlm' runId=2 hasText=true originalTextLen=927 effectiveTextLen=927 images=0 audioClips=0
2026-09-09T16:53:08.220Z D/LiteRtLM [DefaultDispatcher-worker-3] LiteRT-LM sendMessageAsync(text): key='gemma-3n-E4B-it|/data/user/0/com.negi.survey/files/models/gemma-3n-E4B-it-int4.litertlm' runId=2 len=927 maxOutputTokens=64
2026-09-09T16:53:08.225Z D/LiteRtLM [DefaultDispatcher-worker-3] sendMessageAsync accepted: key='gemma-3n-E4B-it|/data/user/0/com.negi.survey/files/models/gemma-3n-E4B-it-int4.litertlm' runId=2 dispatchMs=5
2026-09-09T16:53:09.308Z W/LiteRtLM [Thread-35] Inference first output: key='gemma-3n-E4B-it|/data/user/0/com.negi.survey/files/models/gemma-3n-E4B-it-int4.litertlm' runId=2 ttftMs=1089 dispatchMs=5 postDispatchTtftMs=1084 requestToFirstOutputMs=1089
2026-09-09T16:53:09.309Z D/LiteRtLM [Thread-35] stream[key=gemma-3n-E4B-it|/data/user/0/com.negi.survey/files/models/gemma-3n-E4B-it-int4.litertlm runId=2] msg#1 rawChunkLen=3 deltaLen=3 emittedChars=3
2026-09-09T16:53:09.310Z D/LiteRtRepository [main] stream[rid=2 msg#1] done=false deltaLen=3 outLen=3 outPreview='Can' deltaPreview='Can'
2026-09-09T16:53:09.311Z D/AiViewModel [DefaultDispatcher-worker-1] run[2] chunk[1].preview='Can'
2026-09-09T16:53:09.467Z D/AiViewModel [DefaultDispatcher-worker-1] run[2] chunk[2].preview='␠you'
2026-09-09T16:53:09.625Z D/AiViewModel [DefaultDispatcher-worker-1] run[2] chunk[3].preview='␠describe'
2026-09-09T16:53:09.787Z D/AiViewModel [DefaultDispatcher-worker-1] run[2] chunk[4].preview='␠the'
2026-09-09T16:53:09.940Z D/AiViewModel [DefaultDispatcher-worker-1] run[2] chunk[5].preview='␠specific'
2026-09-09T16:53:10.094Z D/AiViewModel [DefaultDispatcher-worker-1] run[2] chunk[6].preview='␠yield'
2026-09-09T16:53:10.247Z D/AiViewModel [DefaultDispatcher-worker-1] run[2] chunk[7].preview='␠loss'
2026-09-09T16:53:10.404Z D/LiteRtRepository [main] stream[rid=2 msg#8] done=false deltaLen=3 outLen=43 outPreview='Can you describe the specific yield loss or' deltaPreview=' or'
2026-09-09T16:53:10.405Z D/AiViewModel [DefaultDispatcher-worker-1] run[2] chunk[8].preview='␠or'
2026-09-09T16:53:10.560Z D/AiViewModel [DefaultDispatcher-worker-1] run[2] chunk[9].preview='␠damage'
2026-09-09T16:53:10.714Z D/AiViewModel [DefaultDispatcher-worker-1] run[2] chunk[10].preview='␠caused'
2026-09-09T16:53:10.870Z D/AiViewModel [DefaultDispatcher-worker-1] run[2] chunk[11].preview='␠by'
2026-09-09T16:53:11.026Z D/AiViewModel [DefaultDispatcher-worker-1] run[2] chunk[12].preview='␠the'
2026-09-09T16:53:11.185Z D/AiViewModel [DefaultDispatcher-worker-1] run[2] chunk[13].preview='␠fall'
2026-09-09T16:53:11.342Z D/AiViewModel [DefaultDispatcher-worker-1] run[2] chunk[14].preview='␠army'
2026-09-09T16:53:11.497Z D/AiViewModel [DefaultDispatcher-worker-1] run[2] chunk[15].preview='worm'
2026-09-09T16:53:11.652Z D/LiteRtLM [Thread-50] stream[key=gemma-3n-E4B-it|/data/user/0/com.negi.survey/files/models/gemma-3n-E4B-it-int4.litertlm runId=2] msg#16 rawChunkLen=3 deltaLen=3 emittedChars=81
2026-09-09T16:53:11.653Z D/LiteRtRepository [main] stream[rid=2 msg#16] done=false deltaLen=3 outLen=81 outPreview='Can you describe the specific yield loss or damage caused by the fall armyworm on' deltaPreview=' on'
2026-09-09T16:53:11.654Z D/AiViewModel [DefaultDispatcher-worker-1] run[2] chunk[16].preview='␠on'
2026-09-09T16:53:11.812Z D/AiViewModel [DefaultDispatcher-worker-1] run[2] chunk[17].preview='␠your'
2026-09-09T16:53:11.965Z D/AiViewModel [DefaultDispatcher-worker-1] run[2] chunk[18].preview='␠maize'
2026-09-09T16:53:12.122Z D/AiViewModel [DefaultDispatcher-worker-1] run[2] chunk[19].preview='?'
2026-09-09T16:53:12.272Z D/LiteRtLM [Thread-54] state[logicalDone] key='gemma-3n-E4B-it|/data/user/0/com.negi.survey/files/models/gemma-3n-E4B-it-int4.litertlm' runId=2 active=true terminated=true logicalDone=true cancel=false pendingCancel=false lastMsgAt=2253504599 lastTermAt=2253504752
2026-09-09T16:53:12.274Z D/LiteRtLM [Thread-54] state[nativeDone:beforeRelease] key='gemma-3n-E4B-it|/data/user/0/com.negi.survey/files/models/gemma-3n-E4B-it-int4.litertlm' runId=2 active=true terminated=true logicalDone=true cancel=false pendingCancel=false lastMsgAt=2253504599 lastTermAt=2253504752
2026-09-09T16:53:12.274Z W/LiteRtLM [Thread-54] Inference timing: key='gemma-3n-E4B-it|/data/user/0/com.negi.survey/files/models/gemma-3n-E4B-it-int4.litertlm' runId=2 ttftMs=1089 dispatchMs=5 postDispatchTtftMs=1084 totalMs=4053 callbacks=19 outputChars=93 cancelled=false error=false requestTotalMs=4053
2026-09-09T16:53:12.276Z D/LiteRtRepository [main] [2] logical done=true; responseClosed=true; waiting native cleanup
2026-09-09T16:53:12.278Z D/LiteRtRepository [main] [2] native cleanup safepoint
2026-09-09T16:53:12.279Z D/AiViewModel [DefaultDispatcher-worker-1] run[2] stats: chunks=19, chars=93, raw.len=93
2026-09-09T16:53:12.281Z D/SLM [slm-jni] resetConversationAndWait: model='gemma-3n-E4B-it' image=false audio=false
2026-09-09T16:53:12.281Z D/AiViewModel [DefaultDispatcher-worker-1] run[2] sha(raw)=900eb5a23a12a30d2aa36564da4e4d1929d93cc7d6b14110f0764f17ddc126e3
2026-09-09T16:53:12.282Z D/AiViewModel [DefaultDispatcher-worker-1] run[2] rawVisible='Can␠you␠describe␠the␠specific␠yield␠loss␠or␠damage␠caused␠by␠the␠fall␠armyworm␠on␠your␠maize?'
2026-09-09T16:53:12.289Z D/AiViewModel [DefaultDispatcher-worker-1] run[2]: FOLLOWUP parse extractorQ='Can␠you␠describe␠the␠specific␠yield␠loss␠or␠damage␠caused␠by␠the␠fall␠armyworm␠on␠your␠maize?' textQ='Can␠you␠describe␠the␠specific␠yield␠loss␠or␠damage␠caused␠by␠the␠fall␠armyworm␠on␠your␠maize?' best='Can␠you␠describe␠the␠specific␠yield␠loss␠or␠damage␠caused␠by␠the␠fall␠armyworm␠on␠your␠maize?'
2026-09-09T16:53:12.290Z D/AiViewModel [DefaultDispatcher-worker-1] stepHistory+ runId=2 phase=FOLLOWUP mode=FOLLOWUP_JSON_OR_TEXT raw.len=93 score=null FU=1 FU0='Can␠you␠describe␠the␠specific␠yield␠loss␠or␠damage␠caused␠by␠the␠fall␠armyworm␠on␠your␠maize?' timeout=false err=null
2026-09-09T16:53:12.291Z I/AiViewModel [DefaultDispatcher-worker-1] run[2] done: phase=FOLLOWUP mode=FOLLOWUP_JSON_OR_TEXT score=null FU0.len=93 FU0.sha16=900eb5a23a12a30d commit=false err=<none>
2026-09-09T16:53:12.292Z I/FullTextOut [DefaultDispatcher-worker-1] [part=000] run[2]: RawTextOut
Can you describe the specific yield loss or damage caused by the fall armyworm on your maize?
2026-09-09T16:53:12.295Z D/LiteRtRepository [DefaultDispatcher-worker-2] [2] Conversation reset completed after safepoint
2026-09-09T16:53:12.296Z D/LiteRtRepository [DefaultDispatcher-worker-1] [part=000] [2] FINALIZE: native-terminated
=== AI TRACE STATS (LiteRtRepository) ===
rid=2 model='gemma-3n-E4B-it' reason=native-terminated
totalMs=4079 inferenceMs=4077 firstTokenMs=1091
logicalDone=true logicalDoneAt=2253504754
nativeTerminated=true cancelTag='null'
lastDeltaMsAgo=175 lastEventMsAgo=18
chunks=19 emittedChars=93 capturedAll=true out.len=93
=== OUTPUT (FULL) ===
Can you describe the specific yield loss or damage caused by the fall armyworm on your maize?
2026-09-09T16:53:12.321Z D/SLM [Instr: androidx.test.runner.AndroidJUnitRunner] cancel: model='gemma-3n-E4B-it'
2026-09-09T16:53:13.166Z D/SLM [Instr: androidx.test.runner.AndroidJUnitRunner] forceCleanUp: model='gemma-3n-E4B-it'
