=== RuntimeLogStore Header ===
ts=2026-09-09T16:53:42.771Z
fileNameFormat=LEGACY
appId=com.negi.survey
versionName=0.0.1
versionCode=1
debug=true
device=Google Pixel 9a
sdk=36
pid=23870
==============================
2026-09-09T16:53:42.772Z I/RuntimeLogStore [rtlog-io] start: actor launched (fileNameFormat=LEGACY)
2026-09-09T16:53:42.687Z D/SurveyApp [main] attachBaseContext: pid=23870 process=com.negi.survey isMain=true sdk=36
2026-09-09T16:53:42.689Z D/SurveyApp [main] bootTiming: attachBaseContext total=68ms
2026-09-09T16:53:42.689Z D/SurveyApp [main] Skipping WorkManager init in attachBaseContext; will init lazily on first enqueue.
2026-09-09T16:53:42.703Z D/SurveyApp [main] CrashCapture installed: where=SurveyApp:attachBaseContext
2026-09-09T16:53:43.069Z W/SurveyApp [main] Diagnostic upload work cancelled by instrumentation argument.
2026-09-09T16:53:43.071Z I/RuntimeLogStore [main] start repair: ctx/dir refreshed
2026-09-09T16:53:43.071Z D/SurveyApp [main] bootTiming: RuntimeLogStore.start took=1ms
2026-09-09T16:53:43.072Z D/SurveyApp [main] bootTiming: AppRingLogStore.install took=0ms
2026-09-09T16:53:43.072Z D/SurveyApp [main] onCreate: pid=23870 process=com.negi.survey isMain=true sdk=36
2026-09-09T16:53:43.140Z D/SurveyApp [main] CrashCapture installed: where=SurveyApp:onCreate(rewrap)
2026-09-09T16:53:43.140Z D/SurveyApp [main] CrashCapture self-healing registered.
2026-09-09T16:53:43.141Z W/SurveyApp [main] Startup diagnostic upload scheduling disabled by instrumentation argument.
2026-09-09T16:53:43.141Z D/SurveyApp [main] bootTiming: onCreate total=357ms
2026-09-09T16:53:43.218Z I/RuntimeLogStore [DefaultDispatcher-worker-1] start repair: ctx/dir refreshed
2026-09-09T16:53:44.163Z D/SLM [Instr: androidx.test.runner.AndroidJUnitRunner] initializeIfNeeded: model='gemma-3n-E4B-it' image=false audio=false
2026-09-09T16:53:44.171Z D/LiteRtLM [DefaultDispatcher-worker-1] Initializing LiteRT-LM: model='gemma-3n-E4B-it', key='gemma-3n-E4B-it|/data/user/0/com.negi.survey/files/models/gemma-3n-E4B-it-int4.litertlm'
2026-09-09T16:53:44.173Z D/LiteRtLM [DefaultDispatcher-worker-1] Capabilities: image=false audio=false
2026-09-09T16:53:44.173Z D/LiteRtLM [DefaultDispatcher-worker-1] Backend=com.google.ai.edge.litertlm.Backend$GPU@d739627 maxNumTokens=512 (raw=512) topK=1 topP=0.0 temp=0.0
2026-09-09T16:53:44.174Z D/LiteRtLM [DefaultDispatcher-worker-1] Model path='/data/user/0/com.negi.survey/files/models/gemma-3n-E4B-it-int4.litertlm' sizeBytes=4919541760 lastModified=1788913652575
2026-09-09T16:53:44.174Z D/LiteRtLM [DefaultDispatcher-worker-1] LiteRT-LM native benchmark policy: enabled=false emulator=false
2026-09-09T16:53:44.175Z D/LiteRtLM [DefaultDispatcher-worker-1] Speculative decoding / MTP policy: enabled=false runtimeFlagUpdated=true model='gemma-3n-E4B-it'
2026-09-09T16:53:44.179Z D/LiteRtLM [DefaultDispatcher-worker-1] Engine cacheDir resolved: key='gemma-3n-E4B-it|/data/user/0/com.negi.survey/files/models/gemma-3n-E4B-it-int4.litertlm' backend=com.google.ai.edge.litertlm.Backend$GPU@d739627 path='/data/user/0/com.negi.survey/no_backup/litertlm_cache/8b58dd5e854e5353723e4360d401cf7d199b6f10' filesBefore=2
2026-09-09T16:53:51.079Z W/LiteRtLM [DefaultDispatcher-worker-1] Engine.initialize completed: key='gemma-3n-E4B-it|/data/user/0/com.negi.survey/files/models/gemma-3n-E4B-it-int4.litertlm' backend=com.google.ai.edge.litertlm.Backend$GPU@d739627 took=6898ms cacheFilesAfter=2
2026-09-09T16:53:51.091Z D/LiteRtLM [DefaultDispatcher-worker-1] createConversation completed: key='gemma-3n-E4B-it|/data/user/0/com.negi.survey/files/models/gemma-3n-E4B-it-int4.litertlm' took=11ms
2026-09-09T16:53:51.091Z D/LiteRtLM [DefaultDispatcher-worker-1] LiteRT-LM initialization succeeded: model='gemma-3n-E4B-it', key='gemma-3n-E4B-it|/data/user/0/com.negi.survey/files/models/gemma-3n-E4B-it-int4.litertlm' engineMs=6898 conversationMs=11 totalMs=6922
2026-09-09T16:53:51.093Z D/AiTrace [Instr: androidx.test.runner.AndroidJUnitRunner] Installed (enabled=true ringEnabled=true)
2026-09-09T16:53:51.212Z D/SurveyVM [main] init -> Start, session=0, uuid=b6f0e1b8-d81a-4f5e-81ef-47f6b80aa733, navSize=1, graphSize=20
2026-09-09T16:53:51.218Z D/SurveyVM [main] config.validate -> issues=0
2026-09-09T16:53:51.219Z D/SurveyVM [main] promptSources -> legacy=10, eval=0, follow=0
2026-09-09T16:53:51.219Z D/SurveyVM [main] promptSources.preview -> legacy=[Q10, Q11, Q12, Q13, Q14, Q15, Q16, Q17, Q8, Q9], eval=[], follow=[]
2026-09-09T16:53:51.219Z D/SurveyVM [main] hasTwoStepPrompt[Q10] -> true (eval=195, fu=220)
2026-09-09T16:53:51.219Z D/SurveyVM [main] hasTwoStepPrompt[Q11] -> true (eval=219, fu=244)
2026-09-09T16:53:51.219Z D/SurveyVM [main] hasTwoStepPrompt[Q12] -> true (eval=229, fu=254)
2026-09-09T16:53:51.219Z D/SurveyVM [main] hasTwoStepPrompt[Q13] -> true (eval=184, fu=209)
2026-09-09T16:53:51.219Z D/SurveyVM [main] hasTwoStepPrompt[Q14] -> true (eval=221, fu=246)
2026-09-09T16:53:51.219Z D/SurveyVM [main] hasTwoStepPrompt[Q15] -> true (eval=160, fu=185)
2026-09-09T16:53:51.219Z D/SurveyVM [main] hasTwoStepPrompt[Q16] -> true (eval=185, fu=210)
2026-09-09T16:53:51.219Z D/SurveyVM [main] hasTwoStepPrompt[Q17] -> true (eval=200, fu=225)
2026-09-09T16:53:51.219Z D/SurveyVM [main] hasTwoStepPrompt[Q8] -> true (eval=214, fu=239)
2026-09-09T16:53:51.219Z D/SurveyVM [main] hasTwoStepPrompt[Q9] -> true (eval=190, fu=215)
2026-09-09T16:53:51.220Z D/SurveyVM [main] AI prompt coverage OK (aiCount=10)
2026-09-09T16:53:51.228Z D/SurveyVM [main] hasTwoStepPrompt[Q8] -> true (eval=214, fu=239)
2026-09-09T16:53:51.731Z D/SurveyVM [main] resetAudioRefs -> cleared
2026-09-09T16:53:51.731Z D/SurveyVM [main] resetNavToStart -> key=com.negi.survey.vm.FlowHome@3e39bad, navSize=1
2026-09-09T16:53:51.731Z D/SurveyVM [main] resetToStart -> Start, session=1, uuid=ba12962d-ed3e-4743-8b3c-ba7e72c06845, preserveDraft=false, draftLen=0
2026-09-09T16:53:51.731Z D/SurveyVM [main] activateRunIfNeeded(goto:Q8) -> runNoteLen=0, draftCleared=true, uuid=ba12962d-ed3e-4743-8b3c-ba7e72c06845
2026-09-09T16:53:51.732Z D/SurveyVM [main] push -> Q8, navSize=2, stackSize=2
2026-09-09T16:53:51.733Z D/SurveyVM [main] hasTwoStepPrompt[Q8] -> true (eval=214, fu=239)
2026-09-09T16:53:51.757Z D/SurveyVM [Instr: androidx.test.runner.AndroidJUnitRunner] hasTwoStepPrompt[Q8] -> true (eval=214, fu=239)
2026-09-09T16:53:51.758Z D/SurveyVM [Instr: androidx.test.runner.AndroidJUnitRunner] getEvalPrompt[Q8] -> len=285
2026-09-09T16:53:52.479Z D/SurveyVM [main] getEvalPrompt[Q8] -> len=285
2026-09-09T16:53:52.482Z D/AiViewModel [DefaultDispatcher-worker-1] run[1]: mode=EVAL_JSON phase=EVAL commit=true prompt.len=284, fullPrompt.len=1609, timeoutMs=60000
2026-09-09T16:53:52.500Z D/AiViewModel [DefaultDispatcher-worker-1] run[1]: sha(prompt)=037ecdd93cbeb98e0785cc6a7f94a43b5987716570e8068d475f0ec97ab7ed0a sha(full)=8466eca47bcf70fe640e67ace66119e4d51db10a9615be1603ba1404220be813
2026-09-09T16:53:52.501Z I/FullPromptReview [DefaultDispatcher-worker-1] [part=000] run[1]: phase=EVAL FullPrompt
Evaluate only the original survey target using all supplied answers.
Return only compact JSON {"score":N,"missing_points":[],"followup_needed":false}. N must be an integer 1-100 for relevance, completeness and accuracy against the original target. Evaluate the original answer and all answered followup pairs together. Separate relevance from completeness. An answer can discuss the right topic but still be incomplete. Score 90-100 only when the respondent explicitly provides every material component requested by the Expected answer target and Question. Do not infer missing details from general knowledge, plausibility, or a bare statement that an event occurred. A concise answer may be complete. A verbose or relevant answer that omits any material requested component must score below 90. For example, saying that an event occurred without describing its requested effect is incomplete. For any score below 90, missing_points must contain the specific missing or ambiguous target-required information and followup_needed must be true. Otherwise missing_points is empty and followup_needed is false. Do not generate a question. Do not penalize style or request information outside the target. Write missing_points in English.
Keep missing_points concise.
One JSON object only; no markdown or generated question.
INPUT:
Expected answer target: Whether FAW affected the crop, and if so, a description of the effect (yield loss, damage type, etc.).
Question: Has fall armyworm ever affected your maize? If yes, how did it affect your crop?
Original answer: Yes, it caused problems.
Answered followup pairs:
2026-09-09T16:53:52.506Z D/LiteRtRepository [DefaultDispatcher-worker-1] [1] request start model='gemma-3n-E4B-it' prompt.len=1609 sha=8466eca47bcf70fe gateWaitMs=3
2026-09-09T16:53:52.506Z D/LiteRtRepository [DefaultDispatcher-worker-1] [part=000] [1] PROMPT (FULL) sha=8466eca47bcf70fe
Evaluate only the original survey target using all supplied answers.
Return only compact JSON {"score":N,"missing_points":[],"followup_needed":false}. N must be an integer 1-100 for relevance, completeness and accuracy against the original target. Evaluate the original answer and all answered followup pairs together. Separate relevance from completeness. An answer can discuss the right topic but still be incomplete. Score 90-100 only when the respondent explicitly provides every material component requested by the Expected answer target and Question. Do not infer missing details from general knowledge, plausibility, or a bare statement that an event occurred. A concise answer may be complete. A verbose or relevant answer that omits any material requested component must score below 90. For example, saying that an event occurred without describing its requested effect is incomplete. For any score below 90, missing_points must contain the specific missing or ambiguous target-required information and followup_needed must be true. Otherwise missing_points is empty and followup_needed is false. Do not generate a question. Do not penalize style or request information outside the target. Write missing_points in English.
Keep missing_points concise.
One JSON object only; no markdown or generated question.
INPUT:
Expected answer target: Whether FAW affected the crop, and if so, a description of the effect (yield loss, damage type, etc.).
Question: Has fall armyworm ever affected your maize? If yes, how did it affect your crop?
Original answer: Yes, it caused problems.
Answered followup pairs:
2026-09-09T16:53:52.507Z D/SLM [slm-jni] initializeIfNeeded: model='gemma-3n-E4B-it' image=false audio=false
2026-09-09T16:53:52.508Z D/LiteRtLM [slm-jni] initializeIfNeeded: warm runtime already ready: key='gemma-3n-E4B-it|/data/user/0/com.negi.survey/files/models/gemma-3n-E4B-it-int4.litertlm'
2026-09-09T16:53:52.508Z D/LiteRtRepository [DefaultDispatcher-worker-1] [1] initializeIfNeeded ok initMs=1
2026-09-09T16:53:52.509Z D/SLM [slm-jni] runInference: model='gemma-3n-E4B-it' textLen=1609 images=0 audio=0
2026-09-09T16:53:52.513Z D/LiteRtLM [DefaultDispatcher-worker-1] state[run:start] key='gemma-3n-E4B-it|/data/user/0/com.negi.survey/files/models/gemma-3n-E4B-it-int4.litertlm' runId=1 active=true terminated=false logicalDone=false cancel=false pendingCancel=false lastMsgAt=2253544992 lastTermAt=0
2026-09-09T16:53:52.513Z D/LiteRtLM [DefaultDispatcher-worker-1] runInference start: key='gemma-3n-E4B-it|/data/user/0/com.negi.survey/files/models/gemma-3n-E4B-it-int4.litertlm' runId=1 hasText=true originalTextLen=1609 effectiveTextLen=1609 images=0 audioClips=0
2026-09-09T16:53:52.514Z D/LiteRtLM [DefaultDispatcher-worker-1] LiteRT-LM sendMessageAsync(text): key='gemma-3n-E4B-it|/data/user/0/com.negi.survey/files/models/gemma-3n-E4B-it-int4.litertlm' runId=1 len=1609 maxOutputTokens=64
2026-09-09T16:53:52.545Z D/LiteRtLM [DefaultDispatcher-worker-1] sendMessageAsync accepted: key='gemma-3n-E4B-it|/data/user/0/com.negi.survey/files/models/gemma-3n-E4B-it-int4.litertlm' runId=1 dispatchMs=32
2026-09-09T16:53:56.636Z W/LiteRtLM [Thread-5] Inference first output: key='gemma-3n-E4B-it|/data/user/0/com.negi.survey/files/models/gemma-3n-E4B-it-int4.litertlm' runId=1 ttftMs=4123 dispatchMs=32 postDispatchTtftMs=4091 requestToFirstOutputMs=4126
2026-09-09T16:53:56.636Z D/LiteRtLM [Thread-5] stream[key=gemma-3n-E4B-it|/data/user/0/com.negi.survey/files/models/gemma-3n-E4B-it-int4.litertlm runId=1] msg#1 rawChunkLen=2 deltaLen=2 emittedChars=2
2026-09-09T16:53:56.638Z D/AiViewModel [DefaultDispatcher-worker-1] run[1] chunk[1].preview='{"'
2026-09-09T16:53:56.638Z D/LiteRtRepository [main] stream[rid=1 msg#1] done=false deltaLen=2 outLen=2 outPreview='{"' deltaPreview='{"'
2026-09-09T16:53:56.809Z D/AiViewModel [DefaultDispatcher-worker-1] run[1] chunk[2].preview='score'
2026-09-09T16:53:56.964Z D/AiViewModel [DefaultDispatcher-worker-1] run[1] chunk[3].preview='":'
2026-09-09T16:53:57.120Z D/AiViewModel [DefaultDispatcher-worker-1] run[1] chunk[4].preview='␠'
2026-09-09T16:53:57.278Z D/AiViewModel [DefaultDispatcher-worker-1] run[1] chunk[5].preview='6'
2026-09-09T16:53:57.433Z D/AiViewModel [DefaultDispatcher-worker-1] run[1] chunk[6].preview='5'
2026-09-09T16:53:57.590Z D/AiViewModel [DefaultDispatcher-worker-1] run[1] chunk[7].preview=','
2026-09-09T16:53:57.746Z D/LiteRtRepository [main] stream[rid=1 msg#8] done=false deltaLen=2 outLen=15 outPreview='{"score": 65, "' deltaPreview=' "'
2026-09-09T16:53:57.746Z D/AiViewModel [DefaultDispatcher-worker-1] run[1] chunk[8].preview='␠"'
2026-09-09T16:53:57.899Z D/AiViewModel [DefaultDispatcher-worker-1] run[1] chunk[9].preview='missing'
2026-09-09T16:53:58.058Z D/AiViewModel [DefaultDispatcher-worker-1] run[1] chunk[10].preview='_'
2026-09-09T16:53:58.217Z D/AiViewModel [DefaultDispatcher-worker-1] run[1] chunk[11].preview='points'
2026-09-09T16:53:58.373Z D/AiViewModel [DefaultDispatcher-worker-1] run[1] chunk[12].preview='":'
2026-09-09T16:53:58.535Z D/AiViewModel [DefaultDispatcher-worker-1] run[1] chunk[13].preview='␠["'
2026-09-09T16:53:58.693Z D/AiViewModel [DefaultDispatcher-worker-1] run[1] chunk[14].preview='yield'
2026-09-09T16:53:58.853Z D/AiViewModel [DefaultDispatcher-worker-1] run[1] chunk[15].preview='␠loss'
2026-09-09T16:53:59.009Z D/LiteRtLM [Thread-20] stream[key=gemma-3n-E4B-it|/data/user/0/com.negi.survey/files/models/gemma-3n-E4B-it-int4.litertlm runId=1] msg#16 rawChunkLen=1 deltaLen=1 emittedChars=45
2026-09-09T16:53:59.011Z D/LiteRtRepository [main] stream[rid=1 msg#16] done=false deltaLen=1 outLen=45 outPreview='{"score": 65, "missing_points": ["yield loss,' deltaPreview=','
2026-09-09T16:53:59.011Z D/AiViewModel [DefaultDispatcher-worker-1] run[1] chunk[16].preview=','
2026-09-09T16:53:59.168Z D/AiViewModel [DefaultDispatcher-worker-1] run[1] chunk[17].preview='␠damage'
2026-09-09T16:53:59.321Z D/AiViewModel [DefaultDispatcher-worker-1] run[1] chunk[18].preview='␠type'
2026-09-09T16:53:59.476Z D/AiViewModel [DefaultDispatcher-worker-1] run[1] chunk[19].preview='"],'
2026-09-09T16:53:59.638Z D/AiViewModel [DefaultDispatcher-worker-1] run[1] chunk[20].preview='␠"'
2026-09-09T16:53:59.793Z D/AiViewModel [DefaultDispatcher-worker-1] run[1] chunk[21].preview='follow'
2026-09-09T16:53:59.949Z D/AiViewModel [DefaultDispatcher-worker-1] run[1] chunk[22].preview='up'
2026-09-09T16:54:00.100Z D/AiViewModel [DefaultDispatcher-worker-1] run[1] chunk[23].preview='_'
2026-09-09T16:54:00.255Z D/LiteRtRepository [main] stream[rid=1 msg#24] done=false deltaLen=6 outLen=77 outPreview='{"score": 65, "missing_points": ["yield loss, damage type"], "followup_needed' deltaPreview='needed'
2026-09-09T16:54:00.255Z D/AiViewModel [DefaultDispatcher-worker-3] run[1] chunk[24].preview='needed'
2026-09-09T16:54:00.408Z D/AiViewModel [DefaultDispatcher-worker-3] run[1] chunk[25].preview='":'
2026-09-09T16:54:00.563Z D/AiViewModel [DefaultDispatcher-worker-3] run[1] chunk[26].preview='␠true'
2026-09-09T16:54:00.721Z D/AiViewModel [DefaultDispatcher-worker-3] run[1] chunk[27].preview='}'
2026-09-09T16:54:00.878Z D/AiViewModel [DefaultDispatcher-worker-3] run[1] chunk[28].preview='↩'
2026-09-09T16:54:01.037Z D/LiteRtLM [Thread-33] state[logicalDone] key='gemma-3n-E4B-it|/data/user/0/com.negi.survey/files/models/gemma-3n-E4B-it-int4.litertlm' runId=1 active=true terminated=true logicalDone=true cancel=false pendingCancel=false lastMsgAt=2253553356 lastTermAt=2253553516
2026-09-09T16:54:01.038Z D/LiteRtLM [Thread-33] state[nativeDone:beforeRelease] key='gemma-3n-E4B-it|/data/user/0/com.negi.survey/files/models/gemma-3n-E4B-it-int4.litertlm' runId=1 active=true terminated=true logicalDone=true cancel=false pendingCancel=false lastMsgAt=2253553356 lastTermAt=2253553516
2026-09-09T16:54:01.038Z W/LiteRtLM [Thread-33] Inference timing: key='gemma-3n-E4B-it|/data/user/0/com.negi.survey/files/models/gemma-3n-E4B-it-int4.litertlm' runId=1 ttftMs=4123 dispatchMs=32 postDispatchTtftMs=4091 totalMs=8523 callbacks=28 outputChars=86 cancelled=false error=false requestTotalMs=8526
2026-09-09T16:54:01.041Z D/LiteRtRepository [main] [1] logical done=true; responseClosed=true; waiting native cleanup
2026-09-09T16:54:01.043Z D/LiteRtRepository [main] [1] native cleanup safepoint
2026-09-09T16:54:01.044Z D/AiViewModel [DefaultDispatcher-worker-3] run[1] stats: chunks=28, chars=86, raw.len=86
2026-09-09T16:54:01.046Z D/AiViewModel [DefaultDispatcher-worker-3] run[1] sha(raw)=9ae5d5de61f24859d2c161e47c2b55d86096c94a9179228a17a629ae181e7b70
2026-09-09T16:54:01.047Z D/SLM [slm-jni] resetConversationAndWait: model='gemma-3n-E4B-it' image=false audio=false
2026-09-09T16:54:01.048Z D/AiViewModel [DefaultDispatcher-worker-3] run[1] rawVisible='{"score":␠65,␠"missing_points":␠["yield␠loss,␠damage␠type"],␠"followup_needed":␠true}↩'
2026-09-09T16:54:01.057Z D/LiteRtRepository [DefaultDispatcher-worker-5] [1] Conversation reset completed after safepoint
2026-09-09T16:54:01.059Z D/LiteRtRepository [DefaultDispatcher-worker-1] [part=000] [1] FINALIZE: native-terminated
=== AI TRACE STATS (LiteRtRepository) ===
rid=1 model='gemma-3n-E4B-it' reason=native-terminated
totalMs=8554 inferenceMs=8551 firstTokenMs=4129
logicalDone=true logicalDoneAt=2253553519
nativeTerminated=true cancelTag='null'
lastDeltaMsAgo=183 lastEventMsAgo=17
chunks=28 emittedChars=86 capturedAll=true out.len=86
=== OUTPUT (FULL) ===
{"score": 65, "missing_points": ["yield loss, damage type"], "followup_needed": true}

2026-09-09T16:54:01.067Z D/AiViewModel [DefaultDispatcher-worker-3] run[1]: EVAL_JSON parsed score=65 followups=0 fu0=''
2026-09-09T16:54:01.067Z D/AiViewModel [DefaultDispatcher-worker-3] stepHistory+ runId=1 phase=EVAL mode=EVAL_JSON raw.len=86 score=65 FU=0 FU0='<none>' timeout=false err=null
2026-09-09T16:54:01.067Z I/AiViewModel [DefaultDispatcher-worker-3] run[1] done: phase=EVAL mode=EVAL_JSON score=65 FU0.len=0 FU0.sha16=none commit=true err=<none>
2026-09-09T16:54:01.067Z I/FullTextOut [DefaultDispatcher-worker-3] [part=000] run[1]: RawTextOut
{"score": 65, "missing_points": ["yield loss, damage type"], "followup_needed": true}

2026-09-09T16:54:01.080Z D/SurveyVM [DefaultDispatcher-worker-3] getFollowupPrompt[Q8] -> len=382 evalLen=86
2026-09-09T16:54:01.081Z D/AiViewModel [DefaultDispatcher-worker-3] run[2]: mode=FOLLOWUP_JSON_OR_TEXT phase=FOLLOWUP commit=false prompt.len=382, fullPrompt.len=919, timeoutMs=60000
2026-09-09T16:54:01.082Z D/AiViewModel [DefaultDispatcher-worker-3] run[2]: sha(prompt)=88f76bed48020eb78d5592b431ba41966d13796a05f29ba0bd38b9c7d5acc3a6 sha(full)=c0bfd5fa4b006b4363fab3443f31e6f594dfcd11880a73e78c395327cee2b3ba
2026-09-09T16:54:01.082Z I/FullPromptReview [DefaultDispatcher-worker-3] [part=000] run[2]: phase=FOLLOWUP FullPrompt
Evaluate only the original survey target using all supplied answers.
Generate exactly one short English question addressing one unresolved target-required deficiency in EVAL_JSON. Use the original target, original answer and accumulated answered followup pairs. Do not repeat an earlier question or ask for information already provided. Never add new objectives. Output only the question on one line; no JSON, score, analysis, labels, or quotes.
Keep the question short and single-scope.
Exactly one English question on one line.
INPUT:
Expected answer target: Whether FAW affected the crop, and if so, a description of the effect (yield loss, damage type, etc.).
Question: Has fall armyworm ever affected your maize? If yes, how did it affect your crop?
Original answer: Yes, it caused problems.
Answered followup pairs: 
EVAL_JSON: {"score": 65, "missing_points": ["yield loss, damage type"], "followup_needed": true}
2026-09-09T16:54:01.084Z D/LiteRtRepository [DefaultDispatcher-worker-3] [2] request start model='gemma-3n-E4B-it' prompt.len=919 sha=c0bfd5fa4b006b43 gateWaitMs=0
2026-09-09T16:54:01.084Z D/LiteRtRepository [DefaultDispatcher-worker-3] [part=000] [2] PROMPT (FULL) sha=c0bfd5fa4b006b43
Evaluate only the original survey target using all supplied answers.
Generate exactly one short English question addressing one unresolved target-required deficiency in EVAL_JSON. Use the original target, original answer and accumulated answered followup pairs. Do not repeat an earlier question or ask for information already provided. Never add new objectives. Output only the question on one line; no JSON, score, analysis, labels, or quotes.
Keep the question short and single-scope.
Exactly one English question on one line.
INPUT:
Expected answer target: Whether FAW affected the crop, and if so, a description of the effect (yield loss, damage type, etc.).
Question: Has fall armyworm ever affected your maize? If yes, how did it affect your crop?
Original answer: Yes, it caused problems.
Answered followup pairs: 
EVAL_JSON: {"score": 65, "missing_points": ["yield loss, damage type"], "followup_needed": true}
2026-09-09T16:54:01.084Z D/SLM [slm-jni] initializeIfNeeded: model='gemma-3n-E4B-it' image=false audio=false
2026-09-09T16:54:01.085Z D/LiteRtLM [slm-jni] initializeIfNeeded: warm runtime already ready: key='gemma-3n-E4B-it|/data/user/0/com.negi.survey/files/models/gemma-3n-E4B-it-int4.litertlm'
2026-09-09T16:54:01.085Z D/LiteRtRepository [DefaultDispatcher-worker-3] [2] initializeIfNeeded ok initMs=0
2026-09-09T16:54:01.085Z D/SLM [slm-jni] runInference: model='gemma-3n-E4B-it' textLen=919 images=0 audio=0
2026-09-09T16:54:01.086Z D/LiteRtLM [DefaultDispatcher-worker-3] state[run:start] key='gemma-3n-E4B-it|/data/user/0/com.negi.survey/files/models/gemma-3n-E4B-it-int4.litertlm' runId=2 active=true terminated=false logicalDone=false cancel=false pendingCancel=false lastMsgAt=2253553565 lastTermAt=2253553516
2026-09-09T16:54:01.086Z D/LiteRtLM [DefaultDispatcher-worker-3] runInference start: key='gemma-3n-E4B-it|/data/user/0/com.negi.survey/files/models/gemma-3n-E4B-it-int4.litertlm' runId=2 hasText=true originalTextLen=919 effectiveTextLen=919 images=0 audioClips=0
2026-09-09T16:54:01.086Z D/LiteRtLM [DefaultDispatcher-worker-3] LiteRT-LM sendMessageAsync(text): key='gemma-3n-E4B-it|/data/user/0/com.negi.survey/files/models/gemma-3n-E4B-it-int4.litertlm' runId=2 len=919 maxOutputTokens=64
2026-09-09T16:54:01.090Z D/LiteRtLM [DefaultDispatcher-worker-3] sendMessageAsync accepted: key='gemma-3n-E4B-it|/data/user/0/com.negi.survey/files/models/gemma-3n-E4B-it-int4.litertlm' runId=2 dispatchMs=4
2026-09-09T16:54:02.160Z W/LiteRtLM [Thread-36] Inference first output: key='gemma-3n-E4B-it|/data/user/0/com.negi.survey/files/models/gemma-3n-E4B-it-int4.litertlm' runId=2 ttftMs=1074 dispatchMs=4 postDispatchTtftMs=1070 requestToFirstOutputMs=1075
2026-09-09T16:54:02.160Z D/LiteRtLM [Thread-36] stream[key=gemma-3n-E4B-it|/data/user/0/com.negi.survey/files/models/gemma-3n-E4B-it-int4.litertlm runId=2] msg#1 rawChunkLen=3 deltaLen=3 emittedChars=3
2026-09-09T16:54:02.162Z D/LiteRtRepository [main] stream[rid=2 msg#1] done=false deltaLen=3 outLen=3 outPreview='Can' deltaPreview='Can'
2026-09-09T16:54:02.163Z D/AiViewModel [DefaultDispatcher-worker-1] run[2] chunk[1].preview='Can'
2026-09-09T16:54:02.334Z D/AiViewModel [DefaultDispatcher-worker-1] run[2] chunk[2].preview='␠you'
2026-09-09T16:54:02.493Z D/AiViewModel [DefaultDispatcher-worker-1] run[2] chunk[3].preview='␠specify'
2026-09-09T16:54:02.673Z D/AiViewModel [DefaultDispatcher-worker-1] run[2] chunk[4].preview='␠the'
2026-09-09T16:54:02.828Z D/AiViewModel [DefaultDispatcher-worker-1] run[2] chunk[5].preview='␠yield'
2026-09-09T16:54:02.983Z D/AiViewModel [DefaultDispatcher-worker-1] run[2] chunk[6].preview='␠loss'
2026-09-09T16:54:03.140Z D/AiViewModel [DefaultDispatcher-worker-1] run[2] chunk[7].preview='␠or'
2026-09-09T16:54:03.292Z D/LiteRtRepository [main] stream[rid=2 msg#8] done=false deltaLen=7 outLen=40 outPreview='Can you specify the yield loss or damage' deltaPreview=' damage'
2026-09-09T16:54:03.293Z D/AiViewModel [DefaultDispatcher-worker-1] run[2] chunk[8].preview='␠damage'
2026-09-09T16:54:03.452Z D/AiViewModel [DefaultDispatcher-worker-1] run[2] chunk[9].preview='␠type'
2026-09-09T16:54:03.609Z D/AiViewModel [DefaultDispatcher-worker-1] run[2] chunk[10].preview='␠caused'
2026-09-09T16:54:03.764Z D/AiViewModel [DefaultDispatcher-worker-1] run[2] chunk[11].preview='␠by'
2026-09-09T16:54:03.924Z D/AiViewModel [DefaultDispatcher-worker-1] run[2] chunk[12].preview='␠the'
2026-09-09T16:54:04.078Z D/AiViewModel [DefaultDispatcher-worker-1] run[2] chunk[13].preview='␠fall'
2026-09-09T16:54:04.231Z D/AiViewModel [DefaultDispatcher-worker-1] run[2] chunk[14].preview='␠army'
2026-09-09T16:54:04.382Z D/AiViewModel [DefaultDispatcher-worker-1] run[2] chunk[15].preview='worm'
2026-09-09T16:54:04.540Z D/LiteRtLM [Thread-51] stream[key=gemma-3n-E4B-it|/data/user/0/com.negi.survey/files/models/gemma-3n-E4B-it-int4.litertlm runId=2] msg#16 rawChunkLen=1 deltaLen=1 emittedChars=74
2026-09-09T16:54:04.541Z D/LiteRtRepository [main] stream[rid=2 msg#16] done=false deltaLen=1 outLen=74 outPreview='Can you specify the yield loss or damage type caused by the fall armyworm?' deltaPreview='?'
2026-09-09T16:54:04.542Z D/AiViewModel [DefaultDispatcher-worker-1] run[2] chunk[16].preview='?'
2026-09-09T16:54:04.700Z D/LiteRtLM [Thread-52] state[logicalDone] key='gemma-3n-E4B-it|/data/user/0/com.negi.survey/files/models/gemma-3n-E4B-it-int4.litertlm' runId=2 active=true terminated=true logicalDone=true cancel=false pendingCancel=false lastMsgAt=2253557019 lastTermAt=2253557179
2026-09-09T16:54:04.701Z D/LiteRtLM [Thread-52] state[nativeDone:beforeRelease] key='gemma-3n-E4B-it|/data/user/0/com.negi.survey/files/models/gemma-3n-E4B-it-int4.litertlm' runId=2 active=true terminated=true logicalDone=true cancel=false pendingCancel=false lastMsgAt=2253557019 lastTermAt=2253557179
2026-09-09T16:54:04.702Z W/LiteRtLM [Thread-52] Inference timing: key='gemma-3n-E4B-it|/data/user/0/com.negi.survey/files/models/gemma-3n-E4B-it-int4.litertlm' runId=2 ttftMs=1074 dispatchMs=4 postDispatchTtftMs=1070 totalMs=3613 callbacks=16 outputChars=74 cancelled=false error=false requestTotalMs=3614
2026-09-09T16:54:04.704Z D/LiteRtRepository [main] [2] logical done=true; responseClosed=true; waiting native cleanup
2026-09-09T16:54:04.705Z D/LiteRtRepository [main] [2] native cleanup safepoint
2026-09-09T16:54:04.707Z D/SLM [slm-jni] resetConversationAndWait: model='gemma-3n-E4B-it' image=false audio=false
2026-09-09T16:54:04.708Z D/AiViewModel [DefaultDispatcher-worker-2] run[2] stats: chunks=16, chars=74, raw.len=74
2026-09-09T16:54:04.712Z D/AiViewModel [DefaultDispatcher-worker-2] run[2] sha(raw)=eb5b05ff16e2d6ccb97ba6513c0a38691d65eb2fada22fcc11fd9bd0ab148c5b
2026-09-09T16:54:04.713Z D/AiViewModel [DefaultDispatcher-worker-2] run[2] rawVisible='Can␠you␠specify␠the␠yield␠loss␠or␠damage␠type␠caused␠by␠the␠fall␠armyworm?'
2026-09-09T16:54:04.721Z D/AiViewModel [DefaultDispatcher-worker-2] run[2]: FOLLOWUP parse extractorQ='Can␠you␠specify␠the␠yield␠loss␠or␠damage␠type␠caused␠by␠the␠fall␠armyworm?' textQ='Can␠you␠specify␠the␠yield␠loss␠or␠damage␠type␠caused␠by␠the␠fall␠armyworm?' best='Can␠you␠specify␠the␠yield␠loss␠or␠damage␠type␠caused␠by␠the␠fall␠armyworm?'
2026-09-09T16:54:04.721Z D/AiViewModel [DefaultDispatcher-worker-2] stepHistory+ runId=2 phase=FOLLOWUP mode=FOLLOWUP_JSON_OR_TEXT raw.len=74 score=null FU=1 FU0='Can␠you␠specify␠the␠yield␠loss␠or␠damage␠type␠caused␠by␠the␠fall␠armyworm?' timeout=false err=null
2026-09-09T16:54:04.722Z I/AiViewModel [DefaultDispatcher-worker-2] run[2] done: phase=FOLLOWUP mode=FOLLOWUP_JSON_OR_TEXT score=null FU0.len=74 FU0.sha16=eb5b05ff16e2d6cc commit=false err=<none>
2026-09-09T16:54:04.722Z I/FullTextOut [DefaultDispatcher-worker-2] [part=000] run[2]: RawTextOut
Can you specify the yield loss or damage type caused by the fall armyworm?
2026-09-09T16:54:04.725Z D/LiteRtRepository [DefaultDispatcher-worker-5] [2] Conversation reset completed after safepoint
2026-09-09T16:54:04.725Z D/LiteRtRepository [DefaultDispatcher-worker-2] [part=000] [2] FINALIZE: native-terminated
=== AI TRACE STATS (LiteRtRepository) ===
rid=2 model='gemma-3n-E4B-it' reason=native-terminated
totalMs=3642 inferenceMs=3640 firstTokenMs=1075
logicalDone=true logicalDoneAt=2253557182
nativeTerminated=true cancelTag='null'
lastDeltaMsAgo=185 lastEventMsAgo=20
chunks=16 emittedChars=74 capturedAll=true out.len=74
=== OUTPUT (FULL) ===
Can you specify the yield loss or damage type caused by the fall armyworm?
2026-09-09T16:54:04.761Z D/SLM [Instr: androidx.test.runner.AndroidJUnitRunner] cancel: model='gemma-3n-E4B-it'
2026-09-09T16:54:05.671Z D/SLM [Instr: androidx.test.runner.AndroidJUnitRunner] forceCleanUp: model='gemma-3n-E4B-it'
