=== RuntimeLogStore Header ===
ts=2026-09-09T16:58:00.271Z
fileNameFormat=LEGACY
appId=com.negi.survey
versionName=0.0.1
versionCode=1
debug=true
device=Google Pixel 9a
sdk=36
pid=24603
==============================
2026-09-09T16:58:00.271Z I/RuntimeLogStore [rtlog-io] start: actor launched (fileNameFormat=LEGACY)
2026-09-09T16:58:00.207Z D/SurveyApp [main] attachBaseContext: pid=24603 process=com.negi.survey isMain=true sdk=36
2026-09-09T16:58:00.207Z D/SurveyApp [main] bootTiming: attachBaseContext total=67ms
2026-09-09T16:58:00.208Z D/SurveyApp [main] Skipping WorkManager init in attachBaseContext; will init lazily on first enqueue.
2026-09-09T16:58:00.211Z D/SurveyApp [main] CrashCapture installed: where=SurveyApp:attachBaseContext
2026-09-09T16:58:00.569Z W/SurveyApp [main] Diagnostic upload work cancelled by instrumentation argument.
2026-09-09T16:58:00.578Z I/RuntimeLogStore [main] start repair: ctx/dir refreshed
2026-09-09T16:58:00.580Z D/SurveyApp [main] bootTiming: RuntimeLogStore.start took=3ms
2026-09-09T16:58:00.581Z D/SurveyApp [main] bootTiming: AppRingLogStore.install took=0ms
2026-09-09T16:58:00.581Z D/SurveyApp [main] onCreate: pid=24603 process=com.negi.survey isMain=true sdk=36
2026-09-09T16:58:00.643Z D/SurveyApp [main] CrashCapture installed: where=SurveyApp:onCreate(rewrap)
2026-09-09T16:58:00.644Z D/SurveyApp [main] CrashCapture self-healing registered.
2026-09-09T16:58:00.645Z W/SurveyApp [main] Startup diagnostic upload scheduling disabled by instrumentation argument.
2026-09-09T16:58:00.645Z D/SurveyApp [main] bootTiming: onCreate total=363ms
2026-09-09T16:58:00.721Z I/RuntimeLogStore [DefaultDispatcher-worker-1] start repair: ctx/dir refreshed
2026-09-09T16:58:01.697Z D/SLM [Instr: androidx.test.runner.AndroidJUnitRunner] initializeIfNeeded: model='gemma-3n-E4B-it' image=false audio=false
2026-09-09T16:58:01.704Z D/LiteRtLM [DefaultDispatcher-worker-1] Initializing LiteRT-LM: model='gemma-3n-E4B-it', key='gemma-3n-E4B-it|/data/user/0/com.negi.survey/files/models/gemma-3n-E4B-it-int4.litertlm'
2026-09-09T16:58:01.705Z D/LiteRtLM [DefaultDispatcher-worker-1] Capabilities: image=false audio=false
2026-09-09T16:58:01.706Z D/LiteRtLM [DefaultDispatcher-worker-1] Backend=com.google.ai.edge.litertlm.Backend$GPU@b2100d4 maxNumTokens=512 (raw=512) topK=1 topP=0.0 temp=0.0
2026-09-09T16:58:01.706Z D/LiteRtLM [DefaultDispatcher-worker-1] Model path='/data/user/0/com.negi.survey/files/models/gemma-3n-E4B-it-int4.litertlm' sizeBytes=4919541760 lastModified=1788913652575
2026-09-09T16:58:01.706Z D/LiteRtLM [DefaultDispatcher-worker-1] LiteRT-LM native benchmark policy: enabled=false emulator=false
2026-09-09T16:58:01.707Z D/LiteRtLM [DefaultDispatcher-worker-1] Speculative decoding / MTP policy: enabled=false runtimeFlagUpdated=true model='gemma-3n-E4B-it'
2026-09-09T16:58:01.711Z D/LiteRtLM [DefaultDispatcher-worker-1] Engine cacheDir resolved: key='gemma-3n-E4B-it|/data/user/0/com.negi.survey/files/models/gemma-3n-E4B-it-int4.litertlm' backend=com.google.ai.edge.litertlm.Backend$GPU@b2100d4 path='/data/user/0/com.negi.survey/no_backup/litertlm_cache/8b58dd5e854e5353723e4360d401cf7d199b6f10' filesBefore=2
2026-09-09T16:58:08.632Z W/LiteRtLM [DefaultDispatcher-worker-1] Engine.initialize completed: key='gemma-3n-E4B-it|/data/user/0/com.negi.survey/files/models/gemma-3n-E4B-it-int4.litertlm' backend=com.google.ai.edge.litertlm.Backend$GPU@b2100d4 took=6919ms cacheFilesAfter=2
2026-09-09T16:58:08.648Z D/LiteRtLM [DefaultDispatcher-worker-1] createConversation completed: key='gemma-3n-E4B-it|/data/user/0/com.negi.survey/files/models/gemma-3n-E4B-it-int4.litertlm' took=13ms
2026-09-09T16:58:08.649Z D/LiteRtLM [DefaultDispatcher-worker-1] LiteRT-LM initialization succeeded: model='gemma-3n-E4B-it', key='gemma-3n-E4B-it|/data/user/0/com.negi.survey/files/models/gemma-3n-E4B-it-int4.litertlm' engineMs=6919 conversationMs=13 totalMs=6945
2026-09-09T16:58:08.660Z D/AiTrace [Instr: androidx.test.runner.AndroidJUnitRunner] Installed (enabled=true ringEnabled=true)
2026-09-09T16:58:08.779Z D/SurveyVM [main] init -> Start, session=0, uuid=29b48141-797b-4fc2-9577-1ca2e672c4ff, navSize=1, graphSize=20
2026-09-09T16:58:08.783Z D/SurveyVM [main] config.validate -> issues=0
2026-09-09T16:58:08.783Z D/SurveyVM [main] promptSources -> legacy=10, eval=0, follow=0
2026-09-09T16:58:08.783Z D/SurveyVM [main] promptSources.preview -> legacy=[Q10, Q11, Q12, Q13, Q14, Q15, Q16, Q17, Q8, Q9], eval=[], follow=[]
2026-09-09T16:58:08.783Z D/SurveyVM [main] hasTwoStepPrompt[Q10] -> true (eval=195, fu=220)
2026-09-09T16:58:08.783Z D/SurveyVM [main] hasTwoStepPrompt[Q11] -> true (eval=219, fu=244)
2026-09-09T16:58:08.783Z D/SurveyVM [main] hasTwoStepPrompt[Q12] -> true (eval=229, fu=254)
2026-09-09T16:58:08.783Z D/SurveyVM [main] hasTwoStepPrompt[Q13] -> true (eval=184, fu=209)
2026-09-09T16:58:08.783Z D/SurveyVM [main] hasTwoStepPrompt[Q14] -> true (eval=221, fu=246)
2026-09-09T16:58:08.784Z D/SurveyVM [main] hasTwoStepPrompt[Q15] -> true (eval=160, fu=185)
2026-09-09T16:58:08.784Z D/SurveyVM [main] hasTwoStepPrompt[Q16] -> true (eval=185, fu=210)
2026-09-09T16:58:08.784Z D/SurveyVM [main] hasTwoStepPrompt[Q17] -> true (eval=200, fu=225)
2026-09-09T16:58:08.784Z D/SurveyVM [main] hasTwoStepPrompt[Q8] -> true (eval=214, fu=239)
2026-09-09T16:58:08.784Z D/SurveyVM [main] hasTwoStepPrompt[Q9] -> true (eval=190, fu=215)
2026-09-09T16:58:08.784Z D/SurveyVM [main] AI prompt coverage OK (aiCount=10)
2026-09-09T16:58:08.795Z D/SurveyVM [main] hasTwoStepPrompt[Q8] -> true (eval=214, fu=239)
2026-09-09T16:58:09.225Z D/SurveyVM [main] resetAudioRefs -> cleared
2026-09-09T16:58:09.226Z D/SurveyVM [main] resetNavToStart -> key=com.negi.survey.vm.FlowHome@ab83fd7, navSize=1
2026-09-09T16:58:09.226Z D/SurveyVM [main] resetToStart -> Start, session=1, uuid=6344e0ad-df18-4cb1-812c-d8ba3301518e, preserveDraft=false, draftLen=0
2026-09-09T16:58:09.226Z D/SurveyVM [main] activateRunIfNeeded(goto:Q8) -> runNoteLen=0, draftCleared=true, uuid=6344e0ad-df18-4cb1-812c-d8ba3301518e
2026-09-09T16:58:09.226Z D/SurveyVM [main] push -> Q8, navSize=2, stackSize=2
2026-09-09T16:58:09.229Z D/SurveyVM [main] hasTwoStepPrompt[Q8] -> true (eval=214, fu=239)
2026-09-09T16:58:09.258Z D/SurveyVM [Instr: androidx.test.runner.AndroidJUnitRunner] hasTwoStepPrompt[Q8] -> true (eval=214, fu=239)
2026-09-09T16:58:09.261Z D/SurveyVM [Instr: androidx.test.runner.AndroidJUnitRunner] getEvalPrompt[Q8] -> len=388
2026-09-09T16:58:10.072Z D/SurveyVM [main] getEvalPrompt[Q8] -> len=388
2026-09-09T16:58:10.076Z D/AiViewModel [DefaultDispatcher-worker-1] run[1]: mode=EVAL_JSON phase=EVAL commit=true prompt.len=387, fullPrompt.len=1712, timeoutMs=60000
2026-09-09T16:58:10.090Z D/AiViewModel [DefaultDispatcher-worker-1] run[1]: sha(prompt)=0ba2ce366b3dcff44ef21317b45a270d3fdcf3d44cf5eaf5687c8d3a6b9cc64d sha(full)=af0cecad884101cdd4abd1e7639f9b4b9f19963d8c59c81407388a20d38c7f78
2026-09-09T16:58:10.090Z I/FullPromptReview [DefaultDispatcher-worker-1] [part=000] run[1]: phase=EVAL FullPrompt
Evaluate only the original survey target using all supplied answers.
Return only compact JSON {"score":N,"missing_points":[],"followup_needed":false}. N must be an integer 1-100 for relevance, completeness and accuracy against the original target. Evaluate the original answer and all answered followup pairs together. Separate relevance from completeness. An answer can discuss the right topic but still be incomplete. Score 90-100 only when the respondent explicitly provides every material component requested by the Expected answer target and Question. Do not infer missing details from general knowledge, plausibility, or a bare statement that an event occurred. A concise answer may be complete. A verbose or relevant answer that omits any material requested component must score below 90. For example, saying that an event occurred without describing its requested effect is incomplete. For any score below 90, missing_points must contain the specific missing or ambiguous target-required information and followup_needed must be true. Otherwise missing_points is empty and followup_needed is false. Do not generate a question. Do not penalize style or request information outside the target. Write missing_points in English.
Keep missing_points concise.
One JSON object only; no markdown or generated question.
INPUT:
Expected answer target: Whether FAW affected the crop, and if so, a description of the effect (yield loss, damage type, etc.).
Question: Has fall armyworm ever affected your maize? If yes, how did it affect your crop?
Original answer: Last season I saw many insects, asked neighbours for advice, and worried about rain, but I cannot say what happened to my crop.
Answered followup pairs:
2026-09-09T16:58:10.104Z D/LiteRtRepository [DefaultDispatcher-worker-1] [1] request start model='gemma-3n-E4B-it' prompt.len=1712 sha=af0cecad884101cd gateWaitMs=12
2026-09-09T16:58:10.104Z D/LiteRtRepository [DefaultDispatcher-worker-1] [part=000] [1] PROMPT (FULL) sha=af0cecad884101cd
Evaluate only the original survey target using all supplied answers.
Return only compact JSON {"score":N,"missing_points":[],"followup_needed":false}. N must be an integer 1-100 for relevance, completeness and accuracy against the original target. Evaluate the original answer and all answered followup pairs together. Separate relevance from completeness. An answer can discuss the right topic but still be incomplete. Score 90-100 only when the respondent explicitly provides every material component requested by the Expected answer target and Question. Do not infer missing details from general knowledge, plausibility, or a bare statement that an event occurred. A concise answer may be complete. A verbose or relevant answer that omits any material requested component must score below 90. For example, saying that an event occurred without describing its requested effect is incomplete. For any score below 90, missing_points must contain the specific missing or ambiguous target-required information and followup_needed must be true. Otherwise missing_points is empty and followup_needed is false. Do not generate a question. Do not penalize style or request information outside the target. Write missing_points in English.
Keep missing_points concise.
One JSON object only; no markdown or generated question.
INPUT:
Expected answer target: Whether FAW affected the crop, and if so, a description of the effect (yield loss, damage type, etc.).
Question: Has fall armyworm ever affected your maize? If yes, how did it affect your crop?
Original answer: Last season I saw many insects, asked neighbours for advice, and worried about rain, but I cannot say what happened to my crop.
Answered followup pairs:
2026-09-09T16:58:10.105Z D/SLM [slm-jni] initializeIfNeeded: model='gemma-3n-E4B-it' image=false audio=false
2026-09-09T16:58:10.106Z D/LiteRtLM [slm-jni] initializeIfNeeded: warm runtime already ready: key='gemma-3n-E4B-it|/data/user/0/com.negi.survey/files/models/gemma-3n-E4B-it-int4.litertlm'
2026-09-09T16:58:10.106Z D/LiteRtRepository [DefaultDispatcher-worker-1] [1] initializeIfNeeded ok initMs=2
2026-09-09T16:58:10.108Z D/SLM [slm-jni] runInference: model='gemma-3n-E4B-it' textLen=1712 images=0 audio=0
2026-09-09T16:58:10.116Z D/LiteRtLM [DefaultDispatcher-worker-3] state[run:start] key='gemma-3n-E4B-it|/data/user/0/com.negi.survey/files/models/gemma-3n-E4B-it-int4.litertlm' runId=1 active=true terminated=false logicalDone=false cancel=false pendingCancel=false lastMsgAt=2253802595 lastTermAt=0
2026-09-09T16:58:10.118Z D/LiteRtLM [DefaultDispatcher-worker-3] runInference start: key='gemma-3n-E4B-it|/data/user/0/com.negi.survey/files/models/gemma-3n-E4B-it-int4.litertlm' runId=1 hasText=true originalTextLen=1712 effectiveTextLen=1712 images=0 audioClips=0
2026-09-09T16:58:10.118Z D/LiteRtLM [DefaultDispatcher-worker-3] LiteRT-LM sendMessageAsync(text): key='gemma-3n-E4B-it|/data/user/0/com.negi.survey/files/models/gemma-3n-E4B-it-int4.litertlm' runId=1 len=1712 maxOutputTokens=64
2026-09-09T16:58:10.136Z D/LiteRtLM [DefaultDispatcher-worker-3] sendMessageAsync accepted: key='gemma-3n-E4B-it|/data/user/0/com.negi.survey/files/models/gemma-3n-E4B-it-int4.litertlm' runId=1 dispatchMs=19
2026-09-09T16:58:14.470Z W/LiteRtLM [Thread-5] Inference first output: key='gemma-3n-E4B-it|/data/user/0/com.negi.survey/files/models/gemma-3n-E4B-it-int4.litertlm' runId=1 ttftMs=4352 dispatchMs=19 postDispatchTtftMs=4333 requestToFirstOutputMs=4360
2026-09-09T16:58:14.470Z D/LiteRtLM [Thread-5] stream[key=gemma-3n-E4B-it|/data/user/0/com.negi.survey/files/models/gemma-3n-E4B-it-int4.litertlm runId=1] msg#1 rawChunkLen=2 deltaLen=2 emittedChars=2
2026-09-09T16:58:14.472Z D/LiteRtRepository [main] stream[rid=1 msg#1] done=false deltaLen=2 outLen=2 outPreview='{"' deltaPreview='{"'
2026-09-09T16:58:14.474Z D/AiViewModel [DefaultDispatcher-worker-3] run[1] chunk[1].preview='{"'
2026-09-09T16:58:14.649Z D/AiViewModel [DefaultDispatcher-worker-3] run[1] chunk[2].preview='score'
2026-09-09T16:58:14.809Z D/AiViewModel [DefaultDispatcher-worker-3] run[1] chunk[3].preview='":'
2026-09-09T16:58:14.969Z D/AiViewModel [DefaultDispatcher-worker-3] run[1] chunk[4].preview='3'
2026-09-09T16:58:15.124Z D/AiViewModel [DefaultDispatcher-worker-3] run[1] chunk[5].preview='5'
2026-09-09T16:58:15.280Z D/AiViewModel [DefaultDispatcher-worker-3] run[1] chunk[6].preview=',"'
2026-09-09T16:58:15.437Z D/AiViewModel [DefaultDispatcher-worker-3] run[1] chunk[7].preview='missing'
2026-09-09T16:58:15.590Z D/AiViewModel [DefaultDispatcher-worker-3] run[1] chunk[8].preview='_'
2026-09-09T16:58:15.590Z D/LiteRtRepository [main] stream[rid=1 msg#8] done=false deltaLen=1 outLen=21 outPreview='{"score":35,"missing_' deltaPreview='_'
2026-09-09T16:58:15.745Z D/AiViewModel [DefaultDispatcher-worker-3] run[1] chunk[9].preview='points'
2026-09-09T16:58:15.903Z D/AiViewModel [DefaultDispatcher-worker-3] run[1] chunk[10].preview='":["'
2026-09-09T16:58:16.084Z D/AiViewModel [DefaultDispatcher-worker-3] run[1] chunk[11].preview='description'
2026-09-09T16:58:16.238Z D/AiViewModel [DefaultDispatcher-worker-3] run[1] chunk[12].preview='␠of'
2026-09-09T16:58:16.397Z D/AiViewModel [DefaultDispatcher-worker-3] run[1] chunk[13].preview='␠crop'
2026-09-09T16:58:16.556Z D/AiViewModel [DefaultDispatcher-worker-3] run[1] chunk[14].preview='␠effect'
2026-09-09T16:58:16.711Z D/AiViewModel [DefaultDispatcher-worker-3] run[1] chunk[15].preview='"],'
2026-09-09T16:58:16.872Z D/LiteRtLM [Thread-20] stream[key=gemma-3n-E4B-it|/data/user/0/com.negi.survey/files/models/gemma-3n-E4B-it-int4.litertlm runId=1] msg#16 rawChunkLen=2 deltaLen=2 emittedChars=62
2026-09-09T16:58:16.874Z D/AiViewModel [DefaultDispatcher-worker-3] run[1] chunk[16].preview='␠"'
2026-09-09T16:58:16.874Z D/LiteRtRepository [main] stream[rid=1 msg#16] done=false deltaLen=2 outLen=62 outPreview='{"score":35,"missing_points":["description of crop effect"], "' deltaPreview=' "'
2026-09-09T16:58:17.032Z D/AiViewModel [DefaultDispatcher-worker-3] run[1] chunk[17].preview='follow'
2026-09-09T16:58:17.193Z D/AiViewModel [DefaultDispatcher-worker-3] run[1] chunk[18].preview='up'
2026-09-09T16:58:17.349Z D/AiViewModel [DefaultDispatcher-worker-3] run[1] chunk[19].preview='_'
2026-09-09T16:58:17.504Z D/AiViewModel [DefaultDispatcher-worker-3] run[1] chunk[20].preview='needed'
2026-09-09T16:58:17.658Z D/AiViewModel [DefaultDispatcher-worker-3] run[1] chunk[21].preview='":'
2026-09-09T16:58:17.814Z D/AiViewModel [DefaultDispatcher-worker-3] run[1] chunk[22].preview='true'
2026-09-09T16:58:17.969Z D/AiViewModel [DefaultDispatcher-worker-3] run[1] chunk[23].preview='}'
2026-09-09T16:58:18.125Z D/AiViewModel [DefaultDispatcher-worker-3] run[1] chunk[24].preview='↩'
2026-09-09T16:58:18.125Z D/LiteRtRepository [main] stream[rid=1 msg#24] done=false deltaLen=1 outLen=85 outPreview='{"score":35,"missing_points":["description of crop effect"], "followup_needed":true}\n' deltaPreview='\n'
2026-09-09T16:58:18.277Z D/LiteRtLM [Thread-29] state[logicalDone] key='gemma-3n-E4B-it|/data/user/0/com.negi.survey/files/models/gemma-3n-E4B-it-int4.litertlm' runId=1 active=true terminated=true logicalDone=true cancel=false pendingCancel=false lastMsgAt=2253810603 lastTermAt=2253810757
2026-09-09T16:58:18.279Z D/LiteRtLM [Thread-29] state[nativeDone:beforeRelease] key='gemma-3n-E4B-it|/data/user/0/com.negi.survey/files/models/gemma-3n-E4B-it-int4.litertlm' runId=1 active=true terminated=true logicalDone=true cancel=false pendingCancel=false lastMsgAt=2253810603 lastTermAt=2253810757
2026-09-09T16:58:18.279Z W/LiteRtLM [Thread-29] Inference timing: key='gemma-3n-E4B-it|/data/user/0/com.negi.survey/files/models/gemma-3n-E4B-it-int4.litertlm' runId=1 ttftMs=4352 dispatchMs=19 postDispatchTtftMs=4333 totalMs=8160 callbacks=24 outputChars=85 cancelled=false error=false requestTotalMs=8168
2026-09-09T16:58:18.282Z D/LiteRtRepository [main] [1] logical done=true; responseClosed=true; waiting native cleanup
2026-09-09T16:58:18.282Z D/LiteRtRepository [main] [1] native cleanup safepoint
2026-09-09T16:58:18.285Z D/AiViewModel [DefaultDispatcher-worker-2] run[1] stats: chunks=24, chars=85, raw.len=85
2026-09-09T16:58:18.285Z D/SLM [slm-jni] resetConversationAndWait: model='gemma-3n-E4B-it' image=false audio=false
2026-09-09T16:58:18.288Z D/AiViewModel [DefaultDispatcher-worker-2] run[1] sha(raw)=0263eba3783c596a0fee8399f07824bdb912aa2b1bf06bf65eae0e8cac4b4e51
2026-09-09T16:58:18.288Z D/AiViewModel [DefaultDispatcher-worker-2] run[1] rawVisible='{"score":35,"missing_points":["description␠of␠crop␠effect"],␠"followup_needed":true}↩'
2026-09-09T16:58:18.305Z D/LiteRtRepository [DefaultDispatcher-worker-4] [1] Conversation reset completed after safepoint
2026-09-09T16:58:18.307Z D/LiteRtRepository [DefaultDispatcher-worker-4] [part=000] [1] FINALIZE: native-terminated
=== AI TRACE STATS (LiteRtRepository) ===
rid=1 model='gemma-3n-E4B-it' reason=native-terminated
totalMs=8204 inferenceMs=8200 firstTokenMs=4365
logicalDone=true logicalDoneAt=2253810760
nativeTerminated=true cancelTag='null'
lastDeltaMsAgo=182 lastEventMsAgo=24
chunks=24 emittedChars=85 capturedAll=true out.len=85
=== OUTPUT (FULL) ===
{"score":35,"missing_points":["description of crop effect"], "followup_needed":true}

2026-09-09T16:58:18.311Z D/AiViewModel [DefaultDispatcher-worker-2] run[1]: EVAL_JSON parsed score=35 followups=0 fu0=''
2026-09-09T16:58:18.311Z D/AiViewModel [DefaultDispatcher-worker-2] stepHistory+ runId=1 phase=EVAL mode=EVAL_JSON raw.len=85 score=35 FU=0 FU0='<none>' timeout=false err=null
2026-09-09T16:58:18.311Z I/AiViewModel [DefaultDispatcher-worker-2] run[1] done: phase=EVAL mode=EVAL_JSON score=35 FU0.len=0 FU0.sha16=none commit=true err=<none>
2026-09-09T16:58:18.311Z I/FullTextOut [DefaultDispatcher-worker-2] [part=000] run[1]: RawTextOut
{"score":35,"missing_points":["description of crop effect"], "followup_needed":true}

2026-09-09T16:58:18.315Z D/SurveyVM [DefaultDispatcher-worker-2] getFollowupPrompt[Q8] -> len=484 evalLen=85
2026-09-09T16:58:18.316Z D/AiViewModel [DefaultDispatcher-worker-2] run[2]: mode=FOLLOWUP_JSON_OR_TEXT phase=FOLLOWUP commit=false prompt.len=484, fullPrompt.len=1021, timeoutMs=60000
2026-09-09T16:58:18.316Z D/AiViewModel [DefaultDispatcher-worker-2] run[2]: sha(prompt)=b0ad5d874688ea40d918ff65b0b584be689da53962c62bbc58c4e5161089ae35 sha(full)=dad243873de9034143818bf5d347e4fe422719d5867ffbc41f2302afeb647dcc
2026-09-09T16:58:18.317Z I/FullPromptReview [DefaultDispatcher-worker-2] [part=000] run[2]: phase=FOLLOWUP FullPrompt
Evaluate only the original survey target using all supplied answers.
Generate exactly one short English question addressing one unresolved target-required deficiency in EVAL_JSON. Use the original target, original answer and accumulated answered followup pairs. Do not repeat an earlier question or ask for information already provided. Never add new objectives. Output only the question on one line; no JSON, score, analysis, labels, or quotes.
Keep the question short and single-scope.
Exactly one English question on one line.
INPUT:
Expected answer target: Whether FAW affected the crop, and if so, a description of the effect (yield loss, damage type, etc.).
Question: Has fall armyworm ever affected your maize? If yes, how did it affect your crop?
Original answer: Last season I saw many insects, asked neighbours for advice, and worried about rain, but I cannot say what happened to my crop.
Answered followup pairs: 
EVAL_JSON: {"score":35,"missing_points":["description of crop effect"], "followup_needed":true}
2026-09-09T16:58:18.318Z D/LiteRtRepository [DefaultDispatcher-worker-2] [2] request start model='gemma-3n-E4B-it' prompt.len=1021 sha=dad243873de90341 gateWaitMs=0
2026-09-09T16:58:18.318Z D/LiteRtRepository [DefaultDispatcher-worker-2] [part=000] [2] PROMPT (FULL) sha=dad243873de90341
Evaluate only the original survey target using all supplied answers.
Generate exactly one short English question addressing one unresolved target-required deficiency in EVAL_JSON. Use the original target, original answer and accumulated answered followup pairs. Do not repeat an earlier question or ask for information already provided. Never add new objectives. Output only the question on one line; no JSON, score, analysis, labels, or quotes.
Keep the question short and single-scope.
Exactly one English question on one line.
INPUT:
Expected answer target: Whether FAW affected the crop, and if so, a description of the effect (yield loss, damage type, etc.).
Question: Has fall armyworm ever affected your maize? If yes, how did it affect your crop?
Original answer: Last season I saw many insects, asked neighbours for advice, and worried about rain, but I cannot say what happened to my crop.
Answered followup pairs: 
EVAL_JSON: {"score":35,"missing_points":["description of crop effect"], "followup_needed":true}
2026-09-09T16:58:18.318Z D/SLM [slm-jni] initializeIfNeeded: model='gemma-3n-E4B-it' image=false audio=false
2026-09-09T16:58:18.319Z D/LiteRtLM [slm-jni] initializeIfNeeded: warm runtime already ready: key='gemma-3n-E4B-it|/data/user/0/com.negi.survey/files/models/gemma-3n-E4B-it-int4.litertlm'
2026-09-09T16:58:18.319Z D/LiteRtRepository [DefaultDispatcher-worker-2] [2] initializeIfNeeded ok initMs=1
2026-09-09T16:58:18.319Z D/SLM [slm-jni] runInference: model='gemma-3n-E4B-it' textLen=1021 images=0 audio=0
2026-09-09T16:58:18.320Z D/LiteRtLM [DefaultDispatcher-worker-2] state[run:start] key='gemma-3n-E4B-it|/data/user/0/com.negi.survey/files/models/gemma-3n-E4B-it-int4.litertlm' runId=2 active=true terminated=false logicalDone=false cancel=false pendingCancel=false lastMsgAt=2253810799 lastTermAt=2253810757
2026-09-09T16:58:18.320Z D/LiteRtLM [DefaultDispatcher-worker-2] runInference start: key='gemma-3n-E4B-it|/data/user/0/com.negi.survey/files/models/gemma-3n-E4B-it-int4.litertlm' runId=2 hasText=true originalTextLen=1021 effectiveTextLen=1021 images=0 audioClips=0
2026-09-09T16:58:18.320Z D/LiteRtLM [DefaultDispatcher-worker-2] LiteRT-LM sendMessageAsync(text): key='gemma-3n-E4B-it|/data/user/0/com.negi.survey/files/models/gemma-3n-E4B-it-int4.litertlm' runId=2 len=1021 maxOutputTokens=64
2026-09-09T16:58:18.324Z D/LiteRtLM [DefaultDispatcher-worker-2] sendMessageAsync accepted: key='gemma-3n-E4B-it|/data/user/0/com.negi.survey/files/models/gemma-3n-E4B-it-int4.litertlm' runId=2 dispatchMs=4
2026-09-09T16:58:19.415Z W/LiteRtLM [Thread-32] Inference first output: key='gemma-3n-E4B-it|/data/user/0/com.negi.survey/files/models/gemma-3n-E4B-it-int4.litertlm' runId=2 ttftMs=1094 dispatchMs=4 postDispatchTtftMs=1090 requestToFirstOutputMs=1095
2026-09-09T16:58:19.417Z D/LiteRtLM [Thread-32] stream[key=gemma-3n-E4B-it|/data/user/0/com.negi.survey/files/models/gemma-3n-E4B-it-int4.litertlm runId=2] msg#1 rawChunkLen=3 deltaLen=3 emittedChars=3
2026-09-09T16:58:19.418Z D/LiteRtRepository [main] stream[rid=2 msg#1] done=false deltaLen=3 outLen=3 outPreview='Can' deltaPreview='Can'
2026-09-09T16:58:19.419Z D/AiViewModel [DefaultDispatcher-worker-4] run[2] chunk[1].preview='Can'
2026-09-09T16:58:19.584Z D/AiViewModel [DefaultDispatcher-worker-4] run[2] chunk[2].preview='␠you'
2026-09-09T16:58:19.742Z D/AiViewModel [DefaultDispatcher-worker-4] run[2] chunk[3].preview='␠describe'
2026-09-09T16:58:19.893Z D/AiViewModel [DefaultDispatcher-worker-4] run[2] chunk[4].preview='␠what'
2026-09-09T16:58:20.049Z D/AiViewModel [DefaultDispatcher-worker-4] run[2] chunk[5].preview='␠happened'
2026-09-09T16:58:20.201Z D/AiViewModel [DefaultDispatcher-worker-4] run[2] chunk[6].preview='␠to'
2026-09-09T16:58:20.358Z D/AiViewModel [DefaultDispatcher-worker-4] run[2] chunk[7].preview='␠your'
2026-09-09T16:58:20.508Z D/LiteRtRepository [main] stream[rid=2 msg#8] done=false deltaLen=6 outLen=44 outPreview='Can you describe what happened to your maize' deltaPreview=' maize'
2026-09-09T16:58:20.509Z D/AiViewModel [DefaultDispatcher-worker-4] run[2] chunk[8].preview='␠maize'
2026-09-09T16:58:20.673Z D/AiViewModel [DefaultDispatcher-worker-4] run[2] chunk[9].preview='␠crop'
2026-09-09T16:58:20.830Z D/AiViewModel [DefaultDispatcher-worker-4] run[2] chunk[10].preview='␠last'
2026-09-09T16:58:20.988Z D/AiViewModel [DefaultDispatcher-worker-4] run[2] chunk[11].preview='␠season'
2026-09-09T16:58:21.144Z D/AiViewModel [DefaultDispatcher-worker-4] run[2] chunk[12].preview='?'
2026-09-09T16:58:21.298Z D/LiteRtLM [Thread-44] state[logicalDone] key='gemma-3n-E4B-it|/data/user/0/com.negi.survey/files/models/gemma-3n-E4B-it-int4.litertlm' runId=2 active=true terminated=true logicalDone=true cancel=false pendingCancel=false lastMsgAt=2253813621 lastTermAt=2253813777
2026-09-09T16:58:21.299Z D/LiteRtLM [Thread-44] state[nativeDone:beforeRelease] key='gemma-3n-E4B-it|/data/user/0/com.negi.survey/files/models/gemma-3n-E4B-it-int4.litertlm' runId=2 active=true terminated=true logicalDone=true cancel=false pendingCancel=false lastMsgAt=2253813621 lastTermAt=2253813777
2026-09-09T16:58:21.300Z W/LiteRtLM [Thread-44] Inference timing: key='gemma-3n-E4B-it|/data/user/0/com.negi.survey/files/models/gemma-3n-E4B-it-int4.litertlm' runId=2 ttftMs=1094 dispatchMs=4 postDispatchTtftMs=1090 totalMs=2977 callbacks=12 outputChars=62 cancelled=false error=false requestTotalMs=2978
2026-09-09T16:58:21.302Z D/LiteRtRepository [main] [2] logical done=true; responseClosed=true; waiting native cleanup
2026-09-09T16:58:21.304Z D/LiteRtRepository [main] [2] native cleanup safepoint
2026-09-09T16:58:21.306Z D/AiViewModel [DefaultDispatcher-worker-3] run[2] stats: chunks=12, chars=62, raw.len=62
2026-09-09T16:58:21.306Z D/SLM [slm-jni] resetConversationAndWait: model='gemma-3n-E4B-it' image=false audio=false
2026-09-09T16:58:21.308Z D/AiViewModel [DefaultDispatcher-worker-3] run[2] sha(raw)=5629cd0fb5c7ea12171cef993d8ff01e22bbf93e826fa35612b3abff186c2b87
2026-09-09T16:58:21.309Z D/AiViewModel [DefaultDispatcher-worker-3] run[2] rawVisible='Can␠you␠describe␠what␠happened␠to␠your␠maize␠crop␠last␠season?'
2026-09-09T16:58:21.320Z D/AiViewModel [DefaultDispatcher-worker-3] run[2]: FOLLOWUP parse extractorQ='Can␠you␠describe␠what␠happened␠to␠your␠maize␠crop␠last␠season?' textQ='Can␠you␠describe␠what␠happened␠to␠your␠maize␠crop␠last␠season?' best='Can␠you␠describe␠what␠happened␠to␠your␠maize␠crop␠last␠season?'
2026-09-09T16:58:21.321Z D/AiViewModel [DefaultDispatcher-worker-3] stepHistory+ runId=2 phase=FOLLOWUP mode=FOLLOWUP_JSON_OR_TEXT raw.len=62 score=null FU=1 FU0='Can␠you␠describe␠what␠happened␠to␠your␠maize␠crop␠last␠season?' timeout=false err=null
2026-09-09T16:58:21.322Z D/LiteRtRepository [DefaultDispatcher-worker-2] [2] Conversation reset completed after safepoint
2026-09-09T16:58:21.324Z I/AiViewModel [DefaultDispatcher-worker-3] run[2] done: phase=FOLLOWUP mode=FOLLOWUP_JSON_OR_TEXT score=null FU0.len=62 FU0.sha16=5629cd0fb5c7ea12 commit=false err=<none>
2026-09-09T16:58:21.325Z I/FullTextOut [DefaultDispatcher-worker-3] [part=000] run[2]: RawTextOut
Can you describe what happened to your maize crop last season?
2026-09-09T16:58:21.325Z D/LiteRtRepository [DefaultDispatcher-worker-5] [part=000] [2] FINALIZE: native-terminated
=== AI TRACE STATS (LiteRtRepository) ===
rid=2 model='gemma-3n-E4B-it' reason=native-terminated
totalMs=3007 inferenceMs=3005 firstTokenMs=1098
logicalDone=true logicalDoneAt=2253813780
nativeTerminated=true cancelTag='null'
lastDeltaMsAgo=182 lastEventMsAgo=21
chunks=12 emittedChars=62 capturedAll=true out.len=62
=== OUTPUT (FULL) ===
Can you describe what happened to your maize crop last season?
2026-09-09T16:58:21.342Z D/SLM [Instr: androidx.test.runner.AndroidJUnitRunner] cancel: model='gemma-3n-E4B-it'
2026-09-09T16:58:22.384Z D/SLM [Instr: androidx.test.runner.AndroidJUnitRunner] forceCleanUp: model='gemma-3n-E4B-it'
