=== RuntimeLogStore Header ===
ts=2026-09-09T16:57:06.206Z
fileNameFormat=LEGACY
appId=com.negi.survey
versionName=0.0.1
versionCode=1
debug=true
device=Google Pixel 9a
sdk=36
pid=24454
==============================
2026-09-09T16:57:06.207Z I/RuntimeLogStore [rtlog-io] start: actor launched (fileNameFormat=LEGACY)
2026-09-09T16:57:06.141Z D/SurveyApp [main] attachBaseContext: pid=24454 process=com.negi.survey isMain=true sdk=36
2026-09-09T16:57:06.142Z D/SurveyApp [main] bootTiming: attachBaseContext total=74ms
2026-09-09T16:57:06.142Z D/SurveyApp [main] Skipping WorkManager init in attachBaseContext; will init lazily on first enqueue.
2026-09-09T16:57:06.146Z D/SurveyApp [main] CrashCapture installed: where=SurveyApp:attachBaseContext
2026-09-09T16:57:06.486Z W/SurveyApp [main] Diagnostic upload work cancelled by instrumentation argument.
2026-09-09T16:57:06.490Z I/RuntimeLogStore [main] start repair: ctx/dir refreshed
2026-09-09T16:57:06.492Z D/SurveyApp [main] bootTiming: RuntimeLogStore.start took=3ms
2026-09-09T16:57:06.494Z D/SurveyApp [main] bootTiming: AppRingLogStore.install took=1ms
2026-09-09T16:57:06.496Z D/SurveyApp [main] onCreate: pid=24454 process=com.negi.survey isMain=true sdk=36
2026-09-09T16:57:06.541Z D/SurveyApp [main] CrashCapture installed: where=SurveyApp:onCreate(rewrap)
2026-09-09T16:57:06.542Z D/SurveyApp [main] CrashCapture self-healing registered.
2026-09-09T16:57:06.543Z W/SurveyApp [main] Startup diagnostic upload scheduling disabled by instrumentation argument.
2026-09-09T16:57:06.543Z D/SurveyApp [main] bootTiming: onCreate total=325ms
2026-09-09T16:57:06.605Z I/RuntimeLogStore [DefaultDispatcher-worker-2] start repair: ctx/dir refreshed
2026-09-09T16:57:07.544Z D/SLM [Instr: androidx.test.runner.AndroidJUnitRunner] initializeIfNeeded: model='gemma-3n-E4B-it' image=false audio=false
2026-09-09T16:57:07.552Z D/LiteRtLM [DefaultDispatcher-worker-2] Initializing LiteRT-LM: model='gemma-3n-E4B-it', key='gemma-3n-E4B-it|/data/user/0/com.negi.survey/files/models/gemma-3n-E4B-it-int4.litertlm'
2026-09-09T16:57:07.553Z D/LiteRtLM [DefaultDispatcher-worker-2] Capabilities: image=false audio=false
2026-09-09T16:57:07.553Z D/LiteRtLM [DefaultDispatcher-worker-2] Backend=com.google.ai.edge.litertlm.Backend$GPU@b2100d4 maxNumTokens=512 (raw=512) topK=1 topP=0.0 temp=0.0
2026-09-09T16:57:07.553Z D/LiteRtLM [DefaultDispatcher-worker-2] Model path='/data/user/0/com.negi.survey/files/models/gemma-3n-E4B-it-int4.litertlm' sizeBytes=4919541760 lastModified=1788913652575
2026-09-09T16:57:07.553Z D/LiteRtLM [DefaultDispatcher-worker-2] LiteRT-LM native benchmark policy: enabled=false emulator=false
2026-09-09T16:57:07.554Z D/LiteRtLM [DefaultDispatcher-worker-2] Speculative decoding / MTP policy: enabled=false runtimeFlagUpdated=true model='gemma-3n-E4B-it'
2026-09-09T16:57:07.557Z D/LiteRtLM [DefaultDispatcher-worker-2] Engine cacheDir resolved: key='gemma-3n-E4B-it|/data/user/0/com.negi.survey/files/models/gemma-3n-E4B-it-int4.litertlm' backend=com.google.ai.edge.litertlm.Backend$GPU@b2100d4 path='/data/user/0/com.negi.survey/no_backup/litertlm_cache/8b58dd5e854e5353723e4360d401cf7d199b6f10' filesBefore=2
2026-09-09T16:57:14.543Z W/LiteRtLM [DefaultDispatcher-worker-2] Engine.initialize completed: key='gemma-3n-E4B-it|/data/user/0/com.negi.survey/files/models/gemma-3n-E4B-it-int4.litertlm' backend=com.google.ai.edge.litertlm.Backend$GPU@b2100d4 took=6980ms cacheFilesAfter=2
2026-09-09T16:57:14.565Z D/LiteRtLM [DefaultDispatcher-worker-2] createConversation completed: key='gemma-3n-E4B-it|/data/user/0/com.negi.survey/files/models/gemma-3n-E4B-it-int4.litertlm' took=22ms
2026-09-09T16:57:14.566Z D/LiteRtLM [DefaultDispatcher-worker-2] LiteRT-LM initialization succeeded: model='gemma-3n-E4B-it', key='gemma-3n-E4B-it|/data/user/0/com.negi.survey/files/models/gemma-3n-E4B-it-int4.litertlm' engineMs=6980 conversationMs=22 totalMs=7015
2026-09-09T16:57:14.568Z D/AiTrace [Instr: androidx.test.runner.AndroidJUnitRunner] Installed (enabled=true ringEnabled=true)
2026-09-09T16:57:14.675Z D/SurveyVM [main] init -> Start, session=0, uuid=d99267e9-a2f3-4b1e-ade0-4ebcd74dc6f1, navSize=1, graphSize=20
2026-09-09T16:57:14.679Z D/SurveyVM [main] config.validate -> issues=0
2026-09-09T16:57:14.679Z D/SurveyVM [main] promptSources -> legacy=10, eval=0, follow=0
2026-09-09T16:57:14.679Z D/SurveyVM [main] promptSources.preview -> legacy=[Q10, Q11, Q12, Q13, Q14, Q15, Q16, Q17, Q8, Q9], eval=[], follow=[]
2026-09-09T16:57:14.679Z D/SurveyVM [main] hasTwoStepPrompt[Q10] -> true (eval=195, fu=220)
2026-09-09T16:57:14.679Z D/SurveyVM [main] hasTwoStepPrompt[Q11] -> true (eval=219, fu=244)
2026-09-09T16:57:14.679Z D/SurveyVM [main] hasTwoStepPrompt[Q12] -> true (eval=229, fu=254)
2026-09-09T16:57:14.680Z D/SurveyVM [main] hasTwoStepPrompt[Q13] -> true (eval=184, fu=209)
2026-09-09T16:57:14.680Z D/SurveyVM [main] hasTwoStepPrompt[Q14] -> true (eval=221, fu=246)
2026-09-09T16:57:14.680Z D/SurveyVM [main] hasTwoStepPrompt[Q15] -> true (eval=160, fu=185)
2026-09-09T16:57:14.680Z D/SurveyVM [main] hasTwoStepPrompt[Q16] -> true (eval=185, fu=210)
2026-09-09T16:57:14.680Z D/SurveyVM [main] hasTwoStepPrompt[Q17] -> true (eval=200, fu=225)
2026-09-09T16:57:14.680Z D/SurveyVM [main] hasTwoStepPrompt[Q8] -> true (eval=214, fu=239)
2026-09-09T16:57:14.680Z D/SurveyVM [main] hasTwoStepPrompt[Q9] -> true (eval=190, fu=215)
2026-09-09T16:57:14.680Z D/SurveyVM [main] AI prompt coverage OK (aiCount=10)
2026-09-09T16:57:14.689Z D/SurveyVM [main] hasTwoStepPrompt[Q8] -> true (eval=214, fu=239)
2026-09-09T16:57:15.150Z D/SurveyVM [main] resetAudioRefs -> cleared
2026-09-09T16:57:15.151Z D/SurveyVM [main] resetNavToStart -> key=com.negi.survey.vm.FlowHome@b30e0c4, navSize=1
2026-09-09T16:57:15.151Z D/SurveyVM [main] resetToStart -> Start, session=1, uuid=fd98829f-9c3f-462c-ab3c-479a7cbeb0dc, preserveDraft=false, draftLen=0
2026-09-09T16:57:15.152Z D/SurveyVM [main] activateRunIfNeeded(goto:Q8) -> runNoteLen=0, draftCleared=true, uuid=fd98829f-9c3f-462c-ab3c-479a7cbeb0dc
2026-09-09T16:57:15.152Z D/SurveyVM [main] push -> Q8, navSize=2, stackSize=2
2026-09-09T16:57:15.155Z D/SurveyVM [main] hasTwoStepPrompt[Q8] -> true (eval=214, fu=239)
2026-09-09T16:57:15.184Z D/SurveyVM [Instr: androidx.test.runner.AndroidJUnitRunner] hasTwoStepPrompt[Q8] -> true (eval=214, fu=239)
2026-09-09T16:57:15.185Z D/SurveyVM [Instr: androidx.test.runner.AndroidJUnitRunner] getEvalPrompt[Q8] -> len=275
2026-09-09T16:57:15.950Z D/SurveyVM [main] getEvalPrompt[Q8] -> len=275
2026-09-09T16:57:15.953Z D/AiViewModel [DefaultDispatcher-worker-2] run[1]: mode=EVAL_JSON phase=EVAL commit=true prompt.len=274, fullPrompt.len=1599, timeoutMs=60000
2026-09-09T16:57:15.963Z D/AiViewModel [DefaultDispatcher-worker-2] run[1]: sha(prompt)=a24a256e19ceefab9e66e9b57ed43aad12e250539edb3329d32a38a86129ce8c sha(full)=b7a58d8f71af860cdbad816f6ecf448467c106b423339e336b1aff200b53e8f5
2026-09-09T16:57:15.964Z I/FullPromptReview [DefaultDispatcher-worker-2] [part=000] run[1]: phase=EVAL FullPrompt
Evaluate only the original survey target using all supplied answers.
Return only compact JSON {"score":N,"missing_points":[],"followup_needed":false}. N must be an integer 1-100 for relevance, completeness and accuracy against the original target. Evaluate the original answer and all answered followup pairs together. Separate relevance from completeness. An answer can discuss the right topic but still be incomplete. Score 90-100 only when the respondent explicitly provides every material component requested by the Expected answer target and Question. Do not infer missing details from general knowledge, plausibility, or a bare statement that an event occurred. A concise answer may be complete. A verbose or relevant answer that omits any material requested component must score below 90. For example, saying that an event occurred without describing its requested effect is incomplete. For any score below 90, missing_points must contain the specific missing or ambiguous target-required information and followup_needed must be true. Otherwise missing_points is empty and followup_needed is false. Do not generate a question. Do not penalize style or request information outside the target. Write missing_points in English.
Keep missing_points concise.
One JSON object only; no markdown or generated question.
INPUT:
Expected answer target: Whether FAW affected the crop, and if so, a description of the effect (yield loss, damage type, etc.).
Question: Has fall armyworm ever affected your maize? If yes, how did it affect your crop?
Original answer: I do not know.
Answered followup pairs:
2026-09-09T16:57:15.981Z D/LiteRtRepository [DefaultDispatcher-worker-2] [1] request start model='gemma-3n-E4B-it' prompt.len=1599 sha=b7a58d8f71af860c gateWaitMs=14
2026-09-09T16:57:15.982Z D/LiteRtRepository [DefaultDispatcher-worker-2] [part=000] [1] PROMPT (FULL) sha=b7a58d8f71af860c
Evaluate only the original survey target using all supplied answers.
Return only compact JSON {"score":N,"missing_points":[],"followup_needed":false}. N must be an integer 1-100 for relevance, completeness and accuracy against the original target. Evaluate the original answer and all answered followup pairs together. Separate relevance from completeness. An answer can discuss the right topic but still be incomplete. Score 90-100 only when the respondent explicitly provides every material component requested by the Expected answer target and Question. Do not infer missing details from general knowledge, plausibility, or a bare statement that an event occurred. A concise answer may be complete. A verbose or relevant answer that omits any material requested component must score below 90. For example, saying that an event occurred without describing its requested effect is incomplete. For any score below 90, missing_points must contain the specific missing or ambiguous target-required information and followup_needed must be true. Otherwise missing_points is empty and followup_needed is false. Do not generate a question. Do not penalize style or request information outside the target. Write missing_points in English.
Keep missing_points concise.
One JSON object only; no markdown or generated question.
INPUT:
Expected answer target: Whether FAW affected the crop, and if so, a description of the effect (yield loss, damage type, etc.).
Question: Has fall armyworm ever affected your maize? If yes, how did it affect your crop?
Original answer: I do not know.
Answered followup pairs:
2026-09-09T16:57:15.984Z D/SLM [slm-jni] initializeIfNeeded: model='gemma-3n-E4B-it' image=false audio=false
2026-09-09T16:57:15.988Z D/LiteRtLM [slm-jni] initializeIfNeeded: warm runtime already ready: key='gemma-3n-E4B-it|/data/user/0/com.negi.survey/files/models/gemma-3n-E4B-it-int4.litertlm'
2026-09-09T16:57:15.989Z D/LiteRtRepository [DefaultDispatcher-worker-2] [1] initializeIfNeeded ok initMs=8
2026-09-09T16:57:15.990Z D/SLM [slm-jni] runInference: model='gemma-3n-E4B-it' textLen=1599 images=0 audio=0
2026-09-09T16:57:15.997Z D/LiteRtLM [DefaultDispatcher-worker-3] state[run:start] key='gemma-3n-E4B-it|/data/user/0/com.negi.survey/files/models/gemma-3n-E4B-it-int4.litertlm' runId=1 active=true terminated=false logicalDone=false cancel=false pendingCancel=false lastMsgAt=2253748476 lastTermAt=0
2026-09-09T16:57:15.998Z D/LiteRtLM [DefaultDispatcher-worker-3] runInference start: key='gemma-3n-E4B-it|/data/user/0/com.negi.survey/files/models/gemma-3n-E4B-it-int4.litertlm' runId=1 hasText=true originalTextLen=1599 effectiveTextLen=1599 images=0 audioClips=0
2026-09-09T16:57:15.999Z D/LiteRtLM [DefaultDispatcher-worker-3] LiteRT-LM sendMessageAsync(text): key='gemma-3n-E4B-it|/data/user/0/com.negi.survey/files/models/gemma-3n-E4B-it-int4.litertlm' runId=1 len=1599 maxOutputTokens=64
2026-09-09T16:57:16.039Z D/LiteRtLM [DefaultDispatcher-worker-3] sendMessageAsync accepted: key='gemma-3n-E4B-it|/data/user/0/com.negi.survey/files/models/gemma-3n-E4B-it-int4.litertlm' runId=1 dispatchMs=41
2026-09-09T16:57:20.072Z W/LiteRtLM [Thread-5] Inference first output: key='gemma-3n-E4B-it|/data/user/0/com.negi.survey/files/models/gemma-3n-E4B-it-int4.litertlm' runId=1 ttftMs=4074 dispatchMs=41 postDispatchTtftMs=4033 requestToFirstOutputMs=4080
2026-09-09T16:57:20.072Z D/LiteRtLM [Thread-5] stream[key=gemma-3n-E4B-it|/data/user/0/com.negi.survey/files/models/gemma-3n-E4B-it-int4.litertlm runId=1] msg#1 rawChunkLen=2 deltaLen=2 emittedChars=2
2026-09-09T16:57:20.073Z D/LiteRtRepository [main] stream[rid=1 msg#1] done=false deltaLen=2 outLen=2 outPreview='{"' deltaPreview='{"'
2026-09-09T16:57:20.074Z D/AiViewModel [DefaultDispatcher-worker-3] run[1] chunk[1].preview='{"'
2026-09-09T16:57:20.253Z D/AiViewModel [DefaultDispatcher-worker-3] run[1] chunk[2].preview='score'
2026-09-09T16:57:20.410Z D/AiViewModel [DefaultDispatcher-worker-3] run[1] chunk[3].preview='":'
2026-09-09T16:57:20.569Z D/AiViewModel [DefaultDispatcher-worker-3] run[1] chunk[4].preview='␠'
2026-09-09T16:57:20.728Z D/AiViewModel [DefaultDispatcher-worker-3] run[1] chunk[5].preview='2'
2026-09-09T16:57:20.884Z D/AiViewModel [DefaultDispatcher-worker-3] run[1] chunk[6].preview='0'
2026-09-09T16:57:21.042Z D/AiViewModel [DefaultDispatcher-worker-3] run[1] chunk[7].preview=','
2026-09-09T16:57:21.199Z D/LiteRtRepository [main] stream[rid=1 msg#8] done=false deltaLen=2 outLen=15 outPreview='{"score": 20, "' deltaPreview=' "'
2026-09-09T16:57:21.199Z D/AiViewModel [DefaultDispatcher-worker-3] run[1] chunk[8].preview='␠"'
2026-09-09T16:57:21.356Z D/AiViewModel [DefaultDispatcher-worker-3] run[1] chunk[9].preview='missing'
2026-09-09T16:57:21.509Z D/AiViewModel [DefaultDispatcher-worker-3] run[1] chunk[10].preview='_'
2026-09-09T16:57:21.670Z D/AiViewModel [DefaultDispatcher-worker-1] run[1] chunk[11].preview='points'
2026-09-09T16:57:21.850Z D/AiViewModel [DefaultDispatcher-worker-1] run[1] chunk[12].preview='":'
2026-09-09T16:57:22.026Z D/AiViewModel [DefaultDispatcher-worker-1] run[1] chunk[13].preview='␠["'
2026-09-09T16:57:22.199Z D/AiViewModel [DefaultDispatcher-worker-1] run[1] chunk[14].preview='Whether'
2026-09-09T16:57:22.377Z D/AiViewModel [DefaultDispatcher-worker-1] run[1] chunk[15].preview='␠FA'
2026-09-09T16:57:22.533Z D/LiteRtLM [Thread-20] stream[key=gemma-3n-E4B-it|/data/user/0/com.negi.survey/files/models/gemma-3n-E4B-it-int4.litertlm runId=1] msg#16 rawChunkLen=1 deltaLen=1 emittedChars=45
2026-09-09T16:57:22.534Z D/LiteRtRepository [main] stream[rid=1 msg#16] done=false deltaLen=1 outLen=45 outPreview='{"score": 20, "missing_points": ["Whether FAW' deltaPreview='W'
2026-09-09T16:57:22.534Z D/AiViewModel [DefaultDispatcher-worker-1] run[1] chunk[16].preview='W'
2026-09-09T16:57:22.686Z D/AiViewModel [DefaultDispatcher-worker-1] run[1] chunk[17].preview='␠affected'
2026-09-09T16:57:22.861Z D/AiViewModel [DefaultDispatcher-worker-1] run[1] chunk[18].preview='␠the'
2026-09-09T16:57:23.038Z D/AiViewModel [DefaultDispatcher-worker-1] run[1] chunk[19].preview='␠crop'
2026-09-09T16:57:23.199Z D/AiViewModel [DefaultDispatcher-worker-1] run[1] chunk[20].preview='␠and'
2026-09-09T16:57:23.354Z D/AiViewModel [DefaultDispatcher-worker-1] run[1] chunk[21].preview='␠description'
2026-09-09T16:57:23.512Z D/AiViewModel [DefaultDispatcher-worker-1] run[1] chunk[22].preview='␠of'
2026-09-09T16:57:23.669Z D/AiViewModel [DefaultDispatcher-worker-1] run[1] chunk[23].preview='␠the'
2026-09-09T16:57:23.825Z D/LiteRtRepository [main] stream[rid=1 msg#24] done=false deltaLen=7 outLen=93 outPreview='{"score": 20, "missing_points": ["Whether FAW affected the crop and description of the effect' deltaPreview=' effect'
2026-09-09T16:57:23.826Z D/AiViewModel [DefaultDispatcher-worker-1] run[1] chunk[24].preview='␠effect'
2026-09-09T16:57:24.000Z D/AiViewModel [DefaultDispatcher-worker-1] run[1] chunk[25].preview='"],'
2026-09-09T16:57:24.159Z D/AiViewModel [DefaultDispatcher-worker-1] run[1] chunk[26].preview='␠"'
2026-09-09T16:57:24.313Z D/AiViewModel [DefaultDispatcher-worker-1] run[1] chunk[27].preview='follow'
2026-09-09T16:57:24.469Z D/AiViewModel [DefaultDispatcher-worker-1] run[1] chunk[28].preview='up'
2026-09-09T16:57:24.625Z D/AiViewModel [DefaultDispatcher-worker-1] run[1] chunk[29].preview='_'
2026-09-09T16:57:24.781Z D/AiViewModel [DefaultDispatcher-worker-1] run[1] chunk[30].preview='needed'
2026-09-09T16:57:24.942Z D/AiViewModel [DefaultDispatcher-worker-1] run[1] chunk[31].preview='":'
2026-09-09T16:57:25.095Z D/LiteRtLM [Thread-36] stream[key=gemma-3n-E4B-it|/data/user/0/com.negi.survey/files/models/gemma-3n-E4B-it-int4.litertlm runId=1] msg#32 rawChunkLen=5 deltaLen=5 emittedChars=120
2026-09-09T16:57:25.096Z D/LiteRtRepository [main] stream[rid=1 msg#32] done=false deltaLen=5 outLen=120 outPreview='{"score": 20, "missing_points": ["Whether FAW affected the crop and description of the effect"], "followup_needed": true' deltaPreview=' true'
2026-09-09T16:57:25.097Z D/AiViewModel [DefaultDispatcher-worker-1] run[1] chunk[32].preview='␠true'
2026-09-09T16:57:25.253Z D/AiViewModel [DefaultDispatcher-worker-1] run[1] chunk[33].preview='}'
2026-09-09T16:57:25.409Z D/AiViewModel [DefaultDispatcher-worker-1] run[1] chunk[34].preview='↩'
2026-09-09T16:57:25.571Z D/LiteRtLM [Thread-39] state[logicalDone] key='gemma-3n-E4B-it|/data/user/0/com.negi.survey/files/models/gemma-3n-E4B-it-int4.litertlm' runId=1 active=true terminated=true logicalDone=true cancel=false pendingCancel=false lastMsgAt=2253757887 lastTermAt=2253758050
2026-09-09T16:57:25.573Z D/LiteRtLM [Thread-39] state[nativeDone:beforeRelease] key='gemma-3n-E4B-it|/data/user/0/com.negi.survey/files/models/gemma-3n-E4B-it-int4.litertlm' runId=1 active=true terminated=true logicalDone=true cancel=false pendingCancel=false lastMsgAt=2253757887 lastTermAt=2253758050
2026-09-09T16:57:25.573Z W/LiteRtLM [Thread-39] Inference timing: key='gemma-3n-E4B-it|/data/user/0/com.negi.survey/files/models/gemma-3n-E4B-it-int4.litertlm' runId=1 ttftMs=4074 dispatchMs=41 postDispatchTtftMs=4033 totalMs=9573 callbacks=34 outputChars=122 cancelled=false error=false requestTotalMs=9579
2026-09-09T16:57:25.576Z D/LiteRtRepository [main] [1] logical done=true; responseClosed=true; waiting native cleanup
2026-09-09T16:57:25.577Z D/LiteRtRepository [main] [1] native cleanup safepoint
2026-09-09T16:57:25.578Z D/AiViewModel [DefaultDispatcher-worker-2] run[1] stats: chunks=34, chars=122, raw.len=122
2026-09-09T16:57:25.581Z D/SLM [slm-jni] resetConversationAndWait: model='gemma-3n-E4B-it' image=false audio=false
2026-09-09T16:57:25.581Z D/AiViewModel [DefaultDispatcher-worker-2] run[1] sha(raw)=fa556300da90ca4b4067a7e7782ab700eb1466612f10aed9e214b51a48ff594b
2026-09-09T16:57:25.582Z D/AiViewModel [DefaultDispatcher-worker-2] run[1] rawVisible='{"score":␠20,␠"missing_points":␠["Whether␠FAW␠affected␠the␠crop␠and␠description␠of␠the␠effect"],␠"followup_needed":␠true}↩'
2026-09-09T16:57:25.601Z D/LiteRtRepository [DefaultDispatcher-worker-4] [1] Conversation reset completed after safepoint
2026-09-09T16:57:25.603Z D/LiteRtRepository [DefaultDispatcher-worker-5] [part=000] [1] FINALIZE: native-terminated
=== AI TRACE STATS (LiteRtRepository) ===
rid=1 model='gemma-3n-E4B-it' reason=native-terminated
totalMs=9622 inferenceMs=9613 firstTokenMs=4083
logicalDone=true logicalDoneAt=2253758054
nativeTerminated=true cancelTag='null'
lastDeltaMsAgo=195 lastEventMsAgo=25
chunks=34 emittedChars=122 capturedAll=true out.len=122
=== OUTPUT (FULL) ===
{"score": 20, "missing_points": ["Whether FAW affected the crop and description of the effect"], "followup_needed": true}

2026-09-09T16:57:25.613Z D/AiViewModel [DefaultDispatcher-worker-2] run[1]: EVAL_JSON parsed score=20 followups=0 fu0=''
2026-09-09T16:57:25.614Z D/AiViewModel [DefaultDispatcher-worker-2] stepHistory+ runId=1 phase=EVAL mode=EVAL_JSON raw.len=122 score=20 FU=0 FU0='<none>' timeout=false err=null
2026-09-09T16:57:25.614Z I/AiViewModel [DefaultDispatcher-worker-2] run[1] done: phase=EVAL mode=EVAL_JSON score=20 FU0.len=0 FU0.sha16=none commit=true err=<none>
2026-09-09T16:57:25.614Z I/FullTextOut [DefaultDispatcher-worker-2] [part=000] run[1]: RawTextOut
{"score": 20, "missing_points": ["Whether FAW affected the crop and description of the effect"], "followup_needed": true}

2026-09-09T16:57:25.628Z D/SurveyVM [DefaultDispatcher-worker-2] getFollowupPrompt[Q8] -> len=408 evalLen=122
2026-09-09T16:57:25.629Z D/AiViewModel [DefaultDispatcher-worker-2] run[2]: mode=FOLLOWUP_JSON_OR_TEXT phase=FOLLOWUP commit=false prompt.len=408, fullPrompt.len=945, timeoutMs=60000
2026-09-09T16:57:25.630Z D/AiViewModel [DefaultDispatcher-worker-2] run[2]: sha(prompt)=748554e6f2372841e8ffdb87d1dc147f9a36b9389f423206d4d16dd713611c3d sha(full)=6fd22b627589a2080b42bbb9ab7efb06ceebffc2074c805ab228318f765dda39
2026-09-09T16:57:25.630Z I/FullPromptReview [DefaultDispatcher-worker-2] [part=000] run[2]: phase=FOLLOWUP FullPrompt
Evaluate only the original survey target using all supplied answers.
Generate exactly one short English question addressing one unresolved target-required deficiency in EVAL_JSON. Use the original target, original answer and accumulated answered followup pairs. Do not repeat an earlier question or ask for information already provided. Never add new objectives. Output only the question on one line; no JSON, score, analysis, labels, or quotes.
Keep the question short and single-scope.
Exactly one English question on one line.
INPUT:
Expected answer target: Whether FAW affected the crop, and if so, a description of the effect (yield loss, damage type, etc.).
Question: Has fall armyworm ever affected your maize? If yes, how did it affect your crop?
Original answer: I do not know.
Answered followup pairs: 
EVAL_JSON: {"score": 20, "missing_points": ["Whether FAW affected the crop and description of the effect"], "followup_needed": true}
2026-09-09T16:57:25.632Z D/LiteRtRepository [DefaultDispatcher-worker-2] [2] request start model='gemma-3n-E4B-it' prompt.len=945 sha=6fd22b627589a208 gateWaitMs=0
2026-09-09T16:57:25.632Z D/LiteRtRepository [DefaultDispatcher-worker-2] [part=000] [2] PROMPT (FULL) sha=6fd22b627589a208
Evaluate only the original survey target using all supplied answers.
Generate exactly one short English question addressing one unresolved target-required deficiency in EVAL_JSON. Use the original target, original answer and accumulated answered followup pairs. Do not repeat an earlier question or ask for information already provided. Never add new objectives. Output only the question on one line; no JSON, score, analysis, labels, or quotes.
Keep the question short and single-scope.
Exactly one English question on one line.
INPUT:
Expected answer target: Whether FAW affected the crop, and if so, a description of the effect (yield loss, damage type, etc.).
Question: Has fall armyworm ever affected your maize? If yes, how did it affect your crop?
Original answer: I do not know.
Answered followup pairs: 
EVAL_JSON: {"score": 20, "missing_points": ["Whether FAW affected the crop and description of the effect"], "followup_needed": true}
2026-09-09T16:57:25.632Z D/SLM [slm-jni] initializeIfNeeded: model='gemma-3n-E4B-it' image=false audio=false
2026-09-09T16:57:25.633Z D/LiteRtLM [slm-jni] initializeIfNeeded: warm runtime already ready: key='gemma-3n-E4B-it|/data/user/0/com.negi.survey/files/models/gemma-3n-E4B-it-int4.litertlm'
2026-09-09T16:57:25.633Z D/LiteRtRepository [DefaultDispatcher-worker-2] [2] initializeIfNeeded ok initMs=1
2026-09-09T16:57:25.634Z D/SLM [slm-jni] runInference: model='gemma-3n-E4B-it' textLen=945 images=0 audio=0
2026-09-09T16:57:25.635Z D/LiteRtLM [DefaultDispatcher-worker-2] state[run:start] key='gemma-3n-E4B-it|/data/user/0/com.negi.survey/files/models/gemma-3n-E4B-it-int4.litertlm' runId=2 active=true terminated=false logicalDone=false cancel=false pendingCancel=false lastMsgAt=2253758114 lastTermAt=2253758050
2026-09-09T16:57:25.635Z D/LiteRtLM [DefaultDispatcher-worker-2] runInference start: key='gemma-3n-E4B-it|/data/user/0/com.negi.survey/files/models/gemma-3n-E4B-it-int4.litertlm' runId=2 hasText=true originalTextLen=945 effectiveTextLen=945 images=0 audioClips=0
2026-09-09T16:57:25.635Z D/LiteRtLM [DefaultDispatcher-worker-2] LiteRT-LM sendMessageAsync(text): key='gemma-3n-E4B-it|/data/user/0/com.negi.survey/files/models/gemma-3n-E4B-it-int4.litertlm' runId=2 len=945 maxOutputTokens=64
2026-09-09T16:57:25.642Z D/LiteRtLM [DefaultDispatcher-worker-2] sendMessageAsync accepted: key='gemma-3n-E4B-it|/data/user/0/com.negi.survey/files/models/gemma-3n-E4B-it-int4.litertlm' runId=2 dispatchMs=7
2026-09-09T16:57:26.806Z W/LiteRtLM [Thread-42] Inference first output: key='gemma-3n-E4B-it|/data/user/0/com.negi.survey/files/models/gemma-3n-E4B-it-int4.litertlm' runId=2 ttftMs=1170 dispatchMs=7 postDispatchTtftMs=1163 requestToFirstOutputMs=1171
2026-09-09T16:57:26.806Z D/LiteRtLM [Thread-42] stream[key=gemma-3n-E4B-it|/data/user/0/com.negi.survey/files/models/gemma-3n-E4B-it-int4.litertlm runId=2] msg#1 rawChunkLen=3 deltaLen=3 emittedChars=3
2026-09-09T16:57:26.807Z D/LiteRtRepository [main] stream[rid=2 msg#1] done=false deltaLen=3 outLen=3 outPreview='Can' deltaPreview='Can'
2026-09-09T16:57:26.808Z D/AiViewModel [DefaultDispatcher-worker-5] run[2] chunk[1].preview='Can'
2026-09-09T16:57:26.974Z D/AiViewModel [DefaultDispatcher-worker-5] run[2] chunk[2].preview='␠you'
2026-09-09T16:57:27.129Z D/AiViewModel [DefaultDispatcher-worker-5] run[2] chunk[3].preview='␠please'
2026-09-09T16:57:27.288Z D/AiViewModel [DefaultDispatcher-worker-5] run[2] chunk[4].preview='␠specify'
2026-09-09T16:57:27.468Z D/AiViewModel [DefaultDispatcher-worker-5] run[2] chunk[5].preview='␠if'
2026-09-09T16:57:27.625Z D/AiViewModel [DefaultDispatcher-worker-5] run[2] chunk[6].preview='␠fall'
2026-09-09T16:57:27.783Z D/AiViewModel [DefaultDispatcher-worker-5] run[2] chunk[7].preview='␠army'
2026-09-09T16:57:27.940Z D/LiteRtRepository [main] stream[rid=2 msg#8] done=false deltaLen=4 outLen=39 outPreview='Can you please specify if fall armyworm' deltaPreview='worm'
2026-09-09T16:57:27.941Z D/AiViewModel [DefaultDispatcher-worker-5] run[2] chunk[8].preview='worm'
2026-09-09T16:57:28.094Z D/AiViewModel [DefaultDispatcher-worker-5] run[2] chunk[9].preview='␠affected'
2026-09-09T16:57:28.254Z D/AiViewModel [DefaultDispatcher-worker-5] run[2] chunk[10].preview='␠your'
2026-09-09T16:57:28.410Z D/AiViewModel [DefaultDispatcher-worker-5] run[2] chunk[11].preview='␠maize'
2026-09-09T16:57:28.565Z D/AiViewModel [DefaultDispatcher-worker-5] run[2] chunk[12].preview='␠and'
2026-09-09T16:57:28.722Z D/AiViewModel [DefaultDispatcher-worker-5] run[2] chunk[13].preview='␠describe'
2026-09-09T16:57:28.896Z D/AiViewModel [DefaultDispatcher-worker-5] run[2] chunk[14].preview='␠the'
2026-09-09T16:57:29.054Z D/AiViewModel [DefaultDispatcher-worker-5] run[2] chunk[15].preview='␠impact'
2026-09-09T16:57:29.219Z D/LiteRtLM [Thread-57] stream[key=gemma-3n-E4B-it|/data/user/0/com.negi.survey/files/models/gemma-3n-E4B-it-int4.litertlm runId=2] msg#16 rawChunkLen=1 deltaLen=1 emittedChars=84
2026-09-09T16:57:29.220Z D/LiteRtRepository [main] stream[rid=2 msg#16] done=false deltaLen=1 outLen=84 outPreview='Can you please specify if fall armyworm affected your maize and describe the impact?' deltaPreview='?'
2026-09-09T16:57:29.220Z D/AiViewModel [DefaultDispatcher-worker-5] run[2] chunk[16].preview='?'
2026-09-09T16:57:29.382Z D/LiteRtLM [Thread-58] state[logicalDone] key='gemma-3n-E4B-it|/data/user/0/com.negi.survey/files/models/gemma-3n-E4B-it-int4.litertlm' runId=2 active=true terminated=true logicalDone=true cancel=false pendingCancel=false lastMsgAt=2253761699 lastTermAt=2253761861
2026-09-09T16:57:29.383Z D/LiteRtLM [Thread-58] state[nativeDone:beforeRelease] key='gemma-3n-E4B-it|/data/user/0/com.negi.survey/files/models/gemma-3n-E4B-it-int4.litertlm' runId=2 active=true terminated=true logicalDone=true cancel=false pendingCancel=false lastMsgAt=2253761699 lastTermAt=2253761861
2026-09-09T16:57:29.384Z W/LiteRtLM [Thread-58] Inference timing: key='gemma-3n-E4B-it|/data/user/0/com.negi.survey/files/models/gemma-3n-E4B-it-int4.litertlm' runId=2 ttftMs=1170 dispatchMs=7 postDispatchTtftMs=1163 totalMs=3746 callbacks=16 outputChars=84 cancelled=false error=false requestTotalMs=3747
2026-09-09T16:57:29.386Z D/LiteRtRepository [main] [2] logical done=true; responseClosed=true; waiting native cleanup
2026-09-09T16:57:29.388Z D/LiteRtRepository [main] [2] native cleanup safepoint
2026-09-09T16:57:29.390Z D/AiViewModel [DefaultDispatcher-worker-5] run[2] stats: chunks=16, chars=84, raw.len=84
2026-09-09T16:57:29.392Z D/SLM [slm-jni] resetConversationAndWait: model='gemma-3n-E4B-it' image=false audio=false
2026-09-09T16:57:29.392Z D/AiViewModel [DefaultDispatcher-worker-5] run[2] sha(raw)=7f03f49889457a937b96a19a506922e3bff8763d18f98d6bad4e68620e22259e
2026-09-09T16:57:29.393Z D/AiViewModel [DefaultDispatcher-worker-5] run[2] rawVisible='Can␠you␠please␠specify␠if␠fall␠armyworm␠affected␠your␠maize␠and␠describe␠the␠impact?'
2026-09-09T16:57:29.404Z D/AiViewModel [DefaultDispatcher-worker-5] run[2]: FOLLOWUP parse extractorQ='Can␠you␠please␠specify␠if␠fall␠armyworm␠affected␠your␠maize␠and␠describe␠the␠impact?' textQ='Can␠you␠please␠specify␠if␠fall␠armyworm␠affected␠your␠maize␠and␠describe␠the␠impact?' best='Can␠you␠please␠specify␠if␠fall␠armyworm␠affected␠your␠maize␠and␠describe␠the␠impact?'
2026-09-09T16:57:29.404Z D/AiViewModel [DefaultDispatcher-worker-5] stepHistory+ runId=2 phase=FOLLOWUP mode=FOLLOWUP_JSON_OR_TEXT raw.len=84 score=null FU=1 FU0='Can␠you␠please␠specify␠if␠fall␠armyworm␠affected␠your␠maize␠and␠describe␠the␠impact?' timeout=false err=null
2026-09-09T16:57:29.406Z I/AiViewModel [DefaultDispatcher-worker-5] run[2] done: phase=FOLLOWUP mode=FOLLOWUP_JSON_OR_TEXT score=null FU0.len=84 FU0.sha16=7f03f49889457a93 commit=false err=<none>
2026-09-09T16:57:29.406Z D/LiteRtRepository [DefaultDispatcher-worker-2] [2] Conversation reset completed after safepoint
2026-09-09T16:57:29.407Z I/FullTextOut [DefaultDispatcher-worker-5] [part=000] run[2]: RawTextOut
Can you please specify if fall armyworm affected your maize and describe the impact?
2026-09-09T16:57:29.409Z D/LiteRtRepository [DefaultDispatcher-worker-3] [part=000] [2] FINALIZE: native-terminated
=== AI TRACE STATS (LiteRtRepository) ===
rid=2 model='gemma-3n-E4B-it' reason=native-terminated
totalMs=3776 inferenceMs=3774 firstTokenMs=1173
logicalDone=true logicalDoneAt=2253761864
nativeTerminated=true cancelTag='null'
lastDeltaMsAgo=188 lastEventMsAgo=20
chunks=16 emittedChars=84 capturedAll=true out.len=84
=== OUTPUT (FULL) ===
Can you please specify if fall armyworm affected your maize and describe the impact?
2026-09-09T16:57:29.444Z D/SLM [Instr: androidx.test.runner.AndroidJUnitRunner] cancel: model='gemma-3n-E4B-it'
2026-09-09T16:57:30.361Z D/SLM [Instr: androidx.test.runner.AndroidJUnitRunner] forceCleanUp: model='gemma-3n-E4B-it'
