=== RuntimeLogStore Header ===
ts=2026-09-09T16:56:04.440Z
fileNameFormat=LEGACY
appId=com.negi.survey
versionName=0.0.1
versionCode=1
debug=true
device=Google Pixel 9a
sdk=36
pid=24216
==============================
2026-09-09T16:56:04.441Z I/RuntimeLogStore [rtlog-io] start: actor launched (fileNameFormat=LEGACY)
2026-09-09T16:56:04.387Z D/SurveyApp [main] attachBaseContext: pid=24216 process=com.negi.survey isMain=true sdk=36
2026-09-09T16:56:04.388Z D/SurveyApp [main] bootTiming: attachBaseContext total=76ms
2026-09-09T16:56:04.388Z D/SurveyApp [main] Skipping WorkManager init in attachBaseContext; will init lazily on first enqueue.
2026-09-09T16:56:04.391Z D/SurveyApp [main] CrashCapture installed: where=SurveyApp:attachBaseContext
2026-09-09T16:56:04.747Z W/SurveyApp [main] Diagnostic upload work cancelled by instrumentation argument.
2026-09-09T16:56:04.750Z I/RuntimeLogStore [main] start repair: ctx/dir refreshed
2026-09-09T16:56:04.750Z D/SurveyApp [main] bootTiming: RuntimeLogStore.start took=1ms
2026-09-09T16:56:04.751Z D/SurveyApp [main] bootTiming: AppRingLogStore.install took=0ms
2026-09-09T16:56:04.753Z D/SurveyApp [main] onCreate: pid=24216 process=com.negi.survey isMain=true sdk=36
2026-09-09T16:56:04.800Z D/SurveyApp [main] CrashCapture installed: where=SurveyApp:onCreate(rewrap)
2026-09-09T16:56:04.801Z D/SurveyApp [main] CrashCapture self-healing registered.
2026-09-09T16:56:04.802Z W/SurveyApp [main] Startup diagnostic upload scheduling disabled by instrumentation argument.
2026-09-09T16:56:04.802Z D/SurveyApp [main] bootTiming: onCreate total=348ms
2026-09-09T16:56:04.857Z I/RuntimeLogStore [DefaultDispatcher-worker-1] start repair: ctx/dir refreshed
2026-09-09T16:56:05.856Z D/SLM [Instr: androidx.test.runner.AndroidJUnitRunner] initializeIfNeeded: model='gemma-3n-E4B-it' image=false audio=false
2026-09-09T16:56:05.864Z D/LiteRtLM [DefaultDispatcher-worker-1] Initializing LiteRT-LM: model='gemma-3n-E4B-it', key='gemma-3n-E4B-it|/data/user/0/com.negi.survey/files/models/gemma-3n-E4B-it-int4.litertlm'
2026-09-09T16:56:05.864Z D/LiteRtLM [DefaultDispatcher-worker-1] Capabilities: image=false audio=false
2026-09-09T16:56:05.865Z D/LiteRtLM [DefaultDispatcher-worker-1] Backend=com.google.ai.edge.litertlm.Backend$GPU@b2100d4 maxNumTokens=512 (raw=512) topK=1 topP=0.0 temp=0.0
2026-09-09T16:56:05.865Z D/LiteRtLM [DefaultDispatcher-worker-1] Model path='/data/user/0/com.negi.survey/files/models/gemma-3n-E4B-it-int4.litertlm' sizeBytes=4919541760 lastModified=1788913652575
2026-09-09T16:56:05.865Z D/LiteRtLM [DefaultDispatcher-worker-1] LiteRT-LM native benchmark policy: enabled=false emulator=false
2026-09-09T16:56:05.866Z D/LiteRtLM [DefaultDispatcher-worker-1] Speculative decoding / MTP policy: enabled=false runtimeFlagUpdated=true model='gemma-3n-E4B-it'
2026-09-09T16:56:05.868Z D/LiteRtLM [DefaultDispatcher-worker-1] Engine cacheDir resolved: key='gemma-3n-E4B-it|/data/user/0/com.negi.survey/files/models/gemma-3n-E4B-it-int4.litertlm' backend=com.google.ai.edge.litertlm.Backend$GPU@b2100d4 path='/data/user/0/com.negi.survey/no_backup/litertlm_cache/8b58dd5e854e5353723e4360d401cf7d199b6f10' filesBefore=2
2026-09-09T16:56:12.831Z W/LiteRtLM [DefaultDispatcher-worker-1] Engine.initialize completed: key='gemma-3n-E4B-it|/data/user/0/com.negi.survey/files/models/gemma-3n-E4B-it-int4.litertlm' backend=com.google.ai.edge.litertlm.Backend$GPU@b2100d4 took=6959ms cacheFilesAfter=2
2026-09-09T16:56:12.844Z D/LiteRtLM [DefaultDispatcher-worker-1] createConversation completed: key='gemma-3n-E4B-it|/data/user/0/com.negi.survey/files/models/gemma-3n-E4B-it-int4.litertlm' took=12ms
2026-09-09T16:56:12.845Z D/LiteRtLM [DefaultDispatcher-worker-1] LiteRT-LM initialization succeeded: model='gemma-3n-E4B-it', key='gemma-3n-E4B-it|/data/user/0/com.negi.survey/files/models/gemma-3n-E4B-it-int4.litertlm' engineMs=6959 conversationMs=12 totalMs=6982
2026-09-09T16:56:12.847Z D/AiTrace [Instr: androidx.test.runner.AndroidJUnitRunner] Installed (enabled=true ringEnabled=true)
2026-09-09T16:56:12.964Z D/SurveyVM [main] init -> Start, session=0, uuid=8adeedc0-e0d2-4976-90af-a1998d35f90c, navSize=1, graphSize=20
2026-09-09T16:56:12.969Z D/SurveyVM [main] config.validate -> issues=0
2026-09-09T16:56:12.969Z D/SurveyVM [main] promptSources -> legacy=10, eval=0, follow=0
2026-09-09T16:56:12.969Z D/SurveyVM [main] promptSources.preview -> legacy=[Q10, Q11, Q12, Q13, Q14, Q15, Q16, Q17, Q8, Q9], eval=[], follow=[]
2026-09-09T16:56:12.969Z D/SurveyVM [main] hasTwoStepPrompt[Q10] -> true (eval=195, fu=220)
2026-09-09T16:56:12.969Z D/SurveyVM [main] hasTwoStepPrompt[Q11] -> true (eval=219, fu=244)
2026-09-09T16:56:12.969Z D/SurveyVM [main] hasTwoStepPrompt[Q12] -> true (eval=229, fu=254)
2026-09-09T16:56:12.969Z D/SurveyVM [main] hasTwoStepPrompt[Q13] -> true (eval=184, fu=209)
2026-09-09T16:56:12.969Z D/SurveyVM [main] hasTwoStepPrompt[Q14] -> true (eval=221, fu=246)
2026-09-09T16:56:12.969Z D/SurveyVM [main] hasTwoStepPrompt[Q15] -> true (eval=160, fu=185)
2026-09-09T16:56:12.969Z D/SurveyVM [main] hasTwoStepPrompt[Q16] -> true (eval=185, fu=210)
2026-09-09T16:56:12.970Z D/SurveyVM [main] hasTwoStepPrompt[Q17] -> true (eval=200, fu=225)
2026-09-09T16:56:12.970Z D/SurveyVM [main] hasTwoStepPrompt[Q8] -> true (eval=214, fu=239)
2026-09-09T16:56:12.970Z D/SurveyVM [main] hasTwoStepPrompt[Q9] -> true (eval=190, fu=215)
2026-09-09T16:56:12.970Z D/SurveyVM [main] AI prompt coverage OK (aiCount=10)
2026-09-09T16:56:12.983Z D/SurveyVM [main] hasTwoStepPrompt[Q8] -> true (eval=214, fu=239)
2026-09-09T16:56:13.538Z D/SurveyVM [main] resetAudioRefs -> cleared
2026-09-09T16:56:13.539Z D/SurveyVM [main] resetNavToStart -> key=com.negi.survey.vm.FlowHome@b30e0c4, navSize=1
2026-09-09T16:56:13.539Z D/SurveyVM [main] resetToStart -> Start, session=1, uuid=50ebc0b0-20bf-4a45-9384-b7fbeef93331, preserveDraft=false, draftLen=0
2026-09-09T16:56:13.539Z D/SurveyVM [main] activateRunIfNeeded(goto:Q8) -> runNoteLen=0, draftCleared=true, uuid=50ebc0b0-20bf-4a45-9384-b7fbeef93331
2026-09-09T16:56:13.540Z D/SurveyVM [main] push -> Q8, navSize=2, stackSize=2
2026-09-09T16:56:13.542Z D/SurveyVM [main] hasTwoStepPrompt[Q8] -> true (eval=214, fu=239)
2026-09-09T16:56:13.572Z D/SurveyVM [Instr: androidx.test.runner.AndroidJUnitRunner] hasTwoStepPrompt[Q8] -> true (eval=214, fu=239)
2026-09-09T16:56:13.574Z D/SurveyVM [Instr: androidx.test.runner.AndroidJUnitRunner] getEvalPrompt[Q8] -> len=288
2026-09-09T16:56:14.326Z D/SurveyVM [main] getEvalPrompt[Q8] -> len=288
2026-09-09T16:56:14.328Z D/AiViewModel [DefaultDispatcher-worker-1] run[1]: mode=EVAL_JSON phase=EVAL commit=true prompt.len=287, fullPrompt.len=1612, timeoutMs=60000
2026-09-09T16:56:14.338Z D/AiViewModel [DefaultDispatcher-worker-1] run[1]: sha(prompt)=4fd9dbfdfcd73b53f981de3dbfe1902cb60f0069d5ba83c41aa3ca6d500e9f95 sha(full)=f5db008debe1404f2d43a0010932c393b71ee508ced2b4e51ef129839297032e
2026-09-09T16:56:14.338Z I/FullPromptReview [DefaultDispatcher-worker-1] [part=000] run[1]: phase=EVAL FullPrompt
Evaluate only the original survey target using all supplied answers.
Return only compact JSON {"score":N,"missing_points":[],"followup_needed":false}. N must be an integer 1-100 for relevance, completeness and accuracy against the original target. Evaluate the original answer and all answered followup pairs together. Separate relevance from completeness. An answer can discuss the right topic but still be incomplete. Score 90-100 only when the respondent explicitly provides every material component requested by the Expected answer target and Question. Do not infer missing details from general knowledge, plausibility, or a bare statement that an event occurred. A concise answer may be complete. A verbose or relevant answer that omits any material requested component must score below 90. For example, saying that an event occurred without describing its requested effect is incomplete. For any score below 90, missing_points must contain the specific missing or ambiguous target-required information and followup_needed must be true. Otherwise missing_points is empty and followup_needed is false. Do not generate a question. Do not penalize style or request information outside the target. Write missing_points in English.
Keep missing_points concise.
One JSON object only; no markdown or generated question.
INPUT:
Expected answer target: Whether FAW affected the crop, and if so, a description of the effect (yield loss, damage type, etc.).
Question: Has fall armyworm ever affected your maize? If yes, how did it affect your crop?
Original answer: I plant maize every season.
Answered followup pairs:
2026-09-09T16:56:14.342Z D/LiteRtRepository [DefaultDispatcher-worker-1] [1] request start model='gemma-3n-E4B-it' prompt.len=1612 sha=f5db008debe1404f gateWaitMs=2
2026-09-09T16:56:14.342Z D/LiteRtRepository [DefaultDispatcher-worker-1] [part=000] [1] PROMPT (FULL) sha=f5db008debe1404f
Evaluate only the original survey target using all supplied answers.
Return only compact JSON {"score":N,"missing_points":[],"followup_needed":false}. N must be an integer 1-100 for relevance, completeness and accuracy against the original target. Evaluate the original answer and all answered followup pairs together. Separate relevance from completeness. An answer can discuss the right topic but still be incomplete. Score 90-100 only when the respondent explicitly provides every material component requested by the Expected answer target and Question. Do not infer missing details from general knowledge, plausibility, or a bare statement that an event occurred. A concise answer may be complete. A verbose or relevant answer that omits any material requested component must score below 90. For example, saying that an event occurred without describing its requested effect is incomplete. For any score below 90, missing_points must contain the specific missing or ambiguous target-required information and followup_needed must be true. Otherwise missing_points is empty and followup_needed is false. Do not generate a question. Do not penalize style or request information outside the target. Write missing_points in English.
Keep missing_points concise.
One JSON object only; no markdown or generated question.
INPUT:
Expected answer target: Whether FAW affected the crop, and if so, a description of the effect (yield loss, damage type, etc.).
Question: Has fall armyworm ever affected your maize? If yes, how did it affect your crop?
Original answer: I plant maize every season.
Answered followup pairs:
2026-09-09T16:56:14.343Z D/SLM [slm-jni] initializeIfNeeded: model='gemma-3n-E4B-it' image=false audio=false
2026-09-09T16:56:14.343Z D/LiteRtLM [slm-jni] initializeIfNeeded: warm runtime already ready: key='gemma-3n-E4B-it|/data/user/0/com.negi.survey/files/models/gemma-3n-E4B-it-int4.litertlm'
2026-09-09T16:56:14.343Z D/LiteRtRepository [DefaultDispatcher-worker-1] [1] initializeIfNeeded ok initMs=1
2026-09-09T16:56:14.344Z D/SLM [slm-jni] runInference: model='gemma-3n-E4B-it' textLen=1612 images=0 audio=0
2026-09-09T16:56:14.350Z D/LiteRtLM [DefaultDispatcher-worker-2] state[run:start] key='gemma-3n-E4B-it|/data/user/0/com.negi.survey/files/models/gemma-3n-E4B-it-int4.litertlm' runId=1 active=true terminated=false logicalDone=false cancel=false pendingCancel=false lastMsgAt=2253686829 lastTermAt=0
2026-09-09T16:56:14.351Z D/LiteRtLM [DefaultDispatcher-worker-2] runInference start: key='gemma-3n-E4B-it|/data/user/0/com.negi.survey/files/models/gemma-3n-E4B-it-int4.litertlm' runId=1 hasText=true originalTextLen=1612 effectiveTextLen=1612 images=0 audioClips=0
2026-09-09T16:56:14.354Z D/LiteRtLM [DefaultDispatcher-worker-2] LiteRT-LM sendMessageAsync(text): key='gemma-3n-E4B-it|/data/user/0/com.negi.survey/files/models/gemma-3n-E4B-it-int4.litertlm' runId=1 len=1612 maxOutputTokens=64
2026-09-09T16:56:14.391Z D/LiteRtLM [DefaultDispatcher-worker-2] sendMessageAsync accepted: key='gemma-3n-E4B-it|/data/user/0/com.negi.survey/files/models/gemma-3n-E4B-it-int4.litertlm' runId=1 dispatchMs=40
2026-09-09T16:56:18.401Z W/LiteRtLM [Thread-6] Inference first output: key='gemma-3n-E4B-it|/data/user/0/com.negi.survey/files/models/gemma-3n-E4B-it-int4.litertlm' runId=1 ttftMs=4049 dispatchMs=40 postDispatchTtftMs=4009 requestToFirstOutputMs=4055
2026-09-09T16:56:18.401Z D/LiteRtLM [Thread-6] stream[key=gemma-3n-E4B-it|/data/user/0/com.negi.survey/files/models/gemma-3n-E4B-it-int4.litertlm runId=1] msg#1 rawChunkLen=2 deltaLen=2 emittedChars=2
2026-09-09T16:56:18.403Z D/LiteRtRepository [main] stream[rid=1 msg#1] done=false deltaLen=2 outLen=2 outPreview='{"' deltaPreview='{"'
2026-09-09T16:56:18.403Z D/AiViewModel [DefaultDispatcher-worker-2] run[1] chunk[1].preview='{"'
2026-09-09T16:56:18.577Z D/AiViewModel [DefaultDispatcher-worker-2] run[1] chunk[2].preview='score'
2026-09-09T16:56:18.732Z D/AiViewModel [DefaultDispatcher-worker-2] run[1] chunk[3].preview='":'
2026-09-09T16:56:18.887Z D/AiViewModel [DefaultDispatcher-worker-2] run[1] chunk[4].preview='3'
2026-09-09T16:56:19.044Z D/AiViewModel [DefaultDispatcher-worker-2] run[1] chunk[5].preview='0'
2026-09-09T16:56:19.199Z D/AiViewModel [DefaultDispatcher-worker-2] run[1] chunk[6].preview=',"'
2026-09-09T16:56:19.361Z D/AiViewModel [DefaultDispatcher-worker-4] run[1] chunk[7].preview='missing'
2026-09-09T16:56:19.516Z D/LiteRtRepository [main] stream[rid=1 msg#8] done=false deltaLen=1 outLen=21 outPreview='{"score":30,"missing_' deltaPreview='_'
2026-09-09T16:56:19.516Z D/AiViewModel [DefaultDispatcher-worker-4] run[1] chunk[8].preview='_'
2026-09-09T16:56:19.672Z D/AiViewModel [DefaultDispatcher-worker-4] run[1] chunk[9].preview='points'
2026-09-09T16:56:19.824Z D/AiViewModel [DefaultDispatcher-worker-4] run[1] chunk[10].preview='":["'
2026-09-09T16:56:20.009Z D/AiViewModel [DefaultDispatcher-worker-4] run[1] chunk[11].preview='description'
2026-09-09T16:56:20.166Z D/AiViewModel [DefaultDispatcher-worker-4] run[1] chunk[12].preview='␠of'
2026-09-09T16:56:20.327Z D/AiViewModel [DefaultDispatcher-worker-4] run[1] chunk[13].preview='␠effect'
2026-09-09T16:56:20.484Z D/AiViewModel [DefaultDispatcher-worker-4] run[1] chunk[14].preview='␠on'
2026-09-09T16:56:20.642Z D/AiViewModel [DefaultDispatcher-worker-4] run[1] chunk[15].preview='␠crop'
2026-09-09T16:56:20.796Z D/LiteRtLM [Thread-21] stream[key=gemma-3n-E4B-it|/data/user/0/com.negi.survey/files/models/gemma-3n-E4B-it-int4.litertlm runId=1] msg#16 rawChunkLen=3 deltaLen=3 emittedChars=63
2026-09-09T16:56:20.797Z D/LiteRtRepository [main] stream[rid=1 msg#16] done=false deltaLen=3 outLen=63 outPreview='{"score":30,"missing_points":["description of effect on crop"],' deltaPreview='"],'
2026-09-09T16:56:20.798Z D/AiViewModel [DefaultDispatcher-worker-4] run[1] chunk[16].preview='"],'
2026-09-09T16:56:20.955Z D/AiViewModel [DefaultDispatcher-worker-4] run[1] chunk[17].preview='␠"'
2026-09-09T16:56:21.114Z D/AiViewModel [DefaultDispatcher-worker-4] run[1] chunk[18].preview='follow'
2026-09-09T16:56:21.268Z D/AiViewModel [DefaultDispatcher-worker-4] run[1] chunk[19].preview='up'
2026-09-09T16:56:21.429Z D/AiViewModel [DefaultDispatcher-worker-4] run[1] chunk[20].preview='_'
2026-09-09T16:56:21.585Z D/AiViewModel [DefaultDispatcher-worker-4] run[1] chunk[21].preview='needed'
2026-09-09T16:56:21.742Z D/AiViewModel [DefaultDispatcher-worker-4] run[1] chunk[22].preview='":'
2026-09-09T16:56:21.897Z D/AiViewModel [DefaultDispatcher-worker-4] run[1] chunk[23].preview='true'
2026-09-09T16:56:22.058Z D/LiteRtRepository [main] stream[rid=1 msg#24] done=false deltaLen=1 outLen=87 outPreview='{"score":30,"missing_points":["description of effect on crop"], "followup_needed":true}' deltaPreview='}'
2026-09-09T16:56:22.058Z D/AiViewModel [DefaultDispatcher-worker-4] run[1] chunk[24].preview='}'
2026-09-09T16:56:22.217Z D/AiViewModel [DefaultDispatcher-worker-4] run[1] chunk[25].preview='↩'
2026-09-09T16:56:22.373Z D/LiteRtLM [Thread-31] state[logicalDone] key='gemma-3n-E4B-it|/data/user/0/com.negi.survey/files/models/gemma-3n-E4B-it-int4.litertlm' runId=1 active=true terminated=true logicalDone=true cancel=false pendingCancel=false lastMsgAt=2253694695 lastTermAt=2253694852
2026-09-09T16:56:22.375Z D/LiteRtLM [Thread-31] state[nativeDone:beforeRelease] key='gemma-3n-E4B-it|/data/user/0/com.negi.survey/files/models/gemma-3n-E4B-it-int4.litertlm' runId=1 active=true terminated=true logicalDone=true cancel=false pendingCancel=false lastMsgAt=2253694695 lastTermAt=2253694852
2026-09-09T16:56:22.375Z W/LiteRtLM [Thread-31] Inference timing: key='gemma-3n-E4B-it|/data/user/0/com.negi.survey/files/models/gemma-3n-E4B-it-int4.litertlm' runId=1 ttftMs=4049 dispatchMs=40 postDispatchTtftMs=4009 totalMs=8021 callbacks=25 outputChars=88 cancelled=false error=false requestTotalMs=8027
2026-09-09T16:56:22.378Z D/LiteRtRepository [main] [1] logical done=true; responseClosed=true; waiting native cleanup
2026-09-09T16:56:22.380Z D/LiteRtRepository [main] [1] native cleanup safepoint
2026-09-09T16:56:22.381Z D/AiViewModel [DefaultDispatcher-worker-2] run[1] stats: chunks=25, chars=88, raw.len=88
2026-09-09T16:56:22.384Z D/AiViewModel [DefaultDispatcher-worker-2] run[1] sha(raw)=4c8ecda80f40bfab0a730d53815ea20fd0b6fb5383113651b7206757f7e40994
2026-09-09T16:56:22.385Z D/SLM [slm-jni] resetConversationAndWait: model='gemma-3n-E4B-it' image=false audio=false
2026-09-09T16:56:22.386Z D/AiViewModel [DefaultDispatcher-worker-2] run[1] rawVisible='{"score":30,"missing_points":["description␠of␠effect␠on␠crop"],␠"followup_needed":true}↩'
2026-09-09T16:56:22.403Z D/LiteRtRepository [DefaultDispatcher-worker-3] [1] Conversation reset completed after safepoint
2026-09-09T16:56:22.405Z D/LiteRtRepository [DefaultDispatcher-worker-4] [part=000] [1] FINALIZE: native-terminated
=== AI TRACE STATS (LiteRtRepository) ===
rid=1 model='gemma-3n-E4B-it' reason=native-terminated
totalMs=8063 inferenceMs=8061 firstTokenMs=4058
logicalDone=true logicalDoneAt=2253694856
nativeTerminated=true cancelTag='null'
lastDeltaMsAgo=188 lastEventMsAgo=25
chunks=25 emittedChars=88 capturedAll=true out.len=88
=== OUTPUT (FULL) ===
{"score":30,"missing_points":["description of effect on crop"], "followup_needed":true}

2026-09-09T16:56:22.408Z D/AiViewModel [DefaultDispatcher-worker-2] run[1]: EVAL_JSON parsed score=30 followups=0 fu0=''
2026-09-09T16:56:22.408Z D/AiViewModel [DefaultDispatcher-worker-2] stepHistory+ runId=1 phase=EVAL mode=EVAL_JSON raw.len=88 score=30 FU=0 FU0='<none>' timeout=false err=null
2026-09-09T16:56:22.409Z I/AiViewModel [DefaultDispatcher-worker-2] run[1] done: phase=EVAL mode=EVAL_JSON score=30 FU0.len=0 FU0.sha16=none commit=true err=<none>
2026-09-09T16:56:22.409Z I/FullTextOut [DefaultDispatcher-worker-2] [part=000] run[1]: RawTextOut
{"score":30,"missing_points":["description of effect on crop"], "followup_needed":true}

2026-09-09T16:56:22.420Z D/SurveyVM [DefaultDispatcher-worker-2] getFollowupPrompt[Q8] -> len=387 evalLen=88
2026-09-09T16:56:22.421Z D/AiViewModel [DefaultDispatcher-worker-2] run[2]: mode=FOLLOWUP_JSON_OR_TEXT phase=FOLLOWUP commit=false prompt.len=387, fullPrompt.len=924, timeoutMs=60000
2026-09-09T16:56:22.422Z D/AiViewModel [DefaultDispatcher-worker-2] run[2]: sha(prompt)=6767e16e5be0849475fba8e438c9c6a0528c9208eef86bc37da7ec8691793405 sha(full)=87425adc2f7fb12dc5bece0dab21b58fe9291b9ac48391f08ed34e43b5816f8e
2026-09-09T16:56:22.422Z I/FullPromptReview [DefaultDispatcher-worker-2] [part=000] run[2]: phase=FOLLOWUP FullPrompt
Evaluate only the original survey target using all supplied answers.
Generate exactly one short English question addressing one unresolved target-required deficiency in EVAL_JSON. Use the original target, original answer and accumulated answered followup pairs. Do not repeat an earlier question or ask for information already provided. Never add new objectives. Output only the question on one line; no JSON, score, analysis, labels, or quotes.
Keep the question short and single-scope.
Exactly one English question on one line.
INPUT:
Expected answer target: Whether FAW affected the crop, and if so, a description of the effect (yield loss, damage type, etc.).
Question: Has fall armyworm ever affected your maize? If yes, how did it affect your crop?
Original answer: I plant maize every season.
Answered followup pairs: 
EVAL_JSON: {"score":30,"missing_points":["description of effect on crop"], "followup_needed":true}
2026-09-09T16:56:22.423Z D/LiteRtRepository [DefaultDispatcher-worker-2] [2] request start model='gemma-3n-E4B-it' prompt.len=924 sha=87425adc2f7fb12d gateWaitMs=1
2026-09-09T16:56:22.424Z D/LiteRtRepository [DefaultDispatcher-worker-2] [part=000] [2] PROMPT (FULL) sha=87425adc2f7fb12d
Evaluate only the original survey target using all supplied answers.
Generate exactly one short English question addressing one unresolved target-required deficiency in EVAL_JSON. Use the original target, original answer and accumulated answered followup pairs. Do not repeat an earlier question or ask for information already provided. Never add new objectives. Output only the question on one line; no JSON, score, analysis, labels, or quotes.
Keep the question short and single-scope.
Exactly one English question on one line.
INPUT:
Expected answer target: Whether FAW affected the crop, and if so, a description of the effect (yield loss, damage type, etc.).
Question: Has fall armyworm ever affected your maize? If yes, how did it affect your crop?
Original answer: I plant maize every season.
Answered followup pairs: 
EVAL_JSON: {"score":30,"missing_points":["description of effect on crop"], "followup_needed":true}
2026-09-09T16:56:22.424Z D/SLM [slm-jni] initializeIfNeeded: model='gemma-3n-E4B-it' image=false audio=false
2026-09-09T16:56:22.424Z D/LiteRtLM [slm-jni] initializeIfNeeded: warm runtime already ready: key='gemma-3n-E4B-it|/data/user/0/com.negi.survey/files/models/gemma-3n-E4B-it-int4.litertlm'
2026-09-09T16:56:22.425Z D/LiteRtRepository [DefaultDispatcher-worker-2] [2] initializeIfNeeded ok initMs=1
2026-09-09T16:56:22.425Z D/SLM [slm-jni] runInference: model='gemma-3n-E4B-it' textLen=924 images=0 audio=0
2026-09-09T16:56:22.426Z D/LiteRtLM [DefaultDispatcher-worker-1] state[run:start] key='gemma-3n-E4B-it|/data/user/0/com.negi.survey/files/models/gemma-3n-E4B-it-int4.litertlm' runId=2 active=true terminated=false logicalDone=false cancel=false pendingCancel=false lastMsgAt=2253694905 lastTermAt=2253694852
2026-09-09T16:56:22.426Z D/LiteRtLM [DefaultDispatcher-worker-1] runInference start: key='gemma-3n-E4B-it|/data/user/0/com.negi.survey/files/models/gemma-3n-E4B-it-int4.litertlm' runId=2 hasText=true originalTextLen=924 effectiveTextLen=924 images=0 audioClips=0
2026-09-09T16:56:22.426Z D/LiteRtLM [DefaultDispatcher-worker-1] LiteRT-LM sendMessageAsync(text): key='gemma-3n-E4B-it|/data/user/0/com.negi.survey/files/models/gemma-3n-E4B-it-int4.litertlm' runId=2 len=924 maxOutputTokens=64
2026-09-09T16:56:22.431Z D/LiteRtLM [DefaultDispatcher-worker-1] sendMessageAsync accepted: key='gemma-3n-E4B-it|/data/user/0/com.negi.survey/files/models/gemma-3n-E4B-it-int4.litertlm' runId=2 dispatchMs=5
2026-09-09T16:56:23.519Z W/LiteRtLM [Thread-33] Inference first output: key='gemma-3n-E4B-it|/data/user/0/com.negi.survey/files/models/gemma-3n-E4B-it-int4.litertlm' runId=2 ttftMs=1093 dispatchMs=5 postDispatchTtftMs=1088 requestToFirstOutputMs=1093
2026-09-09T16:56:23.519Z D/LiteRtLM [Thread-33] stream[key=gemma-3n-E4B-it|/data/user/0/com.negi.survey/files/models/gemma-3n-E4B-it-int4.litertlm runId=2] msg#1 rawChunkLen=3 deltaLen=3 emittedChars=3
2026-09-09T16:56:23.520Z D/LiteRtRepository [main] stream[rid=2 msg#1] done=false deltaLen=3 outLen=3 outPreview='Can' deltaPreview='Can'
2026-09-09T16:56:23.521Z D/AiViewModel [DefaultDispatcher-worker-4] run[2] chunk[1].preview='Can'
2026-09-09T16:56:23.687Z D/AiViewModel [DefaultDispatcher-worker-4] run[2] chunk[2].preview='␠you'
2026-09-09T16:56:23.843Z D/AiViewModel [DefaultDispatcher-worker-4] run[2] chunk[3].preview='␠describe'
2026-09-09T16:56:23.996Z D/AiViewModel [DefaultDispatcher-worker-4] run[2] chunk[4].preview='␠how'
2026-09-09T16:56:24.153Z D/AiViewModel [DefaultDispatcher-worker-4] run[2] chunk[5].preview='␠fall'
2026-09-09T16:56:24.309Z D/AiViewModel [DefaultDispatcher-worker-4] run[2] chunk[6].preview='␠army'
2026-09-09T16:56:24.465Z D/AiViewModel [DefaultDispatcher-worker-4] run[2] chunk[7].preview='worm'
2026-09-09T16:56:24.624Z D/LiteRtRepository [main] stream[rid=2 msg#8] done=false deltaLen=9 outLen=43 outPreview='Can you describe how fall armyworm affected' deltaPreview=' affected'
2026-09-09T16:56:24.624Z D/AiViewModel [DefaultDispatcher-worker-4] run[2] chunk[8].preview='␠affected'
2026-09-09T16:56:24.778Z D/AiViewModel [DefaultDispatcher-worker-4] run[2] chunk[9].preview='␠your'
2026-09-09T16:56:24.935Z D/AiViewModel [DefaultDispatcher-worker-4] run[2] chunk[10].preview='␠maize'
2026-09-09T16:56:25.090Z D/AiViewModel [DefaultDispatcher-worker-4] run[2] chunk[11].preview='␠crop'
2026-09-09T16:56:25.248Z D/AiViewModel [DefaultDispatcher-worker-4] run[2] chunk[12].preview=','
2026-09-09T16:56:25.404Z D/AiViewModel [DefaultDispatcher-worker-4] run[2] chunk[13].preview='␠if'
2026-09-09T16:56:25.557Z D/AiViewModel [DefaultDispatcher-worker-4] run[2] chunk[14].preview='␠at'
2026-09-09T16:56:25.711Z D/AiViewModel [DefaultDispatcher-worker-4] run[2] chunk[15].preview='␠all'
2026-09-09T16:56:25.866Z D/LiteRtLM [Thread-48] stream[key=gemma-3n-E4B-it|/data/user/0/com.negi.survey/files/models/gemma-3n-E4B-it-int4.litertlm runId=2] msg#16 rawChunkLen=1 deltaLen=1 emittedChars=71
2026-09-09T16:56:25.866Z D/LiteRtRepository [main] stream[rid=2 msg#16] done=false deltaLen=1 outLen=71 outPreview='Can you describe how fall armyworm affected your maize crop, if at all?' deltaPreview='?'
2026-09-09T16:56:25.867Z D/AiViewModel [DefaultDispatcher-worker-4] run[2] chunk[16].preview='?'
2026-09-09T16:56:26.027Z D/LiteRtLM [Thread-49] state[logicalDone] key='gemma-3n-E4B-it|/data/user/0/com.negi.survey/files/models/gemma-3n-E4B-it-int4.litertlm' runId=2 active=true terminated=true logicalDone=true cancel=false pendingCancel=false lastMsgAt=2253698345 lastTermAt=2253698507
2026-09-09T16:56:26.029Z D/LiteRtLM [Thread-49] state[nativeDone:beforeRelease] key='gemma-3n-E4B-it|/data/user/0/com.negi.survey/files/models/gemma-3n-E4B-it-int4.litertlm' runId=2 active=true terminated=true logicalDone=true cancel=false pendingCancel=false lastMsgAt=2253698345 lastTermAt=2253698507
2026-09-09T16:56:26.029Z W/LiteRtLM [Thread-49] Inference timing: key='gemma-3n-E4B-it|/data/user/0/com.negi.survey/files/models/gemma-3n-E4B-it-int4.litertlm' runId=2 ttftMs=1093 dispatchMs=5 postDispatchTtftMs=1088 totalMs=3602 callbacks=16 outputChars=71 cancelled=false error=false requestTotalMs=3602
2026-09-09T16:56:26.032Z D/LiteRtRepository [main] [2] logical done=true; responseClosed=true; waiting native cleanup
2026-09-09T16:56:26.033Z D/AiViewModel [DefaultDispatcher-worker-4] run[2] stats: chunks=16, chars=71, raw.len=71
2026-09-09T16:56:26.033Z D/LiteRtRepository [main] [2] native cleanup safepoint
2026-09-09T16:56:26.036Z D/AiViewModel [DefaultDispatcher-worker-4] run[2] sha(raw)=052019d36cd4b48c08ddcaf203a9a80d7842ca45980d5b1d86ea570830fd10c0
2026-09-09T16:56:26.036Z D/SLM [slm-jni] resetConversationAndWait: model='gemma-3n-E4B-it' image=false audio=false
2026-09-09T16:56:26.037Z D/AiViewModel [DefaultDispatcher-worker-4] run[2] rawVisible='Can␠you␠describe␠how␠fall␠armyworm␠affected␠your␠maize␠crop,␠if␠at␠all?'
2026-09-09T16:56:26.048Z D/AiViewModel [DefaultDispatcher-worker-4] run[2]: FOLLOWUP parse extractorQ='Can␠you␠describe␠how␠fall␠armyworm␠affected␠your␠maize␠crop,␠if␠at␠all?' textQ='Can␠you␠describe␠how␠fall␠armyworm␠affected␠your␠maize␠crop,␠if␠at␠all?' best='Can␠you␠describe␠how␠fall␠armyworm␠affected␠your␠maize␠crop,␠if␠at␠all?'
2026-09-09T16:56:26.048Z D/AiViewModel [DefaultDispatcher-worker-4] stepHistory+ runId=2 phase=FOLLOWUP mode=FOLLOWUP_JSON_OR_TEXT raw.len=71 score=null FU=1 FU0='Can␠you␠describe␠how␠fall␠armyworm␠affected␠your␠maize␠crop,␠if␠at␠all?' timeout=false err=null
2026-09-09T16:56:26.048Z D/LiteRtRepository [DefaultDispatcher-worker-1] [2] Conversation reset completed after safepoint
2026-09-09T16:56:26.050Z I/AiViewModel [DefaultDispatcher-worker-4] run[2] done: phase=FOLLOWUP mode=FOLLOWUP_JSON_OR_TEXT score=null FU0.len=71 FU0.sha16=052019d36cd4b48c commit=false err=<none>
2026-09-09T16:56:26.050Z I/FullTextOut [DefaultDispatcher-worker-4] [part=000] run[2]: RawTextOut
Can you describe how fall armyworm affected your maize crop, if at all?
2026-09-09T16:56:26.050Z D/LiteRtRepository [DefaultDispatcher-worker-5] [part=000] [2] FINALIZE: native-terminated
=== AI TRACE STATS (LiteRtRepository) ===
rid=2 model='gemma-3n-E4B-it' reason=native-terminated
totalMs=3627 inferenceMs=3625 firstTokenMs=1095
logicalDone=true logicalDoneAt=2253698510
nativeTerminated=true cancelTag='null'
lastDeltaMsAgo=183 lastEventMsAgo=16
chunks=16 emittedChars=71 capturedAll=true out.len=71
=== OUTPUT (FULL) ===
Can you describe how fall armyworm affected your maize crop, if at all?
2026-09-09T16:56:26.083Z D/SLM [Instr: androidx.test.runner.AndroidJUnitRunner] cancel: model='gemma-3n-E4B-it'
2026-09-09T16:56:27.035Z D/SLM [Instr: androidx.test.runner.AndroidJUnitRunner] forceCleanUp: model='gemma-3n-E4B-it'
