=== RuntimeLogStore Header ===
ts=2026-10-02T00:22:10.551Z
fileNameFormat=LEGACY
appId=com.negi.survey
versionName=0.0.1
versionCode=110
debug=false
device=samsung SM-S731U
sdk=36
pid=25348
==============================
2026-10-02T00:22:10.551Z I/RuntimeLogStore [rtlog-io] --- rotated (reason=plain_snapshot:receiver_boot_completed) ---
2026-10-02T00:22:11.730Z W/SurveyApp [main] Deferred startup enqueues begin...
2026-10-02T00:22:11.730Z D/SurveyApp [main] WorkManager available. where=startupRtLogs(immediate) took=0ms
2026-10-02T00:22:11.732Z D/SurveyApp [main] Startup runtime logs target -> owner=ishizuki-tech repo=SurveyExports branch=main base='/diagnostics/runtime_logs'
2026-10-02T00:22:11.735Z D/SurveyApp [main] Startup runtime logs: enqueue requested (immediate).
2026-10-02T00:22:11.736Z D/SurveyApp [main] WorkManager available. where=startupRingLogs(immediate) took=0ms
2026-10-02T00:22:11.736Z D/SurveyApp [main] Startup ring logs target -> owner=ishizuki-tech repo=SurveyExports branch=main base='/diagnostics/applog_ring'
2026-10-02T00:22:11.737Z D/SurveyApp [main] Startup ring logs: enqueue requested (immediate).
2026-10-02T00:22:11.737Z D/SurveyApp [main] WorkManager available. where=enqueuePending(immediate) took=0ms
2026-10-02T00:22:11.737Z D/SurveyApp [main] CrashCapture pending uploads requested (immediate).
2026-10-02T00:22:11.737Z W/SurveyApp [main] Deferred startup enqueues done: took=7ms
