=== Previous Session Logcat ===
captured_time_utc=20260223_192811
captured_time_local=20260223_112811
marker=2026-02-23 11:12:19.795
preferred_prev_pid=-1
note=best-effort; buffers may be overwritten before next start
sdk=36
device=Google Pixel 9a
appId=com.negi.survey
versionName=0.0.1
versionCode=1

=== Logcat (since marker) ===
--------- beginning of system
02-23 11:12:20.246 13054 13054 W NotificationManager: Shedding notify (update) of NotificationKey[user=UserHandle{0}, pkg=com.negi.survey, tag=null, id=11107], rate limit (5.0) exceeded: input 9.896926, output would be 6.9381495
02-23 11:12:21.837 13054 13054 W NotificationManager: Shedding notify (update) of NotificationKey[user=UserHandle{0}, pkg=com.negi.survey, tag=null, id=6878], rate limit (5.0) exceeded: input 10.642289, output would be 6.2490997
02-23 11:15:55.374 13054 13054 D InsetsController: show(ime())
02-23 11:15:55.378 13054 13054 D InsetsController: Setting requestedVisibleTypes to 511 (was 503)
02-23 11:15:55.400 13054 13054 D InsetsController: show(ime())
02-23 11:16:00.944 13054 13054 D InsetsController: hide(ime())
02-23 11:16:00.944 13054 13054 D InsetsController: Setting requestedVisibleTypes to 503 (was 511)
02-23 11:16:01.056 13054 13054 D InsetsController: show(ime())
02-23 11:16:01.057 13054 13054 D InsetsController: Setting requestedVisibleTypes to 511 (was 503)
02-23 11:16:01.072 13054 13054 D InsetsController: show(ime())
02-23 11:16:12.428 13054 13054 D InsetsController: hide(ime())
02-23 11:16:12.428 13054 13054 D InsetsController: Setting requestedVisibleTypes to 503 (was 511)
02-23 11:16:40.167 13054 13054 D InsetsController: show(ime())
02-23 11:16:40.167 13054 13054 D InsetsController: Setting requestedVisibleTypes to 511 (was 503)
02-23 11:16:40.170 13054 13054 D InsetsController: show(ime())
02-23 11:23:20.745 13054 13054 D InsetsController: hide(ime())
02-23 11:23:20.745 13054 13054 D InsetsController: Setting requestedVisibleTypes to 503 (was 511)
02-23 11:24:38.455 13054 13054 D InsetsController: show(ime())
02-23 11:24:38.455 13054 13054 D InsetsController: Setting requestedVisibleTypes to 511 (was 503)
02-23 11:24:38.484 13054 13054 D InsetsController: show(ime())
--------- beginning of main
02-23 11:24:38.699 13054 13054 D WindowOnBackDispatcher: setTopOnBackInvokedCallback (unwrapped): android.view.ImeBackAnimationController@6d27fc6
02-23 11:24:38.727 13054 13054 D InsetsController: show(ime())
02-23 11:24:38.727 13054 13054 I ImeTracker: com.negi.survey:b8fac5e0: onRequestShow at ORIGIN_CLIENT reason SHOW_SOFT_INPUT_BY_INSETS_API fromUser false
02-23 11:24:38.727 13054 13054 I ImeTracker: com.negi.survey:b8fac5e0: onCancelled at PHASE_CLIENT_REPORT_REQUESTED_VISIBLE_TYPES
02-23 11:24:38.753 13054 13054 I ImeTracker: com.negi.survey:e9141a52: onRequestShow at ORIGIN_CLIENT reason SHOW_SOFT_INPUT fromUser false
02-23 11:24:38.753 13054 13054 D InsetsController: show(ime())
02-23 11:24:38.753 13054 13054 I ImeTracker: com.negi.survey:e9141a52: onCancelled at PHASE_CLIENT_APPLY_ANIMATION
02-23 11:24:38.754 13054 13054 D VRI[MainActivity]: WindowInsets changed: ime:[0,0,0,1043] 
02-23 11:24:39.077 13054 13054 I ImeTracker: com.negi.survey:57bdaf49: onShown
02-23 11:24:41.527 13054 13054 D InsetsController: hide(ime())
02-23 11:24:41.527 13054 13054 I ImeTracker: com.negi.survey:d59403ec: onRequestHide at ORIGIN_CLIENT reason HIDE_SOFT_INPUT_BY_INSETS_API fromUser false
02-23 11:24:41.528 13054 13054 D WindowOnBackDispatcher: setTopOnBackInvokedCallback (unwrapped): androidx.navigationevent.OnBackInvokedInput$createOnBackAnimationCallback$1@dd34ba5
02-23 11:24:41.528 13054 13054 D InsetsController: Setting requestedVisibleTypes to 503 (was 511)
02-23 11:24:41.529 13054 13054 D VRI[MainActivity]: WindowInsets changed: ime:null 
02-23 11:24:41.548 13054 13073 I native  : I0000 00:00:1771874681.548582   13073 session_basic.cc:312] RunPrefillAsync: 
02-23 11:24:41.548 13054 13073 I native  : I0000 00:00:1771874681.548684   13073 session_basic.cc:314] <start_of_turn>user
02-23 11:24:41.548 13054 13073 I native  : Wewe ni mtaalamu mashuhuri wa tafiti za wakulima. Soma Swali na Jibu.
02-23 11:24:41.548 13054 13073 I native  : OUTPUT FORMAT:
02-23 11:24:41.548 13054 13073 I native  : - In Swahili.
02-23 11:24:41.548 13054 13073 I native  : - Keys exactly:
02-23 11:24:41.548 13054 13073 I native  :   • "analysis": short string
02-23 11:24:41.548 13054 13073 I native  :   • "weakness": short string
02-23 11:24:41.548 13054 13073 I native  :   • "followup_needed": boolean
02-23 11:24:41.548 13054 13073 I native  :   • "followup_target": short string
02-23 11:24:41.548 13054 13073 I native  :   • "score": integer 1–100
02-23 11:24:41.548 13054 13073 I native  : 
02-23 11:24:41.548 13054 13073 I native  : RULES:
02-23 11:24:41.548 13054 13073 I native  : - Judge ONLY content relevance/completeness/accuracy.
02-23 11:24:41.548 13054 13073 I native  : - Do NOT generate a follow-up question here.
02-23 11:24:41.548 13054 13073 I native  : - followup_target must be single-scope (one biggest uncertainty).
02-23 11:24:41.548 13054 13073 I native  : - Do NOT use double quotes (") inside string values. Use single quotes or no quotes.
02-23 11:24:41.548 13054 13073 I native  : - Do NOT copy the Answer verbatim into the JSON.
02-23 11:24:41.548 13054 13073 I native  : LENGTH LIMITS:
02-23 11:24:41.548 13054 13073 I native  : - analysis<=60 chars
02-23 11:24:41.548 13054 13073 I native  : - weakness<=120 chars
02-23 11:24:41.548 13054 13073 I native  : - followup_target<=80 chars
02-23 11:24:41.548 13054 13073 I native  : - score is integer 1–100
02-23 11:24:41.548 13054 13073 I native  : Scoring rule: Judge ONLY content relevance/completeness/accuracy. Do NOT penalize style or formatting.
02-23 11:24:41.548 13054 13073 I native  : STRICT OUTPUT (NO MARKDOWN):
02-23 11:24:41.548 13054 13073 I native  : - If the task is EVAL: output RAW JSON only, ONE LINE.
02-23 11:24:41.548 13054 13073 I native  :   - Use COMPACT JSON (no spaces around ':' and ',').
02-23 11:24:41.548 13054 13073 I native  :   - No extra text.
02-23 11:24:41.548 13054 13073 I native  : - If the task is FOLLOWUP: output ONLY the follow-up question as plain text on ONE LINE, or EMPTY output if none.
02-23 11:24:41.548 13054 13073 I native  :   - No JSON, no quotes, no extra text.
02-23 11:24:41.548 13054 13073 I native  : Jibu kwa kitu cha JSON kilicho tupu: {}
02-23 11:24:41.548 13054 13073 I native  : INPUT:
02-23 11:24:41.548 13054 13073 I native  : Kazi: EVAL
02-23 11:24:41.548 13054 13073 I native  : - Tathmini Jibu kwa Swali.
02-23 11:24:41.548 13054 13073 I native  : - Andika weakness (kile kinachokosekana/kisicho wazi).
02-23 11:24:41.548 13054 13073 I native  : - Tambua hoja moja kubwa zaidi iliyokosekana/kutoeleweka kama followup_target.
02-23 11:24:41.548 13054 13073 I native  : - Weka followup_needed true ikiwa ufafanuzi unahitajika, vinginevyo false.
02-23 11:24:41.548 13054 13073 I native  : - Toa score 1–100.
02-23 11:24:41.548 13054 13073 I native  : 
02-23 11:24:41.548 13054 13073 I native  : Swali: Muhimu zaidi ni kiashiria kinachanukuliwa kwa FAW?
02-23 11:24:41.548 13054 13073 I native  : Jibu: Dec f<end_of_turn>
02-23 11:24:41.548 13054 13073 I native  : <start_of_turn>model
02-23 11:24:41.585 13054 13054 I ImeTracker: system_server:9e86b272: onCancelled at PHASE_CLIENT_ON_CONTROLS_CHANGED
02-23 11:24:41.700 13054 13054 I ImeTracker: system_server:655a6554: onCancelled at PHASE_CLIENT_ON_CONTROLS_CHANGED
02-23 11:24:43.979 13054 13574 I native  : I0000 00:00:1771874683.979294   13574 session_basic.cc:350] RunPrefillAsync status: OK
02-23 11:24:43.979 13054 13574 I native  : I0000 00:00:1771874683.979634   13574 session_basic.cc:470] RunDecodeAsync
02-23 11:24:45.789 13054 13058 I com.negi.survey: Background concurrent mark compact GC freed 24MB AllocSpace bytes, 2(72KB) LOS objects, 81% free, 5720KB/29MB, paused 1.547ms,2.294ms total 133.505ms
02-23 11:25:00.295 13054 14146 I native  : I0000 00:00:1771874700.295027   14146 model_data_processor_factory.cc:266] Creating Gemma3DataProcessor
02-23 11:25:00.299 13054 14146 I native  : I0000 00:00:1771874700.299739   14146 session_basic.cc:312] RunPrefillAsync: 
02-23 11:25:00.300 13054 14146 I native  : I0000 00:00:1771874700.299819   14146 session_basic.cc:314] <start_of_turn>user
02-23 11:25:00.300 13054 14146 I native  : Wewe ni mtaalamu mashuhuri wa tafiti za wakulima. Soma Swali na Jibu.
02-23 11:25:00.300 13054 14146 I native  : OUTPUT FORMAT:
02-23 11:25:00.300 13054 14146 I native  : - In Swahili.
02-23 11:25:00.300 13054 14146 I native  : - Return ONLY the follow-up question as plain text on ONE LINE.
02-23 11:25:00.300 13054 14146 I native  : - Do NOT output JSON.
02-23 11:25:00.300 13054 14146 I native  : - Do NOT wrap the question in quotes.
02-23 11:25:00.300 13054 14146 I native  : - No prefixes, no bullet points, no extra text.
02-23 11:25:00.300 13054 14146 I native  : 
02-23 11:25:00.300 13054 14146 I native  : RULES:
02-23 11:25:00.300 13054 14146 I native  : - Use ONLY the EVAL JSON input.
02-23 11:25:00.300 13054 14146 I native  : - If followup_needed is false, output an EMPTY string (no characters).
02-23 11:25:00.300 13054 14146 I native  : - If true, target exactly followup_target.
02-23 11:25:00.300 13054 14146 I native  : - Single-scope, concrete, answerable immediately.
02-23 11:25:00.300 13054 14146 I native  : - Do not introduce new topics or additional objectives.
02-23 11:25:00.300 13054 14146 I native  : LENGTH LIMITS:
02-23 11:25:00.300 13054 14146 I native  : - follow-up question (text)<=120 chars
02-23 11:25:00.300 13054 14146 I native  : Scoring rule: Judge ONLY content relevance/completeness/accuracy. Do NOT penalize style or formatting.
02-23 11:25:00.300 13054 14146 I native  : STRICT OUTPUT (NO MARKDOWN):
02-23 11:25:00.300 13054 14146 I native  : - If the task is EVAL: output RAW JSON only, ONE LINE.
02-23 11:25:00.300 13054 14146 I native  :   - Use COMPACT JSON (no spaces around ':' and ',').
02-23 11:25:00.300 13054 14146 I native  :   - No extra text.
02-23 11:25:00.300 13054 14146 I native  : - If the task is FOLLOWUP: output ONLY the follow-up question as plain text on ONE LINE, or EMPTY output if none.
02-23 11:25:00.300 13054 14146 I native  :   - No JSON, no quotes, no extra text.
02-23 11:25:00.300 13054 14146 I native  : Jibu kwa kitu cha JSON kilicho tupu: {}
02-23 11:25:00.300 13054 14146 I native  : INPUT:
02-23 11:25:00.300 13054 14146 I native  : Kazi: FOLLOWUP
02-23 11:25:00.300 13054 14146 I native  : - Soma EVAL JSON.
02-23 11:25:00.300 13054 14146 I native  : - Ikiwa followup_needed ni false: toa TUPU (hakuna herufi).
02-23 11:25:00.300 13054 14146 I native  : - Ikiwa ni true: toa SWALI MOJA la ufuatiliaji kama maandishi (safu moja), likilenga hasa followup_target.
02-23 11:25:00.300 13054 14146 I native  : - Usitoe JSON.
02-23 11:25:00.300 13054 14146 I native  : 
02-23 11:25:00.300 13054 14146 I native  : EVAL_JSON: {"analysis": "Muhimu zaidi ni kiashiria kinachanukuliwa kwa FAW.", "weakness": "Jibu hazifai kwa maswali yaliyowahi kujibu kwa kiakili.", "followup_needed": true, "followup_target": "Muhimu zaidi ni kiashiria kinachanukuliwa kwa FAW?", "score": 10}<end_of_turn>
02-23 11:25:00.300 13054 14146 I native  : <start_of_turn>model
02-23 11:25:01.368 13054 13574 I native  : I0000 00:00:1771874701.368910   13574 session_basic.cc:350] RunPrefillAsync status: OK
02-23 11:25:01.369 13054 13574 I native  : I0000 00:00:1771874701.369043   13574 session_basic.cc:470] RunDecodeAsync
02-23 11:25:06.493 13054 14145 I native  : I0000 00:00:1771874706.493079   14145 model_data_processor_factory.cc:266] Creating Gemma3DataProcessor
02-23 11:25:45.360 13054 13058 I com.negi.survey: Background young concurrent mark compact GC freed 24MB AllocSpace bytes, 0(0B) LOS objects, 80% free, 6084KB/29MB, paused 3.677ms,3.004ms total 116.177ms
02-23 11:26:21.471 13054 13054 D InsetsController: show(ime())
02-23 11:26:21.471 13054 13054 I ImeTracker: com.negi.survey:f0181ce3: onRequestShow at ORIGIN_CLIENT reason SHOW_SOFT_INPUT_BY_INSETS_API fromUser false
02-23 11:26:21.471 13054 13054 D InsetsController: Setting requestedVisibleTypes to 511 (was 503)
02-23 11:26:21.497 13054 13054 I ImeTracker: com.negi.survey:3a5a108: onRequestShow at ORIGIN_CLIENT reason SHOW_SOFT_INPUT fromUser false
02-23 11:26:21.497 13054 13054 D InsetsController: show(ime())
02-23 11:26:21.497 13054 13054 I ImeTracker: com.negi.survey:3a5a108: onCancelled at PHASE_CLIENT_REPORT_REQUESTED_VISIBLE_TYPES
02-23 11:26:21.681 13054 13054 D WindowOnBackDispatcher: setTopOnBackInvokedCallback (unwrapped): android.view.ImeBackAnimationController@6d27fc6
02-23 11:26:21.724 13054 13054 D VRI[MainActivity]: WindowInsets changed: ime:[0,0,0,1043] 
02-23 11:26:22.067 13054 13054 I ImeTracker: com.negi.survey:f0181ce3: onShown
02-23 11:26:35.578 13054 13054 D InsetsController: hide(ime())
02-23 11:26:35.578 13054 13054 I ImeTracker: com.negi.survey:58b71f14: onRequestHide at ORIGIN_CLIENT reason HIDE_SOFT_INPUT_BY_INSETS_API fromUser false
02-23 11:26:35.578 13054 13054 D WindowOnBackDispatcher: setTopOnBackInvokedCallback (unwrapped): androidx.navigationevent.OnBackInvokedInput$createOnBackAnimationCallback$1@dd34ba5
02-23 11:26:35.578 13054 13054 D InsetsController: Setting requestedVisibleTypes to 503 (was 511)
02-23 11:26:35.579 13054 13054 D VRI[MainActivity]: WindowInsets changed: ime:null 
02-23 11:26:35.595 13054 14147 I native  : I0000 00:00:1771874795.594236   14147 session_basic.cc:312] RunPrefillAsync: 
02-23 11:26:35.596 13054 14147 I native  : I0000 00:00:1771874795.595993   14147 session_basic.cc:314] <start_of_turn>user
02-23 11:26:35.596 13054 14147 I native  : Wewe ni mtaalamu mashuhuri wa tafiti za wakulima. Soma Swali na Jibu.
02-23 11:26:35.596 13054 14147 I native  : OUTPUT FORMAT:
02-23 11:26:35.596 13054 14147 I native  : - In Swahili.
02-23 11:26:35.596 13054 14147 I native  : - Keys exactly:
02-23 11:26:35.596 13054 14147 I native  :   • "analysis": short string
02-23 11:26:35.596 13054 14147 I native  :   • "weakness": short string
02-23 11:26:35.596 13054 14147 I native  :   • "followup_needed": boolean
02-23 11:26:35.596 13054 14147 I native  :   • "followup_target": short string
02-23 11:26:35.596 13054 14147 I native  :   • "score": integer 1–100
02-23 11:26:35.596 13054 14147 I native  : 
02-23 11:26:35.596 13054 14147 I native  : RULES:
02-23 11:26:35.596 13054 14147 I native  : - Judge ONLY content relevance/completeness/accuracy.
02-23 11:26:35.596 13054 14147 I native  : - Do NOT generate a follow-up question here.
02-23 11:26:35.596 13054 14147 I native  : - followup_target must be single-scope (one biggest uncertainty).
02-23 11:26:35.596 13054 14147 I native  : - Do NOT use double quotes (") inside string values. Use single quotes or no quotes.
02-23 11:26:35.596 13054 14147 I native  : - Do NOT copy the Answer verbatim into the JSON.
02-23 11:26:35.596 13054 14147 I native  : LENGTH LIMITS:
02-23 11:26:35.596 13054 14147 I native  : - analysis<=60 chars
02-23 11:26:35.596 13054 14147 I native  : - weakness<=120 chars
02-23 11:26:35.596 13054 14147 I native  : - followup_target<=80 chars
02-23 11:26:35.596 13054 14147 I native  : - score is integer 1–100
02-23 11:26:35.596 13054 14147 I native  : Scoring rule: Judge ONLY content relevance/completeness/accuracy. Do NOT penalize style or formatting.
02-23 11:26:35.596 13054 14147 I native  : STRICT OUTPUT (NO MARKDOWN):
02-23 11:26:35.596 13054 14147 I native  : - If the task is EVAL: output RAW JSON only, ONE LINE.
02-23 11:26:35.596 13054 14147 I native  :   - Use COMPACT JSON (no spaces around ':' and ',').
02-23 11:26:35.596 13054 14147 I native  :   - No extra text.
02-23 11:26:35.596 13054 14147 I native  : - If the task is FOLLOWUP: output ONLY the follow-up question as plain text on ONE LINE, or EMPTY output if none.
02-23 11:26:35.596 13054 14147 I native  :   - No JSON, no quotes, no extra text.
02-23 11:26:35.596 13054 14147 I native  : Jibu kwa kitu cha JSON kilicho tupu: {}
02-23 11:26:35.596 13054 14147 I native  : INPUT:
02-23 11:26:35.596 13054 14147 I native  : Kazi: EVAL
02-23 11:26:35.596 13054 14147 I native  : - Tathmini Jibu kwa Swali.
02-23 11:26:35.596 13054 14147 I native  : - Andika weakness (kile kinachokosekana/kisicho wazi).
02-23 11:26:35.596 13054 14147 I native  : - Tambua hoja moja kubwa zaidi iliyokosekana/kutoeleweka kama followup_target.
02-23 11:26:35.596 13054 14147 I native  : - Weka followup_needed true ikiwa ufafanuzi unahitajika, vinginevyo false.
02-23 11:26:35.596 13054 14147 I native  : - Toa score 1–100.
02-23 11:26:35.596 13054 14147 I native  : 
02-23 11:26:35.596 13054 14147 I native  : Swali: Muhimu zaidi ni kiashiria kinachanukuliwa kwa FAW?
02-23 11:26:35.596 13054 14147 I native  : Jibu: 10 percent<end_of_turn>
02-23 11:26:35.596 13054 14147 I native  : <start_of_turn>model
02-23 11:26:35.604 13054 13054 I ImeTracker: system_server:e4cf2832: onCancelled at PHASE_CLIENT_ON_CONTROLS_CHANGED
02-23 11:26:35.668 13054 13054 I ImeTracker: system_server:8ba3f113: onCancelled at PHASE_CLIENT_ON_CONTROLS_CHANGED
02-23 11:26:36.527 13054 13574 I native  : I0000 00:00:1771874796.527899   13574 session_basic.cc:350] RunPrefillAsync status: OK
02-23 11:26:36.528 13054 13574 I native  : I0000 00:00:1771874796.528058   13574 session_basic.cc:470] RunDecodeAsync
02-23 11:26:38.823 13054 13058 I com.negi.survey: Background concurrent mark compact GC freed 24MB AllocSpace bytes, 2(72KB) LOS objects, 80% free, 6024KB/29MB, paused 1.588ms,2.178ms total 108.754ms
02-23 11:26:54.204 13054 14147 I native  : I0000 00:00:1771874814.204308   14147 model_data_processor_factory.cc:266] Creating Gemma3DataProcessor
02-23 11:26:54.206 13054 14147 I native  : I0000 00:00:1771874814.206751   14147 session_basic.cc:312] RunPrefillAsync: 
02-23 11:26:54.206 13054 14147 I native  : I0000 00:00:1771874814.206810   14147 session_basic.cc:314] <start_of_turn>user
02-23 11:26:54.206 13054 14147 I native  : Wewe ni mtaalamu mashuhuri wa tafiti za wakulima. Soma Swali na Jibu.
02-23 11:26:54.206 13054 14147 I native  : OUTPUT FORMAT:
02-23 11:26:54.206 13054 14147 I native  : - In Swahili.
02-23 11:26:54.206 13054 14147 I native  : - Return ONLY the follow-up question as plain text on ONE LINE.
02-23 11:26:54.206 13054 14147 I native  : - Do NOT output JSON.
02-23 11:26:54.206 13054 14147 I native  : - Do NOT wrap the question in quotes.
02-23 11:26:54.206 13054 14147 I native  : - No prefixes, no bullet points, no extra text.
02-23 11:26:54.206 13054 14147 I native  : 
02-23 11:26:54.206 13054 14147 I native  : RULES:
02-23 11:26:54.206 13054 14147 I native  : - Use ONLY the EVAL JSON input.
02-23 11:26:54.206 13054 14147 I native  : - If followup_needed is false, output an EMPTY string (no characters).
02-23 11:26:54.206 13054 14147 I native  : - If true, target exactly followup_target.
02-23 11:26:54.206 13054 14147 I native  : - Single-scope, concrete, answerable immediately.
02-23 11:26:54.206 13054 14147 I native  : - Do not introduce new topics or additional objectives.
02-23 11:26:54.206 13054 14147 I native  : LENGTH LIMITS:
02-23 11:26:54.206 13054 14147 I native  : - follow-up question (text)<=120 chars
02-23 11:26:54.206 13054 14147 I native  : Scoring rule: Judge ONLY content relevance/completeness/accuracy. Do NOT penalize style or formatting.
02-23 11:26:54.206 13054 14147 I native  : STRICT OUTPUT (NO MARKDOWN):
02-23 11:26:54.206 13054 14147 I native  : - If the task is EVAL: output RAW JSON only, ONE LINE.
02-23 11:26:54.206 13054 14147 I native  :   - Use COMPACT JSON (no spaces around ':' and ',').
02-23 11:26:54.206 13054 14147 I native  :   - No extra text.
02-23 11:26:54.206 13054 14147 I native  : - If the task is FOLLOWUP: output ONLY the follow-up question as plain text on ONE LINE, or EMPTY output if none.
02-23 11:26:54.206 13054 14147 I native  :   - No JSON, no quotes, no extra text.
02-23 11:26:54.206 13054 14147 I native  : Jibu kwa kitu cha JSON kilicho tupu: {}
02-23 11:26:54.206 13054 14147 I native  : INPUT:
02-23 11:26:54.206 13054 14147 I native  : Kazi: FOLLOWUP
02-23 11:26:54.206 13054 14147 I native  : - Soma EVAL JSON.
02-23 11:26:54.206 13054 14147 I native  : - Ikiwa followup_needed ni false: toa TUPU (hakuna herufi).
02-23 11:26:54.206 13054 14147 I native  : - Ikiwa ni true: toa SWALI MOJA la ufuatiliaji kama maandishi (safu moja), likilenga hasa followup_target.
02-23 11:26:54.206 13054 14147 I native  : - Usitoe JSON.
02-23 11:26:54.206 13054 14147 I native  : 
02-23 11:26:54.206 13054 14147 I native  : EVAL_JSON: {"analysis": "Muhimu zaidi ni kiashiria kinachanukuliwa kwa FAW.", "weakness": "Jibu haina mafanikio ya kuongeza mana ya kiashiria kinachanukuliwa kwa FAW.", "followup_needed": true, "followup_target": "Muhimu zaidi ni kiashiria kinachanukuliwa kwa FAW?", "score": 30}<end_of_turn>
02-23 11:26:54.206 13054 14147 I native  : <start_of_turn>model
02-23 11:26:54.457 13054 13574 I native  : I0000 00:00:1771874814.457189   13574 session_basic.cc:350] RunPrefillAsync status: OK
02-23 11:26:54.457 13054 13574 I native  : I0000 00:00:1771874814.457361   13574 session_basic.cc:470] RunDecodeAsync
02-23 11:26:59.981 13054 13159 I native  : I0000 00:00:1771874819.981901   13159 model_data_processor_factory.cc:266] Creating Gemma3DataProcessor
02-23 11:27:00.582 13054 13058 I com.negi.survey: Background concurrent mark compact GC freed 23MB AllocSpace bytes, 14(504KB) LOS objects, 79% free, 6164KB/30MB, paused 2.131ms,3.046ms total 107.844ms
02-23 11:27:20.516 13054 13058 I com.negi.survey: Background concurrent mark compact GC freed 24MB AllocSpace bytes, 0(0B) LOS objects, 79% free, 6344KB/30MB, paused 1.962ms,2.764ms total 144.146ms
02-23 11:27:57.035 13054 13054 D WindowOnBackDispatcher: setTopOnBackInvokedCallback (unwrapped): android.app.Activity$$ExternalSyntheticLambda0@7882732
02-23 11:27:57.041 13054 13054 D WhisperSpeechController: updateContext: surveyId=02c3b0f3-5d7f-4c46-864b-e473082c3592, questionId=Start
02-23 11:27:57.042 13054 13054 D WhisperSpeechController: updateContext: surveyId=02c3b0f3-5d7f-4c46-864b-e473082c3592, questionId=Start
02-23 11:27:57.083 13054 13054 D InsetsController: show(ime())
02-23 11:27:57.083 13054 13054 I ImeTracker: com.negi.survey:bbfc36c0: onRequestShow at ORIGIN_CLIENT reason SHOW_SOFT_INPUT_BY_INSETS_API fromUser false
02-23 11:27:57.084 13054 13054 D InsetsController: Setting requestedVisibleTypes to 511 (was 503)
02-23 11:27:57.088 13054 13054 I ImeTracker: com.negi.survey:b922b49b: onRequestShow at ORIGIN_CLIENT reason SHOW_SOFT_INPUT fromUser false
02-23 11:27:57.088 13054 13054 D InsetsController: show(ime())
02-23 11:27:57.088 13054 13054 I ImeTracker: com.negi.survey:b922b49b: onCancelled at PHASE_CLIENT_REPORT_REQUESTED_VISIBLE_TYPES
02-23 11:27:57.176 13054 13054 D WindowOnBackDispatcher: setTopOnBackInvokedCallback (unwrapped): android.view.ImeBackAnimationController@6d27fc6
02-23 11:27:57.198 13054 13054 D VRI[MainActivity]: WindowInsets changed: ime:[0,0,0,1043] 
02-23 11:27:57.522 13054 13054 I ImeTracker: com.negi.survey:bbfc36c0: onShown
02-23 11:27:57.764 13054 13054 D InsetsController: hide(ime())
02-23 11:27:57.764 13054 13054 I ImeTracker: com.negi.survey:8c2f7626: onRequestHide at ORIGIN_CLIENT reason HIDE_SOFT_INPUT_BY_INSETS_API fromUser false
02-23 11:27:57.764 13054 13054 D WindowOnBackDispatcher: setTopOnBackInvokedCallback (unwrapped): android.app.Activity$$ExternalSyntheticLambda0@7882732
02-23 11:27:57.764 13054 13054 D InsetsController: Setting requestedVisibleTypes to 503 (was 511)
02-23 11:27:57.765 13054 13054 D VRI[MainActivity]: WindowInsets changed: ime:null 
02-23 11:27:57.793 13054 13054 I ImeTracker: system_server:4ce1908a: onCancelled at PHASE_CLIENT_ON_CONTROLS_CHANGED
02-23 11:27:57.896 13054 13054 I ImeTracker: system_server:14040e2d: onCancelled at PHASE_CLIENT_ON_CONTROLS_CHANGED
02-23 11:28:01.015 13054 13054 D VRI[MainActivity]: visibilityChanged oldVisibility=true newVisibility=false
02-23 11:28:01.064 13054 13054 I AutofillManager: onInvisibleForAutofill(): expiringResponse
02-23 11:28:01.294 13054 13058 I com.negi.survey: CollectorTransition concurrent mark compact GC freed 22MB AllocSpace bytes, 1(24KB) LOS objects, 82% free, 5244KB/29MB, paused 2.063ms,4.752ms total 265.622ms
02-23 11:28:01.300 13054 13054 D ViewRootImpl: Skipping stats log for color mode
02-23 11:28:01.303 13054 13054 D CrashCapture: install: ensured default handler. where=selfHeal:onActivityResumed pid=13054 default=com.negi.survey.CrashCapture$CrashHandler@b690374
02-23 11:28:01.402 13054 13054 D InsetsController: hide(ime())
02-23 11:28:01.402 13054 13054 I ImeTracker: com.negi.survey:94c47f17: onCancelled at PHASE_CLIENT_ALREADY_HIDDEN
02-23 11:28:04.012 13054 13054 D VRI[MainActivity]: visibilityChanged oldVisibility=true newVisibility=false
02-23 11:28:04.029 13054 13054 I AutofillManager: onInvisibleForAutofill(): expiringResponse
02-23 11:28:08.414 14228 14228 I libc    : SetHeapTaggingLevel: tag level set to 0
02-23 11:28:08.419 14228 14228 I Zygote  : Process 14228 created for com.negi.survey
02-23 11:28:08.420 14228 14228 I com.negi.survey: Using CollectorTypeCMC GC.
02-23 11:28:08.463 14228 14228 D nativeloader: Load libframework-connectivity-tiramisu-jni.so using APEX ns com_android_tethering for caller /apex/com.android.tethering/javalib/framework-connectivity-t.jar: ok
02-23 11:28:08.520 14228 14228 D ApplicationLoaders: Returning zygote-cached class loader: /system_ext/framework/androidx.window.extensions.jar
02-23 11:28:08.520 14228 14228 D ApplicationLoaders: Returning zygote-cached class loader: /system_ext/framework/androidx.window.sidecar.jar
02-23 11:28:08.582 14228 14228 D nativeloader: Configuring clns-9 for other apk /data/app/~~PRxWpjzYxyoI5sk5lmDIEw==/com.negi.survey-WdDB-fctmo--QDr4IHn5sQ==/base.apk. target_sdk_version=36, uses_libraries=libOpenCL.so:libOpenCL-pixel.so, library_path=/data/app/~~PRxWpjzYxyoI5sk5lmDIEw==/com.negi.survey-WdDB-fctmo--QDr4IHn5sQ==/lib/arm64:/data/app/~~PRxWpjzYxyoI5sk5lmDIEw==/com.negi.survey-WdDB-fctmo--QDr4IHn5sQ==/base.apk!/lib/arm64-v8a, permitted_path=/data:/mnt/expand:/data/user/0/com.negi.survey
02-23 11:28:08.602 14228 14228 V GraphicsEnvironment: Currently set values for:
02-23 11:28:08.602 14228 14228 V GraphicsEnvironment:   angle_gl_driver_selection_pkgs=[com.android.angle, com.google.android.apps.tachyon]
02-23 11:28:08.602 14228 14228 V GraphicsEnvironment:   angle_gl_driver_selection_values=[angle, native]
02-23 11:28:08.602 14228 14228 V GraphicsEnvironment: com.negi.survey is not listed in per-application setting
02-23 11:28:08.602 14228 14228 V GraphicsEnvironment: ANGLE allowlist from config: 
02-23 11:28:08.602 14228 14228 V GraphicsEnvironment: No special selections for ANGLE, returning default driver choice
02-23 11:28:08.602 14228 14228 V GraphicsEnvironment: Neither updatable production driver nor prerelease driver is supported.
02-23 11:28:08.626 14228 14228 D nativeloader: Load /data/app/~~PRxWpjzYxyoI5sk5lmDIEw==/com.negi.survey-WdDB-fctmo--QDr4IHn5sQ==/base.apk!/lib/arm64-v8a/liblitertlm_jni.so using class loader ns clns-9 (caller=/data/app/~~PRxWpjzYxyoI5sk5lmDIEw==/com.negi.survey-WdDB-fctmo--QDr4IHn5sQ==/base.apk!classes4.dex): ok
02-23 11:28:08.626 14228 14228 D SurveyApp: Loaded LiteRTLM JNI: litertlm_jni where=attachBaseContext
02-23 11:28:08.633 14228 14242 D RuntimeLogStore: openWriter: start -> /data/user/0/com.negi.survey/files/diagnostics/runtime_logs/rtlog_20260223_192808_632_pid14228_seq1.log (bytes=0 format=LEGACY)
02-23 11:28:08.635 14228 14242 D RuntimeLogStore: retention: start files=2 kept=2 totalBytes=25122
02-23 11:28:08.661 14228 14228 D AppRingLogStore: installed: dir=/data/user/0/com.negi.survey/files/diagnostics/applog_ring idx=0
02-23 11:28:08.664 14228 14228 D CrashCapture: install: ensured default handler. where=SurveyApp:attachBaseContext pid=14228 default=com.negi.survey.CrashCapture$CrashHandler@9e57f47
02-23 11:28:08.666 14228 14228 D CrashCapture: install: ensured default handler. where=SurveyApp:onCreate(rewrap) pid=14228 default=com.negi.survey.CrashCapture$CrashHandler@9e57f47
02-23 11:28:08.666 14228 14228 D CrashCapture: registerSelfHealing: ActivityLifecycleCallbacks registered. mode=onResumedOnly
02-23 11:28:08.675 14228 14244 I DisplayManager: Choreographer implicitly registered for the refresh rate.
02-23 11:28:08.676 14228 14244 D vulkan  : searching for layers in '/data/app/~~PRxWpjzYxyoI5sk5lmDIEw==/com.negi.survey-WdDB-fctmo--QDr4IHn5sQ==/lib/arm64'
02-23 11:28:08.676 14228 14244 D vulkan  : searching for layers in '/data/app/~~PRxWpjzYxyoI5sk5lmDIEw==/com.negi.survey-WdDB-fctmo--QDr4IHn5sQ==/base.apk!/lib/arm64-v8a'
02-23 11:28:08.679 14228 14228 D DesktopExperienceFlags: Toggle override initialized to: false
02-23 11:28:08.682 14228 14228 E ashmem  : Pinning is deprecated since Android Q. Please use trim or other methods.
02-23 11:28:08.691 14228 14228 D CompatChangeReporter: Compat change id reported: 377864165; UID 14741; state: ENABLED
02-23 11:28:08.691 14228 14228 D DesktopModeFlags: Toggle override initialized to: OVERRIDE_UNSET
02-23 11:28:08.699 14228 14228 I ContentCaptureHelper: Setting logging level to OFF
02-23 11:28:08.705 14228 14228 D CrashCapture: install: ensured default handler. where=selfHeal:onActivityResumed pid=14228 default=com.negi.survey.CrashCapture$CrashHandler@9e57f47
02-23 11:28:08.750 14228 14228 D WindowOnBackDispatcher: setTopOnBackInvokedCallback (unwrapped): android.app.Activity$$ExternalSyntheticLambda0@8fab891
02-23 11:28:08.774 14228 14228 E VibratorInfo: Invalid frequency profile received from HAL. resonantFrequencyHz=NaN, frequenciesHz=null, outputAccelerationsGs=null
02-23 11:28:08.842 14228 14228 D VRI[MainActivity]: WindowInsets changed: 1080x2424 statusBars:[0,152,0,0] navigationBars:[0,0,0,69] mandatorySystemGestures:[0,187,0,92] 
02-23 11:28:08.851 14228 14228 I HWUI    : Using FreeType backend (prop=Auto)
02-23 11:28:08.930 14228 14228 D IntroScreen: Resolved config details: id=survey_config10.yaml in 10ms
02-23 11:28:08.997 14228 14228 D InsetsController: hide(ime())
02-23 11:28:08.997 14228 14228 I ImeTracker: com.negi.survey:7cb41ad8: onCancelled at PHASE_CLIENT_ALREADY_HIDDEN
02-23 11:28:11.178 14228 14228 D WM-PackageManagerHelper: Skipping component enablement for androidx.work.impl.background.systemjob.SystemJobService
02-23 11:28:11.178 14228 14228 D WM-Schedulers: Created SystemJobScheduler and enabled SystemJobService
02-23 11:28:11.179 14228 14268 D WM-ForceStopRunnable: Is default app process = true
02-23 11:28:11.182 14228 14268 D WM-ForceStopRunnable: Performing cleanup operations.
02-23 11:28:11.249 14228 14268 D WM-ForceStopRunnable: Application was force-stopped, rescheduling.
02-23 11:28:11.262 14228 14228 D github_upload: choosePolicy: uniqueName=upload_runtime_logs_startup policy=REPLACE states=[SUCCEEDED]
02-23 11:28:11.263 14228 14228 D github_upload: enqueueStartupRuntimeLogsUpload: uniqueName=upload_runtime_logs_startup policy=REPLACE
02-23 11:28:11.282 14228 14268 D WM-SystemJobScheduler: Scheduling work ID fed3e45d-234b-43dd-8359-72a0a985432fJob ID 11
02-23 11:28:11.294 14228 14268 D WM-GreedyScheduler: Starting tracking for fed3e45d-234b-43dd-8359-72a0a985432f
02-23 11:28:11.296 14228 14228 D github_upload: choosePolicy: uniqueName=upload_ring_logs_startup policy=REPLACE states=[SUCCEEDED]
02-23 11:28:11.296 14228 14228 D github_upload: enqueueStartupRingLogsUpload: uniqueName=upload_ring_logs_startup policy=REPLACE
02-23 11:28:11.299 14228 14273 D CrashCapture: enqueuePendingCrashUploadsIfPossible enter where=SurveyApp:enqueuePending(immediate):bg pid=14228 thread=CrashCapture-Enqueue
02-23 11:28:11.306 14228 14228 D WM-SystemJobService: onStartJob for WorkGenerationalId(workSpecId=fed3e45d-234b-43dd-8359-72a0a985432f, generation=0)
02-23 11:28:11.323 14228 14270 D WM-SystemJobScheduler: Scheduling work ID 0aa29a9f-34c9-4ee3-bc14-eac2e974f3e2Job ID 12
02-23 11:28:11.328 14228 14228 D WM-SystemJobService: onStartJob for WorkGenerationalId(workSpecId=0aa29a9f-34c9-4ee3-bc14-eac2e974f3e2, generation=0)
02-23 11:28:11.328 14228 14270 D WM-GreedyScheduler: Starting tracking for fed3e45d-234b-43dd-8359-72a0a985432f,0aa29a9f-34c9-4ee3-bc14-eac2e974f3e2
02-23 11:28:11.332 14228 14270 D WM-Processor: Processor: processing WorkGenerationalId(workSpecId=fed3e45d-234b-43dd-8359-72a0a985432f, generation=0)
02-23 11:28:11.336 14228 14270 D WM-Processor: Processor: processing WorkGenerationalId(workSpecId=0aa29a9f-34c9-4ee3-bc14-eac2e974f3e2, generation=0)
02-23 11:28:11.346 14228 14270 D WM-PackageManagerHelper: androidx.work.impl.background.systemalarm.RescheduleReceiver enabled
02-23 11:28:11.350 14228 14228 D WM-WorkerWrapper: Starting work for com.negi.survey.net.GitHubUploadWorker
02-23 11:28:11.385 14228 14270 D WM-ConstraintTracker: NetworkStateTracker24: initial state = NetworkState(isConnected=true, isValidated=true, isMetered=false, isNotRoaming=true, isBlocked=false)
02-23 11:28:11.385 14228 14270 D WM-NetworkStateTracker: Registering network callback
02-23 11:28:11.411 14228 14228 D WM-WorkerWrapper: Starting work for com.negi.survey.net.GitHubUploadWorker
02-23 11:28:11.417 14228 14277 D WM-NetworkStateTracker: Network capabilities changed: [ Transports: WIFI Capabilities: NOT_METERED&INTERNET&NOT_RESTRICTED&TRUSTED&NOT_VPN&VALIDATED&NOT_ROAMING&FOREGROUND&NOT_CONGESTED&NOT_SUSPENDED&NOT_VCN_MANAGED&NOT_BANDWIDTH_CONSTRAINED LinkUpBandwidth>=13861Kbps LinkDnBandwidth>=103543Kbps TransportInfo: <SSID: <unknown ssid>, BSSID: 02:00:00:00:00:00, MAC: 02:00:00:00:00:00, IP: /192.168.1.27, Security type: 2, Supplicant state: COMPLETED, Wi-Fi standard: 11ac, RSSI: -30, Link speed: 866Mbps, Tx Link speed: 866Mbps, Max Supported Tx Link speed: 866Mbps, Rx Link speed: 866Mbps, Max Supported Rx Link speed: 866Mbps, Frequency: 5805MHz, Net ID: -1, Metered hint: false, score: 60, isUsable: true, CarrierMerged: false, SubscriptionId: -1, IsPrimary: -1, Trusted: true, Restricted: false, Ephemeral: false, OEM paid: false, OEM private: false, OSU AP: false, FQDN: <none>, Provider friendly name: <none>, Requesting package name: <none><none>MLO Information: , Is TID-To-Link negotiation supported by the AP: false, AP MLD Address: <none>, AP MLO Link Id: <none>, AP MLO Affiliated links: <none>, Vendor Data: <none>> SignalStrength: -30 UnderlyingNetworks: Null]
02-23 11:28:11.419 14228 14271 I WM-Processor: Moving WorkSpec (fed3e45d-234b-43dd-8359-72a0a985432f) to the foreground
02-23 11:28:11.420 14228 14277 D WM-NetworkStateTracker: Network blocked status changed: false
02-23 11:28:11.433 14228 14228 I WM-SystemFgDispatcher: Started foreground service Intent { act=ACTION_START_FOREGROUND xflg=0x4 cmp=com.negi.survey/androidx.work.impl.foreground.SystemForegroundService (has extras) }
02-23 11:28:11.433 14228 14228 D WM-SystemFgDispatcher: Notifying with (id:3751, workSpecId: fed3e45d-234b-43dd-8359-72a0a985432f, notificationType :1)
02-23 11:28:11.437 14228 14228 D WM-SystemFgDispatcher: Notifying with (id:3751, workSpecId: fed3e45d-234b-43dd-8359-72a0a985432f, notificationType :1)
02-23 11:28:11.442 14228 14271 I WM-Processor: Moving WorkSpec (0aa29a9f-34c9-4ee3-bc14-eac2e974f3e2) to the foreground
02-23 11:28:11.450 14228 14228 I WM-SystemFgDispatcher: Started foreground service Intent { act=ACTION_START_FOREGROUND xflg=0x4 cmp=com.negi.survey/androidx.work.impl.foreground.SystemForegroundService (has extras) }
02-23 11:28:11.450 14228 14228 D WM-SystemFgDispatcher: Notifying with (id:9773, workSpecId: 0aa29a9f-34c9-4ee3-bc14-eac2e974f3e2, notificationType :1)
02-23 11:28:11.457 14228 14228 D WM-SystemFgDispatcher: Notifying with (id:9773, workSpecId: 0aa29a9f-34c9-4ee3-bc14-eac2e974f3e2, notificationType :1)
02-23 11:28:11.464 14228 14271 D WM-GreedyScheduler: Constraints met: Scheduling work ID WorkGenerationalId(workSpecId=fed3e45d-234b-43dd-8359-72a0a985432f, generation=0)
02-23 11:28:11.465 14228 14271 D WM-WorkProgressUpdater: Updating progress for fed3e45d-234b-43dd-8359-72a0a985432f (Data {pct : 3, mode : startup_runtime_logs})
02-23 11:28:11.470 14228 14271 I WM-Processor: Moving WorkSpec (fed3e45d-234b-43dd-8359-72a0a985432f) to the foreground
