=== RuntimeLogStore Header ===
ts=2026-08-31T20:21:14.477Z
fileNameFormat=LEGACY
appId=com.negi.survey
versionName=0.0.1
versionCode=1
debug=true
device=Google Pixel 9a
sdk=36
pid=22800
==============================
2026-08-31T20:21:14.477Z I/RuntimeLogStore [rtlog-io] start: actor launched (fileNameFormat=LEGACY)
2026-08-31T20:21:14.450Z D/SurveyApp [main] attachBaseContext: pid=22800 process=com.negi.survey isMain=true sdk=36
2026-08-31T20:21:14.450Z D/SurveyApp [main] bootTiming: attachBaseContext total=63ms
2026-08-31T20:21:14.450Z D/SurveyApp [main] Skipping WorkManager init in attachBaseContext; will init lazily on first enqueue.
2026-08-31T20:21:14.453Z D/SurveyApp [main] CrashCapture installed: where=SurveyApp:attachBaseContext
2026-08-31T20:21:14.482Z I/RuntimeLogStore [main] start repair: ctx/dir refreshed
2026-08-31T20:21:14.483Z D/SurveyApp [main] bootTiming: RuntimeLogStore.start took=1ms
2026-08-31T20:21:14.483Z D/SurveyApp [main] bootTiming: AppRingLogStore.install took=0ms
2026-08-31T20:21:14.483Z D/SurveyApp [main] onCreate: pid=22800 process=com.negi.survey isMain=true sdk=36
2026-08-31T20:21:14.488Z D/SurveyApp [main] CrashCapture installed: where=SurveyApp:onCreate(rewrap)
2026-08-31T20:21:14.489Z D/SurveyApp [main] CrashCapture self-healing registered.
2026-08-31T20:21:14.489Z W/SurveyApp [main] Startup enqueues deferred: delay=2500ms (to reduce init contention)
2026-08-31T20:21:14.489Z D/SurveyApp [main] bootTiming: onCreate total=7ms
2026-08-31T20:21:14.550Z I/RuntimeLogStore [DefaultDispatcher-worker-2] start repair: ctx/dir refreshed
2026-08-31T20:21:16.950Z I/RuntimeLogStore [DefaultDispatcher-worker-2] start repair: ctx/dir refreshed
