=== RuntimeLogStore Header ===
ts=2026-08-31T02:58:41.855Z
fileNameFormat=LEGACY
appId=com.negi.survey
versionName=0.0.1
versionCode=1
debug=true
device=Google Pixel 9a
sdk=36
pid=24957
==============================
2026-08-31T02:58:41.856Z I/RuntimeLogStore [rtlog-io] start: actor launched (fileNameFormat=LEGACY)
2026-08-31T02:58:41.800Z D/SurveyApp [main] attachBaseContext: pid=24957 process=com.negi.survey isMain=true sdk=36
2026-08-31T02:58:41.800Z D/SurveyApp [main] bootTiming: attachBaseContext total=49ms
2026-08-31T02:58:41.801Z D/SurveyApp [main] Skipping WorkManager init in attachBaseContext; will init lazily on first enqueue.
2026-08-31T02:58:41.804Z D/SurveyApp [main] CrashCapture installed: where=SurveyApp:attachBaseContext
2026-08-31T02:58:41.850Z I/RuntimeLogStore [main] start repair: ctx/dir refreshed
2026-08-31T02:58:41.850Z D/SurveyApp [main] bootTiming: RuntimeLogStore.start took=0ms
2026-08-31T02:58:41.850Z D/SurveyApp [main] bootTiming: AppRingLogStore.install took=0ms
2026-08-31T02:58:41.850Z D/SurveyApp [main] onCreate: pid=24957 process=com.negi.survey isMain=true sdk=36
2026-08-31T02:58:41.857Z D/SurveyApp [main] CrashCapture installed: where=SurveyApp:onCreate(rewrap)
2026-08-31T02:58:41.857Z D/SurveyApp [main] CrashCapture self-healing registered.
2026-08-31T02:58:41.857Z W/SurveyApp [main] Startup enqueues deferred: delay=2500ms (to reduce init contention)
2026-08-31T02:58:41.857Z D/SurveyApp [main] bootTiming: onCreate total=7ms
2026-08-31T02:58:44.361Z W/SurveyApp [main] Deferred startup enqueues begin...
2026-08-31T02:58:44.454Z D/SurveyApp [main] WorkManager available. where=startupRtLogs(immediate) took=90ms
2026-08-31T02:58:44.464Z D/SurveyApp [main] Startup runtime logs target -> owner=ishizuki-tech repo=SurveyExports branch=main base='/diagnostics/runtime_logs'
2026-08-31T02:58:44.498Z D/SurveyApp [main] Startup runtime logs: enqueue requested (immediate).
2026-08-31T02:58:44.499Z D/SurveyApp [main] WorkManager available. where=startupRingLogs(immediate) took=0ms
2026-08-31T02:58:44.503Z D/SurveyApp [main] Startup ring logs target -> owner=ishizuki-tech repo=SurveyExports branch=main base='/diagnostics/applog_ring'
2026-08-31T02:58:44.506Z D/SurveyApp [main] Startup ring logs: enqueue requested (immediate).
2026-08-31T02:58:44.506Z D/SurveyApp [main] WorkManager available. where=enqueuePending(immediate) took=0ms
2026-08-31T02:58:44.507Z D/SurveyApp [main] CrashCapture pending uploads requested (immediate).
2026-08-31T02:58:44.508Z W/SurveyApp [main] Deferred startup enqueues done: took=146ms
2026-08-31T02:58:47.226Z I/RuntimeLogStore [DefaultDispatcher-worker-34] start repair: ctx/dir refreshed
