=== RuntimeLogStore Header ===
ts=2026-09-25T20:17:20.986Z
fileNameFormat=LEGACY
appId=com.negi.survey
versionName=0.0.1
versionCode=1
debug=true
device=Google Pixel 9a
sdk=36
pid=4590
==============================
2026-09-25T20:17:20.986Z I/RuntimeLogStore [rtlog-io] start: actor launched (fileNameFormat=LEGACY)
2026-09-25T20:17:20.969Z D/SurveyApp [main] attachBaseContext: pid=4590 process=com.negi.survey isMain=true sdk=36
2026-09-25T20:17:20.969Z D/SurveyApp [main] bootTiming: attachBaseContext total=61ms
2026-09-25T20:17:20.970Z D/SurveyApp [main] Skipping WorkManager init in attachBaseContext; will init lazily on first enqueue.
2026-09-25T20:17:20.972Z D/SurveyApp [main] CrashCapture installed: where=SurveyApp:attachBaseContext
2026-09-25T20:17:20.992Z I/RuntimeLogStore [main] start repair: ctx/dir refreshed
2026-09-25T20:17:20.992Z D/SurveyApp [main] bootTiming: RuntimeLogStore.start took=0ms
2026-09-25T20:17:20.992Z D/SurveyApp [main] bootTiming: AppRingLogStore.install took=0ms
2026-09-25T20:17:20.992Z D/SurveyApp [main] onCreate: pid=4590 process=com.negi.survey isMain=true sdk=36
2026-09-25T20:17:20.998Z D/SurveyApp [main] CrashCapture installed: where=SurveyApp:onCreate(rewrap)
2026-09-25T20:17:20.998Z D/SurveyApp [main] CrashCapture self-healing registered.
2026-09-25T20:17:20.998Z W/SurveyApp [main] Startup enqueues deferred: delay=2500ms (to reduce init contention)
2026-09-25T20:17:20.999Z D/SurveyApp [main] Startup survey recovery deferred: delay=2500ms
2026-09-25T20:17:20.999Z D/SurveyApp [main] bootTiming: onCreate total=8ms
2026-09-25T20:17:25.143Z W/SurveyApp [main] Deferred startup enqueues begin...
2026-09-25T20:17:25.144Z D/SurveyApp [main] WorkManager available. where=startupRtLogs(immediate) took=0ms
2026-09-25T20:17:25.176Z D/SurveyApp [main] Startup runtime logs: GitHub config not available (immediate).
2026-09-25T20:17:25.177Z W/SurveyApp [main] Startup runtime logs: scheduling one retry; reason=config
2026-09-25T20:17:25.178Z D/SurveyApp [main] WorkManager available. where=startupRingLogs(immediate) took=0ms
2026-09-25T20:17:25.198Z D/SurveyApp [main] Startup ring logs: GitHub config not available (immediate).
2026-09-25T20:17:25.198Z W/SurveyApp [main] Startup ring logs: scheduling one retry; reason=config
2026-09-25T20:17:25.199Z D/SurveyApp [main] WorkManager available. where=enqueuePending(immediate) took=0ms
2026-09-25T20:17:25.200Z D/SurveyApp [main] CrashCapture pending uploads requested (immediate).
2026-09-25T20:17:25.200Z W/SurveyApp [main] Deferred startup enqueues done: took=57ms
2026-09-25T20:17:25.202Z D/SurveyApp [DefaultDispatcher-worker-1] Survey recovery WorkManager available. where=startupSurveyUploads(initial) took=0ms
2026-09-25T20:17:25.221Z W/SurveyApp [DefaultDispatcher-worker-1] Startup survey recovery: GitHub config unavailable (initial).
2026-09-25T20:17:25.221Z W/SurveyApp [DefaultDispatcher-worker-1] Startup survey recovery: scheduling one retry; reason=config delay=1600ms
2026-09-25T20:17:26.779Z D/SurveyApp [main] WorkManager available. where=startupRtLogs(delayed) took=0ms
2026-09-25T20:17:26.801Z D/SurveyApp [main] Startup runtime logs: GitHub config not available (delayed).
2026-09-25T20:17:26.802Z D/SurveyApp [main] Startup runtime logs: retry already scheduled; reason=config
2026-09-25T20:17:26.802Z D/SurveyApp [main] WorkManager available. where=startupRingLogs(delayed) took=0ms
2026-09-25T20:17:26.820Z D/SurveyApp [main] Startup ring logs: GitHub config not available (delayed).
2026-09-25T20:17:26.821Z D/SurveyApp [main] Startup ring logs: retry already scheduled; reason=config
2026-09-25T20:17:26.823Z D/SurveyApp [DefaultDispatcher-worker-3] Survey recovery WorkManager available. where=startupSurveyUploads(delayed) took=0ms
2026-09-25T20:17:26.842Z W/SurveyApp [DefaultDispatcher-worker-3] Startup survey recovery: GitHub config unavailable (delayed).
2026-09-25T20:17:26.843Z W/SurveyApp [DefaultDispatcher-worker-3] Startup survey recovery: retry exhausted; reason=config
