=== RuntimeLogStore Header ===
ts=2026-09-24T18:13:16.195Z
fileNameFormat=LEGACY
appId=com.negi.survey
versionName=0.0.1
versionCode=88
debug=false
device=Google Pixel 9a
sdk=36
pid=27443
==============================
2026-09-24T18:13:16.195Z I/RuntimeLogStore [rtlog-io] start: actor launched (fileNameFormat=LEGACY)
2026-09-24T18:13:16.186Z D/SurveyApp [main] attachBaseContext: pid=27443 process=com.negi.survey isMain=true sdk=36
2026-09-24T18:13:16.186Z D/SurveyApp [main] bootTiming: attachBaseContext total=19ms
2026-09-24T18:13:16.187Z D/SurveyApp [main] Skipping WorkManager init in attachBaseContext; will init lazily on first enqueue.
2026-09-24T18:13:16.187Z D/SurveyApp [main] CrashCapture installed: where=SurveyApp:attachBaseContext
2026-09-24T18:13:16.208Z I/RuntimeLogStore [main] start repair: ctx/dir refreshed
2026-09-24T18:13:16.208Z D/SurveyApp [main] bootTiming: RuntimeLogStore.start took=0ms
2026-09-24T18:13:16.208Z D/SurveyApp [main] bootTiming: AppRingLogStore.install took=0ms
2026-09-24T18:13:16.208Z D/SurveyApp [main] onCreate: pid=27443 process=com.negi.survey isMain=true sdk=36
2026-09-24T18:13:16.209Z D/SurveyApp [main] CrashCapture installed: where=SurveyApp:onCreate(rewrap)
2026-09-24T18:13:16.209Z D/SurveyApp [main] CrashCapture self-healing registered.
2026-09-24T18:13:16.209Z W/SurveyApp [main] Startup enqueues deferred: delay=2500ms (to reduce init contention)
2026-09-24T18:13:16.209Z D/SurveyApp [main] Startup survey recovery deferred: delay=2500ms
2026-09-24T18:13:16.209Z D/SurveyApp [main] bootTiming: onCreate total=2ms
2026-09-24T18:13:16.255Z I/RuntimeLogStore [DefaultDispatcher-worker-2] start repair: ctx/dir refreshed
2026-09-24T18:13:17.913Z I/RuntimeLogStore [DefaultDispatcher-worker-2] start repair: ctx/dir refreshed
