=== RuntimeLogStore Header ===
ts=2026-09-24T18:08:22.609Z
fileNameFormat=LEGACY
appId=com.negi.survey
versionName=0.0.1
versionCode=88
debug=false
device=Google Pixel 9a
sdk=36
pid=26164
==============================
2026-09-24T18:08:22.609Z I/RuntimeLogStore [rtlog-io] --- rotated (reason=plain_snapshot:app_start) ---
2026-09-24T18:10:10.272Z D/LiteRtLM [DefaultDispatcher-worker-2] Initializing LiteRT-LM: model='Gemma3n4B', key='Gemma3n4B|/data/data/com.negi.survey/files/gemma-3n-E4B-it-int4.litertlm'
2026-09-24T18:10:10.272Z D/LiteRtLM [DefaultDispatcher-worker-2] Capabilities: image=false audio=false
2026-09-24T18:10:10.273Z D/LiteRtLM [DefaultDispatcher-worker-2] Backend=com.google.ai.edge.litertlm.Backend$GPU@b1faf20 maxNumTokens=512 (raw=512) topK=1 topP=0.0 temp=0.0
2026-09-24T18:10:10.273Z D/LiteRtLM [DefaultDispatcher-worker-2] Model path='/data/data/com.negi.survey/files/gemma-3n-E4B-it-int4.litertlm' sizeBytes=4919541760 lastModified=1790273393406
2026-09-24T18:10:10.273Z D/LiteRtLM [DefaultDispatcher-worker-2] LiteRT-LM native benchmark policy: enabled=false emulator=false
2026-09-24T18:10:10.273Z D/LiteRtLM [DefaultDispatcher-worker-2] Speculative decoding / MTP policy: enabled=false runtimeFlagUpdated=true model='Gemma3n4B'
2026-09-24T18:10:10.274Z D/LiteRtLM [DefaultDispatcher-worker-2] Engine cacheDir resolved: key='Gemma3n4B|/data/data/com.negi.survey/files/gemma-3n-E4B-it-int4.litertlm' backend=com.google.ai.edge.litertlm.Backend$GPU@b1faf20 path='/data/user/0/com.negi.survey/no_backup/litertlm_cache/1b04bfe37ab1a46ddf1f74564e561c7d48fefbc3' filesBefore=0
2026-09-24T18:10:45.115Z W/LiteRtLM [DefaultDispatcher-worker-2] Engine.initialize completed: key='Gemma3n4B|/data/data/com.negi.survey/files/gemma-3n-E4B-it-int4.litertlm' backend=com.google.ai.edge.litertlm.Backend$GPU@b1faf20 took=34836ms cacheFilesAfter=2
2026-09-24T18:10:45.170Z D/LiteRtLM [DefaultDispatcher-worker-2] createConversation completed: key='Gemma3n4B|/data/data/com.negi.survey/files/gemma-3n-E4B-it-int4.litertlm' took=53ms
2026-09-24T18:10:45.172Z D/LiteRtLM [DefaultDispatcher-worker-2] LiteRT-LM initialization succeeded: model='Gemma3n4B', key='Gemma3n4B|/data/data/com.negi.survey/files/gemma-3n-E4B-it-int4.litertlm' engineMs=34836 conversationMs=53 totalMs=34902
2026-09-24T18:10:45.203Z D/AiTrace [main] Installed (enabled=false ringEnabled=true)
2026-09-24T18:10:45.208Z D/SurveyVM [main] init -> Start, session=0, uuid=38517f78-5a50-4acd-9aa7-ddf42dddccf6, navSize=1, graphSize=20
2026-09-24T18:10:45.213Z D/SurveyVM [main] config.validate -> issues=0
2026-09-24T18:10:45.213Z D/SurveyVM [main] promptSources -> legacy=10, eval=0, follow=0
2026-09-24T18:10:45.213Z D/SurveyVM [main] promptSources.preview -> legacy=[Q10, Q11, Q12, Q13, Q14, Q15, Q16, Q17, Q8, Q9], eval=[], follow=[]
2026-09-24T18:10:45.213Z D/SurveyVM [main] hasTwoStepPrompt[Q10] -> true (eval=195, fu=220)
2026-09-24T18:10:45.213Z D/SurveyVM [main] hasTwoStepPrompt[Q11] -> true (eval=219, fu=244)
2026-09-24T18:10:45.213Z D/SurveyVM [main] hasTwoStepPrompt[Q12] -> true (eval=229, fu=254)
2026-09-24T18:10:45.213Z D/SurveyVM [main] hasTwoStepPrompt[Q13] -> true (eval=184, fu=209)
2026-09-24T18:10:45.213Z D/SurveyVM [main] hasTwoStepPrompt[Q14] -> true (eval=221, fu=246)
2026-09-24T18:10:45.213Z D/SurveyVM [main] hasTwoStepPrompt[Q15] -> true (eval=160, fu=185)
2026-09-24T18:10:45.213Z D/SurveyVM [main] hasTwoStepPrompt[Q16] -> true (eval=185, fu=210)
2026-09-24T18:10:45.213Z D/SurveyVM [main] hasTwoStepPrompt[Q17] -> true (eval=200, fu=225)
2026-09-24T18:10:45.213Z D/SurveyVM [main] hasTwoStepPrompt[Q8] -> true (eval=248, fu=273)
2026-09-24T18:10:45.213Z D/SurveyVM [main] hasTwoStepPrompt[Q9] -> true (eval=190, fu=215)
2026-09-24T18:10:45.213Z D/SurveyVM [main] AI prompt coverage OK (aiCount=10)
2026-09-24T18:10:45.300Z D/LiteRtLM [slm-jni] initializeIfNeeded: warm runtime already ready: key='Gemma3n4B|/data/data/com.negi.survey/files/gemma-3n-E4B-it-int4.litertlm'
2026-09-24T18:10:45.304Z D/LiteRtRepository [main] warmUp: initializeIfNeeded ok gateWaitMs=0 initMs=6
2026-09-24T18:10:45.304Z D/LiteRtRepository [main] warmUp: Engine ready; representative inference disabled totalMs=6
2026-09-24T18:10:57.189Z D/SurveyVM [main] resetAudioRefs -> cleared
2026-09-24T18:10:57.190Z D/SurveyVM [main] resetNavToStart -> key=com.negi.survey.vm.FlowHome@9a4d9d0, navSize=1
2026-09-24T18:10:57.190Z D/SurveyVM [main] resetToStart -> Start, session=1, uuid=181ee722-6eb0-4655-957c-b5d351bf6b2f, preserveDraft=true, draftLen=0
2026-09-24T18:10:57.190Z D/SurveyVM [main] activateRunIfNeeded(advanceToNext:Q1) -> runNoteLen=0, draftCleared=true, uuid=181ee722-6eb0-4655-957c-b5d351bf6b2f
2026-09-24T18:10:57.191Z D/SurveyVM [main] push -> Q1, navSize=2, stackSize=2
2026-09-24T18:11:05.002Z I/AiViewModel [main] onCleared: ViewModel is being cleared -> stopCurrentRunInternal()
