=== RuntimeLogStore Header ===
ts=2026-09-22T18:33:59.853Z
fileNameFormat=LEGACY
appId=com.negi.survey
versionName=0.0.1
versionCode=1
debug=true
device=Google Pixel 9a
sdk=36
pid=6675
==============================
2026-09-22T18:33:59.853Z I/RuntimeLogStore [rtlog-io] start: actor launched (fileNameFormat=LEGACY)
2026-09-22T18:33:59.828Z D/SurveyApp [main] attachBaseContext: pid=6675 process=com.negi.survey isMain=true sdk=36
2026-09-22T18:33:59.828Z D/SurveyApp [main] bootTiming: attachBaseContext total=63ms
2026-09-22T18:33:59.829Z D/SurveyApp [main] Skipping WorkManager init in attachBaseContext; will init lazily on first enqueue.
2026-09-22T18:33:59.832Z D/SurveyApp [main] CrashCapture installed: where=SurveyApp:attachBaseContext
2026-09-22T18:33:59.858Z I/RuntimeLogStore [main] start repair: ctx/dir refreshed
2026-09-22T18:33:59.859Z D/SurveyApp [main] bootTiming: RuntimeLogStore.start took=0ms
2026-09-22T18:33:59.859Z D/SurveyApp [main] bootTiming: AppRingLogStore.install took=0ms
2026-09-22T18:33:59.859Z D/SurveyApp [main] onCreate: pid=6675 process=com.negi.survey isMain=true sdk=36
2026-09-22T18:33:59.869Z D/SurveyApp [main] CrashCapture installed: where=SurveyApp:onCreate(rewrap)
2026-09-22T18:33:59.869Z D/SurveyApp [main] CrashCapture self-healing registered.
2026-09-22T18:33:59.869Z W/SurveyApp [main] Startup enqueues deferred: delay=2500ms (to reduce init contention)
2026-09-22T18:33:59.869Z D/SurveyApp [main] bootTiming: onCreate total=12ms
2026-09-22T18:34:00.260Z I/RuntimeLogStore [DefaultDispatcher-worker-1] start repair: ctx/dir refreshed
2026-09-22T18:34:02.287Z I/RuntimeLogStore [DefaultDispatcher-worker-1] start repair: ctx/dir refreshed
