20260929_220636 I/AppRingLogStore pid=32173 tid=32173 uptimeMs=678501894 msg=install: pid=32173 timeUtc=20260929_220636 uptimeMs=678501893
20260929_220636 D/SurveyApp pid=32173 tid=32173 uptimeMs=678501894 msg=attachBaseContext: pid=32173 process=com.negi.survey isMain=true sdk=36
20260929_220636 D/SurveyApp pid=32173 tid=32173 uptimeMs=678501907 msg=onCreate: pid=32173 process=com.negi.survey isMain=true sdk=36
20260929_222349 I/AppRingLogStore pid=2900 tid=2900 uptimeMs=679534291 msg=install: pid=2900 timeUtc=20260929_222349 uptimeMs=679534289
20260929_222349 D/SurveyApp pid=2900 tid=2900 uptimeMs=679534292 msg=attachBaseContext: pid=2900 process=com.negi.survey isMain=true sdk=36
20260929_222349 D/SurveyApp pid=2900 tid=2900 uptimeMs=679534336 msg=onCreate: pid=2900 process=com.negi.survey isMain=true sdk=36
20260929_222557 D/AiTrace pid=2900 tid=2900 uptimeMs=679662915 msg=Installed (enabled=true ringEnabled=true)
20260929_222558 D/LiteRtRepository pid=2900 tid=2900 uptimeMs=679663058 msg=warmUp init ok initMs=2 gateWaitMs=1
20260929_222558 D/LiteRtRepository pid=2900 tid=2900 uptimeMs=679663058 msg=warmUp Engine ready representativeInference=false totalMs=3
20260929_222647 D/LiteRtRepository pid=2900 tid=2900 uptimeMs=679712694 msg=warmUp init ok initMs=7 gateWaitMs=0
20260929_222647 D/LiteRtRepository pid=2900 tid=2900 uptimeMs=679712694 msg=warmUp Engine ready representativeInference=false totalMs=7
20260929_222649 D/LiteRtRepository pid=2900 tid=2900 uptimeMs=679714708 msg=warmUp init ok initMs=2 gateWaitMs=0
20260929_222649 D/LiteRtRepository pid=2900 tid=2900 uptimeMs=679714708 msg=warmUp Engine ready representativeInference=false totalMs=2
20260929_222700 D/AiViewModel pid=2900 tid=3270 uptimeMs=679725730 msg=run[1]: mode=EVAL_JSON phase=EVAL commit=true prompt.len=315, fullPrompt.len=2962, timeoutMs=120000
20260929_222700 D/AiViewModel pid=2900 tid=3270 uptimeMs=679725732 msg=run[1]: sha(prompt)=8aa56c6ba48666199a0269ec6fb91385a102226154cd89d6c8f2ae67d5f2d6a0 sha(full)=f7a986853836ea560ae61878df9bdacabb9906aac30196909c313219d04f766a
20260929_222700 D/LiteRtRepository pid=2900 tid=3226 uptimeMs=679725741 msg=[1] start model='Gemma3n4B' prompt.len=2962 sha=f7a986853836ea56 gateWaitMs=5
20260929_222700 D/LiteRtRepository pid=2900 tid=3226 uptimeMs=679725744 msg=[1] init ok initMs=3
20260929_222708 D/LiteRtRepository pid=2900 tid=2900 uptimeMs=679733304 msg=[1] logicalDone=true
20260929_222708 D/LiteRtRepository pid=2900 tid=2900 uptimeMs=679733304 msg=[1] native cleanup safepoint
20260929_222708 D/AiViewModel pid=2900 tid=3226 uptimeMs=679733304 msg=run[1] stats: chunks=16, chars=62, raw.len=62
20260929_222708 D/AiViewModel pid=2900 tid=3226 uptimeMs=679733305 msg=run[1] sha(raw)=a61e41310a992c1ff78829d10115eff79baaef7c0578eef5188846fdebb99d40
20260929_222708 I/AiViewModel pid=2900 tid=3226 uptimeMs=679733316 msg=run[1] done: phase=EVAL mode=EVAL_JSON score=1 FU0.len=0 FU0.sha16=none commit=true err=<none>
20260929_222708 D/LiteRtRepository pid=2900 tid=3270 uptimeMs=679733317 msg=[1] Conversation reset completed after safepoint
20260929_222708 I/LiteRtRepository pid=2900 tid=3268 uptimeMs=679733318 msg=[1] finalize reason='native-terminated' totalMs=7578 inferenceMs=7573 firstTokenMs=5534 chunks=16 emittedChars=62 out.len=62 capturedAll=true logicalDone=true nativeTerminated=true cancelTag='null' lastDeltaMsAgo=148 lastEventMsAgo=13
20260929_222708 D/AiViewModel pid=2900 tid=3226 uptimeMs=679733326 msg=run[2]: mode=FOLLOWUP_JSON_OR_TEXT phase=FOLLOWUP commit=false prompt.len=389, fullPrompt.len=926, timeoutMs=120000
20260929_222708 D/AiViewModel pid=2900 tid=3226 uptimeMs=679733326 msg=run[2]: sha(prompt)=dcb1fa44f31fd39672fed46c8f7b649ee1668eb6a1eb066b86467741e95bf92c sha(full)=a328827e52cfa1e7a7d49eca39af878b6ae0078bc90155404a36744d31db7f3c
20260929_222708 D/LiteRtRepository pid=2900 tid=3226 uptimeMs=679733328 msg=[2] start model='Gemma3n4B' prompt.len=926 sha=a328827e52cfa1e7 gateWaitMs=1
20260929_222708 D/LiteRtRepository pid=2900 tid=3226 uptimeMs=679733330 msg=[2] init ok initMs=1
20260929_222712 D/LiteRtRepository pid=2900 tid=2900 uptimeMs=679737177 msg=[2] logicalDone=true
20260929_222712 D/AiViewModel pid=2900 tid=3226 uptimeMs=679737177 msg=run[2] stats: chunks=20, chars=108, raw.len=108
20260929_222712 D/LiteRtRepository pid=2900 tid=2900 uptimeMs=679737177 msg=[2] native cleanup safepoint
20260929_222712 D/AiViewModel pid=2900 tid=3226 uptimeMs=679737179 msg=run[2] sha(raw)=1dc32c2ac3f1d35fe1f765ac71552a9aa351ac2292d116dec348f7fba9656a78
20260929_222712 I/AiViewModel pid=2900 tid=3226 uptimeMs=679737183 msg=run[2] done: phase=FOLLOWUP mode=FOLLOWUP_JSON_OR_TEXT score=null FU0.len=108 FU0.sha16=1dc32c2ac3f1d35f commit=false err=<none>
20260929_222712 D/LiteRtRepository pid=2900 tid=3268 uptimeMs=679737183 msg=[2] Conversation reset completed after safepoint
20260929_222712 I/LiteRtRepository pid=2900 tid=4046 uptimeMs=679737185 msg=[2] finalize reason='native-terminated' totalMs=3857 inferenceMs=3854 firstTokenMs=1459 chunks=20 emittedChars=108 out.len=108 capturedAll=true logicalDone=true nativeTerminated=true cancelTag='null' lastDeltaMsAgo=140 lastEventMsAgo=7
20260929_222725 D/LiteRtRepository pid=2900 tid=2900 uptimeMs=679750302 msg=warmUp init ok initMs=3 gateWaitMs=0
20260929_222725 D/LiteRtRepository pid=2900 tid=2900 uptimeMs=679750302 msg=warmUp Engine ready representativeInference=false totalMs=5
20260929_222726 D/LiteRtRepository pid=2900 tid=2900 uptimeMs=679751719 msg=warmUp init ok initMs=2 gateWaitMs=0
20260929_222726 D/LiteRtRepository pid=2900 tid=2900 uptimeMs=679751719 msg=warmUp Engine ready representativeInference=false totalMs=2
20260929_222803 D/AiViewModel pid=2900 tid=4046 uptimeMs=679788660 msg=run[3]: mode=EVAL_JSON phase=EVAL commit=true prompt.len=400, fullPrompt.len=3047, timeoutMs=120000
20260929_222803 D/AiViewModel pid=2900 tid=4046 uptimeMs=679788663 msg=run[3]: sha(prompt)=4743e1604d18d5cec793dde608332e89615fd564d5044b0e18bcb4c749e85f83 sha(full)=2ae4077461856ede7131b46d76ea9b7968e3df1f83f80ae797e3b06b5f0c21db
20260929_222803 D/LiteRtRepository pid=2900 tid=3268 uptimeMs=679788666 msg=[3] start model='Gemma3n4B' prompt.len=3047 sha=2ae4077461856ede gateWaitMs=1
20260929_222803 D/LiteRtRepository pid=2900 tid=3268 uptimeMs=679788670 msg=[3] init ok initMs=4
20260929_222811 D/LiteRtRepository pid=2900 tid=2900 uptimeMs=679796498 msg=[3] logicalDone=true
20260929_222811 D/AiViewModel pid=2900 tid=4046 uptimeMs=679796498 msg=run[3] stats: chunks=24, chars=79, raw.len=79
20260929_222811 D/LiteRtRepository pid=2900 tid=2900 uptimeMs=679796498 msg=[3] native cleanup safepoint
20260929_222811 D/AiViewModel pid=2900 tid=4046 uptimeMs=679796499 msg=run[3] sha(raw)=01cf2df3113aac63b932ce1969641344d3306a325a5f3c64c5a049771e59133b
20260929_222811 I/AiViewModel pid=2900 tid=4046 uptimeMs=679796506 msg=run[3] done: phase=EVAL mode=EVAL_JSON score=70 FU0.len=0 FU0.sha16=none commit=true err=<none>
20260929_222811 D/LiteRtRepository pid=2900 tid=3270 uptimeMs=679796510 msg=[3] Conversation reset completed after safepoint
20260929_222811 I/LiteRtRepository pid=2900 tid=3268 uptimeMs=679796512 msg=[3] finalize reason='native-terminated' totalMs=7847 inferenceMs=7840 firstTokenMs=4899 chunks=24 emittedChars=79 out.len=79 capturedAll=true logicalDone=true nativeTerminated=true cancelTag='null' lastDeltaMsAgo=143 lastEventMsAgo=13
20260929_222822 D/AiViewModel pid=2900 tid=3268 uptimeMs=679807320 msg=run[4]: mode=EVAL_JSON phase=EVAL commit=true prompt.len=400, fullPrompt.len=3047, timeoutMs=120000
20260929_222822 D/AiViewModel pid=2900 tid=3268 uptimeMs=679807322 msg=run[4]: sha(prompt)=4743e1604d18d5cec793dde608332e89615fd564d5044b0e18bcb4c749e85f83 sha(full)=2ae4077461856ede7131b46d76ea9b7968e3df1f83f80ae797e3b06b5f0c21db
20260929_222822 D/LiteRtRepository pid=2900 tid=3225 uptimeMs=679807328 msg=[4] start model='Gemma3n4B' prompt.len=3047 sha=2ae4077461856ede gateWaitMs=2
20260929_222822 D/LiteRtRepository pid=2900 tid=4046 uptimeMs=679807331 msg=[4] init ok initMs=1
20260929_222829 D/LiteRtRepository pid=2900 tid=2900 uptimeMs=679814328 msg=[4] logicalDone=true
20260929_222829 D/LiteRtRepository pid=2900 tid=2900 uptimeMs=679814328 msg=[4] native cleanup safepoint
20260929_222829 D/AiViewModel pid=2900 tid=3268 uptimeMs=679814328 msg=run[4] stats: chunks=24, chars=79, raw.len=79
20260929_222829 D/AiViewModel pid=2900 tid=3268 uptimeMs=679814330 msg=run[4] sha(raw)=01cf2df3113aac63b932ce1969641344d3306a325a5f3c64c5a049771e59133b
20260929_222829 D/LiteRtRepository pid=2900 tid=3270 uptimeMs=679814334 msg=[4] Conversation reset completed after safepoint
20260929_222829 I/AiViewModel pid=2900 tid=3268 uptimeMs=679814334 msg=run[4] done: phase=EVAL mode=EVAL_JSON score=70 FU0.len=0 FU0.sha16=none commit=true err=<none>
20260929_222829 I/LiteRtRepository pid=2900 tid=4046 uptimeMs=679814335 msg=[4] finalize reason='native-terminated' totalMs=7009 inferenceMs=7003 firstTokenMs=4103 chunks=24 emittedChars=79 out.len=79 capturedAll=true logicalDone=true nativeTerminated=true cancelTag='null' lastDeltaMsAgo=134 lastEventMsAgo=6
20260929_222847 D/AiViewModel pid=2900 tid=3268 uptimeMs=679832293 msg=run[5]: mode=EVAL_JSON phase=EVAL commit=true prompt.len=402, fullPrompt.len=3049, timeoutMs=120000
20260929_222847 D/AiViewModel pid=2900 tid=3268 uptimeMs=679832296 msg=run[5]: sha(prompt)=0b2718b63614bc303c18636540fc80da302418ab3585ae84896a98a318fa6380 sha(full)=c30bce19184ea068fe35369c1db32d57f7eecb10ac42b8d17e7ac3a5b06eb363
20260929_222847 D/LiteRtRepository pid=2900 tid=3268 uptimeMs=679832299 msg=[5] start model='Gemma3n4B' prompt.len=3049 sha=c30bce19184ea068 gateWaitMs=1
20260929_222847 D/LiteRtRepository pid=2900 tid=3268 uptimeMs=679832302 msg=[5] init ok initMs=2
20260929_222854 D/LiteRtRepository pid=2900 tid=2900 uptimeMs=679839999 msg=[5] logicalDone=true
20260929_222854 D/LiteRtRepository pid=2900 tid=2900 uptimeMs=679839999 msg=[5] native cleanup safepoint
20260929_222854 D/AiViewModel pid=2900 tid=4046 uptimeMs=679839999 msg=run[5] stats: chunks=27, chars=95, raw.len=95
20260929_222854 D/AiViewModel pid=2900 tid=4046 uptimeMs=679840000 msg=run[5] sha(raw)=32ef56c99e2543ce53b93e8cf9d518659690b027f67a1a7ee05b26aaaf78664c
20260929_222854 I/AiViewModel pid=2900 tid=4046 uptimeMs=679840007 msg=run[5] done: phase=EVAL mode=EVAL_JSON score=65 FU0.len=0 FU0.sha16=none commit=true err=<none>
20260929_222854 D/LiteRtRepository pid=2900 tid=3226 uptimeMs=679840012 msg=[5] Conversation reset completed after safepoint
20260929_222854 I/LiteRtRepository pid=2900 tid=4046 uptimeMs=679840013 msg=[5] finalize reason='native-terminated' totalMs=7715 inferenceMs=7711 firstTokenMs=4415 chunks=27 emittedChars=95 out.len=95 capturedAll=true logicalDone=true nativeTerminated=true cancelTag='null' lastDeltaMsAgo=146 lastEventMsAgo=14
20260929_222916 I/AiViewModel pid=2900 tid=2900 uptimeMs=679861954 msg=onCleared: ViewModel is being cleared -> stopCurrentRunInternal()
20260929_224415 I/AppRingLogStore pid=8963 tid=8963 uptimeMs=680760724 msg=install: pid=8963 timeUtc=20260929_224415 uptimeMs=680760724
20260929_224415 D/SurveyApp pid=8963 tid=8963 uptimeMs=680760725 msg=attachBaseContext: pid=8963 process=com.negi.survey isMain=true sdk=36
20260929_224415 D/SurveyApp pid=8963 tid=8963 uptimeMs=680760739 msg=onCreate: pid=8963 process=com.negi.survey isMain=true sdk=36
20260929_224435 D/AiTrace pid=8963 tid=8963 uptimeMs=680780778 msg=Installed (enabled=true ringEnabled=true)
20260929_224436 D/LiteRtRepository pid=8963 tid=8963 uptimeMs=680781167 msg=warmUp init ok initMs=5 gateWaitMs=0
20260929_224436 D/LiteRtRepository pid=8963 tid=8963 uptimeMs=680781167 msg=warmUp Engine ready representativeInference=false totalMs=5
20260929_224505 D/AiViewModel pid=8963 tid=9036 uptimeMs=680810137 msg=run[1]: mode=EVAL_JSON phase=EVAL commit=true prompt.len=330, fullPrompt.len=2977, timeoutMs=120000
20260929_224505 D/AiViewModel pid=8963 tid=9036 uptimeMs=680810139 msg=run[1]: sha(prompt)=3c9fe0774ef0ff8556f49978c645c7302f9ae02ed5cf1ca8494adb89d07ad82f sha(full)=bafb47b24dd987f103f81c62aacbbd7ff37404d575ada433b5b358685dfede20
20260929_224505 D/LiteRtRepository pid=8963 tid=9036 uptimeMs=680810146 msg=[1] start model='Gemma3n4B' prompt.len=2977 sha=bafb47b24dd987f1 gateWaitMs=5
20260929_224505 D/LiteRtRepository pid=8963 tid=9036 uptimeMs=680810148 msg=[1] init ok initMs=2
20260929_224512 D/LiteRtRepository pid=8963 tid=8963 uptimeMs=680817571 msg=[1] logicalDone=true
20260929_224512 D/LiteRtRepository pid=8963 tid=8963 uptimeMs=680817571 msg=[1] native cleanup safepoint
20260929_224512 D/AiViewModel pid=8963 tid=9036 uptimeMs=680817571 msg=run[1] stats: chunks=16, chars=62, raw.len=62
20260929_224512 D/AiViewModel pid=8963 tid=9036 uptimeMs=680817574 msg=run[1] sha(raw)=a61e41310a992c1ff78829d10115eff79baaef7c0578eef5188846fdebb99d40
20260929_224512 D/LiteRtRepository pid=8963 tid=9084 uptimeMs=680817586 msg=[1] Conversation reset completed after safepoint
20260929_224512 I/LiteRtRepository pid=8963 tid=9084 uptimeMs=680817587 msg=[1] finalize reason='native-terminated' totalMs=7441 inferenceMs=7438 firstTokenMs=5479 chunks=16 emittedChars=62 out.len=62 capturedAll=true logicalDone=true nativeTerminated=true cancelTag='null' lastDeltaMsAgo=151 lastEventMsAgo=15
20260929_224512 I/AiViewModel pid=8963 tid=9036 uptimeMs=680817588 msg=run[1] done: phase=EVAL mode=EVAL_JSON score=1 FU0.len=0 FU0.sha16=none commit=true err=<none>
20260929_224512 D/AiViewModel pid=8963 tid=9036 uptimeMs=680817598 msg=run[2]: mode=FOLLOWUP_JSON_OR_TEXT phase=FOLLOWUP commit=false prompt.len=404, fullPrompt.len=941, timeoutMs=120000
20260929_224512 D/AiViewModel pid=8963 tid=9036 uptimeMs=680817598 msg=run[2]: sha(prompt)=1517133233ecb2020f1e8e84c8297644b788bd89033e74bd76d44073580f3659 sha(full)=24d084c6b099658c7d5a87b2df23bac3d97ef97a0f529ebf02da0ebbd849061b
20260929_224512 D/LiteRtRepository pid=8963 tid=9075 uptimeMs=680817600 msg=[2] start model='Gemma3n4B' prompt.len=941 sha=24d084c6b099658c gateWaitMs=1
20260929_224512 D/LiteRtRepository pid=8963 tid=9075 uptimeMs=680817601 msg=[2] init ok initMs=1
20260929_224516 D/LiteRtRepository pid=8963 tid=8963 uptimeMs=680821438 msg=[2] logicalDone=true
20260929_224516 D/LiteRtRepository pid=8963 tid=8963 uptimeMs=680821438 msg=[2] native cleanup safepoint
20260929_224516 D/AiViewModel pid=8963 tid=9036 uptimeMs=680821438 msg=run[2] stats: chunks=20, chars=108, raw.len=108
20260929_224516 D/AiViewModel pid=8963 tid=9036 uptimeMs=680821439 msg=run[2] sha(raw)=1dc32c2ac3f1d35fe1f765ac71552a9aa351ac2292d116dec348f7fba9656a78
20260929_224516 D/LiteRtRepository pid=8963 tid=9034 uptimeMs=680821444 msg=[2] Conversation reset completed after safepoint
20260929_224516 I/LiteRtRepository pid=8963 tid=9035 uptimeMs=680821444 msg=[2] finalize reason='native-terminated' totalMs=3845 inferenceMs=3843 firstTokenMs=1526 chunks=20 emittedChars=108 out.len=108 capturedAll=true logicalDone=true nativeTerminated=true cancelTag='null' lastDeltaMsAgo=126 lastEventMsAgo=6
20260929_224516 I/AiViewModel pid=8963 tid=9036 uptimeMs=680821454 msg=run[2] done: phase=FOLLOWUP mode=FOLLOWUP_JSON_OR_TEXT score=null FU0.len=108 FU0.sha16=1dc32c2ac3f1d35f commit=false err=<none>
20260929_224529 D/AiViewModel pid=8963 tid=9036 uptimeMs=680834842 msg=run[3]: mode=EVAL_JSON phase=EVAL commit=true prompt.len=401, fullPrompt.len=3048, timeoutMs=120000
20260929_224529 D/AiViewModel pid=8963 tid=9036 uptimeMs=680834844 msg=run[3]: sha(prompt)=90b6ef08bbabd78fbb2da737ee3e0c352a1cb83089f7f2cf92011999b79c10b1 sha(full)=cd6f405ac79f5cf08236fc85f8a0275b007515587b417b3e573bcaa81c4ab276
20260929_224529 D/LiteRtRepository pid=8963 tid=9035 uptimeMs=680834847 msg=[3] start model='Gemma3n4B' prompt.len=3048 sha=cd6f405ac79f5cf0 gateWaitMs=1
20260929_224529 D/LiteRtRepository pid=8963 tid=9035 uptimeMs=680834850 msg=[3] init ok initMs=3
20260929_224537 D/LiteRtRepository pid=8963 tid=8963 uptimeMs=680842411 msg=[3] logicalDone=true
20260929_224537 D/LiteRtRepository pid=8963 tid=8963 uptimeMs=680842411 msg=[3] native cleanup safepoint
20260929_224537 D/AiViewModel pid=8963 tid=9035 uptimeMs=680842411 msg=run[3] stats: chunks=24, chars=79, raw.len=79
20260929_224537 D/AiViewModel pid=8963 tid=9035 uptimeMs=680842414 msg=run[3] sha(raw)=f866d498f1c87756d8db934bd62a1f56dc9799f09991704a9eb4d2329bfbed27
20260929_224537 I/AiViewModel pid=8963 tid=9035 uptimeMs=680842421 msg=run[3] done: phase=EVAL mode=EVAL_JSON score=65 FU0.len=0 FU0.sha16=none commit=true err=<none>
20260929_224537 D/LiteRtRepository pid=8963 tid=9034 uptimeMs=680842424 msg=[3] Conversation reset completed after safepoint
20260929_224537 I/LiteRtRepository pid=8963 tid=9084 uptimeMs=680842425 msg=[3] finalize reason='native-terminated' totalMs=7578 inferenceMs=7574 firstTokenMs=4677 chunks=24 emittedChars=79 out.len=79 capturedAll=true logicalDone=true nativeTerminated=true cancelTag='null' lastDeltaMsAgo=130 lastEventMsAgo=13
20260929_225818 I/AppRingLogStore pid=12638 tid=12638 uptimeMs=681603070 msg=install: pid=12638 timeUtc=20260929_225818 uptimeMs=681603069
20260929_225818 D/SurveyApp pid=12638 tid=12638 uptimeMs=681603071 msg=attachBaseContext: pid=12638 process=com.negi.survey isMain=true sdk=36
20260929_225818 D/SurveyApp pid=12638 tid=12638 uptimeMs=681603090 msg=onCreate: pid=12638 process=com.negi.survey isMain=true sdk=36
20260929_225846 D/AiTrace pid=12638 tid=12638 uptimeMs=681631537 msg=Installed (enabled=true ringEnabled=true)
20260929_225847 D/LiteRtRepository pid=12638 tid=12638 uptimeMs=681632298 msg=warmUp init ok initMs=5 gateWaitMs=0
20260929_225847 D/LiteRtRepository pid=12638 tid=12638 uptimeMs=681632298 msg=warmUp Engine ready representativeInference=false totalMs=5
20260929_225926 D/AiViewModel pid=12638 tid=12745 uptimeMs=681671727 msg=run[1]: mode=EVAL_JSON phase=EVAL commit=true prompt.len=345, fullPrompt.len=2992, timeoutMs=120000
20260929_225926 D/AiViewModel pid=12638 tid=12745 uptimeMs=681671728 msg=run[1]: sha(prompt)=0466f96050a3e745fc81f865826a09dad7571ed8044732750e7c9f6dec60d9ea sha(full)=5cb185b29dc86a25c138f5e41fe809f883b18f184cf9287dde387af05aafc535
20260929_225926 D/LiteRtRepository pid=12638 tid=12745 uptimeMs=681671737 msg=[1] start model='Gemma3n4B' prompt.len=2992 sha=5cb185b29dc86a25 gateWaitMs=5
20260929_225926 D/LiteRtRepository pid=12638 tid=12745 uptimeMs=681671739 msg=[1] init ok initMs=2
20260929_225934 D/LiteRtRepository pid=12638 tid=12638 uptimeMs=681679027 msg=[1] logicalDone=true
20260929_225934 D/AiViewModel pid=12638 tid=12746 uptimeMs=681679027 msg=run[1] stats: chunks=16, chars=62, raw.len=62
20260929_225934 D/LiteRtRepository pid=12638 tid=12638 uptimeMs=681679027 msg=[1] native cleanup safepoint
20260929_225934 D/AiViewModel pid=12638 tid=12746 uptimeMs=681679036 msg=run[1] sha(raw)=a61e41310a992c1ff78829d10115eff79baaef7c0578eef5188846fdebb99d40
20260929_225934 D/LiteRtRepository pid=12638 tid=12745 uptimeMs=681679040 msg=[1] Conversation reset completed after safepoint
20260929_225934 I/LiteRtRepository pid=12638 tid=12745 uptimeMs=681679042 msg=[1] finalize reason='native-terminated' totalMs=7306 inferenceMs=7301 firstTokenMs=5344 chunks=16 emittedChars=62 out.len=62 capturedAll=true logicalDone=true nativeTerminated=true cancelTag='null' lastDeltaMsAgo=135 lastEventMsAgo=14
20260929_225934 I/AiViewModel pid=12638 tid=12746 uptimeMs=681679058 msg=run[1] done: phase=EVAL mode=EVAL_JSON score=1 FU0.len=0 FU0.sha16=none commit=true err=<none>
20260929_225934 D/AiViewModel pid=12638 tid=12746 uptimeMs=681679068 msg=run[2]: mode=FOLLOWUP_JSON_OR_TEXT phase=FOLLOWUP commit=false prompt.len=419, fullPrompt.len=956, timeoutMs=120000
20260929_225934 D/AiViewModel pid=12638 tid=12746 uptimeMs=681679068 msg=run[2]: sha(prompt)=2eab79bf20a73fb4e2cfc80cf9a85da265e7ddb80d0bb7472c11a0ae7589c374 sha(full)=55104e0cf8c99654ea506b3b7419d2321301953b7d0a3d6f583ad6c273357dc8
20260929_225934 D/LiteRtRepository pid=12638 tid=12745 uptimeMs=681679070 msg=[2] start model='Gemma3n4B' prompt.len=956 sha=55104e0cf8c99654 gateWaitMs=1
20260929_225934 D/LiteRtRepository pid=12638 tid=12745 uptimeMs=681679071 msg=[2] init ok initMs=1
20260929_225938 D/LiteRtRepository pid=12638 tid=12638 uptimeMs=681683029 msg=[2] logicalDone=true
20260929_225938 D/LiteRtRepository pid=12638 tid=12638 uptimeMs=681683029 msg=[2] native cleanup safepoint
20260929_225938 D/AiViewModel pid=12638 tid=12895 uptimeMs=681683029 msg=run[2] stats: chunks=20, chars=109, raw.len=109
20260929_225938 D/AiViewModel pid=12638 tid=12895 uptimeMs=681683030 msg=run[2] sha(raw)=a12b33f9383e73f6b69fd947e478269b7e9655f2d4fb193bc2f3f1b162d6ed23
20260929_225938 I/AiViewModel pid=12638 tid=12895 uptimeMs=681683033 msg=run[2] done: phase=FOLLOWUP mode=FOLLOWUP_JSON_OR_TEXT score=null FU0.len=109 FU0.sha16=a12b33f9383e73f6 commit=false err=<none>
20260929_225938 D/LiteRtRepository pid=12638 tid=12744 uptimeMs=681683038 msg=[2] Conversation reset completed after safepoint
20260929_225938 I/LiteRtRepository pid=12638 tid=12895 uptimeMs=681683039 msg=[2] finalize reason='native-terminated' totalMs=3969 inferenceMs=3967 firstTokenMs=1573 chunks=20 emittedChars=109 out.len=109 capturedAll=true logicalDone=true nativeTerminated=true cancelTag='null' lastDeltaMsAgo=139 lastEventMsAgo=9
20260929_225951 D/AiViewModel pid=12638 tid=12895 uptimeMs=681696109 msg=run[3]: mode=EVAL_JSON phase=EVAL commit=true prompt.len=519, fullPrompt.len=3166, timeoutMs=120000
20260929_225951 D/AiViewModel pid=12638 tid=12895 uptimeMs=681696112 msg=run[3]: sha(prompt)=00d057b6bcf0e2469e203b0a1fc0aa2616ccaf691438218d35a45dff824edb99 sha(full)=84811d13dc0ce7b2c1398f3edaed22b5bc17ee67a750526ba6453cd69cf8491e
20260929_225951 D/LiteRtRepository pid=12638 tid=12895 uptimeMs=681696114 msg=[3] start model='Gemma3n4B' prompt.len=3166 sha=84811d13dc0ce7b2 gateWaitMs=1
20260929_225951 D/LiteRtRepository pid=12638 tid=12895 uptimeMs=681696117 msg=[3] init ok initMs=1
20260929_225957 D/LiteRtRepository pid=12638 tid=12638 uptimeMs=681702665 msg=[3] logicalDone=true
20260929_225957 D/AiViewModel pid=12638 tid=12746 uptimeMs=681702665 msg=run[3] stats: chunks=20, chars=92, raw.len=92
20260929_225957 D/LiteRtRepository pid=12638 tid=12638 uptimeMs=681702665 msg=[3] native cleanup safepoint
20260929_225957 D/AiViewModel pid=12638 tid=12746 uptimeMs=681702666 msg=run[3] sha(raw)=cae7cd62ea1c23e95dc4b41c05b746007af0f64963e0eb51711e72cebf54f2b9
20260929_225957 I/AiViewModel pid=12638 tid=12746 uptimeMs=681702670 msg=run[3] done: phase=EVAL mode=EVAL_JSON score=1 FU0.len=0 FU0.sha16=none commit=true err=<none>
20260929_225957 D/AiViewModel pid=12638 tid=12746 uptimeMs=681702673 msg=run[4]: mode=FOLLOWUP_JSON_OR_TEXT phase=FOLLOWUP commit=false prompt.len=623, fullPrompt.len=1160, timeoutMs=120000
20260929_225957 D/AiViewModel pid=12638 tid=12746 uptimeMs=681702674 msg=run[4]: sha(prompt)=b871ec8dcc474594d7cc7d45178932417225e5ca5aa8804887b4dd7752cad1c8 sha(full)=ba5d1da77bb67bf9e9809e493146ed5c3a1eb47616d30bd8b0adbcdf1ab9bd68
20260929_225957 D/LiteRtRepository pid=12638 tid=12896 uptimeMs=681702677 msg=[3] Conversation reset completed after safepoint
20260929_225957 I/LiteRtRepository pid=12638 tid=12895 uptimeMs=681702678 msg=[3] finalize reason='native-terminated' totalMs=6565 inferenceMs=6561 firstTokenMs=4233 chunks=20 emittedChars=92 out.len=92 capturedAll=true logicalDone=true nativeTerminated=true cancelTag='null' lastDeltaMsAgo=140 lastEventMsAgo=13
20260929_225957 D/LiteRtRepository pid=12638 tid=12746 uptimeMs=681702678 msg=[4] start model='Gemma3n4B' prompt.len=1160 sha=ba5d1da77bb67bf9 gateWaitMs=3
20260929_225957 D/LiteRtRepository pid=12638 tid=12895 uptimeMs=681702680 msg=[4] init ok initMs=1
20260929_230001 D/LiteRtRepository pid=12638 tid=12638 uptimeMs=681706606 msg=[4] logicalDone=true
20260929_230001 D/LiteRtRepository pid=12638 tid=12638 uptimeMs=681706606 msg=[4] native cleanup safepoint
20260929_230001 D/AiViewModel pid=12638 tid=12896 uptimeMs=681706606 msg=run[4] stats: chunks=20, chars=109, raw.len=109
20260929_230001 D/AiViewModel pid=12638 tid=12896 uptimeMs=681706608 msg=run[4] sha(raw)=a12b33f9383e73f6b69fd947e478269b7e9655f2d4fb193bc2f3f1b162d6ed23
20260929_230001 I/AiViewModel pid=12638 tid=12896 uptimeMs=681706611 msg=run[4] done: phase=FOLLOWUP mode=FOLLOWUP_JSON_OR_TEXT score=null FU0.len=109 FU0.sha16=a12b33f9383e73f6 commit=false err=<none>
20260929_230001 D/LiteRtRepository pid=12638 tid=12745 uptimeMs=681706612 msg=[4] Conversation reset completed after safepoint
20260929_230001 I/LiteRtRepository pid=12638 tid=12745 uptimeMs=681706625 msg=[4] finalize reason='native-terminated' totalMs=3934 inferenceMs=3932 firstTokenMs=1660 chunks=20 emittedChars=109 out.len=109 capturedAll=true logicalDone=true nativeTerminated=true cancelTag='null' lastDeltaMsAgo=124 lastEventMsAgo=6
20260929_231056 I/AppRingLogStore pid=14942 tid=14942 uptimeMs=682361366 msg=install: pid=14942 timeUtc=20260929_231056 uptimeMs=682361365
20260929_231056 D/SurveyApp pid=14942 tid=14942 uptimeMs=682361366 msg=attachBaseContext: pid=14942 process=com.negi.survey isMain=true sdk=36
20260929_231056 D/SurveyApp pid=14942 tid=14942 uptimeMs=682361387 msg=onCreate: pid=14942 process=com.negi.survey isMain=true sdk=36
20260929_231119 D/AiTrace pid=14942 tid=14942 uptimeMs=682384411 msg=Installed (enabled=true ringEnabled=true)
20260929_231119 D/LiteRtRepository pid=14942 tid=14942 uptimeMs=682384814 msg=warmUp init ok initMs=5 gateWaitMs=0
20260929_231119 D/LiteRtRepository pid=14942 tid=14942 uptimeMs=682384814 msg=warmUp Engine ready representativeInference=false totalMs=6
20260929_231152 D/AiViewModel pid=14942 tid=15073 uptimeMs=682417841 msg=run[1]: mode=EVAL_JSON phase=EVAL commit=true prompt.len=347, fullPrompt.len=2994, timeoutMs=120000
20260929_231152 D/AiViewModel pid=14942 tid=15073 uptimeMs=682417842 msg=run[1]: sha(prompt)=e93f3c6c07331db1691c5f49b7754681d4a86b99ad49679819d43611cf3ff428 sha(full)=f6c17ec30ec02d45c9a8e7018e526e9af4e235593bbc7e005b27741d4fca80b9
20260929_231152 D/LiteRtRepository pid=14942 tid=15073 uptimeMs=682417848 msg=[1] start model='Gemma3n4B' prompt.len=2994 sha=f6c17ec30ec02d45 gateWaitMs=3
20260929_231152 D/LiteRtRepository pid=14942 tid=15073 uptimeMs=682417850 msg=[1] init ok initMs=1
20260929_231200 D/LiteRtRepository pid=14942 tid=14942 uptimeMs=682425084 msg=[1] logicalDone=true
20260929_231200 D/LiteRtRepository pid=14942 tid=14942 uptimeMs=682425084 msg=[1] native cleanup safepoint
20260929_231200 D/AiViewModel pid=14942 tid=15097 uptimeMs=682425084 msg=run[1] stats: chunks=16, chars=62, raw.len=62
20260929_231200 D/AiViewModel pid=14942 tid=15097 uptimeMs=682425085 msg=run[1] sha(raw)=a61e41310a992c1ff78829d10115eff79baaef7c0578eef5188846fdebb99d40
20260929_231200 D/LiteRtRepository pid=14942 tid=15110 uptimeMs=682425094 msg=[1] Conversation reset completed after safepoint
20260929_231200 I/AiViewModel pid=14942 tid=15097 uptimeMs=682425095 msg=run[1] done: phase=EVAL mode=EVAL_JSON score=1 FU0.len=0 FU0.sha16=none commit=true err=<none>
20260929_231200 I/LiteRtRepository pid=14942 tid=15073 uptimeMs=682425095 msg=[1] finalize reason='native-terminated' totalMs=7248 inferenceMs=7245 firstTokenMs=5412 chunks=16 emittedChars=62 out.len=62 capturedAll=true logicalDone=true nativeTerminated=true cancelTag='null' lastDeltaMsAgo=122 lastEventMsAgo=11
20260929_231200 D/AiViewModel pid=14942 tid=15097 uptimeMs=682425102 msg=run[2]: mode=FOLLOWUP_JSON_OR_TEXT phase=FOLLOWUP commit=false prompt.len=421, fullPrompt.len=958, timeoutMs=120000
20260929_231200 D/AiViewModel pid=14942 tid=15097 uptimeMs=682425103 msg=run[2]: sha(prompt)=4eea6dc54a6ff6ae1e46190d0ae34ea31d58cfb5864f0344f28927e71f38f1d0 sha(full)=a07b05f524b0dde2dbd105e0ea4cd46fa087e0cdf3c705f8f43d3615816bbde3
20260929_231200 D/LiteRtRepository pid=14942 tid=15073 uptimeMs=682425105 msg=[2] start model='Gemma3n4B' prompt.len=958 sha=a07b05f524b0dde2 gateWaitMs=0
20260929_231200 D/LiteRtRepository pid=14942 tid=15073 uptimeMs=682425106 msg=[2] init ok initMs=1
20260929_231204 D/LiteRtRepository pid=14942 tid=14942 uptimeMs=682429103 msg=[2] logicalDone=true
20260929_231204 D/LiteRtRepository pid=14942 tid=14942 uptimeMs=682429104 msg=[2] native cleanup safepoint
20260929_231204 D/AiViewModel pid=14942 tid=15073 uptimeMs=682429104 msg=run[2] stats: chunks=21, chars=114, raw.len=114
20260929_231204 D/AiViewModel pid=14942 tid=15073 uptimeMs=682429105 msg=run[2] sha(raw)=8c6154bc5768f7e3be52d38930eecb6698504eb384eccbca9226da52ebc6f3b8
20260929_231204 I/AiViewModel pid=14942 tid=15073 uptimeMs=682429110 msg=run[2] done: phase=FOLLOWUP mode=FOLLOWUP_JSON_OR_TEXT score=null FU0.len=114 FU0.sha16=8c6154bc5768f7e3 commit=false err=<none>
20260929_231204 D/LiteRtRepository pid=14942 tid=15110 uptimeMs=682429110 msg=[2] Conversation reset completed after safepoint
20260929_231204 I/LiteRtRepository pid=14942 tid=15097 uptimeMs=682429111 msg=[2] finalize reason='native-terminated' totalMs=4007 inferenceMs=4005 firstTokenMs=1526 chunks=21 emittedChars=114 out.len=114 capturedAll=true logicalDone=true nativeTerminated=true cancelTag='null' lastDeltaMsAgo=138 lastEventMsAgo=8
20260929_231306 D/AiViewModel pid=14942 tid=15097 uptimeMs=682491332 msg=run[3]: mode=EVAL_JSON phase=EVAL commit=true prompt.len=401, fullPrompt.len=3048, timeoutMs=120000
20260929_231306 D/AiViewModel pid=14942 tid=15097 uptimeMs=682491334 msg=run[3]: sha(prompt)=9217acfeca20e5ede6b9237efb7a78b0291654573abdfd5adbf662e37bf864fc sha(full)=10ed8b7267705b7e68c239194e6c7d1eae8876178b639b0ffb976bccee8f11c2
20260929_231306 D/LiteRtRepository pid=14942 tid=15097 uptimeMs=682491337 msg=[3] start model='Gemma3n4B' prompt.len=3048 sha=10ed8b7267705b7e gateWaitMs=1
20260929_231306 D/LiteRtRepository pid=14942 tid=15097 uptimeMs=682491339 msg=[3] init ok initMs=2
20260929_231313 D/LiteRtRepository pid=14942 tid=14942 uptimeMs=682498182 msg=[3] logicalDone=true
20260929_231313 D/AiViewModel pid=14942 tid=15107 uptimeMs=682498182 msg=run[3] stats: chunks=24, chars=79, raw.len=79
20260929_231313 D/LiteRtRepository pid=14942 tid=14942 uptimeMs=682498182 msg=[3] native cleanup safepoint
20260929_231313 D/AiViewModel pid=14942 tid=15107 uptimeMs=682498186 msg=run[3] sha(raw)=d8fafa0379daec8f775aa87fc252af6b981a06c02c2192d0909353ec8c7d52f3
20260929_231313 D/LiteRtRepository pid=14942 tid=15098 uptimeMs=682498194 msg=[3] Conversation reset completed after safepoint
20260929_231313 I/LiteRtRepository pid=14942 tid=15073 uptimeMs=682498195 msg=[3] finalize reason='native-terminated' totalMs=6858 inferenceMs=6855 firstTokenMs=4095 chunks=24 emittedChars=79 out.len=79 capturedAll=true logicalDone=true nativeTerminated=true cancelTag='null' lastDeltaMsAgo=130 lastEventMsAgo=12
20260929_231313 I/AiViewModel pid=14942 tid=15107 uptimeMs=682498195 msg=run[3] done: phase=EVAL mode=EVAL_JSON score=60 FU0.len=0 FU0.sha16=none commit=true err=<none>
20260930_170509 I/AppRingLogStore pid=17254 tid=17254 uptimeMs=746815798 msg=install: pid=17254 timeUtc=20260930_170509 uptimeMs=746815797
20260930_170509 D/SurveyApp pid=17254 tid=17254 uptimeMs=746815798 msg=attachBaseContext: pid=17254 process=com.negi.survey isMain=true sdk=36
20260930_170509 D/SurveyApp pid=17254 tid=17254 uptimeMs=746815817 msg=onCreate: pid=17254 process=com.negi.survey isMain=true sdk=36
20260930_170620 D/AiTrace pid=17254 tid=17254 uptimeMs=746886609 msg=Installed (enabled=true ringEnabled=true)
20260930_170621 D/LiteRtRepository pid=17254 tid=17254 uptimeMs=746887466 msg=warmUp init ok initMs=5 gateWaitMs=0
20260930_170621 D/LiteRtRepository pid=17254 tid=17254 uptimeMs=746887466 msg=warmUp Engine ready representativeInference=false totalMs=5
20260930_170717 D/AiViewModel pid=17254 tid=17389 uptimeMs=746943191 msg=run[1]: mode=EVAL_JSON phase=EVAL commit=true prompt.len=401, fullPrompt.len=3048, timeoutMs=120000
20260930_170717 D/AiViewModel pid=17254 tid=17389 uptimeMs=746943192 msg=run[1]: sha(prompt)=90b6ef08bbabd78fbb2da737ee3e0c352a1cb83089f7f2cf92011999b79c10b1 sha(full)=cd6f405ac79f5cf08236fc85f8a0275b007515587b417b3e573bcaa81c4ab276
20260930_170717 D/LiteRtRepository pid=17254 tid=17389 uptimeMs=746943198 msg=[1] start model='Gemma3n4B' prompt.len=3048 sha=cd6f405ac79f5cf0 gateWaitMs=4
20260930_170717 D/LiteRtRepository pid=17254 tid=17389 uptimeMs=746943200 msg=[1] init ok initMs=1
20260930_170725 D/LiteRtRepository pid=17254 tid=17254 uptimeMs=746951162 msg=[1] logicalDone=true
20260930_170725 D/AiViewModel pid=17254 tid=17389 uptimeMs=746951162 msg=run[1] stats: chunks=24, chars=79, raw.len=79
20260930_170725 D/LiteRtRepository pid=17254 tid=17254 uptimeMs=746951162 msg=[1] native cleanup safepoint
20260930_170725 D/AiViewModel pid=17254 tid=17389 uptimeMs=746951163 msg=run[1] sha(raw)=f866d498f1c87756d8db934bd62a1f56dc9799f09991704a9eb4d2329bfbed27
20260930_170725 D/LiteRtRepository pid=17254 tid=17302 uptimeMs=746951175 msg=[1] Conversation reset completed after safepoint
20260930_170725 I/LiteRtRepository pid=17254 tid=17303 uptimeMs=746951177 msg=[1] finalize reason='native-terminated' totalMs=7980 inferenceMs=7976 firstTokenMs=5279 chunks=24 emittedChars=79 out.len=79 capturedAll=true logicalDone=true nativeTerminated=true cancelTag='null' lastDeltaMsAgo=125 lastEventMsAgo=14
20260930_170725 I/AiViewModel pid=17254 tid=17389 uptimeMs=746951180 msg=run[1] done: phase=EVAL mode=EVAL_JSON score=65 FU0.len=0 FU0.sha16=none commit=true err=<none>
20260930_170725 D/AiViewModel pid=17254 tid=17389 uptimeMs=746951191 msg=run[2]: mode=FOLLOWUP_JSON_OR_TEXT phase=FOLLOWUP commit=false prompt.len=432, fullPrompt.len=969, timeoutMs=120000
20260930_170725 D/AiViewModel pid=17254 tid=17389 uptimeMs=746951192 msg=run[2]: sha(prompt)=1723a0f8b0eb35f530e4d1337345fc25637ade54e7d15e4099390df78d271fe3 sha(full)=010b1dbe8f35355fe0d4173629ab0cf2e1acfc82e09c2288a30e4c1edfe161a1
20260930_170725 D/LiteRtRepository pid=17254 tid=17302 uptimeMs=746951193 msg=[2] start model='Gemma3n4B' prompt.len=969 sha=010b1dbe8f35355f gateWaitMs=1
20260930_170725 D/LiteRtRepository pid=17254 tid=17302 uptimeMs=746951194 msg=[2] init ok initMs=1
20260930_170727 D/LiteRtRepository pid=17254 tid=17254 uptimeMs=746953835 msg=[2] logicalDone=true
20260930_170727 D/LiteRtRepository pid=17254 tid=17254 uptimeMs=746953835 msg=[2] native cleanup safepoint
20260930_170727 D/AiViewModel pid=17254 tid=17389 uptimeMs=746953836 msg=run[2] stats: chunks=9, chars=40, raw.len=40
20260930_170727 D/AiViewModel pid=17254 tid=17389 uptimeMs=746953837 msg=run[2] sha(raw)=818d75c4e7bdc1044f3b6f174c0afccd18711fea2986e4f6e605495dfbef0f5a
20260930_170727 I/AiViewModel pid=17254 tid=17389 uptimeMs=746953840 msg=run[2] done: phase=FOLLOWUP mode=FOLLOWUP_JSON_OR_TEXT score=null FU0.len=40 FU0.sha16=818d75c4e7bdc104 commit=false err=<none>
20260930_170727 D/LiteRtRepository pid=17254 tid=17303 uptimeMs=746953841 msg=[2] Conversation reset completed after safepoint
20260930_170727 I/LiteRtRepository pid=17254 tid=17301 uptimeMs=746953842 msg=[2] finalize reason='native-terminated' totalMs=2650 inferenceMs=2648 firstTokenMs=1617 chunks=9 emittedChars=40 out.len=40 capturedAll=true logicalDone=true nativeTerminated=true cancelTag='null' lastDeltaMsAgo=116 lastEventMsAgo=7
20260930_170954 D/AiViewModel pid=17254 tid=17301 uptimeMs=747100153 msg=run[3]: mode=EVAL_JSON phase=EVAL commit=true prompt.len=469, fullPrompt.len=3116, timeoutMs=120000
20260930_170954 D/AiViewModel pid=17254 tid=17301 uptimeMs=747100161 msg=run[3]: sha(prompt)=8cce711677ef40fc3ff49e3bc765fa1a880411d4e663d1468f3eb96eec701f45 sha(full)=5ee3fdbea97a823c9554a82ac6ce818ac172df491744ce97bdc6d0668df1da91
20260930_170954 D/LiteRtRepository pid=17254 tid=17389 uptimeMs=747100166 msg=[3] start model='Gemma3n4B' prompt.len=3116 sha=5ee3fdbea97a823c gateWaitMs=2
20260930_170954 D/LiteRtRepository pid=17254 tid=17389 uptimeMs=747100169 msg=[3] init ok initMs=1
20260930_171001 D/LiteRtRepository pid=17254 tid=17254 uptimeMs=747107419 msg=[3] logicalDone=true
20260930_171001 D/LiteRtRepository pid=17254 tid=17254 uptimeMs=747107419 msg=[3] native cleanup safepoint
20260930_171001 D/AiViewModel pid=17254 tid=17389 uptimeMs=747107419 msg=run[3] stats: chunks=24, chars=79, raw.len=79
20260930_171001 D/AiViewModel pid=17254 tid=17389 uptimeMs=747107420 msg=run[3] sha(raw)=f866d498f1c87756d8db934bd62a1f56dc9799f09991704a9eb4d2329bfbed27
20260930_171001 I/AiViewModel pid=17254 tid=17389 uptimeMs=747107425 msg=run[3] done: phase=EVAL mode=EVAL_JSON score=65 FU0.len=0 FU0.sha16=none commit=true err=<none>
20260930_171001 D/AiViewModel pid=17254 tid=17389 uptimeMs=747107428 msg=run[4]: mode=FOLLOWUP_JSON_OR_TEXT phase=FOLLOWUP commit=false prompt.len=500, fullPrompt.len=1037, timeoutMs=120000
20260930_171001 D/AiViewModel pid=17254 tid=17389 uptimeMs=747107429 msg=run[4]: sha(prompt)=caae00aa4942dcdc835d2c8d1354cb32adab3fdce49c74cac5fa89d700d004da sha(full)=ccd1796ef29281a67797714965273118878fde43884192c900f36a77d4dd068c
20260930_171001 D/LiteRtRepository pid=17254 tid=17388 uptimeMs=747107429 msg=[3] Conversation reset completed after safepoint
20260930_171001 I/LiteRtRepository pid=17254 tid=17301 uptimeMs=747107429 msg=[3] finalize reason='native-terminated' totalMs=7265 inferenceMs=7260 firstTokenMs=4524 chunks=24 emittedChars=79 out.len=79 capturedAll=true logicalDone=true nativeTerminated=true cancelTag='null' lastDeltaMsAgo=135 lastEventMsAgo=10
20260930_171001 D/LiteRtRepository pid=17254 tid=17303 uptimeMs=747107431 msg=[4] start model='Gemma3n4B' prompt.len=1037 sha=ccd1796ef29281a6 gateWaitMs=1
20260930_171001 D/LiteRtRepository pid=17254 tid=17303 uptimeMs=747107433 msg=[4] init ok initMs=1
20260930_171004 D/LiteRtRepository pid=17254 tid=17254 uptimeMs=747110021 msg=[4] logicalDone=true
20260930_171004 D/AiViewModel pid=17254 tid=17389 uptimeMs=747110021 msg=run[4] stats: chunks=9, chars=40, raw.len=40
20260930_171004 D/LiteRtRepository pid=17254 tid=17254 uptimeMs=747110021 msg=[4] native cleanup safepoint
20260930_171004 D/AiViewModel pid=17254 tid=17389 uptimeMs=747110023 msg=run[4] sha(raw)=818d75c4e7bdc1044f3b6f174c0afccd18711fea2986e4f6e605495dfbef0f5a
20260930_171004 I/AiViewModel pid=17254 tid=17389 uptimeMs=747110026 msg=run[4] done: phase=FOLLOWUP mode=FOLLOWUP_JSON_OR_TEXT score=null FU0.len=40 FU0.sha16=818d75c4e7bdc104 commit=false err=<none>
20260930_171004 D/LiteRtRepository pid=17254 tid=17388 uptimeMs=747110029 msg=[4] Conversation reset completed after safepoint
20260930_171004 I/LiteRtRepository pid=17254 tid=17389 uptimeMs=747110030 msg=[4] finalize reason='native-terminated' totalMs=2600 inferenceMs=2597 firstTokenMs=1521 chunks=9 emittedChars=40 out.len=40 capturedAll=true logicalDone=true nativeTerminated=true cancelTag='null' lastDeltaMsAgo=119 lastEventMsAgo=9
20260930_184249 I/AppRingLogStore pid=22301 tid=22301 uptimeMs=752675615 msg=install: pid=22301 timeUtc=20260930_184249 uptimeMs=752675614
20260930_184249 D/SurveyApp pid=22301 tid=22301 uptimeMs=752675616 msg=attachBaseContext: pid=22301 process=com.negi.survey isMain=true sdk=36
20260930_184249 D/SurveyApp pid=22301 tid=22301 uptimeMs=752675636 msg=onCreate: pid=22301 process=com.negi.survey isMain=true sdk=36
20260930_184321 D/AiTrace pid=22301 tid=22301 uptimeMs=752707724 msg=Installed (enabled=true ringEnabled=true)
20260930_184322 D/LiteRtRepository pid=22301 tid=22301 uptimeMs=752708156 msg=warmUp init ok initMs=5 gateWaitMs=1
20260930_184322 D/LiteRtRepository pid=22301 tid=22301 uptimeMs=752708156 msg=warmUp Engine ready representativeInference=false totalMs=6
20260930_184525 D/AiViewModel pid=22301 tid=22412 uptimeMs=752831196 msg=run[1]: mode=EVAL_JSON phase=EVAL commit=true prompt.len=463, fullPrompt.len=2982, timeoutMs=120000
20260930_184525 D/AiViewModel pid=22301 tid=22412 uptimeMs=752831197 msg=run[1]: sha(prompt)=6083dc7947b3f90e2b3c9614a84984456d22c9f73077a9e38375547f8d6146eb sha(full)=16ad1a4acacfc54d8e3a38cfd573a744861211f799ff86da97eef833677d9f2d
20260930_184525 D/LiteRtRepository pid=22301 tid=22412 uptimeMs=752831202 msg=[1] start model='Gemma3n4B' prompt.len=2982 sha=16ad1a4acacfc54d gateWaitMs=3
20260930_184525 D/LiteRtRepository pid=22301 tid=22411 uptimeMs=752831205 msg=[1] init ok initMs=2
20260930_184535 D/LiteRtRepository pid=22301 tid=22301 uptimeMs=752841741 msg=[1] logicalDone=true
20260930_184535 D/LiteRtRepository pid=22301 tid=22301 uptimeMs=752841741 msg=[1] native cleanup safepoint
20260930_184535 D/AiViewModel pid=22301 tid=22412 uptimeMs=752841742 msg=run[1] stats: chunks=21, chars=75, raw.len=75
20260930_184535 D/AiViewModel pid=22301 tid=22412 uptimeMs=752841743 msg=run[1] sha(raw)=5cae570a54be3f8f47ca27b7d5177524819bafd8ae7ae48b73d2e15bd2ab36b1
20260930_184535 I/AiViewModel pid=22301 tid=22412 uptimeMs=752841752 msg=run[1] done: phase=EVAL mode=EVAL_JSON score=75 FU0.len=0 FU0.sha16=none commit=true err=<none>
20260930_184535 D/LiteRtRepository pid=22301 tid=24919 uptimeMs=752841752 msg=[1] Conversation reset completed after safepoint
20260930_184535 I/LiteRtRepository pid=22301 tid=24919 uptimeMs=752841756 msg=[1] finalize reason='native-terminated' totalMs=10552 inferenceMs=10548 firstTokenMs=7893 chunks=21 emittedChars=75 out.len=75 capturedAll=true logicalDone=true nativeTerminated=true cancelTag='null' lastDeltaMsAgo=144 lastEventMsAgo=12
20260930_184535 D/AiViewModel pid=22301 tid=22412 uptimeMs=752841760 msg=run[2]: mode=FOLLOWUP_JSON_OR_TEXT phase=FOLLOWUP commit=false prompt.len=501, fullPrompt.len=1463, timeoutMs=120000
20260930_184535 D/AiViewModel pid=22301 tid=22412 uptimeMs=752841761 msg=run[2]: sha(prompt)=ffe6091f4ea0cf5766120195f7e954cbcff65b33ccf82047be8286f61b5bb965 sha(full)=4c40bc2c7e7156a07dde6676bd4c071bdccd67dfa0e0d4159bf4e6eb3a51695c
20260930_184535 D/LiteRtRepository pid=22301 tid=24919 uptimeMs=752841763 msg=[2] start model='Gemma3n4B' prompt.len=1463 sha=4c40bc2c7e7156a0 gateWaitMs=1
20260930_184535 D/LiteRtRepository pid=22301 tid=24919 uptimeMs=752841764 msg=[2] init ok initMs=1
20260930_184542 D/LiteRtRepository pid=22301 tid=22301 uptimeMs=752848016 msg=[2] logicalDone=true
20260930_184542 D/LiteRtRepository pid=22301 tid=22301 uptimeMs=752848017 msg=[2] native cleanup safepoint
20260930_184542 D/AiViewModel pid=22301 tid=22412 uptimeMs=752848017 msg=run[2] stats: chunks=24, chars=73, raw.len=73
20260930_184542 D/AiViewModel pid=22301 tid=22412 uptimeMs=752848018 msg=run[2] sha(raw)=76d89d1b225789e032e3a231926c9be32ea647b74907a11c6eaafb85af0beb78
20260930_184542 I/AiViewModel pid=22301 tid=22412 uptimeMs=752848021 msg=run[2] done: phase=FOLLOWUP mode=FOLLOWUP_JSON_OR_TEXT score=null FU0.len=73 FU0.sha16=76d89d1b225789e0 commit=false err=<none>
20260930_184542 D/LiteRtRepository pid=22301 tid=22411 uptimeMs=752848023 msg=[2] Conversation reset completed after safepoint
20260930_184542 I/LiteRtRepository pid=22301 tid=24918 uptimeMs=752848024 msg=[2] finalize reason='native-terminated' totalMs=6261 inferenceMs=6259 firstTokenMs=3233 chunks=24 emittedChars=73 out.len=73 capturedAll=true logicalDone=true nativeTerminated=true cancelTag='null' lastDeltaMsAgo=136 lastEventMsAgo=7
20260930_184835 I/AiViewModel pid=22301 tid=22301 uptimeMs=753021815 msg=onCleared: ViewModel is being cleared -> stopCurrentRunInternal()
20260930_185449 D/AiTrace pid=22301 tid=22301 uptimeMs=753395581 msg=Installed (enabled=true ringEnabled=true)
20260930_185449 D/LiteRtRepository pid=22301 tid=22301 uptimeMs=753395785 msg=warmUp init ok initMs=2 gateWaitMs=1
20260930_185449 D/LiteRtRepository pid=22301 tid=22301 uptimeMs=753395785 msg=warmUp Engine ready representativeInference=false totalMs=4
20260930_185518 I/AiViewModel pid=22301 tid=22301 uptimeMs=753424329 msg=onCleared: ViewModel is being cleared -> stopCurrentRunInternal()
20260930_185524 D/AiTrace pid=22301 tid=22301 uptimeMs=753430012 msg=Installed (enabled=true ringEnabled=true)
20260930_185524 D/LiteRtRepository pid=22301 tid=22301 uptimeMs=753430113 msg=warmUp init ok initMs=2 gateWaitMs=0
20260930_185524 D/LiteRtRepository pid=22301 tid=22301 uptimeMs=753430114 msg=warmUp Engine ready representativeInference=false totalMs=3
20260930_185559 D/AiViewModel pid=22301 tid=22413 uptimeMs=753465869 msg=run[1]: mode=EVAL_JSON phase=EVAL commit=true prompt.len=429, fullPrompt.len=2948, timeoutMs=120000
20260930_185559 D/AiViewModel pid=22301 tid=22413 uptimeMs=753465870 msg=run[1]: sha(prompt)=3a323e2ddb25c9a966cd97559895a7858281df8ba24343e6408aa103037b1e79 sha(full)=01ed80230d78047cd919a0e55d41e9f99eb7780c241101610f155ea83225b5f3
20260930_185559 D/LiteRtRepository pid=22301 tid=24918 uptimeMs=753465872 msg=[3] start model='Gemma3n4B' prompt.len=2948 sha=01ed80230d78047c gateWaitMs=2
20260930_185559 D/LiteRtRepository pid=22301 tid=24918 uptimeMs=753465876 msg=[3] init ok initMs=4
20260930_185610 D/LiteRtRepository pid=22301 tid=22301 uptimeMs=753476384 msg=[3] logicalDone=true
20260930_185610 D/AiViewModel pid=22301 tid=24918 uptimeMs=753476384 msg=run[1] stats: chunks=26, chars=95, raw.len=95
20260930_185610 D/LiteRtRepository pid=22301 tid=22301 uptimeMs=753476385 msg=[3] native cleanup safepoint
20260930_185610 D/AiViewModel pid=22301 tid=24918 uptimeMs=753476386 msg=run[1] sha(raw)=dedeb616fb4c9e757c610bf7602c21e0d65f0702dfac21bbb2b7034cc583a6a0
20260930_185610 I/AiViewModel pid=22301 tid=24918 uptimeMs=753476392 msg=run[1] done: phase=EVAL mode=EVAL_JSON score=25 FU0.len=0 FU0.sha16=none commit=true err=<none>
20260930_185610 D/AiViewModel pid=22301 tid=24918 uptimeMs=753476396 msg=run[2]: mode=FOLLOWUP_JSON_OR_TEXT phase=FOLLOWUP commit=false prompt.len=573, fullPrompt.len=1535, timeoutMs=120000
20260930_185610 D/LiteRtRepository pid=22301 tid=22413 uptimeMs=753476396 msg=[3] Conversation reset completed after safepoint
20260930_185610 D/AiViewModel pid=22301 tid=24918 uptimeMs=753476398 msg=run[2]: sha(prompt)=6c3dd4d7462c4e1c7dcded02d594e45a59c07e1ff83e8a654534997d2839267f sha(full)=f4ef655939d24761c0835afa4fedf0382714b2510703cc2dd68dd219734e848f
20260930_185610 I/LiteRtRepository pid=22301 tid=22413 uptimeMs=753476398 msg=[3] finalize reason='native-terminated' totalMs=10525 inferenceMs=10520 firstTokenMs=7247 chunks=26 emittedChars=95 out.len=95 capturedAll=true logicalDone=true nativeTerminated=true cancelTag='null' lastDeltaMsAgo=141 lastEventMsAgo=11
20260930_185610 D/LiteRtRepository pid=22301 tid=24918 uptimeMs=753476401 msg=[4] start model='Gemma3n4B' prompt.len=1535 sha=f4ef655939d24761 gateWaitMs=1
20260930_185610 D/LiteRtRepository pid=22301 tid=24918 uptimeMs=753476402 msg=[4] init ok initMs=1
20260930_185616 D/LiteRtRepository pid=22301 tid=22301 uptimeMs=753482357 msg=[4] logicalDone=true
20260930_185616 D/AiViewModel pid=22301 tid=24918 uptimeMs=753482357 msg=run[2] stats: chunks=21, chars=69, raw.len=69
20260930_185616 D/LiteRtRepository pid=22301 tid=22301 uptimeMs=753482357 msg=[4] native cleanup safepoint
20260930_185616 D/AiViewModel pid=22301 tid=24918 uptimeMs=753482358 msg=run[2] sha(raw)=a240b464e37b8abe2c4bda68887e88ae8c008264cbc2cff726eccf221c785ea9
20260930_185616 I/AiViewModel pid=22301 tid=24918 uptimeMs=753482360 msg=run[2] done: phase=FOLLOWUP mode=FOLLOWUP_JSON_OR_TEXT score=null FU0.len=69 FU0.sha16=a240b464e37b8abe commit=false err=<none>
20260930_185616 D/LiteRtRepository pid=22301 tid=22411 uptimeMs=753482362 msg=[4] Conversation reset completed after safepoint
20260930_185616 I/LiteRtRepository pid=22301 tid=24918 uptimeMs=753482364 msg=[4] finalize reason='native-terminated' totalMs=5964 inferenceMs=5962 firstTokenMs=3221 chunks=21 emittedChars=69 out.len=69 capturedAll=true logicalDone=true nativeTerminated=true cancelTag='null' lastDeltaMsAgo=130 lastEventMsAgo=7
20260930_185831 D/AiViewModel pid=22301 tid=24918 uptimeMs=753617833 msg=run[3]: mode=EVAL_JSON phase=EVAL commit=true prompt.len=561, fullPrompt.len=3080, timeoutMs=120000
20260930_185831 D/AiViewModel pid=22301 tid=24918 uptimeMs=753617836 msg=run[3]: sha(prompt)=1f0b960b4d785a67c57622cc493b5330ba7fa116863434483421b4b9a7f01ca1 sha(full)=6fce8f7e6d62e490afcb2670c7411e537139f629dc72cf725831e8c0a5255c17
20260930_185831 D/LiteRtRepository pid=22301 tid=24919 uptimeMs=753617841 msg=[5] start model='Gemma3n4B' prompt.len=3080 sha=6fce8f7e6d62e490 gateWaitMs=2
20260930_185831 D/LiteRtRepository pid=22301 tid=24919 uptimeMs=753617845 msg=[5] init ok initMs=3
20260930_185840 D/LiteRtRepository pid=22301 tid=22301 uptimeMs=753626980 msg=[5] logicalDone=true
20260930_185840 D/LiteRtRepository pid=22301 tid=22301 uptimeMs=753626980 msg=[5] native cleanup safepoint
20260930_185840 D/AiViewModel pid=22301 tid=24918 uptimeMs=753626980 msg=run[3] stats: chunks=22, chars=76, raw.len=76
20260930_185840 D/AiViewModel pid=22301 tid=24918 uptimeMs=753626982 msg=run[3] sha(raw)=cd38b27f1d8cf5fa76332139dcbaabc6bf0f850daa99c65c68b829507ba1b0a0
20260930_185840 I/AiViewModel pid=22301 tid=24918 uptimeMs=753626986 msg=run[3] done: phase=EVAL mode=EVAL_JSON score=65 FU0.len=0 FU0.sha16=none commit=true err=<none>
20260930_185840 D/AiViewModel pid=22301 tid=24918 uptimeMs=753626989 msg=run[4]: mode=FOLLOWUP_JSON_OR_TEXT phase=FOLLOWUP commit=false prompt.len=600, fullPrompt.len=1562, timeoutMs=120000
20260930_185840 D/LiteRtRepository pid=22301 tid=24919 uptimeMs=753626990 msg=[5] Conversation reset completed after safepoint
20260930_185840 I/LiteRtRepository pid=22301 tid=22413 uptimeMs=753626990 msg=[5] finalize reason='native-terminated' totalMs=9150 inferenceMs=9145 firstTokenMs=6357 chunks=22 emittedChars=76 out.len=76 capturedAll=true logicalDone=true nativeTerminated=true cancelTag='null' lastDeltaMsAgo=138 lastEventMsAgo=10
20260930_185840 D/AiViewModel pid=22301 tid=24918 uptimeMs=753626990 msg=run[4]: sha(prompt)=1b3911b7f4b3d4e9898ddc1519071a0f8fbc94f20d1693fd5265d82e35bef9d7 sha(full)=3341f0fd2c222c9ac1d231b2eb88ac275c13a52ba6c6df8b23d4a0c74299c5f1
20260930_185840 D/LiteRtRepository pid=22301 tid=24919 uptimeMs=753626992 msg=[6] start model='Gemma3n4B' prompt.len=1562 sha=3341f0fd2c222c9a gateWaitMs=1
20260930_185840 D/LiteRtRepository pid=22301 tid=22413 uptimeMs=753626993 msg=[6] init ok initMs=1
20260930_185847 D/LiteRtRepository pid=22301 tid=22301 uptimeMs=753633227 msg=[6] logicalDone=true
20260930_185847 D/LiteRtRepository pid=22301 tid=22301 uptimeMs=753633227 msg=[6] native cleanup safepoint
20260930_185847 D/AiViewModel pid=22301 tid=22413 uptimeMs=753633227 msg=run[4] stats: chunks=24, chars=76, raw.len=76
20260930_185847 D/AiViewModel pid=22301 tid=22413 uptimeMs=753633228 msg=run[4] sha(raw)=2098bc918ffa221b649c7185629d746691c5719ac466919f05d5ba93798bf8ce
20260930_185847 I/AiViewModel pid=22301 tid=22413 uptimeMs=753633231 msg=run[4] done: phase=FOLLOWUP mode=FOLLOWUP_JSON_OR_TEXT score=null FU0.len=76 FU0.sha16=2098bc918ffa221b commit=false err=<none>
20260930_185847 D/LiteRtRepository pid=22301 tid=24918 uptimeMs=753633236 msg=[6] Conversation reset completed after safepoint
20260930_185847 I/LiteRtRepository pid=22301 tid=22413 uptimeMs=753633236 msg=[6] finalize reason='native-terminated' totalMs=6245 inferenceMs=6243 firstTokenMs=3234 chunks=24 emittedChars=76 out.len=76 capturedAll=true logicalDone=true nativeTerminated=true cancelTag='null' lastDeltaMsAgo=134 lastEventMsAgo=9
20260930_185942 D/AiViewModel pid=22301 tid=22413 uptimeMs=753688299 msg=run[5]: mode=EVAL_JSON phase=EVAL commit=true prompt.len=706, fullPrompt.len=3225, timeoutMs=120000
20260930_185942 D/AiViewModel pid=22301 tid=22413 uptimeMs=753688301 msg=run[5]: sha(prompt)=596ad5bfa24edfafe6c1ba933f8908628f57636bbfd9a189ed5b7280361f0eef sha(full)=ed7d5b25273ff077beedef942af883a140b2dd7ccfcc01723e55fe1a821e888e
20260930_185942 D/LiteRtRepository pid=22301 tid=22413 uptimeMs=753688303 msg=[7] start model='Gemma3n4B' prompt.len=3225 sha=ed7d5b25273ff077 gateWaitMs=1
20260930_185942 D/LiteRtRepository pid=22301 tid=22413 uptimeMs=753688309 msg=[7] init ok initMs=4
20260930_185950 D/LiteRtRepository pid=22301 tid=22301 uptimeMs=753696599 msg=[7] logicalDone=true
20260930_185950 D/LiteRtRepository pid=22301 tid=22301 uptimeMs=753696600 msg=[7] native cleanup safepoint
20260930_185950 D/AiViewModel pid=22301 tid=22413 uptimeMs=753696600 msg=run[5] stats: chunks=21, chars=61, raw.len=61
20260930_185950 D/AiViewModel pid=22301 tid=22413 uptimeMs=753696601 msg=run[5] sha(raw)=12bf66d07c04a8a52a998961b53d1e5a93fe135fbdbe42e069b26988e2e37e2f
20260930_185950 I/AiViewModel pid=22301 tid=22413 uptimeMs=753696605 msg=run[5] done: phase=EVAL mode=EVAL_JSON score=95 FU0.len=0 FU0.sha16=none commit=true err=<none>
20260930_185950 D/LiteRtRepository pid=22301 tid=22412 uptimeMs=753696610 msg=[7] Conversation reset completed after safepoint
20260930_185950 I/LiteRtRepository pid=22301 tid=22413 uptimeMs=753696611 msg=[7] finalize reason='native-terminated' totalMs=8308 inferenceMs=8301 firstTokenMs=5654 chunks=21 emittedChars=61 out.len=61 capturedAll=true logicalDone=true nativeTerminated=true cancelTag='null' lastDeltaMsAgo=137 lastEventMsAgo=11
20260930_192521 I/AppRingLogStore pid=16098 tid=16098 uptimeMs=755227454 msg=install: pid=16098 timeUtc=20260930_192521 uptimeMs=755227453
20260930_192521 D/SurveyApp pid=16098 tid=16098 uptimeMs=755227455 msg=attachBaseContext: pid=16098 process=com.negi.survey isMain=true sdk=36
20260930_192521 D/SurveyApp pid=16098 tid=16098 uptimeMs=755227476 msg=onCreate: pid=16098 process=com.negi.survey isMain=true sdk=36
20260930_192551 D/AiTrace pid=16098 tid=16098 uptimeMs=755257857 msg=Installed (enabled=true ringEnabled=true)
20260930_192552 D/LiteRtRepository pid=16098 tid=16098 uptimeMs=755258268 msg=warmUp init ok initMs=5 gateWaitMs=0
20260930_192552 D/LiteRtRepository pid=16098 tid=16098 uptimeMs=755258268 msg=warmUp Engine ready representativeInference=false totalMs=5
20260930_192618 I/AiViewModel pid=16098 tid=16098 uptimeMs=755284720 msg=onCleared: ViewModel is being cleared -> stopCurrentRunInternal()
20260930_192629 D/AiTrace pid=16098 tid=16098 uptimeMs=755295617 msg=Installed (enabled=true ringEnabled=true)
20260930_192629 D/LiteRtRepository pid=16098 tid=16098 uptimeMs=755295738 msg=warmUp init ok initMs=2 gateWaitMs=1
20260930_192629 D/LiteRtRepository pid=16098 tid=16098 uptimeMs=755295738 msg=warmUp Engine ready representativeInference=false totalMs=4
20260930_192718 D/AiViewModel pid=16098 tid=16249 uptimeMs=755344014 msg=run[1]: mode=EVAL_JSON phase=EVAL commit=true prompt.len=364, fullPrompt.len=2883, timeoutMs=120000
20260930_192718 D/AiViewModel pid=16098 tid=16249 uptimeMs=755344015 msg=run[1]: sha(prompt)=f6c333160d7877b1e5af88cbe4327d9df21c4e464414835aa7db65aa3d7370f3 sha(full)=02b4d10b4180d8233229a723fcfb5063e567f08f969b80da2f44159794cf6522
20260930_192718 D/LiteRtRepository pid=16098 tid=16249 uptimeMs=755344022 msg=[1] start model='Gemma3n4B' prompt.len=2883 sha=02b4d10b4180d823 gateWaitMs=4
20260930_192718 D/LiteRtRepository pid=16098 tid=16249 uptimeMs=755344023 msg=[1] init ok initMs=1
20260930_192729 D/LiteRtRepository pid=16098 tid=16098 uptimeMs=755355072 msg=[1] logicalDone=true
20260930_192729 D/LiteRtRepository pid=16098 tid=16098 uptimeMs=755355072 msg=[1] native cleanup safepoint
20260930_192729 D/AiViewModel pid=16098 tid=16194 uptimeMs=755355073 msg=run[1] stats: chunks=28, chars=90, raw.len=90
20260930_192729 D/AiViewModel pid=16098 tid=16194 uptimeMs=755355073 msg=run[1] sha(raw)=3c867e144437b937e561511c8bd3991bae7a8d38385fb58e43f8d81e486d4800
20260930_192729 D/LiteRtRepository pid=16098 tid=16249 uptimeMs=755355080 msg=[1] Conversation reset completed after safepoint
20260930_192729 I/LiteRtRepository pid=16098 tid=16252 uptimeMs=755355081 msg=[1] finalize reason='native-terminated' totalMs=11060 inferenceMs=11057 firstTokenMs=7506 chunks=28 emittedChars=90 out.len=90 capturedAll=true logicalDone=true nativeTerminated=true cancelTag='null' lastDeltaMsAgo=126 lastEventMsAgo=8
20260930_192729 I/AiViewModel pid=16098 tid=16194 uptimeMs=755355084 msg=run[1] done: phase=EVAL mode=EVAL_JSON score=45 FU0.len=0 FU0.sha16=none commit=true err=<none>
20260930_192729 D/AiViewModel pid=16098 tid=16194 uptimeMs=755355091 msg=run[2]: mode=FOLLOWUP_JSON_OR_TEXT phase=FOLLOWUP commit=false prompt.len=503, fullPrompt.len=1465, timeoutMs=120000
20260930_192729 D/AiViewModel pid=16098 tid=16194 uptimeMs=755355092 msg=run[2]: sha(prompt)=3a875ceb7d670b0e406b8623392c41700ec5f524d636fe4b129db07b7c5449ea sha(full)=f13762fdefee00c5161572d7f1a6f0f6560cf8fca50a71bc3675da018ea98ffa
20260930_192729 D/LiteRtRepository pid=16098 tid=16252 uptimeMs=755355093 msg=[2] start model='Gemma3n4B' prompt.len=1465 sha=f13762fdefee00c5 gateWaitMs=1
20260930_192729 D/LiteRtRepository pid=16098 tid=16252 uptimeMs=755355095 msg=[2] init ok initMs=1
20260930_192734 D/LiteRtRepository pid=16098 tid=16098 uptimeMs=755360441 msg=[2] logicalDone=true
20260930_192734 D/LiteRtRepository pid=16098 tid=16098 uptimeMs=755360441 msg=[2] native cleanup safepoint
20260930_192734 D/AiViewModel pid=16098 tid=16194 uptimeMs=755360441 msg=run[2] stats: chunks=17, chars=51, raw.len=51
20260930_192734 D/AiViewModel pid=16098 tid=16194 uptimeMs=755360442 msg=run[2] sha(raw)=677456a7060057f034f244a139f98d1c644af7d2f3173bd5851e3cc00fb9cc69
20260930_192734 I/AiViewModel pid=16098 tid=16194 uptimeMs=755360445 msg=run[2] done: phase=FOLLOWUP mode=FOLLOWUP_JSON_OR_TEXT score=null FU0.len=51 FU0.sha16=677456a7060057f0 commit=false err=<none>
20260930_192734 D/LiteRtRepository pid=16098 tid=16252 uptimeMs=755360448 msg=[2] Conversation reset completed after safepoint
20260930_192734 I/LiteRtRepository pid=16098 tid=16194 uptimeMs=755360448 msg=[2] finalize reason='native-terminated' totalMs=5355 inferenceMs=5353 firstTokenMs=3236 chunks=17 emittedChars=51 out.len=51 capturedAll=true logicalDone=true nativeTerminated=true cancelTag='null' lastDeltaMsAgo=135 lastEventMsAgo=7
20260930_212233 I/AppRingLogStore pid=17806 tid=17806 uptimeMs=762259244 msg=install: pid=17806 timeUtc=20260930_212233 uptimeMs=762259243
20260930_212233 D/SurveyApp pid=17806 tid=17806 uptimeMs=762259244 msg=attachBaseContext: pid=17806 process=com.negi.survey isMain=true sdk=36
20260930_212233 D/SurveyApp pid=17806 tid=17806 uptimeMs=762259256 msg=onCreate: pid=17806 process=com.negi.survey isMain=true sdk=36
20260930_212315 D/AiTrace pid=17806 tid=17806 uptimeMs=762301003 msg=Installed (enabled=true ringEnabled=true)
20260930_212315 D/LiteRtRepository pid=17806 tid=17806 uptimeMs=762301385 msg=warmUp init ok initMs=6 gateWaitMs=0
20260930_212315 D/LiteRtRepository pid=17806 tid=17806 uptimeMs=762301385 msg=warmUp Engine ready representativeInference=false totalMs=6
20261001_175715 I/AiViewModel pid=17806 tid=17806 uptimeMs=836342450 msg=onCleared: ViewModel is being cleared -> stopCurrentRunInternal()
20261001_175720 D/AiTrace pid=17806 tid=17806 uptimeMs=836347530 msg=Installed (enabled=true ringEnabled=true)
20261001_175721 D/LiteRtRepository pid=17806 tid=17806 uptimeMs=836347711 msg=warmUp init ok initMs=3 gateWaitMs=0
20261001_175721 D/LiteRtRepository pid=17806 tid=17806 uptimeMs=836347711 msg=warmUp Engine ready representativeInference=false totalMs=3
20261001_181431 I/AppRingLogStore pid=7334 tid=7334 uptimeMs=837377654 msg=install: pid=7334 timeUtc=20261001_181431 uptimeMs=837377653
20261001_181431 D/SurveyApp pid=7334 tid=7334 uptimeMs=837377655 msg=attachBaseContext: pid=7334 process=com.negi.survey isMain=true sdk=36
20261001_181431 D/SurveyApp pid=7334 tid=7334 uptimeMs=837377676 msg=onCreate: pid=7334 process=com.negi.survey isMain=true sdk=36
20261001_181508 D/AiTrace pid=7334 tid=7334 uptimeMs=837415125 msg=Installed (enabled=true ringEnabled=true)
20261001_181508 D/LiteRtRepository pid=7334 tid=7334 uptimeMs=837415466 msg=warmUp init ok initMs=4 gateWaitMs=0
20261001_181508 D/LiteRtRepository pid=7334 tid=7334 uptimeMs=837415466 msg=warmUp Engine ready representativeInference=false totalMs=5
20261001_194442 I/AppRingLogStore pid=18186 tid=18186 uptimeMs=842789712 msg=install: pid=18186 timeUtc=20261001_194442 uptimeMs=842789711
20261001_194442 D/SurveyApp pid=18186 tid=18186 uptimeMs=842789713 msg=attachBaseContext: pid=18186 process=com.negi.survey isMain=true sdk=36
20261001_194442 D/SurveyApp pid=18186 tid=18186 uptimeMs=842789735 msg=onCreate: pid=18186 process=com.negi.survey isMain=true sdk=36
