=== RuntimeLogStore Header ===
ts=2026-09-29T22:44:15.711Z
fileNameFormat=LEGACY
appId=com.negi.survey
versionName=0.0.1
versionCode=1
debug=true
device=samsung SM-S731U
sdk=36
pid=8963
==============================
2026-09-29T22:44:15.711Z I/RuntimeLogStore [rtlog-io] start: actor launched (fileNameFormat=LEGACY)
2026-09-29T22:44:15.709Z D/SurveyApp [main] attachBaseContext: pid=8963 process=com.negi.survey isMain=true sdk=36
2026-09-29T22:44:15.709Z D/SurveyApp [main] bootTiming: attachBaseContext total=34ms
2026-09-29T22:44:15.709Z D/SurveyApp [main] Skipping WorkManager init in attachBaseContext; will init lazily on first enqueue.
2026-09-29T22:44:15.712Z D/SurveyApp [main] CrashCapture installed: where=SurveyApp:attachBaseContext
2026-09-29T22:44:15.723Z I/RuntimeLogStore [main] start repair: ctx/dir refreshed
2026-09-29T22:44:15.723Z D/SurveyApp [main] bootTiming: RuntimeLogStore.start took=0ms
2026-09-29T22:44:15.723Z D/SurveyApp [main] bootTiming: AppRingLogStore.install took=0ms
2026-09-29T22:44:15.724Z D/SurveyApp [main] onCreate: pid=8963 process=com.negi.survey isMain=true sdk=36
2026-09-29T22:44:15.729Z D/SurveyApp [main] CrashCapture installed: where=SurveyApp:onCreate(rewrap)
2026-09-29T22:44:15.729Z D/SurveyApp [main] CrashCapture self-healing registered.
2026-09-29T22:44:15.729Z W/SurveyApp [main] Startup enqueues deferred: delay=2500ms (to reduce init contention)
2026-09-29T22:44:15.730Z D/SurveyApp [main] Startup survey recovery deferred: delay=2500ms
2026-09-29T22:44:15.730Z D/SurveyApp [main] bootTiming: onCreate total=8ms
2026-09-29T22:44:15.759Z I/RuntimeLogStore [DefaultDispatcher-worker-1] start repair: ctx/dir refreshed
2026-09-29T22:44:17.286Z I/RuntimeLogStore [DefaultDispatcher-worker-1] start repair: ctx/dir refreshed
