=== RuntimeLogStore Header ===
ts=2026-09-13T00:49:53.910Z
fileNameFormat=LEGACY
appId=com.negi.survey
versionName=0.0.1
versionCode=46
debug=false
device=samsung SM-S931U1
sdk=36
pid=16140
==============================
2026-09-13T00:49:53.910Z I/RuntimeLogStore [rtlog-io] --- rotated (reason=plain_snapshot:app_start) ---
2026-09-13T05:32:44.812Z D/LiteRtLM [DefaultDispatcher-worker-6] Initializing LiteRT-LM: model='Gemma3n4B', key='Gemma3n4B|/data/data/com.negi.survey/files/gemma-3n-E4B-it-int4.litertlm'
2026-09-13T05:32:44.812Z D/LiteRtLM [DefaultDispatcher-worker-6] Capabilities: image=false audio=false
2026-09-13T05:32:44.812Z D/LiteRtLM [DefaultDispatcher-worker-6] Backend=com.google.ai.edge.litertlm.Backend$GPU@2297f48 maxNumTokens=512 (raw=512) topK=1 topP=0.0 temp=0.0
2026-09-13T05:32:44.812Z D/LiteRtLM [DefaultDispatcher-worker-6] Model path='/data/data/com.negi.survey/files/gemma-3n-E4B-it-int4.litertlm' sizeBytes=4919541760 lastModified=1789277561415
2026-09-13T05:32:44.812Z D/LiteRtLM [DefaultDispatcher-worker-6] LiteRT-LM native benchmark policy: enabled=false emulator=false
2026-09-13T05:32:44.813Z D/LiteRtLM [DefaultDispatcher-worker-6] Speculative decoding / MTP policy: enabled=false runtimeFlagUpdated=true model='Gemma3n4B'
2026-09-13T05:32:44.813Z D/LiteRtLM [DefaultDispatcher-worker-6] Engine cacheDir resolved: key='Gemma3n4B|/data/data/com.negi.survey/files/gemma-3n-E4B-it-int4.litertlm' backend=com.google.ai.edge.litertlm.Backend$GPU@2297f48 path='/data/user/0/com.negi.survey/no_backup/litertlm_cache/ffed8461d19ed48f1d2d2127e7943974fa513d9e' filesBefore=0
2026-09-13T05:32:55.701Z W/LiteRtLM [DefaultDispatcher-worker-6] Engine.initialize completed: key='Gemma3n4B|/data/data/com.negi.survey/files/gemma-3n-E4B-it-int4.litertlm' backend=com.google.ai.edge.litertlm.Backend$GPU@2297f48 took=10887ms cacheFilesAfter=2
2026-09-13T05:32:55.708Z D/LiteRtLM [DefaultDispatcher-worker-6] createConversation completed: key='Gemma3n4B|/data/data/com.negi.survey/files/gemma-3n-E4B-it-int4.litertlm' took=7ms
2026-09-13T05:32:55.708Z D/LiteRtLM [DefaultDispatcher-worker-6] LiteRT-LM initialization succeeded: model='Gemma3n4B', key='Gemma3n4B|/data/data/com.negi.survey/files/gemma-3n-E4B-it-int4.litertlm' engineMs=10887 conversationMs=7 totalMs=10897
2026-09-13T05:32:55.724Z D/AiTrace [main] Installed (enabled=false ringEnabled=true)
2026-09-13T05:32:55.726Z D/SurveyVM [main] init -> Start, session=0, uuid=97551c56-55dc-4608-870b-32b328cb7eb5, navSize=1, graphSize=20
2026-09-13T05:32:55.728Z D/SurveyVM [main] config.validate -> issues=0
2026-09-13T05:32:55.728Z D/SurveyVM [main] promptSources -> legacy=10, eval=0, follow=0
2026-09-13T05:32:55.728Z D/SurveyVM [main] promptSources.preview -> legacy=[Q10, Q11, Q12, Q13, Q14, Q15, Q16, Q17, Q8, Q9], eval=[], follow=[]
2026-09-13T05:32:55.728Z D/SurveyVM [main] hasTwoStepPrompt[Q10] -> false (eval=0, fu=0)
2026-09-13T05:32:55.728Z D/SurveyVM [main] hasTwoStepPrompt[Q11] -> false (eval=0, fu=0)
2026-09-13T05:32:55.728Z D/SurveyVM [main] hasTwoStepPrompt[Q12] -> false (eval=0, fu=0)
2026-09-13T05:32:55.728Z D/SurveyVM [main] hasTwoStepPrompt[Q13] -> false (eval=0, fu=0)
2026-09-13T05:32:55.728Z D/SurveyVM [main] hasTwoStepPrompt[Q14] -> false (eval=0, fu=0)
2026-09-13T05:32:55.728Z D/SurveyVM [main] hasTwoStepPrompt[Q15] -> false (eval=0, fu=0)
2026-09-13T05:32:55.728Z D/SurveyVM [main] hasTwoStepPrompt[Q16] -> false (eval=0, fu=0)
2026-09-13T05:32:55.728Z D/SurveyVM [main] hasTwoStepPrompt[Q17] -> false (eval=0, fu=0)
2026-09-13T05:32:55.729Z D/SurveyVM [main] hasTwoStepPrompt[Q8] -> false (eval=0, fu=0)
2026-09-13T05:32:55.729Z D/SurveyVM [main] hasTwoStepPrompt[Q9] -> false (eval=0, fu=0)
2026-09-13T05:32:55.729Z D/SurveyVM [main] AI prompt coverage OK (aiCount=10)
2026-09-13T05:32:55.753Z D/LiteRtLM [slm-jni] initializeIfNeeded: warm runtime already ready: key='Gemma3n4B|/data/data/com.negi.survey/files/gemma-3n-E4B-it-int4.litertlm'
2026-09-13T05:32:55.753Z D/LiteRtRepository [main] warmUp: initializeIfNeeded ok gateWaitMs=0 initMs=1
2026-09-13T05:32:55.753Z D/LiteRtRepository [main] warmUp: Engine ready; representative inference disabled totalMs=1
2026-09-13T05:33:04.254Z D/SurveyVM [main] setRunFreeText(draft) -> len=1
2026-09-13T05:33:04.377Z D/SurveyVM [main] setRunFreeText(draft) -> len=2
2026-09-13T05:33:04.615Z D/SurveyVM [main] setRunFreeText(draft) -> len=3
2026-09-13T05:33:04.915Z D/SurveyVM [main] setRunFreeText(draft) -> len=4
2026-09-13T05:33:05.158Z D/SurveyVM [main] setRunFreeText(draft) -> len=5
2026-09-13T05:33:05.283Z D/SurveyVM [main] setRunFreeText(draft) -> len=6
2026-09-13T05:33:05.561Z D/SurveyVM [main] setRunFreeText(draft) -> len=7
2026-09-13T05:33:06.503Z D/SurveyVM [main] setRunFreeText(draft) -> len=8
2026-09-13T05:33:06.649Z D/SurveyVM [main] setRunFreeText(draft) -> len=9
2026-09-13T05:33:06.841Z D/SurveyVM [main] setRunFreeText(draft) -> len=10
2026-09-13T05:33:06.899Z D/SurveyVM [main] setRunFreeText(draft) -> len=11
2026-09-13T05:33:07.309Z D/SurveyVM [main] setRunFreeText(draft) -> len=12
2026-09-13T05:33:07.526Z D/SurveyVM [main] setRunFreeText(draft) -> len=13
2026-09-13T05:33:07.660Z D/SurveyVM [main] setRunFreeText(draft) -> len=14
2026-09-13T05:33:08.496Z D/SurveyVM [main] resetAudioRefs -> cleared
2026-09-13T05:33:08.496Z D/SurveyVM [main] resetNavToStart -> key=com.negi.survey.vm.FlowHome@2abae3f, navSize=1
2026-09-13T05:33:08.496Z D/SurveyVM [main] resetToStart -> Start, session=1, uuid=4098d03f-c636-4029-9689-02838fd3d5ba, preserveDraft=true, draftLen=14
2026-09-13T05:33:08.496Z D/SurveyVM [main] setRunFreeText(draft) -> len=14
2026-09-13T05:33:08.496Z D/SurveyVM [main] activateRunIfNeeded(advanceToNext:Q1) -> runNoteLen=14, draftCleared=true, uuid=4098d03f-c636-4029-9689-02838fd3d5ba
2026-09-13T05:33:08.496Z D/SurveyVM [main] push -> Q1, navSize=2, stackSize=2
2026-09-13T05:33:13.195Z D/SurveyVM [main] push -> Q2, navSize=3, stackSize=3
2026-09-13T05:33:16.695Z D/SurveyVM [main] push -> Q3, navSize=4, stackSize=4
2026-09-13T05:33:16.902Z D/SurveyVM [main] push -> Q4, navSize=5, stackSize=5
2026-09-13T05:33:19.244Z D/SurveyVM [main] push -> Q5, navSize=6, stackSize=6
2026-09-13T05:33:23.586Z D/SurveyVM [main] push -> Q6, navSize=7, stackSize=7
2026-09-13T05:33:28.859Z D/SurveyVM [main] push -> Q7, navSize=8, stackSize=8
2026-09-13T05:33:32.564Z D/SurveyVM [main] push -> Q8, navSize=9, stackSize=9
2026-09-13T05:33:32.585Z D/SurveyVM [main] hasTwoStepPrompt[Q8] -> false (eval=0, fu=0)
2026-09-13T05:33:43.186Z D/SurveyVM [main] hasTwoStepPrompt[Q8] -> false (eval=0, fu=0)
2026-09-13T05:33:43.186Z I/AiScreen [main] Submit begin runId=ai-Q8-8309600-8309600121255 node=Q8 role=MAIN isTwoStep=false sessionId=1 surveyUuid=4098d03f-c636-4029-9689-02838fd3d5ba qLen=80 aLen=16 qSha6=27d6102552db aSha6=b8d164aaad48
2026-09-13T05:33:43.191Z D/SurveyVM [main] getPrompt[Q8] -> len=242 (src=one_step)
2026-09-13T05:33:43.195Z D/LiteRtRepository [DefaultDispatcher-worker-6] [1] request start model='Gemma3n4B' prompt.len=800 sha=13a4c95f63714119 gateWaitMs=1
2026-09-13T05:33:43.195Z D/LiteRtLM [slm-jni] initializeIfNeeded: warm runtime already ready: key='Gemma3n4B|/data/data/com.negi.survey/files/gemma-3n-E4B-it-int4.litertlm'
2026-09-13T05:33:43.195Z D/LiteRtRepository [DefaultDispatcher-worker-6] [1] initializeIfNeeded ok initMs=0
2026-09-13T05:33:43.196Z D/LiteRtLM [DefaultDispatcher-worker-6] runInference start: key='Gemma3n4B|/data/data/com.negi.survey/files/gemma-3n-E4B-it-int4.litertlm' runId=1 hasText=true originalTextLen=800 effectiveTextLen=800 images=0 audioClips=0
2026-09-13T05:33:43.196Z D/LiteRtLM [DefaultDispatcher-worker-6] LiteRT-LM sendMessageAsync(text): key='Gemma3n4B|/data/data/com.negi.survey/files/gemma-3n-E4B-it-int4.litertlm' runId=1 len=800 maxOutputTokens=64
2026-09-13T05:33:43.204Z D/LiteRtLM [DefaultDispatcher-worker-6] sendMessageAsync accepted: key='Gemma3n4B|/data/data/com.negi.survey/files/gemma-3n-E4B-it-int4.litertlm' runId=1 dispatchMs=8
2026-09-13T05:33:44.176Z W/LiteRtLM [Thread-17] Inference first output: key='Gemma3n4B|/data/data/com.negi.survey/files/gemma-3n-E4B-it-int4.litertlm' runId=1 ttftMs=979 dispatchMs=8 postDispatchTtftMs=971 requestToFirstOutputMs=979
2026-09-13T05:33:46.143Z W/LiteRtLM [Thread-45] Inference timing: key='Gemma3n4B|/data/data/com.negi.survey/files/gemma-3n-E4B-it-int4.litertlm' runId=1 ttftMs=979 dispatchMs=8 postDispatchTtftMs=971 totalMs=2947 callbacks=28 outputChars=107 cancelled=false error=false requestTotalMs=2947
2026-09-13T05:33:46.143Z D/LiteRtRepository [main] [1] logical done=true; responseClosed=true; waiting native cleanup
2026-09-13T05:33:46.143Z D/LiteRtRepository [main] [1] native cleanup safepoint
2026-09-13T05:33:46.146Z D/LiteRtRepository [DefaultDispatcher-worker-8] [1] Conversation reset completed after safepoint
2026-09-13T05:33:46.146Z I/AiViewModel [DefaultDispatcher-worker-1] run[1] done: phase=ONE_STEP mode=EVAL_JSON score=30 FU0.len=68 FU0.sha16=18da28c0f294af02 commit=true err=<none>
2026-09-13T05:33:46.149Z I/AiScreen [main] Follow-up persisted (context=sid=1|nid=Q8 node=Q8 runId=1 phase=ONE_STEP twoStep=false mode=EVAL_JSON len=68 sha6=18da28c0f294 displayedAsPlain=false)
2026-09-13T05:33:46.149Z D/AiScreen [main] Step rendered (context=sid=1|nid=Q8 node=Q8 runId=1 phase=ONE_STEP mode=EVAL_JSON showJson=true rawLen=107 followups=1 timedOut=false twoStep=false)
2026-09-13T05:33:46.149Z I/AiScreen [main] Submit end runId=ai-Q8-8309600-8309600121255 node=Q8 elapsed=2963ms
2026-09-13T05:33:48.787Z D/SurveyVM [main] push -> Q9, navSize=10, stackSize=10
2026-09-13T05:33:48.794Z D/SurveyVM [main] hasTwoStepPrompt[Q9] -> false (eval=0, fu=0)
2026-09-13T05:33:51.227Z D/SurveyVM [main] push -> Q10, navSize=11, stackSize=11
2026-09-13T05:33:51.235Z D/SurveyVM [main] hasTwoStepPrompt[Q10] -> false (eval=0, fu=0)
2026-09-13T05:33:52.062Z D/SurveyVM [main] push -> Q11, navSize=12, stackSize=12
2026-09-13T05:33:52.072Z D/SurveyVM [main] hasTwoStepPrompt[Q11] -> false (eval=0, fu=0)
2026-09-13T05:33:53.453Z D/SurveyVM [main] push -> Q12, navSize=13, stackSize=13
2026-09-13T05:33:53.460Z D/SurveyVM [main] hasTwoStepPrompt[Q12] -> false (eval=0, fu=0)
2026-09-13T05:33:53.953Z D/SurveyVM [main] push -> Q13, navSize=14, stackSize=14
2026-09-13T05:33:53.960Z D/SurveyVM [main] hasTwoStepPrompt[Q13] -> false (eval=0, fu=0)
2026-09-13T05:33:54.420Z D/SurveyVM [main] push -> Q14, navSize=15, stackSize=15
2026-09-13T05:33:54.427Z D/SurveyVM [main] hasTwoStepPrompt[Q14] -> false (eval=0, fu=0)
2026-09-13T05:33:54.884Z D/SurveyVM [main] push -> Q15, navSize=16, stackSize=16
2026-09-13T05:33:54.892Z D/SurveyVM [main] hasTwoStepPrompt[Q15] -> false (eval=0, fu=0)
2026-09-13T05:33:55.310Z D/SurveyVM [main] push -> Q16, navSize=17, stackSize=17
2026-09-13T05:33:55.317Z D/SurveyVM [main] hasTwoStepPrompt[Q16] -> false (eval=0, fu=0)
2026-09-13T05:33:55.744Z D/SurveyVM [main] push -> Q17, navSize=18, stackSize=18
2026-09-13T05:33:55.751Z D/SurveyVM [main] hasTwoStepPrompt[Q17] -> false (eval=0, fu=0)
2026-09-13T05:33:56.219Z D/SurveyVM [main] push -> Review, navSize=19, stackSize=19
2026-09-13T05:33:56.227Z D/SurveyVM [main] hasTwoStepPrompt[Review] -> false (eval=0, fu=0)
2026-09-13T05:34:01.832Z D/SurveyVM [main] push -> Done, navSize=20, stackSize=20
