=== RuntimeLogStore Header ===
ts=2026-09-23T06:37:52.789Z
fileNameFormat=LEGACY
appId=com.negi.survey
versionName=0.0.1
versionCode=43
debug=false
device=vivo V2202
sdk=35
pid=14601
==============================
2026-09-23T06:37:52.789Z I/RuntimeLogStore [rtlog-io] --- rotated (reason=plain_snapshot:receiver_boot_completed) ---
2026-09-23T06:37:53.027Z W/SurveyApp [main] Deferred startup enqueues begin...
2026-09-23T06:37:53.027Z D/SurveyApp [main] WorkManager available. where=startupRtLogs(immediate) took=0ms
2026-09-23T06:37:53.028Z D/SurveyApp [main] Startup runtime logs target -> owner=ishizuki-tech repo=SurveyExports branch=main base='/diagnostics/runtime_logs'
2026-09-23T06:37:53.040Z D/SurveyApp [main] Startup runtime logs: enqueue requested (immediate).
2026-09-23T06:37:53.041Z D/SurveyApp [main] WorkManager available. where=startupRingLogs(immediate) took=0ms
2026-09-23T06:37:53.046Z D/SurveyApp [main] Startup ring logs target -> owner=ishizuki-tech repo=SurveyExports branch=main base='/diagnostics/applog_ring'
2026-09-23T06:37:53.056Z D/SurveyApp [main] Startup ring logs: enqueue requested (immediate).
2026-09-23T06:37:53.064Z D/SurveyApp [main] WorkManager available. where=enqueuePending(immediate) took=0ms
2026-09-23T06:37:53.065Z D/SurveyApp [main] CrashCapture pending uploads requested (immediate).
2026-09-23T06:37:53.070Z W/SurveyApp [main] Deferred startup enqueues done: took=44ms
