=== Previous Session Logcat ===
captured_time_utc=20260226_160457
captured_time_local=20260226_080457
marker=2026-02-23 16:23:57.872
preferred_prev_pid=-1
note=best-effort; buffers may be overwritten before next start
sdk=36
device=samsung SM-S931U1
appId=com.negi.survey
versionName=v1.0.0-20260223-224759
versionCode=21

=== Logcat (since marker) ===
--------- beginning of main
02-26 07:54:45.361 20342 20342 I ImeTracker: system_server:e527b260: onCancelled at PHASE_CLIENT_ON_CONTROLS_CHANGED
02-26 07:54:45.361 20342 20342 I ImeTracker: system_server:b25cb937: onCancelled at PHASE_CLIENT_ON_CONTROLS_CHANGED
02-26 07:54:45.361 20342 20342 I ImeTracker: system_server:3bc6c356: onCancelled at PHASE_CLIENT_ON_CONTROLS_CHANGED
02-26 07:54:45.361 20342 20342 I ImeTracker: system_server:46515e54: onCancelled at PHASE_CLIENT_ON_CONTROLS_CHANGED
02-26 07:54:45.361 20342 20342 I ImeTracker: system_server:6aa88936: onCancelled at PHASE_CLIENT_ON_CONTROLS_CHANGED
02-26 07:54:45.362 20342 20342 I VRI[MainActivity]@85b1c84: onDisplayChanged oldDisplayState=1 newDisplayState=2
02-26 07:54:45.364 20342 20342 I VRI[MainActivity]@85b1c84: onDisplayChanged oldDisplayState=2 newDisplayState=2
02-26 07:54:45.394 20342 20342 I VRI[MainActivity]@85b1c84: onDisplayChanged oldDisplayState=2 newDisplayState=2
02-26 07:54:45.419 20342 20347 W com.negi.survey: Reducing the number of considered missed Gc histogram windows from 2651 to 100
02-26 07:54:45.608 20342 20342 I ImeTracker: system_server:55b192fb: onCancelled at PHASE_CLIENT_ON_CONTROLS_CHANGED
02-26 07:54:45.636 20342 20342 I ImeTracker: system_server:44c975d6: onCancelled at PHASE_CLIENT_ON_CONTROLS_CHANGED
02-26 07:54:45.709 20342 20342 I ImeTracker: system_server:e12bff65: onCancelled at PHASE_CLIENT_ON_CONTROLS_CHANGED
02-26 07:54:46.136 20342 26490 I AssistStructure: Flattened final assist data: 2976 bytes, containing 1 windows, 43 views
02-26 07:54:46.344 20342 20342 I ImeTracker: system_server:6c33ef17: onCancelled at PHASE_CLIENT_ON_CONTROLS_CHANGED
02-26 07:54:46.351 20342 20365 D HWUI    : CacheManager::trimMemory(40)
02-26 07:54:46.360 20342 20342 I ImeTracker: system_server:f72d3c9e: onCancelled at PHASE_CLIENT_ON_CONTROLS_CHANGED
02-26 07:54:46.360 20342 20342 D BBA2    : setIsFg isFg = false; delayValue 3999ms
02-26 07:54:46.384 20342 20342 I ImeTracker: system_server:487264e6: onCancelled at PHASE_CLIENT_ON_CONTROLS_CHANGED
02-26 08:04:55.235  8134  8134 I com.negi.survey: Using CollectorTypeCMC GC.
02-26 08:04:55.239  8134  8134 D nativeloader: Load libframework-connectivity-tiramisu-jni.so using APEX ns com_android_tethering for caller /apex/com.android.tethering/javalib/framework-connectivity-t.jar: ok
02-26 08:04:55.240  8134  8134 D ActivityThread: setConscryptValidator
02-26 08:04:55.240  8134  8134 D ActivityThread: setConscryptValidator - put
02-26 08:04:55.246  8134  8134 D ApplicationLoaders: Returning zygote-cached class loader: /system_ext/framework/androidx.window.extensions.jar
02-26 08:04:55.246  8134  8134 D ApplicationLoaders: Returning zygote-cached class loader: /system_ext/framework/androidx.window.sidecar.jar
02-26 08:04:55.254  8134  8134 D nativeloader: Configuring clns-9 for other apk /data/app/~~eyfAPlqaYpSk7W6A5wiDGg==/com.negi.survey-hxyXdFENhS5XZqFpkhQO4A==/base.apk. target_sdk_version=36, uses_libraries=libOpenCL.so, library_path=/data/app/~~eyfAPlqaYpSk7W6A5wiDGg==/com.negi.survey-hxyXdFENhS5XZqFpkhQO4A==/lib/arm64:/data/app/~~eyfAPlqaYpSk7W6A5wiDGg==/com.negi.survey-hxyXdFENhS5XZqFpkhQO4A==/base.apk!/lib/arm64-v8a, permitted_path=/data:/mnt/expand:/data/user/0/com.negi.survey
02-26 08:04:55.260  8134  8134 V GraphicsEnvironment: Currently set values for:
02-26 08:04:55.260  8134  8134 V GraphicsEnvironment:   angle_gl_driver_selection_pkgs=[]
02-26 08:04:55.260  8134  8134 V GraphicsEnvironment:   angle_gl_driver_selection_values=[]
02-26 08:04:55.260  8134  8134 V GraphicsEnvironment: com.negi.survey is not listed in per-application setting
02-26 08:04:55.260  8134  8134 V GraphicsEnvironment: ANGLE allowlist from config: 
02-26 08:04:55.260  8134  8134 V GraphicsEnvironment: com.negi.survey is not listed in ANGLE allowlist or settings, returning default
02-26 08:04:55.260  8134  8134 V GraphicsEnvironment: App is not on the allowlist for updatable production driver.
02-26 08:04:55.282  8134  8134 D nativeloader: Load /data/app/~~eyfAPlqaYpSk7W6A5wiDGg==/com.negi.survey-hxyXdFENhS5XZqFpkhQO4A==/base.apk!/lib/arm64-v8a/liblitertlm_jni.so using class loader ns clns-9 (caller=/data/app/~~eyfAPlqaYpSk7W6A5wiDGg==/com.negi.survey-hxyXdFENhS5XZqFpkhQO4A==/base.apk!classes4.dex): ok
02-26 08:04:55.282  8134  8134 D SurveyApp: Loaded LiteRTLM JNI: litertlm_jni where=attachBaseContext
02-26 08:04:55.288  8134  8134 D AppRingLogStore: installed: dir=/data/user/0/com.negi.survey/files/diagnostics/applog_ring idx=0
02-26 08:04:55.289  8134  8134 D CrashCapture: install: ensured default handler. where=SurveyApp:attachBaseContext pid=8134 default=com.negi.survey.CrashCapture$CrashHandler@de535fb
02-26 08:04:55.289  8134  8134 D CrashCapture: install: ensured default handler. where=SurveyApp:onCreate(rewrap) pid=8134 default=com.negi.survey.CrashCapture$CrashHandler@de535fb
02-26 08:04:55.289  8134  8134 D CrashCapture: registerSelfHealing: ActivityLifecycleCallbacks registered. mode=onResumedOnly
02-26 08:04:55.291  8134  8188 D RuntimeLogStore: openWriter: start -> /data/user/0/com.negi.survey/files/diagnostics/runtime_logs/rtlog_20260226_160455_287_pid8134_seq1.log (bytes=0 format=LEGACY)
--------- beginning of system
02-26 08:04:55.291  8134  8134 D ActivityThread: com.negi.survey will use render engine as VK
02-26 08:04:55.292  8134  8134 D HWUI    : HWUI - treat SMPTE_170M as sRGB
02-26 08:04:55.293  8134  8188 D RuntimeLogStore: retention: start files=2 kept=2 totalBytes=165394
02-26 08:04:55.293  8134  8196 I DisplayManager: Choreographer implicitly registered for the refresh rate.
02-26 08:04:55.293  8134  8196 D HWUI    : CacheManager constructor. deviceInfo=(1080, 1920)
02-26 08:04:55.293  8134  8196 D vulkan  : searching for layers in '/data/app/~~eyfAPlqaYpSk7W6A5wiDGg==/com.negi.survey-hxyXdFENhS5XZqFpkhQO4A==/lib/arm64'
02-26 08:04:55.293  8134  8196 D vulkan  : searching for layers in '/data/app/~~eyfAPlqaYpSk7W6A5wiDGg==/com.negi.survey-hxyXdFENhS5XZqFpkhQO4A==/base.apk!/lib/arm64-v8a'
02-26 08:04:55.299  8134  8196 E Adreno-AppProfiles: QSPM AIDL service doesn't exist
02-26 08:04:55.299  8134  8196 I AdrenoVK-0: ===== BEGIN DUMP OF OVERRIDDEN SETTINGS =====
02-26 08:04:55.299  8134  8196 I AdrenoVK-0: ===== END DUMP OF OVERRIDDEN SETTINGS =====
02-26 08:04:55.301  8134  8196 D qdgralloc: Fetching IMapper5 from QtiMapper5
02-26 08:04:55.305  8134  8196 I SnapAlloc: Graphics lib is available
02-26 08:04:55.308  8134  8196 I Adreno-UNKNOWN: Using previously loaded IMapper library.
02-26 08:04:55.309  8134  8134 E ashmem  : Pinning is deprecated since Android Q. Please use trim or other methods.
02-26 08:04:55.309  8134  8196 I AdrenoVK-0: QUALCOMM build          : e4a2ccdb56, Icac6f3510c
02-26 08:04:55.309  8134  8196 I AdrenoVK-0: Build Date              : 07/21/25
02-26 08:04:55.309  8134  8196 I AdrenoVK-0: Shader Compiler Version : E031.47.18.36
02-26 08:04:55.309  8134  8196 I AdrenoVK-0: Local Branch            : 
02-26 08:04:55.309  8134  8196 I AdrenoVK-0: Remote Branch           : refs/tags/AU_LINUX_ANDROID_LA.VENDOR.15.4.0.11.00.00.1088.743
02-26 08:04:55.309  8134  8196 I AdrenoVK-0: Remote Branch           : NONE
02-26 08:04:55.309  8134  8196 I AdrenoVK-0: Reconstruct Branch      : NOTHING
02-26 08:04:55.309  8134  8196 I AdrenoVK-0: Build Config            : S P 18.0.0 AArch64
02-26 08:04:55.310  8134  8196 I AdrenoVK-0: Driver Path             : /vendor/lib64/hw/vulkan.adreno.so
02-26 08:04:55.310  8134  8196 I AdrenoVK-0: Driver Version          : 0800.40.1
02-26 08:04:55.310  8134  8196 I AdrenoVK-0: PFP                     : 0x01500077
02-26 08:04:55.310  8134  8196 I AdrenoVK-0: ME                      : 0x01500014
02-26 08:04:55.310  8134  8196 I AdrenoVK-0: Application Name    : android framework
02-26 08:04:55.310  8134  8196 I AdrenoVK-0: Application Version : 0x00000000
02-26 08:04:55.310  8134  8196 I AdrenoVK-0: Engine Name         : android framework
02-26 08:04:55.310  8134  8196 I AdrenoVK-0: Engine Version      : 0x00000000
02-26 08:04:55.310  8134  8196 I AdrenoVK-0: Api Version         : 0x00401000
02-26 08:04:55.314  8134  8134 D CompatChangeReporter: Compat change id reported: 377864165; UID 10389; state: ENABLED
02-26 08:04:55.315  8134  8134 D DesktopModeFlags: Toggle override initialized to: OVERRIDE_UNSET
02-26 08:04:55.316  8134  8134 I DecorView: setWindowBackground: isPopOver=false color=fffafafa d=android.graphics.drawable.ColorDrawable@df9078c
02-26 08:04:55.316  8134  8134 D PhoneWindow: forceLight changed to false [] from com.android.internal.policy.PhoneWindow.updateForceLightNavigationBar:4584 com.android.internal.policy.PhoneWindow.setNavigationBarColor:4275 androidx.activity.EdgeToEdgeApi35.setUp:343 androidx.activity.EdgeToEdge.enable:100 com.negi.survey.MainActivity.configureEdgeToEdge:224 
02-26 08:04:55.323  8134  8134 D CrashCapture: install: ensured default handler. where=selfHeal:onActivityResumed pid=8134 default=com.negi.survey.CrashCapture$CrashHandler@de535fb
02-26 08:04:55.325  8134  8134 D ViewRootImpl: desktopMode is false
02-26 08:04:55.325  8134  8134 I ViewRootImpl: dVRR is disabled
02-26 08:04:55.325  8134  8134 D HardwareRenderer: onDisplayChanged. displayId=0 current wxh=1080x2340 mLargest wxh=0x0
02-26 08:04:55.325  8134  8134 D HardwareRenderer: Set largestWidth and largestHeight as logical resolution. (1080x2340)
02-26 08:04:55.325  8134  8196 D HWUI    : setMaxSurfaceArea requested wxh=(1080,2340) requestedSurfaceArea(2527200) mMaxSurfaceArea(2073600)
02-26 08:04:55.326  8134  8196 D NativeCustomFrequencyManager: [NativeCFMS] BpCustomFrequencyManager::BpCustomFrequencyManager()
02-26 08:04:55.328  8134  8134 D InputTransport: Input channel constructed: 'c81df8a', fd=109
02-26 08:04:55.329  8134  8134 I InsetsController: onStateChanged: host=com.negi.survey/com.negi.survey.MainActivity, from=android.view.ViewRootImpl.onInsetsStateChanged:3026, state=InsetsState: {mDisplayFrame=Rect(0, 0 - 1080, 2340), mDisplayCutout=DisplayCutout{insets=Rect(0, 91 - 0, 0) waterfall=Insets{left=0, top=0, right=0, bottom=0} boundingRect={Bounds=[Rect(0, 0 - 0, 0), Rect(511, 0 - 569, 91), Rect(0, 0 - 0, 0), Rect(0, 0 - 0, 0)]} cutoutPathParserInfo={CutoutPathParserInfo{displayWidth=1080 displayHeight=2340 physicalDisplayWidth=1080 physicalDisplayHeight=2340 density={3.0} cutoutSpec={M 0,0 H -9.666666666666667 V 30.33333333333333 H 9.666666666666667 V 0 H 0 Z @dp} rotation={0} scale={1.0} physicalPixelDisplaySizeRatio={1.0}}} sideOverrides={}}, mRoundedCorners=RoundedCorners{[RoundedCorner{position=TopLeft, radius=102, center=Point(102, 102)}, RoundedCorner{position=TopRight, radius=102, center=Point(978, 102)}, RoundedCorner{position=BottomRight, radius=102, center=Point(978, 2238)}, RoundedCorner{position=BottomLeft, radius=102, center=Point(102, 2238)}]}  mRoundedCornerFrame=Rect(0, 0 - 1080, 2340), mPrivacyIndicatorBounds=PrivacyIndicatorBounds {static bounds=Rect(948, 0 - 1080, 91) rotation=0}, mDisplayShape=DisplayShape{ spec=-311912193 displayWidth=1080 displayHeight=2340 physicalPixelDisplaySizeRatio=1.0 rotation=0 offsetX=0 offsetY=0 scale=1.0}, mSources= { InsetsSource: {b0180000 mType=statusBars mFrame=[0,0][1080,91] mVisible=true mFlags= mSideHint=TOP mBoundingRects=null}, InsetsSource: {b0180005 mType=mandatorySystemGestures mFrame=[0,0][1080,127] mVisible=true mFlags= mSideHint=TOP mBoundingRects=null}, InsetsSource: {b0180006 mType=tappableElement mFrame=[0,0][1080,91] mVisible=true mFlags= mSideHint=TOP mBoundingRects=null}, InsetsSource: {3 mType=ime mFrame=[0,0][0,0] mVisible=false mFlags= mSideHint=NONE mBoundingRects=null}, InsetsSource: {27 mType=displayCutout mFrame=[0,0][1080,91] mVisible=true mFlags= mSideHint=TOP mBoundingRects=null}, InsetsSource: {45c50001 mType=navigationBars mFrame=[0,2196][1080,2340] mVisible=false mFlags= mSideHint=BOTTOM mBoundingRects=null}, InsetsSource: {45c50004 mType=systemGestures mFrame=[0,0][0,0] mVisible=true mFlags= mSideHint=NONE mBoundingRects=null}, InsetsSource: {45c50005 mType=mandatorySystemGestures mFrame=[0,2196][1080,2340] mVisible=true mFlags= mSideHint=BOTTOM mBoundingRects=null}, InsetsSource: {45c50006 mType=tappableElement mFrame=[0,2196][1080,2340] mVisible=true mFlags= mSideHint=BOTTOM mBoundingRects=null}, InsetsSource: {45c50024 mType=systemGestures mFrame=[0,0][0,0] mVisible=true mFlags= mSideHint=NONE mBoundingRects=null} }
02-26 08:04:55.329  8134  8134 I VRI[MainActivity]@3938c6d: synced displayState. AttachInfo displayState=1
02-26 08:04:55.329  8134  8134 I VRI[MainActivity]@3938c6d: setView = com.android.internal.policy.DecorView@6698269 IsHRR=false mFlingFrameRateChange=0 TM=true
02-26 08:04:55.329  8134  8134 I IDS_TAG : Starting IDS observe window
02-26 08:04:55.329  8134  8134 I IDS_TAG : Getting Shared Preference for com.negi.survey.SurveyApp@520bc4 uid = 10389
02-26 08:04:55.331  8134  8134 I IDS_TAG : App com.negi.survey.SurveyApp@520bc4 has not finished training
02-26 08:04:55.331  8134  8196 D HWUI    : CacheManager::trimMemory(20)
02-26 08:04:55.332  8134  8196 D HWUI    : HWUI - treat SMPTE_170M as sRGB
02-26 08:04:55.332  8134  8134 I IDS_TAG : Closing IDS observe window
02-26 08:04:55.332  8134  8134 I IDS_TAG : Getting Shared Preference for com.negi.survey.SurveyApp@520bc4 uid = 10389
02-26 08:04:55.332  8134  8134 I IDS_TAG : IDS count updated to 2 for com.negi.survey.SurveyApp@520bc4
02-26 08:04:55.388  8134  8134 I VRI[MainActivity]@3938c6d: Relayout returned: old=(0,0,1080,2340) new=(0,0,1080,2340) relayoutAsync=false req=(1080,2340)8 dur=1 res=0x0 s={false 0x0} ch=false seqId=0
02-26 08:04:55.392  8134  8134 D VRI[MainActivity]@3938c6d: Not drawing due to not visible. Reason=!mAppVisible && !mForceDecorViewVisibility
02-26 08:04:55.392  8134  8134 I VRI[MainActivity]@3938c6d: stopped(true) old = false
02-26 08:04:55.392  8134  8134 D VRI[MainActivity]@3938c6d: WindowStopped on com.negi.survey/com.negi.survey.MainActivity set to true
02-26 08:04:55.392  8134  8196 D HWUI    : CacheManager::trimMemory(20)
02-26 08:04:55.393  8134  8134 I AutofillManager: onInvisibleForAutofill(): expiringResponse
02-26 08:04:55.398  8134  8221 D SurveyConfigLoader: fromString -> format=YAML, reason=file extension .yml/.yaml, firstLine='graph:', leading='graph:\n  startId: Start\n  node...' file='survey_config_sw_20.yaml'
02-26 08:04:55.424  8134  8221 D SurveyConfigLoader: fromString loaded (survey_config_sw_20.yaml): legacy=0(one=0,inline2=0) splitEval=6 splitFollow=6 followMode=JSON legacyIds=[-] evalIds=[Q1,Q2,Q3,Q4,Q5,Q6] followIds=[Q1,Q2,Q3,Q4,Q5,Q6]
02-26 08:04:55.425  8134  8221 D SurveyConfigLoader: SurveyConfigDump(legacy=0(one=0,inline2=0) splitEval=6 splitFollow=6 followMode=JSON legacyIds=[-] evalIds=[Q1,Q2,Q3,Q4,Q5,Q6] followIds=[Q1,Q2,Q3,Q4,Q5,Q6])
02-26 08:04:55.425  8134  8221 D SurveyConfigLoader: System(oneStep,len=521): Wewe ni mtaalamu mashuhuri wa tafiti za wakulima. Soma Swali na Jibu.\nScoring rule: Judge ONLY content relevance/completeness/accuracy. Do NOT penalize style or formatting.\nSTRICT OUTPUT (NO MARKDOWN):\n- If the task is EVAL: output RAW JSON only, ONE LINE.\n  - Use COMPACT JSON (no spaces around ':' and ',').\n  - N...(truncated)
02-26 08:04:55.425  8134  8221 D SurveyConfigLoader: System(eval,len=1136): Wewe ni mtaalamu mashuhuri wa tafiti za wakulima. Soma Swali na Jibu.\nOUTPUT FORMAT:\n- In Swahili.\n- Keys exactly:\n  • "analysis": short string\n  • "weakness": short string\n  • "followup_needed": boolean\n  • "followup_target": short string\n  • "score": integer 1–100\n\nRULES:\n- Judge ONLY content relevance/com...(truncated)
02-26 08:04:55.425  8134  8221 D SurveyConfigLoader: System(followup,len=1036): Wewe ni mtaalamu mashuhuri wa tafiti za wakulima. Soma Swali na Jibu.\nOUTPUT FORMAT:\n- In Swahili.\n- Return ONLY the follow-up question as plain text on ONE LINE.\n- Do NOT output JSON.\n- Do NOT wrap the question in quotes.\n- No prefixes, no bullet points, no extra text.\n\nRULES:\n- Use ONLY the EVAL JSON input.\...(truncated)
02-26 08:04:55.425  8134  8221 D SurveyConfigLoader: AI coverage: Q1(one=false,two=true),Q2(one=false,two=true),Q3(one=false,two=true),Q4(one=false,two=true),Q5(one=false,two=true),Q6(one=false,two=true)
02-26 08:04:55.425  8134  8221 D SurveyConfigLoader: Loaded config (assets/survey_config_sw_20.yaml): legacy=0(one=0,inline2=0) splitEval=6 splitFollow=6 followMode=JSON legacyIds=[-] evalIds=[Q1,Q2,Q3,Q4,Q5,Q6] followIds=[Q1,Q2,Q3,Q4,Q5,Q6]
02-26 08:04:55.426  8134  8221 D SurveyConfigLoader: fromAssetsValidated -> issues=0 (legacy=0(one=0,inline2=0) splitEval=6 splitFollow=6 followMode=JSON legacyIds=[-] evalIds=[Q1,Q2,Q3,Q4,Q5,Q6] followIds=[Q1,Q2,Q3,Q4,Q5,Q6])
02-26 08:04:55.427  8134  8221 D SurveyConfigLoader: SurveyConfigDump(legacy=0(one=0,inline2=0) splitEval=6 splitFollow=6 followMode=JSON legacyIds=[-] evalIds=[Q1,Q2,Q3,Q4,Q5,Q6] followIds=[Q1,Q2,Q3,Q4,Q5,Q6])
02-26 08:04:55.427  8134  8221 D SurveyConfigLoader: System(oneStep,len=521): Wewe ni mtaalamu mashuhuri wa tafiti za wakulima. Soma Swali na Jibu.\nScoring rule: Judge ONLY content relevance/completeness/accuracy. Do NOT penalize style or formatting.\nSTRICT OUTPUT (NO MARKDOWN):\n- If the task is EVAL: output RAW JSON only, ONE LINE.\n  - Use COMPACT JSON (no spaces around ':' and ',').\n  - N...(truncated)
02-26 08:04:55.427  8134  8221 D SurveyConfigLoader: System(eval,len=1136): Wewe ni mtaalamu mashuhuri wa tafiti za wakulima. Soma Swali na Jibu.\nOUTPUT FORMAT:\n- In Swahili.\n- Keys exactly:\n  • "analysis": short string\n  • "weakness": short string\n  • "followup_needed": boolean\n  • "followup_target": short string\n  • "score": integer 1–100\n\nRULES:\n- Judge ONLY content relevance/com...(truncated)
02-26 08:04:55.427  8134  8221 D SurveyConfigLoader: System(followup,len=1036): Wewe ni mtaalamu mashuhuri wa tafiti za wakulima. Soma Swali na Jibu.\nOUTPUT FORMAT:\n- In Swahili.\n- Return ONLY the follow-up question as plain text on ONE LINE.\n- Do NOT output JSON.\n- Do NOT wrap the question in quotes.\n- No prefixes, no bullet points, no extra text.\n\nRULES:\n- Use ONLY the EVAL JSON input.\...(truncated)
02-26 08:04:55.427  8134  8221 D SurveyConfigLoader: AI coverage: Q1(one=false,two=true),Q2(one=false,two=true),Q3(one=false,two=true),Q4(one=false,two=true),Q5(one=false,two=true),Q6(one=false,two=true)
02-26 08:04:55.428  8134  8134 D MainActivity: Config loaded. session=survey_config_sw_20.yaml@5
02-26 08:04:55.435  8134  8134 D MainActivity: DownloadGate idle -> start download. session=survey_config_sw_20.yaml@5
02-26 08:04:55.455  8134  8223 I native  : I0000 00:00:1772121895.455438    8223 litert_lm_loader.cc:125] LitertLmLoader::Initialize
02-26 08:04:55.583  8134  8223 I native  : I0000 00:00:1772121895.582978    8223 litert_lm_loader.cc:148] mmap_status is ok
02-26 08:04:55.583  8134  8223 I native  : I0000 00:00:1772121895.583236    8223 litert_lm_loader.cc:154] status: OK
02-26 08:04:55.583  8134  8223 I native  : I0000 00:00:1772121895.583255    8223 litert_lm_loader.cc:155] major_version: 1
02-26 08:04:55.583  8134  8223 I native  : I0000 00:00:1772121895.583274    8223 litert_lm_loader.cc:156] minor_version: 4
02-26 08:04:55.583  8134  8223 I native  : I0000 00:00:1772121895.583289    8223 litert_lm_loader.cc:157] patch_version: 0
02-26 08:04:55.583  8134  8223 I native  : I0000 00:00:1772121895.583296    8223 litert_lm_loader.cc:208] section_index: 0
02-26 08:04:55.583  8134  8223 I native  : I0000 00:00:1772121895.583301    8223 litert_lm_loader.cc:209] section_data_type: LlmMetadataProto
02-26 08:04:55.583  8134  8223 I native  : I0000 00:00:1772121895.583306    8223 litert_lm_loader.cc:211] section_begin_offset: 16384
02-26 08:04:55.583  8134  8223 I native  : I0000 00:00:1772121895.583311    8223 litert_lm_loader.cc:212] section_end_offset: 19446
02-26 08:04:55.583  8134  8223 I native  : I0000 00:00:1772121895.583320    8223 litert_lm_loader.cc:208] section_index: 1
02-26 08:04:55.583  8134  8223 I native  : I0000 00:00:1772121895.583324    8223 litert_lm_loader.cc:209] section_data_type: SP_Tokenizer
02-26 08:04:55.583  8134  8223 I native  : I0000 00:00:1772121895.583328    8223 litert_lm_loader.cc:211] section_begin_offset: 32768
02-26 08:04:55.583  8134  8223 I native  : I0000 00:00:1772121895.583332    8223 litert_lm_loader.cc:212] section_end_offset: 4728788
02-26 08:04:55.583  8134  8223 I native  : I0000 00:00:1772121895.583504    8223 litert_lm_loader.cc:189] model_type: tf_lite_embedder
02-26 08:04:55.583  8134  8223 I native  : I0000 00:00:1772121895.583516    8223 litert_lm_loader.cc:208] section_index: 2
02-26 08:04:55.583  8134  8223 I native  : I0000 00:00:1772121895.583523    8223 litert_lm_loader.cc:209] section_data_type: TFLiteModel
02-26 08:04:55.583  8134  8223 I native  : I0000 00:00:1772121895.583528    8223 litert_lm_loader.cc:211] section_begin_offset: 4734976
02-26 08:04:55.583  8134  8223 I native  : I0000 00:00:1772121895.583532    8223 litert_lm_loader.cc:212] section_end_offset: 276320080
02-26 08:04:55.583  8134  8223 I native  : I0000 00:00:1772121895.583540    8223 litert_lm_loader.cc:189] model_type: tf_lite_per_layer_embedder
02-26 08:04:55.583  8134  8223 I native  : I0000 00:00:1772121895.583545    8223 litert_lm_loader.cc:208] section_index: 3
02-26 08:04:55.583  8134  8223 I native  : I0000 00:00:1772121895.583554    8223 litert_lm_loader.cc:209] section_data_type: TFLiteModel
02-26 08:04:55.583  8134  8223 I native  : I0000 00:00:1772121895.583558    8223 litert_lm_loader.cc:211] section_begin_offset: 276332544
02-26 08:04:55.583  8134  8223 I native  : I0000 00:00:1772121895.583561    8223 litert_lm_loader.cc:212] section_end_offset: 1560854672
02-26 08:04:55.583  8134  8223 I native  : I0000 00:00:1772121895.583569    8223 litert_lm_loader.cc:189] model_type: tf_lite_audio_encoder_hw
02-26 08:04:55.583  8134  8223 I native  : I0000 00:00:1772121895.583574    8223 litert_lm_loader.cc:202] section_backend_constraint: cpu
02-26 08:04:55.583  8134  8223 I native  : I0000 00:00:1772121895.583578    8223 litert_lm_loader.cc:208] section_index: 4
02-26 08:04:55.583  8134  8223 I native  : I0000 00:00:1772121895.583584    8223 litert_lm_loader.cc:209] section_data_type: TFLiteModel
02-26 08:04:55.583  8134  8223 I native  : I0000 00:00:1772121895.583588    8223 litert_lm_loader.cc:211] section_begin_offset: 1560870912
02-26 08:04:55.583  8134  8223 I native  : I0000 00:00:1772121895.583592    8223 litert_lm_loader.cc:212] section_end_offset: 2225535832
02-26 08:04:55.583  8134  8223 I native  : I0000 00:00:1772121895.583600    8223 litert_lm_loader.cc:189] model_type: tf_lite_audio_adapter
02-26 08:04:55.583  8134  8223 I native  : I0000 00:00:1772121895.583604    8223 litert_lm_loader.cc:202] section_backend_constraint: cpu
02-26 08:04:55.583  8134  8223 I native  : I0000 00:00:1772121895.583609    8223 litert_lm_loader.cc:208] section_index: 5
02-26 08:04:55.583  8134  8223 I native  : I0000 00:00:1772121895.583615    8223 litert_lm_loader.cc:209] section_data_type: TFLiteModel
02-26 08:04:55.583  8134  8223 I native  : I0000 00:00:1772121895.583619    8223 litert_lm_loader.cc:211] section_begin_offset: 2225537024
02-26 08:04:55.583  8134  8223 I native  : I0000 00:00:1772121895.583622    8223 litert_lm_loader.cc:212] section_end_offset: 2238132084
02-26 08:04:55.583  8134  8223 I native  : I0000 00:00:1772121895.583630    8223 litert_lm_loader.cc:189] model_type: tf_lite_end_of_audio
02-26 08:04:55.583  8134  8223 I native  : I0000 00:00:1772121895.583634    8223 litert_lm_loader.cc:208] section_index: 6
02-26 08:04:55.583  8134  8223 I native  : I0000 00:00:1772121895.583638    8223 litert_lm_loader.cc:209] section_data_type: TFLiteModel
02-26 08:04:55.583  8134  8223 I native  : I0000 00:00:1772121895.583646    8223 litert_lm_loader.cc:211] section_begin_offset: 2238136320
02-26 08:04:55.583  8134  8223 I native  : I0000 00:00:1772121895.583650    8223 litert_lm_loader.cc:212] section_end_offset: 2238145140
02-26 08:04:55.583  8134  8223 I native  : I0000 00:00:1772121895.583654    8223 litert_lm_loader.cc:189] model_type: tf_lite_vision_adapter
02-26 08:04:55.583  8134  8223 I native  : I0000 00:00:1772121895.583664    8223 litert_lm_loader.cc:202] section_backend_constraint: cpu
02-26 08:04:55.583  8134  8223 I native  : I0000 00:00:1772121895.583667    8223 litert_lm_loader.cc:208] section_index: 7
02-26 08:04:55.583  8134  8223 I native  : I0000 00:00:1772121895.583671    8223 litert_lm_loader.cc:209] section_data_type: TFLiteModel
02-26 08:04:55.583  8134  8223 I native  : I0000 00:00:1772121895.583693    8223 litert_lm_loader.cc:211] section_begin_offset: 2238152704
02-26 08:04:55.583  8134  8223 I native  : I0000 00:00:1772121895.583697    8223 litert_lm_loader.cc:212] section_end_offset: 2256007332
02-26 08:04:55.583  8134  8223 I native  : I0000 00:00:1772121895.583704    8223 litert_lm_loader.cc:189] model_type: tf_lite_vision_encoder
02-26 08:04:55.583  8134  8223 I native  : I0000 00:00:1772121895.583709    8223 litert_lm_loader.cc:202] section_backend_constraint: gpu
02-26 08:04:55.583  8134  8223 I native  : I0000 00:00:1772121895.583713    8223 litert_lm_loader.cc:208] section_index: 8
02-26 08:04:55.583  8134  8223 I native  : I0000 00:00:1772121895.583719    8223 litert_lm_loader.cc:209] section_data_type: TFLiteModel
02-26 08:04:55.583  8134  8223 I native  : I0000 00:00:1772121895.583723    8223 litert_lm_loader.cc:211] section_begin_offset: 2256011264
02-26 08:04:55.583  8134  8223 I native  : I0000 00:00:1772121895.583727    8223 litert_lm_loader.cc:212] section_end_offset: 2408748152
02-26 08:04:55.583  8134  8223 I native  : I0000 00:00:1772121895.583735    8223 litert_lm_loader.cc:189] model_type: tf_lite_prefill_decode
02-26 08:04:55.583  8134  8223 I native  : I0000 00:00:1772121895.583739    8223 litert_lm_loader.cc:202] section_backend_constraint: cpu,gpu
02-26 08:04:55.583  8134  8223 I native  : I0000 00:00:1772121895.583742    8223 litert_lm_loader.cc:208] section_index: 9
02-26 08:04:55.583  8134  8223 I native  : I0000 00:00:1772121895.583751    8223 litert_lm_loader.cc:209] section_data_type: TFLiteModel
02-26 08:04:55.583  8134  8223 I native  : I0000 00:00:1772121895.583754    8223 litert_lm_loader.cc:211] section_begin_offset: 2408759296
02-26 08:04:55.583  8134  8223 I native  : I0000 00:00:1772121895.583758    8223 litert_lm_loader.cc:212] section_end_offset: 4919525632
02-26 08:04:55.683  8134  8223 I native  : I0000 00:00:1772121895.683415    8223 engine_settings.cc:95] The Main backend constraint is matched: GPU
02-26 08:04:55.684  8134  8223 I native  : I0000 00:00:1772121895.683481    8223 engine_settings.cc:290] The validated engine settings: EngineSettings: 
02-26 08:04:55.684  8134  8223 I native  :   MainExecutorSettings: backend: GPU
02-26 08:04:55.684  8134  8223 I native  : backend_config:
02-26 08:04:55.684  8134  8223 I native  : max_top_k: 1
02-26 08:04:55.684  8134  8223 I native  : 
02-26 08:04:55.684  8134  8223 I native  : max_tokens: 4096
02-26 08:04:55.684  8134  8223 I native  : activation_data_type: Not set
02-26 08:04:55.684  8134  8223 I native  : max_num_images: 0
02-26 08:04:55.684  8134  8223 I native  : lora_rank: 0
02-26 08:04:55.684  8134  8223 I native  : cache_dir: /data/user/0/com.negi.survey/no_backup/litertlm_cache/38ee02279954774b94ec113b62b8169a30d6fd48
02-26 08:04:55.684  8134  8223 I native  : cache_file: Not set
02-26 08:04:55.684  8134  8223 I native  : litert_dispatch_lib_dir: Not set
02-26 08:04:55.684  8134  8223 I native  : model_assets: model_path: /data/user/0/com.negi.survey/files/gemma-3n-E4B-it-int4.litertlm
02-26 08:04:55.684  8134  8223 I native  : fake_weights_mode: FAKE_WEIGHTS_NONE
02-26 08:04:55.684  8134  8223 I native  : 
02-26 08:04:55.684  8134  8223 I native  : advanced_settings: prefill_batch_sizes: []
02-26 08:04:55.684  8134  8223 I native  : num_output_candidates: 1
02-26 08:04:55.684  8134  8223 I native  : configure_magic_numbers: true
02-26 08:04:55.684  8134  8223 I native  : verify_magic_numbers: false
02-26 08:04:55.684  8134  8223 I native  : clear_kv_cache_before_prefill: true
02-26 08:04:55.684  8134  8223 I native  : num_logits_to_print_after_decode: 0
02-26 08:04:55.684  8134  8223 I native  : gpu_madvise_original_shared_tensors: true
02-26 08:04:55.684  8134  8223 I native  : is_benchmark: false
02-26 08:04:55.684  8134  8223 I native  : preferred_device_substr: 
02-26 08:04:55.684  8134  8223 I native  : num_threads_to_upload: -1
02-26 08:04:55.684  8134  8223 I native  : num_threads_to_compile: -1
02-26 08:04:55.684  8134  8223 I native  : convert_weights_on_gpu: true
02-26 08:04:55.684  8134  8223 I native  : optimize_shader_compilation: true
02-26 08:04:55.684  8134  8223 I native  : share_constant_tensors: true
02-26 08:04:55.684  8134  8223 I native  : sampler_handles_input: true
02-26 08:04:55.684  8134  8223 I native  : allow_src_quantized_fc_conv_ops: true
02-26 08:04:55.684  8134  8223 I native  : 
02-26 08:04:55.684  8134  8223 I native  :   LlmMetadata: MessageLite at 0x774c0692e0  BenchmarkParams: Not set
02-26 08:04:55.684  8134  8223 I native  :   VisionExecutorSettings: Not set
02-26 08:04:55.684  8134  8223 I native  :   AudioExecutorSettings: Not set
02-26 08:04:55.684  8134  8223 I native  : I0000 00:00:1772121895.684526    8223 model_resources_litert_lm.cc:67] model_type: TF_LITE_PREFILL_DECODE
02-26 08:04:55.684  8134  8223 I native  : I0000 00:00:1772121895.684543    8223 model_resources_litert_lm.cc:68] litert model size: 2510766336
02-26 08:04:56.047  8134  8223 I litert  : [environment.cc:29] Creating LiteRT environment with options
02-26 08:04:56.047  8134  8223 W litert  : [auto_registration.cc:158] NPU accelerator could not be loaded and registered: kLiteRtStatusErrorInvalidArgument.
02-26 08:04:56.047  8134  8223 I litert  : [accelerator_registry.cc:52] RegisterAccelerator: ptr=0xb40000787675d550, name=LiteRT GPU
02-26 08:04:56.047  8134  8223 I litert  : [auto_registration.cc:223] Statically linked GPU accelerator registered.
02-26 08:04:56.047  8134  8223 I litert  : [accelerator_registry.cc:52] RegisterAccelerator: ptr=0xb40000787675b6b0, name=CpuAccelerator
02-26 08:04:56.047  8134  8223 I litert  : [auto_registration.cc:275] CPU accelerator registered.
02-26 08:04:56.048  8134  8223 I native  : I0000 00:00:1772121896.048279    8223 llm_litert_compiled_model_executor.cc:1978] Setting serialization dir: /data/user/0/com.negi.survey/no_backup/litertlm_cache/38ee02279954774b94ec113b62b8169a30d6fd48
02-26 08:04:56.048  8134  8223 I litert  : [compiled_model.cc:552] Flatbuffer model initialized directly from incoming litert model.
02-26 08:04:56.052  8134  8223 I tflite  : Initialized TensorFlow Lite runtime.
02-26 08:04:56.093  8134  8223 W libc    : Access denied finding property "ro.mediatek.platform"
02-26 08:04:56.199  8134  8223 E Adreno-AppProfiles: QSPM AIDL service doesn't exist
02-26 08:04:56.257  8134  8223 I AdrenoGLES-0: QUALCOMM build                   : e4a2ccdb56, Icac6f3510c
02-26 08:04:56.257  8134  8223 I AdrenoGLES-0: Build Date                       : 07/21/25
02-26 08:04:56.257  8134  8223 I AdrenoGLES-0: OpenGL ES Shader Compiler Version: E031.47.18.36
02-26 08:04:56.257  8134  8223 I AdrenoGLES-0: Local Branch                     : 
02-26 08:04:56.257  8134  8223 I AdrenoGLES-0: Remote Branch                    : refs/tags/AU_LINUX_ANDROID_LA.VENDOR.15.4.0.11.00.00.1088.743
02-26 08:04:56.257  8134  8223 I AdrenoGLES-0: Remote Branch                    : NONE
02-26 08:04:56.257  8134  8223 I AdrenoGLES-0: Reconstruct Branch               : NOTHING
02-26 08:04:56.257  8134  8223 I AdrenoGLES-0: Build Config                     : S P 18.0.0 AArch64
02-26 08:04:56.257  8134  8223 I AdrenoGLES-0: Driver Path                      : /vendor/lib64/egl/libGLESv2_adreno.so
02-26 08:04:56.257  8134  8223 I AdrenoGLES-0: Driver Version                   : 0800.40.1
02-26 08:04:56.257  8134  8223 I AdrenoGLES-0: Process Name                     : com.negi.survey
02-26 08:04:56.261  8134  8223 I AdrenoGLES-0: PFP: 0x01500077, ME: 0x01500014
02-26 08:04:56.262  8134  8223 E Adreno-AppProfiles: QSPM AIDL service doesn't exist
02-26 08:04:56.263  8134  8223 I AdrenoUtils: <ReadGpuID:366>: Reading chip ID through GSL
02-26 08:04:56.265  8134  8223 E libEGL  : call to OpenGL ES API with no current context (logged once per thread)
02-26 08:04:56.273  8134  8223 I litert  : [environment.cc:40] Adding options to the existing LiteRT environment
02-26 08:04:56.273  8134  8223 I tflite  : Loaded OpenCL library with dlopen.
02-26 08:04:56.274  8134  8223 I litert  : [gpu_environment.cc:223] Created OpenCL device from provided device id and platform id.
02-26 08:04:56.283  8134  8223 I litert  : [gpu_environment.cc:286] Reusing provided EGL environment.
02-26 08:04:56.283  8134  8223 I litert  : [gpu_environment.h:150] Created LiteRT GpuEnvironment.
02-26 08:04:56.317  8134  8223 I tflite  : Replacing 3326 out of 3326 node(s) with delegate (LITERT_CL) node, yielding 1 partitions for subgraph 0.
02-26 08:04:57.798  8134  8134 D WM-PackageManagerHelper: Skipping component enablement for androidx.work.impl.background.systemjob.SystemJobService
02-26 08:04:57.798  8134  8134 D WM-Schedulers: Created SystemJobScheduler and enabled SystemJobService
02-26 08:04:57.799  8134  8283 D WM-ForceStopRunnable: Is default app process = true
02-26 08:04:57.800  8134  8283 D WM-ForceStopRunnable: Performing cleanup operations.
02-26 08:04:57.813  8134  8134 D github_upload: choosePolicy: uniqueName=upload_runtime_logs_startup policy=REPLACE states=[]
02-26 08:04:57.813  8134  8134 D github_upload: enqueueStartupRuntimeLogsUpload: uniqueName=upload_runtime_logs_startup policy=REPLACE
02-26 08:04:57.819  8134  8283 D WM-SystemJobScheduler: Scheduling work ID 6182871b-c8e8-40f7-b2e6-97ec253064b0Job ID 2
02-26 08:04:57.822  8134  8283 D WM-GreedyScheduler: Starting tracking for 6182871b-c8e8-40f7-b2e6-97ec253064b0
02-26 08:04:57.823  8134  8134 D github_upload: choosePolicy: uniqueName=upload_ring_logs_startup policy=REPLACE states=[]
02-26 08:04:57.824  8134  8134 D github_upload: enqueueStartupRingLogsUpload: uniqueName=upload_ring_logs_startup policy=REPLACE
02-26 08:04:57.824  8134  8288 D CrashCapture: enqueuePendingCrashUploadsIfPossible enter where=SurveyApp:enqueuePending(immediate):bg pid=8134 thread=CrashCapture-Enqueue
02-26 08:04:57.824  8134  8134 D WM-SystemJobService: onStartJob for WorkGenerationalId(workSpecId=6182871b-c8e8-40f7-b2e6-97ec253064b0, generation=0)
02-26 08:04:57.829  8134  8283 D WM-SystemJobScheduler: Scheduling work ID 0fd7a48f-30d5-45d6-bf9f-17de85a22346Job ID 3
02-26 08:04:57.831  8134  8134 D WM-SystemJobService: onStartJob for WorkGenerationalId(workSpecId=0fd7a48f-30d5-45d6-bf9f-17de85a22346, generation=0)
02-26 08:04:57.831  8134  8283 D WM-GreedyScheduler: Starting tracking for 0fd7a48f-30d5-45d6-bf9f-17de85a22346,6182871b-c8e8-40f7-b2e6-97ec253064b0
02-26 08:04:57.833  8134  8283 D WM-PackageManagerHelper: androidx.work.impl.background.systemalarm.RescheduleReceiver enabled
02-26 08:04:57.834  8134  8283 D WM-Processor: Processor: processing WorkGenerationalId(workSpecId=6182871b-c8e8-40f7-b2e6-97ec253064b0, generation=0)
02-26 08:04:57.835  8134  8283 D WM-Processor: Processor: processing WorkGenerationalId(workSpecId=0fd7a48f-30d5-45d6-bf9f-17de85a22346, generation=0)
02-26 08:04:57.836  8134  8283 D WM-ConstraintTracker: NetworkStateTracker24: initial state = NetworkState(isConnected=true, isValidated=true, isMetered=false, isNotRoaming=true, isBlocked=false)
02-26 08:04:57.836  8134  8283 D WM-NetworkStateTracker: Registering network callback
02-26 08:04:57.837  8134  8283 D ConnectivityManager: StackLog: [android.net.ConnectivityManager.sendRequestForNetwork(ConnectivityManager.java:4744)] [android.net.ConnectivityManager.registerDefaultNetworkCallbackForUid(ConnectivityManager.java:5469)] [android.net.ConnectivityManager.registerDefaultNetworkCallback(ConnectivityManager.java:5436)] [android.net.ConnectivityManager.registerDefaultNetworkCallback(ConnectivityManager.java:5410)] [androidx.work.impl.utils.NetworkApi24.registerDefaultNetworkCallbackCompat(NetworkApi24.kt:26)] [androidx.work.impl.constraints.trackers.NetworkStateTracker24.startTracking(NetworkStateTracker.kt:215)] [androidx.work.impl.constraints.trackers.ConstraintTracker.addListener(ConstraintTracker.kt:51)] [androidx.work.impl.constraints.controllers.BaseConstraintController$track$1.invokeSuspend(ContraintControllers.kt:62)] [androidx.work.impl.constraints.controllers.BaseConstraintController$track$1.invoke(Unknown Source:8)] [androidx.work.impl.constraints.controllers.BaseConstraintController$track$1.invoke(Unknown Source:4)] [kotlinx.coroutines.flow.ChannelFlowBuilder.collectTo$suspendImpl(Builders.kt:316)] [kotlinx.coroutines.flow.ChannelFlowBuilder.collectTo(Unknown Source:0)] [kotlinx.coroutines.flow.CallbackFlowBuilder.collectTo(Builders.kt:330)] [kotlinx.coroutines.flow.internal.ChannelFlow$collectToFun$1.invokeSuspend(ChannelFlow.kt:56)] [kotlin.coroutines.jvm.internal.BaseContinuationImpl.resumeWith(ContinuationImpl.kt:34)] [kotlinx.coroutines.DispatchedTask.run(DispatchedTask.kt:100)] [androidx.work.impl.utils.SerialExecutorImpl$Task.run(SerialExecutorImpl.java:96)] [java.util.concurrent.ThreadPoolExecutor.runWorker(ThreadPoolExecutor.java:1154)] [java.util.concurrent.ThreadPoolExecutor$Worker.run(ThreadPoolExecutor.java:652)] [java.lang.Thread.run(Thread.java:1564)]
02-26 08:04:57.839  8134  8291 D WM-NetworkStateTracker: Network capabilities changed: [ Transports: WIFI Capabilities: NOT_METERED&INTERNET&NOT_RESTRICTED&TRUSTED&NOT_VPN&VALIDATED&NOT_ROAMING&FOREGROUND&NOT_CONGESTED&NOT_SUSPENDED&NOT_VCN_MANAGED&NOT_BANDWIDTH_CONSTRAINED LinkUpBandwidth>=4172Kbps LinkDnBandwidth>=190035Kbps TransportInfo: <SSID: <unknown ssid>, BSSID: 02:00:00:00:00:00, MAC: 02:00:00:00:00:00, IP: /192.168.1.137, Security type: 4, Supplicant state: COMPLETED, Wi-Fi standard: 11ax, RSSI: -65, Link speed: 206Mbps, Tx Link speed: 206Mbps, Max Supported Tx Link speed: 573Mbps, Rx Link speed: 229Mbps, Max Supported Rx Link speed: 573Mbps, Frequency: 5180MHz, Net ID: -1, Metered hint: false, score: 60, isUsable: true, CarrierMerged: false, SubscriptionId: -1, IsPrimary: -1, Trusted: true, Restricted: false, Ephemeral: false, OEM paid: false, OEM private: false, OSU AP: false, FQDN: <none>, Provider friendly name: <none>, Requesting package name: <none><none>MLO Information: , Is TID-To-Link negotiation supported by the AP: false, AP MLD Address: <none>, AP MLO Link Id: <none>, AP MLO Affiliated links: <none>, Vendor Data: <none>> SignalStrength: -65 UnderlyingNetworks: Null]
02-26 08:04:57.839  8134  8291 D WM-NetworkStateTracker: Network blocked status changed: false
02-26 08:04:57.840  8134  8134 D WM-WorkerWrapper: Starting work for com.negi.survey.net.GitHubUploadWorker
02-26 08:04:57.842  8134  8134 D WM-WorkerWrapper: Starting work for com.negi.survey.net.GitHubUploadWorker
02-26 08:04:57.842  8134  8283 I WM-Processor: Moving WorkSpec (6182871b-c8e8-40f7-b2e6-97ec253064b0) to the foreground
02-26 08:04:57.847  8134  8283 D WM-GreedyScheduler: Constraints met: Scheduling work ID WorkGenerationalId(workSpecId=6182871b-c8e8-40f7-b2e6-97ec253064b0, generation=0)
02-26 08:04:57.847  8134  8134 I WM-SystemFgDispatcher: Started foreground service Intent { act=ACTION_START_FOREGROUND xflg=0x4 cmp=com.negi.survey/androidx.work.impl.foreground.SystemForegroundService (has extras) }
02-26 08:04:57.847  8134  8134 D WM-SystemFgDispatcher: Notifying with (id:4457, workSpecId: 6182871b-c8e8-40f7-b2e6-97ec253064b0, notificationType :1)
02-26 08:04:57.847  8134  8283 I WM-Processor: Moving WorkSpec (0fd7a48f-30d5-45d6-bf9f-17de85a22346) to the foreground
02-26 08:04:57.849  8134  8134 D WM-SystemFgDispatcher: Notifying with (id:4457, workSpecId: 6182871b-c8e8-40f7-b2e6-97ec253064b0, notificationType :1)
02-26 08:04:57.849  8134  8134 I NotificationManager: com.negi.survey: notify(4457, null, Notification(channel=uploads shortcut=null contentView=null vibrate=null sound=null defaults=0 flags=ONGOING_EVENT|ONLY_ALERT_ONCE color=0x00000000 category=progress vis=PRIVATE semFlags=0x0 semPriority=0 semMissedCount=0)) as user
02-26 08:04:57.849  8134  8134 D NotificationManager: BOOTING pkg =com.negi.survey mBlockedChannelsForOverflowNoti=[]
02-26 08:04:57.850  8134  8134 I WM-SystemFgDispatcher: Started foreground service Intent { act=ACTION_START_FOREGROUND xflg=0x4 cmp=com.negi.survey/androidx.work.impl.foreground.SystemForegroundService (has extras) }
02-26 08:04:57.850  8134  8134 D WM-SystemFgDispatcher: Notifying with (id:8722, workSpecId: 0fd7a48f-30d5-45d6-bf9f-17de85a22346, notificationType :1)
02-26 08:04:57.850  8134  8283 D WM-Processor: Work WorkGenerationalId(workSpecId=6182871b-c8e8-40f7-b2e6-97ec253064b0, generation=0) is already enqueued for processing
02-26 08:04:57.850  8134  8134 I NotificationManager: com.negi.survey: notify(8722, null, Notification(channel=uploads shortcut=null contentView=null vibrate=null sound=null defaults=0 flags=ONGOING_EVENT|ONLY_ALERT_ONCE color=0x00000000 category=progress vis=PRIVATE semFlags=0x0 semPriority=0 semMissedCount=0)) as user
02-26 08:04:57.850  8134  8283 D WM-WorkProgressUpdater: Updating progress for 6182871b-c8e8-40f7-b2e6-97ec253064b0 (Data {pct : 3, mode : startup_runtime_logs})
02-26 08:04:57.851  8134  8134 D WM-SystemFgDispatcher: Notifying with (id:8722, workSpecId: 0fd7a48f-30d5-45d6-bf9f-17de85a22346, notificationType :1)
02-26 08:04:57.851  8134  8134 I NotificationManager: com.negi.survey: notify(8722, null, Notification(channel=uploads shortcut=null contentView=null vibrate=null sound=null defaults=0 flags=ONGOING_EVENT|ONLY_ALERT_ONCE color=0x00000000 category=progress vis=PRIVATE semFlags=0x0 semPriority=0 semMissedCount=0)) as user
02-26 08:04:57.852  8134  8283 I WM-Processor: Moving WorkSpec (6182871b-c8e8-40f7-b2e6-97ec253064b0) to the foreground
02-26 08:04:57.853  8134  8134 D WM-SystemFgDispatcher: Notifying with (id:4457, workSpecId: 6182871b-c8e8-40f7-b2e6-97ec253064b0, notificationType :1)
02-26 08:04:57.853  8134  8134 I NotificationManager: com.negi.survey: notify(4457, null, Notification(channel=uploads shortcut=null contentView=null vibrate=null sound=null defaults=0 flags=ONGOING_EVENT|ONLY_ALERT_ONCE color=0x00000000 category=progress vis=PRIVATE semFlags=0x0 semPriority=0 semMissedCount=0)) as user
02-26 08:04:57.853  8134  8283 D WM-WorkProgressUpdater: Updating progress for 0fd7a48f-30d5-45d6-bf9f-17de85a22346 (Data {pct : 3, mode : startup_ring_logs})
02-26 08:04:57.854  8134  8283 I WM-Processor: Moving WorkSpec (0fd7a48f-30d5-45d6-bf9f-17de85a22346) to the foreground
02-26 08:04:57.854  8134  8134 D WM-SystemFgDispatcher: Notifying with (id:8722, workSpecId: 0fd7a48f-30d5-45d6-bf9f-17de85a22346, notificationType :1)
02-26 08:04:57.854  8134  8134 I NotificationManager: com.negi.survey: notify(8722, null, Notification(channel=uploads shortcut=null contentView=null vibrate=null sound=null defaults=0 flags=ONGOING_EVENT|ONLY_ALERT_ONCE color=0x00000000 category=progress vis=PRIVATE semFlags=0x0 semPriority=0 semMissedCount=0)) as user
02-26 08:04:57.854  8134  8283 D WM-GreedyScheduler: Constraints met: Scheduling work ID WorkGenerationalId(workSpecId=0fd7a48f-30d5-45d6-bf9f-17de85a22346, generation=0)
02-26 08:04:57.855  8134  8283 D WM-Processor: Work WorkGenerationalId(workSpecId=0fd7a48f-30d5-45d6-bf9f-17de85a22346, generation=0) is already enqueued for processing
02-26 08:04:57.858  8134  8153 W com.negi.survey: userfaultfd: MOVE ioctl seems unsupported: Connection timed out
