=== Previous Session Logcat ===
captured_time_utc=20260309_170552
captured_time_local=20260309_100552
marker=2026-03-04 16:27:07.246
preferred_prev_pid=-1
note=best-effort; buffers may be overwritten before next start
sdk=36
device=samsung SM-S931U1
appId=com.negi.survey
versionName=v1.0.0-20260223-224759
versionCode=21

=== Logcat (since marker) ===
--------- beginning of main
03-09 10:05:50.306 16560 16560 I com.negi.survey: Using CollectorTypeCMC GC.
03-09 10:05:50.316 16560 16560 D nativeloader: Load libframework-connectivity-tiramisu-jni.so using APEX ns com_android_tethering for caller /apex/com.android.tethering/javalib/framework-connectivity-t.jar: ok
03-09 10:05:50.323 16560 16560 D ActivityThread: setConscryptValidator
03-09 10:05:50.323 16560 16560 D ActivityThread: setConscryptValidator - put
03-09 10:05:50.334 16560 16560 D ApplicationLoaders: Returning zygote-cached class loader: /system_ext/framework/androidx.window.extensions.jar
03-09 10:05:50.334 16560 16560 D ApplicationLoaders: Returning zygote-cached class loader: /system_ext/framework/androidx.window.sidecar.jar
03-09 10:05:50.347 16560 16560 D nativeloader: Configuring clns-9 for other apk /data/app/~~eyfAPlqaYpSk7W6A5wiDGg==/com.negi.survey-hxyXdFENhS5XZqFpkhQO4A==/base.apk. target_sdk_version=36, uses_libraries=libOpenCL.so, library_path=/data/app/~~eyfAPlqaYpSk7W6A5wiDGg==/com.negi.survey-hxyXdFENhS5XZqFpkhQO4A==/lib/arm64:/data/app/~~eyfAPlqaYpSk7W6A5wiDGg==/com.negi.survey-hxyXdFENhS5XZqFpkhQO4A==/base.apk!/lib/arm64-v8a, permitted_path=/data:/mnt/expand:/data/user/0/com.negi.survey
03-09 10:05:50.359 16560 16560 V GraphicsEnvironment: Currently set values for:
03-09 10:05:50.359 16560 16560 V GraphicsEnvironment:   angle_gl_driver_selection_pkgs=[]
03-09 10:05:50.359 16560 16560 V GraphicsEnvironment:   angle_gl_driver_selection_values=[]
03-09 10:05:50.359 16560 16560 V GraphicsEnvironment: com.negi.survey is not listed in per-application setting
03-09 10:05:50.359 16560 16560 V GraphicsEnvironment: ANGLE allowlist from config: 
03-09 10:05:50.359 16560 16560 V GraphicsEnvironment: com.negi.survey is not listed in ANGLE allowlist or settings, returning default
03-09 10:05:50.359 16560 16560 V GraphicsEnvironment: App is not on the allowlist for updatable production driver.
03-09 10:05:50.404 16560 16560 D nativeloader: Load /data/app/~~eyfAPlqaYpSk7W6A5wiDGg==/com.negi.survey-hxyXdFENhS5XZqFpkhQO4A==/base.apk!/lib/arm64-v8a/liblitertlm_jni.so using class loader ns clns-9 (caller=/data/app/~~eyfAPlqaYpSk7W6A5wiDGg==/com.negi.survey-hxyXdFENhS5XZqFpkhQO4A==/base.apk!classes4.dex): ok
03-09 10:05:50.404 16560 16560 D SurveyApp: Loaded LiteRTLM JNI: litertlm_jni where=attachBaseContext
03-09 10:05:50.427 16560 16560 D AppRingLogStore: installed: dir=/data/user/0/com.negi.survey/files/diagnostics/applog_ring idx=0
03-09 10:05:50.433 16560 16560 D CrashCapture: install: ensured default handler. where=SurveyApp:attachBaseContext pid=16560 default=com.negi.survey.CrashCapture$CrashHandler@4c010ad
03-09 10:05:50.435 16560 16560 D CrashCapture: install: ensured default handler. where=SurveyApp:onCreate(rewrap) pid=16560 default=com.negi.survey.CrashCapture$CrashHandler@4c010ad
03-09 10:05:50.435 16560 16560 D CrashCapture: registerSelfHealing: ActivityLifecycleCallbacks registered. mode=onResumedOnly
03-09 10:05:50.451 16560 16630 D UploadRescheduleRcvr: No GitHub pending files for action=android.intent.action.BOOT_COMPLETED
03-09 10:05:50.451 16560 16619 D RuntimeLogStore: openWriter: start -> /data/user/0/com.negi.survey/files/diagnostics/runtime_logs/rtlog_20260309_170550_426_pid16560_seq1.log (bytes=0 format=LEGACY)
03-09 10:05:50.452 16560 16619 D RuntimeLogStore: retention: start files=2 kept=2 totalBytes=10799
03-09 10:05:50.486 16560 16630 D WM-PackageManagerHelper: Skipping component enablement for androidx.work.impl.background.systemjob.SystemJobService
03-09 10:05:50.486 16560 16630 D WM-Schedulers: Created SystemJobScheduler and enabled SystemJobService
03-09 10:05:50.487 16560 16659 D WM-ForceStopRunnable: Is default app process = true
03-09 10:05:50.488 16560 16659 D WM-ForceStopRunnable: Performing cleanup operations.
03-09 10:05:50.495 16560 16659 E ashmem  : Pinning is deprecated since Android Q. Please use trim or other methods.
03-09 10:05:50.566 16560 16630 D github_upload: choosePolicy: uniqueName=upload_runtime_logs_startup policy=REPLACE states=[]
03-09 10:05:50.566 16560 16630 D github_upload: enqueueStartupRuntimeLogsUpload: uniqueName=upload_runtime_logs_startup policy=REPLACE
03-09 10:05:50.569 16560 16630 D UploadRescheduleRcvr: Enqueued runtime logs upload for action=android.intent.action.BOOT_COMPLETED reason=receiver_boot_completed
03-09 10:05:50.576 16560 16668 D WM-SystemJobScheduler: Scheduling work ID d922818e-26aa-448f-a230-f7b0e5bbdcd4Job ID 14
03-09 10:05:50.578 16560 16668 D WM-GreedyScheduler: Starting tracking for d922818e-26aa-448f-a230-f7b0e5bbdcd4
03-09 10:05:50.580 16560 16668 D WM-PackageManagerHelper: Skipping component enablement for androidx.work.impl.background.systemalarm.RescheduleReceiver
03-09 10:05:50.583 16560 16668 D WM-ConstraintTracker: NetworkStateTracker24: initial state = NetworkState(isConnected=true, isValidated=true, isMetered=false, isNotRoaming=true, isBlocked=false)
03-09 10:05:50.583 16560 16668 D WM-NetworkStateTracker: Registering network callback
03-09 10:05:50.584 16560 16668 D ConnectivityManager: StackLog: [android.net.ConnectivityManager.sendRequestForNetwork(ConnectivityManager.java:4744)] [android.net.ConnectivityManager.registerDefaultNetworkCallbackForUid(ConnectivityManager.java:5469)] [android.net.ConnectivityManager.registerDefaultNetworkCallback(ConnectivityManager.java:5436)] [android.net.ConnectivityManager.registerDefaultNetworkCallback(ConnectivityManager.java:5410)] [androidx.work.impl.utils.NetworkApi24.registerDefaultNetworkCallbackCompat(NetworkApi24.kt:26)] [androidx.work.impl.constraints.trackers.NetworkStateTracker24.startTracking(NetworkStateTracker.kt:215)] [androidx.work.impl.constraints.trackers.ConstraintTracker.addListener(ConstraintTracker.kt:51)] [androidx.work.impl.constraints.controllers.BaseConstraintController$track$1.invokeSuspend(ContraintControllers.kt:62)] [androidx.work.impl.constraints.controllers.BaseConstraintController$track$1.invoke(Unknown Source:8)] [androidx.work.impl.constraints.controllers.BaseConstraintController$track$1.invoke(Unknown Source:4)] [kotlinx.coroutines.flow.ChannelFlowBuilder.collectTo$suspendImpl(Builders.kt:316)] [kotlinx.coroutines.flow.ChannelFlowBuilder.collectTo(Unknown Source:0)] [kotlinx.coroutines.flow.CallbackFlowBuilder.collectTo(Builders.kt:330)] [kotlinx.coroutines.flow.internal.ChannelFlow$collectToFun$1.invokeSuspend(ChannelFlow.kt:56)] [kotlin.coroutines.jvm.internal.BaseContinuationImpl.resumeWith(ContinuationImpl.kt:34)] [kotlinx.coroutines.DispatchedTask.run(DispatchedTask.kt:100)] [androidx.work.impl.utils.SerialExecutorImpl$Task.run(SerialExecutorImpl.java:96)] [java.util.concurrent.ThreadPoolExecutor.runWorker(ThreadPoolExecutor.java:1154)] [java.util.concurrent.ThreadPoolExecutor$Worker.run(ThreadPoolExecutor.java:652)] [java.lang.Thread.run(Thread.java:1564)]
03-09 10:05:50.585 16560 16676 D WM-NetworkStateTracker: Network capabilities changed: [ Transports: WIFI Capabilities: NOT_METERED&INTERNET&NOT_RESTRICTED&TRUSTED&NOT_VPN&VALIDATED&NOT_ROAMING&FOREGROUND&NOT_CONGESTED&NOT_SUSPENDED&NOT_VCN_MANAGED&NOT_BANDWIDTH_CONSTRAINED LinkUpBandwidth>=9781Kbps LinkDnBandwidth>=273782Kbps TransportInfo: <SSID: <unknown ssid>, BSSID: 02:00:00:00:00:00, MAC: 02:00:00:00:00:00, IP: /192.168.1.137, Security type: 4, Supplicant state: COMPLETED, Wi-Fi standard: 11ax, RSSI: -55, Link speed: 275Mbps, Tx Link speed: 275Mbps, Max Supported Tx Link speed: 573Mbps, Rx Link speed: 413Mbps, Max Supported Rx Link speed: 573Mbps, Frequency: 5180MHz, Net ID: -1, Metered hint: false, score: 60, isUsable: true, CarrierMerged: false, SubscriptionId: -1, IsPrimary: -1, Trusted: true, Restricted: false, Ephemeral: false, OEM paid: false, OEM private: false, OSU AP: false, FQDN: <none>, Provider friendly name: <none>, Requesting package name: <none><none>MLO Information: , Is TID-To-Link negotiation supported by the AP: false, AP MLD Address: <none>, AP MLO Link Id: <none>, AP MLO Affiliated links: <none>, Vendor Data: <none>> SignalStrength: -55 UnderlyingNetworks: Null]
03-09 10:05:50.587 16560 16668 D WM-PackageManagerHelper: androidx.work.impl.background.systemalarm.RescheduleReceiver enabled
03-09 10:05:50.587 16560 16676 D WM-NetworkStateTracker: Network blocked status changed: false
03-09 10:05:50.587 16560 16668 D WM-GreedyScheduler: Constraints met: Scheduling work ID WorkGenerationalId(workSpecId=d922818e-26aa-448f-a230-f7b0e5bbdcd4, generation=0)
03-09 10:05:50.588 16560 16668 D WM-Processor: Processor: processing WorkGenerationalId(workSpecId=d922818e-26aa-448f-a230-f7b0e5bbdcd4, generation=0)
03-09 10:05:50.590 16560 16560 D WM-WorkerWrapper: Starting work for com.negi.survey.net.GitHubUploadWorker
03-09 10:05:50.594 16560 16668 I WM-Processor: Moving WorkSpec (d922818e-26aa-448f-a230-f7b0e5bbdcd4) to the foreground
03-09 10:05:50.599 16560 16560 I WM-SystemFgDispatcher: Started foreground service Intent { act=ACTION_START_FOREGROUND xflg=0x4 cmp=com.negi.survey/androidx.work.impl.foreground.SystemForegroundService (has extras) }
03-09 10:05:50.600 16560 16560 D WM-SystemFgDispatcher: Notifying with (id:9421, workSpecId: d922818e-26aa-448f-a230-f7b0e5bbdcd4, notificationType :1)
03-09 10:05:50.600 16560 16560 W WM-SystemFgService: Unable to start foreground service
03-09 10:05:50.600 16560 16560 W WM-SystemFgService: android.app.ForegroundServiceStartNotAllowedException: FGS type dataSync not allowed to start from BOOT_COMPLETED!
03-09 10:05:50.600 16560 16560 W WM-SystemFgService: 	at android.app.ForegroundServiceStartNotAllowedException$1.createFromParcel(ForegroundServiceStartNotAllowedException.java:54)
03-09 10:05:50.600 16560 16560 W WM-SystemFgService: 	at android.app.ForegroundServiceStartNotAllowedException$1.createFromParcel(ForegroundServiceStartNotAllowedException.java:50)
03-09 10:05:50.600 16560 16560 W WM-SystemFgService: 	at android.os.Parcel.readParcelableInternal(Parcel.java:5229)
03-09 10:05:50.600 16560 16560 W WM-SystemFgService: 	at android.os.Parcel.readParcelable(Parcel.java:5211)
03-09 10:05:50.600 16560 16560 W WM-SystemFgService: 	at android.os.Parcel.createExceptionOrNull(Parcel.java:3349)
03-09 10:05:50.600 16560 16560 W WM-SystemFgService: 	at android.os.Parcel.createException(Parcel.java:3338)
03-09 10:05:50.600 16560 16560 W WM-SystemFgService: 	at android.os.Parcel.readException(Parcel.java:3321)
03-09 10:05:50.600 16560 16560 W WM-SystemFgService: 	at android.os.Parcel.readException(Parcel.java:3263)
03-09 10:05:50.600 16560 16560 W WM-SystemFgService: 	at android.app.IActivityManager$Stub$Proxy.setServiceForeground(IActivityManager.java:7539)
03-09 10:05:50.600 16560 16560 W WM-SystemFgService: 	at android.app.Service.startForeground(Service.java:863)
03-09 10:05:50.600 16560 16560 W WM-SystemFgService: 	at androidx.work.impl.foreground.SystemForegroundService$Api31Impl.startForeground(SystemForegroundService.java:192)
03-09 10:05:50.600 16560 16560 W WM-SystemFgService: 	at androidx.work.impl.foreground.SystemForegroundService.startForeground(SystemForegroundService.java:141)
03-09 10:05:50.600 16560 16560 W WM-SystemFgService: 	at androidx.work.impl.foreground.SystemForegroundDispatcher.handleNotify(SystemForegroundDispatcher.java:332)
03-09 10:05:50.600 16560 16560 W WM-SystemFgService: 	at androidx.work.impl.foreground.SystemForegroundDispatcher.onStartCommand(SystemForegroundDispatcher.java:221)
03-09 10:05:50.600 16560 16560 W WM-SystemFgService: 	at androidx.work.impl.foreground.SystemForegroundService.onStartCommand(SystemForegroundService.java:80)
03-09 10:05:50.600 16560 16560 W WM-SystemFgService: 	at android.app.ActivityThread.handleServiceArgs(ActivityThread.java:6087)
03-09 10:05:50.600 16560 16560 W WM-SystemFgService: 	at android.app.ActivityThread.-$$Nest$mhandleServiceArgs(Unknown Source:0)
03-09 10:05:50.600 16560 16560 W WM-SystemFgService: 	at android.app.ActivityThread$H.handleMessage(ActivityThread.java:2974)
03-09 10:05:50.600 16560 16560 W WM-SystemFgService: 	at android.os.Handler.dispatchMessage(Handler.java:110)
03-09 10:05:50.600 16560 16560 W WM-SystemFgService: 	at android.os.Looper.loopOnce(Looper.java:273)
03-09 10:05:50.600 16560 16560 W WM-SystemFgService: 	at android.os.Looper.loop(Looper.java:363)
03-09 10:05:50.600 16560 16560 W WM-SystemFgService: 	at android.app.ActivityThread.main(ActivityThread.java:10060)
03-09 10:05:50.600 16560 16560 W WM-SystemFgService: 	at java.lang.reflect.Method.invoke(Native Method)
03-09 10:05:50.600 16560 16560 W WM-SystemFgService: 	at com.android.internal.os.RuntimeInit$MethodAndArgsCaller.run(RuntimeInit.java:632)
03-09 10:05:50.600 16560 16560 W WM-SystemFgService: 	at com.android.internal.os.ZygoteInit.main(ZygoteInit.java:975)
03-09 10:05:50.600 16560 16560 D WM-SystemFgDispatcher: Notifying with (id:9421, workSpecId: d922818e-26aa-448f-a230-f7b0e5bbdcd4, notificationType :1)
--------- beginning of system
03-09 10:05:50.600 16560 16560 I NotificationManager: com.negi.survey: notify(9421, null, Notification(channel=uploads shortcut=null contentView=null vibrate=null sound=null defaults=0 flags=ONGOING_EVENT|ONLY_ALERT_ONCE color=0x00000000 category=progress vis=PRIVATE semFlags=0x0 semPriority=0 semMissedCount=0)) as user
03-09 10:05:50.600 16560 16668 D WM-WorkProgressUpdater: Updating progress for d922818e-26aa-448f-a230-f7b0e5bbdcd4 (Data {pct : 3, mode : startup_runtime_logs})
03-09 10:05:50.601 16560 16560 D NotificationManager: BOOTING pkg =com.negi.survey mBlockedChannelsForOverflowNoti=[]
03-09 10:05:50.602 16560 16668 I WM-Processor: Moving WorkSpec (d922818e-26aa-448f-a230-f7b0e5bbdcd4) to the foreground
03-09 10:05:50.604 16560 16560 W WM-SystemFgService: Unable to start foreground service
03-09 10:05:50.604 16560 16560 W WM-SystemFgService: android.app.ForegroundServiceStartNotAllowedException: FGS type dataSync not allowed to start from BOOT_COMPLETED!
03-09 10:05:50.604 16560 16560 W WM-SystemFgService: 	at android.app.ForegroundServiceStartNotAllowedException$1.createFromParcel(ForegroundServiceStartNotAllowedException.java:54)
03-09 10:05:50.604 16560 16560 W WM-SystemFgService: 	at android.app.ForegroundServiceStartNotAllowedException$1.createFromParcel(ForegroundServiceStartNotAllowedException.java:50)
03-09 10:05:50.604 16560 16560 W WM-SystemFgService: 	at android.os.Parcel.readParcelableInternal(Parcel.java:5229)
03-09 10:05:50.604 16560 16560 W WM-SystemFgService: 	at android.os.Parcel.readParcelable(Parcel.java:5211)
03-09 10:05:50.604 16560 16560 W WM-SystemFgService: 	at android.os.Parcel.createExceptionOrNull(Parcel.java:3349)
03-09 10:05:50.604 16560 16560 W WM-SystemFgService: 	at android.os.Parcel.createException(Parcel.java:3338)
03-09 10:05:50.604 16560 16560 W WM-SystemFgService: 	at android.os.Parcel.readException(Parcel.java:3321)
03-09 10:05:50.604 16560 16560 W WM-SystemFgService: 	at android.os.Parcel.readException(Parcel.java:3263)
03-09 10:05:50.604 16560 16560 W WM-SystemFgService: 	at android.app.IActivityManager$Stub$Proxy.setServiceForeground(IActivityManager.java:7539)
03-09 10:05:50.604 16560 16560 W WM-SystemFgService: 	at android.app.Service.startForeground(Service.java:863)
03-09 10:05:50.604 16560 16560 W WM-SystemFgService: 	at androidx.work.impl.foreground.SystemForegroundService$Api31Impl.startForeground(SystemForegroundService.java:192)
03-09 10:05:50.604 16560 16560 W WM-SystemFgService: 	at androidx.work.impl.foreground.SystemForegroundService.startForeground(SystemForegroundService.java:141)
03-09 10:05:50.604 16560 16560 W WM-SystemFgService: 	at androidx.work.impl.foreground.SystemForegroundDispatcher.handleNotify(SystemForegroundDispatcher.java:332)
03-09 10:05:50.604 16560 16560 W WM-SystemFgService: 	at androidx.work.impl.foreground.SystemForegroundDispatcher.onStartCommand(SystemForegroundDispatcher.java:223)
03-09 10:05:50.604 16560 16560 W WM-SystemFgService: 	at androidx.work.impl.foreground.SystemForegroundService.onStartCommand(SystemForegroundService.java:80)
03-09 10:05:50.604 16560 16560 W WM-SystemFgService: 	at android.app.ActivityThread.handleServiceArgs(ActivityThread.java:6087)
03-09 10:05:50.604 16560 16560 W WM-SystemFgService: 	at android.app.ActivityThread.-$$Nest$mhandleServiceArgs(Unknown Source:0)
03-09 10:05:50.604 16560 16560 W WM-SystemFgService: 	at android.app.ActivityThread$H.handleMessage(ActivityThread.java:2974)
03-09 10:05:50.604 16560 16560 W WM-SystemFgService: 	at android.os.Handler.dispatchMessage(Handler.java:110)
03-09 10:05:50.604 16560 16560 W WM-SystemFgService: 	at android.os.Looper.loopOnce(Looper.java:273)
03-09 10:05:50.604 16560 16560 W WM-SystemFgService: 	at android.os.Looper.loop(Looper.java:363)
03-09 10:05:50.604 16560 16560 W WM-SystemFgService: 	at android.app.ActivityThread.main(ActivityThread.java:10060)
03-09 10:05:50.604 16560 16560 W WM-SystemFgService: 	at java.lang.reflect.Method.invoke(Native Method)
03-09 10:05:50.604 16560 16560 W WM-SystemFgService: 	at com.android.internal.os.RuntimeInit$MethodAndArgsCaller.run(RuntimeInit.java:632)
03-09 10:05:50.604 16560 16560 W WM-SystemFgService: 	at com.android.internal.os.ZygoteInit.main(ZygoteInit.java:975)
03-09 10:05:50.604 16560 16560 D WM-SystemFgDispatcher: Notifying with (id:9421, workSpecId: d922818e-26aa-448f-a230-f7b0e5bbdcd4, notificationType :1)
03-09 10:05:50.604 16560 16560 I NotificationManager: com.negi.survey: notify(9421, null, Notification(channel=uploads shortcut=null contentView=null vibrate=null sound=null defaults=0 flags=ONGOING_EVENT|ONLY_ALERT_ONCE color=0x00000000 category=progress vis=PRIVATE semFlags=0x0 semPriority=0 semMissedCount=0)) as user
03-09 10:05:50.605 16560 16560 W WM-SystemFgService: Unable to start foreground service
03-09 10:05:50.605 16560 16560 W WM-SystemFgService: android.app.ForegroundServiceStartNotAllowedException: FGS type dataSync not allowed to start from BOOT_COMPLETED!
03-09 10:05:50.605 16560 16560 W WM-SystemFgService: 	at android.app.ForegroundServiceStartNotAllowedException$1.createFromParcel(ForegroundServiceStartNotAllowedException.java:54)
03-09 10:05:50.605 16560 16560 W WM-SystemFgService: 	at android.app.ForegroundServiceStartNotAllowedException$1.createFromParcel(ForegroundServiceStartNotAllowedException.java:50)
03-09 10:05:50.605 16560 16560 W WM-SystemFgService: 	at android.os.Parcel.readParcelableInternal(Parcel.java:5229)
03-09 10:05:50.605 16560 16560 W WM-SystemFgService: 	at android.os.Parcel.readParcelable(Parcel.java:5211)
03-09 10:05:50.605 16560 16560 W WM-SystemFgService: 	at android.os.Parcel.createExceptionOrNull(Parcel.java:3349)
03-09 10:05:50.605 16560 16560 W WM-SystemFgService: 	at android.os.Parcel.createException(Parcel.java:3338)
03-09 10:05:50.605 16560 16560 W WM-SystemFgService: 	at android.os.Parcel.readException(Parcel.java:3321)
03-09 10:05:50.605 16560 16560 W WM-SystemFgService: 	at android.os.Parcel.readException(Parcel.java:3263)
03-09 10:05:50.605 16560 16560 W WM-SystemFgService: 	at android.app.IActivityManager$Stub$Proxy.setServiceForeground(IActivityManager.java:7539)
03-09 10:05:50.605 16560 16560 W WM-SystemFgService: 	at android.app.Service.startForeground(Service.java:863)
03-09 10:05:50.605 16560 16560 W WM-SystemFgService: 	at androidx.work.impl.foreground.SystemForegroundService$Api31Impl.startForeground(SystemForegroundService.java:192)
03-09 10:05:50.605 16560 16560 W WM-SystemFgService: 	at androidx.work.impl.foreground.SystemForegroundService.startForeground(SystemForegroundService.java:141)
03-09 10:05:50.605 16560 16560 W WM-SystemFgService: 	at androidx.work.impl.foreground.SystemForegroundDispatcher.handleNotify(SystemForegroundDispatcher.java:332)
03-09 10:05:50.605 16560 16560 W WM-SystemFgService: 	at androidx.work.impl.foreground.SystemForegroundDispatcher.onStartCommand(SystemForegroundDispatcher.java:223)
03-09 10:05:50.605 16560 16560 W WM-SystemFgService: 	at androidx.work.impl.foreground.SystemForegroundService.onStartCommand(SystemForegroundService.java:80)
03-09 10:05:50.605 16560 16560 W WM-SystemFgService: 	at android.app.ActivityThread.handleServiceArgs(ActivityThread.java:6087)
03-09 10:05:50.605 16560 16560 W WM-SystemFgService: 	at android.app.ActivityThread.-$$Nest$mhandleServiceArgs(Unknown Source:0)
03-09 10:05:50.605 16560 16560 W WM-SystemFgService: 	at android.app.ActivityThread$H.handleMessage(ActivityThread.java:2974)
03-09 10:05:50.605 16560 16560 W WM-SystemFgService: 	at android.os.Handler.dispatchMessage(Handler.java:110)
03-09 10:05:50.605 16560 16560 W WM-SystemFgService: 	at android.os.Looper.loopOnce(Looper.java:273)
03-09 10:05:50.605 16560 16560 W WM-SystemFgService: 	at android.os.Looper.loop(Looper.java:363)
03-09 10:05:50.605 16560 16560 W WM-SystemFgService: 	at android.app.ActivityThread.main(ActivityThread.java:10060)
03-09 10:05:50.605 16560 16560 W WM-SystemFgService: 	at java.lang.reflect.Method.invoke(Native Method)
03-09 10:05:50.605 16560 16560 W WM-SystemFgService: 	at com.android.internal.os.RuntimeInit$MethodAndArgsCaller.run(RuntimeInit.java:632)
03-09 10:05:50.605 16560 16560 W WM-SystemFgService: 	at com.android.internal.os.ZygoteInit.main(ZygoteInit.java:975)
03-09 10:05:50.679 16560 16560 D WM-SystemJobService: onStartJob for WorkGenerationalId(workSpecId=d922818e-26aa-448f-a230-f7b0e5bbdcd4, generation=0)
03-09 10:05:50.685 16560 16667 D WM-Processor: Work WorkGenerationalId(workSpecId=d922818e-26aa-448f-a230-f7b0e5bbdcd4, generation=0) is already enqueued for processing
03-09 10:05:51.806 16560 16619 D RuntimeLogStore: openWriter: rotate:plain_snapshot:receiver_boot_completed -> /data/user/0/com.negi.survey/files/diagnostics/runtime_logs/rtlog_20260309_170551_805_pid16560_seq2.log (bytes=0 format=LEGACY)
03-09 10:05:51.806 16560 16619 D RuntimeLogStore: retention: rotate:plain_snapshot:receiver_boot_completed files=3 kept=3 totalBytes=12528
03-09 10:05:51.811 16560 16630 D github_upload: doRuntimeLogsUpload: remoteBaseDir=diagnostics/runtime_logs/2026-03-09/runtime_logs_20260309_100551_pid16560_receiver_boot_completed toUpload=3 bytes=13714 dedupe=true deleteSource=true deletedSourcePre=0 preview='plain_logs_manifest_20260309_170551_807_pid16560_receiver_boot_completed.json|runtime_log_20260309_170551_807_pid16560_receiver_boot_completed__rtlog_20260309_170550_426_pid16560_seq1.log|runtime_log_20260309_170551_807_pid16560_receiver_boot_completed__rtlog_20260305_002708_327_pid402_seq2.log'
03-09 10:05:51.812 16560 16630 D GitHubUploader: uploadStream: owner=ishizuki-tech repo=SurveyExports branch=main path=diagnostics/runtime_logs/2026-03-09/runtime_logs_20260309_100551_pid16560_receiver_boot_completed/plain_logs_manifest_20260309_170551_807_pid16560_receiver_boot_completed.json size=1542 maxRawBytesHint=1000000 maxRequestBytesHint=2800000
03-09 10:05:51.814 16560 16668 D WM-WorkProgressUpdater: Updating progress for d922818e-26aa-448f-a230-f7b0e5bbdcd4 (Data {pct : 10, mode : startup_runtime_logs})
03-09 10:05:51.815 16560 16668 I WM-Processor: Moving WorkSpec (d922818e-26aa-448f-a230-f7b0e5bbdcd4) to the foreground
03-09 10:05:51.816 16560 16560 D WM-SystemFgDispatcher: Notifying with (id:9421, workSpecId: d922818e-26aa-448f-a230-f7b0e5bbdcd4, notificationType :1)
03-09 10:05:51.817 16560 16560 I NotificationManager: com.negi.survey: notify(9421, null, Notification(channel=uploads shortcut=null contentView=null vibrate=null sound=null defaults=0 flags=ONGOING_EVENT|ONLY_ALERT_ONCE color=0x00000000 category=progress vis=PRIVATE semFlags=0x0 semPriority=0 semMissedCount=0)) as user
03-09 10:05:51.818 16560 16560 W WM-SystemFgService: Unable to start foreground service
03-09 10:05:51.818 16560 16560 W WM-SystemFgService: android.app.ForegroundServiceStartNotAllowedException: FGS type dataSync not allowed to start from BOOT_COMPLETED!
03-09 10:05:51.818 16560 16560 W WM-SystemFgService: 	at android.app.ForegroundServiceStartNotAllowedException$1.createFromParcel(ForegroundServiceStartNotAllowedException.java:54)
03-09 10:05:51.818 16560 16560 W WM-SystemFgService: 	at android.app.ForegroundServiceStartNotAllowedException$1.createFromParcel(ForegroundServiceStartNotAllowedException.java:50)
03-09 10:05:51.818 16560 16560 W WM-SystemFgService: 	at android.os.Parcel.readParcelableInternal(Parcel.java:5229)
03-09 10:05:51.818 16560 16560 W WM-SystemFgService: 	at android.os.Parcel.readParcelable(Parcel.java:5211)
03-09 10:05:51.818 16560 16560 W WM-SystemFgService: 	at android.os.Parcel.createExceptionOrNull(Parcel.java:3349)
03-09 10:05:51.818 16560 16560 W WM-SystemFgService: 	at android.os.Parcel.createException(Parcel.java:3338)
03-09 10:05:51.818 16560 16560 W WM-SystemFgService: 	at android.os.Parcel.readException(Parcel.java:3321)
03-09 10:05:51.818 16560 16560 W WM-SystemFgService: 	at android.os.Parcel.readException(Parcel.java:3263)
03-09 10:05:51.818 16560 16560 W WM-SystemFgService: 	at android.app.IActivityManager$Stub$Proxy.setServiceForeground(IActivityManager.java:7539)
03-09 10:05:51.818 16560 16560 W WM-SystemFgService: 	at android.app.Service.startForeground(Service.java:863)
03-09 10:05:51.818 16560 16560 W WM-SystemFgService: 	at androidx.work.impl.foreground.SystemForegroundService$Api31Impl.startForeground(SystemForegroundService.java:192)
03-09 10:05:51.818 16560 16560 W WM-SystemFgService: 	at androidx.work.impl.foreground.SystemForegroundService.startForeground(SystemForegroundService.java:141)
03-09 10:05:51.818 16560 16560 W WM-SystemFgService: 	at androidx.work.impl.foreground.SystemForegroundDispatcher.handleNotify(SystemForegroundDispatcher.java:332)
03-09 10:05:51.818 16560 16560 W WM-SystemFgService: 	at androidx.work.impl.foreground.SystemForegroundDispatcher.onStartCommand(SystemForegroundDispatcher.java:223)
03-09 10:05:51.818 16560 16560 W WM-SystemFgService: 	at androidx.work.impl.foreground.SystemForegroundService.onStartCommand(SystemForegroundService.java:80)
03-09 10:05:51.818 16560 16560 W WM-SystemFgService: 	at android.app.ActivityThread.handleServiceArgs(ActivityThread.java:6087)
03-09 10:05:51.818 16560 16560 W WM-SystemFgService: 	at android.app.ActivityThread.-$$Nest$mhandleServiceArgs(Unknown Source:0)
03-09 10:05:51.818 16560 16560 W WM-SystemFgService: 	at android.app.ActivityThread$H.handleMessage(ActivityThread.java:2974)
03-09 10:05:51.818 16560 16560 W WM-SystemFgService: 	at android.os.Handler.dispatchMessage(Handler.java:110)
03-09 10:05:51.818 16560 16560 W WM-SystemFgService: 	at android.os.Looper.loopOnce(Looper.java:273)
03-09 10:05:51.818 16560 16560 W WM-SystemFgService: 	at android.os.Looper.loop(Looper.java:363)
03-09 10:05:51.818 16560 16560 W WM-SystemFgService: 	at android.app.ActivityThread.main(ActivityThread.java:10060)
03-09 10:05:51.818 16560 16560 W WM-SystemFgService: 	at java.lang.reflect.Method.invoke(Native Method)
03-09 10:05:51.818 16560 16560 W WM-SystemFgService: 	at com.android.internal.os.RuntimeInit$MethodAndArgsCaller.run(RuntimeInit.java:632)
03-09 10:05:51.818 16560 16560 W WM-SystemFgService: 	at com.android.internal.os.ZygoteInit.main(ZygoteInit.java:975)
03-09 10:05:52.235 16560 16659 D WM-WorkProgressUpdater: Updating progress for d922818e-26aa-448f-a230-f7b0e5bbdcd4 (Data {pct : 12, mode : startup_runtime_logs})
03-09 10:05:52.237 16560 16659 I WM-Processor: Moving WorkSpec (d922818e-26aa-448f-a230-f7b0e5bbdcd4) to the foreground
03-09 10:05:52.238 16560 16560 D WM-SystemFgDispatcher: Notifying with (id:9421, workSpecId: d922818e-26aa-448f-a230-f7b0e5bbdcd4, notificationType :1)
03-09 10:05:52.238 16560 16560 I NotificationManager: com.negi.survey: notify(9421, null, Notification(channel=uploads shortcut=null contentView=null vibrate=null sound=null defaults=0 flags=ONGOING_EVENT|ONLY_ALERT_ONCE color=0x00000000 category=progress vis=PRIVATE semFlags=0x0 semPriority=0 semMissedCount=0)) as user
03-09 10:05:52.239 16560 16560 W WM-SystemFgService: Unable to start foreground service
03-09 10:05:52.239 16560 16560 W WM-SystemFgService: android.app.ForegroundServiceStartNotAllowedException: FGS type dataSync not allowed to start from BOOT_COMPLETED!
03-09 10:05:52.239 16560 16560 W WM-SystemFgService: 	at android.app.ForegroundServiceStartNotAllowedException$1.createFromParcel(ForegroundServiceStartNotAllowedException.java:54)
03-09 10:05:52.239 16560 16560 W WM-SystemFgService: 	at android.app.ForegroundServiceStartNotAllowedException$1.createFromParcel(ForegroundServiceStartNotAllowedException.java:50)
03-09 10:05:52.239 16560 16560 W WM-SystemFgService: 	at android.os.Parcel.readParcelableInternal(Parcel.java:5229)
03-09 10:05:52.239 16560 16560 W WM-SystemFgService: 	at android.os.Parcel.readParcelable(Parcel.java:5211)
03-09 10:05:52.239 16560 16560 W WM-SystemFgService: 	at android.os.Parcel.createExceptionOrNull(Parcel.java:3349)
03-09 10:05:52.239 16560 16560 W WM-SystemFgService: 	at android.os.Parcel.createException(Parcel.java:3338)
03-09 10:05:52.239 16560 16560 W WM-SystemFgService: 	at android.os.Parcel.readException(Parcel.java:3321)
03-09 10:05:52.239 16560 16560 W WM-SystemFgService: 	at android.os.Parcel.readException(Parcel.java:3263)
03-09 10:05:52.239 16560 16560 W WM-SystemFgService: 	at android.app.IActivityManager$Stub$Proxy.setServiceForeground(IActivityManager.java:7539)
03-09 10:05:52.239 16560 16560 W WM-SystemFgService: 	at android.app.Service.startForeground(Service.java:863)
03-09 10:05:52.239 16560 16560 W WM-SystemFgService: 	at androidx.work.impl.foreground.SystemForegroundService$Api31Impl.startForeground(SystemForegroundService.java:192)
03-09 10:05:52.239 16560 16560 W WM-SystemFgService: 	at androidx.work.impl.foreground.SystemForegroundService.startForeground(SystemForegroundService.java:141)
03-09 10:05:52.239 16560 16560 W WM-SystemFgService: 	at androidx.work.impl.foreground.SystemForegroundDispatcher.handleNotify(SystemForegroundDispatcher.java:332)
03-09 10:05:52.239 16560 16560 W WM-SystemFgService: 	at androidx.work.impl.foreground.SystemForegroundDispatcher.onStartCommand(SystemForegroundDispatcher.java:223)
03-09 10:05:52.239 16560 16560 W WM-SystemFgService: 	at androidx.work.impl.foreground.SystemForegroundService.onStartCommand(SystemForegroundService.java:80)
03-09 10:05:52.239 16560 16560 W WM-SystemFgService: 	at android.app.ActivityThread.handleServiceArgs(ActivityThread.java:6087)
03-09 10:05:52.239 16560 16560 W WM-SystemFgService: 	at android.app.ActivityThread.-$$Nest$mhandleServiceArgs(Unknown Source:0)
03-09 10:05:52.239 16560 16560 W WM-SystemFgService: 	at android.app.ActivityThread$H.handleMessage(ActivityThread.java:2974)
03-09 10:05:52.239 16560 16560 W WM-SystemFgService: 	at android.os.Handler.dispatchMessage(Handler.java:110)
03-09 10:05:52.239 16560 16560 W WM-SystemFgService: 	at android.os.Looper.loopOnce(Looper.java:273)
03-09 10:05:52.239 16560 16560 W WM-SystemFgService: 	at android.os.Looper.loop(Looper.java:363)
03-09 10:05:52.239 16560 16560 W WM-SystemFgService: 	at android.app.ActivityThread.main(ActivityThread.java:10060)
03-09 10:05:52.239 16560 16560 W WM-SystemFgService: 	at java.lang.reflect.Method.invoke(Native Method)
03-09 10:05:52.239 16560 16560 W WM-SystemFgService: 	at com.android.internal.os.RuntimeInit$MethodAndArgsCaller.run(RuntimeInit.java:632)
03-09 10:05:52.239 16560 16560 W WM-SystemFgService: 	at com.android.internal.os.ZygoteInit.main(ZygoteInit.java:975)
03-09 10:05:52.239 16560 16659 D WM-WorkProgressUpdater: Updating progress for d922818e-26aa-448f-a230-f7b0e5bbdcd4 (Data {pct : 33, mode : startup_runtime_logs})
03-09 10:05:52.240 16560 16659 I WM-Processor: Moving WorkSpec (d922818e-26aa-448f-a230-f7b0e5bbdcd4) to the foreground
03-09 10:05:52.244 16560 16560 D WM-SystemFgDispatcher: Notifying with (id:9421, workSpecId: d922818e-26aa-448f-a230-f7b0e5bbdcd4, notificationType :1)
03-09 10:05:52.244 16560 16560 I NotificationManager: com.negi.survey: notify(9421, null, Notification(channel=uploads shortcut=null contentView=null vibrate=null sound=null defaults=0 flags=ONGOING_EVENT|ONLY_ALERT_ONCE color=0x00000000 category=progress vis=PRIVATE semFlags=0x0 semPriority=0 semMissedCount=0)) as user
03-09 10:05:52.245 16560 16560 W WM-SystemFgService: Unable to start foreground service
03-09 10:05:52.245 16560 16560 W WM-SystemFgService: android.app.ForegroundServiceStartNotAllowedException: FGS type dataSync not allowed to start from BOOT_COMPLETED!
03-09 10:05:52.245 16560 16560 W WM-SystemFgService: 	at android.app.ForegroundServiceStartNotAllowedException$1.createFromParcel(ForegroundServiceStartNotAllowedException.java:54)
03-09 10:05:52.245 16560 16560 W WM-SystemFgService: 	at android.app.ForegroundServiceStartNotAllowedException$1.createFromParcel(ForegroundServiceStartNotAllowedException.java:50)
03-09 10:05:52.245 16560 16560 W WM-SystemFgService: 	at android.os.Parcel.readParcelableInternal(Parcel.java:5229)
03-09 10:05:52.245 16560 16560 W WM-SystemFgService: 	at android.os.Parcel.readParcelable(Parcel.java:5211)
03-09 10:05:52.245 16560 16560 W WM-SystemFgService: 	at android.os.Parcel.createExceptionOrNull(Parcel.java:3349)
03-09 10:05:52.245 16560 16560 W WM-SystemFgService: 	at android.os.Parcel.createException(Parcel.java:3338)
03-09 10:05:52.245 16560 16560 W WM-SystemFgService: 	at android.os.Parcel.readException(Parcel.java:3321)
03-09 10:05:52.245 16560 16560 W WM-SystemFgService: 	at android.os.Parcel.readException(Parcel.java:3263)
03-09 10:05:52.245 16560 16560 W WM-SystemFgService: 	at android.app.IActivityManager$Stub$Proxy.setServiceForeground(IActivityManager.java:7539)
03-09 10:05:52.245 16560 16560 W WM-SystemFgService: 	at android.app.Service.startForeground(Service.java:863)
03-09 10:05:52.245 16560 16560 W WM-SystemFgService: 	at androidx.work.impl.foreground.SystemForegroundService$Api31Impl.startForeground(SystemForegroundService.java:192)
03-09 10:05:52.245 16560 16560 W WM-SystemFgService: 	at androidx.work.impl.foreground.SystemForegroundService.startForeground(SystemForegroundService.java:141)
03-09 10:05:52.245 16560 16560 W WM-SystemFgService: 	at androidx.work.impl.foreground.SystemForegroundDispatcher.handleNotify(SystemForegroundDispatcher.java:332)
03-09 10:05:52.245 16560 16560 W WM-SystemFgService: 	at androidx.work.impl.foreground.SystemForegroundDispatcher.onStartCommand(SystemForegroundDispatcher.java:223)
03-09 10:05:52.245 16560 16560 W WM-SystemFgService: 	at androidx.work.impl.foreground.SystemForegroundService.onStartCommand(SystemForegroundService.java:80)
03-09 10:05:52.245 16560 16560 W WM-SystemFgService: 	at android.app.ActivityThread.handleServiceArgs(ActivityThread.java:6087)
03-09 10:05:52.245 16560 16560 W WM-SystemFgService: 	at android.app.ActivityThread.-$$Nest$mhandleServiceArgs(Unknown Source:0)
03-09 10:05:52.245 16560 16560 W WM-SystemFgService: 	at android.app.ActivityThread$H.handleMessage(ActivityThread.java:2974)
03-09 10:05:52.245 16560 16560 W WM-SystemFgService: 	at android.os.Handler.dispatchMessage(Handler.java:110)
03-09 10:05:52.245 16560 16560 W WM-SystemFgService: 	at android.os.Looper.loopOnce(Looper.java:273)
03-09 10:05:52.245 16560 16560 W WM-SystemFgService: 	at android.os.Looper.loop(Looper.java:363)
03-09 10:05:52.245 16560 16560 W WM-SystemFgService: 	at android.app.ActivityThread.main(ActivityThread.java:10060)
03-09 10:05:52.245 16560 16560 W WM-SystemFgService: 	at java.lang.reflect.Method.invoke(Native Method)
03-09 10:05:52.245 16560 16560 W WM-SystemFgService: 	at com.android.internal.os.RuntimeInit$MethodAndArgsCaller.run(RuntimeInit.java:632)
03-09 10:05:52.245 16560 16560 W WM-SystemFgService: 	at com.android.internal.os.ZygoteInit.main(ZygoteInit.java:975)
03-09 10:05:52.942 16560 16560 D github_upload: choosePolicy: uniqueName=upload_runtime_logs_startup policy=KEEP states=[RUNNING]
03-09 10:05:52.942 16560 16560 D github_upload: enqueueStartupRuntimeLogsUpload: uniqueName=upload_runtime_logs_startup policy=KEEP
03-09 10:05:52.944 16560 16560 D github_upload: choosePolicy: uniqueName=upload_ring_logs_startup policy=REPLACE states=[]
03-09 10:05:52.944 16560 16560 D github_upload: enqueueStartupRingLogsUpload: uniqueName=upload_ring_logs_startup policy=REPLACE
03-09 10:05:52.945 16560 17461 D CrashCapture: enqueuePendingCrashUploadsIfPossible enter where=SurveyApp:enqueuePending(immediate):bg pid=16560 thread=CrashCapture-Enqueue
03-09 10:05:52.950 16560 16666 D WM-SystemJobScheduler: Scheduling work ID c0ea8222-488d-46fe-a801-96141719a91dJob ID 15
03-09 10:05:52.952 16560 16560 D WM-SystemJobService: onStartJob for WorkGenerationalId(workSpecId=c0ea8222-488d-46fe-a801-96141719a91d, generation=0)
03-09 10:05:52.955 16560 16666 D WM-GreedyScheduler: Starting tracking for c0ea8222-488d-46fe-a801-96141719a91d
03-09 10:05:52.956 16560 16666 D WM-Processor: Processor: processing WorkGenerationalId(workSpecId=c0ea8222-488d-46fe-a801-96141719a91d, generation=0)
03-09 10:05:52.958 16560 16560 D WM-WorkerWrapper: Starting work for com.negi.survey.net.GitHubUploadWorker
03-09 10:05:52.958 16560 16666 D WM-GreedyScheduler: Constraints met: Scheduling work ID WorkGenerationalId(workSpecId=c0ea8222-488d-46fe-a801-96141719a91d, generation=0)
03-09 10:05:52.963 16560 16666 D WM-Processor: Work WorkGenerationalId(workSpecId=c0ea8222-488d-46fe-a801-96141719a91d, generation=0) is already enqueued for processing
03-09 10:05:52.971 16560 16667 I WM-Processor: Moving WorkSpec (c0ea8222-488d-46fe-a801-96141719a91d) to the foreground
03-09 10:05:53.004 16560 16560 I WM-SystemFgDispatcher: Started foreground service Intent { act=ACTION_START_FOREGROUND xflg=0x4 cmp=com.negi.survey/androidx.work.impl.foreground.SystemForegroundService (has extras) }
03-09 10:05:53.005 16560 16560 D WM-SystemFgDispatcher: Notifying with (id:3985, workSpecId: c0ea8222-488d-46fe-a801-96141719a91d, notificationType :1)
03-09 10:05:53.005 16560 16560 I NotificationManager: com.negi.survey: notify(3985, null, Notification(channel=uploads shortcut=null contentView=null vibrate=null sound=null defaults=0 flags=ONGOING_EVENT|ONLY_ALERT_ONCE color=0x00000000 category=progress vis=PRIVATE semFlags=0x0 semPriority=0 semMissedCount=0)) as user
03-09 10:05:53.034 16560 16659 D WM-WorkProgressUpdater: Updating progress for c0ea8222-488d-46fe-a801-96141719a91d (Data {pct : 3, mode : startup_ring_logs})
03-09 10:05:53.037 16560 16659 I WM-Processor: Moving WorkSpec (c0ea8222-488d-46fe-a801-96141719a91d) to the foreground
03-09 10:05:53.046 16560 16560 W WM-SystemFgService: Unable to start foreground service
03-09 10:05:53.046 16560 16560 W WM-SystemFgService: android.app.ForegroundServiceStartNotAllowedException: FGS type dataSync not allowed to start from BOOT_COMPLETED!
03-09 10:05:53.046 16560 16560 W WM-SystemFgService: 	at android.app.ForegroundServiceStartNotAllowedException$1.createFromParcel(ForegroundServiceStartNotAllowedException.java:54)
03-09 10:05:53.046 16560 16560 W WM-SystemFgService: 	at android.app.ForegroundServiceStartNotAllowedException$1.createFromParcel(ForegroundServiceStartNotAllowedException.java:50)
03-09 10:05:53.046 16560 16560 W WM-SystemFgService: 	at android.os.Parcel.readParcelableInternal(Parcel.java:5229)
03-09 10:05:53.046 16560 16560 W WM-SystemFgService: 	at android.os.Parcel.readParcelable(Parcel.java:5211)
03-09 10:05:53.046 16560 16560 W WM-SystemFgService: 	at android.os.Parcel.createExceptionOrNull(Parcel.java:3349)
03-09 10:05:53.046 16560 16560 W WM-SystemFgService: 	at android.os.Parcel.createException(Parcel.java:3338)
03-09 10:05:53.046 16560 16560 W WM-SystemFgService: 	at android.os.Parcel.readException(Parcel.java:3321)
03-09 10:05:53.046 16560 16560 W WM-SystemFgService: 	at android.os.Parcel.readException(Parcel.java:3263)
03-09 10:05:53.046 16560 16560 W WM-SystemFgService: 	at android.app.IActivityManager$Stub$Proxy.setServiceForeground(IActivityManager.java:7539)
03-09 10:05:53.046 16560 16560 W WM-SystemFgService: 	at android.app.Service.startForeground(Service.java:863)
03-09 10:05:53.046 16560 16560 W WM-SystemFgService: 	at androidx.work.impl.foreground.SystemForegroundService$Api31Impl.startForeground(SystemForegroundService.java:192)
03-09 10:05:53.046 16560 16560 W WM-SystemFgService: 	at androidx.work.impl.foreground.SystemForegroundService.startForeground(SystemForegroundService.java:141)
03-09 10:05:53.046 16560 16560 W WM-SystemFgService: 	at androidx.work.impl.foreground.SystemForegroundDispatcher.handleNotify(SystemForegroundDispatcher.java:332)
03-09 10:05:53.046 16560 16560 W WM-SystemFgService: 	at androidx.work.impl.foreground.SystemForegroundDispatcher.onStartCommand(SystemForegroundDispatcher.java:221)
03-09 10:05:53.046 16560 16560 W WM-SystemFgService: 	at androidx.work.impl.foreground.SystemForegroundService.onStartCommand(SystemForegroundService.java:80)
03-09 10:05:53.046 16560 16560 W WM-SystemFgService: 	at android.app.ActivityThread.handleServiceArgs(ActivityThread.java:6087)
03-09 10:05:53.046 16560 16560 W WM-SystemFgService: 	at android.app.ActivityThread.-$$Nest$mhandleServiceArgs(Unknown Source:0)
03-09 10:05:53.046 16560 16560 W WM-SystemFgService: 	at android.app.ActivityThread$H.handleMessage(ActivityThread.java:2974)
03-09 10:05:53.046 16560 16560 W WM-SystemFgService: 	at android.os.Handler.dispatchMessage(Handler.java:110)
03-09 10:05:53.046 16560 16560 W WM-SystemFgService: 	at android.os.Looper.loopOnce(Looper.java:273)
03-09 10:05:53.046 16560 16560 W WM-SystemFgService: 	at android.os.Looper.loop(Looper.java:363)
03-09 10:05:53.046 16560 16560 W WM-SystemFgService: 	at android.app.ActivityThread.main(ActivityThread.java:10060)
03-09 10:05:53.046 16560 16560 W WM-SystemFgService: 	at java.lang.reflect.Method.invoke(Native Method)
03-09 10:05:53.046 16560 16560 W WM-SystemFgService: 	at com.android.internal.os.RuntimeInit$MethodAndArgsCaller.run(RuntimeInit.java:632)
03-09 10:05:53.046 16560 16560 W WM-SystemFgService: 	at com.android.internal.os.ZygoteInit.main(ZygoteInit.java:975)
03-09 10:05:53.046 16560 16560 D WM-SystemFgDispatcher: Notifying with (id:3985, workSpecId: c0ea8222-488d-46fe-a801-96141719a91d, notificationType :1)
03-09 10:05:53.046 16560 16560 I NotificationManager: com.negi.survey: notify(3985, null, Notification(channel=uploads shortcut=null contentView=null vibrate=null sound=null defaults=0 flags=ONGOING_EVENT|ONLY_ALERT_ONCE color=0x00000000 category=progress vis=PRIVATE semFlags=0x0 semPriority=0 semMissedCount=0)) as user
03-09 10:05:53.069 16560 16560 W WM-SystemFgService: Unable to start foreground service
03-09 10:05:53.069 16560 16560 W WM-SystemFgService: android.app.ForegroundServiceStartNotAllowedException: FGS type dataSync not allowed to start from BOOT_COMPLETED!
03-09 10:05:53.069 16560 16560 W WM-SystemFgService: 	at android.app.ForegroundServiceStartNotAllowedException$1.createFromParcel(ForegroundServiceStartNotAllowedException.java:54)
03-09 10:05:53.069 16560 16560 W WM-SystemFgService: 	at android.app.ForegroundServiceStartNotAllowedException$1.createFromParcel(ForegroundServiceStartNotAllowedException.java:50)
03-09 10:05:53.069 16560 16560 W WM-SystemFgService: 	at android.os.Parcel.readParcelableInternal(Parcel.java:5229)
03-09 10:05:53.069 16560 16560 W WM-SystemFgService: 	at android.os.Parcel.readParcelable(Parcel.java:5211)
03-09 10:05:53.069 16560 16560 W WM-SystemFgService: 	at android.os.Parcel.createExceptionOrNull(Parcel.java:3349)
03-09 10:05:53.069 16560 16560 W WM-SystemFgService: 	at android.os.Parcel.createException(Parcel.java:3338)
03-09 10:05:53.069 16560 16560 W WM-SystemFgService: 	at android.os.Parcel.readException(Parcel.java:3321)
03-09 10:05:53.069 16560 16560 W WM-SystemFgService: 	at android.os.Parcel.readException(Parcel.java:3263)
03-09 10:05:53.069 16560 16560 W WM-SystemFgService: 	at android.app.IActivityManager$Stub$Proxy.setServiceForeground(IActivityManager.java:7539)
03-09 10:05:53.069 16560 16560 W WM-SystemFgService: 	at android.app.Service.startForeground(Service.java:863)
03-09 10:05:53.069 16560 16560 W WM-SystemFgService: 	at androidx.work.impl.foreground.SystemForegroundService$Api31Impl.startForeground(SystemForegroundService.java:192)
03-09 10:05:53.069 16560 16560 W WM-SystemFgService: 	at androidx.work.impl.foreground.SystemForegroundService.startForeground(SystemForegroundService.java:141)
03-09 10:05:53.069 16560 16560 W WM-SystemFgService: 	at androidx.work.impl.foreground.SystemForegroundDispatcher.handleNotify(SystemForegroundDispatcher.java:332)
03-09 10:05:53.069 16560 16560 W WM-SystemFgService: 	at androidx.work.impl.foreground.SystemForegroundDispatcher.onStartCommand(SystemForegroundDispatcher.java:223)
03-09 10:05:53.069 16560 16560 W WM-SystemFgService: 	at androidx.work.impl.foreground.SystemForegroundService.onStartCommand(SystemForegroundService.java:80)
03-09 10:05:53.069 16560 16560 W WM-SystemFgService: 	at android.app.ActivityThread.handleServiceArgs(ActivityThread.java:6087)
03-09 10:05:53.069 16560 16560 W WM-SystemFgService: 	at android.app.ActivityThread.-$$Nest$mhandleServiceArgs(Unknown Source:0)
03-09 10:05:53.069 16560 16560 W WM-SystemFgService: 	at android.app.ActivityThread$H.handleMessage(ActivityThread.java:2974)
03-09 10:05:53.069 16560 16560 W WM-SystemFgService: 	at android.os.Handler.dispatchMessage(Handler.java:110)
03-09 10:05:53.069 16560 16560 W WM-SystemFgService: 	at android.os.Looper.loopOnce(Looper.java:273)
03-09 10:05:53.069 16560 16560 W WM-SystemFgService: 	at android.os.Looper.loop(Looper.java:363)
03-09 10:05:53.069 16560 16560 W WM-SystemFgService: 	at android.app.ActivityThread.main(ActivityThread.java:10060)
03-09 10:05:53.069 16560 16560 W WM-SystemFgService: 	at java.lang.reflect.Method.invoke(Native Method)
03-09 10:05:53.069 16560 16560 W WM-SystemFgService: 	at com.android.internal.os.RuntimeInit$MethodAndArgsCaller.run(RuntimeInit.java:632)
03-09 10:05:53.069 16560 16560 W WM-SystemFgService: 	at com.android.internal.os.ZygoteInit.main(ZygoteInit.java:975)
03-09 10:05:53.069 16560 16560 D WM-SystemFgDispatcher: Notifying with (id:3985, workSpecId: c0ea8222-488d-46fe-a801-96141719a91d, notificationType :1)
03-09 10:05:53.069 16560 16560 I NotificationManager: com.negi.survey: notify(3985, null, Notification(channel=uploads shortcut=null contentView=null vibrate=null sound=null defaults=0 flags=ONGOING_EVENT|ONLY_ALERT_ONCE color=0x00000000 category=progress vis=PRIVATE semFlags=0x0 semPriority=0 semMissedCount=0)) as user
03-09 10:05:53.087 16560 16560 W WM-SystemFgService: Unable to start foreground service
03-09 10:05:53.087 16560 16560 W WM-SystemFgService: android.app.ForegroundServiceStartNotAllowedException: FGS type dataSync not allowed to start from BOOT_COMPLETED!
03-09 10:05:53.087 16560 16560 W WM-SystemFgService: 	at android.app.ForegroundServiceStartNotAllowedException$1.createFromParcel(ForegroundServiceStartNotAllowedException.java:54)
03-09 10:05:53.087 16560 16560 W WM-SystemFgService: 	at android.app.ForegroundServiceStartNotAllowedException$1.createFromParcel(ForegroundServiceStartNotAllowedException.java:50)
03-09 10:05:53.087 16560 16560 W WM-SystemFgService: 	at android.os.Parcel.readParcelableInternal(Parcel.java:5229)
03-09 10:05:53.087 16560 16560 W WM-SystemFgService: 	at android.os.Parcel.readParcelable(Parcel.java:5211)
03-09 10:05:53.087 16560 16560 W WM-SystemFgService: 	at android.os.Parcel.createExceptionOrNull(Parcel.java:3349)
03-09 10:05:53.087 16560 16560 W WM-SystemFgService: 	at android.os.Parcel.createException(Parcel.java:3338)
03-09 10:05:53.087 16560 16560 W WM-SystemFgService: 	at android.os.Parcel.readException(Parcel.java:3321)
03-09 10:05:53.087 16560 16560 W WM-SystemFgService: 	at android.os.Parcel.readException(Parcel.java:3263)
03-09 10:05:53.087 16560 16560 W WM-SystemFgService: 	at android.app.IActivityManager$Stub$Proxy.setServiceForeground(IActivityManager.java:7539)
03-09 10:05:53.087 16560 16560 W WM-SystemFgService: 	at android.app.Service.startForeground(Service.java:863)
03-09 10:05:53.087 16560 16560 W WM-SystemFgService: 	at androidx.work.impl.foreground.SystemForegroundService$Api31Impl.startForeground(SystemForegroundService.java:192)
03-09 10:05:53.087 16560 16560 W WM-SystemFgService: 	at androidx.work.impl.foreground.SystemForegroundService.startForeground(SystemForegroundService.java:141)
03-09 10:05:53.087 16560 16560 W WM-SystemFgService: 	at androidx.work.impl.foreground.SystemForegroundDispatcher.handleNotify(SystemForegroundDispatcher.java:332)
03-09 10:05:53.087 16560 16560 W WM-SystemFgService: 	at androidx.work.impl.foreground.SystemForegroundDispatcher.onStartCommand(SystemForegroundDispatcher.java:223)
03-09 10:05:53.087 16560 16560 W WM-SystemFgService: 	at androidx.work.impl.foreground.SystemForegroundService.onStartCommand(SystemForegroundService.java:80)
03-09 10:05:53.087 16560 16560 W WM-SystemFgService: 	at android.app.ActivityThread.handleServiceArgs(ActivityThread.java:6087)
03-09 10:05:53.087 16560 16560 W WM-SystemFgService: 	at android.app.ActivityThread.-$$Nest$mhandleServiceArgs(Unknown Source:0)
03-09 10:05:53.087 16560 16560 W WM-SystemFgService: 	at android.app.ActivityThread$H.handleMessage(ActivityThread.java:2974)
03-09 10:05:53.087 16560 16560 W WM-SystemFgService: 	at android.os.Handler.dispatchMessage(Handler.java:110)
03-09 10:05:53.087 16560 16560 W WM-SystemFgService: 	at android.os.Looper.loopOnce(Looper.java:273)
03-09 10:05:53.087 16560 16560 W WM-SystemFgService: 	at android.os.Looper.loop(Looper.java:363)
03-09 10:05:53.087 16560 16560 W WM-SystemFgService: 	at android.app.ActivityThread.main(ActivityThread.java:10060)
