=== RuntimeLogStore Header ===
ts=2026-10-01T23:46:25.186Z
fileNameFormat=LEGACY
appId=com.negi.survey
versionName=0.0.1
versionCode=109
debug=false
device=samsung SM-S731U
sdk=36
pid=12514
==============================
2026-10-01T23:46:25.186Z I/RuntimeLogStore [rtlog-io] start: actor launched (fileNameFormat=LEGACY)
2026-10-01T23:46:25.185Z D/SurveyApp [main] attachBaseContext: pid=12514 process=com.negi.survey isMain=true sdk=36
2026-10-01T23:46:25.185Z D/SurveyApp [main] bootTiming: attachBaseContext total=6ms
2026-10-01T23:46:25.185Z D/SurveyApp [main] Skipping WorkManager init in attachBaseContext; will init lazily on first enqueue.
2026-10-01T23:46:25.185Z D/SurveyApp [main] CrashCapture installed: where=SurveyApp:attachBaseContext
2026-10-01T23:46:25.193Z I/RuntimeLogStore [main] start repair: ctx/dir refreshed
2026-10-01T23:46:25.193Z D/SurveyApp [main] bootTiming: RuntimeLogStore.start took=0ms
2026-10-01T23:46:25.193Z D/SurveyApp [main] bootTiming: AppRingLogStore.install took=0ms
2026-10-01T23:46:25.193Z D/SurveyApp [main] onCreate: pid=12514 process=com.negi.survey isMain=true sdk=36
2026-10-01T23:46:25.193Z D/SurveyApp [main] CrashCapture installed: where=SurveyApp:onCreate(rewrap)
2026-10-01T23:46:25.194Z D/SurveyApp [main] CrashCapture self-healing registered.
2026-10-01T23:46:25.194Z W/SurveyApp [main] Startup enqueues deferred: delay=2500ms (to reduce init contention)
2026-10-01T23:46:25.194Z D/SurveyApp [main] Startup survey recovery deferred: delay=2500ms
2026-10-01T23:46:25.194Z D/SurveyApp [main] bootTiming: onCreate total=1ms
2026-10-01T23:46:27.204Z I/RuntimeLogStore [DefaultDispatcher-worker-19] start repair: ctx/dir refreshed
