=== RuntimeLogStore Header ===
ts=2026-10-01T23:46:27.233Z
fileNameFormat=LEGACY
appId=com.negi.survey
versionName=0.0.1
versionCode=109
debug=false
device=samsung SM-S731U
sdk=36
pid=12514
==============================
2026-10-01T23:46:27.233Z I/RuntimeLogStore [rtlog-io] --- rotated (reason=plain_snapshot:receiver_boot_completed) ---
2026-10-01T23:46:27.694Z W/SurveyApp [main] Deferred startup enqueues begin...
2026-10-01T23:46:27.695Z D/SurveyApp [main] WorkManager available. where=startupRtLogs(immediate) took=0ms
2026-10-01T23:46:27.696Z D/SurveyApp [main] Startup runtime logs target -> owner=ishizuki-tech repo=SurveyExports branch=main base='/diagnostics/runtime_logs'
2026-10-01T23:46:27.698Z D/SurveyApp [main] Startup runtime logs: enqueue requested (immediate).
2026-10-01T23:46:27.698Z D/SurveyApp [main] WorkManager available. where=startupRingLogs(immediate) took=0ms
2026-10-01T23:46:27.699Z D/SurveyApp [main] Startup ring logs target -> owner=ishizuki-tech repo=SurveyExports branch=main base='/diagnostics/applog_ring'
2026-10-01T23:46:27.699Z D/SurveyApp [main] Startup ring logs: enqueue requested (immediate).
2026-10-01T23:46:27.700Z D/SurveyApp [main] WorkManager available. where=enqueuePending(immediate) took=0ms
2026-10-01T23:46:27.700Z D/SurveyApp [main] CrashCapture pending uploads requested (immediate).
2026-10-01T23:46:27.700Z W/SurveyApp [main] Deferred startup enqueues done: took=6ms
2026-10-01T23:46:27.701Z D/SurveyApp [DefaultDispatcher-worker-2] Survey recovery WorkManager available. where=startupSurveyUploads(initial) took=0ms
2026-10-01T23:46:28.078Z D/SurveyApp [DefaultDispatcher-worker-2] Startup survey recovery complete: discovered=1 attempted=1 submitted=0 active=0 trackerUnconfirmed=0 uploaded=0 deferred=1 invalid=0 operationalFailures=0 duplicates=0 unclassified=1
2026-10-01T23:47:46.967Z I/RuntimeLogStore [DefaultDispatcher-worker-9] start repair: ctx/dir refreshed
