=== RuntimeLogStore Header ===
ts=2026-10-01T23:41:58.944Z
fileNameFormat=LEGACY
appId=com.negi.survey
versionName=0.0.1
versionCode=109
debug=false
device=samsung SM-S731U
sdk=36
pid=12170
==============================
2026-10-01T23:41:58.944Z I/RuntimeLogStore [rtlog-io] start: actor launched (fileNameFormat=LEGACY)
2026-10-01T23:41:58.944Z D/SurveyApp [main] attachBaseContext: pid=12170 process=com.negi.survey isMain=true sdk=36
2026-10-01T23:41:58.944Z D/SurveyApp [main] bootTiming: attachBaseContext total=6ms
2026-10-01T23:41:58.944Z D/SurveyApp [main] Skipping WorkManager init in attachBaseContext; will init lazily on first enqueue.
2026-10-01T23:41:58.944Z D/SurveyApp [main] CrashCapture installed: where=SurveyApp:attachBaseContext
2026-10-01T23:41:58.947Z I/RuntimeLogStore [main] start repair: ctx/dir refreshed
2026-10-01T23:41:58.947Z D/SurveyApp [main] bootTiming: RuntimeLogStore.start took=0ms
2026-10-01T23:41:58.947Z D/SurveyApp [main] bootTiming: AppRingLogStore.install took=0ms
2026-10-01T23:41:58.947Z D/SurveyApp [main] onCreate: pid=12170 process=com.negi.survey isMain=true sdk=36
2026-10-01T23:41:58.947Z D/SurveyApp [main] CrashCapture installed: where=SurveyApp:onCreate(rewrap)
2026-10-01T23:41:58.947Z D/SurveyApp [main] CrashCapture self-healing registered.
2026-10-01T23:41:58.947Z W/SurveyApp [main] Startup enqueues deferred: delay=2500ms (to reduce init contention)
2026-10-01T23:41:58.947Z D/SurveyApp [main] Startup survey recovery deferred: delay=2500ms
2026-10-01T23:41:58.947Z D/SurveyApp [main] bootTiming: onCreate total=0ms
2026-10-01T23:42:01.447Z W/SurveyApp [main] Deferred startup enqueues begin...
2026-10-01T23:42:01.448Z D/SurveyApp [main] WorkManager available. where=startupRtLogs(immediate) took=0ms
2026-10-01T23:42:01.449Z D/SurveyApp [main] Startup runtime logs target -> owner=ishizuki-tech repo=SurveyExports branch=main base='/diagnostics/runtime_logs'
2026-10-01T23:42:01.451Z D/SurveyApp [main] Startup runtime logs: enqueue requested (immediate).
2026-10-01T23:42:01.452Z D/SurveyApp [main] WorkManager available. where=startupRingLogs(immediate) took=0ms
2026-10-01T23:42:01.452Z D/SurveyApp [main] Startup ring logs target -> owner=ishizuki-tech repo=SurveyExports branch=main base='/diagnostics/applog_ring'
2026-10-01T23:42:01.453Z D/SurveyApp [main] Startup ring logs: enqueue requested (immediate).
2026-10-01T23:42:01.453Z D/SurveyApp [main] WorkManager available. where=enqueuePending(immediate) took=0ms
2026-10-01T23:42:01.453Z D/SurveyApp [main] CrashCapture pending uploads requested (immediate).
2026-10-01T23:42:01.453Z W/SurveyApp [main] Deferred startup enqueues done: took=7ms
2026-10-01T23:42:01.454Z D/SurveyApp [DefaultDispatcher-worker-2] Survey recovery WorkManager available. where=startupSurveyUploads(initial) took=0ms
2026-10-01T23:42:01.455Z D/SurveyApp [DefaultDispatcher-worker-2] Startup survey recovery complete: discovered=0 attempted=0 submitted=0 active=0 trackerUnconfirmed=0 uploaded=0 deferred=0 invalid=0 operationalFailures=0 duplicates=0 unclassified=0
2026-10-01T23:42:03.390Z D/LiteRtLM [DefaultDispatcher-worker-4] Initializing LiteRT-LM: model='Gemma3n4B', key='fs|dev=65088|ino=34395|size=4919541760|mtime=1790893403654'
2026-10-01T23:42:03.391Z D/LiteRtLM [DefaultDispatcher-worker-4] Capabilities: image=false audio=false
2026-10-01T23:42:03.391Z D/LiteRtLM [DefaultDispatcher-worker-4] Backend=com.google.ai.edge.litertlm.Backend$GPU@387d7e9 maxNumTokens=1024 (raw=1024) topK=1 topP=0.0 temp=0.0
2026-10-01T23:42:03.391Z D/LiteRtLM [DefaultDispatcher-worker-4] Model path='/data/user/0/com.negi.survey/files/gemma-3n-E4B-it-int4.litertlm' sizeBytes=4919541760 lastModified=1790893403654
2026-10-01T23:42:03.391Z D/LiteRtLM [DefaultDispatcher-worker-4] LiteRT-LM native benchmark policy: enabled=false emulator=false
2026-10-01T23:42:03.391Z D/LiteRtLM [DefaultDispatcher-worker-4] Speculative decoding / MTP policy: enabled=false runtimeFlagUpdated=true model='Gemma3n4B'
2026-10-01T23:42:03.393Z D/LiteRtLM [DefaultDispatcher-worker-4] Engine cacheDir resolved: key='fs|dev=65088|ino=34395|size=4919541760|mtime=1790893403654' backend=com.google.ai.edge.litertlm.Backend$GPU@387d7e9 path='/data/user/0/com.negi.survey/no_backup/litertlm_cache/e99f4a8207fc82b82c116d63e91df981ac444f6e' filesBefore=2
2026-10-01T23:42:13.230Z W/LiteRtLM [DefaultDispatcher-worker-4] Engine.initialize completed: key='fs|dev=65088|ino=34395|size=4919541760|mtime=1790893403654' backend=com.google.ai.edge.litertlm.Backend$GPU@387d7e9 took=9833ms cacheFilesAfter=2
2026-10-01T23:42:13.257Z D/LiteRtLM [DefaultDispatcher-worker-4] createConversation completed: key='fs|dev=65088|ino=34395|size=4919541760|mtime=1790893403654' took=24ms
2026-10-01T23:42:13.258Z D/LiteRtLM [DefaultDispatcher-worker-4] LiteRT-LM initialization succeeded: model='Gemma3n4B', key='fs|dev=65088|ino=34395|size=4919541760|mtime=1790893403654' engineMs=9833 conversationMs=24 totalMs=9868
2026-10-01T23:42:13.276Z D/AiTrace [main] Installed (enabled=false ringEnabled=true)
2026-10-01T23:42:13.288Z D/SurveyVM [main] init -> Start, session=0, uuid=67246d41-d5c3-49fc-bae5-b364b76c7c5e, navSize=1, graphSize=22
2026-10-01T23:42:13.295Z D/SurveyVM [main] config.validate -> issues=0
2026-10-01T23:42:13.295Z D/SurveyVM [main] promptSources -> legacy=10, eval=0, follow=0
2026-10-01T23:42:13.295Z D/SurveyVM [main] promptSources.preview -> legacy=[Q10, Q11, Q12, Q13, Q14, Q15, Q16, Q7, Q8, Q9], eval=[], follow=[]
2026-10-01T23:42:13.295Z D/SurveyVM [main] hasTwoStepPrompt[Q10] -> true (eval=219, fu=244)
2026-10-01T23:42:13.295Z D/SurveyVM [main] hasTwoStepPrompt[Q11] -> true (eval=229, fu=254)
2026-10-01T23:42:13.295Z D/SurveyVM [main] hasTwoStepPrompt[Q12] -> true (eval=184, fu=209)
2026-10-01T23:42:13.295Z D/SurveyVM [main] hasTwoStepPrompt[Q13] -> true (eval=221, fu=246)
2026-10-01T23:42:13.295Z D/SurveyVM [main] hasTwoStepPrompt[Q14] -> true (eval=160, fu=185)
2026-10-01T23:42:13.295Z D/SurveyVM [main] hasTwoStepPrompt[Q15] -> true (eval=185, fu=210)
2026-10-01T23:42:13.295Z D/SurveyVM [main] hasTwoStepPrompt[Q16] -> true (eval=200, fu=225)
2026-10-01T23:42:13.295Z D/SurveyVM [main] hasTwoStepPrompt[Q7] -> true (eval=248, fu=273)
2026-10-01T23:42:13.295Z D/SurveyVM [main] hasTwoStepPrompt[Q8] -> true (eval=190, fu=215)
2026-10-01T23:42:13.295Z D/SurveyVM [main] hasTwoStepPrompt[Q9] -> true (eval=195, fu=220)
2026-10-01T23:42:13.295Z D/SurveyVM [main] AI prompt coverage OK (aiCount=10)
2026-10-01T23:42:13.635Z D/LiteRtLM [slm-jni] initializeIfNeeded: warm runtime already ready: key='fs|dev=65088|ino=34395|size=4919541760|mtime=1790893403654'
2026-10-01T23:42:13.638Z D/LiteRtRepository [main] warmUp: initializeIfNeeded ok gateWaitMs=0 initMs=5
2026-10-01T23:42:13.638Z D/LiteRtRepository [main] warmUp: Engine ready; representative inference disabled totalMs=5
2026-10-01T23:43:06.049Z D/SurveyVM [main] resetAudioRefs -> cleared
2026-10-01T23:43:06.050Z D/SurveyVM [main] resetNavToStart -> key=com.negi.survey.vm.FlowHome@9021cc7, navSize=1
2026-10-01T23:43:06.050Z D/SurveyVM [main] resetToStart -> Start, session=1, uuid=4c69a025-b6f0-437e-9710-ca91e2c3ade9, preserveDraft=true, draftLen=0
2026-10-01T23:43:06.050Z D/SurveyVM [main] activateRunIfNeeded(advanceToNext:Introduction) -> runNoteLen=0, draftCleared=true, uuid=4c69a025-b6f0-437e-9710-ca91e2c3ade9
2026-10-01T23:43:06.050Z D/SurveyVM [main] push -> Introduction, navSize=2, stackSize=2
2026-10-01T23:43:08.274Z D/SurveyVM [main] push -> Consent, navSize=3, stackSize=3
2026-10-01T23:43:13.742Z D/SurveyVM [main] push -> Q1, navSize=4, stackSize=4
2026-10-01T23:43:15.524Z D/SurveyVM [main] push -> Q2, navSize=5, stackSize=5
2026-10-01T23:43:17.166Z D/SurveyVM [main] push -> Q3, navSize=6, stackSize=6
2026-10-01T23:43:20.489Z D/SurveyVM [main] push -> Q4, navSize=7, stackSize=7
2026-10-01T23:43:22.071Z D/SurveyVM [main] push -> Q5, navSize=8, stackSize=8
2026-10-01T23:43:22.741Z D/SurveyVM [main] push -> Q6, navSize=9, stackSize=9
2026-10-01T23:43:25.639Z D/SurveyVM [main] push -> Q7, navSize=10, stackSize=10
2026-10-01T23:43:25.667Z D/SurveyVM [main] hasTwoStepPrompt[Q7] -> true (eval=248, fu=273)
2026-10-01T23:43:26.937Z D/SurveyVM [main] push -> Q8, navSize=11, stackSize=11
2026-10-01T23:43:26.942Z D/SurveyVM [main] hasTwoStepPrompt[Q8] -> true (eval=190, fu=215)
2026-10-01T23:43:27.161Z D/SurveyVM [main] push -> Q9, navSize=12, stackSize=12
2026-10-01T23:43:27.165Z D/SurveyVM [main] hasTwoStepPrompt[Q9] -> true (eval=195, fu=220)
2026-10-01T23:43:27.353Z D/SurveyVM [main] push -> Q10, navSize=13, stackSize=13
2026-10-01T23:43:27.357Z D/SurveyVM [main] hasTwoStepPrompt[Q10] -> true (eval=219, fu=244)
2026-10-01T23:43:27.544Z D/SurveyVM [main] push -> Q11, navSize=14, stackSize=14
2026-10-01T23:43:27.548Z D/SurveyVM [main] hasTwoStepPrompt[Q11] -> true (eval=229, fu=254)
2026-10-01T23:43:27.744Z D/SurveyVM [main] push -> Q12, navSize=15, stackSize=15
2026-10-01T23:43:27.748Z D/SurveyVM [main] hasTwoStepPrompt[Q12] -> true (eval=184, fu=209)
2026-10-01T23:43:27.953Z D/SurveyVM [main] push -> Q13, navSize=16, stackSize=16
2026-10-01T23:43:27.956Z D/SurveyVM [main] hasTwoStepPrompt[Q13] -> true (eval=221, fu=246)
2026-10-01T23:43:28.178Z D/SurveyVM [main] push -> Q14, navSize=17, stackSize=17
2026-10-01T23:43:28.182Z D/SurveyVM [main] hasTwoStepPrompt[Q14] -> true (eval=160, fu=185)
2026-10-01T23:43:28.712Z D/SurveyVM [main] push -> Q15, navSize=18, stackSize=18
2026-10-01T23:43:28.717Z D/SurveyVM [main] hasTwoStepPrompt[Q15] -> true (eval=185, fu=210)
2026-10-01T23:43:29.261Z D/SurveyVM [main] push -> Q16, navSize=19, stackSize=19
2026-10-01T23:43:29.266Z D/SurveyVM [main] hasTwoStepPrompt[Q16] -> true (eval=200, fu=225)
2026-10-01T23:43:29.478Z D/SurveyVM [main] push -> Review, navSize=20, stackSize=20
2026-10-01T23:43:29.481Z D/SurveyVM [main] hasTwoStepPrompt[Review] -> false (eval=0, fu=0)
2026-10-01T23:43:34.308Z D/SurveyVM [main] push -> Done, navSize=21, stackSize=21
2026-10-01T23:43:48.743Z D/SurveyVM [main] resetAudioRefs -> cleared
