=== RuntimeLogStore Header ===
ts=2026-10-02T08:56:10.281Z
fileNameFormat=LEGACY
appId=com.negi.survey
versionName=0.0.1
versionCode=87
debug=false
device=samsung SM-S936B
sdk=35
pid=25521
==============================
2026-10-02T08:56:10.281Z I/RuntimeLogStore [rtlog-io] --- rotated (reason=plain_snapshot:app_start) ---
2026-10-02T09:00:46.181Z D/LiteRtLM [DefaultDispatcher-worker-1] Initializing LiteRT-LM: model='Gemma3n4B', key='Gemma3n4B|/data/user/0/com.negi.survey/files/gemma-3n-E4B-it-int4.litertlm'
2026-10-02T09:00:46.182Z D/LiteRtLM [DefaultDispatcher-worker-1] Capabilities: image=false audio=false
2026-10-02T09:00:46.182Z D/LiteRtLM [DefaultDispatcher-worker-1] Backend=com.google.ai.edge.litertlm.Backend$GPU@9decf60 maxNumTokens=4096 (raw=4096) topK=64 topP=0.95 temp=1.0
2026-10-02T09:00:46.182Z D/LiteRtLM [DefaultDispatcher-worker-1] Model path='/data/user/0/com.negi.survey/files/gemma-3n-E4B-it-int4.litertlm' sizeBytes=4919541760 lastModified=1790931020102
2026-10-02T09:00:46.182Z W/LiteRtLM [DefaultDispatcher-worker-1] Large maxNumTokens=4096 requested. This increases KV-cache capacity and memory pressure. For short survey JSON/follow-up generation, validate whether a smaller configured value is sufficient.
2026-10-02T09:00:46.182Z D/LiteRtLM [DefaultDispatcher-worker-1] LiteRT-LM native benchmark policy: enabled=false emulator=false
2026-10-02T09:00:46.182Z D/LiteRtLM [DefaultDispatcher-worker-1] Speculative decoding / MTP policy: enabled=false runtimeFlagUpdated=true model='Gemma3n4B'
2026-10-02T09:00:46.185Z D/LiteRtLM [DefaultDispatcher-worker-1] Engine cacheDir resolved: key='Gemma3n4B|/data/user/0/com.negi.survey/files/gemma-3n-E4B-it-int4.litertlm' backend=com.google.ai.edge.litertlm.Backend$GPU@9decf60 path='/data/user/0/com.negi.survey/no_backup/litertlm_cache/755cc4518aa5948f342c241970417713942eac68' filesBefore=0
2026-10-02T09:00:57.015Z W/LiteRtLM [DefaultDispatcher-worker-1] Engine.initialize completed: key='Gemma3n4B|/data/user/0/com.negi.survey/files/gemma-3n-E4B-it-int4.litertlm' backend=com.google.ai.edge.litertlm.Backend$GPU@9decf60 took=10830ms cacheFilesAfter=2
2026-10-02T09:00:57.020Z D/LiteRtLM [DefaultDispatcher-worker-1] createConversation completed: key='Gemma3n4B|/data/user/0/com.negi.survey/files/gemma-3n-E4B-it-int4.litertlm' took=4ms
2026-10-02T09:00:57.020Z D/LiteRtLM [DefaultDispatcher-worker-1] LiteRT-LM initialization succeeded: model='Gemma3n4B', key='Gemma3n4B|/data/user/0/com.negi.survey/files/gemma-3n-E4B-it-int4.litertlm' engineMs=10830 conversationMs=4 totalMs=10839
2026-10-02T09:00:57.024Z D/AiTrace [main] Installed (enabled=false ringEnabled=true)
2026-10-02T09:00:57.025Z D/SurveyVM [main] init -> Start, session=0, uuid=522a0046-3890-40d9-982a-4a245bab5000, navSize=1, graphSize=20
2026-10-02T09:00:57.032Z D/SurveyVM [main] config.validate -> issues=0
2026-10-02T09:00:57.032Z D/SurveyVM [main] promptSources -> legacy=10, eval=0, follow=0
2026-10-02T09:00:57.032Z D/SurveyVM [main] promptSources.preview -> legacy=[Q10, Q11, Q12, Q13, Q14, Q15, Q16, Q17, Q8, Q9], eval=[], follow=[]
2026-10-02T09:00:57.032Z D/SurveyVM [main] hasTwoStepPrompt[Q10] -> true (eval=169, fu=194)
2026-10-02T09:00:57.032Z D/SurveyVM [main] hasTwoStepPrompt[Q11] -> true (eval=179, fu=204)
2026-10-02T09:00:57.032Z D/SurveyVM [main] hasTwoStepPrompt[Q12] -> true (eval=171, fu=196)
2026-10-02T09:00:57.032Z D/SurveyVM [main] hasTwoStepPrompt[Q13] -> true (eval=159, fu=184)
2026-10-02T09:00:57.032Z D/SurveyVM [main] hasTwoStepPrompt[Q14] -> true (eval=209, fu=234)
2026-10-02T09:00:57.032Z D/SurveyVM [main] hasTwoStepPrompt[Q15] -> true (eval=150, fu=175)
2026-10-02T09:00:57.032Z D/SurveyVM [main] hasTwoStepPrompt[Q16] -> true (eval=167, fu=192)
2026-10-02T09:00:57.032Z D/SurveyVM [main] hasTwoStepPrompt[Q17] -> true (eval=194, fu=219)
2026-10-02T09:00:57.032Z D/SurveyVM [main] hasTwoStepPrompt[Q8] -> true (eval=244, fu=155)
2026-10-02T09:00:57.032Z D/SurveyVM [main] hasTwoStepPrompt[Q9] -> true (eval=186, fu=211)
2026-10-02T09:00:57.032Z D/SurveyVM [main] AI prompt coverage OK (aiCount=10)
2026-10-02T09:00:57.051Z D/LiteRtLM [slm-jni] initializeIfNeeded: warm runtime already ready: key='Gemma3n4B|/data/user/0/com.negi.survey/files/gemma-3n-E4B-it-int4.litertlm'
2026-10-02T09:00:57.051Z D/LiteRtRepository [main] warmUp: initializeIfNeeded ok gateWaitMs=0 initMs=1
2026-10-02T09:00:57.051Z D/LiteRtRepository [main] warmUp: Engine ready; representative inference disabled totalMs=1
2026-10-02T09:00:59.847Z D/SurveyVM [main] resetAudioRefs -> cleared
2026-10-02T09:00:59.847Z D/SurveyVM [main] resetNavToStart -> key=com.negi.survey.vm.FlowHome@a3560d1, navSize=1
2026-10-02T09:00:59.847Z D/SurveyVM [main] resetToStart -> Start, session=1, uuid=7b0a26bc-664a-4c80-b2eb-a2b9bb8d0c85, preserveDraft=true, draftLen=0
2026-10-02T09:00:59.847Z D/SurveyVM [main] activateRunIfNeeded(advanceToNext:Q1) -> runNoteLen=0, draftCleared=true, uuid=7b0a26bc-664a-4c80-b2eb-a2b9bb8d0c85
2026-10-02T09:00:59.847Z D/SurveyVM [main] push -> Q1, navSize=2, stackSize=2
2026-10-02T09:01:00.454Z D/SurveyVM [main] push -> Q2, navSize=3, stackSize=3
2026-10-02T09:01:00.937Z D/SurveyVM [main] push -> Q3, navSize=4, stackSize=4
2026-10-02T09:01:01.337Z D/SurveyVM [main] push -> Q4, navSize=5, stackSize=5
2026-10-02T09:01:01.846Z D/SurveyVM [main] push -> Q5, navSize=6, stackSize=6
2026-10-02T09:01:02.439Z D/SurveyVM [main] push -> Q6, navSize=7, stackSize=7
2026-10-02T09:01:02.907Z D/SurveyVM [main] push -> Q7, navSize=8, stackSize=8
