=== RuntimeLogStore Header ===
ts=2026-09-24T19:39:27.028Z
fileNameFormat=LEGACY
appId=com.negi.survey.local
versionName=0.0.1
versionCode=1
debug=true
device=Google Pixel 9a
sdk=36
pid=31839
==============================
2026-09-24T19:39:27.029Z I/RuntimeLogStore [rtlog-io] start: actor launched (fileNameFormat=LEGACY)
2026-09-24T19:39:26.997Z D/SurveyApp [main] attachBaseContext: pid=31839 process=com.negi.survey.local isMain=true sdk=36
2026-09-24T19:39:26.998Z D/SurveyApp [main] bootTiming: attachBaseContext total=58ms
2026-09-24T19:39:26.998Z D/SurveyApp [main] Skipping WorkManager init in attachBaseContext; will init lazily on first enqueue.
2026-09-24T19:39:27.001Z D/SurveyApp [main] CrashCapture installed: where=SurveyApp:attachBaseContext
2026-09-24T19:39:27.023Z I/RuntimeLogStore [main] start repair: ctx/dir refreshed
2026-09-24T19:39:27.023Z D/SurveyApp [main] bootTiming: RuntimeLogStore.start took=0ms
2026-09-24T19:39:27.023Z D/SurveyApp [main] bootTiming: AppRingLogStore.install took=0ms
2026-09-24T19:39:27.023Z D/SurveyApp [main] onCreate: pid=31839 process=com.negi.survey.local isMain=true sdk=36
2026-09-24T19:39:27.029Z D/SurveyApp [main] CrashCapture installed: where=SurveyApp:onCreate(rewrap)
2026-09-24T19:39:27.029Z D/SurveyApp [main] CrashCapture self-healing registered.
2026-09-24T19:39:27.029Z W/SurveyApp [main] Startup enqueues deferred: delay=2500ms (to reduce init contention)
2026-09-24T19:39:27.030Z D/SurveyApp [main] Startup survey recovery deferred: delay=2500ms
2026-09-24T19:39:27.030Z D/SurveyApp [main] bootTiming: onCreate total=8ms
2026-09-24T19:39:27.079Z I/RuntimeLogStore [DefaultDispatcher-worker-1] start repair: ctx/dir refreshed
2026-09-24T19:39:29.083Z I/RuntimeLogStore [DefaultDispatcher-worker-1] start repair: ctx/dir refreshed
