20260915_172305 I/AppRingLogStore pid=13333 tid=13333 uptimeMs=119661617 msg=install: pid=13333 timeUtc=20260915_172305 uptimeMs=119661617
20260915_172305 D/SurveyApp pid=13333 tid=13333 uptimeMs=119661618 msg=attachBaseContext: pid=13333 process=com.negi.survey isMain=true sdk=36
20260915_172305 D/SurveyApp pid=13333 tid=13333 uptimeMs=119661624 msg=onCreate: pid=13333 process=com.negi.survey isMain=true sdk=36
20260915_172617 D/AiTrace pid=13333 tid=13333 uptimeMs=119853436 msg=Installed (enabled=false ringEnabled=true)
20260915_172617 D/LiteRtRepository pid=13333 tid=13333 uptimeMs=119853531 msg=warmUp init ok initMs=7 gateWaitMs=0
20260915_172617 D/LiteRtRepository pid=13333 tid=13333 uptimeMs=119853531 msg=warmUp Engine ready representativeInference=false totalMs=7
20260915_173509 D/LiteRtRepository pid=13333 tid=13366 uptimeMs=120385664 msg=[1] start model='Gemma3n4B' prompt.len=1900 sha=096c62b882c6bf06 gateWaitMs=5
20260915_173509 D/LiteRtRepository pid=13333 tid=13366 uptimeMs=120385673 msg=[1] init ok initMs=9
20260915_173517 D/LiteRtRepository pid=13333 tid=13333 uptimeMs=120393389 msg=[1] logicalDone=true
20260915_173517 D/LiteRtRepository pid=13333 tid=13333 uptimeMs=120393389 msg=[1] native cleanup safepoint
20260915_173517 I/AiViewModel pid=13333 tid=13365 uptimeMs=120393405 msg=run[1] done: phase=EVAL mode=EVAL_JSON score=25 FU0.len=0 FU0.sha16=none commit=true err=<none>
20260915_173517 D/LiteRtRepository pid=13333 tid=13393 uptimeMs=120393412 msg=[1] Conversation reset completed after safepoint
20260915_173517 I/LiteRtRepository pid=13333 tid=13393 uptimeMs=120393413 msg=[1] finalize reason='native-terminated' totalMs=7754 inferenceMs=7740 firstTokenMs=3485 chunks=23 emittedChars=80 out.len=80 capturedAll=true logicalDone=true nativeTerminated=true cancelTag='null' lastDeltaMsAgo=214 lastEventMsAgo=24
20260915_173517 D/LiteRtRepository pid=13333 tid=13393 uptimeMs=120393426 msg=[2] start model='Gemma3n4B' prompt.len=940 sha=d23ca4606b576a65 gateWaitMs=10
20260915_173517 D/LiteRtRepository pid=13333 tid=13393 uptimeMs=120393427 msg=[2] init ok initMs=1
20260915_173520 D/LiteRtRepository pid=13333 tid=13333 uptimeMs=120396954 msg=[2] logicalDone=true
20260915_173520 D/LiteRtRepository pid=13333 tid=13333 uptimeMs=120396954 msg=[2] native cleanup safepoint
20260915_173520 I/AiViewModel pid=13333 tid=13395 uptimeMs=120396962 msg=run[2] done: phase=FOLLOWUP mode=FOLLOWUP_JSON_OR_TEXT score=null FU0.len=60 FU0.sha16=23e1ebc92015b9f7 commit=false err=<none>
20260915_173520 D/LiteRtRepository pid=13333 tid=13366 uptimeMs=120396965 msg=[2] Conversation reset completed after safepoint
20260915_173520 I/LiteRtRepository pid=13333 tid=13395 uptimeMs=120396965 msg=[2] finalize reason='native-terminated' totalMs=3549 inferenceMs=3538 firstTokenMs=1461 chunks=12 emittedChars=60 out.len=60 capturedAll=true logicalDone=true nativeTerminated=true cancelTag='null' lastDeltaMsAgo=181 lastEventMsAgo=11
20260915_173605 D/LiteRtRepository pid=13333 tid=13366 uptimeMs=120441492 msg=[3] start model='Gemma3n4B' prompt.len=2000 sha=c39792d1dfcb83f9 gateWaitMs=5
20260915_173605 D/LiteRtRepository pid=13333 tid=13366 uptimeMs=120441498 msg=[3] init ok initMs=6
20260915_173613 D/LiteRtRepository pid=13333 tid=13333 uptimeMs=120449611 msg=[3] logicalDone=true
20260915_173613 D/LiteRtRepository pid=13333 tid=13333 uptimeMs=120449612 msg=[3] native cleanup safepoint
20260915_173613 I/AiViewModel pid=13333 tid=13395 uptimeMs=120449627 msg=run[3] done: phase=EVAL mode=EVAL_JSON score=25 FU0.len=0 FU0.sha16=none commit=true err=<none>
20260915_173613 D/LiteRtRepository pid=13333 tid=13365 uptimeMs=120449633 msg=[3] Conversation reset completed after safepoint
20260915_173613 I/LiteRtRepository pid=13333 tid=13365 uptimeMs=120449633 msg=[3] finalize reason='native-terminated' totalMs=8146 inferenceMs=8135 firstTokenMs=2863 chunks=31 emittedChars=114 out.len=114 capturedAll=true logicalDone=true nativeTerminated=true cancelTag='null' lastDeltaMsAgo=191 lastEventMsAgo=21
20260915_173613 D/LiteRtRepository pid=13333 tid=13395 uptimeMs=120449640 msg=[4] start model='Gemma3n4B' prompt.len=1074 sha=7122e0f4a35f4ad1 gateWaitMs=7
20260915_173613 D/LiteRtRepository pid=13333 tid=13395 uptimeMs=120449643 msg=[4] init ok initMs=3
20260915_173616 D/LiteRtRepository pid=13333 tid=13333 uptimeMs=120452868 msg=[4] logicalDone=true
20260915_173616 D/LiteRtRepository pid=13333 tid=13333 uptimeMs=120452868 msg=[4] native cleanup safepoint
20260915_173616 I/AiViewModel pid=13333 tid=13398 uptimeMs=120452876 msg=run[4] done: phase=FOLLOWUP mode=FOLLOWUP_JSON_OR_TEXT score=null FU0.len=60 FU0.sha16=23e1ebc92015b9f7 commit=false err=<none>
20260915_173616 D/LiteRtRepository pid=13333 tid=13393 uptimeMs=120452876 msg=[4] Conversation reset completed after safepoint
20260915_173616 I/LiteRtRepository pid=13333 tid=13365 uptimeMs=120452877 msg=[4] finalize reason='native-terminated' totalMs=3244 inferenceMs=3234 firstTokenMs=1195 chunks=12 emittedChars=60 out.len=60 capturedAll=true logicalDone=true nativeTerminated=true cancelTag='null' lastDeltaMsAgo=175 lastEventMsAgo=9
20260915_173715 D/LiteRtRepository pid=13333 tid=13398 uptimeMs=120511477 msg=[5] start model='Gemma3n4B' prompt.len=2000 sha=c39792d1dfcb83f9 gateWaitMs=3
20260915_173715 D/LiteRtRepository pid=13333 tid=13398 uptimeMs=120511483 msg=[5] init ok initMs=6
20260915_173723 D/LiteRtRepository pid=13333 tid=13333 uptimeMs=120519643 msg=[5] logicalDone=true
20260915_173723 D/LiteRtRepository pid=13333 tid=13333 uptimeMs=120519643 msg=[5] native cleanup safepoint
20260915_173723 I/AiViewModel pid=13333 tid=13395 uptimeMs=120519647 msg=run[5] done: phase=EVAL mode=EVAL_JSON score=25 FU0.len=0 FU0.sha16=none commit=true err=<none>
20260915_173723 D/LiteRtRepository pid=13333 tid=13398 uptimeMs=120519659 msg=[5] Conversation reset completed after safepoint
20260915_173723 I/LiteRtRepository pid=13333 tid=13395 uptimeMs=120519660 msg=[5] finalize reason='native-terminated' totalMs=8187 inferenceMs=8177 firstTokenMs=2881 chunks=31 emittedChars=114 out.len=114 capturedAll=true logicalDone=true nativeTerminated=true cancelTag='null' lastDeltaMsAgo=180 lastEventMsAgo=17
20260915_173723 D/LiteRtRepository pid=13333 tid=13398 uptimeMs=120519663 msg=[6] start model='Gemma3n4B' prompt.len=1074 sha=7122e0f4a35f4ad1 gateWaitMs=13
20260915_173723 D/LiteRtRepository pid=13333 tid=13398 uptimeMs=120519664 msg=[6] init ok initMs=1
20260915_173726 D/LiteRtRepository pid=13333 tid=13333 uptimeMs=120523160 msg=[6] logicalDone=true
20260915_173726 D/LiteRtRepository pid=13333 tid=13333 uptimeMs=120523160 msg=[6] native cleanup safepoint
20260915_173726 I/AiViewModel pid=13333 tid=13398 uptimeMs=120523164 msg=run[6] done: phase=FOLLOWUP mode=FOLLOWUP_JSON_OR_TEXT score=null FU0.len=60 FU0.sha16=23e1ebc92015b9f7 commit=false err=<none>
20260915_173726 D/LiteRtRepository pid=13333 tid=13393 uptimeMs=120523168 msg=[6] Conversation reset completed after safepoint
20260915_173726 I/LiteRtRepository pid=13333 tid=13398 uptimeMs=120523169 msg=[6] finalize reason='native-terminated' totalMs=3509 inferenceMs=3505 firstTokenMs=1445 chunks=12 emittedChars=60 out.len=60 capturedAll=true logicalDone=true nativeTerminated=true cancelTag='null' lastDeltaMsAgo=184 lastEventMsAgo=9
20260915_173741 I/AiViewModel pid=13333 tid=13333 uptimeMs=120538102 msg=onCleared: ViewModel is being cleared -> stopCurrentRunInternal()
20260915_174243 I/AppRingLogStore pid=17865 tid=17865 uptimeMs=120839622 msg=install: pid=17865 timeUtc=20260915_174243 uptimeMs=120839622
20260915_174243 D/SurveyApp pid=17865 tid=17865 uptimeMs=120839622 msg=attachBaseContext: pid=17865 process=com.negi.survey isMain=true sdk=36
20260915_174243 D/SurveyApp pid=17865 tid=17865 uptimeMs=120839627 msg=onCreate: pid=17865 process=com.negi.survey isMain=true sdk=36
