=== RuntimeLogStore Header ===
ts=2026-09-29T05:04:53.855Z
fileNameFormat=LEGACY
appId=com.negi.survey
versionName=0.0.1
versionCode=1
debug=true
device=samsung SM-S731U
sdk=36
pid=5727
==============================
2026-09-29T05:04:53.856Z I/RuntimeLogStore [rtlog-io] start: actor launched (fileNameFormat=LEGACY)
2026-09-29T05:04:53.848Z D/SurveyApp [main] attachBaseContext: pid=5727 process=com.negi.survey isMain=true sdk=36
2026-09-29T05:04:53.848Z D/SurveyApp [main] bootTiming: attachBaseContext total=27ms
2026-09-29T05:04:53.849Z D/SurveyApp [main] Skipping WorkManager init in attachBaseContext; will init lazily on first enqueue.
2026-09-29T05:04:53.850Z D/SurveyApp [main] CrashCapture installed: where=SurveyApp:attachBaseContext
2026-09-29T05:04:53.864Z I/RuntimeLogStore [main] start repair: ctx/dir refreshed
2026-09-29T05:04:53.864Z D/SurveyApp [main] bootTiming: RuntimeLogStore.start took=0ms
2026-09-29T05:04:53.864Z D/SurveyApp [main] bootTiming: AppRingLogStore.install took=0ms
2026-09-29T05:04:53.864Z D/SurveyApp [main] onCreate: pid=5727 process=com.negi.survey isMain=true sdk=36
2026-09-29T05:04:53.868Z D/SurveyApp [main] CrashCapture installed: where=SurveyApp:onCreate(rewrap)
2026-09-29T05:04:53.868Z D/SurveyApp [main] CrashCapture self-healing registered.
2026-09-29T05:04:53.868Z W/SurveyApp [main] Startup enqueues deferred: delay=2500ms (to reduce init contention)
2026-09-29T05:04:53.868Z D/SurveyApp [main] Startup survey recovery deferred: delay=2500ms
2026-09-29T05:04:53.868Z D/SurveyApp [main] bootTiming: onCreate total=5ms
2026-09-29T05:04:53.879Z I/RuntimeLogStore [DefaultDispatcher-worker-1] start repair: ctx/dir refreshed
2026-09-29T05:04:55.400Z I/RuntimeLogStore [DefaultDispatcher-worker-3] start repair: ctx/dir refreshed
