=== RuntimeLogStore Header ===
ts=2026-09-29T05:02:47.997Z
fileNameFormat=LEGACY
appId=com.negi.survey
versionName=0.0.1
versionCode=1
debug=true
device=samsung SM-S731U
sdk=36
pid=5044
==============================
2026-09-29T05:02:47.997Z I/RuntimeLogStore [rtlog-io] --- rotated (reason=plain_snapshot:receiver_boot_completed) ---
2026-09-29T05:02:48.965Z W/SurveyApp [main] Deferred startup enqueues begin...
2026-09-29T05:02:48.966Z D/SurveyApp [main] WorkManager available. where=startupRtLogs(immediate) took=0ms
2026-09-29T05:02:48.968Z D/SurveyApp [main] Startup runtime logs target -> owner=ishizuki-tech repo=SurveyExports branch=main base='/diagnostics/runtime_logs'
2026-09-29T05:02:48.971Z D/SurveyApp [main] Startup runtime logs: enqueue requested (immediate).
2026-09-29T05:02:48.972Z D/SurveyApp [main] WorkManager available. where=startupRingLogs(immediate) took=0ms
2026-09-29T05:02:48.974Z D/SurveyApp [main] Startup ring logs target -> owner=ishizuki-tech repo=SurveyExports branch=main base='/diagnostics/applog_ring'
2026-09-29T05:02:48.976Z D/SurveyApp [main] Startup ring logs: enqueue requested (immediate).
2026-09-29T05:02:48.976Z D/SurveyApp [main] WorkManager available. where=enqueuePending(immediate) took=0ms
2026-09-29T05:02:48.977Z D/SurveyApp [main] CrashCapture pending uploads requested (immediate).
2026-09-29T05:02:48.977Z W/SurveyApp [main] Deferred startup enqueues done: took=13ms
