=== RuntimeLogStore Header ===
ts=2026-09-25T22:50:20.883Z
fileNameFormat=LEGACY
appId=com.negi.survey
versionName=0.0.1
versionCode=91
debug=false
device=samsung SM-S931U1
sdk=36
pid=9432
==============================
2026-09-25T22:50:20.883Z I/RuntimeLogStore [rtlog-io] start: actor launched (fileNameFormat=LEGACY)
2026-09-25T22:50:20.879Z D/SurveyApp [main] attachBaseContext: pid=9432 process=com.negi.survey isMain=true sdk=36
2026-09-25T22:50:20.879Z D/SurveyApp [main] bootTiming: attachBaseContext total=6ms
2026-09-25T22:50:20.879Z D/SurveyApp [main] Skipping WorkManager init in attachBaseContext; will init lazily on first enqueue.
2026-09-25T22:50:20.879Z D/SurveyApp [main] CrashCapture installed: where=SurveyApp:attachBaseContext
2026-09-25T22:50:20.885Z I/RuntimeLogStore [main] start repair: ctx/dir refreshed
2026-09-25T22:50:20.885Z D/SurveyApp [main] bootTiming: RuntimeLogStore.start took=0ms
2026-09-25T22:50:20.885Z D/SurveyApp [main] bootTiming: AppRingLogStore.install took=0ms
2026-09-25T22:50:20.885Z D/SurveyApp [main] onCreate: pid=9432 process=com.negi.survey isMain=true sdk=36
2026-09-25T22:50:20.886Z D/SurveyApp [main] CrashCapture installed: where=SurveyApp:onCreate(rewrap)
2026-09-25T22:50:20.886Z D/SurveyApp [main] CrashCapture self-healing registered.
2026-09-25T22:50:20.886Z W/SurveyApp [main] Startup enqueues deferred: delay=2500ms (to reduce init contention)
2026-09-25T22:50:20.886Z D/SurveyApp [main] Startup survey recovery deferred: delay=2500ms
2026-09-25T22:50:20.886Z D/SurveyApp [main] bootTiming: onCreate total=1ms
2026-09-25T22:50:20.894Z I/RuntimeLogStore [DefaultDispatcher-worker-2] start repair: ctx/dir refreshed
2026-09-25T22:50:22.152Z I/RuntimeLogStore [DefaultDispatcher-worker-2] start repair: ctx/dir refreshed
