=== RuntimeLogStore Header ===
ts=2026-09-03T21:04:06.562Z
fileNameFormat=LEGACY
appId=com.negi.survey
versionName=0.0.1
versionCode=37
debug=true
device=Google Pixel 9a
sdk=36
pid=19210
==============================
2026-09-03T21:04:06.563Z I/RuntimeLogStore [rtlog-io] start: actor launched (fileNameFormat=LEGACY)
2026-09-03T21:04:06.494Z D/SurveyApp [main] attachBaseContext: pid=19210 process=com.negi.survey isMain=true sdk=36
2026-09-03T21:04:06.495Z D/SurveyApp [main] bootTiming: attachBaseContext total=72ms
2026-09-03T21:04:06.495Z D/SurveyApp [main] Skipping WorkManager init in attachBaseContext; will init lazily on first enqueue.
2026-09-03T21:04:06.498Z D/SurveyApp [main] CrashCapture installed: where=SurveyApp:attachBaseContext
2026-09-03T21:04:06.579Z I/RuntimeLogStore [main] start repair: ctx/dir refreshed
2026-09-03T21:04:06.580Z D/SurveyApp [main] bootTiming: RuntimeLogStore.start took=1ms
2026-09-03T21:04:06.580Z D/SurveyApp [main] bootTiming: AppRingLogStore.install took=0ms
2026-09-03T21:04:06.580Z D/SurveyApp [main] onCreate: pid=19210 process=com.negi.survey isMain=true sdk=36
2026-09-03T21:04:06.591Z D/SurveyApp [main] CrashCapture installed: where=SurveyApp:onCreate(rewrap)
2026-09-03T21:04:06.591Z D/SurveyApp [main] CrashCapture self-healing registered.
2026-09-03T21:04:06.591Z W/SurveyApp [main] Startup enqueues deferred: delay=2500ms (to reduce init contention)
2026-09-03T21:04:06.592Z D/SurveyApp [main] bootTiming: onCreate total=12ms
2026-09-03T21:04:09.093Z W/SurveyApp [main] Deferred startup enqueues begin...
2026-09-03T21:04:09.210Z D/SurveyApp [main] WorkManager available. where=startupRtLogs(immediate) took=114ms
2026-09-03T21:04:09.217Z D/SurveyApp [main] Startup runtime logs target -> owner=ishizuki-tech repo=SurveyExports branch=main base='/diagnostics/runtime_logs'
2026-09-03T21:04:09.248Z D/SurveyApp [main] Startup runtime logs: enqueue requested (immediate).
2026-09-03T21:04:09.249Z D/SurveyApp [main] WorkManager available. where=startupRingLogs(immediate) took=0ms
2026-09-03T21:04:09.252Z D/SurveyApp [main] Startup ring logs target -> owner=ishizuki-tech repo=SurveyExports branch=main base='/diagnostics/applog_ring'
2026-09-03T21:04:09.254Z D/SurveyApp [main] Startup ring logs: enqueue requested (immediate).
2026-09-03T21:04:09.254Z D/SurveyApp [main] WorkManager available. where=enqueuePending(immediate) took=0ms
2026-09-03T21:04:09.255Z D/SurveyApp [main] CrashCapture pending uploads requested (immediate).
2026-09-03T21:04:09.255Z W/SurveyApp [main] Deferred startup enqueues done: took=162ms
2026-09-03T21:04:10.783Z I/RuntimeLogStore [DefaultDispatcher-worker-2] start repair: ctx/dir refreshed
