=== RuntimeLogStore Header ===
ts=2026-10-02T23:01:56.250Z
fileNameFormat=LEGACY
appId=com.negi.survey
versionName=0.0.1
versionCode=1
debug=true
device=samsung SM-S931U1
sdk=36
pid=19456
==============================
2026-10-02T23:01:56.251Z I/RuntimeLogStore [rtlog-io] start: actor launched (fileNameFormat=LEGACY)
2026-10-02T23:01:56.248Z D/SurveyApp [main] attachBaseContext: pid=19456 process=com.negi.survey isMain=true sdk=36
2026-10-02T23:01:56.248Z D/SurveyApp [main] bootTiming: attachBaseContext total=32ms
2026-10-02T23:01:56.248Z D/SurveyApp [main] Skipping WorkManager init in attachBaseContext; will init lazily on first enqueue.
2026-10-02T23:01:56.249Z D/SurveyApp [main] CrashCapture installed: where=SurveyApp:attachBaseContext
2026-10-02T23:01:56.257Z I/RuntimeLogStore [main] start repair: ctx/dir refreshed
2026-10-02T23:01:56.257Z D/SurveyApp [main] bootTiming: RuntimeLogStore.start took=0ms
2026-10-02T23:01:56.257Z D/SurveyApp [main] bootTiming: AppRingLogStore.install took=0ms
2026-10-02T23:01:56.257Z D/SurveyApp [main] onCreate: pid=19456 process=com.negi.survey isMain=true sdk=36
2026-10-02T23:01:56.260Z D/SurveyApp [main] CrashCapture installed: where=SurveyApp:onCreate(rewrap)
2026-10-02T23:01:56.260Z D/SurveyApp [main] CrashCapture self-healing registered.
2026-10-02T23:01:56.260Z W/SurveyApp [main] Startup enqueues deferred: delay=2500ms (to reduce init contention)
2026-10-02T23:01:56.260Z D/SurveyApp [main] bootTiming: onCreate total=3ms
2026-10-02T23:01:58.760Z W/SurveyApp [main] Deferred startup enqueues begin...
2026-10-02T23:01:58.760Z D/SurveyApp [main] WorkManager available. where=startupRtLogs(immediate) took=0ms
2026-10-02T23:01:58.762Z D/SurveyApp [main] Startup runtime logs target -> owner=ishizuki-tech repo=SurveyExports branch=main base='/diagnostics/runtime_logs'
2026-10-02T23:01:58.769Z D/SurveyApp [main] Startup runtime logs: enqueue requested (immediate).
2026-10-02T23:01:58.769Z D/SurveyApp [main] WorkManager available. where=startupRingLogs(immediate) took=0ms
2026-10-02T23:01:58.770Z D/SurveyApp [main] Startup ring logs target -> owner=ishizuki-tech repo=SurveyExports branch=main base='/diagnostics/applog_ring'
2026-10-02T23:01:58.770Z D/SurveyApp [main] Startup ring logs: enqueue requested (immediate).
2026-10-02T23:01:58.770Z D/SurveyApp [main] WorkManager available. where=enqueuePending(immediate) took=0ms
2026-10-02T23:01:58.771Z D/SurveyApp [main] CrashCapture pending uploads requested (immediate).
2026-10-02T23:01:58.771Z W/SurveyApp [main] Deferred startup enqueues done: took=11ms
2026-10-02T23:02:00.021Z I/RuntimeLogStore [DefaultDispatcher-worker-4] start repair: ctx/dir refreshed
