=== RuntimeLogStore Header ===
ts=2026-09-24T19:15:42.778Z
fileNameFormat=LEGACY
appId=com.negi.survey.local
versionName=0.0.1
versionCode=1
debug=true
device=Google Pixel 9a
sdk=36
pid=29155
==============================
2026-09-24T19:15:42.779Z I/RuntimeLogStore [rtlog-io] start: actor launched (fileNameFormat=LEGACY)
2026-09-24T19:15:42.764Z D/SurveyApp [main] attachBaseContext: pid=29155 process=com.negi.survey.local isMain=true sdk=36
2026-09-24T19:15:42.765Z D/SurveyApp [main] bootTiming: attachBaseContext total=52ms
2026-09-24T19:15:42.765Z D/SurveyApp [main] Skipping WorkManager init in attachBaseContext; will init lazily on first enqueue.
2026-09-24T19:15:42.766Z D/SurveyApp [main] CrashCapture installed: where=SurveyApp:attachBaseContext
2026-09-24T19:15:42.783Z I/RuntimeLogStore [main] start repair: ctx/dir refreshed
2026-09-24T19:15:42.783Z D/SurveyApp [main] bootTiming: RuntimeLogStore.start took=0ms
2026-09-24T19:15:42.783Z D/SurveyApp [main] bootTiming: AppRingLogStore.install took=0ms
2026-09-24T19:15:42.783Z D/SurveyApp [main] onCreate: pid=29155 process=com.negi.survey.local isMain=true sdk=36
2026-09-24T19:15:42.787Z D/SurveyApp [main] CrashCapture installed: where=SurveyApp:onCreate(rewrap)
2026-09-24T19:15:42.787Z D/SurveyApp [main] CrashCapture self-healing registered.
2026-09-24T19:15:42.788Z W/SurveyApp [main] Startup enqueues deferred: delay=2500ms (to reduce init contention)
2026-09-24T19:15:42.788Z D/SurveyApp [main] Startup survey recovery deferred: delay=2500ms
2026-09-24T19:15:42.788Z D/SurveyApp [main] bootTiming: onCreate total=5ms
2026-09-24T19:15:45.288Z W/SurveyApp [main] Deferred startup enqueues begin...
2026-09-24T19:15:45.289Z D/SurveyApp [main] WorkManager available. where=startupRtLogs(immediate) took=0ms
2026-09-24T19:15:45.300Z D/SurveyApp [main] Startup runtime logs: GitHub config not available (immediate).
2026-09-24T19:15:45.301Z W/SurveyApp [main] Startup runtime logs: scheduling one retry; reason=config
2026-09-24T19:15:45.301Z D/SurveyApp [main] WorkManager available. where=startupRingLogs(immediate) took=1ms
2026-09-24T19:15:45.305Z D/SurveyApp [main] Startup ring logs: GitHub config not available (immediate).
2026-09-24T19:15:45.305Z W/SurveyApp [main] Startup ring logs: scheduling one retry; reason=config
2026-09-24T19:15:45.305Z D/SurveyApp [main] WorkManager available. where=enqueuePending(immediate) took=0ms
2026-09-24T19:15:45.305Z D/SurveyApp [main] CrashCapture pending uploads requested (immediate).
2026-09-24T19:15:45.306Z W/SurveyApp [main] Deferred startup enqueues done: took=19ms
2026-09-24T19:15:45.307Z D/SurveyApp [DefaultDispatcher-worker-3] Survey recovery WorkManager available. where=startupSurveyUploads(initial) took=0ms
2026-09-24T19:15:45.317Z W/SurveyApp [DefaultDispatcher-worker-3] Startup survey recovery: GitHub config unavailable (initial).
2026-09-24T19:15:45.317Z W/SurveyApp [DefaultDispatcher-worker-3] Startup survey recovery: scheduling one retry; reason=config delay=1600ms
2026-09-24T19:15:46.902Z D/SurveyApp [main] WorkManager available. where=startupRtLogs(delayed) took=0ms
2026-09-24T19:15:46.909Z D/SurveyApp [main] Startup runtime logs: GitHub config not available (delayed).
2026-09-24T19:15:46.909Z D/SurveyApp [main] Startup runtime logs: retry already scheduled; reason=config
2026-09-24T19:15:46.910Z D/SurveyApp [main] WorkManager available. where=startupRingLogs(delayed) took=0ms
2026-09-24T19:15:46.913Z D/SurveyApp [main] Startup ring logs: GitHub config not available (delayed).
2026-09-24T19:15:46.913Z D/SurveyApp [main] Startup ring logs: retry already scheduled; reason=config
2026-09-24T19:15:46.923Z D/SurveyApp [DefaultDispatcher-worker-3] Survey recovery WorkManager available. where=startupSurveyUploads(delayed) took=0ms
2026-09-24T19:15:46.932Z W/SurveyApp [DefaultDispatcher-worker-3] Startup survey recovery: GitHub config unavailable (delayed).
2026-09-24T19:15:46.932Z W/SurveyApp [DefaultDispatcher-worker-3] Startup survey recovery: retry exhausted; reason=config
