=== RuntimeLogStore Header ===
ts=2026-09-30T02:03:23.301Z
fileNameFormat=LEGACY
appId=com.negi.survey
versionName=0.0.1
versionCode=99
debug=false
device=samsung SM-S931U1
sdk=36
pid=18345
==============================
2026-09-30T02:03:23.301Z I/RuntimeLogStore [rtlog-io] start: actor launched (fileNameFormat=LEGACY)
2026-09-30T02:03:23.300Z D/SurveyApp [main] attachBaseContext: pid=18345 process=com.negi.survey isMain=true sdk=36
2026-09-30T02:03:23.300Z D/SurveyApp [main] bootTiming: attachBaseContext total=18ms
2026-09-30T02:03:23.300Z D/SurveyApp [main] Skipping WorkManager init in attachBaseContext; will init lazily on first enqueue.
2026-09-30T02:03:23.300Z D/SurveyApp [main] CrashCapture installed: where=SurveyApp:attachBaseContext
2026-09-30T02:03:23.303Z I/RuntimeLogStore [main] start repair: ctx/dir refreshed
2026-09-30T02:03:23.303Z D/SurveyApp [main] bootTiming: RuntimeLogStore.start took=0ms
2026-09-30T02:03:23.303Z D/SurveyApp [main] bootTiming: AppRingLogStore.install took=0ms
2026-09-30T02:03:23.303Z D/SurveyApp [main] onCreate: pid=18345 process=com.negi.survey isMain=true sdk=36
2026-09-30T02:03:23.303Z D/SurveyApp [main] CrashCapture installed: where=SurveyApp:onCreate(rewrap)
2026-09-30T02:03:23.303Z D/SurveyApp [main] CrashCapture self-healing registered.
2026-09-30T02:03:23.303Z W/SurveyApp [main] Startup enqueues deferred: delay=2500ms (to reduce init contention)
2026-09-30T02:03:23.303Z D/SurveyApp [main] Startup survey recovery deferred: delay=2500ms
2026-09-30T02:03:23.303Z D/SurveyApp [main] bootTiming: onCreate total=1ms
2026-09-30T02:03:25.808Z W/SurveyApp [main] Deferred startup enqueues begin...
2026-09-30T02:03:25.815Z D/SurveyApp [main] WorkManager available. where=startupRtLogs(immediate) took=7ms
2026-09-30T02:03:25.819Z D/SurveyApp [main] Startup runtime logs target -> owner=ishizuki-tech repo=SurveyExports branch=main base='/diagnostics/runtime_logs'
2026-09-30T02:03:25.822Z D/SurveyApp [main] Startup runtime logs: enqueue requested (immediate).
2026-09-30T02:03:25.822Z D/SurveyApp [main] WorkManager available. where=startupRingLogs(immediate) took=0ms
2026-09-30T02:03:25.822Z D/SurveyApp [main] Startup ring logs target -> owner=ishizuki-tech repo=SurveyExports branch=main base='/diagnostics/applog_ring'
2026-09-30T02:03:25.823Z D/SurveyApp [main] Startup ring logs: enqueue requested (immediate).
2026-09-30T02:03:25.823Z D/SurveyApp [main] WorkManager available. where=enqueuePending(immediate) took=0ms
2026-09-30T02:03:25.823Z D/SurveyApp [main] CrashCapture pending uploads requested (immediate).
2026-09-30T02:03:25.823Z W/SurveyApp [main] Deferred startup enqueues done: took=15ms
2026-09-30T02:03:25.824Z D/SurveyApp [DefaultDispatcher-worker-1] Survey recovery WorkManager available. where=startupSurveyUploads(initial) took=0ms
2026-09-30T02:03:25.825Z D/SurveyApp [DefaultDispatcher-worker-1] Startup survey recovery complete: discovered=0 attempted=0 submitted=0 active=0 trackerUnconfirmed=0 uploaded=0 deferred=0 invalid=0 operationalFailures=0 duplicates=0 unclassified=0
2026-09-30T02:03:27.073Z I/RuntimeLogStore [DefaultDispatcher-worker-1] start repair: ctx/dir refreshed
