=== RuntimeLogStore Header ===
ts=2026-09-08T21:57:18.776Z
fileNameFormat=LEGACY
appId=com.negi.survey
versionName=0.0.1
versionCode=1
debug=true
device=Google Pixel 9a
sdk=36
pid=15327
==============================
2026-09-08T21:57:18.776Z I/RuntimeLogStore [rtlog-io] start: actor launched (fileNameFormat=LEGACY)
2026-09-08T21:57:18.759Z D/SurveyApp [main] attachBaseContext: pid=15327 process=com.negi.survey isMain=true sdk=36
2026-09-08T21:57:18.759Z D/SurveyApp [main] bootTiming: attachBaseContext total=53ms
2026-09-08T21:57:18.760Z D/SurveyApp [main] Skipping WorkManager init in attachBaseContext; will init lazily on first enqueue.
2026-09-08T21:57:18.763Z D/SurveyApp [main] CrashCapture installed: where=SurveyApp:attachBaseContext
2026-09-08T21:57:18.792Z I/RuntimeLogStore [main] start repair: ctx/dir refreshed
2026-09-08T21:57:18.792Z D/SurveyApp [main] bootTiming: RuntimeLogStore.start took=0ms
2026-09-08T21:57:18.793Z D/SurveyApp [main] bootTiming: AppRingLogStore.install took=0ms
2026-09-08T21:57:18.793Z D/SurveyApp [main] onCreate: pid=15327 process=com.negi.survey isMain=true sdk=36
2026-09-08T21:57:18.800Z D/SurveyApp [main] CrashCapture installed: where=SurveyApp:onCreate(rewrap)
2026-09-08T21:57:18.801Z D/SurveyApp [main] CrashCapture self-healing registered.
2026-09-08T21:57:18.801Z W/SurveyApp [main] Startup enqueues deferred: delay=2500ms (to reduce init contention)
2026-09-08T21:57:18.801Z D/SurveyApp [main] bootTiming: onCreate total=9ms
2026-09-08T21:57:21.303Z W/SurveyApp [main] Deferred startup enqueues begin...
2026-09-08T21:57:21.442Z D/SurveyApp [main] WorkManager available. where=startupRtLogs(immediate) took=136ms
2026-09-08T21:57:21.452Z D/SurveyApp [main] Startup runtime logs target -> owner=ishizuki-tech repo=SurveyExports branch=main base='/diagnostics/runtime_logs'
2026-09-08T21:57:21.512Z D/SurveyApp [main] Startup runtime logs: enqueue requested (immediate).
2026-09-08T21:57:21.512Z D/SurveyApp [main] WorkManager available. where=startupRingLogs(immediate) took=0ms
2026-09-08T21:57:21.526Z D/SurveyApp [main] Startup ring logs target -> owner=ishizuki-tech repo=SurveyExports branch=main base='/diagnostics/applog_ring'
2026-09-08T21:57:21.543Z D/SurveyApp [main] Startup ring logs: enqueue requested (immediate).
2026-09-08T21:57:21.545Z D/SurveyApp [main] WorkManager available. where=enqueuePending(immediate) took=0ms
2026-09-08T21:57:21.548Z D/SurveyApp [main] CrashCapture pending uploads requested (immediate).
2026-09-08T21:57:21.550Z W/SurveyApp [main] Deferred startup enqueues done: took=246ms
2026-09-08T21:57:22.895Z I/RuntimeLogStore [DefaultDispatcher-worker-2] start repair: ctx/dir refreshed
