=== RuntimeLogStore Header ===
ts=2026-09-03T04:49:30.955Z
fileNameFormat=LEGACY
appId=com.negi.survey
versionName=0.0.1
versionCode=37
debug=true
device=Google Pixel 9a
sdk=36
pid=31342
==============================
2026-09-03T04:49:30.956Z I/RuntimeLogStore [rtlog-io] start: actor launched (fileNameFormat=LEGACY)
2026-09-03T04:49:30.909Z D/SurveyApp [main] attachBaseContext: pid=31342 process=com.negi.survey isMain=true sdk=36
2026-09-03T04:49:30.910Z D/SurveyApp [main] bootTiming: attachBaseContext total=67ms
2026-09-03T04:49:30.910Z D/SurveyApp [main] Skipping WorkManager init in attachBaseContext; will init lazily on first enqueue.
2026-09-03T04:49:30.917Z D/SurveyApp [main] CrashCapture installed: where=SurveyApp:attachBaseContext
2026-09-03T04:49:30.955Z I/RuntimeLogStore [main] start repair: ctx/dir refreshed
2026-09-03T04:49:30.955Z D/SurveyApp [main] bootTiming: RuntimeLogStore.start took=0ms
2026-09-03T04:49:30.955Z D/SurveyApp [main] bootTiming: AppRingLogStore.install took=0ms
2026-09-03T04:49:30.955Z D/SurveyApp [main] onCreate: pid=31342 process=com.negi.survey isMain=true sdk=36
2026-09-03T04:49:30.964Z D/SurveyApp [main] CrashCapture installed: where=SurveyApp:onCreate(rewrap)
2026-09-03T04:49:30.964Z D/SurveyApp [main] CrashCapture self-healing registered.
2026-09-03T04:49:30.964Z W/SurveyApp [main] Startup enqueues deferred: delay=2500ms (to reduce init contention)
2026-09-03T04:49:30.964Z D/SurveyApp [main] bootTiming: onCreate total=9ms
2026-09-03T04:49:31.030Z I/RuntimeLogStore [DefaultDispatcher-worker-1] start repair: ctx/dir refreshed
2026-09-03T04:49:33.224Z I/RuntimeLogStore [DefaultDispatcher-worker-1] start repair: ctx/dir refreshed
