20260924_191542 I/AppRingLogStore pid=29155 tid=29155 uptimeMs=65093078 msg=install: pid=29155 timeUtc=20260924_191542 uptimeMs=65093078
20260924_191542 D/SurveyApp pid=29155 tid=29155 uptimeMs=65093079 msg=attachBaseContext: pid=29155 process=com.negi.survey.local isMain=true sdk=36
20260924_191542 D/SurveyApp pid=29155 tid=29155 uptimeMs=65093098 msg=onCreate: pid=29155 process=com.negi.survey.local isMain=true sdk=36
20260924_191754 I/AppRingLogStore pid=29485 tid=29485 uptimeMs=65224344 msg=install: pid=29485 timeUtc=20260924_191754 uptimeMs=65224344
20260924_191754 D/SurveyApp pid=29485 tid=29485 uptimeMs=65224345 msg=attachBaseContext: pid=29485 process=com.negi.survey.local isMain=true sdk=36
20260924_191754 D/SurveyApp pid=29485 tid=29485 uptimeMs=65224379 msg=onCreate: pid=29485 process=com.negi.survey.local isMain=true sdk=36
20260924_192213 D/AiTrace pid=29485 tid=29485 uptimeMs=65483759 msg=Installed (enabled=true ringEnabled=true)
20260924_192213 D/LiteRtRepository pid=29485 tid=29485 uptimeMs=65483930 msg=warmUp init ok initMs=10 gateWaitMs=0
20260924_192213 D/LiteRtRepository pid=29485 tid=29485 uptimeMs=65483930 msg=warmUp Engine ready representativeInference=false totalMs=11
20260924_192247 D/AiViewModel pid=29485 tid=29565 uptimeMs=65517379 msg=run[1]: mode=EVAL_JSON phase=EVAL commit=true prompt.len=331, fullPrompt.len=2237, timeoutMs=120000
20260924_192247 D/AiViewModel pid=29485 tid=29565 uptimeMs=65517381 msg=run[1]: sha(prompt)=1c37708846dd3d2bc23eeb4697155646faa2c4314a2774d2a167dbf74760a3c8 sha(full)=6c004212a8ad045ac7076b0037e92a316823b0d863fb3c078bcce76c1f239bb0
20260924_192247 D/LiteRtRepository pid=29485 tid=29565 uptimeMs=65517388 msg=[1] start model='Gemma3n4B' prompt.len=2237 sha=6c004212a8ad045a gateWaitMs=5
20260924_192247 D/LiteRtRepository pid=29485 tid=29565 uptimeMs=65517390 msg=[1] init ok initMs=2
20260924_192253 D/LiteRtRepository pid=29485 tid=29485 uptimeMs=65523501 msg=[1] logicalDone=true
20260924_192253 D/LiteRtRepository pid=29485 tid=29485 uptimeMs=65523501 msg=[1] native cleanup safepoint
20260924_192253 D/AiViewModel pid=29485 tid=29599 uptimeMs=65523504 msg=run[1] stats: chunks=18, chars=72, raw.len=72
20260924_192253 D/AiViewModel pid=29485 tid=29599 uptimeMs=65523508 msg=run[1] sha(raw)=d0f6c13badbc3d0bd4006aaf51913e79720994632d050421b3d19fceb6beefc8
20260924_192253 D/LiteRtRepository pid=29485 tid=29563 uptimeMs=65523518 msg=[1] Conversation reset completed after safepoint
20260924_192253 I/LiteRtRepository pid=29485 tid=29563 uptimeMs=65523519 msg=[1] finalize reason='native-terminated' totalMs=6132 inferenceMs=6129 firstTokenMs=3064 chunks=18 emittedChars=72 out.len=72 capturedAll=true logicalDone=true nativeTerminated=true cancelTag='null' lastDeltaMsAgo=195 lastEventMsAgo=18
20260924_192253 I/AiViewModel pid=29485 tid=29599 uptimeMs=65523523 msg=run[1] done: phase=EVAL mode=EVAL_JSON score=45 FU0.len=0 FU0.sha16=none commit=true err=<none>
20260924_193926 I/AppRingLogStore pid=31839 tid=31839 uptimeMs=66517311 msg=install: pid=31839 timeUtc=20260924_193926 uptimeMs=66517310
20260924_193926 D/SurveyApp pid=31839 tid=31839 uptimeMs=66517312 msg=attachBaseContext: pid=31839 process=com.negi.survey.local isMain=true sdk=36
20260924_193927 D/SurveyApp pid=31839 tid=31839 uptimeMs=66517337 msg=onCreate: pid=31839 process=com.negi.survey.local isMain=true sdk=36
20260924_194158 I/AppRingLogStore pid=32221 tid=32221 uptimeMs=66669062 msg=install: pid=32221 timeUtc=20260924_194158 uptimeMs=66669061
20260924_194158 D/SurveyApp pid=32221 tid=32221 uptimeMs=66669064 msg=attachBaseContext: pid=32221 process=com.negi.survey.local isMain=true sdk=36
20260924_194158 D/SurveyApp pid=32221 tid=32221 uptimeMs=66669110 msg=onCreate: pid=32221 process=com.negi.survey.local isMain=true sdk=36
20260924_194314 D/AiTrace pid=32221 tid=32221 uptimeMs=66744390 msg=Installed (enabled=true ringEnabled=true)
20260924_194314 D/LiteRtRepository pid=32221 tid=32221 uptimeMs=66744594 msg=warmUp init ok initMs=15 gateWaitMs=0
20260924_194314 D/LiteRtRepository pid=32221 tid=32221 uptimeMs=66744594 msg=warmUp Engine ready representativeInference=false totalMs=16
20260924_194355 D/AiViewModel pid=32221 tid=32338 uptimeMs=66785845 msg=run[1]: mode=EVAL_JSON phase=EVAL commit=true prompt.len=331, fullPrompt.len=2237, timeoutMs=120000
20260924_194355 D/AiViewModel pid=32221 tid=32338 uptimeMs=66785845 msg=run[1]: sha(prompt)=1c37708846dd3d2bc23eeb4697155646faa2c4314a2774d2a167dbf74760a3c8 sha(full)=6c004212a8ad045ac7076b0037e92a316823b0d863fb3c078bcce76c1f239bb0
20260924_194355 D/LiteRtRepository pid=32221 tid=32338 uptimeMs=66785863 msg=[1] start model='Gemma3n4B' prompt.len=2237 sha=6c004212a8ad045a gateWaitMs=16
20260924_194355 D/LiteRtRepository pid=32221 tid=32338 uptimeMs=66785865 msg=[1] init ok initMs=2
20260924_194401 D/LiteRtRepository pid=32221 tid=32221 uptimeMs=66791955 msg=[1] logicalDone=true
20260924_194401 D/LiteRtRepository pid=32221 tid=32221 uptimeMs=66791955 msg=[1] native cleanup safepoint
20260924_194401 D/AiViewModel pid=32221 tid=32337 uptimeMs=66791955 msg=run[1] stats: chunks=18, chars=72, raw.len=72
20260924_194401 D/AiViewModel pid=32221 tid=32337 uptimeMs=66791956 msg=run[1] sha(raw)=d0f6c13badbc3d0bd4006aaf51913e79720994632d050421b3d19fceb6beefc8
20260924_194401 D/LiteRtRepository pid=32221 tid=32306 uptimeMs=66791978 msg=[1] Conversation reset completed after safepoint
20260924_194401 I/LiteRtRepository pid=32221 tid=32307 uptimeMs=66791979 msg=[1] finalize reason='native-terminated' totalMs=6117 inferenceMs=6114 firstTokenMs=3071 chunks=18 emittedChars=72 out.len=72 capturedAll=true logicalDone=true nativeTerminated=true cancelTag='null' lastDeltaMsAgo=174 lastEventMsAgo=24
20260924_194401 I/AiViewModel pid=32221 tid=32337 uptimeMs=66791984 msg=run[1] done: phase=EVAL mode=EVAL_JSON score=45 FU0.len=0 FU0.sha16=none commit=true err=<none>
20260924_194401 D/AiViewModel pid=32221 tid=32337 uptimeMs=66791989 msg=run[2]: mode=FOLLOWUP_JSON_OR_TEXT phase=FOLLOWUP commit=false prompt.len=415, fullPrompt.len=952, timeoutMs=120000
20260924_194401 D/AiViewModel pid=32221 tid=32337 uptimeMs=66791990 msg=run[2]: sha(prompt)=7b3f7cbd0ab139ead7f88227db10b5d9d809d232f99667e602165947fed336eb sha(full)=46864422eaad4691ee7d74c21cd4ba1d25daa083a898a36d3933fffd10a0532d
20260924_194401 D/LiteRtRepository pid=32221 tid=32307 uptimeMs=66791991 msg=[2] start model='Gemma3n4B' prompt.len=952 sha=46864422eaad4691 gateWaitMs=1
20260924_194401 D/LiteRtRepository pid=32221 tid=32307 uptimeMs=66791994 msg=[2] init ok initMs=3
20260924_194404 D/LiteRtRepository pid=32221 tid=32221 uptimeMs=66795072 msg=[2] logicalDone=true
20260924_194404 D/LiteRtRepository pid=32221 tid=32221 uptimeMs=66795072 msg=[2] native cleanup safepoint
20260924_194404 D/AiViewModel pid=32221 tid=32306 uptimeMs=66795072 msg=run[2] stats: chunks=12, chars=60, raw.len=60
20260924_194404 D/AiViewModel pid=32221 tid=32306 uptimeMs=66795073 msg=run[2] sha(raw)=23e1ebc92015b9f78450313441f0d85b67009f58666773af0e89683dbc770295
20260924_194404 I/AiViewModel pid=32221 tid=32306 uptimeMs=66795077 msg=run[2] done: phase=FOLLOWUP mode=FOLLOWUP_JSON_OR_TEXT score=null FU0.len=60 FU0.sha16=23e1ebc92015b9f7 commit=false err=<none>
20260924_194404 D/LiteRtRepository pid=32221 tid=32337 uptimeMs=66795085 msg=[2] Conversation reset completed after safepoint
20260924_194404 I/LiteRtRepository pid=32221 tid=32338 uptimeMs=66795086 msg=[2] finalize reason='native-terminated' totalMs=3096 inferenceMs=3092 firstTokenMs=1128 chunks=12 emittedChars=60 out.len=60 capturedAll=true logicalDone=true nativeTerminated=true cancelTag='null' lastDeltaMsAgo=162 lastEventMsAgo=14
20260924_194520 D/AiViewModel pid=32221 tid=32336 uptimeMs=66871232 msg=run[3]: mode=EVAL_JSON phase=EVAL commit=true prompt.len=455, fullPrompt.len=2361, timeoutMs=120000
20260924_194520 D/AiViewModel pid=32221 tid=32336 uptimeMs=66871235 msg=run[3]: sha(prompt)=32583d71c659774262772d88ecff06cf12e91a573105e448f597450acfed60ec sha(full)=bd98221e7278c6418878a430944ed8debde23c6fee4a47a08c0d512de46a1302
20260924_194520 D/LiteRtRepository pid=32221 tid=32306 uptimeMs=66871238 msg=[3] start model='Gemma3n4B' prompt.len=2361 sha=bd98221e7278c641 gateWaitMs=2
20260924_194520 D/LiteRtRepository pid=32221 tid=32306 uptimeMs=66871242 msg=[3] init ok initMs=2
20260924_194522 D/LiteRtRepository pid=32221 tid=32221 uptimeMs=66873195 msg=[3] logicalDone=true
20260924_194522 D/LiteRtRepository pid=32221 tid=32221 uptimeMs=66873195 msg=[3] native cleanup safepoint
20260924_194522 D/AiViewModel pid=32221 tid=32337 uptimeMs=66873199 msg=run[3] stats: chunks=1, chars=2, raw.len=2
20260924_194522 D/AiViewModel pid=32221 tid=32337 uptimeMs=66873202 msg=run[3] sha(raw)=6017dbca8e3eeb2f73be4123b0032c736d8c8f9bf8c86e6631887342c06fec90
20260924_194522 I/AiViewModel pid=32221 tid=32337 uptimeMs=66873206 msg=run[3] done: phase=EVAL mode=EVAL_JSON score=null FU0.len=0 FU0.sha16=none commit=true err=<none>
20260924_194522 D/LiteRtRepository pid=32221 tid=32306 uptimeMs=66873208 msg=[3] Conversation reset completed after safepoint
20260924_194522 I/LiteRtRepository pid=32221 tid=32338 uptimeMs=66873209 msg=[3] finalize reason='native-terminated' totalMs=1972 inferenceMs=1967 firstTokenMs=1950 chunks=1 emittedChars=2 out.len=2 capturedAll=true logicalDone=true nativeTerminated=true cancelTag='null' lastDeltaMsAgo=17 lastEventMsAgo=14
20260924_194802 I/AiViewModel pid=32221 tid=32221 uptimeMs=67032855 msg=onCleared: ViewModel is being cleared -> stopCurrentRunInternal()
20260924_194810 I/AppRingLogStore pid=926 tid=926 uptimeMs=67040482 msg=install: pid=926 timeUtc=20260924_194810 uptimeMs=67040482
20260924_194810 D/SurveyApp pid=926 tid=926 uptimeMs=67040483 msg=attachBaseContext: pid=926 process=com.negi.survey.local isMain=true sdk=36
20260924_194810 D/SurveyApp pid=926 tid=926 uptimeMs=67040497 msg=onCreate: pid=926 process=com.negi.survey.local isMain=true sdk=36
