=== Previous Session Logcat ===
captured_time_utc=20260708_202045
captured_time_local=20260708_132045
marker=2026-07-08 08:03:54.681
preferred_prev_pid=-1
note=best-effort; buffers may be overwritten before next start
sdk=36
device=samsung SM-S931U1
appId=com.negi.survey
versionName=v0.0.1-20260318-172107
versionCode=22

=== Logcat (since marker) ===
--------- beginning of main
07-08 13:20:43.083 20027 20027 I Zygote  : Process 20027 created for com.negi.survey
07-08 13:20:43.083 20027 20027 I com.negi.survey: Using CollectorTypeCMC GC.
07-08 13:20:43.087 20027 20027 D nativeloader: Load libframework-connectivity-tiramisu-jni.so using APEX ns com_android_tethering for caller /apex/com.android.tethering/javalib/framework-connectivity-t.jar: ok
07-08 13:20:43.089 20027 20027 D ActivityThread: setConscryptValidator
07-08 13:20:43.089 20027 20027 D ActivityThread: setConscryptValidator - put
07-08 13:20:43.095 20027 20027 D ApplicationLoaders: Returning zygote-cached class loader: /system_ext/framework/androidx.window.extensions.jar
07-08 13:20:43.095 20027 20027 D ApplicationLoaders: Returning zygote-cached class loader: /system_ext/framework/androidx.window.sidecar.jar
07-08 13:20:43.107 20027 20027 I com.negi.survey: Could not load runtime generated app image: Boot image component count in /data/user/0/com.negi.survey/cache/oat_primary/arm64/base.art ends in the middle of a chunk, 53 is between 22 and 54
07-08 13:20:43.107 20027 20027 D nativeloader: Configuring clns-9 for other apk /data/app/~~iGpZo-lJAbYSSAaeRWZ8xw==/com.negi.survey-2KnbEk2cM_Zw9CsocNBXMA==/base.apk. target_sdk_version=36, uses_libraries=libOpenCL.so, library_path=/data/app/~~iGpZo-lJAbYSSAaeRWZ8xw==/com.negi.survey-2KnbEk2cM_Zw9CsocNBXMA==/lib/arm64:/data/app/~~iGpZo-lJAbYSSAaeRWZ8xw==/com.negi.survey-2KnbEk2cM_Zw9CsocNBXMA==/base.apk!/lib/arm64-v8a, permitted_path=/data:/mnt/expand:/data/user/0/com.negi.survey
07-08 13:20:43.114 20027 20027 V GraphicsEnvironment: Currently set values for:
07-08 13:20:43.115 20027 20027 V GraphicsEnvironment:   angle_gl_driver_selection_pkgs=[]
07-08 13:20:43.115 20027 20027 V GraphicsEnvironment:   angle_gl_driver_selection_values=[]
07-08 13:20:43.115 20027 20027 V GraphicsEnvironment: com.negi.survey is not listed in per-application setting
07-08 13:20:43.115 20027 20027 V GraphicsEnvironment: ANGLE allowlist from config: com.dreamgames.royalmatch com.dts.freefiremax com.dxx.firenow com.gramgames.mergedragons com.ludo.king com.mojang.minecraftpe com.my.defense com.nintendo.zaka com.os.airforce com.playrix.fishdomdd.gplay io.teslatech.callbreak jp.konami.prospia net.peakgames.toonblast
07-08 13:20:43.115 20027 20027 V GraphicsEnvironment: No special selections for ANGLE, returning default driver choice
07-08 13:20:43.115 20027 20027 V GraphicsEnvironment: App is not on the allowlist for updatable production driver.
07-08 13:20:43.168 20027 20027 D nativeloader: Load /data/app/~~iGpZo-lJAbYSSAaeRWZ8xw==/com.negi.survey-2KnbEk2cM_Zw9CsocNBXMA==/base.apk!/lib/arm64-v8a/liblitertlm_jni.so using class loader ns clns-9 (caller=/data/app/~~iGpZo-lJAbYSSAaeRWZ8xw==/com.negi.survey-2KnbEk2cM_Zw9CsocNBXMA==/base.apk!classes4.dex): ok
07-08 13:20:43.168 20027 20027 D SurveyApp: Loaded LiteRTLM JNI: litertlm_jni where=attachBaseContext
07-08 13:20:43.185 20027 20027 D AppRingLogStore: installed: dir=/data/user/0/com.negi.survey/files/diagnostics/applog_ring idx=0
07-08 13:20:43.189 20027 20027 D CrashCapture: install: ensured default handler. where=SurveyApp:attachBaseContext pid=20027 default=com.negi.survey.CrashCapture$CrashHandler@cb736e
07-08 13:20:43.190 20027 20061 D RuntimeLogStore: openWriter: start -> /data/user/0/com.negi.survey/files/diagnostics/runtime_logs/rtlog_20260708_202043_183_pid20027_seq1.log (bytes=0 format=LEGACY)
07-08 13:20:43.194 20027 20061 D RuntimeLogStore: retention: start files=2 kept=2 totalBytes=1769
07-08 13:20:43.195 20027 20027 D CrashCapture: install: ensured default handler. where=SurveyApp:onCreate(rewrap) pid=20027 default=com.negi.survey.CrashCapture$CrashHandler@cb736e
07-08 13:20:43.195 20027 20027 D CrashCapture: registerSelfHealing: ActivityLifecycleCallbacks registered. mode=onResumedOnly
07-08 13:20:43.203 20027 20064 D UploadRescheduleRcvr: No GitHub pending files for action=android.intent.action.BOOT_COMPLETED
07-08 13:20:43.227 20027 20064 D WM-PackageManagerHelper: Skipping component enablement for androidx.work.impl.background.systemjob.SystemJobService
07-08 13:20:43.227 20027 20064 D WM-Schedulers: Created SystemJobScheduler and enabled SystemJobService
07-08 13:20:43.234 20027 20068 D WM-ForceStopRunnable: Is default app process = true
07-08 13:20:43.234 20027 20068 D WM-ForceStopRunnable: Performing cleanup operations.
07-08 13:20:43.239 20027 20068 E ashmem  : Pinning is deprecated since Android Q. Please use trim or other methods.
07-08 13:20:43.245 20027 20068 D WM-SystemJobScheduler: Reconciling jobs
07-08 13:20:43.247 20027 20068 D WM-ForceStopRunnable: Found unfinished work, scheduling it.
07-08 13:20:43.256 20027 20064 D github_upload: choosePolicy: uniqueName=upload_runtime_logs_startup policy=REPLACE states=[SUCCEEDED]
07-08 13:20:43.256 20027 20064 D github_upload: enqueueStartupRuntimeLogsUpload: uniqueName=upload_runtime_logs_startup policy=REPLACE
07-08 13:20:43.257 20027 20091 D WM-PackageManagerHelper: Skipping component enablement for androidx.work.impl.background.systemalarm.RescheduleReceiver
07-08 13:20:43.259 20027 20064 D UploadRescheduleRcvr: Enqueued runtime logs upload for action=android.intent.action.BOOT_COMPLETED reason=receiver_boot_completed
07-08 13:20:43.271 20027 20088 D WM-SystemJobScheduler: Scheduling work ID 4072e88a-42ec-4396-a7f4-16a7c3c65b0eJob ID 32
07-08 13:20:43.272 20027 20088 D WM-GreedyScheduler: Starting tracking for 4072e88a-42ec-4396-a7f4-16a7c3c65b0e
07-08 13:20:43.276 20027 20088 D WM-ConstraintTracker: NetworkStateTracker24: initial state = NetworkState(isConnected=true, isValidated=true, isMetered=false, isNotRoaming=true, isBlocked=false)
07-08 13:20:43.276 20027 20088 D WM-NetworkStateTracker: Registering network callback
07-08 13:20:43.276 20027 20027 D WM-SystemJobService: onStartJob for WorkGenerationalId(workSpecId=4072e88a-42ec-4396-a7f4-16a7c3c65b0e, generation=0)
07-08 13:20:43.276 20027 20088 D ConnectivityManager: StackLog: [android.net.ConnectivityManager.sendRequestForNetwork(ConnectivityManager.java:4744)] [android.net.ConnectivityManager.registerDefaultNetworkCallbackForUid(ConnectivityManager.java:5469)] [android.net.ConnectivityManager.registerDefaultNetworkCallback(ConnectivityManager.java:5436)] [android.net.ConnectivityManager.registerDefaultNetworkCallback(ConnectivityManager.java:5410)] [androidx.work.impl.utils.NetworkApi24.registerDefaultNetworkCallbackCompat(NetworkApi24.kt:26)] [androidx.work.impl.constraints.trackers.NetworkStateTracker24.startTracking(NetworkStateTracker.kt:215)] [androidx.work.impl.constraints.trackers.ConstraintTracker.addListener(ConstraintTracker.kt:51)] [androidx.work.impl.constraints.controllers.BaseConstraintController$track$1.invokeSuspend(ContraintControllers.kt:62)] [androidx.work.impl.constraints.controllers.BaseConstraintController$track$1.invoke(Unknown Source:8)] [androidx.work.impl.constraints.controllers.BaseConstraintController$track$1.invoke(Unknown Source:4)] [kotlinx.coroutines.flow.ChannelFlowBuilder.collectTo$suspendImpl(Builders.kt:316)] [kotlinx.coroutines.flow.ChannelFlowBuilder.collectTo(Unknown Source:0)] [kotlinx.coroutines.flow.CallbackFlowBuilder.collectTo(Builders.kt:330)] [kotlinx.coroutines.flow.internal.ChannelFlow$collectToFun$1.invokeSuspend(ChannelFlow.kt:56)] [kotlin.coroutines.jvm.internal.BaseContinuationImpl.resumeWith(ContinuationImpl.kt:34)] [kotlinx.coroutines.DispatchedTask.run(DispatchedTask.kt:100)] [androidx.work.impl.utils.SerialExecutorImpl$Task.run(SerialExecutorImpl.java:96)] [java.util.concurrent.ThreadPoolExecutor.runWorker(ThreadPoolExecutor.java:1154)] [java.util.concurrent.ThreadPoolExecutor$Worker.run(ThreadPoolExecutor.java:652)] [java.lang.Thread.run(Thread.java:1564)]
07-08 13:20:43.278 20027 20088 D WM-PackageManagerHelper: androidx.work.impl.background.systemalarm.RescheduleReceiver enabled
07-08 13:20:43.278 20027 20100 D WM-NetworkStateTracker: Network capabilities changed: [ Transports: WIFI Capabilities: NOT_METERED&INTERNET&NOT_RESTRICTED&TRUSTED&NOT_VPN&VALIDATED&NOT_ROAMING&FOREGROUND&NOT_CONGESTED&NOT_SUSPENDED&NOT_VCN_MANAGED&NOT_BANDWIDTH_CONSTRAINED LinkUpBandwidth>=11186Kbps LinkDnBandwidth>=248015Kbps TransportInfo: <SSID: <unknown ssid>, BSSID: 02:00:00:00:00:00, MAC: 02:00:00:00:00:00, IP: /192.168.1.137, Security type: 4, Supplicant state: COMPLETED, Wi-Fi standard: 11ax, RSSI: -53, Link speed: 344Mbps, Tx Link speed: 344Mbps, Max Supported Tx Link speed: 573Mbps, Rx Link speed: 172Mbps, Max Supported Rx Link speed: 573Mbps, Frequency: 5220MHz, Net ID: -1, Metered hint: false, score: 60, isUsable: true, CarrierMerged: false, SubscriptionId: -1, IsPrimary: -1, Trusted: true, Restricted: false, Ephemeral: false, OEM paid: false, OEM private: false, OSU AP: false, FQDN: <none>, Provider friendly name: <none>, Requesting package name: <none><none>MLO Information: , Is TID-To-Link negotiation supported by the AP: false, AP MLD Address: <none>, AP MLO Link Id: <none>, AP MLO Affiliated links: <none>, Vendor Data: <none>> SignalStrength: -53 UnderlyingNetworks: Null]
07-08 13:20:43.278 20027 20100 D WM-NetworkStateTracker: Network blocked status changed: false
07-08 13:20:43.279 20027 20088 D WM-Processor: Processor: processing WorkGenerationalId(workSpecId=4072e88a-42ec-4396-a7f4-16a7c3c65b0e, generation=0)
07-08 13:20:43.281 20027 20088 D WM-GreedyScheduler: Constraints met: Scheduling work ID WorkGenerationalId(workSpecId=4072e88a-42ec-4396-a7f4-16a7c3c65b0e, generation=0)
07-08 13:20:43.281 20027 20027 D WM-WorkerWrapper: Starting work for com.negi.survey.net.GitHubUploadWorker
07-08 13:20:43.281 20027 20088 D WM-Processor: Work WorkGenerationalId(workSpecId=4072e88a-42ec-4396-a7f4-16a7c3c65b0e, generation=0) is already enqueued for processing
07-08 13:20:43.283 20027 20068 I WM-Processor: Moving WorkSpec (4072e88a-42ec-4396-a7f4-16a7c3c65b0e) to the foreground
07-08 13:20:43.286 20027 20091 D WM-WorkProgressUpdater: Updating progress for 4072e88a-42ec-4396-a7f4-16a7c3c65b0e (Data {pct : 3, mode : startup_runtime_logs})
07-08 13:20:43.288 20027 20091 I WM-Processor: Moving WorkSpec (4072e88a-42ec-4396-a7f4-16a7c3c65b0e) to the foreground
07-08 13:20:43.289 20027 20027 I WM-SystemFgDispatcher: Started foreground service Intent { act=ACTION_START_FOREGROUND xflg=0x4 cmp=com.negi.survey/androidx.work.impl.foreground.SystemForegroundService (has extras) }
07-08 13:20:43.289 20027 20027 D WM-SystemFgDispatcher: Notifying with (id:7207, workSpecId: 4072e88a-42ec-4396-a7f4-16a7c3c65b0e, notificationType :1)
07-08 13:20:43.289 20027 20027 W WM-SystemFgService: Unable to start foreground service
07-08 13:20:43.289 20027 20027 W WM-SystemFgService: android.app.ForegroundServiceStartNotAllowedException: FGS type dataSync not allowed to start from BOOT_COMPLETED!
07-08 13:20:43.289 20027 20027 W WM-SystemFgService: 	at android.app.ForegroundServiceStartNotAllowedException$1.createFromParcel(ForegroundServiceStartNotAllowedException.java:54)
07-08 13:20:43.289 20027 20027 W WM-SystemFgService: 	at android.app.ForegroundServiceStartNotAllowedException$1.createFromParcel(ForegroundServiceStartNotAllowedException.java:50)
07-08 13:20:43.289 20027 20027 W WM-SystemFgService: 	at android.os.Parcel.readParcelableInternal(Parcel.java:5277)
07-08 13:20:43.289 20027 20027 W WM-SystemFgService: 	at android.os.Parcel.readParcelable(Parcel.java:5258)
07-08 13:20:43.289 20027 20027 W WM-SystemFgService: 	at android.os.Parcel.createExceptionOrNull(Parcel.java:3383)
07-08 13:20:43.289 20027 20027 W WM-SystemFgService: 	at android.os.Parcel.createException(Parcel.java:3372)
07-08 13:20:43.289 20027 20027 W WM-SystemFgService: 	at android.os.Parcel.readException(Parcel.java:3355)
07-08 13:20:43.289 20027 20027 W WM-SystemFgService: 	at android.os.Parcel.readException(Parcel.java:3297)
07-08 13:20:43.289 20027 20027 W WM-SystemFgService: 	at android.app.IActivityManager$Stub$Proxy.setServiceForeground(IActivityManager.java:7682)
07-08 13:20:43.289 20027 20027 W WM-SystemFgService: 	at android.app.Service.startForeground(Service.java:862)
07-08 13:20:43.289 20027 20027 W WM-SystemFgService: 	at androidx.work.impl.foreground.SystemForegroundService$Api31Impl.startForeground(SystemForegroundService.java:192)
07-08 13:20:43.289 20027 20027 W WM-SystemFgService: 	at androidx.work.impl.foreground.SystemForegroundService.startForeground(SystemForegroundService.java:141)
07-08 13:20:43.289 20027 20027 W WM-SystemFgService: 	at androidx.work.impl.foreground.SystemForegroundDispatcher.handleNotify(SystemForegroundDispatcher.java:332)
07-08 13:20:43.289 20027 20027 W WM-SystemFgService: 	at androidx.work.impl.foreground.SystemForegroundDispatcher.onStartCommand(SystemForegroundDispatcher.java:221)
07-08 13:20:43.289 20027 20027 W WM-SystemFgService: 	at androidx.work.impl.foreground.SystemForegroundService.onStartCommand(SystemForegroundService.java:80)
07-08 13:20:43.289 20027 20027 W WM-SystemFgService: 	at android.app.ActivityThread.handleServiceArgs(ActivityThread.java:6453)
07-08 13:20:43.289 20027 20027 W WM-SystemFgService: 	at android.app.ActivityThread.-$$Nest$mhandleServiceArgs(Unknown Source:0)
07-08 13:20:43.289 20027 20027 W WM-SystemFgService: 	at android.app.ActivityThread$H.handleMessage(ActivityThread.java:3111)
07-08 13:20:43.289 20027 20027 W WM-SystemFgService: 	at android.os.Handler.dispatchMessage(Handler.java:132)
07-08 13:20:43.289 20027 20027 W WM-SystemFgService: 	at android.os.Looper.dispatchMessage(Looper.java:358)
07-08 13:20:43.289 20027 20027 W WM-SystemFgService: 	at android.os.Looper.loopOnce(Looper.java:288)
07-08 13:20:43.289 20027 20027 W WM-SystemFgService: 	at android.os.Looper.loop(Looper.java:392)
07-08 13:20:43.289 20027 20027 W WM-SystemFgService: 	at android.app.ActivityThread.main(ActivityThread.java:10346)
07-08 13:20:43.289 20027 20027 W WM-SystemFgService: 	at java.lang.reflect.Method.invoke(Native Method)
07-08 13:20:43.289 20027 20027 W WM-SystemFgService: 	at com.android.internal.os.RuntimeInit$MethodAndArgsCaller.run(RuntimeInit.java:638)
07-08 13:20:43.289 20027 20027 W WM-SystemFgService: 	at com.android.internal.os.ZygoteInit.main(ZygoteInit.java:972)
07-08 13:20:43.289 20027 20027 D WM-SystemFgDispatcher: Notifying with (id:7207, workSpecId: 4072e88a-42ec-4396-a7f4-16a7c3c65b0e, notificationType :1)
--------- beginning of system
07-08 13:20:43.290 20027 20027 I NotificationManager: com.negi.survey: notify(7207, null, Notification(channel=uploads shortcut=null contentView=null vibrate=null sound=null defaults=0 flags=ONGOING_EVENT|ONLY_ALERT_ONCE color=0x00000000 category=progress vis=PRIVATE semFlags=0x0 semPriority=0 semMissedCount=0 semScenarioType=0)) as user
07-08 13:20:43.290 20027 20027 D NotificationManager: BOOTING pkg =com.negi.survey mBlockedChannelsForOverflowNoti=[]
07-08 13:20:43.291 20027 20027 W WM-SystemFgService: Unable to start foreground service
07-08 13:20:43.291 20027 20027 W WM-SystemFgService: android.app.ForegroundServiceStartNotAllowedException: FGS type dataSync not allowed to start from BOOT_COMPLETED!
07-08 13:20:43.291 20027 20027 W WM-SystemFgService: 	at android.app.ForegroundServiceStartNotAllowedException$1.createFromParcel(ForegroundServiceStartNotAllowedException.java:54)
07-08 13:20:43.291 20027 20027 W WM-SystemFgService: 	at android.app.ForegroundServiceStartNotAllowedException$1.createFromParcel(ForegroundServiceStartNotAllowedException.java:50)
07-08 13:20:43.291 20027 20027 W WM-SystemFgService: 	at android.os.Parcel.readParcelableInternal(Parcel.java:5277)
07-08 13:20:43.291 20027 20027 W WM-SystemFgService: 	at android.os.Parcel.readParcelable(Parcel.java:5258)
07-08 13:20:43.291 20027 20027 W WM-SystemFgService: 	at android.os.Parcel.createExceptionOrNull(Parcel.java:3383)
07-08 13:20:43.291 20027 20027 W WM-SystemFgService: 	at android.os.Parcel.createException(Parcel.java:3372)
07-08 13:20:43.291 20027 20027 W WM-SystemFgService: 	at android.os.Parcel.readException(Parcel.java:3355)
07-08 13:20:43.291 20027 20027 W WM-SystemFgService: 	at android.os.Parcel.readException(Parcel.java:3297)
07-08 13:20:43.291 20027 20027 W WM-SystemFgService: 	at android.app.IActivityManager$Stub$Proxy.setServiceForeground(IActivityManager.java:7682)
07-08 13:20:43.291 20027 20027 W WM-SystemFgService: 	at android.app.Service.startForeground(Service.java:862)
07-08 13:20:43.291 20027 20027 W WM-SystemFgService: 	at androidx.work.impl.foreground.SystemForegroundService$Api31Impl.startForeground(SystemForegroundService.java:192)
07-08 13:20:43.291 20027 20027 W WM-SystemFgService: 	at androidx.work.impl.foreground.SystemForegroundService.startForeground(SystemForegroundService.java:141)
07-08 13:20:43.291 20027 20027 W WM-SystemFgService: 	at androidx.work.impl.foreground.SystemForegroundDispatcher.handleNotify(SystemForegroundDispatcher.java:332)
07-08 13:20:43.291 20027 20027 W WM-SystemFgService: 	at androidx.work.impl.foreground.SystemForegroundDispatcher.onStartCommand(SystemForegroundDispatcher.java:223)
07-08 13:20:43.291 20027 20027 W WM-SystemFgService: 	at androidx.work.impl.foreground.SystemForegroundService.onStartCommand(SystemForegroundService.java:80)
07-08 13:20:43.291 20027 20027 W WM-SystemFgService: 	at android.app.ActivityThread.handleServiceArgs(ActivityThread.java:6453)
07-08 13:20:43.291 20027 20027 W WM-SystemFgService: 	at android.app.ActivityThread.-$$Nest$mhandleServiceArgs(Unknown Source:0)
07-08 13:20:43.291 20027 20027 W WM-SystemFgService: 	at android.app.ActivityThread$H.handleMessage(ActivityThread.java:3111)
07-08 13:20:43.291 20027 20027 W WM-SystemFgService: 	at android.os.Handler.dispatchMessage(Handler.java:132)
07-08 13:20:43.291 20027 20027 W WM-SystemFgService: 	at android.os.Looper.dispatchMessage(Looper.java:358)
07-08 13:20:43.291 20027 20027 W WM-SystemFgService: 	at android.os.Looper.loopOnce(Looper.java:288)
07-08 13:20:43.291 20027 20027 W WM-SystemFgService: 	at android.os.Looper.loop(Looper.java:392)
07-08 13:20:43.291 20027 20027 W WM-SystemFgService: 	at android.app.ActivityThread.main(ActivityThread.java:10346)
07-08 13:20:43.291 20027 20027 W WM-SystemFgService: 	at java.lang.reflect.Method.invoke(Native Method)
07-08 13:20:43.291 20027 20027 W WM-SystemFgService: 	at com.android.internal.os.RuntimeInit$MethodAndArgsCaller.run(RuntimeInit.java:638)
07-08 13:20:43.291 20027 20027 W WM-SystemFgService: 	at com.android.internal.os.ZygoteInit.main(ZygoteInit.java:972)
07-08 13:20:43.291 20027 20027 D WM-SystemFgDispatcher: Notifying with (id:7207, workSpecId: 4072e88a-42ec-4396-a7f4-16a7c3c65b0e, notificationType :1)
07-08 13:20:43.291 20027 20027 I NotificationManager: com.negi.survey: notify(7207, null, Notification(channel=uploads shortcut=null contentView=null vibrate=null sound=null defaults=0 flags=ONGOING_EVENT|ONLY_ALERT_ONCE color=0x00000000 category=progress vis=PRIVATE semFlags=0x0 semPriority=0 semMissedCount=0 semScenarioType=0)) as user
07-08 13:20:43.292 20027 20027 W WM-SystemFgService: Unable to start foreground service
07-08 13:20:43.292 20027 20027 W WM-SystemFgService: android.app.ForegroundServiceStartNotAllowedException: FGS type dataSync not allowed to start from BOOT_COMPLETED!
07-08 13:20:43.292 20027 20027 W WM-SystemFgService: 	at android.app.ForegroundServiceStartNotAllowedException$1.createFromParcel(ForegroundServiceStartNotAllowedException.java:54)
07-08 13:20:43.292 20027 20027 W WM-SystemFgService: 	at android.app.ForegroundServiceStartNotAllowedException$1.createFromParcel(ForegroundServiceStartNotAllowedException.java:50)
07-08 13:20:43.292 20027 20027 W WM-SystemFgService: 	at android.os.Parcel.readParcelableInternal(Parcel.java:5277)
07-08 13:20:43.292 20027 20027 W WM-SystemFgService: 	at android.os.Parcel.readParcelable(Parcel.java:5258)
07-08 13:20:43.292 20027 20027 W WM-SystemFgService: 	at android.os.Parcel.createExceptionOrNull(Parcel.java:3383)
07-08 13:20:43.292 20027 20027 W WM-SystemFgService: 	at android.os.Parcel.createException(Parcel.java:3372)
07-08 13:20:43.292 20027 20027 W WM-SystemFgService: 	at android.os.Parcel.readException(Parcel.java:3355)
07-08 13:20:43.292 20027 20027 W WM-SystemFgService: 	at android.os.Parcel.readException(Parcel.java:3297)
07-08 13:20:43.292 20027 20027 W WM-SystemFgService: 	at android.app.IActivityManager$Stub$Proxy.setServiceForeground(IActivityManager.java:7682)
07-08 13:20:43.292 20027 20027 W WM-SystemFgService: 	at android.app.Service.startForeground(Service.java:862)
07-08 13:20:43.292 20027 20027 W WM-SystemFgService: 	at androidx.work.impl.foreground.SystemForegroundService$Api31Impl.startForeground(SystemForegroundService.java:192)
07-08 13:20:43.292 20027 20027 W WM-SystemFgService: 	at androidx.work.impl.foreground.SystemForegroundService.startForeground(SystemForegroundService.java:141)
07-08 13:20:43.292 20027 20027 W WM-SystemFgService: 	at androidx.work.impl.foreground.SystemForegroundDispatcher.handleNotify(SystemForegroundDispatcher.java:332)
07-08 13:20:43.292 20027 20027 W WM-SystemFgService: 	at androidx.work.impl.foreground.SystemForegroundDispatcher.onStartCommand(SystemForegroundDispatcher.java:223)
07-08 13:20:43.292 20027 20027 W WM-SystemFgService: 	at androidx.work.impl.foreground.SystemForegroundService.onStartCommand(SystemForegroundService.java:80)
07-08 13:20:43.292 20027 20027 W WM-SystemFgService: 	at android.app.ActivityThread.handleServiceArgs(ActivityThread.java:6453)
07-08 13:20:43.292 20027 20027 W WM-SystemFgService: 	at android.app.ActivityThread.-$$Nest$mhandleServiceArgs(Unknown Source:0)
07-08 13:20:43.292 20027 20027 W WM-SystemFgService: 	at android.app.ActivityThread$H.handleMessage(ActivityThread.java:3111)
07-08 13:20:43.292 20027 20027 W WM-SystemFgService: 	at android.os.Handler.dispatchMessage(Handler.java:132)
07-08 13:20:43.292 20027 20027 W WM-SystemFgService: 	at android.os.Looper.dispatchMessage(Looper.java:358)
07-08 13:20:43.292 20027 20027 W WM-SystemFgService: 	at android.os.Looper.loopOnce(Looper.java:288)
07-08 13:20:43.292 20027 20027 W WM-SystemFgService: 	at android.os.Looper.loop(Looper.java:392)
07-08 13:20:43.292 20027 20027 W WM-SystemFgService: 	at android.app.ActivityThread.main(ActivityThread.java:10346)
07-08 13:20:43.292 20027 20027 W WM-SystemFgService: 	at java.lang.reflect.Method.invoke(Native Method)
07-08 13:20:43.292 20027 20027 W WM-SystemFgService: 	at com.android.internal.os.RuntimeInit$MethodAndArgsCaller.run(RuntimeInit.java:638)
07-08 13:20:43.292 20027 20027 W WM-SystemFgService: 	at com.android.internal.os.ZygoteInit.main(ZygoteInit.java:972)
07-08 13:20:44.497 20027 20061 D RuntimeLogStore: openWriter: rotate:plain_snapshot:receiver_boot_completed -> /data/user/0/com.negi.survey/files/diagnostics/runtime_logs/rtlog_20260708_202044_493_pid20027_seq2.log (bytes=0 format=LEGACY)
07-08 13:20:44.497 20027 20061 D RuntimeLogStore: retention: rotate:plain_snapshot:receiver_boot_completed files=3 kept=3 totalBytes=3498
07-08 13:20:44.505 20027 20064 D github_upload: doRuntimeLogsUpload: remoteBaseDir=diagnostics/runtime_logs/2026-07-08/runtime_logs_20260708_132044_pid20027_receiver_boot_completed toUpload=3 bytes=4688 dedupe=true deleteSource=true deletedSourcePre=0 preview='plain_logs_manifest_20260708_202044_498_pid20027_receiver_boot_completed.json|runtime_log_20260708_202044_498_pid20027_receiver_boot_completed__rtlog_20260708_202043_183_pid20027_seq1.log|runtime_log_20260708_202044_498_pid20027_receiver_boot_completed__rtlog_20260708_150353_548_pid19783_seq2.log'
07-08 13:20:44.506 20027 20064 D GitHubUploader: uploadStream: owner=ishizuki-tech repo=SurveyExports branch=main path=diagnostics/runtime_logs/2026-07-08/runtime_logs_20260708_132044_pid20027_receiver_boot_completed/plain_logs_manifest_20260708_202044_498_pid20027_receiver_boot_completed.json size=1546 maxRawBytesHint=1000000 maxRequestBytesHint=2800000
07-08 13:20:44.506 20027 20068 D WM-WorkProgressUpdater: Updating progress for 4072e88a-42ec-4396-a7f4-16a7c3c65b0e (Data {pct : 10, mode : startup_runtime_logs})
07-08 13:20:44.508 20027 20068 I WM-Processor: Moving WorkSpec (4072e88a-42ec-4396-a7f4-16a7c3c65b0e) to the foreground
07-08 13:20:44.510 20027 20027 D WM-SystemFgDispatcher: Notifying with (id:7207, workSpecId: 4072e88a-42ec-4396-a7f4-16a7c3c65b0e, notificationType :1)
07-08 13:20:44.510 20027 20027 I NotificationManager: com.negi.survey: notify(7207, null, Notification(channel=uploads shortcut=null contentView=null vibrate=null sound=null defaults=0 flags=ONGOING_EVENT|ONLY_ALERT_ONCE color=0x00000000 category=progress vis=PRIVATE semFlags=0x0 semPriority=0 semMissedCount=0 semScenarioType=0)) as user
07-08 13:20:44.513 20027 20027 W WM-SystemFgService: Unable to start foreground service
07-08 13:20:44.513 20027 20027 W WM-SystemFgService: android.app.ForegroundServiceStartNotAllowedException: FGS type dataSync not allowed to start from BOOT_COMPLETED!
07-08 13:20:44.513 20027 20027 W WM-SystemFgService: 	at android.app.ForegroundServiceStartNotAllowedException$1.createFromParcel(ForegroundServiceStartNotAllowedException.java:54)
07-08 13:20:44.513 20027 20027 W WM-SystemFgService: 	at android.app.ForegroundServiceStartNotAllowedException$1.createFromParcel(ForegroundServiceStartNotAllowedException.java:50)
07-08 13:20:44.513 20027 20027 W WM-SystemFgService: 	at android.os.Parcel.readParcelableInternal(Parcel.java:5277)
07-08 13:20:44.513 20027 20027 W WM-SystemFgService: 	at android.os.Parcel.readParcelable(Parcel.java:5258)
07-08 13:20:44.513 20027 20027 W WM-SystemFgService: 	at android.os.Parcel.createExceptionOrNull(Parcel.java:3383)
07-08 13:20:44.513 20027 20027 W WM-SystemFgService: 	at android.os.Parcel.createException(Parcel.java:3372)
07-08 13:20:44.513 20027 20027 W WM-SystemFgService: 	at android.os.Parcel.readException(Parcel.java:3355)
07-08 13:20:44.513 20027 20027 W WM-SystemFgService: 	at android.os.Parcel.readException(Parcel.java:3297)
07-08 13:20:44.513 20027 20027 W WM-SystemFgService: 	at android.app.IActivityManager$Stub$Proxy.setServiceForeground(IActivityManager.java:7682)
07-08 13:20:44.513 20027 20027 W WM-SystemFgService: 	at android.app.Service.startForeground(Service.java:862)
07-08 13:20:44.513 20027 20027 W WM-SystemFgService: 	at androidx.work.impl.foreground.SystemForegroundService$Api31Impl.startForeground(SystemForegroundService.java:192)
07-08 13:20:44.513 20027 20027 W WM-SystemFgService: 	at androidx.work.impl.foreground.SystemForegroundService.startForeground(SystemForegroundService.java:141)
07-08 13:20:44.513 20027 20027 W WM-SystemFgService: 	at androidx.work.impl.foreground.SystemForegroundDispatcher.handleNotify(SystemForegroundDispatcher.java:332)
07-08 13:20:44.513 20027 20027 W WM-SystemFgService: 	at androidx.work.impl.foreground.SystemForegroundDispatcher.onStartCommand(SystemForegroundDispatcher.java:223)
07-08 13:20:44.513 20027 20027 W WM-SystemFgService: 	at androidx.work.impl.foreground.SystemForegroundService.onStartCommand(SystemForegroundService.java:80)
07-08 13:20:44.513 20027 20027 W WM-SystemFgService: 	at android.app.ActivityThread.handleServiceArgs(ActivityThread.java:6453)
07-08 13:20:44.513 20027 20027 W WM-SystemFgService: 	at android.app.ActivityThread.-$$Nest$mhandleServiceArgs(Unknown Source:0)
07-08 13:20:44.513 20027 20027 W WM-SystemFgService: 	at android.app.ActivityThread$H.handleMessage(ActivityThread.java:3111)
07-08 13:20:44.513 20027 20027 W WM-SystemFgService: 	at android.os.Handler.dispatchMessage(Handler.java:132)
07-08 13:20:44.513 20027 20027 W WM-SystemFgService: 	at android.os.Looper.dispatchMessage(Looper.java:358)
07-08 13:20:44.513 20027 20027 W WM-SystemFgService: 	at android.os.Looper.loopOnce(Looper.java:288)
07-08 13:20:44.513 20027 20027 W WM-SystemFgService: 	at android.os.Looper.loop(Looper.java:392)
07-08 13:20:44.513 20027 20027 W WM-SystemFgService: 	at android.app.ActivityThread.main(ActivityThread.java:10346)
07-08 13:20:44.513 20027 20027 W WM-SystemFgService: 	at java.lang.reflect.Method.invoke(Native Method)
07-08 13:20:44.513 20027 20027 W WM-SystemFgService: 	at com.android.internal.os.RuntimeInit$MethodAndArgsCaller.run(RuntimeInit.java:638)
07-08 13:20:44.513 20027 20027 W WM-SystemFgService: 	at com.android.internal.os.ZygoteInit.main(ZygoteInit.java:972)
07-08 13:20:44.778 20027 20091 D WM-WorkProgressUpdater: Updating progress for 4072e88a-42ec-4396-a7f4-16a7c3c65b0e (Data {pct : 12, mode : startup_runtime_logs})
07-08 13:20:44.779 20027 20091 I WM-Processor: Moving WorkSpec (4072e88a-42ec-4396-a7f4-16a7c3c65b0e) to the foreground
07-08 13:20:44.786 20027 20027 D WM-SystemFgDispatcher: Notifying with (id:7207, workSpecId: 4072e88a-42ec-4396-a7f4-16a7c3c65b0e, notificationType :1)
07-08 13:20:44.786 20027 20027 I NotificationManager: com.negi.survey: notify(7207, null, Notification(channel=uploads shortcut=null contentView=null vibrate=null sound=null defaults=0 flags=ONGOING_EVENT|ONLY_ALERT_ONCE color=0x00000000 category=progress vis=PRIVATE semFlags=0x0 semPriority=0 semMissedCount=0 semScenarioType=0)) as user
07-08 13:20:44.793 20027 20027 W WM-SystemFgService: Unable to start foreground service
07-08 13:20:44.793 20027 20027 W WM-SystemFgService: android.app.ForegroundServiceStartNotAllowedException: FGS type dataSync not allowed to start from BOOT_COMPLETED!
07-08 13:20:44.793 20027 20027 W WM-SystemFgService: 	at android.app.ForegroundServiceStartNotAllowedException$1.createFromParcel(ForegroundServiceStartNotAllowedException.java:54)
07-08 13:20:44.793 20027 20027 W WM-SystemFgService: 	at android.app.ForegroundServiceStartNotAllowedException$1.createFromParcel(ForegroundServiceStartNotAllowedException.java:50)
07-08 13:20:44.793 20027 20027 W WM-SystemFgService: 	at android.os.Parcel.readParcelableInternal(Parcel.java:5277)
07-08 13:20:44.793 20027 20027 W WM-SystemFgService: 	at android.os.Parcel.readParcelable(Parcel.java:5258)
07-08 13:20:44.793 20027 20027 W WM-SystemFgService: 	at android.os.Parcel.createExceptionOrNull(Parcel.java:3383)
07-08 13:20:44.793 20027 20027 W WM-SystemFgService: 	at android.os.Parcel.createException(Parcel.java:3372)
07-08 13:20:44.793 20027 20027 W WM-SystemFgService: 	at android.os.Parcel.readException(Parcel.java:3355)
07-08 13:20:44.793 20027 20027 W WM-SystemFgService: 	at android.os.Parcel.readException(Parcel.java:3297)
07-08 13:20:44.793 20027 20027 W WM-SystemFgService: 	at android.app.IActivityManager$Stub$Proxy.setServiceForeground(IActivityManager.java:7682)
07-08 13:20:44.793 20027 20027 W WM-SystemFgService: 	at android.app.Service.startForeground(Service.java:862)
07-08 13:20:44.793 20027 20027 W WM-SystemFgService: 	at androidx.work.impl.foreground.SystemForegroundService$Api31Impl.startForeground(SystemForegroundService.java:192)
07-08 13:20:44.793 20027 20027 W WM-SystemFgService: 	at androidx.work.impl.foreground.SystemForegroundService.startForeground(SystemForegroundService.java:141)
07-08 13:20:44.793 20027 20027 W WM-SystemFgService: 	at androidx.work.impl.foreground.SystemForegroundDispatcher.handleNotify(SystemForegroundDispatcher.java:332)
07-08 13:20:44.793 20027 20027 W WM-SystemFgService: 	at androidx.work.impl.foreground.SystemForegroundDispatcher.onStartCommand(SystemForegroundDispatcher.java:223)
07-08 13:20:44.793 20027 20027 W WM-SystemFgService: 	at androidx.work.impl.foreground.SystemForegroundService.onStartCommand(SystemForegroundService.java:80)
07-08 13:20:44.793 20027 20027 W WM-SystemFgService: 	at android.app.ActivityThread.handleServiceArgs(ActivityThread.java:6453)
07-08 13:20:44.793 20027 20027 W WM-SystemFgService: 	at android.app.ActivityThread.-$$Nest$mhandleServiceArgs(Unknown Source:0)
07-08 13:20:44.793 20027 20027 W WM-SystemFgService: 	at android.app.ActivityThread$H.handleMessage(ActivityThread.java:3111)
07-08 13:20:44.793 20027 20027 W WM-SystemFgService: 	at android.os.Handler.dispatchMessage(Handler.java:132)
07-08 13:20:44.793 20027 20027 W WM-SystemFgService: 	at android.os.Looper.dispatchMessage(Looper.java:358)
07-08 13:20:44.793 20027 20027 W WM-SystemFgService: 	at android.os.Looper.loopOnce(Looper.java:288)
07-08 13:20:44.793 20027 20027 W WM-SystemFgService: 	at android.os.Looper.loop(Looper.java:392)
07-08 13:20:44.793 20027 20027 W WM-SystemFgService: 	at android.app.ActivityThread.main(ActivityThread.java:10346)
07-08 13:20:44.793 20027 20027 W WM-SystemFgService: 	at java.lang.reflect.Method.invoke(Native Method)
07-08 13:20:44.793 20027 20027 W WM-SystemFgService: 	at com.android.internal.os.RuntimeInit$MethodAndArgsCaller.run(RuntimeInit.java:638)
07-08 13:20:44.793 20027 20027 W WM-SystemFgService: 	at com.android.internal.os.ZygoteInit.main(ZygoteInit.java:972)
07-08 13:20:44.794 20027 20091 D WM-WorkProgressUpdater: Updating progress for 4072e88a-42ec-4396-a7f4-16a7c3c65b0e (Data {pct : 33, mode : startup_runtime_logs})
07-08 13:20:44.797 20027 20091 I WM-Processor: Moving WorkSpec (4072e88a-42ec-4396-a7f4-16a7c3c65b0e) to the foreground
07-08 13:20:44.805 20027 20027 D WM-SystemFgDispatcher: Notifying with (id:7207, workSpecId: 4072e88a-42ec-4396-a7f4-16a7c3c65b0e, notificationType :1)
07-08 13:20:44.805 20027 20027 I NotificationManager: com.negi.survey: notify(7207, null, Notification(channel=uploads shortcut=null contentView=null vibrate=null sound=null defaults=0 flags=ONGOING_EVENT|ONLY_ALERT_ONCE color=0x00000000 category=progress vis=PRIVATE semFlags=0x0 semPriority=0 semMissedCount=0 semScenarioType=0)) as user
07-08 13:20:44.806 20027 20027 W WM-SystemFgService: Unable to start foreground service
07-08 13:20:44.806 20027 20027 W WM-SystemFgService: android.app.ForegroundServiceStartNotAllowedException: FGS type dataSync not allowed to start from BOOT_COMPLETED!
07-08 13:20:44.806 20027 20027 W WM-SystemFgService: 	at android.app.ForegroundServiceStartNotAllowedException$1.createFromParcel(ForegroundServiceStartNotAllowedException.java:54)
07-08 13:20:44.806 20027 20027 W WM-SystemFgService: 	at android.app.ForegroundServiceStartNotAllowedException$1.createFromParcel(ForegroundServiceStartNotAllowedException.java:50)
07-08 13:20:44.806 20027 20027 W WM-SystemFgService: 	at android.os.Parcel.readParcelableInternal(Parcel.java:5277)
07-08 13:20:44.806 20027 20027 W WM-SystemFgService: 	at android.os.Parcel.readParcelable(Parcel.java:5258)
07-08 13:20:44.806 20027 20027 W WM-SystemFgService: 	at android.os.Parcel.createExceptionOrNull(Parcel.java:3383)
07-08 13:20:44.806 20027 20027 W WM-SystemFgService: 	at android.os.Parcel.createException(Parcel.java:3372)
07-08 13:20:44.806 20027 20027 W WM-SystemFgService: 	at android.os.Parcel.readException(Parcel.java:3355)
07-08 13:20:44.806 20027 20027 W WM-SystemFgService: 	at android.os.Parcel.readException(Parcel.java:3297)
07-08 13:20:44.806 20027 20027 W WM-SystemFgService: 	at android.app.IActivityManager$Stub$Proxy.setServiceForeground(IActivityManager.java:7682)
07-08 13:20:44.806 20027 20027 W WM-SystemFgService: 	at android.app.Service.startForeground(Service.java:862)
07-08 13:20:44.806 20027 20027 W WM-SystemFgService: 	at androidx.work.impl.foreground.SystemForegroundService$Api31Impl.startForeground(SystemForegroundService.java:192)
07-08 13:20:44.806 20027 20027 W WM-SystemFgService: 	at androidx.work.impl.foreground.SystemForegroundService.startForeground(SystemForegroundService.java:141)
07-08 13:20:44.806 20027 20027 W WM-SystemFgService: 	at androidx.work.impl.foreground.SystemForegroundDispatcher.handleNotify(SystemForegroundDispatcher.java:332)
07-08 13:20:44.806 20027 20027 W WM-SystemFgService: 	at androidx.work.impl.foreground.SystemForegroundDispatcher.onStartCommand(SystemForegroundDispatcher.java:223)
07-08 13:20:44.806 20027 20027 W WM-SystemFgService: 	at androidx.work.impl.foreground.SystemForegroundService.onStartCommand(SystemForegroundService.java:80)
07-08 13:20:44.806 20027 20027 W WM-SystemFgService: 	at android.app.ActivityThread.handleServiceArgs(ActivityThread.java:6453)
07-08 13:20:44.806 20027 20027 W WM-SystemFgService: 	at android.app.ActivityThread.-$$Nest$mhandleServiceArgs(Unknown Source:0)
07-08 13:20:44.806 20027 20027 W WM-SystemFgService: 	at android.app.ActivityThread$H.handleMessage(ActivityThread.java:3111)
07-08 13:20:44.806 20027 20027 W WM-SystemFgService: 	at android.os.Handler.dispatchMessage(Handler.java:132)
07-08 13:20:44.806 20027 20027 W WM-SystemFgService: 	at android.os.Looper.dispatchMessage(Looper.java:358)
07-08 13:20:44.806 20027 20027 W WM-SystemFgService: 	at android.os.Looper.loopOnce(Looper.java:288)
07-08 13:20:44.806 20027 20027 W WM-SystemFgService: 	at android.os.Looper.loop(Looper.java:392)
07-08 13:20:44.806 20027 20027 W WM-SystemFgService: 	at android.app.ActivityThread.main(ActivityThread.java:10346)
07-08 13:20:44.806 20027 20027 W WM-SystemFgService: 	at java.lang.reflect.Method.invoke(Native Method)
07-08 13:20:44.806 20027 20027 W WM-SystemFgService: 	at com.android.internal.os.RuntimeInit$MethodAndArgsCaller.run(RuntimeInit.java:638)
07-08 13:20:44.806 20027 20027 W WM-SystemFgService: 	at com.android.internal.os.ZygoteInit.main(ZygoteInit.java:972)
07-08 13:20:45.702 20027 20089 D WM-WorkProgressUpdater: Updating progress for 4072e88a-42ec-4396-a7f4-16a7c3c65b0e (Data {pct : 34, mode : startup_runtime_logs})
07-08 13:20:45.703 20027 20089 I WM-Processor: Moving WorkSpec (4072e88a-42ec-4396-a7f4-16a7c3c65b0e) to the foreground
07-08 13:20:45.710 20027 20064 D GitHubUploader: uploadStream: done url=https://github.com/ishizuki-tech/SurveyExports/blob/main/diagnostics/runtime_logs/2026-07-08/runtime_logs_20260708_132044_pid20027_receiver_boot_completed/plain_logs_manifest_20260708_202044_498_pid20027_receiver_boot_completed.json sha=15dda0b1ce0ca76e2cefbd51042d0fd0786dbc42
07-08 13:20:45.716 20027 20065 D GitHubUploader: uploadStream: owner=ishizuki-tech repo=SurveyExports branch=main path=diagnostics/runtime_logs/2026-07-08/runtime_logs_20260708_132044_pid20027_receiver_boot_completed/runtime_log_20260708_202044_498_pid20027_receiver_boot_completed__rtlog_20260708_202043_183_pid20027_seq1.log size=1711 maxRawBytesHint=1000000 maxRequestBytesHint=2800000
07-08 13:20:45.721 20027 20091 D WM-WorkProgressUpdater: Updating progress for 4072e88a-42ec-4396-a7f4-16a7c3c65b0e (Data {pct : 36, mode : startup_runtime_logs})
07-08 13:20:45.725 20027 20091 I WM-Processor: Moving WorkSpec (4072e88a-42ec-4396-a7f4-16a7c3c65b0e) to the foreground
07-08 13:20:45.754 20027 20027 D github_upload: choosePolicy: uniqueName=upload_runtime_logs_startup policy=KEEP states=[RUNNING]
07-08 13:20:45.754 20027 20027 D github_upload: enqueueStartupRuntimeLogsUpload: uniqueName=upload_runtime_logs_startup policy=KEEP
07-08 13:20:45.755 20027 20027 D github_upload: choosePolicy: uniqueName=upload_ring_logs_startup policy=REPLACE states=[SUCCEEDED]
07-08 13:20:45.755 20027 20027 D github_upload: enqueueStartupRingLogsUpload: uniqueName=upload_ring_logs_startup policy=REPLACE
07-08 13:20:45.755 20027 20027 D WM-SystemFgDispatcher: Notifying with (id:7207, workSpecId: 4072e88a-42ec-4396-a7f4-16a7c3c65b0e, notificationType :1)
07-08 13:20:45.755 20027 20027 I NotificationManager: com.negi.survey: notify(7207, null, Notification(channel=uploads shortcut=null contentView=null vibrate=null sound=null defaults=0 flags=ONGOING_EVENT|ONLY_ALERT_ONCE color=0x00000000 category=progress vis=PRIVATE semFlags=0x0 semPriority=0 semMissedCount=0 semScenarioType=0)) as user
07-08 13:20:45.758 20027 21376 D CrashCapture: enqueuePendingCrashUploadsIfPossible enter where=SurveyApp:enqueuePending(immediate):bg pid=20027 thread=CrashCapture-Enqueue
07-08 13:20:45.769 20027 20027 W WM-SystemFgService: Unable to start foreground service
07-08 13:20:45.769 20027 20027 W WM-SystemFgService: android.app.ForegroundServiceStartNotAllowedException: FGS type dataSync not allowed to start from BOOT_COMPLETED!
07-08 13:20:45.769 20027 20027 W WM-SystemFgService: 	at android.app.ForegroundServiceStartNotAllowedException$1.createFromParcel(ForegroundServiceStartNotAllowedException.java:54)
07-08 13:20:45.769 20027 20027 W WM-SystemFgService: 	at android.app.ForegroundServiceStartNotAllowedException$1.createFromParcel(ForegroundServiceStartNotAllowedException.java:50)
07-08 13:20:45.769 20027 20027 W WM-SystemFgService: 	at android.os.Parcel.readParcelableInternal(Parcel.java:5277)
07-08 13:20:45.769 20027 20027 W WM-SystemFgService: 	at android.os.Parcel.readParcelable(Parcel.java:5258)
07-08 13:20:45.769 20027 20027 W WM-SystemFgService: 	at android.os.Parcel.createExceptionOrNull(Parcel.java:3383)
07-08 13:20:45.769 20027 20027 W WM-SystemFgService: 	at android.os.Parcel.createException(Parcel.java:3372)
07-08 13:20:45.769 20027 20027 W WM-SystemFgService: 	at android.os.Parcel.readException(Parcel.java:3355)
07-08 13:20:45.769 20027 20027 W WM-SystemFgService: 	at android.os.Parcel.readException(Parcel.java:3297)
07-08 13:20:45.769 20027 20027 W WM-SystemFgService: 	at android.app.IActivityManager$Stub$Proxy.setServiceForeground(IActivityManager.java:7682)
07-08 13:20:45.769 20027 20027 W WM-SystemFgService: 	at android.app.Service.startForeground(Service.java:862)
07-08 13:20:45.769 20027 20027 W WM-SystemFgService: 	at androidx.work.impl.foreground.SystemForegroundService$Api31Impl.startForeground(SystemForegroundService.java:192)
07-08 13:20:45.769 20027 20027 W WM-SystemFgService: 	at androidx.work.impl.foreground.SystemForegroundService.startForeground(SystemForegroundService.java:141)
07-08 13:20:45.769 20027 20027 W WM-SystemFgService: 	at androidx.work.impl.foreground.SystemForegroundDispatcher.handleNotify(SystemForegroundDispatcher.java:332)
07-08 13:20:45.769 20027 20027 W WM-SystemFgService: 	at androidx.work.impl.foreground.SystemForegroundDispatcher.onStartCommand(SystemForegroundDispatcher.java:223)
07-08 13:20:45.769 20027 20027 W WM-SystemFgService: 	at androidx.work.impl.foreground.SystemForegroundService.onStartCommand(SystemForegroundService.java:80)
07-08 13:20:45.769 20027 20027 W WM-SystemFgService: 	at android.app.ActivityThread.handleServiceArgs(ActivityThread.java:6453)
07-08 13:20:45.769 20027 20027 W WM-SystemFgService: 	at android.app.ActivityThread.-$$Nest$mhandleServiceArgs(Unknown Source:0)
07-08 13:20:45.769 20027 20027 W WM-SystemFgService: 	at android.app.ActivityThread$H.handleMessage(ActivityThread.java:3111)
07-08 13:20:45.769 20027 20027 W WM-SystemFgService: 	at android.os.Handler.dispatchMessage(Handler.java:132)
07-08 13:20:45.769 20027 20027 W WM-SystemFgService: 	at android.os.Looper.dispatchMessage(Looper.java:358)
07-08 13:20:45.769 20027 20027 W WM-SystemFgService: 	at android.os.Looper.loopOnce(Looper.java:288)
07-08 13:20:45.769 20027 20027 W WM-SystemFgService: 	at android.os.Looper.loop(Looper.java:392)
07-08 13:20:45.769 20027 20027 W WM-SystemFgService: 	at android.app.ActivityThread.main(ActivityThread.java:10346)
07-08 13:20:45.769 20027 20027 W WM-SystemFgService: 	at java.lang.reflect.Method.invoke(Native Method)
07-08 13:20:45.769 20027 20027 W WM-SystemFgService: 	at com.android.internal.os.RuntimeInit$MethodAndArgsCaller.run(RuntimeInit.java:638)
07-08 13:20:45.769 20027 20027 W WM-SystemFgService: 	at com.android.internal.os.ZygoteInit.main(ZygoteInit.java:972)
07-08 13:20:45.769 20027 20027 D WM-SystemFgDispatcher: Notifying with (id:7207, workSpecId: 4072e88a-42ec-4396-a7f4-16a7c3c65b0e, notificationType :1)
07-08 13:20:45.769 20027 20027 I NotificationManager: com.negi.survey: notify(7207, null, Notification(channel=uploads shortcut=null contentView=null vibrate=null sound=null defaults=0 flags=ONGOING_EVENT|ONLY_ALERT_ONCE color=0x00000000 category=progress vis=PRIVATE semFlags=0x0 semPriority=0 semMissedCount=0 semScenarioType=0)) as user
07-08 13:20:45.785 20027 20027 W WM-SystemFgService: Unable to start foreground service
07-08 13:20:45.785 20027 20027 W WM-SystemFgService: android.app.ForegroundServiceStartNotAllowedException: FGS type dataSync not allowed to start from BOOT_COMPLETED!
07-08 13:20:45.785 20027 20027 W WM-SystemFgService: 	at android.app.ForegroundServiceStartNotAllowedException$1.createFromParcel(ForegroundServiceStartNotAllowedException.java:54)
07-08 13:20:45.785 20027 20027 W WM-SystemFgService: 	at android.app.ForegroundServiceStartNotAllowedException$1.createFromParcel(ForegroundServiceStartNotAllowedException.java:50)
07-08 13:20:45.785 20027 20027 W WM-SystemFgService: 	at android.os.Parcel.readParcelableInternal(Parcel.java:5277)
07-08 13:20:45.785 20027 20027 W WM-SystemFgService: 	at android.os.Parcel.readParcelable(Parcel.java:5258)
07-08 13:20:45.785 20027 20027 W WM-SystemFgService: 	at android.os.Parcel.createExceptionOrNull(Parcel.java:3383)
07-08 13:20:45.785 20027 20027 W WM-SystemFgService: 	at android.os.Parcel.createException(Parcel.java:3372)
07-08 13:20:45.785 20027 20027 W WM-SystemFgService: 	at android.os.Parcel.readException(Parcel.java:3355)
07-08 13:20:45.785 20027 20027 W WM-SystemFgService: 	at android.os.Parcel.readException(Parcel.java:3297)
07-08 13:20:45.785 20027 20027 W WM-SystemFgService: 	at android.app.IActivityManager$Stub$Proxy.setServiceForeground(IActivityManager.java:7682)
07-08 13:20:45.785 20027 20027 W WM-SystemFgService: 	at android.app.Service.startForeground(Service.java:862)
07-08 13:20:45.785 20027 20027 W WM-SystemFgService: 	at androidx.work.impl.foreground.SystemForegroundService$Api31Impl.startForeground(SystemForegroundService.java:192)
07-08 13:20:45.785 20027 20027 W WM-SystemFgService: 	at androidx.work.impl.foreground.SystemForegroundService.startForeground(SystemForegroundService.java:141)
07-08 13:20:45.785 20027 20027 W WM-SystemFgService: 	at androidx.work.impl.foreground.SystemForegroundDispatcher.handleNotify(SystemForegroundDispatcher.java:332)
07-08 13:20:45.785 20027 20027 W WM-SystemFgService: 	at androidx.work.impl.foreground.SystemForegroundDispatcher.onStartCommand(SystemForegroundDispatcher.java:223)
07-08 13:20:45.785 20027 20027 W WM-SystemFgService: 	at androidx.work.impl.foreground.SystemForegroundService.onStartCommand(SystemForegroundService.java:80)
07-08 13:20:45.785 20027 20027 W WM-SystemFgService: 	at android.app.ActivityThread.handleServiceArgs(ActivityThread.java:6453)
07-08 13:20:45.785 20027 20027 W WM-SystemFgService: 	at android.app.ActivityThread.-$$Nest$mhandleServiceArgs(Unknown Source:0)
07-08 13:20:45.785 20027 20027 W WM-SystemFgService: 	at android.app.ActivityThread$H.handleMessage(ActivityThread.java:3111)
07-08 13:20:45.785 20027 20027 W WM-SystemFgService: 	at android.os.Handler.dispatchMessage(Handler.java:132)
07-08 13:20:45.785 20027 20027 W WM-SystemFgService: 	at android.os.Looper.dispatchMessage(Looper.java:358)
07-08 13:20:45.785 20027 20027 W WM-SystemFgService: 	at android.os.Looper.loopOnce(Looper.java:288)
07-08 13:20:45.785 20027 20027 W WM-SystemFgService: 	at android.os.Looper.loop(Looper.java:392)
07-08 13:20:45.785 20027 20027 W WM-SystemFgService: 	at android.app.ActivityThread.main(ActivityThread.java:10346)
07-08 13:20:45.785 20027 20027 W WM-SystemFgService: 	at java.lang.reflect.Method.invoke(Native Method)
07-08 13:20:45.785 20027 20027 W WM-SystemFgService: 	at com.android.internal.os.RuntimeInit$MethodAndArgsCaller.run(RuntimeInit.java:638)
07-08 13:20:45.785 20027 20027 W WM-SystemFgService: 	at com.android.internal.os.ZygoteInit.main(ZygoteInit.java:972)
07-08 13:20:45.798 20027 20068 D WM-SystemJobScheduler: Scheduling work ID c560889d-ff3b-4d31-abc4-283cfb47f1b0Job ID 33
07-08 13:20:45.807 20027 20068 D WM-GreedyScheduler: Starting tracking for c560889d-ff3b-4d31-abc4-283cfb47f1b0
07-08 13:20:45.808 20027 20068 D WM-GreedyScheduler: Constraints met: Scheduling work ID WorkGenerationalId(workSpecId=c560889d-ff3b-4d31-abc4-283cfb47f1b0, generation=0)
07-08 13:20:45.809 20027 20068 D WM-Processor: Processor: processing WorkGenerationalId(workSpecId=c560889d-ff3b-4d31-abc4-283cfb47f1b0, generation=0)
07-08 13:20:45.811 20027 20027 D WM-WorkerWrapper: Starting work for com.negi.survey.net.GitHubUploadWorker
07-08 13:20:45.823 20027 20068 I WM-Processor: Moving WorkSpec (c560889d-ff3b-4d31-abc4-283cfb47f1b0) to the foreground
07-08 13:20:45.835 20027 20027 I WM-SystemFgDispatcher: Started foreground service Intent { act=ACTION_START_FOREGROUND xflg=0x4 cmp=com.negi.survey/androidx.work.impl.foreground.SystemForegroundService (has extras) }
07-08 13:20:45.835 20027 20027 D WM-SystemFgDispatcher: Notifying with (id:4430, workSpecId: c560889d-ff3b-4d31-abc4-283cfb47f1b0, notificationType :1)
07-08 13:20:45.836 20027 20027 I NotificationManager: com.negi.survey: notify(4430, null, Notification(channel=uploads shortcut=null contentView=null vibrate=null sound=null defaults=0 flags=ONGOING_EVENT|ONLY_ALERT_ONCE color=0x00000000 category=progress vis=PRIVATE semFlags=0x0 semPriority=0 semMissedCount=0 semScenarioType=0)) as user
07-08 13:20:45.843 20027 20068 D WM-WorkProgressUpdater: Updating progress for c560889d-ff3b-4d31-abc4-283cfb47f1b0 (Data {pct : 3, mode : startup_ring_logs})
07-08 13:20:45.846 20027 20068 I WM-Processor: Moving WorkSpec (c560889d-ff3b-4d31-abc4-283cfb47f1b0) to the foreground
07-08 13:20:45.858 20027 20027 W WM-SystemFgService: Unable to start foreground service
07-08 13:20:45.858 20027 20027 W WM-SystemFgService: android.app.ForegroundServiceStartNotAllowedException: FGS type dataSync not allowed to start from BOOT_COMPLETED!
07-08 13:20:45.858 20027 20027 W WM-SystemFgService: 	at android.app.ForegroundServiceStartNotAllowedException$1.createFromParcel(ForegroundServiceStartNotAllowedException.java:54)
