=== RuntimeLogStore Header ===
ts=2026-09-29T03:35:41.403Z
fileNameFormat=LEGACY
appId=com.negi.survey
versionName=0.0.1
versionCode=1
debug=true
device=samsung SM-S731U
sdk=36
pid=16589
==============================
2026-09-29T03:35:41.403Z I/RuntimeLogStore [rtlog-io] start: actor launched (fileNameFormat=LEGACY)
2026-09-29T03:35:41.384Z D/SurveyApp [main] attachBaseContext: pid=16589 process=com.negi.survey isMain=true sdk=36
2026-09-29T03:35:41.385Z D/SurveyApp [main] bootTiming: attachBaseContext total=33ms
2026-09-29T03:35:41.385Z D/SurveyApp [main] Skipping WorkManager init in attachBaseContext; will init lazily on first enqueue.
2026-09-29T03:35:41.387Z D/SurveyApp [main] CrashCapture installed: where=SurveyApp:attachBaseContext
2026-09-29T03:35:41.409Z I/RuntimeLogStore [main] start repair: ctx/dir refreshed
2026-09-29T03:35:41.409Z D/SurveyApp [main] bootTiming: RuntimeLogStore.start took=0ms
2026-09-29T03:35:41.409Z D/SurveyApp [main] bootTiming: AppRingLogStore.install took=0ms
2026-09-29T03:35:41.409Z D/SurveyApp [main] onCreate: pid=16589 process=com.negi.survey isMain=true sdk=36
2026-09-29T03:35:41.415Z D/SurveyApp [main] CrashCapture installed: where=SurveyApp:onCreate(rewrap)
2026-09-29T03:35:41.415Z D/SurveyApp [main] CrashCapture self-healing registered.
2026-09-29T03:35:41.415Z W/SurveyApp [main] Startup enqueues deferred: delay=2500ms (to reduce init contention)
2026-09-29T03:35:41.416Z D/SurveyApp [main] Startup survey recovery deferred: delay=2500ms
2026-09-29T03:35:41.416Z D/SurveyApp [main] bootTiming: onCreate total=8ms
2026-09-29T03:35:41.445Z I/RuntimeLogStore [DefaultDispatcher-worker-1] start repair: ctx/dir refreshed
2026-09-29T03:35:43.012Z I/RuntimeLogStore [DefaultDispatcher-worker-1] start repair: ctx/dir refreshed
