=== RuntimeLogStore Header ===
ts=2026-09-08T03:15:07.351Z
fileNameFormat=LEGACY
appId=com.negi.survey
versionName=0.0.1
versionCode=43
debug=false
device=samsung SM-S931U1
sdk=36
pid=29791
==============================
2026-09-08T03:15:07.351Z I/RuntimeLogStore [rtlog-io] --- rotated (reason=plain_snapshot:app_start) ---
2026-09-08T03:19:15.313Z D/LiteRtLM [DefaultDispatcher-worker-4] Initializing LiteRT-LM: model='Gemma3n4B', key='Gemma3n4B|/data/data/com.negi.survey/files/gemma-3n-E4B-it-int4.litertlm'
2026-09-08T03:19:15.314Z D/LiteRtLM [DefaultDispatcher-worker-4] Capabilities: image=false audio=false
2026-09-08T03:19:15.314Z D/LiteRtLM [DefaultDispatcher-worker-4] Backend=com.google.ai.edge.litertlm.Backend$GPU@1023650 maxNumTokens=512 (raw=512) topK=1 topP=0.0 temp=0.0
2026-09-08T03:19:15.314Z D/LiteRtLM [DefaultDispatcher-worker-4] Model path='/data/data/com.negi.survey/files/gemma-3n-E4B-it-int4.litertlm' sizeBytes=4919541760 lastModified=1788837555157
2026-09-08T03:19:15.314Z D/LiteRtLM [DefaultDispatcher-worker-4] LiteRT-LM native benchmark policy: enabled=false emulator=false
2026-09-08T03:19:15.314Z D/LiteRtLM [DefaultDispatcher-worker-4] Speculative decoding / MTP policy: enabled=false runtimeFlagUpdated=true model='Gemma3n4B'
2026-09-08T03:19:15.314Z D/LiteRtLM [DefaultDispatcher-worker-4] Engine cacheDir resolved: key='Gemma3n4B|/data/data/com.negi.survey/files/gemma-3n-E4B-it-int4.litertlm' backend=com.google.ai.edge.litertlm.Backend$GPU@1023650 path='/data/user/0/com.negi.survey/no_backup/litertlm_cache/c92eac97fca88c669ce289f4e7127ded15915eae' filesBefore=0
2026-09-08T03:19:26.166Z W/LiteRtLM [DefaultDispatcher-worker-4] Engine.initialize completed: key='Gemma3n4B|/data/data/com.negi.survey/files/gemma-3n-E4B-it-int4.litertlm' backend=com.google.ai.edge.litertlm.Backend$GPU@1023650 took=10851ms cacheFilesAfter=2
