=== Previous Session Logcat ===
captured_time_utc=20260916_172430
captured_time_local=20260916_102430
marker=2026-09-15 15:24:58.415
preferred_prev_pid=-1
note=best-effort; buffers may be overwritten before next start
sdk=36
device=Google Pixel 9a
appId=com.negi.survey
versionName=0.0.1
versionCode=1

=== Logcat (since marker) ===
--------- beginning of main
09-16 10:24:27.505 19806 19806 I Zygote  : Process 19806 created for com.negi.survey
09-16 10:24:27.506 19806 19806 I com.negi.survey: Late-enabling -Xcheck:jni
09-16 10:24:27.572 19806 19806 I com.negi.survey: Using CollectorTypeCMC GC.
09-16 10:24:27.596 19806 19806 D nativeloader: Load libframework-connectivity-tiramisu-jni.so using APEX ns com_android_tethering for caller /apex/com.android.tethering/javalib/framework-connectivity-t.jar: ok
09-16 10:24:27.643 19806 19806 D ApplicationLoaders: Returning zygote-cached class loader: /system_ext/framework/androidx.window.extensions.jar
09-16 10:24:27.643 19806 19806 D ApplicationLoaders: Returning zygote-cached class loader: /system_ext/framework/androidx.window.sidecar.jar
09-16 10:24:28.192 19806 19806 D nativeloader: Configuring clns-9 for other apk /data/app/~~k095ud1xOEw0t3Xq8aXciQ==/com.negi.survey-_lRWT9OmZdRPjj5nnEXRpw==/base.apk. target_sdk_version=36, uses_libraries=libOpenCL.so:libOpenCL-pixel.so, library_path=/data/app/~~k095ud1xOEw0t3Xq8aXciQ==/com.negi.survey-_lRWT9OmZdRPjj5nnEXRpw==/lib/arm64:/data/app/~~k095ud1xOEw0t3Xq8aXciQ==/com.negi.survey-_lRWT9OmZdRPjj5nnEXRpw==/base.apk!/lib/arm64-v8a, permitted_path=/data:/mnt/expand:/data/user/0/com.negi.survey
09-16 10:24:28.204 19806 19806 V GraphicsEnvironment: Currently set values for:
09-16 10:24:28.204 19806 19806 V GraphicsEnvironment:   angle_gl_driver_selection_pkgs=[com.android.angle]
09-16 10:24:28.204 19806 19806 V GraphicsEnvironment:   angle_gl_driver_selection_values=[angle]
09-16 10:24:28.204 19806 19806 V GraphicsEnvironment: com.negi.survey is not listed in per-application setting
09-16 10:24:28.205 19806 19806 V GraphicsEnvironment: No special selections for ANGLE, returning default driver choice
09-16 10:24:28.205 19806 19806 V GraphicsEnvironment: Neither updatable production driver nor prerelease driver is supported.
09-16 10:24:28.245 19806 19806 D nativeloader: Load /data/app/~~k095ud1xOEw0t3Xq8aXciQ==/com.negi.survey-_lRWT9OmZdRPjj5nnEXRpw==/base.apk!/lib/arm64-v8a/liblitertlm_jni.so using class loader ns clns-9 (caller=/data/app/~~k095ud1xOEw0t3Xq8aXciQ==/com.negi.survey-_lRWT9OmZdRPjj5nnEXRpw==/base.apk!classes10.dex): ok
09-16 10:24:28.245 19806 19806 D SurveyApp: Loaded LiteRTLM JNI: litertlm_jni where=attachBaseContext
09-16 10:24:28.275 19806 19806 D AppRingLogStore: installed: dir=/data/user/0/com.negi.survey/files/diagnostics/applog_ring idx=0
09-16 10:24:28.275 19806 19806 D SurveyApp: attachBaseContext: pid=19806 process=com.negi.survey isMain=true sdk=36
09-16 10:24:28.276 19806 19806 D SurveyApp: bootTiming: attachBaseContext total=62ms
09-16 10:24:28.276 19806 19806 D SurveyApp: Skipping WorkManager init in attachBaseContext; will init lazily on first enqueue.
09-16 10:24:28.279 19806 19806 D CrashCapture: install: ensured default handler. where=SurveyApp:attachBaseContext pid=19806 default=com.negi.survey.CrashCapture$CrashHandler@6d64be
09-16 10:24:28.279 19806 19806 D SurveyApp: CrashCapture installed: where=SurveyApp:attachBaseContext
09-16 10:24:28.290 19806 19806 E com.negi.survey: hiddenapi: Accessing hidden method Landroid/net/ssl/EchConfigMismatchException;->getRetryConfigList()Landroid/net/ssl/EchConfigList; (runtime_flags=0, domain=core-platform, api=blocked) from /data/app/~~k095ud1xOEw0t3Xq8aXciQ==/com.negi.survey-_lRWT9OmZdRPjj5nnEXRpw==/base.apk!classes17.dex (domain=app, TargetSdkVersion=36) using linking: denied
09-16 10:24:28.290 19806 19806 E com.negi.survey: hiddenapi: Accessing hidden method Landroid/net/ssl/EchConfigList;->toBytes()[B (runtime_flags=0, domain=core-platform, api=blocked) from /data/app/~~k095ud1xOEw0t3Xq8aXciQ==/com.negi.survey-_lRWT9OmZdRPjj5nnEXRpw==/base.apk!classes17.dex (domain=app, TargetSdkVersion=36) using linking: denied
09-16 10:24:28.290 19806 19806 E com.negi.survey: hiddenapi: Accessing hidden method Landroid/net/ssl/EchConfigList;->fromBytes([B)Landroid/net/ssl/EchConfigList; (runtime_flags=0, domain=core-platform, api=blocked) from /data/app/~~k095ud1xOEw0t3Xq8aXciQ==/com.negi.survey-_lRWT9OmZdRPjj5nnEXRpw==/base.apk!classes17.dex (domain=app, TargetSdkVersion=36) using linking: denied
09-16 10:24:28.290 19806 19806 E com.negi.survey: hiddenapi: Accessing hidden method Landroid/net/ssl/SSLSockets;->setEchConfigList(Ljavax/net/ssl/SSLSocket;Landroid/net/ssl/EchConfigList;)V (runtime_flags=0, domain=core-platform, api=blocked) from /data/app/~~k095ud1xOEw0t3Xq8aXciQ==/com.negi.survey-_lRWT9OmZdRPjj5nnEXRpw==/base.apk!classes17.dex (domain=app, TargetSdkVersion=36) using linking: denied
09-16 10:24:28.340 19806 19806 D SurveyApp: LiteRTLM JNI already loaded; skip. where=onCreate(retry)
09-16 10:24:28.340 19806 19806 D SurveyApp: bootTiming: RuntimeLogStore.start took=0ms
09-16 10:24:28.340 19806 19806 D SurveyApp: bootTiming: AppRingLogStore.install took=0ms
09-16 10:24:28.341 19806 19806 D SurveyApp: onCreate: pid=19806 process=com.negi.survey isMain=true sdk=36
09-16 10:24:28.341 19806 19835 D RuntimeLogStore: openWriter: start -> /data/user/0/com.negi.survey/files/diagnostics/runtime_logs/rtlog_20260916_172428_265_pid19806_seq1.log (bytes=0 format=LEGACY)
09-16 10:24:28.347 19806 19835 D RuntimeLogStore: retention: start files=2 kept=2 totalBytes=13344
09-16 10:24:28.350 19806 19806 D CrashCapture: install: ensured default handler. where=SurveyApp:onCreate(rewrap) pid=19806 default=com.negi.survey.CrashCapture$CrashHandler@6d64be
09-16 10:24:28.350 19806 19806 D SurveyApp: CrashCapture installed: where=SurveyApp:onCreate(rewrap)
09-16 10:24:28.350 19806 19806 D CrashCapture: registerSelfHealing: ActivityLifecycleCallbacks registered. mode=onResumedOnly
09-16 10:24:28.350 19806 19806 D SurveyApp: CrashCapture self-healing registered.
09-16 10:24:28.350 19806 19806 W SurveyApp: Startup enqueues deferred: delay=2500ms (to reduce init contention)
09-16 10:24:28.350 19806 19806 D SurveyApp: bootTiming: onCreate total=11ms
09-16 10:24:28.418 19806 19837 D UploadRescheduleRcvr: No GitHub pending files for action=android.intent.action.MY_PACKAGE_REPLACED
09-16 10:24:28.490 19806 19837 D github_upload: enqueueStartupRuntimeLogsUpload: uniqueName=upload_runtime_logs_startup policy=KEEP session=startup_runtime_20260916_172428_f505cf5d
09-16 10:24:28.620 19806 19837 D WM-PackageManagerHelper: Skipping component enablement for androidx.work.impl.background.systemjob.SystemJobService
09-16 10:24:28.620 19806 19837 D WM-Schedulers: Created SystemJobScheduler and enabled SystemJobService
09-16 10:24:28.634 19806 19842 D WM-ForceStopRunnable: Is default app process = true
09-16 10:24:28.636 19806 19842 D WM-ForceStopRunnable: Performing cleanup operations.
09-16 10:24:28.661 19806 19837 D UploadRescheduleRcvr: Enqueued runtime logs upload for action=android.intent.action.MY_PACKAGE_REPLACED reason=receiver_my_package_replaced
09-16 10:24:28.749 19806 19842 D WM-SystemJobScheduler: Reconciling jobs
09-16 10:24:28.788 19806 19842 D WM-ForceStopRunnable: Found unfinished work, scheduling it.
09-16 10:24:28.942 19806 19844 D WM-SystemJobScheduler: Scheduling work ID 181a68bd-79af-4b2f-aa57-e4f85e2b5f42Job ID 32
09-16 10:24:28.960 19806 19844 D WM-GreedyScheduler: Starting tracking for 181a68bd-79af-4b2f-aa57-e4f85e2b5f42
09-16 10:24:28.969 19806 19806 D WM-SystemJobService: onStartJob for WorkGenerationalId(workSpecId=181a68bd-79af-4b2f-aa57-e4f85e2b5f42, generation=0)
09-16 10:24:29.013 19806 19845 D WM-Processor: Processor: processing WorkGenerationalId(workSpecId=181a68bd-79af-4b2f-aa57-e4f85e2b5f42, generation=0)
09-16 10:24:29.068 19806 19806 D WM-WorkerWrapper: Starting work for com.negi.survey.net.GitHubUploadWorker
09-16 10:24:29.076 19806 19845 D WM-WorkConstraintsTrack: NetworkRequestConstraintController register shared callback
09-16 10:24:29.109 19806 19845 D WM-PackageManagerHelper: androidx.work.impl.background.systemalarm.RescheduleReceiver enabled
09-16 10:24:29.120 19806 19845 I WM-Processor: Moving WorkSpec (181a68bd-79af-4b2f-aa57-e4f85e2b5f42) to the foreground
09-16 10:24:29.147 19806 19846 D WM-WorkConstraintsTrack: NetworkRequestConstraintController onCapabilitiesChanged callback
09-16 10:24:29.147 19806 19846 D WM-WorkConstraintsTrack: Not dispatching constraint state yet: isBlocked=null, capabilitiesInitialized=true
09-16 10:24:29.147 19806 19846 D WM-WorkConstraintsTrack: NetworkRequestConstraintController onBlockedStatusChanged callback false
09-16 10:24:29.148 19806 19843 D WM-WorkProgressUpdater: Updating progress for 181a68bd-79af-4b2f-aa57-e4f85e2b5f42 (Data {pct : 3, mode : startup_runtime_logs})
09-16 10:24:29.150 19806 19806 I WM-SystemFgDispatcher: Started foreground service Intent { act=ACTION_START_FOREGROUND xflg=0x4 cmp=com.negi.survey/androidx.work.impl.foreground.SystemForegroundService (has extras) }
09-16 10:24:29.151 19806 19806 D WM-SystemFgDispatcher: Notifying with (id:10812, workSpecId: 181a68bd-79af-4b2f-aa57-e4f85e2b5f42, notificationType :1)
09-16 10:24:29.158 19806 19806 D WM-SystemFgDispatcher: Notifying with (id:10812, workSpecId: 181a68bd-79af-4b2f-aa57-e4f85e2b5f42, notificationType :1)
09-16 10:24:29.176 19806 19845 I WM-Processor: Moving WorkSpec (181a68bd-79af-4b2f-aa57-e4f85e2b5f42) to the foreground
09-16 10:24:29.180 19806 19806 D WM-SystemFgDispatcher: Notifying with (id:10812, workSpecId: 181a68bd-79af-4b2f-aa57-e4f85e2b5f42, notificationType :1)
09-16 10:24:29.184 19806 19845 D WM-GreedyScheduler: Constraints met: Scheduling work ID WorkGenerationalId(workSpecId=181a68bd-79af-4b2f-aa57-e4f85e2b5f42, generation=0)
09-16 10:24:29.200 19806 19845 D WM-Processor: Work WorkGenerationalId(workSpecId=181a68bd-79af-4b2f-aa57-e4f85e2b5f42, generation=0) is already enqueued for processing
09-16 10:24:29.201 19806 19845 D WM-WorkConstraintsTrack: NetworkRequestConstraintController send initial capabilities
09-16 10:24:30.376 19806 19835 D RuntimeLogStore: openWriter: rotate:plain_snapshot:receiver_my_package_repl -> /data/user/0/com.negi.survey/files/diagnostics/runtime_logs/rtlog_20260916_172430_372_pid19806_seq2.log (bytes=0 format=LEGACY)
09-16 10:24:30.379 19806 19835 D RuntimeLogStore: retention: rotate:plain_snapshot:receiver_my_package_repl files=3 kept=3 totalBytes=15054
09-16 10:24:30.415 19806 19839 D github_upload: doRuntimeLogsUpload: remoteBaseDir=diagnostics/runtime_logs/2026-09-16/runtime_logs_startup_runtime_20260916_172428_f505cf5d_receiver_my_package_repl toUpload=2 bytes=14718 dedupe=true deleteSource=true deletedSourcePre=0 preview='runtime_log_20260916_172430_386_pid19806_receiver_my_package_repl__rtlog_20260916_172428_265_pid19806_seq1.log|runtime_log_20260916_172430_386_pid19806_receiver_my_package_repl__rtlog_20260915_222457_973_pid29396_seq2.log'
09-16 10:24:30.427 19806 19839 D GitHubUploader: uploadStream: owner=ishizuki-tech repo=SurveyExports branch=main path=diagnostics/runtime_logs/2026-09-16/runtime_logs_startup_runtime_20260916_172428_f505cf5d_receiver_my_package_repl/runtime_log_20260916_172430_386_pid19806_receiver_my_package_repl__rtlog_20260916_172428_265_pid19806_seq1.log size=1691 maxRawBytesHint=1000000 maxRequestBytesHint=2800000
09-16 10:24:30.430 19806 19842 D WM-WorkProgressUpdater: Updating progress for 181a68bd-79af-4b2f-aa57-e4f85e2b5f42 (Data {pct : 10, mode : startup_runtime_logs})
09-16 10:24:30.465 19806 19842 I WM-Processor: Moving WorkSpec (181a68bd-79af-4b2f-aa57-e4f85e2b5f42) to the foreground
09-16 10:24:30.470 19806 19806 D WM-SystemFgDispatcher: Notifying with (id:10812, workSpecId: 181a68bd-79af-4b2f-aa57-e4f85e2b5f42, notificationType :1)
09-16 10:24:30.853 19806 19806 W SurveyApp: Deferred startup enqueues begin...
09-16 10:24:30.857 19806 19806 D SurveyApp: WorkManager available. where=startupRtLogs(immediate) took=1ms
09-16 10:24:30.868 19806 19806 D SurveyApp: Startup runtime logs target -> owner=ishizuki-tech repo=SurveyExports branch=main base='/diagnostics/runtime_logs'
09-16 10:24:30.879 19806 19806 D github_upload: enqueueStartupRuntimeLogsUpload: uniqueName=upload_runtime_logs_startup policy=KEEP session=startup_runtime_20260916_172430_d69f0266
09-16 10:24:30.880 19806 19806 D SurveyApp: Startup runtime logs: enqueue requested (immediate).
09-16 10:24:30.880 19806 19806 D SurveyApp: WorkManager available. where=startupRingLogs(immediate) took=0ms
09-16 10:24:30.889 19806 19806 D SurveyApp: Startup ring logs target -> owner=ishizuki-tech repo=SurveyExports branch=main base='/diagnostics/applog_ring'
09-16 10:24:30.894 19806 19806 D github_upload: enqueueStartupRingLogsUpload: uniqueName=upload_ring_logs_startup policy=KEEP session=startup_ring_20260916_172430_96d5dd83
09-16 10:24:30.894 19806 19806 D SurveyApp: Startup ring logs: enqueue requested (immediate).
09-16 10:24:30.895 19806 19806 D SurveyApp: WorkManager available. where=enqueuePending(immediate) took=0ms
09-16 10:24:30.896 19806 19806 D SurveyApp: CrashCapture pending uploads requested (immediate).
09-16 10:24:30.897 19806 19806 W SurveyApp: Deferred startup enqueues done: took=45ms
09-16 10:24:30.898 19806 19855 D CrashCapture: enqueuePendingCrashUploadsIfPossible enter where=SurveyApp:enqueuePending(immediate):bg pid=19806 thread=CrashCapture-Enqueue
09-16 10:24:30.991 19806 19845 D WM-SystemJobScheduler: Scheduling work ID 0e630884-78fd-4dc4-9d26-5c7de4e1e80aJob ID 33
09-16 10:24:31.001 19806 19806 D WM-SystemJobService: onStartJob for WorkGenerationalId(workSpecId=0e630884-78fd-4dc4-9d26-5c7de4e1e80a, generation=0)
09-16 10:24:31.001 19806 19845 D WM-GreedyScheduler: Starting tracking for 0e630884-78fd-4dc4-9d26-5c7de4e1e80a
09-16 10:24:31.003 19806 19845 D WM-WorkProgressUpdater: Updating progress for 181a68bd-79af-4b2f-aa57-e4f85e2b5f42 (Data {pct : 14, mode : startup_runtime_logs})
09-16 10:24:31.020 19806 19845 I WM-Processor: Moving WorkSpec (181a68bd-79af-4b2f-aa57-e4f85e2b5f42) to the foreground
