=== RuntimeLogStore Header ===
ts=2026-09-13T04:45:19.851Z
fileNameFormat=LEGACY
appId=com.negi.survey
versionName=0.0.1
versionCode=43
debug=false
device=vivo V2202
sdk=35
pid=20439
==============================
2026-09-13T04:45:19.852Z I/RuntimeLogStore [rtlog-io] start: actor launched (fileNameFormat=LEGACY)
2026-09-13T04:45:19.859Z D/SurveyApp [main] attachBaseContext: pid=20439 process=com.negi.survey isMain=true sdk=35
2026-09-13T04:45:19.863Z D/SurveyApp [main] bootTiming: attachBaseContext total=289ms
2026-09-13T04:45:19.864Z D/SurveyApp [main] Skipping WorkManager init in attachBaseContext; will init lazily on first enqueue.
2026-09-13T04:45:19.865Z D/SurveyApp [main] CrashCapture installed: where=SurveyApp:attachBaseContext
2026-09-13T04:45:19.985Z I/RuntimeLogStore [main] start repair: ctx/dir refreshed
2026-09-13T04:45:19.987Z D/SurveyApp [main] bootTiming: RuntimeLogStore.start took=2ms
2026-09-13T04:45:19.988Z D/SurveyApp [main] bootTiming: AppRingLogStore.install took=0ms
2026-09-13T04:45:19.988Z D/SurveyApp [main] onCreate: pid=20439 process=com.negi.survey isMain=true sdk=35
2026-09-13T04:45:19.993Z D/SurveyApp [main] CrashCapture installed: where=SurveyApp:onCreate(rewrap)
2026-09-13T04:45:19.995Z D/SurveyApp [main] CrashCapture self-healing registered.
2026-09-13T04:45:19.995Z W/SurveyApp [main] Startup enqueues deferred: delay=2500ms (to reduce init contention)
2026-09-13T04:45:19.996Z D/SurveyApp [main] bootTiming: onCreate total=11ms
2026-09-13T04:45:20.092Z I/RuntimeLogStore [DefaultDispatcher-worker-2] start repair: ctx/dir refreshed
2026-09-13T04:45:22.508Z W/SurveyApp [main] Deferred startup enqueues begin...
2026-09-13T04:45:22.509Z D/SurveyApp [main] WorkManager available. where=startupRtLogs(immediate) took=0ms
2026-09-13T04:45:22.522Z D/SurveyApp [main] Startup runtime logs target -> owner=ishizuki-tech repo=SurveyExports branch=main base='/diagnostics/runtime_logs'
2026-09-13T04:45:22.524Z D/SurveyApp [main] Startup runtime logs: enqueue requested (immediate).
2026-09-13T04:45:22.524Z D/SurveyApp [main] WorkManager available. where=startupRingLogs(immediate) took=0ms
2026-09-13T04:45:22.527Z D/SurveyApp [main] Startup ring logs target -> owner=ishizuki-tech repo=SurveyExports branch=main base='/diagnostics/applog_ring'
2026-09-13T04:45:22.529Z D/SurveyApp [main] Startup ring logs: enqueue requested (immediate).
2026-09-13T04:45:22.529Z D/SurveyApp [main] WorkManager available. where=enqueuePending(immediate) took=0ms
2026-09-13T04:45:22.548Z D/SurveyApp [main] CrashCapture pending uploads requested (immediate).
2026-09-13T04:45:22.548Z W/SurveyApp [main] Deferred startup enqueues done: took=42ms
2026-09-13T04:45:24.527Z I/RuntimeLogStore [DefaultDispatcher-worker-1] start repair: ctx/dir refreshed
