=== RuntimeLogStore Header ===
ts=2026-09-29T05:21:25.986Z
fileNameFormat=LEGACY
appId=com.negi.survey
versionName=0.0.1
versionCode=1
debug=false
device=samsung SM-S731U
sdk=36
pid=9572
==============================
2026-09-29T05:21:25.986Z I/RuntimeLogStore [rtlog-io] --- rotated (reason=plain_snapshot:receiver_my_package_repl) ---
2026-09-29T05:21:26.938Z W/SurveyApp [main] Deferred startup enqueues begin...
2026-09-29T05:21:26.938Z D/SurveyApp [main] WorkManager available. where=startupRtLogs(immediate) took=0ms
2026-09-29T05:21:26.940Z D/SurveyApp [main] Startup runtime logs target -> owner=ishizuki-tech repo=SurveyExports branch=main base='/diagnostics/runtime_logs'
2026-09-29T05:21:26.941Z D/SurveyApp [main] Startup runtime logs: enqueue requested (immediate).
2026-09-29T05:21:26.942Z D/SurveyApp [main] WorkManager available. where=startupRingLogs(immediate) took=0ms
2026-09-29T05:21:26.942Z D/SurveyApp [main] Startup ring logs target -> owner=ishizuki-tech repo=SurveyExports branch=main base='/diagnostics/applog_ring'
2026-09-29T05:21:26.943Z D/SurveyApp [main] Startup ring logs: enqueue requested (immediate).
2026-09-29T05:21:26.943Z D/SurveyApp [main] WorkManager available. where=enqueuePending(immediate) took=0ms
2026-09-29T05:21:26.944Z D/SurveyApp [main] CrashCapture pending uploads requested (immediate).
2026-09-29T05:21:26.944Z W/SurveyApp [main] Deferred startup enqueues done: took=7ms
