=== RuntimeLogStore Header ===
ts=2026-10-02T00:22:09.225Z
fileNameFormat=LEGACY
appId=com.negi.survey
versionName=0.0.1
versionCode=110
debug=false
device=samsung SM-S731U
sdk=36
pid=25348
==============================
2026-10-02T00:22:09.225Z I/RuntimeLogStore [rtlog-io] start: actor launched (fileNameFormat=LEGACY)
2026-10-02T00:22:09.224Z D/SurveyApp [main] attachBaseContext: pid=25348 process=com.negi.survey isMain=true sdk=36
2026-10-02T00:22:09.224Z D/SurveyApp [main] bootTiming: attachBaseContext total=18ms
2026-10-02T00:22:09.224Z D/SurveyApp [main] Skipping WorkManager init in attachBaseContext; will init lazily on first enqueue.
2026-10-02T00:22:09.224Z D/SurveyApp [main] CrashCapture installed: where=SurveyApp:attachBaseContext
2026-10-02T00:22:09.227Z I/RuntimeLogStore [main] start repair: ctx/dir refreshed
2026-10-02T00:22:09.227Z D/SurveyApp [main] bootTiming: RuntimeLogStore.start took=0ms
2026-10-02T00:22:09.227Z D/SurveyApp [main] bootTiming: AppRingLogStore.install took=0ms
2026-10-02T00:22:09.227Z D/SurveyApp [main] onCreate: pid=25348 process=com.negi.survey isMain=true sdk=36
2026-10-02T00:22:09.228Z D/SurveyApp [main] CrashCapture installed: where=SurveyApp:onCreate(rewrap)
2026-10-02T00:22:09.228Z D/SurveyApp [main] CrashCapture self-healing registered.
2026-10-02T00:22:09.228Z W/SurveyApp [main] Startup enqueues deferred: delay=2500ms (to reduce init contention)
2026-10-02T00:22:09.228Z D/SurveyApp [main] Startup survey recovery deferred: delay=2500ms
2026-10-02T00:22:09.228Z D/SurveyApp [main] bootTiming: onCreate total=1ms
2026-10-02T00:22:09.233Z I/RuntimeLogStore [DefaultDispatcher-worker-1] start repair: ctx/dir refreshed
2026-10-02T00:22:10.543Z I/RuntimeLogStore [DefaultDispatcher-worker-3] start repair: ctx/dir refreshed
