=== RuntimeLogStore Header ===
ts=2026-08-31T00:59:38.391Z
fileNameFormat=LEGACY
appId=com.negi.survey
versionName=0.0.1
versionCode=1
debug=true
device=Google Pixel 9a
sdk=36
pid=1007
==============================
2026-08-31T00:59:38.392Z I/RuntimeLogStore [rtlog-io] start: actor launched (fileNameFormat=LEGACY)
2026-08-31T00:59:38.386Z D/SurveyApp [main] attachBaseContext: pid=1007 process=com.negi.survey isMain=true sdk=36
2026-08-31T00:59:38.387Z D/SurveyApp [main] bootTiming: attachBaseContext total=35ms
2026-08-31T00:59:38.387Z D/SurveyApp [main] Skipping WorkManager init in attachBaseContext; will init lazily on first enqueue.
2026-08-31T00:59:38.389Z D/SurveyApp [main] CrashCapture installed: where=SurveyApp:attachBaseContext
2026-08-31T00:59:38.400Z I/RuntimeLogStore [main] start repair: ctx/dir refreshed
2026-08-31T00:59:38.400Z D/SurveyApp [main] bootTiming: RuntimeLogStore.start took=0ms
2026-08-31T00:59:38.401Z D/SurveyApp [main] bootTiming: AppRingLogStore.install took=0ms
2026-08-31T00:59:38.401Z D/SurveyApp [main] onCreate: pid=1007 process=com.negi.survey isMain=true sdk=36
2026-08-31T00:59:38.404Z D/SurveyApp [main] CrashCapture installed: where=SurveyApp:onCreate(rewrap)
2026-08-31T00:59:38.404Z D/SurveyApp [main] CrashCapture self-healing registered.
2026-08-31T00:59:38.404Z W/SurveyApp [main] Startup enqueues deferred: delay=2500ms (to reduce init contention)
2026-08-31T00:59:38.404Z D/SurveyApp [main] bootTiming: onCreate total=4ms
2026-08-31T00:59:38.413Z I/RuntimeLogStore [DefaultDispatcher-worker-2] start repair: ctx/dir refreshed
2026-08-31T00:59:39.929Z I/RuntimeLogStore [DefaultDispatcher-worker-2] start repair: ctx/dir refreshed
