=== RuntimeLogStore Header ===
ts=2026-08-31T00:56:53.118Z
fileNameFormat=LEGACY
appId=com.negi.survey
versionName=0.0.1
versionCode=1
debug=true
device=Google Pixel 9a
sdk=36
pid=32703
==============================
2026-08-31T00:56:53.119Z I/RuntimeLogStore [rtlog-io] --- rotated (reason=plain_snapshot:receiver_my_package_repl) ---
2026-08-31T00:56:53.645Z W/SurveyApp [main] Deferred startup enqueues begin...
2026-08-31T00:56:53.646Z D/SurveyApp [main] WorkManager available. where=startupRtLogs(immediate) took=0ms
2026-08-31T00:56:53.649Z D/SurveyApp [main] Startup runtime logs target -> owner=ishizuki-tech repo=SurveyExports branch=main base='/diagnostics/runtime_logs'
2026-08-31T00:56:53.651Z D/SurveyApp [main] Startup runtime logs: enqueue requested (immediate).
2026-08-31T00:56:53.652Z D/SurveyApp [main] WorkManager available. where=startupRingLogs(immediate) took=0ms
2026-08-31T00:56:53.654Z D/SurveyApp [main] Startup ring logs target -> owner=ishizuki-tech repo=SurveyExports branch=main base='/diagnostics/applog_ring'
2026-08-31T00:56:53.656Z D/SurveyApp [main] Startup ring logs: enqueue requested (immediate).
2026-08-31T00:56:53.656Z D/SurveyApp [main] WorkManager available. where=enqueuePending(immediate) took=0ms
2026-08-31T00:56:53.657Z D/SurveyApp [main] CrashCapture pending uploads requested (immediate).
2026-08-31T00:56:53.657Z W/SurveyApp [main] Deferred startup enqueues done: took=12ms
