=== RuntimeLogStore Header ===
ts=2026-09-09T00:53:27.177Z
fileNameFormat=LEGACY
appId=com.negi.survey
versionName=0.0.1
versionCode=1
debug=true
device=Google Pixel 9a
sdk=36
pid=21247
==============================
2026-09-09T00:53:27.177Z I/RuntimeLogStore [rtlog-io] --- rotated (reason=plain_snapshot:app_start) ---
2026-09-09T00:53:31.297Z W/LiteRtLM [DefaultDispatcher-worker-2] Engine.initialize completed: key='gemma-3n-E4B-it|/data/user/0/com.negi.survey/files/models/gemma-3n-E4B-it-int4.litertlm' backend=com.google.ai.edge.litertlm.Backend$GPU@2f52529 took=7164ms cacheFilesAfter=2
2026-09-09T00:53:31.333Z D/LiteRtLM [DefaultDispatcher-worker-2] createConversation completed: key='gemma-3n-E4B-it|/data/user/0/com.negi.survey/files/models/gemma-3n-E4B-it-int4.litertlm' took=36ms
2026-09-09T00:53:31.335Z D/LiteRtLM [DefaultDispatcher-worker-2] LiteRT-LM initialization succeeded: model='gemma-3n-E4B-it', key='gemma-3n-E4B-it|/data/user/0/com.negi.survey/files/models/gemma-3n-E4B-it-int4.litertlm' engineMs=7164 conversationMs=36 totalMs=7212
2026-09-09T00:53:31.338Z D/AiTrace [Instr: androidx.test.runner.AndroidJUnitRunner] Installed (enabled=true ringEnabled=true)
2026-09-09T00:53:31.523Z D/SurveyVM [main] init -> Start, session=0, uuid=99255589-5f9e-43e7-af00-379502faee24, navSize=1, graphSize=20
2026-09-09T00:53:31.527Z D/SurveyVM [main] config.validate -> issues=0
2026-09-09T00:53:31.527Z D/SurveyVM [main] promptSources -> legacy=10, eval=0, follow=0
2026-09-09T00:53:31.527Z D/SurveyVM [main] promptSources.preview -> legacy=[Q10, Q11, Q12, Q13, Q14, Q15, Q16, Q17, Q8, Q9], eval=[], follow=[]
2026-09-09T00:53:31.528Z D/SurveyVM [main] hasTwoStepPrompt[Q10] -> true (eval=195, fu=220)
2026-09-09T00:53:31.528Z D/SurveyVM [main] hasTwoStepPrompt[Q11] -> true (eval=219, fu=244)
2026-09-09T00:53:31.528Z D/SurveyVM [main] hasTwoStepPrompt[Q12] -> true (eval=229, fu=254)
2026-09-09T00:53:31.528Z D/SurveyVM [main] hasTwoStepPrompt[Q13] -> true (eval=184, fu=209)
2026-09-09T00:53:31.528Z D/SurveyVM [main] hasTwoStepPrompt[Q14] -> true (eval=221, fu=246)
2026-09-09T00:53:31.528Z D/SurveyVM [main] hasTwoStepPrompt[Q15] -> true (eval=160, fu=185)
2026-09-09T00:53:31.528Z D/SurveyVM [main] hasTwoStepPrompt[Q16] -> true (eval=185, fu=210)
2026-09-09T00:53:31.528Z D/SurveyVM [main] hasTwoStepPrompt[Q17] -> true (eval=200, fu=225)
2026-09-09T00:53:31.528Z D/SurveyVM [main] hasTwoStepPrompt[Q8] -> true (eval=214, fu=239)
2026-09-09T00:53:31.528Z D/SurveyVM [main] hasTwoStepPrompt[Q9] -> true (eval=190, fu=215)
2026-09-09T00:53:31.528Z D/SurveyVM [main] AI prompt coverage OK (aiCount=10)
2026-09-09T00:53:31.548Z D/SurveyVM [main] hasTwoStepPrompt[Q8] -> true (eval=214, fu=239)
2026-09-09T00:53:32.041Z D/SurveyVM [main] resetAudioRefs -> cleared
2026-09-09T00:53:32.041Z D/SurveyVM [main] resetNavToStart -> key=com.negi.survey.vm.FlowHome@4ea7bc7, navSize=1
2026-09-09T00:53:32.041Z D/SurveyVM [main] resetToStart -> Start, session=1, uuid=cb5bfd8a-9796-40dc-b535-89803f121c91, preserveDraft=false, draftLen=0
2026-09-09T00:53:32.042Z D/SurveyVM [main] activateRunIfNeeded(goto:Q8) -> runNoteLen=0, draftCleared=true, uuid=cb5bfd8a-9796-40dc-b535-89803f121c91
2026-09-09T00:53:32.042Z D/SurveyVM [main] push -> Q8, navSize=2, stackSize=2
2026-09-09T00:53:32.045Z D/SurveyVM [main] hasTwoStepPrompt[Q8] -> true (eval=214, fu=239)
2026-09-09T00:53:32.069Z D/SurveyVM [Instr: androidx.test.runner.AndroidJUnitRunner] hasTwoStepPrompt[Q8] -> true (eval=214, fu=239)
2026-09-09T00:53:32.647Z D/SurveyVM [main] getEvalPrompt[Q8] -> len=293
2026-09-09T00:53:32.649Z D/AiViewModel [DefaultDispatcher-worker-8] run[1]: mode=EVAL_JSON phase=EVAL commit=true prompt.len=292, fullPrompt.len=1617, timeoutMs=60000
2026-09-09T00:53:32.651Z D/AiViewModel [DefaultDispatcher-worker-8] run[1]: sha(prompt)=d50398167cfe3427a9a984163543ec9195c21f4ec52a4794b3f712528412dd91 sha(full)=d15139d9c706e06d5e7d198f52622469c71040a7e7a4c7069f5d8fe84ed81114
2026-09-09T00:53:32.651Z I/FullPromptReview [DefaultDispatcher-worker-8] [part=000] run[1]: phase=EVAL FullPrompt
Evaluate only the original survey target using all supplied answers.
Return only compact JSON {"score":N,"missing_points":[],"followup_needed":false}. N must be an integer 1-100 for relevance, completeness and accuracy against the original target. Evaluate the original answer and all answered followup pairs together. Separate relevance from completeness. An answer can discuss the right topic but still be incomplete. Score 90-100 only when the respondent explicitly provides every material component requested by the Expected answer target and Question. Do not infer missing details from general knowledge, plausibility, or a bare statement that an event occurred. A concise answer may be complete. A verbose or relevant answer that omits any material requested component must score below 90. For example, saying that an event occurred without describing its requested effect is incomplete. For any score below 90, missing_points must contain the specific missing or ambiguous target-required information and followup_needed must be true. Otherwise missing_points is empty and followup_needed is false. Do not generate a question. Do not penalize style or request information outside the target. Write missing_points in English.
Keep missing_points concise.
One JSON object only; no markdown or generated question.
INPUT:
Expected answer target: Whether FAW affected the crop, and if so, a description of the effect (yield loss, damage type, etc.).
Question: Has fall armyworm ever affected your maize? If yes, how did it affect your crop?
Original answer: Fall armyworm affected my maize.
Answered followup pairs:
2026-09-09T00:53:32.664Z D/LiteRtRepository [DefaultDispatcher-worker-8] [1] request start model='gemma-3n-E4B-it' prompt.len=1617 sha=d15139d9c706e06d gateWaitMs=12
2026-09-09T00:53:32.665Z D/LiteRtRepository [DefaultDispatcher-worker-8] [part=000] [1] PROMPT (FULL) sha=d15139d9c706e06d
Evaluate only the original survey target using all supplied answers.
Return only compact JSON {"score":N,"missing_points":[],"followup_needed":false}. N must be an integer 1-100 for relevance, completeness and accuracy against the original target. Evaluate the original answer and all answered followup pairs together. Separate relevance from completeness. An answer can discuss the right topic but still be incomplete. Score 90-100 only when the respondent explicitly provides every material component requested by the Expected answer target and Question. Do not infer missing details from general knowledge, plausibility, or a bare statement that an event occurred. A concise answer may be complete. A verbose or relevant answer that omits any material requested component must score below 90. For example, saying that an event occurred without describing its requested effect is incomplete. For any score below 90, missing_points must contain the specific missing or ambiguous target-required information and followup_needed must be true. Otherwise missing_points is empty and followup_needed is false. Do not generate a question. Do not penalize style or request information outside the target. Write missing_points in English.
Keep missing_points concise.
One JSON object only; no markdown or generated question.
INPUT:
Expected answer target: Whether FAW affected the crop, and if so, a description of the effect (yield loss, damage type, etc.).
Question: Has fall armyworm ever affected your maize? If yes, how did it affect your crop?
Original answer: Fall armyworm affected my maize.
Answered followup pairs:
2026-09-09T00:53:32.669Z D/SLM [slm-jni] initializeIfNeeded: model='gemma-3n-E4B-it' image=false audio=false
2026-09-09T00:53:32.670Z D/LiteRtLM [slm-jni] initializeIfNeeded: warm runtime already ready: key='gemma-3n-E4B-it|/data/user/0/com.negi.survey/files/models/gemma-3n-E4B-it-int4.litertlm'
2026-09-09T00:53:32.671Z D/LiteRtRepository [DefaultDispatcher-worker-8] [1] initializeIfNeeded ok initMs=5
2026-09-09T00:53:32.675Z D/SLM [slm-jni] runInference: model='gemma-3n-E4B-it' textLen=1617 images=0 audio=0
2026-09-09T00:53:32.682Z D/LiteRtLM [DefaultDispatcher-worker-8] state[run:start] key='gemma-3n-E4B-it|/data/user/0/com.negi.survey/files/models/gemma-3n-E4B-it-int4.litertlm' runId=1 active=true terminated=false logicalDone=false cancel=false pendingCancel=false lastMsgAt=2195925161 lastTermAt=0
2026-09-09T00:53:32.683Z D/LiteRtLM [DefaultDispatcher-worker-8] runInference start: key='gemma-3n-E4B-it|/data/user/0/com.negi.survey/files/models/gemma-3n-E4B-it-int4.litertlm' runId=1 hasText=true originalTextLen=1617 effectiveTextLen=1617 images=0 audioClips=0
2026-09-09T00:53:32.685Z D/LiteRtLM [DefaultDispatcher-worker-8] LiteRT-LM sendMessageAsync(text): key='gemma-3n-E4B-it|/data/user/0/com.negi.survey/files/models/gemma-3n-E4B-it-int4.litertlm' runId=1 len=1617 maxOutputTokens=64
2026-09-09T00:53:32.730Z D/LiteRtLM [DefaultDispatcher-worker-8] sendMessageAsync accepted: key='gemma-3n-E4B-it|/data/user/0/com.negi.survey/files/models/gemma-3n-E4B-it-int4.litertlm' runId=1 dispatchMs=46
2026-09-09T00:53:36.681Z W/LiteRtLM [Thread-10] Inference first output: key='gemma-3n-E4B-it|/data/user/0/com.negi.survey/files/models/gemma-3n-E4B-it-int4.litertlm' runId=1 ttftMs=3996 dispatchMs=46 postDispatchTtftMs=3950 requestToFirstOutputMs=4001
2026-09-09T00:53:36.682Z D/LiteRtLM [Thread-10] stream[key=gemma-3n-E4B-it|/data/user/0/com.negi.survey/files/models/gemma-3n-E4B-it-int4.litertlm runId=1] msg#1 rawChunkLen=2 deltaLen=2 emittedChars=2
2026-09-09T00:53:36.682Z D/LiteRtRepository [main] stream[rid=1 msg#1] done=false deltaLen=2 outLen=2 outPreview='{"' deltaPreview='{"'
2026-09-09T00:53:36.683Z D/AiViewModel [DefaultDispatcher-worker-5] run[1] chunk[1].preview='{"'
2026-09-09T00:53:36.854Z D/AiViewModel [DefaultDispatcher-worker-5] run[1] chunk[2].preview='score'
2026-09-09T00:53:37.013Z D/AiViewModel [DefaultDispatcher-worker-5] run[1] chunk[3].preview='":'
2026-09-09T00:53:37.170Z D/AiViewModel [DefaultDispatcher-worker-5] run[1] chunk[4].preview='␠'
2026-09-09T00:53:37.328Z D/AiViewModel [DefaultDispatcher-worker-5] run[1] chunk[5].preview='8'
2026-09-09T00:53:37.483Z D/AiViewModel [DefaultDispatcher-worker-5] run[1] chunk[6].preview='5'
2026-09-09T00:53:37.642Z D/AiViewModel [DefaultDispatcher-worker-5] run[1] chunk[7].preview=','
2026-09-09T00:53:37.800Z D/LiteRtRepository [main] stream[rid=1 msg#8] done=false deltaLen=2 outLen=15 outPreview='{"score": 85, "' deltaPreview=' "'
2026-09-09T00:53:37.800Z D/AiViewModel [DefaultDispatcher-worker-5] run[1] chunk[8].preview='␠"'
2026-09-09T00:53:37.967Z D/AiViewModel [DefaultDispatcher-worker-5] run[1] chunk[9].preview='missing'
2026-09-09T00:53:38.123Z D/AiViewModel [DefaultDispatcher-worker-5] run[1] chunk[10].preview='_'
2026-09-09T00:53:38.282Z D/AiViewModel [DefaultDispatcher-worker-5] run[1] chunk[11].preview='points'
2026-09-09T00:53:38.442Z D/AiViewModel [DefaultDispatcher-worker-5] run[1] chunk[12].preview='":'
2026-09-09T00:53:38.598Z D/AiViewModel [DefaultDispatcher-worker-5] run[1] chunk[13].preview='␠["'
2026-09-09T00:53:38.785Z D/AiViewModel [DefaultDispatcher-worker-5] run[1] chunk[14].preview='yield'
2026-09-09T00:53:38.943Z D/AiViewModel [DefaultDispatcher-worker-5] run[1] chunk[15].preview='␠loss'
2026-09-09T00:53:39.097Z D/LiteRtLM [Thread-25] stream[key=gemma-3n-E4B-it|/data/user/0/com.negi.survey/files/models/gemma-3n-E4B-it-int4.litertlm runId=1] msg#16 rawChunkLen=1 deltaLen=1 emittedChars=45
2026-09-09T00:53:39.098Z D/LiteRtRepository [main] stream[rid=1 msg#16] done=false deltaLen=1 outLen=45 outPreview='{"score": 85, "missing_points": ["yield loss,' deltaPreview=','
2026-09-09T00:53:39.098Z D/AiViewModel [DefaultDispatcher-worker-8] run[1] chunk[16].preview=','
2026-09-09T00:53:39.257Z D/AiViewModel [DefaultDispatcher-worker-8] run[1] chunk[17].preview='␠damage'
2026-09-09T00:53:39.412Z D/AiViewModel [DefaultDispatcher-worker-8] run[1] chunk[18].preview='␠type'
2026-09-09T00:53:39.572Z D/AiViewModel [DefaultDispatcher-worker-8] run[1] chunk[19].preview='"],'
2026-09-09T00:53:39.735Z D/AiViewModel [DefaultDispatcher-worker-8] run[1] chunk[20].preview='␠"'
2026-09-09T00:53:39.892Z D/AiViewModel [DefaultDispatcher-worker-8] run[1] chunk[21].preview='follow'
2026-09-09T00:53:40.054Z D/AiViewModel [DefaultDispatcher-worker-8] run[1] chunk[22].preview='up'
2026-09-09T00:53:40.209Z D/AiViewModel [DefaultDispatcher-worker-8] run[1] chunk[23].preview='_'
2026-09-09T00:53:40.369Z D/LiteRtRepository [main] stream[rid=1 msg#24] done=false deltaLen=6 outLen=77 outPreview='{"score": 85, "missing_points": ["yield loss, damage type"], "followup_needed' deltaPreview='needed'
2026-09-09T00:53:40.369Z D/AiViewModel [DefaultDispatcher-worker-8] run[1] chunk[24].preview='needed'
2026-09-09T00:53:40.526Z D/AiViewModel [DefaultDispatcher-worker-8] run[1] chunk[25].preview='":'
2026-09-09T00:53:40.683Z D/AiViewModel [DefaultDispatcher-worker-8] run[1] chunk[26].preview='␠true'
2026-09-09T00:53:40.841Z D/AiViewModel [DefaultDispatcher-worker-8] run[1] chunk[27].preview='}'
2026-09-09T00:53:40.999Z D/LiteRtLM [Thread-37] state[logicalDone] key='gemma-3n-E4B-it|/data/user/0/com.negi.survey/files/models/gemma-3n-E4B-it-int4.litertlm' runId=1 active=true terminated=true logicalDone=true cancel=false pendingCancel=false lastMsgAt=2195933319 lastTermAt=2195933479
2026-09-09T00:53:41.003Z D/LiteRtLM [Thread-37] state[nativeDone:beforeRelease] key='gemma-3n-E4B-it|/data/user/0/com.negi.survey/files/models/gemma-3n-E4B-it-int4.litertlm' runId=1 active=true terminated=true logicalDone=true cancel=false pendingCancel=false lastMsgAt=2195933319 lastTermAt=2195933479
2026-09-09T00:53:41.004Z W/LiteRtLM [Thread-37] Inference timing: key='gemma-3n-E4B-it|/data/user/0/com.negi.survey/files/models/gemma-3n-E4B-it-int4.litertlm' runId=1 ttftMs=3996 dispatchMs=46 postDispatchTtftMs=3950 totalMs=8316 callbacks=27 outputChars=85 cancelled=false error=false requestTotalMs=8321
2026-09-09T00:53:41.007Z D/LiteRtRepository [main] [1] logical done=true; responseClosed=true; waiting native cleanup
2026-09-09T00:53:41.009Z D/LiteRtRepository [main] [1] native cleanup safepoint
2026-09-09T00:53:41.010Z D/AiViewModel [DefaultDispatcher-worker-6] run[1] stats: chunks=27, chars=85, raw.len=85
2026-09-09T00:53:41.012Z D/SLM [slm-jni] resetConversationAndWait: model='gemma-3n-E4B-it' image=false audio=false
2026-09-09T00:53:41.014Z D/AiViewModel [DefaultDispatcher-worker-6] run[1] sha(raw)=fc54d39ca92dffc403f8b90447b2f74fd739952d437cf803b69178a241b95870
2026-09-09T00:53:41.015Z D/AiViewModel [DefaultDispatcher-worker-6] run[1] rawVisible='{"score":␠85,␠"missing_points":␠["yield␠loss,␠damage␠type"],␠"followup_needed":␠true}'
2026-09-09T00:53:41.031Z D/AiViewModel [DefaultDispatcher-worker-6] run[1]: EVAL_JSON parsed score=85 followups=0 fu0=''
2026-09-09T00:53:41.031Z D/AiViewModel [DefaultDispatcher-worker-6] stepHistory+ runId=1 phase=EVAL mode=EVAL_JSON raw.len=85 score=85 FU=0 FU0='<none>' timeout=false err=null
2026-09-09T00:53:41.031Z I/AiViewModel [DefaultDispatcher-worker-6] run[1] done: phase=EVAL mode=EVAL_JSON score=85 FU0.len=0 FU0.sha16=none commit=true err=<none>
2026-09-09T00:53:41.032Z I/FullTextOut [DefaultDispatcher-worker-6] [part=000] run[1]: RawTextOut
{"score": 85, "missing_points": ["yield loss, damage type"], "followup_needed": true}
2026-09-09T00:53:41.036Z D/LiteRtRepository [DefaultDispatcher-worker-4] [1] Conversation reset completed after safepoint
2026-09-09T00:53:41.038Z D/SurveyVM [DefaultDispatcher-worker-6] getFollowupPrompt[Q8] -> len=390 evalLen=85
2026-09-09T00:53:41.039Z D/AiViewModel [DefaultDispatcher-worker-6] run[2]: mode=FOLLOWUP_JSON_OR_TEXT phase=FOLLOWUP commit=false prompt.len=390, fullPrompt.len=927, timeoutMs=60000
2026-09-09T00:53:41.040Z D/AiViewModel [DefaultDispatcher-worker-6] run[2]: sha(prompt)=02deb81b23579a09df7603d9e214d999d9df3313962d79dfe2c354243a685925 sha(full)=444bdd0bb0b7f6186fc4f4dbaf0544ac268195033304e15294a998d4b90d7698
2026-09-09T00:53:41.040Z D/LiteRtRepository [DefaultDispatcher-worker-5] [part=000] [1] FINALIZE: native-terminated
=== AI TRACE STATS (LiteRtRepository) ===
rid=1 model='gemma-3n-E4B-it' reason=native-terminated
totalMs=8376 inferenceMs=8367 firstTokenMs=4011
logicalDone=true logicalDoneAt=2195933484
nativeTerminated=true cancelTag='null'
lastDeltaMsAgo=199 lastEventMsAgo=30
chunks=27 emittedChars=85 capturedAll=true out.len=85
=== OUTPUT (FULL) ===
{"score": 85, "missing_points": ["yield loss, damage type"], "followup_needed": true}
2026-09-09T00:53:41.040Z I/FullPromptReview [DefaultDispatcher-worker-6] [part=000] run[2]: phase=FOLLOWUP FullPrompt
Evaluate only the original survey target using all supplied answers.
Generate exactly one short English question addressing one unresolved target-required deficiency in EVAL_JSON. Use the original target, original answer and accumulated answered followup pairs. Do not repeat an earlier question or ask for information already provided. Never add new objectives. Output only the question on one line; no JSON, score, analysis, labels, or quotes.
Keep the question short and single-scope.
Exactly one English question on one line.
INPUT:
Expected answer target: Whether FAW affected the crop, and if so, a description of the effect (yield loss, damage type, etc.).
Question: Has fall armyworm ever affected your maize? If yes, how did it affect your crop?
Original answer: Fall armyworm affected my maize.
Answered followup pairs: 
EVAL_JSON: {"score": 85, "missing_points": ["yield loss, damage type"], "followup_needed": true}
2026-09-09T00:53:41.041Z D/LiteRtRepository [DefaultDispatcher-worker-6] [2] request start model='gemma-3n-E4B-it' prompt.len=927 sha=444bdd0bb0b7f618 gateWaitMs=1
2026-09-09T00:53:41.042Z D/LiteRtRepository [DefaultDispatcher-worker-6] [part=000] [2] PROMPT (FULL) sha=444bdd0bb0b7f618
Evaluate only the original survey target using all supplied answers.
Generate exactly one short English question addressing one unresolved target-required deficiency in EVAL_JSON. Use the original target, original answer and accumulated answered followup pairs. Do not repeat an earlier question or ask for information already provided. Never add new objectives. Output only the question on one line; no JSON, score, analysis, labels, or quotes.
Keep the question short and single-scope.
Exactly one English question on one line.
INPUT:
Expected answer target: Whether FAW affected the crop, and if so, a description of the effect (yield loss, damage type, etc.).
Question: Has fall armyworm ever affected your maize? If yes, how did it affect your crop?
Original answer: Fall armyworm affected my maize.
Answered followup pairs: 
EVAL_JSON: {"score": 85, "missing_points": ["yield loss, damage type"], "followup_needed": true}
2026-09-09T00:53:41.042Z D/SLM [slm-jni] initializeIfNeeded: model='gemma-3n-E4B-it' image=false audio=false
2026-09-09T00:53:41.042Z D/LiteRtLM [slm-jni] initializeIfNeeded: warm runtime already ready: key='gemma-3n-E4B-it|/data/user/0/com.negi.survey/files/models/gemma-3n-E4B-it-int4.litertlm'
2026-09-09T00:53:41.043Z D/LiteRtRepository [DefaultDispatcher-worker-6] [2] initializeIfNeeded ok initMs=1
2026-09-09T00:53:41.043Z D/SLM [slm-jni] runInference: model='gemma-3n-E4B-it' textLen=927 images=0 audio=0
2026-09-09T00:53:41.044Z D/LiteRtLM [DefaultDispatcher-worker-6] state[run:start] key='gemma-3n-E4B-it|/data/user/0/com.negi.survey/files/models/gemma-3n-E4B-it-int4.litertlm' runId=2 active=true terminated=false logicalDone=false cancel=false pendingCancel=false lastMsgAt=2195933523 lastTermAt=2195933479
2026-09-09T00:53:41.044Z D/LiteRtLM [DefaultDispatcher-worker-6] runInference start: key='gemma-3n-E4B-it|/data/user/0/com.negi.survey/files/models/gemma-3n-E4B-it-int4.litertlm' runId=2 hasText=true originalTextLen=927 effectiveTextLen=927 images=0 audioClips=0
2026-09-09T00:53:41.044Z D/LiteRtLM [DefaultDispatcher-worker-6] LiteRT-LM sendMessageAsync(text): key='gemma-3n-E4B-it|/data/user/0/com.negi.survey/files/models/gemma-3n-E4B-it-int4.litertlm' runId=2 len=927 maxOutputTokens=64
2026-09-09T00:53:41.049Z D/LiteRtLM [DefaultDispatcher-worker-6] sendMessageAsync accepted: key='gemma-3n-E4B-it|/data/user/0/com.negi.survey/files/models/gemma-3n-E4B-it-int4.litertlm' runId=2 dispatchMs=5
2026-09-09T00:53:42.202Z W/LiteRtLM [Thread-38] Inference first output: key='gemma-3n-E4B-it|/data/user/0/com.negi.survey/files/models/gemma-3n-E4B-it-int4.litertlm' runId=2 ttftMs=1157 dispatchMs=5 postDispatchTtftMs=1152 requestToFirstOutputMs=1158
2026-09-09T00:53:42.202Z D/LiteRtLM [Thread-38] stream[key=gemma-3n-E4B-it|/data/user/0/com.negi.survey/files/models/gemma-3n-E4B-it-int4.litertlm runId=2] msg#1 rawChunkLen=3 deltaLen=3 emittedChars=3
2026-09-09T00:53:42.204Z D/LiteRtRepository [main] stream[rid=2 msg#1] done=false deltaLen=3 outLen=3 outPreview='Can' deltaPreview='Can'
2026-09-09T00:53:42.204Z D/AiViewModel [DefaultDispatcher-worker-5] run[2] chunk[1].preview='Can'
2026-09-09T00:53:42.379Z D/AiViewModel [DefaultDispatcher-worker-5] run[2] chunk[2].preview='␠you'
2026-09-09T00:53:42.536Z D/AiViewModel [DefaultDispatcher-worker-5] run[2] chunk[3].preview='␠describe'
2026-09-09T00:53:42.710Z D/AiViewModel [DefaultDispatcher-worker-5] run[2] chunk[4].preview='␠the'
2026-09-09T00:53:42.869Z D/AiViewModel [DefaultDispatcher-worker-5] run[2] chunk[5].preview='␠specific'
2026-09-09T00:53:43.032Z D/AiViewModel [DefaultDispatcher-worker-5] run[2] chunk[6].preview='␠yield'
2026-09-09T00:53:43.190Z D/AiViewModel [DefaultDispatcher-worker-5] run[2] chunk[7].preview='␠loss'
2026-09-09T00:53:43.347Z D/LiteRtRepository [main] stream[rid=2 msg#8] done=false deltaLen=3 outLen=43 outPreview='Can you describe the specific yield loss or' deltaPreview=' or'
2026-09-09T00:53:43.347Z D/AiViewModel [DefaultDispatcher-worker-5] run[2] chunk[8].preview='␠or'
2026-09-09T00:53:43.505Z D/AiViewModel [DefaultDispatcher-worker-5] run[2] chunk[9].preview='␠damage'
2026-09-09T00:53:43.662Z D/AiViewModel [DefaultDispatcher-worker-5] run[2] chunk[10].preview='␠caused'
2026-09-09T00:53:43.821Z D/AiViewModel [DefaultDispatcher-worker-5] run[2] chunk[11].preview='␠by'
2026-09-09T00:53:43.978Z D/AiViewModel [DefaultDispatcher-worker-5] run[2] chunk[12].preview='␠the'
2026-09-09T00:53:44.133Z D/AiViewModel [DefaultDispatcher-worker-5] run[2] chunk[13].preview='␠fall'
2026-09-09T00:53:44.291Z D/AiViewModel [DefaultDispatcher-worker-5] run[2] chunk[14].preview='␠army'
2026-09-09T00:53:44.449Z D/AiViewModel [DefaultDispatcher-worker-5] run[2] chunk[15].preview='worm'
2026-09-09T00:53:44.612Z D/LiteRtLM [Thread-53] stream[key=gemma-3n-E4B-it|/data/user/0/com.negi.survey/files/models/gemma-3n-E4B-it-int4.litertlm runId=2] msg#16 rawChunkLen=3 deltaLen=3 emittedChars=81
2026-09-09T00:53:44.613Z D/LiteRtRepository [main] stream[rid=2 msg#16] done=false deltaLen=3 outLen=81 outPreview='Can you describe the specific yield loss or damage caused by the fall armyworm on' deltaPreview=' on'
2026-09-09T00:53:44.613Z D/AiViewModel [DefaultDispatcher-worker-5] run[2] chunk[16].preview='␠on'
2026-09-09T00:53:44.773Z D/AiViewModel [DefaultDispatcher-worker-5] run[2] chunk[17].preview='␠your'
2026-09-09T00:53:44.928Z D/AiViewModel [DefaultDispatcher-worker-5] run[2] chunk[18].preview='␠maize'
2026-09-09T00:53:45.086Z D/AiViewModel [DefaultDispatcher-worker-5] run[2] chunk[19].preview='?'
2026-09-09T00:53:45.247Z D/LiteRtLM [Thread-57] state[logicalDone] key='gemma-3n-E4B-it|/data/user/0/com.negi.survey/files/models/gemma-3n-E4B-it-int4.litertlm' runId=2 active=true terminated=true logicalDone=true cancel=false pendingCancel=false lastMsgAt=2195937564 lastTermAt=2195937726
2026-09-09T00:53:45.248Z D/LiteRtLM [Thread-57] state[nativeDone:beforeRelease] key='gemma-3n-E4B-it|/data/user/0/com.negi.survey/files/models/gemma-3n-E4B-it-int4.litertlm' runId=2 active=true terminated=true logicalDone=true cancel=false pendingCancel=false lastMsgAt=2195937564 lastTermAt=2195937726
2026-09-09T00:53:45.248Z W/LiteRtLM [Thread-57] Inference timing: key='gemma-3n-E4B-it|/data/user/0/com.negi.survey/files/models/gemma-3n-E4B-it-int4.litertlm' runId=2 ttftMs=1157 dispatchMs=5 postDispatchTtftMs=1152 totalMs=4202 callbacks=19 outputChars=93 cancelled=false error=false requestTotalMs=4203
2026-09-09T00:53:45.251Z D/LiteRtRepository [main] [2] logical done=true; responseClosed=true; waiting native cleanup
2026-09-09T00:53:45.252Z D/LiteRtRepository [main] [2] native cleanup safepoint
2026-09-09T00:53:45.253Z D/SLM [slm-jni] resetConversationAndWait: model='gemma-3n-E4B-it' image=false audio=false
2026-09-09T00:53:45.253Z D/AiViewModel [DefaultDispatcher-worker-8] run[2] stats: chunks=19, chars=93, raw.len=93
2026-09-09T00:53:45.256Z D/AiViewModel [DefaultDispatcher-worker-8] run[2] sha(raw)=900eb5a23a12a30d2aa36564da4e4d1929d93cc7d6b14110f0764f17ddc126e3
2026-09-09T00:53:45.257Z D/AiViewModel [DefaultDispatcher-worker-8] run[2] rawVisible='Can␠you␠describe␠the␠specific␠yield␠loss␠or␠damage␠caused␠by␠the␠fall␠armyworm␠on␠your␠maize?'
2026-09-09T00:53:45.260Z D/AiViewModel [DefaultDispatcher-worker-8] run[2]: FOLLOWUP parse extractorQ='Can␠you␠describe␠the␠specific␠yield␠loss␠or␠damage␠caused␠by␠the␠fall␠armyworm␠on␠your␠maize?' textQ='Can␠you␠describe␠the␠specific␠yield␠loss␠or␠damage␠caused␠by␠the␠fall␠armyworm␠on␠your␠maize?' best='Can␠you␠describe␠the␠specific␠yield␠loss␠or␠damage␠caused␠by␠the␠fall␠armyworm␠on␠your␠maize?'
2026-09-09T00:53:45.260Z D/AiViewModel [DefaultDispatcher-worker-8] stepHistory+ runId=2 phase=FOLLOWUP mode=FOLLOWUP_JSON_OR_TEXT raw.len=93 score=null FU=1 FU0='Can␠you␠describe␠the␠specific␠yield␠loss␠or␠damage␠caused␠by␠the␠fall␠armyworm␠on␠your␠maize?' timeout=false err=null
2026-09-09T00:53:45.262Z I/AiViewModel [DefaultDispatcher-worker-8] run[2] done: phase=FOLLOWUP mode=FOLLOWUP_JSON_OR_TEXT score=null FU0.len=93 FU0.sha16=900eb5a23a12a30d commit=false err=<none>
2026-09-09T00:53:45.262Z I/FullTextOut [DefaultDispatcher-worker-8] [part=000] run[2]: RawTextOut
Can you describe the specific yield loss or damage caused by the fall armyworm on your maize?
2026-09-09T00:53:45.266Z D/LiteRtRepository [DefaultDispatcher-worker-5] [2] Conversation reset completed after safepoint
2026-09-09T00:53:45.268Z D/LiteRtRepository [DefaultDispatcher-worker-6] [part=000] [2] FINALIZE: native-terminated
=== AI TRACE STATS (LiteRtRepository) ===
rid=2 model='gemma-3n-E4B-it' reason=native-terminated
totalMs=4226 inferenceMs=4225 firstTokenMs=1160
logicalDone=true logicalDoneAt=2195937729
nativeTerminated=true cancelTag='null'
lastDeltaMsAgo=183 lastEventMsAgo=16
chunks=19 emittedChars=93 capturedAll=true out.len=93
=== OUTPUT (FULL) ===
Can you describe the specific yield loss or damage caused by the fall armyworm on your maize?
2026-09-09T00:53:45.444Z D/SurveyVM [Instr: androidx.test.runner.AndroidJUnitRunner] getEvalPrompt[Q8] -> len=293
2026-09-09T00:53:45.445Z D/SurveyVM [Instr: androidx.test.runner.AndroidJUnitRunner] getFollowupPrompt[Q8] -> len=390 evalLen=85
2026-09-09T00:53:45.446Z D/SurveyVM [Instr: androidx.test.runner.AndroidJUnitRunner] getEvalPrompt[Q8] -> len=440
2026-09-09T00:53:45.451Z D/SLM [Instr: androidx.test.runner.AndroidJUnitRunner] cancel: model='gemma-3n-E4B-it'
2026-09-09T00:53:46.316Z D/SLM [Instr: androidx.test.runner.AndroidJUnitRunner] forceCleanUp: model='gemma-3n-E4B-it'
