=== Previous Session Logcat ===
captured_time_utc=20260226_085659
captured_time_local=20260226_005659
marker=2026-02-23 11:28:11.582
preferred_prev_pid=-1
note=best-effort; buffers may be overwritten before next start
sdk=36
device=Google Pixel 9a
appId=com.negi.survey
versionName=0.0.1
versionCode=1

=== Logcat (since marker) ===
--------- beginning of main
02-26 00:56:56.937 24920 24920 I libc    : SetHeapTaggingLevel: tag level set to 0
02-26 00:56:56.941 24920 24920 I Zygote  : Process 24920 created for com.negi.survey
02-26 00:56:56.954 24920 24920 I com.negi.survey: Using CollectorTypeCMC GC.
02-26 00:56:56.966 24920 24920 D nativeloader: Load libframework-connectivity-tiramisu-jni.so using APEX ns com_android_tethering for caller /apex/com.android.tethering/javalib/framework-connectivity-t.jar: ok
02-26 00:56:57.000 24920 24920 D ApplicationLoaders: Returning zygote-cached class loader: /system_ext/framework/androidx.window.extensions.jar
02-26 00:56:57.000 24920 24920 D ApplicationLoaders: Returning zygote-cached class loader: /system_ext/framework/androidx.window.sidecar.jar
02-26 00:56:57.066 24920 24920 D nativeloader: Configuring clns-9 for other apk /data/app/~~PRxWpjzYxyoI5sk5lmDIEw==/com.negi.survey-WdDB-fctmo--QDr4IHn5sQ==/base.apk. target_sdk_version=36, uses_libraries=libOpenCL.so:libOpenCL-pixel.so, library_path=/data/app/~~PRxWpjzYxyoI5sk5lmDIEw==/com.negi.survey-WdDB-fctmo--QDr4IHn5sQ==/lib/arm64:/data/app/~~PRxWpjzYxyoI5sk5lmDIEw==/com.negi.survey-WdDB-fctmo--QDr4IHn5sQ==/base.apk!/lib/arm64-v8a, permitted_path=/data:/mnt/expand:/data/user/0/com.negi.survey
02-26 00:56:57.083 24920 24920 V GraphicsEnvironment: Currently set values for:
02-26 00:56:57.083 24920 24920 V GraphicsEnvironment:   angle_gl_driver_selection_pkgs=[com.android.angle, com.google.android.apps.tachyon]
02-26 00:56:57.083 24920 24920 V GraphicsEnvironment:   angle_gl_driver_selection_values=[angle, native]
02-26 00:56:57.083 24920 24920 V GraphicsEnvironment: com.negi.survey is not listed in per-application setting
02-26 00:56:57.083 24920 24920 V GraphicsEnvironment: ANGLE allowlist from config: 
02-26 00:56:57.083 24920 24920 V GraphicsEnvironment: No special selections for ANGLE, returning default driver choice
02-26 00:56:57.083 24920 24920 V GraphicsEnvironment: Neither updatable production driver nor prerelease driver is supported.
02-26 00:56:57.118 24920 24920 D nativeloader: Load /data/app/~~PRxWpjzYxyoI5sk5lmDIEw==/com.negi.survey-WdDB-fctmo--QDr4IHn5sQ==/base.apk!/lib/arm64-v8a/liblitertlm_jni.so using class loader ns clns-9 (caller=/data/app/~~PRxWpjzYxyoI5sk5lmDIEw==/com.negi.survey-WdDB-fctmo--QDr4IHn5sQ==/base.apk!classes4.dex): ok
02-26 00:56:57.119 24920 24920 D SurveyApp: Loaded LiteRTLM JNI: litertlm_jni where=attachBaseContext
02-26 00:56:57.129 24920 24920 D AppRingLogStore: installed: dir=/data/user/0/com.negi.survey/files/diagnostics/applog_ring idx=0
02-26 00:56:57.132 24920 24920 D CrashCapture: install: ensured default handler. where=SurveyApp:attachBaseContext pid=24920 default=com.negi.survey.CrashCapture$CrashHandler@c280a86
02-26 00:56:57.132 24920 24920 D CrashCapture: install: ensured default handler. where=SurveyApp:onCreate(rewrap) pid=24920 default=com.negi.survey.CrashCapture$CrashHandler@c280a86
02-26 00:56:57.132 24920 24920 D CrashCapture: registerSelfHealing: ActivityLifecycleCallbacks registered. mode=onResumedOnly
02-26 00:56:57.136 24920 24938 D RuntimeLogStore: openWriter: start -> /data/user/0/com.negi.survey/files/diagnostics/runtime_logs/rtlog_20260226_085657_127_pid24920_seq1.log (bytes=0 format=LEGACY)
02-26 00:56:57.137 24920 24938 D RuntimeLogStore: retention: start files=2 kept=2 totalBytes=40826
02-26 00:56:57.145 24920 24920 D DesktopExperienceFlags: Toggle override initialized to: false
02-26 00:56:57.148 24920 24920 E ashmem  : Pinning is deprecated since Android Q. Please use trim or other methods.
--------- beginning of system
02-26 00:56:57.149 24920 24940 I DisplayManager: Choreographer implicitly registered for the refresh rate.
02-26 00:56:57.151 24920 24940 D vulkan  : searching for layers in '/data/app/~~PRxWpjzYxyoI5sk5lmDIEw==/com.negi.survey-WdDB-fctmo--QDr4IHn5sQ==/lib/arm64'
02-26 00:56:57.152 24920 24940 D vulkan  : searching for layers in '/data/app/~~PRxWpjzYxyoI5sk5lmDIEw==/com.negi.survey-WdDB-fctmo--QDr4IHn5sQ==/base.apk!/lib/arm64-v8a'
02-26 00:56:57.165 24920 24920 D CompatChangeReporter: Compat change id reported: 377864165; UID 14741; state: ENABLED
02-26 00:56:57.165 24920 24920 D DesktopModeFlags: Toggle override initialized to: OVERRIDE_UNSET
02-26 00:56:57.175 24920 24920 I ContentCaptureHelper: Setting logging level to OFF
02-26 00:56:57.180 24920 24920 D CrashCapture: install: ensured default handler. where=selfHeal:onActivityResumed pid=24920 default=com.negi.survey.CrashCapture$CrashHandler@c280a86
02-26 00:56:57.198 24920 24920 D WindowOnBackDispatcher: setTopOnBackInvokedCallback (unwrapped): android.app.Activity$$ExternalSyntheticLambda0@822f3f6
02-26 00:56:57.226 24920 24920 E VibratorInfo: Invalid frequency profile received from HAL. resonantFrequencyHz=NaN, frequenciesHz=null, outputAccelerationsGs=null
02-26 00:56:57.256 24920 24920 D VRI[MainActivity]: WindowInsets changed: 1080x2424 statusBars:[0,152,0,0] navigationBars:[0,0,0,69] mandatorySystemGestures:[0,187,0,92] 
02-26 00:56:57.264 24920 24920 I HWUI    : Using FreeType backend (prop=Auto)
02-26 00:56:57.339 24920 24957 D SurveyConfigLoader: fromString -> format=YAML, reason=file extension .yml/.yaml, firstLine='graph:', leading='graph:\n  startId: Start\n  node...' file='survey_config_sw_20.yaml'
02-26 00:56:57.421 24920 24957 D SurveyConfigLoader: fromString loaded (survey_config_sw_20.yaml): legacy=0(one=0,inline2=0) splitEval=6 splitFollow=6 followMode=JSON legacyIds=[-] evalIds=[Q1,Q2,Q3,Q4,Q5,Q6] followIds=[Q1,Q2,Q3,Q4,Q5,Q6]
02-26 00:56:57.422 24920 24957 D SurveyConfigLoader: SurveyConfigDump(legacy=0(one=0,inline2=0) splitEval=6 splitFollow=6 followMode=JSON legacyIds=[-] evalIds=[Q1,Q2,Q3,Q4,Q5,Q6] followIds=[Q1,Q2,Q3,Q4,Q5,Q6])
02-26 00:56:57.422 24920 24957 D SurveyConfigLoader: System(oneStep,len=521): Wewe ni mtaalamu mashuhuri wa tafiti za wakulima. Soma Swali na Jibu.\nScoring rule: Judge ONLY content relevance/completeness/accuracy. Do NOT penalize style or formatting.\nSTRICT OUTPUT (NO MARKDOWN):\n- If the task is EVAL: output RAW JSON only, ONE LINE.\n  - Use COMPACT JSON (no spaces around ':' and ',').\n  - N...(truncated)
02-26 00:56:57.422 24920 24957 D SurveyConfigLoader: System(eval,len=1136): Wewe ni mtaalamu mashuhuri wa tafiti za wakulima. Soma Swali na Jibu.\nOUTPUT FORMAT:\n- In Swahili.\n- Keys exactly:\n  • "analysis": short string\n  • "weakness": short string\n  • "followup_needed": boolean\n  • "followup_target": short string\n  • "score": integer 1–100\n\nRULES:\n- Judge ONLY content relevance/com...(truncated)
02-26 00:56:57.422 24920 24957 D SurveyConfigLoader: System(followup,len=1036): Wewe ni mtaalamu mashuhuri wa tafiti za wakulima. Soma Swali na Jibu.\nOUTPUT FORMAT:\n- In Swahili.\n- Return ONLY the follow-up question as plain text on ONE LINE.\n- Do NOT output JSON.\n- Do NOT wrap the question in quotes.\n- No prefixes, no bullet points, no extra text.\n\nRULES:\n- Use ONLY the EVAL JSON input.\...(truncated)
02-26 00:56:57.422 24920 24957 D SurveyConfigLoader: AI coverage: Q1(one=false,two=true),Q2(one=false,two=true),Q3(one=false,two=true),Q4(one=false,two=true),Q5(one=false,two=true),Q6(one=false,two=true)
02-26 00:56:57.422 24920 24957 D SurveyConfigLoader: Loaded config (assets/survey_config_sw_20.yaml): legacy=0(one=0,inline2=0) splitEval=6 splitFollow=6 followMode=JSON legacyIds=[-] evalIds=[Q1,Q2,Q3,Q4,Q5,Q6] followIds=[Q1,Q2,Q3,Q4,Q5,Q6]
02-26 00:56:57.424 24920 24957 D SurveyConfigLoader: fromAssetsValidated -> issues=0 (legacy=0(one=0,inline2=0) splitEval=6 splitFollow=6 followMode=JSON legacyIds=[-] evalIds=[Q1,Q2,Q3,Q4,Q5,Q6] followIds=[Q1,Q2,Q3,Q4,Q5,Q6])
02-26 00:56:57.425 24920 24957 D SurveyConfigLoader: SurveyConfigDump(legacy=0(one=0,inline2=0) splitEval=6 splitFollow=6 followMode=JSON legacyIds=[-] evalIds=[Q1,Q2,Q3,Q4,Q5,Q6] followIds=[Q1,Q2,Q3,Q4,Q5,Q6])
02-26 00:56:57.425 24920 24957 D SurveyConfigLoader: System(oneStep,len=521): Wewe ni mtaalamu mashuhuri wa tafiti za wakulima. Soma Swali na Jibu.\nScoring rule: Judge ONLY content relevance/completeness/accuracy. Do NOT penalize style or formatting.\nSTRICT OUTPUT (NO MARKDOWN):\n- If the task is EVAL: output RAW JSON only, ONE LINE.\n  - Use COMPACT JSON (no spaces around ':' and ',').\n  - N...(truncated)
02-26 00:56:57.425 24920 24957 D SurveyConfigLoader: System(eval,len=1136): Wewe ni mtaalamu mashuhuri wa tafiti za wakulima. Soma Swali na Jibu.\nOUTPUT FORMAT:\n- In Swahili.\n- Keys exactly:\n  • "analysis": short string\n  • "weakness": short string\n  • "followup_needed": boolean\n  • "followup_target": short string\n  • "score": integer 1–100\n\nRULES:\n- Judge ONLY content relevance/com...(truncated)
02-26 00:56:57.425 24920 24957 D SurveyConfigLoader: System(followup,len=1036): Wewe ni mtaalamu mashuhuri wa tafiti za wakulima. Soma Swali na Jibu.\nOUTPUT FORMAT:\n- In Swahili.\n- Return ONLY the follow-up question as plain text on ONE LINE.\n- Do NOT output JSON.\n- Do NOT wrap the question in quotes.\n- No prefixes, no bullet points, no extra text.\n\nRULES:\n- Use ONLY the EVAL JSON input.\...(truncated)
02-26 00:56:57.425 24920 24957 D SurveyConfigLoader: AI coverage: Q1(one=false,two=true),Q2(one=false,two=true),Q3(one=false,two=true),Q4(one=false,two=true),Q5(one=false,two=true),Q6(one=false,two=true)
02-26 00:56:57.516 24920 24920 D MainActivity: Config loaded. session=survey_config_sw_20.yaml@1
02-26 00:56:57.539 24920 24920 D MainActivity: DownloadGate idle -> start download. session=survey_config_sw_20.yaml@1
02-26 00:56:57.563 24920 24920 D InsetsController: hide(ime())
02-26 00:56:57.563 24920 24920 I ImeTracker: com.negi.survey:9f15fa85: onCancelled at PHASE_CLIENT_ALREADY_HIDDEN
02-26 00:56:57.584 24920 24957 I native  : I0000 00:00:1772096217.581270   24957 litert_lm_loader.cc:125] LitertLmLoader::Initialize
02-26 00:56:57.585 24920 24957 I native  : I0000 00:00:1772096217.585153   24957 litert_lm_loader.cc:148] mmap_status is ok
02-26 00:56:57.585 24920 24957 I native  : I0000 00:00:1772096217.585795   24957 litert_lm_loader.cc:154] status: OK
02-26 00:56:57.585 24920 24957 I native  : I0000 00:00:1772096217.585854   24957 litert_lm_loader.cc:155] major_version: 1
02-26 00:56:57.585 24920 24957 I native  : I0000 00:00:1772096217.585892   24957 litert_lm_loader.cc:156] minor_version: 4
02-26 00:56:57.585 24920 24957 I native  : I0000 00:00:1772096217.585916   24957 litert_lm_loader.cc:157] patch_version: 0
02-26 00:56:57.585 24920 24957 I native  : I0000 00:00:1772096217.585944   24957 litert_lm_loader.cc:208] section_index: 0
02-26 00:56:57.585 24920 24957 I native  : I0000 00:00:1772096217.585968   24957 litert_lm_loader.cc:209] section_data_type: LlmMetadataProto
02-26 00:56:57.586 24920 24957 I native  : I0000 00:00:1772096217.585992   24957 litert_lm_loader.cc:211] section_begin_offset: 16384
02-26 00:56:57.586 24920 24957 I native  : I0000 00:00:1772096217.586014   24957 litert_lm_loader.cc:212] section_end_offset: 19446
02-26 00:56:57.586 24920 24957 I native  : I0000 00:00:1772096217.586036   24957 litert_lm_loader.cc:208] section_index: 1
02-26 00:56:57.586 24920 24957 I native  : I0000 00:00:1772096217.586058   24957 litert_lm_loader.cc:209] section_data_type: SP_Tokenizer
02-26 00:56:57.586 24920 24957 I native  : I0000 00:00:1772096217.586080   24957 litert_lm_loader.cc:211] section_begin_offset: 32768
02-26 00:56:57.586 24920 24957 I native  : I0000 00:00:1772096217.586101   24957 litert_lm_loader.cc:212] section_end_offset: 4728788
02-26 00:56:57.587 24920 24957 I native  : I0000 00:00:1772096217.587583   24957 litert_lm_loader.cc:189] model_type: tf_lite_embedder
02-26 00:56:57.587 24920 24957 I native  : I0000 00:00:1772096217.587639   24957 litert_lm_loader.cc:208] section_index: 2
02-26 00:56:57.587 24920 24957 I native  : I0000 00:00:1772096217.587666   24957 litert_lm_loader.cc:209] section_data_type: TFLiteModel
02-26 00:56:57.587 24920 24957 I native  : I0000 00:00:1772096217.587687   24957 litert_lm_loader.cc:211] section_begin_offset: 4734976
02-26 00:56:57.587 24920 24957 I native  : I0000 00:00:1772096217.587710   24957 litert_lm_loader.cc:212] section_end_offset: 276320080
02-26 00:56:57.587 24920 24957 I native  : I0000 00:00:1772096217.587733   24957 litert_lm_loader.cc:189] model_type: tf_lite_per_layer_embedder
02-26 00:56:57.587 24920 24957 I native  : I0000 00:00:1772096217.587755   24957 litert_lm_loader.cc:208] section_index: 3
02-26 00:56:57.587 24920 24957 I native  : I0000 00:00:1772096217.587777   24957 litert_lm_loader.cc:209] section_data_type: TFLiteModel
02-26 00:56:57.587 24920 24957 I native  : I0000 00:00:1772096217.587797   24957 litert_lm_loader.cc:211] section_begin_offset: 276332544
02-26 00:56:57.587 24920 24957 I native  : I0000 00:00:1772096217.587818   24957 litert_lm_loader.cc:212] section_end_offset: 1560854672
02-26 00:56:57.587 24920 24957 I native  : I0000 00:00:1772096217.587841   24957 litert_lm_loader.cc:189] model_type: tf_lite_audio_encoder_hw
02-26 00:56:57.587 24920 24957 I native  : I0000 00:00:1772096217.587864   24957 litert_lm_loader.cc:202] section_backend_constraint: cpu
02-26 00:56:57.587 24920 24957 I native  : I0000 00:00:1772096217.587884   24957 litert_lm_loader.cc:208] section_index: 4
02-26 00:56:57.587 24920 24957 I native  : I0000 00:00:1772096217.587905   24957 litert_lm_loader.cc:209] section_data_type: TFLiteModel
02-26 00:56:57.587 24920 24957 I native  : I0000 00:00:1772096217.587925   24957 litert_lm_loader.cc:211] section_begin_offset: 1560870912
02-26 00:56:57.587 24920 24957 I native  : I0000 00:00:1772096217.587947   24957 litert_lm_loader.cc:212] section_end_offset: 2225535832
02-26 00:56:57.587 24920 24957 I native  : I0000 00:00:1772096217.587970   24957 litert_lm_loader.cc:189] model_type: tf_lite_audio_adapter
02-26 00:56:57.588 24920 24957 I native  : I0000 00:00:1772096217.587991   24957 litert_lm_loader.cc:202] section_backend_constraint: cpu
02-26 00:56:57.588 24920 24957 I native  : I0000 00:00:1772096217.588012   24957 litert_lm_loader.cc:208] section_index: 5
02-26 00:56:57.588 24920 24957 I native  : I0000 00:00:1772096217.588033   24957 litert_lm_loader.cc:209] section_data_type: TFLiteModel
02-26 00:56:57.588 24920 24957 I native  : I0000 00:00:1772096217.588055   24957 litert_lm_loader.cc:211] section_begin_offset: 2225537024
02-26 00:56:57.588 24920 24957 I native  : I0000 00:00:1772096217.588076   24957 litert_lm_loader.cc:212] section_end_offset: 2238132084
02-26 00:56:57.588 24920 24957 I native  : I0000 00:00:1772096217.588099   24957 litert_lm_loader.cc:189] model_type: tf_lite_end_of_audio
02-26 00:56:57.588 24920 24957 I native  : I0000 00:00:1772096217.588120   24957 litert_lm_loader.cc:208] section_index: 6
02-26 00:56:57.588 24920 24957 I native  : I0000 00:00:1772096217.588141   24957 litert_lm_loader.cc:209] section_data_type: TFLiteModel
02-26 00:56:57.588 24920 24957 I native  : I0000 00:00:1772096217.588162   24957 litert_lm_loader.cc:211] section_begin_offset: 2238136320
02-26 00:56:57.588 24920 24957 I native  : I0000 00:00:1772096217.588183   24957 litert_lm_loader.cc:212] section_end_offset: 2238145140
02-26 00:56:57.588 24920 24957 I native  : I0000 00:00:1772096217.588206   24957 litert_lm_loader.cc:189] model_type: tf_lite_vision_adapter
02-26 00:56:57.588 24920 24957 I native  : I0000 00:00:1772096217.588229   24957 litert_lm_loader.cc:202] section_backend_constraint: cpu
02-26 00:56:57.588 24920 24957 I native  : I0000 00:00:1772096217.588249   24957 litert_lm_loader.cc:208] section_index: 7
02-26 00:56:57.588 24920 24957 I native  : I0000 00:00:1772096217.588270   24957 litert_lm_loader.cc:209] section_data_type: TFLiteModel
02-26 00:56:57.588 24920 24957 I native  : I0000 00:00:1772096217.588290   24957 litert_lm_loader.cc:211] section_begin_offset: 2238152704
02-26 00:56:57.588 24920 24957 I native  : I0000 00:00:1772096217.588312   24957 litert_lm_loader.cc:212] section_end_offset: 2256007332
02-26 00:56:57.588 24920 24957 I native  : I0000 00:00:1772096217.588334   24957 litert_lm_loader.cc:189] model_type: tf_lite_vision_encoder
02-26 00:56:57.588 24920 24957 I native  : I0000 00:00:1772096217.588356   24957 litert_lm_loader.cc:202] section_backend_constraint: gpu
02-26 00:56:57.588 24920 24957 I native  : I0000 00:00:1772096217.588376   24957 litert_lm_loader.cc:208] section_index: 8
02-26 00:56:57.588 24920 24957 I native  : I0000 00:00:1772096217.588397   24957 litert_lm_loader.cc:209] section_data_type: TFLiteModel
02-26 00:56:57.588 24920 24957 I native  : I0000 00:00:1772096217.588418   24957 litert_lm_loader.cc:211] section_begin_offset: 2256011264
02-26 00:56:57.588 24920 24957 I native  : I0000 00:00:1772096217.588439   24957 litert_lm_loader.cc:212] section_end_offset: 2408748152
02-26 00:56:57.588 24920 24957 I native  : I0000 00:00:1772096217.588463   24957 litert_lm_loader.cc:189] model_type: tf_lite_prefill_decode
02-26 00:56:57.588 24920 24957 I native  : I0000 00:00:1772096217.588483   24957 litert_lm_loader.cc:202] section_backend_constraint: cpu,gpu
02-26 00:56:57.588 24920 24957 I native  : I0000 00:00:1772096217.588502   24957 litert_lm_loader.cc:208] section_index: 9
02-26 00:56:57.588 24920 24957 I native  : I0000 00:00:1772096217.588527   24957 litert_lm_loader.cc:209] section_data_type: TFLiteModel
02-26 00:56:57.588 24920 24957 I native  : I0000 00:00:1772096217.588547   24957 litert_lm_loader.cc:211] section_begin_offset: 2408759296
02-26 00:56:57.588 24920 24957 I native  : I0000 00:00:1772096217.588568   24957 litert_lm_loader.cc:212] section_end_offset: 4919525632
02-26 00:56:58.046 24920 24957 I native  : I0000 00:00:1772096218.046578   24957 engine_settings.cc:95] The Main backend constraint is matched: GPU
02-26 00:56:58.047 24920 24957 I native  : I0000 00:00:1772096218.046653   24957 engine_settings.cc:290] The validated engine settings: EngineSettings: 
02-26 00:56:58.047 24920 24957 I native  :   MainExecutorSettings: backend: GPU
02-26 00:56:58.047 24920 24957 I native  : backend_config:
02-26 00:56:58.047 24920 24957 I native  : max_top_k: 1
02-26 00:56:58.047 24920 24957 I native  : 
02-26 00:56:58.047 24920 24957 I native  : max_tokens: 4096
02-26 00:56:58.047 24920 24957 I native  : activation_data_type: Not set
02-26 00:56:58.047 24920 24957 I native  : max_num_images: 0
02-26 00:56:58.047 24920 24957 I native  : lora_rank: 0
02-26 00:56:58.047 24920 24957 I native  : cache_dir: /data/user/0/com.negi.survey/no_backup/litertlm_cache/38ee02279954774b94ec113b62b8169a30d6fd48
02-26 00:56:58.047 24920 24957 I native  : cache_file: Not set
02-26 00:56:58.047 24920 24957 I native  : litert_dispatch_lib_dir: Not set
02-26 00:56:58.047 24920 24957 I native  : model_assets: model_path: /data/user/0/com.negi.survey/files/gemma-3n-E4B-it-int4.litertlm
02-26 00:56:58.047 24920 24957 I native  : fake_weights_mode: FAKE_WEIGHTS_NONE
02-26 00:56:58.047 24920 24957 I native  : 
02-26 00:56:58.047 24920 24957 I native  : advanced_settings: prefill_batch_sizes: []
02-26 00:56:58.047 24920 24957 I native  : num_output_candidates: 1
02-26 00:56:58.047 24920 24957 I native  : configure_magic_numbers: true
02-26 00:56:58.047 24920 24957 I native  : verify_magic_numbers: false
02-26 00:56:58.047 24920 24957 I native  : clear_kv_cache_before_prefill: true
02-26 00:56:58.047 24920 24957 I native  : num_logits_to_print_after_decode: 0
02-26 00:56:58.047 24920 24957 I native  : gpu_madvise_original_shared_tensors: true
02-26 00:56:58.047 24920 24957 I native  : is_benchmark: false
02-26 00:56:58.047 24920 24957 I native  : preferred_device_substr: 
02-26 00:56:58.047 24920 24957 I native  : num_threads_to_upload: -1
02-26 00:56:58.047 24920 24957 I native  : num_threads_to_compile: -1
02-26 00:56:58.047 24920 24957 I native  : convert_weights_on_gpu: true
02-26 00:56:58.047 24920 24957 I native  : optimize_shader_compilation: true
02-26 00:56:58.047 24920 24957 I native  : share_constant_tensors: true
02-26 00:56:58.047 24920 24957 I native  : sampler_handles_input: true
02-26 00:56:58.047 24920 24957 I native  : allow_src_quantized_fc_conv_ops: true
02-26 00:56:58.047 24920 24957 I native  : 
02-26 00:56:58.047 24920 24957 I native  :   LlmMetadata: MessageLite at 0x721f1cb530  BenchmarkParams: Not set
02-26 00:56:58.047 24920 24957 I native  :   VisionExecutorSettings: Not set
02-26 00:56:58.047 24920 24957 I native  :   AudioExecutorSettings: Not set
02-26 00:56:58.048 24920 24957 I native  : I0000 00:00:1772096218.048314   24957 model_resources_litert_lm.cc:67] model_type: TF_LITE_PREFILL_DECODE
02-26 00:56:58.049 24920 24957 I native  : I0000 00:00:1772096218.048342   24957 model_resources_litert_lm.cc:68] litert model size: 2510766336
02-26 00:56:58.893 24920 24957 I litert  : [environment.cc:29] Creating LiteRT environment with options
02-26 00:56:58.894 24920 24957 W litert  : [auto_registration.cc:158] NPU accelerator could not be loaded and registered: kLiteRtStatusErrorInvalidArgument.
02-26 00:56:58.894 24920 24957 I litert  : [accelerator_registry.cc:52] RegisterAccelerator: ptr=0x72cc4399d0, name=LiteRT GPU
02-26 00:56:58.895 24920 24957 I litert  : [auto_registration.cc:223] Statically linked GPU accelerator registered.
02-26 00:56:58.895 24920 24957 I litert  : [accelerator_registry.cc:52] RegisterAccelerator: ptr=0x72cc43c9f0, name=CpuAccelerator
02-26 00:56:58.895 24920 24957 I litert  : [auto_registration.cc:275] CPU accelerator registered.
02-26 00:56:58.896 24920 24957 I native  : I0000 00:00:1772096218.896764   24957 llm_litert_compiled_model_executor.cc:1978] Setting serialization dir: /data/user/0/com.negi.survey/no_backup/litertlm_cache/38ee02279954774b94ec113b62b8169a30d6fd48
02-26 00:56:58.896 24920 24957 I litert  : [compiled_model.cc:552] Flatbuffer model initialized directly from incoming litert model.
02-26 00:56:58.911 24920 24957 I tflite  : Initialized TensorFlow Lite runtime.
02-26 00:56:59.031 24920 24957 W libc    : Access denied finding property "ro.mediatek.platform"
02-26 00:56:59.031 24920 24957 W libc    : Access denied finding property "ro.chipname"
02-26 00:56:59.031 24920 24957 W libc    : Access denied finding property "ro.hardware.chipname"
02-26 00:56:59.232 24920 24957 E libEGL  : call to OpenGL ES API with no current context (logged once per thread)
02-26 00:56:59.238 24920 24957 I litert  : [environment.cc:40] Adding options to the existing LiteRT environment
02-26 00:56:59.238 24920 24957 I tflite  : Loaded OpenCL library with dlopen.
02-26 00:56:59.242 24920 24957 I litert  : [gpu_environment.cc:223] Created OpenCL device from provided device id and platform id.
02-26 00:56:59.259 24920 24957 I litert  : [gpu_environment.cc:286] Reusing provided EGL environment.
02-26 00:56:59.259 24920 24957 I litert  : [gpu_environment.h:150] Created LiteRT GpuEnvironment.
02-26 00:56:59.410 24920 24957 I tflite  : Replacing 3326 out of 3326 node(s) with delegate (LITERT_CL) node, yielding 1 partitions for subgraph 0.
02-26 00:56:59.657 24920 24920 D WM-PackageManagerHelper: Skipping component enablement for androidx.work.impl.background.systemjob.SystemJobService
02-26 00:56:59.657 24920 24920 D WM-Schedulers: Created SystemJobScheduler and enabled SystemJobService
02-26 00:56:59.661 24920 24966 D WM-ForceStopRunnable: Is default app process = true
02-26 00:56:59.665 24920 24966 D WM-ForceStopRunnable: Performing cleanup operations.
02-26 00:56:59.689 24920 24957 W native  : W0000 00:00:1772096219.689031   24957 delegate_kernel.cc:326] Weights preparation on Gpu is disabled for PowerVR, Mail GPU and non-OpenCL/WebGPU backends.
02-26 00:56:59.733 24920 24920 D github_upload: choosePolicy: uniqueName=upload_runtime_logs_startup policy=REPLACE states=[]
02-26 00:56:59.733 24920 24920 D github_upload: enqueueStartupRuntimeLogsUpload: uniqueName=upload_runtime_logs_startup policy=REPLACE
02-26 00:56:59.753 24920 24970 D WM-SystemJobScheduler: Scheduling work ID 67bb7c53-ef1f-4c84-bdaf-9151ee234dc2Job ID 17
02-26 00:56:59.764 24920 24970 D WM-GreedyScheduler: Starting tracking for 67bb7c53-ef1f-4c84-bdaf-9151ee234dc2
02-26 00:56:59.766 24920 24920 D github_upload: choosePolicy: uniqueName=upload_ring_logs_startup policy=REPLACE states=[]
02-26 00:56:59.766 24920 24920 D github_upload: enqueueStartupRingLogsUpload: uniqueName=upload_ring_logs_startup policy=REPLACE
02-26 00:56:59.773 24920 24920 D WM-SystemJobService: onStartJob for WorkGenerationalId(workSpecId=67bb7c53-ef1f-4c84-bdaf-9151ee234dc2, generation=0)
02-26 00:56:59.774 24920 24971 D CrashCapture: enqueuePendingCrashUploadsIfPossible enter where=SurveyApp:enqueuePending(immediate):bg pid=24920 thread=CrashCapture-Enqueue
02-26 00:56:59.781 24920 24968 D WM-SystemJobScheduler: Scheduling work ID 615b881a-d949-450f-a6c5-59fd8af7e6eeJob ID 18
02-26 00:56:59.794 24920 24920 D WM-SystemJobService: onStartJob for WorkGenerationalId(workSpecId=615b881a-d949-450f-a6c5-59fd8af7e6ee, generation=0)
02-26 00:56:59.795 24920 24968 D WM-GreedyScheduler: Starting tracking for 615b881a-d949-450f-a6c5-59fd8af7e6ee,67bb7c53-ef1f-4c84-bdaf-9151ee234dc2
02-26 00:56:59.803 24920 24969 D WM-Processor: Processor: processing WorkGenerationalId(workSpecId=67bb7c53-ef1f-4c84-bdaf-9151ee234dc2, generation=0)
02-26 00:56:59.809 24920 24966 D WM-Processor: Processor: processing WorkGenerationalId(workSpecId=615b881a-d949-450f-a6c5-59fd8af7e6ee, generation=0)
02-26 00:56:59.812 24920 24970 D WM-PackageManagerHelper: androidx.work.impl.background.systemalarm.RescheduleReceiver enabled
02-26 00:56:59.817 24920 24920 D WM-WorkerWrapper: Starting work for com.negi.survey.net.GitHubUploadWorker
02-26 00:56:59.825 24920 24970 D WM-ConstraintTracker: NetworkStateTracker24: initial state = NetworkState(isConnected=true, isValidated=true, isMetered=false, isNotRoaming=true, isBlocked=false)
02-26 00:56:59.825 24920 24970 D WM-NetworkStateTracker: Registering network callback
02-26 00:56:59.835 24920 24975 D WM-NetworkStateTracker: Network capabilities changed: [ Transports: WIFI Capabilities: NOT_METERED&INTERNET&NOT_RESTRICTED&TRUSTED&NOT_VPN&VALIDATED&NOT_ROAMING&FOREGROUND&NOT_CONGESTED&NOT_SUSPENDED&NOT_VCN_MANAGED&NOT_BANDWIDTH_CONSTRAINED LinkUpBandwidth>=9177Kbps LinkDnBandwidth>=29155Kbps TransportInfo: <SSID: <unknown ssid>, BSSID: 02:00:00:00:00:00, MAC: 02:00:00:00:00:00, IP: /192.168.1.43, Security type: 2, Supplicant state: COMPLETED, Wi-Fi standard: 11n, RSSI: -26, Link speed: 192Mbps, Tx Link speed: 192Mbps, Max Supported Tx Link speed: 144Mbps, Rx Link speed: 192Mbps, Max Supported Rx Link speed: 144Mbps, Frequency: 2417MHz, Net ID: -1, Metered hint: false, score: 60, isUsable: true, CarrierMerged: false, SubscriptionId: -1, IsPrimary: -1, Trusted: true, Restricted: false, Ephemeral: false, OEM paid: false, OEM private: false, OSU AP: false, FQDN: <none>, Provider friendly name: <none>, Requesting package name: <none><none>MLO Information: , Is TID-To-Link negotiation supported by the AP: false, AP MLD Address: <none>, AP MLO Link Id: <none>, AP MLO Affiliated links: <none>, Vendor Data: <none>> SignalStrength: -26 UnderlyingNetworks: Null]
02-26 00:56:59.835 24920 24975 D WM-NetworkStateTracker: Network blocked status changed: false
02-26 00:56:59.837 24920 24920 D WM-WorkerWrapper: Starting work for com.negi.survey.net.GitHubUploadWorker
02-26 00:56:59.841 24920 24970 I WM-Processor: Moving WorkSpec (67bb7c53-ef1f-4c84-bdaf-9151ee234dc2) to the foreground
02-26 00:56:59.846 24920 24920 I WM-SystemFgDispatcher: Started foreground service Intent { act=ACTION_START_FOREGROUND xflg=0x4 cmp=com.negi.survey/androidx.work.impl.foreground.SystemForegroundService (has extras) }
02-26 00:56:59.846 24920 24920 D WM-SystemFgDispatcher: Notifying with (id:7813, workSpecId: 67bb7c53-ef1f-4c84-bdaf-9151ee234dc2, notificationType :1)
02-26 00:56:59.852 24920 24920 D WM-SystemFgDispatcher: Notifying with (id:7813, workSpecId: 67bb7c53-ef1f-4c84-bdaf-9151ee234dc2, notificationType :1)
02-26 00:56:59.854 24920 24970 I WM-Processor: Moving WorkSpec (615b881a-d949-450f-a6c5-59fd8af7e6ee) to the foreground
02-26 00:56:59.856 24920 24920 I WM-SystemFgDispatcher: Started foreground service Intent { act=ACTION_START_FOREGROUND xflg=0x4 cmp=com.negi.survey/androidx.work.impl.foreground.SystemForegroundService (has extras) }
02-26 00:56:59.857 24920 24920 D WM-SystemFgDispatcher: Notifying with (id:9143, workSpecId: 615b881a-d949-450f-a6c5-59fd8af7e6ee, notificationType :1)
02-26 00:56:59.859 24920 24920 D WM-SystemFgDispatcher: Notifying with (id:9143, workSpecId: 615b881a-d949-450f-a6c5-59fd8af7e6ee, notificationType :1)
02-26 00:56:59.861 24920 24968 D WM-GreedyScheduler: Constraints met: Scheduling work ID WorkGenerationalId(workSpecId=67bb7c53-ef1f-4c84-bdaf-9151ee234dc2, generation=0)
02-26 00:56:59.862 24920 24968 D WM-WorkProgressUpdater: Updating progress for 67bb7c53-ef1f-4c84-bdaf-9151ee234dc2 (Data {pct : 3, mode : startup_runtime_logs})
02-26 00:56:59.869 24920 24968 I WM-Processor: Moving WorkSpec (67bb7c53-ef1f-4c84-bdaf-9151ee234dc2) to the foreground
