=== RuntimeLogStore Header ===
ts=2026-09-03T02:45:01.945Z
fileNameFormat=LEGACY
appId=com.negi.survey
versionName=0.0.1
versionCode=36
debug=false
device=Google Pixel 9a
sdk=36
pid=17512
==============================
2026-09-03T02:45:01.946Z I/RuntimeLogStore [rtlog-io] --- rotated (reason=plain_snapshot:app_start) ---
2026-09-03T02:48:39.053Z D/LiteRtLM [DefaultDispatcher-worker-3] Initializing LiteRT-LM: model='Gemma3n4B', key='Gemma3n4B|/data/data/com.negi.survey/files/gemma-3n-E4B-it-int4.litertlm'
2026-09-03T02:48:39.053Z D/LiteRtLM [DefaultDispatcher-worker-3] Capabilities: image=false audio=false
2026-09-03T02:48:39.053Z D/LiteRtLM [DefaultDispatcher-worker-3] Backend=com.google.ai.edge.litertlm.Backend$GPU@390bb41 maxNumTokens=512 (raw=512) topK=1 topP=0.0 temp=0.0
2026-09-03T02:48:39.053Z D/LiteRtLM [DefaultDispatcher-worker-3] Model path='/data/data/com.negi.survey/files/gemma-3n-E4B-it-int4.litertlm' sizeBytes=4919541760 lastModified=1788403718715
2026-09-03T02:48:39.053Z D/LiteRtLM [DefaultDispatcher-worker-3] LiteRT-LM native benchmark policy: enabled=false emulator=false
2026-09-03T02:48:39.055Z D/LiteRtLM [DefaultDispatcher-worker-3] Speculative decoding / MTP policy: enabled=false runtimeFlagUpdated=true model='Gemma3n4B'
2026-09-03T02:48:39.056Z D/LiteRtLM [DefaultDispatcher-worker-3] Engine cacheDir resolved: key='Gemma3n4B|/data/data/com.negi.survey/files/gemma-3n-E4B-it-int4.litertlm' backend=com.google.ai.edge.litertlm.Backend$GPU@390bb41 path='/data/user/0/com.negi.survey/no_backup/litertlm_cache/d90899786362556917b6c6d164458c3baf33ade1' filesBefore=0
2026-09-03T02:49:15.572Z W/LiteRtLM [DefaultDispatcher-worker-3] Engine.initialize completed: key='Gemma3n4B|/data/data/com.negi.survey/files/gemma-3n-E4B-it-int4.litertlm' backend=com.google.ai.edge.litertlm.Backend$GPU@390bb41 took=36510ms cacheFilesAfter=2
2026-09-03T02:49:15.605Z D/LiteRtLM [DefaultDispatcher-worker-3] createConversation completed: key='Gemma3n4B|/data/data/com.negi.survey/files/gemma-3n-E4B-it-int4.litertlm' took=28ms
2026-09-03T02:49:15.606Z D/LiteRtLM [DefaultDispatcher-worker-3] LiteRT-LM initialization succeeded: model='Gemma3n4B', key='Gemma3n4B|/data/data/com.negi.survey/files/gemma-3n-E4B-it-int4.litertlm' engineMs=36510 conversationMs=28 totalMs=36554
2026-09-03T02:49:15.638Z D/AiTrace [main] Installed (enabled=false ringEnabled=true)
2026-09-03T02:49:15.643Z D/SurveyVM [main] init -> Start, session=0, uuid=28b15111-6eb8-4819-8a08-976e8aa64ee0, navSize=1, graphSize=20
2026-09-03T02:49:15.646Z D/SurveyVM [main] config.validate -> issues=0
2026-09-03T02:49:15.646Z D/SurveyVM [main] promptSources -> legacy=10, eval=0, follow=0
2026-09-03T02:49:15.646Z D/SurveyVM [main] promptSources.preview -> legacy=[Q10, Q11, Q12, Q13, Q14, Q15, Q16, Q17, Q8, Q9], eval=[], follow=[]
2026-09-03T02:49:15.647Z D/SurveyVM [main] hasTwoStepPrompt[Q10] -> false (eval=0, fu=0)
2026-09-03T02:49:15.647Z D/SurveyVM [main] hasTwoStepPrompt[Q11] -> false (eval=0, fu=0)
2026-09-03T02:49:15.647Z D/SurveyVM [main] hasTwoStepPrompt[Q12] -> false (eval=0, fu=0)
2026-09-03T02:49:15.647Z D/SurveyVM [main] hasTwoStepPrompt[Q13] -> false (eval=0, fu=0)
2026-09-03T02:49:15.647Z D/SurveyVM [main] hasTwoStepPrompt[Q14] -> false (eval=0, fu=0)
2026-09-03T02:49:15.647Z D/SurveyVM [main] hasTwoStepPrompt[Q15] -> false (eval=0, fu=0)
2026-09-03T02:49:15.647Z D/SurveyVM [main] hasTwoStepPrompt[Q16] -> false (eval=0, fu=0)
2026-09-03T02:49:15.647Z D/SurveyVM [main] hasTwoStepPrompt[Q17] -> false (eval=0, fu=0)
2026-09-03T02:49:15.647Z D/SurveyVM [main] hasTwoStepPrompt[Q8] -> false (eval=0, fu=0)
2026-09-03T02:49:15.647Z D/SurveyVM [main] hasTwoStepPrompt[Q9] -> false (eval=0, fu=0)
2026-09-03T02:49:15.647Z D/SurveyVM [main] AI prompt coverage OK (aiCount=10)
2026-09-03T02:49:15.722Z D/LiteRtLM [slm-jni] initializeIfNeeded: warm runtime already ready: key='Gemma3n4B|/data/data/com.negi.survey/files/gemma-3n-E4B-it-int4.litertlm'
2026-09-03T02:49:15.724Z D/LiteRtRepository [main] warmUp: initializeIfNeeded ok gateWaitMs=0 initMs=6
2026-09-03T02:49:15.725Z D/LiteRtRepository [main] warmUp: Engine ready; representative inference disabled totalMs=6
2026-09-03T02:54:23.065Z D/SurveyVM [DefaultDispatcher-worker-3] addAudioRef -> q=__home_free_text__, file=voice_28b15111-6eb8-4819-8a08-976e8aa64ee0_home_free_text_20260903_025423.wav, sid=28b15111-6eb8-4819-8a08-976e8aa64ee0
2026-09-03T02:54:23.069Z D/SurveyVM [DefaultDispatcher-worker-3] onVoiceExported -> q=__home_free_text__, file=voice_28b15111-6eb8-4819-8a08-976e8aa64ee0_home_free_text_20260903_025423.wav, replace=false
2026-09-03T02:54:30.121Z D/SurveyVM [main] setRunFreeText(draft) -> len=20
2026-09-03T02:54:32.185Z D/SurveyVM [main] resetAudioRefs -> cleared
2026-09-03T02:54:32.185Z D/SurveyVM [main] resetNavToStart -> key=com.negi.survey.vm.FlowHome@ab14a54, navSize=1
2026-09-03T02:54:32.185Z D/SurveyVM [main] resetToStart -> Start, session=1, uuid=0e5c14c7-2621-42d2-8a4a-aa7aa9314368, preserveDraft=true, draftLen=20
2026-09-03T02:54:32.185Z D/SurveyVM [main] setRunFreeText(draft) -> len=20
2026-09-03T02:54:32.185Z D/SurveyVM [main] activateRunIfNeeded(advanceToNext:Q1) -> runNoteLen=20, draftCleared=true, uuid=0e5c14c7-2621-42d2-8a4a-aa7aa9314368
2026-09-03T02:54:32.185Z D/SurveyVM [main] push -> Q1, navSize=2, stackSize=2
2026-09-03T02:54:43.501Z D/SurveyVM [main] push -> Q2, navSize=3, stackSize=3
2026-09-03T02:54:46.313Z D/SurveyVM [main] push -> Q3, navSize=4, stackSize=4
2026-09-03T02:54:51.364Z D/SurveyVM [main] push -> Q4, navSize=5, stackSize=5
2026-09-03T02:54:55.240Z D/SurveyVM [main] push -> Q5, navSize=6, stackSize=6
2026-09-03T02:55:00.766Z D/SurveyVM [main] push -> Q6, navSize=7, stackSize=7
2026-09-03T02:55:03.072Z D/SurveyVM [main] push -> Q7, navSize=8, stackSize=8
2026-09-03T02:55:07.562Z D/SurveyVM [main] push -> Q8, navSize=9, stackSize=9
2026-09-03T02:55:07.605Z D/SurveyVM [main] hasTwoStepPrompt[Q8] -> false (eval=0, fu=0)
2026-09-03T02:55:11.510Z D/AiScreen [main] Speech started (node=Q8 role=MAIN)
2026-09-03T02:55:14.825Z D/AiScreen [main] Speech finished with empty/no-change (node=Q8 role=MAIN)
2026-09-03T02:55:14.917Z D/SurveyVM [DefaultDispatcher-worker-3] addAudioRef -> q=Q8, file=voice_0e5c14c7-2621-42d2-8a4a-aa7aa9314368_Q8_20260903_025514.wav, sid=0e5c14c7-2621-42d2-8a4a-aa7aa9314368
2026-09-03T02:55:14.918Z D/SurveyVM [DefaultDispatcher-worker-3] onVoiceExported -> q=Q8, file=voice_0e5c14c7-2621-42d2-8a4a-aa7aa9314368_Q8_20260903_025514.wav, replace=false
2026-09-03T02:55:14.939Z D/AiScreen [main] Speech started (node=Q8 role=MAIN)
2026-09-03T02:55:22.825Z D/AiScreen [main] Speech committed (node=Q8 role=MAIN len=34)
2026-09-03T02:55:24.685Z D/SurveyVM [main] hasTwoStepPrompt[Q8] -> false (eval=0, fu=0)
2026-09-03T02:55:24.687Z I/AiScreen [main] Submit begin runId=ai-Q8-570454687-570454687780163 node=Q8 role=MAIN isTwoStep=false sessionId=1 surveyUuid=0e5c14c7-2621-42d2-8a4a-aa7aa9314368 qLen=80 aLen=34 qSha6=27d6102552db aSha6=f68507539e83
2026-09-03T02:55:24.693Z D/SurveyVM [main] getPrompt[Q8] -> len=260 (src=one_step)
2026-09-03T02:55:24.694Z I/AiScreen [main] Submit end runId=ai-Q8-570454687-570454687780163 node=Q8 elapsed=10ms
2026-09-03T02:55:24.701Z D/LiteRtRepository [DefaultDispatcher-worker-3] [1] request start model='Gemma3n4B' prompt.len=701 sha=5831b8b0de81702a gateWaitMs=0
2026-09-03T02:55:24.706Z D/LiteRtLM [slm-jni] initializeIfNeeded: warm runtime already ready: key='Gemma3n4B|/data/data/com.negi.survey/files/gemma-3n-E4B-it-int4.litertlm'
2026-09-03T02:55:24.707Z D/LiteRtRepository [DefaultDispatcher-worker-3] [1] initializeIfNeeded ok initMs=5
2026-09-03T02:55:24.711Z D/LiteRtLM [DefaultDispatcher-worker-5] runInference start: key='Gemma3n4B|/data/data/com.negi.survey/files/gemma-3n-E4B-it-int4.litertlm' runId=1 hasText=true originalTextLen=701 effectiveTextLen=701 images=0 audioClips=0
2026-09-03T02:55:24.713Z D/LiteRtLM [DefaultDispatcher-worker-5] LiteRT-LM sendMessageAsync(text): key='Gemma3n4B|/data/data/com.negi.survey/files/gemma-3n-E4B-it-int4.litertlm' runId=1 len=701 maxOutputTokens=64
2026-09-03T02:55:24.777Z D/LiteRtLM [DefaultDispatcher-worker-5] sendMessageAsync accepted: key='Gemma3n4B|/data/data/com.negi.survey/files/gemma-3n-E4B-it-int4.litertlm' runId=1 dispatchMs=66
2026-09-03T02:55:27.063Z W/LiteRtLM [Thread-13] Inference first output: key='Gemma3n4B|/data/data/com.negi.survey/files/gemma-3n-E4B-it-int4.litertlm' runId=1 ttftMs=2344 dispatchMs=66 postDispatchTtftMs=2278 requestToFirstOutputMs=2348
2026-09-03T02:55:28.823Z W/LiteRtLM [Thread-23] Inference timing: key='Gemma3n4B|/data/data/com.negi.survey/files/gemma-3n-E4B-it-int4.litertlm' runId=1 ttftMs=2344 dispatchMs=66 postDispatchTtftMs=2278 totalMs=4101 callbacks=10 outputChars=34 cancelled=false error=false requestTotalMs=4105
2026-09-03T02:55:28.843Z D/LiteRtRepository [main] [1] logical done=true; responseClosed=true; waiting native cleanup
2026-09-03T02:55:28.846Z D/LiteRtRepository [main] [1] native cleanup safepoint
2026-09-03T02:55:28.879Z D/LiteRtRepository [DefaultDispatcher-worker-5] [1] Conversation reset completed after safepoint
2026-09-03T02:55:28.882Z I/AiViewModel [DefaultDispatcher-worker-4] run[1] done: phase=ONE_STEP mode=EVAL_JSON score=1 FU0.len=0 FU0.sha16=none commit=true err=<none>
2026-09-03T02:55:28.911Z D/AiScreen [main] Step rendered (context=sid=1|nid=Q8 node=Q8 runId=1 phase=ONE_STEP mode=EVAL_JSON showJson=true rawLen=34 followups=0 timedOut=false twoStep=false)
2026-09-03T02:55:31.244Z D/SurveyVM [main] push -> Q9, navSize=10, stackSize=10
2026-09-03T02:55:31.260Z D/SurveyVM [main] hasTwoStepPrompt[Q9] -> false (eval=0, fu=0)
2026-09-03T02:55:35.402Z D/SurveyVM [main] hasTwoStepPrompt[Q9] -> false (eval=0, fu=0)
2026-09-03T02:55:35.417Z I/AiScreen [main] Submit begin runId=ai-Q9-570465406-570465406415910 node=Q9 role=MAIN isTwoStep=false sessionId=1 surveyUuid=0e5c14c7-2621-42d2-8a4a-aa7aa9314368 qLen=132 aLen=4 qSha6=0bed8089f6fe aSha6=152b3ccee123
2026-09-03T02:55:35.421Z D/SurveyVM [main] getPrompt[Q9] -> len=258 (src=one_step)
2026-09-03T02:55:35.423Z I/AiScreen [main] Submit end runId=ai-Q9-570465406-570465406415910 node=Q9 elapsed=20ms
2026-09-03T02:55:35.425Z D/LiteRtRepository [DefaultDispatcher-worker-4] [2] request start model='Gemma3n4B' prompt.len=699 sha=ce2e0a90d3a6876a gateWaitMs=1
2026-09-03T02:55:35.428Z D/LiteRtLM [slm-jni] initializeIfNeeded: warm runtime already ready: key='Gemma3n4B|/data/data/com.negi.survey/files/gemma-3n-E4B-it-int4.litertlm'
2026-09-03T02:55:35.429Z D/LiteRtRepository [DefaultDispatcher-worker-4] [2] initializeIfNeeded ok initMs=3
2026-09-03T02:55:35.429Z D/LiteRtLM [DefaultDispatcher-worker-4] runInference start: key='Gemma3n4B|/data/data/com.negi.survey/files/gemma-3n-E4B-it-int4.litertlm' runId=2 hasText=true originalTextLen=699 effectiveTextLen=699 images=0 audioClips=0
2026-09-03T02:55:35.429Z D/LiteRtLM [DefaultDispatcher-worker-4] LiteRT-LM sendMessageAsync(text): key='Gemma3n4B|/data/data/com.negi.survey/files/gemma-3n-E4B-it-int4.litertlm' runId=2 len=699 maxOutputTokens=64
2026-09-03T02:55:35.437Z D/LiteRtLM [DefaultDispatcher-worker-4] sendMessageAsync accepted: key='Gemma3n4B|/data/data/com.negi.survey/files/gemma-3n-E4B-it-int4.litertlm' runId=2 dispatchMs=8
2026-09-03T02:55:37.098Z W/LiteRtLM [Thread-24] Inference first output: key='Gemma3n4B|/data/data/com.negi.survey/files/gemma-3n-E4B-it-int4.litertlm' runId=2 ttftMs=1662 dispatchMs=8 postDispatchTtftMs=1654 requestToFirstOutputMs=1662
2026-09-03T02:55:38.844Z W/LiteRtLM [Thread-34] Inference timing: key='Gemma3n4B|/data/data/com.negi.survey/files/gemma-3n-E4B-it-int4.litertlm' runId=2 ttftMs=1662 dispatchMs=8 postDispatchTtftMs=1654 totalMs=3415 callbacks=10 outputChars=34 cancelled=false error=false requestTotalMs=3415
2026-09-03T02:55:38.862Z D/LiteRtRepository [main] [2] logical done=true; responseClosed=true; waiting native cleanup
2026-09-03T02:55:38.862Z D/LiteRtRepository [main] [2] native cleanup safepoint
2026-09-03T02:55:38.875Z I/AiViewModel [DefaultDispatcher-worker-2] run[2] done: phase=ONE_STEP mode=EVAL_JSON score=1 FU0.len=0 FU0.sha16=none commit=true err=<none>
2026-09-03T02:55:38.880Z D/LiteRtRepository [DefaultDispatcher-worker-3] [2] Conversation reset completed after safepoint
2026-09-03T02:55:38.881Z D/AiScreen [main] Step rendered (context=sid=1|nid=Q9 node=Q9 runId=2 phase=ONE_STEP mode=EVAL_JSON showJson=true rawLen=34 followups=0 timedOut=false twoStep=false)
2026-09-03T02:55:51.345Z D/SurveyVM [main] hasTwoStepPrompt[Q9] -> false (eval=0, fu=0)
2026-09-03T02:55:51.359Z I/AiScreen [main] Submit begin runId=ai-Q9-570481344-570481344529606 node=Q9 role=MAIN isTwoStep=false sessionId=1 surveyUuid=0e5c14c7-2621-42d2-8a4a-aa7aa9314368 qLen=132 aLen=3 qSha6=0bed8089f6fe aSha6=0085078a51ac
2026-09-03T02:55:51.363Z D/SurveyVM [main] getPrompt[Q9] -> len=257 (src=one_step)
2026-09-03T02:55:51.365Z I/AiScreen [main] Submit end runId=ai-Q9-570481344-570481344529606 node=Q9 elapsed=25ms
2026-09-03T02:55:51.371Z D/LiteRtRepository [DefaultDispatcher-worker-3] [3] request start model='Gemma3n4B' prompt.len=698 sha=534f4ebcd335797b gateWaitMs=2
2026-09-03T02:55:51.376Z D/LiteRtLM [slm-jni] initializeIfNeeded: warm runtime already ready: key='Gemma3n4B|/data/data/com.negi.survey/files/gemma-3n-E4B-it-int4.litertlm'
2026-09-03T02:55:51.376Z D/LiteRtRepository [DefaultDispatcher-worker-3] [3] initializeIfNeeded ok initMs=3
2026-09-03T02:55:51.377Z D/LiteRtLM [DefaultDispatcher-worker-3] runInference start: key='Gemma3n4B|/data/data/com.negi.survey/files/gemma-3n-E4B-it-int4.litertlm' runId=3 hasText=true originalTextLen=698 effectiveTextLen=698 images=0 audioClips=0
2026-09-03T02:55:51.377Z D/LiteRtLM [DefaultDispatcher-worker-3] LiteRT-LM sendMessageAsync(text): key='Gemma3n4B|/data/data/com.negi.survey/files/gemma-3n-E4B-it-int4.litertlm' runId=3 len=698 maxOutputTokens=64
2026-09-03T02:55:51.433Z D/LiteRtLM [DefaultDispatcher-worker-3] sendMessageAsync accepted: key='Gemma3n4B|/data/data/com.negi.survey/files/gemma-3n-E4B-it-int4.litertlm' runId=3 dispatchMs=56
2026-09-03T02:55:53.217Z W/LiteRtLM [Thread-35] Inference first output: key='Gemma3n4B|/data/data/com.negi.survey/files/gemma-3n-E4B-it-int4.litertlm' runId=3 ttftMs=1833 dispatchMs=56 postDispatchTtftMs=1777 requestToFirstOutputMs=1834
2026-09-03T02:55:54.908Z W/LiteRtLM [Thread-45] Inference timing: key='Gemma3n4B|/data/data/com.negi.survey/files/gemma-3n-E4B-it-int4.litertlm' runId=3 ttftMs=1833 dispatchMs=56 postDispatchTtftMs=1777 totalMs=3530 callbacks=10 outputChars=34 cancelled=false error=false requestTotalMs=3531
2026-09-03T02:55:54.921Z D/LiteRtRepository [main] [3] logical done=true; responseClosed=true; waiting native cleanup
2026-09-03T02:55:54.922Z D/LiteRtRepository [main] [3] native cleanup safepoint
2026-09-03T02:55:54.936Z I/AiViewModel [DefaultDispatcher-worker-3] run[3] done: phase=ONE_STEP mode=EVAL_JSON score=1 FU0.len=0 FU0.sha16=none commit=true err=<none>
2026-09-03T02:55:54.939Z D/LiteRtRepository [DefaultDispatcher-worker-4] [3] Conversation reset completed after safepoint
2026-09-03T02:55:54.939Z D/AiScreen [main] Step rendered (context=sid=1|nid=Q9 node=Q9 runId=3 phase=ONE_STEP mode=EVAL_JSON showJson=true rawLen=34 followups=0 timedOut=false twoStep=false)
2026-09-03T02:55:58.456Z D/SurveyVM [main] push -> Q10, navSize=11, stackSize=11
2026-09-03T02:55:58.468Z D/SurveyVM [main] hasTwoStepPrompt[Q10] -> false (eval=0, fu=0)
2026-09-03T02:56:01.172Z D/SurveyVM [main] hasTwoStepPrompt[Q10] -> false (eval=0, fu=0)
2026-09-03T02:56:01.184Z I/AiScreen [main] Submit begin runId=ai-Q10-570491176-570491176168242 node=Q10 role=MAIN isTwoStep=false sessionId=1 surveyUuid=0e5c14c7-2621-42d2-8a4a-aa7aa9314368 qLen=83 aLen=4 qSha6=c4123fb2d50d aSha6=3ce7429acfbe
2026-09-03T02:56:01.187Z D/SurveyVM [main] getPrompt[Q10] -> len=214 (src=one_step)
2026-09-03T02:56:01.188Z I/AiScreen [main] Submit end runId=ai-Q10-570491176-570491176168242 node=Q10 elapsed=15ms
2026-09-03T02:56:01.194Z D/LiteRtRepository [DefaultDispatcher-worker-3] [4] request start model='Gemma3n4B' prompt.len=655 sha=0b90f89e445a52f5 gateWaitMs=1
2026-09-03T02:56:01.197Z D/LiteRtLM [slm-jni] initializeIfNeeded: warm runtime already ready: key='Gemma3n4B|/data/data/com.negi.survey/files/gemma-3n-E4B-it-int4.litertlm'
2026-09-03T02:56:01.199Z D/LiteRtRepository [DefaultDispatcher-worker-3] [4] initializeIfNeeded ok initMs=5
2026-09-03T02:56:01.199Z D/LiteRtLM [DefaultDispatcher-worker-3] runInference start: key='Gemma3n4B|/data/data/com.negi.survey/files/gemma-3n-E4B-it-int4.litertlm' runId=4 hasText=true originalTextLen=655 effectiveTextLen=655 images=0 audioClips=0
2026-09-03T02:56:01.200Z D/LiteRtLM [DefaultDispatcher-worker-3] LiteRT-LM sendMessageAsync(text): key='Gemma3n4B|/data/data/com.negi.survey/files/gemma-3n-E4B-it-int4.litertlm' runId=4 len=655 maxOutputTokens=64
2026-09-03T02:56:01.222Z D/LiteRtLM [DefaultDispatcher-worker-3] sendMessageAsync accepted: key='Gemma3n4B|/data/data/com.negi.survey/files/gemma-3n-E4B-it-int4.litertlm' runId=4 dispatchMs=23
2026-09-03T02:56:02.954Z W/LiteRtLM [Thread-46] Inference first output: key='Gemma3n4B|/data/data/com.negi.survey/files/gemma-3n-E4B-it-int4.litertlm' runId=4 ttftMs=1749 dispatchMs=23 postDispatchTtftMs=1726 requestToFirstOutputMs=1749
2026-09-03T02:56:04.746Z W/LiteRtLM [Thread-56] Inference timing: key='Gemma3n4B|/data/data/com.negi.survey/files/gemma-3n-E4B-it-int4.litertlm' runId=4 ttftMs=1749 dispatchMs=23 postDispatchTtftMs=1726 totalMs=3546 callbacks=10 outputChars=34 cancelled=false error=false requestTotalMs=3546
2026-09-03T02:56:04.753Z D/LiteRtRepository [main] [4] logical done=true; responseClosed=true; waiting native cleanup
2026-09-03T02:56:04.753Z D/LiteRtRepository [main] [4] native cleanup safepoint
2026-09-03T02:56:04.767Z I/AiViewModel [DefaultDispatcher-worker-3] run[4] done: phase=ONE_STEP mode=EVAL_JSON score=1 FU0.len=0 FU0.sha16=none commit=true err=<none>
2026-09-03T02:56:04.772Z D/AiScreen [main] Step rendered (context=sid=1|nid=Q10 node=Q10 runId=4 phase=ONE_STEP mode=EVAL_JSON showJson=true rawLen=34 followups=0 timedOut=false twoStep=false)
2026-09-03T02:56:04.773Z D/LiteRtRepository [DefaultDispatcher-worker-4] [4] Conversation reset completed after safepoint
2026-09-03T02:56:06.510Z D/SurveyVM [main] push -> Q11, navSize=12, stackSize=12
2026-09-03T02:56:06.529Z D/SurveyVM [main] hasTwoStepPrompt[Q11] -> false (eval=0, fu=0)
2026-09-03T02:56:09.914Z D/SurveyVM [main] hasTwoStepPrompt[Q11] -> false (eval=0, fu=0)
2026-09-03T02:56:09.933Z I/AiScreen [main] Submit begin runId=ai-Q11-570499915-570499915947828 node=Q11 role=MAIN isTwoStep=false sessionId=1 surveyUuid=0e5c14c7-2621-42d2-8a4a-aa7aa9314368 qLen=99 aLen=5 qSha6=b6f14ef0e26f aSha6=42e8cdf5bc4d
2026-09-03T02:56:09.937Z D/SurveyVM [main] getPrompt[Q11] -> len=255 (src=one_step)
2026-09-03T02:56:09.938Z I/AiScreen [main] Submit end runId=ai-Q11-570499915-570499915947828 node=Q11 elapsed=26ms
2026-09-03T02:56:09.945Z D/LiteRtRepository [DefaultDispatcher-worker-4] [5] request start model='Gemma3n4B' prompt.len=696 sha=0da32631bfb78ecd gateWaitMs=2
2026-09-03T02:56:09.953Z D/LiteRtLM [slm-jni] initializeIfNeeded: warm runtime already ready: key='Gemma3n4B|/data/data/com.negi.survey/files/gemma-3n-E4B-it-int4.litertlm'
2026-09-03T02:56:09.954Z D/LiteRtRepository [DefaultDispatcher-worker-4] [5] initializeIfNeeded ok initMs=7
2026-09-03T02:56:09.954Z D/LiteRtLM [DefaultDispatcher-worker-5] runInference start: key='Gemma3n4B|/data/data/com.negi.survey/files/gemma-3n-E4B-it-int4.litertlm' runId=5 hasText=true originalTextLen=696 effectiveTextLen=696 images=0 audioClips=0
2026-09-03T02:56:09.955Z D/LiteRtLM [DefaultDispatcher-worker-5] LiteRT-LM sendMessageAsync(text): key='Gemma3n4B|/data/data/com.negi.survey/files/gemma-3n-E4B-it-int4.litertlm' runId=5 len=696 maxOutputTokens=64
2026-09-03T02:56:09.995Z D/LiteRtLM [DefaultDispatcher-worker-5] sendMessageAsync accepted: key='Gemma3n4B|/data/data/com.negi.survey/files/gemma-3n-E4B-it-int4.litertlm' runId=5 dispatchMs=40
2026-09-03T02:56:11.667Z W/LiteRtLM [Thread-57] Inference first output: key='Gemma3n4B|/data/data/com.negi.survey/files/gemma-3n-E4B-it-int4.litertlm' runId=5 ttftMs=1709 dispatchMs=40 postDispatchTtftMs=1669 requestToFirstOutputMs=1709
2026-09-03T02:56:13.334Z W/LiteRtLM [Thread-67] Inference timing: key='Gemma3n4B|/data/data/com.negi.survey/files/gemma-3n-E4B-it-int4.litertlm' runId=5 ttftMs=1709 dispatchMs=40 postDispatchTtftMs=1669 totalMs=3379 callbacks=10 outputChars=34 cancelled=false error=false requestTotalMs=3379
2026-09-03T02:56:13.335Z D/LiteRtRepository [main] [5] logical done=true; responseClosed=true; waiting native cleanup
2026-09-03T02:56:13.336Z D/LiteRtRepository [main] [5] native cleanup safepoint
2026-09-03T02:56:13.349Z I/AiViewModel [DefaultDispatcher-worker-4] run[5] done: phase=ONE_STEP mode=EVAL_JSON score=1 FU0.len=0 FU0.sha16=none commit=true err=<none>
2026-09-03T02:56:13.354Z D/LiteRtRepository [DefaultDispatcher-worker-5] [5] Conversation reset completed after safepoint
2026-09-03T02:56:13.354Z D/AiScreen [main] Step rendered (context=sid=1|nid=Q11 node=Q11 runId=5 phase=ONE_STEP mode=EVAL_JSON showJson=true rawLen=34 followups=0 timedOut=false twoStep=false)
2026-09-03T02:56:17.330Z D/SurveyVM [main] push -> Q12, navSize=13, stackSize=13
2026-09-03T02:56:17.345Z D/SurveyVM [main] hasTwoStepPrompt[Q12] -> false (eval=0, fu=0)
2026-09-03T02:56:19.815Z D/SurveyVM [main] push -> Q13, navSize=14, stackSize=14
2026-09-03T02:56:19.826Z D/SurveyVM [main] hasTwoStepPrompt[Q13] -> false (eval=0, fu=0)
2026-09-03T02:56:21.244Z D/AiScreen [main] Speech started (node=Q13 role=MAIN)
2026-09-03T02:56:24.170Z D/AiScreen [main] Speech finished with empty/no-change (node=Q13 role=MAIN)
2026-09-03T02:56:24.314Z D/SurveyVM [DefaultDispatcher-worker-5] addAudioRef -> q=Q13, file=voice_0e5c14c7-2621-42d2-8a4a-aa7aa9314368_Q13_20260903_025624.wav, sid=0e5c14c7-2621-42d2-8a4a-aa7aa9314368
2026-09-03T02:56:24.314Z D/SurveyVM [DefaultDispatcher-worker-5] onVoiceExported -> q=Q13, file=voice_0e5c14c7-2621-42d2-8a4a-aa7aa9314368_Q13_20260903_025624.wav, replace=false
2026-09-03T02:56:24.344Z D/AiScreen [main] Speech started (node=Q13 role=MAIN)
2026-09-03T02:56:32.720Z D/AiScreen [main] Speech committed (node=Q13 role=MAIN len=39)
2026-09-03T02:56:34.151Z D/SurveyVM [main] hasTwoStepPrompt[Q13] -> false (eval=0, fu=0)
2026-09-03T02:56:34.154Z I/AiScreen [main] Submit begin runId=ai-Q13-570524155-570524155380864 node=Q13 role=MAIN isTwoStep=false sessionId=1 surveyUuid=0e5c14c7-2621-42d2-8a4a-aa7aa9314368 qLen=84 aLen=39 qSha6=bddbb4900905 aSha6=9edc36f61171
2026-09-03T02:56:34.161Z D/SurveyVM [main] getPrompt[Q13] -> len=239 (src=one_step)
2026-09-03T02:56:34.162Z I/AiScreen [main] Submit end runId=ai-Q13-570524155-570524155380864 node=Q13 elapsed=10ms
2026-09-03T02:56:34.165Z D/LiteRtRepository [DefaultDispatcher-worker-4] [6] request start model='Gemma3n4B' prompt.len=680 sha=c468871cd9d01577 gateWaitMs=0
2026-09-03T02:56:34.169Z D/LiteRtLM [slm-jni] initializeIfNeeded: warm runtime already ready: key='Gemma3n4B|/data/data/com.negi.survey/files/gemma-3n-E4B-it-int4.litertlm'
2026-09-03T02:56:34.169Z D/LiteRtRepository [DefaultDispatcher-worker-4] [6] initializeIfNeeded ok initMs=3
2026-09-03T02:56:34.169Z D/LiteRtLM [DefaultDispatcher-worker-4] runInference start: key='Gemma3n4B|/data/data/com.negi.survey/files/gemma-3n-E4B-it-int4.litertlm' runId=6 hasText=true originalTextLen=680 effectiveTextLen=680 images=0 audioClips=0
2026-09-03T02:56:34.170Z D/LiteRtLM [DefaultDispatcher-worker-4] LiteRT-LM sendMessageAsync(text): key='Gemma3n4B|/data/data/com.negi.survey/files/gemma-3n-E4B-it-int4.litertlm' runId=6 len=680 maxOutputTokens=64
2026-09-03T02:56:34.196Z D/LiteRtLM [DefaultDispatcher-worker-4] sendMessageAsync accepted: key='Gemma3n4B|/data/data/com.negi.survey/files/gemma-3n-E4B-it-int4.litertlm' runId=6 dispatchMs=27
2026-09-03T02:56:35.784Z W/LiteRtLM [Thread-68] Inference first output: key='Gemma3n4B|/data/data/com.negi.survey/files/gemma-3n-E4B-it-int4.litertlm' runId=6 ttftMs=1613 dispatchMs=27 postDispatchTtftMs=1586 requestToFirstOutputMs=1613
2026-09-03T02:56:37.444Z W/LiteRtLM [Thread-78] Inference timing: key='Gemma3n4B|/data/data/com.negi.survey/files/gemma-3n-E4B-it-int4.litertlm' runId=6 ttftMs=1613 dispatchMs=27 postDispatchTtftMs=1586 totalMs=3274 callbacks=10 outputChars=34 cancelled=false error=false requestTotalMs=3274
2026-09-03T02:56:37.445Z D/LiteRtRepository [main] [6] logical done=true; responseClosed=true; waiting native cleanup
2026-09-03T02:56:37.445Z D/LiteRtRepository [main] [6] native cleanup safepoint
2026-09-03T02:56:37.463Z I/AiViewModel [DefaultDispatcher-worker-4] run[6] done: phase=ONE_STEP mode=EVAL_JSON score=1 FU0.len=0 FU0.sha16=none commit=true err=<none>
2026-09-03T02:56:37.465Z D/AiScreen [main] Step rendered (context=sid=1|nid=Q13 node=Q13 runId=6 phase=ONE_STEP mode=EVAL_JSON showJson=true rawLen=34 followups=0 timedOut=false twoStep=false)
2026-09-03T02:56:37.465Z D/LiteRtRepository [DefaultDispatcher-worker-5] [6] Conversation reset completed after safepoint
2026-09-03T02:56:39.730Z D/SurveyVM [main] push -> Q14, navSize=15, stackSize=15
2026-09-03T02:56:39.760Z D/SurveyVM [main] hasTwoStepPrompt[Q14] -> false (eval=0, fu=0)
2026-09-03T02:56:42.707Z D/SurveyVM [main] hasTwoStepPrompt[Q14] -> false (eval=0, fu=0)
2026-09-03T02:56:42.725Z I/AiScreen [main] Submit begin runId=ai-Q14-570532711-570532711332691 node=Q14 role=MAIN isTwoStep=false sessionId=1 surveyUuid=0e5c14c7-2621-42d2-8a4a-aa7aa9314368 qLen=100 aLen=4 qSha6=5e93ee320ecc aSha6=d05024788b8b
2026-09-03T02:56:42.733Z D/SurveyVM [main] getPrompt[Q14] -> len=257 (src=one_step)
2026-09-03T02:56:42.733Z I/AiScreen [main] Submit end runId=ai-Q14-570532711-570532711332691 node=Q14 elapsed=26ms
2026-09-03T02:56:42.740Z D/LiteRtRepository [DefaultDispatcher-worker-8] [7] request start model='Gemma3n4B' prompt.len=698 sha=fc21d76061d5db26 gateWaitMs=1
2026-09-03T02:56:42.744Z D/LiteRtLM [slm-jni] initializeIfNeeded: warm runtime already ready: key='Gemma3n4B|/data/data/com.negi.survey/files/gemma-3n-E4B-it-int4.litertlm'
2026-09-03T02:56:42.744Z D/LiteRtRepository [DefaultDispatcher-worker-8] [7] initializeIfNeeded ok initMs=2
2026-09-03T02:56:42.745Z D/LiteRtLM [DefaultDispatcher-worker-8] runInference start: key='Gemma3n4B|/data/data/com.negi.survey/files/gemma-3n-E4B-it-int4.litertlm' runId=7 hasText=true originalTextLen=698 effectiveTextLen=698 images=0 audioClips=0
2026-09-03T02:56:42.746Z D/LiteRtLM [DefaultDispatcher-worker-8] LiteRT-LM sendMessageAsync(text): key='Gemma3n4B|/data/data/com.negi.survey/files/gemma-3n-E4B-it-int4.litertlm' runId=7 len=698 maxOutputTokens=64
2026-09-03T02:56:42.772Z D/LiteRtLM [DefaultDispatcher-worker-8] sendMessageAsync accepted: key='Gemma3n4B|/data/data/com.negi.survey/files/gemma-3n-E4B-it-int4.litertlm' runId=7 dispatchMs=20
2026-09-03T02:56:44.067Z W/LiteRtLM [Thread-79] Inference first output: key='Gemma3n4B|/data/data/com.negi.survey/files/gemma-3n-E4B-it-int4.litertlm' runId=7 ttftMs=1321 dispatchMs=20 postDispatchTtftMs=1301 requestToFirstOutputMs=1321
2026-09-03T02:56:45.714Z W/LiteRtLM [Thread-89] Inference timing: key='Gemma3n4B|/data/data/com.negi.survey/files/gemma-3n-E4B-it-int4.litertlm' runId=7 ttftMs=1321 dispatchMs=20 postDispatchTtftMs=1301 totalMs=2969 callbacks=10 outputChars=34 cancelled=false error=false requestTotalMs=2969
2026-09-03T02:56:45.732Z D/LiteRtRepository [main] [7] logical done=true; responseClosed=true; waiting native cleanup
2026-09-03T02:56:45.732Z D/LiteRtRepository [main] [7] native cleanup safepoint
2026-09-03T02:56:45.738Z I/AiViewModel [DefaultDispatcher-worker-8] run[7] done: phase=ONE_STEP mode=EVAL_JSON score=1 FU0.len=0 FU0.sha16=none commit=true err=<none>
2026-09-03T02:56:45.748Z D/LiteRtRepository [DefaultDispatcher-worker-8] [7] Conversation reset completed after safepoint
2026-09-03T02:56:45.750Z D/AiScreen [main] Step rendered (context=sid=1|nid=Q14 node=Q14 runId=7 phase=ONE_STEP mode=EVAL_JSON showJson=true rawLen=34 followups=0 timedOut=false twoStep=false)
2026-09-03T02:56:47.288Z D/SurveyVM [main] push -> Q15, navSize=16, stackSize=16
2026-09-03T02:56:47.304Z D/SurveyVM [main] hasTwoStepPrompt[Q15] -> false (eval=0, fu=0)
2026-09-03T02:56:48.787Z D/SurveyVM [main] push -> Q16, navSize=17, stackSize=17
2026-09-03T02:56:48.801Z D/SurveyVM [main] hasTwoStepPrompt[Q16] -> false (eval=0, fu=0)
2026-09-03T02:56:49.805Z D/SurveyVM [main] push -> Q17, navSize=18, stackSize=18
2026-09-03T02:56:49.818Z D/SurveyVM [main] hasTwoStepPrompt[Q17] -> false (eval=0, fu=0)
2026-09-03T02:56:50.870Z D/SurveyVM [main] push -> Review, navSize=19, stackSize=19
2026-09-03T02:56:50.875Z D/SurveyVM [main] hasTwoStepPrompt[Review] -> false (eval=0, fu=0)
2026-09-03T02:56:58.256Z D/SurveyVM [main] push -> Done, navSize=20, stackSize=20
2026-09-03T02:59:06.596Z D/SurveyVM [main] resetAudioRefs -> cleared
2026-09-03T02:59:06.601Z D/SurveyVM [main] resetNavToStart -> key=com.negi.survey.vm.FlowHome@ab14a54, navSize=1
2026-09-03T02:59:06.602Z D/SurveyVM [main] resetToStart -> Start, session=2, uuid=6415aa4f-b3ef-4d6b-9f4d-496fa2db5365, preserveDraft=false, draftLen=0
2026-09-03T02:59:06.634Z I/AiViewModel [main] onCleared: ViewModel is being cleared -> stopCurrentRunInternal()
2026-09-03T02:59:13.233Z D/LiteRtLM [DefaultDispatcher-worker-4] Initializing LiteRT-LM: model='Gemma3n4B', key='Gemma3n4B|/data/user/0/com.negi.survey/files/gemma-3n-E4B-it-int4.litertlm'
