=== RuntimeLogStore Header ===
ts=2026-09-30T18:50:34.007Z
fileNameFormat=LEGACY
appId=com.negi.survey
versionName=0.0.1
versionCode=104
debug=false
device=samsung SM-S931U1
sdk=36
pid=5532
==============================
2026-09-30T18:50:34.007Z I/RuntimeLogStore [rtlog-io] start: actor launched (fileNameFormat=LEGACY)
2026-09-30T18:50:34.004Z D/SurveyApp [main] attachBaseContext: pid=5532 process=com.negi.survey isMain=true sdk=36
2026-09-30T18:50:34.005Z D/SurveyApp [main] bootTiming: attachBaseContext total=7ms
2026-09-30T18:50:34.005Z D/SurveyApp [main] Skipping WorkManager init in attachBaseContext; will init lazily on first enqueue.
2026-09-30T18:50:34.005Z D/SurveyApp [main] CrashCapture installed: where=SurveyApp:attachBaseContext
2026-09-30T18:50:34.013Z I/RuntimeLogStore [main] start repair: ctx/dir refreshed
2026-09-30T18:50:34.013Z D/SurveyApp [main] bootTiming: RuntimeLogStore.start took=1ms
2026-09-30T18:50:34.013Z D/SurveyApp [main] bootTiming: AppRingLogStore.install took=0ms
2026-09-30T18:50:34.013Z D/SurveyApp [main] onCreate: pid=5532 process=com.negi.survey isMain=true sdk=36
2026-09-30T18:50:34.014Z D/SurveyApp [main] CrashCapture installed: where=SurveyApp:onCreate(rewrap)
2026-09-30T18:50:34.014Z D/SurveyApp [main] CrashCapture self-healing registered.
2026-09-30T18:50:34.014Z W/SurveyApp [main] Startup enqueues deferred: delay=2500ms (to reduce init contention)
2026-09-30T18:50:34.014Z D/SurveyApp [main] Startup survey recovery deferred: delay=2500ms
2026-09-30T18:50:34.014Z D/SurveyApp [main] bootTiming: onCreate total=1ms
2026-09-30T18:50:34.021Z I/RuntimeLogStore [DefaultDispatcher-worker-1] start repair: ctx/dir refreshed
2026-09-30T18:50:35.275Z I/RuntimeLogStore [DefaultDispatcher-worker-1] start repair: ctx/dir refreshed
