20260903_081339 I/AppRingLogStore pid=29681 tid=29681 uptimeMs=282857 msg=install: pid=29681 timeUtc=20260903_081339 uptimeMs=282857
20260903_081339 D/SurveyApp pid=29681 tid=29681 uptimeMs=282857 msg=attachBaseContext: pid=29681 process=com.negi.survey isMain=true sdk=35
20260903_081339 D/SurveyApp pid=29681 tid=29681 uptimeMs=282860 msg=onCreate: pid=29681 process=com.negi.survey isMain=true sdk=35
20260903_082055 D/AiTrace pid=29681 tid=29681 uptimeMs=718364 msg=Installed (enabled=false ringEnabled=true)
20260903_082055 D/LiteRtRepository pid=29681 tid=29681 uptimeMs=718394 msg=warmUp init ok initMs=2 gateWaitMs=0
20260903_082055 D/LiteRtRepository pid=29681 tid=29681 uptimeMs=718394 msg=warmUp Engine ready representativeInference=false totalMs=2
20260903_082518 I/AiViewModel pid=29681 tid=29681 uptimeMs=982073 msg=onCleared: ViewModel is being cleared -> stopCurrentRunInternal()
20260903_082530 D/AiTrace pid=29681 tid=29681 uptimeMs=993693 msg=Installed (enabled=false ringEnabled=true)
20260903_082530 D/LiteRtRepository pid=29681 tid=29681 uptimeMs=993752 msg=warmUp init ok initMs=1 gateWaitMs=0
20260903_082530 D/LiteRtRepository pid=29681 tid=29681 uptimeMs=993752 msg=warmUp Engine ready representativeInference=false totalMs=1
20260903_083603 I/AiViewModel pid=29681 tid=29681 uptimeMs=1626862 msg=onCleared: ViewModel is being cleared -> stopCurrentRunInternal()
20260903_083603 D/AiTrace pid=29681 tid=29681 uptimeMs=1626960 msg=Installed (enabled=false ringEnabled=true)
20260903_083603 D/LiteRtRepository pid=29681 tid=29681 uptimeMs=1626982 msg=warmUp init ok initMs=5 gateWaitMs=0
20260903_083603 D/LiteRtRepository pid=29681 tid=29681 uptimeMs=1626982 msg=warmUp Engine ready representativeInference=false totalMs=5
20260903_083620 I/AiViewModel pid=29681 tid=29681 uptimeMs=1644094 msg=onCleared: ViewModel is being cleared -> stopCurrentRunInternal()
20260903_083621 D/AiTrace pid=29681 tid=29681 uptimeMs=1644160 msg=Installed (enabled=false ringEnabled=true)
20260903_083621 D/LiteRtRepository pid=29681 tid=29681 uptimeMs=1644171 msg=warmUp init ok initMs=0 gateWaitMs=0
20260903_083621 D/LiteRtRepository pid=29681 tid=29681 uptimeMs=1644172 msg=warmUp Engine ready representativeInference=false totalMs=0
20260903_083621 I/AiViewModel pid=29681 tid=29681 uptimeMs=1644890 msg=onCleared: ViewModel is being cleared -> stopCurrentRunInternal()
20260903_083621 D/AiTrace pid=29681 tid=29681 uptimeMs=1644943 msg=Installed (enabled=false ringEnabled=true)
20260903_083621 D/LiteRtRepository pid=29681 tid=29681 uptimeMs=1644954 msg=warmUp init ok initMs=1 gateWaitMs=0
20260903_083621 D/LiteRtRepository pid=29681 tid=29681 uptimeMs=1644954 msg=warmUp Engine ready representativeInference=false totalMs=1
20260903_090813 I/AiViewModel pid=29681 tid=29681 uptimeMs=3556816 msg=onCleared: ViewModel is being cleared -> stopCurrentRunInternal()
20260903_090828 D/AiTrace pid=29681 tid=29681 uptimeMs=3571368 msg=Installed (enabled=false ringEnabled=true)
20260903_090828 D/LiteRtRepository pid=29681 tid=29681 uptimeMs=3571422 msg=warmUp init ok initMs=1 gateWaitMs=0
20260903_090828 D/LiteRtRepository pid=29681 tid=29681 uptimeMs=3571422 msg=warmUp Engine ready representativeInference=false totalMs=1
20260903_091146 D/LiteRtRepository pid=29681 tid=30102 uptimeMs=3769274 msg=[1] start model='Gemma3n4B' prompt.len=1534 sha=450f2c45eb233d48 gateWaitMs=5
20260903_091146 D/LiteRtRepository pid=29681 tid=30102 uptimeMs=3769276 msg=[1] init ok initMs=1
20260903_091152 D/LiteRtRepository pid=29681 tid=29681 uptimeMs=3775647 msg=[1] logicalDone=true
20260903_091152 D/LiteRtRepository pid=29681 tid=29681 uptimeMs=3775647 msg=[1] native cleanup safepoint
20260903_091152 D/LiteRtRepository pid=29681 tid=30100 uptimeMs=3775650 msg=[1] Conversation reset completed after safepoint
20260903_091152 I/LiteRtRepository pid=29681 tid=30096 uptimeMs=3775650 msg=[1] finalize reason='native-terminated' totalMs=6380 inferenceMs=6374 firstTokenMs=1849 chunks=64 emittedChars=205 out.len=205 capturedAll=true logicalDone=true nativeTerminated=true cancelTag='null' lastDeltaMsAgo=5 lastEventMsAgo=3
20260903_091152 I/AiViewModel pid=29681 tid=30102 uptimeMs=3775656 msg=run[1] done: phase=ONE_STEP mode=EVAL_JSON score=null FU0.len=66 FU0.sha16=ca59081150b39e79 commit=true err=<none>
20260903_091232 D/LiteRtRepository pid=29681 tid=30102 uptimeMs=3815539 msg=[2] start model='Gemma3n4B' prompt.len=1538 sha=3bef9e7327b3b426 gateWaitMs=1
20260903_091232 D/LiteRtRepository pid=29681 tid=30102 uptimeMs=3815542 msg=[2] init ok initMs=3
20260903_091238 D/LiteRtRepository pid=29681 tid=29681 uptimeMs=3821323 msg=[2] logicalDone=true
20260903_091238 D/LiteRtRepository pid=29681 tid=29681 uptimeMs=3821323 msg=[2] native cleanup safepoint
20260903_091238 I/AiViewModel pid=29681 tid=30100 uptimeMs=3821326 msg=run[2] done: phase=ONE_STEP mode=EVAL_JSON score=20 FU0.len=0 FU0.sha16=none commit=true err=<none>
20260903_091238 D/LiteRtRepository pid=29681 tid=30102 uptimeMs=3821329 msg=[2] Conversation reset completed after safepoint
20260903_091238 I/LiteRtRepository pid=29681 tid=30100 uptimeMs=3821329 msg=[2] finalize reason='native-terminated' totalMs=5791 inferenceMs=5787 firstTokenMs=1259 chunks=64 emittedChars=206 out.len=206 capturedAll=true logicalDone=true nativeTerminated=true cancelTag='null' lastDeltaMsAgo=7 lastEventMsAgo=6
20260903_091322 D/LiteRtRepository pid=29681 tid=29733 uptimeMs=3865912 msg=[3] start model='Gemma3n4B' prompt.len=1523 sha=ecb97d76161898d9 gateWaitMs=0
20260903_091322 D/LiteRtRepository pid=29681 tid=29733 uptimeMs=3865916 msg=[3] init ok initMs=2
20260903_091327 D/LiteRtRepository pid=29681 tid=29681 uptimeMs=3870962 msg=[3] logicalDone=true
20260903_091327 D/LiteRtRepository pid=29681 tid=29681 uptimeMs=3870962 msg=[3] native cleanup safepoint
20260903_091327 I/AiViewModel pid=29681 tid=29733 uptimeMs=3870968 msg=run[3] done: phase=ONE_STEP mode=EVAL_JSON score=95 FU0.len=34 FU0.sha16=af9e6b891e2999fb commit=true err=<none>
20260903_091327 D/LiteRtRepository pid=29681 tid=30100 uptimeMs=3870970 msg=[3] Conversation reset completed after safepoint
20260903_091327 I/LiteRtRepository pid=29681 tid=30100 uptimeMs=3870970 msg=[3] finalize reason='native-terminated' totalMs=5058 inferenceMs=5054 firstTokenMs=1260 chunks=53 emittedChars=151 out.len=151 capturedAll=true logicalDone=true nativeTerminated=true cancelTag='null' lastDeltaMsAgo=80 lastEventMsAgo=8
20260903_091409 D/LiteRtRepository pid=29681 tid=32156 uptimeMs=3912277 msg=[4] start model='Gemma3n4B' prompt.len=1480 sha=b4a8d33228025248 gateWaitMs=1
20260903_091409 D/LiteRtRepository pid=29681 tid=32156 uptimeMs=3912279 msg=[4] init ok initMs=2
20260903_091414 D/LiteRtRepository pid=29681 tid=29681 uptimeMs=3918036 msg=[4] logicalDone=true
20260903_091414 D/LiteRtRepository pid=29681 tid=29681 uptimeMs=3918036 msg=[4] native cleanup safepoint
20260903_091414 I/AiViewModel pid=29681 tid=30100 uptimeMs=3918041 msg=run[4] done: phase=ONE_STEP mode=EVAL_JSON score=null FU0.len=0 FU0.sha16=none commit=true err=<none>
20260903_091414 D/LiteRtRepository pid=29681 tid=30096 uptimeMs=3918046 msg=[4] Conversation reset completed after safepoint
20260903_091414 I/LiteRtRepository pid=29681 tid=30100 uptimeMs=3918046 msg=[4] finalize reason='native-terminated' totalMs=5769 inferenceMs=5767 firstTokenMs=1247 chunks=64 emittedChars=200 out.len=200 capturedAll=true logicalDone=true nativeTerminated=true cancelTag='null' lastDeltaMsAgo=12 lastEventMsAgo=10
20260903_091446 D/LiteRtRepository pid=29681 tid=29731 uptimeMs=3949201 msg=[5] start model='Gemma3n4B' prompt.len=1480 sha=45e090f4d9bf911d gateWaitMs=0
20260903_091446 D/LiteRtRepository pid=29681 tid=29731 uptimeMs=3949204 msg=[5] init ok initMs=3
20260903_091451 D/LiteRtRepository pid=29681 tid=29681 uptimeMs=3954822 msg=[5] logicalDone=true
20260903_091451 D/LiteRtRepository pid=29681 tid=29681 uptimeMs=3954822 msg=[5] native cleanup safepoint
20260903_091451 I/AiViewModel pid=29681 tid=29733 uptimeMs=3954825 msg=run[5] done: phase=ONE_STEP mode=EVAL_JSON score=null FU0.len=0 FU0.sha16=none commit=true err=<none>
20260903_091451 D/LiteRtRepository pid=29681 tid=30095 uptimeMs=3954830 msg=[5] Conversation reset completed after safepoint
20260903_091451 I/LiteRtRepository pid=29681 tid=30095 uptimeMs=3954830 msg=[5] finalize reason='native-terminated' totalMs=5629 inferenceMs=5626 firstTokenMs=1071 chunks=64 emittedChars=228 out.len=228 capturedAll=true logicalDone=true nativeTerminated=true cancelTag='null' lastDeltaMsAgo=9 lastEventMsAgo=8
20260903_091525 D/LiteRtRepository pid=29681 tid=29733 uptimeMs=3988541 msg=[6] start model='Gemma3n4B' prompt.len=1420 sha=80e9b82a9cb20193 gateWaitMs=0
20260903_091525 D/LiteRtRepository pid=29681 tid=29733 uptimeMs=3988543 msg=[6] init ok initMs=2
20260903_091531 D/LiteRtRepository pid=29681 tid=29681 uptimeMs=3994180 msg=[6] logicalDone=true
20260903_091531 D/LiteRtRepository pid=29681 tid=29681 uptimeMs=3994180 msg=[6] native cleanup safepoint
20260903_091531 I/AiViewModel pid=29681 tid=30100 uptimeMs=3994183 msg=run[6] done: phase=ONE_STEP mode=EVAL_JSON score=null FU0.len=71 FU0.sha16=e5f7bcdcaa6c32eb commit=true err=<none>
20260903_091531 D/LiteRtRepository pid=29681 tid=30100 uptimeMs=3994187 msg=[6] Conversation reset completed after safepoint
20260903_091531 I/LiteRtRepository pid=29681 tid=30100 uptimeMs=3994187 msg=[6] finalize reason='native-terminated' totalMs=5646 inferenceMs=5644 firstTokenMs=1145 chunks=64 emittedChars=208 out.len=208 capturedAll=true logicalDone=true nativeTerminated=true cancelTag='null' lastDeltaMsAgo=7 lastEventMsAgo=7
20260903_091615 D/LiteRtRepository pid=29681 tid=29731 uptimeMs=4038946 msg=[7] start model='Gemma3n4B' prompt.len=1538 sha=9823b64eddecd2a8 gateWaitMs=0
20260903_091615 D/LiteRtRepository pid=29681 tid=29731 uptimeMs=4038947 msg=[7] init ok initMs=1
20260903_091621 D/LiteRtRepository pid=29681 tid=29681 uptimeMs=4044569 msg=[7] logicalDone=true
20260903_091621 D/LiteRtRepository pid=29681 tid=29681 uptimeMs=4044569 msg=[7] native cleanup safepoint
20260903_091621 I/AiViewModel pid=29681 tid=32156 uptimeMs=4044573 msg=run[7] done: phase=ONE_STEP mode=EVAL_JSON score=75 FU0.len=63 FU0.sha16=5c092886f8b287b4 commit=true err=<none>
20260903_091621 D/LiteRtRepository pid=29681 tid=29731 uptimeMs=4044574 msg=[7] Conversation reset completed after safepoint
20260903_091621 I/LiteRtRepository pid=29681 tid=32156 uptimeMs=4044574 msg=[7] finalize reason='native-terminated' totalMs=5629 inferenceMs=5627 firstTokenMs=1481 chunks=57 emittedChars=196 out.len=196 capturedAll=true logicalDone=true nativeTerminated=true cancelTag='null' lastDeltaMsAgo=79 lastEventMsAgo=5
20260903_091701 D/LiteRtRepository pid=29681 tid=32156 uptimeMs=4084933 msg=[8] start model='Gemma3n4B' prompt.len=1466 sha=cb3ea51b8397a74a gateWaitMs=1
20260903_091701 D/LiteRtRepository pid=29681 tid=29732 uptimeMs=4084936 msg=[8] init ok initMs=3
20260903_091707 D/LiteRtRepository pid=29681 tid=29681 uptimeMs=4090916 msg=[8] logicalDone=true
20260903_091707 D/LiteRtRepository pid=29681 tid=29681 uptimeMs=4090916 msg=[8] native cleanup safepoint
20260903_091707 I/AiViewModel pid=29681 tid=32156 uptimeMs=4090918 msg=run[8] done: phase=ONE_STEP mode=EVAL_JSON score=null FU0.len=62 FU0.sha16=27a72ca24d5047f7 commit=true err=<none>
20260903_091707 D/LiteRtRepository pid=29681 tid=29732 uptimeMs=4090922 msg=[8] Conversation reset completed after safepoint
20260903_091707 I/LiteRtRepository pid=29681 tid=32156 uptimeMs=4090922 msg=[8] finalize reason='native-terminated' totalMs=5990 inferenceMs=5986 firstTokenMs=1453 chunks=64 emittedChars=221 out.len=221 capturedAll=true logicalDone=true nativeTerminated=true cancelTag='null' lastDeltaMsAgo=9 lastEventMsAgo=6
20260903_091742 D/LiteRtRepository pid=29681 tid=32156 uptimeMs=4125251 msg=[9] start model='Gemma3n4B' prompt.len=1474 sha=9ad1e2dd71d32176 gateWaitMs=1
20260903_091742 D/LiteRtRepository pid=29681 tid=32156 uptimeMs=4125254 msg=[9] init ok initMs=3
20260903_091748 D/LiteRtRepository pid=29681 tid=29681 uptimeMs=4131282 msg=[9] logicalDone=true
20260903_091748 D/LiteRtRepository pid=29681 tid=29681 uptimeMs=4131282 msg=[9] native cleanup safepoint
20260903_091748 I/AiViewModel pid=29681 tid=30096 uptimeMs=4131286 msg=run[9] done: phase=ONE_STEP mode=EVAL_JSON score=null FU0.len=0 FU0.sha16=none commit=true err=<none>
20260903_091748 D/LiteRtRepository pid=29681 tid=32156 uptimeMs=4131291 msg=[9] Conversation reset completed after safepoint
20260903_091748 I/LiteRtRepository pid=29681 tid=30096 uptimeMs=4131291 msg=[9] finalize reason='native-terminated' totalMs=6040 inferenceMs=6037 firstTokenMs=1475 chunks=64 emittedChars=229 out.len=229 capturedAll=true logicalDone=true nativeTerminated=true cancelTag='null' lastDeltaMsAgo=10 lastEventMsAgo=9
20260903_091832 D/LiteRtRepository pid=29681 tid=29731 uptimeMs=4176069 msg=[10] start model='Gemma3n4B' prompt.len=1526 sha=8e9cf7d610204292 gateWaitMs=0
20260903_091832 D/LiteRtRepository pid=29681 tid=29731 uptimeMs=4176072 msg=[10] init ok initMs=3
20260903_091838 D/LiteRtRepository pid=29681 tid=29681 uptimeMs=4181955 msg=[10] logicalDone=true
20260903_091838 D/LiteRtRepository pid=29681 tid=29681 uptimeMs=4181955 msg=[10] native cleanup safepoint
20260903_091838 I/AiViewModel pid=29681 tid=30096 uptimeMs=4181957 msg=run[10] done: phase=ONE_STEP mode=EVAL_JSON score=null FU0.len=0 FU0.sha16=none commit=true err=<none>
20260903_091838 D/LiteRtRepository pid=29681 tid=30100 uptimeMs=4181958 msg=[10] Conversation reset completed after safepoint
20260903_091838 I/LiteRtRepository pid=29681 tid=30100 uptimeMs=4181958 msg=[10] finalize reason='native-terminated' totalMs=5890 inferenceMs=5886 firstTokenMs=1372 chunks=64 emittedChars=210 out.len=210 capturedAll=true logicalDone=true nativeTerminated=true cancelTag='null' lastDeltaMsAgo=6 lastEventMsAgo=3
20260903_092308 I/AiViewModel pid=29681 tid=29681 uptimeMs=4451254 msg=onCleared: ViewModel is being cleared -> stopCurrentRunInternal()
20260903_092308 D/AiTrace pid=29681 tid=29681 uptimeMs=4451357 msg=Installed (enabled=false ringEnabled=true)
20260903_092308 D/LiteRtRepository pid=29681 tid=29681 uptimeMs=4451371 msg=warmUp init ok initMs=1 gateWaitMs=0
20260903_092308 D/LiteRtRepository pid=29681 tid=29681 uptimeMs=4451371 msg=warmUp Engine ready representativeInference=false totalMs=1
20260903_092310 I/AiViewModel pid=29681 tid=29681 uptimeMs=4453672 msg=onCleared: ViewModel is being cleared -> stopCurrentRunInternal()
20260903_092310 D/AiTrace pid=29681 tid=29681 uptimeMs=4453733 msg=Installed (enabled=false ringEnabled=true)
20260903_092310 D/LiteRtRepository pid=29681 tid=29681 uptimeMs=4453741 msg=warmUp init ok initMs=1 gateWaitMs=0
20260903_092310 D/LiteRtRepository pid=29681 tid=29681 uptimeMs=4453741 msg=warmUp Engine ready representativeInference=false totalMs=1
20260903_092311 I/AiViewModel pid=29681 tid=29681 uptimeMs=4454574 msg=onCleared: ViewModel is being cleared -> stopCurrentRunInternal()
20260903_092311 D/AiTrace pid=29681 tid=29681 uptimeMs=4454626 msg=Installed (enabled=false ringEnabled=true)
20260903_092311 D/LiteRtRepository pid=29681 tid=29681 uptimeMs=4454634 msg=warmUp init ok initMs=1 gateWaitMs=0
20260903_092311 D/LiteRtRepository pid=29681 tid=29681 uptimeMs=4454634 msg=warmUp Engine ready representativeInference=false totalMs=1
20260903_092316 I/AiViewModel pid=29681 tid=29681 uptimeMs=4459504 msg=onCleared: ViewModel is being cleared -> stopCurrentRunInternal()
20260903_092316 D/AiTrace pid=29681 tid=29681 uptimeMs=4459555 msg=Installed (enabled=false ringEnabled=true)
20260903_092316 D/LiteRtRepository pid=29681 tid=29681 uptimeMs=4459562 msg=warmUp init ok initMs=0 gateWaitMs=0
20260903_092316 D/LiteRtRepository pid=29681 tid=29681 uptimeMs=4459562 msg=warmUp Engine ready representativeInference=false totalMs=0
20260903_092324 I/AiViewModel pid=29681 tid=29681 uptimeMs=4467413 msg=onCleared: ViewModel is being cleared -> stopCurrentRunInternal()
20260903_092324 D/AiTrace pid=29681 tid=29681 uptimeMs=4467471 msg=Installed (enabled=false ringEnabled=true)
20260903_092324 D/LiteRtRepository pid=29681 tid=29681 uptimeMs=4467480 msg=warmUp init ok initMs=1 gateWaitMs=0
20260903_092324 D/LiteRtRepository pid=29681 tid=29681 uptimeMs=4467480 msg=warmUp Engine ready representativeInference=false totalMs=1
20260903_092336 I/AiViewModel pid=29681 tid=29681 uptimeMs=4479758 msg=onCleared: ViewModel is being cleared -> stopCurrentRunInternal()
20260903_092336 D/AiTrace pid=29681 tid=29681 uptimeMs=4479853 msg=Installed (enabled=false ringEnabled=true)
20260903_092336 D/LiteRtRepository pid=29681 tid=29681 uptimeMs=4479869 msg=warmUp init ok initMs=1 gateWaitMs=0
20260903_092336 D/LiteRtRepository pid=29681 tid=29681 uptimeMs=4479869 msg=warmUp Engine ready representativeInference=false totalMs=1
20260904_100620 I/AppRingLogStore pid=11362 tid=11362 uptimeMs=26742 msg=install: pid=11362 timeUtc=20260904_100620 uptimeMs=26742
20260904_100620 D/SurveyApp pid=11362 tid=11362 uptimeMs=26742 msg=attachBaseContext: pid=11362 process=com.negi.survey isMain=true sdk=35
20260904_100620 D/SurveyApp pid=11362 tid=11362 uptimeMs=26745 msg=onCreate: pid=11362 process=com.negi.survey isMain=true sdk=35
20260904_100645 D/AiTrace pid=11362 tid=11362 uptimeMs=51739 msg=Installed (enabled=false ringEnabled=true)
20260904_100645 D/LiteRtRepository pid=11362 tid=11362 uptimeMs=51800 msg=warmUp init ok initMs=1 gateWaitMs=0
20260904_100645 D/LiteRtRepository pid=11362 tid=11362 uptimeMs=51800 msg=warmUp Engine ready representativeInference=false totalMs=1
20260904_100701 I/AiViewModel pid=11362 tid=11362 uptimeMs=68565 msg=onCleared: ViewModel is being cleared -> stopCurrentRunInternal()
20260904_100702 D/AiTrace pid=11362 tid=11362 uptimeMs=68663 msg=Installed (enabled=false ringEnabled=true)
20260904_100702 D/LiteRtRepository pid=11362 tid=11362 uptimeMs=68676 msg=warmUp init ok initMs=1 gateWaitMs=0
20260904_100702 D/LiteRtRepository pid=11362 tid=11362 uptimeMs=68676 msg=warmUp Engine ready representativeInference=false totalMs=1
20260904_100703 I/AiViewModel pid=11362 tid=11362 uptimeMs=69850 msg=onCleared: ViewModel is being cleared -> stopCurrentRunInternal()
20260904_100703 D/AiTrace pid=11362 tid=11362 uptimeMs=69906 msg=Installed (enabled=false ringEnabled=true)
20260904_100703 D/LiteRtRepository pid=11362 tid=11362 uptimeMs=69917 msg=warmUp init ok initMs=0 gateWaitMs=0
20260904_100703 D/LiteRtRepository pid=11362 tid=11362 uptimeMs=69917 msg=warmUp Engine ready representativeInference=false totalMs=0
20260904_100854 I/AiViewModel pid=11362 tid=11362 uptimeMs=180786 msg=onCleared: ViewModel is being cleared -> stopCurrentRunInternal()
20260904_100854 D/AiTrace pid=11362 tid=11362 uptimeMs=180862 msg=Installed (enabled=false ringEnabled=true)
20260904_100854 D/LiteRtRepository pid=11362 tid=11362 uptimeMs=180869 msg=warmUp init ok initMs=0 gateWaitMs=0
20260904_100854 D/LiteRtRepository pid=11362 tid=11362 uptimeMs=180869 msg=warmUp Engine ready representativeInference=false totalMs=0
20260904_100855 I/AiViewModel pid=11362 tid=11362 uptimeMs=181582 msg=onCleared: ViewModel is being cleared -> stopCurrentRunInternal()
20260904_100855 D/AiTrace pid=11362 tid=11362 uptimeMs=181635 msg=Installed (enabled=false ringEnabled=true)
20260904_100855 D/LiteRtRepository pid=11362 tid=11362 uptimeMs=181645 msg=warmUp init ok initMs=1 gateWaitMs=0
20260904_100855 D/LiteRtRepository pid=11362 tid=11362 uptimeMs=181645 msg=warmUp Engine ready representativeInference=false totalMs=1
20260904_101139 I/AiViewModel pid=11362 tid=11362 uptimeMs=346256 msg=onCleared: ViewModel is being cleared -> stopCurrentRunInternal()
20260904_101139 D/AiTrace pid=11362 tid=11362 uptimeMs=346309 msg=Installed (enabled=false ringEnabled=true)
20260904_101139 D/LiteRtRepository pid=11362 tid=11362 uptimeMs=346320 msg=warmUp init ok initMs=0 gateWaitMs=0
20260904_101139 D/LiteRtRepository pid=11362 tid=11362 uptimeMs=346320 msg=warmUp Engine ready representativeInference=false totalMs=0
20260904_101140 I/AiViewModel pid=11362 tid=11362 uptimeMs=347366 msg=onCleared: ViewModel is being cleared -> stopCurrentRunInternal()
20260904_101140 D/AiTrace pid=11362 tid=11362 uptimeMs=347418 msg=Installed (enabled=false ringEnabled=true)
20260904_101140 D/LiteRtRepository pid=11362 tid=11362 uptimeMs=347427 msg=warmUp init ok initMs=0 gateWaitMs=0
20260904_101140 D/LiteRtRepository pid=11362 tid=11362 uptimeMs=347427 msg=warmUp Engine ready representativeInference=false totalMs=0
20260904_101802 D/LiteRtRepository pid=11362 tid=11472 uptimeMs=729384 msg=[1] start model='Gemma3n4B' prompt.len=1554 sha=943d2d9f2ec2c7a7 gateWaitMs=1
20260904_101802 D/LiteRtRepository pid=11362 tid=11472 uptimeMs=729385 msg=[1] init ok initMs=1
20260904_101809 D/LiteRtRepository pid=11362 tid=11362 uptimeMs=735633 msg=[1] logicalDone=true
20260904_101809 D/LiteRtRepository pid=11362 tid=11362 uptimeMs=735633 msg=[1] native cleanup safepoint
20260904_101809 I/AiViewModel pid=11362 tid=11472 uptimeMs=735640 msg=run[1] done: phase=ONE_STEP mode=EVAL_JSON score=null FU0.len=0 FU0.sha16=none commit=true err=<none>
20260904_101809 D/LiteRtRepository pid=11362 tid=20358 uptimeMs=735642 msg=[1] Conversation reset completed after safepoint
20260904_101809 I/LiteRtRepository pid=11362 tid=11472 uptimeMs=735642 msg=[1] finalize reason='native-terminated' totalMs=6259 inferenceMs=6257 firstTokenMs=1706 chunks=64 emittedChars=218 out.len=218 capturedAll=true logicalDone=true nativeTerminated=true cancelTag='null' lastDeltaMsAgo=11 lastEventMsAgo=9
20260904_101854 D/LiteRtRepository pid=11362 tid=20358 uptimeMs=781317 msg=[2] start model='Gemma3n4B' prompt.len=1534 sha=44a19dafe07c5ad3 gateWaitMs=0
20260904_101854 D/LiteRtRepository pid=11362 tid=20358 uptimeMs=781318 msg=[2] init ok initMs=1
20260904_101900 D/LiteRtRepository pid=11362 tid=11362 uptimeMs=786860 msg=[2] logicalDone=true
20260904_101900 D/LiteRtRepository pid=11362 tid=11362 uptimeMs=786860 msg=[2] native cleanup safepoint
20260904_101900 I/AiViewModel pid=11362 tid=11472 uptimeMs=786865 msg=run[2] done: phase=ONE_STEP mode=EVAL_JSON score=20 FU0.len=0 FU0.sha16=none commit=true err=<none>
20260904_101900 D/LiteRtRepository pid=11362 tid=20357 uptimeMs=786871 msg=[2] Conversation reset completed after safepoint
20260904_101900 I/LiteRtRepository pid=11362 tid=20357 uptimeMs=786871 msg=[2] finalize reason='native-terminated' totalMs=5554 inferenceMs=5553 firstTokenMs=887 chunks=64 emittedChars=209 out.len=209 capturedAll=true logicalDone=true nativeTerminated=true cancelTag='null' lastDeltaMsAgo=13 lastEventMsAgo=11
20260904_102002 D/LiteRtRepository pid=11362 tid=13287 uptimeMs=849090 msg=[3] start model='Gemma3n4B' prompt.len=1534 sha=44a19dafe07c5ad3 gateWaitMs=1
20260904_102002 D/LiteRtRepository pid=11362 tid=13287 uptimeMs=849090 msg=[3] init ok initMs=0
20260904_102007 W/LiteRtRepository pid=11362 tid=11474 uptimeMs=853641 msg=[3] cancel requested tag='collector-cancelled'
20260904_102007 W/LiteRtRepository pid=11362 tid=11474 uptimeMs=853641 msg=[3] FORCE_REINIT=true reason='collector-cancelled'
20260904_102007 D/LiteRtRepository pid=11362 tid=11362 uptimeMs=853712 msg=[3] native cleanup safepoint
20260904_102007 D/LiteRtRepository pid=11362 tid=13268 uptimeMs=854161 msg=[3] full runtime teardown completed after safepoint
20260904_102007 I/LiteRtRepository pid=11362 tid=20357 uptimeMs=854162 msg=[3] finalize reason='native-terminated' totalMs=5073 inferenceMs=5072 firstTokenMs=809 chunks=52 emittedChars=164 out.len=164 capturedAll=true logicalDone=false nativeTerminated=true cancelTag='collector-cancelled' lastDeltaMsAgo=524 lastEventMsAgo=450
20260904_102009 D/LiteRtRepository pid=11362 tid=13268 uptimeMs=856116 msg=[4] start model='Gemma3n4B' prompt.len=1521 sha=2eb7172e400c7b3e gateWaitMs=0
20260904_102010 W/LiteRtRepository pid=11362 tid=11472 uptimeMs=857286 msg=[4] FORCE_REINIT=true reason='collector-cancelled-during-setup'
20260904_102016 D/LiteRtRepository pid=11362 tid=13287 uptimeMs=863288 msg=[4] init ok initMs=7172
20260904_102016 W/LiteRtRepository pid=11362 tid=13287 uptimeMs=863289 msg=[4] FORCE_REINIT=true reason='collector-cancelled-during-setup'
20260904_102016 I/LiteRtRepository pid=11362 tid=13287 uptimeMs=863289 msg=[4] finalize reason='collector-cancelled-before-inference' totalMs=7173 inferenceMs=-1 firstTokenMs=-1 chunks=0 emittedChars=0 out.len=0 capturedAll=true logicalDone=false nativeTerminated=false cancelTag='null' lastDeltaMsAgo=-1 lastEventMsAgo=-1
20260904_102041 D/LiteRtRepository pid=11362 tid=13268 uptimeMs=887679 msg=[5] pre-run full teardown completed
20260904_102041 D/LiteRtRepository pid=11362 tid=13268 uptimeMs=887679 msg=[5] start model='Gemma3n4B' prompt.len=1480 sha=b9ed1695219b5a73 gateWaitMs=350
20260904_102047 D/LiteRtRepository pid=11362 tid=13268 uptimeMs=894275 msg=[5] init ok initMs=6596
20260904_102053 D/LiteRtRepository pid=11362 tid=11362 uptimeMs=900443 msg=[5] logicalDone=true
20260904_102053 D/LiteRtRepository pid=11362 tid=11362 uptimeMs=900443 msg=[5] native cleanup safepoint
20260904_102053 I/AiViewModel pid=11362 tid=20357 uptimeMs=900447 msg=run[5] done: phase=ONE_STEP mode=EVAL_JSON score=null FU0.len=0 FU0.sha16=none commit=true err=<none>
20260904_102053 D/LiteRtRepository pid=11362 tid=13268 uptimeMs=900448 msg=[5] Conversation reset completed after safepoint
20260904_102053 I/LiteRtRepository pid=11362 tid=13268 uptimeMs=900448 msg=[5] finalize reason='native-terminated' totalMs=13119 inferenceMs=6173 firstTokenMs=1627 chunks=64 emittedChars=219 out.len=219 capturedAll=true logicalDone=true nativeTerminated=true cancelTag='null' lastDeltaMsAgo=7 lastEventMsAgo=5
20260904_102136 D/LiteRtRepository pid=11362 tid=20358 uptimeMs=943384 msg=[6] start model='Gemma3n4B' prompt.len=1514 sha=c2f70c06eff43fec gateWaitMs=1
20260904_102136 D/LiteRtRepository pid=11362 tid=20358 uptimeMs=943384 msg=[6] init ok initMs=0
20260904_102139 W/LiteRtRepository pid=11362 tid=20358 uptimeMs=945823 msg=[6] cancel requested tag='collector-cancelled'
20260904_102139 W/LiteRtRepository pid=11362 tid=20358 uptimeMs=945823 msg=[6] FORCE_REINIT=true reason='collector-cancelled'
20260904_102139 D/LiteRtRepository pid=11362 tid=11362 uptimeMs=945864 msg=[6] native cleanup safepoint
20260904_102139 D/LiteRtRepository pid=11362 tid=11472 uptimeMs=946207 msg=[6] full runtime teardown completed after safepoint
20260904_102139 I/LiteRtRepository pid=11362 tid=20858 uptimeMs=946207 msg=[6] finalize reason='native-terminated' totalMs=2824 inferenceMs=2823 firstTokenMs=885 chunks=22 emittedChars=79 out.len=79 capturedAll=true logicalDone=false nativeTerminated=true cancelTag='collector-cancelled' lastDeltaMsAgo=420 lastEventMsAgo=343
20260904_102208 D/LiteRtRepository pid=11362 tid=20860 uptimeMs=974788 msg=[7] start model='Gemma3n4B' prompt.len=1425 sha=c427668d3950587e gateWaitMs=1
20260904_102214 D/LiteRtRepository pid=11362 tid=20860 uptimeMs=981230 msg=[7] init ok initMs=6442
20260904_102219 W/LiteRtRepository pid=11362 tid=11474 uptimeMs=986210 msg=[7] cancel requested tag='collector-cancelled'
20260904_102219 W/LiteRtRepository pid=11362 tid=11474 uptimeMs=986210 msg=[7] FORCE_REINIT=true reason='collector-cancelled'
20260904_102219 D/LiteRtRepository pid=11362 tid=11362 uptimeMs=986273 msg=[7] native cleanup safepoint
20260904_102220 D/LiteRtRepository pid=11362 tid=20860 uptimeMs=986611 msg=[7] full runtime teardown completed after safepoint
20260904_102220 I/LiteRtRepository pid=11362 tid=13268 uptimeMs=986611 msg=[7] finalize reason='native-terminated' totalMs=11823 inferenceMs=5381 firstTokenMs=1142 chunks=54 emittedChars=180 out.len=180 capturedAll=true logicalDone=false nativeTerminated=true cancelTag='collector-cancelled' lastDeltaMsAgo=408 lastEventMsAgo=338
20260904_102252 D/LiteRtRepository pid=11362 tid=20858 uptimeMs=1019093 msg=[8] start model='Gemma3n4B' prompt.len=1536 sha=3f0a57043adfe8c6 gateWaitMs=1
20260904_102259 D/LiteRtRepository pid=11362 tid=20858 uptimeMs=1025601 msg=[8] init ok initMs=6508
20260904_102301 W/LiteRtRepository pid=11362 tid=20859 uptimeMs=1027803 msg=[8] cancel requested tag='collector-cancelled'
20260904_102301 W/LiteRtRepository pid=11362 tid=20859 uptimeMs=1027803 msg=[8] FORCE_REINIT=true reason='collector-cancelled'
20260904_102301 D/LiteRtRepository pid=11362 tid=11362 uptimeMs=1027814 msg=[8] native cleanup safepoint
20260904_102301 D/LiteRtRepository pid=11362 tid=11472 uptimeMs=1028156 msg=[8] full runtime teardown completed after safepoint
20260904_102301 I/LiteRtRepository pid=11362 tid=20357 uptimeMs=1028156 msg=[8] finalize reason='native-terminated' totalMs=9064 inferenceMs=2555 firstTokenMs=1124 chunks=15 emittedChars=55 out.len=55 capturedAll=true logicalDone=false nativeTerminated=true cancelTag='collector-cancelled' lastDeltaMsAgo=415 lastEventMsAgo=342
20260904_102332 D/LiteRtRepository pid=11362 tid=20357 uptimeMs=1059046 msg=[9] start model='Gemma3n4B' prompt.len=1467 sha=81d79447de04881f gateWaitMs=0
20260904_102338 D/LiteRtRepository pid=11362 tid=20357 uptimeMs=1065402 msg=[9] init ok initMs=6356
20260904_102344 D/LiteRtRepository pid=11362 tid=11362 uptimeMs=1070828 msg=[9] logicalDone=true
20260904_102344 D/LiteRtRepository pid=11362 tid=11362 uptimeMs=1070828 msg=[9] native cleanup safepoint
20260904_102344 D/LiteRtRepository pid=11362 tid=11474 uptimeMs=1070831 msg=[9] Conversation reset completed after safepoint
20260904_102344 I/LiteRtRepository pid=11362 tid=11474 uptimeMs=1070831 msg=[9] finalize reason='native-terminated' totalMs=11786 inferenceMs=5429 firstTokenMs=1393 chunks=57 emittedChars=181 out.len=181 capturedAll=true logicalDone=true nativeTerminated=true cancelTag='null' lastDeltaMsAgo=74 lastEventMsAgo=3
20260904_102344 I/AiViewModel pid=11362 tid=20357 uptimeMs=1070832 msg=run[9] done: phase=ONE_STEP mode=EVAL_JSON score=95 FU0.len=20 FU0.sha16=424bcdb47820c42f commit=true err=<none>
20260904_102410 D/LiteRtRepository pid=11362 tid=20860 uptimeMs=1096904 msg=[10] start model='Gemma3n4B' prompt.len=1475 sha=120515ad2f7250a0 gateWaitMs=0
20260904_102410 D/LiteRtRepository pid=11362 tid=20860 uptimeMs=1096905 msg=[10] init ok initMs=1
20260904_102415 D/LiteRtRepository pid=11362 tid=11362 uptimeMs=1102394 msg=[10] logicalDone=true
20260904_102415 D/LiteRtRepository pid=11362 tid=11362 uptimeMs=1102394 msg=[10] native cleanup safepoint
20260904_102415 I/AiViewModel pid=11362 tid=21041 uptimeMs=1102397 msg=run[10] done: phase=ONE_STEP mode=EVAL_JSON score=null FU0.len=0 FU0.sha16=none commit=true err=<none>
20260904_102415 D/LiteRtRepository pid=11362 tid=20357 uptimeMs=1102397 msg=[10] Conversation reset completed after safepoint
20260904_102415 I/LiteRtRepository pid=11362 tid=20357 uptimeMs=1102397 msg=[10] finalize reason='native-terminated' totalMs=5493 inferenceMs=5492 firstTokenMs=868 chunks=64 emittedChars=216 out.len=216 capturedAll=true logicalDone=true nativeTerminated=true cancelTag='null' lastDeltaMsAgo=4 lastEventMsAgo=3
20260904_102450 D/LiteRtRepository pid=11362 tid=13268 uptimeMs=1137506 msg=[11] start model='Gemma3n4B' prompt.len=1524 sha=a6a17d4018a84569 gateWaitMs=0
20260904_102450 D/LiteRtRepository pid=11362 tid=13268 uptimeMs=1137506 msg=[11] init ok initMs=0
20260904_102456 D/LiteRtRepository pid=11362 tid=11362 uptimeMs=1142954 msg=[11] logicalDone=true
20260904_102456 D/LiteRtRepository pid=11362 tid=11362 uptimeMs=1142954 msg=[11] native cleanup safepoint
20260904_102456 I/AiViewModel pid=11362 tid=11474 uptimeMs=1142955 msg=run[11] done: phase=ONE_STEP mode=EVAL_JSON score=null FU0.len=62 FU0.sha16=1e41c449bdc90195 commit=true err=<none>
20260904_102456 D/LiteRtRepository pid=11362 tid=20860 uptimeMs=1142957 msg=[11] Conversation reset completed after safepoint
20260904_102456 I/LiteRtRepository pid=11362 tid=20860 uptimeMs=1142957 msg=[11] finalize reason='native-terminated' totalMs=5452 inferenceMs=5451 firstTokenMs=861 chunks=64 emittedChars=207 out.len=207 capturedAll=true logicalDone=true nativeTerminated=true cancelTag='null' lastDeltaMsAgo=6 lastEventMsAgo=3
20260908_120125 I/AppRingLogStore pid=14564 tid=14564 uptimeMs=32457 msg=install: pid=14564 timeUtc=20260908_120125 uptimeMs=32457
20260908_120125 D/SurveyApp pid=14564 tid=14564 uptimeMs=32458 msg=attachBaseContext: pid=14564 process=com.negi.survey isMain=true sdk=35
20260908_120125 D/SurveyApp pid=14564 tid=14564 uptimeMs=32478 msg=onCreate: pid=14564 process=com.negi.survey isMain=true sdk=35
