=== RuntimeLogStore Header ===
ts=2026-09-09T01:17:21.249Z
fileNameFormat=LEGACY
appId=com.negi.survey
versionName=0.0.1
versionCode=1
debug=true
device=Google Pixel 9a
sdk=36
pid=23839
==============================
2026-09-09T01:17:21.249Z I/RuntimeLogStore [rtlog-io] --- rotated (reason=plain_snapshot:app_start) ---
2026-09-09T01:17:25.188Z W/LiteRtLM [DefaultDispatcher-worker-1] Engine.initialize completed: key='gemma-3n-E4B-it|/data/user/0/com.negi.survey/files/models/gemma-3n-E4B-it-int4.litertlm' backend=com.google.ai.edge.litertlm.Backend$GPU@2f8b644 took=6796ms cacheFilesAfter=2
2026-09-09T01:17:25.207Z D/LiteRtLM [DefaultDispatcher-worker-1] createConversation completed: key='gemma-3n-E4B-it|/data/user/0/com.negi.survey/files/models/gemma-3n-E4B-it-int4.litertlm' took=19ms
2026-09-09T01:17:25.208Z D/LiteRtLM [DefaultDispatcher-worker-1] LiteRT-LM initialization succeeded: model='gemma-3n-E4B-it', key='gemma-3n-E4B-it|/data/user/0/com.negi.survey/files/models/gemma-3n-E4B-it-int4.litertlm' engineMs=6796 conversationMs=19 totalMs=6822
2026-09-09T01:17:25.210Z D/AiTrace [Instr: androidx.test.runner.AndroidJUnitRunner] Installed (enabled=true ringEnabled=true)
2026-09-09T01:17:25.345Z D/SurveyVM [main] init -> Start, session=0, uuid=9f2d66a2-dbfa-43f5-8ba9-aa3c985f5ae5, navSize=1, graphSize=20
2026-09-09T01:17:25.349Z D/SurveyVM [main] config.validate -> issues=0
2026-09-09T01:17:25.349Z D/SurveyVM [main] promptSources -> legacy=10, eval=0, follow=0
2026-09-09T01:17:25.349Z D/SurveyVM [main] promptSources.preview -> legacy=[Q10, Q11, Q12, Q13, Q14, Q15, Q16, Q17, Q8, Q9], eval=[], follow=[]
2026-09-09T01:17:25.349Z D/SurveyVM [main] hasTwoStepPrompt[Q10] -> true (eval=195, fu=220)
2026-09-09T01:17:25.350Z D/SurveyVM [main] hasTwoStepPrompt[Q11] -> true (eval=219, fu=244)
2026-09-09T01:17:25.350Z D/SurveyVM [main] hasTwoStepPrompt[Q12] -> true (eval=229, fu=254)
2026-09-09T01:17:25.350Z D/SurveyVM [main] hasTwoStepPrompt[Q13] -> true (eval=184, fu=209)
2026-09-09T01:17:25.350Z D/SurveyVM [main] hasTwoStepPrompt[Q14] -> true (eval=221, fu=246)
2026-09-09T01:17:25.350Z D/SurveyVM [main] hasTwoStepPrompt[Q15] -> true (eval=160, fu=185)
2026-09-09T01:17:25.350Z D/SurveyVM [main] hasTwoStepPrompt[Q16] -> true (eval=185, fu=210)
2026-09-09T01:17:25.350Z D/SurveyVM [main] hasTwoStepPrompt[Q17] -> true (eval=200, fu=225)
2026-09-09T01:17:25.350Z D/SurveyVM [main] hasTwoStepPrompt[Q8] -> true (eval=214, fu=239)
2026-09-09T01:17:25.350Z D/SurveyVM [main] hasTwoStepPrompt[Q9] -> true (eval=190, fu=215)
2026-09-09T01:17:25.350Z D/SurveyVM [main] AI prompt coverage OK (aiCount=10)
2026-09-09T01:17:25.360Z D/SurveyVM [main] hasTwoStepPrompt[Q8] -> true (eval=214, fu=239)
2026-09-09T01:17:25.831Z D/SurveyVM [main] resetAudioRefs -> cleared
2026-09-09T01:17:25.832Z D/SurveyVM [main] resetNavToStart -> key=com.negi.survey.vm.FlowHome@b1859c8, navSize=1
2026-09-09T01:17:25.833Z D/SurveyVM [main] resetToStart -> Start, session=1, uuid=eed020f8-ffa2-43fe-adcb-9a71afce4b3f, preserveDraft=false, draftLen=0
2026-09-09T01:17:25.833Z D/SurveyVM [main] activateRunIfNeeded(goto:Q8) -> runNoteLen=0, draftCleared=true, uuid=eed020f8-ffa2-43fe-adcb-9a71afce4b3f
2026-09-09T01:17:25.833Z D/SurveyVM [main] push -> Q8, navSize=2, stackSize=2
2026-09-09T01:17:25.836Z D/SurveyVM [main] hasTwoStepPrompt[Q8] -> true (eval=214, fu=239)
2026-09-09T01:17:25.861Z D/SurveyVM [Instr: androidx.test.runner.AndroidJUnitRunner] hasTwoStepPrompt[Q8] -> true (eval=214, fu=239)
2026-09-09T01:17:26.467Z D/SurveyVM [main] getEvalPrompt[Q8] -> len=277
2026-09-09T01:17:26.473Z D/AiViewModel [DefaultDispatcher-worker-14] run[1]: mode=EVAL_JSON phase=EVAL commit=true prompt.len=276, fullPrompt.len=1601, timeoutMs=60000
2026-09-09T01:17:26.478Z D/AiViewModel [DefaultDispatcher-worker-14] run[1]: sha(prompt)=71bc6dd33f3e076ee455cfa87881cd1835758afe822c312a1d0b5e53bf11c5d3 sha(full)=555c5651d3ba844800124d471672f546b8f56067b347e91a55fce45294eb326e
2026-09-09T01:17:26.478Z I/FullPromptReview [DefaultDispatcher-worker-14] [part=000] run[1]: phase=EVAL FullPrompt
Evaluate only the original survey target using all supplied answers.
Return only compact JSON {"score":N,"missing_points":[],"followup_needed":false}. N must be an integer 1-100 for relevance, completeness and accuracy against the original target. Evaluate the original answer and all answered followup pairs together. Separate relevance from completeness. An answer can discuss the right topic but still be incomplete. Score 90-100 only when the respondent explicitly provides every material component requested by the Expected answer target and Question. Do not infer missing details from general knowledge, plausibility, or a bare statement that an event occurred. A concise answer may be complete. A verbose or relevant answer that omits any material requested component must score below 90. For example, saying that an event occurred without describing its requested effect is incomplete. For any score below 90, missing_points must contain the specific missing or ambiguous target-required information and followup_needed must be true. Otherwise missing_points is empty and followup_needed is false. Do not generate a question. Do not penalize style or request information outside the target. Write missing_points in English.
Keep missing_points concise.
One JSON object only; no markdown or generated question.
INPUT:
Expected answer target: Whether FAW affected the crop, and if so, a description of the effect (yield loss, damage type, etc.).
Question: Has fall armyworm ever affected your maize? If yes, how did it affect your crop?
Original answer: Yes—leaf damage.
Answered followup pairs:
2026-09-09T01:17:26.486Z D/LiteRtRepository [DefaultDispatcher-worker-14] [1] request start model='gemma-3n-E4B-it' prompt.len=1601 sha=555c5651d3ba8448 gateWaitMs=7
2026-09-09T01:17:26.487Z D/LiteRtRepository [DefaultDispatcher-worker-14] [part=000] [1] PROMPT (FULL) sha=555c5651d3ba8448
Evaluate only the original survey target using all supplied answers.
Return only compact JSON {"score":N,"missing_points":[],"followup_needed":false}. N must be an integer 1-100 for relevance, completeness and accuracy against the original target. Evaluate the original answer and all answered followup pairs together. Separate relevance from completeness. An answer can discuss the right topic but still be incomplete. Score 90-100 only when the respondent explicitly provides every material component requested by the Expected answer target and Question. Do not infer missing details from general knowledge, plausibility, or a bare statement that an event occurred. A concise answer may be complete. A verbose or relevant answer that omits any material requested component must score below 90. For example, saying that an event occurred without describing its requested effect is incomplete. For any score below 90, missing_points must contain the specific missing or ambiguous target-required information and followup_needed must be true. Otherwise missing_points is empty and followup_needed is false. Do not generate a question. Do not penalize style or request information outside the target. Write missing_points in English.
Keep missing_points concise.
One JSON object only; no markdown or generated question.
INPUT:
Expected answer target: Whether FAW affected the crop, and if so, a description of the effect (yield loss, damage type, etc.).
Question: Has fall armyworm ever affected your maize? If yes, how did it affect your crop?
Original answer: Yes—leaf damage.
Answered followup pairs:
2026-09-09T01:17:26.488Z D/SLM [slm-jni] initializeIfNeeded: model='gemma-3n-E4B-it' image=false audio=false
2026-09-09T01:17:26.489Z D/LiteRtLM [slm-jni] initializeIfNeeded: warm runtime already ready: key='gemma-3n-E4B-it|/data/user/0/com.negi.survey/files/models/gemma-3n-E4B-it-int4.litertlm'
2026-09-09T01:17:26.489Z D/LiteRtRepository [DefaultDispatcher-worker-14] [1] initializeIfNeeded ok initMs=2
2026-09-09T01:17:26.491Z D/SLM [slm-jni] runInference: model='gemma-3n-E4B-it' textLen=1601 images=0 audio=0
2026-09-09T01:17:26.501Z D/LiteRtLM [DefaultDispatcher-worker-13] state[run:start] key='gemma-3n-E4B-it|/data/user/0/com.negi.survey/files/models/gemma-3n-E4B-it-int4.litertlm' runId=1 active=true terminated=false logicalDone=false cancel=false pendingCancel=false lastMsgAt=2197358980 lastTermAt=0
2026-09-09T01:17:26.502Z D/LiteRtLM [DefaultDispatcher-worker-13] runInference start: key='gemma-3n-E4B-it|/data/user/0/com.negi.survey/files/models/gemma-3n-E4B-it-int4.litertlm' runId=1 hasText=true originalTextLen=1601 effectiveTextLen=1601 images=0 audioClips=0
2026-09-09T01:17:26.504Z D/LiteRtLM [DefaultDispatcher-worker-13] LiteRT-LM sendMessageAsync(text): key='gemma-3n-E4B-it|/data/user/0/com.negi.survey/files/models/gemma-3n-E4B-it-int4.litertlm' runId=1 len=1601 maxOutputTokens=64
2026-09-09T01:17:26.516Z D/LiteRtLM [DefaultDispatcher-worker-13] sendMessageAsync accepted: key='gemma-3n-E4B-it|/data/user/0/com.negi.survey/files/models/gemma-3n-E4B-it-int4.litertlm' runId=1 dispatchMs=13
2026-09-09T01:17:30.628Z W/LiteRtLM [Thread-19] Inference first output: key='gemma-3n-E4B-it|/data/user/0/com.negi.survey/files/models/gemma-3n-E4B-it-int4.litertlm' runId=1 ttftMs=4126 dispatchMs=13 postDispatchTtftMs=4113 requestToFirstOutputMs=4132
2026-09-09T01:17:30.628Z D/LiteRtLM [Thread-19] stream[key=gemma-3n-E4B-it|/data/user/0/com.negi.survey/files/models/gemma-3n-E4B-it-int4.litertlm runId=1] msg#1 rawChunkLen=2 deltaLen=2 emittedChars=2
2026-09-09T01:17:30.630Z D/AiViewModel [DefaultDispatcher-worker-8] run[1] chunk[1].preview='{"'
2026-09-09T01:17:30.630Z D/LiteRtRepository [main] stream[rid=1 msg#1] done=false deltaLen=2 outLen=2 outPreview='{"' deltaPreview='{"'
2026-09-09T01:17:30.797Z D/AiViewModel [DefaultDispatcher-worker-4] run[1] chunk[2].preview='score'
2026-09-09T01:17:30.953Z D/AiViewModel [DefaultDispatcher-worker-4] run[1] chunk[3].preview='":'
2026-09-09T01:17:31.112Z D/AiViewModel [DefaultDispatcher-worker-12] run[1] chunk[4].preview='9'
2026-09-09T01:17:31.273Z D/AiViewModel [DefaultDispatcher-worker-4] run[1] chunk[5].preview='0'
2026-09-09T01:17:31.426Z D/AiViewModel [DefaultDispatcher-worker-4] run[1] chunk[6].preview=',"'
2026-09-09T01:17:31.589Z D/AiViewModel [DefaultDispatcher-worker-4] run[1] chunk[7].preview='missing'
2026-09-09T01:17:31.749Z D/AiViewModel [DefaultDispatcher-worker-4] run[1] chunk[8].preview='_'
2026-09-09T01:17:31.748Z D/LiteRtRepository [main] stream[rid=1 msg#8] done=false deltaLen=1 outLen=21 outPreview='{"score":90,"missing_' deltaPreview='_'
2026-09-09T01:17:31.909Z D/AiViewModel [DefaultDispatcher-worker-4] run[1] chunk[9].preview='points'
2026-09-09T01:17:32.066Z D/AiViewModel [DefaultDispatcher-worker-4] run[1] chunk[10].preview='":["'
2026-09-09T01:17:32.254Z D/AiViewModel [DefaultDispatcher-worker-4] run[1] chunk[11].preview='yield'
2026-09-09T01:17:32.412Z D/AiViewModel [DefaultDispatcher-worker-4] run[1] chunk[12].preview='␠loss'
2026-09-09T01:17:32.574Z D/AiViewModel [DefaultDispatcher-worker-4] run[1] chunk[13].preview='"],'
2026-09-09T01:17:32.751Z D/AiViewModel [DefaultDispatcher-worker-12] run[1] chunk[14].preview='␠"'
2026-09-09T01:17:32.893Z D/AiViewModel [DefaultDispatcher-worker-12] run[1] chunk[15].preview='follow'
2026-09-09T01:17:33.050Z D/LiteRtLM [Thread-34] stream[key=gemma-3n-E4B-it|/data/user/0/com.negi.survey/files/models/gemma-3n-E4B-it-int4.litertlm runId=1] msg#16 rawChunkLen=2 deltaLen=2 emittedChars=54
2026-09-09T01:17:33.051Z D/AiViewModel [DefaultDispatcher-worker-12] run[1] chunk[16].preview='up'
2026-09-09T01:17:33.051Z D/LiteRtRepository [main] stream[rid=1 msg#16] done=false deltaLen=2 outLen=54 outPreview='{"score":90,"missing_points":["yield loss"], "followup' deltaPreview='up'
2026-09-09T01:17:33.212Z D/AiViewModel [DefaultDispatcher-worker-8] run[1] chunk[17].preview='_'
2026-09-09T01:17:33.368Z D/AiViewModel [DefaultDispatcher-worker-8] run[1] chunk[18].preview='needed'
2026-09-09T01:17:33.524Z D/AiViewModel [DefaultDispatcher-worker-8] run[1] chunk[19].preview='":'
2026-09-09T01:17:33.679Z D/AiViewModel [DefaultDispatcher-worker-8] run[1] chunk[20].preview='false'
2026-09-09T01:17:33.834Z D/AiViewModel [DefaultDispatcher-worker-8] run[1] chunk[21].preview='}'
2026-09-09T01:17:33.992Z D/AiViewModel [DefaultDispatcher-worker-8] run[1] chunk[22].preview='↩'
2026-09-09T01:17:34.149Z D/LiteRtLM [Thread-41] state[logicalDone] key='gemma-3n-E4B-it|/data/user/0/com.negi.survey/files/models/gemma-3n-E4B-it-int4.litertlm' runId=1 active=true terminated=true logicalDone=true cancel=false pendingCancel=false lastMsgAt=2197366470 lastTermAt=2197366628
2026-09-09T01:17:34.152Z D/LiteRtLM [Thread-41] state[nativeDone:beforeRelease] key='gemma-3n-E4B-it|/data/user/0/com.negi.survey/files/models/gemma-3n-E4B-it-int4.litertlm' runId=1 active=true terminated=true logicalDone=true cancel=false pendingCancel=false lastMsgAt=2197366470 lastTermAt=2197366628
2026-09-09T01:17:34.152Z W/LiteRtLM [Thread-41] Inference timing: key='gemma-3n-E4B-it|/data/user/0/com.negi.survey/files/models/gemma-3n-E4B-it-int4.litertlm' runId=1 ttftMs=4126 dispatchMs=13 postDispatchTtftMs=4113 totalMs=7646 callbacks=22 outputChars=70 cancelled=false error=false requestTotalMs=7652
