=== RuntimeLogStore Header ===
ts=2026-09-29T05:04:55.404Z
fileNameFormat=LEGACY
appId=com.negi.survey
versionName=0.0.1
versionCode=1
debug=true
device=samsung SM-S731U
sdk=36
pid=5727
==============================
2026-09-29T05:04:55.404Z I/RuntimeLogStore [rtlog-io] --- rotated (reason=plain_snapshot:receiver_boot_completed) ---
2026-09-29T05:04:56.370Z W/SurveyApp [main] Deferred startup enqueues begin...
2026-09-29T05:04:56.370Z D/SurveyApp [main] WorkManager available. where=startupRtLogs(immediate) took=0ms
2026-09-29T05:04:56.373Z D/SurveyApp [main] Startup runtime logs target -> owner=ishizuki-tech repo=SurveyExports branch=main base='/diagnostics/runtime_logs'
2026-09-29T05:04:56.376Z D/SurveyApp [main] Startup runtime logs: enqueue requested (immediate).
2026-09-29T05:04:56.377Z D/SurveyApp [main] WorkManager available. where=startupRingLogs(immediate) took=0ms
2026-09-29T05:04:56.378Z D/SurveyApp [main] Startup ring logs target -> owner=ishizuki-tech repo=SurveyExports branch=main base='/diagnostics/applog_ring'
2026-09-29T05:04:56.379Z D/SurveyApp [main] Startup ring logs: enqueue requested (immediate).
2026-09-29T05:04:56.379Z D/SurveyApp [main] WorkManager available. where=enqueuePending(immediate) took=0ms
2026-09-29T05:04:56.380Z D/SurveyApp [main] CrashCapture pending uploads requested (immediate).
2026-09-29T05:04:56.380Z W/SurveyApp [main] Deferred startup enqueues done: took=10ms
