=== RuntimeLogStore Header ===
ts=2026-09-09T16:17:31.057Z
fileNameFormat=LEGACY
appId=com.negi.survey
versionName=0.0.1
versionCode=1
debug=true
device=Google Pixel 9a
sdk=36
pid=19866
==============================
2026-09-09T16:17:31.058Z I/RuntimeLogStore [rtlog-io] start: actor launched (fileNameFormat=LEGACY)
2026-09-09T16:17:31.002Z D/SurveyApp [main] attachBaseContext: pid=19866 process=com.negi.survey isMain=true sdk=36
2026-09-09T16:17:31.003Z D/SurveyApp [main] bootTiming: attachBaseContext total=62ms
2026-09-09T16:17:31.004Z D/SurveyApp [main] Skipping WorkManager init in attachBaseContext; will init lazily on first enqueue.
2026-09-09T16:17:31.007Z D/SurveyApp [main] CrashCapture installed: where=SurveyApp:attachBaseContext
2026-09-09T16:17:31.060Z I/RuntimeLogStore [main] start repair: ctx/dir refreshed
2026-09-09T16:17:31.061Z D/SurveyApp [main] bootTiming: RuntimeLogStore.start took=0ms
2026-09-09T16:17:31.061Z D/SurveyApp [main] bootTiming: AppRingLogStore.install took=0ms
2026-09-09T16:17:31.061Z D/SurveyApp [main] onCreate: pid=19866 process=com.negi.survey isMain=true sdk=36
2026-09-09T16:17:31.070Z D/SurveyApp [main] CrashCapture installed: where=SurveyApp:onCreate(rewrap)
2026-09-09T16:17:31.070Z D/SurveyApp [main] CrashCapture self-healing registered.
2026-09-09T16:17:31.070Z W/SurveyApp [main] Startup enqueues deferred: delay=2500ms (to reduce init contention)
2026-09-09T16:17:31.071Z D/SurveyApp [main] bootTiming: onCreate total=11ms
2026-09-09T16:17:31.210Z I/RuntimeLogStore [DefaultDispatcher-worker-2] start repair: ctx/dir refreshed
2026-09-09T16:17:33.523Z I/RuntimeLogStore [DefaultDispatcher-worker-2] start repair: ctx/dir refreshed
