=== RuntimeLogStore Header ===
ts=2026-09-09T01:51:03.972Z
fileNameFormat=LEGACY
appId=com.negi.survey
versionName=0.0.1
versionCode=1
debug=true
device=Google Pixel 9a
sdk=36
pid=26189
==============================
2026-09-09T01:51:03.973Z I/RuntimeLogStore [rtlog-io] start: actor launched (fileNameFormat=LEGACY)
2026-09-09T01:51:03.911Z D/SurveyApp [main] attachBaseContext: pid=26189 process=com.negi.survey isMain=true sdk=36
2026-09-09T01:51:03.911Z D/SurveyApp [main] bootTiming: attachBaseContext total=52ms
2026-09-09T01:51:03.912Z D/SurveyApp [main] Skipping WorkManager init in attachBaseContext; will init lazily on first enqueue.
2026-09-09T01:51:03.914Z D/SurveyApp [main] CrashCapture installed: where=SurveyApp:attachBaseContext
2026-09-09T01:51:04.288Z W/SurveyApp [main] Diagnostic upload work cancelled by instrumentation argument.
2026-09-09T01:51:04.290Z I/RuntimeLogStore [main] start repair: ctx/dir refreshed
2026-09-09T01:51:04.290Z D/SurveyApp [main] bootTiming: RuntimeLogStore.start took=1ms
2026-09-09T01:51:04.290Z D/SurveyApp [main] bootTiming: AppRingLogStore.install took=0ms
2026-09-09T01:51:04.291Z D/SurveyApp [main] onCreate: pid=26189 process=com.negi.survey isMain=true sdk=36
2026-09-09T01:51:04.337Z D/SurveyApp [main] CrashCapture installed: where=SurveyApp:onCreate(rewrap)
2026-09-09T01:51:04.338Z D/SurveyApp [main] CrashCapture self-healing registered.
2026-09-09T01:51:04.339Z W/SurveyApp [main] Startup diagnostic upload scheduling disabled by instrumentation argument.
2026-09-09T01:51:04.339Z D/SurveyApp [main] bootTiming: onCreate total=369ms
2026-09-09T01:51:05.303Z D/SLM [Instr: androidx.test.runner.AndroidJUnitRunner] initializeIfNeeded: model='gemma-3n-E4B-it' image=false audio=false
2026-09-09T01:51:05.312Z D/LiteRtLM [DefaultDispatcher-worker-2] Initializing LiteRT-LM: model='gemma-3n-E4B-it', key='gemma-3n-E4B-it|/data/user/0/com.negi.survey/files/models/gemma-3n-E4B-it-int4.litertlm'
2026-09-09T01:51:05.313Z D/LiteRtLM [DefaultDispatcher-worker-2] Capabilities: image=false audio=false
2026-09-09T01:51:05.313Z D/LiteRtLM [DefaultDispatcher-worker-2] Backend=com.google.ai.edge.litertlm.Backend$GPU@2c04e36 maxNumTokens=512 (raw=512) topK=1 topP=0.0 temp=0.0
2026-09-09T01:51:05.313Z D/LiteRtLM [DefaultDispatcher-worker-2] Model path='/data/user/0/com.negi.survey/files/models/gemma-3n-E4B-it-int4.litertlm' sizeBytes=4919541760 lastModified=1788913652575
2026-09-09T01:51:05.313Z D/LiteRtLM [DefaultDispatcher-worker-2] LiteRT-LM native benchmark policy: enabled=false emulator=false
2026-09-09T01:51:05.314Z D/LiteRtLM [DefaultDispatcher-worker-2] Speculative decoding / MTP policy: enabled=false runtimeFlagUpdated=true model='gemma-3n-E4B-it'
2026-09-09T01:51:05.316Z D/LiteRtLM [DefaultDispatcher-worker-2] Engine cacheDir resolved: key='gemma-3n-E4B-it|/data/user/0/com.negi.survey/files/models/gemma-3n-E4B-it-int4.litertlm' backend=com.google.ai.edge.litertlm.Backend$GPU@2c04e36 path='/data/user/0/com.negi.survey/no_backup/litertlm_cache/8b58dd5e854e5353723e4360d401cf7d199b6f10' filesBefore=2
2026-09-09T01:51:11.964Z W/LiteRtLM [DefaultDispatcher-worker-2] Engine.initialize completed: key='gemma-3n-E4B-it|/data/user/0/com.negi.survey/files/models/gemma-3n-E4B-it-int4.litertlm' backend=com.google.ai.edge.litertlm.Backend$GPU@2c04e36 took=6647ms cacheFilesAfter=2
2026-09-09T01:51:11.980Z D/LiteRtLM [DefaultDispatcher-worker-2] createConversation completed: key='gemma-3n-E4B-it|/data/user/0/com.negi.survey/files/models/gemma-3n-E4B-it-int4.litertlm' took=16ms
2026-09-09T01:51:11.981Z D/LiteRtLM [DefaultDispatcher-worker-2] LiteRT-LM initialization succeeded: model='gemma-3n-E4B-it', key='gemma-3n-E4B-it|/data/user/0/com.negi.survey/files/models/gemma-3n-E4B-it-int4.litertlm' engineMs=6647 conversationMs=16 totalMs=6670
2026-09-09T01:51:11.984Z D/AiTrace [Instr: androidx.test.runner.AndroidJUnitRunner] Installed (enabled=true ringEnabled=true)
2026-09-09T01:51:12.134Z D/SurveyVM [main] init -> Start, session=0, uuid=f0e28e04-4d30-45d4-b3a5-6c746a1c92b5, navSize=1, graphSize=20
2026-09-09T01:51:12.141Z D/SurveyVM [main] config.validate -> issues=0
2026-09-09T01:51:12.142Z D/SurveyVM [main] promptSources -> legacy=10, eval=0, follow=0
2026-09-09T01:51:12.142Z D/SurveyVM [main] promptSources.preview -> legacy=[Q10, Q11, Q12, Q13, Q14, Q15, Q16, Q17, Q8, Q9], eval=[], follow=[]
2026-09-09T01:51:12.142Z D/SurveyVM [main] hasTwoStepPrompt[Q10] -> true (eval=195, fu=220)
2026-09-09T01:51:12.142Z D/SurveyVM [main] hasTwoStepPrompt[Q11] -> true (eval=219, fu=244)
2026-09-09T01:51:12.142Z D/SurveyVM [main] hasTwoStepPrompt[Q12] -> true (eval=229, fu=254)
2026-09-09T01:51:12.142Z D/SurveyVM [main] hasTwoStepPrompt[Q13] -> true (eval=184, fu=209)
2026-09-09T01:51:12.142Z D/SurveyVM [main] hasTwoStepPrompt[Q14] -> true (eval=221, fu=246)
2026-09-09T01:51:12.142Z D/SurveyVM [main] hasTwoStepPrompt[Q15] -> true (eval=160, fu=185)
2026-09-09T01:51:12.143Z D/SurveyVM [main] hasTwoStepPrompt[Q16] -> true (eval=185, fu=210)
2026-09-09T01:51:12.143Z D/SurveyVM [main] hasTwoStepPrompt[Q17] -> true (eval=200, fu=225)
2026-09-09T01:51:12.143Z D/SurveyVM [main] hasTwoStepPrompt[Q8] -> true (eval=214, fu=239)
2026-09-09T01:51:12.143Z D/SurveyVM [main] hasTwoStepPrompt[Q9] -> true (eval=190, fu=215)
2026-09-09T01:51:12.143Z D/SurveyVM [main] AI prompt coverage OK (aiCount=10)
2026-09-09T01:51:12.160Z D/SurveyVM [main] hasTwoStepPrompt[Q8] -> true (eval=214, fu=239)
2026-09-09T01:51:12.602Z D/SurveyVM [main] resetAudioRefs -> cleared
2026-09-09T01:51:12.603Z D/SurveyVM [main] resetNavToStart -> key=com.negi.survey.vm.FlowHome@6bc6e01, navSize=1
2026-09-09T01:51:12.603Z D/SurveyVM [main] resetToStart -> Start, session=1, uuid=91506f9c-2138-488f-b22c-b1d25d752fd6, preserveDraft=false, draftLen=0
2026-09-09T01:51:12.603Z D/SurveyVM [main] activateRunIfNeeded(goto:Q8) -> runNoteLen=0, draftCleared=true, uuid=91506f9c-2138-488f-b22c-b1d25d752fd6
2026-09-09T01:51:12.604Z D/SurveyVM [main] push -> Q8, navSize=2, stackSize=2
2026-09-09T01:51:12.606Z D/SurveyVM [main] hasTwoStepPrompt[Q8] -> true (eval=214, fu=239)
2026-09-09T01:51:12.632Z D/SurveyVM [Instr: androidx.test.runner.AndroidJUnitRunner] hasTwoStepPrompt[Q8] -> true (eval=214, fu=239)
2026-09-09T01:51:12.635Z D/SurveyVM [Instr: androidx.test.runner.AndroidJUnitRunner] getEvalPrompt[Q8] -> len=293
2026-09-09T01:51:13.355Z D/SurveyVM [main] getEvalPrompt[Q8] -> len=293
2026-09-09T01:51:13.357Z D/AiViewModel [DefaultDispatcher-worker-2] run[1]: mode=EVAL_JSON phase=EVAL commit=true prompt.len=292, fullPrompt.len=1617, timeoutMs=60000
2026-09-09T01:51:13.360Z D/AiViewModel [DefaultDispatcher-worker-2] run[1]: sha(prompt)=d50398167cfe3427a9a984163543ec9195c21f4ec52a4794b3f712528412dd91 sha(full)=d15139d9c706e06d5e7d198f52622469c71040a7e7a4c7069f5d8fe84ed81114
2026-09-09T01:51:13.360Z I/FullPromptReview [DefaultDispatcher-worker-2] [part=000] run[1]: phase=EVAL FullPrompt
Evaluate only the original survey target using all supplied answers.
Return only compact JSON {"score":N,"missing_points":[],"followup_needed":false}. N must be an integer 1-100 for relevance, completeness and accuracy against the original target. Evaluate the original answer and all answered followup pairs together. Separate relevance from completeness. An answer can discuss the right topic but still be incomplete. Score 90-100 only when the respondent explicitly provides every material component requested by the Expected answer target and Question. Do not infer missing details from general knowledge, plausibility, or a bare statement that an event occurred. A concise answer may be complete. A verbose or relevant answer that omits any material requested component must score below 90. For example, saying that an event occurred without describing its requested effect is incomplete. For any score below 90, missing_points must contain the specific missing or ambiguous target-required information and followup_needed must be true. Otherwise missing_points is empty and followup_needed is false. Do not generate a question. Do not penalize style or request information outside the target. Write missing_points in English.
Keep missing_points concise.
One JSON object only; no markdown or generated question.
INPUT:
Expected answer target: Whether FAW affected the crop, and if so, a description of the effect (yield loss, damage type, etc.).
Question: Has fall armyworm ever affected your maize? If yes, how did it affect your crop?
Original answer: Fall armyworm affected my maize.
Answered followup pairs:
2026-09-09T01:51:13.364Z D/LiteRtRepository [DefaultDispatcher-worker-2] [1] request start model='gemma-3n-E4B-it' prompt.len=1617 sha=d15139d9c706e06d gateWaitMs=3
2026-09-09T01:51:13.364Z D/LiteRtRepository [DefaultDispatcher-worker-2] [part=000] [1] PROMPT (FULL) sha=d15139d9c706e06d
Evaluate only the original survey target using all supplied answers.
Return only compact JSON {"score":N,"missing_points":[],"followup_needed":false}. N must be an integer 1-100 for relevance, completeness and accuracy against the original target. Evaluate the original answer and all answered followup pairs together. Separate relevance from completeness. An answer can discuss the right topic but still be incomplete. Score 90-100 only when the respondent explicitly provides every material component requested by the Expected answer target and Question. Do not infer missing details from general knowledge, plausibility, or a bare statement that an event occurred. A concise answer may be complete. A verbose or relevant answer that omits any material requested component must score below 90. For example, saying that an event occurred without describing its requested effect is incomplete. For any score below 90, missing_points must contain the specific missing or ambiguous target-required information and followup_needed must be true. Otherwise missing_points is empty and followup_needed is false. Do not generate a question. Do not penalize style or request information outside the target. Write missing_points in English.
Keep missing_points concise.
One JSON object only; no markdown or generated question.
INPUT:
Expected answer target: Whether FAW affected the crop, and if so, a description of the effect (yield loss, damage type, etc.).
Question: Has fall armyworm ever affected your maize? If yes, how did it affect your crop?
Original answer: Fall armyworm affected my maize.
Answered followup pairs:
2026-09-09T01:51:13.365Z D/SLM [slm-jni] initializeIfNeeded: model='gemma-3n-E4B-it' image=false audio=false
2026-09-09T01:51:13.365Z D/LiteRtLM [slm-jni] initializeIfNeeded: warm runtime already ready: key='gemma-3n-E4B-it|/data/user/0/com.negi.survey/files/models/gemma-3n-E4B-it-int4.litertlm'
2026-09-09T01:51:13.365Z D/LiteRtRepository [DefaultDispatcher-worker-2] [1] initializeIfNeeded ok initMs=2
2026-09-09T01:51:13.405Z D/SLM [slm-jni] runInference: model='gemma-3n-E4B-it' textLen=1617 images=0 audio=0
2026-09-09T01:51:13.410Z D/LiteRtLM [DefaultDispatcher-worker-2] state[run:start] key='gemma-3n-E4B-it|/data/user/0/com.negi.survey/files/models/gemma-3n-E4B-it-int4.litertlm' runId=1 active=true terminated=false logicalDone=false cancel=false pendingCancel=false lastMsgAt=2199385889 lastTermAt=0
2026-09-09T01:51:13.410Z D/LiteRtLM [DefaultDispatcher-worker-2] runInference start: key='gemma-3n-E4B-it|/data/user/0/com.negi.survey/files/models/gemma-3n-E4B-it-int4.litertlm' runId=1 hasText=true originalTextLen=1617 effectiveTextLen=1617 images=0 audioClips=0
2026-09-09T01:51:13.411Z D/LiteRtLM [DefaultDispatcher-worker-2] LiteRT-LM sendMessageAsync(text): key='gemma-3n-E4B-it|/data/user/0/com.negi.survey/files/models/gemma-3n-E4B-it-int4.litertlm' runId=1 len=1617 maxOutputTokens=64
2026-09-09T01:51:13.434Z D/LiteRtLM [DefaultDispatcher-worker-2] sendMessageAsync accepted: key='gemma-3n-E4B-it|/data/user/0/com.negi.survey/files/models/gemma-3n-E4B-it-int4.litertlm' runId=1 dispatchMs=24
2026-09-09T01:51:17.372Z W/LiteRtLM [Thread-5] Inference first output: key='gemma-3n-E4B-it|/data/user/0/com.negi.survey/files/models/gemma-3n-E4B-it-int4.litertlm' runId=1 ttftMs=3961 dispatchMs=24 postDispatchTtftMs=3937 requestToFirstOutputMs=3964
2026-09-09T01:51:17.372Z D/LiteRtLM [Thread-5] stream[key=gemma-3n-E4B-it|/data/user/0/com.negi.survey/files/models/gemma-3n-E4B-it-int4.litertlm runId=1] msg#1 rawChunkLen=2 deltaLen=2 emittedChars=2
2026-09-09T01:51:17.373Z D/AiViewModel [DefaultDispatcher-worker-2] run[1] chunk[1].preview='{"'
2026-09-09T01:51:17.373Z D/LiteRtRepository [main] stream[rid=1 msg#1] done=false deltaLen=2 outLen=2 outPreview='{"' deltaPreview='{"'
2026-09-09T01:51:17.550Z D/AiViewModel [DefaultDispatcher-worker-2] run[1] chunk[2].preview='score'
2026-09-09T01:51:17.705Z D/AiViewModel [DefaultDispatcher-worker-2] run[1] chunk[3].preview='":'
2026-09-09T01:51:17.859Z D/AiViewModel [DefaultDispatcher-worker-2] run[1] chunk[4].preview='␠'
2026-09-09T01:51:18.015Z D/AiViewModel [DefaultDispatcher-worker-2] run[1] chunk[5].preview='8'
2026-09-09T01:51:18.173Z D/AiViewModel [DefaultDispatcher-worker-2] run[1] chunk[6].preview='5'
2026-09-09T01:51:18.330Z D/AiViewModel [DefaultDispatcher-worker-2] run[1] chunk[7].preview=','
2026-09-09T01:51:18.488Z D/LiteRtRepository [main] stream[rid=1 msg#8] done=false deltaLen=2 outLen=15 outPreview='{"score": 85, "' deltaPreview=' "'
2026-09-09T01:51:18.489Z D/AiViewModel [DefaultDispatcher-worker-2] run[1] chunk[8].preview='␠"'
2026-09-09T01:51:18.646Z D/AiViewModel [DefaultDispatcher-worker-2] run[1] chunk[9].preview='missing'
2026-09-09T01:51:18.802Z D/AiViewModel [DefaultDispatcher-worker-1] run[1] chunk[10].preview='_'
2026-09-09T01:51:18.957Z D/AiViewModel [DefaultDispatcher-worker-1] run[1] chunk[11].preview='points'
2026-09-09T01:51:19.116Z D/AiViewModel [DefaultDispatcher-worker-1] run[1] chunk[12].preview='":'
2026-09-09T01:51:19.277Z D/AiViewModel [DefaultDispatcher-worker-1] run[1] chunk[13].preview='␠["'
2026-09-09T01:51:19.434Z D/AiViewModel [DefaultDispatcher-worker-1] run[1] chunk[14].preview='yield'
2026-09-09T01:51:19.589Z D/AiViewModel [DefaultDispatcher-worker-1] run[1] chunk[15].preview='␠loss'
2026-09-09T01:51:19.748Z D/LiteRtLM [Thread-20] stream[key=gemma-3n-E4B-it|/data/user/0/com.negi.survey/files/models/gemma-3n-E4B-it-int4.litertlm runId=1] msg#16 rawChunkLen=1 deltaLen=1 emittedChars=45
2026-09-09T01:51:19.749Z D/AiViewModel [DefaultDispatcher-worker-1] run[1] chunk[16].preview=','
2026-09-09T01:51:19.749Z D/LiteRtRepository [main] stream[rid=1 msg#16] done=false deltaLen=1 outLen=45 outPreview='{"score": 85, "missing_points": ["yield loss,' deltaPreview=','
2026-09-09T01:51:19.905Z D/AiViewModel [DefaultDispatcher-worker-1] run[1] chunk[17].preview='␠damage'
2026-09-09T01:51:20.059Z D/AiViewModel [DefaultDispatcher-worker-1] run[1] chunk[18].preview='␠type'
2026-09-09T01:51:20.213Z D/AiViewModel [DefaultDispatcher-worker-1] run[1] chunk[19].preview='"],'
2026-09-09T01:51:20.371Z D/AiViewModel [DefaultDispatcher-worker-1] run[1] chunk[20].preview='␠"'
2026-09-09T01:51:20.531Z D/AiViewModel [DefaultDispatcher-worker-1] run[1] chunk[21].preview='follow'
2026-09-09T01:51:20.687Z D/AiViewModel [DefaultDispatcher-worker-1] run[1] chunk[22].preview='up'
2026-09-09T01:51:20.845Z D/AiViewModel [DefaultDispatcher-worker-1] run[1] chunk[23].preview='_'
2026-09-09T01:51:21.002Z D/LiteRtRepository [main] stream[rid=1 msg#24] done=false deltaLen=6 outLen=77 outPreview='{"score": 85, "missing_points": ["yield loss, damage type"], "followup_needed' deltaPreview='needed'
2026-09-09T01:51:21.002Z D/AiViewModel [DefaultDispatcher-worker-1] run[1] chunk[24].preview='needed'
2026-09-09T01:51:21.166Z D/AiViewModel [DefaultDispatcher-worker-1] run[1] chunk[25].preview='":'
2026-09-09T01:51:21.323Z D/AiViewModel [DefaultDispatcher-worker-1] run[1] chunk[26].preview='␠true'
2026-09-09T01:51:21.478Z D/AiViewModel [DefaultDispatcher-worker-1] run[1] chunk[27].preview='}'
2026-09-09T01:51:21.636Z D/LiteRtLM [Thread-32] state[logicalDone] key='gemma-3n-E4B-it|/data/user/0/com.negi.survey/files/models/gemma-3n-E4B-it-int4.litertlm' runId=1 active=true terminated=true logicalDone=true cancel=false pendingCancel=false lastMsgAt=2199393956 lastTermAt=2199394115
2026-09-09T01:51:21.637Z D/LiteRtLM [Thread-32] state[nativeDone:beforeRelease] key='gemma-3n-E4B-it|/data/user/0/com.negi.survey/files/models/gemma-3n-E4B-it-int4.litertlm' runId=1 active=true terminated=true logicalDone=true cancel=false pendingCancel=false lastMsgAt=2199393956 lastTermAt=2199394115
2026-09-09T01:51:21.638Z W/LiteRtLM [Thread-32] Inference timing: key='gemma-3n-E4B-it|/data/user/0/com.negi.survey/files/models/gemma-3n-E4B-it-int4.litertlm' runId=1 ttftMs=3961 dispatchMs=24 postDispatchTtftMs=3937 totalMs=8225 callbacks=27 outputChars=85 cancelled=false error=false requestTotalMs=8228
2026-09-09T01:51:21.641Z D/LiteRtRepository [main] [1] logical done=true; responseClosed=true; waiting native cleanup
2026-09-09T01:51:21.643Z D/LiteRtRepository [main] [1] native cleanup safepoint
2026-09-09T01:51:21.646Z D/AiViewModel [DefaultDispatcher-worker-2] run[1] stats: chunks=27, chars=85, raw.len=85
2026-09-09T01:51:21.647Z D/AiViewModel [DefaultDispatcher-worker-2] run[1] sha(raw)=fc54d39ca92dffc403f8b90447b2f74fd739952d437cf803b69178a241b95870
2026-09-09T01:51:21.647Z D/AiViewModel [DefaultDispatcher-worker-2] run[1] rawVisible='{"score":␠85,␠"missing_points":␠["yield␠loss,␠damage␠type"],␠"followup_needed":␠true}'
2026-09-09T01:51:21.648Z D/SLM [slm-jni] resetConversationAndWait: model='gemma-3n-E4B-it' image=false audio=false
2026-09-09T01:51:21.657Z D/LiteRtRepository [DefaultDispatcher-worker-5] [1] Conversation reset completed after safepoint
2026-09-09T01:51:21.659Z D/LiteRtRepository [DefaultDispatcher-worker-3] [part=000] [1] FINALIZE: native-terminated
=== AI TRACE STATS (LiteRtRepository) ===
rid=1 model='gemma-3n-E4B-it' reason=native-terminated
totalMs=8295 inferenceMs=8293 firstTokenMs=4007
logicalDone=true logicalDoneAt=2199394118
nativeTerminated=true cancelTag='null'
lastDeltaMsAgo=182 lastEventMsAgo=16
chunks=27 emittedChars=85 capturedAll=true out.len=85
=== OUTPUT (FULL) ===
{"score": 85, "missing_points": ["yield loss, damage type"], "followup_needed": true}
2026-09-09T01:51:21.663Z D/AiViewModel [DefaultDispatcher-worker-2] run[1]: EVAL_JSON parsed score=85 followups=0 fu0=''
2026-09-09T01:51:21.664Z D/AiViewModel [DefaultDispatcher-worker-2] stepHistory+ runId=1 phase=EVAL mode=EVAL_JSON raw.len=85 score=85 FU=0 FU0='<none>' timeout=false err=null
2026-09-09T01:51:21.664Z I/AiViewModel [DefaultDispatcher-worker-2] run[1] done: phase=EVAL mode=EVAL_JSON score=85 FU0.len=0 FU0.sha16=none commit=true err=<none>
2026-09-09T01:51:21.664Z I/FullTextOut [DefaultDispatcher-worker-2] [part=000] run[1]: RawTextOut
{"score": 85, "missing_points": ["yield loss, damage type"], "followup_needed": true}
2026-09-09T01:51:21.673Z D/SurveyVM [DefaultDispatcher-worker-2] getFollowupPrompt[Q8] -> len=390 evalLen=85
2026-09-09T01:51:21.674Z D/AiViewModel [DefaultDispatcher-worker-2] run[2]: mode=FOLLOWUP_JSON_OR_TEXT phase=FOLLOWUP commit=false prompt.len=390, fullPrompt.len=927, timeoutMs=60000
2026-09-09T01:51:21.675Z D/AiViewModel [DefaultDispatcher-worker-2] run[2]: sha(prompt)=02deb81b23579a09df7603d9e214d999d9df3313962d79dfe2c354243a685925 sha(full)=444bdd0bb0b7f6186fc4f4dbaf0544ac268195033304e15294a998d4b90d7698
2026-09-09T01:51:21.675Z I/FullPromptReview [DefaultDispatcher-worker-2] [part=000] run[2]: phase=FOLLOWUP FullPrompt
Evaluate only the original survey target using all supplied answers.
Generate exactly one short English question addressing one unresolved target-required deficiency in EVAL_JSON. Use the original target, original answer and accumulated answered followup pairs. Do not repeat an earlier question or ask for information already provided. Never add new objectives. Output only the question on one line; no JSON, score, analysis, labels, or quotes.
Keep the question short and single-scope.
Exactly one English question on one line.
INPUT:
Expected answer target: Whether FAW affected the crop, and if so, a description of the effect (yield loss, damage type, etc.).
Question: Has fall armyworm ever affected your maize? If yes, how did it affect your crop?
Original answer: Fall armyworm affected my maize.
Answered followup pairs: 
EVAL_JSON: {"score": 85, "missing_points": ["yield loss, damage type"], "followup_needed": true}
2026-09-09T01:51:21.676Z D/LiteRtRepository [DefaultDispatcher-worker-4] [2] request start model='gemma-3n-E4B-it' prompt.len=927 sha=444bdd0bb0b7f618 gateWaitMs=1
2026-09-09T01:51:21.676Z D/LiteRtRepository [DefaultDispatcher-worker-4] [part=000] [2] PROMPT (FULL) sha=444bdd0bb0b7f618
Evaluate only the original survey target using all supplied answers.
Generate exactly one short English question addressing one unresolved target-required deficiency in EVAL_JSON. Use the original target, original answer and accumulated answered followup pairs. Do not repeat an earlier question or ask for information already provided. Never add new objectives. Output only the question on one line; no JSON, score, analysis, labels, or quotes.
Keep the question short and single-scope.
Exactly one English question on one line.
INPUT:
Expected answer target: Whether FAW affected the crop, and if so, a description of the effect (yield loss, damage type, etc.).
Question: Has fall armyworm ever affected your maize? If yes, how did it affect your crop?
Original answer: Fall armyworm affected my maize.
Answered followup pairs: 
EVAL_JSON: {"score": 85, "missing_points": ["yield loss, damage type"], "followup_needed": true}
2026-09-09T01:51:21.677Z D/SLM [slm-jni] initializeIfNeeded: model='gemma-3n-E4B-it' image=false audio=false
2026-09-09T01:51:21.677Z D/LiteRtLM [slm-jni] initializeIfNeeded: warm runtime already ready: key='gemma-3n-E4B-it|/data/user/0/com.negi.survey/files/models/gemma-3n-E4B-it-int4.litertlm'
2026-09-09T01:51:21.678Z D/LiteRtRepository [DefaultDispatcher-worker-4] [2] initializeIfNeeded ok initMs=1
2026-09-09T01:51:21.678Z D/SLM [slm-jni] runInference: model='gemma-3n-E4B-it' textLen=927 images=0 audio=0
2026-09-09T01:51:21.679Z D/LiteRtLM [DefaultDispatcher-worker-4] state[run:start] key='gemma-3n-E4B-it|/data/user/0/com.negi.survey/files/models/gemma-3n-E4B-it-int4.litertlm' runId=2 active=true terminated=false logicalDone=false cancel=false pendingCancel=false lastMsgAt=2199394158 lastTermAt=2199394115
2026-09-09T01:51:21.679Z D/LiteRtLM [DefaultDispatcher-worker-4] runInference start: key='gemma-3n-E4B-it|/data/user/0/com.negi.survey/files/models/gemma-3n-E4B-it-int4.litertlm' runId=2 hasText=true originalTextLen=927 effectiveTextLen=927 images=0 audioClips=0
2026-09-09T01:51:21.679Z D/LiteRtLM [DefaultDispatcher-worker-4] LiteRT-LM sendMessageAsync(text): key='gemma-3n-E4B-it|/data/user/0/com.negi.survey/files/models/gemma-3n-E4B-it-int4.litertlm' runId=2 len=927 maxOutputTokens=64
2026-09-09T01:51:21.684Z D/LiteRtLM [DefaultDispatcher-worker-4] sendMessageAsync accepted: key='gemma-3n-E4B-it|/data/user/0/com.negi.survey/files/models/gemma-3n-E4B-it-int4.litertlm' runId=2 dispatchMs=5
2026-09-09T01:51:22.781Z W/LiteRtLM [Thread-35] Inference first output: key='gemma-3n-E4B-it|/data/user/0/com.negi.survey/files/models/gemma-3n-E4B-it-int4.litertlm' runId=2 ttftMs=1101 dispatchMs=5 postDispatchTtftMs=1096 requestToFirstOutputMs=1102
2026-09-09T01:51:22.781Z D/LiteRtLM [Thread-35] stream[key=gemma-3n-E4B-it|/data/user/0/com.negi.survey/files/models/gemma-3n-E4B-it-int4.litertlm runId=2] msg#1 rawChunkLen=3 deltaLen=3 emittedChars=3
2026-09-09T01:51:22.782Z D/LiteRtRepository [main] stream[rid=2 msg#1] done=false deltaLen=3 outLen=3 outPreview='Can' deltaPreview='Can'
2026-09-09T01:51:22.783Z D/AiViewModel [DefaultDispatcher-worker-3] run[2] chunk[1].preview='Can'
2026-09-09T01:51:22.945Z D/AiViewModel [DefaultDispatcher-worker-3] run[2] chunk[2].preview='␠you'
2026-09-09T01:51:23.104Z D/AiViewModel [DefaultDispatcher-worker-3] run[2] chunk[3].preview='␠describe'
2026-09-09T01:51:23.265Z D/AiViewModel [DefaultDispatcher-worker-3] run[2] chunk[4].preview='␠the'
2026-09-09T01:51:23.418Z D/AiViewModel [DefaultDispatcher-worker-3] run[2] chunk[5].preview='␠specific'
2026-09-09T01:51:23.577Z D/AiViewModel [DefaultDispatcher-worker-3] run[2] chunk[6].preview='␠yield'
2026-09-09T01:51:23.734Z D/AiViewModel [DefaultDispatcher-worker-3] run[2] chunk[7].preview='␠loss'
2026-09-09T01:51:23.892Z D/LiteRtRepository [main] stream[rid=2 msg#8] done=false deltaLen=3 outLen=43 outPreview='Can you describe the specific yield loss or' deltaPreview=' or'
2026-09-09T01:51:23.892Z D/AiViewModel [DefaultDispatcher-worker-3] run[2] chunk[8].preview='␠or'
2026-09-09T01:51:24.048Z D/AiViewModel [DefaultDispatcher-worker-3] run[2] chunk[9].preview='␠damage'
2026-09-09T01:51:24.202Z D/AiViewModel [DefaultDispatcher-worker-3] run[2] chunk[10].preview='␠caused'
2026-09-09T01:51:24.360Z D/AiViewModel [DefaultDispatcher-worker-3] run[2] chunk[11].preview='␠by'
2026-09-09T01:51:24.518Z D/AiViewModel [DefaultDispatcher-worker-3] run[2] chunk[12].preview='␠the'
2026-09-09T01:51:24.677Z D/AiViewModel [DefaultDispatcher-worker-3] run[2] chunk[13].preview='␠fall'
2026-09-09T01:51:24.833Z D/AiViewModel [DefaultDispatcher-worker-3] run[2] chunk[14].preview='␠army'
2026-09-09T01:51:24.990Z D/AiViewModel [DefaultDispatcher-worker-3] run[2] chunk[15].preview='worm'
2026-09-09T01:51:25.147Z D/LiteRtLM [Thread-50] stream[key=gemma-3n-E4B-it|/data/user/0/com.negi.survey/files/models/gemma-3n-E4B-it-int4.litertlm runId=2] msg#16 rawChunkLen=3 deltaLen=3 emittedChars=81
2026-09-09T01:51:25.148Z D/LiteRtRepository [main] stream[rid=2 msg#16] done=false deltaLen=3 outLen=81 outPreview='Can you describe the specific yield loss or damage caused by the fall armyworm on' deltaPreview=' on'
2026-09-09T01:51:25.149Z D/AiViewModel [DefaultDispatcher-worker-3] run[2] chunk[16].preview='␠on'
2026-09-09T01:51:25.305Z D/AiViewModel [DefaultDispatcher-worker-3] run[2] chunk[17].preview='␠your'
2026-09-09T01:51:25.460Z D/AiViewModel [DefaultDispatcher-worker-3] run[2] chunk[18].preview='␠maize'
2026-09-09T01:51:25.618Z D/AiViewModel [DefaultDispatcher-worker-4] run[2] chunk[19].preview='?'
2026-09-09T01:51:25.777Z D/LiteRtLM [Thread-54] state[logicalDone] key='gemma-3n-E4B-it|/data/user/0/com.negi.survey/files/models/gemma-3n-E4B-it-int4.litertlm' runId=2 active=true terminated=true logicalDone=true cancel=false pendingCancel=false lastMsgAt=2199398096 lastTermAt=2199398256
2026-09-09T01:51:25.778Z D/LiteRtLM [Thread-54] state[nativeDone:beforeRelease] key='gemma-3n-E4B-it|/data/user/0/com.negi.survey/files/models/gemma-3n-E4B-it-int4.litertlm' runId=2 active=true terminated=true logicalDone=true cancel=false pendingCancel=false lastMsgAt=2199398096 lastTermAt=2199398256
2026-09-09T01:51:25.779Z W/LiteRtLM [Thread-54] Inference timing: key='gemma-3n-E4B-it|/data/user/0/com.negi.survey/files/models/gemma-3n-E4B-it-int4.litertlm' runId=2 ttftMs=1101 dispatchMs=5 postDispatchTtftMs=1096 totalMs=4097 callbacks=19 outputChars=93 cancelled=false error=false requestTotalMs=4098
2026-09-09T01:51:25.781Z D/LiteRtRepository [main] [2] logical done=true; responseClosed=true; waiting native cleanup
2026-09-09T01:51:25.782Z D/LiteRtRepository [main] [2] native cleanup safepoint
2026-09-09T01:51:25.784Z D/AiViewModel [DefaultDispatcher-worker-3] run[2] stats: chunks=19, chars=93, raw.len=93
2026-09-09T01:51:25.785Z D/SLM [slm-jni] resetConversationAndWait: model='gemma-3n-E4B-it' image=false audio=false
2026-09-09T01:51:25.787Z D/AiViewModel [DefaultDispatcher-worker-3] run[2] sha(raw)=900eb5a23a12a30d2aa36564da4e4d1929d93cc7d6b14110f0764f17ddc126e3
2026-09-09T01:51:25.789Z D/AiViewModel [DefaultDispatcher-worker-3] run[2] rawVisible='Can␠you␠describe␠the␠specific␠yield␠loss␠or␠damage␠caused␠by␠the␠fall␠armyworm␠on␠your␠maize?'
2026-09-09T01:51:25.794Z D/AiViewModel [DefaultDispatcher-worker-3] run[2]: FOLLOWUP parse extractorQ='Can␠you␠describe␠the␠specific␠yield␠loss␠or␠damage␠caused␠by␠the␠fall␠armyworm␠on␠your␠maize?' textQ='Can␠you␠describe␠the␠specific␠yield␠loss␠or␠damage␠caused␠by␠the␠fall␠armyworm␠on␠your␠maize?' best='Can␠you␠describe␠the␠specific␠yield␠loss␠or␠damage␠caused␠by␠the␠fall␠armyworm␠on␠your␠maize?'
2026-09-09T01:51:25.795Z D/AiViewModel [DefaultDispatcher-worker-3] stepHistory+ runId=2 phase=FOLLOWUP mode=FOLLOWUP_JSON_OR_TEXT raw.len=93 score=null FU=1 FU0='Can␠you␠describe␠the␠specific␠yield␠loss␠or␠damage␠caused␠by␠the␠fall␠armyworm␠on␠your␠maize?' timeout=false err=null
2026-09-09T01:51:25.796Z D/LiteRtRepository [DefaultDispatcher-worker-2] [2] Conversation reset completed after safepoint
2026-09-09T01:51:25.796Z I/AiViewModel [DefaultDispatcher-worker-3] run[2] done: phase=FOLLOWUP mode=FOLLOWUP_JSON_OR_TEXT score=null FU0.len=93 FU0.sha16=900eb5a23a12a30d commit=false err=<none>
2026-09-09T01:51:25.797Z I/FullTextOut [DefaultDispatcher-worker-3] [part=000] run[2]: RawTextOut
Can you describe the specific yield loss or damage caused by the fall armyworm on your maize?
2026-09-09T01:51:25.798Z D/LiteRtRepository [DefaultDispatcher-worker-1] [part=000] [2] FINALIZE: native-terminated
=== AI TRACE STATS (LiteRtRepository) ===
rid=2 model='gemma-3n-E4B-it' reason=native-terminated
totalMs=4121 inferenceMs=4119 firstTokenMs=1103
logicalDone=true logicalDoneAt=2199398259
nativeTerminated=true cancelTag='null'
lastDeltaMsAgo=180 lastEventMsAgo=15
chunks=19 emittedChars=93 capturedAll=true out.len=93
=== OUTPUT (FULL) ===
Can you describe the specific yield loss or damage caused by the fall armyworm on your maize?
2026-09-09T01:51:25.815Z D/SLM [Instr: androidx.test.runner.AndroidJUnitRunner] cancel: model='gemma-3n-E4B-it'
2026-09-09T01:51:26.545Z D/SLM [Instr: androidx.test.runner.AndroidJUnitRunner] forceCleanUp: model='gemma-3n-E4B-it'
