=== RuntimeLogStore Header ===
ts=2026-09-09T01:54:06.705Z
fileNameFormat=LEGACY
appId=com.negi.survey
versionName=0.0.1
versionCode=1
debug=true
device=Google Pixel 9a
sdk=36
pid=27875
==============================
2026-09-09T01:54:06.706Z I/RuntimeLogStore [rtlog-io] start: actor launched (fileNameFormat=LEGACY)
2026-09-09T01:54:06.695Z D/SurveyApp [main] attachBaseContext: pid=27875 process=com.negi.survey isMain=true sdk=36
2026-09-09T01:54:06.695Z D/SurveyApp [main] bootTiming: attachBaseContext total=54ms
2026-09-09T01:54:06.695Z D/SurveyApp [main] Skipping WorkManager init in attachBaseContext; will init lazily on first enqueue.
2026-09-09T01:54:06.699Z D/SurveyApp [main] CrashCapture installed: where=SurveyApp:attachBaseContext
2026-09-09T01:54:06.944Z W/SurveyApp [main] Diagnostic upload work cancelled by instrumentation argument.
2026-09-09T01:54:06.945Z I/RuntimeLogStore [main] start repair: ctx/dir refreshed
2026-09-09T01:54:06.945Z D/SurveyApp [main] bootTiming: RuntimeLogStore.start took=1ms
2026-09-09T01:54:06.946Z D/SurveyApp [main] bootTiming: AppRingLogStore.install took=0ms
2026-09-09T01:54:06.946Z D/SurveyApp [main] onCreate: pid=27875 process=com.negi.survey isMain=true sdk=36
2026-09-09T01:54:06.977Z D/SurveyApp [main] CrashCapture installed: where=SurveyApp:onCreate(rewrap)
2026-09-09T01:54:06.978Z D/SurveyApp [main] CrashCapture self-healing registered.
2026-09-09T01:54:06.978Z W/SurveyApp [main] Startup diagnostic upload scheduling disabled by instrumentation argument.
2026-09-09T01:54:06.978Z D/SurveyApp [main] bootTiming: onCreate total=253ms
2026-09-09T01:54:07.010Z I/RuntimeLogStore [DefaultDispatcher-worker-1] start repair: ctx/dir refreshed
