=== RuntimeLogStore Header ===
ts=2026-09-29T03:39:33.301Z
fileNameFormat=LEGACY
appId=com.negi.survey
versionName=0.0.1
versionCode=1
debug=true
device=samsung SM-S731U
sdk=36
pid=19041
==============================
2026-09-29T03:39:33.301Z I/RuntimeLogStore [rtlog-io] start: actor launched (fileNameFormat=LEGACY)
2026-09-29T03:39:33.294Z D/SurveyApp [main] attachBaseContext: pid=19041 process=com.negi.survey isMain=true sdk=36
2026-09-29T03:39:33.295Z D/SurveyApp [main] bootTiming: attachBaseContext total=28ms
2026-09-29T03:39:33.295Z D/SurveyApp [main] Skipping WorkManager init in attachBaseContext; will init lazily on first enqueue.
2026-09-29T03:39:33.296Z D/SurveyApp [main] CrashCapture installed: where=SurveyApp:attachBaseContext
2026-09-29T03:39:33.308Z I/RuntimeLogStore [main] start repair: ctx/dir refreshed
2026-09-29T03:39:33.308Z D/SurveyApp [main] bootTiming: RuntimeLogStore.start took=0ms
2026-09-29T03:39:33.308Z D/SurveyApp [main] bootTiming: AppRingLogStore.install took=0ms
2026-09-29T03:39:33.308Z D/SurveyApp [main] onCreate: pid=19041 process=com.negi.survey isMain=true sdk=36
2026-09-29T03:39:33.312Z D/SurveyApp [main] CrashCapture installed: where=SurveyApp:onCreate(rewrap)
2026-09-29T03:39:33.312Z D/SurveyApp [main] CrashCapture self-healing registered.
2026-09-29T03:39:33.313Z W/SurveyApp [main] Startup enqueues deferred: delay=2500ms (to reduce init contention)
2026-09-29T03:39:33.313Z D/SurveyApp [main] Startup survey recovery deferred: delay=2500ms
2026-09-29T03:39:33.313Z D/SurveyApp [main] bootTiming: onCreate total=7ms
2026-09-29T03:39:33.326Z I/RuntimeLogStore [DefaultDispatcher-worker-1] start repair: ctx/dir refreshed
2026-09-29T03:39:34.825Z I/RuntimeLogStore [DefaultDispatcher-worker-1] start repair: ctx/dir refreshed
