=== RuntimeLogStore Header ===
ts=2026-08-19T23:56:06.619Z
fileNameFormat=LEGACY
appId=com.negi.survey
versionName=0.0.1
versionCode=1
debug=true
device=Google Pixel 9a
sdk=36
pid=28787
==============================
2026-08-19T23:56:06.619Z I/RuntimeLogStore [rtlog-io] --- rotated (reason=plain_snapshot:receiver_boot_completed) ---
2026-08-19T23:56:07.526Z W/SurveyApp [main] Deferred startup enqueues begin...
2026-08-19T23:56:07.526Z D/SurveyApp [main] WorkManager available. where=startupRtLogs(immediate) took=0ms
2026-08-19T23:56:07.528Z D/SurveyApp [main] Startup runtime logs target -> owner=ishizuki-tech repo=SurveyExports branch=main base='/diagnostics/runtime_logs'
2026-08-19T23:56:07.531Z D/SurveyApp [main] Startup runtime logs: enqueue requested (immediate).
2026-08-19T23:56:07.531Z D/SurveyApp [main] WorkManager available. where=startupRingLogs(immediate) took=0ms
2026-08-19T23:56:07.532Z D/SurveyApp [main] Startup ring logs target -> owner=ishizuki-tech repo=SurveyExports branch=main base='/diagnostics/applog_ring'
2026-08-19T23:56:07.534Z D/SurveyApp [main] Startup ring logs: enqueue requested (immediate).
2026-08-19T23:56:07.534Z D/SurveyApp [main] WorkManager available. where=enqueuePending(immediate) took=0ms
2026-08-19T23:56:07.535Z D/SurveyApp [main] CrashCapture pending uploads requested (immediate).
2026-08-19T23:56:07.535Z W/SurveyApp [main] Deferred startup enqueues done: took=9ms
2026-08-20T00:02:14.533Z D/SLM [main] buildModelConfig: accel=GPU maxTokens=4096 topK=64 topP=0.95 temperature=1.0
2026-08-20T00:02:14.564Z D/LiteRtLM [DefaultDispatcher-worker-6] Initializing LiteRT-LM: model='Gemma3n4B', key='Gemma3n4B|/data/data/com.negi.survey/files/gemma-3n-E4B-it-int4.litertlm'
2026-08-20T00:02:14.564Z D/LiteRtLM [DefaultDispatcher-worker-6] Capabilities: image=false audio=false
2026-08-20T00:02:14.564Z D/LiteRtLM [DefaultDispatcher-worker-6] Backend=com.google.ai.edge.litertlm.Backend$GPU@c15cdf3 maxNumTokens=4096 (raw=4096) topK=64 topP=0.95 temp=1.0
2026-08-20T00:02:14.564Z D/LiteRtLM [DefaultDispatcher-worker-6] Model path='/data/data/com.negi.survey/files/gemma-3n-E4B-it-int4.litertlm' sizeBytes=4919541760
2026-08-20T00:02:14.567Z D/LiteRtLM [DefaultDispatcher-worker-6] Engine cacheDir resolved: key='Gemma3n4B|/data/data/com.negi.survey/files/gemma-3n-E4B-it-int4.litertlm' backend=com.google.ai.edge.litertlm.Backend$GPU@c15cdf3 path='/data/user/0/com.negi.survey/no_backup/litertlm_cache/43f6c90ac391db42ce78ee922ba61b8bcaf6248e' files=0
2026-08-20T00:02:57.978Z W/LiteRtLM [DefaultDispatcher-worker-6] Engine.initialize completed: key='Gemma3n4B|/data/data/com.negi.survey/files/gemma-3n-E4B-it-int4.litertlm' backend=com.google.ai.edge.litertlm.Backend$GPU@c15cdf3 took=43405ms
2026-08-20T00:02:58.043Z D/LiteRtLM [DefaultDispatcher-worker-6] createConversation completed: key='Gemma3n4B|/data/data/com.negi.survey/files/gemma-3n-E4B-it-int4.litertlm' took=52ms
2026-08-20T00:02:58.044Z D/LiteRtLM [DefaultDispatcher-worker-6] LiteRT-LM initialization succeeded: model='Gemma3n4B', key='Gemma3n4B|/data/data/com.negi.survey/files/gemma-3n-E4B-it-int4.litertlm'
2026-08-20T00:02:58.062Z D/AiTrace [main] Installed (enabled=true ringEnabled=true)
2026-08-20T00:02:58.065Z D/SurveyVM [main] init -> Start, session=0, uuid=ae11df6f-7801-413e-96df-49bfa4a6ed0f, navSize=1, graphSize=9
2026-08-20T00:02:58.068Z D/SurveyVM [main] config.validate -> issues=0
2026-08-20T00:02:58.068Z D/SurveyVM [main] promptSources -> legacy=6, eval=0, follow=0
2026-08-20T00:02:58.068Z D/SurveyVM [main] promptSources.preview -> legacy=[Q1, Q2, Q3, Q4, Q5, Q6], eval=[], follow=[]
2026-08-20T00:02:58.068Z D/SurveyVM [main] hasTwoStepPrompt[Q1] -> false (eval=0, fu=0)
2026-08-20T00:02:58.068Z D/SurveyVM [main] hasTwoStepPrompt[Q2] -> false (eval=0, fu=0)
2026-08-20T00:02:58.068Z D/SurveyVM [main] hasTwoStepPrompt[Q3] -> false (eval=0, fu=0)
2026-08-20T00:02:58.068Z D/SurveyVM [main] hasTwoStepPrompt[Q4] -> false (eval=0, fu=0)
2026-08-20T00:02:58.068Z D/SurveyVM [main] hasTwoStepPrompt[Q5] -> false (eval=0, fu=0)
2026-08-20T00:02:58.068Z D/SurveyVM [main] hasTwoStepPrompt[Q6] -> false (eval=0, fu=0)
2026-08-20T00:02:58.068Z D/SurveyVM [main] AI prompt coverage OK (aiCount=6)
2026-08-20T00:03:08.784Z D/SurveyVM [main] resetAudioRefs -> cleared
2026-08-20T00:03:08.784Z D/SurveyVM [main] resetNavToStart -> key=com.negi.survey.vm.FlowHome@36089fb, navSize=1
2026-08-20T00:03:08.784Z D/SurveyVM [main] resetToStart -> Start, session=1, uuid=ab2cb127-ed9f-45a6-b8a3-a2c8fa21dfb6, preserveDraft=true, draftLen=0
2026-08-20T00:03:08.784Z D/SurveyVM [main] activateRunIfNeeded(advanceToNext:Q1) -> runNoteLen=0, draftCleared=true, uuid=ab2cb127-ed9f-45a6-b8a3-a2c8fa21dfb6
2026-08-20T00:03:08.784Z D/SurveyVM [main] push -> Q1, navSize=2, stackSize=2
2026-08-20T00:03:08.818Z D/SurveyVM [main] hasTwoStepPrompt[Q1] -> false (eval=0, fu=0)
2026-08-20T00:03:11.765Z D/SurveyVM [main] hasTwoStepPrompt[Q1] -> false (eval=0, fu=0)
2026-08-20T00:03:11.767Z I/AiScreen [main] Submit begin runId=ai-Q1-118357214-118357214534717 node=Q1 role=MAIN isTwoStep=false sessionId=1 surveyUuid=ab2cb127-ed9f-45a6-b8a3-a2c8fa21dfb6 qLen=132 aLen=7 qSha6=59bd94d4be3b aSha6=87b35cb1e4cc
2026-08-20T00:03:11.767Z D/AiScreen [main] Submit payload preview (debug) runId=ai-Q1-118357214-118357214534717 node=Q1 qPreview="How much yield do you lose because of fall armyworm? Please think back over the last 3 seasons. …" aPreview="j,vkzkd"
2026-08-20T00:03:11.768Z D/SurveyVM [main] getPrompt[Q1] -> len=435 (src=one_step)
2026-08-20T00:03:11.770Z I/AiScreen [main] Submit end runId=ai-Q1-118357214-118357214534717 node=Q1 elapsed=3ms
2026-08-20T00:03:11.771Z D/AiViewModel [DefaultDispatcher-worker-4] run[1]: mode=EVAL_JSON phase=ONE_STEP commit=true prompt.len=435, fullPrompt.len=1476, timeoutMs=120000
2026-08-20T00:03:11.773Z D/AiViewModel [DefaultDispatcher-worker-4] run[1]: sha(prompt)=6e9bae6b4b4dfb49f671236e2859b263fa9b772be818127ad96ec12847815606 sha(full)=f6c67761e082f610d179a598cdad35cac0f6f7859f3880f1a0b4580a7006b3dc
2026-08-20T00:03:11.773Z I/FullPromptReview [DefaultDispatcher-worker-4] [part=000] run[1]: phase=ONE_STEP FullPrompt
You are a well-known farmer survey expert. Read the Question and the Answer.
OUTPUT FORMAT:
- In English.
- Keys exactly:
  • "analysis": short string
  • "expected_answer": short string
  • "followup_question": a single short confirm/validate question (NOT an array; may be empty string)
  • "score": integer 1–100

FOLLOW-UP INTENT:
- The follow-up must confirm or clarify the respondent's original answer to the SAME question.
- Target the biggest uncertainty: missing unit/scale, missing number, time window, baseline, or method used.
- Keep it single-scope (no multi-part), concrete, and answerable immediately.
- Do not introduce new topics or additional objectives.
LENGTH LIMITS:
- analysis<=60 chars
- expected_answer<=120 chars
- followup_question<=120 chars
Scoring rule: Judge ONLY content relevance/completeness/accuracy. Do NOT penalize style or formatting.
STRICT OUTPUT (NO MARKDOWN):
- RAW JSON only, ONE LINE.
- Use COMPACT JSON (no spaces around ':' and ',').
- No extra text.
Respond with an empty JSON object: {}
INPUT:
Task:
- Note weaknesses (unclear units, missing seasons, baseline ambiguity).
- Provide ONE strong expected_answer: avg FAW loss over last 3 seasons (% or bags/acre).
- Ask exactly 1 followup_question to confirm the SAME answer (or empty string if not needed).
- Score 1–100.

Question: How much yield do you lose because of fall armyworm? Please think back over the last 3 seasons. (Percent or bags per acre are fine.)
Answer: j,vkzkd
2026-08-20T00:03:11.783Z D/LiteRtRepository [DefaultDispatcher-worker-6] [1] request start model='Gemma3n4B' prompt.len=1476 sha=f6c67761e082f610 gateWaitMs=6
2026-08-20T00:03:11.784Z D/LiteRtRepository [DefaultDispatcher-worker-6] [part=000] [1] PROMPT (FULL) sha=f6c67761e082f610
You are a well-known farmer survey expert. Read the Question and the Answer.
OUTPUT FORMAT:
- In English.
- Keys exactly:
  • "analysis": short string
  • "expected_answer": short string
  • "followup_question": a single short confirm/validate question (NOT an array; may be empty string)
  • "score": integer 1–100

FOLLOW-UP INTENT:
- The follow-up must confirm or clarify the respondent's original answer to the SAME question.
- Target the biggest uncertainty: missing unit/scale, missing number, time window, baseline, or method used.
- Keep it single-scope (no multi-part), concrete, and answerable immediately.
- Do not introduce new topics or additional objectives.
LENGTH LIMITS:
- analysis<=60 chars
- expected_answer<=120 chars
- followup_question<=120 chars
Scoring rule: Judge ONLY content relevance/completeness/accuracy. Do NOT penalize style or formatting.
STRICT OUTPUT (NO MARKDOWN):
- RAW JSON only, ONE LINE.
- Use COMPACT JSON (no spaces around ':' and ',').
- No extra text.
Respond with an empty JSON object: {}
INPUT:
Task:
- Note weaknesses (unclear units, missing seasons, baseline ambiguity).
- Provide ONE strong expected_answer: avg FAW loss over last 3 seasons (% or bags/acre).
- Ask exactly 1 followup_question to confirm the SAME answer (or empty string if not needed).
- Score 1–100.

Question: How much yield do you lose because of fall armyworm? Please think back over the last 3 seasons. (Percent or bags per acre are fine.)
Answer: j,vkzkd
2026-08-20T00:03:11.787Z D/SLM [slm-jni] initializeIfNeeded: model='Gemma3n4B' image=false audio=false
2026-08-20T00:03:11.789Z D/LiteRtRepository [DefaultDispatcher-worker-6] [1] initializeIfNeeded ok initMs=4
2026-08-20T00:03:11.791Z D/SLM [slm-jni] runInference: model='Gemma3n4B' textLen=1476 images=0 audio=0
2026-08-20T00:03:11.795Z D/LiteRtLM [DefaultDispatcher-worker-4] state[run:start] key='Gemma3n4B|/data/data/com.negi.survey/files/gemma-3n-E4B-it-int4.litertlm' runId=1 active=true terminated=false logicalDone=false cancel=false pendingCancel=false lastMsgAt=464867813 lastTermAt=0
2026-08-20T00:03:11.796Z D/LiteRtLM [DefaultDispatcher-worker-4] runInference start: key='Gemma3n4B|/data/data/com.negi.survey/files/gemma-3n-E4B-it-int4.litertlm' runId=1 hasText=true textLen=1476 images=0 audioClips=0
2026-08-20T00:03:11.796Z D/LiteRtLM [DefaultDispatcher-worker-4] LiteRT-LM sendMessageAsync(text): key='Gemma3n4B|/data/data/com.negi.survey/files/gemma-3n-E4B-it-int4.litertlm' runId=1 len=1476 preview='You are a well-known farmer survey expert. Read …'
2026-08-20T00:03:15.375Z D/LiteRtLM [Thread-15] extractRenderedText[#1] fromContents.len=2 msgToString.len=2 parsedToString.len=0
2026-08-20T00:03:15.376Z D/LiteRtLM [Thread-15] stream[key=Gemma3n4B|/data/data/com.negi.survey/files/gemma-3n-E4B-it-int4.litertlm runId=1] msg#1 snapLen=2 deltaLen=2 lead=U+7B ws=false ch='{' snapPreview='{"' deltaPreview='{"' emittedLen=2
2026-08-20T00:03:15.377Z D/LiteRtRepository [main] stream[rid=1 msg#1] done=false deltaLen=2 outLen=2 outPreview='{"' deltaPreview='{"'
2026-08-20T00:03:15.378Z D/AiViewModel [DefaultDispatcher-worker-4] run[1] chunk[1].preview='{"'
2026-08-20T00:03:15.635Z D/AiViewModel [DefaultDispatcher-worker-4] run[1] chunk[2].preview='analysis'
2026-08-20T00:03:15.803Z D/AiViewModel [DefaultDispatcher-worker-4] run[1] chunk[3].preview='":"'
2026-08-20T00:03:15.963Z D/AiViewModel [DefaultDispatcher-worker-4] run[1] chunk[4].preview='In'
2026-08-20T00:03:16.147Z D/AiViewModel [DefaultDispatcher-worker-4] run[1] chunk[5].preview='complete'
2026-08-20T00:03:16.313Z D/AiViewModel [DefaultDispatcher-worker-4] run[1] chunk[6].preview='␠answer'
2026-08-20T00:03:16.477Z D/AiViewModel [DefaultDispatcher-worker-4] run[1] chunk[7].preview=','
2026-08-20T00:03:16.638Z D/LiteRtRepository [main] stream[rid=1 msg#8] done=false deltaLen=6 outLen=37 outPreview='{"analysis":"Incomplete answer, lacks' deltaPreview=' lacks'
2026-08-20T00:03:16.639Z D/AiViewModel [DefaultDispatcher-worker-4] run[1] chunk[8].preview='␠lacks'
2026-08-20T00:03:16.829Z D/AiViewModel [DefaultDispatcher-worker-4] run[1] chunk[9].preview='␠yield'
2026-08-20T00:03:16.993Z D/AiViewModel [DefaultDispatcher-worker-4] run[1] chunk[10].preview='␠loss'
2026-08-20T00:03:17.158Z D/AiViewModel [DefaultDispatcher-worker-4] run[1] chunk[11].preview='␠data'
2026-08-20T00:03:17.330Z D/AiViewModel [DefaultDispatcher-worker-4] run[1] chunk[12].preview='.'
2026-08-20T00:03:17.494Z D/AiViewModel [DefaultDispatcher-worker-4] run[1] chunk[13].preview='","'
2026-08-20T00:03:17.665Z D/AiViewModel [DefaultDispatcher-worker-4] run[1] chunk[14].preview='expected'
2026-08-20T00:03:17.837Z D/AiViewModel [DefaultDispatcher-worker-4] run[1] chunk[15].preview='_'
2026-08-20T00:03:18.003Z D/LiteRtLM [Thread-30] stream[key=Gemma3n4B|/data/data/com.negi.survey/files/gemma-3n-E4B-it-int4.litertlm runId=1] msg#16 snapLen=6 deltaLen=6 lead=U+61 ws=false ch='a' snapPreview='answer' deltaPreview='answer' emittedLen=72
2026-08-20T00:03:18.004Z D/LiteRtRepository [main] stream[rid=1 msg#16] done=false deltaLen=6 outLen=72 outPreview='{"analysis":"Incomplete answer, lacks yield loss data.","expected_answer' deltaPreview='answer'
2026-08-20T00:03:18.005Z D/AiViewModel [DefaultDispatcher-worker-4] run[1] chunk[16].preview='answer'
2026-08-20T00:03:18.172Z D/AiViewModel [DefaultDispatcher-worker-4] run[1] chunk[17].preview='":"'
2026-08-20T00:03:18.338Z D/AiViewModel [DefaultDispatcher-worker-4] run[1] chunk[18].preview='Avg'
2026-08-20T00:03:18.506Z D/AiViewModel [DefaultDispatcher-worker-4] run[1] chunk[19].preview='␠FA'
2026-08-20T00:03:18.671Z D/AiViewModel [DefaultDispatcher-worker-4] run[1] chunk[20].preview='W'
2026-08-20T00:03:18.839Z D/AiViewModel [DefaultDispatcher-worker-4] run[1] chunk[21].preview='␠loss'
2026-08-20T00:03:18.996Z D/AiViewModel [DefaultDispatcher-worker-4] run[1] chunk[22].preview='␠over'
2026-08-20T00:03:19.174Z D/AiViewModel [DefaultDispatcher-worker-4] run[1] chunk[23].preview='␠last'
2026-08-20T00:03:19.322Z D/LiteRtRepository [main] stream[rid=1 msg#24] done=false deltaLen=1 outLen=98 outPreview='{"analysis":"Incomplete answer, lacks yield loss data.","expected_answer":"Avg FAW loss over last ' deltaPreview=' '
2026-08-20T00:03:19.322Z D/AiViewModel [DefaultDispatcher-worker-4] run[1] chunk[24].preview='␠'
2026-08-20T00:03:19.491Z D/AiViewModel [DefaultDispatcher-worker-1] run[1] chunk[25].preview='3'
2026-08-20T00:03:19.658Z D/AiViewModel [DefaultDispatcher-worker-1] run[1] chunk[26].preview='␠seasons'
2026-08-20T00:03:19.824Z D/AiViewModel [DefaultDispatcher-worker-1] run[1] chunk[27].preview='␠(%'
2026-08-20T00:03:19.989Z D/AiViewModel [DefaultDispatcher-worker-1] run[1] chunk[28].preview='␠or'
2026-08-20T00:03:20.160Z D/AiViewModel [DefaultDispatcher-worker-1] run[1] chunk[29].preview='␠bags'
2026-08-20T00:03:20.312Z D/AiViewModel [DefaultDispatcher-worker-1] run[1] chunk[30].preview='/'
2026-08-20T00:03:20.491Z D/AiViewModel [DefaultDispatcher-worker-1] run[1] chunk[31].preview='acre'
2026-08-20T00:03:20.636Z D/LiteRtLM [Thread-46] stream[key=Gemma3n4B|/data/data/com.negi.survey/files/gemma-3n-E4B-it-int4.litertlm runId=1] msg#32 snapLen=2 deltaLen=2 lead=U+29 ws=false ch=')' snapPreview=').' deltaPreview=').' emittedLen=125
2026-08-20T00:03:20.642Z D/LiteRtRepository [main] stream[rid=1 msg#32] done=false deltaLen=2 outLen=125 outPreview='{"analysis":"Incomplete answer, lacks yield loss data.","expected_answer":"Avg FAW loss over last 3 seasons (% or bags/acre).' deltaPreview=').'
2026-08-20T00:03:20.643Z D/AiViewModel [DefaultDispatcher-worker-1] run[1] chunk[32].preview=').'
2026-08-20T00:03:20.807Z D/AiViewModel [DefaultDispatcher-worker-1] run[1] chunk[33].preview='","'
2026-08-20T00:03:20.975Z D/AiViewModel [DefaultDispatcher-worker-1] run[1] chunk[34].preview='follow'
2026-08-20T00:03:21.141Z D/AiViewModel [DefaultDispatcher-worker-1] run[1] chunk[35].preview='up'
2026-08-20T00:03:21.308Z D/AiViewModel [DefaultDispatcher-worker-1] run[1] chunk[36].preview='_'
2026-08-20T00:03:21.475Z D/AiViewModel [DefaultDispatcher-worker-1] run[1] chunk[37].preview='question'
2026-08-20T00:03:21.640Z D/AiViewModel [DefaultDispatcher-worker-1] run[1] chunk[38].preview='":"'
2026-08-20T00:03:21.808Z D/AiViewModel [DefaultDispatcher-worker-1] run[1] chunk[39].preview='Can'
2026-08-20T00:03:21.973Z D/LiteRtRepository [main] stream[rid=1 msg#40] done=false deltaLen=4 outLen=155 outPreview='{"analysis":"Incomplete answer, lacks yield loss data.","expected_answer":"Avg FAW loss over last 3 seasons (% or bags/acre).","followup_question":"Can you' deltaPreview=' you'
2026-08-20T00:03:21.974Z D/AiViewModel [DefaultDispatcher-worker-1] run[1] chunk[40].preview='␠you'
2026-08-20T00:03:22.134Z D/AiViewModel [DefaultDispatcher-worker-1] run[1] chunk[41].preview='␠specify'
2026-08-20T00:03:22.325Z D/AiViewModel [DefaultDispatcher-worker-1] run[1] chunk[42].preview='␠the'
2026-08-20T00:03:22.491Z D/AiViewModel [DefaultDispatcher-worker-1] run[1] chunk[43].preview='␠units'
2026-08-20T00:03:22.659Z D/AiViewModel [DefaultDispatcher-worker-1] run[1] chunk[44].preview='␠used'
2026-08-20T00:03:22.826Z D/AiViewModel [DefaultDispatcher-worker-1] run[1] chunk[45].preview='␠for'
2026-08-20T00:03:22.991Z D/AiViewModel [DefaultDispatcher-worker-1] run[1] chunk[46].preview='␠the'
2026-08-20T00:03:23.144Z D/AiViewModel [DefaultDispatcher-worker-1] run[1] chunk[47].preview='␠yield'
2026-08-20T00:03:23.303Z D/LiteRtLM [Thread-62] stream[key=Gemma3n4B|/data/data/com.negi.survey/files/gemma-3n-E4B-it-int4.litertlm runId=1] msg#48 snapLen=5 deltaLen=5 lead=U+20 ws=true ch=' ' snapPreview=' loss' deltaPreview=' loss' emittedLen=197
2026-08-20T00:03:23.410Z D/LiteRtRepository [main] stream[rid=1 msg#48] done=false deltaLen=5 outLen=197 outPreview='{"analysis":"Incomplete answer, lacks yield loss data.","expected_answer":"Avg FAW loss over last 3 seasons (% or bags/acre).","followup_question":"Can you specify the units used f' deltaPreview=' loss'
2026-08-20T00:03:23.410Z D/AiViewModel [DefaultDispatcher-worker-1] run[1] chunk[48].preview='␠loss'
2026-08-20T00:03:23.470Z D/AiViewModel [DefaultDispatcher-worker-1] run[1] chunk[49].preview='␠estimate'
2026-08-20T00:03:23.661Z D/AiViewModel [DefaultDispatcher-worker-1] run[1] chunk[50].preview='␠('
2026-08-20T00:03:23.811Z D/AiViewModel [DefaultDispatcher-worker-1] run[1] chunk[51].preview='percent'
2026-08-20T00:03:24.095Z D/AiViewModel [DefaultDispatcher-worker-1] run[1] chunk[52].preview='␠or'
2026-08-20T00:03:24.152Z D/AiViewModel [DefaultDispatcher-worker-1] run[1] chunk[53].preview='␠bags'
2026-08-20T00:03:24.327Z D/AiViewModel [DefaultDispatcher-worker-1] run[1] chunk[54].preview='/'
2026-08-20T00:03:24.481Z D/AiViewModel [DefaultDispatcher-worker-1] run[1] chunk[55].preview='acre'
2026-08-20T00:03:24.643Z D/LiteRtRepository [main] stream[rid=1 msg#56] done=false deltaLen=2 outLen=230 outPreview='{"analysis":"Incomplete answer, lacks yield loss data.","expected_answer":"Avg FAW loss over last 3 seasons (% or bags/acre).","followup_question":"Can you specify the units used f' deltaPreview=')?'
2026-08-20T00:03:24.643Z D/AiViewModel [DefaultDispatcher-worker-1] run[1] chunk[56].preview=')?'
2026-08-20T00:03:24.816Z D/AiViewModel [DefaultDispatcher-worker-1] run[1] chunk[57].preview='","'
2026-08-20T00:03:24.995Z D/AiViewModel [DefaultDispatcher-worker-1] run[1] chunk[58].preview='score'
2026-08-20T00:03:25.143Z D/AiViewModel [DefaultDispatcher-worker-1] run[1] chunk[59].preview='":'
2026-08-20T00:03:25.327Z D/AiViewModel [DefaultDispatcher-worker-1] run[1] chunk[60].preview='2'
2026-08-20T00:03:25.479Z D/AiViewModel [DefaultDispatcher-worker-1] run[1] chunk[61].preview='0'
2026-08-20T00:03:25.643Z D/AiViewModel [DefaultDispatcher-worker-1] run[1] chunk[62].preview='}'
2026-08-20T00:03:25.804Z D/LiteRtLM [Thread-77] state[logicalDone] key='Gemma3n4B|/data/data/com.negi.survey/files/gemma-3n-E4B-it-int4.litertlm' runId=1 active=false terminated=true logicalDone=true cancel=false pendingCancel=false lastMsgAt=464881658 lastTermAt=464881821
2026-08-20T00:03:25.806Z D/LiteRtLM [Thread-77] state[nativeDone] key='Gemma3n4B|/data/data/com.negi.survey/files/gemma-3n-E4B-it-int4.litertlm' runId=1 active=false terminated=true logicalDone=true cancel=false pendingCancel=false lastMsgAt=464881658 lastTermAt=464881821
2026-08-20T00:03:25.810Z D/LiteRtRepository [main] [1] logical done=true; waiting native cleanup
2026-08-20T00:03:25.812Z D/LiteRtRepository [main] [1] native cleanup safepoint
2026-08-20T00:03:25.814Z D/SLM [slm-jni] resetConversation: model='Gemma3n4B' image=false audio=false
2026-08-20T00:03:25.817Z D/LiteRtRepository [DefaultDispatcher-worker-1] [1] resetConversation ok after safepoint
2026-08-20T00:03:25.820Z D/LiteRtRepository [DefaultDispatcher-worker-6] [part=000] [1] FINALIZE: native-terminated
=== AI TRACE STATS (LiteRtRepository) ===
rid=1 model='Gemma3n4B' reason=native-terminated
totalMs=14039 inferenceMs=14031 firstTokenMs=3587
logicalDone=true logicalDoneAt=464881827
nativeTerminated=true cancelTag='null'
lastDeltaMsAgo=178 lastEventMsAgo=8
chunks=62 emittedChars=243 capturedAll=true out.len=243
=== OUTPUT (FULL) ===
{"analysis":"Incomplete answer, lacks yield loss data.","expected_answer":"Avg FAW loss over last 3 seasons (% or bags/acre).","followup_question":"Can you specify the units used for the yield loss estimate (percent or bags/acre)?","score":20}
2026-08-20T00:03:25.822Z D/AiViewModel [DefaultDispatcher-worker-4] run[1] stats: chunks=62, chars=243, raw.len=243
2026-08-20T00:03:25.824Z D/AiViewModel [DefaultDispatcher-worker-4] run[1] sha(raw)=7c2263456998b9b83e270633fd85a9f9c8710735f6293240eb36097ee9b04ed2
2026-08-20T00:03:25.825Z D/AiViewModel [DefaultDispatcher-worker-4] run[1] rawVisible='{"analysis":"Incomplete␠answer,␠lacks␠yield␠loss␠data.","expected_answer":"Avg␠FAW␠loss␠over␠last␠3␠seasons␠(%␠or␠bags/acre).","followup_question":"Can␠you␠specify␠the␠units␠used␠for␠the␠yield␠loss␠estimate␠(percent␠or␠bags/acre)?","score":'
2026-08-20T00:03:25.847Z D/AiViewModel [DefaultDispatcher-worker-4] run[1]: EVAL_JSON parsed score=20 followups=1 fu0='Can␠you␠specify␠the␠units␠used␠for␠the␠yield␠loss␠estimate␠(percent␠or␠bags/acre)?'
2026-08-20T00:03:25.848Z D/AiViewModel [DefaultDispatcher-worker-4] stepHistory+ runId=1 phase=ONE_STEP mode=EVAL_JSON raw.len=243 score=20 FU=1 FU0='Can␠you␠specify␠the␠units␠used␠for␠the␠yield␠loss␠estimate␠(percent␠or␠bags/acre)?' timeout=false err=null
2026-08-20T00:03:25.849Z I/AiViewModel [DefaultDispatcher-worker-4] run[1] done: phase=ONE_STEP mode=EVAL_JSON score=20 FU0.len=82 FU0.sha16=56f291802ad38b12 commit=true err=<none>
2026-08-20T00:03:25.850Z I/FullTextOut [DefaultDispatcher-worker-4] [part=000] run[1]: RawTextOut
{"analysis":"Incomplete answer, lacks yield loss data.","expected_answer":"Avg FAW loss over last 3 seasons (% or bags/acre).","followup_question":"Can you specify the units used for the yield loss estimate (percent or bags/acre)?","score":20}
2026-08-20T00:03:25.904Z I/AiScreen [main] Follow-up persisted (context=sid=1|nid=Q1 node=Q1 runId=1 phase=ONE_STEP twoStep=false mode=EVAL_JSON len=82 sha6=56f291802ad3 displayedAsPlain=false)
2026-08-20T00:03:25.904Z D/AiScreen [main] Follow-up preview (debug) node=Q1 runId=1 preview="Can you specify the units used for the yield loss estimate (percent or bags/acre)?"
2026-08-20T00:03:25.904Z D/AiScreen [main] Step rendered (context=sid=1|nid=Q1 node=Q1 runId=1 phase=ONE_STEP mode=EVAL_JSON showJson=true rawLen=243 followups=1 timedOut=false twoStep=false)
2026-08-20T00:03:26.086Z D/LiteRtLM [DefaultDispatcher-worker-4] resetConversationInternal done: key='Gemma3n4B|/data/data/com.negi.survey/files/gemma-3n-E4B-it-int4.litertlm' reason='resetConversation'
2026-08-20T00:03:43.096Z D/AiScreen [main] Speech started (node=Q1 role=FOLLOWUP)
2026-08-20T00:03:47.222Z D/AiScreen [main] Speech finished with empty/no-change (node=Q1 role=FOLLOWUP)
2026-08-20T00:03:47.371Z D/SurveyVM [DefaultDispatcher-worker-4] addAudioRef -> q=Q1, file=voice_ab2cb127-ed9f-45a6-b8a3-a2c8fa21dfb6_Q1_20260820_000347.wav, sid=ab2cb127-ed9f-45a6-b8a3-a2c8fa21dfb6
2026-08-20T00:03:47.371Z D/SurveyVM [DefaultDispatcher-worker-4] onVoiceExported -> q=Q1, file=voice_ab2cb127-ed9f-45a6-b8a3-a2c8fa21dfb6_Q1_20260820_000347.wav, replace=false
2026-08-20T00:03:47.407Z D/AiScreen [main] Speech started (node=Q1 role=FOLLOWUP)
2026-08-20T00:04:46.435Z D/SurveyVM [main] push -> Q2, navSize=3, stackSize=3
2026-08-20T00:04:46.449Z D/SurveyVM [main] hasTwoStepPrompt[Q2] -> false (eval=0, fu=0)
2026-08-20T00:04:48.240Z D/SurveyVM [main] backToPrevious -> Q1 (runActive=true, uiLen=0, runLen=0, draftLen=0)
