=== RuntimeLogStore Header ===
ts=2026-08-20T00:08:34.684Z
fileNameFormat=LEGACY
appId=com.negi.survey
versionName=0.0.1
versionCode=1
debug=true
device=Google Pixel 9a
sdk=36
pid=31832
==============================
2026-08-20T00:08:34.685Z I/RuntimeLogStore [rtlog-io] start: actor launched (fileNameFormat=LEGACY)
2026-08-20T00:08:34.647Z D/SurveyApp [main] attachBaseContext: pid=31832 process=com.negi.survey isMain=true sdk=36
2026-08-20T00:08:34.647Z D/SurveyApp [main] bootTiming: attachBaseContext total=90ms
2026-08-20T00:08:34.647Z D/SurveyApp [main] Skipping WorkManager init in attachBaseContext; will init lazily on first enqueue.
2026-08-20T00:08:34.651Z D/SurveyApp [main] CrashCapture installed: where=SurveyApp:attachBaseContext
2026-08-20T00:08:34.692Z I/RuntimeLogStore [main] start repair: ctx/dir refreshed
2026-08-20T00:08:34.693Z D/SurveyApp [main] bootTiming: RuntimeLogStore.start took=0ms
2026-08-20T00:08:34.693Z D/SurveyApp [main] bootTiming: AppRingLogStore.install took=0ms
2026-08-20T00:08:34.693Z D/SurveyApp [main] onCreate: pid=31832 process=com.negi.survey isMain=true sdk=36
2026-08-20T00:08:34.696Z D/SurveyApp [main] CrashCapture installed: where=SurveyApp:onCreate(rewrap)
2026-08-20T00:08:34.697Z D/SurveyApp [main] CrashCapture self-healing registered.
2026-08-20T00:08:34.697Z W/SurveyApp [main] Startup enqueues deferred: delay=2500ms (to reduce init contention)
2026-08-20T00:08:34.697Z D/SurveyApp [main] bootTiming: onCreate total=5ms
2026-08-20T00:08:37.198Z W/SurveyApp [main] Deferred startup enqueues begin...
2026-08-20T00:08:37.298Z D/SurveyApp [main] WorkManager available. where=startupRtLogs(immediate) took=98ms
2026-08-20T00:08:37.314Z D/SurveyApp [main] Startup runtime logs target -> owner=ishizuki-tech repo=SurveyExports branch=main base='/diagnostics/runtime_logs'
2026-08-20T00:08:37.361Z D/SurveyApp [main] Startup runtime logs: enqueue requested (immediate).
2026-08-20T00:08:37.362Z D/SurveyApp [main] WorkManager available. where=startupRingLogs(immediate) took=0ms
2026-08-20T00:08:37.369Z D/SurveyApp [main] Startup ring logs target -> owner=ishizuki-tech repo=SurveyExports branch=main base='/diagnostics/applog_ring'
2026-08-20T00:08:37.375Z D/SurveyApp [main] Startup ring logs: enqueue requested (immediate).
2026-08-20T00:08:37.376Z D/SurveyApp [main] WorkManager available. where=enqueuePending(immediate) took=0ms
2026-08-20T00:08:37.377Z D/SurveyApp [main] CrashCapture pending uploads requested (immediate).
2026-08-20T00:08:37.377Z W/SurveyApp [main] Deferred startup enqueues done: took=180ms
2026-08-20T00:08:40.089Z I/RuntimeLogStore [DefaultDispatcher-worker-9] start repair: ctx/dir refreshed
