=== RuntimeLogStore Header ===
ts=2026-09-24T00:39:29.292Z
fileNameFormat=LEGACY
appId=com.negi.survey
versionName=0.0.1
versionCode=1
debug=true
device=Google Pixel 9a
sdk=36
pid=25849
==============================
2026-09-24T00:39:29.292Z I/RuntimeLogStore [rtlog-io] --- rotated (reason=plain_snapshot:receiver_my_package_repl) ---
2026-09-24T00:39:29.862Z W/SurveyApp [main] Deferred startup enqueues begin...
2026-09-24T00:39:29.865Z D/SurveyApp [main] WorkManager available. where=startupRtLogs(immediate) took=0ms
2026-09-24T00:39:29.877Z D/SurveyApp [main] Startup runtime logs target -> owner=ishizuki-tech repo=SurveyExports branch=main base='/diagnostics/runtime_logs'
2026-09-24T00:39:29.887Z D/SurveyApp [main] Startup runtime logs: enqueue requested (immediate).
2026-09-24T00:39:29.888Z D/SurveyApp [main] WorkManager available. where=startupRingLogs(immediate) took=0ms
2026-09-24T00:39:29.896Z D/SurveyApp [main] Startup ring logs target -> owner=ishizuki-tech repo=SurveyExports branch=main base='/diagnostics/applog_ring'
2026-09-24T00:39:29.901Z D/SurveyApp [main] Startup ring logs: enqueue requested (immediate).
2026-09-24T00:39:29.902Z D/SurveyApp [main] WorkManager available. where=enqueuePending(immediate) took=0ms
2026-09-24T00:39:29.904Z D/SurveyApp [main] CrashCapture pending uploads requested (immediate).
2026-09-24T00:39:29.905Z W/SurveyApp [main] Deferred startup enqueues done: took=43ms
