=== Previous Session Logcat ===
captured_time_utc=20260924_004848
captured_time_local=20260923_174848
marker=2026-09-23 17:39:30.091
preferred_prev_pid=-1
note=best-effort; buffers may be overwritten before next start
sdk=36
device=Google Pixel 9a
appId=com.negi.survey
versionName=0.0.1
versionCode=1

=== Logcat (since marker) ===
--------- beginning of main
09-23 17:40:53.117 25849 25849 D MainActivity: DownloadGate retry. session=survey_config10.yaml@1
09-23 17:40:53.139 25849 25984 I HeavyInitializer: phase=download-start file=gemma-3n-E4B-it-int4.litertlm forceFresh=false
09-23 17:40:53.498 25849 25984 W HttpUrlFileDl: Attempt 1 failed: IOException: HEAD HTTP 401
09-23 17:40:53.499 25849 25984 W HttpUrlFileDl: Retrying in 723ms...
09-23 17:40:54.422 25849 25984 W HttpUrlFileDl: Attempt 2 failed: IOException: HEAD HTTP 401
09-23 17:40:54.422 25849 25984 W HttpUrlFileDl: Retrying in 1095ms...
09-23 17:40:55.753 25849 25984 W HttpUrlFileDl: Attempt 3 failed: IOException: HEAD HTTP 401
09-23 17:40:55.755 25849 25984 W HeavyInitializer: phase=failed file=gemma-3n-E4B-it-int4.litertlm message=Authorization failed (HF token?) totalMs=2618
09-23 17:40:55.755 25849 25984 W HeavyInitializer: java.io.IOException: Download failed after 3 attempts: HEAD HTTP 401
09-23 17:40:55.755 25849 25984 W HeavyInitializer: 	at com.negi.survey.net.HttpUrlFileDownloader$downloadToFile$3.invokeSuspend(HttpUrlFileDownloader.kt:660)
09-23 17:40:55.755 25849 25984 W HeavyInitializer: 	at kotlin.coroutines.jvm.internal.BaseContinuationImpl.resumeWith(ContinuationImpl.kt:34)
09-23 17:40:55.755 25849 25984 W HeavyInitializer: 	at kotlinx.coroutines.DispatchedTask.run(DispatchedTask.kt:100)
09-23 17:40:55.755 25849 25984 W HeavyInitializer: 	at kotlinx.coroutines.internal.LimitedDispatcher$Worker.run(LimitedDispatcher.kt:124)
09-23 17:40:55.755 25849 25984 W HeavyInitializer: 	at kotlinx.coroutines.scheduling.TaskImpl.run(Tasks.kt:89)
09-23 17:40:55.755 25849 25984 W HeavyInitializer: 	at kotlinx.coroutines.scheduling.CoroutineScheduler.runSafely(CoroutineScheduler.kt:586)
09-23 17:40:55.755 25849 25984 W HeavyInitializer: 	at kotlinx.coroutines.scheduling.CoroutineScheduler$Worker.executeTask(CoroutineScheduler.kt:798)
09-23 17:40:55.755 25849 25984 W HeavyInitializer: 	at kotlinx.coroutines.scheduling.CoroutineScheduler$Worker.runWorker(CoroutineScheduler.kt:717)
09-23 17:40:55.755 25849 25984 W HeavyInitializer: 	at kotlinx.coroutines.scheduling.CoroutineScheduler$Worker.run(CoroutineScheduler.kt:704)
09-23 17:40:55.755 25849 25984 W HeavyInitializer: Caused by: java.io.IOException: HEAD HTTP 401
09-23 17:40:55.755 25849 25984 W HeavyInitializer: 	at com.negi.survey.net.HttpUrlFileDownloader.headProbe(HttpUrlFileDownloader.kt:1827)
09-23 17:40:55.755 25849 25984 W HeavyInitializer: 	at com.negi.survey.net.HttpUrlFileDownloader.headProbeSmart(HttpUrlFileDownloader.kt:1696)
09-23 17:40:55.755 25849 25984 W HeavyInitializer: 	at com.negi.survey.net.HttpUrlFileDownloader.access$headProbeSmart(HttpUrlFileDownloader.kt:76)
09-23 17:40:55.755 25849 25984 W HeavyInitializer: 	at com.negi.survey.net.HttpUrlFileDownloader$downloadToFile$3.invokeSuspend(HttpUrlFileDownloader.kt:170)
09-23 17:40:55.755 25849 25984 W HeavyInitializer: 	... 8 more
09-23 17:48:44.640 26148 26148 I Zygote  : Process 26148 created for com.negi.survey
09-23 17:48:44.641 26148 26148 I com.negi.survey: Late-enabling -Xcheck:jni
09-23 17:48:44.699 26148 26148 I com.negi.survey: Using CollectorTypeCMC GC.
09-23 17:48:44.720 26148 26148 D nativeloader: Load libframework-connectivity-tiramisu-jni.so using APEX ns com_android_tethering for caller /apex/com.android.tethering/javalib/framework-connectivity-t.jar: ok
09-23 17:48:44.765 26148 26148 D ApplicationLoaders: Returning zygote-cached class loader: /system_ext/framework/androidx.window.extensions.jar
09-23 17:48:44.765 26148 26148 D ApplicationLoaders: Returning zygote-cached class loader: /system_ext/framework/androidx.window.sidecar.jar
09-23 17:48:45.619 26148 26148 D nativeloader: Configuring clns-9 for other apk /data/app/~~uR9IwspszO1GVSsCd5KHKA==/com.negi.survey-Kz6SUSpyRwBIsN_n7PiWlQ==/base.apk. target_sdk_version=36, uses_libraries=libOpenCL.so:libOpenCL-pixel.so, library_path=/data/app/~~uR9IwspszO1GVSsCd5KHKA==/com.negi.survey-Kz6SUSpyRwBIsN_n7PiWlQ==/lib/arm64:/data/app/~~uR9IwspszO1GVSsCd5KHKA==/com.negi.survey-Kz6SUSpyRwBIsN_n7PiWlQ==/base.apk!/lib/arm64-v8a, permitted_path=/data:/mnt/expand:/data/user/0/com.negi.survey
09-23 17:48:45.626 26148 26148 V GraphicsEnvironment: Currently set values for:
09-23 17:48:45.626 26148 26148 V GraphicsEnvironment:   angle_gl_driver_selection_pkgs=[com.android.angle]
09-23 17:48:45.626 26148 26148 V GraphicsEnvironment:   angle_gl_driver_selection_values=[angle]
09-23 17:48:45.626 26148 26148 V GraphicsEnvironment: com.negi.survey is not listed in per-application setting
09-23 17:48:45.626 26148 26148 V GraphicsEnvironment: No special selections for ANGLE, returning default driver choice
09-23 17:48:45.626 26148 26148 V GraphicsEnvironment: Neither updatable production driver nor prerelease driver is supported.
09-23 17:48:45.668 26148 26148 D nativeloader: Load /data/app/~~uR9IwspszO1GVSsCd5KHKA==/com.negi.survey-Kz6SUSpyRwBIsN_n7PiWlQ==/base.apk!/lib/arm64-v8a/liblitertlm_jni.so using class loader ns clns-9 (caller=/data/app/~~uR9IwspszO1GVSsCd5KHKA==/com.negi.survey-Kz6SUSpyRwBIsN_n7PiWlQ==/base.apk!classes10.dex): ok
09-23 17:48:45.668 26148 26148 D SurveyApp: Loaded LiteRTLM JNI: litertlm_jni where=attachBaseContext
09-23 17:48:45.682 26148 26148 D AppRingLogStore: installed: dir=/data/user/0/com.negi.survey/files/diagnostics/applog_ring idx=0
09-23 17:48:45.682 26148 26148 D SurveyApp: attachBaseContext: pid=26148 process=com.negi.survey isMain=true sdk=36
09-23 17:48:45.683 26148 26148 D SurveyApp: bootTiming: attachBaseContext total=41ms
09-23 17:48:45.683 26148 26148 D SurveyApp: Skipping WorkManager init in attachBaseContext; will init lazily on first enqueue.
09-23 17:48:45.685 26148 26148 D CrashCapture: install: ensured default handler. where=SurveyApp:attachBaseContext pid=26148 default=com.negi.survey.CrashCapture$CrashHandler@c39f91f
09-23 17:48:45.685 26148 26148 D SurveyApp: CrashCapture installed: where=SurveyApp:attachBaseContext
09-23 17:48:45.699 26148 26148 E com.negi.survey: hiddenapi: Accessing hidden method Landroid/net/ssl/EchConfigMismatchException;->getRetryConfigList()Landroid/net/ssl/EchConfigList; (runtime_flags=0, domain=core-platform, api=blocked) from /data/app/~~uR9IwspszO1GVSsCd5KHKA==/com.negi.survey-Kz6SUSpyRwBIsN_n7PiWlQ==/base.apk!classes17.dex (domain=app, TargetSdkVersion=36) using linking: denied
09-23 17:48:45.700 26148 26148 E com.negi.survey: hiddenapi: Accessing hidden method Landroid/net/ssl/EchConfigList;->toBytes()[B (runtime_flags=0, domain=core-platform, api=blocked) from /data/app/~~uR9IwspszO1GVSsCd5KHKA==/com.negi.survey-Kz6SUSpyRwBIsN_n7PiWlQ==/base.apk!classes17.dex (domain=app, TargetSdkVersion=36) using linking: denied
09-23 17:48:45.700 26148 26148 E com.negi.survey: hiddenapi: Accessing hidden method Landroid/net/ssl/EchConfigList;->fromBytes([B)Landroid/net/ssl/EchConfigList; (runtime_flags=0, domain=core-platform, api=blocked) from /data/app/~~uR9IwspszO1GVSsCd5KHKA==/com.negi.survey-Kz6SUSpyRwBIsN_n7PiWlQ==/base.apk!classes17.dex (domain=app, TargetSdkVersion=36) using linking: denied
09-23 17:48:45.700 26148 26148 E com.negi.survey: hiddenapi: Accessing hidden method Landroid/net/ssl/SSLSockets;->setEchConfigList(Ljavax/net/ssl/SSLSocket;Landroid/net/ssl/EchConfigList;)V (runtime_flags=0, domain=core-platform, api=blocked) from /data/app/~~uR9IwspszO1GVSsCd5KHKA==/com.negi.survey-Kz6SUSpyRwBIsN_n7PiWlQ==/base.apk!classes17.dex (domain=app, TargetSdkVersion=36) using linking: denied
09-23 17:48:45.709 26148 26233 D RuntimeLogStore: openWriter: start -> /data/user/0/com.negi.survey/files/diagnostics/runtime_logs/rtlog_20260924_004845_678_pid26148_seq1.log (bytes=0 format=LEGACY)
09-23 17:48:45.710 26148 26148 D SurveyApp: LiteRTLM JNI already loaded; skip. where=onCreate(retry)
09-23 17:48:45.710 26148 26148 D SurveyApp: bootTiming: RuntimeLogStore.start took=0ms
09-23 17:48:45.710 26148 26148 D SurveyApp: bootTiming: AppRingLogStore.install took=0ms
09-23 17:48:45.710 26148 26148 D SurveyApp: onCreate: pid=26148 process=com.negi.survey isMain=true sdk=36
09-23 17:48:45.711 26148 26233 D RuntimeLogStore: retention: start files=2 kept=2 totalBytes=1743
09-23 17:48:45.718 26148 26148 D CrashCapture: install: ensured default handler. where=SurveyApp:onCreate(rewrap) pid=26148 default=com.negi.survey.CrashCapture$CrashHandler@c39f91f
09-23 17:48:45.718 26148 26148 D SurveyApp: CrashCapture installed: where=SurveyApp:onCreate(rewrap)
09-23 17:48:45.718 26148 26148 D CrashCapture: registerSelfHealing: ActivityLifecycleCallbacks registered. mode=onResumedOnly
09-23 17:48:45.718 26148 26148 D SurveyApp: CrashCapture self-healing registered.
09-23 17:48:45.718 26148 26148 W SurveyApp: Startup enqueues deferred: delay=2500ms (to reduce init contention)
09-23 17:48:45.719 26148 26148 D SurveyApp: Startup survey recovery deferred: delay=2500ms
09-23 17:48:45.719 26148 26148 D SurveyApp: bootTiming: onCreate total=10ms
09-23 17:48:45.778 26148 26235 I UploadRescheduleRcvr: Survey recovery action=android.intent.action.MY_PACKAGE_REPLACED discovered=0 reconciled=0 duplicates=0 unclassified=0 operationalFailures=0 classifications={}
09-23 17:48:45.781 26148 26235 D UploadRescheduleRcvr: No generic GitHub pending files for action=android.intent.action.MY_PACKAGE_REPLACED
09-23 17:48:45.858 26148 26235 D github_upload: enqueueStartupRuntimeLogsUpload: uniqueName=upload_runtime_logs_startup policy=KEEP session=startup_runtime_20260924_004845_bd7f855e
09-23 17:48:46.018 26148 26235 D WM-PackageManagerHelper: Skipping component enablement for androidx.work.impl.background.systemjob.SystemJobService
09-23 17:48:46.018 26148 26235 D WM-Schedulers: Created SystemJobScheduler and enabled SystemJobService
09-23 17:48:46.036 26148 26240 D WM-ForceStopRunnable: Is default app process = true
09-23 17:48:46.038 26148 26240 D WM-ForceStopRunnable: Performing cleanup operations.
09-23 17:48:46.073 26148 26235 D UploadRescheduleRcvr: Enqueued runtime logs upload for action=android.intent.action.MY_PACKAGE_REPLACED reason=receiver_my_package_replaced
09-23 17:48:46.293 26148 26242 D WM-SystemJobScheduler: Scheduling work ID 11950b0c-2187-4de5-8725-9863cc27c207Job ID 4
09-23 17:48:46.308 26148 26242 D WM-GreedyScheduler: Starting tracking for 11950b0c-2187-4de5-8725-9863cc27c207
09-23 17:48:46.314 26148 26148 D WM-SystemJobService: onStartJob for WorkGenerationalId(workSpecId=11950b0c-2187-4de5-8725-9863cc27c207, generation=0)
09-23 17:48:46.369 26148 26243 D WM-Processor: Processor: processing WorkGenerationalId(workSpecId=11950b0c-2187-4de5-8725-9863cc27c207, generation=0)
09-23 17:48:46.432 26148 26148 D WM-WorkerWrapper: Starting work for com.negi.survey.net.GitHubUploadWorker
09-23 17:48:46.438 26148 26243 D WM-WorkConstraintsTrack: NetworkRequestConstraintController register shared callback
09-23 17:48:46.461 26148 26243 D WM-PackageManagerHelper: androidx.work.impl.background.systemalarm.RescheduleReceiver enabled
09-23 17:48:46.461 26148 26244 D WM-WorkConstraintsTrack: NetworkRequestConstraintController onCapabilitiesChanged callback
09-23 17:48:46.462 26148 26244 D WM-WorkConstraintsTrack: Not dispatching constraint state yet: isBlocked=null, capabilitiesInitialized=true
09-23 17:48:46.462 26148 26244 D WM-WorkConstraintsTrack: NetworkRequestConstraintController onBlockedStatusChanged callback false
09-23 17:48:46.475 26148 26243 I WM-Processor: Moving WorkSpec (11950b0c-2187-4de5-8725-9863cc27c207) to the foreground
09-23 17:48:46.498 26148 26243 D WM-GreedyScheduler: Constraints met: Scheduling work ID WorkGenerationalId(workSpecId=11950b0c-2187-4de5-8725-9863cc27c207, generation=0)
09-23 17:48:46.501 26148 26148 I WM-SystemFgDispatcher: Started foreground service Intent { act=ACTION_START_FOREGROUND xflg=0x4 cmp=com.negi.survey/androidx.work.impl.foreground.SystemForegroundService (has extras) }
09-23 17:48:46.502 26148 26148 D WM-SystemFgDispatcher: Notifying with (id:9712, workSpecId: 11950b0c-2187-4de5-8725-9863cc27c207, notificationType :1)
09-23 17:48:46.503 26148 26243 D WM-Processor: Work WorkGenerationalId(workSpecId=11950b0c-2187-4de5-8725-9863cc27c207, generation=0) is already enqueued for processing
09-23 17:48:46.503 26148 26243 D WM-WorkProgressUpdater: Updating progress for 11950b0c-2187-4de5-8725-9863cc27c207 (Data {pct : 3, mode : startup_runtime_logs})
09-23 17:48:46.509 26148 26148 D WM-SystemFgDispatcher: Notifying with (id:9712, workSpecId: 11950b0c-2187-4de5-8725-9863cc27c207, notificationType :1)
09-23 17:48:46.510 26148 26243 I WM-Processor: Moving WorkSpec (11950b0c-2187-4de5-8725-9863cc27c207) to the foreground
09-23 17:48:46.512 26148 26243 D WM-WorkConstraintsTrack: NetworkRequestConstraintController send initial capabilities
09-23 17:48:46.514 26148 26148 D WM-SystemFgDispatcher: Notifying with (id:9712, workSpecId: 11950b0c-2187-4de5-8725-9863cc27c207, notificationType :1)
09-23 17:48:47.726 26148 26233 D RuntimeLogStore: openWriter: rotate:plain_snapshot:receiver_my_package_repl -> /data/user/0/com.negi.survey/files/diagnostics/runtime_logs/rtlog_20260924_004847_722_pid26148_seq2.log (bytes=0 format=LEGACY)
09-23 17:48:47.729 26148 26233 D RuntimeLogStore: retention: rotate:plain_snapshot:receiver_my_package_repl files=3 kept=3 totalBytes=3544
09-23 17:48:47.762 26148 26235 D github_upload: doRuntimeLogsUpload: remoteBaseDir=diagnostics/runtime_logs/2026-09-24/runtime_logs_startup_runtime_20260924_004845_bd7f855e_receiver_my_package_repl toUpload=2 bytes=3208 dedupe=true deleteSource=true deletedSourcePre=0 preview='runtime_log_20260924_004847_736_pid26148_receiver_my_package_repl__rtlog_20260924_004845_678_pid26148_seq1.log|runtime_log_20260924_004847_736_pid26148_receiver_my_package_repl__rtlog_20260924_003929_287_pid25849_seq2.log'
09-23 17:48:47.776 26148 26235 D GitHubUploader: uploadStream: owner=ishizuki-tech repo=SurveyExports branch=main path=diagnostics/runtime_logs/2026-09-24/runtime_logs_startup_runtime_20260924_004845_bd7f855e_receiver_my_package_repl/runtime_log_20260924_004847_736_pid26148_receiver_my_package_repl__rtlog_20260924_004845_678_pid26148_seq1.log size=1782 maxRawBytesHint=1000000 maxRequestBytesHint=2800000
09-23 17:48:47.778 26148 26243 D WM-WorkProgressUpdater: Updating progress for 11950b0c-2187-4de5-8725-9863cc27c207 (Data {pct : 10, mode : startup_runtime_logs})
09-23 17:48:47.806 26148 26242 I WM-Processor: Moving WorkSpec (11950b0c-2187-4de5-8725-9863cc27c207) to the foreground
09-23 17:48:47.812 26148 26148 D WM-SystemFgDispatcher: Notifying with (id:9712, workSpecId: 11950b0c-2187-4de5-8725-9863cc27c207, notificationType :1)
09-23 17:48:48.220 26148 26148 W SurveyApp: Deferred startup enqueues begin...
09-23 17:48:48.225 26148 26148 D SurveyApp: WorkManager available. where=startupRtLogs(immediate) took=0ms
09-23 17:48:48.235 26148 26148 D SurveyApp: Startup runtime logs target -> owner=ishizuki-tech repo=SurveyExports branch=main base='/diagnostics/runtime_logs'
09-23 17:48:48.243 26148 26241 D WM-WorkProgressUpdater: Updating progress for 11950b0c-2187-4de5-8725-9863cc27c207 (Data {pct : 14, mode : startup_runtime_logs})
09-23 17:48:48.243 26148 26148 D github_upload: enqueueStartupRuntimeLogsUpload: uniqueName=upload_runtime_logs_startup policy=KEEP session=startup_runtime_20260924_004848_c41ffb57
09-23 17:48:48.244 26148 26148 D SurveyApp: Startup runtime logs: enqueue requested (immediate).
09-23 17:48:48.245 26148 26148 D SurveyApp: WorkManager available. where=startupRingLogs(immediate) took=0ms
09-23 17:48:48.254 26148 26148 D SurveyApp: Startup ring logs target -> owner=ishizuki-tech repo=SurveyExports branch=main base='/diagnostics/applog_ring'
09-23 17:48:48.258 26148 26148 D github_upload: enqueueStartupRingLogsUpload: uniqueName=upload_ring_logs_startup policy=KEEP session=startup_ring_20260924_004848_8c23bf44
09-23 17:48:48.259 26148 26148 D SurveyApp: Startup ring logs: enqueue requested (immediate).
09-23 17:48:48.260 26148 26148 D SurveyApp: WorkManager available. where=enqueuePending(immediate) took=0ms
09-23 17:48:48.262 26148 26148 D SurveyApp: CrashCapture pending uploads requested (immediate).
09-23 17:48:48.262 26148 26148 W SurveyApp: Deferred startup enqueues done: took=43ms
09-23 17:48:48.264 26148 26267 D CrashCapture: enqueuePendingCrashUploadsIfPossible enter where=SurveyApp:enqueuePending(immediate):bg pid=26148 thread=CrashCapture-Enqueue
09-23 17:48:48.265 26148 26236 D SurveyApp: Survey recovery WorkManager available. where=startupSurveyUploads(initial) took=0ms
09-23 17:48:48.285 26148 26236 D SurveyApp: Startup survey recovery complete: discovered=0 attempted=0 submitted=0 active=0 trackerUnconfirmed=0 uploaded=0 deferred=0 invalid=0 operationalFailures=0 duplicates=0 unclassified=0
09-23 17:48:48.289 26148 26241 I WM-Processor: Moving WorkSpec (11950b0c-2187-4de5-8725-9863cc27c207) to the foreground
09-23 17:48:48.303 26148 26148 D WM-SystemFgDispatcher: Notifying with (id:9712, workSpecId: 11950b0c-2187-4de5-8725-9863cc27c207, notificationType :1)
09-23 17:48:48.307 26148 26241 D WM-WorkProgressUpdater: Updating progress for 11950b0c-2187-4de5-8725-9863cc27c207 (Data {pct : 50, mode : startup_runtime_logs})
09-23 17:48:48.329 26148 26241 I WM-Processor: Moving WorkSpec (11950b0c-2187-4de5-8725-9863cc27c207) to the foreground
