=== Previous Session Logcat ===
captured_time_utc=20260924_010545
captured_time_local=20260923_180545
marker=2026-09-23 18:00:33.110
preferred_prev_pid=27063
note=best-effort; buffers may be overwritten before next start
sdk=36
device=Google Pixel 9a
appId=com.negi.survey
versionName=0.0.1
versionCode=1

=== Logcat (since marker) ===
--------- beginning of system
09-23 18:00:33.727 27063 27063 W NotificationManager: Shedding notify (update) of NotificationKey[user=UserHandle{0}, pkg=com.negi.survey, tag=null, id=4399], rate limit (5.0) exceeded: input 9.743496, output would be 6.8304296
09-23 18:00:36.201 27063 27063 W NotificationManager: Shedding notify (update) of NotificationKey[user=UserHandle{0}, pkg=com.negi.survey, tag=null, id=4399], rate limit (5.0) exceeded: input 9.722729, output would be 6.1356473
09-23 18:00:39.463 27063 27063 W NotificationManager: Shedding notify (update) of NotificationKey[user=UserHandle{0}, pkg=com.negi.survey, tag=null, id=4399], rate limit (5.0) exceeded: input 9.43936, output would be 6.032172
09-23 18:00:40.692 27063 27063 W NotificationManager: Shedding notify (update) of NotificationKey[user=UserHandle{0}, pkg=com.negi.survey, tag=null, id=4399], rate limit (5.0) exceeded: input 13.296964, output would be 6.7983317
09-23 18:02:57.877 27063 27063 D InsetsController: hide(ime())
09-23 18:04:36.967 27063 27063 D InsetsController: hide(ime())
09-23 18:04:37.250 27063 27063 D InsetsController: hide(ime())
09-23 18:04:41.522 27063 27063 D InsetsController: hide(ime())
09-23 18:04:45.479 27063 27063 D InsetsController: show(ime())
09-23 18:04:45.480 27063 27063 D InsetsController: Setting requestedVisibleTypes to 511 (was 503)
09-23 18:04:45.502 27063 27063 D InsetsController: show(ime())
09-23 18:04:47.105 27063 27063 D InsetsController: show(ime())
09-23 18:04:47.106 27063 27063 D InsetsController: show(ime())
09-23 18:04:47.447 27063 27063 D InsetsController: show(ime())
09-23 18:04:47.448 27063 27063 D InsetsController: show(ime())
09-23 18:04:47.899 27063 27063 D InsetsController: show(ime())
09-23 18:04:47.907 27063 27063 D InsetsController: show(ime())
09-23 18:04:48.447 27063 27063 D InsetsController: show(ime())
09-23 18:04:48.448 27063 27063 D InsetsController: show(ime())
09-23 18:04:49.046 27063 27063 D InsetsController: show(ime())
09-23 18:04:49.047 27063 27063 D InsetsController: show(ime())
09-23 18:04:49.925 27063 27063 D InsetsController: show(ime())
09-23 18:04:49.926 27063 27063 D InsetsController: show(ime())
09-23 18:04:50.477 27063 27063 D InsetsController: show(ime())
09-23 18:04:50.477 27063 27063 D InsetsController: show(ime())
09-23 18:04:51.027 27063 27063 D InsetsController: show(ime())
09-23 18:04:51.027 27063 27063 D InsetsController: show(ime())
09-23 18:04:51.658 27063 27063 D InsetsController: show(ime())
09-23 18:04:51.659 27063 27063 D InsetsController: show(ime())
09-23 18:04:52.453 27063 27063 D InsetsController: show(ime())
09-23 18:04:52.497 27063 27063 D InsetsController: show(ime())
09-23 18:04:53.142 27063 27063 D InsetsController: hide(ime())
09-23 18:04:53.143 27063 27063 D InsetsController: Setting requestedVisibleTypes to 503 (was 511)
09-23 18:05:02.848 27063 27063 D InsetsController: hide(ime())
09-23 18:05:04.043 27063 27063 D InsetsController: hide(ime())
