=== Previous Session Logcat ===
captured_time_utc=20260924_031243
captured_time_local=20260923_201243
marker=2026-09-23 20:04:25.750
preferred_prev_pid=-1
note=best-effort; buffers may be overwritten before next start
sdk=36
device=Google Pixel 9a
appId=com.negi.survey
versionName=0.0.1
versionCode=88

=== Logcat (since marker) ===
--------- beginning of main
09-23 20:04:25.756 15639 15719 D CrashCapture: Persisted logcat marker for next run: 2026-09-23 20:04:25.750
09-23 20:04:25.758 15639 15719 D CrashCapture: GitHub hints: owner=ishizuki-tech repo=SurveyExports branch=main pathPrefix=diagnostics/crash
09-23 20:04:25.759 15639 15719 D CrashCapture: Enqueuing GitHub crash uploads… (mirror-first) where=SurveyApp:enqueuePending(immediate):bg
09-23 20:04:25.761 15639 15719 D CrashCapture: GitHub enqueue(crash file): name=prevlog_20260924_030425_pid15639.log bytes=43655 remote=prevlog_20260924_030425_pid15639.log where=SurveyApp:enqueuePending(immediate):bg
09-23 20:04:25.775 15639 15719 D CrashCapture: GitHub enqueue(crash file): name=prevlog_20260924_030350_pid15512.log bytes=17777 remote=prevlog_20260924_030350_pid15512.log where=SurveyApp:enqueuePending(immediate):bg
09-23 20:04:25.792 15639 15719 D CrashCapture: GitHub enqueue(ring file): bytes=1224 remote=ring_store/20260924_030425_pid15639_u816099/seg_00.log src=seg_00.log where=SurveyApp:enqueuePending(immediate):bg
09-23 20:04:25.794 15639 15719 D CrashCapture: Ring store enqueue done. dir=/data/user/0/com.negi.survey/files/diagnostics/applog_ring files=1 bytes=1224 capFiles=300 capBytes=90000000 where=SurveyApp:enqueuePending(immediate):bg
09-23 20:04:25.808 15639 15712 D WM-SystemJobScheduler: Scheduling work ID 2cdf93fe-ff7c-4993-af3a-cf8a3aad4079Job ID 8
09-23 20:04:25.817 15639 15712 D WM-GreedyScheduler: Starting tracking for 2cdf93fe-ff7c-4993-af3a-cf8a3aad4079
09-23 20:04:25.818 15639 15639 D WM-SystemJobService: onStartJob for WorkGenerationalId(workSpecId=2cdf93fe-ff7c-4993-af3a-cf8a3aad4079, generation=0)
09-23 20:04:25.846 15639 15712 D WM-SystemJobScheduler: Scheduling work ID 8f968370-0316-4de4-a02c-87603db89059Job ID 9
09-23 20:04:25.856 15639 15639 D WM-SystemJobService: onStartJob for WorkGenerationalId(workSpecId=8f968370-0316-4de4-a02c-87603db89059, generation=0)
09-23 20:04:25.857 15639 15712 D WM-GreedyScheduler: Starting tracking for 2cdf93fe-ff7c-4993-af3a-cf8a3aad4079,8f968370-0316-4de4-a02c-87603db89059
09-23 20:04:25.886 15639 15712 D WM-SystemJobScheduler: Scheduling work ID 3f34a8b6-a090-4ee8-a58a-7b882d8108c5Job ID 10
09-23 20:04:25.895 15639 15712 D WM-GreedyScheduler: Starting tracking for 3f34a8b6-a090-4ee8-a58a-7b882d8108c5,2cdf93fe-ff7c-4993-af3a-cf8a3aad4079,8f968370-0316-4de4-a02c-87603db89059
09-23 20:04:25.896 15639 15639 D WM-SystemJobService: onStartJob for WorkGenerationalId(workSpecId=3f34a8b6-a090-4ee8-a58a-7b882d8108c5, generation=0)
09-23 20:04:25.902 15639 15712 D WM-Processor: Processor: processing WorkGenerationalId(workSpecId=2cdf93fe-ff7c-4993-af3a-cf8a3aad4079, generation=0)
09-23 20:04:25.906 15639 15712 D WM-Processor: Processor: processing WorkGenerationalId(workSpecId=8f968370-0316-4de4-a02c-87603db89059, generation=0)
09-23 20:04:25.912 15639 15712 D WM-Processor: Processor: processing WorkGenerationalId(workSpecId=3f34a8b6-a090-4ee8-a58a-7b882d8108c5, generation=0)
09-23 20:04:25.919 15639 15639 D WM-WorkerWrapper: Starting work for com.negi.survey.net.GitHubUploadWorker
09-23 20:04:25.924 15639 15639 D WM-WorkerWrapper: Starting work for com.negi.survey.net.GitHubUploadWorker
09-23 20:04:25.935 15639 15639 D WM-WorkerWrapper: Starting work for com.negi.survey.net.GitHubUploadWorker
09-23 20:04:25.936 15639 15712 D WM-WorkConstraintsTrack: NetworkRequestConstraintController send initial capabilities
09-23 20:04:25.939 15639 15712 I WM-Processor: Moving WorkSpec (2cdf93fe-ff7c-4993-af3a-cf8a3aad4079) to the foreground
09-23 20:04:25.943 15639 15639 I WM-SystemFgDispatcher: Started foreground service Intent { act=ACTION_START_FOREGROUND xflg=0x4 cmp=com.negi.survey/androidx.work.impl.foreground.SystemForegroundService (has extras) }
09-23 20:04:25.944 15639 15639 D WM-SystemFgDispatcher: Notifying with (id:9891, workSpecId: 2cdf93fe-ff7c-4993-af3a-cf8a3aad4079, notificationType :1)
09-23 20:04:25.945 15639 15712 D WM-WorkConstraintsTrack: NetworkRequestConstraintController send initial capabilities
09-23 20:04:25.947 15639 15712 I WM-Processor: Moving WorkSpec (8f968370-0316-4de4-a02c-87603db89059) to the foreground
09-23 20:04:25.955 15639 15712 D WM-WorkConstraintsTrack: NetworkRequestConstraintController send initial capabilities
09-23 20:04:25.958 15639 15712 I WM-Processor: Moving WorkSpec (3f34a8b6-a090-4ee8-a58a-7b882d8108c5) to the foreground
09-23 20:04:25.963 15639 15724 D GitHubUploader: uploadStream: owner=ishizuki-tech repo=SurveyExports branch=main path=diagnostics/crash/2026-09-24/prevlog_20260924_030425_pid15639.log size=43655 maxRawBytesHint=1000000 maxRequestBytesHint=2800000
09-23 20:04:25.965 15639 15712 D WM-GreedyScheduler: Constraints met: Scheduling work ID WorkGenerationalId(workSpecId=2cdf93fe-ff7c-4993-af3a-cf8a3aad4079, generation=0)
09-23 20:04:25.965 15639 15705 D GitHubUploader: uploadStream: owner=ishizuki-tech repo=SurveyExports branch=main path=diagnostics/crash/2026-09-24/ring_store/20260924_030425_pid15639_u816099/seg_00.log size=1224 maxRawBytesHint=1000000 maxRequestBytesHint=2800000
09-23 20:04:25.966 15639 15712 D WM-GreedyScheduler: Constraints met: Scheduling work ID WorkGenerationalId(workSpecId=8f968370-0316-4de4-a02c-87603db89059, generation=0)
09-23 20:04:25.967 15639 15639 D WM-SystemFgDispatcher: Notifying with (id:9891, workSpecId: 2cdf93fe-ff7c-4993-af3a-cf8a3aad4079, notificationType :1)
09-23 20:04:25.967 15639 15712 D WM-GreedyScheduler: Constraints met: Scheduling work ID WorkGenerationalId(workSpecId=3f34a8b6-a090-4ee8-a58a-7b882d8108c5, generation=0)
09-23 20:04:25.970 15639 15712 D WM-Processor: Work WorkGenerationalId(workSpecId=2cdf93fe-ff7c-4993-af3a-cf8a3aad4079, generation=0) is already enqueued for processing
09-23 20:04:25.970 15639 15712 D WM-WorkProgressUpdater: Updating progress for 3f34a8b6-a090-4ee8-a58a-7b882d8108c5 (Data {pct : 0, mode : file})
09-23 20:04:25.975 15639 15712 D WM-Processor: Work WorkGenerationalId(workSpecId=8f968370-0316-4de4-a02c-87603db89059, generation=0) is already enqueued for processing
09-23 20:04:25.977 15639 15712 I WM-Processor: Moving WorkSpec (3f34a8b6-a090-4ee8-a58a-7b882d8108c5) to the foreground
09-23 20:04:25.977 15639 15639 I WM-SystemFgDispatcher: Started foreground service Intent { act=ACTION_START_FOREGROUND xflg=0x4 cmp=com.negi.survey/androidx.work.impl.foreground.SystemForegroundService (has extras) }
09-23 20:04:25.977 15639 15639 D WM-SystemFgDispatcher: Notifying with (id:9229, workSpecId: 8f968370-0316-4de4-a02c-87603db89059, notificationType :1)
09-23 20:04:25.982 15639 15712 D WM-Processor: Work WorkGenerationalId(workSpecId=3f34a8b6-a090-4ee8-a58a-7b882d8108c5, generation=0) is already enqueued for processing
09-23 20:04:25.983 15639 15706 D GitHubUploader: uploadStream: owner=ishizuki-tech repo=SurveyExports branch=main path=diagnostics/crash/2026-09-24/prevlog_20260924_030350_pid15512.log size=17777 maxRawBytesHint=1000000 maxRequestBytesHint=2800000
09-23 20:04:25.983 15639 15639 D WM-SystemFgDispatcher: Notifying with (id:9229, workSpecId: 8f968370-0316-4de4-a02c-87603db89059, notificationType :1)
09-23 20:04:25.984 15639 15712 D WM-WorkProgressUpdater: Updating progress for 2cdf93fe-ff7c-4993-af3a-cf8a3aad4079 (Data {pct : 0, mode : file})
09-23 20:04:25.988 15639 15712 I WM-Processor: Moving WorkSpec (2cdf93fe-ff7c-4993-af3a-cf8a3aad4079) to the foreground
09-23 20:04:25.989 15639 15639 I WM-SystemFgDispatcher: Started foreground service Intent { act=ACTION_START_FOREGROUND xflg=0x4 cmp=com.negi.survey/androidx.work.impl.foreground.SystemForegroundService (has extras) }
09-23 20:04:25.989 15639 15639 D WM-SystemFgDispatcher: Notifying with (id:9356, workSpecId: 3f34a8b6-a090-4ee8-a58a-7b882d8108c5, notificationType :1)
09-23 20:04:25.992 15639 15712 D WM-WorkConstraintsTrack: NetworkRequestConstraintController send initial capabilities
09-23 20:04:25.993 15639 15712 D WM-WorkProgressUpdater: Updating progress for 8f968370-0316-4de4-a02c-87603db89059 (Data {pct : 0, mode : file})
09-23 20:04:25.995 15639 15639 D WM-SystemFgDispatcher: Notifying with (id:9356, workSpecId: 3f34a8b6-a090-4ee8-a58a-7b882d8108c5, notificationType :1)
09-23 20:04:25.997 15639 15712 I WM-Processor: Moving WorkSpec (8f968370-0316-4de4-a02c-87603db89059) to the foreground
09-23 20:04:26.003 15639 15639 D WM-SystemFgDispatcher: Notifying with (id:9356, workSpecId: 3f34a8b6-a090-4ee8-a58a-7b882d8108c5, notificationType :1)
09-23 20:04:26.003 15639 15712 D WM-WorkConstraintsTrack: NetworkRequestConstraintController send initial capabilities
09-23 20:04:26.004 15639 15712 D WM-WorkConstraintsTrack: NetworkRequestConstraintController send initial capabilities
09-23 20:04:26.008 15639 15639 D WM-SystemFgDispatcher: Notifying with (id:9891, workSpecId: 2cdf93fe-ff7c-4993-af3a-cf8a3aad4079, notificationType :1)
09-23 20:04:26.015 15639 15639 D WM-SystemFgDispatcher: Notifying with (id:9229, workSpecId: 8f968370-0316-4de4-a02c-87603db89059, notificationType :1)
09-23 20:04:26.380 15639 15726 D github_upload: doRingLogsUpload: remoteBaseDir=diagnostics/applog_ring/2026-09-24/applog_ring_startup_ring_20260924_030425_ba24aebe_app_start segs=1 bytes=1224 source=/data/user/0/com.negi.survey/files/diagnostics/applog_ring snapshot=/data/user/0/com.negi.survey/cache/diagnostics_ring_upload/startup_ring_20260924_030425_ba24aebe
09-23 20:04:26.381 15639 15726 D GitHubUploader: uploadStream: owner=ishizuki-tech repo=SurveyExports branch=main path=diagnostics/applog_ring/2026-09-24/applog_ring_startup_ring_20260924_030425_ba24aebe_app_start/seg_00.log size=1224 maxRawBytesHint=1000000 maxRequestBytesHint=2800000
09-23 20:04:26.382 15639 15710 D WM-WorkProgressUpdater: Updating progress for 20b73d27-10da-4048-b647-fbbe90b1f831 (Data {pct : 10, mode : startup_ring_logs})
09-23 20:04:26.394 15639 15710 I WM-Processor: Moving WorkSpec (20b73d27-10da-4048-b647-fbbe90b1f831) to the foreground
09-23 20:04:26.405 15639 15639 D WM-SystemFgDispatcher: Notifying with (id:10247, workSpecId: 20b73d27-10da-4048-b647-fbbe90b1f831, notificationType :1)
09-23 20:04:26.405 15639 15704 D GitHubUploader: uploadStream: done url=https://github.com/ishizuki-tech/SurveyExports/blob/main/diagnostics/runtime_logs/2026-09-24/runtime_logs_startup_runtime_20260924_030423_bbf6df29_receiver_my_package_repl/plain_logs_manifest_20260924_030424_754_pid15639_receiver_my_package_repl.json sha=ebfd0f110dc8e113ed06ed1c1d9eeb79dcd41356
09-23 20:04:26.407 15639 15710 D WM-WorkProgressUpdater: Updating progress for 69d814b6-fb12-4fa4-963a-e0a0e8240571 (Data {pct : 34, mode : startup_runtime_logs})
09-23 20:04:26.415 15639 15710 I WM-Processor: Moving WorkSpec (69d814b6-fb12-4fa4-963a-e0a0e8240571) to the foreground
09-23 20:04:26.421 15639 15710 D WM-WorkProgressUpdater: Updating progress for 3f34a8b6-a090-4ee8-a58a-7b882d8108c5 (Data {pct : 10, mode : file})
09-23 20:04:26.423 15639 15704 D GitHubUploader: uploadStream: owner=ishizuki-tech repo=SurveyExports branch=main path=diagnostics/runtime_logs/2026-09-24/runtime_logs_startup_runtime_20260924_030423_bbf6df29_receiver_my_package_repl/runtime_log_20260924_030424_754_pid15639_receiver_my_package_repl__rtlog_20260924_030422_938_pid15639_seq1.log size=1784 maxRawBytesHint=1000000 maxRequestBytesHint=2800000
09-23 20:04:26.424 15639 15639 D WM-SystemFgDispatcher: Notifying with (id:5905, workSpecId: 69d814b6-fb12-4fa4-963a-e0a0e8240571, notificationType :1)
09-23 20:04:26.430 15639 15710 I WM-Processor: Moving WorkSpec (3f34a8b6-a090-4ee8-a58a-7b882d8108c5) to the foreground
09-23 20:04:26.436 15639 15710 D WM-WorkProgressUpdater: Updating progress for 3f34a8b6-a090-4ee8-a58a-7b882d8108c5 (Data {pct : 90, mode : file})
09-23 20:04:26.437 15639 15639 D WM-SystemFgDispatcher: Notifying with (id:9356, workSpecId: 3f34a8b6-a090-4ee8-a58a-7b882d8108c5, notificationType :1)
09-23 20:04:26.444 15639 15710 I WM-Processor: Moving WorkSpec (3f34a8b6-a090-4ee8-a58a-7b882d8108c5) to the foreground
09-23 20:04:26.456 15639 15710 D WM-WorkProgressUpdater: Updating progress for 69d814b6-fb12-4fa4-963a-e0a0e8240571 (Data {pct : 36, mode : startup_runtime_logs})
09-23 20:04:26.458 15639 15639 D WM-SystemFgDispatcher: Notifying with (id:9356, workSpecId: 3f34a8b6-a090-4ee8-a58a-7b882d8108c5, notificationType :1)
09-23 20:04:26.468 15639 15710 I WM-Processor: Moving WorkSpec (69d814b6-fb12-4fa4-963a-e0a0e8240571) to the foreground
09-23 20:04:26.473 15639 15639 D WM-SystemFgDispatcher: Notifying with (id:5905, workSpecId: 69d814b6-fb12-4fa4-963a-e0a0e8240571, notificationType :1)
09-23 20:04:26.475 15639 15710 D WM-WorkProgressUpdater: Updating progress for 2cdf93fe-ff7c-4993-af3a-cf8a3aad4079 (Data {pct : 10, mode : file})
09-23 20:04:26.482 15639 15710 I WM-Processor: Moving WorkSpec (2cdf93fe-ff7c-4993-af3a-cf8a3aad4079) to the foreground
09-23 20:04:26.487 15639 15710 D WM-WorkProgressUpdater: Updating progress for 2cdf93fe-ff7c-4993-af3a-cf8a3aad4079 (Data {pct : 25, mode : file})
09-23 20:04:26.489 15639 15639 D WM-SystemFgDispatcher: Notifying with (id:9891, workSpecId: 2cdf93fe-ff7c-4993-af3a-cf8a3aad4079, notificationType :1)
09-23 20:04:26.493 15639 15710 I WM-Processor: Moving WorkSpec (2cdf93fe-ff7c-4993-af3a-cf8a3aad4079) to the foreground
09-23 20:04:26.500 15639 15710 D WM-WorkProgressUpdater: Updating progress for 2cdf93fe-ff7c-4993-af3a-cf8a3aad4079 (Data {pct : 40, mode : file})
09-23 20:04:26.500 15639 15639 D WM-SystemFgDispatcher: Notifying with (id:9891, workSpecId: 2cdf93fe-ff7c-4993-af3a-cf8a3aad4079, notificationType :1)
09-23 20:04:26.506 15639 15710 I WM-Processor: Moving WorkSpec (2cdf93fe-ff7c-4993-af3a-cf8a3aad4079) to the foreground
09-23 20:04:26.510 15639 15710 D WM-WorkProgressUpdater: Updating progress for 2cdf93fe-ff7c-4993-af3a-cf8a3aad4079 (Data {pct : 55, mode : file})
09-23 20:04:26.510 15639 15639 D WM-SystemFgDispatcher: Notifying with (id:9891, workSpecId: 2cdf93fe-ff7c-4993-af3a-cf8a3aad4079, notificationType :1)
09-23 20:04:26.515 15639 15710 I WM-Processor: Moving WorkSpec (2cdf93fe-ff7c-4993-af3a-cf8a3aad4079) to the foreground
09-23 20:04:26.518 15639 15710 D WM-WorkProgressUpdater: Updating progress for 2cdf93fe-ff7c-4993-af3a-cf8a3aad4079 (Data {pct : 70, mode : file})
09-23 20:04:26.519 15639 15639 D WM-SystemFgDispatcher: Notifying with (id:9891, workSpecId: 2cdf93fe-ff7c-4993-af3a-cf8a3aad4079, notificationType :1)
09-23 20:04:26.522 15639 15710 I WM-Processor: Moving WorkSpec (2cdf93fe-ff7c-4993-af3a-cf8a3aad4079) to the foreground
09-23 20:04:26.524 15639 15710 D WM-WorkProgressUpdater: Updating progress for 2cdf93fe-ff7c-4993-af3a-cf8a3aad4079 (Data {pct : 85, mode : file})
09-23 20:04:26.528 15639 15639 D WM-SystemFgDispatcher: Notifying with (id:9891, workSpecId: 2cdf93fe-ff7c-4993-af3a-cf8a3aad4079, notificationType :1)
09-23 20:04:26.528 15639 15710 I WM-Processor: Moving WorkSpec (2cdf93fe-ff7c-4993-af3a-cf8a3aad4079) to the foreground
09-23 20:04:26.531 15639 15710 D WM-WorkProgressUpdater: Updating progress for 2cdf93fe-ff7c-4993-af3a-cf8a3aad4079 (Data {pct : 90, mode : file})
09-23 20:04:26.534 15639 15710 I WM-Processor: Moving WorkSpec (2cdf93fe-ff7c-4993-af3a-cf8a3aad4079) to the foreground
09-23 20:04:26.536 15639 15639 D WM-SystemFgDispatcher: Notifying with (id:9891, workSpecId: 2cdf93fe-ff7c-4993-af3a-cf8a3aad4079, notificationType :1)
09-23 20:04:26.542 15639 15639 D WM-SystemFgDispatcher: Notifying with (id:9891, workSpecId: 2cdf93fe-ff7c-4993-af3a-cf8a3aad4079, notificationType :1)
09-23 20:04:26.572 15639 15709 D WM-WorkProgressUpdater: Updating progress for 8f968370-0316-4de4-a02c-87603db89059 (Data {pct : 10, mode : file})
09-23 20:04:26.580 15639 15709 I WM-Processor: Moving WorkSpec (8f968370-0316-4de4-a02c-87603db89059) to the foreground
09-23 20:04:26.585 15639 15709 D WM-WorkProgressUpdater: Updating progress for 8f968370-0316-4de4-a02c-87603db89059 (Data {pct : 46, mode : file})
09-23 20:04:26.585 15639 15639 D WM-SystemFgDispatcher: Notifying with (id:9229, workSpecId: 8f968370-0316-4de4-a02c-87603db89059, notificationType :1)
09-23 20:04:26.593 15639 15709 I WM-Processor: Moving WorkSpec (8f968370-0316-4de4-a02c-87603db89059) to the foreground
09-23 20:04:26.598 15639 15639 D WM-SystemFgDispatcher: Notifying with (id:9229, workSpecId: 8f968370-0316-4de4-a02c-87603db89059, notificationType :1)
09-23 20:04:26.598 15639 15709 D WM-WorkProgressUpdater: Updating progress for 8f968370-0316-4de4-a02c-87603db89059 (Data {pct : 83, mode : file})
--------- beginning of system
09-23 20:04:26.599 15639 15639 W NotificationManager: Shedding notify (update) of NotificationKey[user=UserHandle{0}, pkg=com.negi.survey, tag=null, id=9229], rate limit (5.0) exceeded: input 9.347329, output would be 6.5523176
09-23 20:04:26.605 15639 15709 I WM-Processor: Moving WorkSpec (8f968370-0316-4de4-a02c-87603db89059) to the foreground
09-23 20:04:26.608 15639 15709 D WM-WorkProgressUpdater: Updating progress for 8f968370-0316-4de4-a02c-87603db89059 (Data {pct : 90, mode : file})
09-23 20:04:26.609 15639 15639 D WM-SystemFgDispatcher: Notifying with (id:9229, workSpecId: 8f968370-0316-4de4-a02c-87603db89059, notificationType :1)
09-23 20:04:26.612 15639 15709 I WM-Processor: Moving WorkSpec (8f968370-0316-4de4-a02c-87603db89059) to the foreground
09-23 20:04:26.614 15639 15639 D WM-SystemFgDispatcher: Notifying with (id:9229, workSpecId: 8f968370-0316-4de4-a02c-87603db89059, notificationType :1)
09-23 20:04:26.647 15639 15712 D WM-WorkProgressUpdater: Updating progress for 20b73d27-10da-4048-b647-fbbe90b1f831 (Data {pct : 19, mode : startup_ring_logs})
09-23 20:04:26.663 15639 15712 I WM-Processor: Moving WorkSpec (20b73d27-10da-4048-b647-fbbe90b1f831) to the foreground
09-23 20:04:26.672 15639 15712 D WM-WorkProgressUpdater: Updating progress for 20b73d27-10da-4048-b647-fbbe90b1f831 (Data {pct : 91, mode : startup_ring_logs})
09-23 20:04:26.673 15639 15639 D WM-SystemFgDispatcher: Notifying with (id:10247, workSpecId: 20b73d27-10da-4048-b647-fbbe90b1f831, notificationType :1)
09-23 20:04:26.685 15639 15712 I WM-Processor: Moving WorkSpec (20b73d27-10da-4048-b647-fbbe90b1f831) to the foreground
09-23 20:04:26.689 15639 15639 D WM-SystemFgDispatcher: Notifying with (id:10247, workSpecId: 20b73d27-10da-4048-b647-fbbe90b1f831, notificationType :1)
09-23 20:04:26.814 15639 15710 D WM-WorkProgressUpdater: Updating progress for 69d814b6-fb12-4fa4-963a-e0a0e8240571 (Data {pct : 38, mode : startup_runtime_logs})
09-23 20:04:26.825 15639 15710 I WM-Processor: Moving WorkSpec (69d814b6-fb12-4fa4-963a-e0a0e8240571) to the foreground
09-23 20:04:26.835 15639 15710 D WM-WorkProgressUpdater: Updating progress for 69d814b6-fb12-4fa4-963a-e0a0e8240571 (Data {pct : 60, mode : startup_runtime_logs})
09-23 20:04:26.835 15639 15639 D WM-SystemFgDispatcher: Notifying with (id:5905, workSpecId: 69d814b6-fb12-4fa4-963a-e0a0e8240571, notificationType :1)
09-23 20:04:26.844 15639 15710 I WM-Processor: Moving WorkSpec (69d814b6-fb12-4fa4-963a-e0a0e8240571) to the foreground
09-23 20:04:26.851 15639 15639 D WM-SystemFgDispatcher: Notifying with (id:5905, workSpecId: 69d814b6-fb12-4fa4-963a-e0a0e8240571, notificationType :1)
09-23 20:04:27.531 15639 15711 D WM-WorkProgressUpdater: Updating progress for 3f34a8b6-a090-4ee8-a58a-7b882d8108c5 (Data {pct : 95, mode : file})
09-23 20:04:27.532 15639 15705 D GitHubUploader: uploadStream: done url=https://github.com/ishizuki-tech/SurveyExports/blob/main/diagnostics/crash/2026-09-24/ring_store/20260924_030425_pid15639_u816099/seg_00.log sha=e7ffadb089cfc9225a66c9922f4ce7e0cbffd6c7
09-23 20:04:27.541 15639 15711 I WM-Processor: Moving WorkSpec (3f34a8b6-a090-4ee8-a58a-7b882d8108c5) to the foreground
09-23 20:04:27.550 15639 15639 D WM-SystemFgDispatcher: Notifying with (id:9356, workSpecId: 3f34a8b6-a090-4ee8-a58a-7b882d8108c5, notificationType :1)
09-23 20:04:27.552 15639 15711 I WM-Processor: Moving WorkSpec (3f34a8b6-a090-4ee8-a58a-7b882d8108c5) to the foreground
09-23 20:04:27.561 15639 15711 I WM-WorkerWrapper: Worker result SUCCESS for Work [ id=3f34a8b6-a090-4ee8-a58a-7b882d8108c5, tags={ com.negi.survey.net.GitHubUploadWorker,github_upload,github_upload:ring:diagnostics_crash_ring_store_20260924_030425_pid15639_u816099_seg_00.log_d47e0004 } ]
09-23 20:04:27.565 15639 15639 D WM-SystemFgDispatcher: Notifying with (id:9356, workSpecId: 3f34a8b6-a090-4ee8-a58a-7b882d8108c5, notificationType :1)
09-23 20:04:27.577 15639 15639 D WM-Processor: Processor 3f34a8b6-a090-4ee8-a58a-7b882d8108c5 executed; reschedule = false
09-23 20:04:27.577 15639 15639 D WM-GreedyScheduler: Stopping tracking for WorkGenerationalId(workSpecId=3f34a8b6-a090-4ee8-a58a-7b882d8108c5, generation=0)
09-23 20:04:27.578 15639 15639 D WM-SystemJobService: 3f34a8b6-a090-4ee8-a58a-7b882d8108c5 executed on JobScheduler
09-23 20:04:27.578 15639 15639 D WM-SystemFgDispatcher: Removing Notification (id: 9356, workSpecId: WorkGenerationalId(workSpecId=3f34a8b6-a090-4ee8-a58a-7b882d8108c5, generation=0), notificationType: 1
09-23 20:04:27.584 15639 15712 D WM-GreedyScheduler: Cancelling work ID 3f34a8b6-a090-4ee8-a58a-7b882d8108c5
09-23 20:04:27.586 15639 15639 D WM-SystemJobService: onStopJob for WorkGenerationalId(workSpecId=3f34a8b6-a090-4ee8-a58a-7b882d8108c5, generation=0)
09-23 20:04:28.571 15639 15711 D WM-WorkProgressUpdater: Updating progress for 8f968370-0316-4de4-a02c-87603db89059 (Data {pct : 46, mode : file})
09-23 20:04:28.580 15639 15709 I WM-Processor: Moving WorkSpec (8f968370-0316-4de4-a02c-87603db89059) to the foreground
09-23 20:04:28.588 15639 15639 D WM-SystemFgDispatcher: Notifying with (id:9229, workSpecId: 8f968370-0316-4de4-a02c-87603db89059, notificationType :1)
09-23 20:04:28.589 15639 15709 D WM-WorkProgressUpdater: Updating progress for 8f968370-0316-4de4-a02c-87603db89059 (Data {pct : 83, mode : file})
09-23 20:04:28.595 15639 15709 I WM-Processor: Moving WorkSpec (8f968370-0316-4de4-a02c-87603db89059) to the foreground
09-23 20:04:28.600 15639 15709 D WM-WorkProgressUpdater: Updating progress for 8f968370-0316-4de4-a02c-87603db89059 (Data {pct : 90, mode : file})
09-23 20:04:28.600 15639 15639 D WM-SystemFgDispatcher: Notifying with (id:9229, workSpecId: 8f968370-0316-4de4-a02c-87603db89059, notificationType :1)
09-23 20:04:28.607 15639 15709 I WM-Processor: Moving WorkSpec (8f968370-0316-4de4-a02c-87603db89059) to the foreground
09-23 20:04:28.610 15639 15639 D WM-SystemFgDispatcher: Notifying with (id:9229, workSpecId: 8f968370-0316-4de4-a02c-87603db89059, notificationType :1)
09-23 20:04:28.675 15639 15729 D ProfileInstaller: Installing profile for com.negi.survey
09-23 20:04:28.959 15639 15711 D WM-WorkProgressUpdater: Updating progress for 2cdf93fe-ff7c-4993-af3a-cf8a3aad4079 (Data {pct : 25, mode : file})
09-23 20:04:28.968 15639 15711 I WM-Processor: Moving WorkSpec (2cdf93fe-ff7c-4993-af3a-cf8a3aad4079) to the foreground
09-23 20:04:28.974 15639 15639 D WM-SystemFgDispatcher: Notifying with (id:9891, workSpecId: 2cdf93fe-ff7c-4993-af3a-cf8a3aad4079, notificationType :1)
09-23 20:04:28.975 15639 15711 D WM-WorkProgressUpdater: Updating progress for 2cdf93fe-ff7c-4993-af3a-cf8a3aad4079 (Data {pct : 40, mode : file})
09-23 20:04:28.980 15639 15711 I WM-Processor: Moving WorkSpec (2cdf93fe-ff7c-4993-af3a-cf8a3aad4079) to the foreground
09-23 20:04:28.983 15639 15711 D WM-WorkProgressUpdater: Updating progress for 2cdf93fe-ff7c-4993-af3a-cf8a3aad4079 (Data {pct : 55, mode : file})
09-23 20:04:28.986 15639 15639 D WM-SystemFgDispatcher: Notifying with (id:9891, workSpecId: 2cdf93fe-ff7c-4993-af3a-cf8a3aad4079, notificationType :1)
09-23 20:04:28.988 15639 15711 I WM-Processor: Moving WorkSpec (2cdf93fe-ff7c-4993-af3a-cf8a3aad4079) to the foreground
09-23 20:04:28.994 15639 15711 D WM-WorkProgressUpdater: Updating progress for 2cdf93fe-ff7c-4993-af3a-cf8a3aad4079 (Data {pct : 70, mode : file})
09-23 20:04:28.997 15639 15639 D WM-SystemFgDispatcher: Notifying with (id:9891, workSpecId: 2cdf93fe-ff7c-4993-af3a-cf8a3aad4079, notificationType :1)
09-23 20:04:28.997 15639 15639 W NotificationManager: Shedding notify (update) of NotificationKey[user=UserHandle{0}, pkg=com.negi.survey, tag=null, id=9891], rate limit (5.0) exceeded: input 9.9643755, output would be 6.3708673
09-23 20:04:28.998 15639 15711 I WM-Processor: Moving WorkSpec (2cdf93fe-ff7c-4993-af3a-cf8a3aad4079) to the foreground
09-23 20:04:29.002 15639 15639 D WM-SystemFgDispatcher: Notifying with (id:9891, workSpecId: 2cdf93fe-ff7c-4993-af3a-cf8a3aad4079, notificationType :1)
09-23 20:04:29.003 15639 15711 D WM-WorkProgressUpdater: Updating progress for 2cdf93fe-ff7c-4993-af3a-cf8a3aad4079 (Data {pct : 85, mode : file})
09-23 20:04:29.007 15639 15711 I WM-Processor: Moving WorkSpec (2cdf93fe-ff7c-4993-af3a-cf8a3aad4079) to the foreground
09-23 20:04:29.010 15639 15639 D WM-SystemFgDispatcher: Notifying with (id:9891, workSpecId: 2cdf93fe-ff7c-4993-af3a-cf8a3aad4079, notificationType :1)
09-23 20:04:29.011 15639 15711 D WM-WorkProgressUpdater: Updating progress for 2cdf93fe-ff7c-4993-af3a-cf8a3aad4079 (Data {pct : 90, mode : file})
09-23 20:04:29.015 15639 15711 I WM-Processor: Moving WorkSpec (2cdf93fe-ff7c-4993-af3a-cf8a3aad4079) to the foreground
09-23 20:04:29.019 15639 15639 D WM-SystemFgDispatcher: Notifying with (id:9891, workSpecId: 2cdf93fe-ff7c-4993-af3a-cf8a3aad4079, notificationType :1)
09-23 20:04:29.587 15639 15710 D WM-WorkProgressUpdater: Updating progress for 20b73d27-10da-4048-b647-fbbe90b1f831 (Data {pct : 95, mode : startup_ring_logs})
09-23 20:04:29.588 15639 15724 D GitHubUploader: uploadStream: done url=https://github.com/ishizuki-tech/SurveyExports/blob/main/diagnostics/applog_ring/2026-09-24/applog_ring_startup_ring_20260924_030425_ba24aebe_app_start/seg_00.log sha=dd6e3e0405c1a991d1a6beab248a89f30e1a3315
09-23 20:04:29.593 15639 15710 I WM-Processor: Moving WorkSpec (20b73d27-10da-4048-b647-fbbe90b1f831) to the foreground
09-23 20:04:29.600 15639 15639 D WM-SystemFgDispatcher: Notifying with (id:10247, workSpecId: 20b73d27-10da-4048-b647-fbbe90b1f831, notificationType :1)
09-23 20:04:29.600 15639 15710 I WM-Processor: Moving WorkSpec (20b73d27-10da-4048-b647-fbbe90b1f831) to the foreground
09-23 20:04:29.608 15639 15710 I WM-WorkerWrapper: Worker result SUCCESS for Work [ id=20b73d27-10da-4048-b647-fbbe90b1f831, tags={ com.negi.survey.net.GitHubUploadWorker,github_upload,github_upload:ring_logs } ]
09-23 20:04:29.611 15639 15639 D WM-SystemFgDispatcher: Notifying with (id:10247, workSpecId: 20b73d27-10da-4048-b647-fbbe90b1f831, notificationType :1)
09-23 20:04:29.618 15639 15639 D WM-Processor: Processor 20b73d27-10da-4048-b647-fbbe90b1f831 executed; reschedule = false
09-23 20:04:29.618 15639 15639 D WM-GreedyScheduler: Stopping tracking for WorkGenerationalId(workSpecId=20b73d27-10da-4048-b647-fbbe90b1f831, generation=0)
09-23 20:04:29.619 15639 15639 D WM-SystemJobService: 20b73d27-10da-4048-b647-fbbe90b1f831 executed on JobScheduler
09-23 20:04:29.619 15639 15639 D WM-SystemFgDispatcher: Removing Notification (id: 10247, workSpecId: WorkGenerationalId(workSpecId=20b73d27-10da-4048-b647-fbbe90b1f831, generation=0), notificationType: 1
09-23 20:04:29.624 15639 15639 D WM-SystemJobService: onStopJob for WorkGenerationalId(workSpecId=20b73d27-10da-4048-b647-fbbe90b1f831, generation=0)
09-23 20:04:29.624 15639 15711 D WM-GreedyScheduler: Cancelling work ID 20b73d27-10da-4048-b647-fbbe90b1f831
09-23 20:04:30.093 15639 15710 D WM-WorkProgressUpdater: Updating progress for 2cdf93fe-ff7c-4993-af3a-cf8a3aad4079 (Data {pct : 95, mode : file})
09-23 20:04:30.094 15639 15726 D GitHubUploader: uploadStream: done url=https://github.com/ishizuki-tech/SurveyExports/blob/main/diagnostics/crash/2026-09-24/prevlog_20260924_030425_pid15639.log sha=e6baf6367e8e7c10e7a5fb3a07bec18268ab6c34
09-23 20:04:30.100 15639 15710 I WM-Processor: Moving WorkSpec (2cdf93fe-ff7c-4993-af3a-cf8a3aad4079) to the foreground
09-23 20:04:30.109 15639 15710 I WM-Processor: Moving WorkSpec (2cdf93fe-ff7c-4993-af3a-cf8a3aad4079) to the foreground
09-23 20:04:30.112 15639 15639 D WM-SystemFgDispatcher: Notifying with (id:9891, workSpecId: 2cdf93fe-ff7c-4993-af3a-cf8a3aad4079, notificationType :1)
09-23 20:04:30.117 15639 15710 I WM-WorkerWrapper: Worker result SUCCESS for Work [ id=2cdf93fe-ff7c-4993-af3a-cf8a3aad4079, tags={ com.negi.survey.net.GitHubUploadWorker,github_upload,github_upload:crash:diagnostics_crash_prevlog_20260924_030425_pid15639.log_3041bfbf } ]
09-23 20:04:30.124 15639 15639 D WM-SystemFgDispatcher: Notifying with (id:9891, workSpecId: 2cdf93fe-ff7c-4993-af3a-cf8a3aad4079, notificationType :1)
09-23 20:04:30.131 15639 15639 D WM-Processor: Processor 2cdf93fe-ff7c-4993-af3a-cf8a3aad4079 executed; reschedule = false
09-23 20:04:30.131 15639 15639 D WM-GreedyScheduler: Stopping tracking for WorkGenerationalId(workSpecId=2cdf93fe-ff7c-4993-af3a-cf8a3aad4079, generation=0)
09-23 20:04:30.132 15639 15639 D WM-SystemJobService: 2cdf93fe-ff7c-4993-af3a-cf8a3aad4079 executed on JobScheduler
09-23 20:04:30.133 15639 15639 D WM-SystemFgDispatcher: Removing Notification (id: 9891, workSpecId: WorkGenerationalId(workSpecId=2cdf93fe-ff7c-4993-af3a-cf8a3aad4079, generation=0), notificationType: 1
09-23 20:04:30.138 15639 15639 D WM-SystemJobService: onStopJob for WorkGenerationalId(workSpecId=2cdf93fe-ff7c-4993-af3a-cf8a3aad4079, generation=0)
09-23 20:04:30.139 15639 15712 D WM-GreedyScheduler: Cancelling work ID 2cdf93fe-ff7c-4993-af3a-cf8a3aad4079
09-23 20:04:31.515 15639 15709 D WM-WorkProgressUpdater: Updating progress for 8f968370-0316-4de4-a02c-87603db89059 (Data {pct : 46, mode : file})
09-23 20:04:31.521 15639 15709 I WM-Processor: Moving WorkSpec (8f968370-0316-4de4-a02c-87603db89059) to the foreground
09-23 20:04:31.528 15639 15709 D WM-WorkProgressUpdater: Updating progress for 8f968370-0316-4de4-a02c-87603db89059 (Data {pct : 83, mode : file})
09-23 20:04:31.528 15639 15639 D WM-SystemFgDispatcher: Notifying with (id:9229, workSpecId: 8f968370-0316-4de4-a02c-87603db89059, notificationType :1)
09-23 20:04:31.533 15639 15709 I WM-Processor: Moving WorkSpec (8f968370-0316-4de4-a02c-87603db89059) to the foreground
09-23 20:04:31.536 15639 15709 D WM-WorkProgressUpdater: Updating progress for 8f968370-0316-4de4-a02c-87603db89059 (Data {pct : 90, mode : file})
09-23 20:04:31.538 15639 15639 D WM-SystemFgDispatcher: Notifying with (id:9229, workSpecId: 8f968370-0316-4de4-a02c-87603db89059, notificationType :1)
09-23 20:04:31.542 15639 15709 I WM-Processor: Moving WorkSpec (8f968370-0316-4de4-a02c-87603db89059) to the foreground
09-23 20:04:31.546 15639 15639 D WM-SystemFgDispatcher: Notifying with (id:9229, workSpecId: 8f968370-0316-4de4-a02c-87603db89059, notificationType :1)
09-23 20:04:32.349 15639 15710 D WM-WorkProgressUpdater: Updating progress for 69d814b6-fb12-4fa4-963a-e0a0e8240571 (Data {pct : 61, mode : startup_runtime_logs})
09-23 20:04:32.350 15639 15726 D GitHubUploader: uploadStream: done url=https://github.com/ishizuki-tech/SurveyExports/blob/main/diagnostics/runtime_logs/2026-09-24/runtime_logs_startup_runtime_20260924_030423_bbf6df29_receiver_my_package_repl/runtime_log_20260924_030424_754_pid15639_receiver_my_package_repl__rtlog_20260924_030422_938_pid15639_seq1.log sha=0fdec3c7304341f9ee4de12629e98314b86d6d59
09-23 20:04:32.359 15639 15711 I WM-Processor: Moving WorkSpec (69d814b6-fb12-4fa4-963a-e0a0e8240571) to the foreground
09-23 20:04:32.362 15639 15726 D RuntimeLogStore: deleteRolledLogFiles: deleted=1 excludeActive=true active=rtlog_20260924_030424_743_pid15639_seq2.log
09-23 20:04:32.363 15639 15726 D GitHubUploader: uploadStream: owner=ishizuki-tech repo=SurveyExports branch=main path=diagnostics/runtime_logs/2026-09-24/runtime_logs_startup_runtime_20260924_030423_bbf6df29_receiver_my_package_repl/runtime_log_20260924_030424_754_pid15639_receiver_my_package_repl__rtlog_20260924_030349_952_pid15512_seq2.log size=1428 maxRawBytesHint=1000000 maxRequestBytesHint=2800000
09-23 20:04:32.366 15639 15724 W GitHubUploader: uploadStream: 409 Conflict; refreshing SHA and retrying once.
09-23 20:04:32.366 15639 15639 D WM-SystemFgDispatcher: Notifying with (id:5905, workSpecId: 69d814b6-fb12-4fa4-963a-e0a0e8240571, notificationType :1)
09-23 20:04:32.367 15639 15711 D WM-WorkProgressUpdater: Updating progress for 69d814b6-fb12-4fa4-963a-e0a0e8240571 (Data {pct : 63, mode : startup_runtime_logs})
09-23 20:04:32.372 15639 15711 I WM-Processor: Moving WorkSpec (69d814b6-fb12-4fa4-963a-e0a0e8240571) to the foreground
09-23 20:04:32.386 15639 15639 D WM-SystemFgDispatcher: Notifying with (id:5905, workSpecId: 69d814b6-fb12-4fa4-963a-e0a0e8240571, notificationType :1)
09-23 20:04:32.408 15639 15644 W com.negi.survey: userfaultfd: MOVE ioctl seems unsupported: Connection timed out
09-23 20:04:32.651 15639 15709 D WM-WorkProgressUpdater: Updating progress for 69d814b6-fb12-4fa4-963a-e0a0e8240571 (Data {pct : 65, mode : startup_runtime_logs})
09-23 20:04:32.660 15639 15709 I WM-Processor: Moving WorkSpec (69d814b6-fb12-4fa4-963a-e0a0e8240571) to the foreground
09-23 20:04:32.664 15639 15639 D WM-SystemFgDispatcher: Notifying with (id:5905, workSpecId: 69d814b6-fb12-4fa4-963a-e0a0e8240571, notificationType :1)
09-23 20:04:32.665 15639 15709 D WM-WorkProgressUpdater: Updating progress for 69d814b6-fb12-4fa4-963a-e0a0e8240571 (Data {pct : 87, mode : startup_runtime_logs})
09-23 20:04:32.670 15639 15709 I WM-Processor: Moving WorkSpec (69d814b6-fb12-4fa4-963a-e0a0e8240571) to the foreground
09-23 20:04:32.675 15639 15639 D WM-SystemFgDispatcher: Notifying with (id:5905, workSpecId: 69d814b6-fb12-4fa4-963a-e0a0e8240571, notificationType :1)
09-23 20:04:32.675 15639 15709 D WM-WorkProgressUpdater: Updating progress for 8f968370-0316-4de4-a02c-87603db89059 (Data {pct : 46, mode : file})
09-23 20:04:32.678 15639 15709 I WM-Processor: Moving WorkSpec (8f968370-0316-4de4-a02c-87603db89059) to the foreground
09-23 20:04:32.680 15639 15639 D WM-SystemFgDispatcher: Notifying with (id:9229, workSpecId: 8f968370-0316-4de4-a02c-87603db89059, notificationType :1)
09-23 20:04:32.680 15639 15709 D WM-WorkProgressUpdater: Updating progress for 8f968370-0316-4de4-a02c-87603db89059 (Data {pct : 83, mode : file})
09-23 20:04:32.680 15639 15639 W NotificationManager: Shedding notify (update) of NotificationKey[user=UserHandle{0}, pkg=com.negi.survey, tag=null, id=9229], rate limit (5.0) exceeded: input 8.977354, output would be 6.0983443
09-23 20:04:32.682 15639 15709 I WM-Processor: Moving WorkSpec (8f968370-0316-4de4-a02c-87603db89059) to the foreground
09-23 20:04:32.684 15639 15709 D WM-WorkProgressUpdater: Updating progress for 8f968370-0316-4de4-a02c-87603db89059 (Data {pct : 90, mode : file})
09-23 20:04:32.685 15639 15639 D WM-SystemFgDispatcher: Notifying with (id:9229, workSpecId: 8f968370-0316-4de4-a02c-87603db89059, notificationType :1)
09-23 20:04:32.687 15639 15709 I WM-Processor: Moving WorkSpec (8f968370-0316-4de4-a02c-87603db89059) to the foreground
09-23 20:04:32.689 15639 15639 D WM-SystemFgDispatcher: Notifying with (id:9229, workSpecId: 8f968370-0316-4de4-a02c-87603db89059, notificationType :1)
09-23 20:04:33.676 15639 15724 D GitHubUploader: uploadStream: done url=https://github.com/ishizuki-tech/SurveyExports/blob/main/diagnostics/crash/2026-09-24/prevlog_20260924_030350_pid15512.log sha=64d83cb9adf6de68052775bbf02ed769faefb293
09-23 20:04:33.678 15639 15710 D WM-WorkProgressUpdater: Updating progress for 8f968370-0316-4de4-a02c-87603db89059 (Data {pct : 95, mode : file})
09-23 20:04:33.684 15639 15710 I WM-Processor: Moving WorkSpec (8f968370-0316-4de4-a02c-87603db89059) to the foreground
09-23 20:04:33.691 15639 15639 D WM-SystemFgDispatcher: Notifying with (id:9229, workSpecId: 8f968370-0316-4de4-a02c-87603db89059, notificationType :1)
09-23 20:04:33.692 15639 15710 I WM-Processor: Moving WorkSpec (8f968370-0316-4de4-a02c-87603db89059) to the foreground
09-23 20:04:33.699 15639 15710 I WM-WorkerWrapper: Worker result SUCCESS for Work [ id=8f968370-0316-4de4-a02c-87603db89059, tags={ com.negi.survey.net.GitHubUploadWorker,github_upload,github_upload:crash:diagnostics_crash_prevlog_20260924_030350_pid15512.log_ba3a9f82 } ]
09-23 20:04:33.703 15639 15639 D WM-SystemFgDispatcher: Notifying with (id:9229, workSpecId: 8f968370-0316-4de4-a02c-87603db89059, notificationType :1)
09-23 20:04:33.709 15639 15639 D WM-Processor: Processor 8f968370-0316-4de4-a02c-87603db89059 executed; reschedule = false
09-23 20:04:33.710 15639 15639 D WM-GreedyScheduler: Stopping tracking for WorkGenerationalId(workSpecId=8f968370-0316-4de4-a02c-87603db89059, generation=0)
09-23 20:04:33.711 15639 15639 D WM-SystemJobService: 8f968370-0316-4de4-a02c-87603db89059 executed on JobScheduler
09-23 20:04:33.711 15639 15639 D WM-SystemFgDispatcher: Removing Notification (id: 9229, workSpecId: WorkGenerationalId(workSpecId=8f968370-0316-4de4-a02c-87603db89059, generation=0), notificationType: 1
09-23 20:04:33.718 15639 15709 D WM-GreedyScheduler: Cancelling work ID 8f968370-0316-4de4-a02c-87603db89059
09-23 20:04:35.624 15639 15710 D WM-WorkProgressUpdater: Updating progress for 69d814b6-fb12-4fa4-963a-e0a0e8240571 (Data {pct : 88, mode : startup_runtime_logs})
09-23 20:04:35.630 15639 15726 D GitHubUploader: uploadStream: done url=https://github.com/ishizuki-tech/SurveyExports/blob/main/diagnostics/runtime_logs/2026-09-24/runtime_logs_startup_runtime_20260924_030423_bbf6df29_receiver_my_package_repl/runtime_log_20260924_030424_754_pid15639_receiver_my_package_repl__rtlog_20260924_030349_952_pid15512_seq2.log sha=f64b90b95580957e6487a00d6e1f4300cdb2921e
09-23 20:04:35.637 15639 15710 I WM-Processor: Moving WorkSpec (69d814b6-fb12-4fa4-963a-e0a0e8240571) to the foreground
09-23 20:04:35.648 15639 15639 D WM-SystemFgDispatcher: Notifying with (id:5905, workSpecId: 69d814b6-fb12-4fa4-963a-e0a0e8240571, notificationType :1)
09-23 20:04:35.649 15639 15726 D RuntimeLogStore: deleteRolledLogFiles: deleted=1 excludeActive=true active=rtlog_20260924_030424_743_pid15639_seq2.log
09-23 20:04:35.814 15639 15726 D GitHubUploader: uploadStream: owner=ishizuki-tech repo=SurveyExports branch=main path=diagnostics/runtime_logs/2026-09-24/runtime_logs_startup_runtime_20260924_030423_bbf6df29_receiver_my_package_repl/logcat_startup_runtime_20260924_030423_bbf6df29.log.gz size=6508 maxRawBytesHint=1000000 maxRequestBytesHint=2800000
09-23 20:04:35.815 15639 15709 D WM-WorkProgressUpdater: Updating progress for 69d814b6-fb12-4fa4-963a-e0a0e8240571 (Data {pct : 90, mode : startup_runtime_logs})
09-23 20:04:35.822 15639 15709 I WM-Processor: Moving WorkSpec (69d814b6-fb12-4fa4-963a-e0a0e8240571) to the foreground
09-23 20:04:35.831 15639 15639 D WM-SystemFgDispatcher: Notifying with (id:5905, workSpecId: 69d814b6-fb12-4fa4-963a-e0a0e8240571, notificationType :1)
09-23 20:04:36.010 15639 15710 D WM-WorkProgressUpdater: Updating progress for 69d814b6-fb12-4fa4-963a-e0a0e8240571 (Data {pct : 91, mode : startup_runtime_logs})
09-23 20:04:36.015 15639 15710 I WM-Processor: Moving WorkSpec (69d814b6-fb12-4fa4-963a-e0a0e8240571) to the foreground
09-23 20:04:36.019 15639 15639 D WM-SystemFgDispatcher: Notifying with (id:5905, workSpecId: 69d814b6-fb12-4fa4-963a-e0a0e8240571, notificationType :1)
09-23 20:04:36.020 15639 15710 D WM-WorkProgressUpdater: Updating progress for 69d814b6-fb12-4fa4-963a-e0a0e8240571 (Data {pct : 99, mode : startup_runtime_logs})
09-23 20:04:36.025 15639 15710 I WM-Processor: Moving WorkSpec (69d814b6-fb12-4fa4-963a-e0a0e8240571) to the foreground
09-23 20:04:36.032 15639 15639 D WM-SystemFgDispatcher: Notifying with (id:5905, workSpecId: 69d814b6-fb12-4fa4-963a-e0a0e8240571, notificationType :1)
09-23 20:04:36.997 15639 15726 D GitHubUploader: uploadStream: done url=https://github.com/ishizuki-tech/SurveyExports/blob/main/diagnostics/runtime_logs/2026-09-24/runtime_logs_startup_runtime_20260924_030423_bbf6df29_receiver_my_package_repl/logcat_startup_runtime_20260924_030423_bbf6df29.log.gz sha=78d184d7541b1528bfaf7bae211a2fabdc90840c
09-23 20:04:37.002 15639 15709 I WM-Processor: Moving WorkSpec (69d814b6-fb12-4fa4-963a-e0a0e8240571) to the foreground
09-23 20:04:37.007 15639 15639 D WM-SystemFgDispatcher: Notifying with (id:5905, workSpecId: 69d814b6-fb12-4fa4-963a-e0a0e8240571, notificationType :1)
09-23 20:04:37.009 15639 15709 I WM-WorkerWrapper: Worker result SUCCESS for Work [ id=69d814b6-fb12-4fa4-963a-e0a0e8240571, tags={ com.negi.survey.net.GitHubUploadWorker,github_upload,github_upload:startup_runtime_logs } ]
09-23 20:04:37.023 15639 15709 D WM-PackageManagerHelper: androidx.work.impl.background.systemalarm.RescheduleReceiver disabled
09-23 20:04:37.025 15639 15639 D WM-Processor: Processor 69d814b6-fb12-4fa4-963a-e0a0e8240571 executed; reschedule = false
09-23 20:04:37.026 15639 15639 D WM-GreedyScheduler: Stopping tracking for WorkGenerationalId(workSpecId=69d814b6-fb12-4fa4-963a-e0a0e8240571, generation=0)
09-23 20:04:37.026 15639 15639 D WM-SystemJobService: 69d814b6-fb12-4fa4-963a-e0a0e8240571 executed on JobScheduler
09-23 20:04:37.027 15639 15639 D WM-SystemFgDispatcher: Removing Notification (id: 5905, workSpecId: WorkGenerationalId(workSpecId=69d814b6-fb12-4fa4-963a-e0a0e8240571, generation=0), notificationType: 1
09-23 20:04:37.029 15639 15639 I WM-SystemFgDispatcher: Stopping foreground service
09-23 20:04:37.029 15639 15639 D WM-SystemFgService: Shutting down.
09-23 20:04:37.037 15639 15710 D WM-GreedyScheduler: Cancelling work ID 69d814b6-fb12-4fa4-963a-e0a0e8240571
09-23 20:04:37.040 15639 15639 D WM-SystemJobService: onStopJob for WorkGenerationalId(workSpecId=69d814b6-fb12-4fa4-963a-e0a0e8240571, generation=0)
09-23 20:04:37.049 15639 15710 D WM-WorkConstraintsTrack: NetworkRequestConstraintController unregister shared callback
09-23 20:12:40.344 15918 15918 I Zygote  : Process 15918 created for com.negi.survey
09-23 20:12:40.345 15918 15918 I com.negi.survey: Using CollectorTypeCMC GC.
09-23 20:12:40.357 15918 15918 D nativeloader: Load libframework-connectivity-tiramisu-jni.so using APEX ns com_android_tethering for caller /apex/com.android.tethering/javalib/framework-connectivity-t.jar: ok
09-23 20:12:40.389 15918 15918 D ApplicationLoaders: Returning zygote-cached class loader: /system_ext/framework/androidx.window.extensions.jar
09-23 20:12:40.389 15918 15918 D ApplicationLoaders: Returning zygote-cached class loader: /system_ext/framework/androidx.window.sidecar.jar
09-23 20:12:41.087 15918 15918 D nativeloader: Configuring clns-9 for other apk /data/app/~~57WOq7xPI5xpPqi3OiuBNg==/com.negi.survey-jyb3ZsFuXH-mQ-qx-LxkxQ==/base.apk. target_sdk_version=36, uses_libraries=libOpenCL.so:libOpenCL-pixel.so, library_path=/data/app/~~57WOq7xPI5xpPqi3OiuBNg==/com.negi.survey-jyb3ZsFuXH-mQ-qx-LxkxQ==/lib/arm64:/data/app/~~57WOq7xPI5xpPqi3OiuBNg==/com.negi.survey-jyb3ZsFuXH-mQ-qx-LxkxQ==/base.apk!/lib/arm64-v8a, permitted_path=/data:/mnt/expand:/data/user/0/com.negi.survey
09-23 20:12:41.092 15918 15918 V GraphicsEnvironment: Currently set values for:
09-23 20:12:41.092 15918 15918 V GraphicsEnvironment:   angle_gl_driver_selection_pkgs=[com.android.angle]
09-23 20:12:41.092 15918 15918 V GraphicsEnvironment:   angle_gl_driver_selection_values=[angle]
09-23 20:12:41.092 15918 15918 V GraphicsEnvironment: com.negi.survey is not listed in per-application setting
09-23 20:12:41.092 15918 15918 V GraphicsEnvironment: No special selections for ANGLE, returning default driver choice
09-23 20:12:41.092 15918 15918 V GraphicsEnvironment: Neither updatable production driver nor prerelease driver is supported.
09-23 20:12:41.122 15918 15918 D nativeloader: Load /data/app/~~57WOq7xPI5xpPqi3OiuBNg==/com.negi.survey-jyb3ZsFuXH-mQ-qx-LxkxQ==/base.apk!/lib/arm64-v8a/liblitertlm_jni.so using class loader ns clns-9 (caller=/data/app/~~57WOq7xPI5xpPqi3OiuBNg==/com.negi.survey-jyb3ZsFuXH-mQ-qx-LxkxQ==/base.apk!classes4.dex): ok
09-23 20:12:41.122 15918 15918 D SurveyApp: Loaded LiteRTLM JNI: litertlm_jni where=attachBaseContext
09-23 20:12:41.134 15918 15918 D AppRingLogStore: installed: dir=/data/user/0/com.negi.survey/files/diagnostics/applog_ring idx=0
09-23 20:12:41.136 15918 15918 D CrashCapture: install: ensured default handler. where=SurveyApp:attachBaseContext pid=15918 default=com.negi.survey.CrashCapture$CrashHandler@80b8781
09-23 20:12:41.155 15918 15918 E com.negi.survey: hiddenapi: Accessing hidden method Landroid/net/ssl/EchConfigMismatchException;->getRetryConfigList()Landroid/net/ssl/EchConfigList; (runtime_flags=0, domain=core-platform, api=blocked) from /data/app/~~57WOq7xPI5xpPqi3OiuBNg==/com.negi.survey-jyb3ZsFuXH-mQ-qx-LxkxQ==/base.apk!classes5.dex (domain=app, TargetSdkVersion=36) using linking: denied
09-23 20:12:41.155 15918 15918 E com.negi.survey: hiddenapi: Accessing hidden method Landroid/net/ssl/EchConfigList;->toBytes()[B (runtime_flags=0, domain=core-platform, api=blocked) from /data/app/~~57WOq7xPI5xpPqi3OiuBNg==/com.negi.survey-jyb3ZsFuXH-mQ-qx-LxkxQ==/base.apk!classes5.dex (domain=app, TargetSdkVersion=36) using linking: denied
09-23 20:12:41.155 15918 15918 E com.negi.survey: hiddenapi: Accessing hidden method Landroid/net/ssl/EchConfigList;->fromBytes([B)Landroid/net/ssl/EchConfigList; (runtime_flags=0, domain=core-platform, api=blocked) from /data/app/~~57WOq7xPI5xpPqi3OiuBNg==/com.negi.survey-jyb3ZsFuXH-mQ-qx-LxkxQ==/base.apk!classes5.dex (domain=app, TargetSdkVersion=36) using linking: denied
09-23 20:12:41.155 15918 15918 E com.negi.survey: hiddenapi: Accessing hidden method Landroid/net/ssl/SSLSockets;->setEchConfigList(Ljavax/net/ssl/SSLSocket;Landroid/net/ssl/EchConfigList;)V (runtime_flags=0, domain=core-platform, api=blocked) from /data/app/~~57WOq7xPI5xpPqi3OiuBNg==/com.negi.survey-jyb3ZsFuXH-mQ-qx-LxkxQ==/base.apk!classes5.dex (domain=app, TargetSdkVersion=36) using linking: denied
09-23 20:12:41.187 15918 15918 D SurveyApp: LiteRTLM JNI already loaded; skip. where=onCreate(retry)
09-23 20:12:41.193 15918 15986 D RuntimeLogStore: openWriter: start -> /data/user/0/com.negi.survey/files/diagnostics/runtime_logs/rtlog_20260924_031241_133_pid15918_seq1.log (bytes=0 format=LEGACY)
09-23 20:12:41.196 15918 15986 D RuntimeLogStore: retention: start files=2 kept=2 totalBytes=1747
09-23 20:12:41.199 15918 15918 D CrashCapture: install: ensured default handler. where=SurveyApp:onCreate(rewrap) pid=15918 default=com.negi.survey.CrashCapture$CrashHandler@80b8781
09-23 20:12:41.199 15918 15918 D CrashCapture: registerSelfHealing: ActivityLifecycleCallbacks registered. mode=onResumedOnly
09-23 20:12:41.238 15918 15988 I UploadRescheduleRcvr: Survey recovery action=android.intent.action.MY_PACKAGE_REPLACED discovered=0 reconciled=0 duplicates=0 unclassified=0 operationalFailures=0 classifications={}
09-23 20:12:41.239 15918 15988 D UploadRescheduleRcvr: No generic GitHub pending files for action=android.intent.action.MY_PACKAGE_REPLACED
09-23 20:12:41.280 15918 15988 D github_upload: enqueueStartupRuntimeLogsUpload: uniqueName=upload_runtime_logs_startup policy=KEEP session=startup_runtime_20260924_031241_8ca70969
09-23 20:12:41.385 15918 15988 D WM-PackageManagerHelper: Skipping component enablement for androidx.work.impl.background.systemjob.SystemJobService
09-23 20:12:41.385 15918 15988 D WM-Schedulers: Created SystemJobScheduler and enabled SystemJobService
09-23 20:12:41.396 15918 15993 D WM-ForceStopRunnable: Is default app process = true
09-23 20:12:41.403 15918 15993 D WM-ForceStopRunnable: Performing cleanup operations.
09-23 20:12:41.428 15918 15988 D UploadRescheduleRcvr: Enqueued runtime logs upload for action=android.intent.action.MY_PACKAGE_REPLACED reason=receiver_my_package_replaced
09-23 20:12:41.553 15918 15995 D WM-SystemJobScheduler: Scheduling work ID 803f0841-794d-4d8c-90c7-4c9955787594Job ID 11
09-23 20:12:41.569 15918 15995 D WM-GreedyScheduler: Starting tracking for 803f0841-794d-4d8c-90c7-4c9955787594
09-23 20:12:41.573 15918 15918 D WM-SystemJobService: onStartJob for WorkGenerationalId(workSpecId=803f0841-794d-4d8c-90c7-4c9955787594, generation=0)
09-23 20:12:41.607 15918 15993 D WM-Processor: Processor: processing WorkGenerationalId(workSpecId=803f0841-794d-4d8c-90c7-4c9955787594, generation=0)
09-23 20:12:41.630 15918 15918 D WM-WorkerWrapper: Starting work for com.negi.survey.net.GitHubUploadWorker
09-23 20:12:41.630 15918 15993 D WM-WorkConstraintsTrack: NetworkRequestConstraintController register shared callback
09-23 20:12:41.648 15918 15993 D WM-PackageManagerHelper: androidx.work.impl.background.systemalarm.RescheduleReceiver enabled
09-23 20:12:41.649 15918 15997 D WM-WorkConstraintsTrack: NetworkRequestConstraintController onCapabilitiesChanged callback
09-23 20:12:41.649 15918 15997 D WM-WorkConstraintsTrack: Not dispatching constraint state yet: isBlocked=null, capabilitiesInitialized=true
09-23 20:12:41.649 15918 15997 D WM-WorkConstraintsTrack: NetworkRequestConstraintController onBlockedStatusChanged callback false
09-23 20:12:41.656 15918 15994 D WM-GreedyScheduler: Constraints met: Scheduling work ID WorkGenerationalId(workSpecId=803f0841-794d-4d8c-90c7-4c9955787594, generation=0)
09-23 20:12:41.662 15918 15994 D WM-Processor: Work WorkGenerationalId(workSpecId=803f0841-794d-4d8c-90c7-4c9955787594, generation=0) is already enqueued for processing
09-23 20:12:41.665 15918 15994 I WM-Processor: Moving WorkSpec (803f0841-794d-4d8c-90c7-4c9955787594) to the foreground
09-23 20:12:41.687 15918 15918 I WM-SystemFgDispatcher: Started foreground service Intent { act=ACTION_START_FOREGROUND xflg=0x4 cmp=com.negi.survey/androidx.work.impl.foreground.SystemForegroundService (has extras) }
09-23 20:12:41.687 15918 15918 D WM-SystemFgDispatcher: Notifying with (id:3247, workSpecId: 803f0841-794d-4d8c-90c7-4c9955787594, notificationType :1)
09-23 20:12:41.688 15918 15994 D WM-WorkProgressUpdater: Updating progress for 803f0841-794d-4d8c-90c7-4c9955787594 (Data {pct : 3, mode : startup_runtime_logs})
09-23 20:12:41.693 15918 15918 D WM-SystemFgDispatcher: Notifying with (id:3247, workSpecId: 803f0841-794d-4d8c-90c7-4c9955787594, notificationType :1)
09-23 20:12:41.697 15918 15994 I WM-Processor: Moving WorkSpec (803f0841-794d-4d8c-90c7-4c9955787594) to the foreground
09-23 20:12:41.703 15918 15918 D WM-SystemFgDispatcher: Notifying with (id:3247, workSpecId: 803f0841-794d-4d8c-90c7-4c9955787594, notificationType :1)
09-23 20:12:41.703 15918 15994 D WM-WorkConstraintsTrack: NetworkRequestConstraintController send initial capabilities
09-23 20:12:42.902 15918 15986 D RuntimeLogStore: openWriter: rotate:plain_snapshot:receiver_my_package_repl -> /data/user/0/com.negi.survey/files/diagnostics/runtime_logs/rtlog_20260924_031242_899_pid15918_seq2.log (bytes=0 format=LEGACY)
09-23 20:12:42.904 15918 15986 D RuntimeLogStore: retention: rotate:plain_snapshot:receiver_my_package_repl files=3 kept=3 totalBytes=3550
09-23 20:12:42.928 15918 15989 D github_upload: doRuntimeLogsUpload: remoteBaseDir=diagnostics/runtime_logs/2026-09-24/runtime_logs_startup_runtime_20260924_031241_8ca70969_receiver_my_package_repl toUpload=3 bytes=4744 dedupe=true deleteSource=true deletedSourcePre=0 preview='plain_logs_manifest_20260924_031242_911_pid15918_receiver_my_package_repl.json|runtime_log_20260924_031242_911_pid15918_receiver_my_package_repl__rtlog_20260924_031241_133_pid15918_seq1.log|runtime_log_20260924_031242_911_pid15918_receiver_my_package_repl__rtlog_20260924_030424_743_pid15639_seq2.log'
09-23 20:12:42.937 15918 15989 D GitHubUploader: uploadStream: owner=ishizuki-tech repo=SurveyExports branch=main path=diagnostics/runtime_logs/2026-09-24/runtime_logs_startup_runtime_20260924_031241_8ca70969_receiver_my_package_repl/plain_logs_manifest_20260924_031242_911_pid15918_receiver_my_package_repl.json size=1532 maxRawBytesHint=1000000 maxRequestBytesHint=2800000
09-23 20:12:42.939 15918 15993 D WM-WorkProgressUpdater: Updating progress for 803f0841-794d-4d8c-90c7-4c9955787594 (Data {pct : 10, mode : startup_runtime_logs})
09-23 20:12:42.950 15918 15996 I WM-Processor: Moving WorkSpec (803f0841-794d-4d8c-90c7-4c9955787594) to the foreground
09-23 20:12:42.958 15918 15918 D WM-SystemFgDispatcher: Notifying with (id:3247, workSpecId: 803f0841-794d-4d8c-90c7-4c9955787594, notificationType :1)
09-23 20:12:43.464 15918 15995 D WM-WorkProgressUpdater: Updating progress for 803f0841-794d-4d8c-90c7-4c9955787594 (Data {pct : 12, mode : startup_runtime_logs})
09-23 20:12:43.483 15918 15995 I WM-Processor: Moving WorkSpec (803f0841-794d-4d8c-90c7-4c9955787594) to the foreground
09-23 20:12:43.491 15918 15995 D WM-WorkProgressUpdater: Updating progress for 803f0841-794d-4d8c-90c7-4c9955787594 (Data {pct : 33, mode : startup_runtime_logs})
09-23 20:12:43.491 15918 15918 D WM-SystemFgDispatcher: Notifying with (id:3247, workSpecId: 803f0841-794d-4d8c-90c7-4c9955787594, notificationType :1)
09-23 20:12:43.499 15918 15995 I WM-Processor: Moving WorkSpec (803f0841-794d-4d8c-90c7-4c9955787594) to the foreground
09-23 20:12:43.507 15918 15918 D WM-SystemFgDispatcher: Notifying with (id:3247, workSpecId: 803f0841-794d-4d8c-90c7-4c9955787594, notificationType :1)
09-23 20:12:43.715 15918 15918 D github_upload: enqueueStartupRuntimeLogsUpload: uniqueName=upload_runtime_logs_startup policy=KEEP session=startup_runtime_20260924_031243_3dbb73a6
09-23 20:12:43.723 15918 15918 D github_upload: enqueueStartupRingLogsUpload: uniqueName=upload_ring_logs_startup policy=KEEP session=startup_ring_20260924_031243_81444c01
09-23 20:12:43.727 15918 16009 D CrashCapture: enqueuePendingCrashUploadsIfPossible enter where=SurveyApp:enqueuePending(immediate):bg pid=15918 thread=CrashCapture-Enqueue
09-23 20:12:43.758 15918 15994 D WM-SystemJobScheduler: Scheduling work ID 3e9f7cf1-e25a-4b69-be68-0b0829df2453Job ID 12
09-23 20:12:43.771 15918 15994 D WM-GreedyScheduler: Starting tracking for 3e9f7cf1-e25a-4b69-be68-0b0829df2453
09-23 20:12:43.772 15918 15918 D WM-SystemJobService: onStartJob for WorkGenerationalId(workSpecId=3e9f7cf1-e25a-4b69-be68-0b0829df2453, generation=0)
09-23 20:12:43.779 15918 15994 D WM-Processor: Processor: processing WorkGenerationalId(workSpecId=3e9f7cf1-e25a-4b69-be68-0b0829df2453, generation=0)
09-23 20:12:43.795 15918 15918 D WM-WorkerWrapper: Starting work for com.negi.survey.net.GitHubUploadWorker
09-23 20:12:43.801 15918 15996 D WM-WorkConstraintsTrack: NetworkRequestConstraintController send initial capabilities
09-23 20:12:43.807 15918 15996 I WM-Processor: Moving WorkSpec (3e9f7cf1-e25a-4b69-be68-0b0829df2453) to the foreground
09-23 20:12:43.818 15918 15918 I WM-SystemFgDispatcher: Started foreground service Intent { act=ACTION_START_FOREGROUND xflg=0x4 cmp=com.negi.survey/androidx.work.impl.foreground.SystemForegroundService (has extras) }
09-23 20:12:43.818 15918 15918 D WM-SystemFgDispatcher: Notifying with (id:8296, workSpecId: 3e9f7cf1-e25a-4b69-be68-0b0829df2453, notificationType :1)
09-23 20:12:43.824 15918 15996 D WM-GreedyScheduler: Constraints met: Scheduling work ID WorkGenerationalId(workSpecId=3e9f7cf1-e25a-4b69-be68-0b0829df2453, generation=0)
09-23 20:12:43.830 15918 15918 D WM-SystemFgDispatcher: Notifying with (id:8296, workSpecId: 3e9f7cf1-e25a-4b69-be68-0b0829df2453, notificationType :1)
09-23 20:12:43.831 15918 15996 D WM-Processor: Work WorkGenerationalId(workSpecId=3e9f7cf1-e25a-4b69-be68-0b0829df2453, generation=0) is already enqueued for processing
09-23 20:12:43.832 15918 15996 D WM-WorkProgressUpdater: Updating progress for 3e9f7cf1-e25a-4b69-be68-0b0829df2453 (Data {pct : 3, mode : startup_ring_logs})
09-23 20:12:43.838 15918 15996 I WM-Processor: Moving WorkSpec (3e9f7cf1-e25a-4b69-be68-0b0829df2453) to the foreground
09-23 20:12:43.842 15918 15918 D WM-SystemFgDispatcher: Notifying with (id:8296, workSpecId: 3e9f7cf1-e25a-4b69-be68-0b0829df2453, notificationType :1)
09-23 20:12:43.843 15918 15996 D WM-WorkConstraintsTrack: NetworkRequestConstraintController send initial capabilities
