=== Previous Session Logcat ===
captured_time_utc=20260924_214905
captured_time_local=20260924_144905
marker=2026-09-24 14:45:24.146
preferred_prev_pid=-1
note=best-effort; buffers may be overwritten before next start
sdk=36
device=Google Pixel 9a
appId=com.negi.survey.local
versionName=0.0.1
versionCode=1

=== Logcat (since marker) ===
--------- beginning of system
09-24 14:45:37.202  9371  9371 W NotificationManager: Shedding notify (update) of NotificationKey[user=UserHandle{0}, pkg=com.negi.survey.local, tag=null, id=6516], rate limit (5.0) exceeded: input 10.647871, output would be 6.6975975
09-24 14:45:50.452  9371  9371 D InsetsController: hide(ime())
09-24 14:45:50.744  9371  9371 D VRI[MainActivity]: updatePointerIcon called with position out of bounds
09-24 14:45:50.764  9371  9371 D VRI[MainActivity]: updatePointerIcon called with position out of bounds
09-24 14:45:50.781  9371  9371 D VRI[MainActivity]: updatePointerIcon called with position out of bounds
09-24 14:45:50.797  9371  9371 D VRI[MainActivity]: updatePointerIcon called with position out of bounds
09-24 14:45:50.814  9371  9371 D VRI[MainActivity]: updatePointerIcon called with position out of bounds
09-24 14:45:50.831  9371  9371 D VRI[MainActivity]: updatePointerIcon called with position out of bounds
09-24 14:45:50.848  9371  9371 D VRI[MainActivity]: updatePointerIcon called with position out of bounds
09-24 14:45:50.881  9371  9371 D VRI[MainActivity]: updatePointerIcon called with position out of bounds
09-24 14:45:50.897  9371  9371 D VRI[MainActivity]: updatePointerIcon called with position out of bounds
09-24 14:45:50.914  9371  9371 D VRI[MainActivity]: updatePointerIcon called with position out of bounds
09-24 14:45:50.931  9371  9371 D VRI[MainActivity]: updatePointerIcon called with position out of bounds
09-24 14:45:50.948  9371  9371 D VRI[MainActivity]: updatePointerIcon called with position out of bounds
09-24 14:45:50.964  9371  9371 D VRI[MainActivity]: updatePointerIcon called with position out of bounds
09-24 14:45:50.980  9371  9371 D VRI[MainActivity]: updatePointerIcon called with position out of bounds
09-24 14:45:50.997  9371  9371 D VRI[MainActivity]: updatePointerIcon called with position out of bounds
09-24 14:45:51.014  9371  9371 D VRI[MainActivity]: updatePointerIcon called with position out of bounds
09-24 14:45:51.031  9371  9371 D VRI[MainActivity]: updatePointerIcon called with position out of bounds
09-24 14:45:51.048  9371  9371 D VRI[MainActivity]: updatePointerIcon called with position out of bounds
09-24 14:45:51.064  9371  9371 D VRI[MainActivity]: updatePointerIcon called with position out of bounds
09-24 14:45:51.081  9371  9371 D VRI[MainActivity]: updatePointerIcon called with position out of bounds
09-24 14:45:51.098  9371  9371 D VRI[MainActivity]: updatePointerIcon called with position out of bounds
09-24 14:45:51.115  9371  9371 D VRI[MainActivity]: updatePointerIcon called with position out of bounds
09-24 14:45:51.131  9371  9371 D VRI[MainActivity]: updatePointerIcon called with position out of bounds
09-24 14:45:51.147  9371  9371 D VRI[MainActivity]: updatePointerIcon called with position out of bounds
09-24 14:45:51.164  9371  9371 D VRI[MainActivity]: updatePointerIcon called with position out of bounds
09-24 14:45:51.181  9371  9371 D VRI[MainActivity]: updatePointerIcon called with position out of bounds
09-24 14:45:51.729  9371  9371 D InsetsController: hide(ime())
09-24 14:46:08.390  9371  9371 D InsetsController: show(ime())
09-24 14:46:08.392  9371  9371 D InsetsController: Setting requestedVisibleTypes to 511 (was 503)
09-24 14:46:08.417  9371  9371 D InsetsController: show(ime())
--------- beginning of main
09-24 14:46:08.652  9371  9371 D VRI[MainActivity]: WindowInsets changed: ime:[0,0,0,1043] 
09-24 14:46:08.655  9371  9371 W InteractionJankMonitor: Initializing without READ_DEVICE_CONFIG permission. enabled=false, interval=1, missedFrameThreshold=3, frameTimeThreshold=64, package=com.negi.survey.local
09-24 14:46:08.967  9371  9371 I ImeTracker: com.negi.survey.local:c663182a: onShown
09-24 14:46:16.974  9371  9371 D InsetsController: show(ime())
09-24 14:46:16.974  9371  9371 I ImeTracker: com.negi.survey.local:ae56d815: onRequestShow at ORIGIN_CLIENT reason SHOW_SOFT_INPUT_BY_INSETS_API fromUser false userId 0 displayId 0
09-24 14:46:16.974  9371  9371 I ImeTracker: com.negi.survey.local:ae56d815: onCancelled at PHASE_CLIENT_APPLY_ANIMATION
09-24 14:46:16.989  9371  9371 I ImeTracker: com.negi.survey.local:5e903347: onRequestShow at ORIGIN_CLIENT reason SHOW_SOFT_INPUT fromUser false userId 0 displayId 0
09-24 14:46:16.989  9371  9371 D InsetsController: show(ime())
09-24 14:46:16.989  9371  9371 I ImeTracker: com.negi.survey.local:5e903347: onCancelled at PHASE_CLIENT_APPLY_ANIMATION
09-24 14:46:26.050  9371  9371 D InsetsController: show(ime())
09-24 14:46:26.051  9371  9371 I ImeTracker: com.negi.survey.local:3fb600ae: onRequestShow at ORIGIN_CLIENT reason SHOW_SOFT_INPUT_BY_INSETS_API fromUser false userId 0 displayId 0
09-24 14:46:26.051  9371  9371 I ImeTracker: com.negi.survey.local:3fb600ae: onCancelled at PHASE_CLIENT_APPLY_ANIMATION
09-24 14:46:26.067  9371  9371 I ImeTracker: com.negi.survey.local:1092dabf: onRequestShow at ORIGIN_CLIENT reason SHOW_SOFT_INPUT fromUser false userId 0 displayId 0
09-24 14:46:26.067  9371  9371 D InsetsController: show(ime())
09-24 14:46:26.067  9371  9371 I ImeTracker: com.negi.survey.local:1092dabf: onCancelled at PHASE_CLIENT_APPLY_ANIMATION
09-24 14:46:27.097  9371  9371 W RemoteInputConnectionImpl: sendKeyEvent on inactive InputConnection
09-24 14:46:31.777  9371  9371 D InsetsController: hide(ime())
09-24 14:46:31.777  9371  9371 I ImeTracker: com.negi.survey.local:4d616ee3: onRequestHide at ORIGIN_CLIENT reason HIDE_SOFT_INPUT_BY_INSETS_API fromUser false userId 0 displayId 0
09-24 14:46:31.777  9371  9371 D WindowOnBackDispatcher: setTopOnBackInvokedCallback (unwrapped): androidx.navigationevent.OnBackInvokedInput$createOnBackAnimationCallback$1@38fcda6
09-24 14:46:31.777  9371  9371 D InsetsController: Setting requestedVisibleTypes to 503 (was 511)
09-24 14:46:31.783  9371  9371 D SurveyVM: getEvalPrompt[Q8] -> len=332
09-24 14:46:31.785  9371  9459 D AiViewModel: run[1]: mode=EVAL_JSON phase=EVAL commit=true prompt.len=331, fullPrompt.len=2237, timeoutMs=120000
09-24 14:46:31.797  9371  9459 D AiViewModel: run[1]: sha(prompt)=1c37708846dd3d2bc23eeb4697155646faa2c4314a2774d2a167dbf74760a3c8 sha(full)=6c004212a8ad045ac7076b0037e92a316823b0d863fb3c078bcce76c1f239bb0
09-24 14:46:31.798  9371  9459 I FullPromptReview: [part=000] run[1]: phase=EVAL FullPrompt
09-24 14:46:31.798  9371  9459 I FullPromptReview: Evaluate only the original survey target using all supplied answers.
09-24 14:46:31.798  9371  9459 I FullPromptReview: Return only compact JSON {"score":N,"missing_points":[],"followup_needed":false}. N must be an integer 1-100 for relevance, completeness and accuracy against the original target. Evaluate the original answer and all answered followup pairs together. Before emitting JSON, compare every candidate missing point against the original answer and every answered follow-up pair. If an answered follow-up directly supplies that information, do not include it in missing_points. Recompute score, missing_points, and followup_needed together as one consistent final decision. Separate relevance from completeness. An answer can discuss the right topic but still be incomplete. Score 90-100 only when the respondent explicitly provides every material component requested by the Expected answer target and Question. Do not infer missing details from general knowledge, plausibility, or a bare statement that an event occurred. A concise answer may be complete. A verbose or relevant answer that omits any material requested component must score below 90. For example, saying that an event occurred without describing its requested effect is incomplete. Consistency rule: if missing_points is non-empty or followup_needed is true, score must be an integer from 1 to 89. Scores 90-100 are allowed only when missing_points=[] and followup_needed=false. Never use score 90 as a borderline value when anything is missing. For any score below 90, missing_points must contain the specific missing or ambiguous target-required information and followup_needed must be true. Otherwise missing_points is empty and followup_needed is false. Do not generate a question. Do not penalize style or request information outside the target. Write missing_points in English.
09-24 14:46:31.798  9371  9459 I FullPromptReview: Keep missing_points concise.
09-24 14:46:31.798  9371  9459 I FullPromptReview: One JSON object only; no markdown or generated question.
09-24 14:46:31.798  9371  9459 I FullPromptReview: INPUT:
09-24 14:46:31.798  9371  9459 I FullPromptReview: Expected answer target: Whether FAW affected the crop and, if yes, at least one concrete description of its effect, such as yield loss or a type of crop damage.
09-24 14:46:31.798  9371  9459 I FullPromptReview: Question: Has fall armyworm ever affected your maize? If yes, how did it affect your crop?
09-24 14:46:31.798  9371  9459 I FullPromptReview: Original answer: Yes, fall armyworm affected my maize.
09-24 14:46:31.798  9371  9459 I FullPromptReview: Answered followup pairs:
09-24 14:46:31.807  9371  9459 D LiteRtRepository: [1] request start model='Gemma3n4B' prompt.len=2237 sha=6c004212a8ad045a gateWaitMs=7
09-24 14:46:31.808  9371  9459 D LiteRtRepository: [part=000] [1] PROMPT (FULL) sha=6c004212a8ad045a
09-24 14:46:31.808  9371  9459 D LiteRtRepository: Evaluate only the original survey target using all supplied answers.
09-24 14:46:31.808  9371  9459 D LiteRtRepository: Return only compact JSON {"score":N,"missing_points":[],"followup_needed":false}. N must be an integer 1-100 for relevance, completeness and accuracy against the original target. Evaluate the original answer and all answered followup pairs together. Before emitting JSON, compare every candidate missing point against the original answer and every answered follow-up pair. If an answered follow-up directly supplies that information, do not include it in missing_points. Recompute score, missing_points, and followup_needed together as one consistent final decision. Separate relevance from completeness. An answer can discuss the right topic but still be incomplete. Score 90-100 only when the respondent explicitly provides every material component requested by the Expected answer target and Question. Do not infer missing details from general knowledge, plausibility, or a bare statement that an event occurred. A concise answer may be complete. A verbose or relevant answer that omits any material requested component must score below 90. For example, saying that an event occurred without describing its requested effect is incomplete. Consistency rule: if missing_points is non-empty or followup_needed is true, score must be an integer from 1 to 89. Scores 90-100 are allowed only when missing_points=[] and followup_needed=false. Never use score 90 as a borderline value when anything is missing. For any score below 90, missing_points must contain the specific missing or ambiguous target-required information and followup_needed must be true. Otherwise missing_points is empty and followup_needed is false. Do not generate a question. Do not penalize style or request information outside the target. Write missing_points in English.
09-24 14:46:31.808  9371  9459 D LiteRtRepository: Keep missing_points concise.
09-24 14:46:31.808  9371  9459 D LiteRtRepository: One JSON object only; no markdown or generated question.
09-24 14:46:31.808  9371  9459 D LiteRtRepository: INPUT:
09-24 14:46:31.808  9371  9459 D LiteRtRepository: Expected answer target: Whether FAW affected the crop and, if yes, at least one concrete description of its effect, such as yield loss or a type of crop damage.
09-24 14:46:31.808  9371  9459 D LiteRtRepository: Question: Has fall armyworm ever affected your maize? If yes, how did it affect your crop?
09-24 14:46:31.808  9371  9459 D LiteRtRepository: Original answer: Yes, fall armyworm affected my maize.
09-24 14:46:31.808  9371  9459 D LiteRtRepository: Answered followup pairs:
09-24 14:46:31.809  9371  9548 D SLM     : initializeIfNeeded: model='Gemma3n4B' image=false audio=false
09-24 14:46:31.810  9371  9548 D LiteRtLM: initializeIfNeeded: warm runtime already ready: key='Gemma3n4B|/data/user/0/com.negi.survey.local/files/gemma-3n-E4B-it-int4.litertlm'
09-24 14:46:31.810  9371  9371 D VRI[MainActivity]: WindowInsets changed: ime:null 
09-24 14:46:31.811  9371  9459 D LiteRtRepository: [1] initializeIfNeeded ok initMs=2
09-24 14:46:31.813  9371  9548 D SLM     : runInference: model='Gemma3n4B' textLen=2237 images=0 audio=0
09-24 14:46:31.821  9371  9459 D LiteRtLM: state[run:start] key='Gemma3n4B|/data/user/0/com.negi.survey.local/files/gemma-3n-E4B-it-int4.litertlm' runId=1 active=true terminated=false logicalDone=false cancel=false pendingCancel=false lastMsgAt=74142135 lastTermAt=0
09-24 14:46:31.821  9371  9459 D LiteRtLM: runInference start: key='Gemma3n4B|/data/user/0/com.negi.survey.local/files/gemma-3n-E4B-it-int4.litertlm' runId=1 hasText=true originalTextLen=2237 effectiveTextLen=2237 images=0 audioClips=0
09-24 14:46:31.822  9371  9459 D LiteRtLM: LiteRT-LM sendMessageAsync(text): key='Gemma3n4B|/data/user/0/com.negi.survey.local/files/gemma-3n-E4B-it-int4.litertlm' runId=1 len=2237 maxOutputTokens=64
09-24 14:46:31.835  9371  9371 I ImeTracker: com.negi.survey.local:cc2d28cc: onCancelled at PHASE_CLIENT_ON_CONTROLS_CHANGED
09-24 14:46:31.863  9371  9459 D LiteRtLM: sendMessageAsync accepted: key='Gemma3n4B|/data/user/0/com.negi.survey.local/files/gemma-3n-E4B-it-int4.litertlm' runId=1 dispatchMs=41
09-24 14:46:31.898  9371  9371 I ImeTracker: system_server:d4341c19: onCancelled at PHASE_CLIENT_ON_CONTROLS_CHANGED
09-24 14:46:34.519  9371  9610 W native  : W0000 00:00:1790286394.518829    9610 sampler_factory.cc:403] OpenCL sampler not available, falling back to statically linked C API: UNAVAILABLE: ERROR: [third_party/odml/litert_lm/runtime/components/sampler_factory.cc:319]
09-24 14:46:34.519  9371  9610 W native  : └ Could not load shared library libLiteRtTopKOpenClSampler.so: dlopen failed: library "libLiteRtTopKOpenClSampler.so" not found.
09-24 14:46:34.519  9371  9610 W native  : === Source Location Trace: ===
09-24 14:46:34.519  9371  9610 W native  : ./third_party/odml/litert/litert/cc/litert_macros.h:573
09-24 14:46:35.028  9371  9610 W LiteRtLM: Inference first output: key='Gemma3n4B|/data/user/0/com.negi.survey.local/files/gemma-3n-E4B-it-int4.litertlm' runId=1 ttftMs=3206 dispatchMs=41 postDispatchTtftMs=3165 requestToFirstOutputMs=3208
09-24 14:46:35.028  9371  9610 W LiteRtLM: Inference first output: key='Gemma3n4B|/data/user/0/com.negi.survey.local/files/gemma-3n-E4B-it-int4.litertlm' runId=1 ttftMs=3206 dispatchMs=41 postDispatchTtftMs=3165 requestToFirstOutputMs=3208
09-24 14:46:35.028  9371  9610 D LiteRtLM: stream[key=Gemma3n4B|/data/user/0/com.negi.survey.local/files/gemma-3n-E4B-it-int4.litertlm runId=1] msg#1 rawChunkLen=2 deltaLen=2 emittedChars=2
09-24 14:46:35.034  9371  9371 D LiteRtRepository: stream[rid=1 msg#1] done=false deltaLen=2 outLen=2 outPreview='{"' deltaPreview='{"'
09-24 14:46:35.034  9371  9459 D AiViewModel: run[1] chunk[1].preview='{"'
09-24 14:46:35.251  9371  9459 D AiViewModel: run[1] chunk[2].preview='score'
09-24 14:46:35.419  9371  9459 D AiViewModel: run[1] chunk[3].preview='":'
09-24 14:46:35.586  9371  9459 D AiViewModel: run[1] chunk[4].preview='4'
09-24 14:46:35.734  9371  9459 D AiViewModel: run[1] chunk[5].preview='5'
09-24 14:46:35.918  9371  9459 D AiViewModel: run[1] chunk[6].preview=',"'
09-24 14:46:36.054  9371  9459 D AiViewModel: run[1] chunk[7].preview='missing'
09-24 14:46:36.235  9371  9371 D LiteRtRepository: stream[rid=1 msg#8] done=false deltaLen=1 outLen=21 outPreview='{"score":45,"missing_' deltaPreview='_'
09-24 14:46:36.235  9371  9459 D AiViewModel: run[1] chunk[8].preview='_'
09-24 14:46:36.385  9371  9460 D AiViewModel: run[1] chunk[9].preview='points'
09-24 14:46:36.570  9371  9460 D AiViewModel: run[1] chunk[10].preview='":["'
09-24 14:46:36.730  9371  9460 D AiViewModel: run[1] chunk[11].preview='yield'
09-24 14:46:36.921  9371  9460 D AiViewModel: run[1] chunk[12].preview='␠loss'
09-24 14:46:37.069  9371  9460 D AiViewModel: run[1] chunk[13].preview='␠or'
09-24 14:46:37.238  9371  9460 D AiViewModel: run[1] chunk[14].preview='␠crop'
09-24 14:46:37.389  9371  9460 D AiViewModel: run[1] chunk[15].preview='␠damage'
09-24 14:46:37.556  9371  9610 D LiteRtLM: stream[key=Gemma3n4B|/data/user/0/com.negi.survey.local/files/gemma-3n-E4B-it-int4.litertlm runId=1] msg#16 rawChunkLen=12 deltaLen=12 emittedChars=68
09-24 14:46:37.571  9371  9371 D LiteRtRepository: stream[rid=1 msg#16] done=false deltaLen=12 outLen=68 outPreview='{"score":45,"missing_points":["yield loss or crop damage description' deltaPreview=' description'
09-24 14:46:37.571  9371  9460 D AiViewModel: run[1] chunk[16].preview='␠description'
09-24 14:46:37.722  9371  9460 D AiViewModel: run[1] chunk[17].preview='"]}'
09-24 14:46:37.903  9371  9460 D AiViewModel: run[1] chunk[18].preview='↩'
09-24 14:46:38.043  9371  9611 D LiteRtLM: state[logicalDone] key='Gemma3n4B|/data/user/0/com.negi.survey.local/files/gemma-3n-E4B-it-int4.litertlm' runId=1 active=true terminated=true logicalDone=true cancel=false pendingCancel=false lastMsgAt=74148197 lastTermAt=74148357
09-24 14:46:38.048  9371  9611 D LiteRtLM: state[nativeDone:beforeRelease] key='Gemma3n4B|/data/user/0/com.negi.survey.local/files/gemma-3n-E4B-it-int4.litertlm' runId=1 active=true terminated=true logicalDone=true cancel=false pendingCancel=false lastMsgAt=74148197 lastTermAt=74148357
09-24 14:46:38.048  9371  9611 W LiteRtLM: Inference timing: key='Gemma3n4B|/data/user/0/com.negi.survey.local/files/gemma-3n-E4B-it-int4.litertlm' runId=1 ttftMs=3206 dispatchMs=41 postDispatchTtftMs=3165 totalMs=6221 callbacks=18 outputChars=72 cancelled=false error=false requestTotalMs=6223
09-24 14:46:38.048  9371  9611 W LiteRtLM: Inference timing: key='Gemma3n4B|/data/user/0/com.negi.survey.local/files/gemma-3n-E4B-it-int4.litertlm' runId=1 ttftMs=3206 dispatchMs=41 postDispatchTtftMs=3165 totalMs=6221 callbacks=18 outputChars=72 cancelled=false error=false requestTotalMs=6223
09-24 14:46:38.048  9371  9611 I LiteRtLM: LiteRT completion: runId=1 terminal=normal_onDone phase=unavailable engineTokenCapacity=1024 prefillTokens=-1 decodeTokens=-1 kvTokens=-1 outputChars=72 callbacks=18
09-24 14:46:38.048  9371  9611 I LiteRtLM: LiteRT completion: runId=1 terminal=normal_onDone phase=unavailable engineTokenCapacity=1024 prefillTokens=-1 decodeTokens=-1 kvTokens=-1 outputChars=72 callbacks=18
09-24 14:46:38.050  9371  9371 D LiteRtRepository: [1] logical done=true; responseClosed=true; waiting native cleanup
09-24 14:46:38.050  9371  9371 D LiteRtRepository: [1] native cleanup safepoint
09-24 14:46:38.050  9371  9459 D AiViewModel: run[1] stats: chunks=18, chars=72, raw.len=72
09-24 14:46:38.051  9371  9459 D AiViewModel: run[1] sha(raw)=d0f6c13badbc3d0bd4006aaf51913e79720994632d050421b3d19fceb6beefc8
09-24 14:46:38.051  9371  9459 D AiViewModel: run[1] rawVisible='{"score":45,"missing_points":["yield␠loss␠or␠crop␠damage␠description"]}↩'
09-24 14:46:38.051  9371  9548 D SLM     : resetConversationAndWait: model='Gemma3n4B' image=false audio=false
09-24 14:46:38.064  9371  9459 D AiViewModel: run[1]: EVAL_JSON parsed score=45 followups=0 fu0=''
09-24 14:46:38.064  9371  9459 D AiViewModel: stepHistory+ runId=1 phase=EVAL mode=EVAL_JSON raw.len=72 score=45 FU=0 FU0='<none>' timeout=false err=null
09-24 14:46:38.065  9371  9459 I AiViewModel: run[1] done: phase=EVAL mode=EVAL_JSON score=45 FU0.len=0 FU0.sha16=none commit=true err=<none>
09-24 14:46:38.065  9371  9459 I FullTextOut: [part=000] run[1]: RawTextOut
09-24 14:46:38.065  9371  9459 I FullTextOut: {"score":45,"missing_points":["yield loss or crop damage description"]}
09-24 14:46:38.068  9371  9465 D LiteRtRepository: [1] Conversation reset completed after safepoint
09-24 14:46:38.069  9371  9465 D LiteRtRepository: [part=000] [1] FINALIZE: native-terminated
09-24 14:46:38.069  9371  9465 D LiteRtRepository: === AI TRACE STATS (LiteRtRepository) ===
09-24 14:46:38.069  9371  9465 D LiteRtRepository: rid=1 model='Gemma3n4B' reason=native-terminated
09-24 14:46:38.069  9371  9465 D LiteRtRepository: totalMs=6262 inferenceMs=6257 firstTokenMs=3222
09-24 14:46:38.069  9371  9465 D LiteRtRepository: logicalDone=true logicalDoneAt=74148364
09-24 14:46:38.069  9371  9465 D LiteRtRepository: nativeTerminated=true cancelTag='null'
09-24 14:46:38.069  9371  9465 D LiteRtRepository: lastDeltaMsAgo=166 lastEventMsAgo=19
09-24 14:46:38.069  9371  9465 D LiteRtRepository: chunks=18 emittedChars=72 capturedAll=true out.len=72
09-24 14:46:38.069  9371  9465 D LiteRtRepository: === OUTPUT (FULL) ===
09-24 14:46:38.069  9371  9465 D LiteRtRepository: {"score":45,"missing_points":["yield loss or crop damage description"]}
09-24 14:46:38.070  9371  9459 D SurveyVM: getFollowupPrompt[Q8] -> len=415 evalLen=72
09-24 14:46:38.070  9371  9459 D AiViewModel: run[2]: mode=FOLLOWUP_JSON_OR_TEXT phase=FOLLOWUP commit=false prompt.len=415, fullPrompt.len=952, timeoutMs=120000
09-24 14:46:38.071  9371  9459 D AiViewModel: run[2]: sha(prompt)=7b3f7cbd0ab139ead7f88227db10b5d9d809d232f99667e602165947fed336eb sha(full)=46864422eaad4691ee7d74c21cd4ba1d25daa083a898a36d3933fffd10a0532d
09-24 14:46:38.072  9371  9459 I FullPromptReview: [part=000] run[2]: phase=FOLLOWUP FullPrompt
09-24 14:46:38.072  9371  9459 I FullPromptReview: Evaluate only the original survey target using all supplied answers.
09-24 14:46:38.072  9371  9459 I FullPromptReview: Generate exactly one short English question addressing one unresolved target-required deficiency in EVAL_JSON. Use the original target, original answer and accumulated answered followup pairs. Do not repeat an earlier question or ask for information already provided. Never add new objectives. Output only the question on one line; no JSON, score, analysis, labels, or quotes.
09-24 14:46:38.072  9371  9459 I FullPromptReview: Keep the question short and single-scope.
09-24 14:46:38.072  9371  9459 I FullPromptReview: Exactly one English question on one line.
09-24 14:46:38.072  9371  9459 I FullPromptReview: INPUT:
09-24 14:46:38.072  9371  9459 I FullPromptReview: Expected answer target: Whether FAW affected the crop and, if yes, at least one concrete description of its effect, such as yield loss or a type of crop damage.
09-24 14:46:38.072  9371  9459 I FullPromptReview: Question: Has fall armyworm ever affected your maize? If yes, how did it affect your crop?
09-24 14:46:38.072  9371  9459 I FullPromptReview: Original answer: Yes, fall armyworm affected my maize.
09-24 14:46:38.072  9371  9459 I FullPromptReview: Answered followup pairs: 
09-24 14:46:38.072  9371  9459 I FullPromptReview: EVAL_JSON: {"score":45,"missing_points":["yield loss or crop damage description"]}
09-24 14:46:38.073  9371  9465 D LiteRtRepository: [2] request start model='Gemma3n4B' prompt.len=952 sha=46864422eaad4691 gateWaitMs=1
09-24 14:46:38.073  9371  9465 D LiteRtRepository: [part=000] [2] PROMPT (FULL) sha=46864422eaad4691
09-24 14:46:38.073  9371  9465 D LiteRtRepository: Evaluate only the original survey target using all supplied answers.
09-24 14:46:38.073  9371  9465 D LiteRtRepository: Generate exactly one short English question addressing one unresolved target-required deficiency in EVAL_JSON. Use the original target, original answer and accumulated answered followup pairs. Do not repeat an earlier question or ask for information already provided. Never add new objectives. Output only the question on one line; no JSON, score, analysis, labels, or quotes.
09-24 14:46:38.073  9371  9465 D LiteRtRepository: Keep the question short and single-scope.
09-24 14:46:38.073  9371  9465 D LiteRtRepository: Exactly one English question on one line.
09-24 14:46:38.073  9371  9465 D LiteRtRepository: INPUT:
09-24 14:46:38.073  9371  9465 D LiteRtRepository: Expected answer target: Whether FAW affected the crop and, if yes, at least one concrete description of its effect, such as yield loss or a type of crop damage.
09-24 14:46:38.073  9371  9465 D LiteRtRepository: Question: Has fall armyworm ever affected your maize? If yes, how did it affect your crop?
09-24 14:46:38.073  9371  9465 D LiteRtRepository: Original answer: Yes, fall armyworm affected my maize.
09-24 14:46:38.073  9371  9465 D LiteRtRepository: Answered followup pairs: 
09-24 14:46:38.073  9371  9465 D LiteRtRepository: EVAL_JSON: {"score":45,"missing_points":["yield loss or crop damage description"]}
09-24 14:46:38.074  9371  9548 D SLM     : initializeIfNeeded: model='Gemma3n4B' image=false audio=false
09-24 14:46:38.075  9371  9548 D LiteRtLM: initializeIfNeeded: warm runtime already ready: key='Gemma3n4B|/data/user/0/com.negi.survey.local/files/gemma-3n-E4B-it-int4.litertlm'
09-24 14:46:38.076  9371  9465 D LiteRtRepository: [2] initializeIfNeeded ok initMs=4
09-24 14:46:38.077  9371  9548 D SLM     : runInference: model='Gemma3n4B' textLen=952 images=0 audio=0
09-24 14:46:38.078  9371  9465 D LiteRtLM: state[run:start] key='Gemma3n4B|/data/user/0/com.negi.survey.local/files/gemma-3n-E4B-it-int4.litertlm' runId=2 active=true terminated=false logicalDone=false cancel=false pendingCancel=false lastMsgAt=74148392 lastTermAt=74148357
09-24 14:46:38.078  9371  9465 D LiteRtLM: runInference start: key='Gemma3n4B|/data/user/0/com.negi.survey.local/files/gemma-3n-E4B-it-int4.litertlm' runId=2 hasText=true originalTextLen=952 effectiveTextLen=952 images=0 audioClips=0
09-24 14:46:38.078  9371  9465 D LiteRtLM: LiteRT-LM sendMessageAsync(text): key='Gemma3n4B|/data/user/0/com.negi.survey.local/files/gemma-3n-E4B-it-int4.litertlm' runId=2 len=952 maxOutputTokens=64
09-24 14:46:38.082  9371  9465 D LiteRtLM: sendMessageAsync accepted: key='Gemma3n4B|/data/user/0/com.negi.survey.local/files/gemma-3n-E4B-it-int4.litertlm' runId=2 dispatchMs=4
09-24 14:46:39.194  9371  9610 W LiteRtLM: Inference first output: key='Gemma3n4B|/data/user/0/com.negi.survey.local/files/gemma-3n-E4B-it-int4.litertlm' runId=2 ttftMs=1116 dispatchMs=4 postDispatchTtftMs=1112 requestToFirstOutputMs=1116
09-24 14:46:39.194  9371  9610 W LiteRtLM: Inference first output: key='Gemma3n4B|/data/user/0/com.negi.survey.local/files/gemma-3n-E4B-it-int4.litertlm' runId=2 ttftMs=1116 dispatchMs=4 postDispatchTtftMs=1112 requestToFirstOutputMs=1116
09-24 14:46:39.194  9371  9610 D LiteRtLM: stream[key=Gemma3n4B|/data/user/0/com.negi.survey.local/files/gemma-3n-E4B-it-int4.litertlm runId=2] msg#1 rawChunkLen=3 deltaLen=3 emittedChars=3
09-24 14:46:39.204  9371  9371 D LiteRtRepository: stream[rid=2 msg#1] done=false deltaLen=3 outLen=3 outPreview='Can' deltaPreview='Can'
09-24 14:46:39.204  9371  9465 D AiViewModel: run[2] chunk[1].preview='Can'
09-24 14:46:39.358  9371  9465 D AiViewModel: run[2] chunk[2].preview='␠you'
09-24 14:46:39.540  9371  9465 D AiViewModel: run[2] chunk[3].preview='␠describe'
09-24 14:46:39.680  9371  9465 D AiViewModel: run[2] chunk[4].preview='␠how'
09-24 14:46:39.873  9371  9465 D AiViewModel: run[2] chunk[5].preview='␠fall'
09-24 14:46:40.011  9371  9465 D AiViewModel: run[2] chunk[6].preview='␠army'
09-24 14:46:40.191  9371  9465 D AiViewModel: run[2] chunk[7].preview='worm'
09-24 14:46:40.337  9371  9371 D LiteRtRepository: stream[rid=2 msg#8] done=false deltaLen=9 outLen=43 outPreview='Can you describe how fall armyworm affected' deltaPreview=' affected'
09-24 14:46:40.338  9371  9466 D AiViewModel: run[2] chunk[8].preview='␠affected'
09-24 14:46:40.509  9371  9466 D AiViewModel: run[2] chunk[9].preview='␠your'
09-24 14:46:40.657  9371  9466 D AiViewModel: run[2] chunk[10].preview='␠maize'
09-24 14:46:40.842  9371  9466 D AiViewModel: run[2] chunk[11].preview='␠crop'
09-24 14:46:40.978  9371  9466 D AiViewModel: run[2] chunk[12].preview='?'
09-24 14:46:41.146  9371  9611 D LiteRtLM: state[logicalDone] key='Gemma3n4B|/data/user/0/com.negi.survey.local/files/gemma-3n-E4B-it-int4.litertlm' runId=2 active=true terminated=true logicalDone=true cancel=false pendingCancel=false lastMsgAt=74151292 lastTermAt=74151461
09-24 14:46:41.147  9371  9611 D LiteRtLM: state[nativeDone:beforeRelease] key='Gemma3n4B|/data/user/0/com.negi.survey.local/files/gemma-3n-E4B-it-int4.litertlm' runId=2 active=true terminated=true logicalDone=true cancel=false pendingCancel=false lastMsgAt=74151292 lastTermAt=74151461
09-24 14:46:41.147  9371  9611 W LiteRtLM: Inference timing: key='Gemma3n4B|/data/user/0/com.negi.survey.local/files/gemma-3n-E4B-it-int4.litertlm' runId=2 ttftMs=1116 dispatchMs=4 postDispatchTtftMs=1112 totalMs=3069 callbacks=12 outputChars=60 cancelled=false error=false requestTotalMs=3069
09-24 14:46:41.147  9371  9611 W LiteRtLM: Inference timing: key='Gemma3n4B|/data/user/0/com.negi.survey.local/files/gemma-3n-E4B-it-int4.litertlm' runId=2 ttftMs=1116 dispatchMs=4 postDispatchTtftMs=1112 totalMs=3069 callbacks=12 outputChars=60 cancelled=false error=false requestTotalMs=3069
09-24 14:46:41.147  9371  9611 I LiteRtLM: LiteRT completion: runId=2 terminal=normal_onDone phase=unavailable engineTokenCapacity=1024 prefillTokens=-1 decodeTokens=-1 kvTokens=-1 outputChars=60 callbacks=12
09-24 14:46:41.147  9371  9611 I LiteRtLM: LiteRT completion: runId=2 terminal=normal_onDone phase=unavailable engineTokenCapacity=1024 prefillTokens=-1 decodeTokens=-1 kvTokens=-1 outputChars=60 callbacks=12
09-24 14:46:41.160  9371  9371 D LiteRtRepository: [2] logical done=true; responseClosed=true; waiting native cleanup
09-24 14:46:41.160  9371  9371 D LiteRtRepository: [2] native cleanup safepoint
09-24 14:46:41.161  9371  9548 D SLM     : resetConversationAndWait: model='Gemma3n4B' image=false audio=false
09-24 14:46:41.162  9371  9466 D AiViewModel: run[2] stats: chunks=12, chars=60, raw.len=60
09-24 14:46:41.164  9371  9466 D AiViewModel: run[2] sha(raw)=23e1ebc92015b9f78450313441f0d85b67009f58666773af0e89683dbc770295
09-24 14:46:41.164  9371  9466 D AiViewModel: run[2] rawVisible='Can␠you␠describe␠how␠fall␠armyworm␠affected␠your␠maize␠crop?'
09-24 14:46:41.165  9371  9466 D AiViewModel: run[2]: FOLLOWUP parse extractorQ='Can␠you␠describe␠how␠fall␠armyworm␠affected␠your␠maize␠crop?' textQ='Can␠you␠describe␠how␠fall␠armyworm␠affected␠your␠maize␠crop?' best='Can␠you␠describe␠how␠fall␠armyworm␠affected␠your␠maize␠crop?'
09-24 14:46:41.165  9371  9466 D AiViewModel: stepHistory+ runId=2 phase=FOLLOWUP mode=FOLLOWUP_JSON_OR_TEXT raw.len=60 score=null FU=1 FU0='Can␠you␠describe␠how␠fall␠armyworm␠affected␠your␠maize␠crop?' timeout=false err=null
09-24 14:46:41.166  9371  9466 I AiViewModel: run[2] done: phase=FOLLOWUP mode=FOLLOWUP_JSON_OR_TEXT score=null FU0.len=60 FU0.sha16=23e1ebc92015b9f7 commit=false err=<none>
09-24 14:46:41.166  9371  9466 I FullTextOut: [part=000] run[2]: RawTextOut
09-24 14:46:41.166  9371  9466 I FullTextOut: Can you describe how fall armyworm affected your maize crop?
09-24 14:46:41.173  9371  9465 D LiteRtRepository: [2] Conversation reset completed after safepoint
09-24 14:46:41.174  9371  9466 D LiteRtRepository: [part=000] [2] FINALIZE: native-terminated
09-24 14:46:41.174  9371  9466 D LiteRtRepository: === AI TRACE STATS (LiteRtRepository) ===
09-24 14:46:41.174  9371  9466 D LiteRtRepository: rid=2 model='Gemma3n4B' reason=native-terminated
09-24 14:46:41.174  9371  9466 D LiteRtRepository: totalMs=3101 inferenceMs=3097 firstTokenMs=1127
09-24 14:46:41.174  9371  9466 D LiteRtRepository: logicalDone=true logicalDoneAt=74151474
09-24 14:46:41.174  9371  9466 D LiteRtRepository: nativeTerminated=true cancelTag='null'
09-24 14:46:41.174  9371  9466 D LiteRtRepository: lastDeltaMsAgo=196 lastEventMsAgo=14
09-24 14:46:41.174  9371  9466 D LiteRtRepository: chunks=12 emittedChars=60 capturedAll=true out.len=60
09-24 14:46:41.174  9371  9466 D LiteRtRepository: === OUTPUT (FULL) ===
09-24 14:46:41.174  9371  9466 D LiteRtRepository: Can you describe how fall armyworm affected your maize crop?
09-24 14:46:47.673  9371  9371 D InsetsController: show(ime())
09-24 14:46:47.673  9371  9371 I ImeTracker: com.negi.survey.local:dc440268: onRequestShow at ORIGIN_CLIENT reason SHOW_SOFT_INPUT_BY_INSETS_API fromUser false userId 0 displayId 0
09-24 14:46:47.673  9371  9371 D InsetsController: Setting requestedVisibleTypes to 511 (was 503)
09-24 14:46:47.688  9371  9371 I ImeTracker: com.negi.survey.local:3a749797: onRequestShow at ORIGIN_CLIENT reason SHOW_SOFT_INPUT fromUser false userId 0 displayId 0
09-24 14:46:47.688  9371  9371 D InsetsController: show(ime())
09-24 14:46:47.688  9371  9371 I ImeTracker: com.negi.survey.local:3a749797: onCancelled at PHASE_CLIENT_REPORT_REQUESTED_VISIBLE_TYPES
09-24 14:46:47.729  9371  9371 D WindowOnBackDispatcher: setTopOnBackInvokedCallback (unwrapped): android.view.ImeBackAnimationController@ea2e514
09-24 14:46:47.777  9371  9371 D VRI[MainActivity]: WindowInsets changed: ime:[0,0,0,1043] 
09-24 14:46:48.091  9371  9371 I ImeTracker: com.negi.survey.local:dc440268: onShown
09-24 14:46:50.865  9371  9371 W RemoteInputConnectionImpl: sendKeyEvent on inactive InputConnection
09-24 14:46:56.725  9371  9371 D InsetsController: hide(ime())
09-24 14:46:56.725  9371  9371 I ImeTracker: com.negi.survey.local:1c6e38e2: onRequestHide at ORIGIN_CLIENT reason HIDE_SOFT_INPUT_BY_INSETS_API fromUser false userId 0 displayId 0
09-24 14:46:56.725  9371  9371 D WindowOnBackDispatcher: setTopOnBackInvokedCallback (unwrapped): androidx.navigationevent.OnBackInvokedInput$createOnBackAnimationCallback$1@38fcda6
09-24 14:46:56.725  9371  9371 D InsetsController: Setting requestedVisibleTypes to 503 (was 511)
09-24 14:46:56.729  9371  9371 D SurveyVM: getEvalPrompt[Q8] -> len=438
09-24 14:46:56.731  9371  9466 D AiViewModel: run[3]: mode=EVAL_JSON phase=EVAL commit=true prompt.len=438, fullPrompt.len=2344, timeoutMs=120000
09-24 14:46:56.733  9371  9466 D AiViewModel: run[3]: sha(prompt)=78d4aa67be73d98b4da9b92edd15afa91d537dc3c90908da1b4b4c2e7d55f5d6 sha(full)=b54608e93584375f10e9e77a35ef88247ea11163c291b6724a75a7a8e3124fb3
09-24 14:46:56.734  9371  9466 I FullPromptReview: [part=000] run[3]: phase=EVAL FullPrompt
09-24 14:46:56.734  9371  9466 I FullPromptReview: Evaluate only the original survey target using all supplied answers.
09-24 14:46:56.734  9371  9466 I FullPromptReview: Return only compact JSON {"score":N,"missing_points":[],"followup_needed":false}. N must be an integer 1-100 for relevance, completeness and accuracy against the original target. Evaluate the original answer and all answered followup pairs together. Before emitting JSON, compare every candidate missing point against the original answer and every answered follow-up pair. If an answered follow-up directly supplies that information, do not include it in missing_points. Recompute score, missing_points, and followup_needed together as one consistent final decision. Separate relevance from completeness. An answer can discuss the right topic but still be incomplete. Score 90-100 only when the respondent explicitly provides every material component requested by the Expected answer target and Question. Do not infer missing details from general knowledge, plausibility, or a bare statement that an event occurred. A concise answer may be complete. A verbose or relevant answer that omits any material requested component must score below 90. For example, saying that an event occurred without describing its requested effect is incomplete. Consistency rule: if missing_points is non-empty or followup_needed is true, score must be an integer from 1 to 89. Scores 90-100 are allowed only when missing_points=[] and followup_needed=false. Never use score 90 as a borderline value when anything is missing. For any score below 90, missing_points must contain the specific missing or ambiguous target-required information and followup_needed must be true. Otherwise missing_points is empty and followup_needed is false. Do not generate a question. Do not penalize style or request information outside the target. Write missing_points in English.
09-24 14:46:56.734  9371  9466 I FullPromptReview: Keep missing_points concise.
09-24 14:46:56.734  9371  9466 I FullPromptReview: One JSON object only; no markdown or generated question.
09-24 14:46:56.734  9371  9466 I FullPromptReview: INPUT:
09-24 14:46:56.734  9371  9466 I FullPromptReview: Expected answer target: Whether FAW affected the crop and, if yes, at least one concrete description of its effect, such as yield loss or a type of crop damage.
09-24 14:46:56.734  9371  9466 I FullPromptReview: Question: Has fall armyworm ever affected your maize? If yes, how did it affect your crop?
09-24 14:46:56.734  9371  9466 I FullPromptReview: Original answer: Yes, fall armyworm affected my maize.
09-24 14:46:56.734  9371  9466 I FullPromptReview: Answered followup pairs: Follow-up 1: Can you describe how fall armyworm affected your maize crop?
09-24 14:46:56.734  9371  9466 I FullPromptReview: Answer 1: It damaged the leaves.
09-24 14:46:56.737  9371  9466 D LiteRtRepository: [3] request start model='Gemma3n4B' prompt.len=2344 sha=b54608e93584375f gateWaitMs=2
09-24 14:46:56.737  9371  9466 D LiteRtRepository: [part=000] [3] PROMPT (FULL) sha=b54608e93584375f
09-24 14:46:56.737  9371  9466 D LiteRtRepository: Evaluate only the original survey target using all supplied answers.
09-24 14:46:56.737  9371  9466 D LiteRtRepository: Return only compact JSON {"score":N,"missing_points":[],"followup_needed":false}. N must be an integer 1-100 for relevance, completeness and accuracy against the original target. Evaluate the original answer and all answered followup pairs together. Before emitting JSON, compare every candidate missing point against the original answer and every answered follow-up pair. If an answered follow-up directly supplies that information, do not include it in missing_points. Recompute score, missing_points, and followup_needed together as one consistent final decision. Separate relevance from completeness. An answer can discuss the right topic but still be incomplete. Score 90-100 only when the respondent explicitly provides every material component requested by the Expected answer target and Question. Do not infer missing details from general knowledge, plausibility, or a bare statement that an event occurred. A concise answer may be complete. A verbose or relevant answer that omits any material requested component must score below 90. For example, saying that an event occurred without describing its requested effect is incomplete. Consistency rule: if missing_points is non-empty or followup_needed is true, score must be an integer from 1 to 89. Scores 90-100 are allowed only when missing_points=[] and followup_needed=false. Never use score 90 as a borderline value when anything is missing. For any score below 90, missing_points must contain the specific missing or ambiguous target-required information and followup_needed must be true. Otherwise missing_points is empty and followup_needed is false. Do not generate a question. Do not penalize style or request information outside the target. Write missing_points in English.
09-24 14:46:56.737  9371  9466 D LiteRtRepository: Keep missing_points concise.
09-24 14:46:56.737  9371  9466 D LiteRtRepository: One JSON object only; no markdown or generated question.
09-24 14:46:56.737  9371  9466 D LiteRtRepository: INPUT:
09-24 14:46:56.737  9371  9466 D LiteRtRepository: Expected answer target: Whether FAW affected the crop and, if yes, at least one concrete description of its effect, such as yield loss or a type of crop damage.
09-24 14:46:56.737  9371  9466 D LiteRtRepository: Question: Has fall armyworm ever affected your maize? If yes, how did it affect your crop?
09-24 14:46:56.737  9371  9466 D LiteRtRepository: Original answer: Yes, fall armyworm affected my maize.
09-24 14:46:56.737  9371  9466 D LiteRtRepository: Answered followup pairs: Follow-up 1: Can you describe how fall armyworm affected your maize crop?
09-24 14:46:56.737  9371  9466 D LiteRtRepository: Answer 1: It damaged the leaves.
09-24 14:46:56.739  9371  9548 D SLM     : initializeIfNeeded: model='Gemma3n4B' image=false audio=false
09-24 14:46:56.741  9371  9548 D LiteRtLM: initializeIfNeeded: warm runtime already ready: key='Gemma3n4B|/data/user/0/com.negi.survey.local/files/gemma-3n-E4B-it-int4.litertlm'
09-24 14:46:56.742  9371  9371 D VRI[MainActivity]: WindowInsets changed: ime:null 
09-24 14:46:56.744  9371  9466 D LiteRtRepository: [3] initializeIfNeeded ok initMs=6
09-24 14:46:56.745  9371  9548 D SLM     : runInference: model='Gemma3n4B' textLen=2344 images=0 audio=0
09-24 14:46:56.747  9371  9431 D LiteRtLM: state[run:start] key='Gemma3n4B|/data/user/0/com.negi.survey.local/files/gemma-3n-E4B-it-int4.litertlm' runId=3 active=true terminated=false logicalDone=false cancel=false pendingCancel=false lastMsgAt=74167061 lastTermAt=74151461
09-24 14:46:56.750  9371  9431 D LiteRtLM: runInference start: key='Gemma3n4B|/data/user/0/com.negi.survey.local/files/gemma-3n-E4B-it-int4.litertlm' runId=3 hasText=true originalTextLen=2344 effectiveTextLen=2344 images=0 audioClips=0
09-24 14:46:56.752  9371  9431 D LiteRtLM: LiteRT-LM sendMessageAsync(text): key='Gemma3n4B|/data/user/0/com.negi.survey.local/files/gemma-3n-E4B-it-int4.litertlm' runId=3 len=2344 maxOutputTokens=64
09-24 14:46:56.766  9371  9431 D LiteRtLM: sendMessageAsync accepted: key='Gemma3n4B|/data/user/0/com.negi.survey.local/files/gemma-3n-E4B-it-int4.litertlm' runId=3 dispatchMs=15
09-24 14:46:56.768  9371  9371 I ImeTracker: com.negi.survey.local:dd20f7: onCancelled at PHASE_CLIENT_ON_CONTROLS_CHANGED
09-24 14:46:56.912  9371  9371 I ImeTracker: system_server:57b3cd50: onCancelled at PHASE_CLIENT_ON_CONTROLS_CHANGED
09-24 14:46:58.661  9371  9610 W LiteRtLM: Inference first output: key='Gemma3n4B|/data/user/0/com.negi.survey.local/files/gemma-3n-E4B-it-int4.litertlm' runId=3 ttftMs=1910 dispatchMs=15 postDispatchTtftMs=1895 requestToFirstOutputMs=1914
09-24 14:46:58.661  9371  9610 W LiteRtLM: Inference first output: key='Gemma3n4B|/data/user/0/com.negi.survey.local/files/gemma-3n-E4B-it-int4.litertlm' runId=3 ttftMs=1910 dispatchMs=15 postDispatchTtftMs=1895 requestToFirstOutputMs=1914
09-24 14:46:58.661  9371  9610 D LiteRtLM: stream[key=Gemma3n4B|/data/user/0/com.negi.survey.local/files/gemma-3n-E4B-it-int4.litertlm runId=3] msg#1 rawChunkLen=2 deltaLen=2 emittedChars=2
09-24 14:46:58.662  9371  9371 D LiteRtRepository: stream[rid=3 msg#1] done=false deltaLen=2 outLen=2 outPreview='{"' deltaPreview='{"'
09-24 14:46:58.663  9371  9431 D AiViewModel: run[3] chunk[1].preview='{"'
09-24 14:46:58.832  9371  9431 D AiViewModel: run[3] chunk[2].preview='score'
09-24 14:46:58.995  9371  9431 D AiViewModel: run[3] chunk[3].preview='":'
09-24 14:46:59.160  9371  9431 D AiViewModel: run[3] chunk[4].preview='9'
09-24 14:46:59.324  9371  9431 D AiViewModel: run[3] chunk[5].preview='5'
09-24 14:46:59.489  9371  9431 D AiViewModel: run[3] chunk[6].preview=',"'
09-24 14:46:59.660  9371  9431 D AiViewModel: run[3] chunk[7].preview='missing'
09-24 14:46:59.808  9371  9371 D LiteRtRepository: stream[rid=3 msg#8] done=false deltaLen=1 outLen=21 outPreview='{"score":95,"missing_' deltaPreview='_'
09-24 14:46:59.809  9371  9431 D AiViewModel: run[3] chunk[8].preview='_'
09-24 14:46:59.977  9371  9431 D AiViewModel: run[3] chunk[9].preview='points'
09-24 14:47:00.135  9371  9431 D AiViewModel: run[3] chunk[10].preview='":[],'
09-24 14:47:00.312  9371  9431 D AiViewModel: run[3] chunk[11].preview='"'
09-24 14:47:00.457  9371  9431 D AiViewModel: run[3] chunk[12].preview='follow'
09-24 14:47:00.644  9371  9431 D AiViewModel: run[3] chunk[13].preview='up'
09-24 14:47:00.782  9371  9431 D AiViewModel: run[3] chunk[14].preview='_'
09-24 14:47:00.960  9371  9431 D AiViewModel: run[3] chunk[15].preview='needed'
09-24 14:47:01.104  9371  9610 D LiteRtLM: stream[key=Gemma3n4B|/data/user/0/com.negi.survey.local/files/gemma-3n-E4B-it-int4.litertlm runId=3] msg#16 rawChunkLen=2 deltaLen=2 emittedChars=50
09-24 14:47:01.109  9371  9371 D LiteRtRepository: stream[rid=3 msg#16] done=false deltaLen=2 outLen=50 outPreview='{"score":95,"missing_points":[],"followup_needed":' deltaPreview='":'
09-24 14:47:01.109  9371  9431 D AiViewModel: run[3] chunk[16].preview='":'
09-24 14:47:01.277  9371  9431 D AiViewModel: run[3] chunk[17].preview='false'
09-24 14:47:01.445  9371  9431 D AiViewModel: run[3] chunk[18].preview='}'
09-24 14:47:01.591  9371  9611 D LiteRtLM: state[logicalDone] key='Gemma3n4B|/data/user/0/com.negi.survey.local/files/gemma-3n-E4B-it-int4.litertlm' runId=3 active=true terminated=true logicalDone=true cancel=false pendingCancel=false lastMsgAt=74171738 lastTermAt=74171906
09-24 14:47:01.592  9371  9611 D LiteRtLM: state[nativeDone:beforeRelease] key='Gemma3n4B|/data/user/0/com.negi.survey.local/files/gemma-3n-E4B-it-int4.litertlm' runId=3 active=true terminated=true logicalDone=true cancel=false pendingCancel=false lastMsgAt=74171738 lastTermAt=74171906
09-24 14:47:01.592  9371  9611 W LiteRtLM: Inference timing: key='Gemma3n4B|/data/user/0/com.negi.survey.local/files/gemma-3n-E4B-it-int4.litertlm' runId=3 ttftMs=1910 dispatchMs=15 postDispatchTtftMs=1895 totalMs=4841 callbacks=18 outputChars=56 cancelled=false error=false requestTotalMs=4845
09-24 14:47:01.592  9371  9611 W LiteRtLM: Inference timing: key='Gemma3n4B|/data/user/0/com.negi.survey.local/files/gemma-3n-E4B-it-int4.litertlm' runId=3 ttftMs=1910 dispatchMs=15 postDispatchTtftMs=1895 totalMs=4841 callbacks=18 outputChars=56 cancelled=false error=false requestTotalMs=4845
09-24 14:47:01.592  9371  9611 I LiteRtLM: LiteRT completion: runId=3 terminal=normal_onDone phase=unavailable engineTokenCapacity=1024 prefillTokens=-1 decodeTokens=-1 kvTokens=-1 outputChars=56 callbacks=18
09-24 14:47:01.593  9371  9611 I LiteRtLM: LiteRT completion: runId=3 terminal=normal_onDone phase=unavailable engineTokenCapacity=1024 prefillTokens=-1 decodeTokens=-1 kvTokens=-1 outputChars=56 callbacks=18
09-24 14:47:01.593  9371  9371 D LiteRtRepository: [3] logical done=true; responseClosed=true; waiting native cleanup
09-24 14:47:01.594  9371  9371 D LiteRtRepository: [3] native cleanup safepoint
09-24 14:47:01.594  9371  9548 D SLM     : resetConversationAndWait: model='Gemma3n4B' image=false audio=false
09-24 14:47:01.595  9371  9466 D AiViewModel: run[3] stats: chunks=18, chars=56, raw.len=56
09-24 14:47:01.597  9371  9466 D AiViewModel: run[3] sha(raw)=d582f4f94d38ce300b82f3aeedbda2d18275f3f88b20e7a1ca4fadec505e90e3
09-24 14:47:01.598  9371  9466 D AiViewModel: run[3] rawVisible='{"score":95,"missing_points":[],"followup_needed":false}'
09-24 14:47:01.602  9371  9459 D LiteRtRepository: [3] Conversation reset completed after safepoint
09-24 14:47:01.602  9371  9466 D AiViewModel: run[3]: EVAL_JSON parsed score=95 followups=0 fu0=''
09-24 14:47:01.603  9371  9459 D LiteRtRepository: [part=000] [3] FINALIZE: native-terminated
09-24 14:47:01.603  9371  9459 D LiteRtRepository: === AI TRACE STATS (LiteRtRepository) ===
09-24 14:47:01.603  9371  9459 D LiteRtRepository: rid=3 model='Gemma3n4B' reason=native-terminated
09-24 14:47:01.603  9371  9459 D LiteRtRepository: totalMs=4867 inferenceMs=4858 firstTokenMs=1917
09-24 14:47:01.603  9371  9459 D LiteRtRepository: logicalDone=true logicalDoneAt=74171907
09-24 14:47:01.603  9371  9459 D LiteRtRepository: nativeTerminated=true cancelTag='null'
09-24 14:47:01.603  9371  9459 D LiteRtRepository: lastDeltaMsAgo=159 lastEventMsAgo=9
09-24 14:47:01.603  9371  9459 D LiteRtRepository: chunks=18 emittedChars=56 capturedAll=true out.len=56
09-24 14:47:01.603  9371  9459 D LiteRtRepository: === OUTPUT (FULL) ===
09-24 14:47:01.603  9371  9459 D LiteRtRepository: {"score":95,"missing_points":[],"followup_needed":false}
09-24 14:47:01.603  9371  9466 D AiViewModel: stepHistory+ runId=3 phase=EVAL mode=EVAL_JSON raw.len=56 score=95 FU=0 FU0='<none>' timeout=false err=null
09-24 14:47:01.603  9371  9466 I AiViewModel: run[3] done: phase=EVAL mode=EVAL_JSON score=95 FU0.len=0 FU0.sha16=none commit=true err=<none>
09-24 14:47:01.603  9371  9466 I FullTextOut: [part=000] run[3]: RawTextOut
09-24 14:47:01.603  9371  9466 I FullTextOut: {"score":95,"missing_points":[],"followup_needed":false}
09-24 14:47:01.604  9371  9466 D AiViewModel: chain2: step2 skipped (score=95, followups=0, timedOut=false, rawPreview='{"score":95,"missing_points":[],"followup_needed":false}')
09-24 14:48:56.506  9371  9371 D VRI[MainActivity]: visibilityChanged oldVisibility=true newVisibility=false
09-24 14:48:56.571  9371  9371 I AutofillManager: onInvisibleForAutofill(): expiringResponse
09-24 14:49:02.276  9669  9669 I Zygote  : Process 9669 created for com.negi.survey.local
09-24 14:49:02.277  9669  9669 I gi.survey.local: Late-enabling -Xcheck:jni
09-24 14:49:02.310  9669  9669 I gi.survey.local: Using CollectorTypeCMC GC.
09-24 14:49:02.318  9669  9669 D nativeloader: Load libframework-connectivity-tiramisu-jni.so using APEX ns com_android_tethering for caller /apex/com.android.tethering/javalib/framework-connectivity-t.jar: ok
09-24 14:49:02.350  9669  9669 D ApplicationLoaders: Returning zygote-cached class loader: /system_ext/framework/androidx.window.extensions.jar
09-24 14:49:02.350  9669  9669 D ApplicationLoaders: Returning zygote-cached class loader: /system_ext/framework/androidx.window.sidecar.jar
09-24 14:49:02.766  9669  9669 D nativeloader: Configuring clns-9 for other apk /data/app/~~-3nyfcUKRB303I7d7GfG-Q==/com.negi.survey.local-SZi838bVTTVpO9NS2Vyg6A==/base.apk. target_sdk_version=36, uses_libraries=libOpenCL.so:libOpenCL-pixel.so, library_path=/data/app/~~-3nyfcUKRB303I7d7GfG-Q==/com.negi.survey.local-SZi838bVTTVpO9NS2Vyg6A==/lib/arm64:/data/app/~~-3nyfcUKRB303I7d7GfG-Q==/com.negi.survey.local-SZi838bVTTVpO9NS2Vyg6A==/base.apk!/lib/arm64-v8a, permitted_path=/data:/mnt/expand:/data/user/0/com.negi.survey.local
09-24 14:49:02.777  9669  9669 V GraphicsEnvironment: Currently set values for:
09-24 14:49:02.777  9669  9669 V GraphicsEnvironment:   angle_gl_driver_selection_pkgs=[com.android.angle]
09-24 14:49:02.777  9669  9669 V GraphicsEnvironment:   angle_gl_driver_selection_values=[angle]
09-24 14:49:02.777  9669  9669 V GraphicsEnvironment: com.negi.survey.local is not listed in per-application setting
09-24 14:49:02.777  9669  9669 V GraphicsEnvironment: No special selections for ANGLE, returning default driver choice
09-24 14:49:02.777  9669  9669 V GraphicsEnvironment: Neither updatable production driver nor prerelease driver is supported.
09-24 14:49:02.811  9669  9669 D nativeloader: Load /data/app/~~-3nyfcUKRB303I7d7GfG-Q==/com.negi.survey.local-SZi838bVTTVpO9NS2Vyg6A==/base.apk!/lib/arm64-v8a/liblitertlm_jni.so using class loader ns clns-9 (caller=/data/app/~~-3nyfcUKRB303I7d7GfG-Q==/com.negi.survey.local-SZi838bVTTVpO9NS2Vyg6A==/base.apk!classes10.dex): ok
09-24 14:49:02.811  9669  9669 D SurveyApp: Loaded LiteRTLM JNI: litertlm_jni where=attachBaseContext
09-24 14:49:02.822  9669  9669 D AppRingLogStore: installed: dir=/data/user/0/com.negi.survey.local/files/diagnostics/applog_ring idx=0
09-24 14:49:02.822  9669  9669 D SurveyApp: attachBaseContext: pid=9669 process=com.negi.survey.local isMain=true sdk=36
09-24 14:49:02.822  9669  9669 D SurveyApp: bootTiming: attachBaseContext total=34ms
09-24 14:49:02.822  9669  9669 D SurveyApp: Skipping WorkManager init in attachBaseContext; will init lazily on first enqueue.
09-24 14:49:02.824  9669  9669 D CrashCapture: install: ensured default handler. where=SurveyApp:attachBaseContext pid=9669 default=com.negi.survey.CrashCapture$CrashHandler@8a08768
09-24 14:49:02.824  9669  9669 D SurveyApp: CrashCapture installed: where=SurveyApp:attachBaseContext
09-24 14:49:02.832  9669  9687 D RuntimeLogStore: openWriter: start -> /data/user/0/com.negi.survey.local/files/diagnostics/runtime_logs/rtlog_20260924_214902_818_pid9669_seq1.log (bytes=0 format=LEGACY)
09-24 14:49:02.833  9669  9669 E gi.survey.local: hiddenapi: Accessing hidden method Landroid/net/ssl/EchConfigMismatchException;->getRetryConfigList()Landroid/net/ssl/EchConfigList; (runtime_flags=0, domain=core-platform, api=blocked) from /data/app/~~-3nyfcUKRB303I7d7GfG-Q==/com.negi.survey.local-SZi838bVTTVpO9NS2Vyg6A==/base.apk!classes17.dex (domain=app, TargetSdkVersion=36) using linking: denied
09-24 14:49:02.833  9669  9669 E gi.survey.local: hiddenapi: Accessing hidden method Landroid/net/ssl/EchConfigList;->toBytes()[B (runtime_flags=0, domain=core-platform, api=blocked) from /data/app/~~-3nyfcUKRB303I7d7GfG-Q==/com.negi.survey.local-SZi838bVTTVpO9NS2Vyg6A==/base.apk!classes17.dex (domain=app, TargetSdkVersion=36) using linking: denied
09-24 14:49:02.833  9669  9669 E gi.survey.local: hiddenapi: Accessing hidden method Landroid/net/ssl/EchConfigList;->fromBytes([B)Landroid/net/ssl/EchConfigList; (runtime_flags=0, domain=core-platform, api=blocked) from /data/app/~~-3nyfcUKRB303I7d7GfG-Q==/com.negi.survey.local-SZi838bVTTVpO9NS2Vyg6A==/base.apk!classes17.dex (domain=app, TargetSdkVersion=36) using linking: denied
09-24 14:49:02.833  9669  9669 E gi.survey.local: hiddenapi: Accessing hidden method Landroid/net/ssl/SSLSockets;->setEchConfigList(Ljavax/net/ssl/SSLSocket;Landroid/net/ssl/EchConfigList;)V (runtime_flags=0, domain=core-platform, api=blocked) from /data/app/~~-3nyfcUKRB303I7d7GfG-Q==/com.negi.survey.local-SZi838bVTTVpO9NS2Vyg6A==/base.apk!classes17.dex (domain=app, TargetSdkVersion=36) using linking: denied
09-24 14:49:02.834  9669  9687 D RuntimeLogStore: retention: start files=2 kept=2 totalBytes=40862
09-24 14:49:02.836  9669  9669 D SurveyApp: LiteRTLM JNI already loaded; skip. where=onCreate(retry)
09-24 14:49:02.837  9669  9669 D SurveyApp: bootTiming: RuntimeLogStore.start took=0ms
09-24 14:49:02.837  9669  9669 D SurveyApp: bootTiming: AppRingLogStore.install took=0ms
09-24 14:49:02.837  9669  9669 D SurveyApp: onCreate: pid=9669 process=com.negi.survey.local isMain=true sdk=36
09-24 14:49:02.841  9669  9669 D CrashCapture: install: ensured default handler. where=SurveyApp:onCreate(rewrap) pid=9669 default=com.negi.survey.CrashCapture$CrashHandler@8a08768
09-24 14:49:02.841  9669  9669 D SurveyApp: CrashCapture installed: where=SurveyApp:onCreate(rewrap)
09-24 14:49:02.841  9669  9669 D CrashCapture: registerSelfHealing: ActivityLifecycleCallbacks registered. mode=onResumedOnly
09-24 14:49:02.841  9669  9669 D SurveyApp: CrashCapture self-healing registered.
09-24 14:49:02.841  9669  9669 W SurveyApp: Startup enqueues deferred: delay=2500ms (to reduce init contention)
09-24 14:49:02.842  9669  9669 D SurveyApp: Startup survey recovery deferred: delay=2500ms
09-24 14:49:02.842  9669  9669 D SurveyApp: bootTiming: onCreate total=6ms
09-24 14:49:02.845  9669  9689 I DisplayManager: Choreographer implicitly registered for the refresh rate.
09-24 14:49:02.846  9669  9689 D vulkan  : searching for layers in '/data/app/~~-3nyfcUKRB303I7d7GfG-Q==/com.negi.survey.local-SZi838bVTTVpO9NS2Vyg6A==/lib/arm64'
09-24 14:49:02.846  9669  9689 D vulkan  : searching for layers in '/data/app/~~-3nyfcUKRB303I7d7GfG-Q==/com.negi.survey.local-SZi838bVTTVpO9NS2Vyg6A==/base.apk!/lib/arm64-v8a'
09-24 14:49:02.851  9669  9669 D DesktopExperienceFlags: Toggle override initialized to: false
09-24 14:49:02.862  9669  9669 D CompatChangeReporter: Compat change id reported: 377864165; UID 14912; state: ENABLED
09-24 14:49:02.862  9669  9669 D DesktopModeFlags: Toggle override initialized to: OVERRIDE_UNSET
09-24 14:49:02.879  9669  9669 I ContentCaptureHelper: Setting logging level to OFF
09-24 14:49:02.891  9669  9669 D CrashCapture: install: ensured default handler. where=selfHeal:onActivityResumed pid=9669 default=com.negi.survey.CrashCapture$CrashHandler@8a08768
09-24 14:49:02.920  9669  9669 D WindowOnBackDispatcher: setTopOnBackInvokedCallback (unwrapped): android.app.Activity$$ExternalSyntheticLambda0@53f7117
09-24 14:49:03.018  9669  9669 D WM-PackageManagerHelper: Skipping component enablement for androidx.work.impl.background.systemjob.SystemJobService
09-24 14:49:03.018  9669  9669 D WM-Schedulers: Created SystemJobScheduler and enabled SystemJobService
09-24 14:49:03.019  9669  9704 D WM-ForceStopRunnable: Is default app process = true
09-24 14:49:03.021  9669  9704 D WM-ForceStopRunnable: Performing cleanup operations.
09-24 14:49:03.039  9669  9704 D WM-SystemJobScheduler: Reconciling jobs
09-24 14:49:03.049  9669  9704 D WM-ForceStopRunnable: Application was force-stopped, rescheduling.
09-24 14:49:03.062  9669  9706 I gi.survey.local: hiddenapi: Accessing hidden method Landroid/database/sqlite/SQLiteDatabase;->getThreadSession()Landroid/database/sqlite/SQLiteSession; (runtime_flags=0, domain=platform, api=unsupported) from Landroidx/sqlite/db/framework/FrameworkSQLiteDatabase; (domain=app, TargetSdkVersion=36) using reflection: allowed
09-24 14:49:03.062  9669  9706 I gi.survey.local: hiddenapi: Accessing hidden method Landroid/database/sqlite/SQLiteSession;->beginTransaction(ILandroid/database/sqlite/SQLiteTransactionListener;ILandroid/os/CancellationSignal;)V (runtime_flags=0, domain=platform, api=unsupported) from Landroidx/sqlite/db/framework/FrameworkSQLiteDatabase; (domain=app, TargetSdkVersion=36) using reflection: allowed
09-24 14:49:03.076  9669  9707 D WM-PackageManagerHelper: Skipping component enablement for androidx.work.impl.background.systemalarm.RescheduleReceiver
09-24 14:49:03.083  9669  9669 D VRI[MainActivity]: WindowInsets changed: 1080x2424 statusBars:[0,152,0,0] navigationBars:[0,0,0,69] mandatorySystemGestures:[0,187,0,92] 
09-24 14:49:03.094  9669  9669 I HWUI    : Using FreeType backend (prop=Auto)
09-24 14:49:03.161  9669  9669 I gi.survey.local: hiddenapi: Accessing hidden method Landroid/os/SystemProperties;->addChangeCallback(Ljava/lang/Runnable;)V (runtime_flags=0, domain=platform, api=unsupported) from Landroidx/compose/ui/platform/AndroidComposeView$Companion; (domain=app, TargetSdkVersion=36) using reflection: allowed
09-24 14:49:03.198  9669  9669 D InsetsController: hide(ime())
09-24 14:49:03.198  9669  9669 I ImeTracker: com.negi.survey.local:75be7e45: onCancelled at PHASE_CLIENT_ALREADY_HIDDEN
09-24 14:49:03.345  9669  9674 I gi.survey.local: Compiler allocated 5038KB to compile void android.view.ViewRootImpl.performTraversals()
09-24 14:49:03.390  9669  9669 D IntroScreen: Resolved config details: id=survey_config10.yaml in 227ms
09-24 14:49:05.345  9669  9669 W SurveyApp: Deferred startup enqueues begin...
09-24 14:49:05.346  9669  9669 D SurveyApp: WorkManager available. where=startupRtLogs(immediate) took=0ms
09-24 14:49:05.355  9669  9669 D SurveyApp: Startup runtime logs target -> owner=ishizuki-tech repo=SurveyExports branch=main base='/diagnostics/runtime_logs'
09-24 14:49:05.364  9669  9669 D github_upload: enqueueStartupRuntimeLogsUpload: uniqueName=upload_runtime_logs_startup policy=KEEP session=startup_runtime_20260924_214905_24bf58ce
09-24 14:49:05.365  9669  9669 D SurveyApp: Startup runtime logs: enqueue requested (immediate).
09-24 14:49:05.365  9669  9669 D SurveyApp: WorkManager available. where=startupRingLogs(immediate) took=0ms
09-24 14:49:05.366  9669  9669 D SurveyApp: Startup ring logs target -> owner=ishizuki-tech repo=SurveyExports branch=main base='/diagnostics/applog_ring'
09-24 14:49:05.367  9669  9669 D github_upload: enqueueStartupRingLogsUpload: uniqueName=upload_ring_logs_startup policy=KEEP session=startup_ring_20260924_214905_8de24e33
09-24 14:49:05.367  9669  9669 D SurveyApp: Startup ring logs: enqueue requested (immediate).
09-24 14:49:05.367  9669  9669 D SurveyApp: WorkManager available. where=enqueuePending(immediate) took=0ms
09-24 14:49:05.367  9669  9669 D SurveyApp: CrashCapture pending uploads requested (immediate).
09-24 14:49:05.367  9669  9669 W SurveyApp: Deferred startup enqueues done: took=22ms
09-24 14:49:05.368  9669  9702 D SurveyApp: Survey recovery WorkManager available. where=startupSurveyUploads(initial) took=0ms
09-24 14:49:05.368  9669  9720 D CrashCapture: enqueuePendingCrashUploadsIfPossible enter where=SurveyApp:enqueuePending(immediate):bg pid=9669 thread=CrashCapture-Enqueue
09-24 14:49:05.370  9669  9702 D SurveyApp: Startup survey recovery complete: discovered=0 attempted=0 submitted=0 active=0 trackerUnconfirmed=0 uploaded=0 deferred=0 invalid=0 operationalFailures=0 duplicates=0 unclassified=0
09-24 14:49:05.390  9669  9706 D WM-SystemJobScheduler: Scheduling work ID 4f909d45-a709-4cf9-844a-a4262a11e9e3Job ID 72
09-24 14:49:05.395  9669  9706 D WM-GreedyScheduler: Starting tracking for 4f909d45-a709-4cf9-844a-a4262a11e9e3
09-24 14:49:05.399  9669  9669 D WM-SystemJobService: onStartJob for WorkGenerationalId(workSpecId=4f909d45-a709-4cf9-844a-a4262a11e9e3, generation=0)
09-24 14:49:05.411  9669  9706 D WM-SystemJobScheduler: Scheduling work ID 8bd789dd-2674-49f0-8fd8-ec3222a3dedbJob ID 73
09-24 14:49:05.415  9669  9706 D WM-GreedyScheduler: Starting tracking for 8bd789dd-2674-49f0-8fd8-ec3222a3dedb,4f909d45-a709-4cf9-844a-a4262a11e9e3
09-24 14:49:05.415  9669  9669 D WM-SystemJobService: onStartJob for WorkGenerationalId(workSpecId=8bd789dd-2674-49f0-8fd8-ec3222a3dedb, generation=0)
09-24 14:49:05.422  9669  9706 D WM-Processor: Processor: processing WorkGenerationalId(workSpecId=4f909d45-a709-4cf9-844a-a4262a11e9e3, generation=0)
09-24 14:49:05.425  9669  9706 D WM-Processor: Processor: processing WorkGenerationalId(workSpecId=8bd789dd-2674-49f0-8fd8-ec3222a3dedb, generation=0)
09-24 14:49:05.434  9669  9669 D WM-WorkerWrapper: Starting work for com.negi.survey.net.GitHubUploadWorker
09-24 14:49:05.437  9669  9669 D WM-WorkerWrapper: Starting work for com.negi.survey.net.GitHubUploadWorker
09-24 14:49:05.439  9669  9706 D WM-WorkConstraintsTrack: NetworkRequestConstraintController register shared callback
