=== Previous Session Logcat ===
captured_time_utc=20260924_030425
captured_time_local=20260923_200425
marker=2026-09-23 20:03:51.028
preferred_prev_pid=-1
note=best-effort; buffers may be overwritten before next start
sdk=36
device=Google Pixel 9a
appId=com.negi.survey
versionName=0.0.1
versionCode=88

=== Logcat (since marker) ===
--------- beginning of main
09-23 20:03:51.028 15512 15601 D CrashCapture: Staged prev session logcat: /data/user/0/com.negi.survey/files/diagnostics/crash/prevlog_20260924_030350_pid15512.log bytes=17777 marker=2026-09-23 18:53:25.456 pid=-1
09-23 20:03:51.033 15512 15601 D CrashCapture: Persisted logcat marker for next run: 2026-09-23 20:03:51.028
09-23 20:03:51.035 15512 15601 D CrashCapture: GitHub hints: owner=ishizuki-tech repo=SurveyExports branch=main pathPrefix=diagnostics/crash
09-23 20:03:51.035 15512 15601 D CrashCapture: Enqueuing GitHub crash uploads… (mirror-first) where=SurveyApp:enqueuePending(immediate):bg
09-23 20:03:51.038 15512 15601 D CrashCapture: GitHub enqueue(crash file): name=prevlog_20260924_030350_pid15512.log bytes=17777 remote=prevlog_20260924_030350_pid15512.log where=SurveyApp:enqueuePending(immediate):bg
09-23 20:03:51.048 15512 15601 D CrashCapture: GitHub enqueue(ring file): bytes=816 remote=ring_store/20260924_030351_pid15512_u781359/seg_00.log src=seg_00.log where=SurveyApp:enqueuePending(immediate):bg
09-23 20:03:51.049 15512 15601 D CrashCapture: Ring store enqueue done. dir=/data/user/0/com.negi.survey/files/diagnostics/applog_ring files=1 bytes=816 capFiles=300 capBytes=90000000 where=SurveyApp:enqueuePending(immediate):bg
09-23 20:03:51.080 15512 15589 D WM-SystemJobScheduler: Scheduling work ID ed3acdca-7bdf-45a8-8166-543595e26af4Job ID 4
09-23 20:03:51.093 15512 15512 D WM-SystemJobService: onStartJob for WorkGenerationalId(workSpecId=ed3acdca-7bdf-45a8-8166-543595e26af4, generation=0)
09-23 20:03:51.096 15512 15589 D WM-GreedyScheduler: Starting tracking for ed3acdca-7bdf-45a8-8166-543595e26af4
09-23 20:03:51.127 15512 15589 D WM-SystemJobScheduler: Scheduling work ID e4f88c42-e6c6-4072-8787-340baf0c1035Job ID 5
09-23 20:03:51.138 15512 15512 D WM-SystemJobService: onStartJob for WorkGenerationalId(workSpecId=e4f88c42-e6c6-4072-8787-340baf0c1035, generation=0)
09-23 20:03:51.141 15512 15589 D WM-GreedyScheduler: Starting tracking for e4f88c42-e6c6-4072-8787-340baf0c1035,ed3acdca-7bdf-45a8-8166-543595e26af4
09-23 20:03:51.150 15512 15589 D WM-Processor: Processor: processing WorkGenerationalId(workSpecId=ed3acdca-7bdf-45a8-8166-543595e26af4, generation=0)
09-23 20:03:51.156 15512 15589 D WM-Processor: Processor: processing WorkGenerationalId(workSpecId=e4f88c42-e6c6-4072-8787-340baf0c1035, generation=0)
09-23 20:03:51.168 15512 15512 D WM-WorkerWrapper: Starting work for com.negi.survey.net.GitHubUploadWorker
09-23 20:03:51.177 15512 15512 D WM-WorkerWrapper: Starting work for com.negi.survey.net.GitHubUploadWorker
09-23 20:03:51.181 15512 15589 D WM-WorkConstraintsTrack: NetworkRequestConstraintController send initial capabilities
09-23 20:03:51.184 15512 15589 I WM-Processor: Moving WorkSpec (ed3acdca-7bdf-45a8-8166-543595e26af4) to the foreground
09-23 20:03:51.191 15512 15512 I WM-SystemFgDispatcher: Started foreground service Intent { act=ACTION_START_FOREGROUND xflg=0x4 cmp=com.negi.survey/androidx.work.impl.foreground.SystemForegroundService (has extras) }
09-23 20:03:51.191 15512 15512 D WM-SystemFgDispatcher: Notifying with (id:10141, workSpecId: ed3acdca-7bdf-45a8-8166-543595e26af4, notificationType :1)
09-23 20:03:51.194 15512 15589 D WM-WorkConstraintsTrack: NetworkRequestConstraintController send initial capabilities
09-23 20:03:51.199 15512 15589 I WM-Processor: Moving WorkSpec (e4f88c42-e6c6-4072-8787-340baf0c1035) to the foreground
09-23 20:03:51.206 15512 15606 D GitHubUploader: uploadStream: owner=ishizuki-tech repo=SurveyExports branch=main path=diagnostics/crash/2026-09-24/prevlog_20260924_030350_pid15512.log size=17777 maxRawBytesHint=1000000 maxRequestBytesHint=2800000
09-23 20:03:51.209 15512 15589 D WM-WorkProgressUpdater: Updating progress for ed3acdca-7bdf-45a8-8166-543595e26af4 (Data {pct : 0, mode : file})
09-23 20:03:51.212 15512 15586 D GitHubUploader: uploadStream: owner=ishizuki-tech repo=SurveyExports branch=main path=diagnostics/crash/2026-09-24/ring_store/20260924_030351_pid15512_u781359/seg_00.log size=816 maxRawBytesHint=1000000 maxRequestBytesHint=2800000
09-23 20:03:51.213 15512 15512 D WM-SystemFgDispatcher: Notifying with (id:10141, workSpecId: ed3acdca-7bdf-45a8-8166-543595e26af4, notificationType :1)
09-23 20:03:51.216 15512 15589 D WM-GreedyScheduler: Constraints met: Scheduling work ID WorkGenerationalId(workSpecId=ed3acdca-7bdf-45a8-8166-543595e26af4, generation=0)
09-23 20:03:51.219 15512 15589 I WM-Processor: Moving WorkSpec (ed3acdca-7bdf-45a8-8166-543595e26af4) to the foreground
09-23 20:03:51.221 15512 15512 I WM-SystemFgDispatcher: Started foreground service Intent { act=ACTION_START_FOREGROUND xflg=0x4 cmp=com.negi.survey/androidx.work.impl.foreground.SystemForegroundService (has extras) }
09-23 20:03:51.221 15512 15512 D WM-SystemFgDispatcher: Notifying with (id:7751, workSpecId: e4f88c42-e6c6-4072-8787-340baf0c1035, notificationType :1)
09-23 20:03:51.228 15512 15589 D WM-GreedyScheduler: Constraints met: Scheduling work ID WorkGenerationalId(workSpecId=e4f88c42-e6c6-4072-8787-340baf0c1035, generation=0)
09-23 20:03:51.229 15512 15589 D WM-WorkProgressUpdater: Updating progress for e4f88c42-e6c6-4072-8787-340baf0c1035 (Data {pct : 0, mode : file})
09-23 20:03:51.232 15512 15512 D WM-SystemFgDispatcher: Notifying with (id:7751, workSpecId: e4f88c42-e6c6-4072-8787-340baf0c1035, notificationType :1)
09-23 20:03:51.241 15512 15512 D WM-SystemFgDispatcher: Notifying with (id:10141, workSpecId: ed3acdca-7bdf-45a8-8166-543595e26af4, notificationType :1)
09-23 20:03:51.243 15512 15592 I WM-Processor: Moving WorkSpec (e4f88c42-e6c6-4072-8787-340baf0c1035) to the foreground
09-23 20:03:51.248 15512 15512 D WM-SystemFgDispatcher: Notifying with (id:7751, workSpecId: e4f88c42-e6c6-4072-8787-340baf0c1035, notificationType :1)
09-23 20:03:51.257 15512 15592 D WM-Processor: Work WorkGenerationalId(workSpecId=ed3acdca-7bdf-45a8-8166-543595e26af4, generation=0) is already enqueued for processing
09-23 20:03:51.266 15512 15592 D WM-Processor: Work WorkGenerationalId(workSpecId=e4f88c42-e6c6-4072-8787-340baf0c1035, generation=0) is already enqueued for processing
09-23 20:03:51.268 15512 15592 D WM-WorkConstraintsTrack: NetworkRequestConstraintController send initial capabilities
09-23 20:03:51.269 15512 15592 D WM-WorkConstraintsTrack: NetworkRequestConstraintController send initial capabilities
09-23 20:03:51.283 15512 15591 D WM-WorkProgressUpdater: Updating progress for 4ef26c15-3f87-4e91-8241-026af7adbbe1 (Data {pct : 34, mode : startup_runtime_logs})
09-23 20:03:51.284 15512 15584 D GitHubUploader: uploadStream: done url=https://github.com/ishizuki-tech/SurveyExports/blob/main/diagnostics/runtime_logs/2026-09-24/runtime_logs_startup_runtime_20260924_030348_49e90a23_receiver_my_package_repl/plain_logs_manifest_20260924_030349_968_pid15512_receiver_my_package_repl.json sha=ef6b41f6d28c3e86850ec935a49bec25850cd326
09-23 20:03:51.294 15512 15584 D GitHubUploader: uploadStream: owner=ishizuki-tech repo=SurveyExports branch=main path=diagnostics/runtime_logs/2026-09-24/runtime_logs_startup_runtime_20260924_030348_49e90a23_receiver_my_package_repl/runtime_log_20260924_030349_968_pid15512_receiver_my_package_repl__rtlog_20260924_030348_219_pid15512_seq1.log size=1783 maxRawBytesHint=1000000 maxRequestBytesHint=2800000
09-23 20:03:51.294 15512 15591 I WM-Processor: Moving WorkSpec (4ef26c15-3f87-4e91-8241-026af7adbbe1) to the foreground
09-23 20:03:51.303 15512 15512 D WM-SystemFgDispatcher: Notifying with (id:6771, workSpecId: 4ef26c15-3f87-4e91-8241-026af7adbbe1, notificationType :1)
09-23 20:03:51.305 15512 15591 D WM-WorkProgressUpdater: Updating progress for 4ef26c15-3f87-4e91-8241-026af7adbbe1 (Data {pct : 36, mode : startup_runtime_logs})
09-23 20:03:51.313 15512 15591 I WM-Processor: Moving WorkSpec (4ef26c15-3f87-4e91-8241-026af7adbbe1) to the foreground
09-23 20:03:51.316 15512 15512 D WM-SystemFgDispatcher: Notifying with (id:6771, workSpecId: 4ef26c15-3f87-4e91-8241-026af7adbbe1, notificationType :1)
09-23 20:03:51.462 15512 15592 D WM-WorkProgressUpdater: Updating progress for 4ef26c15-3f87-4e91-8241-026af7adbbe1 (Data {pct : 38, mode : startup_runtime_logs})
09-23 20:03:51.476 15512 15592 I WM-Processor: Moving WorkSpec (4ef26c15-3f87-4e91-8241-026af7adbbe1) to the foreground
09-23 20:03:51.483 15512 15592 D WM-WorkProgressUpdater: Updating progress for 4ef26c15-3f87-4e91-8241-026af7adbbe1 (Data {pct : 60, mode : startup_runtime_logs})
09-23 20:03:51.484 15512 15512 D WM-SystemFgDispatcher: Notifying with (id:6771, workSpecId: 4ef26c15-3f87-4e91-8241-026af7adbbe1, notificationType :1)
09-23 20:03:51.495 15512 15592 I WM-Processor: Moving WorkSpec (4ef26c15-3f87-4e91-8241-026af7adbbe1) to the foreground
09-23 20:03:51.500 15512 15512 D WM-SystemFgDispatcher: Notifying with (id:6771, workSpecId: 4ef26c15-3f87-4e91-8241-026af7adbbe1, notificationType :1)
09-23 20:03:51.591 15512 15589 D WM-WorkProgressUpdater: Updating progress for e4f88c42-e6c6-4072-8787-340baf0c1035 (Data {pct : 10, mode : file})
09-23 20:03:51.613 15512 15607 D github_upload: doRingLogsUpload: remoteBaseDir=diagnostics/applog_ring/2026-09-24/applog_ring_startup_ring_20260924_030350_5482cee2_app_start segs=1 bytes=816 source=/data/user/0/com.negi.survey/files/diagnostics/applog_ring snapshot=/data/user/0/com.negi.survey/cache/diagnostics_ring_upload/startup_ring_20260924_030350_5482cee2
09-23 20:03:51.613 15512 15607 D GitHubUploader: uploadStream: owner=ishizuki-tech repo=SurveyExports branch=main path=diagnostics/applog_ring/2026-09-24/applog_ring_startup_ring_20260924_030350_5482cee2_app_start/seg_00.log size=816 maxRawBytesHint=1000000 maxRequestBytesHint=2800000
09-23 20:03:51.614 15512 15589 I WM-Processor: Moving WorkSpec (e4f88c42-e6c6-4072-8787-340baf0c1035) to the foreground
09-23 20:03:51.625 15512 15512 D WM-SystemFgDispatcher: Notifying with (id:7751, workSpecId: e4f88c42-e6c6-4072-8787-340baf0c1035, notificationType :1)
09-23 20:03:51.626 15512 15590 D WM-WorkProgressUpdater: Updating progress for ed3acdca-7bdf-45a8-8166-543595e26af4 (Data {pct : 10, mode : file})
09-23 20:03:51.651 15512 15590 I WM-Processor: Moving WorkSpec (ed3acdca-7bdf-45a8-8166-543595e26af4) to the foreground
09-23 20:03:51.655 15512 15590 D WM-WorkProgressUpdater: Updating progress for e4f88c42-e6c6-4072-8787-340baf0c1035 (Data {pct : 90, mode : file})
09-23 20:03:51.655 15512 15512 D WM-SystemFgDispatcher: Notifying with (id:10141, workSpecId: ed3acdca-7bdf-45a8-8166-543595e26af4, notificationType :1)
09-23 20:03:51.666 15512 15590 I WM-Processor: Moving WorkSpec (e4f88c42-e6c6-4072-8787-340baf0c1035) to the foreground
09-23 20:03:51.670 15512 15590 D WM-WorkProgressUpdater: Updating progress for ed3acdca-7bdf-45a8-8166-543595e26af4 (Data {pct : 46, mode : file})
09-23 20:03:51.673 15512 15512 D WM-SystemFgDispatcher: Notifying with (id:7751, workSpecId: e4f88c42-e6c6-4072-8787-340baf0c1035, notificationType :1)
09-23 20:03:51.682 15512 15590 I WM-Processor: Moving WorkSpec (ed3acdca-7bdf-45a8-8166-543595e26af4) to the foreground
09-23 20:03:51.687 15512 15590 D WM-WorkProgressUpdater: Updating progress for ed3acdca-7bdf-45a8-8166-543595e26af4 (Data {pct : 83, mode : file})
09-23 20:03:51.687 15512 15512 D WM-SystemFgDispatcher: Notifying with (id:10141, workSpecId: ed3acdca-7bdf-45a8-8166-543595e26af4, notificationType :1)
09-23 20:03:51.697 15512 15590 I WM-Processor: Moving WorkSpec (ed3acdca-7bdf-45a8-8166-543595e26af4) to the foreground
09-23 20:03:51.701 15512 15590 D WM-WorkProgressUpdater: Updating progress for ed3acdca-7bdf-45a8-8166-543595e26af4 (Data {pct : 90, mode : file})
09-23 20:03:51.701 15512 15512 D WM-SystemFgDispatcher: Notifying with (id:10141, workSpecId: ed3acdca-7bdf-45a8-8166-543595e26af4, notificationType :1)
09-23 20:03:51.711 15512 15590 I WM-Processor: Moving WorkSpec (ed3acdca-7bdf-45a8-8166-543595e26af4) to the foreground
09-23 20:03:51.714 15512 15512 D WM-SystemFgDispatcher: Notifying with (id:10141, workSpecId: ed3acdca-7bdf-45a8-8166-543595e26af4, notificationType :1)
09-23 20:03:51.716 15512 15590 D WM-WorkProgressUpdater: Updating progress for 01b34350-63d3-4c9a-a23f-2dbd304045ec (Data {pct : 10, mode : startup_ring_logs})
09-23 20:03:51.724 15512 15590 I WM-Processor: Moving WorkSpec (01b34350-63d3-4c9a-a23f-2dbd304045ec) to the foreground
09-23 20:03:51.727 15512 15512 D WM-SystemFgDispatcher: Notifying with (id:6811, workSpecId: 01b34350-63d3-4c9a-a23f-2dbd304045ec, notificationType :1)
09-23 20:03:51.997 15512 15591 D WM-WorkProgressUpdater: Updating progress for 01b34350-63d3-4c9a-a23f-2dbd304045ec (Data {pct : 19, mode : startup_ring_logs})
09-23 20:03:52.008 15512 15591 I WM-Processor: Moving WorkSpec (01b34350-63d3-4c9a-a23f-2dbd304045ec) to the foreground
09-23 20:03:52.016 15512 15591 D WM-WorkProgressUpdater: Updating progress for 01b34350-63d3-4c9a-a23f-2dbd304045ec (Data {pct : 91, mode : startup_ring_logs})
09-23 20:03:52.017 15512 15512 D WM-SystemFgDispatcher: Notifying with (id:6811, workSpecId: 01b34350-63d3-4c9a-a23f-2dbd304045ec, notificationType :1)
09-23 20:03:52.025 15512 15591 I WM-Processor: Moving WorkSpec (01b34350-63d3-4c9a-a23f-2dbd304045ec) to the foreground
09-23 20:03:52.035 15512 15512 D WM-SystemFgDispatcher: Notifying with (id:6811, workSpecId: 01b34350-63d3-4c9a-a23f-2dbd304045ec, notificationType :1)
09-23 20:03:52.306 15512 15592 D WM-WorkProgressUpdater: Updating progress for 4ef26c15-3f87-4e91-8241-026af7adbbe1 (Data {pct : 61, mode : startup_runtime_logs})
09-23 20:03:52.307 15512 15584 D GitHubUploader: uploadStream: done url=https://github.com/ishizuki-tech/SurveyExports/blob/main/diagnostics/runtime_logs/2026-09-24/runtime_logs_startup_runtime_20260924_030348_49e90a23_receiver_my_package_repl/runtime_log_20260924_030349_968_pid15512_receiver_my_package_repl__rtlog_20260924_030348_219_pid15512_seq1.log sha=e90baddd3069d8f415b1c746e4bba1ace3188a1d
09-23 20:03:52.313 15512 15584 D RuntimeLogStore: deleteRolledLogFiles: deleted=1 excludeActive=true active=rtlog_20260924_030349_952_pid15512_seq2.log
09-23 20:03:52.314 15512 15584 D GitHubUploader: uploadStream: owner=ishizuki-tech repo=SurveyExports branch=main path=diagnostics/runtime_logs/2026-09-24/runtime_logs_startup_runtime_20260924_030348_49e90a23_receiver_my_package_repl/runtime_log_20260924_030349_968_pid15512_receiver_my_package_repl__rtlog_20260924_015326_750_pid12038_seq2.log size=323 maxRawBytesHint=1000000 maxRequestBytesHint=2800000
09-23 20:03:52.316 15512 15592 I WM-Processor: Moving WorkSpec (4ef26c15-3f87-4e91-8241-026af7adbbe1) to the foreground
09-23 20:03:52.325 15512 15512 D WM-SystemFgDispatcher: Notifying with (id:6771, workSpecId: 4ef26c15-3f87-4e91-8241-026af7adbbe1, notificationType :1)
09-23 20:03:52.332 15512 15592 D WM-WorkProgressUpdater: Updating progress for 4ef26c15-3f87-4e91-8241-026af7adbbe1 (Data {pct : 63, mode : startup_runtime_logs})
09-23 20:03:52.344 15512 15592 I WM-Processor: Moving WorkSpec (4ef26c15-3f87-4e91-8241-026af7adbbe1) to the foreground
09-23 20:03:52.348 15512 15512 D WM-SystemFgDispatcher: Notifying with (id:6771, workSpecId: 4ef26c15-3f87-4e91-8241-026af7adbbe1, notificationType :1)
09-23 20:03:52.615 15512 15591 D WM-WorkProgressUpdater: Updating progress for 4ef26c15-3f87-4e91-8241-026af7adbbe1 (Data {pct : 65, mode : startup_runtime_logs})
09-23 20:03:52.628 15512 15591 I WM-Processor: Moving WorkSpec (4ef26c15-3f87-4e91-8241-026af7adbbe1) to the foreground
09-23 20:03:52.636 15512 15591 D WM-WorkProgressUpdater: Updating progress for 4ef26c15-3f87-4e91-8241-026af7adbbe1 (Data {pct : 87, mode : startup_runtime_logs})
09-23 20:03:52.637 15512 15512 D WM-SystemFgDispatcher: Notifying with (id:6771, workSpecId: 4ef26c15-3f87-4e91-8241-026af7adbbe1, notificationType :1)
09-23 20:03:52.646 15512 15591 I WM-Processor: Moving WorkSpec (4ef26c15-3f87-4e91-8241-026af7adbbe1) to the foreground
09-23 20:03:52.662 15512 15512 D WM-SystemFgDispatcher: Notifying with (id:6771, workSpecId: 4ef26c15-3f87-4e91-8241-026af7adbbe1, notificationType :1)
09-23 20:03:52.817 15512 15589 D WM-WorkProgressUpdater: Updating progress for 01b34350-63d3-4c9a-a23f-2dbd304045ec (Data {pct : 95, mode : startup_ring_logs})
09-23 20:03:52.818 15512 15607 D GitHubUploader: uploadStream: done url=https://github.com/ishizuki-tech/SurveyExports/blob/main/diagnostics/applog_ring/2026-09-24/applog_ring_startup_ring_20260924_030350_5482cee2_app_start/seg_00.log sha=a13ea3e95b3a46a5836f14dff0236650690b4b76
09-23 20:03:52.827 15512 15589 I WM-Processor: Moving WorkSpec (01b34350-63d3-4c9a-a23f-2dbd304045ec) to the foreground
09-23 20:03:52.836 15512 15512 D WM-SystemFgDispatcher: Notifying with (id:6811, workSpecId: 01b34350-63d3-4c9a-a23f-2dbd304045ec, notificationType :1)
09-23 20:03:52.838 15512 15589 I WM-Processor: Moving WorkSpec (01b34350-63d3-4c9a-a23f-2dbd304045ec) to the foreground
09-23 20:03:52.847 15512 15512 D WM-SystemFgDispatcher: Notifying with (id:6811, workSpecId: 01b34350-63d3-4c9a-a23f-2dbd304045ec, notificationType :1)
09-23 20:03:52.850 15512 15589 I WM-WorkerWrapper: Worker result SUCCESS for Work [ id=01b34350-63d3-4c9a-a23f-2dbd304045ec, tags={ com.negi.survey.net.GitHubUploadWorker,github_upload,github_upload:ring_logs } ]
09-23 20:03:52.858 15512 15512 D WM-Processor: Processor 01b34350-63d3-4c9a-a23f-2dbd304045ec executed; reschedule = false
09-23 20:03:52.861 15512 15512 D WM-GreedyScheduler: Stopping tracking for WorkGenerationalId(workSpecId=01b34350-63d3-4c9a-a23f-2dbd304045ec, generation=0)
09-23 20:03:52.868 15512 15590 D WM-GreedyScheduler: Cancelling work ID 01b34350-63d3-4c9a-a23f-2dbd304045ec
09-23 20:03:52.870 15512 15512 D WM-SystemJobService: 01b34350-63d3-4c9a-a23f-2dbd304045ec executed on JobScheduler
09-23 20:03:52.870 15512 15512 D WM-SystemFgDispatcher: Removing Notification (id: 6811, workSpecId: WorkGenerationalId(workSpecId=01b34350-63d3-4c9a-a23f-2dbd304045ec, generation=0), notificationType: 1
09-23 20:03:52.872 15512 15512 D WM-SystemJobService: onStopJob for WorkGenerationalId(workSpecId=01b34350-63d3-4c9a-a23f-2dbd304045ec, generation=0)
09-23 20:03:53.308 15512 15608 D ProfileInstaller: Installing profile for com.negi.survey
09-23 20:03:53.533 15512 15591 D WM-WorkProgressUpdater: Updating progress for 4ef26c15-3f87-4e91-8241-026af7adbbe1 (Data {pct : 88, mode : startup_runtime_logs})
09-23 20:03:53.537 15512 15584 D GitHubUploader: uploadStream: done url=https://github.com/ishizuki-tech/SurveyExports/blob/main/diagnostics/runtime_logs/2026-09-24/runtime_logs_startup_runtime_20260924_030348_49e90a23_receiver_my_package_repl/runtime_log_20260924_030349_968_pid15512_receiver_my_package_repl__rtlog_20260924_015326_750_pid12038_seq2.log sha=d277c65a5746005a1de881ccfb03cf22a21a229d
09-23 20:03:53.547 15512 15591 I WM-Processor: Moving WorkSpec (4ef26c15-3f87-4e91-8241-026af7adbbe1) to the foreground
09-23 20:03:53.553 15512 15512 D WM-SystemFgDispatcher: Notifying with (id:6771, workSpecId: 4ef26c15-3f87-4e91-8241-026af7adbbe1, notificationType :1)
09-23 20:03:53.555 15512 15584 D RuntimeLogStore: deleteRolledLogFiles: deleted=1 excludeActive=true active=rtlog_20260924_030349_952_pid15512_seq2.log
09-23 20:03:53.753 15512 15590 D WM-WorkProgressUpdater: Updating progress for ed3acdca-7bdf-45a8-8166-543595e26af4 (Data {pct : 46, mode : file})
09-23 20:03:53.762 15512 15590 I WM-Processor: Moving WorkSpec (ed3acdca-7bdf-45a8-8166-543595e26af4) to the foreground
09-23 20:03:53.769 15512 15590 D WM-WorkProgressUpdater: Updating progress for ed3acdca-7bdf-45a8-8166-543595e26af4 (Data {pct : 83, mode : file})
09-23 20:03:53.771 15512 15512 D WM-SystemFgDispatcher: Notifying with (id:10141, workSpecId: ed3acdca-7bdf-45a8-8166-543595e26af4, notificationType :1)
09-23 20:03:53.775 15512 15590 I WM-Processor: Moving WorkSpec (ed3acdca-7bdf-45a8-8166-543595e26af4) to the foreground
09-23 20:03:53.780 15512 15590 D WM-WorkProgressUpdater: Updating progress for ed3acdca-7bdf-45a8-8166-543595e26af4 (Data {pct : 90, mode : file})
09-23 20:03:53.787 15512 15590 I WM-Processor: Moving WorkSpec (ed3acdca-7bdf-45a8-8166-543595e26af4) to the foreground
09-23 20:03:53.790 15512 15512 D WM-SystemFgDispatcher: Notifying with (id:10141, workSpecId: ed3acdca-7bdf-45a8-8166-543595e26af4, notificationType :1)
09-23 20:03:53.798 15512 15512 D WM-SystemFgDispatcher: Notifying with (id:10141, workSpecId: ed3acdca-7bdf-45a8-8166-543595e26af4, notificationType :1)
--------- beginning of system
09-23 20:03:53.799 15512 15512 W NotificationManager: Shedding notify (update) of NotificationKey[user=UserHandle{0}, pkg=com.negi.survey, tag=null, id=10141], rate limit (5.0) exceeded: input 8.871566, output would be 6.2185373
09-23 20:03:53.825 15512 15584 D GitHubUploader: uploadStream: owner=ishizuki-tech repo=SurveyExports branch=main path=diagnostics/runtime_logs/2026-09-24/runtime_logs_startup_runtime_20260924_030348_49e90a23_receiver_my_package_repl/logcat_startup_runtime_20260924_030348_49e90a23.log.gz size=5012 maxRawBytesHint=1000000 maxRequestBytesHint=2800000
09-23 20:03:53.827 15512 15592 D WM-WorkProgressUpdater: Updating progress for 4ef26c15-3f87-4e91-8241-026af7adbbe1 (Data {pct : 90, mode : startup_runtime_logs})
09-23 20:03:53.834 15512 15592 I WM-Processor: Moving WorkSpec (4ef26c15-3f87-4e91-8241-026af7adbbe1) to the foreground
09-23 20:03:53.839 15512 15512 D WM-SystemFgDispatcher: Notifying with (id:6771, workSpecId: 4ef26c15-3f87-4e91-8241-026af7adbbe1, notificationType :1)
09-23 20:03:54.047 15512 15590 D WM-WorkProgressUpdater: Updating progress for 4ef26c15-3f87-4e91-8241-026af7adbbe1 (Data {pct : 91, mode : startup_runtime_logs})
09-23 20:03:54.057 15512 15590 I WM-Processor: Moving WorkSpec (4ef26c15-3f87-4e91-8241-026af7adbbe1) to the foreground
09-23 20:03:54.062 15512 15512 D WM-SystemFgDispatcher: Notifying with (id:6771, workSpecId: 4ef26c15-3f87-4e91-8241-026af7adbbe1, notificationType :1)
09-23 20:03:54.063 15512 15590 D WM-WorkProgressUpdater: Updating progress for 4ef26c15-3f87-4e91-8241-026af7adbbe1 (Data {pct : 99, mode : startup_runtime_logs})
09-23 20:03:54.069 15512 15590 I WM-Processor: Moving WorkSpec (4ef26c15-3f87-4e91-8241-026af7adbbe1) to the foreground
09-23 20:03:54.073 15512 15512 D WM-SystemFgDispatcher: Notifying with (id:6771, workSpecId: 4ef26c15-3f87-4e91-8241-026af7adbbe1, notificationType :1)
09-23 20:03:54.661 15512 15592 D WM-WorkProgressUpdater: Updating progress for e4f88c42-e6c6-4072-8787-340baf0c1035 (Data {pct : 95, mode : file})
09-23 20:03:54.664 15512 15607 D GitHubUploader: uploadStream: done url=https://github.com/ishizuki-tech/SurveyExports/blob/main/diagnostics/crash/2026-09-24/ring_store/20260924_030351_pid15512_u781359/seg_00.log sha=031b8ba87cf8231e49391dab958656e2cbe46f03
09-23 20:03:54.673 15512 15592 I WM-Processor: Moving WorkSpec (e4f88c42-e6c6-4072-8787-340baf0c1035) to the foreground
09-23 20:03:54.681 15512 15512 D WM-SystemFgDispatcher: Notifying with (id:7751, workSpecId: e4f88c42-e6c6-4072-8787-340baf0c1035, notificationType :1)
09-23 20:03:54.684 15512 15592 I WM-Processor: Moving WorkSpec (e4f88c42-e6c6-4072-8787-340baf0c1035) to the foreground
09-23 20:03:54.691 15512 15592 I WM-WorkerWrapper: Worker result SUCCESS for Work [ id=e4f88c42-e6c6-4072-8787-340baf0c1035, tags={ com.negi.survey.net.GitHubUploadWorker,github_upload,github_upload:ring:diagnostics_crash_ring_store_20260924_030351_pid15512_u781359_seg_00.log_2bce890e } ]
09-23 20:03:54.696 15512 15512 D WM-SystemFgDispatcher: Notifying with (id:7751, workSpecId: e4f88c42-e6c6-4072-8787-340baf0c1035, notificationType :1)
09-23 20:03:54.702 15512 15512 D WM-Processor: Processor e4f88c42-e6c6-4072-8787-340baf0c1035 executed; reschedule = false
09-23 20:03:54.702 15512 15512 D WM-GreedyScheduler: Stopping tracking for WorkGenerationalId(workSpecId=e4f88c42-e6c6-4072-8787-340baf0c1035, generation=0)
09-23 20:03:54.703 15512 15512 D WM-SystemJobService: e4f88c42-e6c6-4072-8787-340baf0c1035 executed on JobScheduler
09-23 20:03:54.704 15512 15512 D WM-SystemFgDispatcher: Removing Notification (id: 7751, workSpecId: WorkGenerationalId(workSpecId=e4f88c42-e6c6-4072-8787-340baf0c1035, generation=0), notificationType: 1
09-23 20:03:54.707 15512 15591 D WM-GreedyScheduler: Cancelling work ID e4f88c42-e6c6-4072-8787-340baf0c1035
09-23 20:03:54.708 15512 15512 D WM-SystemJobService: onStopJob for WorkGenerationalId(workSpecId=e4f88c42-e6c6-4072-8787-340baf0c1035, generation=0)
09-23 20:03:56.812 15512 15589 D WM-WorkProgressUpdater: Updating progress for ed3acdca-7bdf-45a8-8166-543595e26af4 (Data {pct : 46, mode : file})
09-23 20:03:56.821 15512 15589 I WM-Processor: Moving WorkSpec (ed3acdca-7bdf-45a8-8166-543595e26af4) to the foreground
09-23 20:03:56.831 15512 15512 D WM-SystemFgDispatcher: Notifying with (id:10141, workSpecId: ed3acdca-7bdf-45a8-8166-543595e26af4, notificationType :1)
09-23 20:03:56.833 15512 15589 D WM-WorkProgressUpdater: Updating progress for ed3acdca-7bdf-45a8-8166-543595e26af4 (Data {pct : 83, mode : file})
09-23 20:03:56.838 15512 15589 I WM-Processor: Moving WorkSpec (ed3acdca-7bdf-45a8-8166-543595e26af4) to the foreground
09-23 20:03:56.844 15512 15589 D WM-WorkProgressUpdater: Updating progress for ed3acdca-7bdf-45a8-8166-543595e26af4 (Data {pct : 90, mode : file})
09-23 20:03:56.844 15512 15512 D WM-SystemFgDispatcher: Notifying with (id:10141, workSpecId: ed3acdca-7bdf-45a8-8166-543595e26af4, notificationType :1)
09-23 20:03:56.848 15512 15589 I WM-Processor: Moving WorkSpec (ed3acdca-7bdf-45a8-8166-543595e26af4) to the foreground
09-23 20:03:56.853 15512 15512 D WM-SystemFgDispatcher: Notifying with (id:10141, workSpecId: ed3acdca-7bdf-45a8-8166-543595e26af4, notificationType :1)
09-23 20:03:56.956 15512 15584 D GitHubUploader: uploadStream: done url=https://github.com/ishizuki-tech/SurveyExports/blob/main/diagnostics/runtime_logs/2026-09-24/runtime_logs_startup_runtime_20260924_030348_49e90a23_receiver_my_package_repl/logcat_startup_runtime_20260924_030348_49e90a23.log.gz sha=cba829207f85ae5dbc538aea17db08195c6aa7f7
09-23 20:03:56.959 15512 15592 I WM-Processor: Moving WorkSpec (4ef26c15-3f87-4e91-8241-026af7adbbe1) to the foreground
09-23 20:03:56.962 15512 15512 D WM-SystemFgDispatcher: Notifying with (id:6771, workSpecId: 4ef26c15-3f87-4e91-8241-026af7adbbe1, notificationType :1)
09-23 20:03:56.964 15512 15592 I WM-WorkerWrapper: Worker result SUCCESS for Work [ id=4ef26c15-3f87-4e91-8241-026af7adbbe1, tags={ com.negi.survey.net.GitHubUploadWorker,github_upload,github_upload:startup_runtime_logs } ]
09-23 20:03:56.968 15512 15512 D WM-Processor: Processor 4ef26c15-3f87-4e91-8241-026af7adbbe1 executed; reschedule = false
09-23 20:03:56.968 15512 15512 D WM-GreedyScheduler: Stopping tracking for WorkGenerationalId(workSpecId=4ef26c15-3f87-4e91-8241-026af7adbbe1, generation=0)
09-23 20:03:56.969 15512 15512 D WM-SystemJobService: 4ef26c15-3f87-4e91-8241-026af7adbbe1 executed on JobScheduler
09-23 20:03:56.973 15512 15512 D WM-SystemFgDispatcher: Removing Notification (id: 6771, workSpecId: WorkGenerationalId(workSpecId=4ef26c15-3f87-4e91-8241-026af7adbbe1, generation=0), notificationType: 1
09-23 20:03:56.976 15512 15592 D WM-GreedyScheduler: Cancelling work ID 4ef26c15-3f87-4e91-8241-026af7adbbe1
09-23 20:03:56.979 15512 15512 D WM-SystemJobService: onStopJob for WorkGenerationalId(workSpecId=4ef26c15-3f87-4e91-8241-026af7adbbe1, generation=0)
09-23 20:03:57.935 15512 15591 D WM-WorkProgressUpdater: Updating progress for ed3acdca-7bdf-45a8-8166-543595e26af4 (Data {pct : 95, mode : file})
09-23 20:03:57.935 15512 15606 D GitHubUploader: uploadStream: done url=https://github.com/ishizuki-tech/SurveyExports/blob/main/diagnostics/crash/2026-09-24/prevlog_20260924_030350_pid15512.log sha=676a08672bfd73a739031f69dc29794587580d4d
09-23 20:03:57.947 15512 15591 I WM-Processor: Moving WorkSpec (ed3acdca-7bdf-45a8-8166-543595e26af4) to the foreground
09-23 20:03:57.951 15512 15512 D WM-SystemFgDispatcher: Notifying with (id:10141, workSpecId: ed3acdca-7bdf-45a8-8166-543595e26af4, notificationType :1)
09-23 20:03:57.955 15512 15591 I WM-Processor: Moving WorkSpec (ed3acdca-7bdf-45a8-8166-543595e26af4) to the foreground
09-23 20:03:57.965 15512 15512 D WM-SystemFgDispatcher: Notifying with (id:10141, workSpecId: ed3acdca-7bdf-45a8-8166-543595e26af4, notificationType :1)
09-23 20:03:57.976 15512 15591 I WM-WorkerWrapper: Worker result SUCCESS for Work [ id=ed3acdca-7bdf-45a8-8166-543595e26af4, tags={ com.negi.survey.net.GitHubUploadWorker,github_upload,github_upload:crash:diagnostics_crash_prevlog_20260924_030350_pid15512.log_ba3a9f82 } ]
09-23 20:03:57.987 15512 15512 D WM-Processor: Processor ed3acdca-7bdf-45a8-8166-543595e26af4 executed; reschedule = false
09-23 20:03:57.987 15512 15512 D WM-GreedyScheduler: Stopping tracking for WorkGenerationalId(workSpecId=ed3acdca-7bdf-45a8-8166-543595e26af4, generation=0)
09-23 20:03:57.988 15512 15591 D WM-PackageManagerHelper: androidx.work.impl.background.systemalarm.RescheduleReceiver disabled
09-23 20:03:57.988 15512 15512 D WM-SystemJobService: ed3acdca-7bdf-45a8-8166-543595e26af4 executed on JobScheduler
09-23 20:03:57.988 15512 15512 D WM-SystemFgDispatcher: Removing Notification (id: 10141, workSpecId: WorkGenerationalId(workSpecId=ed3acdca-7bdf-45a8-8166-543595e26af4, generation=0), notificationType: 1
09-23 20:03:57.989 15512 15512 I WM-SystemFgDispatcher: Stopping foreground service
09-23 20:03:57.989 15512 15512 D WM-SystemFgService: Shutting down.
09-23 20:03:57.991 15512 15591 D WM-GreedyScheduler: Cancelling work ID ed3acdca-7bdf-45a8-8166-543595e26af4
09-23 20:03:57.994 15512 15591 D WM-WorkConstraintsTrack: NetworkRequestConstraintController unregister shared callback
09-23 20:03:57.996 15512 15512 D WM-SystemJobService: onStopJob for WorkGenerationalId(workSpecId=ed3acdca-7bdf-45a8-8166-543595e26af4, generation=0)
09-23 20:03:58.016 15512 15519 W com.negi.survey: userfaultfd: MOVE ioctl seems unsupported: Connection timed out
09-23 20:04:22.075 15639 15639 I Zygote  : Process 15639 created for com.negi.survey
09-23 20:04:22.075 15639 15639 I com.negi.survey: Using CollectorTypeCMC GC.
09-23 20:04:22.083 15639 15639 D nativeloader: Load libframework-connectivity-tiramisu-jni.so using APEX ns com_android_tethering for caller /apex/com.android.tethering/javalib/framework-connectivity-t.jar: ok
09-23 20:04:22.119 15639 15639 D ApplicationLoaders: Returning zygote-cached class loader: /system_ext/framework/androidx.window.extensions.jar
09-23 20:04:22.119 15639 15639 D ApplicationLoaders: Returning zygote-cached class loader: /system_ext/framework/androidx.window.sidecar.jar
09-23 20:04:22.898 15639 15639 D nativeloader: Configuring clns-9 for other apk /data/app/~~UUNmh4d55B5_mLmnJS_VpA==/com.negi.survey-HvkpDACHAIOq0Li16_g_dw==/base.apk. target_sdk_version=36, uses_libraries=libOpenCL.so:libOpenCL-pixel.so, library_path=/data/app/~~UUNmh4d55B5_mLmnJS_VpA==/com.negi.survey-HvkpDACHAIOq0Li16_g_dw==/lib/arm64:/data/app/~~UUNmh4d55B5_mLmnJS_VpA==/com.negi.survey-HvkpDACHAIOq0Li16_g_dw==/base.apk!/lib/arm64-v8a, permitted_path=/data:/mnt/expand:/data/user/0/com.negi.survey
09-23 20:04:22.906 15639 15639 V GraphicsEnvironment: Currently set values for:
09-23 20:04:22.906 15639 15639 V GraphicsEnvironment:   angle_gl_driver_selection_pkgs=[com.android.angle]
09-23 20:04:22.906 15639 15639 V GraphicsEnvironment:   angle_gl_driver_selection_values=[angle]
09-23 20:04:22.906 15639 15639 V GraphicsEnvironment: com.negi.survey is not listed in per-application setting
09-23 20:04:22.906 15639 15639 V GraphicsEnvironment: No special selections for ANGLE, returning default driver choice
09-23 20:04:22.906 15639 15639 V GraphicsEnvironment: Neither updatable production driver nor prerelease driver is supported.
09-23 20:04:22.930 15639 15639 D nativeloader: Load /data/app/~~UUNmh4d55B5_mLmnJS_VpA==/com.negi.survey-HvkpDACHAIOq0Li16_g_dw==/base.apk!/lib/arm64-v8a/liblitertlm_jni.so using class loader ns clns-9 (caller=/data/app/~~UUNmh4d55B5_mLmnJS_VpA==/com.negi.survey-HvkpDACHAIOq0Li16_g_dw==/base.apk!classes4.dex): ok
09-23 20:04:22.931 15639 15639 D SurveyApp: Loaded LiteRTLM JNI: litertlm_jni where=attachBaseContext
09-23 20:04:22.940 15639 15639 D AppRingLogStore: installed: dir=/data/user/0/com.negi.survey/files/diagnostics/applog_ring idx=0
09-23 20:04:22.942 15639 15639 D CrashCapture: install: ensured default handler. where=SurveyApp:attachBaseContext pid=15639 default=com.negi.survey.CrashCapture$CrashHandler@80b8781
09-23 20:04:22.956 15639 15639 E com.negi.survey: hiddenapi: Accessing hidden method Landroid/net/ssl/EchConfigMismatchException;->getRetryConfigList()Landroid/net/ssl/EchConfigList; (runtime_flags=0, domain=core-platform, api=blocked) from /data/app/~~UUNmh4d55B5_mLmnJS_VpA==/com.negi.survey-HvkpDACHAIOq0Li16_g_dw==/base.apk!classes5.dex (domain=app, TargetSdkVersion=36) using linking: denied
09-23 20:04:22.956 15639 15639 E com.negi.survey: hiddenapi: Accessing hidden method Landroid/net/ssl/EchConfigList;->toBytes()[B (runtime_flags=0, domain=core-platform, api=blocked) from /data/app/~~UUNmh4d55B5_mLmnJS_VpA==/com.negi.survey-HvkpDACHAIOq0Li16_g_dw==/base.apk!classes5.dex (domain=app, TargetSdkVersion=36) using linking: denied
09-23 20:04:22.956 15639 15639 E com.negi.survey: hiddenapi: Accessing hidden method Landroid/net/ssl/EchConfigList;->fromBytes([B)Landroid/net/ssl/EchConfigList; (runtime_flags=0, domain=core-platform, api=blocked) from /data/app/~~UUNmh4d55B5_mLmnJS_VpA==/com.negi.survey-HvkpDACHAIOq0Li16_g_dw==/base.apk!classes5.dex (domain=app, TargetSdkVersion=36) using linking: denied
09-23 20:04:22.956 15639 15639 E com.negi.survey: hiddenapi: Accessing hidden method Landroid/net/ssl/SSLSockets;->setEchConfigList(Ljavax/net/ssl/SSLSocket;Landroid/net/ssl/EchConfigList;)V (runtime_flags=0, domain=core-platform, api=blocked) from /data/app/~~UUNmh4d55B5_mLmnJS_VpA==/com.negi.survey-HvkpDACHAIOq0Li16_g_dw==/base.apk!classes5.dex (domain=app, TargetSdkVersion=36) using linking: denied
09-23 20:04:22.988 15639 15639 D SurveyApp: LiteRTLM JNI already loaded; skip. where=onCreate(retry)
09-23 20:04:22.994 15639 15702 D RuntimeLogStore: openWriter: start -> /data/user/0/com.negi.survey/files/diagnostics/runtime_logs/rtlog_20260924_030422_938_pid15639_seq1.log (bytes=0 format=LEGACY)
09-23 20:04:22.998 15639 15702 D RuntimeLogStore: retention: start files=2 kept=2 totalBytes=1747
09-23 20:04:23.000 15639 15639 D CrashCapture: install: ensured default handler. where=SurveyApp:onCreate(rewrap) pid=15639 default=com.negi.survey.CrashCapture$CrashHandler@80b8781
09-23 20:04:23.000 15639 15639 D CrashCapture: registerSelfHealing: ActivityLifecycleCallbacks registered. mode=onResumedOnly
09-23 20:04:23.054 15639 15704 I UploadRescheduleRcvr: Survey recovery action=android.intent.action.MY_PACKAGE_REPLACED discovered=0 reconciled=0 duplicates=0 unclassified=0 operationalFailures=0 classifications={}
09-23 20:04:23.059 15639 15704 D UploadRescheduleRcvr: No generic GitHub pending files for action=android.intent.action.MY_PACKAGE_REPLACED
09-23 20:04:23.125 15639 15704 D github_upload: enqueueStartupRuntimeLogsUpload: uniqueName=upload_runtime_logs_startup policy=KEEP session=startup_runtime_20260924_030423_bbf6df29
09-23 20:04:23.222 15639 15704 D WM-PackageManagerHelper: Skipping component enablement for androidx.work.impl.background.systemjob.SystemJobService
09-23 20:04:23.222 15639 15704 D WM-Schedulers: Created SystemJobScheduler and enabled SystemJobService
09-23 20:04:23.229 15639 15709 D WM-ForceStopRunnable: Is default app process = true
09-23 20:04:23.231 15639 15709 D WM-ForceStopRunnable: Performing cleanup operations.
09-23 20:04:23.254 15639 15704 D UploadRescheduleRcvr: Enqueued runtime logs upload for action=android.intent.action.MY_PACKAGE_REPLACED reason=receiver_my_package_replaced
09-23 20:04:23.394 15639 15711 D WM-SystemJobScheduler: Scheduling work ID 69d814b6-fb12-4fa4-963a-e0a0e8240571Job ID 6
09-23 20:04:23.413 15639 15711 D WM-GreedyScheduler: Starting tracking for 69d814b6-fb12-4fa4-963a-e0a0e8240571
09-23 20:04:23.422 15639 15639 D WM-SystemJobService: onStartJob for WorkGenerationalId(workSpecId=69d814b6-fb12-4fa4-963a-e0a0e8240571, generation=0)
09-23 20:04:23.456 15639 15712 D WM-Processor: Processor: processing WorkGenerationalId(workSpecId=69d814b6-fb12-4fa4-963a-e0a0e8240571, generation=0)
09-23 20:04:23.479 15639 15639 D WM-WorkerWrapper: Starting work for com.negi.survey.net.GitHubUploadWorker
09-23 20:04:23.482 15639 15712 D WM-WorkConstraintsTrack: NetworkRequestConstraintController register shared callback
09-23 20:04:23.495 15639 15712 D WM-PackageManagerHelper: androidx.work.impl.background.systemalarm.RescheduleReceiver enabled
09-23 20:04:23.497 15639 15713 D WM-WorkConstraintsTrack: NetworkRequestConstraintController onCapabilitiesChanged callback
09-23 20:04:23.497 15639 15713 D WM-WorkConstraintsTrack: Not dispatching constraint state yet: isBlocked=null, capabilitiesInitialized=true
09-23 20:04:23.497 15639 15713 D WM-WorkConstraintsTrack: NetworkRequestConstraintController onBlockedStatusChanged callback false
09-23 20:04:23.501 15639 15711 D WM-GreedyScheduler: Constraints met: Scheduling work ID WorkGenerationalId(workSpecId=69d814b6-fb12-4fa4-963a-e0a0e8240571, generation=0)
09-23 20:04:23.506 15639 15711 D WM-Processor: Work WorkGenerationalId(workSpecId=69d814b6-fb12-4fa4-963a-e0a0e8240571, generation=0) is already enqueued for processing
09-23 20:04:23.508 15639 15711 I WM-Processor: Moving WorkSpec (69d814b6-fb12-4fa4-963a-e0a0e8240571) to the foreground
09-23 20:04:23.529 15639 15712 D WM-WorkProgressUpdater: Updating progress for 69d814b6-fb12-4fa4-963a-e0a0e8240571 (Data {pct : 3, mode : startup_runtime_logs})
09-23 20:04:23.531 15639 15639 I WM-SystemFgDispatcher: Started foreground service Intent { act=ACTION_START_FOREGROUND xflg=0x4 cmp=com.negi.survey/androidx.work.impl.foreground.SystemForegroundService (has extras) }
09-23 20:04:23.532 15639 15639 D WM-SystemFgDispatcher: Notifying with (id:5905, workSpecId: 69d814b6-fb12-4fa4-963a-e0a0e8240571, notificationType :1)
09-23 20:04:23.537 15639 15712 I WM-Processor: Moving WorkSpec (69d814b6-fb12-4fa4-963a-e0a0e8240571) to the foreground
09-23 20:04:23.540 15639 15639 D WM-SystemFgDispatcher: Notifying with (id:5905, workSpecId: 69d814b6-fb12-4fa4-963a-e0a0e8240571, notificationType :1)
09-23 20:04:23.547 15639 15712 D WM-WorkConstraintsTrack: NetworkRequestConstraintController send initial capabilities
09-23 20:04:23.550 15639 15639 D WM-SystemFgDispatcher: Notifying with (id:5905, workSpecId: 69d814b6-fb12-4fa4-963a-e0a0e8240571, notificationType :1)
09-23 20:04:24.746 15639 15702 D RuntimeLogStore: openWriter: rotate:plain_snapshot:receiver_my_package_repl -> /data/user/0/com.negi.survey/files/diagnostics/runtime_logs/rtlog_20260924_030424_743_pid15639_seq2.log (bytes=0 format=LEGACY)
09-23 20:04:24.748 15639 15702 D RuntimeLogStore: retention: rotate:plain_snapshot:receiver_my_package_repl files=3 kept=3 totalBytes=3550
09-23 20:04:24.778 15639 15704 D github_upload: doRuntimeLogsUpload: remoteBaseDir=diagnostics/runtime_logs/2026-09-24/runtime_logs_startup_runtime_20260924_030423_bbf6df29_receiver_my_package_repl toUpload=3 bytes=4744 dedupe=true deleteSource=true deletedSourcePre=0 preview='plain_logs_manifest_20260924_030424_754_pid15639_receiver_my_package_repl.json|runtime_log_20260924_030424_754_pid15639_receiver_my_package_repl__rtlog_20260924_030422_938_pid15639_seq1.log|runtime_log_20260924_030424_754_pid15639_receiver_my_package_repl__rtlog_20260924_030349_952_pid15512_seq2.log'
09-23 20:04:24.790 15639 15704 D GitHubUploader: uploadStream: owner=ishizuki-tech repo=SurveyExports branch=main path=diagnostics/runtime_logs/2026-09-24/runtime_logs_startup_runtime_20260924_030423_bbf6df29_receiver_my_package_repl/plain_logs_manifest_20260924_030424_754_pid15639_receiver_my_package_repl.json size=1532 maxRawBytesHint=1000000 maxRequestBytesHint=2800000
09-23 20:04:24.792 15639 15710 D WM-WorkProgressUpdater: Updating progress for 69d814b6-fb12-4fa4-963a-e0a0e8240571 (Data {pct : 10, mode : startup_runtime_logs})
09-23 20:04:24.802 15639 15710 I WM-Processor: Moving WorkSpec (69d814b6-fb12-4fa4-963a-e0a0e8240571) to the foreground
09-23 20:04:24.808 15639 15639 D WM-SystemFgDispatcher: Notifying with (id:5905, workSpecId: 69d814b6-fb12-4fa4-963a-e0a0e8240571, notificationType :1)
09-23 20:04:25.279 15639 15712 D WM-WorkProgressUpdater: Updating progress for 69d814b6-fb12-4fa4-963a-e0a0e8240571 (Data {pct : 12, mode : startup_runtime_logs})
09-23 20:04:25.291 15639 15712 I WM-Processor: Moving WorkSpec (69d814b6-fb12-4fa4-963a-e0a0e8240571) to the foreground
09-23 20:04:25.298 15639 15639 D WM-SystemFgDispatcher: Notifying with (id:5905, workSpecId: 69d814b6-fb12-4fa4-963a-e0a0e8240571, notificationType :1)
09-23 20:04:25.299 15639 15712 D WM-WorkProgressUpdater: Updating progress for 69d814b6-fb12-4fa4-963a-e0a0e8240571 (Data {pct : 33, mode : startup_runtime_logs})
09-23 20:04:25.305 15639 15712 I WM-Processor: Moving WorkSpec (69d814b6-fb12-4fa4-963a-e0a0e8240571) to the foreground
09-23 20:04:25.314 15639 15639 D WM-SystemFgDispatcher: Notifying with (id:5905, workSpecId: 69d814b6-fb12-4fa4-963a-e0a0e8240571, notificationType :1)
09-23 20:04:25.517 15639 15639 D github_upload: enqueueStartupRuntimeLogsUpload: uniqueName=upload_runtime_logs_startup policy=KEEP session=startup_runtime_20260924_030425_9da4513a
09-23 20:04:25.523 15639 15639 D github_upload: enqueueStartupRingLogsUpload: uniqueName=upload_ring_logs_startup policy=KEEP session=startup_ring_20260924_030425_ba24aebe
09-23 20:04:25.527 15639 15719 D CrashCapture: enqueuePendingCrashUploadsIfPossible enter where=SurveyApp:enqueuePending(immediate):bg pid=15639 thread=CrashCapture-Enqueue
09-23 20:04:25.579 15639 15710 D WM-SystemJobScheduler: Scheduling work ID 20b73d27-10da-4048-b647-fbbe90b1f831Job ID 7
09-23 20:04:25.599 15639 15710 D WM-GreedyScheduler: Starting tracking for 20b73d27-10da-4048-b647-fbbe90b1f831
09-23 20:04:25.600 15639 15639 D WM-SystemJobService: onStartJob for WorkGenerationalId(workSpecId=20b73d27-10da-4048-b647-fbbe90b1f831, generation=0)
09-23 20:04:25.612 15639 15710 D WM-Processor: Processor: processing WorkGenerationalId(workSpecId=20b73d27-10da-4048-b647-fbbe90b1f831, generation=0)
09-23 20:04:25.625 15639 15639 D WM-WorkerWrapper: Starting work for com.negi.survey.net.GitHubUploadWorker
09-23 20:04:25.628 15639 15710 D WM-WorkConstraintsTrack: NetworkRequestConstraintController send initial capabilities
09-23 20:04:25.631 15639 15710 D WM-GreedyScheduler: Constraints met: Scheduling work ID WorkGenerationalId(workSpecId=20b73d27-10da-4048-b647-fbbe90b1f831, generation=0)
09-23 20:04:25.635 15639 15710 I WM-Processor: Moving WorkSpec (20b73d27-10da-4048-b647-fbbe90b1f831) to the foreground
09-23 20:04:25.645 15639 15639 I WM-SystemFgDispatcher: Started foreground service Intent { act=ACTION_START_FOREGROUND xflg=0x4 cmp=com.negi.survey/androidx.work.impl.foreground.SystemForegroundService (has extras) }
09-23 20:04:25.645 15639 15639 D WM-SystemFgDispatcher: Notifying with (id:10247, workSpecId: 20b73d27-10da-4048-b647-fbbe90b1f831, notificationType :1)
