=== Previous Session Logcat ===
captured_time_utc=20260924_194812
captured_time_local=20260924_124812
marker=2026-09-24 12:42:01.551
preferred_prev_pid=-1
note=best-effort; buffers may be overwritten before next start
sdk=36
device=Google Pixel 9a
appId=com.negi.survey.local
versionName=0.0.1
versionCode=1

=== Logcat (since marker) ===
--------- beginning of main
09-24 12:48:02.366 32221 32221 I AutofillManager: onInvisibleForAutofill(): expiringResponse
09-24 12:48:02.523 32221 32221 D WindowOnBackDispatcher: setTopOnBackInvokedCallback (unwrapped): android.app.Activity$$ExternalSyntheticLambda0@3cd37ad
09-24 12:48:02.528 32221 32221 D WhisperSpeechController: stopRecording: not recording, ignoring
09-24 12:48:02.539 32221 32221 D HeavyInitializer: cancel: no active initialization
09-24 12:48:02.540 32221 32221 I AiViewModel: onCleared: ViewModel is being cleared -> stopCurrentRunInternal()
09-24 12:48:02.549 32221 32221 D WindowOnBackDispatcher: setTopOnBackInvokedCallback (unwrapped): null
09-24 12:48:02.557 32221   371 I TextToSpeech: Disconnected from TTS engine
09-24 12:48:02.561 32221 32338 D WhisperEngine: Detach called. Keeping native context alive for key=null
09-24 12:48:02.568 32221 32221 D ViewRootImpl: Skipping stats log for color mode
09-24 12:48:09.633   926   926 I Zygote  : Process 926 created for com.negi.survey.local
09-24 12:48:09.633   926   926 I gi.survey.local: Late-enabling -Xcheck:jni
09-24 12:48:09.667   926   926 I gi.survey.local: Using CollectorTypeCMC GC.
09-24 12:48:09.676   926   926 D nativeloader: Load libframework-connectivity-tiramisu-jni.so using APEX ns com_android_tethering for caller /apex/com.android.tethering/javalib/framework-connectivity-t.jar: ok
09-24 12:48:09.698   926   926 D ApplicationLoaders: Returning zygote-cached class loader: /system_ext/framework/androidx.window.extensions.jar
09-24 12:48:09.698   926   926 D ApplicationLoaders: Returning zygote-cached class loader: /system_ext/framework/androidx.window.sidecar.jar
09-24 12:48:10.111   926   926 D nativeloader: Configuring clns-9 for other apk /data/app/~~KIfkHpBds0iaAhOpZranzA==/com.negi.survey.local-goVevs7zBDv7F5e9Ca5upA==/base.apk. target_sdk_version=36, uses_libraries=libOpenCL.so:libOpenCL-pixel.so, library_path=/data/app/~~KIfkHpBds0iaAhOpZranzA==/com.negi.survey.local-goVevs7zBDv7F5e9Ca5upA==/lib/arm64:/data/app/~~KIfkHpBds0iaAhOpZranzA==/com.negi.survey.local-goVevs7zBDv7F5e9Ca5upA==/base.apk!/lib/arm64-v8a, permitted_path=/data:/mnt/expand:/data/user/0/com.negi.survey.local
09-24 12:48:10.119   926   926 V GraphicsEnvironment: Currently set values for:
09-24 12:48:10.119   926   926 V GraphicsEnvironment:   angle_gl_driver_selection_pkgs=[com.android.angle]
09-24 12:48:10.119   926   926 V GraphicsEnvironment:   angle_gl_driver_selection_values=[angle]
09-24 12:48:10.119   926   926 V GraphicsEnvironment: com.negi.survey.local is not listed in per-application setting
09-24 12:48:10.119   926   926 V GraphicsEnvironment: No special selections for ANGLE, returning default driver choice
09-24 12:48:10.119   926   926 V GraphicsEnvironment: Neither updatable production driver nor prerelease driver is supported.
09-24 12:48:10.158   926   926 D nativeloader: Load /data/app/~~KIfkHpBds0iaAhOpZranzA==/com.negi.survey.local-goVevs7zBDv7F5e9Ca5upA==/base.apk!/lib/arm64-v8a/liblitertlm_jni.so using class loader ns clns-9 (caller=/data/app/~~KIfkHpBds0iaAhOpZranzA==/com.negi.survey.local-goVevs7zBDv7F5e9Ca5upA==/base.apk!classes10.dex): ok
09-24 12:48:10.158   926   926 D SurveyApp: Loaded LiteRTLM JNI: litertlm_jni where=attachBaseContext
09-24 12:48:10.168   926   926 D AppRingLogStore: installed: dir=/data/user/0/com.negi.survey.local/files/diagnostics/applog_ring idx=0
09-24 12:48:10.168   926   926 D SurveyApp: attachBaseContext: pid=926 process=com.negi.survey.local isMain=true sdk=36
09-24 12:48:10.169   926   926 D SurveyApp: bootTiming: attachBaseContext total=40ms
09-24 12:48:10.169   926   926 D SurveyApp: Skipping WorkManager init in attachBaseContext; will init lazily on first enqueue.
09-24 12:48:10.170   926   926 D CrashCapture: install: ensured default handler. where=SurveyApp:attachBaseContext pid=926 default=com.negi.survey.CrashCapture$CrashHandler@80b8781
09-24 12:48:10.170   926   926 D SurveyApp: CrashCapture installed: where=SurveyApp:attachBaseContext
09-24 12:48:10.177   926   942 D RuntimeLogStore: openWriter: start -> /data/user/0/com.negi.survey.local/files/diagnostics/runtime_logs/rtlog_20260924_194810_166_pid926_seq1.log (bytes=0 format=LEGACY)
09-24 12:48:10.178   926   926 E gi.survey.local: hiddenapi: Accessing hidden method Landroid/net/ssl/EchConfigMismatchException;->getRetryConfigList()Landroid/net/ssl/EchConfigList; (runtime_flags=0, domain=core-platform, api=blocked) from /data/app/~~KIfkHpBds0iaAhOpZranzA==/com.negi.survey.local-goVevs7zBDv7F5e9Ca5upA==/base.apk!classes17.dex (domain=app, TargetSdkVersion=36) using linking: denied
09-24 12:48:10.178   926   926 E gi.survey.local: hiddenapi: Accessing hidden method Landroid/net/ssl/EchConfigList;->toBytes()[B (runtime_flags=0, domain=core-platform, api=blocked) from /data/app/~~KIfkHpBds0iaAhOpZranzA==/com.negi.survey.local-goVevs7zBDv7F5e9Ca5upA==/base.apk!classes17.dex (domain=app, TargetSdkVersion=36) using linking: denied
09-24 12:48:10.178   926   926 E gi.survey.local: hiddenapi: Accessing hidden method Landroid/net/ssl/EchConfigList;->fromBytes([B)Landroid/net/ssl/EchConfigList; (runtime_flags=0, domain=core-platform, api=blocked) from /data/app/~~KIfkHpBds0iaAhOpZranzA==/com.negi.survey.local-goVevs7zBDv7F5e9Ca5upA==/base.apk!classes17.dex (domain=app, TargetSdkVersion=36) using linking: denied
09-24 12:48:10.178   926   926 E gi.survey.local: hiddenapi: Accessing hidden method Landroid/net/ssl/SSLSockets;->setEchConfigList(Ljavax/net/ssl/SSLSocket;Landroid/net/ssl/EchConfigList;)V (runtime_flags=0, domain=core-platform, api=blocked) from /data/app/~~KIfkHpBds0iaAhOpZranzA==/com.negi.survey.local-goVevs7zBDv7F5e9Ca5upA==/base.apk!classes17.dex (domain=app, TargetSdkVersion=36) using linking: denied
09-24 12:48:10.179   926   942 D RuntimeLogStore: retention: start files=2 kept=2 totalBytes=39455
09-24 12:48:10.182   926   926 D SurveyApp: LiteRTLM JNI already loaded; skip. where=onCreate(retry)
09-24 12:48:10.182   926   926 D SurveyApp: bootTiming: RuntimeLogStore.start took=0ms
09-24 12:48:10.182   926   926 D SurveyApp: bootTiming: AppRingLogStore.install took=0ms
09-24 12:48:10.182   926   926 D SurveyApp: onCreate: pid=926 process=com.negi.survey.local isMain=true sdk=36
09-24 12:48:10.187   926   926 D CrashCapture: install: ensured default handler. where=SurveyApp:onCreate(rewrap) pid=926 default=com.negi.survey.CrashCapture$CrashHandler@80b8781
09-24 12:48:10.187   926   926 D SurveyApp: CrashCapture installed: where=SurveyApp:onCreate(rewrap)
09-24 12:48:10.187   926   926 D CrashCapture: registerSelfHealing: ActivityLifecycleCallbacks registered. mode=onResumedOnly
09-24 12:48:10.187   926   926 D SurveyApp: CrashCapture self-healing registered.
09-24 12:48:10.187   926   926 W SurveyApp: Startup enqueues deferred: delay=2500ms (to reduce init contention)
09-24 12:48:10.188   926   926 D SurveyApp: Startup survey recovery deferred: delay=2500ms
09-24 12:48:10.188   926   926 D SurveyApp: bootTiming: onCreate total=6ms
--------- beginning of system
09-24 12:48:10.191   926   944 I DisplayManager: Choreographer implicitly registered for the refresh rate.
09-24 12:48:10.193   926   944 D vulkan  : searching for layers in '/data/app/~~KIfkHpBds0iaAhOpZranzA==/com.negi.survey.local-goVevs7zBDv7F5e9Ca5upA==/lib/arm64'
09-24 12:48:10.193   926   944 D vulkan  : searching for layers in '/data/app/~~KIfkHpBds0iaAhOpZranzA==/com.negi.survey.local-goVevs7zBDv7F5e9Ca5upA==/base.apk!/lib/arm64-v8a'
09-24 12:48:10.197   926   926 D DesktopExperienceFlags: Toggle override initialized to: false
09-24 12:48:10.208   926   926 D CompatChangeReporter: Compat change id reported: 377864165; UID 14912; state: ENABLED
09-24 12:48:10.208   926   926 D DesktopModeFlags: Toggle override initialized to: OVERRIDE_UNSET
09-24 12:48:10.223   926   926 I ContentCaptureHelper: Setting logging level to OFF
09-24 12:48:10.232   926   926 D CrashCapture: install: ensured default handler. where=selfHeal:onActivityResumed pid=926 default=com.negi.survey.CrashCapture$CrashHandler@80b8781
09-24 12:48:10.255   926   926 D WindowOnBackDispatcher: setTopOnBackInvokedCallback (unwrapped): android.app.Activity$$ExternalSyntheticLambda0@53f7117
09-24 12:48:10.360   926   926 D WM-PackageManagerHelper: Skipping component enablement for androidx.work.impl.background.systemjob.SystemJobService
09-24 12:48:10.360   926   926 D WM-Schedulers: Created SystemJobScheduler and enabled SystemJobService
09-24 12:48:10.361   926   959 D WM-ForceStopRunnable: Is default app process = true
09-24 12:48:10.362   926   959 D WM-ForceStopRunnable: Performing cleanup operations.
09-24 12:48:10.380   926   959 D WM-SystemJobScheduler: Reconciling jobs
09-24 12:48:10.387   926   959 D WM-ForceStopRunnable: Application was force-stopped, rescheduling.
09-24 12:48:10.400   926   961 I gi.survey.local: hiddenapi: Accessing hidden method Landroid/database/sqlite/SQLiteDatabase;->getThreadSession()Landroid/database/sqlite/SQLiteSession; (runtime_flags=0, domain=platform, api=unsupported) from Landroidx/sqlite/db/framework/FrameworkSQLiteDatabase; (domain=app, TargetSdkVersion=36) using reflection: allowed
09-24 12:48:10.400   926   961 I gi.survey.local: hiddenapi: Accessing hidden method Landroid/database/sqlite/SQLiteSession;->beginTransaction(ILandroid/database/sqlite/SQLiteTransactionListener;ILandroid/os/CancellationSignal;)V (runtime_flags=0, domain=platform, api=unsupported) from Landroidx/sqlite/db/framework/FrameworkSQLiteDatabase; (domain=app, TargetSdkVersion=36) using reflection: allowed
09-24 12:48:10.409   926   962 D WM-PackageManagerHelper: Skipping component enablement for androidx.work.impl.background.systemalarm.RescheduleReceiver
09-24 12:48:10.422   926   926 D VRI[MainActivity]: WindowInsets changed: 1080x2424 statusBars:[0,152,0,0] navigationBars:[0,0,0,69] mandatorySystemGestures:[0,187,0,92] 
09-24 12:48:10.433   926   926 I HWUI    : Using FreeType backend (prop=Auto)
09-24 12:48:10.495   926   926 I gi.survey.local: hiddenapi: Accessing hidden method Landroid/os/SystemProperties;->addChangeCallback(Ljava/lang/Runnable;)V (runtime_flags=0, domain=platform, api=unsupported) from Landroidx/compose/ui/platform/AndroidComposeView$Companion; (domain=app, TargetSdkVersion=36) using reflection: allowed
09-24 12:48:10.531   926   926 D InsetsController: hide(ime())
09-24 12:48:10.531   926   926 I ImeTracker: com.negi.survey.local:6dd1a379: onCancelled at PHASE_CLIENT_ALREADY_HIDDEN
09-24 12:48:10.638   926   932 I gi.survey.local: Compiler allocated 5038KB to compile void android.view.ViewRootImpl.performTraversals()
09-24 12:48:10.709   926   926 D IntroScreen: Resolved config details: id=survey_config10.yaml in 212ms
09-24 12:48:12.687   926   926 W SurveyApp: Deferred startup enqueues begin...
09-24 12:48:12.688   926   926 D SurveyApp: WorkManager available. where=startupRtLogs(immediate) took=0ms
09-24 12:48:12.694   926   926 D SurveyApp: Startup runtime logs target -> owner=ishizuki-tech repo=SurveyExports branch=main base='/diagnostics/runtime_logs'
09-24 12:48:12.708   926   926 D github_upload: enqueueStartupRuntimeLogsUpload: uniqueName=upload_runtime_logs_startup policy=KEEP session=startup_runtime_20260924_194812_9fd5e0a2
09-24 12:48:12.711   926   926 D SurveyApp: Startup runtime logs: enqueue requested (immediate).
09-24 12:48:12.712   926   926 D SurveyApp: WorkManager available. where=startupRingLogs(immediate) took=0ms
09-24 12:48:12.712   926   926 D SurveyApp: Startup ring logs target -> owner=ishizuki-tech repo=SurveyExports branch=main base='/diagnostics/applog_ring'
09-24 12:48:12.713   926   926 D github_upload: enqueueStartupRingLogsUpload: uniqueName=upload_ring_logs_startup policy=KEEP session=startup_ring_20260924_194812_e7e00719
09-24 12:48:12.713   926   926 D SurveyApp: Startup ring logs: enqueue requested (immediate).
09-24 12:48:12.713   926   926 D SurveyApp: WorkManager available. where=enqueuePending(immediate) took=0ms
09-24 12:48:12.714   926   926 D SurveyApp: CrashCapture pending uploads requested (immediate).
09-24 12:48:12.714   926   926 W SurveyApp: Deferred startup enqueues done: took=26ms
09-24 12:48:12.714   926   973 D CrashCapture: enqueuePendingCrashUploadsIfPossible enter where=SurveyApp:enqueuePending(immediate):bg pid=926 thread=CrashCapture-Enqueue
09-24 12:48:12.715   926   958 D SurveyApp: Survey recovery WorkManager available. where=startupSurveyUploads(initial) took=0ms
09-24 12:48:12.720   926   958 D SurveyApp: Startup survey recovery complete: discovered=0 attempted=0 submitted=0 active=0 trackerUnconfirmed=0 uploaded=0 deferred=0 invalid=0 operationalFailures=0 duplicates=0 unclassified=0
09-24 12:48:12.742   926   961 D WM-SystemJobScheduler: Scheduling work ID b65a6497-6899-4682-8fed-041d91f09b58Job ID 15
09-24 12:48:12.751   926   961 D WM-GreedyScheduler: Starting tracking for b65a6497-6899-4682-8fed-041d91f09b58
09-24 12:48:12.756   926   926 D WM-SystemJobService: onStartJob for WorkGenerationalId(workSpecId=b65a6497-6899-4682-8fed-041d91f09b58, generation=0)
09-24 12:48:12.767   926   961 D WM-SystemJobScheduler: Scheduling work ID 66c56b0d-e9eb-41f8-aef1-5a708893d0f1Job ID 16
09-24 12:48:12.769   926   961 D WM-GreedyScheduler: Starting tracking for 66c56b0d-e9eb-41f8-aef1-5a708893d0f1,b65a6497-6899-4682-8fed-041d91f09b58
09-24 12:48:12.770   926   926 D WM-SystemJobService: onStartJob for WorkGenerationalId(workSpecId=66c56b0d-e9eb-41f8-aef1-5a708893d0f1, generation=0)
