=== Previous Session Logcat ===
captured_time_utc=20260924_201617
captured_time_local=20260924_131617
marker=2026-09-24 12:39:28.291
preferred_prev_pid=31593
note=best-effort; buffers may be overwritten before next start
sdk=36
device=Google Pixel 9a
appId=com.negi.survey
versionName=0.0.1
versionCode=88

=== Logcat (since marker) ===
--------- beginning of main
09-24 13:16:14.441  4193  4193 I Zygote  : Process 4193 created for com.negi.survey
09-24 13:16:14.441  4193  4193 I com.negi.survey: Using CollectorTypeCMC GC.
09-24 13:16:14.445  4193  4193 D nativeloader: Load libframework-connectivity-tiramisu-jni.so using APEX ns com_android_tethering for caller /apex/com.android.tethering/javalib/framework-connectivity-t.jar: ok
09-24 13:16:14.452  4193  4193 D ApplicationLoaders: Returning zygote-cached class loader: /system_ext/framework/androidx.window.extensions.jar
09-24 13:16:14.452  4193  4193 D ApplicationLoaders: Returning zygote-cached class loader: /system_ext/framework/androidx.window.sidecar.jar
09-24 13:16:14.502  4193  4193 D nativeloader: Configuring clns-9 for other apk /data/app/~~Oqyl030uhfQYBS9VznWv9Q==/com.negi.survey-XWxpU1cyvhETYB453SrL6Q==/base.apk. target_sdk_version=36, uses_libraries=libOpenCL.so:libOpenCL-pixel.so, library_path=/data/app/~~Oqyl030uhfQYBS9VznWv9Q==/com.negi.survey-XWxpU1cyvhETYB453SrL6Q==/lib/arm64:/data/app/~~Oqyl030uhfQYBS9VznWv9Q==/com.negi.survey-XWxpU1cyvhETYB453SrL6Q==/base.apk!/lib/arm64-v8a, permitted_path=/data:/mnt/expand:/data/user/0/com.negi.survey
09-24 13:16:14.506  4193  4193 V GraphicsEnvironment: Currently set values for:
09-24 13:16:14.506  4193  4193 V GraphicsEnvironment:   angle_gl_driver_selection_pkgs=[com.android.angle]
09-24 13:16:14.506  4193  4193 V GraphicsEnvironment:   angle_gl_driver_selection_values=[angle]
09-24 13:16:14.506  4193  4193 V GraphicsEnvironment: com.negi.survey is not listed in per-application setting
09-24 13:16:14.506  4193  4193 V GraphicsEnvironment: No special selections for ANGLE, returning default driver choice
09-24 13:16:14.506  4193  4193 V GraphicsEnvironment: Neither updatable production driver nor prerelease driver is supported.
09-24 13:16:14.528  4193  4193 D nativeloader: Load /data/app/~~Oqyl030uhfQYBS9VznWv9Q==/com.negi.survey-XWxpU1cyvhETYB453SrL6Q==/base.apk!/lib/arm64-v8a/liblitertlm_jni.so using class loader ns clns-9 (caller=/data/app/~~Oqyl030uhfQYBS9VznWv9Q==/com.negi.survey-XWxpU1cyvhETYB453SrL6Q==/base.apk!classes4.dex): ok
09-24 13:16:14.529  4193  4193 D SurveyApp: Loaded LiteRTLM JNI: litertlm_jni where=attachBaseContext
09-24 13:16:14.531  4193  4193 D AppRingLogStore: installed: dir=/data/user/0/com.negi.survey/files/diagnostics/applog_ring idx=0
09-24 13:16:14.531  4193  4193 D CrashCapture: install: ensured default handler. where=SurveyApp:attachBaseContext pid=4193 default=com.negi.survey.CrashCapture$CrashHandler@a418a8b
09-24 13:16:14.533  4193  4208 D RuntimeLogStore: openWriter: start -> /data/user/0/com.negi.survey/files/diagnostics/runtime_logs/rtlog_20260924_201614_530_pid4193_seq1.log (bytes=0 format=LEGACY)
09-24 13:16:14.534  4193  4208 D RuntimeLogStore: retention: start files=2 kept=2 totalBytes=6277
09-24 13:16:14.535  4193  4193 D SurveyApp: LiteRTLM JNI already loaded; skip. where=onCreate(retry)
09-24 13:16:14.536  4193  4193 D CrashCapture: install: ensured default handler. where=SurveyApp:onCreate(rewrap) pid=4193 default=com.negi.survey.CrashCapture$CrashHandler@a418a8b
09-24 13:16:14.536  4193  4193 D CrashCapture: registerSelfHealing: ActivityLifecycleCallbacks registered. mode=onResumedOnly
--------- beginning of system
09-24 13:16:14.538  4193  4211 I DisplayManager: Choreographer implicitly registered for the refresh rate.
09-24 13:16:14.539  4193  4211 D vulkan  : searching for layers in '/data/app/~~Oqyl030uhfQYBS9VznWv9Q==/com.negi.survey-XWxpU1cyvhETYB453SrL6Q==/lib/arm64'
09-24 13:16:14.539  4193  4211 D vulkan  : searching for layers in '/data/app/~~Oqyl030uhfQYBS9VznWv9Q==/com.negi.survey-XWxpU1cyvhETYB453SrL6Q==/base.apk!/lib/arm64-v8a'
09-24 13:16:14.540  4193  4193 D DesktopExperienceFlags: Toggle override initialized to: false
09-24 13:16:14.546  4193  4193 D CompatChangeReporter: Compat change id reported: 377864165; UID 14911; state: ENABLED
09-24 13:16:14.546  4193  4193 D DesktopModeFlags: Toggle override initialized to: OVERRIDE_UNSET
09-24 13:16:14.549  4193  4193 I ContentCaptureHelper: Setting logging level to OFF
09-24 13:16:14.550  4193  4193 D CrashCapture: install: ensured default handler. where=selfHeal:onActivityResumed pid=4193 default=com.negi.survey.CrashCapture$CrashHandler@a418a8b
09-24 13:16:14.566  4193  4193 D WindowOnBackDispatcher: setTopOnBackInvokedCallback (unwrapped): android.app.Activity$$ExternalSyntheticLambda0@53f7117
09-24 13:16:14.577  4193  4193 D WM-PackageManagerHelper: Skipping component enablement for androidx.work.impl.background.systemjob.SystemJobService
09-24 13:16:14.577  4193  4193 D WM-Schedulers: Created SystemJobScheduler and enabled SystemJobService
09-24 13:16:14.578  4193  4230 D WM-ForceStopRunnable: Is default app process = true
09-24 13:16:14.578  4193  4230 D WM-ForceStopRunnable: Performing cleanup operations.
09-24 13:16:14.594  4193  4193 D VRI[MainActivity]: WindowInsets changed: 1080x2424 statusBars:[0,152,0,0] navigationBars:[0,0,0,69] mandatorySystemGestures:[0,187,0,92] 
09-24 13:16:14.595  4193  4230 D WM-SystemJobScheduler: Reconciling jobs
09-24 13:16:14.597  4193  4193 I HWUI    : Using FreeType backend (prop=Auto)
09-24 13:16:14.598  4193  4230 D WM-ForceStopRunnable: Found unfinished work, scheduling it.
09-24 13:16:14.604  4193  4233 D WM-PackageManagerHelper: Skipping component enablement for androidx.work.impl.background.systemalarm.RescheduleReceiver
09-24 13:16:14.685  4193  4193 D IntroScreen: Resolved config details: id=survey_config10.yaml in 35ms
09-24 13:16:14.686  4193  4193 D InsetsController: hide(ime())
09-24 13:16:14.686  4193  4193 I ImeTracker: com.negi.survey:fce06b79: onCancelled at PHASE_CLIENT_ALREADY_HIDDEN
09-24 13:16:17.038  4193  4193 D github_upload: enqueueStartupRuntimeLogsUpload: uniqueName=upload_runtime_logs_startup policy=KEEP session=startup_runtime_20260924_201617_35a88bf1
09-24 13:16:17.040  4193  4193 D github_upload: enqueueStartupRingLogsUpload: uniqueName=upload_ring_logs_startup policy=KEEP session=startup_ring_20260924_201617_b590ca53
09-24 13:16:17.040  4193  4261 D CrashCapture: enqueuePendingCrashUploadsIfPossible enter where=SurveyApp:enqueuePending(immediate):bg pid=4193 thread=CrashCapture-Enqueue
09-24 13:16:17.045  4193  4261 D CrashCapture: Staged exit info: /data/user/0/com.negi.survey/files/diagnostics/crash/exit_20260924_194251_1790278971257_pid31593_r3.log bytes=378 reason=3 pid=31593
09-24 13:16:17.056  4193  4232 D WM-SystemJobScheduler: Scheduling work ID df83b632-c278-48b6-a6a5-871a1520866aJob ID 12
09-24 13:16:17.059  4193  4232 D WM-GreedyScheduler: Starting tracking for df83b632-c278-48b6-a6a5-871a1520866a
09-24 13:16:17.059  4193  4193 D WM-SystemJobService: onStartJob for WorkGenerationalId(workSpecId=df83b632-c278-48b6-a6a5-871a1520866a, generation=0)
09-24 13:16:17.064  4193  4232 D WM-SystemJobScheduler: Scheduling work ID bca47a8f-f550-4e19-a8ab-881b5db51ac6Job ID 13
09-24 13:16:17.065  4193  4232 D WM-GreedyScheduler: Starting tracking for df83b632-c278-48b6-a6a5-871a1520866a,bca47a8f-f550-4e19-a8ab-881b5db51ac6
09-24 13:16:17.065  4193  4193 D WM-SystemJobService: onStartJob for WorkGenerationalId(workSpecId=bca47a8f-f550-4e19-a8ab-881b5db51ac6, generation=0)
09-24 13:16:17.068  4193  4232 D WM-Processor: Processor: processing WorkGenerationalId(workSpecId=df83b632-c278-48b6-a6a5-871a1520866a, generation=0)
09-24 13:16:17.070  4193  4232 D WM-Processor: Processor: processing WorkGenerationalId(workSpecId=bca47a8f-f550-4e19-a8ab-881b5db51ac6, generation=0)
09-24 13:16:17.073  4193  4193 D WM-WorkerWrapper: Starting work for com.negi.survey.net.GitHubUploadWorker
09-24 13:16:17.074  4193  4193 D WM-WorkerWrapper: Starting work for com.negi.survey.net.GitHubUploadWorker
09-24 13:16:17.076  4193  4232 D WM-WorkConstraintsTrack: NetworkRequestConstraintController register shared callback
09-24 13:16:17.081  4193  4232 D WM-PackageManagerHelper: androidx.work.impl.background.systemalarm.RescheduleReceiver enabled
09-24 13:16:17.082  4193  4232 I WM-Processor: Moving WorkSpec (df83b632-c278-48b6-a6a5-871a1520866a) to the foreground
09-24 13:16:17.085  4193  4193 I WM-SystemFgDispatcher: Started foreground service Intent { act=ACTION_START_FOREGROUND xflg=0x4 cmp=com.negi.survey/androidx.work.impl.foreground.SystemForegroundService (has extras) }
09-24 13:16:17.085  4193  4193 D WM-SystemFgDispatcher: Notifying with (id:8257, workSpecId: df83b632-c278-48b6-a6a5-871a1520866a, notificationType :1)
09-24 13:16:17.085  4193  4232 I WM-Processor: Moving WorkSpec (bca47a8f-f550-4e19-a8ab-881b5db51ac6) to the foreground
09-24 13:16:17.086  4193  4193 D WM-SystemFgDispatcher: Notifying with (id:8257, workSpecId: df83b632-c278-48b6-a6a5-871a1520866a, notificationType :1)
09-24 13:16:17.088  4193  4193 I WM-SystemFgDispatcher: Started foreground service Intent { act=ACTION_START_FOREGROUND xflg=0x4 cmp=com.negi.survey/androidx.work.impl.foreground.SystemForegroundService (has extras) }
09-24 13:16:17.089  4193  4193 D WM-SystemFgDispatcher: Notifying with (id:4309, workSpecId: bca47a8f-f550-4e19-a8ab-881b5db51ac6, notificationType :1)
09-24 13:16:17.089  4193  4232 D WM-WorkProgressUpdater: Updating progress for df83b632-c278-48b6-a6a5-871a1520866a (Data {pct : 3, mode : startup_runtime_logs})
09-24 13:16:17.090  4193  4232 I WM-Processor: Moving WorkSpec (df83b632-c278-48b6-a6a5-871a1520866a) to the foreground
09-24 13:16:17.090  4193  4193 D WM-SystemFgDispatcher: Notifying with (id:4309, workSpecId: bca47a8f-f550-4e19-a8ab-881b5db51ac6, notificationType :1)
09-24 13:16:17.091  4193  4232 D WM-WorkProgressUpdater: Updating progress for bca47a8f-f550-4e19-a8ab-881b5db51ac6 (Data {pct : 3, mode : startup_ring_logs})
09-24 13:16:17.092  4193  4232 I WM-Processor: Moving WorkSpec (bca47a8f-f550-4e19-a8ab-881b5db51ac6) to the foreground
09-24 13:16:17.092  4193  4193 D WM-SystemFgDispatcher: Notifying with (id:8257, workSpecId: df83b632-c278-48b6-a6a5-871a1520866a, notificationType :1)
09-24 13:16:17.093  4193  4266 D WM-WorkConstraintsTrack: NetworkRequestConstraintController onCapabilitiesChanged callback
09-24 13:16:17.093  4193  4266 D WM-WorkConstraintsTrack: Not dispatching constraint state yet: isBlocked=null, capabilitiesInitialized=true
09-24 13:16:17.093  4193  4266 D WM-WorkConstraintsTrack: NetworkRequestConstraintController onBlockedStatusChanged callback false
09-24 13:16:17.094  4193  4193 D WM-SystemFgDispatcher: Notifying with (id:4309, workSpecId: bca47a8f-f550-4e19-a8ab-881b5db51ac6, notificationType :1)
09-24 13:16:17.094  4193  4232 D WM-WorkConstraintsTrack: NetworkRequestConstraintController send initial capabilities
09-24 13:16:17.094  4193  4232 D WM-GreedyScheduler: Constraints met: Scheduling work ID WorkGenerationalId(workSpecId=df83b632-c278-48b6-a6a5-871a1520866a, generation=0)
09-24 13:16:17.094  4193  4232 D WM-GreedyScheduler: Constraints met: Scheduling work ID WorkGenerationalId(workSpecId=bca47a8f-f550-4e19-a8ab-881b5db51ac6, generation=0)
09-24 13:16:17.095  4193  4232 D WM-Processor: Work WorkGenerationalId(workSpecId=df83b632-c278-48b6-a6a5-871a1520866a, generation=0) is already enqueued for processing
09-24 13:16:17.095  4193  4232 D WM-WorkConstraintsTrack: NetworkRequestConstraintController send initial capabilities
09-24 13:16:17.096  4193  4232 D WM-Processor: Work WorkGenerationalId(workSpecId=bca47a8f-f550-4e19-a8ab-881b5db51ac6, generation=0) is already enqueued for processing
