=== RuntimeLogStore Header ===
ts=2026-10-01T18:14:31.019Z
fileNameFormat=LEGACY
appId=com.negi.survey
versionName=0.0.1
versionCode=1
debug=true
device=samsung SM-S731U
sdk=36
pid=7334
==============================
2026-10-01T18:14:31.019Z I/RuntimeLogStore [rtlog-io] start: actor launched (fileNameFormat=LEGACY)
2026-10-01T18:14:31.015Z D/SurveyApp [main] attachBaseContext: pid=7334 process=com.negi.survey isMain=true sdk=36
2026-10-01T18:14:31.017Z D/SurveyApp [main] bootTiming: attachBaseContext total=38ms
2026-10-01T18:14:31.017Z D/SurveyApp [main] Skipping WorkManager init in attachBaseContext; will init lazily on first enqueue.
2026-10-01T18:14:31.019Z D/SurveyApp [main] CrashCapture installed: where=SurveyApp:attachBaseContext
2026-10-01T18:14:31.036Z I/RuntimeLogStore [main] start repair: ctx/dir refreshed
2026-10-01T18:14:31.037Z D/SurveyApp [main] bootTiming: RuntimeLogStore.start took=1ms
2026-10-01T18:14:31.037Z D/SurveyApp [main] bootTiming: AppRingLogStore.install took=0ms
2026-10-01T18:14:31.037Z D/SurveyApp [main] onCreate: pid=7334 process=com.negi.survey isMain=true sdk=36
2026-10-01T18:14:31.042Z D/SurveyApp [main] CrashCapture installed: where=SurveyApp:onCreate(rewrap)
2026-10-01T18:14:31.042Z D/SurveyApp [main] CrashCapture self-healing registered.
2026-10-01T18:14:31.042Z W/SurveyApp [main] Startup enqueues deferred: delay=2500ms (to reduce init contention)
2026-10-01T18:14:31.043Z D/SurveyApp [main] Startup survey recovery deferred: delay=2500ms
2026-10-01T18:14:31.043Z D/SurveyApp [main] bootTiming: onCreate total=7ms
2026-10-01T18:14:31.083Z I/RuntimeLogStore [DefaultDispatcher-worker-1] start repair: ctx/dir refreshed
2026-10-01T18:14:32.649Z I/RuntimeLogStore [DefaultDispatcher-worker-3] start repair: ctx/dir refreshed
