=== RuntimeLogStore Header ===
ts=2026-09-24T05:56:58.752Z
fileNameFormat=LEGACY
appId=com.negi.survey
versionName=0.0.1
versionCode=87
debug=false
device=samsung SM-S936B
sdk=35
pid=21235
==============================
2026-09-24T05:56:58.752Z I/RuntimeLogStore [rtlog-io] --- rotated (reason=plain_snapshot:app_start) ---
2026-09-24T05:59:07.174Z D/LiteRtLM [DefaultDispatcher-worker-1] Initializing LiteRT-LM: model='Gemma3n4B', key='Gemma3n4B|/data/data/com.negi.survey/files/gemma-3n-E4B-it-int4.litertlm'
2026-09-24T05:59:07.174Z D/LiteRtLM [DefaultDispatcher-worker-1] Capabilities: image=false audio=false
2026-09-24T05:59:07.174Z D/LiteRtLM [DefaultDispatcher-worker-1] Backend=com.google.ai.edge.litertlm.Backend$GPU@8d28848 maxNumTokens=4096 (raw=4096) topK=64 topP=0.95 temp=1.0
2026-09-24T05:59:07.174Z D/LiteRtLM [DefaultDispatcher-worker-1] Model path='/data/data/com.negi.survey/files/gemma-3n-E4B-it-int4.litertlm' sizeBytes=4919541760 lastModified=1790229542787
2026-09-24T05:59:07.174Z W/LiteRtLM [DefaultDispatcher-worker-1] Large maxNumTokens=4096 requested. This increases KV-cache capacity and memory pressure. For short survey JSON/follow-up generation, validate whether a smaller configured value is sufficient.
2026-09-24T05:59:07.174Z D/LiteRtLM [DefaultDispatcher-worker-1] LiteRT-LM native benchmark policy: enabled=false emulator=false
2026-09-24T05:59:07.175Z D/LiteRtLM [DefaultDispatcher-worker-1] Speculative decoding / MTP policy: enabled=false runtimeFlagUpdated=true model='Gemma3n4B'
2026-09-24T05:59:07.175Z D/LiteRtLM [DefaultDispatcher-worker-1] Engine cacheDir resolved: key='Gemma3n4B|/data/data/com.negi.survey/files/gemma-3n-E4B-it-int4.litertlm' backend=com.google.ai.edge.litertlm.Backend$GPU@8d28848 path='/data/user/0/com.negi.survey/no_backup/litertlm_cache/e00645446b7a0b1c65e8857af2e301c715813132' filesBefore=0
2026-09-24T05:59:18.207Z W/LiteRtLM [DefaultDispatcher-worker-1] Engine.initialize completed: key='Gemma3n4B|/data/data/com.negi.survey/files/gemma-3n-E4B-it-int4.litertlm' backend=com.google.ai.edge.litertlm.Backend$GPU@8d28848 took=11029ms cacheFilesAfter=2
2026-09-24T05:59:18.226Z D/LiteRtLM [DefaultDispatcher-worker-1] createConversation completed: key='Gemma3n4B|/data/data/com.negi.survey/files/gemma-3n-E4B-it-int4.litertlm' took=17ms
2026-09-24T05:59:18.226Z D/LiteRtLM [DefaultDispatcher-worker-1] LiteRT-LM initialization succeeded: model='Gemma3n4B', key='Gemma3n4B|/data/data/com.negi.survey/files/gemma-3n-E4B-it-int4.litertlm' engineMs=11029 conversationMs=17 totalMs=11053
2026-09-24T05:59:18.247Z D/AiTrace [main] Installed (enabled=false ringEnabled=true)
2026-09-24T05:59:18.250Z D/SurveyVM [main] init -> Start, session=0, uuid=cc106c43-1817-49d4-9f01-9c73a70b832a, navSize=1, graphSize=20
2026-09-24T05:59:18.255Z D/SurveyVM [main] config.validate -> issues=0
2026-09-24T05:59:18.255Z D/SurveyVM [main] promptSources -> legacy=10, eval=0, follow=0
2026-09-24T05:59:18.255Z D/SurveyVM [main] promptSources.preview -> legacy=[Q10, Q11, Q12, Q13, Q14, Q15, Q16, Q17, Q8, Q9], eval=[], follow=[]
2026-09-24T05:59:18.255Z D/SurveyVM [main] hasTwoStepPrompt[Q10] -> true (eval=169, fu=194)
2026-09-24T05:59:18.255Z D/SurveyVM [main] hasTwoStepPrompt[Q11] -> true (eval=179, fu=204)
2026-09-24T05:59:18.255Z D/SurveyVM [main] hasTwoStepPrompt[Q12] -> true (eval=171, fu=196)
2026-09-24T05:59:18.255Z D/SurveyVM [main] hasTwoStepPrompt[Q13] -> true (eval=159, fu=184)
2026-09-24T05:59:18.255Z D/SurveyVM [main] hasTwoStepPrompt[Q14] -> true (eval=209, fu=234)
2026-09-24T05:59:18.255Z D/SurveyVM [main] hasTwoStepPrompt[Q15] -> true (eval=150, fu=175)
2026-09-24T05:59:18.255Z D/SurveyVM [main] hasTwoStepPrompt[Q16] -> true (eval=167, fu=192)
2026-09-24T05:59:18.255Z D/SurveyVM [main] hasTwoStepPrompt[Q17] -> true (eval=194, fu=219)
2026-09-24T05:59:18.255Z D/SurveyVM [main] hasTwoStepPrompt[Q8] -> true (eval=244, fu=155)
2026-09-24T05:59:18.255Z D/SurveyVM [main] hasTwoStepPrompt[Q9] -> true (eval=186, fu=211)
2026-09-24T05:59:18.255Z D/SurveyVM [main] AI prompt coverage OK (aiCount=10)
2026-09-24T05:59:18.287Z D/LiteRtLM [slm-jni] initializeIfNeeded: warm runtime already ready: key='Gemma3n4B|/data/data/com.negi.survey/files/gemma-3n-E4B-it-int4.litertlm'
2026-09-24T05:59:18.288Z D/LiteRtRepository [main] warmUp: initializeIfNeeded ok gateWaitMs=0 initMs=1
2026-09-24T05:59:18.288Z D/LiteRtRepository [main] warmUp: Engine ready; representative inference disabled totalMs=1
2026-09-24T05:59:45.550Z D/SurveyVM [main] resetAudioRefs -> cleared
2026-09-24T05:59:45.550Z D/SurveyVM [main] resetNavToStart -> key=com.negi.survey.vm.FlowHome@e40b5e, navSize=1
2026-09-24T05:59:45.550Z D/SurveyVM [main] resetToStart -> Start, session=1, uuid=5dd3a6f3-9890-4c7c-ad70-0492ff00121b, preserveDraft=true, draftLen=0
2026-09-24T05:59:45.550Z D/SurveyVM [main] activateRunIfNeeded(advanceToNext:Q1) -> runNoteLen=0, draftCleared=true, uuid=5dd3a6f3-9890-4c7c-ad70-0492ff00121b
2026-09-24T05:59:45.550Z D/SurveyVM [main] push -> Q1, navSize=2, stackSize=2
2026-09-25T05:56:45.920Z D/SurveyVM [main] backToPrevious -> Start (runActive=true, uiLen=0, runLen=0, draftLen=0)
2026-09-25T05:56:55.222Z D/SurveyVM [main] setRunFreeText(run) -> len=1
2026-09-25T05:56:55.497Z D/SurveyVM [main] setRunFreeText(run) -> len=2
2026-09-25T05:56:55.683Z D/SurveyVM [main] setRunFreeText(run) -> len=3
2026-09-25T05:56:55.916Z D/SurveyVM [main] setRunFreeText(run) -> len=4
2026-09-25T05:56:57.528Z D/SurveyVM [main] setRunFreeText(run) -> len=3
2026-09-25T05:56:57.687Z D/SurveyVM [main] setRunFreeText(run) -> len=2
2026-09-25T05:56:58.220Z D/SurveyVM [main] setRunFreeText(run) -> len=1
2026-09-25T05:56:58.867Z D/SurveyVM [main] setRunFreeText(run) -> len=2
2026-09-25T05:56:59.085Z D/SurveyVM [main] setRunFreeText(run) -> len=3
2026-09-25T05:56:59.307Z D/SurveyVM [main] setRunFreeText(run) -> len=4
2026-09-25T05:57:02.494Z D/SurveyVM [main] setRunFreeText(run) -> len=8
2026-09-25T05:57:02.878Z D/SurveyVM [main] setRunFreeText(run) -> len=9
2026-09-25T05:57:03.068Z D/SurveyVM [main] setRunFreeText(run) -> len=10
2026-09-25T05:57:03.263Z D/SurveyVM [main] setRunFreeText(run) -> len=11
2026-09-25T05:57:03.518Z D/SurveyVM [main] setRunFreeText(run) -> len=12
2026-09-25T05:57:04.373Z D/SurveyVM [main] setRunFreeText(run) -> len=13
2026-09-25T05:57:04.548Z D/SurveyVM [main] setRunFreeText(run) -> len=14
2026-09-25T05:57:04.681Z D/SurveyVM [main] setRunFreeText(run) -> len=15
2026-09-25T05:57:05.105Z D/SurveyVM [main] setRunFreeText(run) -> len=16
2026-09-25T05:57:05.619Z D/SurveyVM [main] setRunFreeText(run) -> len=15
2026-09-25T05:57:06.258Z D/SurveyVM [main] setRunFreeText(run) -> len=16
2026-09-25T05:57:06.391Z D/SurveyVM [main] setRunFreeText(run) -> len=17
2026-09-25T05:57:07.706Z D/SurveyVM [main] resetAudioRefs -> cleared
2026-09-25T05:57:07.706Z D/SurveyVM [main] resetNavToStart -> key=com.negi.survey.vm.FlowHome@e40b5e, navSize=1
2026-09-25T05:57:07.706Z D/SurveyVM [main] resetToStart -> Start, session=2, uuid=86f28747-269a-44bc-a408-1d47b5bf2f0d, preserveDraft=true, draftLen=17
2026-09-25T05:57:07.706Z D/SurveyVM [main] setRunFreeText(draft) -> len=17
2026-09-25T05:57:07.706Z D/SurveyVM [main] activateRunIfNeeded(advanceToNext:Q1) -> runNoteLen=17, draftCleared=true, uuid=86f28747-269a-44bc-a408-1d47b5bf2f0d
2026-09-25T05:57:07.706Z D/SurveyVM [main] push -> Q1, navSize=2, stackSize=2
2026-09-25T05:57:22.919Z D/SurveyVM [main] push -> Q2, navSize=3, stackSize=3
2026-09-25T05:57:28.167Z D/SurveyVM [main] push -> Q3, navSize=4, stackSize=4
2026-09-25T05:58:42.363Z D/SurveyVM [main] push -> Q4, navSize=5, stackSize=5
2026-09-25T05:58:45.364Z D/SurveyVM [main] push -> Q5, navSize=6, stackSize=6
2026-09-25T05:58:47.667Z D/SurveyVM [main] push -> Q6, navSize=7, stackSize=7
2026-09-25T05:58:50.619Z D/SurveyVM [main] push -> Q7, navSize=8, stackSize=8
2026-09-25T05:58:54.741Z D/SurveyVM [main] push -> Q8, navSize=9, stackSize=9
2026-09-25T05:58:54.760Z D/SurveyVM [main] hasTwoStepPrompt[Q8] -> true (eval=244, fu=155)
2026-09-25T05:59:08.802Z D/SurveyVM [main] push -> Q9, navSize=10, stackSize=10
2026-09-25T05:59:08.807Z D/SurveyVM [main] hasTwoStepPrompt[Q9] -> true (eval=186, fu=211)
2026-09-25T05:59:19.753Z D/SurveyVM [main] push -> Q10, navSize=11, stackSize=11
2026-09-25T05:59:19.759Z D/SurveyVM [main] hasTwoStepPrompt[Q10] -> true (eval=169, fu=194)
2026-09-25T05:59:54.825Z D/SurveyVM [main] push -> Q11, navSize=12, stackSize=12
2026-09-25T05:59:54.831Z D/SurveyVM [main] hasTwoStepPrompt[Q11] -> true (eval=179, fu=204)
2026-09-25T06:00:01.489Z D/SurveyVM [main] push -> Q12, navSize=13, stackSize=13
2026-09-25T06:00:01.495Z D/SurveyVM [main] hasTwoStepPrompt[Q12] -> true (eval=171, fu=196)
2026-09-25T06:00:10.204Z D/SurveyVM [main] push -> Q13, navSize=14, stackSize=14
2026-09-25T06:00:10.210Z D/SurveyVM [main] hasTwoStepPrompt[Q13] -> true (eval=159, fu=184)
2026-09-25T06:00:31.414Z D/SurveyVM [main] push -> Q14, navSize=15, stackSize=15
2026-09-25T06:00:31.420Z D/SurveyVM [main] hasTwoStepPrompt[Q14] -> true (eval=209, fu=234)
2026-09-25T06:00:39.813Z D/SurveyVM [main] push -> Q15, navSize=16, stackSize=16
2026-09-25T06:00:39.818Z D/SurveyVM [main] hasTwoStepPrompt[Q15] -> true (eval=150, fu=175)
2026-09-25T06:00:46.401Z D/SurveyVM [main] push -> Q16, navSize=17, stackSize=17
2026-09-25T06:00:46.406Z D/SurveyVM [main] hasTwoStepPrompt[Q16] -> true (eval=167, fu=192)
2026-09-25T06:00:52.774Z D/SurveyVM [main] push -> Q17, navSize=18, stackSize=18
2026-09-25T06:00:52.779Z D/SurveyVM [main] hasTwoStepPrompt[Q17] -> true (eval=194, fu=219)
2026-09-25T06:00:59.672Z D/SurveyVM [main] push -> Review, navSize=19, stackSize=19
2026-09-25T06:00:59.677Z D/SurveyVM [main] hasTwoStepPrompt[Review] -> false (eval=0, fu=0)
2026-09-25T06:01:25.227Z D/SurveyVM [main] push -> Done, navSize=20, stackSize=20
2026-09-25T06:03:11.963Z D/SurveyVM [main] resetAudioRefs -> cleared
2026-09-25T06:03:11.964Z D/SurveyVM [main] resetNavToStart -> key=com.negi.survey.vm.FlowHome@e40b5e, navSize=1
2026-09-25T06:03:11.964Z D/SurveyVM [main] resetToStart -> Start, session=3, uuid=a8afe371-2ec1-47ec-a8cc-01c728054188, preserveDraft=false, draftLen=0
2026-09-25T06:03:11.964Z I/AiViewModel [main] onCleared: ViewModel is being cleared -> stopCurrentRunInternal()
2026-09-25T06:03:17.964Z D/LiteRtLM [DefaultDispatcher-worker-6] Initializing LiteRT-LM: model='Gemma3n4B', key='Gemma3n4B|/data/user/0/com.negi.survey/files/gemma-3n-E4B-it-int4.litertlm'
2026-09-25T06:03:17.964Z D/LiteRtLM [DefaultDispatcher-worker-6] Capabilities: image=false audio=false
2026-09-25T06:03:17.964Z D/LiteRtLM [DefaultDispatcher-worker-6] Backend=com.google.ai.edge.litertlm.Backend$GPU@254a6a2 maxNumTokens=4096 (raw=4096) topK=64 topP=0.95 temp=1.0
2026-09-25T06:03:17.964Z D/LiteRtLM [DefaultDispatcher-worker-6] Model path='/data/user/0/com.negi.survey/files/gemma-3n-E4B-it-int4.litertlm' sizeBytes=4919541760 lastModified=1790229542787
2026-09-25T06:03:17.964Z W/LiteRtLM [DefaultDispatcher-worker-6] Large maxNumTokens=4096 requested. This increases KV-cache capacity and memory pressure. For short survey JSON/follow-up generation, validate whether a smaller configured value is sufficient.
2026-09-25T06:03:17.964Z D/LiteRtLM [DefaultDispatcher-worker-6] LiteRT-LM native benchmark policy: enabled=false emulator=false
2026-09-25T06:03:17.964Z D/LiteRtLM [DefaultDispatcher-worker-6] Speculative decoding / MTP policy: enabled=false runtimeFlagUpdated=true model='Gemma3n4B'
2026-09-25T06:03:17.965Z D/LiteRtLM [DefaultDispatcher-worker-6] Engine cacheDir resolved: key='Gemma3n4B|/data/user/0/com.negi.survey/files/gemma-3n-E4B-it-int4.litertlm' backend=com.google.ai.edge.litertlm.Backend$GPU@254a6a2 path='/data/user/0/com.negi.survey/no_backup/litertlm_cache/d4f3e75678ed45d755a4e08b4ae269f866bb1303' filesBefore=0
2026-09-25T06:03:30.348Z W/LiteRtLM [DefaultDispatcher-worker-6] Engine.initialize completed: key='Gemma3n4B|/data/user/0/com.negi.survey/files/gemma-3n-E4B-it-int4.litertlm' backend=com.google.ai.edge.litertlm.Backend$GPU@254a6a2 took=12382ms cacheFilesAfter=2
2026-09-25T06:03:30.353Z D/LiteRtLM [DefaultDispatcher-worker-6] createConversation completed: key='Gemma3n4B|/data/user/0/com.negi.survey/files/gemma-3n-E4B-it-int4.litertlm' took=4ms
2026-09-25T06:03:30.353Z D/LiteRtLM [DefaultDispatcher-worker-6] LiteRT-LM initialization succeeded: model='Gemma3n4B', key='Gemma3n4B|/data/user/0/com.negi.survey/files/gemma-3n-E4B-it-int4.litertlm' engineMs=12382 conversationMs=4 totalMs=12389
2026-09-25T06:03:30.362Z D/AiTrace [main] Installed (enabled=false ringEnabled=true)
2026-09-25T06:03:30.362Z D/SurveyVM [main] init -> Start, session=0, uuid=30eb8d11-4251-4bc5-91ad-aedb47c09ba6, navSize=1, graphSize=20
2026-09-25T06:03:30.367Z D/SurveyVM [main] config.validate -> issues=0
2026-09-25T06:03:30.367Z D/SurveyVM [main] promptSources -> legacy=10, eval=0, follow=0
2026-09-25T06:03:30.367Z D/SurveyVM [main] promptSources.preview -> legacy=[Q10, Q11, Q12, Q13, Q14, Q15, Q16, Q17, Q8, Q9], eval=[], follow=[]
2026-09-25T06:03:30.367Z D/SurveyVM [main] hasTwoStepPrompt[Q10] -> true (eval=169, fu=194)
2026-09-25T06:03:30.367Z D/SurveyVM [main] hasTwoStepPrompt[Q11] -> true (eval=179, fu=204)
2026-09-25T06:03:30.367Z D/SurveyVM [main] hasTwoStepPrompt[Q12] -> true (eval=171, fu=196)
2026-09-25T06:03:30.367Z D/SurveyVM [main] hasTwoStepPrompt[Q13] -> true (eval=159, fu=184)
2026-09-25T06:03:30.367Z D/SurveyVM [main] hasTwoStepPrompt[Q14] -> true (eval=209, fu=234)
2026-09-25T06:03:30.367Z D/SurveyVM [main] hasTwoStepPrompt[Q15] -> true (eval=150, fu=175)
2026-09-25T06:03:30.367Z D/SurveyVM [main] hasTwoStepPrompt[Q16] -> true (eval=167, fu=192)
2026-09-25T06:03:30.367Z D/SurveyVM [main] hasTwoStepPrompt[Q17] -> true (eval=194, fu=219)
2026-09-25T06:03:30.367Z D/SurveyVM [main] hasTwoStepPrompt[Q8] -> true (eval=244, fu=155)
2026-09-25T06:03:30.367Z D/SurveyVM [main] hasTwoStepPrompt[Q9] -> true (eval=186, fu=211)
2026-09-25T06:03:30.367Z D/SurveyVM [main] AI prompt coverage OK (aiCount=10)
2026-09-25T06:03:30.557Z D/LiteRtLM [slm-jni] initializeIfNeeded: warm runtime already ready: key='Gemma3n4B|/data/user/0/com.negi.survey/files/gemma-3n-E4B-it-int4.litertlm'
2026-09-25T06:03:30.557Z D/LiteRtRepository [main] warmUp: initializeIfNeeded ok gateWaitMs=0 initMs=1
2026-09-25T06:03:30.557Z D/LiteRtRepository [main] warmUp: Engine ready; representative inference disabled totalMs=1
2026-09-25T06:08:15.735Z I/AiViewModel [main] onCleared: ViewModel is being cleared -> stopCurrentRunInternal()
