=== Previous Session Logcat ===
captured_time_utc=20260831_002120
captured_time_local=20260830_172120
marker=2026-08-30 16:57:41.679
preferred_prev_pid=-1
note=best-effort; buffers may be overwritten before next start
sdk=36
device=Google Pixel 9a
appId=com.negi.survey
versionName=0.0.1
versionCode=1

=== Logcat (since marker) ===
--------- beginning of main
08-30 17:21:19.695 31363 31453 D RuntimeLogStore: openWriter: rotate:plain_snapshot:receiver_boot_completed -> /data/user/0/com.negi.survey/files/diagnostics/runtime_logs/rtlog_20260831_002119_694_pid31363_seq2.log (bytes=0 format=LEGACY)
08-30 17:21:19.696 31363 31453 D RuntimeLogStore: retention: rotate:plain_snapshot:receiver_boot_completed files=3 kept=3 totalBytes=6891
08-30 17:21:19.705 31363 31455 D github_upload: doRuntimeLogsUpload: remoteBaseDir=diagnostics/runtime_logs/2026-08-31/runtime_logs_startup_runtime_20260831_002118_47367e33_receiver_boot_completed toUpload=2 bytes=6556 dedupe=true deleteSource=true deletedSourcePre=0 preview='runtime_log_20260831_002119_701_pid31363_receiver_boot_completed__rtlog_20260831_002118_142_pid31363_seq1.log|runtime_log_20260831_002119_701_pid31363_receiver_boot_completed__rtlog_20260830_235741_708_pid28877_seq2.log'
08-30 17:21:19.706 31363 31455 D GitHubUploader: uploadStream: owner=ishizuki-tech repo=SurveyExports branch=main path=diagnostics/runtime_logs/2026-08-31/runtime_logs_startup_runtime_20260831_002118_47367e33_receiver_boot_completed/runtime_log_20260831_002119_701_pid31363_receiver_boot_completed__rtlog_20260831_002118_142_pid31363_seq1.log size=1690 maxRawBytesHint=1000000 maxRequestBytesHint=2800000
08-30 17:21:19.707 31363 31471 D WM-WorkProgressUpdater: Updating progress for b6e651f0-84ec-4d80-a024-a08ae628151b (Data {pct : 10, mode : startup_runtime_logs})
08-30 17:21:19.714 31363 31471 I WM-Processor: Moving WorkSpec (b6e651f0-84ec-4d80-a024-a08ae628151b) to the foreground
08-30 17:21:19.716 31363 31363 D WM-SystemFgDispatcher: Notifying with (id:4196, workSpecId: b6e651f0-84ec-4d80-a024-a08ae628151b, notificationType :1)
08-30 17:21:20.050 31363 31476 D WM-WorkProgressUpdater: Updating progress for b6e651f0-84ec-4d80-a024-a08ae628151b (Data {pct : 14, mode : startup_runtime_logs})
08-30 17:21:20.057 31363 31476 I WM-Processor: Moving WorkSpec (b6e651f0-84ec-4d80-a024-a08ae628151b) to the foreground
08-30 17:21:20.061 31363 31476 D WM-WorkProgressUpdater: Updating progress for b6e651f0-84ec-4d80-a024-a08ae628151b (Data {pct : 50, mode : startup_runtime_logs})
08-30 17:21:20.065 31363 31363 D WM-SystemFgDispatcher: Notifying with (id:4196, workSpecId: b6e651f0-84ec-4d80-a024-a08ae628151b, notificationType :1)
08-30 17:21:20.066 31363 31476 I WM-Processor: Moving WorkSpec (b6e651f0-84ec-4d80-a024-a08ae628151b) to the foreground
08-30 17:21:20.068 31363 31363 D WM-SystemFgDispatcher: Notifying with (id:4196, workSpecId: b6e651f0-84ec-4d80-a024-a08ae628151b, notificationType :1)
08-30 17:21:20.665 31363 31363 W SurveyApp: Deferred startup enqueues begin...
08-30 17:21:20.665 31363 31363 D SurveyApp: WorkManager available. where=startupRtLogs(immediate) took=0ms
08-30 17:21:20.667 31363 31363 D SurveyApp: Startup runtime logs target -> owner=ishizuki-tech repo=SurveyExports branch=main base='/diagnostics/runtime_logs'
08-30 17:21:20.669 31363 31363 D github_upload: enqueueStartupRuntimeLogsUpload: uniqueName=upload_runtime_logs_startup policy=KEEP session=startup_runtime_20260831_002120_09b6650b
08-30 17:21:20.670 31363 31363 D SurveyApp: Startup runtime logs: enqueue requested (immediate).
08-30 17:21:20.670 31363 31363 D SurveyApp: WorkManager available. where=startupRingLogs(immediate) took=0ms
08-30 17:21:20.671 31363 31363 D SurveyApp: Startup ring logs target -> owner=ishizuki-tech repo=SurveyExports branch=main base='/diagnostics/applog_ring'
08-30 17:21:20.673 31363 31363 D github_upload: enqueueStartupRingLogsUpload: uniqueName=upload_ring_logs_startup policy=KEEP session=startup_ring_20260831_002120_4c49a5f0
08-30 17:21:20.674 31363 31363 D SurveyApp: Startup ring logs: enqueue requested (immediate).
08-30 17:21:20.674 31363 31363 D SurveyApp: WorkManager available. where=enqueuePending(immediate) took=0ms
08-30 17:21:20.674 31363 31363 D SurveyApp: CrashCapture pending uploads requested (immediate).
08-30 17:21:20.674 31363 31363 W SurveyApp: Deferred startup enqueues done: took=9ms
08-30 17:21:20.676 31363 31516 D CrashCapture: enqueuePendingCrashUploadsIfPossible enter where=SurveyApp:enqueuePending(immediate):bg pid=31363 thread=CrashCapture-Enqueue
08-30 17:21:20.708 31363 31471 D WM-SystemJobScheduler: Scheduling work ID 5740a34e-4e6c-4b45-be4b-ac3e2605d437Job ID 41
