=== Previous Session Logcat ===
captured_time_utc=20260831_012710
captured_time_local=20260830_182710
marker=2026-08-30 18:25:51.883
preferred_prev_pid=-1
note=best-effort; buffers may be overwritten before next start
sdk=36
device=Google Pixel 9a
appId=com.negi.survey
versionName=0.0.1
versionCode=1

=== Logcat (since marker) ===
--------- beginning of main
08-30 18:27:09.932  7620  7663 D RuntimeLogStore: openWriter: rotate:plain_snapshot:receiver_boot_completed -> /data/user/0/com.negi.survey/files/diagnostics/runtime_logs/rtlog_20260831_012709_929_pid7620_seq2.log (bytes=0 format=LEGACY)
08-30 18:27:09.934  7620  7663 D RuntimeLogStore: retention: rotate:plain_snapshot:receiver_boot_completed files=3 kept=3 totalBytes=8524
08-30 18:27:09.944  7620  7666 D github_upload: doRuntimeLogsUpload: remoteBaseDir=diagnostics/runtime_logs/2026-08-31/runtime_logs_startup_runtime_20260831_012708_6b8d1252_receiver_boot_completed toUpload=2 bytes=8190 dedupe=true deleteSource=true deletedSourcePre=0 preview='runtime_log_20260831_012709_938_pid7620_receiver_boot_completed__rtlog_20260831_012708_335_pid7620_seq1.log|runtime_log_20260831_012709_938_pid7620_receiver_boot_completed__rtlog_20260831_012551_151_pid6990_seq2.log'
08-30 18:27:09.946  7620  7666 D GitHubUploader: uploadStream: owner=ishizuki-tech repo=SurveyExports branch=main path=diagnostics/runtime_logs/2026-08-31/runtime_logs_startup_runtime_20260831_012708_6b8d1252_receiver_boot_completed/runtime_log_20260831_012709_938_pid7620_receiver_boot_completed__rtlog_20260831_012708_335_pid7620_seq1.log size=1687 maxRawBytesHint=1000000 maxRequestBytesHint=2800000
08-30 18:27:09.946  7620  7682 D WM-WorkProgressUpdater: Updating progress for cae2b132-139b-479f-8ca3-4dc5b206ba86 (Data {pct : 10, mode : startup_runtime_logs})
08-30 18:27:09.950  7620  7682 I WM-Processor: Moving WorkSpec (cae2b132-139b-479f-8ca3-4dc5b206ba86) to the foreground
08-30 18:27:09.953  7620  7620 D WM-SystemFgDispatcher: Notifying with (id:9326, workSpecId: cae2b132-139b-479f-8ca3-4dc5b206ba86, notificationType :1)
08-30 18:27:10.300  7620  7684 D WM-WorkProgressUpdater: Updating progress for cae2b132-139b-479f-8ca3-4dc5b206ba86 (Data {pct : 14, mode : startup_runtime_logs})
08-30 18:27:10.304  7620  7684 I WM-Processor: Moving WorkSpec (cae2b132-139b-479f-8ca3-4dc5b206ba86) to the foreground
08-30 18:27:10.307  7620  7684 D WM-WorkProgressUpdater: Updating progress for cae2b132-139b-479f-8ca3-4dc5b206ba86 (Data {pct : 50, mode : startup_runtime_logs})
08-30 18:27:10.310  7620  7620 D WM-SystemFgDispatcher: Notifying with (id:9326, workSpecId: cae2b132-139b-479f-8ca3-4dc5b206ba86, notificationType :1)
08-30 18:27:10.311  7620  7684 I WM-Processor: Moving WorkSpec (cae2b132-139b-479f-8ca3-4dc5b206ba86) to the foreground
08-30 18:27:10.314  7620  7620 D WM-SystemFgDispatcher: Notifying with (id:9326, workSpecId: cae2b132-139b-479f-8ca3-4dc5b206ba86, notificationType :1)
08-30 18:27:10.872  7620  7620 W SurveyApp: Deferred startup enqueues begin...
08-30 18:27:10.873  7620  7620 D SurveyApp: WorkManager available. where=startupRtLogs(immediate) took=0ms
08-30 18:27:10.874  7620  7620 D SurveyApp: Startup runtime logs target -> owner=ishizuki-tech repo=SurveyExports branch=main base='/diagnostics/runtime_logs'
08-30 18:27:10.875  7620  7620 D github_upload: enqueueStartupRuntimeLogsUpload: uniqueName=upload_runtime_logs_startup policy=KEEP session=startup_runtime_20260831_012710_b954b800
08-30 18:27:10.875  7620  7620 D SurveyApp: Startup runtime logs: enqueue requested (immediate).
08-30 18:27:10.875  7620  7620 D SurveyApp: WorkManager available. where=startupRingLogs(immediate) took=0ms
08-30 18:27:10.875  7620  7620 D SurveyApp: Startup ring logs target -> owner=ishizuki-tech repo=SurveyExports branch=main base='/diagnostics/applog_ring'
08-30 18:27:10.876  7620  7620 D github_upload: enqueueStartupRingLogsUpload: uniqueName=upload_ring_logs_startup policy=KEEP session=startup_ring_20260831_012710_42fd66e2
08-30 18:27:10.876  7620  7620 D SurveyApp: Startup ring logs: enqueue requested (immediate).
08-30 18:27:10.876  7620  7620 D SurveyApp: WorkManager available. where=enqueuePending(immediate) took=0ms
08-30 18:27:10.876  7620  7620 D SurveyApp: CrashCapture pending uploads requested (immediate).
08-30 18:27:10.876  7620  7620 W SurveyApp: Deferred startup enqueues done: took=4ms
08-30 18:27:10.877  7620  7713 D CrashCapture: enqueuePendingCrashUploadsIfPossible enter where=SurveyApp:enqueuePending(immediate):bg pid=7620 thread=CrashCapture-Enqueue
08-30 18:27:10.901  7620  7683 D WM-SystemJobScheduler: Scheduling work ID b40a2a0d-bd2f-4ece-a9da-7e7dca30c4a3Job ID 201
08-30 18:27:10.905  7620  7683 D WM-GreedyScheduler: Starting tracking for b40a2a0d-bd2f-4ece-a9da-7e7dca30c4a3
08-30 18:27:10.908  7620  7683 D WM-WorkConstraintsTrack: NetworkRequestConstraintController send initial capabilities
08-30 18:27:10.909  7620  7683 D WM-GreedyScheduler: Constraints met: Scheduling work ID WorkGenerationalId(workSpecId=b40a2a0d-bd2f-4ece-a9da-7e7dca30c4a3, generation=0)
