=== Previous Session Logcat ===
captured_time_utc=20260824_224859
captured_time_local=20260824_154859
marker=2026-08-24 15:33:53.807
preferred_prev_pid=-1
note=best-effort; buffers may be overwritten before next start
sdk=36
device=Google Pixel 9a
appId=com.negi.survey
versionName=0.0.1
versionCode=1

=== Logcat (since marker) ===
--------- beginning of system
08-24 15:34:55.780 25479 25479 D InsetsController: show(ime())
08-24 15:34:55.782 25479 25479 D InsetsController: Setting requestedVisibleTypes to 511 (was 503)
08-24 15:34:55.799 25479 25479 D InsetsController: show(ime())
08-24 15:35:08.975 25479 25479 D InsetsController: hide(ime())
08-24 15:35:08.976 25479 25479 D InsetsController: Setting requestedVisibleTypes to 503 (was 511)
08-24 15:35:20.871 25479 25479 D InsetsController: show(ime())
08-24 15:35:20.872 25479 25479 D InsetsController: Setting requestedVisibleTypes to 511 (was 503)
08-24 15:35:20.878 25479 25479 D InsetsController: show(ime())
08-24 15:35:24.912 25479 25479 D InsetsController: hide(ime())
08-24 15:35:24.913 25479 25479 D InsetsController: Setting requestedVisibleTypes to 503 (was 511)
08-24 15:35:31.103 25479 25479 D InsetsController: show(ime())
08-24 15:35:31.104 25479 25479 D InsetsController: Setting requestedVisibleTypes to 511 (was 503)
08-24 15:35:31.117 25479 25479 D InsetsController: show(ime())
08-24 15:35:33.289 25479 25479 D InsetsController: hide(ime())
08-24 15:35:33.290 25479 25479 D InsetsController: Setting requestedVisibleTypes to 503 (was 511)
08-24 15:35:33.290 25479 25479 D InsetsController: hide(ime())
--------- beginning of main
08-24 15:48:56.812 26279 26279 I Zygote  : Process 26279 created for com.negi.survey
08-24 15:48:56.812 26279 26279 I com.negi.survey: Using CollectorTypeCMC GC.
08-24 15:48:56.817 26279 26279 D nativeloader: Load libframework-connectivity-tiramisu-jni.so using APEX ns com_android_tethering for caller /apex/com.android.tethering/javalib/framework-connectivity-t.jar: ok
08-24 15:48:56.846 26279 26279 D ApplicationLoaders: Returning zygote-cached class loader: /system_ext/framework/androidx.window.extensions.jar
08-24 15:48:56.846 26279 26279 D ApplicationLoaders: Returning zygote-cached class loader: /system_ext/framework/androidx.window.sidecar.jar
08-24 15:48:56.855 26279 26279 D nativeloader: Configuring clns-9 for other apk /data/app/~~JBfky9genVO6OJWoP2K6Yg==/com.negi.survey-og28NSruLh4plWgGxr6HFw==/base.apk. target_sdk_version=36, uses_libraries=libOpenCL.so:libOpenCL-pixel.so, library_path=/data/app/~~JBfky9genVO6OJWoP2K6Yg==/com.negi.survey-og28NSruLh4plWgGxr6HFw==/lib/arm64:/data/app/~~JBfky9genVO6OJWoP2K6Yg==/com.negi.survey-og28NSruLh4plWgGxr6HFw==/base.apk!/lib/arm64-v8a, permitted_path=/data:/mnt/expand:/data/user/0/com.negi.survey
08-24 15:48:56.859 26279 26279 V GraphicsEnvironment: Currently set values for:
08-24 15:48:56.859 26279 26279 V GraphicsEnvironment:   angle_gl_driver_selection_pkgs=[com.android.angle]
08-24 15:48:56.859 26279 26279 V GraphicsEnvironment:   angle_gl_driver_selection_values=[angle]
08-24 15:48:56.859 26279 26279 V GraphicsEnvironment: com.negi.survey is not listed in per-application setting
08-24 15:48:56.859 26279 26279 V GraphicsEnvironment: No special selections for ANGLE, returning default driver choice
08-24 15:48:56.859 26279 26279 V GraphicsEnvironment: Neither updatable production driver nor prerelease driver is supported.
08-24 15:48:56.868 26279 26279 D nativeloader: Load /data/app/~~JBfky9genVO6OJWoP2K6Yg==/com.negi.survey-og28NSruLh4plWgGxr6HFw==/base.apk!/lib/arm64-v8a/liblitertlm_jni.so using class loader ns clns-9 (caller=/data/app/~~JBfky9genVO6OJWoP2K6Yg==/com.negi.survey-og28NSruLh4plWgGxr6HFw==/base.apk!classes4.dex): ok
08-24 15:48:56.868 26279 26279 D SurveyApp: Loaded LiteRTLM JNI: litertlm_jni where=attachBaseContext
08-24 15:48:56.873 26279 26279 D AppRingLogStore: installed: dir=/data/user/0/com.negi.survey/files/diagnostics/applog_ring idx=0
08-24 15:48:56.874 26279 26279 D CrashCapture: install: ensured default handler. where=SurveyApp:attachBaseContext pid=26279 default=com.negi.survey.CrashCapture$CrashHandler@20b6291
08-24 15:48:56.879 26279 26297 D RuntimeLogStore: openWriter: start -> /data/user/0/com.negi.survey/files/diagnostics/runtime_logs/rtlog_20260824_224856_874_pid26279_seq1.log (bytes=0 format=LEGACY)
08-24 15:48:56.880 26279 26279 D SurveyApp: LiteRTLM JNI already loaded; skip. where=onCreate(retry)
08-24 15:48:56.881 26279 26279 D CrashCapture: install: ensured default handler. where=SurveyApp:onCreate(rewrap) pid=26279 default=com.negi.survey.CrashCapture$CrashHandler@20b6291
08-24 15:48:56.881 26279 26279 D CrashCapture: registerSelfHealing: ActivityLifecycleCallbacks registered. mode=onResumedOnly
08-24 15:48:56.881 26279 26297 D RuntimeLogStore: retention: start files=6 kept=6 totalBytes=106525
08-24 15:48:56.887 26279 26300 D UploadRescheduleRcvr: Skip GitHub reschedule: missing credentials.
08-24 15:48:56.887 26279 26300 D UploadRescheduleRcvr: Skip runtime logs upload: missing GitHub credentials.
08-24 15:48:56.890 26279 26303 I DisplayManager: Choreographer implicitly registered for the refresh rate.
08-24 15:48:56.890 26279 26279 D DesktopExperienceFlags: Toggle override initialized to: false
08-24 15:48:56.892 26279 26303 D vulkan  : searching for layers in '/data/app/~~JBfky9genVO6OJWoP2K6Yg==/com.negi.survey-og28NSruLh4plWgGxr6HFw==/lib/arm64'
08-24 15:48:56.892 26279 26303 D vulkan  : searching for layers in '/data/app/~~JBfky9genVO6OJWoP2K6Yg==/com.negi.survey-og28NSruLh4plWgGxr6HFw==/base.apk!/lib/arm64-v8a'
08-24 15:48:56.902 26279 26279 D CompatChangeReporter: Compat change id reported: 377864165; UID 14749; state: ENABLED
08-24 15:48:56.902 26279 26279 D DesktopModeFlags: Toggle override initialized to: OVERRIDE_UNSET
08-24 15:48:56.908 26279 26279 I ContentCaptureHelper: Setting logging level to OFF
08-24 15:48:56.909 26279 26279 D CrashCapture: install: ensured default handler. where=selfHeal:onActivityResumed pid=26279 default=com.negi.survey.CrashCapture$CrashHandler@20b6291
08-24 15:48:56.949 26279 26279 D WindowOnBackDispatcher: setTopOnBackInvokedCallback (unwrapped): android.app.Activity$$ExternalSyntheticLambda0@d077efd
08-24 15:48:56.992 26279 26279 D VRI[MainActivity]: WindowInsets changed: 1080x2424 statusBars:[0,152,0,0] navigationBars:[0,0,0,69] mandatorySystemGestures:[0,187,0,92] 
08-24 15:48:56.996 26279 26279 I HWUI    : Using FreeType backend (prop=Auto)
08-24 15:48:57.169 26279 26279 D IntroScreen: Resolved config details: id=survey_config10.yaml in 19ms
08-24 15:48:57.199 26279 26279 D InsetsController: hide(ime())
08-24 15:48:57.199 26279 26279 I ImeTracker: com.negi.survey:5913b647: onCancelled at PHASE_CLIENT_ALREADY_HIDDEN
08-24 15:48:59.389 26279 26279 D WM-PackageManagerHelper: Skipping component enablement for androidx.work.impl.background.systemjob.SystemJobService
08-24 15:48:59.390 26279 26279 D WM-Schedulers: Created SystemJobScheduler and enabled SystemJobService
08-24 15:48:59.392 26279 26386 D WM-ForceStopRunnable: Is default app process = true
08-24 15:48:59.393 26279 26386 D WM-ForceStopRunnable: Performing cleanup operations.
08-24 15:48:59.397 26279 26388 D CrashCapture: enqueuePendingCrashUploadsIfPossible enter where=SurveyApp:enqueuePending(immediate):bg pid=26279 thread=CrashCapture-Enqueue
08-24 15:48:59.407 26279 26386 D WM-ForceStopRunnable: Application was force-stopped, rescheduling.
08-24 15:48:59.419 26279 26394 D WM-PackageManagerHelper: Skipping component enablement for androidx.work.impl.background.systemalarm.RescheduleReceiver
