=== Previous Session Logcat ===
captured_time_utc=20260825_052453
captured_time_local=20260824_222453
marker=2026-08-24 22:14:25.565
preferred_prev_pid=-1
note=best-effort; buffers may be overwritten before next start
sdk=36
device=Google Pixel 9a
appId=com.negi.survey
versionName=0.0.1
versionCode=1

=== Logcat (since marker) ===
--------- beginning of system
08-24 22:14:57.998  5619  5619 D InsetsController: show(ime())
08-24 22:14:58.002  5619  5619 D InsetsController: Setting requestedVisibleTypes to 511 (was 503)
08-24 22:14:58.035  5619  5619 D InsetsController: show(ime())
08-24 22:15:00.965  5619  5619 D InsetsController: hide(ime())
08-24 22:15:00.966  5619  5619 D InsetsController: Setting requestedVisibleTypes to 503 (was 511)
08-24 22:15:08.620  5619  5619 D InsetsController: show(ime())
08-24 22:15:08.620  5619  5619 D InsetsController: Setting requestedVisibleTypes to 511 (was 503)
08-24 22:15:08.637  5619  5619 D InsetsController: show(ime())
08-24 22:15:12.748  5619  5619 D InsetsController: hide(ime())
08-24 22:15:12.748  5619  5619 D InsetsController: Setting requestedVisibleTypes to 503 (was 511)
08-24 22:15:18.921  5619  5619 D InsetsController: show(ime())
08-24 22:15:18.922  5619  5619 D InsetsController: Setting requestedVisibleTypes to 511 (was 503)
08-24 22:15:18.937  5619  5619 D InsetsController: show(ime())
08-24 22:15:22.307  5619  5619 D InsetsController: hide(ime())
08-24 22:15:22.308  5619  5619 D InsetsController: Setting requestedVisibleTypes to 503 (was 511)
08-24 22:15:28.481  5619  5619 D InsetsController: show(ime())
08-24 22:15:28.481  5619  5619 D InsetsController: Setting requestedVisibleTypes to 511 (was 503)
08-24 22:15:28.495  5619  5619 D InsetsController: show(ime())
08-24 22:15:32.953  5619  5619 D InsetsController: show(ime())
08-24 22:15:32.954  5619  5619 D InsetsController: show(ime())
08-24 22:15:39.362  5619  5619 D InsetsController: hide(ime())
08-24 22:15:39.362  5619  5619 D InsetsController: Setting requestedVisibleTypes to 503 (was 511)
08-24 22:15:48.490  5619  5619 D InsetsController: show(ime())
08-24 22:15:48.491  5619  5619 D InsetsController: Setting requestedVisibleTypes to 511 (was 503)
08-24 22:15:48.501  5619  5619 D InsetsController: show(ime())
08-24 22:15:53.556  5619  5619 D InsetsController: hide(ime())
08-24 22:15:53.557  5619  5619 D InsetsController: Setting requestedVisibleTypes to 503 (was 511)
08-24 22:15:59.765  5619  5619 D InsetsController: show(ime())
08-24 22:15:59.766  5619  5619 D InsetsController: Setting requestedVisibleTypes to 511 (was 503)
08-24 22:15:59.773  5619  5619 D InsetsController: show(ime())
08-24 22:16:03.668  5619  5619 D InsetsController: hide(ime())
08-24 22:16:03.668  5619  5619 D InsetsController: Setting requestedVisibleTypes to 503 (was 511)
08-24 22:16:09.515  5619  5619 D InsetsController: show(ime())
08-24 22:16:09.516  5619  5619 D InsetsController: Setting requestedVisibleTypes to 511 (was 503)
08-24 22:16:09.521  5619  5619 D InsetsController: show(ime())
08-24 22:16:31.082  5619  5619 D InsetsController: hide(ime())
08-24 22:16:31.083  5619  5619 D InsetsController: Setting requestedVisibleTypes to 503 (was 511)
08-24 22:16:36.910  5619  5619 D InsetsController: show(ime())
08-24 22:16:36.910  5619  5619 D InsetsController: Setting requestedVisibleTypes to 511 (was 503)
08-24 22:16:36.925  5619  5619 D InsetsController: show(ime())
08-24 22:16:38.641  5619  5619 D InsetsController: hide(ime())
08-24 22:16:38.641  5619  5619 D InsetsController: Setting requestedVisibleTypes to 503 (was 511)
08-24 22:16:38.642  5619  5619 D InsetsController: hide(ime())
08-24 22:16:44.671  5619  5619 D InsetsController: show(ime())
08-24 22:16:44.672  5619  5619 D InsetsController: Setting requestedVisibleTypes to 511 (was 503)
08-24 22:16:44.673  5619  5619 D InsetsController: show(ime())
08-24 22:16:54.766  5619  5619 D InsetsController: hide(ime())
08-24 22:16:54.766  5619  5619 D InsetsController: Setting requestedVisibleTypes to 503 (was 511)
08-24 22:16:54.767  5619  5619 D InsetsController: hide(ime())
08-24 22:16:56.324  5619  5619 D InsetsController: show(ime())
08-24 22:16:56.325  5619  5619 D InsetsController: Setting requestedVisibleTypes to 511 (was 503)
08-24 22:16:56.338  5619  5619 D InsetsController: show(ime())
08-24 22:17:08.037  5619  5619 D InsetsController: hide(ime())
08-24 22:17:08.038  5619  5619 D InsetsController: Setting requestedVisibleTypes to 503 (was 511)
08-24 22:17:08.038  5619  5619 D InsetsController: hide(ime())
08-24 22:17:10.648  5619  5619 D InsetsController: hide(ime())
08-24 22:17:15.762  5619  5619 D InsetsController: show(ime())
08-24 22:17:15.763  5619  5619 D InsetsController: Setting requestedVisibleTypes to 511 (was 503)
08-24 22:17:15.770  5619  5619 D InsetsController: show(ime())
--------- beginning of main
08-24 22:24:51.053  6194  6194 I Zygote  : Process 6194 created for com.negi.survey
08-24 22:24:51.056  6194  6194 I com.negi.survey: Using CollectorTypeCMC GC.
08-24 22:24:51.097  6194  6194 D nativeloader: Load libframework-connectivity-tiramisu-jni.so using APEX ns com_android_tethering for caller /apex/com.android.tethering/javalib/framework-connectivity-t.jar: ok
08-24 22:24:51.164  6194  6194 D ApplicationLoaders: Returning zygote-cached class loader: /system_ext/framework/androidx.window.extensions.jar
08-24 22:24:51.164  6194  6194 D ApplicationLoaders: Returning zygote-cached class loader: /system_ext/framework/androidx.window.sidecar.jar
08-24 22:24:51.178  6194  6194 D nativeloader: Configuring clns-9 for other apk /data/app/~~I7asOD-laNpZQ5ttPscF0w==/com.negi.survey-qhE7tEMcDTrb4GeSI5QHvg==/base.apk. target_sdk_version=36, uses_libraries=libOpenCL.so:libOpenCL-pixel.so, library_path=/data/app/~~I7asOD-laNpZQ5ttPscF0w==/com.negi.survey-qhE7tEMcDTrb4GeSI5QHvg==/lib/arm64:/data/app/~~I7asOD-laNpZQ5ttPscF0w==/com.negi.survey-qhE7tEMcDTrb4GeSI5QHvg==/base.apk!/lib/arm64-v8a, permitted_path=/data:/mnt/expand:/data/user/0/com.negi.survey
08-24 22:24:51.200  6194  6194 V GraphicsEnvironment: Currently set values for:
08-24 22:24:51.200  6194  6194 V GraphicsEnvironment:   angle_gl_driver_selection_pkgs=[com.android.angle]
08-24 22:24:51.200  6194  6194 V GraphicsEnvironment:   angle_gl_driver_selection_values=[angle]
08-24 22:24:51.200  6194  6194 V GraphicsEnvironment: com.negi.survey is not listed in per-application setting
08-24 22:24:51.201  6194  6194 V GraphicsEnvironment: No special selections for ANGLE, returning default driver choice
08-24 22:24:51.201  6194  6194 V GraphicsEnvironment: Neither updatable production driver nor prerelease driver is supported.
08-24 22:24:51.216  6194  6194 D nativeloader: Load /data/app/~~I7asOD-laNpZQ5ttPscF0w==/com.negi.survey-qhE7tEMcDTrb4GeSI5QHvg==/base.apk!/lib/arm64-v8a/liblitertlm_jni.so using class loader ns clns-9 (caller=/data/app/~~I7asOD-laNpZQ5ttPscF0w==/com.negi.survey-qhE7tEMcDTrb4GeSI5QHvg==/base.apk!classes4.dex): ok
08-24 22:24:51.217  6194  6194 D SurveyApp: Loaded LiteRTLM JNI: litertlm_jni where=attachBaseContext
08-24 22:24:51.225  6194  6194 D AppRingLogStore: installed: dir=/data/user/0/com.negi.survey/files/diagnostics/applog_ring idx=0
08-24 22:24:51.226  6194  6194 D CrashCapture: install: ensured default handler. where=SurveyApp:attachBaseContext pid=6194 default=com.negi.survey.CrashCapture$CrashHandler@20b6291
08-24 22:24:51.231  6194  6218 D RuntimeLogStore: openWriter: start -> /data/user/0/com.negi.survey/files/diagnostics/runtime_logs/rtlog_20260825_052451_224_pid6194_seq1.log (bytes=0 format=LEGACY)
08-24 22:24:51.232  6194  6218 D RuntimeLogStore: retention: start files=13 kept=12 totalBytes=223356
08-24 22:24:51.234  6194  6194 D SurveyApp: LiteRTLM JNI already loaded; skip. where=onCreate(retry)
08-24 22:24:51.235  6194  6194 D CrashCapture: install: ensured default handler. where=SurveyApp:onCreate(rewrap) pid=6194 default=com.negi.survey.CrashCapture$CrashHandler@20b6291
08-24 22:24:51.236  6194  6194 D CrashCapture: registerSelfHealing: ActivityLifecycleCallbacks registered. mode=onResumedOnly
08-24 22:24:51.240  6194  6224 I DisplayManager: Choreographer implicitly registered for the refresh rate.
08-24 22:24:51.247  6194  6222 D UploadRescheduleRcvr: Skip GitHub reschedule: missing credentials.
08-24 22:24:51.247  6194  6222 D UploadRescheduleRcvr: Skip runtime logs upload: missing GitHub credentials.
08-24 22:24:51.256  6194  6194 D DesktopExperienceFlags: Toggle override initialized to: false
08-24 22:24:51.257  6194  6224 D vulkan  : searching for layers in '/data/app/~~I7asOD-laNpZQ5ttPscF0w==/com.negi.survey-qhE7tEMcDTrb4GeSI5QHvg==/lib/arm64'
08-24 22:24:51.258  6194  6224 D vulkan  : searching for layers in '/data/app/~~I7asOD-laNpZQ5ttPscF0w==/com.negi.survey-qhE7tEMcDTrb4GeSI5QHvg==/base.apk!/lib/arm64-v8a'
08-24 22:24:51.275  6194  6194 D CompatChangeReporter: Compat change id reported: 377864165; UID 14749; state: ENABLED
08-24 22:24:51.275  6194  6194 D DesktopModeFlags: Toggle override initialized to: OVERRIDE_UNSET
08-24 22:24:51.282  6194  6194 I ContentCaptureHelper: Setting logging level to OFF
08-24 22:24:51.283  6194  6194 D CrashCapture: install: ensured default handler. where=selfHeal:onActivityResumed pid=6194 default=com.negi.survey.CrashCapture$CrashHandler@20b6291
08-24 22:24:51.351  6194  6194 D WindowOnBackDispatcher: setTopOnBackInvokedCallback (unwrapped): android.app.Activity$$ExternalSyntheticLambda0@d077efd
08-24 22:24:51.392  6194  6194 D VRI[MainActivity]: WindowInsets changed: 1080x2424 statusBars:[0,152,0,0] navigationBars:[0,0,0,69] mandatorySystemGestures:[0,187,0,92] 
08-24 22:24:51.396  6194  6194 I HWUI    : Using FreeType backend (prop=Auto)
08-24 22:24:51.501  6194  6194 D IntroScreen: Resolved config details: id=survey_config10.yaml in 20ms
08-24 22:24:51.525  6194  6194 D InsetsController: hide(ime())
08-24 22:24:51.525  6194  6194 I ImeTracker: com.negi.survey:6529122: onCancelled at PHASE_CLIENT_ALREADY_HIDDEN
08-24 22:24:53.751  6194  6194 D WM-PackageManagerHelper: Skipping component enablement for androidx.work.impl.background.systemjob.SystemJobService
08-24 22:24:53.751  6194  6194 D WM-Schedulers: Created SystemJobScheduler and enabled SystemJobService
08-24 22:24:53.754  6194  6283 D WM-ForceStopRunnable: Is default app process = true
08-24 22:24:53.756  6194  6283 D WM-ForceStopRunnable: Performing cleanup operations.
08-24 22:24:53.763  6194  6285 D CrashCapture: enqueuePendingCrashUploadsIfPossible enter where=SurveyApp:enqueuePending(immediate):bg pid=6194 thread=CrashCapture-Enqueue
08-24 22:24:53.782  6194  6283 D WM-ForceStopRunnable: Application was force-stopped, rescheduling.
08-24 22:24:53.794  6194  6292 D WM-PackageManagerHelper: Skipping component enablement for androidx.work.impl.background.systemalarm.RescheduleReceiver
