=== Previous Session Logcat ===
captured_time_utc=20260825_063146
captured_time_local=20260824_233146
marker=2026-08-24 23:20:49.929
preferred_prev_pid=-1
note=best-effort; buffers may be overwritten before next start
sdk=36
device=Google Pixel 9a
appId=com.negi.survey
versionName=0.0.1
versionCode=1

=== Logcat (since marker) ===
--------- beginning of system
08-24 23:21:14.835  8037  8037 D InsetsController: show(ime())
08-24 23:21:14.841  8037  8037 D InsetsController: Setting requestedVisibleTypes to 511 (was 503)
08-24 23:21:14.857  8037  8037 D InsetsController: show(ime())
08-24 23:21:24.564  8037  8037 D InsetsController: hide(ime())
08-24 23:21:24.565  8037  8037 D InsetsController: Setting requestedVisibleTypes to 503 (was 511)
08-24 23:21:31.305  8037  8037 D InsetsController: show(ime())
08-24 23:21:31.305  8037  8037 D InsetsController: Setting requestedVisibleTypes to 511 (was 503)
08-24 23:21:31.313  8037  8037 D InsetsController: show(ime())
--------- beginning of main
08-24 23:31:43.933  8480  8480 I Zygote  : Process 8480 created for com.negi.survey
08-24 23:31:43.935  8480  8480 I com.negi.survey: Using CollectorTypeCMC GC.
08-24 23:31:43.986  8480  8480 D nativeloader: Load libframework-connectivity-tiramisu-jni.so using APEX ns com_android_tethering for caller /apex/com.android.tethering/javalib/framework-connectivity-t.jar: ok
08-24 23:31:44.041  8480  8480 D ApplicationLoaders: Returning zygote-cached class loader: /system_ext/framework/androidx.window.extensions.jar
08-24 23:31:44.041  8480  8480 D ApplicationLoaders: Returning zygote-cached class loader: /system_ext/framework/androidx.window.sidecar.jar
08-24 23:31:44.053  8480  8480 D nativeloader: Configuring clns-9 for other apk /data/app/~~QWDd1b7UhVebx9ufwE5WdQ==/com.negi.survey-gIH05mLefcj8V-0uxt62dQ==/base.apk. target_sdk_version=36, uses_libraries=libOpenCL.so:libOpenCL-pixel.so, library_path=/data/app/~~QWDd1b7UhVebx9ufwE5WdQ==/com.negi.survey-gIH05mLefcj8V-0uxt62dQ==/lib/arm64:/data/app/~~QWDd1b7UhVebx9ufwE5WdQ==/com.negi.survey-gIH05mLefcj8V-0uxt62dQ==/base.apk!/lib/arm64-v8a, permitted_path=/data:/mnt/expand:/data/user/0/com.negi.survey
08-24 23:31:44.071  8480  8480 V GraphicsEnvironment: Currently set values for:
08-24 23:31:44.071  8480  8480 V GraphicsEnvironment:   angle_gl_driver_selection_pkgs=[com.android.angle]
08-24 23:31:44.071  8480  8480 V GraphicsEnvironment:   angle_gl_driver_selection_values=[angle]
08-24 23:31:44.071  8480  8480 V GraphicsEnvironment: com.negi.survey is not listed in per-application setting
08-24 23:31:44.071  8480  8480 V GraphicsEnvironment: No special selections for ANGLE, returning default driver choice
08-24 23:31:44.071  8480  8480 V GraphicsEnvironment: Neither updatable production driver nor prerelease driver is supported.
08-24 23:31:44.087  8480  8480 D nativeloader: Load /data/app/~~QWDd1b7UhVebx9ufwE5WdQ==/com.negi.survey-gIH05mLefcj8V-0uxt62dQ==/base.apk!/lib/arm64-v8a/liblitertlm_jni.so using class loader ns clns-9 (caller=/data/app/~~QWDd1b7UhVebx9ufwE5WdQ==/com.negi.survey-gIH05mLefcj8V-0uxt62dQ==/base.apk!classes4.dex): ok
08-24 23:31:44.087  8480  8480 D SurveyApp: Loaded LiteRTLM JNI: litertlm_jni where=attachBaseContext
08-24 23:31:44.093  8480  8480 D AppRingLogStore: installed: dir=/data/user/0/com.negi.survey/files/diagnostics/applog_ring idx=0
08-24 23:31:44.094  8480  8480 D CrashCapture: install: ensured default handler. where=SurveyApp:attachBaseContext pid=8480 default=com.negi.survey.CrashCapture$CrashHandler@20b6291
08-24 23:31:44.100  8480  8505 D RuntimeLogStore: openWriter: start -> /data/user/0/com.negi.survey/files/diagnostics/runtime_logs/rtlog_20260825_063144_091_pid8480_seq1.log (bytes=0 format=LEGACY)
08-24 23:31:44.100  8480  8480 D SurveyApp: LiteRTLM JNI already loaded; skip. where=onCreate(retry)
08-24 23:31:44.100  8480  8480 D CrashCapture: install: ensured default handler. where=SurveyApp:onCreate(rewrap) pid=8480 default=com.negi.survey.CrashCapture$CrashHandler@20b6291
08-24 23:31:44.100  8480  8480 D CrashCapture: registerSelfHealing: ActivityLifecycleCallbacks registered. mode=onResumedOnly
08-24 23:31:44.102  8480  8505 D RuntimeLogStore: retention: start files=13 kept=12 totalBytes=193626
08-24 23:31:44.110  8480  8507 D UploadRescheduleRcvr: Skip GitHub reschedule: missing credentials.
08-24 23:31:44.110  8480  8507 D UploadRescheduleRcvr: Skip runtime logs upload: missing GitHub credentials.
08-24 23:31:44.110  8480  8509 I DisplayManager: Choreographer implicitly registered for the refresh rate.
08-24 23:31:44.114  8480  8509 D vulkan  : searching for layers in '/data/app/~~QWDd1b7UhVebx9ufwE5WdQ==/com.negi.survey-gIH05mLefcj8V-0uxt62dQ==/lib/arm64'
08-24 23:31:44.114  8480  8509 D vulkan  : searching for layers in '/data/app/~~QWDd1b7UhVebx9ufwE5WdQ==/com.negi.survey-gIH05mLefcj8V-0uxt62dQ==/base.apk!/lib/arm64-v8a'
08-24 23:31:44.114  8480  8480 D DesktopExperienceFlags: Toggle override initialized to: false
08-24 23:31:44.126  8480  8480 D CompatChangeReporter: Compat change id reported: 377864165; UID 14749; state: ENABLED
08-24 23:31:44.126  8480  8480 D DesktopModeFlags: Toggle override initialized to: OVERRIDE_UNSET
08-24 23:31:44.132  8480  8480 I ContentCaptureHelper: Setting logging level to OFF
08-24 23:31:44.134  8480  8480 D CrashCapture: install: ensured default handler. where=selfHeal:onActivityResumed pid=8480 default=com.negi.survey.CrashCapture$CrashHandler@20b6291
08-24 23:31:44.186  8480  8480 D WindowOnBackDispatcher: setTopOnBackInvokedCallback (unwrapped): android.app.Activity$$ExternalSyntheticLambda0@d077efd
08-24 23:31:44.224  8480  8480 D VRI[MainActivity]: WindowInsets changed: 1080x2424 statusBars:[0,152,0,0] navigationBars:[0,0,0,69] mandatorySystemGestures:[0,187,0,92] 
08-24 23:31:44.230  8480  8480 I HWUI    : Using FreeType backend (prop=Auto)
08-24 23:31:44.331  8480  8480 D IntroScreen: Resolved config details: id=survey_config10.yaml in 18ms
08-24 23:31:44.362  8480  8480 D InsetsController: hide(ime())
08-24 23:31:44.362  8480  8480 I ImeTracker: com.negi.survey:7ad6e54e: onCancelled at PHASE_CLIENT_ALREADY_HIDDEN
08-24 23:31:46.608  8480  8480 D WM-PackageManagerHelper: Skipping component enablement for androidx.work.impl.background.systemjob.SystemJobService
08-24 23:31:46.608  8480  8480 D WM-Schedulers: Created SystemJobScheduler and enabled SystemJobService
08-24 23:31:46.611  8480  8570 D WM-ForceStopRunnable: Is default app process = true
08-24 23:31:46.611  8480  8570 D WM-ForceStopRunnable: Performing cleanup operations.
08-24 23:31:46.619  8480  8572 D CrashCapture: enqueuePendingCrashUploadsIfPossible enter where=SurveyApp:enqueuePending(immediate):bg pid=8480 thread=CrashCapture-Enqueue
08-24 23:31:46.636  8480  8570 D WM-ForceStopRunnable: Application was force-stopped, rescheduling.
08-24 23:31:46.649  8480  8570 D WM-PackageManagerHelper: Skipping component enablement for androidx.work.impl.background.systemalarm.RescheduleReceiver
