=== Previous Session Logcat ===
captured_time_utc=20260825_185715
captured_time_local=20260825_115715
marker=2026-08-25 00:27:57.704
preferred_prev_pid=-1
note=best-effort; buffers may be overwritten before next start
sdk=36
device=Google Pixel 9a
appId=com.negi.survey
versionName=0.0.1
versionCode=1

=== Logcat (since marker) ===
--------- beginning of system
08-25 02:14:59.867 12574 12574 D ActivityThread: Package [com.google.android.apps.work.clouddpc] reported as REPLACED, but missing application info. Assuming REMOVED.
08-25 02:14:59.871 12574 12574 D ActivityThread: Package [com.google.android.apps.work.clouddpc] reported as REPLACED, but missing application info. Assuming REMOVED.
08-25 02:15:02.802 12574 12574 D ActivityThread: Package [com.google.android.apps.walletnfcrel] reported as REPLACED, but missing application info. Assuming REMOVED.
08-25 02:15:02.835 12574 12574 D ActivityThread: Package [com.google.android.apps.walletnfcrel] reported as REPLACED, but missing application info. Assuming REMOVED.
08-25 02:15:19.902 12574 12574 D ActivityThread: Package [com.google.android.deskclock] reported as REPLACED, but missing application info. Assuming REMOVED.
08-25 02:15:19.911 12574 12574 D ActivityThread: Package [com.google.android.deskclock] reported as REPLACED, but missing application info. Assuming REMOVED.
08-25 02:15:24.625 12574 12574 D ActivityThread: Package [com.google.android.apps.safetyhub] reported as REPLACED, but missing application info. Assuming REMOVED.
08-25 02:15:24.656 12574 12574 D ActivityThread: Package [com.google.android.apps.safetyhub] reported as REPLACED, but missing application info. Assuming REMOVED.
--------- beginning of main
08-25 11:57:12.187 16457 16457 I Zygote  : Process 16457 created for com.negi.survey
08-25 11:57:12.187 16457 16457 I com.negi.survey: Late-enabling -Xcheck:jni
08-25 11:57:12.451 16457 16457 I com.negi.survey: Using CollectorTypeCMC GC.
08-25 11:57:12.473 16457 16457 D nativeloader: Load libframework-connectivity-tiramisu-jni.so using APEX ns com_android_tethering for caller /apex/com.android.tethering/javalib/framework-connectivity-t.jar: ok
08-25 11:57:12.534 16457 16457 D ApplicationLoaders: Returning zygote-cached class loader: /system_ext/framework/androidx.window.extensions.jar
08-25 11:57:12.534 16457 16457 D ApplicationLoaders: Returning zygote-cached class loader: /system_ext/framework/androidx.window.sidecar.jar
08-25 11:57:12.948 16457 16457 D nativeloader: Configuring clns-9 for other apk /data/app/~~GBm-yxn78X4zzChJk2VfmA==/com.negi.survey--fpJODZBgcMgIrHc3j9a-w==/base.apk. target_sdk_version=36, uses_libraries=libOpenCL.so:libOpenCL-pixel.so, library_path=/data/app/~~GBm-yxn78X4zzChJk2VfmA==/com.negi.survey--fpJODZBgcMgIrHc3j9a-w==/lib/arm64:/data/app/~~GBm-yxn78X4zzChJk2VfmA==/com.negi.survey--fpJODZBgcMgIrHc3j9a-w==/base.apk!/lib/arm64-v8a, permitted_path=/data:/mnt/expand:/data/user/0/com.negi.survey
08-25 11:57:12.958 16457 16457 V GraphicsEnvironment: Currently set values for:
08-25 11:57:12.958 16457 16457 V GraphicsEnvironment:   angle_gl_driver_selection_pkgs=[com.android.angle]
08-25 11:57:12.958 16457 16457 V GraphicsEnvironment:   angle_gl_driver_selection_values=[angle]
08-25 11:57:12.958 16457 16457 V GraphicsEnvironment: com.negi.survey is not listed in per-application setting
08-25 11:57:12.958 16457 16457 V GraphicsEnvironment: No special selections for ANGLE, returning default driver choice
08-25 11:57:12.958 16457 16457 V GraphicsEnvironment: Neither updatable production driver nor prerelease driver is supported.
08-25 11:57:12.985 16457 16457 D nativeloader: Load /data/app/~~GBm-yxn78X4zzChJk2VfmA==/com.negi.survey--fpJODZBgcMgIrHc3j9a-w==/base.apk!/lib/arm64-v8a/liblitertlm_jni.so using class loader ns clns-9 (caller=/data/app/~~GBm-yxn78X4zzChJk2VfmA==/com.negi.survey--fpJODZBgcMgIrHc3j9a-w==/base.apk!classes10.dex): ok
08-25 11:57:12.985 16457 16457 D SurveyApp: Loaded LiteRTLM JNI: litertlm_jni where=attachBaseContext
08-25 11:57:13.008 16457 16457 D AppRingLogStore: installed: dir=/data/user/0/com.negi.survey/files/diagnostics/applog_ring idx=0
08-25 11:57:13.008 16457 16457 D SurveyApp: attachBaseContext: pid=16457 process=com.negi.survey isMain=true sdk=36
08-25 11:57:13.008 16457 16457 D SurveyApp: bootTiming: attachBaseContext total=43ms
08-25 11:57:13.009 16457 16457 D SurveyApp: Skipping WorkManager init in attachBaseContext; will init lazily on first enqueue.
08-25 11:57:13.010 16457 16457 D CrashCapture: install: ensured default handler. where=SurveyApp:attachBaseContext pid=16457 default=com.negi.survey.CrashCapture$CrashHandler@594bdf7
08-25 11:57:13.010 16457 16457 D SurveyApp: CrashCapture installed: where=SurveyApp:attachBaseContext
08-25 11:57:13.012 16457 16533 D RuntimeLogStore: openWriter: start -> /data/user/0/com.negi.survey/files/diagnostics/runtime_logs/rtlog_20260825_185712_998_pid16457_seq1.log (bytes=0 format=LEGACY)
08-25 11:57:13.013 16457 16533 D RuntimeLogStore: retention: start files=13 kept=12 totalBytes=239317
08-25 11:57:13.022 16457 16457 E com.negi.survey: hiddenapi: Accessing hidden method Landroid/net/ssl/EchConfigMismatchException;->getRetryConfigList()Landroid/net/ssl/EchConfigList; (runtime_flags=0, domain=core-platform, api=blocked) from /data/app/~~GBm-yxn78X4zzChJk2VfmA==/com.negi.survey--fpJODZBgcMgIrHc3j9a-w==/base.apk!classes17.dex (domain=app, TargetSdkVersion=36) using linking: denied
08-25 11:57:13.022 16457 16457 E com.negi.survey: hiddenapi: Accessing hidden method Landroid/net/ssl/EchConfigList;->toBytes()[B (runtime_flags=0, domain=core-platform, api=blocked) from /data/app/~~GBm-yxn78X4zzChJk2VfmA==/com.negi.survey--fpJODZBgcMgIrHc3j9a-w==/base.apk!classes17.dex (domain=app, TargetSdkVersion=36) using linking: denied
08-25 11:57:13.023 16457 16457 E com.negi.survey: hiddenapi: Accessing hidden method Landroid/net/ssl/EchConfigList;->fromBytes([B)Landroid/net/ssl/EchConfigList; (runtime_flags=0, domain=core-platform, api=blocked) from /data/app/~~GBm-yxn78X4zzChJk2VfmA==/com.negi.survey--fpJODZBgcMgIrHc3j9a-w==/base.apk!classes17.dex (domain=app, TargetSdkVersion=36) using linking: denied
08-25 11:57:13.023 16457 16457 E com.negi.survey: hiddenapi: Accessing hidden method Landroid/net/ssl/SSLSockets;->setEchConfigList(Ljavax/net/ssl/SSLSocket;Landroid/net/ssl/EchConfigList;)V (runtime_flags=0, domain=core-platform, api=blocked) from /data/app/~~GBm-yxn78X4zzChJk2VfmA==/com.negi.survey--fpJODZBgcMgIrHc3j9a-w==/base.apk!classes17.dex (domain=app, TargetSdkVersion=36) using linking: denied
08-25 11:57:13.026 16457 16457 D SurveyApp: LiteRTLM JNI already loaded; skip. where=onCreate(retry)
08-25 11:57:13.027 16457 16457 D SurveyApp: bootTiming: RuntimeLogStore.start took=0ms
08-25 11:57:13.027 16457 16457 D SurveyApp: bootTiming: AppRingLogStore.install took=0ms
08-25 11:57:13.027 16457 16457 D SurveyApp: onCreate: pid=16457 process=com.negi.survey isMain=true sdk=36
08-25 11:57:13.030 16457 16457 D CrashCapture: install: ensured default handler. where=SurveyApp:onCreate(rewrap) pid=16457 default=com.negi.survey.CrashCapture$CrashHandler@594bdf7
08-25 11:57:13.030 16457 16457 D SurveyApp: CrashCapture installed: where=SurveyApp:onCreate(rewrap)
08-25 11:57:13.031 16457 16457 D CrashCapture: registerSelfHealing: ActivityLifecycleCallbacks registered. mode=onResumedOnly
08-25 11:57:13.031 16457 16457 D SurveyApp: CrashCapture self-healing registered.
08-25 11:57:13.031 16457 16457 W SurveyApp: Startup enqueues deferred: delay=2500ms (to reduce init contention)
08-25 11:57:13.031 16457 16457 D SurveyApp: bootTiming: onCreate total=5ms
08-25 11:57:13.037 16457 16538 I DisplayManager: Choreographer implicitly registered for the refresh rate.
08-25 11:57:13.038 16457 16538 D vulkan  : searching for layers in '/data/app/~~GBm-yxn78X4zzChJk2VfmA==/com.negi.survey--fpJODZBgcMgIrHc3j9a-w==/lib/arm64'
08-25 11:57:13.039 16457 16538 D vulkan  : searching for layers in '/data/app/~~GBm-yxn78X4zzChJk2VfmA==/com.negi.survey--fpJODZBgcMgIrHc3j9a-w==/base.apk!/lib/arm64-v8a'
08-25 11:57:13.044 16457 16536 D UploadRescheduleRcvr: No GitHub pending files for action=android.intent.action.BOOT_COMPLETED
08-25 11:57:13.045 16457 16457 D DesktopExperienceFlags: Toggle override initialized to: false
08-25 11:57:13.060 16457 16536 D github_upload: enqueueStartupRuntimeLogsUpload: uniqueName=upload_runtime_logs_startup policy=KEEP session=startup_runtime_20260825_185713_2e260eb6
08-25 11:57:13.061 16457 16457 D CompatChangeReporter: Compat change id reported: 377864165; UID 14749; state: ENABLED
08-25 11:57:13.061 16457 16457 D DesktopModeFlags: Toggle override initialized to: OVERRIDE_UNSET
08-25 11:57:13.078 16457 16457 I ContentCaptureHelper: Setting logging level to OFF
08-25 11:57:13.079 16457 16457 D CrashCapture: install: ensured default handler. where=selfHeal:onActivityResumed pid=16457 default=com.negi.survey.CrashCapture$CrashHandler@594bdf7
08-25 11:57:13.097 16457 16536 D WM-PackageManagerHelper: Skipping component enablement for androidx.work.impl.background.systemjob.SystemJobService
08-25 11:57:13.097 16457 16536 D WM-Schedulers: Created SystemJobScheduler and enabled SystemJobService
08-25 11:57:13.105 16457 16552 D WM-ForceStopRunnable: Is default app process = true
08-25 11:57:13.106 16457 16552 D WM-ForceStopRunnable: Performing cleanup operations.
08-25 11:57:13.111 16457 16457 D WindowOnBackDispatcher: setTopOnBackInvokedCallback (unwrapped): android.app.Activity$$ExternalSyntheticLambda0@c9fe584
08-25 11:57:13.116 16457 16536 D UploadRescheduleRcvr: Enqueued runtime logs upload for action=android.intent.action.BOOT_COMPLETED reason=receiver_boot_completed
08-25 11:57:13.171 16457 16552 D WM-ForceStopRunnable: Application was force-stopped, rescheduling.
08-25 11:57:13.204 16457 16559 D WM-SystemJobScheduler: Scheduling work ID b28ff2f5-14c4-4f8a-b12a-ee6c8a43f6caJob ID 0
08-25 11:57:13.208 16457 16559 D WM-GreedyScheduler: Starting tracking for b28ff2f5-14c4-4f8a-b12a-ee6c8a43f6ca
08-25 11:57:13.230 16457 16561 D WM-WorkConstraintsTrack: NetworkRequestConstraintController register shared callback
08-25 11:57:13.242 16457 16561 D WM-PackageManagerHelper: androidx.work.impl.background.systemalarm.RescheduleReceiver enabled
08-25 11:57:13.246 16457 16571 D WM-WorkConstraintsTrack: NetworkRequestConstraintController onCapabilitiesChanged callback
08-25 11:57:13.246 16457 16571 D WM-WorkConstraintsTrack: Not dispatching constraint state yet: isBlocked=null, capabilitiesInitialized=true
08-25 11:57:13.246 16457 16571 D WM-WorkConstraintsTrack: NetworkRequestConstraintController onBlockedStatusChanged callback false
08-25 11:57:13.248 16457 16559 D WM-GreedyScheduler: Constraints met: Scheduling work ID WorkGenerationalId(workSpecId=b28ff2f5-14c4-4f8a-b12a-ee6c8a43f6ca, generation=0)
08-25 11:57:13.257 16457 16559 D WM-Processor: Processor: processing WorkGenerationalId(workSpecId=b28ff2f5-14c4-4f8a-b12a-ee6c8a43f6ca, generation=0)
08-25 11:57:13.274 16457 16457 D VRI[MainActivity]: WindowInsets changed: 1080x2424 statusBars:[0,152,0,0] navigationBars:[0,0,0,69] mandatorySystemGestures:[0,187,0,92] 
08-25 11:57:13.288 16457 16457 I HWUI    : Using FreeType backend (prop=Auto)
08-25 11:57:13.500 16457 16457 I com.negi.survey: hiddenapi: Accessing hidden method Landroid/os/SystemProperties;->addChangeCallback(Ljava/lang/Runnable;)V (runtime_flags=0, domain=platform, api=unsupported) from Landroidx/compose/ui/platform/AndroidComposeView$Companion; (domain=app, TargetSdkVersion=36) using reflection: allowed
08-25 11:57:13.508 16457 16457 D WM-WorkerWrapper: Starting work for com.negi.survey.net.GitHubUploadWorker
08-25 11:57:13.516 16457 16558 I WM-Processor: Moving WorkSpec (b28ff2f5-14c4-4f8a-b12a-ee6c8a43f6ca) to the foreground
08-25 11:57:13.529 16457 16457 D WM-SystemJobService: onStartJob for WorkGenerationalId(workSpecId=b28ff2f5-14c4-4f8a-b12a-ee6c8a43f6ca, generation=0)
08-25 11:57:13.535 16457 16457 I WM-SystemFgDispatcher: Started foreground service Intent { act=ACTION_START_FOREGROUND xflg=0x4 cmp=com.negi.survey/androidx.work.impl.foreground.SystemForegroundService (has extras) }
08-25 11:57:13.535 16457 16457 D WM-SystemFgDispatcher: Notifying with (id:7869, workSpecId: b28ff2f5-14c4-4f8a-b12a-ee6c8a43f6ca, notificationType :1)
08-25 11:57:13.539 16457 16558 D WM-Processor: Work WorkGenerationalId(workSpecId=b28ff2f5-14c4-4f8a-b12a-ee6c8a43f6ca, generation=0) is already enqueued for processing
08-25 11:57:13.539 16457 16558 D WM-WorkProgressUpdater: Updating progress for b28ff2f5-14c4-4f8a-b12a-ee6c8a43f6ca (Data {pct : 3, mode : startup_runtime_logs})
08-25 11:57:13.545 16457 16457 D InsetsController: hide(ime())
08-25 11:57:13.545 16457 16457 I ImeTracker: com.negi.survey:244bf29: onCancelled at PHASE_CLIENT_ALREADY_HIDDEN
08-25 11:57:13.545 16457 16457 D WM-SystemFgDispatcher: Notifying with (id:7869, workSpecId: b28ff2f5-14c4-4f8a-b12a-ee6c8a43f6ca, notificationType :1)
08-25 11:57:13.548 16457 16558 I WM-Processor: Moving WorkSpec (b28ff2f5-14c4-4f8a-b12a-ee6c8a43f6ca) to the foreground
08-25 11:57:13.551 16457 16457 D WM-SystemFgDispatcher: Notifying with (id:7869, workSpecId: b28ff2f5-14c4-4f8a-b12a-ee6c8a43f6ca, notificationType :1)
08-25 11:57:13.551 16457 16558 D WM-WorkConstraintsTrack: NetworkRequestConstraintController send initial capabilities
08-25 11:57:13.562 16457 16491 I com.negi.survey: Compiler allocated 5038KB to compile void android.view.ViewRootImpl.performTraversals()
08-25 11:57:13.622 16457 16457 D IntroScreen: Resolved config details: id=survey_config10.yaml in 120ms
08-25 11:57:14.743 16457 16533 D RuntimeLogStore: openWriter: rotate:plain_snapshot:receiver_boot_completed -> /data/user/0/com.negi.survey/files/diagnostics/runtime_logs/rtlog_20260825_185714_743_pid16457_seq2.log (bytes=0 format=LEGACY)
08-25 11:57:14.745 16457 16533 D RuntimeLogStore: retention: rotate:plain_snapshot:receiver_boot_completed files=13 kept=12 totalBytes=222904
08-25 11:57:14.782 16457 16536 D github_upload: doRuntimeLogsUpload: remoteBaseDir=diagnostics/runtime_logs/2026-08-25/runtime_logs_startup_runtime_20260825_185713_2e260eb6_receiver_boot_completed toUpload=11 bytes=222569 dedupe=true deleteSource=true deletedSourcePre=0 preview='runtime_log_20260825_185714_749_pid16457_receiver_boot_completed__rtlog_20260825_185712_998_pid16457_seq1.log|runtime_log_20260825_185714_749_pid16457_receiver_boot_completed__rtlog_20260825_072755_003_pid12574_seq1.log|runtime_log_20260825_185714_749_pid16457_receiver_boot_completed__rtlog_20260825_071537_011_pid10452_seq1.log|runtime_log_20260825_185714_749_pid16457_receiver_boot_completed__rtlog_20260825_065903_015_pid9804_seq1.log|runtime_log_20260825_185714_749_pid16457_receiver_boot_completed__rtlog_20260825_063144_091_pid8480_seq1.log|runtime_log_20260825_185714_749_pid16457_receiver_boot_completed__rtlog_20260825_062047_258_pid8037_seq1.log|runtime_log_20260825_185714_749_pid16457_receiver_boot_completed__rtlog_20260825_055822_280_pid7217_seq1.log|runtime_log_20260825_185714_749_pid16457_receiver_boot_completed__rtlog_20260825_053748_753_pid6603_seq1.log|runtime_log_20260825_185714_749_pid16457_receiver_boot_completed__rtlog_20260825_052451_224_pid6194_seq1.log|runtime_log_20260825_185714_749_pid16457_receiver_boot_completed__rtlog_20260825_051422_873_pid5619_seq1.log'
08-25 11:57:14.786 16457 16536 D GitHubUploader: uploadStream: owner=ishizuki-tech repo=SurveyExports branch=main path=diagnostics/runtime_logs/2026-08-25/runtime_logs_startup_runtime_20260825_185713_2e260eb6_receiver_boot_completed/runtime_log_20260825_185714_749_pid16457_receiver_boot_completed__rtlog_20260825_185712_998_pid16457_seq1.log size=1690 maxRawBytesHint=1000000 maxRequestBytesHint=2800000
08-25 11:57:14.786 16457 16561 D WM-WorkProgressUpdater: Updating progress for b28ff2f5-14c4-4f8a-b12a-ee6c8a43f6ca (Data {pct : 10, mode : startup_runtime_logs})
08-25 11:57:14.801 16457 16561 I WM-Processor: Moving WorkSpec (b28ff2f5-14c4-4f8a-b12a-ee6c8a43f6ca) to the foreground
08-25 11:57:14.805 16457 16457 D WM-SystemFgDispatcher: Notifying with (id:7869, workSpecId: b28ff2f5-14c4-4f8a-b12a-ee6c8a43f6ca, notificationType :1)
08-25 11:57:15.173 16457 16559 D WM-WorkProgressUpdater: Updating progress for b28ff2f5-14c4-4f8a-b12a-ee6c8a43f6ca (Data {pct : 17, mode : startup_runtime_logs})
08-25 11:57:15.178 16457 16559 I WM-Processor: Moving WorkSpec (b28ff2f5-14c4-4f8a-b12a-ee6c8a43f6ca) to the foreground
08-25 11:57:15.181 16457 16457 D WM-SystemFgDispatcher: Notifying with (id:7869, workSpecId: b28ff2f5-14c4-4f8a-b12a-ee6c8a43f6ca, notificationType :1)
08-25 11:57:15.531 16457 16457 W SurveyApp: Deferred startup enqueues begin...
08-25 11:57:15.532 16457 16457 D SurveyApp: WorkManager available. where=startupRtLogs(immediate) took=0ms
08-25 11:57:15.534 16457 16457 D SurveyApp: Startup runtime logs target -> owner=ishizuki-tech repo=SurveyExports branch=main base='/diagnostics/runtime_logs'
08-25 11:57:15.536 16457 16457 D github_upload: enqueueStartupRuntimeLogsUpload: uniqueName=upload_runtime_logs_startup policy=KEEP session=startup_runtime_20260825_185715_aa194b8c
08-25 11:57:15.536 16457 16457 D SurveyApp: Startup runtime logs: enqueue requested (immediate).
08-25 11:57:15.537 16457 16457 D SurveyApp: WorkManager available. where=startupRingLogs(immediate) took=1ms
08-25 11:57:15.538 16457 16457 D SurveyApp: Startup ring logs target -> owner=ishizuki-tech repo=SurveyExports branch=main base='/diagnostics/applog_ring'
08-25 11:57:15.539 16457 16457 D github_upload: enqueueStartupRingLogsUpload: uniqueName=upload_ring_logs_startup policy=KEEP session=startup_ring_20260825_185715_4da1a8a0
08-25 11:57:15.539 16457 16457 D SurveyApp: Startup ring logs: enqueue requested (immediate).
08-25 11:57:15.539 16457 16457 D SurveyApp: WorkManager available. where=enqueuePending(immediate) took=0ms
08-25 11:57:15.540 16457 16457 D SurveyApp: CrashCapture pending uploads requested (immediate).
08-25 11:57:15.540 16457 16457 W SurveyApp: Deferred startup enqueues done: took=9ms
08-25 11:57:15.541 16457 16597 D CrashCapture: enqueuePendingCrashUploadsIfPossible enter where=SurveyApp:enqueuePending(immediate):bg pid=16457 thread=CrashCapture-Enqueue
08-25 11:57:15.573 16457 16561 D WM-SystemJobScheduler: Scheduling work ID bc195bfc-0d67-43c2-b79c-c8e0cabc438fJob ID 1
08-25 11:57:15.577 16457 16561 D WM-GreedyScheduler: Starting tracking for bc195bfc-0d67-43c2-b79c-c8e0cabc438f
08-25 11:57:15.580 16457 16561 D WM-WorkConstraintsTrack: NetworkRequestConstraintController send initial capabilities
08-25 11:57:15.581 16457 16561 D WM-GreedyScheduler: Constraints met: Scheduling work ID WorkGenerationalId(workSpecId=bc195bfc-0d67-43c2-b79c-c8e0cabc438f, generation=0)
08-25 11:57:15.581 16457 16457 D WM-SystemJobService: onStartJob for WorkGenerationalId(workSpecId=bc195bfc-0d67-43c2-b79c-c8e0cabc438f, generation=0)
08-25 11:57:15.584 16457 16561 D WM-Processor: Processor: processing WorkGenerationalId(workSpecId=bc195bfc-0d67-43c2-b79c-c8e0cabc438f, generation=0)
08-25 11:57:15.587 16457 16559 D WM-Processor: Work WorkGenerationalId(workSpecId=bc195bfc-0d67-43c2-b79c-c8e0cabc438f, generation=0) is already enqueued for processing
08-25 11:57:15.598 16457 16457 D WM-WorkerWrapper: Starting work for com.negi.survey.net.GitHubUploadWorker
08-25 11:57:15.605 16457 16558 I WM-Processor: Moving WorkSpec (bc195bfc-0d67-43c2-b79c-c8e0cabc438f) to the foreground
08-25 11:57:15.609 16457 16457 I WM-SystemFgDispatcher: Started foreground service Intent { act=ACTION_START_FOREGROUND xflg=0x4 cmp=com.negi.survey/androidx.work.impl.foreground.SystemForegroundService (has extras) }
08-25 11:57:15.609 16457 16457 D WM-SystemFgDispatcher: Notifying with (id:7317, workSpecId: bc195bfc-0d67-43c2-b79c-c8e0cabc438f, notificationType :1)
08-25 11:57:15.611 16457 16558 D WM-WorkConstraintsTrack: NetworkRequestConstraintController send initial capabilities
08-25 11:57:15.612 16457 16552 D WM-WorkProgressUpdater: Updating progress for bc195bfc-0d67-43c2-b79c-c8e0cabc438f (Data {pct : 3, mode : startup_ring_logs})
08-25 11:57:15.617 16457 16457 D WM-SystemFgDispatcher: Notifying with (id:7317, workSpecId: bc195bfc-0d67-43c2-b79c-c8e0cabc438f, notificationType :1)
08-25 11:57:15.619 16457 16552 I WM-Processor: Moving WorkSpec (bc195bfc-0d67-43c2-b79c-c8e0cabc438f) to the foreground
08-25 11:57:15.621 16457 16457 D WM-SystemFgDispatcher: Notifying with (id:7317, workSpecId: bc195bfc-0d67-43c2-b79c-c8e0cabc438f, notificationType :1)
