=== Previous Session Logcat ===
captured_time_utc=20260831_003446
captured_time_local=20260830_173446
marker=2026-08-30 17:21:20.807
preferred_prev_pid=-1
note=best-effort; buffers may be overwritten before next start
sdk=36
device=Google Pixel 9a
appId=com.negi.survey
versionName=0.0.1
versionCode=1

=== Logcat (since marker) ===
--------- beginning of system
08-30 17:21:21.321 31363 31363 W NotificationManager: Shedding notify (update) of NotificationKey[user=UserHandle{0}, pkg=com.negi.survey, tag=null, id=5951], rate limit (5.0) exceeded: input 7.1869903, output would be 5.0363226
08-30 17:21:23.940 31363 31363 W NotificationManager: Shedding notify (update) of NotificationKey[user=UserHandle{0}, pkg=com.negi.survey, tag=null, id=5951], rate limit (5.0) exceeded: input 8.278756, output would be 5.2149067
08-30 17:21:25.025 31363 31363 W NotificationManager: Shedding notify (update) of NotificationKey[user=UserHandle{0}, pkg=com.negi.survey, tag=null, id=3846], rate limit (5.0) exceeded: input 15.897576, output would be 5.3444285
08-30 17:21:27.011 31363 31363 W NotificationManager: Shedding notify (update) of NotificationKey[user=UserHandle{0}, pkg=com.negi.survey, tag=null, id=8376], rate limit (5.0) exceeded: input 10.910329, output would be 6.032325
08-30 17:21:28.069 31363 31363 W NotificationManager: Shedding notify (update) of NotificationKey[user=UserHandle{0}, pkg=com.negi.survey, tag=null, id=4340], rate limit (5.0) exceeded: input 13.395144, output would be 5.188904
08-30 17:21:29.366 31363 31363 W NotificationManager: Shedding notify (update) of NotificationKey[user=UserHandle{0}, pkg=com.negi.survey, tag=null, id=3509], rate limit (5.0) exceeded: input 11.475748, output would be 5.280394
08-30 17:21:30.436 31363 31363 W NotificationManager: Shedding notify (update) of NotificationKey[user=UserHandle{0}, pkg=com.negi.survey, tag=null, id=8331], rate limit (5.0) exceeded: input 24.836662, output would be 5.2179933
08-30 17:21:31.798 31363 31363 W NotificationManager: Shedding notify (update) of NotificationKey[user=UserHandle{0}, pkg=com.negi.survey, tag=null, id=3509], rate limit (5.0) exceeded: input 13.528678, output would be 6.0328217
08-30 17:21:33.036 31363 31363 W NotificationManager: Shedding notify (update) of NotificationKey[user=UserHandle{0}, pkg=com.negi.survey, tag=null, id=3846], rate limit (5.0) exceeded: input 24.554638, output would be 6.6119437
08-30 17:21:34.327 31363 31363 W NotificationManager: Shedding notify (update) of NotificationKey[user=UserHandle{0}, pkg=com.negi.survey, tag=null, id=5951], rate limit (5.0) exceeded: input 14.011276, output would be 5.7613187
08-30 17:21:35.181 31363 31363 D InsetsController: show(ime())
08-30 17:21:35.181 31363 31363 D InsetsController: Setting requestedVisibleTypes to 511 (was 503)
08-30 17:21:35.206 31363 31363 D InsetsController: show(ime())
08-30 17:21:35.329 31363 31363 W NotificationManager: Shedding notify (update) of NotificationKey[user=UserHandle{0}, pkg=com.negi.survey, tag=null, id=6731], rate limit (5.0) exceeded: input 12.822735, output would be 6.217586
08-30 17:21:38.145 31363 31363 D InsetsController: hide(ime())
08-30 17:21:38.145 31363 31363 D InsetsController: Setting requestedVisibleTypes to 503 (was 511)
--------- beginning of main
08-30 17:34:42.044 32172 32172 I Zygote  : Process 32172 created for com.negi.survey
08-30 17:34:42.049 32172 32172 I com.negi.survey: Late-enabling -Xcheck:jni
08-30 17:34:42.648 32172 32172 I com.negi.survey: Using CollectorTypeCMC GC.
08-30 17:34:42.712 32172 32172 D nativeloader: Load libframework-connectivity-tiramisu-jni.so using APEX ns com_android_tethering for caller /apex/com.android.tethering/javalib/framework-connectivity-t.jar: ok
08-30 17:34:42.871 32172 32172 D ApplicationLoaders: Returning zygote-cached class loader: /system_ext/framework/androidx.window.extensions.jar
08-30 17:34:42.872 32172 32172 D ApplicationLoaders: Returning zygote-cached class loader: /system_ext/framework/androidx.window.sidecar.jar
08-30 17:34:43.424 32172 32172 D nativeloader: Configuring clns-9 for other apk /data/app/~~dctRxSNttaKlU-kNCUq0QQ==/com.negi.survey-9c5t10__SmtpG6dr5gMC6A==/base.apk. target_sdk_version=36, uses_libraries=libOpenCL.so:libOpenCL-pixel.so, library_path=/data/app/~~dctRxSNttaKlU-kNCUq0QQ==/com.negi.survey-9c5t10__SmtpG6dr5gMC6A==/lib/arm64:/data/app/~~dctRxSNttaKlU-kNCUq0QQ==/com.negi.survey-9c5t10__SmtpG6dr5gMC6A==/base.apk!/lib/arm64-v8a, permitted_path=/data:/mnt/expand:/data/user/0/com.negi.survey
08-30 17:34:43.443 32172 32172 V GraphicsEnvironment: Currently set values for:
08-30 17:34:43.443 32172 32172 V GraphicsEnvironment:   angle_gl_driver_selection_pkgs=[com.android.angle]
08-30 17:34:43.443 32172 32172 V GraphicsEnvironment:   angle_gl_driver_selection_values=[angle]
08-30 17:34:43.443 32172 32172 V GraphicsEnvironment: com.negi.survey is not listed in per-application setting
08-30 17:34:43.443 32172 32172 V GraphicsEnvironment: No special selections for ANGLE, returning default driver choice
08-30 17:34:43.443 32172 32172 V GraphicsEnvironment: Neither updatable production driver nor prerelease driver is supported.
08-30 17:34:43.488 32172 32172 D nativeloader: Load /data/app/~~dctRxSNttaKlU-kNCUq0QQ==/com.negi.survey-9c5t10__SmtpG6dr5gMC6A==/base.apk!/lib/arm64-v8a/liblitertlm_jni.so using class loader ns clns-9 (caller=/data/app/~~dctRxSNttaKlU-kNCUq0QQ==/com.negi.survey-9c5t10__SmtpG6dr5gMC6A==/base.apk!classes10.dex): ok
08-30 17:34:43.488 32172 32172 D SurveyApp: Loaded LiteRTLM JNI: litertlm_jni where=attachBaseContext
08-30 17:34:43.531 32172 32172 D AppRingLogStore: installed: dir=/data/user/0/com.negi.survey/files/diagnostics/applog_ring idx=0
08-30 17:34:43.531 32172 32172 D SurveyApp: attachBaseContext: pid=32172 process=com.negi.survey isMain=true sdk=36
08-30 17:34:43.532 32172 32172 D SurveyApp: bootTiming: attachBaseContext total=74ms
08-30 17:34:43.532 32172 32172 D SurveyApp: Skipping WorkManager init in attachBaseContext; will init lazily on first enqueue.
08-30 17:34:43.540 32172 32172 D CrashCapture: install: ensured default handler. where=SurveyApp:attachBaseContext pid=32172 default=com.negi.survey.CrashCapture$CrashHandler@20b6291
08-30 17:34:43.540 32172 32172 D SurveyApp: CrashCapture installed: where=SurveyApp:attachBaseContext
08-30 17:34:43.547 32172 32172 E com.negi.survey: hiddenapi: Accessing hidden method Landroid/net/ssl/EchConfigMismatchException;->getRetryConfigList()Landroid/net/ssl/EchConfigList; (runtime_flags=0, domain=core-platform, api=blocked) from /data/app/~~dctRxSNttaKlU-kNCUq0QQ==/com.negi.survey-9c5t10__SmtpG6dr5gMC6A==/base.apk!classes17.dex (domain=app, TargetSdkVersion=36) using linking: denied
08-30 17:34:43.547 32172 32172 E com.negi.survey: hiddenapi: Accessing hidden method Landroid/net/ssl/EchConfigList;->toBytes()[B (runtime_flags=0, domain=core-platform, api=blocked) from /data/app/~~dctRxSNttaKlU-kNCUq0QQ==/com.negi.survey-9c5t10__SmtpG6dr5gMC6A==/base.apk!classes17.dex (domain=app, TargetSdkVersion=36) using linking: denied
08-30 17:34:43.548 32172 32172 E com.negi.survey: hiddenapi: Accessing hidden method Landroid/net/ssl/EchConfigList;->fromBytes([B)Landroid/net/ssl/EchConfigList; (runtime_flags=0, domain=core-platform, api=blocked) from /data/app/~~dctRxSNttaKlU-kNCUq0QQ==/com.negi.survey-9c5t10__SmtpG6dr5gMC6A==/base.apk!classes17.dex (domain=app, TargetSdkVersion=36) using linking: denied
08-30 17:34:43.548 32172 32172 E com.negi.survey: hiddenapi: Accessing hidden method Landroid/net/ssl/SSLSockets;->setEchConfigList(Ljavax/net/ssl/SSLSocket;Landroid/net/ssl/EchConfigList;)V (runtime_flags=0, domain=core-platform, api=blocked) from /data/app/~~dctRxSNttaKlU-kNCUq0QQ==/com.negi.survey-9c5t10__SmtpG6dr5gMC6A==/base.apk!classes17.dex (domain=app, TargetSdkVersion=36) using linking: denied
08-30 17:34:43.549 32172 32267 D RuntimeLogStore: openWriter: start -> /data/user/0/com.negi.survey/files/diagnostics/runtime_logs/rtlog_20260831_003443_507_pid32172_seq1.log (bytes=0 format=LEGACY)
08-30 17:34:43.556 32172 32267 D RuntimeLogStore: retention: start files=2 kept=2 totalBytes=6809
08-30 17:34:43.568 32172 32172 D SurveyApp: LiteRTLM JNI already loaded; skip. where=onCreate(retry)
08-30 17:34:43.569 32172 32172 D SurveyApp: bootTiming: RuntimeLogStore.start took=0ms
08-30 17:34:43.569 32172 32172 D SurveyApp: bootTiming: AppRingLogStore.install took=0ms
08-30 17:34:43.569 32172 32172 D SurveyApp: onCreate: pid=32172 process=com.negi.survey isMain=true sdk=36
08-30 17:34:43.575 32172 32172 D CrashCapture: install: ensured default handler. where=SurveyApp:onCreate(rewrap) pid=32172 default=com.negi.survey.CrashCapture$CrashHandler@20b6291
08-30 17:34:43.575 32172 32172 D SurveyApp: CrashCapture installed: where=SurveyApp:onCreate(rewrap)
08-30 17:34:43.576 32172 32172 D CrashCapture: registerSelfHealing: ActivityLifecycleCallbacks registered. mode=onResumedOnly
08-30 17:34:43.576 32172 32172 D SurveyApp: CrashCapture self-healing registered.
08-30 17:34:43.576 32172 32172 W SurveyApp: Startup enqueues deferred: delay=2500ms (to reduce init contention)
08-30 17:34:43.576 32172 32172 D SurveyApp: bootTiming: onCreate total=8ms
08-30 17:34:43.739 32172 32278 D UploadRescheduleRcvr: No GitHub pending files for action=android.intent.action.MY_PACKAGE_REPLACED
08-30 17:34:43.796 32172 32278 D github_upload: enqueueStartupRuntimeLogsUpload: uniqueName=upload_runtime_logs_startup policy=KEEP session=startup_runtime_20260831_003443_5767c7c3
08-30 17:34:43.977 32172 32278 D WM-PackageManagerHelper: Skipping component enablement for androidx.work.impl.background.systemjob.SystemJobService
08-30 17:34:43.977 32172 32278 D WM-Schedulers: Created SystemJobScheduler and enabled SystemJobService
08-30 17:34:43.985 32172 32312 D WM-ForceStopRunnable: Is default app process = true
08-30 17:34:43.990 32172 32312 D WM-ForceStopRunnable: Performing cleanup operations.
08-30 17:34:44.002 32172 32278 D UploadRescheduleRcvr: Enqueued runtime logs upload for action=android.intent.action.MY_PACKAGE_REPLACED reason=receiver_my_package_replaced
08-30 17:34:44.690 32172 32312 D WM-SystemJobScheduler: Reconciling jobs
08-30 17:34:44.738 32172 32312 D WM-ForceStopRunnable: Found unfinished work, scheduling it.
08-30 17:34:44.916 32172 32316 D WM-SystemJobScheduler: Scheduling work ID 4c1f7cdc-2933-47bf-b75f-e37442657011Job ID 60
08-30 17:34:44.933 32172 32316 D WM-GreedyScheduler: Starting tracking for 4c1f7cdc-2933-47bf-b75f-e37442657011
08-30 17:34:44.942 32172 32172 D WM-SystemJobService: onStartJob for WorkGenerationalId(workSpecId=4c1f7cdc-2933-47bf-b75f-e37442657011, generation=0)
08-30 17:34:44.989 32172 32316 D WM-Processor: Processor: processing WorkGenerationalId(workSpecId=4c1f7cdc-2933-47bf-b75f-e37442657011, generation=0)
08-30 17:34:45.033 32172 32172 D WM-WorkerWrapper: Starting work for com.negi.survey.net.GitHubUploadWorker
08-30 17:34:45.033 32172 32316 D WM-WorkConstraintsTrack: NetworkRequestConstraintController register shared callback
08-30 17:34:45.048 32172 32316 D WM-PackageManagerHelper: androidx.work.impl.background.systemalarm.RescheduleReceiver enabled
08-30 17:34:45.076 32172 32318 D WM-WorkConstraintsTrack: NetworkRequestConstraintController onCapabilitiesChanged callback
08-30 17:34:45.076 32172 32318 D WM-WorkConstraintsTrack: Not dispatching constraint state yet: isBlocked=null, capabilitiesInitialized=true
08-30 17:34:45.076 32172 32318 D WM-WorkConstraintsTrack: NetworkRequestConstraintController onBlockedStatusChanged callback false
08-30 17:34:45.090 32172 32312 I WM-Processor: Moving WorkSpec (4c1f7cdc-2933-47bf-b75f-e37442657011) to the foreground
08-30 17:34:45.116 32172 32312 D WM-GreedyScheduler: Constraints met: Scheduling work ID WorkGenerationalId(workSpecId=4c1f7cdc-2933-47bf-b75f-e37442657011, generation=0)
08-30 17:34:45.118 32172 32172 I WM-SystemFgDispatcher: Started foreground service Intent { act=ACTION_START_FOREGROUND xflg=0x4 cmp=com.negi.survey/androidx.work.impl.foreground.SystemForegroundService (has extras) }
08-30 17:34:45.118 32172 32172 D WM-SystemFgDispatcher: Notifying with (id:9954, workSpecId: 4c1f7cdc-2933-47bf-b75f-e37442657011, notificationType :1)
08-30 17:34:45.124 32172 32172 D WM-SystemFgDispatcher: Notifying with (id:9954, workSpecId: 4c1f7cdc-2933-47bf-b75f-e37442657011, notificationType :1)
08-30 17:34:45.132 32172 32312 D WM-Processor: Work WorkGenerationalId(workSpecId=4c1f7cdc-2933-47bf-b75f-e37442657011, generation=0) is already enqueued for processing
08-30 17:34:45.133 32172 32312 D WM-WorkProgressUpdater: Updating progress for 4c1f7cdc-2933-47bf-b75f-e37442657011 (Data {pct : 3, mode : startup_runtime_logs})
08-30 17:34:45.155 32172 32312 I WM-Processor: Moving WorkSpec (4c1f7cdc-2933-47bf-b75f-e37442657011) to the foreground
08-30 17:34:45.160 32172 32172 D WM-SystemFgDispatcher: Notifying with (id:9954, workSpecId: 4c1f7cdc-2933-47bf-b75f-e37442657011, notificationType :1)
08-30 17:34:45.167 32172 32312 D WM-WorkConstraintsTrack: NetworkRequestConstraintController send initial capabilities
08-30 17:34:46.077 32172 32172 W SurveyApp: Deferred startup enqueues begin...
08-30 17:34:46.081 32172 32172 D SurveyApp: WorkManager available. where=startupRtLogs(immediate) took=0ms
08-30 17:34:46.110 32172 32172 D SurveyApp: Startup runtime logs target -> owner=ishizuki-tech repo=SurveyExports branch=main base='/diagnostics/runtime_logs'
08-30 17:34:46.119 32172 32172 D github_upload: enqueueStartupRuntimeLogsUpload: uniqueName=upload_runtime_logs_startup policy=KEEP session=startup_runtime_20260831_003446_d1ae8aca
08-30 17:34:46.119 32172 32172 D SurveyApp: Startup runtime logs: enqueue requested (immediate).
08-30 17:34:46.120 32172 32172 D SurveyApp: WorkManager available. where=startupRingLogs(immediate) took=0ms
08-30 17:34:46.127 32172 32172 D SurveyApp: Startup ring logs target -> owner=ishizuki-tech repo=SurveyExports branch=main base='/diagnostics/applog_ring'
08-30 17:34:46.133 32172 32172 D github_upload: enqueueStartupRingLogsUpload: uniqueName=upload_ring_logs_startup policy=KEEP session=startup_ring_20260831_003446_6fa57829
08-30 17:34:46.133 32172 32172 D SurveyApp: Startup ring logs: enqueue requested (immediate).
08-30 17:34:46.134 32172 32172 D SurveyApp: WorkManager available. where=enqueuePending(immediate) took=0ms
08-30 17:34:46.135 32172 32172 D SurveyApp: CrashCapture pending uploads requested (immediate).
08-30 17:34:46.135 32172 32172 W SurveyApp: Deferred startup enqueues done: took=58ms
08-30 17:34:46.136 32172 32321 D CrashCapture: enqueuePendingCrashUploadsIfPossible enter where=SurveyApp:enqueuePending(immediate):bg pid=32172 thread=CrashCapture-Enqueue
08-30 17:34:46.204 32172 32312 D WM-SystemJobScheduler: Scheduling work ID a012f2ac-beba-4252-8c27-9749bda0a448Job ID 61
08-30 17:34:46.207 32172 32312 D WM-GreedyScheduler: Starting tracking for a012f2ac-beba-4252-8c27-9749bda0a448
08-30 17:34:46.208 32172 32172 D WM-SystemJobService: onStartJob for WorkGenerationalId(workSpecId=a012f2ac-beba-4252-8c27-9749bda0a448, generation=0)
08-30 17:34:46.211 32172 32312 D WM-Processor: Processor: processing WorkGenerationalId(workSpecId=a012f2ac-beba-4252-8c27-9749bda0a448, generation=0)
08-30 17:34:46.217 32172 32172 D WM-WorkerWrapper: Starting work for com.negi.survey.net.GitHubUploadWorker
08-30 17:34:46.218 32172 32312 D WM-WorkConstraintsTrack: NetworkRequestConstraintController send initial capabilities
08-30 17:34:46.220 32172 32312 D WM-GreedyScheduler: Constraints met: Scheduling work ID WorkGenerationalId(workSpecId=a012f2ac-beba-4252-8c27-9749bda0a448, generation=0)
08-30 17:34:46.223 32172 32312 D WM-Processor: Work WorkGenerationalId(workSpecId=a012f2ac-beba-4252-8c27-9749bda0a448, generation=0) is already enqueued for processing
08-30 17:34:46.225 32172 32312 I WM-Processor: Moving WorkSpec (a012f2ac-beba-4252-8c27-9749bda0a448) to the foreground
