=== Previous Session Logcat ===
captured_time_utc=20260831_005653
captured_time_local=20260830_175653
marker=2026-08-30 17:34:46.246
preferred_prev_pid=-1
note=best-effort; buffers may be overwritten before next start
sdk=36
device=Google Pixel 9a
appId=com.negi.survey
versionName=0.0.1
versionCode=1

=== Logcat (since marker) ===
--------- beginning of system
08-30 17:34:47.295 32172 32172 W NotificationManager: Shedding notify (update) of NotificationKey[user=UserHandle{0}, pkg=com.negi.survey, tag=null, id=11022], rate limit (5.0) exceeded: input 8.271294, output would be 5.797098
08-30 17:34:48.294 32172 32172 W NotificationManager: Shedding notify (update) of NotificationKey[user=UserHandle{0}, pkg=com.negi.survey, tag=null, id=9150], rate limit (5.0) exceeded: input 296.58878, output would be 5.909326
08-30 17:34:49.334 32172 32172 W NotificationManager: Shedding notify (update) of NotificationKey[user=UserHandle{0}, pkg=com.negi.survey, tag=null, id=4582], rate limit (5.0) exceeded: input 13.835105, output would be 5.7581253
08-30 17:34:50.688 32172 32172 W NotificationManager: Shedding notify (update) of NotificationKey[user=UserHandle{0}, pkg=com.negi.survey, tag=null, id=8893], rate limit (5.0) exceeded: input 9.608858, output would be 5.064335
08-30 17:34:51.698 32172 32172 W NotificationManager: Shedding notify (update) of NotificationKey[user=UserHandle{0}, pkg=com.negi.survey, tag=null, id=10497], rate limit (5.0) exceeded: input 29.030924, output would be 6.8942614
08-30 17:34:52.824 32172 32172 W NotificationManager: Shedding notify (update) of NotificationKey[user=UserHandle{0}, pkg=com.negi.survey, tag=null, id=4582], rate limit (5.0) exceeded: input 10.621984, output would be 5.5665703
08-30 17:34:53.903 32172 32172 W NotificationManager: Shedding notify (update) of NotificationKey[user=UserHandle{0}, pkg=com.negi.survey, tag=null, id=4582], rate limit (5.0) exceeded: input 25.954361, output would be 6.217813
08-30 17:34:54.915 32172 32172 W NotificationManager: Shedding notify (update) of NotificationKey[user=UserHandle{0}, pkg=com.negi.survey, tag=null, id=6127], rate limit (5.0) exceeded: input 78.797066, output would be 5.1664352
08-30 17:34:55.991 32172 32172 W NotificationManager: Shedding notify (update) of NotificationKey[user=UserHandle{0}, pkg=com.negi.survey, tag=null, id=4582], rate limit (5.0) exceeded: input 15.386652, output would be 5.7947536
08-30 17:34:57.962 32172 32172 W NotificationManager: Shedding notify (update) of NotificationKey[user=UserHandle{0}, pkg=com.negi.survey, tag=null, id=6127], rate limit (5.0) exceeded: input 10.570973, output would be 5.9263215
08-30 17:34:58.995 32172 32172 W NotificationManager: Shedding notify (update) of NotificationKey[user=UserHandle{0}, pkg=com.negi.survey, tag=null, id=6567], rate limit (5.0) exceeded: input 20.513197, output would be 6.079575
08-30 17:35:00.595 32172 32172 W NotificationManager: Shedding notify (update) of NotificationKey[user=UserHandle{0}, pkg=com.negi.survey, tag=null, id=4184], rate limit (5.0) exceeded: input 10.576731, output would be 5.892092
08-30 17:35:01.841 32172 32172 W NotificationManager: Shedding notify (update) of NotificationKey[user=UserHandle{0}, pkg=com.negi.survey, tag=null, id=9150], rate limit (5.0) exceeded: input 17.37017, output would be 5.619351
--------- beginning of main
08-30 17:56:49.896 32703 32703 I Zygote  : Process 32703 created for com.negi.survey
08-30 17:56:49.896 32703 32703 I com.negi.survey: Late-enabling -Xcheck:jni
08-30 17:56:50.103 32703 32703 I com.negi.survey: Using CollectorTypeCMC GC.
08-30 17:56:50.127 32703 32703 D nativeloader: Load libframework-connectivity-tiramisu-jni.so using APEX ns com_android_tethering for caller /apex/com.android.tethering/javalib/framework-connectivity-t.jar: ok
08-30 17:56:50.231 32703 32703 D ApplicationLoaders: Returning zygote-cached class loader: /system_ext/framework/androidx.window.extensions.jar
08-30 17:56:50.231 32703 32703 D ApplicationLoaders: Returning zygote-cached class loader: /system_ext/framework/androidx.window.sidecar.jar
08-30 17:56:50.990 32703 32703 D nativeloader: Configuring clns-9 for other apk /data/app/~~ioVCd2nCD4p5xwkgoB3e1Q==/com.negi.survey-fc303MS-2yeenCDfUDGszg==/base.apk. target_sdk_version=36, uses_libraries=libOpenCL.so:libOpenCL-pixel.so, library_path=/data/app/~~ioVCd2nCD4p5xwkgoB3e1Q==/com.negi.survey-fc303MS-2yeenCDfUDGszg==/lib/arm64:/data/app/~~ioVCd2nCD4p5xwkgoB3e1Q==/com.negi.survey-fc303MS-2yeenCDfUDGszg==/base.apk!/lib/arm64-v8a, permitted_path=/data:/mnt/expand:/data/user/0/com.negi.survey
08-30 17:56:50.998 32703 32703 V GraphicsEnvironment: Currently set values for:
08-30 17:56:50.998 32703 32703 V GraphicsEnvironment:   angle_gl_driver_selection_pkgs=[com.android.angle]
08-30 17:56:50.998 32703 32703 V GraphicsEnvironment:   angle_gl_driver_selection_values=[angle]
08-30 17:56:50.998 32703 32703 V GraphicsEnvironment: com.negi.survey is not listed in per-application setting
08-30 17:56:50.998 32703 32703 V GraphicsEnvironment: No special selections for ANGLE, returning default driver choice
08-30 17:56:50.998 32703 32703 V GraphicsEnvironment: Neither updatable production driver nor prerelease driver is supported.
08-30 17:56:51.037 32703 32703 D nativeloader: Load /data/app/~~ioVCd2nCD4p5xwkgoB3e1Q==/com.negi.survey-fc303MS-2yeenCDfUDGszg==/base.apk!/lib/arm64-v8a/liblitertlm_jni.so using class loader ns clns-9 (caller=/data/app/~~ioVCd2nCD4p5xwkgoB3e1Q==/com.negi.survey-fc303MS-2yeenCDfUDGszg==/base.apk!classes10.dex): ok
08-30 17:56:51.037 32703 32703 D SurveyApp: Loaded LiteRTLM JNI: litertlm_jni where=attachBaseContext
08-30 17:56:51.075 32703 32703 D AppRingLogStore: installed: dir=/data/user/0/com.negi.survey/files/diagnostics/applog_ring idx=0
08-30 17:56:51.075 32703 32703 D SurveyApp: attachBaseContext: pid=32703 process=com.negi.survey isMain=true sdk=36
08-30 17:56:51.075 32703 32703 D SurveyApp: bootTiming: attachBaseContext total=67ms
08-30 17:56:51.076 32703 32703 D SurveyApp: Skipping WorkManager init in attachBaseContext; will init lazily on first enqueue.
08-30 17:56:51.079 32703 32703 D CrashCapture: install: ensured default handler. where=SurveyApp:attachBaseContext pid=32703 default=com.negi.survey.CrashCapture$CrashHandler@40755f6
08-30 17:56:51.079 32703 32703 D SurveyApp: CrashCapture installed: where=SurveyApp:attachBaseContext
08-30 17:56:51.092 32703 32703 E com.negi.survey: hiddenapi: Accessing hidden method Landroid/net/ssl/EchConfigMismatchException;->getRetryConfigList()Landroid/net/ssl/EchConfigList; (runtime_flags=0, domain=core-platform, api=blocked) from /data/app/~~ioVCd2nCD4p5xwkgoB3e1Q==/com.negi.survey-fc303MS-2yeenCDfUDGszg==/base.apk!classes17.dex (domain=app, TargetSdkVersion=36) using linking: denied
08-30 17:56:51.092 32703 32703 E com.negi.survey: hiddenapi: Accessing hidden method Landroid/net/ssl/EchConfigList;->toBytes()[B (runtime_flags=0, domain=core-platform, api=blocked) from /data/app/~~ioVCd2nCD4p5xwkgoB3e1Q==/com.negi.survey-fc303MS-2yeenCDfUDGszg==/base.apk!classes17.dex (domain=app, TargetSdkVersion=36) using linking: denied
08-30 17:56:51.092 32703 32703 E com.negi.survey: hiddenapi: Accessing hidden method Landroid/net/ssl/EchConfigList;->fromBytes([B)Landroid/net/ssl/EchConfigList; (runtime_flags=0, domain=core-platform, api=blocked) from /data/app/~~ioVCd2nCD4p5xwkgoB3e1Q==/com.negi.survey-fc303MS-2yeenCDfUDGszg==/base.apk!classes17.dex (domain=app, TargetSdkVersion=36) using linking: denied
08-30 17:56:51.092 32703 32703 E com.negi.survey: hiddenapi: Accessing hidden method Landroid/net/ssl/SSLSockets;->setEchConfigList(Ljavax/net/ssl/SSLSocket;Landroid/net/ssl/EchConfigList;)V (runtime_flags=0, domain=core-platform, api=blocked) from /data/app/~~ioVCd2nCD4p5xwkgoB3e1Q==/com.negi.survey-fc303MS-2yeenCDfUDGszg==/base.apk!classes17.dex (domain=app, TargetSdkVersion=36) using linking: denied
08-30 17:56:51.127 32703 32703 D SurveyApp: LiteRTLM JNI already loaded; skip. where=onCreate(retry)
08-30 17:56:51.127 32703 32703 D SurveyApp: bootTiming: RuntimeLogStore.start took=0ms
08-30 17:56:51.128 32703 32703 D SurveyApp: bootTiming: AppRingLogStore.install took=0ms
08-30 17:56:51.128 32703 32703 D SurveyApp: onCreate: pid=32703 process=com.negi.survey isMain=true sdk=36
08-30 17:56:51.128 32703   338 D RuntimeLogStore: openWriter: start -> /data/user/0/com.negi.survey/files/diagnostics/runtime_logs/rtlog_20260831_005651_065_pid32703_seq1.log (bytes=0 format=LEGACY)
08-30 17:56:51.132 32703   338 D RuntimeLogStore: retention: start files=2 kept=2 totalBytes=653
08-30 17:56:51.141 32703 32703 D CrashCapture: install: ensured default handler. where=SurveyApp:onCreate(rewrap) pid=32703 default=com.negi.survey.CrashCapture$CrashHandler@40755f6
08-30 17:56:51.142 32703 32703 D SurveyApp: CrashCapture installed: where=SurveyApp:onCreate(rewrap)
08-30 17:56:51.142 32703 32703 D CrashCapture: registerSelfHealing: ActivityLifecycleCallbacks registered. mode=onResumedOnly
08-30 17:56:51.142 32703 32703 D SurveyApp: CrashCapture self-healing registered.
08-30 17:56:51.142 32703 32703 W SurveyApp: Startup enqueues deferred: delay=2500ms (to reduce init contention)
08-30 17:56:51.142 32703 32703 D SurveyApp: bootTiming: onCreate total=15ms
08-30 17:56:51.186 32703   341 D UploadRescheduleRcvr: No GitHub pending files for action=android.intent.action.MY_PACKAGE_REPLACED
08-30 17:56:51.243 32703   341 D github_upload: enqueueStartupRuntimeLogsUpload: uniqueName=upload_runtime_logs_startup policy=KEEP session=startup_runtime_20260831_005651_5c2c1d78
08-30 17:56:51.375 32703   341 D WM-PackageManagerHelper: Skipping component enablement for androidx.work.impl.background.systemjob.SystemJobService
08-30 17:56:51.375 32703   341 D WM-Schedulers: Created SystemJobScheduler and enabled SystemJobService
08-30 17:56:51.388 32703   346 D WM-ForceStopRunnable: Is default app process = true
08-30 17:56:51.390 32703   346 D WM-ForceStopRunnable: Performing cleanup operations.
08-30 17:56:51.426 32703   341 D UploadRescheduleRcvr: Enqueued runtime logs upload for action=android.intent.action.MY_PACKAGE_REPLACED reason=receiver_my_package_replaced
08-30 17:56:51.485 32703   346 D WM-SystemJobScheduler: Reconciling jobs
08-30 17:56:51.536 32703   346 D WM-ForceStopRunnable: Found unfinished work, scheduling it.
08-30 17:56:51.705 32703   348 D WM-SystemJobScheduler: Scheduling work ID 91fd1c3d-9e1d-47ca-b93d-9b22533e3d41Job ID 80
08-30 17:56:51.721 32703   348 D WM-GreedyScheduler: Starting tracking for 91fd1c3d-9e1d-47ca-b93d-9b22533e3d41
08-30 17:56:51.732 32703 32703 D WM-SystemJobService: onStartJob for WorkGenerationalId(workSpecId=91fd1c3d-9e1d-47ca-b93d-9b22533e3d41, generation=0)
08-30 17:56:51.776 32703   349 D WM-Processor: Processor: processing WorkGenerationalId(workSpecId=91fd1c3d-9e1d-47ca-b93d-9b22533e3d41, generation=0)
08-30 17:56:51.828 32703 32703 D WM-WorkerWrapper: Starting work for com.negi.survey.net.GitHubUploadWorker
08-30 17:56:51.833 32703   349 D WM-WorkConstraintsTrack: NetworkRequestConstraintController register shared callback
08-30 17:56:51.852 32703   350 D WM-WorkConstraintsTrack: NetworkRequestConstraintController onCapabilitiesChanged callback
08-30 17:56:51.852 32703   350 D WM-WorkConstraintsTrack: Not dispatching constraint state yet: isBlocked=null, capabilitiesInitialized=true
08-30 17:56:51.852 32703   350 D WM-WorkConstraintsTrack: NetworkRequestConstraintController onBlockedStatusChanged callback false
08-30 17:56:51.854 32703   349 D WM-PackageManagerHelper: androidx.work.impl.background.systemalarm.RescheduleReceiver enabled
08-30 17:56:51.869 32703   349 I WM-Processor: Moving WorkSpec (91fd1c3d-9e1d-47ca-b93d-9b22533e3d41) to the foreground
08-30 17:56:51.892 32703   349 D WM-GreedyScheduler: Constraints met: Scheduling work ID WorkGenerationalId(workSpecId=91fd1c3d-9e1d-47ca-b93d-9b22533e3d41, generation=0)
08-30 17:56:51.896 32703   349 D WM-Processor: Work WorkGenerationalId(workSpecId=91fd1c3d-9e1d-47ca-b93d-9b22533e3d41, generation=0) is already enqueued for processing
08-30 17:56:51.896 32703   349 D WM-WorkProgressUpdater: Updating progress for 91fd1c3d-9e1d-47ca-b93d-9b22533e3d41 (Data {pct : 3, mode : startup_runtime_logs})
08-30 17:56:51.901 32703 32703 I WM-SystemFgDispatcher: Started foreground service Intent { act=ACTION_START_FOREGROUND xflg=0x4 cmp=com.negi.survey/androidx.work.impl.foreground.SystemForegroundService (has extras) }
08-30 17:56:51.901 32703   349 I WM-Processor: Moving WorkSpec (91fd1c3d-9e1d-47ca-b93d-9b22533e3d41) to the foreground
08-30 17:56:51.902 32703 32703 D WM-SystemFgDispatcher: Notifying with (id:9266, workSpecId: 91fd1c3d-9e1d-47ca-b93d-9b22533e3d41, notificationType :1)
08-30 17:56:51.904 32703   349 D WM-WorkConstraintsTrack: NetworkRequestConstraintController send initial capabilities
08-30 17:56:51.910 32703 32703 D WM-SystemFgDispatcher: Notifying with (id:9266, workSpecId: 91fd1c3d-9e1d-47ca-b93d-9b22533e3d41, notificationType :1)
08-30 17:56:51.919 32703 32703 D WM-SystemFgDispatcher: Notifying with (id:9266, workSpecId: 91fd1c3d-9e1d-47ca-b93d-9b22533e3d41, notificationType :1)
08-30 17:56:53.118 32703   338 D RuntimeLogStore: openWriter: rotate:plain_snapshot:receiver_my_package_repl -> /data/user/0/com.negi.survey/files/diagnostics/runtime_logs/rtlog_20260831_005653_114_pid32703_seq2.log (bytes=0 format=LEGACY)
08-30 17:56:53.121 32703   338 D RuntimeLogStore: retention: rotate:plain_snapshot:receiver_my_package_repl files=3 kept=3 totalBytes=2363
08-30 17:56:53.162 32703   341 D github_upload: doRuntimeLogsUpload: remoteBaseDir=diagnostics/runtime_logs/2026-08-31/runtime_logs_startup_runtime_20260831_005651_5c2c1d78_receiver_my_package_repl toUpload=2 bytes=2027 dedupe=true deleteSource=true deletedSourcePre=0 preview='runtime_log_20260831_005653_128_pid32703_receiver_my_package_repl__rtlog_20260831_005651_065_pid32703_seq1.log|runtime_log_20260831_005653_128_pid32703_receiver_my_package_repl__rtlog_20260831_003446_329_pid32172_seq2.log'
08-30 17:56:53.174 32703   341 D GitHubUploader: uploadStream: owner=ishizuki-tech repo=SurveyExports branch=main path=diagnostics/runtime_logs/2026-08-31/runtime_logs_startup_runtime_20260831_005651_5c2c1d78_receiver_my_package_repl/runtime_log_20260831_005653_128_pid32703_receiver_my_package_repl__rtlog_20260831_005651_065_pid32703_seq1.log size=1691 maxRawBytesHint=1000000 maxRequestBytesHint=2800000
08-30 17:56:53.176 32703   349 D WM-WorkProgressUpdater: Updating progress for 91fd1c3d-9e1d-47ca-b93d-9b22533e3d41 (Data {pct : 10, mode : startup_runtime_logs})
08-30 17:56:53.203 32703   349 I WM-Processor: Moving WorkSpec (91fd1c3d-9e1d-47ca-b93d-9b22533e3d41) to the foreground
08-30 17:56:53.211 32703 32703 D WM-SystemFgDispatcher: Notifying with (id:9266, workSpecId: 91fd1c3d-9e1d-47ca-b93d-9b22533e3d41, notificationType :1)
08-30 17:56:53.591 32703   348 D WM-WorkProgressUpdater: Updating progress for 91fd1c3d-9e1d-47ca-b93d-9b22533e3d41 (Data {pct : 14, mode : startup_runtime_logs})
08-30 17:56:53.630 32703   348 I WM-Processor: Moving WorkSpec (91fd1c3d-9e1d-47ca-b93d-9b22533e3d41) to the foreground
08-30 17:56:53.636 32703   348 D WM-WorkProgressUpdater: Updating progress for 91fd1c3d-9e1d-47ca-b93d-9b22533e3d41 (Data {pct : 50, mode : startup_runtime_logs})
08-30 17:56:53.637 32703 32703 D WM-SystemFgDispatcher: Notifying with (id:9266, workSpecId: 91fd1c3d-9e1d-47ca-b93d-9b22533e3d41, notificationType :1)
08-30 17:56:53.645 32703 32703 W SurveyApp: Deferred startup enqueues begin...
08-30 17:56:53.646 32703 32703 D SurveyApp: WorkManager available. where=startupRtLogs(immediate) took=0ms
08-30 17:56:53.649 32703 32703 D SurveyApp: Startup runtime logs target -> owner=ishizuki-tech repo=SurveyExports branch=main base='/diagnostics/runtime_logs'
08-30 17:56:53.651 32703 32703 D github_upload: enqueueStartupRuntimeLogsUpload: uniqueName=upload_runtime_logs_startup policy=KEEP session=startup_runtime_20260831_005653_a589b3c3
08-30 17:56:53.651 32703 32703 D SurveyApp: Startup runtime logs: enqueue requested (immediate).
08-30 17:56:53.652 32703 32703 D SurveyApp: WorkManager available. where=startupRingLogs(immediate) took=0ms
08-30 17:56:53.654 32703   348 I WM-Processor: Moving WorkSpec (91fd1c3d-9e1d-47ca-b93d-9b22533e3d41) to the foreground
08-30 17:56:53.654 32703 32703 D SurveyApp: Startup ring logs target -> owner=ishizuki-tech repo=SurveyExports branch=main base='/diagnostics/applog_ring'
08-30 17:56:53.656 32703 32703 D github_upload: enqueueStartupRingLogsUpload: uniqueName=upload_ring_logs_startup policy=KEEP session=startup_ring_20260831_005653_d3a58a96
08-30 17:56:53.656 32703 32703 D SurveyApp: Startup ring logs: enqueue requested (immediate).
08-30 17:56:53.656 32703 32703 D SurveyApp: WorkManager available. where=enqueuePending(immediate) took=0ms
08-30 17:56:53.657 32703 32703 D SurveyApp: CrashCapture pending uploads requested (immediate).
08-30 17:56:53.657 32703 32703 W SurveyApp: Deferred startup enqueues done: took=12ms
08-30 17:56:53.657 32703   358 D CrashCapture: enqueuePendingCrashUploadsIfPossible enter where=SurveyApp:enqueuePending(immediate):bg pid=32703 thread=CrashCapture-Enqueue
08-30 17:56:53.659 32703 32703 D WM-SystemFgDispatcher: Notifying with (id:9266, workSpecId: 91fd1c3d-9e1d-47ca-b93d-9b22533e3d41, notificationType :1)
08-30 17:56:53.692 32703   348 D WM-SystemJobScheduler: Scheduling work ID 32a705a6-6389-4437-837e-ea176cd185d7Job ID 81
08-30 17:56:53.698 32703   348 D WM-GreedyScheduler: Starting tracking for 32a705a6-6389-4437-837e-ea176cd185d7
08-30 17:56:53.699 32703 32703 D WM-SystemJobService: onStartJob for WorkGenerationalId(workSpecId=32a705a6-6389-4437-837e-ea176cd185d7, generation=0)
08-30 17:56:53.705 32703   348 D WM-Processor: Processor: processing WorkGenerationalId(workSpecId=32a705a6-6389-4437-837e-ea176cd185d7, generation=0)
08-30 17:56:53.713 32703 32703 D WM-WorkerWrapper: Starting work for com.negi.survey.net.GitHubUploadWorker
08-30 17:56:53.713 32703   348 D WM-WorkConstraintsTrack: NetworkRequestConstraintController send initial capabilities
08-30 17:56:53.715 32703   348 D WM-GreedyScheduler: Constraints met: Scheduling work ID WorkGenerationalId(workSpecId=32a705a6-6389-4437-837e-ea176cd185d7, generation=0)
08-30 17:56:53.719 32703   348 D WM-Processor: Work WorkGenerationalId(workSpecId=32a705a6-6389-4437-837e-ea176cd185d7, generation=0) is already enqueued for processing
08-30 17:56:53.736 32703   346 I WM-Processor: Moving WorkSpec (32a705a6-6389-4437-837e-ea176cd185d7) to the foreground
