=== Previous Session Logcat ===
captured_time_utc=20260825_055824
captured_time_local=20260824_225824
marker=2026-08-24 22:37:51.440
preferred_prev_pid=-1
note=best-effort; buffers may be overwritten before next start
sdk=36
device=Google Pixel 9a
appId=com.negi.survey
versionName=0.0.1
versionCode=1

=== Logcat (since marker) ===
--------- beginning of system
08-24 22:38:11.599  6603  6603 D InsetsController: show(ime())
08-24 22:38:11.606  6603  6603 D InsetsController: Setting requestedVisibleTypes to 511 (was 503)
08-24 22:38:11.624  6603  6603 D InsetsController: show(ime())
08-24 22:38:16.504  6603  6603 D InsetsController: hide(ime())
08-24 22:38:16.505  6603  6603 D InsetsController: Setting requestedVisibleTypes to 503 (was 511)
08-24 22:38:25.866  6603  6603 D InsetsController: hide(ime())
08-24 22:38:27.059  6603  6603 D InsetsController: hide(ime())
08-24 22:38:30.272  6603  6603 D InsetsController: show(ime())
08-24 22:38:30.272  6603  6603 D InsetsController: Setting requestedVisibleTypes to 511 (was 503)
08-24 22:38:30.292  6603  6603 D InsetsController: show(ime())
08-24 22:38:43.279  6603  6603 D InsetsController: hide(ime())
08-24 22:38:43.280  6603  6603 D InsetsController: Setting requestedVisibleTypes to 503 (was 511)
08-24 22:38:50.402  6603  6603 D InsetsController: show(ime())
08-24 22:38:50.402  6603  6603 D InsetsController: Setting requestedVisibleTypes to 511 (was 503)
08-24 22:38:50.408  6603  6603 D InsetsController: show(ime())
--------- beginning of main
08-24 22:58:22.113  7217  7217 I Zygote  : Process 7217 created for com.negi.survey
08-24 22:58:22.117  7217  7217 I com.negi.survey: Using CollectorTypeCMC GC.
08-24 22:58:22.184  7217  7217 D nativeloader: Load libframework-connectivity-tiramisu-jni.so using APEX ns com_android_tethering for caller /apex/com.android.tethering/javalib/framework-connectivity-t.jar: ok
08-24 22:58:22.233  7217  7217 D ApplicationLoaders: Returning zygote-cached class loader: /system_ext/framework/androidx.window.extensions.jar
08-24 22:58:22.233  7217  7217 D ApplicationLoaders: Returning zygote-cached class loader: /system_ext/framework/androidx.window.sidecar.jar
08-24 22:58:22.246  7217  7217 D nativeloader: Configuring clns-9 for other apk /data/app/~~xmXCkP5TfbIbO2IxScCJ_g==/com.negi.survey-bvq3ZBHc5145yiC-rbjSMg==/base.apk. target_sdk_version=36, uses_libraries=libOpenCL.so:libOpenCL-pixel.so, library_path=/data/app/~~xmXCkP5TfbIbO2IxScCJ_g==/com.negi.survey-bvq3ZBHc5145yiC-rbjSMg==/lib/arm64:/data/app/~~xmXCkP5TfbIbO2IxScCJ_g==/com.negi.survey-bvq3ZBHc5145yiC-rbjSMg==/base.apk!/lib/arm64-v8a, permitted_path=/data:/mnt/expand:/data/user/0/com.negi.survey
08-24 22:58:22.262  7217  7217 V GraphicsEnvironment: Currently set values for:
08-24 22:58:22.262  7217  7217 V GraphicsEnvironment:   angle_gl_driver_selection_pkgs=[com.android.angle]
08-24 22:58:22.262  7217  7217 V GraphicsEnvironment:   angle_gl_driver_selection_values=[angle]
08-24 22:58:22.262  7217  7217 V GraphicsEnvironment: com.negi.survey is not listed in per-application setting
08-24 22:58:22.263  7217  7217 V GraphicsEnvironment: No special selections for ANGLE, returning default driver choice
08-24 22:58:22.263  7217  7217 V GraphicsEnvironment: Neither updatable production driver nor prerelease driver is supported.
08-24 22:58:22.275  7217  7217 D nativeloader: Load /data/app/~~xmXCkP5TfbIbO2IxScCJ_g==/com.negi.survey-bvq3ZBHc5145yiC-rbjSMg==/base.apk!/lib/arm64-v8a/liblitertlm_jni.so using class loader ns clns-9 (caller=/data/app/~~xmXCkP5TfbIbO2IxScCJ_g==/com.negi.survey-bvq3ZBHc5145yiC-rbjSMg==/base.apk!classes4.dex): ok
08-24 22:58:22.275  7217  7217 D SurveyApp: Loaded LiteRTLM JNI: litertlm_jni where=attachBaseContext
08-24 22:58:22.283  7217  7217 D AppRingLogStore: installed: dir=/data/user/0/com.negi.survey/files/diagnostics/applog_ring idx=0
08-24 22:58:22.283  7217  7217 D CrashCapture: install: ensured default handler. where=SurveyApp:attachBaseContext pid=7217 default=com.negi.survey.CrashCapture$CrashHandler@20b6291
08-24 22:58:22.289  7217  7217 D SurveyApp: LiteRTLM JNI already loaded; skip. where=onCreate(retry)
08-24 22:58:22.289  7217  7217 D CrashCapture: install: ensured default handler. where=SurveyApp:onCreate(rewrap) pid=7217 default=com.negi.survey.CrashCapture$CrashHandler@20b6291
08-24 22:58:22.290  7217  7217 D CrashCapture: registerSelfHealing: ActivityLifecycleCallbacks registered. mode=onResumedOnly
08-24 22:58:22.290  7217  7270 D RuntimeLogStore: openWriter: start -> /data/user/0/com.negi.survey/files/diagnostics/runtime_logs/rtlog_20260825_055822_280_pid7217_seq1.log (bytes=0 format=LEGACY)
08-24 22:58:22.291  7217  7270 D RuntimeLogStore: retention: start files=13 kept=12 totalBytes=207215
08-24 22:58:22.296  7217  7276 I DisplayManager: Choreographer implicitly registered for the refresh rate.
08-24 22:58:22.297  7217  7274 D UploadRescheduleRcvr: Skip GitHub reschedule: missing credentials.
08-24 22:58:22.297  7217  7274 D UploadRescheduleRcvr: Skip runtime logs upload: missing GitHub credentials.
08-24 22:58:22.298  7217  7217 D DesktopExperienceFlags: Toggle override initialized to: false
08-24 22:58:22.299  7217  7276 D vulkan  : searching for layers in '/data/app/~~xmXCkP5TfbIbO2IxScCJ_g==/com.negi.survey-bvq3ZBHc5145yiC-rbjSMg==/lib/arm64'
08-24 22:58:22.300  7217  7276 D vulkan  : searching for layers in '/data/app/~~xmXCkP5TfbIbO2IxScCJ_g==/com.negi.survey-bvq3ZBHc5145yiC-rbjSMg==/base.apk!/lib/arm64-v8a'
08-24 22:58:22.309  7217  7217 D CompatChangeReporter: Compat change id reported: 377864165; UID 14749; state: ENABLED
08-24 22:58:22.309  7217  7217 D DesktopModeFlags: Toggle override initialized to: OVERRIDE_UNSET
08-24 22:58:22.315  7217  7217 I ContentCaptureHelper: Setting logging level to OFF
08-24 22:58:22.317  7217  7217 D CrashCapture: install: ensured default handler. where=selfHeal:onActivityResumed pid=7217 default=com.negi.survey.CrashCapture$CrashHandler@20b6291
08-24 22:58:22.374  7217  7217 D WindowOnBackDispatcher: setTopOnBackInvokedCallback (unwrapped): android.app.Activity$$ExternalSyntheticLambda0@d077efd
08-24 22:58:22.412  7217  7217 D VRI[MainActivity]: WindowInsets changed: 1080x2424 statusBars:[0,152,0,0] navigationBars:[0,0,0,69] mandatorySystemGestures:[0,187,0,92] 
08-24 22:58:22.419  7217  7217 I HWUI    : Using FreeType backend (prop=Auto)
08-24 22:58:22.500  7217  7217 D IntroScreen: Resolved config details: id=survey_config10.yaml in 16ms
08-24 22:58:22.540  7217  7217 D InsetsController: hide(ime())
08-24 22:58:22.540  7217  7217 I ImeTracker: com.negi.survey:e55b0d45: onCancelled at PHASE_CLIENT_ALREADY_HIDDEN
08-24 22:58:24.799  7217  7217 D WM-PackageManagerHelper: Skipping component enablement for androidx.work.impl.background.systemjob.SystemJobService
08-24 22:58:24.799  7217  7217 D WM-Schedulers: Created SystemJobScheduler and enabled SystemJobService
08-24 22:58:24.803  7217  7344 D WM-ForceStopRunnable: Is default app process = true
08-24 22:58:24.803  7217  7344 D WM-ForceStopRunnable: Performing cleanup operations.
08-24 22:58:24.812  7217  7346 D CrashCapture: enqueuePendingCrashUploadsIfPossible enter where=SurveyApp:enqueuePending(immediate):bg pid=7217 thread=CrashCapture-Enqueue
08-24 22:58:24.827  7217  7344 D WM-ForceStopRunnable: Application was force-stopped, rescheduling.
08-24 22:58:24.843  7217  7351 D WM-PackageManagerHelper: Skipping component enablement for androidx.work.impl.background.systemalarm.RescheduleReceiver
