=== Previous Session Logcat ===
captured_time_utc=20260824_223353
captured_time_local=20260824_153353
marker=2026-08-24 15:24:09.128
preferred_prev_pid=-1
note=best-effort; buffers may be overwritten before next start
sdk=36
device=Google Pixel 9a
appId=com.negi.survey
versionName=0.0.1
versionCode=1

=== Logcat (since marker) ===
--------- beginning of system
08-24 15:24:52.076 22704 22704 D InsetsController: show(ime())
08-24 15:24:52.082 22704 22704 D InsetsController: Setting requestedVisibleTypes to 511 (was 503)
08-24 15:24:52.111 22704 22704 D InsetsController: show(ime())
08-24 15:25:05.978 22704 22704 D InsetsController: hide(ime())
08-24 15:25:05.979 22704 22704 D InsetsController: Setting requestedVisibleTypes to 503 (was 511)
08-24 15:25:11.849 22704 22704 D InsetsController: show(ime())
08-24 15:25:11.849 22704 22704 D InsetsController: Setting requestedVisibleTypes to 511 (was 503)
08-24 15:25:11.854 22704 22704 D InsetsController: show(ime())
08-24 15:25:23.747 22704 22704 D InsetsController: hide(ime())
08-24 15:25:23.748 22704 22704 D InsetsController: Setting requestedVisibleTypes to 503 (was 511)
08-24 15:25:28.949 22704 22704 D InsetsController: show(ime())
08-24 15:25:28.949 22704 22704 D InsetsController: Setting requestedVisibleTypes to 511 (was 503)
08-24 15:25:28.963 22704 22704 D InsetsController: show(ime())
08-24 15:25:30.924 22704 22704 D InsetsController: hide(ime())
08-24 15:25:30.924 22704 22704 D InsetsController: Setting requestedVisibleTypes to 503 (was 511)
08-24 15:25:30.925 22704 22704 D InsetsController: hide(ime())
08-24 15:25:33.756 22704 22704 D InsetsController: show(ime())
08-24 15:25:33.757 22704 22704 D InsetsController: Setting requestedVisibleTypes to 511 (was 503)
08-24 15:25:33.771 22704 22704 D InsetsController: show(ime())
08-24 15:25:36.541 22704 22704 D InsetsController: hide(ime())
08-24 15:25:36.542 22704 22704 D InsetsController: Setting requestedVisibleTypes to 503 (was 511)
08-24 15:25:42.149 22704 22704 D InsetsController: show(ime())
08-24 15:25:42.150 22704 22704 D InsetsController: Setting requestedVisibleTypes to 511 (was 503)
08-24 15:25:42.161 22704 22704 D InsetsController: show(ime())
08-24 15:25:43.725 22704 22704 D InsetsController: hide(ime())
08-24 15:25:43.725 22704 22704 D InsetsController: Setting requestedVisibleTypes to 503 (was 511)
08-24 15:25:43.725 22704 22704 D InsetsController: hide(ime())
08-24 15:25:48.651 22704 22704 D InsetsController: show(ime())
08-24 15:25:48.653 22704 22704 D InsetsController: Setting requestedVisibleTypes to 511 (was 503)
08-24 15:25:48.675 22704 22704 D InsetsController: show(ime())
08-24 15:25:48.937 22704 22704 D InsetsController: show(ime())
08-24 15:25:48.937 22704 22704 D InsetsController: show(ime())
08-24 15:25:51.531 22704 22704 D InsetsController: hide(ime())
08-24 15:25:51.531 22704 22704 D InsetsController: Setting requestedVisibleTypes to 503 (was 511)
08-24 15:25:57.206 22704 22704 D InsetsController: show(ime())
08-24 15:25:57.211 22704 22704 D InsetsController: Setting requestedVisibleTypes to 511 (was 503)
08-24 15:25:57.227 22704 22704 D InsetsController: show(ime())
08-24 15:25:59.312 22704 22704 D InsetsController: hide(ime())
08-24 15:25:59.312 22704 22704 D InsetsController: Setting requestedVisibleTypes to 503 (was 511)
08-24 15:25:59.316 22704 22704 D InsetsController: hide(ime())
08-24 15:26:38.397 22704 22704 D ActivityThread: Package [com.android.vending] reported as REPLACED, but missing application info. Assuming REMOVED.
08-24 15:26:38.405 22704 22704 D ActivityThread: Package [com.android.vending] reported as REPLACED, but missing application info. Assuming REMOVED.
08-24 15:26:57.006 22704 22704 D ActivityThread: Package [com.google.android.youtube] reported as REPLACED, but missing application info. Assuming REMOVED.
08-24 15:26:57.019 22704 22704 D ActivityThread: Package [com.google.android.youtube] reported as REPLACED, but missing application info. Assuming REMOVED.
08-24 15:27:19.039 22704 22704 D ActivityThread: Package [com.google.android.apps.maps] reported as REPLACED, but missing application info. Assuming REMOVED.
08-24 15:27:19.084 22704 22704 D ActivityThread: Package [com.google.android.apps.maps] reported as REPLACED, but missing application info. Assuming REMOVED.
08-24 15:27:20.229 22704 22704 D InsetsController: show(ime())
08-24 15:27:20.237 22704 22704 D InsetsController: Setting requestedVisibleTypes to 511 (was 503)
08-24 15:27:20.263 22704 22704 D InsetsController: show(ime())
08-24 15:27:23.289 22704 22704 D InsetsController: hide(ime())
08-24 15:27:23.289 22704 22704 D InsetsController: Setting requestedVisibleTypes to 503 (was 511)
08-24 15:27:23.291 22704 22704 D InsetsController: hide(ime())
08-24 15:27:24.945 22704 22704 D InsetsController: show(ime())
08-24 15:27:24.945 22704 22704 D InsetsController: Setting requestedVisibleTypes to 511 (was 503)
08-24 15:27:24.947 22704 22704 D InsetsController: show(ime())
08-24 15:27:25.640 22704 22704 D InsetsController: hide(ime())
08-24 15:27:25.640 22704 22704 D InsetsController: Setting requestedVisibleTypes to 503 (was 511)
08-24 15:27:26.980 22704 22704 D InsetsController: show(ime())
08-24 15:27:26.980 22704 22704 D InsetsController: Setting requestedVisibleTypes to 511 (was 503)
08-24 15:27:26.996 22704 22704 D InsetsController: show(ime())
08-24 15:27:45.705 22704 22704 D InsetsController: hide(ime())
08-24 15:27:45.706 22704 22704 D InsetsController: Setting requestedVisibleTypes to 503 (was 511)
08-24 15:27:59.694 22704 22704 D InsetsController: hide(ime())
08-24 15:28:00.420 22704 22704 D InsetsController: hide(ime())
08-24 15:28:39.494 22704 22704 D ActivityThread: Package [com.google.android.apps.photos] reported as REPLACED, but missing application info. Assuming REMOVED.
08-24 15:28:39.544 22704 22704 D ActivityThread: Package [com.google.android.apps.photos] reported as REPLACED, but missing application info. Assuming REMOVED.
08-24 15:30:47.297 22704 22704 D InsetsController: show(ime())
08-24 15:30:47.299 22704 22704 D InsetsController: Setting requestedVisibleTypes to 511 (was 503)
08-24 15:30:47.309 22704 22704 D InsetsController: show(ime())
08-24 15:30:52.093 22704 22704 D InsetsController: hide(ime())
08-24 15:30:52.094 22704 22704 D InsetsController: Setting requestedVisibleTypes to 503 (was 511)
08-24 15:30:59.080 22704 22704 D InsetsController: show(ime())
08-24 15:30:59.080 22704 22704 D InsetsController: Setting requestedVisibleTypes to 511 (was 503)
08-24 15:30:59.092 22704 22704 D InsetsController: show(ime())
08-24 15:31:18.856 22704 22704 D InsetsController: hide(ime())
08-24 15:31:18.857 22704 22704 D InsetsController: Setting requestedVisibleTypes to 503 (was 511)
08-24 15:31:18.859 22704 22704 D InsetsController: hide(ime())
08-24 15:31:33.243 22704 22704 D InsetsController: show(ime())
08-24 15:31:33.244 22704 22704 D InsetsController: Setting requestedVisibleTypes to 511 (was 503)
08-24 15:31:33.245 22704 22704 D InsetsController: show(ime())
--------- beginning of main
08-24 15:31:33.349 22704 22704 D VRI[MainActivity]: WindowInsets changed: ime:[0,0,0,1043] 
08-24 15:31:33.667 22704 22704 I ImeTracker: com.negi.survey:bed8f1b3: onShown
08-24 15:31:35.731 22704 22704 D InsetsController: hide(ime())
08-24 15:31:35.731 22704 22704 I ImeTracker: com.negi.survey:4c0035c0: onRequestHide at ORIGIN_CLIENT reason HIDE_SOFT_INPUT_BY_INSETS_API fromUser false userId 0 displayId 0
08-24 15:31:35.731 22704 22704 D WindowOnBackDispatcher: setTopOnBackInvokedCallback (unwrapped): androidx.navigationevent.OnBackInvokedInput$createOnBackAnimationCallback$1@f65a62d
08-24 15:31:35.732 22704 22704 D InsetsController: Setting requestedVisibleTypes to 503 (was 511)
08-24 15:31:35.745 22704 22704 D VRI[MainActivity]: WindowInsets changed: ime:null 
08-24 15:31:35.773 22704 22704 I ImeTracker: system_server:54bf2022: onCancelled at PHASE_CLIENT_ON_CONTROLS_CHANGED
08-24 15:31:35.831 22704 22704 I ImeTracker: system_server:2562cf: onCancelled at PHASE_CLIENT_ON_CONTROLS_CHANGED
08-24 15:31:36.804 22704 23111 D LiteRtLM: Inference first output: key='Gemma3n4B|/data/user/0/com.negi.survey/files/gemma-3n-E4B-it-int4.litertlm' runId=7 ttftMs=1059 dispatchMs=7 postDispatchTtftMs=1052 requestToFirstOutputMs=1060
08-24 15:31:39.695 22704 23112 D LiteRtLM: Inference timing: key='Gemma3n4B|/data/user/0/com.negi.survey/files/gemma-3n-E4B-it-int4.litertlm' runId=7 ttftMs=1059 dispatchMs=7 postDispatchTtftMs=1052 totalMs=3950 callbacks=17 outputChars=56 cancelled=false error=false requestTotalMs=3951
08-24 15:31:39.718 22704 23110 D LiteRtLM: Conversation reset timing: key='Gemma3n4B|/data/user/0/com.negi.survey/files/gemma-3n-E4B-it-int4.litertlm' reason='resetConversationAndWait' closeMs=0 createMs=5 totalMs=5 success=true
08-24 15:31:39.728 22704 22704 I AiScreen: Follow-up UI commit: node=Q2 runId=7 phase=ONE_STEP mode=EVAL_JSON len=19 sha6=3a13e9b1e5a7 displayedAsPlain=false
08-24 15:31:39.728 22704 22704 I AiScreen: Step UI rendered: node=Q2 runId=7 phase=ONE_STEP mode=EVAL_JSON showJson=true followups=1 timedOut=false twoStep=false
08-24 15:31:39.782 22704 22704 D InsetsController: show(ime())
08-24 15:31:39.782 22704 22704 I ImeTracker: com.negi.survey:df4eb665: onRequestShow at ORIGIN_CLIENT reason SHOW_SOFT_INPUT_BY_INSETS_API fromUser false userId 0 displayId 0
08-24 15:31:39.782 22704 22704 D InsetsController: Setting requestedVisibleTypes to 511 (was 503)
08-24 15:31:39.797 22704 22704 I ImeTracker: com.negi.survey:74b5b0ff: onRequestShow at ORIGIN_CLIENT reason SHOW_SOFT_INPUT fromUser false userId 0 displayId 0
08-24 15:31:39.797 22704 22704 D InsetsController: show(ime())
08-24 15:31:39.797 22704 22704 I ImeTracker: com.negi.survey:74b5b0ff: onCancelled at PHASE_CLIENT_REPORT_REQUESTED_VISIBLE_TYPES
08-24 15:31:39.848 22704 22704 D WindowOnBackDispatcher: setTopOnBackInvokedCallback (unwrapped): android.view.ImeBackAnimationController@95893de
08-24 15:31:39.882 22704 22704 D VRI[MainActivity]: WindowInsets changed: ime:[0,0,0,1043] 
08-24 15:31:40.201 22704 22704 I ImeTracker: com.negi.survey:df4eb665: onShown
08-24 15:31:41.314 22704 22704 D InsetsController: hide(ime())
08-24 15:31:41.314 22704 22704 D WindowOnBackDispatcher: setTopOnBackInvokedCallback (unwrapped): androidx.navigationevent.OnBackInvokedInput$createOnBackAnimationCallback$1@f65a62d
08-24 15:31:41.314 22704 22704 D InsetsController: Setting requestedVisibleTypes to 503 (was 511)
08-24 15:31:41.315 22704 22704 D InsetsController: hide(ime())
08-24 15:31:41.315 22704 22704 I ImeTracker: com.google.android.inputmethod.latin:a2772ceb: onCancelled at PHASE_CLIENT_ALREADY_HIDDEN
08-24 15:31:41.316 22704 22704 D VRI[MainActivity]: WindowInsets changed: ime:null 
08-24 15:31:41.365 22704 22704 I ImeTracker: system_server:b0e44d02: onCancelled at PHASE_CLIENT_ON_CONTROLS_CHANGED
08-24 15:31:47.678 22704 22704 D WhisperSpeechController: updateContext: surveyId=d70d4399-96bc-458b-92b4-a950d9d97cc8, questionId=Q1
08-24 15:31:47.679 22704 22704 D WhisperSpeechController: updateContext: surveyId=d70d4399-96bc-458b-92b4-a950d9d97cc8, questionId=Q1
08-24 15:31:47.720 22704 22715 W com.negi.survey: Missing inline cache for void androidx.navigation3.ui.NavDisplayKt__NavDisplayKt.NavDisplay(androidx.navigation3.scene.SceneState, androidx.navigationevent.compose.NavigationEventState, androidx.compose.ui.Modifier, androidx.compose.ui.Alignment, androidx.compose.animation.SizeTransform, kotlin.jvm.functions.Function1, kotlin.jvm.functions.Function1, kotlin.jvm.functions.Function2, androidx.compose.runtime.Composer, int, int)
08-24 15:31:47.720 22704 22715 W com.negi.survey: Missing inline cache for void androidx.navigation3.ui.NavDisplayKt__NavDisplayKt.NavDisplay(androidx.navigation3.scene.SceneState, androidx.navigationevent.compose.NavigationEventState, androidx.compose.ui.Modifier, androidx.compose.ui.Alignment, androidx.compose.animation.SizeTransform, kotlin.jvm.functions.Function1, kotlin.jvm.functions.Function1, kotlin.jvm.functions.Function2, androidx.compose.runtime.Composer, int, int)
08-24 15:31:47.720 22704 22715 W com.negi.survey: Missing inline cache for void androidx.navigation3.ui.NavDisplayKt__NavDisplayKt.NavDisplay(androidx.navigation3.scene.SceneState, androidx.navigationevent.compose.NavigationEventState, androidx.compose.ui.Modifier, androidx.compose.ui.Alignment, androidx.compose.animation.SizeTransform, kotlin.jvm.functions.Function1, kotlin.jvm.functions.Function1, kotlin.jvm.functions.Function2, androidx.compose.runtime.Composer, int, int)
08-24 15:31:47.720 22704 22715 W com.negi.survey: Missing inline cache for void androidx.navigation3.ui.NavDisplayKt__NavDisplayKt.NavDisplay(androidx.navigation3.scene.SceneState, androidx.navigationevent.compose.NavigationEventState, androidx.compose.ui.Modifier, androidx.compose.ui.Alignment, androidx.compose.animation.SizeTransform, kotlin.jvm.functions.Function1, kotlin.jvm.functions.Function1, kotlin.jvm.functions.Function2, androidx.compose.runtime.Composer, int, int)
08-24 15:31:47.723 22704 22704 D InsetsController: show(ime())
08-24 15:31:47.724 22704 22704 I ImeTracker: com.negi.survey:e674877a: onRequestShow at ORIGIN_CLIENT reason SHOW_SOFT_INPUT_BY_INSETS_API fromUser false userId 0 displayId 0
08-24 15:31:47.724 22704 22704 D InsetsController: Setting requestedVisibleTypes to 511 (was 503)
08-24 15:31:47.740 22704 22704 I ImeTracker: com.negi.survey:6e7d3010: onRequestShow at ORIGIN_CLIENT reason SHOW_SOFT_INPUT fromUser false userId 0 displayId 0
08-24 15:31:47.740 22704 22704 D InsetsController: show(ime())
08-24 15:31:47.740 22704 22704 I ImeTracker: com.negi.survey:6e7d3010: onCancelled at PHASE_CLIENT_REPORT_REQUESTED_VISIBLE_TYPES
08-24 15:31:47.807 22704 22704 D WindowOnBackDispatcher: setTopOnBackInvokedCallback (unwrapped): android.view.ImeBackAnimationController@95893de
08-24 15:31:47.842 22704 22704 D VRI[MainActivity]: WindowInsets changed: ime:[0,0,0,1043] 
08-24 15:31:48.161 22704 22704 I ImeTracker: com.negi.survey:e674877a: onShown
08-24 15:31:49.002 22704 22704 D InsetsController: hide(ime())
08-24 15:31:49.002 22704 22704 D WindowOnBackDispatcher: setTopOnBackInvokedCallback (unwrapped): androidx.navigationevent.OnBackInvokedInput$createOnBackAnimationCallback$1@f65a62d
08-24 15:31:49.003 22704 22704 D InsetsController: Setting requestedVisibleTypes to 503 (was 511)
08-24 15:31:49.006 22704 22704 D VRI[MainActivity]: WindowInsets changed: ime:null 
08-24 15:31:49.009 22704 22704 D InsetsController: hide(ime())
08-24 15:31:49.009 22704 22704 I ImeTracker: com.google.android.inputmethod.latin:4d281e77: onCancelled at PHASE_CLIENT_ALREADY_HIDDEN
08-24 15:31:49.041 22704 22704 I ImeTracker: system_server:78827ea4: onCancelled at PHASE_CLIENT_ON_CONTROLS_CHANGED
08-24 15:31:50.279 22704 22704 D WindowOnBackDispatcher: setTopOnBackInvokedCallback (unwrapped): android.app.Activity$$ExternalSyntheticLambda0@d077efd
08-24 15:31:50.284 22704 22704 D WhisperSpeechController: updateContext: surveyId=d70d4399-96bc-458b-92b4-a950d9d97cc8, questionId=Start
08-24 15:31:50.285 22704 22704 D WhisperSpeechController: updateContext: surveyId=d70d4399-96bc-458b-92b4-a950d9d97cc8, questionId=Start
08-24 15:31:50.316 22704 22704 D InsetsController: show(ime())
08-24 15:31:50.316 22704 22704 I ImeTracker: com.negi.survey:26aa0c79: onRequestShow at ORIGIN_CLIENT reason SHOW_SOFT_INPUT_BY_INSETS_API fromUser false userId 0 displayId 0
08-24 15:31:50.316 22704 22704 D InsetsController: Setting requestedVisibleTypes to 511 (was 503)
08-24 15:31:50.316 22704 22704 I ImeTracker: com.negi.survey:39b85af4: onRequestShow at ORIGIN_CLIENT reason SHOW_SOFT_INPUT fromUser false userId 0 displayId 0
08-24 15:31:50.316 22704 22704 D InsetsController: show(ime())
08-24 15:31:50.316 22704 22704 I ImeTracker: com.negi.survey:39b85af4: onCancelled at PHASE_CLIENT_REPORT_REQUESTED_VISIBLE_TYPES
08-24 15:31:50.352 22704 22704 D WindowOnBackDispatcher: setTopOnBackInvokedCallback (unwrapped): android.view.ImeBackAnimationController@95893de
08-24 15:31:50.405 22704 22704 D VRI[MainActivity]: WindowInsets changed: ime:[0,0,0,1043] 
08-24 15:31:50.722 22704 22704 I ImeTracker: com.negi.survey:26aa0c79: onShown
08-24 15:31:51.010 22704 22704 D InsetsController: hide(ime())
08-24 15:31:51.011 22704 22704 I ImeTracker: com.negi.survey:f9e4b2b6: onRequestHide at ORIGIN_CLIENT reason HIDE_SOFT_INPUT_BY_INSETS_API fromUser false userId 0 displayId 0
08-24 15:31:51.011 22704 22704 D WindowOnBackDispatcher: setTopOnBackInvokedCallback (unwrapped): android.app.Activity$$ExternalSyntheticLambda0@d077efd
08-24 15:31:51.011 22704 22704 D InsetsController: Setting requestedVisibleTypes to 503 (was 511)
08-24 15:31:51.022 22704 22704 D VRI[MainActivity]: WindowInsets changed: ime:null 
08-24 15:31:51.023 22704 22715 W com.negi.survey: Missing inline cache for void androidx.compose.animation.AnimatedContentKt.AnimatedContentImpl(androidx.compose.animation.core.Transition, androidx.compose.ui.Modifier, kotlin.jvm.functions.Function1, androidx.compose.ui.Alignment, kotlin.jvm.functions.Function1, kotlin.jvm.functions.Function1, kotlin.jvm.functions.Function4, androidx.compose.runtime.Composer, int, int)
08-24 15:31:51.023 22704 22715 W com.negi.survey: Missing inline cache for void androidx.compose.animation.AnimatedContentKt.AnimatedContentImpl(androidx.compose.animation.core.Transition, androidx.compose.ui.Modifier, kotlin.jvm.functions.Function1, androidx.compose.ui.Alignment, kotlin.jvm.functions.Function1, kotlin.jvm.functions.Function1, kotlin.jvm.functions.Function4, androidx.compose.runtime.Composer, int, int)
08-24 15:31:51.046 22704 22704 I ImeTracker: system_server:f35ef7d4: onCancelled at PHASE_CLIENT_ON_CONTROLS_CHANGED
08-24 15:31:51.092 22704 22704 I ImeTracker: system_server:23294439: onCancelled at PHASE_CLIENT_ON_CONTROLS_CHANGED
08-24 15:31:53.774 22704 22704 I AutofillManager: onInvisibleForAutofill(): expiringResponse
08-24 15:31:53.908 22704 22704 D WhisperSpeechController: stopRecording: not recording, ignoring
08-24 15:31:53.911 22704 22704 D MainActivity: Session dispose -> clearing ViewModelStore. session=survey_config10.yaml@1
08-24 15:31:53.998 22704 22704 D HeavyInitializer: cancel: no active initialization
08-24 15:31:54.063 22704 22704 D WindowOnBackDispatcher: setTopOnBackInvokedCallback (unwrapped): null
08-24 15:31:54.099 22704 22735 D WhisperEngine: Detach called. Keeping native context alive for key=null
08-24 15:31:54.107 22704 22704 D ViewRootImpl: Skipping stats log for color mode
08-24 15:33:50.997 25479 25479 I Zygote  : Process 25479 created for com.negi.survey
08-24 15:33:50.999 25479 25479 I com.negi.survey: Using CollectorTypeCMC GC.
08-24 15:33:51.030 25479 25479 D nativeloader: Load libframework-connectivity-tiramisu-jni.so using APEX ns com_android_tethering for caller /apex/com.android.tethering/javalib/framework-connectivity-t.jar: ok
08-24 15:33:51.074 25479 25479 D ApplicationLoaders: Returning zygote-cached class loader: /system_ext/framework/androidx.window.extensions.jar
08-24 15:33:51.074 25479 25479 D ApplicationLoaders: Returning zygote-cached class loader: /system_ext/framework/androidx.window.sidecar.jar
08-24 15:33:51.086 25479 25479 D nativeloader: Configuring clns-9 for other apk /data/app/~~R5XZAF85smnD54SlEuParQ==/com.negi.survey-A9uRP9sNdLmv-MpcB6ZfSg==/base.apk. target_sdk_version=36, uses_libraries=libOpenCL.so:libOpenCL-pixel.so, library_path=/data/app/~~R5XZAF85smnD54SlEuParQ==/com.negi.survey-A9uRP9sNdLmv-MpcB6ZfSg==/lib/arm64:/data/app/~~R5XZAF85smnD54SlEuParQ==/com.negi.survey-A9uRP9sNdLmv-MpcB6ZfSg==/base.apk!/lib/arm64-v8a, permitted_path=/data:/mnt/expand:/data/user/0/com.negi.survey
08-24 15:33:51.099 25479 25479 V GraphicsEnvironment: Currently set values for:
08-24 15:33:51.099 25479 25479 V GraphicsEnvironment:   angle_gl_driver_selection_pkgs=[com.android.angle]
08-24 15:33:51.099 25479 25479 V GraphicsEnvironment:   angle_gl_driver_selection_values=[angle]
08-24 15:33:51.099 25479 25479 V GraphicsEnvironment: com.negi.survey is not listed in per-application setting
08-24 15:33:51.099 25479 25479 V GraphicsEnvironment: No special selections for ANGLE, returning default driver choice
08-24 15:33:51.099 25479 25479 V GraphicsEnvironment: Neither updatable production driver nor prerelease driver is supported.
08-24 15:33:51.112 25479 25479 D nativeloader: Load /data/app/~~R5XZAF85smnD54SlEuParQ==/com.negi.survey-A9uRP9sNdLmv-MpcB6ZfSg==/base.apk!/lib/arm64-v8a/liblitertlm_jni.so using class loader ns clns-9 (caller=/data/app/~~R5XZAF85smnD54SlEuParQ==/com.negi.survey-A9uRP9sNdLmv-MpcB6ZfSg==/base.apk!classes4.dex): ok
08-24 15:33:51.112 25479 25479 D SurveyApp: Loaded LiteRTLM JNI: litertlm_jni where=attachBaseContext
08-24 15:33:51.119 25479 25479 D AppRingLogStore: installed: dir=/data/user/0/com.negi.survey/files/diagnostics/applog_ring idx=0
08-24 15:33:51.119 25479 25479 D CrashCapture: install: ensured default handler. where=SurveyApp:attachBaseContext pid=25479 default=com.negi.survey.CrashCapture$CrashHandler@20b6291
08-24 15:33:51.125 25479 25479 D SurveyApp: LiteRTLM JNI already loaded; skip. where=onCreate(retry)
08-24 15:33:51.126 25479 25479 D CrashCapture: install: ensured default handler. where=SurveyApp:onCreate(rewrap) pid=25479 default=com.negi.survey.CrashCapture$CrashHandler@20b6291
08-24 15:33:51.126 25479 25479 D CrashCapture: registerSelfHealing: ActivityLifecycleCallbacks registered. mode=onResumedOnly
08-24 15:33:51.126 25479 25511 D RuntimeLogStore: openWriter: start -> /data/user/0/com.negi.survey/files/diagnostics/runtime_logs/rtlog_20260824_223351_117_pid25479_seq1.log (bytes=0 format=LEGACY)
08-24 15:33:51.128 25479 25511 D RuntimeLogStore: retention: start files=5 kept=5 totalBytes=94191
08-24 15:33:51.131 25479 25515 I DisplayManager: Choreographer implicitly registered for the refresh rate.
08-24 15:33:51.132 25479 25515 D vulkan  : searching for layers in '/data/app/~~R5XZAF85smnD54SlEuParQ==/com.negi.survey-A9uRP9sNdLmv-MpcB6ZfSg==/lib/arm64'
08-24 15:33:51.132 25479 25515 D vulkan  : searching for layers in '/data/app/~~R5XZAF85smnD54SlEuParQ==/com.negi.survey-A9uRP9sNdLmv-MpcB6ZfSg==/base.apk!/lib/arm64-v8a'
08-24 15:33:51.135 25479 25479 D DesktopExperienceFlags: Toggle override initialized to: false
08-24 15:33:51.135 25479 25514 D UploadRescheduleRcvr: Skip GitHub reschedule: missing credentials.
08-24 15:33:51.135 25479 25514 D UploadRescheduleRcvr: Skip runtime logs upload: missing GitHub credentials.
08-24 15:33:51.146 25479 25479 D CompatChangeReporter: Compat change id reported: 377864165; UID 14749; state: ENABLED
08-24 15:33:51.146 25479 25479 D DesktopModeFlags: Toggle override initialized to: OVERRIDE_UNSET
08-24 15:33:51.152 25479 25479 I ContentCaptureHelper: Setting logging level to OFF
08-24 15:33:51.159 25479 25479 D CrashCapture: install: ensured default handler. where=selfHeal:onActivityResumed pid=25479 default=com.negi.survey.CrashCapture$CrashHandler@20b6291
08-24 15:33:51.194 25479 25479 D WindowOnBackDispatcher: setTopOnBackInvokedCallback (unwrapped): android.app.Activity$$ExternalSyntheticLambda0@d077efd
08-24 15:33:51.231 25479 25479 D VRI[MainActivity]: WindowInsets changed: 1080x2424 statusBars:[0,152,0,0] navigationBars:[0,0,0,69] mandatorySystemGestures:[0,187,0,92] 
08-24 15:33:51.235 25479 25479 I HWUI    : Using FreeType backend (prop=Auto)
08-24 15:33:51.320 25479 25479 D IntroScreen: Resolved config details: id=survey_config10.yaml in 21ms
08-24 15:33:51.349 25479 25479 D InsetsController: hide(ime())
08-24 15:33:51.349 25479 25479 I ImeTracker: com.negi.survey:1773978b: onCancelled at PHASE_CLIENT_ALREADY_HIDDEN
08-24 15:33:53.644 25479 25479 D WM-PackageManagerHelper: Skipping component enablement for androidx.work.impl.background.systemjob.SystemJobService
08-24 15:33:53.645 25479 25479 D WM-Schedulers: Created SystemJobScheduler and enabled SystemJobService
08-24 15:33:53.647 25479 25587 D WM-ForceStopRunnable: Is default app process = true
08-24 15:33:53.648 25479 25587 D WM-ForceStopRunnable: Performing cleanup operations.
08-24 15:33:53.662 25479 25589 D CrashCapture: enqueuePendingCrashUploadsIfPossible enter where=SurveyApp:enqueuePending(immediate):bg pid=25479 thread=CrashCapture-Enqueue
08-24 15:33:53.674 25479 25587 D WM-ForceStopRunnable: Application was force-stopped, rescheduling.
08-24 15:33:53.686 25479 25595 D WM-PackageManagerHelper: Skipping component enablement for androidx.work.impl.background.systemalarm.RescheduleReceiver
