=== Previous Session Logcat ===
captured_time_utc=20260825_194114
captured_time_local=20260825_124114
marker=2026-08-25 12:12:22.106
preferred_prev_pid=-1
note=best-effort; buffers may be overwritten before next start
sdk=36
device=Google Pixel 9a
appId=com.negi.survey
versionName=0.0.1
versionCode=1

=== Logcat (since marker) ===
--------- beginning of system
08-25 12:13:23.956 17300 17300 D InsetsController: show(ime())
08-25 12:13:23.964 17300 17300 D InsetsController: Setting requestedVisibleTypes to 511 (was 503)
08-25 12:13:23.986 17300 17300 D InsetsController: show(ime())
08-25 12:13:32.330 17300 17300 D InsetsController: hide(ime())
08-25 12:13:32.332 17300 17300 D InsetsController: Setting requestedVisibleTypes to 503 (was 511)
08-25 12:13:38.542 17300 17300 D InsetsController: show(ime())
08-25 12:13:38.542 17300 17300 D InsetsController: Setting requestedVisibleTypes to 511 (was 503)
08-25 12:13:38.554 17300 17300 D InsetsController: show(ime())
08-25 12:13:44.008 17300 17300 D InsetsController: hide(ime())
08-25 12:13:44.009 17300 17300 D InsetsController: Setting requestedVisibleTypes to 503 (was 511)
08-25 12:13:44.009 17300 17300 D InsetsController: hide(ime())
08-25 12:14:46.131 17300 17300 D InsetsController: show(ime())
08-25 12:14:46.133 17300 17300 D InsetsController: Setting requestedVisibleTypes to 511 (was 503)
08-25 12:14:46.134 17300 17300 D InsetsController: show(ime())
08-25 12:14:58.053 17300 17300 D InsetsController: hide(ime())
08-25 12:14:58.054 17300 17300 D InsetsController: Setting requestedVisibleTypes to 503 (was 511)
08-25 12:15:03.668 17300 17300 D InsetsController: show(ime())
08-25 12:15:03.668 17300 17300 D InsetsController: Setting requestedVisibleTypes to 511 (was 503)
08-25 12:15:03.683 17300 17300 D InsetsController: show(ime())
08-25 12:19:09.017 17300 17300 D InsetsController: hide(ime())
08-25 12:19:09.018 17300 17300 D InsetsController: Setting requestedVisibleTypes to 503 (was 511)
08-25 12:19:09.020 17300 17300 D InsetsController: hide(ime())
--------- beginning of main
08-25 12:41:11.574 18270 18270 I Zygote  : Process 18270 created for com.negi.survey
08-25 12:41:11.575 18270 18270 I com.negi.survey: Using CollectorTypeCMC GC.
08-25 12:41:11.588 18270 18270 D nativeloader: Load libframework-connectivity-tiramisu-jni.so using APEX ns com_android_tethering for caller /apex/com.android.tethering/javalib/framework-connectivity-t.jar: ok
08-25 12:41:11.624 18270 18270 D ApplicationLoaders: Returning zygote-cached class loader: /system_ext/framework/androidx.window.extensions.jar
08-25 12:41:11.624 18270 18270 D ApplicationLoaders: Returning zygote-cached class loader: /system_ext/framework/androidx.window.sidecar.jar
08-25 12:41:11.660 18270 18270 D nativeloader: Configuring clns-9 for other apk /data/app/~~JVkGfBGrpVEcXzOH3FEp7A==/com.negi.survey-IdV01UZoBJyDKPK5LYw3Iw==/base.apk. target_sdk_version=36, uses_libraries=libOpenCL.so:libOpenCL-pixel.so, library_path=/data/app/~~JVkGfBGrpVEcXzOH3FEp7A==/com.negi.survey-IdV01UZoBJyDKPK5LYw3Iw==/lib/arm64:/data/app/~~JVkGfBGrpVEcXzOH3FEp7A==/com.negi.survey-IdV01UZoBJyDKPK5LYw3Iw==/base.apk!/lib/arm64-v8a, permitted_path=/data:/mnt/expand:/data/user/0/com.negi.survey
08-25 12:41:11.667 18270 18270 V GraphicsEnvironment: Currently set values for:
08-25 12:41:11.667 18270 18270 V GraphicsEnvironment:   angle_gl_driver_selection_pkgs=[com.android.angle]
08-25 12:41:11.667 18270 18270 V GraphicsEnvironment:   angle_gl_driver_selection_values=[angle]
08-25 12:41:11.667 18270 18270 V GraphicsEnvironment: com.negi.survey is not listed in per-application setting
08-25 12:41:11.667 18270 18270 V GraphicsEnvironment: No special selections for ANGLE, returning default driver choice
08-25 12:41:11.667 18270 18270 V GraphicsEnvironment: Neither updatable production driver nor prerelease driver is supported.
08-25 12:41:11.677 18270 18270 D nativeloader: Load /data/app/~~JVkGfBGrpVEcXzOH3FEp7A==/com.negi.survey-IdV01UZoBJyDKPK5LYw3Iw==/base.apk!/lib/arm64-v8a/liblitertlm_jni.so using class loader ns clns-9 (caller=/data/app/~~JVkGfBGrpVEcXzOH3FEp7A==/com.negi.survey-IdV01UZoBJyDKPK5LYw3Iw==/base.apk!classes4.dex): ok
08-25 12:41:11.678 18270 18270 D SurveyApp: Loaded LiteRTLM JNI: litertlm_jni where=attachBaseContext
08-25 12:41:11.683 18270 18270 D AppRingLogStore: installed: dir=/data/user/0/com.negi.survey/files/diagnostics/applog_ring idx=0
08-25 12:41:11.684 18270 18270 D CrashCapture: install: ensured default handler. where=SurveyApp:attachBaseContext pid=18270 default=com.negi.survey.CrashCapture$CrashHandler@40755f6
08-25 12:41:11.688 18270 18292 D RuntimeLogStore: openWriter: start -> /data/user/0/com.negi.survey/files/diagnostics/runtime_logs/rtlog_20260825_194111_682_pid18270_seq1.log (bytes=0 format=LEGACY)
08-25 12:41:11.693 18270 18292 D RuntimeLogStore: retention: start files=4 kept=4 totalBytes=36462
08-25 12:41:11.695 18270 18270 D SurveyApp: LiteRTLM JNI already loaded; skip. where=onCreate(retry)
08-25 12:41:11.696 18270 18270 D CrashCapture: install: ensured default handler. where=SurveyApp:onCreate(rewrap) pid=18270 default=com.negi.survey.CrashCapture$CrashHandler@40755f6
08-25 12:41:11.696 18270 18270 D CrashCapture: registerSelfHealing: ActivityLifecycleCallbacks registered. mode=onResumedOnly
08-25 12:41:11.702 18270 18298 I DisplayManager: Choreographer implicitly registered for the refresh rate.
08-25 12:41:11.703 18270 18298 D vulkan  : searching for layers in '/data/app/~~JVkGfBGrpVEcXzOH3FEp7A==/com.negi.survey-IdV01UZoBJyDKPK5LYw3Iw==/lib/arm64'
08-25 12:41:11.704 18270 18298 D vulkan  : searching for layers in '/data/app/~~JVkGfBGrpVEcXzOH3FEp7A==/com.negi.survey-IdV01UZoBJyDKPK5LYw3Iw==/base.apk!/lib/arm64-v8a'
08-25 12:41:11.706 18270 18270 D DesktopExperienceFlags: Toggle override initialized to: false
08-25 12:41:11.707 18270 18296 D UploadRescheduleRcvr: Skip GitHub reschedule: missing credentials.
08-25 12:41:11.707 18270 18296 D UploadRescheduleRcvr: Skip runtime logs upload: missing GitHub credentials.
08-25 12:41:11.721 18270 18270 D CompatChangeReporter: Compat change id reported: 377864165; UID 14749; state: ENABLED
08-25 12:41:11.721 18270 18270 D DesktopModeFlags: Toggle override initialized to: OVERRIDE_UNSET
08-25 12:41:11.727 18270 18270 I ContentCaptureHelper: Setting logging level to OFF
08-25 12:41:11.729 18270 18270 D CrashCapture: install: ensured default handler. where=selfHeal:onActivityResumed pid=18270 default=com.negi.survey.CrashCapture$CrashHandler@40755f6
08-25 12:41:11.796 18270 18270 D WindowOnBackDispatcher: setTopOnBackInvokedCallback (unwrapped): android.app.Activity$$ExternalSyntheticLambda0@d077efd
08-25 12:41:11.835 18270 18270 D VRI[MainActivity]: WindowInsets changed: 1080x2424 statusBars:[0,152,0,0] navigationBars:[0,0,0,69] mandatorySystemGestures:[0,187,0,92] 
08-25 12:41:11.840 18270 18270 I HWUI    : Using FreeType backend (prop=Auto)
08-25 12:41:12.023 18270 18270 D IntroScreen: Resolved config details: id=survey_config10.yaml in 25ms
08-25 12:41:12.053 18270 18270 D InsetsController: hide(ime())
08-25 12:41:12.053 18270 18270 I ImeTracker: com.negi.survey:8b6d8704: onCancelled at PHASE_CLIENT_ALREADY_HIDDEN
08-25 12:41:14.206 18270 18270 D WM-PackageManagerHelper: Skipping component enablement for androidx.work.impl.background.systemjob.SystemJobService
08-25 12:41:14.206 18270 18270 D WM-Schedulers: Created SystemJobScheduler and enabled SystemJobService
08-25 12:41:14.208 18270 18391 D WM-ForceStopRunnable: Is default app process = true
08-25 12:41:14.209 18270 18391 D WM-ForceStopRunnable: Performing cleanup operations.
08-25 12:41:14.218 18270 18393 D CrashCapture: enqueuePendingCrashUploadsIfPossible enter where=SurveyApp:enqueuePending(immediate):bg pid=18270 thread=CrashCapture-Enqueue
08-25 12:41:14.232 18270 18391 D WM-SystemJobScheduler: Reconciling jobs
08-25 12:41:14.238 18270 18391 D WM-ForceStopRunnable: Application was force-stopped, rescheduling.
08-25 12:41:14.255 18270 18400 D WM-PackageManagerHelper: Skipping component enablement for androidx.work.impl.background.systemalarm.RescheduleReceiver
