=== Previous Session Logcat ===
captured_time_utc=20260825_013438
captured_time_local=20260824_183438
marker=2026-08-24 15:48:59.551
preferred_prev_pid=-1
note=best-effort; buffers may be overwritten before next start
sdk=36
device=Google Pixel 9a
appId=com.negi.survey
versionName=0.0.1
versionCode=1

=== Logcat (since marker) ===
--------- beginning of system
08-24 15:49:25.165 26279 26279 D InsetsController: show(ime())
08-24 15:49:25.167 26279 26279 D InsetsController: Setting requestedVisibleTypes to 511 (was 503)
08-24 15:49:25.196 26279 26279 D InsetsController: show(ime())
08-24 15:49:30.611 26279 26279 D InsetsController: hide(ime())
08-24 15:49:30.612 26279 26279 D InsetsController: Setting requestedVisibleTypes to 503 (was 511)
08-24 15:49:37.830 26279 26279 D InsetsController: show(ime())
08-24 15:49:37.830 26279 26279 D InsetsController: Setting requestedVisibleTypes to 511 (was 503)
08-24 15:49:37.842 26279 26279 D InsetsController: show(ime())
08-24 15:49:41.374 26279 26279 D InsetsController: hide(ime())
08-24 15:49:41.374 26279 26279 D InsetsController: Setting requestedVisibleTypes to 503 (was 511)
08-24 15:49:41.375 26279 26279 D InsetsController: hide(ime())
08-24 15:49:45.032 26279 26279 D InsetsController: show(ime())
08-24 15:49:45.033 26279 26279 D InsetsController: Setting requestedVisibleTypes to 511 (was 503)
08-24 15:49:45.034 26279 26279 D InsetsController: show(ime())
08-24 15:49:48.509 26279 26279 D InsetsController: hide(ime())
08-24 15:49:48.510 26279 26279 D InsetsController: Setting requestedVisibleTypes to 503 (was 511)
08-24 15:49:54.442 26279 26279 D InsetsController: show(ime())
08-24 15:49:54.442 26279 26279 D InsetsController: Setting requestedVisibleTypes to 511 (was 503)
08-24 15:49:54.448 26279 26279 D InsetsController: show(ime())
08-24 15:49:57.027 26279 26279 D InsetsController: hide(ime())
08-24 15:49:57.028 26279 26279 D InsetsController: Setting requestedVisibleTypes to 503 (was 511)
08-24 15:49:57.029 26279 26279 D InsetsController: hide(ime())
08-24 15:50:01.785 26279 26279 D InsetsController: show(ime())
08-24 15:50:01.786 26279 26279 D InsetsController: Setting requestedVisibleTypes to 511 (was 503)
08-24 15:50:01.787 26279 26279 D InsetsController: show(ime())
08-24 15:50:11.141 26279 26279 D InsetsController: hide(ime())
08-24 15:50:11.143 26279 26279 D InsetsController: Setting requestedVisibleTypes to 503 (was 511)
08-24 15:50:15.635 26279 26279 D InsetsController: show(ime())
08-24 15:50:15.635 26279 26279 D InsetsController: Setting requestedVisibleTypes to 511 (was 503)
08-24 15:50:15.650 26279 26279 D InsetsController: show(ime())
08-24 15:50:21.773 26279 26279 D InsetsController: hide(ime())
08-24 15:50:21.774 26279 26279 D InsetsController: Setting requestedVisibleTypes to 503 (was 511)
08-24 15:50:26.234 26279 26279 D InsetsController: show(ime())
08-24 15:50:26.234 26279 26279 D InsetsController: Setting requestedVisibleTypes to 511 (was 503)
08-24 15:50:26.249 26279 26279 D InsetsController: show(ime())
08-24 15:50:31.941 26279 26279 D InsetsController: hide(ime())
08-24 15:50:31.941 26279 26279 D InsetsController: Setting requestedVisibleTypes to 503 (was 511)
08-24 15:50:31.942 26279 26279 D InsetsController: hide(ime())
08-24 17:05:08.838 26279 26279 D InsetsController: show(ime())
08-24 17:05:08.838 26279 26279 D InsetsController: Setting requestedVisibleTypes to 511 (was 503)
08-24 17:05:08.844 26279 26279 D InsetsController: show(ime())
08-24 17:05:09.527 26279 26279 D InsetsController: hide(ime())
08-24 17:05:09.528 26279 26279 D InsetsController: Setting requestedVisibleTypes to 503 (was 511)
08-24 17:08:28.891 26279 26279 D InsetsController: show(ime())
08-24 17:08:28.892 26279 26279 D InsetsController: Setting requestedVisibleTypes to 511 (was 503)
08-24 17:08:28.919 26279 26279 D InsetsController: show(ime())
08-24 17:08:32.180 26279 26279 D InsetsController: hide(ime())
08-24 17:08:32.181 26279 26279 D InsetsController: Setting requestedVisibleTypes to 503 (was 511)
08-24 17:08:39.077 26279 26279 D InsetsController: show(ime())
08-24 17:08:39.077 26279 26279 D InsetsController: Setting requestedVisibleTypes to 511 (was 503)
08-24 17:08:39.092 26279 26279 D InsetsController: show(ime())
08-24 17:08:41.485 26279 26279 D InsetsController: hide(ime())
08-24 17:08:41.486 26279 26279 D InsetsController: Setting requestedVisibleTypes to 503 (was 511)
08-24 17:08:41.487 26279 26279 D InsetsController: hide(ime())
--------- beginning of main
08-24 18:34:35.993 29759 29759 I Zygote  : Process 29759 created for com.negi.survey
08-24 18:34:35.994 29759 29759 I com.negi.survey: Using CollectorTypeCMC GC.
08-24 18:34:35.999 29759 29759 D nativeloader: Load libframework-connectivity-tiramisu-jni.so using APEX ns com_android_tethering for caller /apex/com.android.tethering/javalib/framework-connectivity-t.jar: ok
08-24 18:34:36.019 29759 29759 D ApplicationLoaders: Returning zygote-cached class loader: /system_ext/framework/androidx.window.extensions.jar
08-24 18:34:36.019 29759 29759 D ApplicationLoaders: Returning zygote-cached class loader: /system_ext/framework/androidx.window.sidecar.jar
08-24 18:34:36.030 29759 29759 D nativeloader: Configuring clns-9 for other apk /data/app/~~nbS9n8wQb70nhcThgf1nrw==/com.negi.survey-oIfl5ttdAJdtC6vnk6EjJw==/base.apk. target_sdk_version=36, uses_libraries=libOpenCL.so:libOpenCL-pixel.so, library_path=/data/app/~~nbS9n8wQb70nhcThgf1nrw==/com.negi.survey-oIfl5ttdAJdtC6vnk6EjJw==/lib/arm64:/data/app/~~nbS9n8wQb70nhcThgf1nrw==/com.negi.survey-oIfl5ttdAJdtC6vnk6EjJw==/base.apk!/lib/arm64-v8a, permitted_path=/data:/mnt/expand:/data/user/0/com.negi.survey
08-24 18:34:36.035 29759 29759 V GraphicsEnvironment: Currently set values for:
08-24 18:34:36.035 29759 29759 V GraphicsEnvironment:   angle_gl_driver_selection_pkgs=[com.android.angle]
08-24 18:34:36.035 29759 29759 V GraphicsEnvironment:   angle_gl_driver_selection_values=[angle]
08-24 18:34:36.035 29759 29759 V GraphicsEnvironment: com.negi.survey is not listed in per-application setting
08-24 18:34:36.035 29759 29759 V GraphicsEnvironment: No special selections for ANGLE, returning default driver choice
08-24 18:34:36.035 29759 29759 V GraphicsEnvironment: Neither updatable production driver nor prerelease driver is supported.
08-24 18:34:36.043 29759 29759 D nativeloader: Load /data/app/~~nbS9n8wQb70nhcThgf1nrw==/com.negi.survey-oIfl5ttdAJdtC6vnk6EjJw==/base.apk!/lib/arm64-v8a/liblitertlm_jni.so using class loader ns clns-9 (caller=/data/app/~~nbS9n8wQb70nhcThgf1nrw==/com.negi.survey-oIfl5ttdAJdtC6vnk6EjJw==/base.apk!classes4.dex): ok
08-24 18:34:36.044 29759 29759 D SurveyApp: Loaded LiteRTLM JNI: litertlm_jni where=attachBaseContext
08-24 18:34:36.049 29759 29759 D AppRingLogStore: installed: dir=/data/user/0/com.negi.survey/files/diagnostics/applog_ring idx=0
08-24 18:34:36.049 29759 29759 D CrashCapture: install: ensured default handler. where=SurveyApp:attachBaseContext pid=29759 default=com.negi.survey.CrashCapture$CrashHandler@20b6291
08-24 18:34:36.052 29759 29776 D RuntimeLogStore: openWriter: start -> /data/user/0/com.negi.survey/files/diagnostics/runtime_logs/rtlog_20260825_013436_048_pid29759_seq1.log (bytes=0 format=LEGACY)
08-24 18:34:36.055 29759 29776 D RuntimeLogStore: retention: start files=7 kept=7 totalBytes=130279
08-24 18:34:36.057 29759 29759 D SurveyApp: LiteRTLM JNI already loaded; skip. where=onCreate(retry)
08-24 18:34:36.058 29759 29759 D CrashCapture: install: ensured default handler. where=SurveyApp:onCreate(rewrap) pid=29759 default=com.negi.survey.CrashCapture$CrashHandler@20b6291
08-24 18:34:36.058 29759 29759 D CrashCapture: registerSelfHealing: ActivityLifecycleCallbacks registered. mode=onResumedOnly
08-24 18:34:36.064 29759 29781 I DisplayManager: Choreographer implicitly registered for the refresh rate.
08-24 18:34:36.064 29759 29780 D UploadRescheduleRcvr: Skip GitHub reschedule: missing credentials.
08-24 18:34:36.064 29759 29780 D UploadRescheduleRcvr: Skip runtime logs upload: missing GitHub credentials.
08-24 18:34:36.066 29759 29781 D vulkan  : searching for layers in '/data/app/~~nbS9n8wQb70nhcThgf1nrw==/com.negi.survey-oIfl5ttdAJdtC6vnk6EjJw==/lib/arm64'
08-24 18:34:36.066 29759 29781 D vulkan  : searching for layers in '/data/app/~~nbS9n8wQb70nhcThgf1nrw==/com.negi.survey-oIfl5ttdAJdtC6vnk6EjJw==/base.apk!/lib/arm64-v8a'
08-24 18:34:36.067 29759 29759 D DesktopExperienceFlags: Toggle override initialized to: false
08-24 18:34:36.078 29759 29759 D CompatChangeReporter: Compat change id reported: 377864165; UID 14749; state: ENABLED
08-24 18:34:36.078 29759 29759 D DesktopModeFlags: Toggle override initialized to: OVERRIDE_UNSET
08-24 18:34:36.084 29759 29759 I ContentCaptureHelper: Setting logging level to OFF
08-24 18:34:36.085 29759 29759 D CrashCapture: install: ensured default handler. where=selfHeal:onActivityResumed pid=29759 default=com.negi.survey.CrashCapture$CrashHandler@20b6291
08-24 18:34:36.142 29759 29759 D WindowOnBackDispatcher: setTopOnBackInvokedCallback (unwrapped): android.app.Activity$$ExternalSyntheticLambda0@d077efd
08-24 18:34:36.177 29759 29759 D VRI[MainActivity]: WindowInsets changed: 1080x2424 statusBars:[0,152,0,0] navigationBars:[0,0,0,69] mandatorySystemGestures:[0,187,0,92] 
08-24 18:34:36.181 29759 29759 I HWUI    : Using FreeType backend (prop=Auto)
08-24 18:34:36.386 29759 29759 D IntroScreen: Resolved config details: id=survey_config10.yaml in 22ms
08-24 18:34:36.417 29759 29759 D InsetsController: hide(ime())
08-24 18:34:36.417 29759 29759 I ImeTracker: com.negi.survey:86d004c1: onCancelled at PHASE_CLIENT_ALREADY_HIDDEN
08-24 18:34:38.573 29759 29759 D WM-PackageManagerHelper: Skipping component enablement for androidx.work.impl.background.systemjob.SystemJobService
08-24 18:34:38.573 29759 29759 D WM-Schedulers: Created SystemJobScheduler and enabled SystemJobService
08-24 18:34:38.576 29759 29849 D WM-ForceStopRunnable: Is default app process = true
08-24 18:34:38.576 29759 29849 D WM-ForceStopRunnable: Performing cleanup operations.
08-24 18:34:38.584 29759 29851 D CrashCapture: enqueuePendingCrashUploadsIfPossible enter where=SurveyApp:enqueuePending(immediate):bg pid=29759 thread=CrashCapture-Enqueue
08-24 18:34:38.599 29759 29849 D WM-ForceStopRunnable: Application was force-stopped, rescheduling.
08-24 18:34:38.609 29759 29849 D WM-PackageManagerHelper: Skipping component enablement for androidx.work.impl.background.systemalarm.RescheduleReceiver
