=== RuntimeLogStore Header ===
ts=2026-09-23T19:35:11.343Z
fileNameFormat=LEGACY
appId=com.negi.survey
versionName=0.0.1
versionCode=1
debug=true
device=Google Pixel 9a
sdk=36
pid=10420
==============================
2026-09-23T19:35:11.343Z I/RuntimeLogStore [rtlog-io] start: actor launched (fileNameFormat=LEGACY)
2026-09-23T19:35:11.339Z D/SurveyApp [main] attachBaseContext: pid=10420 process=com.negi.survey isMain=true sdk=36
2026-09-23T19:35:11.340Z D/SurveyApp [main] bootTiming: attachBaseContext total=58ms
2026-09-23T19:35:11.340Z D/SurveyApp [main] Skipping WorkManager init in attachBaseContext; will init lazily on first enqueue.
2026-09-23T19:35:11.342Z D/SurveyApp [main] CrashCapture installed: where=SurveyApp:attachBaseContext
2026-09-23T19:35:11.354Z I/RuntimeLogStore [main] start repair: ctx/dir refreshed
2026-09-23T19:35:11.354Z D/SurveyApp [main] bootTiming: RuntimeLogStore.start took=1ms
2026-09-23T19:35:11.354Z D/SurveyApp [main] bootTiming: AppRingLogStore.install took=0ms
2026-09-23T19:35:11.354Z D/SurveyApp [main] onCreate: pid=10420 process=com.negi.survey isMain=true sdk=36
2026-09-23T19:35:11.359Z D/SurveyApp [main] CrashCapture installed: where=SurveyApp:onCreate(rewrap)
2026-09-23T19:35:11.359Z D/SurveyApp [main] CrashCapture self-healing registered.
2026-09-23T19:35:11.359Z W/SurveyApp [main] Startup enqueues deferred: delay=2500ms (to reduce init contention)
2026-09-23T19:35:11.360Z D/SurveyApp [main] bootTiming: onCreate total=6ms
2026-09-23T19:35:13.862Z W/SurveyApp [main] Deferred startup enqueues begin...
2026-09-23T19:35:13.862Z D/SurveyApp [main] WorkManager available. where=startupRtLogs(immediate) took=0ms
2026-09-23T19:35:13.866Z D/SurveyApp [main] Startup runtime logs target -> owner=ishizuki-tech repo=SurveyExports branch=main base='/diagnostics/runtime_logs'
2026-09-23T19:35:13.880Z D/SurveyApp [main] Startup runtime logs: enqueue requested (immediate).
2026-09-23T19:35:13.880Z D/SurveyApp [main] WorkManager available. where=startupRingLogs(immediate) took=0ms
2026-09-23T19:35:13.881Z D/SurveyApp [main] Startup ring logs target -> owner=ishizuki-tech repo=SurveyExports branch=main base='/diagnostics/applog_ring'
2026-09-23T19:35:13.882Z D/SurveyApp [main] Startup ring logs: enqueue requested (immediate).
2026-09-23T19:35:13.882Z D/SurveyApp [main] WorkManager available. where=enqueuePending(immediate) took=0ms
2026-09-23T19:35:13.883Z D/SurveyApp [main] CrashCapture pending uploads requested (immediate).
2026-09-23T19:35:13.883Z W/SurveyApp [main] Deferred startup enqueues done: took=21ms
2026-09-23T19:35:15.248Z I/RuntimeLogStore [DefaultDispatcher-worker-4] start repair: ctx/dir refreshed
