=== RuntimeLogStore Header ===
ts=2026-08-31T01:20:21.286Z
fileNameFormat=LEGACY
appId=com.negi.survey
versionName=0.0.1
versionCode=1
debug=true
device=Google Pixel 9a
sdk=36
pid=6466
==============================
2026-08-31T01:20:21.287Z I/RuntimeLogStore [rtlog-io] start: actor launched (fileNameFormat=LEGACY)
2026-08-31T01:20:21.216Z D/SurveyApp [main] attachBaseContext: pid=6466 process=com.negi.survey isMain=true sdk=36
2026-08-31T01:20:21.217Z D/SurveyApp [main] bootTiming: attachBaseContext total=63ms
2026-08-31T01:20:21.217Z D/SurveyApp [main] Skipping WorkManager init in attachBaseContext; will init lazily on first enqueue.
2026-08-31T01:20:21.221Z D/SurveyApp [main] CrashCapture installed: where=SurveyApp:attachBaseContext
2026-08-31T01:20:21.289Z I/RuntimeLogStore [main] start repair: ctx/dir refreshed
2026-08-31T01:20:21.289Z D/SurveyApp [main] bootTiming: RuntimeLogStore.start took=0ms
2026-08-31T01:20:21.289Z D/SurveyApp [main] bootTiming: AppRingLogStore.install took=0ms
2026-08-31T01:20:21.289Z D/SurveyApp [main] onCreate: pid=6466 process=com.negi.survey isMain=true sdk=36
2026-08-31T01:20:21.295Z D/SurveyApp [main] CrashCapture installed: where=SurveyApp:onCreate(rewrap)
2026-08-31T01:20:21.295Z D/SurveyApp [main] CrashCapture self-healing registered.
2026-08-31T01:20:21.295Z W/SurveyApp [main] Startup enqueues deferred: delay=2500ms (to reduce init contention)
2026-08-31T01:20:21.295Z D/SurveyApp [main] bootTiming: onCreate total=6ms
2026-08-31T01:20:21.363Z I/RuntimeLogStore [DefaultDispatcher-worker-1] start repair: ctx/dir refreshed
2026-08-31T01:20:23.441Z I/RuntimeLogStore [DefaultDispatcher-worker-1] start repair: ctx/dir refreshed
