=== Previous Session Logcat ===
captured_time_utc=20260915_222458
captured_time_local=20260915_152458
marker=2026-09-15 14:59:06.163
preferred_prev_pid=-1
note=best-effort; buffers may be overwritten before next start
sdk=36
device=Google Pixel 9a
appId=com.negi.survey
versionName=0.0.1
versionCode=1

=== Logcat (since marker) ===
--------- beginning of system
09-15 14:59:06.842 28548 28548 W NotificationManager: Shedding notify (update) of NotificationKey[user=UserHandle{0}, pkg=com.negi.survey, tag=null, id=8603], rate limit (5.0) exceeded: input 9.678643, output would be 6.7849
09-15 14:59:08.514 28548 28548 W NotificationManager: Shedding notify (update) of NotificationKey[user=UserHandle{0}, pkg=com.negi.survey, tag=null, id=6007], rate limit (5.0) exceeded: input 10.955344, output would be 5.8100643
09-15 14:59:11.414 28548 28548 W NotificationManager: Shedding notify (update) of NotificationKey[user=UserHandle{0}, pkg=com.negi.survey, tag=null, id=10864], rate limit (5.0) exceeded: input 8.862388, output would be 5.703992
09-15 15:05:44.248 28548 28766 I DisplayManager: Choreographer implicitly registered for the refresh rate.
09-15 15:05:44.659 28548 28548 D InsetsController: hide(ime())
09-15 15:07:05.441 28548 28548 D InsetsController: show(ime())
09-15 15:07:05.442 28548 28548 D InsetsController: Setting requestedVisibleTypes to 511 (was 503)
09-15 15:07:05.472 28548 28548 D InsetsController: show(ime())
09-15 15:07:07.040 28548 28548 D InsetsController: show(ime())
09-15 15:07:07.040 28548 28548 D InsetsController: show(ime())
09-15 15:07:07.706 28548 28548 D InsetsController: show(ime())
09-15 15:07:07.707 28548 28548 D InsetsController: show(ime())
09-15 15:07:08.170 28548 28548 D InsetsController: show(ime())
09-15 15:07:08.170 28548 28548 D InsetsController: show(ime())
09-15 15:07:08.423 28548 28548 D InsetsController: show(ime())
09-15 15:07:08.434 28548 28548 D InsetsController: show(ime())
09-15 15:07:08.635 28548 28548 D InsetsController: show(ime())
09-15 15:07:08.636 28548 28548 D InsetsController: show(ime())
09-15 15:07:08.877 28548 28548 D InsetsController: show(ime())
09-15 15:07:08.885 28548 28548 D InsetsController: show(ime())
09-15 15:07:09.267 28548 28548 D InsetsController: show(ime())
09-15 15:07:09.268 28548 28548 D InsetsController: show(ime())
09-15 15:07:09.495 28548 28548 D InsetsController: show(ime())
09-15 15:07:09.507 28548 28548 D InsetsController: show(ime())
09-15 15:07:09.719 28548 28548 D InsetsController: show(ime())
09-15 15:07:09.719 28548 28548 D InsetsController: show(ime())
09-15 15:07:10.042 28548 28548 D InsetsController: show(ime())
09-15 15:07:10.098 28548 28548 D InsetsController: show(ime())
09-15 15:07:10.735 28548 28548 D InsetsController: hide(ime())
09-15 15:07:10.736 28548 28548 D InsetsController: Setting requestedVisibleTypes to 503 (was 511)
--------- beginning of main
09-15 15:24:54.799 29396 29396 I Zygote  : Process 29396 created for com.negi.survey
09-15 15:24:54.800 29396 29396 I com.negi.survey: Late-enabling -Xcheck:jni
09-15 15:24:54.882 29396 29396 I com.negi.survey: Using CollectorTypeCMC GC.
09-15 15:24:54.907 29396 29396 D nativeloader: Load libframework-connectivity-tiramisu-jni.so using APEX ns com_android_tethering for caller /apex/com.android.tethering/javalib/framework-connectivity-t.jar: ok
09-15 15:24:54.972 29396 29396 D ApplicationLoaders: Returning zygote-cached class loader: /system_ext/framework/androidx.window.extensions.jar
09-15 15:24:54.973 29396 29396 D ApplicationLoaders: Returning zygote-cached class loader: /system_ext/framework/androidx.window.sidecar.jar
09-15 15:24:55.635 29396 29396 D nativeloader: Configuring clns-9 for other apk /data/app/~~WW7JVSsdsjLH6-DHq5kK7g==/com.negi.survey-Y8yzSw_xOmHFPT6VsyWQSQ==/base.apk. target_sdk_version=36, uses_libraries=libOpenCL.so:libOpenCL-pixel.so, library_path=/data/app/~~WW7JVSsdsjLH6-DHq5kK7g==/com.negi.survey-Y8yzSw_xOmHFPT6VsyWQSQ==/lib/arm64:/data/app/~~WW7JVSsdsjLH6-DHq5kK7g==/com.negi.survey-Y8yzSw_xOmHFPT6VsyWQSQ==/base.apk!/lib/arm64-v8a, permitted_path=/data:/mnt/expand:/data/user/0/com.negi.survey
09-15 15:24:55.643 29396 29396 V GraphicsEnvironment: Currently set values for:
09-15 15:24:55.643 29396 29396 V GraphicsEnvironment:   angle_gl_driver_selection_pkgs=[com.android.angle]
09-15 15:24:55.643 29396 29396 V GraphicsEnvironment:   angle_gl_driver_selection_values=[angle]
09-15 15:24:55.643 29396 29396 V GraphicsEnvironment: com.negi.survey is not listed in per-application setting
09-15 15:24:55.643 29396 29396 V GraphicsEnvironment: No special selections for ANGLE, returning default driver choice
09-15 15:24:55.643 29396 29396 V GraphicsEnvironment: Neither updatable production driver nor prerelease driver is supported.
09-15 15:24:55.680 29396 29396 D nativeloader: Load /data/app/~~WW7JVSsdsjLH6-DHq5kK7g==/com.negi.survey-Y8yzSw_xOmHFPT6VsyWQSQ==/base.apk!/lib/arm64-v8a/liblitertlm_jni.so using class loader ns clns-9 (caller=/data/app/~~WW7JVSsdsjLH6-DHq5kK7g==/com.negi.survey-Y8yzSw_xOmHFPT6VsyWQSQ==/base.apk!classes10.dex): ok
09-15 15:24:55.680 29396 29396 D SurveyApp: Loaded LiteRTLM JNI: litertlm_jni where=attachBaseContext
09-15 15:24:55.707 29396 29396 D AppRingLogStore: installed: dir=/data/user/0/com.negi.survey/files/diagnostics/applog_ring idx=0
09-15 15:24:55.707 29396 29396 D SurveyApp: attachBaseContext: pid=29396 process=com.negi.survey isMain=true sdk=36
09-15 15:24:55.708 29396 29396 D SurveyApp: bootTiming: attachBaseContext total=57ms
09-15 15:24:55.708 29396 29396 D SurveyApp: Skipping WorkManager init in attachBaseContext; will init lazily on first enqueue.
09-15 15:24:55.711 29396 29396 D CrashCapture: install: ensured default handler. where=SurveyApp:attachBaseContext pid=29396 default=com.negi.survey.CrashCapture$CrashHandler@6d64be
09-15 15:24:55.711 29396 29396 D SurveyApp: CrashCapture installed: where=SurveyApp:attachBaseContext
09-15 15:24:55.726 29396 29396 E com.negi.survey: hiddenapi: Accessing hidden method Landroid/net/ssl/EchConfigMismatchException;->getRetryConfigList()Landroid/net/ssl/EchConfigList; (runtime_flags=0, domain=core-platform, api=blocked) from /data/app/~~WW7JVSsdsjLH6-DHq5kK7g==/com.negi.survey-Y8yzSw_xOmHFPT6VsyWQSQ==/base.apk!classes17.dex (domain=app, TargetSdkVersion=36) using linking: denied
09-15 15:24:55.726 29396 29396 E com.negi.survey: hiddenapi: Accessing hidden method Landroid/net/ssl/EchConfigList;->toBytes()[B (runtime_flags=0, domain=core-platform, api=blocked) from /data/app/~~WW7JVSsdsjLH6-DHq5kK7g==/com.negi.survey-Y8yzSw_xOmHFPT6VsyWQSQ==/base.apk!classes17.dex (domain=app, TargetSdkVersion=36) using linking: denied
09-15 15:24:55.727 29396 29396 E com.negi.survey: hiddenapi: Accessing hidden method Landroid/net/ssl/EchConfigList;->fromBytes([B)Landroid/net/ssl/EchConfigList; (runtime_flags=0, domain=core-platform, api=blocked) from /data/app/~~WW7JVSsdsjLH6-DHq5kK7g==/com.negi.survey-Y8yzSw_xOmHFPT6VsyWQSQ==/base.apk!classes17.dex (domain=app, TargetSdkVersion=36) using linking: denied
09-15 15:24:55.727 29396 29396 E com.negi.survey: hiddenapi: Accessing hidden method Landroid/net/ssl/SSLSockets;->setEchConfigList(Ljavax/net/ssl/SSLSocket;Landroid/net/ssl/EchConfigList;)V (runtime_flags=0, domain=core-platform, api=blocked) from /data/app/~~WW7JVSsdsjLH6-DHq5kK7g==/com.negi.survey-Y8yzSw_xOmHFPT6VsyWQSQ==/base.apk!classes17.dex (domain=app, TargetSdkVersion=36) using linking: denied
09-15 15:24:55.750 29396 29396 D SurveyApp: LiteRTLM JNI already loaded; skip. where=onCreate(retry)
09-15 15:24:55.750 29396 29396 D SurveyApp: bootTiming: RuntimeLogStore.start took=1ms
09-15 15:24:55.750 29396 29396 D SurveyApp: bootTiming: AppRingLogStore.install took=0ms
09-15 15:24:55.751 29396 29396 D SurveyApp: onCreate: pid=29396 process=com.negi.survey isMain=true sdk=36
09-15 15:24:55.753 29396 29463 D RuntimeLogStore: openWriter: start -> /data/user/0/com.negi.survey/files/diagnostics/runtime_logs/rtlog_20260915_222455_698_pid29396_seq1.log (bytes=0 format=LEGACY)
09-15 15:24:55.759 29396 29463 D RuntimeLogStore: retention: start files=2 kept=2 totalBytes=8870
09-15 15:24:55.761 29396 29396 D CrashCapture: install: ensured default handler. where=SurveyApp:onCreate(rewrap) pid=29396 default=com.negi.survey.CrashCapture$CrashHandler@6d64be
09-15 15:24:55.761 29396 29396 D SurveyApp: CrashCapture installed: where=SurveyApp:onCreate(rewrap)
09-15 15:24:55.761 29396 29396 D CrashCapture: registerSelfHealing: ActivityLifecycleCallbacks registered. mode=onResumedOnly
09-15 15:24:55.761 29396 29396 D SurveyApp: CrashCapture self-healing registered.
09-15 15:24:55.761 29396 29396 W SurveyApp: Startup enqueues deferred: delay=2500ms (to reduce init contention)
09-15 15:24:55.762 29396 29396 D SurveyApp: bootTiming: onCreate total=12ms
09-15 15:24:55.859 29396 29465 D UploadRescheduleRcvr: No GitHub pending files for action=android.intent.action.MY_PACKAGE_REPLACED
09-15 15:24:55.935 29396 29465 D github_upload: enqueueStartupRuntimeLogsUpload: uniqueName=upload_runtime_logs_startup policy=KEEP session=startup_runtime_20260915_222455_fd950594
09-15 15:24:56.097 29396 29465 D WM-PackageManagerHelper: Skipping component enablement for androidx.work.impl.background.systemjob.SystemJobService
09-15 15:24:56.098 29396 29465 D WM-Schedulers: Created SystemJobScheduler and enabled SystemJobService
09-15 15:24:56.138 29396 29475 D WM-ForceStopRunnable: Is default app process = true
09-15 15:24:56.140 29396 29475 D WM-ForceStopRunnable: Performing cleanup operations.
09-15 15:24:56.173 29396 29465 D UploadRescheduleRcvr: Enqueued runtime logs upload for action=android.intent.action.MY_PACKAGE_REPLACED reason=receiver_my_package_replaced
09-15 15:24:56.345 29396 29475 D WM-SystemJobScheduler: Reconciling jobs
09-15 15:24:56.412 29396 29475 D WM-ForceStopRunnable: Found unfinished work, scheduling it.
09-15 15:24:56.559 29396 29503 D WM-SystemJobScheduler: Scheduling work ID 194773fa-e228-453c-b35d-6fa6823a3f91Job ID 24
09-15 15:24:56.571 29396 29503 D WM-GreedyScheduler: Starting tracking for 194773fa-e228-453c-b35d-6fa6823a3f91
09-15 15:24:56.579 29396 29396 D WM-SystemJobService: onStartJob for WorkGenerationalId(workSpecId=194773fa-e228-453c-b35d-6fa6823a3f91, generation=0)
09-15 15:24:56.616 29396 29504 D WM-Processor: Processor: processing WorkGenerationalId(workSpecId=194773fa-e228-453c-b35d-6fa6823a3f91, generation=0)
09-15 15:24:56.664 29396 29396 D WM-WorkerWrapper: Starting work for com.negi.survey.net.GitHubUploadWorker
09-15 15:24:56.669 29396 29504 D WM-WorkConstraintsTrack: NetworkRequestConstraintController register shared callback
09-15 15:24:56.707 29396 29504 D WM-PackageManagerHelper: androidx.work.impl.background.systemalarm.RescheduleReceiver enabled
09-15 15:24:56.709 29396 29505 D WM-WorkConstraintsTrack: NetworkRequestConstraintController onCapabilitiesChanged callback
09-15 15:24:56.709 29396 29505 D WM-WorkConstraintsTrack: Not dispatching constraint state yet: isBlocked=null, capabilitiesInitialized=true
09-15 15:24:56.709 29396 29505 D WM-WorkConstraintsTrack: NetworkRequestConstraintController onBlockedStatusChanged callback false
09-15 15:24:56.723 29396 29504 I WM-Processor: Moving WorkSpec (194773fa-e228-453c-b35d-6fa6823a3f91) to the foreground
09-15 15:24:56.752 29396 29396 I WM-SystemFgDispatcher: Started foreground service Intent { act=ACTION_START_FOREGROUND xflg=0x4 cmp=com.negi.survey/androidx.work.impl.foreground.SystemForegroundService (has extras) }
09-15 15:24:56.753 29396 29396 D WM-SystemFgDispatcher: Notifying with (id:8816, workSpecId: 194773fa-e228-453c-b35d-6fa6823a3f91, notificationType :1)
09-15 15:24:56.756 29396 29504 D WM-GreedyScheduler: Constraints met: Scheduling work ID WorkGenerationalId(workSpecId=194773fa-e228-453c-b35d-6fa6823a3f91, generation=0)
09-15 15:24:56.756 29396 29396 D WM-SystemFgDispatcher: Notifying with (id:8816, workSpecId: 194773fa-e228-453c-b35d-6fa6823a3f91, notificationType :1)
09-15 15:24:56.759 29396 29504 D WM-WorkProgressUpdater: Updating progress for 194773fa-e228-453c-b35d-6fa6823a3f91 (Data {pct : 3, mode : startup_runtime_logs})
09-15 15:24:56.783 29396 29504 I WM-Processor: Moving WorkSpec (194773fa-e228-453c-b35d-6fa6823a3f91) to the foreground
09-15 15:24:56.787 29396 29396 D WM-SystemFgDispatcher: Notifying with (id:8816, workSpecId: 194773fa-e228-453c-b35d-6fa6823a3f91, notificationType :1)
09-15 15:24:56.789 29396 29504 D WM-Processor: Work WorkGenerationalId(workSpecId=194773fa-e228-453c-b35d-6fa6823a3f91, generation=0) is already enqueued for processing
09-15 15:24:56.791 29396 29504 D WM-WorkConstraintsTrack: NetworkRequestConstraintController send initial capabilities
09-15 15:24:57.976 29396 29463 D RuntimeLogStore: openWriter: rotate:plain_snapshot:receiver_my_package_repl -> /data/user/0/com.negi.survey/files/diagnostics/runtime_logs/rtlog_20260915_222457_973_pid29396_seq2.log (bytes=0 format=LEGACY)
09-15 15:24:57.980 29396 29463 D RuntimeLogStore: retention: rotate:plain_snapshot:receiver_my_package_repl files=3 kept=3 totalBytes=10580
09-15 15:24:58.017 29396 29465 D github_upload: doRuntimeLogsUpload: remoteBaseDir=diagnostics/runtime_logs/2026-09-15/runtime_logs_startup_runtime_20260915_222455_fd950594_receiver_my_package_repl toUpload=2 bytes=10244 dedupe=true deleteSource=true deletedSourcePre=0 preview='runtime_log_20260915_222457_987_pid29396_receiver_my_package_repl__rtlog_20260915_222455_698_pid29396_seq1.log|runtime_log_20260915_222457_987_pid29396_receiver_my_package_repl__rtlog_20260915_215905_620_pid28548_seq2.log'
09-15 15:24:58.028 29396 29465 D GitHubUploader: uploadStream: owner=ishizuki-tech repo=SurveyExports branch=main path=diagnostics/runtime_logs/2026-09-15/runtime_logs_startup_runtime_20260915_222455_fd950594_receiver_my_package_repl/runtime_log_20260915_222457_987_pid29396_receiver_my_package_repl__rtlog_20260915_222455_698_pid29396_seq1.log size=1691 maxRawBytesHint=1000000 maxRequestBytesHint=2800000
09-15 15:24:58.030 29396 29503 D WM-WorkProgressUpdater: Updating progress for 194773fa-e228-453c-b35d-6fa6823a3f91 (Data {pct : 10, mode : startup_runtime_logs})
09-15 15:24:58.051 29396 29503 I WM-Processor: Moving WorkSpec (194773fa-e228-453c-b35d-6fa6823a3f91) to the foreground
09-15 15:24:58.057 29396 29396 D WM-SystemFgDispatcher: Notifying with (id:8816, workSpecId: 194773fa-e228-453c-b35d-6fa6823a3f91, notificationType :1)
09-15 15:24:58.263 29396 29396 W SurveyApp: Deferred startup enqueues begin...
09-15 15:24:58.265 29396 29396 D SurveyApp: WorkManager available. where=startupRtLogs(immediate) took=0ms
09-15 15:24:58.278 29396 29396 D SurveyApp: Startup runtime logs target -> owner=ishizuki-tech repo=SurveyExports branch=main base='/diagnostics/runtime_logs'
09-15 15:24:58.285 29396 29396 D github_upload: enqueueStartupRuntimeLogsUpload: uniqueName=upload_runtime_logs_startup policy=KEEP session=startup_runtime_20260915_222458_292fa28d
09-15 15:24:58.286 29396 29396 D SurveyApp: Startup runtime logs: enqueue requested (immediate).
09-15 15:24:58.286 29396 29396 D SurveyApp: WorkManager available. where=startupRingLogs(immediate) took=0ms
09-15 15:24:58.295 29396 29396 D SurveyApp: Startup ring logs target -> owner=ishizuki-tech repo=SurveyExports branch=main base='/diagnostics/applog_ring'
09-15 15:24:58.300 29396 29396 D github_upload: enqueueStartupRingLogsUpload: uniqueName=upload_ring_logs_startup policy=KEEP session=startup_ring_20260915_222458_288f153b
09-15 15:24:58.301 29396 29396 D SurveyApp: Startup ring logs: enqueue requested (immediate).
09-15 15:24:58.302 29396 29396 D SurveyApp: WorkManager available. where=enqueuePending(immediate) took=0ms
09-15 15:24:58.303 29396 29396 D SurveyApp: CrashCapture pending uploads requested (immediate).
09-15 15:24:58.304 29396 29396 W SurveyApp: Deferred startup enqueues done: took=41ms
09-15 15:24:58.304 29396 29514 D CrashCapture: enqueuePendingCrashUploadsIfPossible enter where=SurveyApp:enqueuePending(immediate):bg pid=29396 thread=CrashCapture-Enqueue
09-15 15:24:58.398 29396 29504 D WM-SystemJobScheduler: Scheduling work ID 905a2884-2d08-42b2-bca0-9fa2d5812765Job ID 25
