=== Previous Session Logcat ===
captured_time_utc=20260915_212826
captured_time_local=20260915_142826
marker=2026-09-15 11:57:27.697
preferred_prev_pid=-1
note=best-effort; buffers may be overwritten before next start
sdk=36
device=Google Pixel 9a
appId=com.negi.survey
versionName=0.0.1
versionCode=1

=== Logcat (since marker) ===
--------- beginning of system
09-15 14:11:17.159 23335 23335 D InsetsController: hide(ime())
--------- beginning of main
09-15 14:28:23.036 27624 27624 I Zygote  : Process 27624 created for com.negi.survey
09-15 14:28:23.037 27624 27624 I com.negi.survey: Late-enabling -Xcheck:jni
09-15 14:28:23.100 27624 27624 I com.negi.survey: Using CollectorTypeCMC GC.
09-15 14:28:23.126 27624 27624 D nativeloader: Load libframework-connectivity-tiramisu-jni.so using APEX ns com_android_tethering for caller /apex/com.android.tethering/javalib/framework-connectivity-t.jar: ok
09-15 14:28:23.221 27624 27624 D ApplicationLoaders: Returning zygote-cached class loader: /system_ext/framework/androidx.window.extensions.jar
09-15 14:28:23.221 27624 27624 D ApplicationLoaders: Returning zygote-cached class loader: /system_ext/framework/androidx.window.sidecar.jar
09-15 14:28:23.760 27624 27624 D nativeloader: Configuring clns-9 for other apk /data/app/~~Altya5CbpOM90EK20I1sfQ==/com.negi.survey-lG6U6Q_Jd80BqoggEaLWYw==/base.apk. target_sdk_version=36, uses_libraries=libOpenCL.so:libOpenCL-pixel.so, library_path=/data/app/~~Altya5CbpOM90EK20I1sfQ==/com.negi.survey-lG6U6Q_Jd80BqoggEaLWYw==/lib/arm64:/data/app/~~Altya5CbpOM90EK20I1sfQ==/com.negi.survey-lG6U6Q_Jd80BqoggEaLWYw==/base.apk!/lib/arm64-v8a, permitted_path=/data:/mnt/expand:/data/user/0/com.negi.survey
09-15 14:28:23.776 27624 27624 V GraphicsEnvironment: Currently set values for:
09-15 14:28:23.776 27624 27624 V GraphicsEnvironment:   angle_gl_driver_selection_pkgs=[com.android.angle]
09-15 14:28:23.776 27624 27624 V GraphicsEnvironment:   angle_gl_driver_selection_values=[angle]
09-15 14:28:23.776 27624 27624 V GraphicsEnvironment: com.negi.survey is not listed in per-application setting
09-15 14:28:23.776 27624 27624 V GraphicsEnvironment: No special selections for ANGLE, returning default driver choice
09-15 14:28:23.776 27624 27624 V GraphicsEnvironment: Neither updatable production driver nor prerelease driver is supported.
09-15 14:28:23.818 27624 27624 D nativeloader: Load /data/app/~~Altya5CbpOM90EK20I1sfQ==/com.negi.survey-lG6U6Q_Jd80BqoggEaLWYw==/base.apk!/lib/arm64-v8a/liblitertlm_jni.so using class loader ns clns-9 (caller=/data/app/~~Altya5CbpOM90EK20I1sfQ==/com.negi.survey-lG6U6Q_Jd80BqoggEaLWYw==/base.apk!classes10.dex): ok
09-15 14:28:23.818 27624 27624 D SurveyApp: Loaded LiteRTLM JNI: litertlm_jni where=attachBaseContext
09-15 14:28:23.849 27624 27624 D AppRingLogStore: installed: dir=/data/user/0/com.negi.survey/files/diagnostics/applog_ring idx=0
09-15 14:28:23.849 27624 27624 D SurveyApp: attachBaseContext: pid=27624 process=com.negi.survey isMain=true sdk=36
09-15 14:28:23.850 27624 27624 D SurveyApp: bootTiming: attachBaseContext total=63ms
09-15 14:28:23.850 27624 27624 D SurveyApp: Skipping WorkManager init in attachBaseContext; will init lazily on first enqueue.
09-15 14:28:23.853 27624 27624 D CrashCapture: install: ensured default handler. where=SurveyApp:attachBaseContext pid=27624 default=com.negi.survey.CrashCapture$CrashHandler@6d64be
09-15 14:28:23.853 27624 27624 D SurveyApp: CrashCapture installed: where=SurveyApp:attachBaseContext
09-15 14:28:23.860 27624 27624 E com.negi.survey: hiddenapi: Accessing hidden method Landroid/net/ssl/EchConfigMismatchException;->getRetryConfigList()Landroid/net/ssl/EchConfigList; (runtime_flags=0, domain=core-platform, api=blocked) from /data/app/~~Altya5CbpOM90EK20I1sfQ==/com.negi.survey-lG6U6Q_Jd80BqoggEaLWYw==/base.apk!classes17.dex (domain=app, TargetSdkVersion=36) using linking: denied
09-15 14:28:23.860 27624 27624 E com.negi.survey: hiddenapi: Accessing hidden method Landroid/net/ssl/EchConfigList;->toBytes()[B (runtime_flags=0, domain=core-platform, api=blocked) from /data/app/~~Altya5CbpOM90EK20I1sfQ==/com.negi.survey-lG6U6Q_Jd80BqoggEaLWYw==/base.apk!classes17.dex (domain=app, TargetSdkVersion=36) using linking: denied
09-15 14:28:23.861 27624 27624 E com.negi.survey: hiddenapi: Accessing hidden method Landroid/net/ssl/EchConfigList;->fromBytes([B)Landroid/net/ssl/EchConfigList; (runtime_flags=0, domain=core-platform, api=blocked) from /data/app/~~Altya5CbpOM90EK20I1sfQ==/com.negi.survey-lG6U6Q_Jd80BqoggEaLWYw==/base.apk!classes17.dex (domain=app, TargetSdkVersion=36) using linking: denied
09-15 14:28:23.861 27624 27624 E com.negi.survey: hiddenapi: Accessing hidden method Landroid/net/ssl/SSLSockets;->setEchConfigList(Ljavax/net/ssl/SSLSocket;Landroid/net/ssl/EchConfigList;)V (runtime_flags=0, domain=core-platform, api=blocked) from /data/app/~~Altya5CbpOM90EK20I1sfQ==/com.negi.survey-lG6U6Q_Jd80BqoggEaLWYw==/base.apk!classes17.dex (domain=app, TargetSdkVersion=36) using linking: denied
09-15 14:28:23.917 27624 27637 D RuntimeLogStore: openWriter: start -> /data/user/0/com.negi.survey/files/diagnostics/runtime_logs/rtlog_20260915_212823_839_pid27624_seq1.log (bytes=0 format=LEGACY)
09-15 14:28:23.919 27624 27624 D SurveyApp: LiteRTLM JNI already loaded; skip. where=onCreate(retry)
09-15 14:28:23.919 27624 27624 D SurveyApp: bootTiming: RuntimeLogStore.start took=0ms
09-15 14:28:23.919 27624 27624 D SurveyApp: bootTiming: AppRingLogStore.install took=0ms
09-15 14:28:23.919 27624 27624 D SurveyApp: onCreate: pid=27624 process=com.negi.survey isMain=true sdk=36
09-15 14:28:23.922 27624 27637 D RuntimeLogStore: retention: start files=2 kept=2 totalBytes=5918
09-15 14:28:23.928 27624 27624 D CrashCapture: install: ensured default handler. where=SurveyApp:onCreate(rewrap) pid=27624 default=com.negi.survey.CrashCapture$CrashHandler@6d64be
09-15 14:28:23.928 27624 27624 D SurveyApp: CrashCapture installed: where=SurveyApp:onCreate(rewrap)
09-15 14:28:23.929 27624 27624 D CrashCapture: registerSelfHealing: ActivityLifecycleCallbacks registered. mode=onResumedOnly
09-15 14:28:23.929 27624 27624 D SurveyApp: CrashCapture self-healing registered.
09-15 14:28:23.929 27624 27624 W SurveyApp: Startup enqueues deferred: delay=2500ms (to reduce init contention)
09-15 14:28:23.929 27624 27624 D SurveyApp: bootTiming: onCreate total=10ms
09-15 14:28:23.971 27624 27641 D UploadRescheduleRcvr: No GitHub pending files for action=android.intent.action.MY_PACKAGE_REPLACED
09-15 14:28:24.017 27624 27641 D github_upload: enqueueStartupRuntimeLogsUpload: uniqueName=upload_runtime_logs_startup policy=KEEP session=startup_runtime_20260915_212823_ddaac8d8
09-15 14:28:24.089 27624 27641 D WM-PackageManagerHelper: Skipping component enablement for androidx.work.impl.background.systemjob.SystemJobService
09-15 14:28:24.089 27624 27641 D WM-Schedulers: Created SystemJobScheduler and enabled SystemJobService
09-15 14:28:24.097 27624 27646 D WM-ForceStopRunnable: Is default app process = true
09-15 14:28:24.099 27624 27646 D WM-ForceStopRunnable: Performing cleanup operations.
09-15 14:28:24.113 27624 27641 D UploadRescheduleRcvr: Enqueued runtime logs upload for action=android.intent.action.MY_PACKAGE_REPLACED reason=receiver_my_package_replaced
09-15 14:28:24.526 27624 27648 D WM-SystemJobScheduler: Scheduling work ID 1c1cc548-743b-4ba1-ad94-7abc40c9891cJob ID 6
09-15 14:28:24.543 27624 27648 D WM-GreedyScheduler: Starting tracking for 1c1cc548-743b-4ba1-ad94-7abc40c9891c
09-15 14:28:24.550 27624 27624 D WM-SystemJobService: onStartJob for WorkGenerationalId(workSpecId=1c1cc548-743b-4ba1-ad94-7abc40c9891c, generation=0)
09-15 14:28:24.605 27624 27649 D WM-Processor: Processor: processing WorkGenerationalId(workSpecId=1c1cc548-743b-4ba1-ad94-7abc40c9891c, generation=0)
09-15 14:28:24.660 27624 27624 D WM-WorkerWrapper: Starting work for com.negi.survey.net.GitHubUploadWorker
09-15 14:28:24.665 27624 27649 D WM-WorkConstraintsTrack: NetworkRequestConstraintController register shared callback
09-15 14:28:24.695 27624 27649 D WM-PackageManagerHelper: androidx.work.impl.background.systemalarm.RescheduleReceiver enabled
09-15 14:28:24.704 27624 27650 D WM-WorkConstraintsTrack: NetworkRequestConstraintController onCapabilitiesChanged callback
09-15 14:28:24.704 27624 27650 D WM-WorkConstraintsTrack: Not dispatching constraint state yet: isBlocked=null, capabilitiesInitialized=true
09-15 14:28:24.704 27624 27650 D WM-WorkConstraintsTrack: NetworkRequestConstraintController onBlockedStatusChanged callback false
09-15 14:28:24.709 27624 27649 I WM-Processor: Moving WorkSpec (1c1cc548-743b-4ba1-ad94-7abc40c9891c) to the foreground
09-15 14:28:24.736 27624 27649 D WM-GreedyScheduler: Constraints met: Scheduling work ID WorkGenerationalId(workSpecId=1c1cc548-743b-4ba1-ad94-7abc40c9891c, generation=0)
09-15 14:28:24.737 27624 27624 I WM-SystemFgDispatcher: Started foreground service Intent { act=ACTION_START_FOREGROUND xflg=0x4 cmp=com.negi.survey/androidx.work.impl.foreground.SystemForegroundService (has extras) }
09-15 14:28:24.738 27624 27624 D WM-SystemFgDispatcher: Notifying with (id:5334, workSpecId: 1c1cc548-743b-4ba1-ad94-7abc40c9891c, notificationType :1)
09-15 14:28:24.746 27624 27624 D WM-SystemFgDispatcher: Notifying with (id:5334, workSpecId: 1c1cc548-743b-4ba1-ad94-7abc40c9891c, notificationType :1)
09-15 14:28:24.749 27624 27649 D WM-Processor: Work WorkGenerationalId(workSpecId=1c1cc548-743b-4ba1-ad94-7abc40c9891c, generation=0) is already enqueued for processing
09-15 14:28:24.750 27624 27649 D WM-WorkProgressUpdater: Updating progress for 1c1cc548-743b-4ba1-ad94-7abc40c9891c (Data {pct : 3, mode : startup_runtime_logs})
09-15 14:28:24.758 27624 27649 I WM-Processor: Moving WorkSpec (1c1cc548-743b-4ba1-ad94-7abc40c9891c) to the foreground
09-15 14:28:24.762 27624 27624 D WM-SystemFgDispatcher: Notifying with (id:5334, workSpecId: 1c1cc548-743b-4ba1-ad94-7abc40c9891c, notificationType :1)
09-15 14:28:24.763 27624 27649 D WM-WorkConstraintsTrack: NetworkRequestConstraintController send initial capabilities
09-15 14:28:25.967 27624 27637 D RuntimeLogStore: openWriter: rotate:plain_snapshot:receiver_my_package_repl -> /data/user/0/com.negi.survey/files/diagnostics/runtime_logs/rtlog_20260915_212825_963_pid27624_seq2.log (bytes=0 format=LEGACY)
09-15 14:28:25.970 27624 27637 D RuntimeLogStore: retention: rotate:plain_snapshot:receiver_my_package_repl files=3 kept=3 totalBytes=7628
09-15 14:28:26.002 27624 27641 D github_upload: doRuntimeLogsUpload: remoteBaseDir=diagnostics/runtime_logs/2026-09-15/runtime_logs_startup_runtime_20260915_212823_ddaac8d8_receiver_my_package_repl toUpload=2 bytes=7292 dedupe=true deleteSource=true deletedSourcePre=0 preview='runtime_log_20260915_212825_977_pid27624_receiver_my_package_repl__rtlog_20260915_212823_839_pid27624_seq1.log|runtime_log_20260915_212825_977_pid27624_receiver_my_package_repl__rtlog_20260915_185726_541_pid23335_seq2.log'
09-15 14:28:26.014 27624 27641 D GitHubUploader: uploadStream: owner=ishizuki-tech repo=SurveyExports branch=main path=diagnostics/runtime_logs/2026-09-15/runtime_logs_startup_runtime_20260915_212823_ddaac8d8_receiver_my_package_repl/runtime_log_20260915_212825_977_pid27624_receiver_my_package_repl__rtlog_20260915_212823_839_pid27624_seq1.log size=1691 maxRawBytesHint=1000000 maxRequestBytesHint=2800000
09-15 14:28:26.017 27624 27648 D WM-WorkProgressUpdater: Updating progress for 1c1cc548-743b-4ba1-ad94-7abc40c9891c (Data {pct : 10, mode : startup_runtime_logs})
09-15 14:28:26.042 27624 27648 I WM-Processor: Moving WorkSpec (1c1cc548-743b-4ba1-ad94-7abc40c9891c) to the foreground
09-15 14:28:26.051 27624 27624 D WM-SystemFgDispatcher: Notifying with (id:5334, workSpecId: 1c1cc548-743b-4ba1-ad94-7abc40c9891c, notificationType :1)
09-15 14:28:26.430 27624 27624 W SurveyApp: Deferred startup enqueues begin...
09-15 14:28:26.432 27624 27624 D SurveyApp: WorkManager available. where=startupRtLogs(immediate) took=0ms
09-15 14:28:26.443 27624 27624 D SurveyApp: Startup runtime logs target -> owner=ishizuki-tech repo=SurveyExports branch=main base='/diagnostics/runtime_logs'
09-15 14:28:26.454 27624 27624 D github_upload: enqueueStartupRuntimeLogsUpload: uniqueName=upload_runtime_logs_startup policy=KEEP session=startup_runtime_20260915_212826_e9b896f5
09-15 14:28:26.455 27624 27624 D SurveyApp: Startup runtime logs: enqueue requested (immediate).
09-15 14:28:26.456 27624 27624 D SurveyApp: WorkManager available. where=startupRingLogs(immediate) took=0ms
09-15 14:28:26.465 27624 27624 D SurveyApp: Startup ring logs target -> owner=ishizuki-tech repo=SurveyExports branch=main base='/diagnostics/applog_ring'
09-15 14:28:26.471 27624 27624 D github_upload: enqueueStartupRingLogsUpload: uniqueName=upload_ring_logs_startup policy=KEEP session=startup_ring_20260915_212826_12c3dd38
09-15 14:28:26.471 27624 27624 D SurveyApp: Startup ring logs: enqueue requested (immediate).
09-15 14:28:26.472 27624 27624 D SurveyApp: WorkManager available. where=enqueuePending(immediate) took=0ms
09-15 14:28:26.474 27624 27624 D SurveyApp: CrashCapture pending uploads requested (immediate).
09-15 14:28:26.475 27624 27624 W SurveyApp: Deferred startup enqueues done: took=45ms
09-15 14:28:26.476 27624 27661 D CrashCapture: enqueuePendingCrashUploadsIfPossible enter where=SurveyApp:enqueuePending(immediate):bg pid=27624 thread=CrashCapture-Enqueue
09-15 14:28:26.546 27624 27647 D WM-SystemJobScheduler: Scheduling work ID 168035c0-3fb5-423f-9219-ad0db07eddbdJob ID 7
09-15 14:28:26.551 27624 27624 D WM-SystemJobService: onStartJob for WorkGenerationalId(workSpecId=168035c0-3fb5-423f-9219-ad0db07eddbd, generation=0)
09-15 14:28:26.553 27624 27647 D WM-GreedyScheduler: Starting tracking for 168035c0-3fb5-423f-9219-ad0db07eddbd
09-15 14:28:26.555 27624 27647 D WM-WorkProgressUpdater: Updating progress for 1c1cc548-743b-4ba1-ad94-7abc40c9891c (Data {pct : 14, mode : startup_runtime_logs})
