=== Previous Session Logcat ===
captured_time_utc=20260915_171929
captured_time_local=20260915_101929
marker=2026-09-14 15:39:01.072
preferred_prev_pid=-1
note=best-effort; buffers may be overwritten before next start
sdk=36
device=Google Pixel 9a
appId=com.negi.survey
versionName=0.0.1
versionCode=1

=== Logcat (since marker) ===
--------- beginning of main
09-15 10:19:26.640 12108 12108 I Zygote  : Process 12108 created for com.negi.survey
09-15 10:19:26.640 12108 12108 I com.negi.survey: Late-enabling -Xcheck:jni
09-15 10:19:26.668 12108 12108 I com.negi.survey: Using CollectorTypeCMC GC.
09-15 10:19:26.674 12108 12108 D nativeloader: Load libframework-connectivity-tiramisu-jni.so using APEX ns com_android_tethering for caller /apex/com.android.tethering/javalib/framework-connectivity-t.jar: ok
09-15 10:19:26.694 12108 12108 D ApplicationLoaders: Returning zygote-cached class loader: /system_ext/framework/androidx.window.extensions.jar
09-15 10:19:26.694 12108 12108 D ApplicationLoaders: Returning zygote-cached class loader: /system_ext/framework/androidx.window.sidecar.jar
09-15 10:19:26.726 12108 12108 D nativeloader: Configuring clns-9 for other apk /data/app/~~iKsE6sn95cJD9V-5WFhHww==/com.negi.survey-nPYjHhUgGp3AQjpzUSJDTA==/base.apk. target_sdk_version=36, uses_libraries=libOpenCL.so:libOpenCL-pixel.so, library_path=/data/app/~~iKsE6sn95cJD9V-5WFhHww==/com.negi.survey-nPYjHhUgGp3AQjpzUSJDTA==/lib/arm64:/data/app/~~iKsE6sn95cJD9V-5WFhHww==/com.negi.survey-nPYjHhUgGp3AQjpzUSJDTA==/base.apk!/lib/arm64-v8a, permitted_path=/data:/mnt/expand:/data/user/0/com.negi.survey
09-15 10:19:26.751 12108 12108 V GraphicsEnvironment: Currently set values for:
09-15 10:19:26.751 12108 12108 V GraphicsEnvironment:   angle_gl_driver_selection_pkgs=[com.android.angle]
09-15 10:19:26.751 12108 12108 V GraphicsEnvironment:   angle_gl_driver_selection_values=[angle]
09-15 10:19:26.751 12108 12108 V GraphicsEnvironment: com.negi.survey is not listed in per-application setting
09-15 10:19:26.751 12108 12108 V GraphicsEnvironment: No special selections for ANGLE, returning default driver choice
09-15 10:19:26.751 12108 12108 V GraphicsEnvironment: Neither updatable production driver nor prerelease driver is supported.
09-15 10:19:26.797 12108 12108 D nativeloader: Load /data/app/~~iKsE6sn95cJD9V-5WFhHww==/com.negi.survey-nPYjHhUgGp3AQjpzUSJDTA==/base.apk!/lib/arm64-v8a/liblitertlm_jni.so using class loader ns clns-9 (caller=/data/app/~~iKsE6sn95cJD9V-5WFhHww==/com.negi.survey-nPYjHhUgGp3AQjpzUSJDTA==/base.apk!classes10.dex): ok
09-15 10:19:26.797 12108 12108 D SurveyApp: Loaded LiteRTLM JNI: litertlm_jni where=attachBaseContext
09-15 10:19:26.804 12108 12124 D RuntimeLogStore: openWriter: start -> /data/user/0/com.negi.survey/files/diagnostics/runtime_logs/rtlog_20260915_171926_802_pid12108_seq1.log (bytes=0 format=LEGACY)
09-15 10:19:26.805 12108 12124 D RuntimeLogStore: retention: start files=2 kept=2 totalBytes=9836
09-15 10:19:26.806 12108 12108 D AppRingLogStore: installed: dir=/data/user/0/com.negi.survey/files/diagnostics/applog_ring idx=0
09-15 10:19:26.806 12108 12108 D SurveyApp: attachBaseContext: pid=12108 process=com.negi.survey isMain=true sdk=36
09-15 10:19:26.806 12108 12108 D SurveyApp: bootTiming: attachBaseContext total=52ms
09-15 10:19:26.806 12108 12108 D SurveyApp: Skipping WorkManager init in attachBaseContext; will init lazily on first enqueue.
09-15 10:19:26.807 12108 12108 D CrashCapture: install: ensured default handler. where=SurveyApp:attachBaseContext pid=12108 default=com.negi.survey.CrashCapture$CrashHandler@b90b46c
09-15 10:19:26.807 12108 12108 D SurveyApp: CrashCapture installed: where=SurveyApp:attachBaseContext
09-15 10:19:26.812 12108 12108 D SurveyApp: LiteRTLM JNI already loaded; skip. where=onCreate(retry)
09-15 10:19:26.813 12108 12108 D SurveyApp: bootTiming: RuntimeLogStore.start took=0ms
09-15 10:19:26.813 12108 12108 D SurveyApp: bootTiming: AppRingLogStore.install took=0ms
09-15 10:19:26.813 12108 12108 D SurveyApp: onCreate: pid=12108 process=com.negi.survey isMain=true sdk=36
09-15 10:19:26.814 12108 12108 D CrashCapture: install: ensured default handler. where=SurveyApp:onCreate(rewrap) pid=12108 default=com.negi.survey.CrashCapture$CrashHandler@b90b46c
09-15 10:19:26.814 12108 12108 D SurveyApp: CrashCapture installed: where=SurveyApp:onCreate(rewrap)
09-15 10:19:26.814 12108 12108 D CrashCapture: registerSelfHealing: ActivityLifecycleCallbacks registered. mode=onResumedOnly
09-15 10:19:26.814 12108 12108 D SurveyApp: CrashCapture self-healing registered.
09-15 10:19:26.814 12108 12108 W SurveyApp: Startup enqueues deferred: delay=2500ms (to reduce init contention)
09-15 10:19:26.814 12108 12108 D SurveyApp: bootTiming: onCreate total=2ms
--------- beginning of system
09-15 10:19:26.819 12108 12130 I DisplayManager: Choreographer implicitly registered for the refresh rate.
09-15 10:19:26.820 12108 12130 D vulkan  : searching for layers in '/data/app/~~iKsE6sn95cJD9V-5WFhHww==/com.negi.survey-nPYjHhUgGp3AQjpzUSJDTA==/lib/arm64'
09-15 10:19:26.820 12108 12130 D vulkan  : searching for layers in '/data/app/~~iKsE6sn95cJD9V-5WFhHww==/com.negi.survey-nPYjHhUgGp3AQjpzUSJDTA==/base.apk!/lib/arm64-v8a'
09-15 10:19:26.821 12108 12126 D UploadRescheduleRcvr: No GitHub pending files for action=android.intent.action.BOOT_COMPLETED
09-15 10:19:26.822 12108 12108 D DesktopExperienceFlags: Toggle override initialized to: false
09-15 10:19:26.828 12108 12126 D github_upload: enqueueStartupRuntimeLogsUpload: uniqueName=upload_runtime_logs_startup policy=KEEP session=startup_runtime_20260915_171926_dddf8fb2
09-15 10:19:26.833 12108 12108 D CompatChangeReporter: Compat change id reported: 377864165; UID 14896; state: ENABLED
09-15 10:19:26.833 12108 12108 D DesktopModeFlags: Toggle override initialized to: OVERRIDE_UNSET
09-15 10:19:26.835 12108 12126 D WM-PackageManagerHelper: Skipping component enablement for androidx.work.impl.background.systemjob.SystemJobService
09-15 10:19:26.835 12108 12126 D WM-Schedulers: Created SystemJobScheduler and enabled SystemJobService
09-15 10:19:26.837 12108 12137 D WM-ForceStopRunnable: Is default app process = true
09-15 10:19:26.837 12108 12137 D WM-ForceStopRunnable: Performing cleanup operations.
09-15 10:19:26.838 12108 12126 D UploadRescheduleRcvr: Enqueued runtime logs upload for action=android.intent.action.BOOT_COMPLETED reason=receiver_boot_completed
09-15 10:19:26.839 12108 12108 I ContentCaptureHelper: Setting logging level to OFF
09-15 10:19:26.840 12108 12108 D CrashCapture: install: ensured default handler. where=selfHeal:onActivityResumed pid=12108 default=com.negi.survey.CrashCapture$CrashHandler@b90b46c
09-15 10:19:26.858 12108 12137 D WM-ForceStopRunnable: Application was force-stopped, rescheduling.
09-15 10:19:26.859 12108 12108 D WindowOnBackDispatcher: setTopOnBackInvokedCallback (unwrapped): android.app.Activity$$ExternalSyntheticLambda0@6e12624
09-15 10:19:26.892 12108 12144 D WM-SystemJobScheduler: Scheduling work ID 25c65fed-0fc6-41e4-9e67-b773889d5121Job ID 11
09-15 10:19:26.895 12108 12144 D WM-GreedyScheduler: Starting tracking for 25c65fed-0fc6-41e4-9e67-b773889d5121
09-15 10:19:26.904 12108 12145 D WM-WorkConstraintsTrack: NetworkRequestConstraintController register shared callback
09-15 10:19:26.907 12108 12145 D WM-PackageManagerHelper: androidx.work.impl.background.systemalarm.RescheduleReceiver enabled
09-15 10:19:26.908 12108 12146 D WM-WorkConstraintsTrack: NetworkRequestConstraintController onCapabilitiesChanged callback
09-15 10:19:26.908 12108 12146 D WM-WorkConstraintsTrack: Not dispatching constraint state yet: isBlocked=null, capabilitiesInitialized=true
09-15 10:19:26.908 12108 12146 D WM-WorkConstraintsTrack: NetworkRequestConstraintController onBlockedStatusChanged callback false
09-15 10:19:26.909 12108 12144 D WM-GreedyScheduler: Constraints met: Scheduling work ID WorkGenerationalId(workSpecId=25c65fed-0fc6-41e4-9e67-b773889d5121, generation=0)
09-15 10:19:26.915 12108 12144 D WM-Processor: Processor: processing WorkGenerationalId(workSpecId=25c65fed-0fc6-41e4-9e67-b773889d5121, generation=0)
09-15 10:19:26.923 12108 12108 D VRI[MainActivity]: WindowInsets changed: 1080x2424 statusBars:[0,152,0,0] navigationBars:[0,0,0,69] mandatorySystemGestures:[0,187,0,92] 
09-15 10:19:26.932 12108 12108 I HWUI    : Using FreeType backend (prop=Auto)
09-15 10:19:26.993 12108 12108 I com.negi.survey: hiddenapi: Accessing hidden method Landroid/os/SystemProperties;->addChangeCallback(Ljava/lang/Runnable;)V (runtime_flags=0, domain=platform, api=unsupported) from Landroidx/compose/ui/platform/AndroidComposeView$Companion; (domain=app, TargetSdkVersion=36) using reflection: allowed
09-15 10:19:27.000 12108 12108 D WM-WorkerWrapper: Starting work for com.negi.survey.net.GitHubUploadWorker
09-15 10:19:27.009 12108 12143 I WM-Processor: Moving WorkSpec (25c65fed-0fc6-41e4-9e67-b773889d5121) to the foreground
09-15 10:19:27.015 12108 12108 D WM-SystemJobService: onStartJob for WorkGenerationalId(workSpecId=25c65fed-0fc6-41e4-9e67-b773889d5121, generation=0)
09-15 10:19:27.021 12108 12108 I WM-SystemFgDispatcher: Started foreground service Intent { act=ACTION_START_FOREGROUND xflg=0x4 cmp=com.negi.survey/androidx.work.impl.foreground.SystemForegroundService (has extras) }
09-15 10:19:27.021 12108 12108 D WM-SystemFgDispatcher: Notifying with (id:3435, workSpecId: 25c65fed-0fc6-41e4-9e67-b773889d5121, notificationType :1)
09-15 10:19:27.022 12108 12143 D WM-Processor: Work WorkGenerationalId(workSpecId=25c65fed-0fc6-41e4-9e67-b773889d5121, generation=0) is already enqueued for processing
09-15 10:19:27.022 12108 12143 D WM-WorkProgressUpdater: Updating progress for 25c65fed-0fc6-41e4-9e67-b773889d5121 (Data {pct : 3, mode : startup_runtime_logs})
09-15 10:19:27.024 12108 12108 D WM-SystemFgDispatcher: Notifying with (id:3435, workSpecId: 25c65fed-0fc6-41e4-9e67-b773889d5121, notificationType :1)
09-15 10:19:27.034 12108 12143 I WM-Processor: Moving WorkSpec (25c65fed-0fc6-41e4-9e67-b773889d5121) to the foreground
09-15 10:19:27.038 12108 12108 D InsetsController: hide(ime())
09-15 10:19:27.038 12108 12108 I ImeTracker: com.negi.survey:4dcebdef: onCancelled at PHASE_CLIENT_ALREADY_HIDDEN
09-15 10:19:27.040 12108 12108 D WM-SystemFgDispatcher: Notifying with (id:3435, workSpecId: 25c65fed-0fc6-41e4-9e67-b773889d5121, notificationType :1)
09-15 10:19:27.042 12108 12143 D WM-WorkConstraintsTrack: NetworkRequestConstraintController send initial capabilities
09-15 10:19:27.098 12108 12108 D IntroScreen: Resolved config details: id=survey_config10.yaml in 103ms
09-15 10:19:27.383 12108 12113 I com.negi.survey: Compiler allocated 5038KB to compile void android.view.ViewRootImpl.performTraversals()
09-15 10:19:28.231 12108 12124 D RuntimeLogStore: openWriter: rotate:plain_snapshot:receiver_boot_completed -> /data/user/0/com.negi.survey/files/diagnostics/runtime_logs/rtlog_20260915_171928_230_pid12108_seq2.log (bytes=0 format=LEGACY)
09-15 10:19:28.232 12108 12124 D RuntimeLogStore: retention: rotate:plain_snapshot:receiver_boot_completed files=3 kept=3 totalBytes=11544
09-15 10:19:28.244 12108 12126 D github_upload: doRuntimeLogsUpload: remoteBaseDir=diagnostics/runtime_logs/2026-09-15/runtime_logs_startup_runtime_20260915_171926_dddf8fb2_receiver_boot_completed toUpload=2 bytes=11209 dedupe=true deleteSource=true deletedSourcePre=0 preview='runtime_log_20260915_171928_237_pid12108_receiver_boot_completed__rtlog_20260915_171926_802_pid12108_seq1.log|runtime_log_20260915_171928_237_pid12108_receiver_boot_completed__rtlog_20260914_223859_904_pid14032_seq2.log'
09-15 10:19:28.244 12108 12126 D GitHubUploader: uploadStream: owner=ishizuki-tech repo=SurveyExports branch=main path=diagnostics/runtime_logs/2026-09-15/runtime_logs_startup_runtime_20260915_171926_dddf8fb2_receiver_boot_completed/runtime_log_20260915_171928_237_pid12108_receiver_boot_completed__rtlog_20260915_171926_802_pid12108_seq1.log size=1690 maxRawBytesHint=1000000 maxRequestBytesHint=2800000
09-15 10:19:28.245 12108 12145 D WM-WorkProgressUpdater: Updating progress for 25c65fed-0fc6-41e4-9e67-b773889d5121 (Data {pct : 10, mode : startup_runtime_logs})
09-15 10:19:28.262 12108 12145 I WM-Processor: Moving WorkSpec (25c65fed-0fc6-41e4-9e67-b773889d5121) to the foreground
09-15 10:19:28.265 12108 12108 D WM-SystemFgDispatcher: Notifying with (id:3435, workSpecId: 25c65fed-0fc6-41e4-9e67-b773889d5121, notificationType :1)
09-15 10:19:28.721 12108 12143 D WM-WorkProgressUpdater: Updating progress for 25c65fed-0fc6-41e4-9e67-b773889d5121 (Data {pct : 14, mode : startup_runtime_logs})
09-15 10:19:28.725 12108 12143 I WM-Processor: Moving WorkSpec (25c65fed-0fc6-41e4-9e67-b773889d5121) to the foreground
09-15 10:19:28.731 12108 12108 D WM-SystemFgDispatcher: Notifying with (id:3435, workSpecId: 25c65fed-0fc6-41e4-9e67-b773889d5121, notificationType :1)
09-15 10:19:28.732 12108 12143 D WM-WorkProgressUpdater: Updating progress for 25c65fed-0fc6-41e4-9e67-b773889d5121 (Data {pct : 50, mode : startup_runtime_logs})
09-15 10:19:28.736 12108 12143 I WM-Processor: Moving WorkSpec (25c65fed-0fc6-41e4-9e67-b773889d5121) to the foreground
09-15 10:19:28.743 12108 12108 D WM-SystemFgDispatcher: Notifying with (id:3435, workSpecId: 25c65fed-0fc6-41e4-9e67-b773889d5121, notificationType :1)
09-15 10:19:29.315 12108 12108 W SurveyApp: Deferred startup enqueues begin...
09-15 10:19:29.315 12108 12108 D SurveyApp: WorkManager available. where=startupRtLogs(immediate) took=0ms
09-15 10:19:29.318 12108 12108 D SurveyApp: Startup runtime logs target -> owner=ishizuki-tech repo=SurveyExports branch=main base='/diagnostics/runtime_logs'
09-15 10:19:29.320 12108 12108 D github_upload: enqueueStartupRuntimeLogsUpload: uniqueName=upload_runtime_logs_startup policy=KEEP session=startup_runtime_20260915_171929_a7d20aa2
09-15 10:19:29.321 12108 12108 D SurveyApp: Startup runtime logs: enqueue requested (immediate).
09-15 10:19:29.321 12108 12108 D SurveyApp: WorkManager available. where=startupRingLogs(immediate) took=0ms
09-15 10:19:29.323 12108 12108 D SurveyApp: Startup ring logs target -> owner=ishizuki-tech repo=SurveyExports branch=main base='/diagnostics/applog_ring'
09-15 10:19:29.325 12108 12108 D github_upload: enqueueStartupRingLogsUpload: uniqueName=upload_ring_logs_startup policy=KEEP session=startup_ring_20260915_171929_7331a478
09-15 10:19:29.325 12108 12108 D SurveyApp: Startup ring logs: enqueue requested (immediate).
09-15 10:19:29.325 12108 12108 D SurveyApp: WorkManager available. where=enqueuePending(immediate) took=0ms
09-15 10:19:29.325 12108 12108 D SurveyApp: CrashCapture pending uploads requested (immediate).
09-15 10:19:29.325 12108 12108 W SurveyApp: Deferred startup enqueues done: took=11ms
09-15 10:19:29.326 12108 12162 D CrashCapture: enqueuePendingCrashUploadsIfPossible enter where=SurveyApp:enqueuePending(immediate):bg pid=12108 thread=CrashCapture-Enqueue
09-15 10:19:29.349 12108 12145 D WM-SystemJobScheduler: Scheduling work ID 043d9634-261a-4d59-ba96-57d922d5d09fJob ID 12
09-15 10:19:29.353 12108 12145 D WM-GreedyScheduler: Starting tracking for 043d9634-261a-4d59-ba96-57d922d5d09f
09-15 10:19:29.365 12108 12108 D WM-SystemJobService: onStartJob for WorkGenerationalId(workSpecId=043d9634-261a-4d59-ba96-57d922d5d09f, generation=0)
09-15 10:19:29.367 12108 12145 D WM-WorkConstraintsTrack: NetworkRequestConstraintController send initial capabilities
09-15 10:19:29.372 12108 12145 D WM-Processor: Processor: processing WorkGenerationalId(workSpecId=043d9634-261a-4d59-ba96-57d922d5d09f, generation=0)
09-15 10:19:29.380 12108 12108 D WM-WorkerWrapper: Starting work for com.negi.survey.net.GitHubUploadWorker
09-15 10:19:29.380 12108 12145 D WM-GreedyScheduler: Constraints met: Scheduling work ID WorkGenerationalId(workSpecId=043d9634-261a-4d59-ba96-57d922d5d09f, generation=0)
09-15 10:19:29.384 12108 12143 D WM-Processor: Work WorkGenerationalId(workSpecId=043d9634-261a-4d59-ba96-57d922d5d09f, generation=0) is already enqueued for processing
09-15 10:19:29.385 12108 12143 I WM-Processor: Moving WorkSpec (043d9634-261a-4d59-ba96-57d922d5d09f) to the foreground
09-15 10:19:29.387 12108 12108 I WM-SystemFgDispatcher: Started foreground service Intent { act=ACTION_START_FOREGROUND xflg=0x4 cmp=com.negi.survey/androidx.work.impl.foreground.SystemForegroundService (has extras) }
09-15 10:19:29.387 12108 12108 D WM-SystemFgDispatcher: Notifying with (id:3892, workSpecId: 043d9634-261a-4d59-ba96-57d922d5d09f, notificationType :1)
09-15 10:19:29.390 12108 12143 D WM-WorkProgressUpdater: Updating progress for 043d9634-261a-4d59-ba96-57d922d5d09f (Data {pct : 3, mode : startup_ring_logs})
09-15 10:19:29.390 12108 12108 D WM-SystemFgDispatcher: Notifying with (id:3892, workSpecId: 043d9634-261a-4d59-ba96-57d922d5d09f, notificationType :1)
09-15 10:19:29.395 12108 12143 I WM-Processor: Moving WorkSpec (043d9634-261a-4d59-ba96-57d922d5d09f) to the foreground
09-15 10:19:29.396 12108 12108 D WM-SystemFgDispatcher: Notifying with (id:3892, workSpecId: 043d9634-261a-4d59-ba96-57d922d5d09f, notificationType :1)
09-15 10:19:29.399 12108 12144 D WM-WorkConstraintsTrack: NetworkRequestConstraintController send initial capabilities
