20260909_002706 I/AppRingLogStore pid=19025 tid=19025 uptimeMs=2194338555 msg=install: pid=19025 timeUtc=20260909_002706 uptimeMs=2194338554
20260909_002706 D/SurveyApp pid=19025 tid=19025 uptimeMs=2194338556 msg=attachBaseContext: pid=19025 process=com.negi.survey isMain=true sdk=36
20260909_002706 D/SurveyApp pid=19025 tid=19025 uptimeMs=2194338590 msg=onCreate: pid=19025 process=com.negi.survey isMain=true sdk=36
20260909_002808 D/AiTrace pid=19025 tid=19046 uptimeMs=2194400868 msg=Installed (enabled=true ringEnabled=true)
20260909_002809 D/AiTrace pid=19025 tid=19046 uptimeMs=2194402411 msg=Installed (enabled=true ringEnabled=true)
20260909_002811 D/AiViewModel pid=19025 tid=19064 uptimeMs=2194403762 msg=run[1]: mode=EVAL_JSON phase=EVAL commit=true prompt.len=292, fullPrompt.len=1133, timeoutMs=60000
20260909_002811 D/AiViewModel pid=19025 tid=19064 uptimeMs=2194403766 msg=run[1]: sha(prompt)=d50398167cfe3427a9a984163543ec9195c21f4ec52a4794b3f712528412dd91 sha(full)=1b536c849e68b9b0ca573b8cb3ba9d3d6870e1ace26ecfc9b9b86ca58036bb14
20260909_002811 D/LiteRtRepository pid=19025 tid=19068 uptimeMs=2194403775 msg=[1] start model='gemma-3n-E4B-it' prompt.len=1133 sha=1b536c849e68b9b0 gateWaitMs=6
20260909_002811 D/LiteRtRepository pid=19025 tid=19068 uptimeMs=2194403778 msg=[1] init ok initMs=2
20260909_002816 D/LiteRtRepository pid=19025 tid=19025 uptimeMs=2194409333 msg=[1] logicalDone=true
20260909_002816 D/LiteRtRepository pid=19025 tid=19025 uptimeMs=2194409334 msg=[1] native cleanup safepoint
20260909_002816 D/AiViewModel pid=19025 tid=19068 uptimeMs=2194409334 msg=run[1] stats: chunks=19, chars=57, raw.len=57
20260909_002816 D/AiViewModel pid=19025 tid=19068 uptimeMs=2194409339 msg=run[1] sha(raw)=8d3bc1ac184ede55a7fda7341213618173536394a0dc1ee9002781dd5f3f75be
20260909_002816 D/LiteRtRepository pid=19025 tid=19284 uptimeMs=2194409361 msg=[1] Conversation reset completed after safepoint
20260909_002816 I/LiteRtRepository pid=19025 tid=19065 uptimeMs=2194409363 msg=[1] finalize reason='native-terminated' totalMs=5588 inferenceMs=5584 firstTokenMs=2493 chunks=19 emittedChars=57 out.len=57 capturedAll=true logicalDone=true nativeTerminated=true cancelTag='null' lastDeltaMsAgo=195 lastEventMsAgo=29
20260909_002816 I/AiViewModel pid=19025 tid=19068 uptimeMs=2194409366 msg=run[1] done: phase=EVAL mode=EVAL_JSON score=95 FU0.len=0 FU0.sha16=none commit=true err=<none>
20260909_003112 I/AppRingLogStore pid=19343 tid=19343 uptimeMs=2194584866 msg=install: pid=19343 timeUtc=20260909_003112 uptimeMs=2194584864
20260909_003112 D/SurveyApp pid=19343 tid=19343 uptimeMs=2194584867 msg=attachBaseContext: pid=19343 process=com.negi.survey isMain=true sdk=36
20260909_003112 D/SurveyApp pid=19343 tid=19343 uptimeMs=2194584944 msg=onCreate: pid=19343 process=com.negi.survey isMain=true sdk=36
20260909_003120 D/AiTrace pid=19343 tid=19359 uptimeMs=2194592548 msg=Installed (enabled=true ringEnabled=true)
20260909_003121 D/AiViewModel pid=19343 tid=19420 uptimeMs=2194593724 msg=run[1]: mode=EVAL_JSON phase=EVAL commit=true prompt.len=292, fullPrompt.len=1133, timeoutMs=60000
20260909_003121 D/AiViewModel pid=19343 tid=19420 uptimeMs=2194593729 msg=run[1]: sha(prompt)=d50398167cfe3427a9a984163543ec9195c21f4ec52a4794b3f712528412dd91 sha(full)=1b536c849e68b9b0ca573b8cb3ba9d3d6870e1ace26ecfc9b9b86ca58036bb14
20260909_003121 D/LiteRtRepository pid=19343 tid=19419 uptimeMs=2194593733 msg=[1] start model='gemma-3n-E4B-it' prompt.len=1133 sha=1b536c849e68b9b0 gateWaitMs=2
20260909_003121 D/LiteRtRepository pid=19343 tid=19419 uptimeMs=2194593736 msg=[1] init ok initMs=2
20260909_003126 D/LiteRtRepository pid=19343 tid=19343 uptimeMs=2194599203 msg=[1] logicalDone=true
20260909_003126 D/AiViewModel pid=19343 tid=19399 uptimeMs=2194599203 msg=run[1] stats: chunks=19, chars=57, raw.len=57
20260909_003126 D/LiteRtRepository pid=19343 tid=19343 uptimeMs=2194599204 msg=[1] native cleanup safepoint
20260909_003126 D/AiViewModel pid=19343 tid=19399 uptimeMs=2194599205 msg=run[1] sha(raw)=8d3bc1ac184ede55a7fda7341213618173536394a0dc1ee9002781dd5f3f75be
20260909_003126 D/LiteRtRepository pid=19343 tid=19420 uptimeMs=2194599223 msg=[1] Conversation reset completed after safepoint
20260909_003126 I/AiViewModel pid=19343 tid=19399 uptimeMs=2194599224 msg=run[1] done: phase=EVAL mode=EVAL_JSON score=95 FU0.len=0 FU0.sha16=none commit=true err=<none>
20260909_003126 I/LiteRtRepository pid=19343 tid=19400 uptimeMs=2194599225 msg=[1] finalize reason='native-terminated' totalMs=5491 inferenceMs=5488 firstTokenMs=2453 chunks=19 emittedChars=57 out.len=57 capturedAll=true logicalDone=true nativeTerminated=true cancelTag='null' lastDeltaMsAgo=184 lastEventMsAgo=21
20260909_005252 I/AppRingLogStore pid=21078 tid=21078 uptimeMs=2195884631 msg=install: pid=21078 timeUtc=20260909_005252 uptimeMs=2195884629
20260909_005252 D/SurveyApp pid=21078 tid=21078 uptimeMs=2195884632 msg=attachBaseContext: pid=21078 process=com.negi.survey isMain=true sdk=36
20260909_005252 D/SurveyApp pid=21078 tid=21078 uptimeMs=2195884663 msg=onCreate: pid=21078 process=com.negi.survey isMain=true sdk=36
20260909_005323 I/AppRingLogStore pid=21247 tid=21247 uptimeMs=2195915616 msg=install: pid=21247 timeUtc=20260909_005323 uptimeMs=2195915615
20260909_005323 D/SurveyApp pid=21247 tid=21247 uptimeMs=2195915616 msg=attachBaseContext: pid=21247 process=com.negi.survey isMain=true sdk=36
20260909_005323 D/SurveyApp pid=21247 tid=21247 uptimeMs=2195915648 msg=onCreate: pid=21247 process=com.negi.survey isMain=true sdk=36
20260909_005331 D/AiTrace pid=21247 tid=21266 uptimeMs=2195923818 msg=Installed (enabled=true ringEnabled=true)
20260909_005332 D/AiViewModel pid=21247 tid=21318 uptimeMs=2195925130 msg=run[1]: mode=EVAL_JSON phase=EVAL commit=true prompt.len=292, fullPrompt.len=1617, timeoutMs=60000
20260909_005332 D/AiViewModel pid=21247 tid=21318 uptimeMs=2195925131 msg=run[1]: sha(prompt)=d50398167cfe3427a9a984163543ec9195c21f4ec52a4794b3f712528412dd91 sha(full)=d15139d9c706e06d5e7d198f52622469c71040a7e7a4c7069f5d8fe84ed81114
20260909_005332 D/LiteRtRepository pid=21247 tid=21318 uptimeMs=2195925145 msg=[1] start model='gemma-3n-E4B-it' prompt.len=1617 sha=d15139d9c706e06d gateWaitMs=12
20260909_005332 D/LiteRtRepository pid=21247 tid=21318 uptimeMs=2195925151 msg=[1] init ok initMs=5
20260909_005341 D/LiteRtRepository pid=21247 tid=21247 uptimeMs=2195933488 msg=[1] logicalDone=true
20260909_005341 D/LiteRtRepository pid=21247 tid=21247 uptimeMs=2195933489 msg=[1] native cleanup safepoint
20260909_005341 D/AiViewModel pid=21247 tid=21317 uptimeMs=2195933491 msg=run[1] stats: chunks=27, chars=85, raw.len=85
20260909_005341 D/AiViewModel pid=21247 tid=21317 uptimeMs=2195933494 msg=run[1] sha(raw)=fc54d39ca92dffc403f8b90447b2f74fd739952d437cf803b69178a241b95870
20260909_005341 I/AiViewModel pid=21247 tid=21317 uptimeMs=2195933511 msg=run[1] done: phase=EVAL mode=EVAL_JSON score=85 FU0.len=0 FU0.sha16=none commit=true err=<none>
20260909_005341 D/LiteRtRepository pid=21247 tid=21315 uptimeMs=2195933516 msg=[1] Conversation reset completed after safepoint
20260909_005341 I/LiteRtRepository pid=21247 tid=21316 uptimeMs=2195933518 msg=[1] finalize reason='native-terminated' totalMs=8376 inferenceMs=8367 firstTokenMs=4011 chunks=27 emittedChars=85 out.len=85 capturedAll=true logicalDone=true nativeTerminated=true cancelTag='null' lastDeltaMsAgo=199 lastEventMsAgo=30
20260909_005341 D/AiViewModel pid=21247 tid=21317 uptimeMs=2195933519 msg=run[2]: mode=FOLLOWUP_JSON_OR_TEXT phase=FOLLOWUP commit=false prompt.len=390, fullPrompt.len=927, timeoutMs=60000
20260909_005341 D/AiViewModel pid=21247 tid=21317 uptimeMs=2195933520 msg=run[2]: sha(prompt)=02deb81b23579a09df7603d9e214d999d9df3313962d79dfe2c354243a685925 sha(full)=444bdd0bb0b7f6186fc4f4dbaf0544ac268195033304e15294a998d4b90d7698
20260909_005341 D/LiteRtRepository pid=21247 tid=21317 uptimeMs=2195933521 msg=[2] start model='gemma-3n-E4B-it' prompt.len=927 sha=444bdd0bb0b7f618 gateWaitMs=1
20260909_005341 D/LiteRtRepository pid=21247 tid=21317 uptimeMs=2195933522 msg=[2] init ok initMs=1
20260909_005345 D/LiteRtRepository pid=21247 tid=21247 uptimeMs=2195937731 msg=[2] logicalDone=true
20260909_005345 D/LiteRtRepository pid=21247 tid=21247 uptimeMs=2195937732 msg=[2] native cleanup safepoint
20260909_005345 D/AiViewModel pid=21247 tid=21318 uptimeMs=2195937733 msg=run[2] stats: chunks=19, chars=93, raw.len=93
20260909_005345 D/AiViewModel pid=21247 tid=21318 uptimeMs=2195937736 msg=run[2] sha(raw)=900eb5a23a12a30d2aa36564da4e4d1929d93cc7d6b14110f0764f17ddc126e3
20260909_005345 I/AiViewModel pid=21247 tid=21318 uptimeMs=2195937742 msg=run[2] done: phase=FOLLOWUP mode=FOLLOWUP_JSON_OR_TEXT score=null FU0.len=93 FU0.sha16=900eb5a23a12a30d commit=false err=<none>
20260909_005345 D/LiteRtRepository pid=21247 tid=21316 uptimeMs=2195937746 msg=[2] Conversation reset completed after safepoint
20260909_005345 I/LiteRtRepository pid=21247 tid=21317 uptimeMs=2195937747 msg=[2] finalize reason='native-terminated' totalMs=4226 inferenceMs=4225 firstTokenMs=1160 chunks=19 emittedChars=93 out.len=93 capturedAll=true logicalDone=true nativeTerminated=true cancelTag='null' lastDeltaMsAgo=183 lastEventMsAgo=16
20260909_005414 I/AppRingLogStore pid=21492 tid=21492 uptimeMs=2195966650 msg=install: pid=21492 timeUtc=20260909_005414 uptimeMs=2195966649
20260909_005414 D/SurveyApp pid=21492 tid=21492 uptimeMs=2195966650 msg=attachBaseContext: pid=21492 process=com.negi.survey isMain=true sdk=36
20260909_005414 D/SurveyApp pid=21492 tid=21492 uptimeMs=2195966665 msg=onCreate: pid=21492 process=com.negi.survey isMain=true sdk=36
20260909_005445 D/AiTrace pid=21492 tid=21492 uptimeMs=2195998417 msg=Installed (enabled=true ringEnabled=true)
20260909_005445 D/LiteRtRepository pid=21492 tid=21492 uptimeMs=2195998476 msg=warmUp init ok initMs=13 gateWaitMs=0
20260909_005445 D/LiteRtRepository pid=21492 tid=21492 uptimeMs=2195998477 msg=warmUp Engine ready representativeInference=false totalMs=13
20260909_011101 I/AppRingLogStore pid=22513 tid=22513 uptimeMs=2196974325 msg=install: pid=22513 timeUtc=20260909_011101 uptimeMs=2196974323
20260909_011101 D/SurveyApp pid=22513 tid=22513 uptimeMs=2196974326 msg=attachBaseContext: pid=22513 process=com.negi.survey isMain=true sdk=36
20260909_011101 D/SurveyApp pid=22513 tid=22513 uptimeMs=2196974398 msg=onCreate: pid=22513 process=com.negi.survey isMain=true sdk=36
20260909_011253 I/AppRingLogStore pid=22772 tid=22772 uptimeMs=2197086310 msg=install: pid=22772 timeUtc=20260909_011253 uptimeMs=2197086308
20260909_011253 D/SurveyApp pid=22772 tid=22772 uptimeMs=2197086311 msg=attachBaseContext: pid=22772 process=com.negi.survey isMain=true sdk=36
20260909_011253 D/SurveyApp pid=22772 tid=22772 uptimeMs=2197086376 msg=onCreate: pid=22772 process=com.negi.survey isMain=true sdk=36
20260909_011301 D/AiTrace pid=22772 tid=22789 uptimeMs=2197094467 msg=Installed (enabled=true ringEnabled=true)
20260909_011303 D/AiViewModel pid=22772 tid=22838 uptimeMs=2197095783 msg=run[1]: mode=EVAL_JSON phase=EVAL commit=true prompt.len=325, fullPrompt.len=1650, timeoutMs=60000
20260909_011303 D/AiViewModel pid=22772 tid=22838 uptimeMs=2197095787 msg=run[1]: sha(prompt)=58cf8eb98fdf672b8a14cf1298ea4d5daf65b893bd1608c29b48da5b3dc25f54 sha(full)=c2e49a285559c3e4e3dc8c74ed7123a23edbbb686c54f558c13aac32138ee859
20260909_011303 D/LiteRtRepository pid=22772 tid=22838 uptimeMs=2197095801 msg=[1] start model='gemma-3n-E4B-it' prompt.len=1650 sha=c2e49a285559c3e4 gateWaitMs=12
20260909_011303 D/LiteRtRepository pid=22772 tid=22838 uptimeMs=2197095807 msg=[1] init ok initMs=4
20260909_011310 D/LiteRtRepository pid=22772 tid=22772 uptimeMs=2197102674 msg=[1] logicalDone=true
20260909_011310 D/LiteRtRepository pid=22772 tid=22772 uptimeMs=2197102675 msg=[1] native cleanup safepoint
20260909_011310 D/AiViewModel pid=22772 tid=22846 uptimeMs=2197102676 msg=run[1] stats: chunks=18, chars=56, raw.len=56
20260909_011310 D/AiViewModel pid=22772 tid=22846 uptimeMs=2197102678 msg=run[1] sha(raw)=d582f4f94d38ce300b82f3aeedbda2d18275f3f88b20e7a1ca4fadec505e90e3
20260909_011310 D/LiteRtRepository pid=22772 tid=22843 uptimeMs=2197102693 msg=[1] Conversation reset completed after safepoint
20260909_011310 I/AiViewModel pid=22772 tid=22846 uptimeMs=2197102694 msg=run[1] done: phase=EVAL mode=EVAL_JSON score=95 FU0.len=0 FU0.sha16=none commit=true err=<none>
20260909_011310 I/LiteRtRepository pid=22772 tid=22843 uptimeMs=2197102695 msg=[1] finalize reason='native-terminated' totalMs=6897 inferenceMs=6888 firstTokenMs=3997 chunks=18 emittedChars=56 out.len=56 capturedAll=true logicalDone=true nativeTerminated=true cancelTag='null' lastDeltaMsAgo=187 lastEventMsAgo=21
20260909_011349 I/AppRingLogStore pid=23023 tid=23023 uptimeMs=2197142059 msg=install: pid=23023 timeUtc=20260909_011349 uptimeMs=2197142056
20260909_011349 D/SurveyApp pid=23023 tid=23023 uptimeMs=2197142060 msg=attachBaseContext: pid=23023 process=com.negi.survey isMain=true sdk=36
20260909_011349 D/SurveyApp pid=23023 tid=23023 uptimeMs=2197142103 msg=onCreate: pid=23023 process=com.negi.survey isMain=true sdk=36
20260909_011357 D/AiTrace pid=23023 tid=23046 uptimeMs=2197149911 msg=Installed (enabled=true ringEnabled=true)
20260909_011358 D/AiViewModel pid=23023 tid=23116 uptimeMs=2197151089 msg=run[1]: mode=EVAL_JSON phase=EVAL commit=true prompt.len=276, fullPrompt.len=1601, timeoutMs=60000
20260909_011358 D/AiViewModel pid=23023 tid=23116 uptimeMs=2197151090 msg=run[1]: sha(prompt)=71bc6dd33f3e076ee455cfa87881cd1835758afe822c312a1d0b5e53bf11c5d3 sha(full)=555c5651d3ba844800124d471672f546b8f56067b347e91a55fce45294eb326e
20260909_011358 D/LiteRtRepository pid=23023 tid=23085 uptimeMs=2197151095 msg=[1] start model='gemma-3n-E4B-it' prompt.len=1601 sha=555c5651d3ba8448 gateWaitMs=2
20260909_011358 D/LiteRtRepository pid=23023 tid=23085 uptimeMs=2197151099 msg=[1] init ok initMs=4
20260909_011406 D/LiteRtRepository pid=23023 tid=23023 uptimeMs=2197158588 msg=[1] logicalDone=true
20260909_011406 D/LiteRtRepository pid=23023 tid=23023 uptimeMs=2197158588 msg=[1] native cleanup safepoint
20260909_011406 D/AiViewModel pid=23023 tid=23114 uptimeMs=2197158589 msg=run[1] stats: chunks=22, chars=70, raw.len=70
20260909_011406 D/AiViewModel pid=23023 tid=23114 uptimeMs=2197158591 msg=run[1] sha(raw)=e932d0c5d12f2282fca16e6137647a73895b11347eb51d2ae0cde315ef0d33e3
20260909_011406 D/LiteRtRepository pid=23023 tid=23113 uptimeMs=2197158609 msg=[1] Conversation reset completed after safepoint
20260909_011406 I/LiteRtRepository pid=23023 tid=23116 uptimeMs=2197158610 msg=[1] finalize reason='native-terminated' totalMs=7516 inferenceMs=7511 firstTokenMs=3987 chunks=22 emittedChars=70 out.len=70 capturedAll=true logicalDone=true nativeTerminated=true cancelTag='null' lastDeltaMsAgo=181 lastEventMsAgo=22
20260909_011406 I/AiViewModel pid=23023 tid=23114 uptimeMs=2197158613 msg=run[1] done: phase=EVAL mode=EVAL_JSON score=90 FU0.len=0 FU0.sha16=none commit=true err=<none>
20260909_011438 I/AppRingLogStore pid=23210 tid=23210 uptimeMs=2197191318 msg=install: pid=23210 timeUtc=20260909_011438 uptimeMs=2197191316
20260909_011438 D/SurveyApp pid=23210 tid=23210 uptimeMs=2197191319 msg=attachBaseContext: pid=23210 process=com.negi.survey isMain=true sdk=36
20260909_011438 D/SurveyApp pid=23210 tid=23210 uptimeMs=2197191387 msg=onCreate: pid=23210 process=com.negi.survey isMain=true sdk=36
20260909_011446 D/AiTrace pid=23210 tid=23245 uptimeMs=2197199158 msg=Installed (enabled=true ringEnabled=true)
20260909_011447 D/AiViewModel pid=23210 tid=23290 uptimeMs=2197200425 msg=run[1]: mode=EVAL_JSON phase=EVAL commit=true prompt.len=296, fullPrompt.len=1621, timeoutMs=60000
20260909_011447 D/AiViewModel pid=23210 tid=23290 uptimeMs=2197200428 msg=run[1]: sha(prompt)=15c8580d61f94645900cf40055177dc6f998d949d3703edee2ed93532c3a8943 sha(full)=780b4c9052a94e0cc4e880bb4b789b6ebb5281bad3029d90787ba37789eb72d8
20260909_011447 D/LiteRtRepository pid=23210 tid=23294 uptimeMs=2197200433 msg=[1] start model='gemma-3n-E4B-it' prompt.len=1621 sha=780b4c9052a94e0c gateWaitMs=3
20260909_011447 D/LiteRtRepository pid=23210 tid=23294 uptimeMs=2197200440 msg=[1] init ok initMs=6
20260909_011455 D/LiteRtRepository pid=23210 tid=23210 uptimeMs=2197207594 msg=[1] logicalDone=true
20260909_011455 D/LiteRtRepository pid=23210 tid=23210 uptimeMs=2197207595 msg=[1] native cleanup safepoint
20260909_011455 D/AiViewModel pid=23210 tid=23269 uptimeMs=2197207600 msg=run[1] stats: chunks=19, chars=57, raw.len=57
20260909_011455 D/AiViewModel pid=23210 tid=23269 uptimeMs=2197207603 msg=run[1] sha(raw)=ab14b55001d2beb69ad04631415bb763a2b057d9ad93175f37b561b905266cd3
20260909_011455 D/LiteRtRepository pid=23210 tid=23294 uptimeMs=2197207613 msg=[1] Conversation reset completed after safepoint
20260909_011455 I/LiteRtRepository pid=23210 tid=23293 uptimeMs=2197207614 msg=[1] finalize reason='native-terminated' totalMs=7182 inferenceMs=7174 firstTokenMs=4124 chunks=19 emittedChars=57 out.len=57 capturedAll=true logicalDone=true nativeTerminated=true cancelTag='null' lastDeltaMsAgo=183 lastEventMsAgo=20
20260909_011455 I/AiViewModel pid=23210 tid=23269 uptimeMs=2197207624 msg=run[1] done: phase=EVAL mode=EVAL_JSON score=100 FU0.len=0 FU0.sha16=none commit=true err=<none>
20260909_011504 I/AppRingLogStore pid=23423 tid=23423 uptimeMs=2197217140 msg=install: pid=23423 timeUtc=20260909_011504 uptimeMs=2197217139
20260909_011504 D/SurveyApp pid=23423 tid=23423 uptimeMs=2197217141 msg=attachBaseContext: pid=23423 process=com.negi.survey isMain=true sdk=36
20260909_011504 D/SurveyApp pid=23423 tid=23423 uptimeMs=2197217214 msg=onCreate: pid=23423 process=com.negi.survey isMain=true sdk=36
