=== Previous Session Logcat ===
captured_time_utc=20260223_175100
captured_time_local=20260223_095100
marker=2026-02-23 09:25:49.081
preferred_prev_pid=-1
note=best-effort; buffers may be overwritten before next start
sdk=36
device=Google Pixel 9a
appId=com.negi.survey
versionName=0.0.1
versionCode=1

=== Logcat (since marker) ===
--------- beginning of system
02-23 09:25:49.141  8477  8477 E VibratorInfo: Invalid frequency profile received from HAL. resonantFrequencyHz=NaN, frequenciesHz=null, outputAccelerationsGs=null
02-23 09:25:49.407  8477  8477 D InsetsController: hide(ime())
02-23 09:30:31.496  8477  8477 D InsetsController: hide(ime())
02-23 09:49:07.467  8477  8477 D InsetsController: show(ime())
02-23 09:49:07.468  8477  8477 D InsetsController: Setting requestedVisibleTypes to 511 (was 503)
02-23 09:49:07.480  8477  8477 D InsetsController: show(ime())
--------- beginning of main
02-23 09:49:07.806  8477  8477 D WindowOnBackDispatcher: setTopOnBackInvokedCallback (unwrapped): android.view.ImeBackAnimationController@93727fa
02-23 09:49:07.948  8477  8477 D VRI[MainActivity]: WindowInsets changed: ime:[0,0,0,1043] 
02-23 09:49:07.956  8477  8477 W InteractionJankMonitor: Initializing without READ_DEVICE_CONFIG permission. enabled=false, interval=1, missedFrameThreshold=3, frameTimeThreshold=64, package=com.negi.survey
02-23 09:49:07.962  8477  8477 D Autofill Status: Autofill popup isn't shown because autofill is not available.
02-23 09:49:07.962  8477  8477 D Autofill Status: 
02-23 09:49:07.962  8477  8477 D Autofill Status: Did you set up autofill?
02-23 09:49:07.962  8477  8477 D Autofill Status: 1. Go to Settings > System > Languages&input > Advanced > Autofill Service
02-23 09:49:07.962  8477  8477 D Autofill Status: 2. Pick a service
02-23 09:49:07.962  8477  8477 D Autofill Status: 
02-23 09:49:07.962  8477  8477 D Autofill Status: Did you add an account?
02-23 09:49:07.962  8477  8477 D Autofill Status: 1. Go to Settings > System > Languages&input > Advanced
02-23 09:49:07.962  8477  8477 D Autofill Status: 2. Click on the settings icon next to the Autofill Service
02-23 09:49:07.962  8477  8477 D Autofill Status: 3. Add your account
02-23 09:49:08.266  8477  8477 I ImeTracker: com.negi.survey:9652093d: onShown
02-23 09:49:10.232  8477  8477 D WindowOnBackDispatcher: setTopOnBackInvokedCallback (unwrapped): androidx.compose.ui.window.Api33Impl$$ExternalSyntheticLambda0@afd6e29
02-23 09:49:10.267  8477  8477 I ImeTracker: system_server:e1b60c56: onCancelled at PHASE_CLIENT_ON_CONTROLS_CHANGED
02-23 09:49:10.302  8477  8477 D WindowOnBackDispatcher: setTopOnBackInvokedCallback (unwrapped): android.app.Activity$$ExternalSyntheticLambda0@f84a2c4
02-23 09:49:10.305  8477  8477 D InsetsController: hide(ime())
02-23 09:49:10.305  8477  8477 I ImeTracker: com.negi.survey:7f86eed6: onCancelled at PHASE_CLIENT_ALREADY_HIDDEN
02-23 09:49:10.333  8477  8477 W RemoteInputConnectionImpl: requestCursorUpdates on inactive InputConnection
02-23 09:49:10.366  8477  8477 D VRI[MainActivity]: WindowInsets changed: ime:null 
02-23 09:49:10.441  8477  8477 I ImeTracker: system_server:3d2c93c2: onCancelled at PHASE_CLIENT_ON_CONTROLS_CHANGED
02-23 09:49:11.039  8477  8477 D VRI[Pop-Up Window]: updatePointerIcon called with position out of bounds
02-23 09:49:11.049  8477  8477 D VRI[Pop-Up Window]: updatePointerIcon called with position out of bounds
02-23 09:49:11.066  8477  8477 D VRI[Pop-Up Window]: updatePointerIcon called with position out of bounds
02-23 09:49:11.083  8477  8477 D VRI[Pop-Up Window]: updatePointerIcon called with position out of bounds
02-23 09:49:11.099  8477  8477 D VRI[Pop-Up Window]: updatePointerIcon called with position out of bounds
02-23 09:49:11.116  8477  8477 D VRI[Pop-Up Window]: updatePointerIcon called with position out of bounds
02-23 09:49:11.133  8477  8477 D VRI[Pop-Up Window]: updatePointerIcon called with position out of bounds
02-23 09:49:11.149  8477  8477 D VRI[Pop-Up Window]: updatePointerIcon called with position out of bounds
02-23 09:49:11.166  8477  8477 D VRI[Pop-Up Window]: updatePointerIcon called with position out of bounds
02-23 09:49:11.183  8477  8477 D VRI[Pop-Up Window]: updatePointerIcon called with position out of bounds
02-23 09:49:11.199  8477  8477 D VRI[Pop-Up Window]: updatePointerIcon called with position out of bounds
02-23 09:49:11.216  8477  8477 D VRI[Pop-Up Window]: updatePointerIcon called with position out of bounds
02-23 09:49:11.233  8477  8477 D VRI[Pop-Up Window]: updatePointerIcon called with position out of bounds
02-23 09:49:11.249  8477  8477 D VRI[Pop-Up Window]: updatePointerIcon called with position out of bounds
02-23 09:49:11.266  8477  8477 D VRI[Pop-Up Window]: updatePointerIcon called with position out of bounds
02-23 09:49:11.333  8477  8477 D VRI[Pop-Up Window]: updatePointerIcon called with position out of bounds
02-23 09:49:11.433  8477  8477 D VRI[Pop-Up Window]: updatePointerIcon called with position out of bounds
02-23 09:49:11.450  8477  8477 D VRI[Pop-Up Window]: updatePointerIcon called with position out of bounds
02-23 09:49:11.466  8477  8477 D VRI[Pop-Up Window]: updatePointerIcon called with position out of bounds
02-23 09:49:11.483  8477  8477 D VRI[Pop-Up Window]: updatePointerIcon called with position out of bounds
02-23 09:49:11.499  8477  8477 D VRI[Pop-Up Window]: updatePointerIcon called with position out of bounds
02-23 09:49:11.516  8477  8477 D VRI[Pop-Up Window]: updatePointerIcon called with position out of bounds
02-23 09:49:11.533  8477  8477 D VRI[Pop-Up Window]: updatePointerIcon called with position out of bounds
02-23 09:49:11.549  8477  8477 D VRI[Pop-Up Window]: updatePointerIcon called with position out of bounds
02-23 09:49:11.566  8477  8477 D VRI[Pop-Up Window]: updatePointerIcon called with position out of bounds
02-23 09:49:11.600  8477  8477 D VRI[Pop-Up Window]: updatePointerIcon called with position out of bounds
02-23 09:49:11.616  8477  8477 D VRI[Pop-Up Window]: updatePointerIcon called with position out of bounds
02-23 09:49:11.633  8477  8477 D VRI[Pop-Up Window]: updatePointerIcon called with position out of bounds
02-23 09:49:11.649  8477  8477 D VRI[Pop-Up Window]: updatePointerIcon called with position out of bounds
02-23 09:49:11.849  8477  8477 D VRI[Pop-Up Window]: updatePointerIcon called with position out of bounds
02-23 09:49:11.883  8477  8477 D VRI[Pop-Up Window]: updatePointerIcon called with position out of bounds
02-23 09:49:11.936  8477  8477 D WindowOnBackDispatcher: setTopOnBackInvokedCallback (unwrapped): null
02-23 09:49:12.033  8477  8477 D WindowOnBackDispatcher: setTopOnBackInvokedCallback (unwrapped): android.view.ImeBackAnimationController@93727fa
02-23 09:49:12.083  8477  8477 D VRI[MainActivity]: WindowInsets changed: ime:[0,0,0,1043] 
02-23 09:49:12.401  8477  8477 I ImeTracker: com.negi.survey:45eeb3dc: onShown
02-23 09:50:59.763  9757  9757 I libc    : SetHeapTaggingLevel: tag level set to 0
02-23 09:50:59.770  9757  9757 I Zygote  : Process 9757 created for com.negi.survey
02-23 09:50:59.771  9757  9757 I com.negi.survey: Using CollectorTypeCMC GC.
02-23 09:50:59.792  9757  9757 D nativeloader: Load libframework-connectivity-tiramisu-jni.so using APEX ns com_android_tethering for caller /apex/com.android.tethering/javalib/framework-connectivity-t.jar: ok
02-23 09:50:59.839  9757  9757 D ApplicationLoaders: Returning zygote-cached class loader: /system_ext/framework/androidx.window.extensions.jar
02-23 09:50:59.839  9757  9757 D ApplicationLoaders: Returning zygote-cached class loader: /system_ext/framework/androidx.window.sidecar.jar
02-23 09:50:59.854  9757  9757 D nativeloader: Configuring clns-9 for other apk /data/app/~~oYu3eq0ftG_dgWSqqV15Fw==/com.negi.survey-ILpmRVmemSOW4ldye72Wlg==/base.apk. target_sdk_version=36, uses_libraries=libOpenCL.so:libOpenCL-pixel.so, library_path=/data/app/~~oYu3eq0ftG_dgWSqqV15Fw==/com.negi.survey-ILpmRVmemSOW4ldye72Wlg==/lib/arm64:/data/app/~~oYu3eq0ftG_dgWSqqV15Fw==/com.negi.survey-ILpmRVmemSOW4ldye72Wlg==/base.apk!/lib/arm64-v8a, permitted_path=/data:/mnt/expand:/data/user/0/com.negi.survey
02-23 09:50:59.860  9757  9757 V GraphicsEnvironment: Currently set values for:
02-23 09:50:59.860  9757  9757 V GraphicsEnvironment:   angle_gl_driver_selection_pkgs=[com.android.angle, com.google.android.apps.tachyon]
02-23 09:50:59.860  9757  9757 V GraphicsEnvironment:   angle_gl_driver_selection_values=[angle, native]
02-23 09:50:59.860  9757  9757 V GraphicsEnvironment: com.negi.survey is not listed in per-application setting
02-23 09:50:59.861  9757  9757 V GraphicsEnvironment: ANGLE allowlist from config: 
02-23 09:50:59.861  9757  9757 V GraphicsEnvironment: No special selections for ANGLE, returning default driver choice
02-23 09:50:59.861  9757  9757 V GraphicsEnvironment: Neither updatable production driver nor prerelease driver is supported.
02-23 09:50:59.874  9757  9757 D nativeloader: Load /data/app/~~oYu3eq0ftG_dgWSqqV15Fw==/com.negi.survey-ILpmRVmemSOW4ldye72Wlg==/base.apk!/lib/arm64-v8a/liblitertlm_jni.so using class loader ns clns-9 (caller=/data/app/~~oYu3eq0ftG_dgWSqqV15Fw==/com.negi.survey-ILpmRVmemSOW4ldye72Wlg==/base.apk!classes4.dex): ok
02-23 09:50:59.874  9757  9757 D SurveyApp: Loaded LiteRTLM JNI: litertlm_jni where=attachBaseContext
02-23 09:50:59.880  9757  9757 D AppRingLogStore: installed: dir=/data/user/0/com.negi.survey/files/diagnostics/applog_ring idx=0
02-23 09:50:59.881  9757  9757 D CrashCapture: install: ensured default handler. where=SurveyApp:attachBaseContext pid=9757 default=com.negi.survey.CrashCapture$CrashHandler@b690374
02-23 09:50:59.883  9757  9775 D RuntimeLogStore: openWriter: start -> /data/user/0/com.negi.survey/files/diagnostics/runtime_logs/rtlog_20260223_175059_879_pid9757_seq1.log (bytes=0 format=LEGACY)
02-23 09:50:59.884  9757  9775 D RuntimeLogStore: retention: start files=2 kept=2 totalBytes=3070
02-23 09:50:59.889  9757  9757 D WM-PackageManagerHelper: Skipping component enablement for androidx.work.impl.background.systemjob.SystemJobService
02-23 09:50:59.889  9757  9757 D WM-Schedulers: Created SystemJobScheduler and enabled SystemJobService
02-23 09:50:59.893  9757  9777 D WM-ForceStopRunnable: Is default app process = true
02-23 09:50:59.893  9757  9777 D WM-ForceStopRunnable: Performing cleanup operations.
02-23 09:50:59.905  9757  9777 E ashmem  : Pinning is deprecated since Android Q. Please use trim or other methods.
02-23 09:50:59.941  9757  9777 D WM-SystemJobScheduler: Reconciling jobs
02-23 09:50:59.959  9757  9777 D WM-ForceStopRunnable: Application was force-stopped, rescheduling.
02-23 09:50:59.981  9757  9757 D github_upload: choosePolicy: uniqueName=upload_runtime_logs_startup policy=REPLACE states=[SUCCEEDED]
02-23 09:50:59.981  9757  9757 D github_upload: enqueueStartupRuntimeLogsUpload: uniqueName=upload_runtime_logs_startup policy=REPLACE
02-23 09:51:00.013  9757  9781 D WM-SystemJobScheduler: Scheduling work ID 3dc57cb8-a264-4e8c-9641-f0eb3296d3f8Job ID 2
02-23 09:51:00.024  9757  9781 D WM-GreedyScheduler: Starting tracking for 3dc57cb8-a264-4e8c-9641-f0eb3296d3f8
02-23 09:51:00.025  9757  9757 D github_upload: choosePolicy: uniqueName=upload_ring_logs_startup policy=REPLACE states=[SUCCEEDED]
02-23 09:51:00.025  9757  9757 D github_upload: enqueueStartupRingLogsUpload: uniqueName=upload_ring_logs_startup policy=REPLACE
02-23 09:51:00.025  9757  9757 D CrashCapture: install: ensured default handler. where=SurveyApp:onCreate(rewrap) pid=9757 default=com.negi.survey.CrashCapture$CrashHandler@b690374
02-23 09:51:00.025  9757  9757 D CrashCapture: registerSelfHealing: ActivityLifecycleCallbacks registered. mode=onResumedOnly
02-23 09:51:00.028  9757  9782 D CrashCapture: enqueuePendingCrashUploadsIfPossible enter where=SurveyApp:enqueuePending(immediate):bg pid=9757 thread=CrashCapture-Enqueue
02-23 09:51:00.037  9757  9757 D DesktopExperienceFlags: Toggle override initialized to: false
02-23 09:51:00.040  9757  9788 I DisplayManager: Choreographer implicitly registered for the refresh rate.
02-23 09:51:00.043  9757  9783 D UploadRescheduleRcvr: No GitHub pending files for action=android.intent.action.BOOT_COMPLETED
02-23 09:51:00.044  9757  9788 D vulkan  : searching for layers in '/data/app/~~oYu3eq0ftG_dgWSqqV15Fw==/com.negi.survey-ILpmRVmemSOW4ldye72Wlg==/lib/arm64'
02-23 09:51:00.045  9757  9788 D vulkan  : searching for layers in '/data/app/~~oYu3eq0ftG_dgWSqqV15Fw==/com.negi.survey-ILpmRVmemSOW4ldye72Wlg==/base.apk!/lib/arm64-v8a'
02-23 09:51:00.048  9757  9781 D WM-SystemJobScheduler: Scheduling work ID 7999ba08-69f0-4e91-a65c-fa568b28a2eaJob ID 3
02-23 09:51:00.053  9757  9757 D CompatChangeReporter: Compat change id reported: 377864165; UID 14741; state: ENABLED
02-23 09:51:00.053  9757  9757 D DesktopModeFlags: Toggle override initialized to: OVERRIDE_UNSET
02-23 09:51:00.058  9757  9757 I ContentCaptureHelper: Setting logging level to OFF
02-23 09:51:00.061  9757  9757 D CrashCapture: install: ensured default handler. where=selfHeal:onActivityResumed pid=9757 default=com.negi.survey.CrashCapture$CrashHandler@b690374
02-23 09:51:00.061  9757  9781 D WM-GreedyScheduler: Starting tracking for 7999ba08-69f0-4e91-a65c-fa568b28a2ea,3dc57cb8-a264-4e8c-9641-f0eb3296d3f8
02-23 09:51:00.064  9757  9783 D github_upload: choosePolicy: uniqueName=upload_runtime_logs_startup policy=KEEP states=[ENQUEUED]
02-23 09:51:00.064  9757  9783 D github_upload: enqueueStartupRuntimeLogsUpload: uniqueName=upload_runtime_logs_startup policy=KEEP
02-23 09:51:00.065  9757  9783 D UploadRescheduleRcvr: Enqueued runtime logs upload for action=android.intent.action.BOOT_COMPLETED reason=receiver_boot_completed
02-23 09:51:00.069  9757  9781 D WM-PackageManagerHelper: androidx.work.impl.background.systemalarm.RescheduleReceiver enabled
02-23 09:51:00.073  9757  9781 D WM-ConstraintTracker: NetworkStateTracker24: initial state = NetworkState(isConnected=true, isValidated=true, isMetered=false, isNotRoaming=true, isBlocked=false)
02-23 09:51:00.073  9757  9781 D WM-NetworkStateTracker: Registering network callback
02-23 09:51:00.098  9757  9757 D WindowOnBackDispatcher: setTopOnBackInvokedCallback (unwrapped): android.app.Activity$$ExternalSyntheticLambda0@e086d65
02-23 09:51:00.112  9757  9780 D WM-GreedyScheduler: Constraints met: Scheduling work ID WorkGenerationalId(workSpecId=3dc57cb8-a264-4e8c-9641-f0eb3296d3f8, generation=0)
02-23 09:51:00.116  9757  9780 D WM-Processor: Processor: processing WorkGenerationalId(workSpecId=3dc57cb8-a264-4e8c-9641-f0eb3296d3f8, generation=0)
02-23 09:51:00.116  9757  9781 D WM-GreedyScheduler: Constraints met: Scheduling work ID WorkGenerationalId(workSpecId=7999ba08-69f0-4e91-a65c-fa568b28a2ea, generation=0)
02-23 09:51:00.116  9757  9798 D WM-NetworkStateTracker: Network capabilities changed: [ Transports: WIFI Capabilities: NOT_METERED&INTERNET&NOT_RESTRICTED&TRUSTED&NOT_VPN&VALIDATED&NOT_ROAMING&FOREGROUND&NOT_CONGESTED&NOT_SUSPENDED&NOT_VCN_MANAGED&NOT_BANDWIDTH_CONSTRAINED LinkUpBandwidth>=13861Kbps LinkDnBandwidth>=103543Kbps TransportInfo: <SSID: <unknown ssid>, BSSID: 02:00:00:00:00:00, MAC: 02:00:00:00:00:00, IP: /192.168.1.27, Security type: 2, Supplicant state: COMPLETED, Wi-Fi standard: 11ac, RSSI: -30, Link speed: 866Mbps, Tx Link speed: 866Mbps, Max Supported Tx Link speed: 866Mbps, Rx Link speed: 866Mbps, Max Supported Rx Link speed: 866Mbps, Frequency: 5805MHz, Net ID: -1, Metered hint: false, score: 60, isUsable: true, CarrierMerged: false, SubscriptionId: -1, IsPrimary: -1, Trusted: true, Restricted: false, Ephemeral: false, OEM paid: false, OEM private: false, OSU AP: false, FQDN: <none>, Provider friendly name: <none>, Requesting package name: <none><none>MLO Information: , Is TID-To-Link negotiation supported by the AP: false, AP MLD Address: <none>, AP MLO Link Id: <none>, AP MLO Affiliated links: <none>, Vendor Data: <none>> SignalStrength: -30 UnderlyingNetworks: Null]
02-23 09:51:00.117  9757  9798 D WM-NetworkStateTracker: Network blocked status changed: false
02-23 09:51:00.122  9757  9757 E VibratorInfo: Invalid frequency profile received from HAL. resonantFrequencyHz=NaN, frequenciesHz=null, outputAccelerationsGs=null
02-23 09:51:00.134  9757  9781 D WM-Processor: Processor: processing WorkGenerationalId(workSpecId=7999ba08-69f0-4e91-a65c-fa568b28a2ea, generation=0)
02-23 09:51:00.152  9757  9757 D VRI[MainActivity]: WindowInsets changed: 1080x2424 statusBars:[0,152,0,0] navigationBars:[0,0,0,69] mandatorySystemGestures:[0,187,0,92] 
02-23 09:51:00.157  9757  9757 I HWUI    : Using FreeType backend (prop=Auto)
