=== Previous Session Logcat ===
captured_time_utc=20260223_172355
captured_time_local=20260223_092355
marker=2026-02-22 10:24:24.995
preferred_prev_pid=-1
note=best-effort; buffers may be overwritten before next start
sdk=36
device=Google Pixel 9a
appId=com.negi.survey
versionName=v0.0.1-20260222-033453
versionCode=15

=== Logcat (since marker) ===
--------- beginning of main
02-23 09:19:34.419 20222 20222 D CrashCapture: install: ensured default handler. where=selfHeal:onActivityResumed pid=20222 default=com.negi.survey.CrashCapture$CrashHandler@8c2cf61
02-23 09:19:34.440 20222 20222 D VRI[MainActivity]: visibilityChanged oldVisibility=false newVisibility=true
--------- beginning of system
02-23 09:19:34.865 20222 20222 D InsetsController: hide(ime())
02-23 09:19:34.865 20222 20222 I ImeTracker: com.negi.survey:5af240b5: onCancelled at PHASE_CLIENT_ALREADY_HIDDEN
02-23 09:19:36.735 20222 20222 D VRI[MainActivity]: visibilityChanged oldVisibility=true newVisibility=false
02-23 09:19:36.738 20222 20222 I AutofillManager: onInvisibleForAutofill(): expiringResponse
02-23 09:23:55.596  7411  7411 I libc    : SetHeapTaggingLevel: tag level set to 0
02-23 09:23:55.599  7411  7411 I Zygote  : Process 7411 created for com.negi.survey
02-23 09:23:55.600  7411  7411 I com.negi.survey: Using CollectorTypeCMC GC.
02-23 09:23:55.610  7411  7411 D nativeloader: Load libframework-connectivity-tiramisu-jni.so using APEX ns com_android_tethering for caller /apex/com.android.tethering/javalib/framework-connectivity-t.jar: ok
02-23 09:23:55.626  7411  7411 D ApplicationLoaders: Returning zygote-cached class loader: /system_ext/framework/androidx.window.extensions.jar
02-23 09:23:55.626  7411  7411 D ApplicationLoaders: Returning zygote-cached class loader: /system_ext/framework/androidx.window.sidecar.jar
02-23 09:23:55.663  7411  7411 D nativeloader: Configuring clns-9 for other apk /data/app/~~quF0wuidTJy9sUGp11nyWA==/com.negi.survey-WXS_c2eQ1Kcco3qxF5aDNw==/base.apk. target_sdk_version=36, uses_libraries=libOpenCL.so:libOpenCL-pixel.so, library_path=/data/app/~~quF0wuidTJy9sUGp11nyWA==/com.negi.survey-WXS_c2eQ1Kcco3qxF5aDNw==/lib/arm64:/data/app/~~quF0wuidTJy9sUGp11nyWA==/com.negi.survey-WXS_c2eQ1Kcco3qxF5aDNw==/base.apk!/lib/arm64-v8a, permitted_path=/data:/mnt/expand:/data/user/0/com.negi.survey
02-23 09:23:55.669  7411  7411 V GraphicsEnvironment: Currently set values for:
02-23 09:23:55.669  7411  7411 V GraphicsEnvironment:   angle_gl_driver_selection_pkgs=[com.android.angle, com.google.android.apps.tachyon]
02-23 09:23:55.669  7411  7411 V GraphicsEnvironment:   angle_gl_driver_selection_values=[angle, native]
02-23 09:23:55.669  7411  7411 V GraphicsEnvironment: com.negi.survey is not listed in per-application setting
02-23 09:23:55.669  7411  7411 V GraphicsEnvironment: ANGLE allowlist from config: 
02-23 09:23:55.669  7411  7411 V GraphicsEnvironment: No special selections for ANGLE, returning default driver choice
02-23 09:23:55.669  7411  7411 V GraphicsEnvironment: Neither updatable production driver nor prerelease driver is supported.
02-23 09:23:55.679  7411  7411 D AppRingLogStore: installed: dir=/data/user/0/com.negi.survey/files/diagnostics/applog_ring idx=0
02-23 09:23:55.680  7411  7411 D CrashCapture: install: ensured default handler. where=SurveyApp:attachBaseContext pid=7411 default=com.negi.survey.CrashCapture$CrashHandler@9e57f47
02-23 09:23:55.682  7411  7438 D RuntimeLogStore: openWriter: start -> /data/user/0/com.negi.survey/files/diagnostics/runtime_logs/rtlog_20260223_172355_677_pid7411_seq1.log (bytes=0 format=LEGACY)
02-23 09:23:55.682  7411  7411 D WM-PackageManagerHelper: Skipping component enablement for androidx.work.impl.background.systemjob.SystemJobService
02-23 09:23:55.683  7411  7411 D WM-Schedulers: Created SystemJobScheduler and enabled SystemJobService
02-23 09:23:55.684  7411  7438 D RuntimeLogStore: retention: start files=2 kept=2 totalBytes=21902
02-23 09:23:55.684  7411  7440 D WM-ForceStopRunnable: Is default app process = true
02-23 09:23:55.685  7411  7440 D WM-ForceStopRunnable: Performing cleanup operations.
02-23 09:23:55.691  7411  7440 E ashmem  : Pinning is deprecated since Android Q. Please use trim or other methods.
02-23 09:23:55.708  7411  7440 D WM-ForceStopRunnable: Application was force-stopped, rescheduling.
02-23 09:23:55.729  7411  7411 D github_upload: choosePolicy: uniqueName=upload_runtime_logs_startup policy=REPLACE states=[SUCCEEDED]
02-23 09:23:55.729  7411  7411 D github_upload: enqueueStartupRuntimeLogsUpload: uniqueName=upload_runtime_logs_startup policy=REPLACE
02-23 09:23:55.739  7411  7446 D WM-SystemJobScheduler: Scheduling work ID 03f5b70c-c434-44f8-823e-eeb203170828Job ID 6
02-23 09:23:55.760  7411  7446 D WM-GreedyScheduler: Starting tracking for 03f5b70c-c434-44f8-823e-eeb203170828
02-23 09:23:55.762  7411  7411 D github_upload: choosePolicy: uniqueName=upload_ring_logs_startup policy=REPLACE states=[SUCCEEDED]
02-23 09:23:55.762  7411  7411 D github_upload: enqueueStartupRingLogsUpload: uniqueName=upload_ring_logs_startup policy=REPLACE
02-23 09:23:55.763  7411  7411 D CrashCapture: install: ensured default handler. where=SurveyApp:onCreate(rewrap) pid=7411 default=com.negi.survey.CrashCapture$CrashHandler@9e57f47
02-23 09:23:55.763  7411  7411 D CrashCapture: registerSelfHealing: ActivityLifecycleCallbacks registered. mode=onResumedOnly
02-23 09:23:55.764  7411  7451 D CrashCapture: enqueuePendingCrashUploadsIfPossible enter where=SurveyApp:enqueuePending(immediate):bg pid=7411 thread=CrashCapture-Enqueue
02-23 09:23:55.772  7411  7411 D DesktopExperienceFlags: Toggle override initialized to: false
02-23 09:23:55.772  7411  7456 I DisplayManager: Choreographer implicitly registered for the refresh rate.
02-23 09:23:55.774  7411  7452 D UploadRescheduleRcvr: No GitHub pending files for action=android.intent.action.BOOT_COMPLETED
02-23 09:23:55.776  7411  7456 D vulkan  : searching for layers in '/data/app/~~quF0wuidTJy9sUGp11nyWA==/com.negi.survey-WXS_c2eQ1Kcco3qxF5aDNw==/lib/arm64'
02-23 09:23:55.776  7411  7456 D vulkan  : searching for layers in '/data/app/~~quF0wuidTJy9sUGp11nyWA==/com.negi.survey-WXS_c2eQ1Kcco3qxF5aDNw==/base.apk!/lib/arm64-v8a'
02-23 09:23:55.779  7411  7411 D CompatChangeReporter: Compat change id reported: 377864165; UID 14740; state: ENABLED
02-23 09:23:55.779  7411  7411 D DesktopModeFlags: Toggle override initialized to: OVERRIDE_UNSET
02-23 09:23:55.781  7411  7446 D WM-SystemJobScheduler: Scheduling work ID 8ef3ca25-e1e8-4a40-b808-1c9dd07c1998Job ID 7
02-23 09:23:55.782  7411  7411 I ContentCaptureHelper: Setting logging level to OFF
02-23 09:23:55.784  7411  7411 D CrashCapture: install: ensured default handler. where=selfHeal:onActivityResumed pid=7411 default=com.negi.survey.CrashCapture$CrashHandler@9e57f47
02-23 09:23:55.787  7411  7446 D WM-GreedyScheduler: Starting tracking for 03f5b70c-c434-44f8-823e-eeb203170828,8ef3ca25-e1e8-4a40-b808-1c9dd07c1998
02-23 09:23:55.791  7411  7452 D github_upload: choosePolicy: uniqueName=upload_runtime_logs_startup policy=KEEP states=[ENQUEUED]
02-23 09:23:55.791  7411  7452 D github_upload: enqueueStartupRuntimeLogsUpload: uniqueName=upload_runtime_logs_startup policy=KEEP
02-23 09:23:55.791  7411  7452 D UploadRescheduleRcvr: Enqueued runtime logs upload for action=android.intent.action.BOOT_COMPLETED reason=receiver_boot_completed
02-23 09:23:55.797  7411  7446 D WM-PackageManagerHelper: androidx.work.impl.background.systemalarm.RescheduleReceiver enabled
02-23 09:23:55.802  7411  7446 D WM-ConstraintTracker: NetworkStateTracker24: initial state = NetworkState(isConnected=true, isValidated=true, isMetered=false, isNotRoaming=true, isBlocked=false)
02-23 09:23:55.802  7411  7446 D WM-NetworkStateTracker: Registering network callback
02-23 09:23:55.807  7411  7446 D WM-GreedyScheduler: Constraints met: Scheduling work ID WorkGenerationalId(workSpecId=03f5b70c-c434-44f8-823e-eeb203170828, generation=0)
02-23 09:23:55.809  7411  7446 D WM-Processor: Processor: processing WorkGenerationalId(workSpecId=03f5b70c-c434-44f8-823e-eeb203170828, generation=0)
02-23 09:23:55.809  7411  7446 D WM-GreedyScheduler: Constraints met: Scheduling work ID WorkGenerationalId(workSpecId=8ef3ca25-e1e8-4a40-b808-1c9dd07c1998, generation=0)
02-23 09:23:55.812  7411  7446 D WM-Processor: Processor: processing WorkGenerationalId(workSpecId=8ef3ca25-e1e8-4a40-b808-1c9dd07c1998, generation=0)
02-23 09:23:55.813  7411  7474 D WM-NetworkStateTracker: Network capabilities changed: [ Transports: WIFI Capabilities: NOT_METERED&INTERNET&NOT_RESTRICTED&TRUSTED&NOT_VPN&VALIDATED&NOT_ROAMING&FOREGROUND&NOT_CONGESTED&NOT_SUSPENDED&NOT_VCN_MANAGED&NOT_BANDWIDTH_CONSTRAINED LinkUpBandwidth>=13861Kbps LinkDnBandwidth>=102585Kbps TransportInfo: <SSID: <unknown ssid>, BSSID: 02:00:00:00:00:00, MAC: 02:00:00:00:00:00, IP: /192.168.1.27, Security type: 2, Supplicant state: COMPLETED, Wi-Fi standard: 11ac, RSSI: -29, Link speed: 780Mbps, Tx Link speed: 780Mbps, Max Supported Tx Link speed: 866Mbps, Rx Link speed: 866Mbps, Max Supported Rx Link speed: 866Mbps, Frequency: 5805MHz, Net ID: -1, Metered hint: false, score: 60, isUsable: true, CarrierMerged: false, SubscriptionId: -1, IsPrimary: -1, Trusted: true, Restricted: false, Ephemeral: false, OEM paid: false, OEM private: false, OSU AP: false, FQDN: <none>, Provider friendly name: <none>, Requesting package name: <none><none>MLO Information: , Is TID-To-Link negotiation supported by the AP: false, AP MLD Address: <none>, AP MLO Link Id: <none>, AP MLO Affiliated links: <none>, Vendor Data: <none>> SignalStrength: -29 UnderlyingNetworks: Null]
02-23 09:23:55.813  7411  7474 D WM-NetworkStateTracker: Network blocked status changed: false
02-23 09:23:55.820  7411  7411 D WM-WorkerWrapper: Starting work for com.negi.survey.net.GitHubUploadWorker
02-23 09:23:55.820  7411  7411 D WM-WorkerWrapper: Starting work for com.negi.survey.net.GitHubUploadWorker
02-23 09:23:55.821  7411  7411 D WindowOnBackDispatcher: setTopOnBackInvokedCallback (unwrapped): android.app.Activity$$ExternalSyntheticLambda0@d3844f4
02-23 09:23:55.823  7411  7445 I WM-Processor: Moving WorkSpec (03f5b70c-c434-44f8-823e-eeb203170828) to the foreground
02-23 09:23:55.829  7411  7445 I WM-Processor: Moving WorkSpec (8ef3ca25-e1e8-4a40-b808-1c9dd07c1998) to the foreground
02-23 09:23:55.830  7411  7445 D WM-WorkProgressUpdater: Updating progress for 03f5b70c-c434-44f8-823e-eeb203170828 (Data {pct : 3, mode : startup_runtime_logs})
02-23 09:23:55.832  7411  7411 E VibratorInfo: Invalid frequency profile received from HAL. resonantFrequencyHz=NaN, frequenciesHz=null, outputAccelerationsGs=null
02-23 09:23:55.832  7411  7445 I WM-Processor: Moving WorkSpec (03f5b70c-c434-44f8-823e-eeb203170828) to the foreground
02-23 09:23:55.834  7411  7445 D WM-WorkProgressUpdater: Updating progress for 8ef3ca25-e1e8-4a40-b808-1c9dd07c1998 (Data {pct : 3, mode : startup_ring_logs})
02-23 09:23:55.840  7411  7445 I WM-Processor: Moving WorkSpec (8ef3ca25-e1e8-4a40-b808-1c9dd07c1998) to the foreground
02-23 09:23:55.872  7411  7411 D VRI[MainActivity]: WindowInsets changed: 1080x2424 statusBars:[0,152,0,0] navigationBars:[0,0,0,69] mandatorySystemGestures:[0,187,0,92] 
02-23 09:23:55.882  7411  7411 I HWUI    : Using FreeType backend (prop=Auto)
