=== RuntimeLogStore Header ===
ts=2026-09-29T23:10:56.354Z
fileNameFormat=LEGACY
appId=com.negi.survey
versionName=0.0.1
versionCode=1
debug=true
device=samsung SM-S731U
sdk=36
pid=14942
==============================
2026-09-29T23:10:56.355Z I/RuntimeLogStore [rtlog-io] start: actor launched (fileNameFormat=LEGACY)
2026-09-29T23:10:56.350Z D/SurveyApp [main] attachBaseContext: pid=14942 process=com.negi.survey isMain=true sdk=36
2026-09-29T23:10:56.351Z D/SurveyApp [main] bootTiming: attachBaseContext total=32ms
2026-09-29T23:10:56.351Z D/SurveyApp [main] Skipping WorkManager init in attachBaseContext; will init lazily on first enqueue.
2026-09-29T23:10:56.352Z D/SurveyApp [main] CrashCapture installed: where=SurveyApp:attachBaseContext
2026-09-29T23:10:56.370Z I/RuntimeLogStore [main] start repair: ctx/dir refreshed
2026-09-29T23:10:56.370Z D/SurveyApp [main] bootTiming: RuntimeLogStore.start took=0ms
2026-09-29T23:10:56.370Z D/SurveyApp [main] bootTiming: AppRingLogStore.install took=0ms
2026-09-29T23:10:56.371Z D/SurveyApp [main] onCreate: pid=14942 process=com.negi.survey isMain=true sdk=36
2026-09-29T23:10:56.376Z D/SurveyApp [main] CrashCapture installed: where=SurveyApp:onCreate(rewrap)
2026-09-29T23:10:56.376Z D/SurveyApp [main] CrashCapture self-healing registered.
2026-09-29T23:10:56.377Z W/SurveyApp [main] Startup enqueues deferred: delay=2500ms (to reduce init contention)
2026-09-29T23:10:56.377Z D/SurveyApp [main] Startup survey recovery deferred: delay=2500ms
2026-09-29T23:10:56.377Z D/SurveyApp [main] bootTiming: onCreate total=8ms
2026-09-29T23:10:56.522Z I/RuntimeLogStore [DefaultDispatcher-worker-1] start repair: ctx/dir refreshed
2026-09-29T23:10:58.240Z I/RuntimeLogStore [DefaultDispatcher-worker-5] start repair: ctx/dir refreshed
