=== Previous Session Logcat ===
captured_time_utc=20261007_054456
captured_time_local=20261007_084456
marker=2026-10-07 08:42:44.451
preferred_prev_pid=-1
note=best-effort; buffers may be overwritten before next start
sdk=35
device=samsung SM-S936B
appId=com.negi.survey
versionName=0.0.1
versionCode=105

=== Logcat (since marker) ===
--------- beginning of main
10-07 08:42:44.451 28466 28573 D CrashCapture: Staged prev session logcat: /data/user/0/com.negi.survey/files/diagnostics/crash/prevlog_20261007_054244_pid28466.log bytes=38581 marker=2026-10-05 14:03:05.918 pid=-1
10-07 08:42:44.452 28466 28573 D CrashCapture: Persisted logcat marker for next run: 2026-10-07 08:42:44.451
10-07 08:42:44.453 28466 28573 D CrashCapture: GitHub hints: owner=ishizuki-tech repo=SurveyExports branch=main pathPrefix=diagnostics/crash
10-07 08:42:44.453 28466 28573 D CrashCapture: Enqueuing GitHub crash uploads… (mirror-first) where=SurveyApp:enqueuePending(immediate):bg
10-07 08:42:44.453 28466 28573 D CrashCapture: GitHub enqueue(crash file): name=prevlog_20261007_054244_pid28466.log bytes=38581 remote=prevlog_20261007_054244_pid28466.log where=SurveyApp:enqueuePending(immediate):bg
10-07 08:42:44.454 28466 28573 D CrashCapture: GitHub enqueue(crash file): name=prevlog_20261005_110305_pid29946.log bytes=450354 remote=prevlog_20261005_110305_pid29946.log where=SurveyApp:enqueuePending(immediate):bg
10-07 08:42:44.455 28466 28508 D WM-SystemJobScheduler: Scheduling work ID b4c5d07e-e559-4b90-84e0-d34056509127Job ID 19
10-07 08:42:44.455 28466 28573 D CrashCapture: GitHub enqueue(crash file): name=prevlog_20261005_105421_pid25478.log bytes=339742 remote=prevlog_20261005_105421_pid25478.log where=SurveyApp:enqueuePending(immediate):bg
10-07 08:42:44.456 28466 28508 D WM-GreedyScheduler: Starting tracking for b4c5d07e-e559-4b90-84e0-d34056509127,5c52eb67-0aaa-4575-888d-dc2bf2fabc96,07ee9ced-890e-415d-bece-c31e72f8d59e
10-07 08:42:44.456 28466 28573 D CrashCapture: GitHub enqueue(ring file): bytes=3691 remote=ring_store/20261007_054244_pid28466_u762489/seg_00.log src=seg_00.log where=SurveyApp:enqueuePending(immediate):bg
10-07 08:42:44.456 28466 28573 D CrashCapture: Ring store enqueue done. dir=/data/user/0/com.negi.survey/files/diagnostics/applog_ring files=1 bytes=3691 capFiles=300 capBytes=90000000 where=SurveyApp:enqueuePending(immediate):bg
10-07 08:42:44.457 28466 28508 D WM-SystemJobScheduler: Scheduling work ID 83f2ee60-bca8-454e-9e54-a9c09d4ff8b9Job ID 20
10-07 08:42:44.457 28466 28508 D WM-GreedyScheduler: Starting tracking for b4c5d07e-e559-4b90-84e0-d34056509127,5c52eb67-0aaa-4575-888d-dc2bf2fabc96,83f2ee60-bca8-454e-9e54-a9c09d4ff8b9,07ee9ced-890e-415d-bece-c31e72f8d59e
10-07 08:42:44.458 28466 28508 D WM-SystemJobScheduler: Scheduling work ID 801bae8d-4650-425a-a118-2c8e78138ccbJob ID 21
10-07 08:42:44.458 28466 28508 D WM-GreedyScheduler: Starting tracking for 801bae8d-4650-425a-a118-2c8e78138ccb,b4c5d07e-e559-4b90-84e0-d34056509127,5c52eb67-0aaa-4575-888d-dc2bf2fabc96,83f2ee60-bca8-454e-9e54-a9c09d4ff8b9,07ee9ced-890e-415d-bece-c31e72f8d59e
10-07 08:42:44.459 28466 28508 D WM-SystemJobScheduler: Scheduling work ID 96540ba6-06eb-41fe-8f55-bd1c30772e85Job ID 22
10-07 08:42:44.460 28466 28508 D WM-GreedyScheduler: Starting tracking for 801bae8d-4650-425a-a118-2c8e78138ccb,96540ba6-06eb-41fe-8f55-bd1c30772e85,b4c5d07e-e559-4b90-84e0-d34056509127,5c52eb67-0aaa-4575-888d-dc2bf2fabc96,83f2ee60-bca8-454e-9e54-a9c09d4ff8b9,07ee9ced-890e-415d-bece-c31e72f8d59e
10-07 08:42:45.294 28466 28508 D WM-WorkConstraintsTrack: NetworkRequestConstraintController didn't receive neither onCapabilitiesChanged/onLost callback, sending `ConstraintsNotMet` after 1000 ms
10-07 08:42:45.295 28466 28508 D WM-WorkConstraintsTrack: NetworkRequestConstraintController didn't receive neither onCapabilitiesChanged/onLost callback, sending `ConstraintsNotMet` after 1000 ms
10-07 08:42:45.295 28466 28508 D WM-GreedyScheduler: Constraints not met: Cancelling work ID WorkGenerationalId(workSpecId=5c52eb67-0aaa-4575-888d-dc2bf2fabc96, generation=0)
10-07 08:42:45.295 28466 28508 D WM-GreedyScheduler: Constraints not met: Cancelling work ID WorkGenerationalId(workSpecId=07ee9ced-890e-415d-bece-c31e72f8d59e, generation=0)
10-07 08:42:45.462 28466 28510 D WM-WorkConstraintsTrack: NetworkRequestConstraintController didn't receive neither onCapabilitiesChanged/onLost callback, sending `ConstraintsNotMet` after 1000 ms
10-07 08:42:45.462 28466 28509 D WM-WorkConstraintsTrack: NetworkRequestConstraintController didn't receive neither onCapabilitiesChanged/onLost callback, sending `ConstraintsNotMet` after 1000 ms
10-07 08:42:45.462 28466 28509 D WM-WorkConstraintsTrack: NetworkRequestConstraintController didn't receive neither onCapabilitiesChanged/onLost callback, sending `ConstraintsNotMet` after 1000 ms
10-07 08:42:45.462 28466 28509 D WM-WorkConstraintsTrack: NetworkRequestConstraintController didn't receive neither onCapabilitiesChanged/onLost callback, sending `ConstraintsNotMet` after 1000 ms
10-07 08:42:45.462 28466 28509 D WM-GreedyScheduler: Constraints not met: Cancelling work ID WorkGenerationalId(workSpecId=b4c5d07e-e559-4b90-84e0-d34056509127, generation=0)
10-07 08:42:45.462 28466 28509 D WM-GreedyScheduler: Constraints not met: Cancelling work ID WorkGenerationalId(workSpecId=83f2ee60-bca8-454e-9e54-a9c09d4ff8b9, generation=0)
10-07 08:42:45.463 28466 28509 D WM-GreedyScheduler: Constraints not met: Cancelling work ID WorkGenerationalId(workSpecId=801bae8d-4650-425a-a118-2c8e78138ccb, generation=0)
10-07 08:42:45.463 28466 28509 D WM-GreedyScheduler: Constraints not met: Cancelling work ID WorkGenerationalId(workSpecId=96540ba6-06eb-41fe-8f55-bd1c30772e85, generation=0)
10-07 08:42:47.654 28466 28616 D ProfileInstaller: Skipping profile installation for com.negi.survey
10-07 08:42:53.402 28466 28466 I VRI[MainActivity]@d080491: handleAppVisibility mAppVisible = false visible = true
10-07 08:42:53.404 28466 28466 I VRI[MainActivity]@d080491: stopped(false) old = true
10-07 08:42:53.404 28466 28466 D VRI[MainActivity]@d080491: WindowStopped on com.negi.survey/com.negi.survey.MainActivity set to false
10-07 08:42:53.404 28466 28466 D CrashCapture: install: ensured default handler. where=selfHeal:onActivityResumed pid=28466 default=com.negi.survey.CrashCapture$CrashHandler@62f29f8
10-07 08:42:53.411 28466 28466 I InsetsSourceConsumer: applyRequestedVisibilityToControl: visible=true, type=navigationBars, host=com.negi.survey/com.negi.survey.MainActivity
10-07 08:42:53.411 28466 28466 I InsetsSourceConsumer: applyRequestedVisibilityToControl: visible=true, type=statusBars, host=com.negi.survey/com.negi.survey.MainActivity
10-07 08:42:53.411 28466 28466 I BufferQueueProducer: [](id:6f3200000002,api:0,p:0,c:28466) setDequeueTimeout:2077252342
10-07 08:42:53.411 28466 28466 I BLASTBufferQueue_Java: new BLASTBufferQueue, mName= VRI[MainActivity]@d080491 mNativeObject= 0xb400007812f49c90 sc.mNativeObject= 0xb400007872f20890 caller= android.view.ViewRootImpl.updateBlastSurfaceIfNeeded:3390 android.view.ViewRootImpl.relayoutWindow:11355 android.view.ViewRootImpl.performTraversals:4537 android.view.ViewRootImpl.doTraversal:3701 android.view.ViewRootImpl$TraversalRunnable.run:12533 android.view.Choreographer$CallbackRecord.run:1751 android.view.Choreographer$CallbackRecord.run:1760 android.view.Choreographer.doCallbacks:1216 android.view.Choreographer.doFrame:1142 android.view.Choreographer$FrameDisplayEventReceiver.run:1707 
10-07 08:42:53.411 28466 28466 I BLASTBufferQueue_Java: update, w= 1080 h= 2340 mName = VRI[MainActivity]@d080491 mNativeObject= 0xb400007812f49c90 sc.mNativeObject= 0xb400007872f20890 format= -1 caller= android.graphics.BLASTBufferQueue.<init>:88 android.view.ViewRootImpl.updateBlastSurfaceIfNeeded:3390 android.view.ViewRootImpl.relayoutWindow:11355 android.view.ViewRootImpl.performTraversals:4537 android.view.ViewRootImpl.doTraversal:3701 android.view.ViewRootImpl$TraversalRunnable.run:12533 
10-07 08:42:53.411 28466 28466 W libc    : Access denied finding property "vendor.gpp.create_frc_extension"
10-07 08:42:53.411 28466 28466 I VRI[MainActivity]@d080491: Relayout returned: old=(0,0,1080,2340) new=(0,0,1080,2340) relayoutAsync=false req=(1080,2340)0 dur=2 res=0x3 s={true 0xb4000077f2f5c000} ch=true seqId=0
10-07 08:42:53.411 28466 28466 D VRI[MainActivity]@d080491: mThreadedRenderer.initialize() mSurface={isValid=true 0xb4000077f2f5c000} hwInitialized=true
10-07 08:42:53.412 28466 28466 D VRI[MainActivity]@d080491: reportNextDraw android.view.ViewRootImpl.performTraversals:5186 android.view.ViewRootImpl.doTraversal:3701 android.view.ViewRootImpl$TraversalRunnable.run:12533 android.view.Choreographer$CallbackRecord.run:1751 android.view.Choreographer$CallbackRecord.run:1760 
10-07 08:42:53.412 28466 28466 D VRI[MainActivity]@d080491: Setup new sync=wmsSync-VRI[MainActivity]@d080491#4
10-07 08:42:53.412 28466 28466 I VRI[MainActivity]@d080491: Creating new active sync group VRI[MainActivity]@d080491#5
10-07 08:42:53.412 28466 28466 D VRI[MainActivity]@d080491: Start draw after previous draw not visible
10-07 08:42:53.412 28466 28466 D VRI[MainActivity]@d080491: registerCallbacksForSync syncBuffer=false
10-07 08:42:53.412 28466 28466 I View    : setRequestedFrameRate frameRate=-4.0, this=android.view.View{8c74151 V.ED..... ........ 0,0-0,0}, caller=androidx.compose.ui.platform.Api35Impl.setRequestedFrameRate:4047 androidx.compose.ui.platform.AndroidComposeView.dispatchDraw:2282 android.view.View.draw:26153 android.view.View.updateDisplayListIfDirty:24990 android.view.View.draw:25880 
10-07 08:42:53.412 28466 28497 D VRI[MainActivity]@d080491: Received frameDrawingCallback syncResult=0 frameNum=1.
10-07 08:42:53.412 28466 28497 I VRI[MainActivity]@d080491: mWNT: t=0xb400007832f57990 mBlastBufferQueue=0xb400007812f49c90 fn= 1 HdrRenderState mRenderHdrSdrRatio=1.0 caller= android.view.ViewRootImpl$11.onFrameDraw:15025 android.view.ThreadedRenderer$1.onFrameDraw:761 <bottom of call stack> 
10-07 08:42:53.412 28466 28497 I VRI[MainActivity]@d080491: Setting up sync and frameCommitCallback
10-07 08:42:53.413 28466 28491 I BLASTBufferQueue: [VRI[MainActivity]@d080491#2](f:0,a:0,s:0) onFrameAvailable the first frame is available
10-07 08:42:53.413 28466 28491 I SurfaceComposerClient: apply transaction with the first frame. layerId: 1180, bufferData(ID: 122260539047947, frameNumber: 1)
10-07 08:42:53.413 28466 28491 I VRI[MainActivity]@d080491: Received frameCommittedCallback lastAttemptedDrawFrameNum=1 didProduceBuffer=true
10-07 08:42:53.413 28466 28466 D VRI[MainActivity]@d080491: reportDrawFinished seqId=0
10-07 08:42:53.415 28466 28504 D LiteRtLM: LiteRT-LM native benchmark policy: enabled=false emulator=false
10-07 08:42:53.422 28466 28504 I litert  : [environment.cc:36] Creating LiteRT environment with options
10-07 08:42:53.422 28466 28504 W litert  : [npu_registry.cc:34] NPU accelerator could not be loaded and registered: kLiteRtStatusErrorInvalidArgument.
10-07 08:42:53.422 28466 28472 D InputTransport: Input channel destroyed: 'ClientS', fd=179
10-07 08:42:53.422 28466 28472 D InputTransport: Input channel destroyed: 'ClientS', fd=154
10-07 08:42:53.422 28466 28504 I litert  : [accelerator_registry.cc:54] RegisterAccelerator: ptr=0xb4000079b2f44db0, name=LiteRT GPU
10-07 08:42:53.422 28466 28504 I litert  : [gpu_registry.cc:87] Statically linked GPU accelerator registered.
10-07 08:42:53.422 28466 28504 I litert  : [accelerator_registry.cc:54] RegisterAccelerator: ptr=0xb4000079b2f3f3b0, name=CpuAccelerator
10-07 08:42:53.422 28466 28504 I litert  : [cpu_registry.cc:75] XNNPACK CPU accelerator registered.
10-07 08:42:53.425 28466 28466 I View    : setRequestedFrameRate frameRate=NaN, this=android.view.View{8c74151 V.ED..... ........ 0,0-0,0}, caller=androidx.compose.ui.platform.Api35Impl.setRequestedFrameRate:4047 androidx.compose.ui.platform.AndroidComposeView.dispatchDraw:2282 android.view.View.draw:26153 android.view.View.updateDisplayListIfDirty:24990 android.view.ViewGroup.recreateChildDisplayList:4759 
10-07 08:42:53.435 28466 28466 D VRI[MainActivity]@d080491: mThreadedRenderer.initializeIfNeeded()#2 mSurface={isValid=true 0xb4000077f2f5c000}
10-07 08:42:53.435 28466 28466 D InputMethodManagerUtils: startInputInner - Id : 0
10-07 08:42:53.435 28466 28466 I InputMethodManager: startInputInner - IInputMethodManagerGlobalInvoker.startInputOrWindowGainedFocus
10-07 08:42:53.436 28466 28477 D InputTransport: Input channel constructed: 'ClientS', fd=154
10-07 08:42:53.442 28466 28466 I InsetsSourceConsumer: applyRequestedVisibilityToControl: visible=false, type=ime, host=com.negi.survey/com.negi.survey.MainActivity
10-07 08:42:53.442 28466 28466 I VRI[MainActivity]@d080491: handleResized, frames=ClientWindowFrames{frame=[0,0][1080,2340] display=[0,0][1080,2340] parentFrame=[0,0][0,0]} displayId=0 dragResizing=false compatScale=1.0 frameChanged=false attachedFrameChanged=false configChanged=false displayChanged=false compatScaleChanged=false dragResizingChanged=false
10-07 08:42:53.606 28466 28504 I litert  : [environment.cc:36] Creating LiteRT environment with options
10-07 08:42:53.606 28466 28504 W litert  : [npu_registry.cc:34] NPU accelerator could not be loaded and registered: kLiteRtStatusErrorInvalidArgument.
10-07 08:42:53.607 28466 28504 I litert  : [accelerator_registry.cc:54] RegisterAccelerator: ptr=0xb4000079b2f49010, name=LiteRT GPU
10-07 08:42:53.607 28466 28504 I litert  : [gpu_registry.cc:87] Statically linked GPU accelerator registered.
10-07 08:42:53.607 28466 28504 I litert  : [accelerator_registry.cc:54] RegisterAccelerator: ptr=0xb4000079b2f49d90, name=CpuAccelerator
10-07 08:42:53.607 28466 28504 I litert  : [cpu_registry.cc:75] XNNPACK CPU accelerator registered.
10-07 08:42:53.607 28466 28504 W native  : W0000 00:00:1791351773.607035   28504 litert_lm_loader.cc:291] Section not found: 	
10-07 08:42:53.607 28466 28504 W native  : W0000 00:00:1791351773.607215   28504 litert_lm_loader.cc:291] Section not found: 	
10-07 08:42:53.607 28466 28504 I litert  : [compiled_model.cc:833] Flatbuffer model initialized directly from incoming litert model.
10-07 08:42:53.610 28466 28504 I tflite  : Initialized TensorFlow Lite runtime.
10-07 08:42:53.637 28466 28504 W libc    : Access denied finding property "ro.mediatek.platform"
10-07 08:42:53.694 28466 28504 E Adreno-AppProfiles: QSPM AIDL service doesn't exist
10-07 08:42:53.696 28466 28504 I native  : I0000 00:00:1791351773.696249   28504 delegate_opencl.cc:603] options->hint_waiting_for_completion: false
10-07 08:42:53.696 28466 28504 I native  : I0000 00:00:1791351773.696298   28504 delegate_opencl.cc:605] options->kernel_batch_size: -1
10-07 08:42:53.722 28466 28504 I AdrenoGLES-0: QUALCOMM build                   : 7a7d1616fb, I1b2d45fd3f
10-07 08:42:53.722 28466 28504 I AdrenoGLES-0: Build Date                       : 12/18/24
10-07 08:42:53.722 28466 28504 I AdrenoGLES-0: OpenGL ES Shader Compiler Version: E031.47.18.13
10-07 08:42:53.722 28466 28504 I AdrenoGLES-0: Local Branch                     : 
10-07 08:42:53.722 28466 28504 I AdrenoGLES-0: Remote Branch                    : refs/tags/AU_LINUX_ANDROID_LA.VENDOR.15.4.0.11.00.00.1088.540
10-07 08:42:53.722 28466 28504 I AdrenoGLES-0: Remote Branch                    : NONE
10-07 08:42:53.722 28466 28504 I AdrenoGLES-0: Reconstruct Branch               : NOTHING
10-07 08:42:53.722 28466 28504 I AdrenoGLES-0: Build Config                     : S P 18.0.0 AArch64
10-07 08:42:53.722 28466 28504 I AdrenoGLES-0: Driver Path                      : /vendor/lib64/egl/libGLESv2_adreno.so
10-07 08:42:53.722 28466 28504 I AdrenoGLES-0: Driver Version                   : 0800.17.11
10-07 08:42:53.722 28466 28504 I AdrenoGLES-0: Process Name                     : com.negi.survey
10-07 08:42:53.724 28466 28504 I AdrenoGLES-0: PFP: 0x01500364, ME: 0x01500012
10-07 08:42:53.725 28466 28504 E Adreno-AppProfiles: QSPM AIDL service doesn't exist
10-07 08:42:53.726 28466 28504 E libEGL  : call to OpenGL ES API with no current context (logged once per thread)
10-07 08:42:53.731 28466 28504 I litert  : [environment.cc:47] Adding options to the existing LiteRT environment
10-07 08:42:53.731 28466 28504 I tflite  : Loaded OpenCL library with dlopen.
10-07 08:42:53.731 28466 28504 I litert  : [gpu_environment.cc:220] Created OpenCL device from provided device id and platform id.
10-07 08:42:53.732 28466 28504 I litert  : [gpu_environment.cc:283] Reusing provided EGL environment.
10-07 08:42:53.732 28466 28504 I litert  : [gpu_environment.h:155] Created LiteRT GpuEnvironment.
10-07 08:42:53.732 28466 28504 I litert  : [environment.cc:47] Adding options to the existing LiteRT environment
10-07 08:42:53.759 28466 28504 I tflite  : Replacing 3326 out of 3326 node(s) with delegate (LITERT_CL) node, yielding 1 partitions for subgraph 0 (decode).
10-07 08:43:00.079 28466 28530 I HWUI    : Davey! duration=2960ms; Flags=0, FrameTimelineVsyncId=667645, IntendedVsync=14807225160821, Vsync=14807225160821, InputEventId=0, HandleInputStart=14807225334297, AnimationStart=14807225334401, PerformTraversalsStart=14807225474297, DrawStart=14807225485078, FrameDeadline=14807233494154, FrameInterval=14807225333620, FrameStartTime=8339754, SyncQueued=14807225557578, SyncStart=14807225597422, IssueDrawCommandsStart=14807225608828, SwapBuffers=14807225925390, FrameCompleted=14810185983462, DequeueBufferDuration=3281, QueueBufferDuration=210417, GpuCompleted=14810185983462, SwapBuffersCompleted=14807226155234, DisplayPresentTime=14806249388619, CommandSubmissionCompleted=14807225925390, 
10-07 08:43:00.080 28466 28466 I Choreographer: Skipped 352 frames!  The application may be doing too much work on its main thread.
10-07 08:43:00.082 28466 28504 I native  : I0000 00:00:1791351780.082232   28504 delegate_kernel.cc:330] Total 81 external tensors are used for delegate inputs and outputs
10-07 08:43:00.082 28466 28504 I native  : I0000 00:00:1791351780.082296   28504 delegate_kernel.cc:906] Initializing OpenCL-based API from serialized data.
10-07 08:43:00.238 28466 28504 I native  : I0000 00:00:1791351780.238810   28504 delegate_kernel.cc:804] Initialized InferenceContext from serialized data.
10-07 08:43:00.332 28466 28504 I tflite  : Replacing 2145 out of 2145 node(s) with delegate (LITERT_CL) node, yielding 1 partitions for subgraph 1 (prefill_16).
10-07 08:43:00.355 28466 28504 I native  : I0000 00:00:1791351780.355552   28504 delegate_kernel.cc:330] Total 80 external tensors are used for delegate inputs and outputs
10-07 08:43:00.355 28466 28504 I native  : I0000 00:00:1791351780.355609   28504 delegate_kernel.cc:906] Initializing OpenCL-based API from serialized data.
10-07 08:43:00.465 28466 28504 I native  : I0000 00:00:1791351780.465650   28504 delegate_kernel.cc:804] Initialized InferenceContext from serialized data.
10-07 08:43:00.507 28466 28504 I tflite  : Replacing 2145 out of 2145 node(s) with delegate (LITERT_CL) node, yielding 1 partitions for subgraph 2 (prefill_256).
10-07 08:43:00.529 28466 28504 I native  : I0000 00:00:1791351780.529815   28504 delegate_kernel.cc:330] Total 80 external tensors are used for delegate inputs and outputs
10-07 08:43:00.529 28466 28504 I native  : I0000 00:00:1791351780.529887   28504 delegate_kernel.cc:906] Initializing OpenCL-based API from serialized data.
10-07 08:43:00.694 28466 28504 I native  : I0000 00:00:1791351780.694043   28504 delegate_kernel.cc:804] Initialized InferenceContext from serialized data.
10-07 08:43:00.715 28466 28504 I litert  : [environment.cc:36] Creating LiteRT environment with options
10-07 08:43:00.715 28466 28504 W litert  : [npu_registry.cc:34] NPU accelerator could not be loaded and registered: kLiteRtStatusErrorInvalidArgument.
10-07 08:43:00.715 28466 28504 I litert  : [accelerator_registry.cc:54] RegisterAccelerator: ptr=0xb4000079b2f5b970, name=LiteRT GPU
10-07 08:43:00.715 28466 28504 I litert  : [gpu_registry.cc:87] Statically linked GPU accelerator registered.
10-07 08:43:00.715 28466 28504 I litert  : [accelerator_registry.cc:54] RegisterAccelerator: ptr=0xb4000079b2f5c1b0, name=CpuAccelerator
10-07 08:43:00.715 28466 28504 I litert  : [cpu_registry.cc:75] XNNPACK CPU accelerator registered.
10-07 08:43:00.975 28466 28504 W native  : W0000 00:00:1791351780.975300   28504 litert_lm_loader.cc:291] Section not found: 
10-07 08:43:00.975 28466 28504 W native  : W0000 00:00:1791351780.975345   28504 litert_lm_loader.h:129] TFLite model for type: TF_LITE_END_OF_VISION not found. Skipping.
10-07 08:43:00.976 28466 28504 I litert  : [compiled_model.cc:833] Flatbuffer model initialized directly from incoming litert model.
10-07 08:43:00.979 28466 28504 W litert  : [compiled_model.cc:986] You should provide the `DispatchLibraryDir` option to use NPU.
10-07 08:43:00.979 28466 28504 I tflite  : Created TensorFlow Lite XNNPACK delegate for CPU.
10-07 08:43:00.980 28466 28504 I tflite  : Replacing 2 out of 10 node(s) with delegate (TfLiteXNNPackDelegate) node, yielding 2 partitions for subgraph 0 (main).
10-07 08:43:00.982 28466 28504 I litert  : [compiled_model.cc:833] Flatbuffer model initialized directly from incoming litert model.
10-07 08:43:00.982 28466 28504 W litert  : [compiled_model.cc:986] You should provide the `DispatchLibraryDir` option to use NPU.
10-07 08:43:00.982 28466 28504 I litert  : [compiled_model.cc:1790] Tracked constant output tensor eoa_embedding with locked address
10-07 08:43:00.997 28466 28504 I litert  : [compiled_model.cc:833] Flatbuffer model initialized directly from incoming litert model.
10-07 08:43:01.093 28466 28504 W litert  : [compiled_model.cc:986] You should provide the `DispatchLibraryDir` option to use NPU.
10-07 08:43:01.093 28466 28504 I tflite  : Replacing 1 out of 44 node(s) with delegate (TfLiteXNNPackDelegate) node, yielding 2 partitions for subgraph 0 (main).
10-07 08:43:01.094 28466 28504 W LiteRtLM: Engine.initialize completed: key='fs|dev=65083|ino=38577|size=4919541760|mtime=1791197404755' backend=com.google.ai.edge.litertlm.Backend$GPU@3546aa1 took=7673ms cacheFilesAfter=2
10-07 08:43:01.130 28466 28466 I View    : setRequestedFrameRate frameRate=-4.0, this=android.view.View{8c74151 V.ED..... ........ 0,0-0,0}, caller=androidx.compose.ui.platform.Api35Impl.setRequestedFrameRate:4047 androidx.compose.ui.platform.AndroidComposeView.dispatchDraw:2282 android.view.View.draw:26153 android.view.View.updateDisplayListIfDirty:24990 android.view.View.draw:25880 
10-07 08:43:01.130 28466 28466 D MainActivity: SLM Engine warm-up started. session=survey_config_sw_10.yaml@2 model=Gemma3n4B
10-07 08:43:01.131 28466 28466 D MainActivity: SLM Engine warm-up finished. session=survey_config_sw_10.yaml@2 model=Gemma3n4B elapsedMs=0
10-07 08:43:02.195 28466 28466 I VRI[MainActivity]@d080491: ViewPostIme pointer 0
10-07 08:43:02.196 28466 28466 I VRI[MainActivity]@d080491: call setFrameRateCategory for touch hint category=high hint, reason=touch, vri=VRI[MainActivity]@d080491
10-07 08:43:02.198 28466 28466 I View    : setRequestedFrameRate frameRate=NaN, this=android.view.View{8c74151 V.ED..... ........ 0,0-0,0}, caller=androidx.compose.ui.platform.Api35Impl.setRequestedFrameRate:4047 androidx.compose.ui.platform.AndroidComposeView.dispatchDraw:2282 android.view.View.draw:26153 android.view.View.updateDisplayListIfDirty:24990 android.view.ViewGroup.recreateChildDisplayList:4759 
10-07 08:43:02.243 28466 28466 I VRI[MainActivity]@d080491: ViewPostIme pointer 1
10-07 08:43:02.391 28466 28466 I ImeFocusController: onPreWindowFocus: skipped hasWindowFocus=false mHasImeFocus=true
10-07 08:43:02.391 28466 28466 I ImeFocusController: onPostWindowFocus: skipped hasWindowFocus=false mHasImeFocus=true
10-07 08:43:02.463 28466 28466 D InputTransport: Input channel destroyed: 'ClientS', fd=154
10-07 08:43:03.676 28466 28466 D CrashCapture: install: ensured default handler. where=selfHeal:onActivityResumed pid=28466 default=com.negi.survey.CrashCapture$CrashHandler@62f29f8
10-07 08:43:03.677 28466 28466 I InsetsSourceConsumer: applyRequestedVisibilityToControl: visible=true, type=navigationBars, host=com.negi.survey/com.negi.survey.MainActivity
10-07 08:43:03.677 28466 28466 I InsetsSourceConsumer: applyRequestedVisibilityToControl: visible=true, type=statusBars, host=com.negi.survey/com.negi.survey.MainActivity
10-07 08:43:03.686 28466 28466 I TextToSpeech: Create TextToSpeech : caller process id[28466] / name[com.negi.survey] / target[null]
10-07 08:43:03.752 28466 28466 I TextToSpeech: com.negi.survey is not allowed to bind to private engine.
10-07 08:43:03.752 28466 28466 I TextToSpeech: getHighestRankedPublicEngineName = com.google.android.tts
10-07 08:43:03.753 28466 28466 I TextToSpeech: Sucessfully bound to com.google.android.tts
10-07 08:43:03.806 28466 28466 I View    : setRequestedFrameRate frameRate=-4.0, this=android.view.View{8c74151 V.ED..... ........ 0,0-0,0}, caller=androidx.compose.ui.platform.Api35Impl.setRequestedFrameRate:4047 androidx.compose.ui.platform.AndroidComposeView.dispatchDraw:2282 android.view.View.draw:26153 android.view.View.updateDisplayListIfDirty:24990 android.view.View.draw:25880 
10-07 08:43:03.807 28466 28466 D WhisperSpeechController: updateContext: surveyId=41606ae8-f8d4-4227-8a1d-98c50cd4f31c, questionId=Start
10-07 08:43:03.808 28466 28466 I View    : setRequestedFrameRate frameRate=NaN, this=android.view.View{8c74151 V.ED..... ........ 0,0-0,0}, caller=androidx.compose.ui.platform.Api35Impl.setRequestedFrameRate:4047 androidx.compose.ui.platform.AndroidComposeView.dispatchDraw:2282 android.view.View.draw:26153 android.view.View.updateDisplayListIfDirty:24990 android.view.ViewGroup.recreateChildDisplayList:4759 
10-07 08:43:03.810 28466 28466 D VRI[MainActivity]@d080491: mThreadedRenderer.initializeIfNeeded()#2 mSurface={isValid=true 0xb4000077f2f5c000}
10-07 08:43:03.810 28466 28466 D InputMethodManagerUtils: startInputInner - Id : 0
10-07 08:43:03.810 28466 28466 I InputMethodManager: startInputInner - IInputMethodManagerGlobalInvoker.startInputOrWindowGainedFocus
10-07 08:43:03.811 28466 28476 D InputTransport: Input channel constructed: 'ClientS', fd=164
10-07 08:43:03.817 28466 28466 I InsetsSourceConsumer: applyRequestedVisibilityToControl: visible=false, type=ime, host=com.negi.survey/com.negi.survey.MainActivity
10-07 08:43:03.875 28466 28476 I TextToSpeech: Connected to TTS engine
10-07 08:43:04.507 28466 28808 I TextToSpeech: Setting up the connection to TTS engine...
10-07 08:43:04.522 28466 28466 D TtsController: TextToSpeech ready: locale=sw rate=1.0 pitch=1.0
10-07 08:43:05.295 28466 28466 I VRI[MainActivity]@d080491: call setFrameRateCategory for touch hint category=no preference, reason=boost timeout, vri=VRI[MainActivity]@d080491
10-07 08:43:09.962 28466 28466 I VRI[MainActivity]@d080491: ViewPostIme key 0
--------- beginning of system
10-07 08:43:09.962 28466 28466 D Activity: onKeyDown(KEYCODE_BACK), activity=com.negi.survey.MainActivity@cd1c917
10-07 08:43:10.095 28466 28466 I VRI[MainActivity]@d080491: ViewPostIme key 1
10-07 08:43:10.098 28466 28466 D Activity: onBackInvoked, activity=com.negi.survey.MainActivity@cd1c917, caller=android.app.Activity.onBackPressed:4396 androidx.activity.ComponentActivity.onBackPressedDispatcher_delegate$lambda$0$0:621 androidx.activity.ComponentActivity.$r8$lambda$vCwjfXDiSGcirCy4I008VOiJ_lw:0 
10-07 08:43:10.115 28466 28466 I ImeFocusController: onPreWindowFocus: skipped hasWindowFocus=false mHasImeFocus=true
10-07 08:43:10.115 28466 28466 I ImeFocusController: onPostWindowFocus: skipped hasWindowFocus=false mHasImeFocus=true
10-07 08:43:10.191 28466 28466 D InputTransport: Input channel destroyed: 'ClientS', fd=164
10-07 08:43:10.527 28466 28466 I VRI[MainActivity]@d080491: handleAppVisibility mAppVisible = true visible = false
10-07 08:43:10.527 28466 28466 D VRI[MainActivity]@d080491: visibilityChanged oldVisibility=true newVisibility=false
10-07 08:43:10.531 28466 28491 D HWUI    : CacheManager::trimMemory(20)
10-07 08:43:10.538 28466 28466 I VRI[MainActivity]@d080491: Relayout returned: old=(0,0,1080,2340) new=(0,0,1080,2340) relayoutAsync=false req=(1080,2340)8 dur=1 res=0x2 s={false 0x0} ch=true seqId=0
10-07 08:43:10.538 28466 28466 D VRI[MainActivity]@d080491: Not drawing due to not visible. Reason=!mAppVisible && !mForceDecorViewVisibility
10-07 08:43:10.538 28466 28491 D HWUI    : CacheManager::trimMemory(20)
10-07 08:43:10.540 28466 28466 I VRI[MainActivity]@d080491: stopped(true) old = false
10-07 08:43:10.540 28466 28466 D VRI[MainActivity]@d080491: WindowStopped on com.negi.survey/com.negi.survey.MainActivity set to true
10-07 08:43:10.540 28466 28491 D HWUI    : CacheManager::trimMemory(20)
10-07 08:43:10.980 28466 28466 I VRI[MainActivity]@d080491: handleAppVisibility mAppVisible = false visible = true
10-07 08:43:10.983 28466 28466 I VRI[MainActivity]@d080491: stopped(false) old = true
10-07 08:43:10.983 28466 28466 D VRI[MainActivity]@d080491: WindowStopped on com.negi.survey/com.negi.survey.MainActivity set to false
10-07 08:43:10.984 28466 28466 D CrashCapture: install: ensured default handler. where=selfHeal:onActivityResumed pid=28466 default=com.negi.survey.CrashCapture$CrashHandler@62f29f8
10-07 08:43:10.991 28466 28466 I InsetsSourceConsumer: applyRequestedVisibilityToControl: visible=true, type=navigationBars, host=com.negi.survey/com.negi.survey.MainActivity
10-07 08:43:10.991 28466 28466 I InsetsSourceConsumer: applyRequestedVisibilityToControl: visible=true, type=statusBars, host=com.negi.survey/com.negi.survey.MainActivity
10-07 08:43:10.991 28466 28466 I BufferQueueProducer: [](id:6f3200000003,api:0,p:114,c:28466) setDequeueTimeout:2077252342
10-07 08:43:10.991 28466 28466 I BLASTBufferQueue_Java: new BLASTBufferQueue, mName= VRI[MainActivity]@d080491 mNativeObject= 0xb400007812f49c90 sc.mNativeObject= 0xb400007872f23710 caller= android.view.ViewRootImpl.updateBlastSurfaceIfNeeded:3390 android.view.ViewRootImpl.relayoutWindow:11355 android.view.ViewRootImpl.performTraversals:4537 android.view.ViewRootImpl.doTraversal:3701 android.view.ViewRootImpl$TraversalRunnable.run:12533 android.view.Choreographer$CallbackRecord.run:1751 android.view.Choreographer$CallbackRecord.run:1760 android.view.Choreographer.doCallbacks:1216 android.view.Choreographer.doFrame:1142 android.view.Choreographer$FrameDisplayEventReceiver.run:1707 
10-07 08:43:10.991 28466 28466 I BLASTBufferQueue_Java: update, w= 1080 h= 2340 mName = VRI[MainActivity]@d080491 mNativeObject= 0xb400007812f49c90 sc.mNativeObject= 0xb400007872f23710 format= -1 caller= android.graphics.BLASTBufferQueue.<init>:88 android.view.ViewRootImpl.updateBlastSurfaceIfNeeded:3390 android.view.ViewRootImpl.relayoutWindow:11355 android.view.ViewRootImpl.performTraversals:4537 android.view.ViewRootImpl.doTraversal:3701 android.view.ViewRootImpl$TraversalRunnable.run:12533 
10-07 08:43:10.992 28466 28466 W libc    : Access denied finding property "vendor.gpp.create_frc_extension"
10-07 08:43:10.992 28466 28466 I VRI[MainActivity]@d080491: Relayout returned: old=(0,0,1080,2340) new=(0,0,1080,2340) relayoutAsync=false req=(1080,2340)0 dur=2 res=0x3 s={true 0xb4000077f2f5c000} ch=true seqId=0
10-07 08:43:10.992 28466 28466 D VRI[MainActivity]@d080491: mThreadedRenderer.initialize() mSurface={isValid=true 0xb4000077f2f5c000} hwInitialized=true
10-07 08:43:10.992 28466 28466 D VRI[MainActivity]@d080491: reportNextDraw android.view.ViewRootImpl.performTraversals:5186 android.view.ViewRootImpl.doTraversal:3701 android.view.ViewRootImpl$TraversalRunnable.run:12533 android.view.Choreographer$CallbackRecord.run:1751 android.view.Choreographer$CallbackRecord.run:1760 
10-07 08:43:10.992 28466 28466 D VRI[MainActivity]@d080491: Setup new sync=wmsSync-VRI[MainActivity]@d080491#6
10-07 08:43:10.992 28466 28466 I VRI[MainActivity]@d080491: Creating new active sync group VRI[MainActivity]@d080491#7
10-07 08:43:10.992 28466 28466 D VRI[MainActivity]@d080491: Start draw after previous draw not visible
10-07 08:43:10.992 28466 28466 D VRI[MainActivity]@d080491: registerCallbacksForSync syncBuffer=false
10-07 08:43:10.993 28466 28497 D VRI[MainActivity]@d080491: Received frameDrawingCallback syncResult=0 frameNum=1.
10-07 08:43:10.993 28466 28497 I VRI[MainActivity]@d080491: mWNT: t=0xb4000078330824d0 mBlastBufferQueue=0xb400007812f49c90 fn= 1 HdrRenderState mRenderHdrSdrRatio=1.0 caller= android.view.ViewRootImpl$11.onFrameDraw:15025 android.view.ThreadedRenderer$1.onFrameDraw:761 <bottom of call stack> 
10-07 08:43:10.993 28466 28497 I VRI[MainActivity]@d080491: Setting up sync and frameCommitCallback
10-07 08:43:10.994 28466 28491 I BLASTBufferQueue: [VRI[MainActivity]@d080491#3](f:0,a:0,s:0) onFrameAvailable the first frame is available
10-07 08:43:10.994 28466 28491 I SurfaceComposerClient: apply transaction with the first frame. layerId: 1215, bufferData(ID: 122260539047951, frameNumber: 1)
10-07 08:43:10.994 28466 28491 I VRI[MainActivity]@d080491: Received frameCommittedCallback lastAttemptedDrawFrameNum=1 didProduceBuffer=true
10-07 08:43:10.994 28466 28466 D VRI[MainActivity]@d080491: reportDrawFinished seqId=0
10-07 08:43:11.008 28466 28466 D VRI[MainActivity]@d080491: mThreadedRenderer.initializeIfNeeded()#2 mSurface={isValid=true 0xb4000077f2f5c000}
10-07 08:43:11.009 28466 28466 D InputMethodManagerUtils: startInputInner - Id : 0
10-07 08:43:11.009 28466 28466 I InputMethodManager: startInputInner - IInputMethodManagerGlobalInvoker.startInputOrWindowGainedFocus
10-07 08:43:11.010 28466 28475 D InputTransport: Input channel constructed: 'ClientS', fd=148
10-07 08:43:11.016 28466 28466 I InsetsSourceConsumer: applyRequestedVisibilityToControl: visible=false, type=ime, host=com.negi.survey/com.negi.survey.MainActivity
10-07 08:43:11.016 28466 28466 I VRI[MainActivity]@d080491: handleResized, frames=ClientWindowFrames{frame=[0,0][1080,2340] display=[0,0][1080,2340] parentFrame=[0,0][0,0]} displayId=0 dragResizing=false compatScale=1.0 frameChanged=false attachedFrameChanged=false configChanged=false displayChanged=false compatScaleChanged=false dragResizingChanged=false
10-07 08:43:12.512 28466 28466 I VRI[MainActivity]@d080491: ViewPostIme pointer 0
10-07 08:43:12.513 28466 28466 I VRI[MainActivity]@d080491: call setFrameRateCategory for touch hint category=high hint, reason=touch, vri=VRI[MainActivity]@d080491
10-07 08:43:12.578 28466 28466 I VRI[MainActivity]@d080491: ViewPostIme pointer 1
10-07 08:43:12.579 28466 28466 D WhisperSpeechController: stopRecording: not recording, ignoring
10-07 08:43:12.595 28466 28466 I View    : setRequestedFrameRate frameRate=-4.0, this=android.view.View{8c74151 V.ED..... ........ 0,0-0,0}, caller=androidx.compose.ui.platform.Api35Impl.setRequestedFrameRate:4047 androidx.compose.ui.platform.AndroidComposeView.dispatchDraw:2282 android.view.View.draw:26153 android.view.View.updateDisplayListIfDirty:24990 android.view.ViewGroup.recreateChildDisplayList:4759 
10-07 08:43:12.595 28466 28466 D MainActivity: Home -> Start survey. session=survey_config_sw_10.yaml@2 freeTextDraftLen=0 (run-scoped)
10-07 08:43:12.597 28466 28466 D MainActivity: Home -> Start survey: runNoteLen=0 (restoredAfterReset)
10-07 08:43:12.601 28466 28466 W WindowOnBackDispatcher: OnBackInvokedCallback is not enabled for the application.
10-07 08:43:12.601 28466 28466 W WindowOnBackDispatcher: Set 'android:enableOnBackInvokedCallback="true"' in the application manifest.
10-07 08:43:12.602 28466 28466 D WhisperSpeechController: updateContext: surveyId=964249c8-f318-4097-be5b-7a0e8c195987, questionId=Introduction
10-07 08:43:12.620 28466 28466 I View    : setRequestedFrameRate frameRate=NaN, this=android.view.View{8c74151 V.ED..... ........ 0,0-0,0}, caller=androidx.compose.ui.platform.Api35Impl.setRequestedFrameRate:4047 androidx.compose.ui.platform.AndroidComposeView.dispatchDraw:2282 android.view.View.draw:26153 android.view.View.updateDisplayListIfDirty:24990 android.view.ViewGroup.recreateChildDisplayList:4759 
10-07 08:43:15.388 28466 28466 I VRI[MainActivity]@d080491: ViewPostIme pointer 0
10-07 08:43:15.423 28466 28466 I VRI[MainActivity]@d080491: ViewPostIme pointer 1
10-07 08:43:18.431 28466 28466 I VRI[MainActivity]@d080491: call setFrameRateCategory for touch hint category=no preference, reason=boost timeout, vri=VRI[MainActivity]@d080491
10-07 08:43:45.765 28466 28491 D HWUI    : CacheManager::trimMemory(20)
10-07 08:43:45.774 28466 28466 I ImeFocusController: onPreWindowFocus: skipped hasWindowFocus=false mHasImeFocus=true
10-07 08:43:45.774 28466 28466 I ImeFocusController: onPostWindowFocus: skipped hasWindowFocus=false mHasImeFocus=true
10-07 08:43:45.774 28466 28466 I VRI[MainActivity]@d080491: handleAppVisibility mAppVisible = true visible = false
10-07 08:43:45.774 28466 28466 D VRI[MainActivity]@d080491: visibilityChanged oldVisibility=true newVisibility=false
10-07 08:43:45.797 28466 28491 D HWUI    : CacheManager::trimMemory(20)
10-07 08:43:45.802 28466 28466 I VRI[MainActivity]@d080491: Relayout returned: old=(0,0,1080,2340) new=(0,0,1080,2340) relayoutAsync=false req=(1080,2340)8 dur=3 res=0x2 s={false 0x0} ch=true seqId=0
10-07 08:43:45.802 28466 28466 D VRI[MainActivity]@d080491: Not drawing due to not visible. Reason=!mAppVisible && !mForceDecorViewVisibility
10-07 08:43:45.802 28466 28466 I VRI[MainActivity]@d080491: stopped(true) old = false
10-07 08:43:45.802 28466 28466 D VRI[MainActivity]@d080491: WindowStopped on com.negi.survey/com.negi.survey.MainActivity set to true
10-07 08:43:45.802 28466 28491 D HWUI    : CacheManager::trimMemory(20)
10-07 08:43:45.804 28466 28466 I VRI[MainActivity]@d080491: onDisplayChanged oldDisplayState=2 newDisplayState=1
10-07 08:43:45.962 28466 28466 I VRI[MainActivity]@d080491: onDisplayChanged oldDisplayState=1 newDisplayState=1
10-07 08:43:46.077 28466 28466 I VRI[MainActivity]@d080491: onDisplayChanged oldDisplayState=1 newDisplayState=1
10-07 08:43:54.646 28466 28466 I VRI[MainActivity]@d080491: onDisplayChanged oldDisplayState=1 newDisplayState=3
10-07 08:43:54.852 28466 28466 I VRI[MainActivity]@d080491: onDisplayChanged oldDisplayState=3 newDisplayState=3
10-07 08:43:56.100 28466 28466 I VRI[MainActivity]@d080491: onDisplayChanged oldDisplayState=3 newDisplayState=4
10-07 08:43:56.137 28466 28466 I VRI[MainActivity]@d080491: onDisplayChanged oldDisplayState=4 newDisplayState=4
10-07 08:44:00.419 28466 28466 I VRI[MainActivity]@d080491: onDisplayChanged oldDisplayState=4 newDisplayState=3
10-07 08:44:00.429 28466 28466 I VRI[MainActivity]@d080491: onDisplayChanged oldDisplayState=3 newDisplayState=1
10-07 08:44:00.581 28466 28466 I VRI[MainActivity]@d080491: onDisplayChanged oldDisplayState=1 newDisplayState=1
10-07 08:44:00.596 28466 28466 I VRI[MainActivity]@d080491: onDisplayChanged oldDisplayState=1 newDisplayState=1
10-07 08:44:54.426 29100 29100 I com.negi.survey: Using CollectorTypeCMC GC.
10-07 08:44:54.428 29100 29100 E com.negi.survey: Not starting debugger since process cannot load the jdwp agent.
10-07 08:44:54.430 29100 29100 D nativeloader: Load libframework-connectivity-tiramisu-jni.so using APEX ns com_android_tethering for caller /apex/com.android.tethering/javalib/framework-connectivity-t.jar: ok
10-07 08:44:54.431 29100 29100 D ActivityThread: setConscryptValidator
10-07 08:44:54.431 29100 29100 D ActivityThread: setConscryptValidator - put
10-07 08:44:54.439 29100 29100 D ApplicationLoaders: Returning zygote-cached class loader: /system_ext/framework/androidx.window.extensions.jar
10-07 08:44:54.439 29100 29100 D ApplicationLoaders: Returning zygote-cached class loader: /system_ext/framework/androidx.window.sidecar.jar
10-07 08:44:54.465 29100 29100 D nativeloader: Configuring clns-7 for other apk /data/app/~~iKB1hrL-92Yd1H1wwOYDRg==/com.negi.survey-X8Cyam8ZXmaTxvZs-03-vw==/base.apk. target_sdk_version=36, uses_libraries=libOpenCL.so, library_path=/data/app/~~iKB1hrL-92Yd1H1wwOYDRg==/com.negi.survey-X8Cyam8ZXmaTxvZs-03-vw==/lib/arm64:/data/app/~~iKB1hrL-92Yd1H1wwOYDRg==/com.negi.survey-X8Cyam8ZXmaTxvZs-03-vw==/base.apk!/lib/arm64-v8a, permitted_path=/data:/mnt/expand:/data/user/0/com.negi.survey
10-07 08:44:54.468 29100 29100 V GraphicsEnvironment: Currently set values for:
10-07 08:44:54.468 29100 29100 V GraphicsEnvironment:   angle_gl_driver_selection_pkgs=[]
10-07 08:44:54.468 29100 29100 V GraphicsEnvironment:   angle_gl_driver_selection_values=[]
10-07 08:44:54.468 29100 29100 V GraphicsEnvironment: Global.Settings values are invalid: number of packages: 0, number of values: 0
10-07 08:44:54.468 29100 29100 V GraphicsEnvironment: App is not on the allowlist for updatable production driver.
10-07 08:44:54.476 29100 29100 D nativeloader: Load /data/app/~~iKB1hrL-92Yd1H1wwOYDRg==/com.negi.survey-X8Cyam8ZXmaTxvZs-03-vw==/base.apk!/lib/arm64-v8a/liblitertlm_jni.so using ns clns-7 from class loader (caller=/data/app/~~iKB1hrL-92Yd1H1wwOYDRg==/com.negi.survey-X8Cyam8ZXmaTxvZs-03-vw==/base.apk!classes4.dex): ok
10-07 08:44:54.477 29100 29100 D SurveyApp: Loaded LiteRTLM JNI: litertlm_jni where=attachBaseContext
10-07 08:44:54.478 29100 29100 D AppRingLogStore: installed: dir=/data/user/0/com.negi.survey/files/diagnostics/applog_ring idx=0
10-07 08:44:54.478 29100 29100 D CrashCapture: install: ensured default handler. where=SurveyApp:attachBaseContext pid=29100 default=com.negi.survey.CrashCapture$CrashHandler@239846a
10-07 08:44:54.478 29100 29123 D RuntimeLogStore: openWriter: start -> /data/user/0/com.negi.survey/files/diagnostics/runtime_logs/rtlog_20261007_054454_477_pid29100_seq1.log (bytes=0 format=LEGACY)
10-07 08:44:54.478 29100 29123 D RuntimeLogStore: retention: start files=3 kept=3 totalBytes=17291
10-07 08:44:54.479 29100 29100 D SurveyApp: LiteRTLM JNI already loaded; skip. where=onCreate(retry)
10-07 08:44:54.480 29100 29100 D CrashCapture: install: ensured default handler. where=SurveyApp:onCreate(rewrap) pid=29100 default=com.negi.survey.CrashCapture$CrashHandler@239846a
10-07 08:44:54.480 29100 29100 D CrashCapture: registerSelfHealing: ActivityLifecycleCallbacks registered. mode=onResumedOnly
10-07 08:44:54.481 29100 29100 D ActivityThread: com.negi.survey will use render engine as VK
10-07 08:44:54.481 29100 29100 D HWUI    : HWUI - treat SMPTE_170M as sRGB
10-07 08:44:54.482 29100 29126 D HWUI    : CacheManager constructor. deviceInfo=(1080, 1920)
10-07 08:44:54.482 29100 29126 D vulkan  : searching for layers in '/data/app/~~iKB1hrL-92Yd1H1wwOYDRg==/com.negi.survey-X8Cyam8ZXmaTxvZs-03-vw==/lib/arm64'
10-07 08:44:54.482 29100 29126 D vulkan  : searching for layers in '/data/app/~~iKB1hrL-92Yd1H1wwOYDRg==/com.negi.survey-X8Cyam8ZXmaTxvZs-03-vw==/base.apk!/lib/arm64-v8a'
10-07 08:44:54.487 29100 29126 E Adreno-AppProfiles: QSPM AIDL service doesn't exist
10-07 08:44:54.487 29100 29126 I AdrenoVK-0: ===== BEGIN DUMP OF OVERRIDDEN SETTINGS =====
10-07 08:44:54.487 29100 29126 I AdrenoVK-0: ===== END DUMP OF OVERRIDDEN SETTINGS =====
10-07 08:44:54.488 29100 29100 I DecorView: setWindowBackground: isPopOver=false color=fffafafa d=android.graphics.drawable.ColorDrawable@3c70458
10-07 08:44:54.489 29100 29100 D PhoneWindow: forceLight changed to false [] from com.android.internal.policy.PhoneWindow.updateForceLightNavigationBar:4536 com.android.internal.policy.PhoneWindow.setNavigationBarColor:4227 androidx.activity.EdgeToEdgeApi35.setUp:353 androidx.activity.EdgeToEdge.enableEdgeToEdge$lambda$1:101 androidx.activity.EdgeToEdge$$ExternalSyntheticLambda0.run:0 
10-07 08:44:54.489 29100 29126 D qdgralloc: Fetching IMapper5 from QtiMapper5
10-07 08:44:54.490 29100 29100 D CrashCapture: install: ensured default handler. where=selfHeal:onActivityResumed pid=29100 default=com.negi.survey.CrashCapture$CrashHandler@239846a
10-07 08:44:54.491 29100 29100 I ViewRootImpl: dVRR is disabled
10-07 08:44:54.491 29100 29100 D HardwareRenderer: onDisplayChanged. displayId=0 current wxh=1080x2340 mLargest wxh=0x0
10-07 08:44:54.491 29100 29100 D HardwareRenderer: Set largestWidth and largestHeight as logical resolution. (1080x2340)
10-07 08:44:54.495 29100 29126 I SnapAlloc: Graphics lib is available
10-07 08:44:54.499 29100 29126 I Adreno-UNKNOWN: Using previously loaded IMapper library.
10-07 08:44:54.501 29100 29126 I AdrenoVK-0: QUALCOMM build          : 7a7d1616fb, I1b2d45fd3f
10-07 08:44:54.501 29100 29126 I AdrenoVK-0: Build Date              : 12/18/24
10-07 08:44:54.501 29100 29126 I AdrenoVK-0: Shader Compiler Version : E031.47.18.13
10-07 08:44:54.501 29100 29126 I AdrenoVK-0: Local Branch            : 
10-07 08:44:54.501 29100 29126 I AdrenoVK-0: Remote Branch           : refs/tags/AU_LINUX_ANDROID_LA.VENDOR.15.4.0.11.00.00.1088.540
10-07 08:44:54.501 29100 29126 I AdrenoVK-0: Remote Branch           : NONE
10-07 08:44:54.501 29100 29126 I AdrenoVK-0: Reconstruct Branch      : NOTHING
10-07 08:44:54.501 29100 29126 I AdrenoVK-0: Build Config            : S P 18.0.0 AArch64
10-07 08:44:54.501 29100 29126 I AdrenoVK-0: Driver Path             : /vendor/lib64/hw/vulkan.adreno.so
10-07 08:44:54.501 29100 29126 I AdrenoVK-0: Driver Version          : 0800.17.11
10-07 08:44:54.501 29100 29126 I AdrenoVK-0: PFP                     : 0x01500364
10-07 08:44:54.501 29100 29126 I AdrenoVK-0: ME                      : 0x01500012
10-07 08:44:54.501 29100 29126 I AdrenoVK-0: Application Name    : android framework
10-07 08:44:54.501 29100 29126 I AdrenoVK-0: Application Version : 0x00000000
10-07 08:44:54.501 29100 29126 I AdrenoVK-0: Engine Name         : android framework
10-07 08:44:54.501 29100 29126 I AdrenoVK-0: Engine Version      : 0x00000000
10-07 08:44:54.501 29100 29126 I AdrenoVK-0: Api Version         : 0x00401000
10-07 08:44:54.510 29100 29126 D HWUI    : setMaxSurfaceArea requested wxh=(1080,2340) requestedSurfaceArea(2527200) mMaxSurfaceArea(2073600)
10-07 08:44:54.510 29100 29126 D NativeCustomFrequencyManager: [NativeCFMS] BpCustomFrequencyManager::BpCustomFrequencyManager()
10-07 08:44:54.513 29100 29100 D InputTransport: Input channel constructed: '7f90aba', fd=116
10-07 08:44:54.513 29100 29100 I InsetsController: onStateChanged: host=com.negi.survey/com.negi.survey.MainActivity, from=android.view.ViewRootImpl.setView:1996, state=InsetsState: {mDisplayFrame=Rect(0, 0 - 1080, 2340), mDisplayCutout=DisplayCutout{insets=Rect(0, 83 - 0, 0) waterfall=Insets{left=0, top=0, right=0, bottom=0} boundingRect={Bounds=[Rect(0, 0 - 0, 0), Rect(515, 0 - 566, 83), Rect(0, 0 - 0, 0), Rect(0, 0 - 0, 0)]} cutoutPathParserInfo={CutoutPathParserInfo{displayWidth=1080 displayHeight=2340 physicalDisplayWidth=1080 physicalDisplayHeight=2340 density={2.8125} cutoutSpec={M 0,0 H -9.066666666666667 V 29.6 H 9.066666666666667 V 0 H 0 Z @dp} rotation={0} scale={1.0} physicalPixelDisplaySizeRatio={1.0}}} sideOverrides={}}, mRoundedCorners=RoundedCorners{[RoundedCorner{position=TopLeft, radius=113, center=Point(113, 113)}, RoundedCorner{position=TopRight, radius=113, center=Point(967, 113)}, RoundedCorner{position=BottomRight, radius=113, center=Point(967, 2227)}, RoundedCorner{position=BottomLeft, radius=113, center=Point(113, 2227)}]}  mRoundedCornerFrame=Rect(0, 0 - 1080, 2340), mPrivacyIndicatorBounds=PrivacyIndicatorBounds {static bounds=Rect(956, 0 - 1080, 84) rotation=0}, mDisplayShape=DisplayShape{ spec=-311912193 displayWidth=1440 displayHeight=3120 physicalPixelDisplaySizeRatio=1.0 rotation=0 offsetX=0 offsetY=0 scale=1.0}, mSources= { InsetsSource: {3 mType=ime mFrame=[0,0][0,0] mVisible=false mFlags= mSideHint=NONE mBoundingRects=null}, InsetsSource: {27 mType=displayCutout mFrame=[0,0][1080,83] mVisible=true mFlags= mSideHint=TOP mBoundingRects=null}, InsetsSource: {17450000 mType=statusBars mFrame=[0,0][1080,84] mVisible=true mFlags= mSideHint=TOP mBoundingRects=null}, InsetsSource: {17450005 mType=mandatorySystemGestures mFrame=[0,0][1080,117] mVisible=true mFlags= mSideHint=TOP mBoundingRects=null}, InsetsSource: {17450006 mType=tappableElement mFrame=[0,0][1080,84] mVisible=true mFlags= mSideHint=TOP mBoundingRects=null}, InsetsSource: {4e1b0001 mType=navigationBars mFrame=[0,2205][1080,2340] mVisible=true mFlags= mSideHint=BOTTOM mBoundingRects=null}, InsetsSource: {4e1b0004 mType=systemGestures mFrame=[0,0][0,0] mVisible=true mFlags= mSideHint=NONE mBoundingRects=null}, InsetsSource: {4e1b0005 mType=mandatorySystemGestures mFrame=[0,2205][1080,2340] mVisible=true mFlags= mSideHint=BOTTOM mBoundingRects=null}, InsetsSource: {4e1b0006 mType=tappableElement mFrame=[0,2205][1080,2340] mVisible=true mFlags= mSideHint=BOTTOM mBoundingRects=null}, InsetsSource: {4e1b0024 mType=systemGestures mFrame=[0,0][0,0] mVisible=true mFlags= mSideHint=NONE mBoundingRects=null} }
10-07 08:44:54.513 29100 29100 I VRI[MainActivity]@d080491: synced displayState. AttachInfo displayState=2
10-07 08:44:54.513 29100 29100 I VRI[MainActivity]@d080491: setView = com.android.internal.policy.DecorView@79758cd IsHRR=false TM=true
10-07 08:44:54.513 29100 29100 I IDS_TAG : Starting IDS observe window
10-07 08:44:54.514 29100 29100 I IDS_TAG : Getting Shared Preference for com.negi.survey.SurveyApp@a0fd0e uid = 10381
10-07 08:44:54.515 29100 29100 I IDS_TAG : App com.negi.survey.SurveyApp@a0fd0e has not finished training
10-07 08:44:54.515 29100 29100 I IDS_TAG : Closing IDS observe window
10-07 08:44:54.515 29100 29100 I IDS_TAG : Getting Shared Preference for com.negi.survey.SurveyApp@a0fd0e uid = 10381
10-07 08:44:54.515 29100 29100 I IDS_TAG : IDS count updated to 5 for com.negi.survey.SurveyApp@a0fd0e
10-07 08:44:54.524 29100 29100 D WM-PackageManagerHelper: Skipping component enablement for androidx.work.impl.background.systemjob.SystemJobService
10-07 08:44:54.524 29100 29100 D WM-Schedulers: Created SystemJobScheduler and enabled SystemJobService
10-07 08:44:54.524 29100 29141 D WM-ForceStopRunnable: Is default app process = true
10-07 08:44:54.524 29100 29141 D WM-ForceStopRunnable: Performing cleanup operations.
10-07 08:44:54.533 29100 29145 D WM-PackageManagerHelper: Skipping component enablement for androidx.work.impl.background.systemalarm.RescheduleReceiver
10-07 08:44:54.542 29100 29100 E com.negi.survey: Unable to open libpenguin.so: dlopen failed: library "libpenguin.so" not found.
10-07 08:44:54.542 29100 29100 I BufferQueueProducer: [](id:71ac00000000,api:0,p:0,c:29100) setDequeueTimeout:2077252342
10-07 08:44:54.542 29100 29100 I BLASTBufferQueue_Java: new BLASTBufferQueue, mName= VRI[MainActivity]@d080491 mNativeObject= 0xb400007812f2ea30 sc.mNativeObject= 0xb400007872f1f090 caller= android.view.ViewRootImpl.updateBlastSurfaceIfNeeded:3390 android.view.ViewRootImpl.relayoutWindow:11355 android.view.ViewRootImpl.performTraversals:4537 android.view.ViewRootImpl.doTraversal:3701 android.view.ViewRootImpl$TraversalRunnable.run:12533 android.view.Choreographer$CallbackRecord.run:1751 android.view.Choreographer$CallbackRecord.run:1760 android.view.Choreographer.doCallbacks:1216 android.view.Choreographer.doFrame:1142 android.view.Choreographer$FrameDisplayEventReceiver.run:1707 
10-07 08:44:54.542 29100 29100 I BLASTBufferQueue_Java: update, w= 1080 h= 2340 mName = VRI[MainActivity]@d080491 mNativeObject= 0xb400007812f2ea30 sc.mNativeObject= 0xb400007872f1f090 format= -1 caller= android.graphics.BLASTBufferQueue.<init>:88 android.view.ViewRootImpl.updateBlastSurfaceIfNeeded:3390 android.view.ViewRootImpl.relayoutWindow:11355 android.view.ViewRootImpl.performTraversals:4537 android.view.ViewRootImpl.doTraversal:3701 android.view.ViewRootImpl$TraversalRunnable.run:12533 
10-07 08:44:54.542 29100 29100 W libc    : Access denied finding property "vendor.gpp.create_frc_extension"
10-07 08:44:54.542 29100 29100 I VRI[MainActivity]@d080491: Relayout returned: old=(0,0,1080,2340) new=(0,0,1080,2340) relayoutAsync=false req=(1080,2340)0 dur=1 res=0x3 s={true 0xb4000077f2f537c0} ch=true seqId=0
10-07 08:44:54.542 29100 29100 I VRI[MainActivity]@d080491: performConfigurationChange setNightDimText nightDimLevel=0
10-07 08:44:54.542 29100 29100 D VRI[MainActivity]@d080491: mThreadedRenderer.initialize() mSurface={isValid=true 0xb4000077f2f537c0} hwInitialized=true
10-07 08:44:54.543 29100 29100 D VRI[MainActivity]@d080491: reportNextDraw android.view.ViewRootImpl.performTraversals:5186 android.view.ViewRootImpl.doTraversal:3701 android.view.ViewRootImpl$TraversalRunnable.run:12533 android.view.Choreographer$CallbackRecord.run:1751 android.view.Choreographer$CallbackRecord.run:1760 
10-07 08:44:54.543 29100 29100 D VRI[MainActivity]@d080491: Setup new sync=wmsSync-VRI[MainActivity]@d080491#0
10-07 08:44:54.543 29100 29100 I VRI[MainActivity]@d080491: Creating new active sync group VRI[MainActivity]@d080491#1
10-07 08:44:54.543 29100 29100 D VRI[MainActivity]@d080491: registerCallbacksForSync syncBuffer=false
10-07 08:44:54.544 29100 29100 I View    : setRequestedFrameRate frameRate=-4.0, this=android.view.View{863adb6 V.ED..... ......I. 0,0-0,0}, caller=androidx.compose.ui.platform.Api35Impl.setRequestedFrameRate:4047 androidx.compose.ui.platform.AndroidComposeView.dispatchDraw:2282 android.view.View.draw:26153 android.view.View.updateDisplayListIfDirty:24990 android.view.View.draw:25880 
10-07 08:44:54.544 29100 29131 D VRI[MainActivity]@d080491: Received frameDrawingCallback syncResult=0 frameNum=1.
10-07 08:44:54.544 29100 29131 I VRI[MainActivity]@d080491: mWNT: t=0xb400007832f47310 mBlastBufferQueue=0xb400007812f2ea30 fn= 1 HdrRenderState mRenderHdrSdrRatio=1.0 caller= android.view.ViewRootImpl$11.onFrameDraw:15025 android.view.ThreadedRenderer$1.onFrameDraw:761 <bottom of call stack> 
10-07 08:44:54.544 29100 29131 I VRI[MainActivity]@d080491: Setting up sync and frameCommitCallback
10-07 08:44:54.544 29100 29126 I AdrenoUtils: <ReadGpuID:366>: Reading chip ID through GSL
10-07 08:44:54.551 29100 29126 I BLASTBufferQueue: [VRI[MainActivity]@d080491#0](f:0,a:0,s:0) onFrameAvailable the first frame is available
10-07 08:44:54.551 29100 29126 I SurfaceComposerClient: apply transaction with the first frame. layerId: 1236, bufferData(ID: 124983548313600, frameNumber: 1)
10-07 08:44:54.551 29100 29126 I VRI[MainActivity]@d080491: Received frameCommittedCallback lastAttemptedDrawFrameNum=1 didProduceBuffer=true
10-07 08:44:54.551 29100 29126 D HWUI    : CFMS:: SetUp Pid : 29100    Tid : 29126
10-07 08:44:54.552 29100 29100 D VRI[MainActivity]@d080491: reportDrawFinished seqId=0
10-07 08:44:54.552 29100 29126 D HWUI    : HWUI - treat SMPTE_170M as sRGB
10-07 08:44:54.553 29100 29100 I InsetsSourceConsumer: applyRequestedVisibilityToControl: visible=true, type=navigationBars, host=com.negi.survey/com.negi.survey.MainActivity
10-07 08:44:54.553 29100 29100 I InsetsSourceConsumer: applyRequestedVisibilityToControl: visible=true, type=statusBars, host=com.negi.survey/com.negi.survey.MainActivity
10-07 08:44:54.560 29100 29100 I View    : setRequestedFrameRate frameRate=NaN, this=android.view.View{863adb6 V.ED..... ........ 0,0-0,0}, caller=androidx.compose.ui.platform.Api35Impl.setRequestedFrameRate:4047 androidx.compose.ui.platform.AndroidComposeView.dispatchDraw:2282 android.view.View.draw:26153 android.view.View.updateDisplayListIfDirty:24990 android.view.ViewGroup.recreateChildDisplayList:4759 
10-07 08:44:54.562 29100 29100 D MainActivity: Config loaded. session=survey_config_sw_10.yaml@2
10-07 08:44:54.569 29100 29100 D MainActivity: DownloadGate idle -> start download. session=survey_config_sw_10.yaml@2
10-07 08:44:54.569 29100 29100 I AppViewModel: private model reused: name=gemma-3n-E4B-it-int4.litertlm bytes=4919541760
10-07 08:44:54.570 29100 29100 D VRI[MainActivity]@d080491: mThreadedRenderer.initializeIfNeeded()#2 mSurface={isValid=true 0xb4000077f2f537c0}
10-07 08:44:54.570 29100 29100 D InputMethodManagerUtils: startInputInner - Id : 0
10-07 08:44:54.570 29100 29100 I InputMethodManager: startInputInner - IInputMethodManagerGlobalInvoker.startInputOrWindowGainedFocus
10-07 08:44:54.572 29100 29111 D InputTransport: Input channel constructed: 'ClientS', fd=153
10-07 08:44:54.577 29100 29100 I Dialog  : mIsDeviceDefault = false, mIsSamsungBasicInteraction = false, isMetaDataInActivity = false
10-07 08:44:54.578 29100 29100 I DecorView: setWindowBackground: isPopOver=false color=0 d=android.graphics.drawable.ColorDrawable@749cf33
10-07 08:44:54.578 29100 29100 W WindowOnBackDispatcher: OnBackInvokedCallback is not enabled for the application.
10-07 08:44:54.578 29100 29100 W WindowOnBackDispatcher: Set 'android:enableOnBackInvokedCallback="true"' in the application manifest.
10-07 08:44:54.578 29100 29100 I WindowManager: WindowManagerGlobal#addView, ty=2, view=com.android.internal.policy.DecorView{c9b764c V.E...... R.....I. 0,0-0,0}[MainActivity], caller=android.view.WindowManagerImpl.addView:158 android.app.Dialog.show:507 androidx.compose.ui.window.AndroidDialog_androidKt.Dialog$lambda$3$0:272 
10-07 08:44:54.579 29100 29100 I ViewRootImpl: dVRR is disabled
10-07 08:44:54.579 29100 29126 D NativeCustomFrequencyManager: [NativeCFMS] BpCustomFrequencyManager::BpCustomFrequencyManager()
10-07 08:44:54.581 29100 29100 D InputTransport: Input channel constructed: 'ce288c2', fd=154
10-07 08:44:54.581 29100 29100 I InsetsController: onStateChanged: host=com.negi.survey/com.negi.survey.MainActivity, from=android.view.ViewRootImpl.setView:1996, state=InsetsState: {mDisplayFrame=Rect(0, 0 - 1080, 2340), mDisplayCutout=DisplayCutout{insets=Rect(0, 83 - 0, 0) waterfall=Insets{left=0, top=0, right=0, bottom=0} boundingRect={Bounds=[Rect(0, 0 - 0, 0), Rect(515, 0 - 566, 83), Rect(0, 0 - 0, 0), Rect(0, 0 - 0, 0)]} cutoutPathParserInfo={CutoutPathParserInfo{displayWidth=1080 displayHeight=2340 physicalDisplayWidth=1080 physicalDisplayHeight=2340 density={2.8125} cutoutSpec={M 0,0 H -9.066666666666667 V 29.6 H 9.066666666666667 V 0 H 0 Z @dp} rotation={0} scale={1.0} physicalPixelDisplaySizeRatio={1.0}}} sideOverrides={}}, mRoundedCorners=RoundedCorners{[RoundedCorner{position=TopLeft, radius=113, center=Point(113, 113)}, RoundedCorner{position=TopRight, radius=113, center=Point(967, 113)}, RoundedCorner{position=BottomRight, radius=113, center=Point(967, 2227)}, RoundedCorner{position=BottomLeft, radius=113, center=Point(113, 2227)}]}  mRoundedCornerFrame=Rect(0, 0 - 1080, 2340), mPrivacyIndicatorBounds=PrivacyIndicatorBounds {static bounds=Rect(956, 0 - 1080, 84) rotation=0}, mDisplayShape=DisplayShape{ spec=-311912193 displayWidth=1440 displayHeight=3120 physicalPixelDisplaySizeRatio=1.0 rotation=0 offsetX=0 offsetY=0 scale=1.0}, mSources= { InsetsSource: {3 mType=ime mFrame=[0,0][0,0] mVisible=false mFlags= mSideHint=NONE mBoundingRects=null}, InsetsSource: {27 mType=displayCutout mFrame=[0,0][1080,83] mVisible=true mFlags= mSideHint=TOP mBoundingRects=null}, InsetsSource: {17450000 mType=statusBars mFrame=[0,0][1080,84] mVisible=true mFlags= mSideHint=TOP mBoundingRects=null}, InsetsSource: {17450005 mType=mandatorySystemGestures mFrame=[0,0][1080,117] mVisible=true mFlags= mSideHint=TOP mBoundingRects=null}, InsetsSource: {17450006 mType=tappableElement mFrame=[0,0][1080,84] mVisible=true mFlags= mSideHint=TOP mBoundingRects=null}, InsetsSource: {4e1b0001 mType=navigationBars mFrame=[0,2205][1080,2340] mVisible=true mFlags= mSideHint=BOTTOM mBoundingRects=null}, InsetsSource: {4e1b0004 mType=systemGestures mFrame=[0,0][0,0] mVisible=true mFlags= mSideHint=NONE mBoundingRects=null}, InsetsSource: {4e1b0005 mType=mandatorySystemGestures mFrame=[0,2205][1080,2340] mVisible=true mFlags= mSideHint=BOTTOM mBoundingRects=null}, InsetsSource: {4e1b0006 mType=tappableElement mFrame=[0,2205][1080,2340] mVisible=true mFlags= mSideHint=BOTTOM mBoundingRects=null}, InsetsSource: {4e1b0024 mType=systemGestures mFrame=[0,0][0,0] mVisible=true mFlags= mSideHint=NONE mBoundingRects=null} }
10-07 08:44:54.581 29100 29100 I VRI[MainActivity]@704b695: synced displayState. AttachInfo displayState=2
10-07 08:44:54.581 29100 29100 I VRI[MainActivity]@704b695: setView = com.android.internal.policy.DecorView@c9b764c IsHRR=false TM=true
10-07 08:44:54.585 29100 29100 I BufferQueueProducer: [](id:71ac00000001,api:0,p:0,c:29100) setDequeueTimeout:2077252342
10-07 08:44:54.585 29100 29100 I BLASTBufferQueue_Java: new BLASTBufferQueue, mName= VRI[MainActivity]@704b695 mNativeObject= 0xb400007812f347f0 sc.mNativeObject= 0xb400007872f1f990 caller= android.view.ViewRootImpl.updateBlastSurfaceIfNeeded:3390 android.view.ViewRootImpl.relayoutWindow:11355 android.view.ViewRootImpl.performTraversals:4537 android.view.ViewRootImpl.doTraversal:3701 android.view.ViewRootImpl$TraversalRunnable.run:12533 android.view.Choreographer$CallbackRecord.run:1751 android.view.Choreographer$CallbackRecord.run:1760 android.view.Choreographer.doCallbacks:1216 android.view.Choreographer.doFrame:1142 android.view.Choreographer$FrameDisplayEventReceiver.run:1707 
10-07 08:44:54.585 29100 29100 I BLASTBufferQueue_Java: update, w= 1080 h= 882 mName = VRI[MainActivity]@704b695 mNativeObject= 0xb400007812f347f0 sc.mNativeObject= 0xb400007872f1f990 format= -2 caller= android.graphics.BLASTBufferQueue.<init>:88 android.view.ViewRootImpl.updateBlastSurfaceIfNeeded:3390 android.view.ViewRootImpl.relayoutWindow:11355 android.view.ViewRootImpl.performTraversals:4537 android.view.ViewRootImpl.doTraversal:3701 android.view.ViewRootImpl$TraversalRunnable.run:12533 
10-07 08:44:54.585 29100 29100 W libc    : Access denied finding property "vendor.gpp.create_frc_extension"
10-07 08:44:54.585 29100 29100 I VRI[MainActivity]@704b695: Relayout returned: old=(0,84,1080,2205) new=(90,793,990,1495) relayoutAsync=false req=(900,702)0 dur=1 res=0x3 s={true 0xb4000077f2f559d0} ch=true seqId=0
10-07 08:44:54.585 29100 29100 I VRI[MainActivity]@704b695: performConfigurationChange setNightDimText nightDimLevel=0
10-07 08:44:54.585 29100 29100 D VRI[MainActivity]@704b695: mThreadedRenderer.initialize() mSurface={isValid=true 0xb4000077f2f559d0} hwInitialized=true
10-07 08:44:54.586 29100 29100 D VRI[MainActivity]@704b695: reportNextDraw android.view.ViewRootImpl.performTraversals:5186 android.view.ViewRootImpl.doTraversal:3701 android.view.ViewRootImpl$TraversalRunnable.run:12533 android.view.Choreographer$CallbackRecord.run:1751 android.view.Choreographer$CallbackRecord.run:1760 
10-07 08:44:54.586 29100 29100 D VRI[MainActivity]@704b695: Setup new sync=wmsSync-VRI[MainActivity]@704b695#2
10-07 08:44:54.586 29100 29100 I VRI[MainActivity]@704b695: Creating new active sync group VRI[MainActivity]@704b695#3
10-07 08:44:54.586 29100 29100 D VRI[MainActivity]@704b695: registerCallbacksForSync syncBuffer=false
10-07 08:44:54.586 29100 29100 I View    : setRequestedFrameRate frameRate=-4.0, this=android.view.View{e624a72 V.ED..... ......I. 0,0-0,0}, caller=androidx.compose.ui.platform.Api35Impl.setRequestedFrameRate:4047 androidx.compose.ui.platform.AndroidComposeView.dispatchDraw:2282 android.view.View.draw:26153 android.view.View.updateDisplayListIfDirty:24990 android.view.View.draw:25880 
10-07 08:44:54.586 29100 29131 D VRI[MainActivity]@704b695: Received frameDrawingCallback syncResult=0 frameNum=1.
10-07 08:44:54.586 29100 29131 I VRI[MainActivity]@704b695: mWNT: t=0xb400007832f52050 mBlastBufferQueue=0xb400007812f347f0 fn= 1 HdrRenderState mRenderHdrSdrRatio=1.0 caller= android.view.ViewRootImpl$11.onFrameDraw:15025 android.view.ThreadedRenderer$1.onFrameDraw:761 <bottom of call stack> 
10-07 08:44:54.586 29100 29131 I VRI[MainActivity]@704b695: Setting up sync and frameCommitCallback
10-07 08:44:54.588 29100 29126 I BLASTBufferQueue: [VRI[MainActivity]@704b695#1](f:0,a:0,s:0) onFrameAvailable the first frame is available
10-07 08:44:54.588 29100 29126 I SurfaceComposerClient: apply transaction with the first frame. layerId: 1244, bufferData(ID: 124983548313606, frameNumber: 1)
10-07 08:44:54.588 29100 29126 I VRI[MainActivity]@704b695: Received frameCommittedCallback lastAttemptedDrawFrameNum=1 didProduceBuffer=true
10-07 08:44:54.588 29100 29126 D HWUI    : CFMS:: SetUp Pid : 29100    Tid : 29126
10-07 08:44:54.588 29100 29100 D VRI[MainActivity]@704b695: reportDrawFinished seqId=0
10-07 08:44:54.588 29100 29100 I InsetsSourceConsumer: applyRequestedVisibilityToControl: visible=false, type=ime, host=com.negi.survey/com.negi.survey.MainActivity
10-07 08:44:54.589 29100 29100 I VRI[MainActivity]@d080491: handleResized, frames=ClientWindowFrames{frame=[0,0][1080,2340] display=[0,0][1080,2340] parentFrame=[0,0][0,0]} displayId=0 dragResizing=false compatScale=1.0 frameChanged=false attachedFrameChanged=false configChanged=false displayChanged=false compatScaleChanged=false dragResizingChanged=false
10-07 08:44:54.589 29100 29126 D HWUI    : HWUI - treat SMPTE_170M as sRGB
10-07 08:44:54.589 29100 29100 I BLASTBufferQueue_Java: update, w= 1080 h= 882 mName = VRI[MainActivity]@704b695 mNativeObject= 0xb400007812f347f0 sc.mNativeObject= 0xb400007872f1f990 format= -2 caller= android.view.ViewRootImpl.updateBlastSurfaceIfNeeded:3379 android.view.ViewRootImpl.relayoutWindow:11355 android.view.ViewRootImpl.performTraversals:4537 android.view.ViewRootImpl.doTraversal:3701 android.view.ViewRootImpl$TraversalRunnable.run:12533 android.view.Choreographer$CallbackRecord.run:1751 
10-07 08:44:54.589 29100 29100 I VRI[MainActivity]@704b695: Relayout returned: old=(90,793,990,1495) new=(90,793,990,1495) relayoutAsync=true req=(900,702)0 dur=0 res=0x0 s={true 0xb4000077f2f559d0} ch=false seqId=0
10-07 08:44:54.589 29100 29100 I VRI[MainActivity]@704b695: registerCallbackForPendingTransactions
10-07 08:44:54.589 29100 29100 I InsetsSourceConsumer: applyRequestedVisibilityToControl: visible=true, type=navigationBars, host=com.negi.survey/com.negi.survey.MainActivity
10-07 08:44:54.589 29100 29132 I VRI[MainActivity]@704b695: mWNT: t=0xb400007832f53710 mBlastBufferQueue=0xb400007812f347f0 fn= 2 HdrRenderState mRenderHdrSdrRatio=1.0 caller= android.view.ViewRootImpl$9.onFrameDraw:6272 android.view.ViewRootImpl$3.onFrameDraw:2437 android.view.ThreadedRenderer$1.onFrameDraw:761 
10-07 08:44:54.589 29100 29100 I InsetsSourceConsumer: applyRequestedVisibilityToControl: visible=true, type=statusBars, host=com.negi.survey/com.negi.survey.MainActivity
10-07 08:44:54.603 29100 29100 I ImeFocusController: onPreWindowFocus: skipped hasWindowFocus=false mHasImeFocus=true
10-07 08:44:54.603 29100 29100 I ImeFocusController: onPostWindowFocus: skipped hasWindowFocus=false mHasImeFocus=true
10-07 08:44:54.603 29100 29100 D VRI[MainActivity]@704b695: mThreadedRenderer.initializeIfNeeded()#2 mSurface={isValid=true 0xb4000077f2f559d0}
10-07 08:44:54.603 29100 29100 D InputMethodManagerUtils: startInputInner - Id : 0
10-07 08:44:54.603 29100 29100 I InputMethodManager: startInputInner - IInputMethodManagerGlobalInvoker.startInputOrWindowGainedFocus
10-07 08:44:54.604 29100 29111 D InputTransport: Input channel constructed: 'ClientS', fd=178
10-07 08:44:54.610 29100 29100 I InsetsSourceConsumer: applyRequestedVisibilityToControl: visible=false, type=ime, host=com.negi.survey/com.negi.survey.MainActivity
10-07 08:44:55.011 29100 29100 I View    : setRequestedFrameRate frameRate=NaN, this=android.view.View{e624a72 V.ED..... ........ 0,0-0,0}, caller=androidx.compose.ui.platform.Api35Impl.setRequestedFrameRate:4047 androidx.compose.ui.platform.AndroidComposeView.dispatchDraw:2282 android.view.View.draw:26153 android.view.View.updateDisplayListIfDirty:24990 android.view.View.draw:25880 
10-07 08:44:56.299 29100 29100 I VRI[MainActivity]@704b695: ViewPostIme pointer 0
10-07 08:44:56.300 29100 29100 I VRI[MainActivity]@704b695: call setFrameRateCategory for touch hint category=high hint, reason=touch, vri=VRI[MainActivity]@704b695
10-07 08:44:56.389 29100 29100 I VRI[MainActivity]@704b695: ViewPostIme pointer 1
10-07 08:44:56.395 29100 29100 I WindowManager: WindowManagerGlobal#removeView, ty=2, view=com.android.internal.policy.DecorView{c9b764c V.E...... R......D 0,0-900,702 aid=1073741844}[MainActivity], caller=android.view.WindowManagerGlobal.removeView:626 android.view.WindowManagerImpl.removeViewImmediate:216 android.app.Dialog.dismissDialog:804 
10-07 08:44:56.395 29100 29100 W WindowOnBackDispatcher: sendCancelIfRunning: isInProgress=false callback=android.view.ViewRootImpl$$ExternalSyntheticLambda15@5c0da3f
10-07 08:44:56.397 29100 29126 D HWUI    : endAllActiveAnimators on 0xb400007922f6a090 (UnprojectedRipple) with handle 0xb400007862f8cf40
10-07 08:44:56.397 29100 29100 I VRI[MainActivity]@704b695: dispatchDetachedFromWindow
10-07 08:44:56.400 29100 29100 D InputTransport: Input channel destroyed: 'ce288c2', fd=154
10-07 08:44:56.404 29100 29100 I InsetsController: onStateChanged: host=com.negi.survey/com.negi.survey.MainActivity, from=android.view.ViewRootImpl.handleInsetsControlChanged:2880, state=InsetsState: {mDisplayFrame=Rect(0, 0 - 1080, 2340), mDisplayCutout=DisplayCutout{insets=Rect(0, 83 - 0, 0) waterfall=Insets{left=0, top=0, right=0, bottom=0} boundingRect={Bounds=[Rect(0, 0 - 0, 0), Rect(515, 0 - 566, 83), Rect(0, 0 - 0, 0), Rect(0, 0 - 0, 0)]} cutoutPathParserInfo={CutoutPathParserInfo{displayWidth=1080 displayHeight=2340 physicalDisplayWidth=1080 physicalDisplayHeight=2340 density={2.8125} cutoutSpec={M 0,0 H -9.066666666666667 V 29.6 H 9.066666666666667 V 0 H 0 Z @dp} rotation={0} scale={1.0} physicalPixelDisplaySizeRatio={1.0}}} sideOverrides={}}, mRoundedCorners=RoundedCorners{[RoundedCorner{position=TopLeft, radius=113, center=Point(113, 113)}, RoundedCorner{position=TopRight, radius=113, center=Point(967, 113)}, RoundedCorner{position=BottomRight, radius=113, center=Point(967, 2227)}, RoundedCorner{position=BottomLeft, radius=113, center=Point(113, 2227)}]}  mRoundedCornerFrame=Rect(0, 0 - 1080, 2340), mPrivacyIndicatorBounds=PrivacyIndicatorBounds {static bounds=Rect(956, 0 - 1080, 84) rotation=0}, mDisplayShape=DisplayShape{ spec=-311912193 displayWidth=1440 displayHeight=3120 physicalPixelDisplaySizeRatio=1.0 rotation=0 offsetX=0 offsetY=0 scale=1.0}, mSources= { InsetsSource: {27 mType=displayCutout mFrame=[0,0][1080,83] mVisible=true mFlags= mSideHint=TOP mBoundingRects=null}, InsetsSource: {17450000 mType=statusBars mFrame=[0,0][1080,84] mVisible=true mFlags= mSideHint=TOP mBoundingRects=null}, InsetsSource: {17450005 mType=mandatorySystemGestures mFrame=[0,0][1080,117] mVisible=true mFlags= mSideHint=TOP mBoundingRects=null}, InsetsSource: {17450006 mType=tappableElement mFrame=[0,0][1080,84] mVisible=true mFlags= mSideHint=TOP mBoundingRects=null}, InsetsSource: {4e1b0001 mType=navigationBars mFrame=[0,2205][1080,2340] mVisible=true mFlags= mSideHint=BOTTOM mBoundingRects=null}, InsetsSource: {4e1b0004 mType=systemGestures mFrame=[0,0][0,0] mVisible=true mFlags= mSideHint=NONE mBoundingRects=null}, InsetsSource: {4e1b0005 mType=mandatorySystemGestures mFrame=[0,2205][1080,2340] mVisible=true mFlags= mSideHint=BOTTOM mBoundingRects=null}, InsetsSource: {4e1b0006 mType=tappableElement mFrame=[0,2205][1080,2340] mVisible=true mFlags= mSideHint=BOTTOM mBoundingRects=null}, InsetsSource: {4e1b0024 mType=systemGestures mFrame=[0,0][0,0] mVisible=true mFlags= mSideHint=NONE mBoundingRects=null} }
10-07 08:44:56.404 29100 29100 I InsetsSourceConsumer: applyRequestedVisibilityToControl: visible=true, type=navigationBars, host=com.negi.survey/com.negi.survey.MainActivity
10-07 08:44:56.404 29100 29100 I InsetsSourceConsumer: applyRequestedVisibilityToControl: visible=true, type=statusBars, host=com.negi.survey/com.negi.survey.MainActivity
10-07 08:44:56.412 29100 29100 D VRI[MainActivity]@d080491: mThreadedRenderer.initializeIfNeeded()#2 mSurface={isValid=true 0xb4000077f2f537c0}
10-07 08:44:56.412 29100 29100 D InputMethodManagerUtils: startInputInner - Id : 0
10-07 08:44:56.412 29100 29100 I InputMethodManager: startInputInner - IInputMethodManagerGlobalInvoker.startInputOrWindowGainedFocus
10-07 08:44:56.414 29100 29111 D InputTransport: Input channel constructed: 'ClientS', fd=154
10-07 08:44:56.420 29100 29100 I InsetsSourceConsumer: applyRequestedVisibilityToControl: visible=false, type=ime, host=com.negi.survey/com.negi.survey.MainActivity
10-07 08:44:56.982 29100 29100 D github_upload: enqueueStartupRuntimeLogsUpload: uniqueName=upload_runtime_logs_startup policy=KEEP session=startup_runtime_20261007_054456_231cbd66
10-07 08:44:56.983 29100 29100 D github_upload: enqueueStartupRingLogsUpload: uniqueName=upload_ring_logs_startup policy=KEEP session=startup_ring_20261007_054456_ad14b460
10-07 08:44:56.983 29100 29165 D CrashCapture: enqueuePendingCrashUploadsIfPossible enter where=SurveyApp:enqueuePending(immediate):bg pid=29100 thread=CrashCapture-Enqueue
