=== RuntimeLogStore Header ===
ts=2026-09-21T16:59:03.059Z
fileNameFormat=LEGACY
appId=com.negi.survey
versionName=0.0.1
versionCode=43
debug=false
device=vivo V2202
sdk=35
pid=17599
==============================
2026-09-21T16:59:03.061Z I/RuntimeLogStore [rtlog-io] start: actor launched (fileNameFormat=LEGACY)
2026-09-21T16:59:03.034Z D/SurveyApp [main] attachBaseContext: pid=17599 process=com.negi.survey isMain=true sdk=35
2026-09-21T16:59:03.040Z D/SurveyApp [main] bootTiming: attachBaseContext total=301ms
2026-09-21T16:59:03.040Z D/SurveyApp [main] Skipping WorkManager init in attachBaseContext; will init lazily on first enqueue.
2026-09-21T16:59:03.042Z D/SurveyApp [main] CrashCapture installed: where=SurveyApp:attachBaseContext
2026-09-21T16:59:03.187Z I/RuntimeLogStore [main] start repair: ctx/dir refreshed
2026-09-21T16:59:03.189Z D/SurveyApp [main] bootTiming: RuntimeLogStore.start took=3ms
2026-09-21T16:59:03.190Z D/SurveyApp [main] bootTiming: AppRingLogStore.install took=0ms
2026-09-21T16:59:03.190Z D/SurveyApp [main] onCreate: pid=17599 process=com.negi.survey isMain=true sdk=35
2026-09-21T16:59:03.198Z D/SurveyApp [main] CrashCapture installed: where=SurveyApp:onCreate(rewrap)
2026-09-21T16:59:03.210Z D/SurveyApp [main] CrashCapture self-healing registered.
2026-09-21T16:59:03.210Z W/SurveyApp [main] Startup enqueues deferred: delay=2500ms (to reduce init contention)
2026-09-21T16:59:03.210Z D/SurveyApp [main] bootTiming: onCreate total=23ms
2026-09-21T16:59:03.476Z I/RuntimeLogStore [DefaultDispatcher-worker-1] start repair: ctx/dir refreshed
2026-09-21T16:59:05.718Z W/SurveyApp [main] Deferred startup enqueues begin...
2026-09-21T16:59:05.719Z D/SurveyApp [main] WorkManager available. where=startupRtLogs(immediate) took=0ms
2026-09-21T16:59:05.721Z D/SurveyApp [main] Startup runtime logs target -> owner=ishizuki-tech repo=SurveyExports branch=main base='/diagnostics/runtime_logs'
2026-09-21T16:59:05.726Z D/SurveyApp [main] Startup runtime logs: enqueue requested (immediate).
2026-09-21T16:59:05.727Z D/SurveyApp [main] WorkManager available. where=startupRingLogs(immediate) took=0ms
2026-09-21T16:59:05.728Z D/SurveyApp [main] Startup ring logs target -> owner=ishizuki-tech repo=SurveyExports branch=main base='/diagnostics/applog_ring'
2026-09-21T16:59:05.730Z D/SurveyApp [main] Startup ring logs: enqueue requested (immediate).
2026-09-21T16:59:05.730Z D/SurveyApp [main] WorkManager available. where=enqueuePending(immediate) took=0ms
2026-09-21T16:59:05.731Z D/SurveyApp [main] CrashCapture pending uploads requested (immediate).
2026-09-21T16:59:05.731Z W/SurveyApp [main] Deferred startup enqueues done: took=13ms
2026-09-21T16:59:09.300Z I/RuntimeLogStore [DefaultDispatcher-worker-14] start repair: ctx/dir refreshed
