=== Previous Session Logcat ===
captured_time_utc=20260222_023919
captured_time_local=20260221_183919
marker=2026-02-21 17:25:48.271
preferred_prev_pid=-1
note=best-effort; buffers may be overwritten before next start
sdk=36
device=Google Pixel 9a
appId=com.negi.survey
versionName=0.0.1
versionCode=1

=== Logcat (since marker) ===
--------- beginning of system
02-21 17:25:48.368 22475 22475 D InsetsController: hide(ime())
02-21 17:25:49.460 22475 22475 W NotificationManager: Shedding notify (update) of NotificationKey[user=UserHandle{0}, pkg=com.negi.survey, tag=null, id=9729], rate limit (5.0) exceeded: input 9.852012, output would be 6.906618
02-21 17:25:50.522 22475 22475 W NotificationManager: Shedding notify (update) of NotificationKey[user=UserHandle{0}, pkg=com.negi.survey, tag=null, id=11000], rate limit (5.0) exceeded: input 47.620914, output would be 6.393383
02-21 17:25:51.529 22475 22475 W NotificationManager: Shedding notify (update) of NotificationKey[user=UserHandle{0}, pkg=com.negi.survey, tag=null, id=5435], rate limit (5.0) exceeded: input 188.18405, output would be 6.5412545
02-21 17:25:52.599 22475 22475 W NotificationManager: Shedding notify (update) of NotificationKey[user=UserHandle{0}, pkg=com.negi.survey, tag=null, id=3560], rate limit (5.0) exceeded: input 45.649014, output would be 6.453071
02-21 17:25:53.599 22475 22475 W NotificationManager: Shedding notify (update) of NotificationKey[user=UserHandle{0}, pkg=com.negi.survey, tag=null, id=5435], rate limit (5.0) exceeded: input 77.55981, output would be 5.014887
02-21 17:25:54.657 22475 22475 W NotificationManager: Shedding notify (update) of NotificationKey[user=UserHandle{0}, pkg=com.negi.survey, tag=null, id=5625], rate limit (5.0) exceeded: input 52.951187, output would be 6.564256
02-21 17:25:55.660 22475 22475 W NotificationManager: Shedding notify (update) of NotificationKey[user=UserHandle{0}, pkg=com.negi.survey, tag=null, id=11188], rate limit (5.0) exceeded: input 197.60901, output would be 6.883715
02-21 17:25:56.803 22475 22475 W NotificationManager: Shedding notify (update) of NotificationKey[user=UserHandle{0}, pkg=com.negi.survey, tag=null, id=11188], rate limit (5.0) exceeded: input 23.135616, output would be 6.653705
02-21 17:25:57.851 22475 22475 W NotificationManager: Shedding notify (update) of NotificationKey[user=UserHandle{0}, pkg=com.negi.survey, tag=null, id=3902], rate limit (5.0) exceeded: input 17.648998, output would be 5.778227
02-21 17:25:58.852 22475 22475 W NotificationManager: Shedding notify (update) of NotificationKey[user=UserHandle{0}, pkg=com.negi.survey, tag=null, id=7941], rate limit (5.0) exceeded: input 29.399244, output would be 6.916242
02-21 17:26:00.480 22475 22475 W NotificationManager: Shedding notify (update) of NotificationKey[user=UserHandle{0}, pkg=com.negi.survey, tag=null, id=9221], rate limit (5.0) exceeded: input 13.639548, output would be 6.535224
02-21 17:26:04.841 22475 22475 W NotificationManager: Shedding notify (update) of NotificationKey[user=UserHandle{0}, pkg=com.negi.survey, tag=null, id=9040], rate limit (5.0) exceeded: input 10.191578, output would be 6.7967806
02-21 17:26:30.846 22475 22475 D InsetsController: show(ime())
02-21 17:26:30.847 22475 22475 D InsetsController: Setting requestedVisibleTypes to 511 (was 503)
02-21 17:26:30.861 22475 22475 D InsetsController: show(ime())
02-21 17:26:55.490 22475 22475 D InsetsController: show(ime())
02-21 17:26:55.493 22475 22475 D InsetsController: show(ime())
02-21 17:27:26.922 22475 22475 D InsetsController: show(ime())
02-21 17:27:26.944 22475 22475 D InsetsController: show(ime())
02-21 17:27:32.657 22475 22475 D InsetsController: show(ime())
02-21 17:27:32.667 22475 22475 D InsetsController: show(ime())
02-21 17:27:33.359 22475 22475 D InsetsController: hide(ime())
02-21 17:27:33.360 22475 22475 D InsetsController: Setting requestedVisibleTypes to 503 (was 511)
02-21 17:27:35.346 22475 22475 D InsetsController: show(ime())
02-21 17:27:35.346 22475 22475 D InsetsController: Setting requestedVisibleTypes to 511 (was 503)
02-21 17:27:35.355 22475 22475 D InsetsController: show(ime())
02-21 17:29:37.999 22475 22475 D InsetsController: Setting requestedVisibleTypes to 503 (was 511)
02-21 18:18:49.724 22475 22475 D InsetsController: show(ime())
02-21 18:18:49.727 22475 22475 D InsetsController: Setting requestedVisibleTypes to 511 (was 503)
02-21 18:18:49.737 22475 22475 D InsetsController: show(ime())
02-21 18:18:52.761 22475 22475 D InsetsController: show(ime())
02-21 18:18:52.764 22475 22475 D InsetsController: show(ime())
02-21 18:22:39.726 22475 22475 D InsetsController: show(ime())
02-21 18:22:39.743 22475 22475 D InsetsController: show(ime())
02-21 18:22:40.429 22475 22475 D InsetsController: hide(ime())
02-21 18:22:40.430 22475 22475 D InsetsController: Setting requestedVisibleTypes to 503 (was 511)
--------- beginning of main
02-21 18:39:19.301 27696 27696 I libc    : SetHeapTaggingLevel: tag level set to 0
02-21 18:39:19.309 27696 27696 I Zygote  : Process 27696 created for com.negi.survey
02-21 18:39:19.309 27696 27696 I com.negi.survey: Using CollectorTypeCMC GC.
02-21 18:39:19.320 27696 27696 D nativeloader: Load libframework-connectivity-tiramisu-jni.so using APEX ns com_android_tethering for caller /apex/com.android.tethering/javalib/framework-connectivity-t.jar: ok
02-21 18:39:19.348 27696 27696 D ApplicationLoaders: Returning zygote-cached class loader: /system_ext/framework/androidx.window.extensions.jar
02-21 18:39:19.348 27696 27696 D ApplicationLoaders: Returning zygote-cached class loader: /system_ext/framework/androidx.window.sidecar.jar
02-21 18:39:19.366 27696 27696 D nativeloader: Configuring clns-9 for other apk /data/app/~~G26vf918FQQBHgV53mjAmQ==/com.negi.survey-ZnhXEpN5yZAr83hg_NaKQg==/base.apk. target_sdk_version=36, uses_libraries=libOpenCL.so:libOpenCL-pixel.so, library_path=/data/app/~~G26vf918FQQBHgV53mjAmQ==/com.negi.survey-ZnhXEpN5yZAr83hg_NaKQg==/lib/arm64:/data/app/~~G26vf918FQQBHgV53mjAmQ==/com.negi.survey-ZnhXEpN5yZAr83hg_NaKQg==/base.apk!/lib/arm64-v8a, permitted_path=/data:/mnt/expand:/data/user/0/com.negi.survey
02-21 18:39:19.373 27696 27696 V GraphicsEnvironment: Currently set values for:
02-21 18:39:19.373 27696 27696 V GraphicsEnvironment:   angle_gl_driver_selection_pkgs=[com.android.angle, com.google.android.apps.tachyon]
02-21 18:39:19.373 27696 27696 V GraphicsEnvironment:   angle_gl_driver_selection_values=[angle, native]
02-21 18:39:19.373 27696 27696 V GraphicsEnvironment: com.negi.survey is not listed in per-application setting
02-21 18:39:19.374 27696 27696 V GraphicsEnvironment: ANGLE allowlist from config: 
02-21 18:39:19.374 27696 27696 V GraphicsEnvironment: No special selections for ANGLE, returning default driver choice
02-21 18:39:19.374 27696 27696 V GraphicsEnvironment: Neither updatable production driver nor prerelease driver is supported.
02-21 18:39:19.385 27696 27696 D AppRingLogStore: installed: dir=/data/user/0/com.negi.survey/files/diagnostics/applog_ring idx=0
02-21 18:39:19.387 27696 27696 D CrashCapture: install: ensured default handler. where=SurveyApp:attachBaseContext pid=27696 default=com.negi.survey.CrashCapture$CrashHandler@9e57f47
02-21 18:39:19.389 27696 27710 D RuntimeLogStore: openWriter: start -> /data/user/0/com.negi.survey/files/diagnostics/runtime_logs/rtlog_20260222_023919_383_pid27696_seq1.log (bytes=0 format=LEGACY)
02-21 18:39:19.390 27696 27710 D RuntimeLogStore: retention: start files=2 kept=2 totalBytes=4549
02-21 18:39:19.402 27696 27696 D WM-PackageManagerHelper: Skipping component enablement for androidx.work.impl.background.systemjob.SystemJobService
02-21 18:39:19.402 27696 27696 D WM-Schedulers: Created SystemJobScheduler and enabled SystemJobService
02-21 18:39:19.403 27696 27712 D WM-ForceStopRunnable: Is default app process = true
02-21 18:39:19.405 27696 27712 D WM-ForceStopRunnable: Performing cleanup operations.
02-21 18:39:19.417 27696 27712 E ashmem  : Pinning is deprecated since Android Q. Please use trim or other methods.
02-21 18:39:19.434 27696 27712 D WM-SystemJobScheduler: Reconciling jobs
02-21 18:39:19.439 27696 27712 D WM-ForceStopRunnable: Application was force-stopped, rescheduling.
02-21 18:39:19.455 27696 27696 D github_upload: choosePolicy: uniqueName=upload_runtime_logs_startup policy=REPLACE states=[SUCCEEDED]
02-21 18:39:19.455 27696 27696 D github_upload: enqueueStartupRuntimeLogsUpload: uniqueName=upload_runtime_logs_startup policy=REPLACE
02-21 18:39:19.520 27696 27717 D WM-SystemJobScheduler: Scheduling work ID 63da8907-ae22-4ef7-b20a-cd0299d0649bJob ID 605
02-21 18:39:19.529 27696 27717 D WM-GreedyScheduler: Starting tracking for 63da8907-ae22-4ef7-b20a-cd0299d0649b
02-21 18:39:19.531 27696 27696 D github_upload: choosePolicy: uniqueName=upload_ring_logs_startup policy=REPLACE states=[FAILED]
02-21 18:39:19.531 27696 27696 D github_upload: enqueueStartupRingLogsUpload: uniqueName=upload_ring_logs_startup policy=REPLACE
02-21 18:39:19.532 27696 27696 D CrashCapture: install: ensured default handler. where=SurveyApp:onCreate(rewrap) pid=27696 default=com.negi.survey.CrashCapture$CrashHandler@9e57f47
02-21 18:39:19.532 27696 27696 D CrashCapture: registerSelfHealing: ActivityLifecycleCallbacks registered. mode=onResumedOnly
02-21 18:39:19.536 27696 27718 D CrashCapture: enqueuePendingCrashUploadsIfPossible enter where=SurveyApp:enqueuePending(immediate):bg pid=27696 thread=CrashCapture-Enqueue
02-21 18:39:19.540 27696 27723 I DisplayManager: Choreographer implicitly registered for the refresh rate.
02-21 18:39:19.542 27696 27719 D UploadRescheduleRcvr: No GitHub pending files for action=android.intent.action.BOOT_COMPLETED
02-21 18:39:19.546 27696 27696 D DesktopExperienceFlags: Toggle override initialized to: false
02-21 18:39:19.547 27696 27723 D vulkan  : searching for layers in '/data/app/~~G26vf918FQQBHgV53mjAmQ==/com.negi.survey-ZnhXEpN5yZAr83hg_NaKQg==/lib/arm64'
02-21 18:39:19.548 27696 27723 D vulkan  : searching for layers in '/data/app/~~G26vf918FQQBHgV53mjAmQ==/com.negi.survey-ZnhXEpN5yZAr83hg_NaKQg==/base.apk!/lib/arm64-v8a'
02-21 18:39:19.558 27696 27696 D CompatChangeReporter: Compat change id reported: 377864165; UID 14738; state: ENABLED
02-21 18:39:19.558 27696 27696 D DesktopModeFlags: Toggle override initialized to: OVERRIDE_UNSET
02-21 18:39:19.566 27696 27696 I ContentCaptureHelper: Setting logging level to OFF
02-21 18:39:19.568 27696 27717 D WM-SystemJobScheduler: Scheduling work ID 0f072d3c-48d8-4f76-b131-63e9d705c5ebJob ID 606
02-21 18:39:19.571 27696 27696 D CrashCapture: install: ensured default handler. where=selfHeal:onActivityResumed pid=27696 default=com.negi.survey.CrashCapture$CrashHandler@9e57f47
02-21 18:39:19.571 27696 27717 D WM-GreedyScheduler: Starting tracking for 63da8907-ae22-4ef7-b20a-cd0299d0649b,0f072d3c-48d8-4f76-b131-63e9d705c5eb
02-21 18:39:19.579 27696 27717 D WM-PackageManagerHelper: androidx.work.impl.background.systemalarm.RescheduleReceiver enabled
02-21 18:39:19.580 27696 27719 D github_upload: choosePolicy: uniqueName=upload_runtime_logs_startup policy=KEEP states=[ENQUEUED]
02-21 18:39:19.581 27696 27719 D github_upload: enqueueStartupRuntimeLogsUpload: uniqueName=upload_runtime_logs_startup policy=KEEP
02-21 18:39:19.581 27696 27719 D UploadRescheduleRcvr: Enqueued runtime logs upload for action=android.intent.action.BOOT_COMPLETED reason=receiver_boot_completed
02-21 18:39:19.595 27696 27717 D WM-ConstraintTracker: NetworkStateTracker24: initial state = NetworkState(isConnected=true, isValidated=true, isMetered=false, isNotRoaming=true, isBlocked=false)
02-21 18:39:19.595 27696 27717 D WM-NetworkStateTracker: Registering network callback
02-21 18:39:19.605 27696 27738 D WM-NetworkStateTracker: Network capabilities changed: [ Transports: WIFI Capabilities: NOT_METERED&INTERNET&NOT_RESTRICTED&TRUSTED&NOT_VPN&VALIDATED&NOT_ROAMING&FOREGROUND&NOT_CONGESTED&NOT_SUSPENDED&NOT_VCN_MANAGED&NOT_BANDWIDTH_CONSTRAINED LinkUpBandwidth>=13861Kbps LinkDnBandwidth>=101944Kbps TransportInfo: <SSID: <unknown ssid>, BSSID: 02:00:00:00:00:00, MAC: 02:00:00:00:00:00, IP: /192.168.1.27, Security type: 2, Supplicant state: COMPLETED, Wi-Fi standard: 11ac, RSSI: -58, Link speed: 650Mbps, Tx Link speed: 650Mbps, Max Supported Tx Link speed: 866Mbps, Rx Link speed: 650Mbps, Max Supported Rx Link speed: 866Mbps, Frequency: 5805MHz, Net ID: -1, Metered hint: false, score: 60, isUsable: true, CarrierMerged: false, SubscriptionId: -1, IsPrimary: -1, Trusted: true, Restricted: false, Ephemeral: false, OEM paid: false, OEM private: false, OSU AP: false, FQDN: <none>, Provider friendly name: <none>, Requesting package name: <none><none>MLO Information: , Is TID-To-Link negotiation supported by the AP: false, AP MLD Address: <none>, AP MLO Link Id: <none>, AP MLO Affiliated links: <none>, Vendor Data: <none>> SignalStrength: -58 UnderlyingNetworks: Null]
02-21 18:39:19.606 27696 27738 D WM-NetworkStateTracker: Network blocked status changed: false
02-21 18:39:19.607 27696 27696 D WindowOnBackDispatcher: setTopOnBackInvokedCallback (unwrapped): android.app.Activity$$ExternalSyntheticLambda0@c098a3a
02-21 18:39:19.614 27696 27717 D WM-GreedyScheduler: Constraints met: Scheduling work ID WorkGenerationalId(workSpecId=63da8907-ae22-4ef7-b20a-cd0299d0649b, generation=0)
02-21 18:39:19.628 27696 27717 D WM-Processor: Processor: processing WorkGenerationalId(workSpecId=63da8907-ae22-4ef7-b20a-cd0299d0649b, generation=0)
02-21 18:39:19.628 27696 27717 D WM-GreedyScheduler: Constraints met: Scheduling work ID WorkGenerationalId(workSpecId=0f072d3c-48d8-4f76-b131-63e9d705c5eb, generation=0)
02-21 18:39:19.632 27696 27717 D WM-Processor: Processor: processing WorkGenerationalId(workSpecId=0f072d3c-48d8-4f76-b131-63e9d705c5eb, generation=0)
02-21 18:39:19.638 27696 27696 E VibratorInfo: Invalid frequency profile received from HAL. resonantFrequencyHz=NaN, frequenciesHz=null, outputAccelerationsGs=null
02-21 18:39:19.687 27696 27696 D VRI[MainActivity]: WindowInsets changed: 1080x2424 statusBars:[0,152,0,0] navigationBars:[0,0,0,69] mandatorySystemGestures:[0,187,0,92] 
02-21 18:39:19.692 27696 27696 I HWUI    : Using FreeType backend (prop=Auto)
