=== Previous Session Logcat ===
captured_time_utc=20260221_072550
captured_time_local=20260220_232550
marker=2026-02-20 22:04:11.916
preferred_prev_pid=-1
note=best-effort; buffers may be overwritten before next start
sdk=36
device=Google Pixel 9a
appId=com.negi.survey
versionName=0.0.1
versionCode=1

=== Logcat (since marker) ===
--------- beginning of system
02-20 22:04:12.127 11457 11457 D InsetsController: hide(ime())
02-20 22:04:12.492 11457 11457 W NotificationManager: Shedding notify (update) of NotificationKey[user=UserHandle{0}, pkg=com.negi.survey, tag=null, id=3748], rate limit (5.0) exceeded: input 7.224167, output would be 5.0624027
02-20 22:04:13.498 11457 11457 W NotificationManager: Shedding notify (update) of NotificationKey[user=UserHandle{0}, pkg=com.negi.survey, tag=null, id=8247], rate limit (5.0) exceeded: input 306.31024, output would be 6.8718204
02-20 22:04:14.498 11457 11457 W NotificationManager: Shedding notify (update) of NotificationKey[user=UserHandle{0}, pkg=com.negi.survey, tag=null, id=8247], rate limit (5.0) exceeded: input 146.48355, output would be 5.2244353
02-20 22:04:15.663 11457 11457 W NotificationManager: Shedding notify (update) of NotificationKey[user=UserHandle{0}, pkg=com.negi.survey, tag=null, id=9333], rate limit (5.0) exceeded: input 12.065085, output would be 5.623759
02-20 22:04:16.664 11457 11457 W NotificationManager: Shedding notify (update) of NotificationKey[user=UserHandle{0}, pkg=com.negi.survey, tag=null, id=7812], rate limit (5.0) exceeded: input 72.84629, output would be 6.941976
02-20 22:04:18.000 11457 11457 W NotificationManager: Shedding notify (update) of NotificationKey[user=UserHandle{0}, pkg=com.negi.survey, tag=null, id=9333], rate limit (5.0) exceeded: input 16.136148, output would be 5.9006395
02-20 22:04:19.016 11457 11457 W NotificationManager: Shedding notify (update) of NotificationKey[user=UserHandle{0}, pkg=com.negi.survey, tag=null, id=7558], rate limit (5.0) exceeded: input 34.151188, output would be 5.991344
02-20 22:04:20.784 11457 11457 W NotificationManager: Shedding notify (update) of NotificationKey[user=UserHandle{0}, pkg=com.negi.survey, tag=null, id=9555], rate limit (5.0) exceeded: input 10.745679, output would be 6.231283
02-20 22:04:24.243 11457 11457 W NotificationManager: Shedding notify (update) of NotificationKey[user=UserHandle{0}, pkg=com.negi.survey, tag=null, id=9555], rate limit (5.0) exceeded: input 9.777599, output would be 6.194978
--------- beginning of main
02-20 23:25:50.039 15728 15728 I libc    : SetHeapTaggingLevel: tag level set to 0
02-20 23:25:50.047 15728 15728 I Zygote  : Process 15728 created for com.negi.survey
02-20 23:25:50.048 15728 15728 I com.negi.survey: Using CollectorTypeCMC GC.
02-20 23:25:50.065 15728 15728 D nativeloader: Load libframework-connectivity-tiramisu-jni.so using APEX ns com_android_tethering for caller /apex/com.android.tethering/javalib/framework-connectivity-t.jar: ok
02-20 23:25:50.095 15728 15728 D ApplicationLoaders: Returning zygote-cached class loader: /system_ext/framework/androidx.window.extensions.jar
02-20 23:25:50.095 15728 15728 D ApplicationLoaders: Returning zygote-cached class loader: /system_ext/framework/androidx.window.sidecar.jar
02-20 23:25:50.111 15728 15728 D nativeloader: Configuring clns-9 for other apk /data/app/~~PR_slfr0wjhbuKjsE48PNA==/com.negi.survey-N8pg8qPnwuNQ1sr8l6bmmQ==/base.apk. target_sdk_version=36, uses_libraries=libOpenCL.so:libOpenCL-pixel.so, library_path=/data/app/~~PR_slfr0wjhbuKjsE48PNA==/com.negi.survey-N8pg8qPnwuNQ1sr8l6bmmQ==/lib/arm64:/data/app/~~PR_slfr0wjhbuKjsE48PNA==/com.negi.survey-N8pg8qPnwuNQ1sr8l6bmmQ==/base.apk!/lib/arm64-v8a, permitted_path=/data:/mnt/expand:/data/user/0/com.negi.survey
02-20 23:25:50.121 15728 15728 V GraphicsEnvironment: Currently set values for:
02-20 23:25:50.121 15728 15728 V GraphicsEnvironment:   angle_gl_driver_selection_pkgs=[com.android.angle, com.google.android.apps.tachyon]
02-20 23:25:50.121 15728 15728 V GraphicsEnvironment:   angle_gl_driver_selection_values=[angle, native]
02-20 23:25:50.121 15728 15728 V GraphicsEnvironment: com.negi.survey is not listed in per-application setting
02-20 23:25:50.121 15728 15728 V GraphicsEnvironment: ANGLE allowlist from config: 
02-20 23:25:50.121 15728 15728 V GraphicsEnvironment: No special selections for ANGLE, returning default driver choice
02-20 23:25:50.121 15728 15728 V GraphicsEnvironment: Neither updatable production driver nor prerelease driver is supported.
02-20 23:25:50.130 15728 15728 D AppRingLogStore: installed: dir=/data/user/0/com.negi.survey/files/diagnostics/applog_ring idx=0
02-20 23:25:50.130 15728 15728 D CrashCapture: install: ensured default handler. where=SurveyApp:attachBaseContext pid=15728 default=com.negi.survey.CrashCapture$CrashHandler@c280a86
02-20 23:25:50.141 15728 15728 D WM-PackageManagerHelper: Skipping component enablement for androidx.work.impl.background.systemjob.SystemJobService
02-20 23:25:50.141 15728 15728 D WM-Schedulers: Created SystemJobScheduler and enabled SystemJobService
02-20 23:25:50.142 15728 15744 D RuntimeLogStore: openWriter: start -> /data/user/0/com.negi.survey/files/diagnostics/runtime_logs/rtlog_20260221_072550_141_pid15728_seq1.log (bytes=0 format=LEGACY)
02-20 23:25:50.144 15728 15744 D RuntimeLogStore: retention: start files=2 kept=2 totalBytes=640
02-20 23:25:50.144 15728 15746 D WM-ForceStopRunnable: Is default app process = true
02-20 23:25:50.144 15728 15746 D WM-ForceStopRunnable: Performing cleanup operations.
02-20 23:25:50.168 15728 15746 E ashmem  : Pinning is deprecated since Android Q. Please use trim or other methods.
02-20 23:25:50.188 15728 15746 D WM-SystemJobScheduler: Reconciling jobs
02-20 23:25:50.202 15728 15746 D WM-ForceStopRunnable: Application was force-stopped, rescheduling.
02-20 23:25:50.213 15728 15728 D github_upload: choosePolicy: uniqueName=upload_runtime_logs_startup policy=REPLACE states=[SUCCEEDED]
02-20 23:25:50.213 15728 15728 D github_upload: enqueueStartupRuntimeLogsUpload: uniqueName=upload_runtime_logs_startup policy=REPLACE
02-20 23:25:50.213 15728 15728 D CrashCapture: install: ensured default handler. where=SurveyApp:onCreate(rewrap) pid=15728 default=com.negi.survey.CrashCapture$CrashHandler@c280a86
02-20 23:25:50.213 15728 15728 D CrashCapture: registerSelfHealing: ActivityLifecycleCallbacks registered. mode=onResumedOnly
02-20 23:25:50.214 15728 15757 D CrashCapture: enqueuePendingCrashUploadsIfPossible enter where=SurveyApp:enqueuePending(immediate):bg pid=15728 thread=CrashCapture-Enqueue
02-20 23:25:50.221 15728 15759 D UploadRescheduleRcvr: No GitHub pending files for action=android.intent.action.BOOT_COMPLETED
02-20 23:25:50.224 15728 15760 I DisplayManager: Choreographer implicitly registered for the refresh rate.
02-20 23:25:50.225 15728 15760 D vulkan  : searching for layers in '/data/app/~~PR_slfr0wjhbuKjsE48PNA==/com.negi.survey-N8pg8qPnwuNQ1sr8l6bmmQ==/lib/arm64'
02-20 23:25:50.225 15728 15728 D DesktopExperienceFlags: Toggle override initialized to: false
02-20 23:25:50.225 15728 15760 D vulkan  : searching for layers in '/data/app/~~PR_slfr0wjhbuKjsE48PNA==/com.negi.survey-N8pg8qPnwuNQ1sr8l6bmmQ==/base.apk!/lib/arm64-v8a'
02-20 23:25:50.229 15728 15728 D CrashCapture: install: ensured default handler. where=install(legacy) pid=15728 default=com.negi.survey.CrashCapture$CrashHandler@c280a86
02-20 23:25:50.229 15728 15768 D CrashCapture: enqueuePendingCrashUploadsIfPossible skipped (already running). where=enqueue(legacy):bg
02-20 23:25:50.231 15728 15728 D CompatChangeReporter: Compat change id reported: 377864165; UID 14738; state: ENABLED
02-20 23:25:50.231 15728 15728 D DesktopModeFlags: Toggle override initialized to: OVERRIDE_UNSET
02-20 23:25:50.240 15728 15728 I ContentCaptureHelper: Setting logging level to OFF
02-20 23:25:50.242 15728 15728 D CrashCapture: install: ensured default handler. where=selfHeal:onActivityResumed pid=15728 default=com.negi.survey.CrashCapture$CrashHandler@c280a86
02-20 23:25:50.251 15728 15756 D WM-SystemJobScheduler: Scheduling work ID 8f47269e-106b-48bf-a411-d5126a8f9c37Job ID 212
02-20 23:25:50.257 15728 15756 D WM-GreedyScheduler: Starting tracking for 8f47269e-106b-48bf-a411-d5126a8f9c37
02-20 23:25:50.260 15728 15759 D github_upload: choosePolicy: uniqueName=upload_runtime_logs_startup policy=KEEP states=[ENQUEUED]
02-20 23:25:50.260 15728 15759 D github_upload: enqueueStartupRuntimeLogsUpload: uniqueName=upload_runtime_logs_startup policy=KEEP
02-20 23:25:50.260 15728 15759 D UploadRescheduleRcvr: Enqueued runtime logs upload for action=android.intent.action.BOOT_COMPLETED reason=receiver_boot_completed
02-20 23:25:50.282 15728 15728 D WindowOnBackDispatcher: setTopOnBackInvokedCallback (unwrapped): android.app.Activity$$ExternalSyntheticLambda0@7507fa9
02-20 23:25:50.291 15728 15756 D WM-PackageManagerHelper: androidx.work.impl.background.systemalarm.RescheduleReceiver enabled
02-20 23:25:50.305 15728 15756 D WM-ConstraintTracker: NetworkStateTracker24: initial state = NetworkState(isConnected=true, isValidated=true, isMetered=false, isNotRoaming=true, isBlocked=false)
02-20 23:25:50.305 15728 15756 D WM-NetworkStateTracker: Registering network callback
02-20 23:25:50.308 15728 15728 E VibratorInfo: Invalid frequency profile received from HAL. resonantFrequencyHz=NaN, frequenciesHz=null, outputAccelerationsGs=null
02-20 23:25:50.317 15728 15756 D WM-GreedyScheduler: Constraints met: Scheduling work ID WorkGenerationalId(workSpecId=8f47269e-106b-48bf-a411-d5126a8f9c37, generation=0)
02-20 23:25:50.320 15728 15756 D WM-Processor: Processor: processing WorkGenerationalId(workSpecId=8f47269e-106b-48bf-a411-d5126a8f9c37, generation=0)
02-20 23:25:50.321 15728 15784 D WM-NetworkStateTracker: Network capabilities changed: [ Transports: WIFI Capabilities: NOT_METERED&INTERNET&NOT_RESTRICTED&TRUSTED&NOT_VPN&VALIDATED&NOT_ROAMING&FOREGROUND&NOT_CONGESTED&NOT_SUSPENDED&NOT_VCN_MANAGED&NOT_BANDWIDTH_CONSTRAINED LinkUpBandwidth>=13861Kbps LinkDnBandwidth>=101944Kbps TransportInfo: <SSID: <unknown ssid>, BSSID: 02:00:00:00:00:00, MAC: 02:00:00:00:00:00, IP: /192.168.1.27, Security type: 2, Supplicant state: COMPLETED, Wi-Fi standard: 11ac, RSSI: -39, Link speed: 866Mbps, Tx Link speed: 866Mbps, Max Supported Tx Link speed: 866Mbps, Rx Link speed: 866Mbps, Max Supported Rx Link speed: 866Mbps, Frequency: 5805MHz, Net ID: -1, Metered hint: false, score: 60, isUsable: true, CarrierMerged: false, SubscriptionId: -1, IsPrimary: -1, Trusted: true, Restricted: false, Ephemeral: false, OEM paid: false, OEM private: false, OSU AP: false, FQDN: <none>, Provider friendly name: <none>, Requesting package name: <none><none>MLO Information: , Is TID-To-Link negotiation supported by the AP: false, AP MLD Address: <none>, AP MLO Link Id: <none>, AP MLO Affiliated links: <none>, Vendor Data: <none>> SignalStrength: -39 UnderlyingNetworks: Null]
02-20 23:25:50.322 15728 15784 D WM-NetworkStateTracker: Network blocked status changed: false
02-20 23:25:50.354 15728 15728 D VRI[MainActivity]: WindowInsets changed: 1080x2424 statusBars:[0,152,0,0] navigationBars:[0,0,0,69] mandatorySystemGestures:[0,187,0,92] 
