=== Previous Session Logcat ===
captured_time_utc=20260221_082432
captured_time_local=20260221_002432
marker=2026-02-21 00:10:23.634
preferred_prev_pid=-1
note=best-effort; buffers may be overwritten before next start
sdk=36
device=Google Pixel 9a
appId=com.negi.survey
versionName=0.0.1
versionCode=1

=== Logcat (since marker) ===
--------- beginning of main
02-21 00:24:31.920 18239 18239 I libc    : SetHeapTaggingLevel: tag level set to 0
02-21 00:24:31.929 18239 18239 I Zygote  : Process 18239 created for com.negi.survey
02-21 00:24:31.930 18239 18239 I com.negi.survey: Using CollectorTypeCMC GC.
02-21 00:24:31.940 18239 18239 D nativeloader: Load libframework-connectivity-tiramisu-jni.so using APEX ns com_android_tethering for caller /apex/com.android.tethering/javalib/framework-connectivity-t.jar: ok
02-21 00:24:31.967 18239 18239 D ApplicationLoaders: Returning zygote-cached class loader: /system_ext/framework/androidx.window.extensions.jar
02-21 00:24:31.967 18239 18239 D ApplicationLoaders: Returning zygote-cached class loader: /system_ext/framework/androidx.window.sidecar.jar
02-21 00:24:31.982 18239 18239 D nativeloader: Configuring clns-9 for other apk /data/app/~~6RTESMqYyBUPQ7mCb2HZ_w==/com.negi.survey-E7PtWupL2XmzSglJUbmwmA==/base.apk. target_sdk_version=36, uses_libraries=libOpenCL.so:libOpenCL-pixel.so, library_path=/data/app/~~6RTESMqYyBUPQ7mCb2HZ_w==/com.negi.survey-E7PtWupL2XmzSglJUbmwmA==/lib/arm64:/data/app/~~6RTESMqYyBUPQ7mCb2HZ_w==/com.negi.survey-E7PtWupL2XmzSglJUbmwmA==/base.apk!/lib/arm64-v8a, permitted_path=/data:/mnt/expand:/data/user/0/com.negi.survey
02-21 00:24:31.988 18239 18239 V GraphicsEnvironment: Currently set values for:
02-21 00:24:31.988 18239 18239 V GraphicsEnvironment:   angle_gl_driver_selection_pkgs=[com.android.angle, com.google.android.apps.tachyon]
02-21 00:24:31.988 18239 18239 V GraphicsEnvironment:   angle_gl_driver_selection_values=[angle, native]
02-21 00:24:31.988 18239 18239 V GraphicsEnvironment: com.negi.survey is not listed in per-application setting
02-21 00:24:31.988 18239 18239 V GraphicsEnvironment: ANGLE allowlist from config: 
02-21 00:24:31.988 18239 18239 V GraphicsEnvironment: No special selections for ANGLE, returning default driver choice
02-21 00:24:31.988 18239 18239 V GraphicsEnvironment: Neither updatable production driver nor prerelease driver is supported.
02-21 00:24:31.999 18239 18261 D RuntimeLogStore: openWriter: start -> /data/user/0/com.negi.survey/files/diagnostics/runtime_logs/rtlog_20260221_082431_996_pid18239_seq1.log (bytes=0 format=LEGACY)
02-21 00:24:32.000 18239 18239 D AppRingLogStore: installed: dir=/data/user/0/com.negi.survey/files/diagnostics/applog_ring idx=0
02-21 00:24:32.001 18239 18239 D CrashCapture: install: ensured default handler. where=SurveyApp:attachBaseContext pid=18239 default=com.negi.survey.CrashCapture$CrashHandler@9e57f47
02-21 00:24:32.002 18239 18261 D RuntimeLogStore: retention: start files=2 kept=2 totalBytes=118327
02-21 00:24:32.010 18239 18239 D WM-PackageManagerHelper: Skipping component enablement for androidx.work.impl.background.systemjob.SystemJobService
02-21 00:24:32.010 18239 18239 D WM-Schedulers: Created SystemJobScheduler and enabled SystemJobService
02-21 00:24:32.011 18239 18263 D WM-ForceStopRunnable: Is default app process = true
02-21 00:24:32.012 18239 18263 D WM-ForceStopRunnable: Performing cleanup operations.
02-21 00:24:32.030 18239 18263 E ashmem  : Pinning is deprecated since Android Q. Please use trim or other methods.
02-21 00:24:32.057 18239 18263 D WM-SystemJobScheduler: Reconciling jobs
02-21 00:24:32.067 18239 18263 D WM-ForceStopRunnable: Application was force-stopped, rescheduling.
02-21 00:24:32.117 18239 18239 D github_upload: choosePolicy: uniqueName=upload_runtime_logs_startup policy=REPLACE states=[SUCCEEDED]
02-21 00:24:32.117 18239 18239 D github_upload: enqueueStartupRuntimeLogsUpload: uniqueName=upload_runtime_logs_startup policy=REPLACE
02-21 00:24:32.117 18239 18239 D CrashCapture: install: ensured default handler. where=SurveyApp:onCreate(rewrap) pid=18239 default=com.negi.survey.CrashCapture$CrashHandler@9e57f47
02-21 00:24:32.118 18239 18239 D CrashCapture: registerSelfHealing: ActivityLifecycleCallbacks registered. mode=onResumedOnly
02-21 00:24:32.118 18239 18269 D CrashCapture: enqueuePendingCrashUploadsIfPossible enter where=SurveyApp:enqueuePending(immediate):bg pid=18239 thread=CrashCapture-Enqueue
--------- beginning of system
02-21 00:24:32.127 18239 18273 I DisplayManager: Choreographer implicitly registered for the refresh rate.
02-21 00:24:32.127 18239 18239 D DesktopExperienceFlags: Toggle override initialized to: false
02-21 00:24:32.129 18239 18273 D vulkan  : searching for layers in '/data/app/~~6RTESMqYyBUPQ7mCb2HZ_w==/com.negi.survey-E7PtWupL2XmzSglJUbmwmA==/lib/arm64'
02-21 00:24:32.129 18239 18273 D vulkan  : searching for layers in '/data/app/~~6RTESMqYyBUPQ7mCb2HZ_w==/com.negi.survey-E7PtWupL2XmzSglJUbmwmA==/base.apk!/lib/arm64-v8a'
02-21 00:24:32.131 18239 18239 D CrashCapture: install: ensured default handler. where=install(legacy) pid=18239 default=com.negi.survey.CrashCapture$CrashHandler@9e57f47
02-21 00:24:32.132 18239 18277 D CrashCapture: enqueuePendingCrashUploadsIfPossible skipped (already running). where=enqueue(legacy):bg
02-21 00:24:32.136 18239 18239 D CompatChangeReporter: Compat change id reported: 377864165; UID 14738; state: ENABLED
02-21 00:24:32.136 18239 18239 D DesktopModeFlags: Toggle override initialized to: OVERRIDE_UNSET
02-21 00:24:32.139 18239 18271 D UploadRescheduleRcvr: No GitHub pending files for action=android.intent.action.BOOT_COMPLETED
02-21 00:24:32.142 18239 18239 I ContentCaptureHelper: Setting logging level to OFF
02-21 00:24:32.145 18239 18267 D WM-SystemJobScheduler: Scheduling work ID 403adc5e-e853-4289-9fba-344c4f853d10Job ID 272
02-21 00:24:32.149 18239 18239 D CrashCapture: install: ensured default handler. where=selfHeal:onActivityResumed pid=18239 default=com.negi.survey.CrashCapture$CrashHandler@9e57f47
02-21 00:24:32.162 18239 18267 D WM-GreedyScheduler: Starting tracking for 403adc5e-e853-4289-9fba-344c4f853d10
02-21 00:24:32.166 18239 18271 D github_upload: choosePolicy: uniqueName=upload_runtime_logs_startup policy=KEEP states=[ENQUEUED]
02-21 00:24:32.166 18239 18271 D github_upload: enqueueStartupRuntimeLogsUpload: uniqueName=upload_runtime_logs_startup policy=KEEP
02-21 00:24:32.166 18239 18271 D UploadRescheduleRcvr: Enqueued runtime logs upload for action=android.intent.action.BOOT_COMPLETED reason=receiver_boot_completed
02-21 00:24:32.169 18239 18263 D WM-PackageManagerHelper: androidx.work.impl.background.systemalarm.RescheduleReceiver enabled
02-21 00:24:32.175 18239 18263 D WM-ConstraintTracker: NetworkStateTracker24: initial state = NetworkState(isConnected=true, isValidated=true, isMetered=false, isNotRoaming=true, isBlocked=false)
02-21 00:24:32.175 18239 18263 D WM-NetworkStateTracker: Registering network callback
02-21 00:24:32.187 18239 18263 D WM-GreedyScheduler: Constraints met: Scheduling work ID WorkGenerationalId(workSpecId=403adc5e-e853-4289-9fba-344c4f853d10, generation=0)
02-21 00:24:32.187 18239 18290 D WM-NetworkStateTracker: Network capabilities changed: [ Transports: WIFI Capabilities: NOT_METERED&INTERNET&NOT_RESTRICTED&TRUSTED&NOT_VPN&VALIDATED&NOT_ROAMING&FOREGROUND&NOT_CONGESTED&NOT_SUSPENDED&NOT_VCN_MANAGED&NOT_BANDWIDTH_CONSTRAINED LinkUpBandwidth>=13861Kbps LinkDnBandwidth>=101944Kbps TransportInfo: <SSID: <unknown ssid>, BSSID: 02:00:00:00:00:00, MAC: 02:00:00:00:00:00, IP: /192.168.1.27, Security type: 2, Supplicant state: COMPLETED, Wi-Fi standard: 11ac, RSSI: -39, Link speed: 866Mbps, Tx Link speed: 866Mbps, Max Supported Tx Link speed: 866Mbps, Rx Link speed: 866Mbps, Max Supported Rx Link speed: 866Mbps, Frequency: 5805MHz, Net ID: -1, Metered hint: false, score: 60, isUsable: true, CarrierMerged: false, SubscriptionId: -1, IsPrimary: -1, Trusted: true, Restricted: false, Ephemeral: false, OEM paid: false, OEM private: false, OSU AP: false, FQDN: <none>, Provider friendly name: <none>, Requesting package name: <none><none>MLO Information: , Is TID-To-Link negotiation supported by the AP: false, AP MLD Address: <none>, AP MLO Link Id: <none>, AP MLO Affiliated links: <none>, Vendor Data: <none>> SignalStrength: -39 UnderlyingNetworks: Null]
02-21 00:24:32.189 18239 18290 D WM-NetworkStateTracker: Network blocked status changed: false
02-21 00:24:32.198 18239 18263 D WM-Processor: Processor: processing WorkGenerationalId(workSpecId=403adc5e-e853-4289-9fba-344c4f853d10, generation=0)
02-21 00:24:32.202 18239 18239 D WindowOnBackDispatcher: setTopOnBackInvokedCallback (unwrapped): android.app.Activity$$ExternalSyntheticLambda0@c098a3a
02-21 00:24:32.227 18239 18239 E VibratorInfo: Invalid frequency profile received from HAL. resonantFrequencyHz=NaN, frequenciesHz=null, outputAccelerationsGs=null
