=== Previous Session Logcat ===
captured_time_utc=20260221_074540
captured_time_local=20260220_234540
marker=2026-02-20 23:25:50.455
preferred_prev_pid=-1
note=best-effort; buffers may be overwritten before next start
sdk=36
device=Google Pixel 9a
appId=com.negi.survey
versionName=0.0.1
versionCode=1

=== Logcat (since marker) ===
--------- beginning of system
02-20 23:26:39.645 15728 15728 D InsetsController: show(ime())
02-20 23:26:39.659 15728 15728 D InsetsController: Setting requestedVisibleTypes to 511 (was 503)
02-20 23:26:39.671 15728 15728 D InsetsController: show(ime())
02-20 23:26:49.847 15728 15728 D InsetsController: show(ime())
02-20 23:26:49.850 15728 15728 D InsetsController: show(ime())
02-20 23:26:52.023 15728 15728 D InsetsController: hide(ime())
02-20 23:26:52.024 15728 15728 D InsetsController: Setting requestedVisibleTypes to 503 (was 511)
02-20 23:27:20.117 15728 15728 D InsetsController: show(ime())
02-20 23:27:20.117 15728 15728 D InsetsController: Setting requestedVisibleTypes to 511 (was 503)
02-20 23:27:20.126 15728 15728 D InsetsController: show(ime())
02-20 23:28:24.192 15728 15728 D InsetsController: hide(ime())
02-20 23:28:24.193 15728 15728 D InsetsController: Setting requestedVisibleTypes to 503 (was 511)
02-20 23:28:48.488 15728 15728 D InsetsController: show(ime())
02-20 23:28:48.488 15728 15728 D InsetsController: Setting requestedVisibleTypes to 511 (was 503)
02-20 23:28:48.491 15728 15728 D InsetsController: show(ime())
02-20 23:32:17.817 15728 15728 D InsetsController: show(ime())
02-20 23:32:17.833 15728 15728 D InsetsController: show(ime())
02-20 23:32:21.748 15728 15728 D InsetsController: hide(ime())
02-20 23:32:21.749 15728 15728 D InsetsController: Setting requestedVisibleTypes to 503 (was 511)
02-20 23:33:57.962 15728 15728 D InsetsController: show(ime())
02-20 23:33:57.962 15728 15728 D InsetsController: Setting requestedVisibleTypes to 511 (was 503)
02-20 23:33:57.978 15728 15728 D InsetsController: show(ime())
02-20 23:34:09.944 15728 15728 D InsetsController: hide(ime())
02-20 23:34:09.945 15728 15728 D InsetsController: Setting requestedVisibleTypes to 503 (was 511)
02-20 23:34:32.082 15728 15728 D InsetsController: show(ime())
02-20 23:34:32.083 15728 15728 D InsetsController: Setting requestedVisibleTypes to 511 (was 503)
02-20 23:34:32.088 15728 15728 D InsetsController: show(ime())
02-20 23:34:56.726 15728 15728 D InsetsController: show(ime())
02-20 23:34:56.744 15728 15728 D InsetsController: show(ime())
02-20 23:34:58.851 15728 15728 D InsetsController: hide(ime())
02-20 23:34:58.851 15728 15728 D InsetsController: Setting requestedVisibleTypes to 503 (was 511)
02-20 23:36:16.775 15728 15728 D InsetsController: show(ime())
02-20 23:36:16.775 15728 15728 D InsetsController: Setting requestedVisibleTypes to 511 (was 503)
02-20 23:36:16.782 15728 15728 D InsetsController: show(ime())
02-20 23:36:19.441 15728 15728 D InsetsController: show(ime())
02-20 23:36:19.457 15728 15728 D InsetsController: show(ime())
02-20 23:36:33.077 15728 15728 D InsetsController: hide(ime())
02-20 23:36:33.078 15728 15728 D InsetsController: Setting requestedVisibleTypes to 503 (was 511)
02-20 23:36:33.078 15728 15728 D InsetsController: hide(ime())
02-20 23:36:42.036 15728 15728 D InsetsController: show(ime())
02-20 23:36:42.036 15728 15728 D InsetsController: Setting requestedVisibleTypes to 511 (was 503)
02-20 23:36:42.055 15728 15728 D InsetsController: show(ime())
02-20 23:36:53.693 15728 15728 D InsetsController: hide(ime())
02-20 23:36:53.694 15728 15728 D InsetsController: Setting requestedVisibleTypes to 503 (was 511)
02-20 23:37:13.445 15728 15728 D InsetsController: show(ime())
02-20 23:37:13.446 15728 15728 D InsetsController: Setting requestedVisibleTypes to 511 (was 503)
02-20 23:37:13.450 15728 15728 D InsetsController: show(ime())
02-20 23:37:48.210 15728 15728 D InsetsController: show(ime())
02-20 23:37:48.247 15728 15728 D InsetsController: show(ime())
02-20 23:37:53.632 15728 15728 D InsetsController: show(ime())
02-20 23:37:53.667 15728 15728 D InsetsController: show(ime())
02-20 23:37:54.862 15728 15728 D InsetsController: show(ime())
02-20 23:37:54.893 15728 15728 D InsetsController: show(ime())
02-20 23:37:56.944 15728 15728 D InsetsController: show(ime())
02-20 23:37:57.054 15728 15728 D InsetsController: show(ime())
02-20 23:37:58.359 15728 15728 D InsetsController: hide(ime())
02-20 23:37:58.360 15728 15728 D InsetsController: Setting requestedVisibleTypes to 503 (was 511)
02-20 23:38:06.859 15728 15728 D InsetsController: show(ime())
02-20 23:38:06.859 15728 15728 D InsetsController: Setting requestedVisibleTypes to 511 (was 503)
02-20 23:38:06.869 15728 15728 D InsetsController: show(ime())
02-20 23:38:08.615 15728 15728 D InsetsController: show(ime())
02-20 23:38:08.620 15728 15728 D InsetsController: show(ime())
02-20 23:38:11.964 15728 15728 D InsetsController: hide(ime())
02-20 23:38:11.965 15728 15728 D InsetsController: Setting requestedVisibleTypes to 503 (was 511)
02-20 23:38:13.662 15728 15728 D InsetsController: show(ime())
02-20 23:38:13.663 15728 15728 D InsetsController: Setting requestedVisibleTypes to 511 (was 503)
02-20 23:38:13.678 15728 15728 D InsetsController: show(ime())
02-20 23:38:17.557 15728 15728 D InsetsController: hide(ime())
02-20 23:38:17.558 15728 15728 D InsetsController: Setting requestedVisibleTypes to 503 (was 511)
02-20 23:38:33.098 15728 15728 D InsetsController: show(ime())
02-20 23:38:33.099 15728 15728 D InsetsController: Setting requestedVisibleTypes to 511 (was 503)
02-20 23:38:33.107 15728 15728 D InsetsController: show(ime())
02-20 23:38:35.564 15728 15728 D InsetsController: hide(ime())
02-20 23:38:35.565 15728 15728 D InsetsController: Setting requestedVisibleTypes to 503 (was 511)
02-20 23:38:51.343 15728 15728 D InsetsController: show(ime())
02-20 23:38:51.343 15728 15728 D InsetsController: Setting requestedVisibleTypes to 511 (was 503)
02-20 23:38:51.348 15728 15728 D InsetsController: show(ime())
02-20 23:39:00.933 15728 15728 D InsetsController: show(ime())
02-20 23:39:00.962 15728 15728 D InsetsController: show(ime())
02-20 23:39:02.350 15728 15728 D InsetsController: show(ime())
02-20 23:39:02.355 15728 15728 D InsetsController: show(ime())
02-20 23:39:04.018 15728 15728 D InsetsController: show(ime())
02-20 23:39:04.036 15728 15728 D InsetsController: show(ime())
02-20 23:39:04.952 15728 15728 D InsetsController: show(ime())
02-20 23:39:04.983 15728 15728 D InsetsController: show(ime())
02-20 23:39:06.135 15728 15728 D InsetsController: show(ime())
02-20 23:39:06.199 15728 15728 D InsetsController: show(ime())
02-20 23:39:06.839 15728 15728 D InsetsController: hide(ime())
02-20 23:39:06.839 15728 15728 D InsetsController: Setting requestedVisibleTypes to 503 (was 511)
--------- beginning of main
02-20 23:45:27.591 15728 15728 D MainActivity: Done -> Restart requested (return to selector)
02-20 23:45:27.592 15728 15728 D MainActivity: resetToSelector invoked. session=survey_config20.yaml@1
02-20 23:45:27.615 15728 15728 D WindowOnBackDispatcher: setTopOnBackInvokedCallback (unwrapped): android.app.Activity$$ExternalSyntheticLambda0@7507fa9
02-20 23:45:27.616 15728 15728 D WhisperSpeechController: stopRecording: not recording, ignoring
02-20 23:45:27.624 15728 15728 D MainActivity: Session dispose -> clearing ViewModelStore. session=survey_config20.yaml@1
02-20 23:45:27.625 15728 15728 W HeavyInitializer: Initialization cancel requested.
02-20 23:45:27.629 15728 16336 D WhisperEngine: Detach called. Keeping native context alive for key=null
02-20 23:45:27.654 15728 15728 D IntroScreen: Resolved config details: id=survey_config10.yaml in 7ms
02-20 23:45:34.862 15728 15728 D IntroScreen: Config selected: survey_config10.yaml -> survey_config20.yaml
02-20 23:45:34.890 15728 15728 D IntroScreen: Resolved config details: id=survey_config20.yaml in 5ms
02-20 23:45:35.763 15728 15734 I com.negi.survey: Background concurrent mark compact GC freed 22MB AllocSpace bytes, 20(1252KB) LOS objects, 81% free, 5510KB/29MB, paused 649us,1.656ms total 107.133ms
02-20 23:45:36.835 15728 15728 E InputEventReceiver: Exception dispatching input event.
02-20 23:45:36.835 15728 15728 E MessageQueue-JNI: Exception in MessageQueue callback: handleReceiveCallback
02-20 23:45:36.837 15728 15728 E MessageQueue-JNI: java.lang.RuntimeException: Debug crash button pressed
02-20 23:45:36.837 15728 15728 E MessageQueue-JNI: 	at com.negi.survey.screens.IntroScreenKt.IntroScreen$lambda$2$0$0$0(IntroScreen.kt:210)
02-20 23:45:36.837 15728 15728 E MessageQueue-JNI: 	at com.negi.survey.screens.IntroScreenKt.$r8$lambda$dVJUvuvBl3BAK4vFcws4ley11cc(Unknown Source:0)
02-20 23:45:36.837 15728 15728 E MessageQueue-JNI: 	at com.negi.survey.screens.IntroScreenKt$$ExternalSyntheticLambda13.invoke(D8$$SyntheticClass:0)
02-20 23:45:36.837 15728 15728 E MessageQueue-JNI: 	at androidx.compose.foundation.ClickableNode.onPointerEvent-H0pRuoY(Clickable.kt:935)
02-20 23:45:36.837 15728 15728 E MessageQueue-JNI: 	at androidx.compose.ui.input.pointer.Node.dispatchMainEventPass(HitPathTracker.kt:446)
02-20 23:45:36.837 15728 15728 E MessageQueue-JNI: 	at androidx.compose.ui.input.pointer.Node.dispatchMainEventPass(HitPathTracker.kt:432)
02-20 23:45:36.837 15728 15728 E MessageQueue-JNI: 	at androidx.compose.ui.input.pointer.NodeParent.dispatchMainEventPass(HitPathTracker.kt:285)
02-20 23:45:36.837 15728 15728 E MessageQueue-JNI: 	at androidx.compose.ui.input.pointer.HitPathTracker.dispatchChanges(HitPathTracker.kt:181)
02-20 23:45:36.837 15728 15728 E MessageQueue-JNI: 	at androidx.compose.ui.input.pointer.PointerInputEventProcessor.process-BIzXfog(PointerInputEventProcessor.kt:118)
02-20 23:45:36.837 15728 15728 E MessageQueue-JNI: 	at androidx.compose.ui.platform.AndroidComposeView.sendMotionEvent-8iAsVTc(AndroidComposeView.android.kt:2685)
02-20 23:45:36.837 15728 15728 E MessageQueue-JNI: 	at androidx.compose.ui.platform.AndroidComposeView.handleMotionEvent-8iAsVTc(AndroidComposeView.android.kt:2629)
02-20 23:45:36.837 15728 15728 E MessageQueue-JNI: 	at androidx.compose.ui.platform.AndroidComposeView.dispatchTouchEvent(AndroidComposeView.android.kt:2467)
02-20 23:45:36.837 15728 15728 E MessageQueue-JNI: 	at android.view.ViewGroup.dispatchTransformedTouchEvent(ViewGroup.java:3143)
02-20 23:45:36.837 15728 15728 E MessageQueue-JNI: 	at android.view.ViewGroup.dispatchTouchEvent(ViewGroup.java:2826)
02-20 23:45:36.837 15728 15728 E MessageQueue-JNI: 	at android.view.ViewGroup.dispatchTransformedTouchEvent(ViewGroup.java:3143)
02-20 23:45:36.837 15728 15728 E MessageQueue-JNI: 	at android.view.ViewGroup.dispatchTouchEvent(ViewGroup.java:2826)
02-20 23:45:36.837 15728 15728 E MessageQueue-JNI: 	at android.view.ViewGroup.dispatchTransformedTouchEvent(ViewGroup.java:3143)
02-20 23:45:36.837 15728 15728 E MessageQueue-JNI: 	at android.view.ViewGroup.dispatchTouchEvent(ViewGroup.java:2826)
02-20 23:45:36.837 15728 15728 E MessageQueue-JNI: 	at android.view.ViewGroup.dispatchTransformedTouchEvent(ViewGroup.java:3143)
02-20 23:45:36.837 15728 15728 E MessageQueue-JNI: 	at android.view.ViewGroup.dispatchTouchEvent(ViewGroup.java:2826)
02-20 23:45:36.837 15728 15728 E MessageQueue-JNI: 	at com.android.internal.policy.DecorView.superDispatchTouchEvent(DecorView.java:503)
02-20 23:45:36.837 15728 15728 E MessageQueue-JNI: 	at com.android.internal.policy.PhoneWindow.superDispatchTouchEvent(PhoneWindow.java:2017)
02-20 23:45:36.837 15728 15728 E MessageQueue-JNI: 	at android.app.Activity.dispatchTouchEvent(Activity.java:4665)
02-20 23:45:36.837 15728 15728 E MessageQueue-JNI: 	at com.android.internal.policy.DecorView.dispatchTouchEvent(DecorView.java:441)
02-20 23:45:36.837 15728 15728 E MessageQueue-JNI: 	at android.view.View.dispatchPointerEvent(View.java:17110)
02-20 23:45:36.837 15728 15728 E MessageQueue-JNI: 	at android.view.ViewRootImpl$ViewPostImeInputStage.processPointerEvent(ViewRootImpl.java:8349)
02-20 23:45:36.837 15728 15728 E MessageQueue-JNI: 	at android.view.ViewRootImpl$ViewPostImeInputStage.onProcess(ViewRootImpl.java:8103)
02-20 23:45:36.837 15728 15728 E MessageQueue-JNI: 	at android.view.ViewRootImpl$InputStage.deliver(ViewRootImpl.java:7480)
02-20 23:45:36.837 15728 15728 E MessageQueue-JNI: 	at android.view.ViewRootImpl$InputStage.onDeliverToNext(ViewRootImpl.java:7537)
02-20 23:45:36.837 15728 15728 E MessageQueue-JNI: 	at android.view.ViewRootImpl$InputStage.forward(ViewRootImpl.java:7503)
02-20 23:45:36.837 15728 15728 E MessageQueue-JNI: 	at android.view.ViewRootImpl$AsyncInputStage.forward(ViewRootImpl.java:7674)
02-20 23:45:36.837 15728 15728 E MessageQueue-JNI: 	at android.view.ViewRootImpl$InputStage.apply(ViewRootImpl.java:7511)
02-20 23:45:36.837 15728 15728 E MessageQueue-JNI: 	at android.view.ViewRootImpl$AsyncInputStage.apply(ViewRootImpl.java:7731)
02-20 23:45:36.837 15728 15728 E MessageQueue-JNI: 	at android.view.ViewRootImpl$InputStage.deliver(ViewRootImpl.java:7484)
02-20 23:45:36.837 15728 15728 E MessageQueue-JNI: 	at android.view.ViewRootImpl$InputStage.onDeliverToNext(ViewRootImpl.java:7537)
02-20 23:45:36.837 15728 15728 E MessageQueue-JNI: 	at android.view.ViewRootImpl$InputStage.forward(ViewRootImpl.java:7503)
02-20 23:45:36.837 15728 15728 E MessageQueue-JNI: 	at android.view.ViewRootImpl$InputStage.apply(ViewRootImpl.java:7511)
02-20 23:45:36.837 15728 15728 E MessageQueue-JNI: 	at android.view.ViewRootImpl$InputStage.deliver(ViewRootImpl.java:7484)
02-20 23:45:36.837 15728 15728 E MessageQueue-JNI: 	at android.view.ViewRootImpl.deliverInputEvent(ViewRootImpl.java:10697)
02-20 23:45:36.837 15728 15728 E MessageQueue-JNI: 	at android.view.ViewRootImpl.doProcessInputEvents(ViewRootImpl.java:10648)
02-20 23:45:36.837 15728 15728 E MessageQueue-JNI: 	at android.view.ViewRootImpl.enqueueInputEvent(ViewRootImpl.java:10616)
02-20 23:45:36.837 15728 15728 E MessageQueue-JNI: 	at android.view.ViewRootImpl.processRawInputEvent(ViewRootImpl.java:11039)
02-20 23:45:36.837 15728 15728 E MessageQueue-JNI: 	at android.view.ViewRootImpl$WindowInputEventReceiver.onInputEvent(ViewRootImpl.java:10825)
02-20 23:45:36.837 15728 15728 E MessageQueue-JNI: 	at android.view.InputEventReceiver.dispatchInputEvent(InputEventReceiver.java:277)
02-20 23:45:36.837 15728 15728 E MessageQueue-JNI: 	at android.os.MessageQueue.nativePollOnce(Native Method)
02-20 23:45:36.837 15728 15728 E MessageQueue-JNI: 	at android.os.MessageQueue.nextLegacy(MessageQueue.java:985)
02-20 23:45:36.837 15728 15728 E MessageQueue-JNI: 	at android.os.MessageQueue.next(MessageQueue.java:1094)
02-20 23:45:36.837 15728 15728 E MessageQueue-JNI: 	at android.os.Looper.loopOnce(Looper.java:197)
02-20 23:45:36.837 15728 15728 E MessageQueue-JNI: 	at android.os.Looper.loop(Looper.java:367)
02-20 23:45:36.837 15728 15728 E MessageQueue-JNI: 	at android.app.ActivityThread.main(ActivityThread.java:9287)
02-20 23:45:36.837 15728 15728 E MessageQueue-JNI: 	at java.lang.reflect.Method.invoke(Native Method)
02-20 23:45:36.837 15728 15728 E MessageQueue-JNI: 	at com.android.internal.os.RuntimeInit$MethodAndArgsCaller.run(RuntimeInit.java:566)
02-20 23:45:36.837 15728 15728 E MessageQueue-JNI: 	at com.android.internal.os.ZygoteInit.main(ZygoteInit.java:929)
02-20 23:45:36.837 15728 15728 D AndroidRuntime: Shutting down VM
--------- beginning of crash
02-20 23:45:36.837 15728 15728 E AndroidRuntime: FATAL EXCEPTION: main
02-20 23:45:36.837 15728 15728 E AndroidRuntime: Process: com.negi.survey, PID: 15728
02-20 23:45:36.837 15728 15728 E AndroidRuntime: java.lang.RuntimeException: Debug crash button pressed
02-20 23:45:36.837 15728 15728 E AndroidRuntime: 	at com.negi.survey.screens.IntroScreenKt.IntroScreen$lambda$2$0$0$0(IntroScreen.kt:210)
02-20 23:45:36.837 15728 15728 E AndroidRuntime: 	at com.negi.survey.screens.IntroScreenKt.$r8$lambda$dVJUvuvBl3BAK4vFcws4ley11cc(Unknown Source:0)
02-20 23:45:36.837 15728 15728 E AndroidRuntime: 	at com.negi.survey.screens.IntroScreenKt$$ExternalSyntheticLambda13.invoke(D8$$SyntheticClass:0)
02-20 23:45:36.837 15728 15728 E AndroidRuntime: 	at androidx.compose.foundation.ClickableNode.onPointerEvent-H0pRuoY(Clickable.kt:935)
02-20 23:45:36.837 15728 15728 E AndroidRuntime: 	at androidx.compose.ui.input.pointer.Node.dispatchMainEventPass(HitPathTracker.kt:446)
02-20 23:45:36.837 15728 15728 E AndroidRuntime: 	at androidx.compose.ui.input.pointer.Node.dispatchMainEventPass(HitPathTracker.kt:432)
02-20 23:45:36.837 15728 15728 E AndroidRuntime: 	at androidx.compose.ui.input.pointer.NodeParent.dispatchMainEventPass(HitPathTracker.kt:285)
02-20 23:45:36.837 15728 15728 E AndroidRuntime: 	at androidx.compose.ui.input.pointer.HitPathTracker.dispatchChanges(HitPathTracker.kt:181)
02-20 23:45:36.837 15728 15728 E AndroidRuntime: 	at androidx.compose.ui.input.pointer.PointerInputEventProcessor.process-BIzXfog(PointerInputEventProcessor.kt:118)
02-20 23:45:36.837 15728 15728 E AndroidRuntime: 	at androidx.compose.ui.platform.AndroidComposeView.sendMotionEvent-8iAsVTc(AndroidComposeView.android.kt:2685)
02-20 23:45:36.837 15728 15728 E AndroidRuntime: 	at androidx.compose.ui.platform.AndroidComposeView.handleMotionEvent-8iAsVTc(AndroidComposeView.android.kt:2629)
02-20 23:45:36.837 15728 15728 E AndroidRuntime: 	at androidx.compose.ui.platform.AndroidComposeView.dispatchTouchEvent(AndroidComposeView.android.kt:2467)
02-20 23:45:36.837 15728 15728 E AndroidRuntime: 	at android.view.ViewGroup.dispatchTransformedTouchEvent(ViewGroup.java:3143)
02-20 23:45:36.837 15728 15728 E AndroidRuntime: 	at android.view.ViewGroup.dispatchTouchEvent(ViewGroup.java:2826)
02-20 23:45:36.837 15728 15728 E AndroidRuntime: 	at android.view.ViewGroup.dispatchTransformedTouchEvent(ViewGroup.java:3143)
02-20 23:45:36.837 15728 15728 E AndroidRuntime: 	at android.view.ViewGroup.dispatchTouchEvent(ViewGroup.java:2826)
02-20 23:45:36.837 15728 15728 E AndroidRuntime: 	at android.view.ViewGroup.dispatchTransformedTouchEvent(ViewGroup.java:3143)
02-20 23:45:36.837 15728 15728 E AndroidRuntime: 	at android.view.ViewGroup.dispatchTouchEvent(ViewGroup.java:2826)
02-20 23:45:36.837 15728 15728 E AndroidRuntime: 	at android.view.ViewGroup.dispatchTransformedTouchEvent(ViewGroup.java:3143)
02-20 23:45:36.837 15728 15728 E AndroidRuntime: 	at android.view.ViewGroup.dispatchTouchEvent(ViewGroup.java:2826)
02-20 23:45:36.837 15728 15728 E AndroidRuntime: 	at com.android.internal.policy.DecorView.superDispatchTouchEvent(DecorView.java:503)
02-20 23:45:36.837 15728 15728 E AndroidRuntime: 	at com.android.internal.policy.PhoneWindow.superDispatchTouchEvent(PhoneWindow.java:2017)
02-20 23:45:36.837 15728 15728 E AndroidRuntime: 	at android.app.Activity.dispatchTouchEvent(Activity.java:4665)
02-20 23:45:36.837 15728 15728 E AndroidRuntime: 	at com.android.internal.policy.DecorView.dispatchTouchEvent(DecorView.java:441)
02-20 23:45:36.837 15728 15728 E AndroidRuntime: 	at android.view.View.dispatchPointerEvent(View.java:17110)
02-20 23:45:36.837 15728 15728 E AndroidRuntime: 	at android.view.ViewRootImpl$ViewPostImeInputStage.processPointerEvent(ViewRootImpl.java:8349)
02-20 23:45:36.837 15728 15728 E AndroidRuntime: 	at android.view.ViewRootImpl$ViewPostImeInputStage.onProcess(ViewRootImpl.java:8103)
02-20 23:45:36.837 15728 15728 E AndroidRuntime: 	at android.view.ViewRootImpl$InputStage.deliver(ViewRootImpl.java:7480)
02-20 23:45:36.837 15728 15728 E AndroidRuntime: 	at android.view.ViewRootImpl$InputStage.onDeliverToNext(ViewRootImpl.java:7537)
02-20 23:45:36.837 15728 15728 E AndroidRuntime: 	at android.view.ViewRootImpl$InputStage.forward(ViewRootImpl.java:7503)
02-20 23:45:36.837 15728 15728 E AndroidRuntime: 	at android.view.ViewRootImpl$AsyncInputStage.forward(ViewRootImpl.java:7674)
02-20 23:45:36.837 15728 15728 E AndroidRuntime: 	at android.view.ViewRootImpl$InputStage.apply(ViewRootImpl.java:7511)
02-20 23:45:36.837 15728 15728 E AndroidRuntime: 	at android.view.ViewRootImpl$AsyncInputStage.apply(ViewRootImpl.java:7731)
02-20 23:45:36.837 15728 15728 E AndroidRuntime: 	at android.view.ViewRootImpl$InputStage.deliver(ViewRootImpl.java:7484)
02-20 23:45:36.837 15728 15728 E AndroidRuntime: 	at android.view.ViewRootImpl$InputStage.onDeliverToNext(ViewRootImpl.java:7537)
02-20 23:45:36.837 15728 15728 E AndroidRuntime: 	at android.view.ViewRootImpl$InputStage.forward(ViewRootImpl.java:7503)
02-20 23:45:36.837 15728 15728 E AndroidRuntime: 	at android.view.ViewRootImpl$InputStage.apply(ViewRootImpl.java:7511)
02-20 23:45:36.837 15728 15728 E AndroidRuntime: 	at android.view.ViewRootImpl$InputStage.deliver(ViewRootImpl.java:7484)
02-20 23:45:36.837 15728 15728 E AndroidRuntime: 	at android.view.ViewRootImpl.deliverInputEvent(ViewRootImpl.java:10697)
02-20 23:45:36.837 15728 15728 E AndroidRuntime: 	at android.view.ViewRootImpl.doProcessInputEvents(ViewRootImpl.java:10648)
02-20 23:45:36.837 15728 15728 E AndroidRuntime: 	at android.view.ViewRootImpl.enqueueInputEvent(ViewRootImpl.java:10616)
02-20 23:45:36.837 15728 15728 E AndroidRuntime: 	at android.view.ViewRootImpl.processRawInputEvent(ViewRootImpl.java:11039)
02-20 23:45:36.837 15728 15728 E AndroidRuntime: 	at android.view.ViewRootImpl$WindowInputEventReceiver.onInputEvent(ViewRootImpl.java:10825)
02-20 23:45:36.837 15728 15728 E AndroidRuntime: 	at android.view.InputEventReceiver.dispatchInputEvent(InputEventReceiver.java:277)
02-20 23:45:36.837 15728 15728 E AndroidRuntime: 	at android.os.MessageQueue.nativePollOnce(Native Method)
02-20 23:45:36.837 15728 15728 E AndroidRuntime: 	at android.os.MessageQueue.nextLegacy(MessageQueue.java:985)
02-20 23:45:36.837 15728 15728 E AndroidRuntime: 	at android.os.MessageQueue.next(MessageQueue.java:1094)
02-20 23:45:36.837 15728 15728 E AndroidRuntime: 	at android.os.Looper.loopOnce(Looper.java:197)
02-20 23:45:36.837 15728 15728 E AndroidRuntime: 	at android.os.Looper.loop(Looper.java:367)
02-20 23:45:36.837 15728 15728 E AndroidRuntime: 	at android.app.ActivityThread.main(ActivityThread.java:9287)
02-20 23:45:36.837 15728 15728 E AndroidRuntime: 	at java.lang.reflect.Method.invoke(Native Method)
02-20 23:45:36.837 15728 15728 E AndroidRuntime: 	at com.android.internal.os.RuntimeInit$MethodAndArgsCaller.run(RuntimeInit.java:566)
02-20 23:45:36.837 15728 15728 E AndroidRuntime: 	at com.android.internal.os.ZygoteInit.main(ZygoteInit.java:929)
02-20 23:45:36.977 15728 15728 E CrashCapture: Crash captured: /data/user/0/com.negi.survey/files/diagnostics/crash/crash_20260221_074536_pid15728_tid15728_u196881.log bytes=27744
02-20 23:45:36.992 15728 15728 I Process : Sending signal. PID: 15728 SIG: 9
02-20 23:45:39.888 16589 16589 I libc    : SetHeapTaggingLevel: tag level set to 0
02-20 23:45:39.891 16589 16589 I Zygote  : Process 16589 created for com.negi.survey
02-20 23:45:39.892 16589 16589 I com.negi.survey: Using CollectorTypeCMC GC.
02-20 23:45:39.903 16589 16589 D nativeloader: Load libframework-connectivity-tiramisu-jni.so using APEX ns com_android_tethering for caller /apex/com.android.tethering/javalib/framework-connectivity-t.jar: ok
02-20 23:45:39.924 16589 16589 D ApplicationLoaders: Returning zygote-cached class loader: /system_ext/framework/androidx.window.extensions.jar
02-20 23:45:39.924 16589 16589 D ApplicationLoaders: Returning zygote-cached class loader: /system_ext/framework/androidx.window.sidecar.jar
02-20 23:45:39.979 16589 16589 D nativeloader: Configuring clns-9 for other apk /data/app/~~PR_slfr0wjhbuKjsE48PNA==/com.negi.survey-N8pg8qPnwuNQ1sr8l6bmmQ==/base.apk. target_sdk_version=36, uses_libraries=libOpenCL.so:libOpenCL-pixel.so, library_path=/data/app/~~PR_slfr0wjhbuKjsE48PNA==/com.negi.survey-N8pg8qPnwuNQ1sr8l6bmmQ==/lib/arm64:/data/app/~~PR_slfr0wjhbuKjsE48PNA==/com.negi.survey-N8pg8qPnwuNQ1sr8l6bmmQ==/base.apk!/lib/arm64-v8a, permitted_path=/data:/mnt/expand:/data/user/0/com.negi.survey
02-20 23:45:39.999 16589 16589 V GraphicsEnvironment: Currently set values for:
02-20 23:45:39.999 16589 16589 V GraphicsEnvironment:   angle_gl_driver_selection_pkgs=[com.android.angle, com.google.android.apps.tachyon]
02-20 23:45:39.999 16589 16589 V GraphicsEnvironment:   angle_gl_driver_selection_values=[angle, native]
02-20 23:45:39.999 16589 16589 V GraphicsEnvironment: com.negi.survey is not listed in per-application setting
02-20 23:45:39.999 16589 16589 V GraphicsEnvironment: ANGLE allowlist from config: 
02-20 23:45:39.999 16589 16589 V GraphicsEnvironment: No special selections for ANGLE, returning default driver choice
02-20 23:45:39.999 16589 16589 V GraphicsEnvironment: Neither updatable production driver nor prerelease driver is supported.
02-20 23:45:40.016 16589 16589 D AppRingLogStore: installed: dir=/data/user/0/com.negi.survey/files/diagnostics/applog_ring idx=0
02-20 23:45:40.016 16589 16605 D RuntimeLogStore: openWriter: start -> /data/user/0/com.negi.survey/files/diagnostics/runtime_logs/rtlog_20260221_074540_014_pid16589_seq1.log (bytes=0 format=LEGACY)
02-20 23:45:40.017 16589 16589 D CrashCapture: install: ensured default handler. where=SurveyApp:attachBaseContext pid=16589 default=com.negi.survey.CrashCapture$CrashHandler@c280a86
02-20 23:45:40.020 16589 16605 D RuntimeLogStore: retention: start files=2 kept=2 totalBytes=144479
02-20 23:45:40.031 16589 16589 D WM-PackageManagerHelper: Skipping component enablement for androidx.work.impl.background.systemjob.SystemJobService
02-20 23:45:40.031 16589 16589 D WM-Schedulers: Created SystemJobScheduler and enabled SystemJobService
02-20 23:45:40.035 16589 16607 D WM-ForceStopRunnable: Is default app process = true
02-20 23:45:40.035 16589 16607 D WM-ForceStopRunnable: Performing cleanup operations.
02-20 23:45:40.049 16589 16607 E ashmem  : Pinning is deprecated since Android Q. Please use trim or other methods.
02-20 23:45:40.065 16589 16607 D WM-SystemJobScheduler: Reconciling jobs
02-20 23:45:40.078 16589 16607 D WM-ForceStopRunnable: Found unfinished work, scheduling it.
02-20 23:45:40.087 16589 16589 D github_upload: choosePolicy: uniqueName=upload_runtime_logs_startup policy=REPLACE states=[SUCCEEDED]
02-20 23:45:40.087 16589 16589 D github_upload: enqueueStartupRuntimeLogsUpload: uniqueName=upload_runtime_logs_startup policy=REPLACE
02-20 23:45:40.088 16589 16589 D CrashCapture: install: ensured default handler. where=SurveyApp:onCreate(rewrap) pid=16589 default=com.negi.survey.CrashCapture$CrashHandler@c280a86
02-20 23:45:40.088 16589 16589 D CrashCapture: registerSelfHealing: ActivityLifecycleCallbacks registered. mode=onResumedOnly
02-20 23:45:40.091 16589 16612 D CrashCapture: enqueuePendingCrashUploadsIfPossible enter where=SurveyApp:enqueuePending(immediate):bg pid=16589 thread=CrashCapture-Enqueue
02-20 23:45:40.096 16589 16589 D DesktopExperienceFlags: Toggle override initialized to: false
02-20 23:45:40.098 16589 16613 I DisplayManager: Choreographer implicitly registered for the refresh rate.
02-20 23:45:40.100 16589 16613 D vulkan  : searching for layers in '/data/app/~~PR_slfr0wjhbuKjsE48PNA==/com.negi.survey-N8pg8qPnwuNQ1sr8l6bmmQ==/lib/arm64'
02-20 23:45:40.100 16589 16613 D vulkan  : searching for layers in '/data/app/~~PR_slfr0wjhbuKjsE48PNA==/com.negi.survey-N8pg8qPnwuNQ1sr8l6bmmQ==/base.apk!/lib/arm64-v8a'
02-20 23:45:40.101 16589 16589 D CrashCapture: install: ensured default handler. where=install(legacy) pid=16589 default=com.negi.survey.CrashCapture$CrashHandler@c280a86
02-20 23:45:40.102 16589 16616 D CrashCapture: enqueuePendingCrashUploadsIfPossible skipped (already running). where=enqueue(legacy):bg
02-20 23:45:40.105 16589 16589 D CompatChangeReporter: Compat change id reported: 377864165; UID 14738; state: ENABLED
02-20 23:45:40.105 16589 16589 D DesktopModeFlags: Toggle override initialized to: OVERRIDE_UNSET
02-20 23:45:40.111 16589 16589 I ContentCaptureHelper: Setting logging level to OFF
02-20 23:45:40.113 16589 16589 D CrashCapture: install: ensured default handler. where=selfHeal:onActivityResumed pid=16589 default=com.negi.survey.CrashCapture$CrashHandler@c280a86
02-20 23:45:40.113 16589 16611 D WM-SystemJobScheduler: Scheduling work ID 88707a37-3229-4e19-9d9f-4fa87dd2365aJob ID 232
02-20 23:45:40.122 16589 16611 D WM-GreedyScheduler: Starting tracking for 88707a37-3229-4e19-9d9f-4fa87dd2365a
02-20 23:45:40.128 16589 16611 D WM-PackageManagerHelper: androidx.work.impl.background.systemalarm.RescheduleReceiver enabled
02-20 23:45:40.146 16589 16589 D WindowOnBackDispatcher: setTopOnBackInvokedCallback (unwrapped): android.app.Activity$$ExternalSyntheticLambda0@1072c73
02-20 23:45:40.151 16589 16611 D WM-ConstraintTracker: NetworkStateTracker24: initial state = NetworkState(isConnected=true, isValidated=true, isMetered=false, isNotRoaming=true, isBlocked=false)
02-20 23:45:40.151 16589 16611 D WM-NetworkStateTracker: Registering network callback
