=== Previous Session Logcat ===
captured_time_utc=20260221_222556
captured_time_local=20260221_142556
marker=2026-02-21 12:59:28.339
preferred_prev_pid=-1
note=best-effort; buffers may be overwritten before next start
sdk=36
device=Google Pixel 9a
appId=com.negi.survey
versionName=0.0.1
versionCode=1

=== Logcat (since marker) ===
--------- beginning of system
02-21 13:00:43.588 11980 11980 D InsetsController: show(ime())
02-21 13:00:43.590 11980 11980 D InsetsController: Setting requestedVisibleTypes to 511 (was 503)
02-21 13:00:43.619 11980 11980 D InsetsController: show(ime())
02-21 13:01:01.070 11980 11980 D InsetsController: hide(ime())
02-21 13:01:01.071 11980 11980 D InsetsController: Setting requestedVisibleTypes to 503 (was 511)
02-21 13:01:29.710 11980 11980 D InsetsController: hide(ime())
02-21 13:01:31.389 11980 11980 D InsetsController: show(ime())
02-21 13:01:31.389 11980 11980 D InsetsController: Setting requestedVisibleTypes to 511 (was 503)
02-21 13:01:31.434 11980 11980 D InsetsController: show(ime())
02-21 13:01:36.298 11980 11980 D InsetsController: hide(ime())
02-21 13:01:36.299 11980 11980 D InsetsController: Setting requestedVisibleTypes to 503 (was 511)
02-21 13:02:05.433 11980 11980 D InsetsController: hide(ime())
02-21 13:02:19.607 11980 11980 D InsetsController: show(ime())
02-21 13:02:19.608 11980 11980 D InsetsController: Setting requestedVisibleTypes to 511 (was 503)
02-21 13:02:19.626 11980 11980 D InsetsController: show(ime())
02-21 13:02:22.785 11980 11980 D InsetsController: show(ime())
02-21 13:02:22.824 11980 11980 D InsetsController: show(ime())
02-21 13:02:25.483 11980 11980 D InsetsController: hide(ime())
02-21 13:02:25.483 11980 11980 D InsetsController: Setting requestedVisibleTypes to 503 (was 511)
02-21 13:02:25.484 11980 11980 D InsetsController: hide(ime())
02-21 13:02:32.369 11980 11980 D InsetsController: show(ime())
02-21 13:02:32.369 11980 11980 D InsetsController: Setting requestedVisibleTypes to 511 (was 503)
02-21 13:02:32.385 11980 11980 D InsetsController: show(ime())
02-21 13:02:36.049 11980 11980 D InsetsController: show(ime())
02-21 13:02:36.074 11980 11980 D InsetsController: show(ime())
02-21 13:02:37.383 11980 11980 D InsetsController: show(ime())
02-21 13:02:37.419 11980 11980 D InsetsController: show(ime())
02-21 13:02:38.511 11980 11980 D InsetsController: show(ime())
02-21 13:02:38.544 11980 11980 D InsetsController: show(ime())
02-21 13:02:39.537 11980 11980 D InsetsController: show(ime())
02-21 13:02:39.553 11980 11980 D InsetsController: show(ime())
02-21 13:02:40.498 11980 11980 D InsetsController: show(ime())
02-21 13:02:40.574 11980 11980 D InsetsController: show(ime())
02-21 13:02:41.163 11980 11980 D InsetsController: hide(ime())
02-21 13:02:41.164 11980 11980 D InsetsController: Setting requestedVisibleTypes to 503 (was 511)
--------- beginning of main
02-21 14:25:56.239 17088 17088 I libc    : SetHeapTaggingLevel: tag level set to 0
02-21 14:25:56.248 17088 17088 I Zygote  : Process 17088 created for com.negi.survey
02-21 14:25:56.248 17088 17088 I com.negi.survey: Using CollectorTypeCMC GC.
02-21 14:25:56.261 17088 17088 D nativeloader: Load libframework-connectivity-tiramisu-jni.so using APEX ns com_android_tethering for caller /apex/com.android.tethering/javalib/framework-connectivity-t.jar: ok
02-21 14:25:56.279 17088 17088 D ApplicationLoaders: Returning zygote-cached class loader: /system_ext/framework/androidx.window.extensions.jar
02-21 14:25:56.279 17088 17088 D ApplicationLoaders: Returning zygote-cached class loader: /system_ext/framework/androidx.window.sidecar.jar
02-21 14:25:56.297 17088 17088 D nativeloader: Configuring clns-9 for other apk /data/app/~~qXe0ph_D96g-LAt4WUgTPw==/com.negi.survey-wOifeBat3iPd02f08Nf-4w==/base.apk. target_sdk_version=36, uses_libraries=libOpenCL.so:libOpenCL-pixel.so, library_path=/data/app/~~qXe0ph_D96g-LAt4WUgTPw==/com.negi.survey-wOifeBat3iPd02f08Nf-4w==/lib/arm64:/data/app/~~qXe0ph_D96g-LAt4WUgTPw==/com.negi.survey-wOifeBat3iPd02f08Nf-4w==/base.apk!/lib/arm64-v8a, permitted_path=/data:/mnt/expand:/data/user/0/com.negi.survey
02-21 14:25:56.303 17088 17088 V GraphicsEnvironment: Currently set values for:
02-21 14:25:56.303 17088 17088 V GraphicsEnvironment:   angle_gl_driver_selection_pkgs=[com.android.angle, com.google.android.apps.tachyon]
02-21 14:25:56.303 17088 17088 V GraphicsEnvironment:   angle_gl_driver_selection_values=[angle, native]
02-21 14:25:56.303 17088 17088 V GraphicsEnvironment: com.negi.survey is not listed in per-application setting
02-21 14:25:56.303 17088 17088 V GraphicsEnvironment: ANGLE allowlist from config: 
02-21 14:25:56.303 17088 17088 V GraphicsEnvironment: No special selections for ANGLE, returning default driver choice
02-21 14:25:56.303 17088 17088 V GraphicsEnvironment: Neither updatable production driver nor prerelease driver is supported.
02-21 14:25:56.315 17088 17088 D AppRingLogStore: installed: dir=/data/user/0/com.negi.survey/files/diagnostics/applog_ring idx=0
02-21 14:25:56.316 17088 17101 D RuntimeLogStore: openWriter: start -> /data/user/0/com.negi.survey/files/diagnostics/runtime_logs/rtlog_20260221_222556_313_pid17088_seq1.log (bytes=0 format=LEGACY)
02-21 14:25:56.316 17088 17088 D CrashCapture: install: ensured default handler. where=SurveyApp:attachBaseContext pid=17088 default=com.negi.survey.CrashCapture$CrashHandler@b690374
02-21 14:25:56.323 17088 17101 D RuntimeLogStore: retention: start files=4 kept=4 totalBytes=42947
02-21 14:25:56.326 17088 17088 D WM-PackageManagerHelper: Skipping component enablement for androidx.work.impl.background.systemjob.SystemJobService
02-21 14:25:56.326 17088 17088 D WM-Schedulers: Created SystemJobScheduler and enabled SystemJobService
02-21 14:25:56.328 17088 17103 D WM-ForceStopRunnable: Is default app process = true
02-21 14:25:56.328 17088 17103 D WM-ForceStopRunnable: Performing cleanup operations.
02-21 14:25:56.335 17088 17103 E ashmem  : Pinning is deprecated since Android Q. Please use trim or other methods.
02-21 14:25:56.367 17088 17103 D WM-SystemJobScheduler: Reconciling jobs
02-21 14:25:56.380 17088 17103 D WM-ForceStopRunnable: Application was force-stopped, rescheduling.
02-21 14:25:56.385 17088 17088 D github_upload: choosePolicy: uniqueName=upload_runtime_logs_startup policy=REPLACE states=[FAILED]
02-21 14:25:56.385 17088 17088 D github_upload: enqueueStartupRuntimeLogsUpload: uniqueName=upload_runtime_logs_startup policy=REPLACE
02-21 14:25:56.408 17088 17107 D WM-SystemJobScheduler: Scheduling work ID 9a92a4f4-884f-4588-9072-ff22a1d45697Job ID 520
02-21 14:25:56.736 17088 17088 W github_upload: choosePolicy: fallback KEEP (query failed). uniqueName=upload_ring_logs_startup err=Waited 350 milliseconds (plus 103027 nanoseconds delay) for androidx.concurrent.futures.CallbackToFutureAdapter$SafeFuture$1@4f79241[status=PENDING, info=[tag=[loadStatusFuture]]]
02-21 14:25:56.736 17088 17088 D github_upload: enqueueStartupRingLogsUpload: uniqueName=upload_ring_logs_startup policy=KEEP
02-21 14:25:56.736 17088 17088 D CrashCapture: install: ensured default handler. where=SurveyApp:onCreate(rewrap) pid=17088 default=com.negi.survey.CrashCapture$CrashHandler@b690374
02-21 14:25:56.737 17088 17088 D CrashCapture: registerSelfHealing: ActivityLifecycleCallbacks registered. mode=onResumedOnly
02-21 14:25:56.738 17088 17108 D CrashCapture: enqueuePendingCrashUploadsIfPossible enter where=SurveyApp:enqueuePending(immediate):bg pid=17088 thread=CrashCapture-Enqueue
02-21 14:25:56.746 17088 17113 I DisplayManager: Choreographer implicitly registered for the refresh rate.
02-21 14:25:56.747 17088 17110 D UploadRescheduleRcvr: No GitHub pending files for action=android.intent.action.BOOT_COMPLETED
02-21 14:25:56.747 17088 17088 D DesktopExperienceFlags: Toggle override initialized to: false
02-21 14:25:56.748 17088 17113 D vulkan  : searching for layers in '/data/app/~~qXe0ph_D96g-LAt4WUgTPw==/com.negi.survey-wOifeBat3iPd02f08Nf-4w==/lib/arm64'
02-21 14:25:56.748 17088 17113 D vulkan  : searching for layers in '/data/app/~~qXe0ph_D96g-LAt4WUgTPw==/com.negi.survey-wOifeBat3iPd02f08Nf-4w==/base.apk!/lib/arm64-v8a'
02-21 14:25:56.755 17088 17088 D CompatChangeReporter: Compat change id reported: 377864165; UID 14738; state: ENABLED
02-21 14:25:56.755 17088 17088 D DesktopModeFlags: Toggle override initialized to: OVERRIDE_UNSET
02-21 14:25:56.761 17088 17088 I ContentCaptureHelper: Setting logging level to OFF
02-21 14:25:56.763 17088 17088 D CrashCapture: install: ensured default handler. where=selfHeal:onActivityResumed pid=17088 default=com.negi.survey.CrashCapture$CrashHandler@b690374
02-21 14:25:56.804 17088 17088 D WindowOnBackDispatcher: setTopOnBackInvokedCallback (unwrapped): android.app.Activity$$ExternalSyntheticLambda0@f84a2c4
02-21 14:25:56.826 17088 17088 E VibratorInfo: Invalid frequency profile received from HAL. resonantFrequencyHz=NaN, frequenciesHz=null, outputAccelerationsGs=null
02-21 14:25:56.859 17088 17088 D VRI[MainActivity]: WindowInsets changed: 1080x2424 statusBars:[0,152,0,0] navigationBars:[0,0,0,69] mandatorySystemGestures:[0,187,0,92] 
02-21 14:25:56.864 17088 17088 I HWUI    : Using FreeType backend (prop=Auto)
02-21 14:25:56.871 17088 17107 D WM-GreedyScheduler: Starting tracking for 9a92a4f4-884f-4588-9072-ff22a1d45697
02-21 14:25:56.877 17088 17105 D WM-SystemJobScheduler: Scheduling work ID bde77183-7940-44da-84fe-f81edb37de06Job ID 521
02-21 14:25:56.882 17088 17105 D WM-GreedyScheduler: Starting tracking for 9a92a4f4-884f-4588-9072-ff22a1d45697,bde77183-7940-44da-84fe-f81edb37de06
02-21 14:25:56.883 17088 17110 D github_upload: choosePolicy: uniqueName=upload_runtime_logs_startup policy=KEEP states=[ENQUEUED]
02-21 14:25:56.883 17088 17110 D github_upload: enqueueStartupRuntimeLogsUpload: uniqueName=upload_runtime_logs_startup policy=KEEP
02-21 14:25:56.883 17088 17110 D UploadRescheduleRcvr: Enqueued runtime logs upload for action=android.intent.action.BOOT_COMPLETED reason=receiver_boot_completed
02-21 14:25:56.895 17088 17103 D WM-PackageManagerHelper: androidx.work.impl.background.systemalarm.RescheduleReceiver enabled
02-21 14:25:56.897 17088 17103 D WM-ConstraintTracker: NetworkStateTracker24: initial state = NetworkState(isConnected=true, isValidated=true, isMetered=false, isNotRoaming=true, isBlocked=false)
02-21 14:25:56.897 17088 17103 D WM-NetworkStateTracker: Registering network callback
