=== Previous Session Logcat ===
captured_time_utc=20260222_012547
captured_time_local=20260221_172547
marker=2026-02-21 17:15:14.536
preferred_prev_pid=-1
note=best-effort; buffers may be overwritten before next start
sdk=36
device=Google Pixel 9a
appId=com.negi.survey
versionName=0.0.1
versionCode=1

=== Logcat (since marker) ===
--------- beginning of system
02-21 17:15:15.727 21695 21695 W NotificationManager: Shedding notify (update) of NotificationKey[user=UserHandle{0}, pkg=com.negi.survey, tag=null, id=6044], rate limit (5.0) exceeded: input 8.821702, output would be 6.183657
02-21 17:15:16.728 21695 21695 W NotificationManager: Shedding notify (update) of NotificationKey[user=UserHandle{0}, pkg=com.negi.survey, tag=null, id=5660], rate limit (5.0) exceeded: input 382.1825, output would be 6.321664
02-21 17:15:17.737 21695 21695 W NotificationManager: Shedding notify (update) of NotificationKey[user=UserHandle{0}, pkg=com.negi.survey, tag=null, id=4463], rate limit (5.0) exceeded: input 97.10613, output would be 6.2765303
02-21 17:15:18.737 21695 21695 W NotificationManager: Shedding notify (update) of NotificationKey[user=UserHandle{0}, pkg=com.negi.survey, tag=null, id=9438], rate limit (5.0) exceeded: input 91.01933, output would be 6.49296
02-21 17:15:19.753 21695 21695 W NotificationManager: Shedding notify (update) of NotificationKey[user=UserHandle{0}, pkg=com.negi.survey, tag=null, id=6355], rate limit (5.0) exceeded: input 63.30408, output would be 6.94208
02-21 17:15:20.759 21695 21695 W NotificationManager: Shedding notify (update) of NotificationKey[user=UserHandle{0}, pkg=com.negi.survey, tag=null, id=8224], rate limit (5.0) exceeded: input 163.5686, output would be 5.491445
02-21 17:15:21.772 21695 21695 W NotificationManager: Shedding notify (update) of NotificationKey[user=UserHandle{0}, pkg=com.negi.survey, tag=null, id=3473], rate limit (5.0) exceeded: input 54.45131, output would be 5.838585
02-21 17:15:22.773 21695 21695 W NotificationManager: Shedding notify (update) of NotificationKey[user=UserHandle{0}, pkg=com.negi.survey, tag=null, id=4463], rate limit (5.0) exceeded: input 183.68481, output would be 5.980765
02-21 17:15:23.944 21695 21695 W NotificationManager: Shedding notify (update) of NotificationKey[user=UserHandle{0}, pkg=com.negi.survey, tag=null, id=5707], rate limit (5.0) exceeded: input 12.678896, output would be 5.6089354
02-21 17:15:25.069 21695 21695 W NotificationManager: Shedding notify (update) of NotificationKey[user=UserHandle{0}, pkg=com.negi.survey, tag=null, id=6740], rate limit (5.0) exceeded: input 21.829533, output would be 5.9434547
02-21 17:15:26.223 21695 21695 W NotificationManager: Shedding notify (update) of NotificationKey[user=UserHandle{0}, pkg=com.negi.survey, tag=null, id=10377], rate limit (5.0) exceeded: input 12.910147, output would be 6.001963
02-21 17:16:49.997 21695 21695 D InsetsController: show(ime())
02-21 17:16:50.000 21695 21695 D InsetsController: Setting requestedVisibleTypes to 511 (was 503)
02-21 17:16:50.027 21695 21695 D InsetsController: show(ime())
02-21 17:16:57.954 21695 21695 D InsetsController: show(ime())
02-21 17:16:57.963 21695 21695 D InsetsController: show(ime())
02-21 17:17:00.351 21695 21695 D InsetsController: show(ime())
02-21 17:17:00.354 21695 21695 D InsetsController: show(ime())
02-21 17:17:01.061 21695 21695 D InsetsController: hide(ime())
02-21 17:17:01.061 21695 21695 D InsetsController: Setting requestedVisibleTypes to 503 (was 511)
02-21 17:17:02.666 21695 21695 D InsetsController: show(ime())
02-21 17:17:02.667 21695 21695 D InsetsController: Setting requestedVisibleTypes to 511 (was 503)
02-21 17:17:02.680 21695 21695 D InsetsController: show(ime())
02-21 17:17:14.342 21695 21695 D InsetsController: show(ime())
02-21 17:17:14.353 21695 21695 D InsetsController: show(ime())
02-21 17:17:16.367 21695 21695 D InsetsController: show(ime())
02-21 17:17:16.381 21695 21695 D InsetsController: show(ime())
02-21 17:17:16.874 21695 21695 D InsetsController: show(ime())
02-21 17:17:16.892 21695 21695 D InsetsController: show(ime())
02-21 17:17:17.184 21695 21695 D InsetsController: show(ime())
02-21 17:17:17.191 21695 21695 D InsetsController: show(ime())
02-21 17:17:17.452 21695 21695 D InsetsController: show(ime())
02-21 17:17:17.467 21695 21695 D InsetsController: show(ime())
02-21 17:17:17.769 21695 21695 D InsetsController: show(ime())
02-21 17:17:17.786 21695 21695 D InsetsController: show(ime())
02-21 17:17:18.376 21695 21695 D InsetsController: show(ime())
02-21 17:17:18.389 21695 21695 D InsetsController: show(ime())
02-21 17:17:19.074 21695 21695 D InsetsController: hide(ime())
02-21 17:17:19.074 21695 21695 D InsetsController: Setting requestedVisibleTypes to 503 (was 511)
02-21 17:17:40.624 21695 21695 D InsetsController: show(ime())
02-21 17:17:40.624 21695 21695 D InsetsController: Setting requestedVisibleTypes to 511 (was 503)
02-21 17:17:40.628 21695 21695 D InsetsController: show(ime())
02-21 17:17:48.061 21695 21695 D InsetsController: show(ime())
02-21 17:17:48.071 21695 21695 D InsetsController: show(ime())
02-21 17:17:49.941 21695 21695 D InsetsController: show(ime())
02-21 17:17:49.957 21695 21695 D InsetsController: show(ime())
02-21 17:17:50.635 21695 21695 D InsetsController: hide(ime())
02-21 17:17:50.636 21695 21695 D InsetsController: Setting requestedVisibleTypes to 503 (was 511)
--------- beginning of main
02-21 17:25:47.768 22475 22475 I libc    : SetHeapTaggingLevel: tag level set to 0
02-21 17:25:47.775 22475 22475 I Zygote  : Process 22475 created for com.negi.survey
02-21 17:25:47.775 22475 22475 I com.negi.survey: Using CollectorTypeCMC GC.
02-21 17:25:47.801 22475 22475 D nativeloader: Load libframework-connectivity-tiramisu-jni.so using APEX ns com_android_tethering for caller /apex/com.android.tethering/javalib/framework-connectivity-t.jar: ok
02-21 17:25:47.831 22475 22475 D ApplicationLoaders: Returning zygote-cached class loader: /system_ext/framework/androidx.window.extensions.jar
02-21 17:25:47.831 22475 22475 D ApplicationLoaders: Returning zygote-cached class loader: /system_ext/framework/androidx.window.sidecar.jar
02-21 17:25:47.862 22475 22475 D nativeloader: Configuring clns-9 for other apk /data/app/~~sI2WSMFXNtVKWQFIeHvgVQ==/com.negi.survey-RQAkUi79INAjtaqB5BOVOg==/base.apk. target_sdk_version=36, uses_libraries=libOpenCL.so:libOpenCL-pixel.so, library_path=/data/app/~~sI2WSMFXNtVKWQFIeHvgVQ==/com.negi.survey-RQAkUi79INAjtaqB5BOVOg==/lib/arm64:/data/app/~~sI2WSMFXNtVKWQFIeHvgVQ==/com.negi.survey-RQAkUi79INAjtaqB5BOVOg==/base.apk!/lib/arm64-v8a, permitted_path=/data:/mnt/expand:/data/user/0/com.negi.survey
02-21 17:25:47.873 22475 22475 V GraphicsEnvironment: Currently set values for:
02-21 17:25:47.873 22475 22475 V GraphicsEnvironment:   angle_gl_driver_selection_pkgs=[com.android.angle, com.google.android.apps.tachyon]
02-21 17:25:47.873 22475 22475 V GraphicsEnvironment:   angle_gl_driver_selection_values=[angle, native]
02-21 17:25:47.873 22475 22475 V GraphicsEnvironment: com.negi.survey is not listed in per-application setting
02-21 17:25:47.873 22475 22475 V GraphicsEnvironment: ANGLE allowlist from config: 
02-21 17:25:47.873 22475 22475 V GraphicsEnvironment: No special selections for ANGLE, returning default driver choice
02-21 17:25:47.874 22475 22475 V GraphicsEnvironment: Neither updatable production driver nor prerelease driver is supported.
02-21 17:25:47.886 22475 22475 D AppRingLogStore: installed: dir=/data/user/0/com.negi.survey/files/diagnostics/applog_ring idx=0
02-21 17:25:47.887 22475 22475 D CrashCapture: install: ensured default handler. where=SurveyApp:attachBaseContext pid=22475 default=com.negi.survey.CrashCapture$CrashHandler@c280a86
02-21 17:25:47.888 22475 22488 D RuntimeLogStore: openWriter: start -> /data/user/0/com.negi.survey/files/diagnostics/runtime_logs/rtlog_20260222_012547_886_pid22475_seq1.log (bytes=0 format=LEGACY)
02-21 17:25:47.895 22475 22488 D RuntimeLogStore: retention: start files=6 kept=6 totalBytes=21726
02-21 17:25:47.899 22475 22475 D WM-PackageManagerHelper: Skipping component enablement for androidx.work.impl.background.systemjob.SystemJobService
02-21 17:25:47.899 22475 22475 D WM-Schedulers: Created SystemJobScheduler and enabled SystemJobService
02-21 17:25:47.904 22475 22490 D WM-ForceStopRunnable: Is default app process = true
02-21 17:25:47.904 22475 22490 D WM-ForceStopRunnable: Performing cleanup operations.
02-21 17:25:47.917 22475 22490 E ashmem  : Pinning is deprecated since Android Q. Please use trim or other methods.
02-21 17:25:47.932 22475 22490 D WM-SystemJobScheduler: Reconciling jobs
02-21 17:25:47.946 22475 22490 D WM-ForceStopRunnable: Application was force-stopped, rescheduling.
02-21 17:25:47.966 22475 22475 D github_upload: choosePolicy: uniqueName=upload_runtime_logs_startup policy=REPLACE states=[FAILED]
02-21 17:25:47.966 22475 22475 D github_upload: enqueueStartupRuntimeLogsUpload: uniqueName=upload_runtime_logs_startup policy=REPLACE
02-21 17:25:47.985 22475 22495 D WM-SystemJobScheduler: Scheduling work ID a3eb271e-739c-4894-ae53-274b1180e267Job ID 585
02-21 17:25:47.988 22475 22495 D WM-GreedyScheduler: Starting tracking for a3eb271e-739c-4894-ae53-274b1180e267
02-21 17:25:47.990 22475 22475 D github_upload: choosePolicy: uniqueName=upload_ring_logs_startup policy=REPLACE states=[SUCCEEDED]
02-21 17:25:47.990 22475 22475 D github_upload: enqueueStartupRingLogsUpload: uniqueName=upload_ring_logs_startup policy=REPLACE
02-21 17:25:47.991 22475 22475 D CrashCapture: install: ensured default handler. where=SurveyApp:onCreate(rewrap) pid=22475 default=com.negi.survey.CrashCapture$CrashHandler@c280a86
02-21 17:25:47.991 22475 22475 D CrashCapture: registerSelfHealing: ActivityLifecycleCallbacks registered. mode=onResumedOnly
02-21 17:25:47.991 22475 22496 D CrashCapture: enqueuePendingCrashUploadsIfPossible enter where=SurveyApp:enqueuePending(immediate):bg pid=22475 thread=CrashCapture-Enqueue
02-21 17:25:47.993 22475 22490 D WM-PackageManagerHelper: androidx.work.impl.background.systemalarm.RescheduleReceiver enabled
02-21 17:25:47.999 22475 22490 D WM-SystemJobScheduler: Scheduling work ID 57cd695c-2d16-40fa-ab11-678d7229a3c8Job ID 586
02-21 17:25:48.001 22475 22501 I DisplayManager: Choreographer implicitly registered for the refresh rate.
02-21 17:25:48.025 22475 22499 D UploadRescheduleRcvr: No GitHub pending files for action=android.intent.action.BOOT_COMPLETED
02-21 17:25:48.047 22475 22501 D vulkan  : searching for layers in '/data/app/~~sI2WSMFXNtVKWQFIeHvgVQ==/com.negi.survey-RQAkUi79INAjtaqB5BOVOg==/lib/arm64'
02-21 17:25:48.048 22475 22501 D vulkan  : searching for layers in '/data/app/~~sI2WSMFXNtVKWQFIeHvgVQ==/com.negi.survey-RQAkUi79INAjtaqB5BOVOg==/base.apk!/lib/arm64-v8a'
02-21 17:25:48.049 22475 22475 D DesktopExperienceFlags: Toggle override initialized to: false
02-21 17:25:48.049 22475 22490 D WM-GreedyScheduler: Starting tracking for 57cd695c-2d16-40fa-ab11-678d7229a3c8,a3eb271e-739c-4894-ae53-274b1180e267
02-21 17:25:48.054 22475 22499 D github_upload: choosePolicy: uniqueName=upload_runtime_logs_startup policy=KEEP states=[ENQUEUED]
02-21 17:25:48.054 22475 22499 D github_upload: enqueueStartupRuntimeLogsUpload: uniqueName=upload_runtime_logs_startup policy=KEEP
02-21 17:25:48.054 22475 22499 D UploadRescheduleRcvr: Enqueued runtime logs upload for action=android.intent.action.BOOT_COMPLETED reason=receiver_boot_completed
02-21 17:25:48.058 22475 22494 D WM-ConstraintTracker: NetworkStateTracker24: initial state = NetworkState(isConnected=true, isValidated=true, isMetered=false, isNotRoaming=true, isBlocked=false)
02-21 17:25:48.058 22475 22494 D WM-NetworkStateTracker: Registering network callback
02-21 17:25:48.058 22475 22475 D CompatChangeReporter: Compat change id reported: 377864165; UID 14738; state: ENABLED
02-21 17:25:48.058 22475 22475 D DesktopModeFlags: Toggle override initialized to: OVERRIDE_UNSET
02-21 17:25:48.065 22475 22475 I ContentCaptureHelper: Setting logging level to OFF
02-21 17:25:48.067 22475 22475 D CrashCapture: install: ensured default handler. where=selfHeal:onActivityResumed pid=22475 default=com.negi.survey.CrashCapture$CrashHandler@c280a86
02-21 17:25:48.100 22475 22494 D WM-GreedyScheduler: Constraints met: Scheduling work ID WorkGenerationalId(workSpecId=a3eb271e-739c-4894-ae53-274b1180e267, generation=0)
02-21 17:25:48.101 22475 22510 D WM-NetworkStateTracker: Network capabilities changed: [ Transports: WIFI Capabilities: NOT_METERED&INTERNET&NOT_RESTRICTED&TRUSTED&NOT_VPN&VALIDATED&NOT_ROAMING&FOREGROUND&NOT_CONGESTED&NOT_SUSPENDED&NOT_VCN_MANAGED&NOT_BANDWIDTH_CONSTRAINED LinkUpBandwidth>=13861Kbps LinkDnBandwidth>=101944Kbps TransportInfo: <SSID: <unknown ssid>, BSSID: 02:00:00:00:00:00, MAC: 02:00:00:00:00:00, IP: /192.168.1.27, Security type: 2, Supplicant state: COMPLETED, Wi-Fi standard: 11ac, RSSI: -58, Link speed: 650Mbps, Tx Link speed: 650Mbps, Max Supported Tx Link speed: 866Mbps, Rx Link speed: 650Mbps, Max Supported Rx Link speed: 866Mbps, Frequency: 5805MHz, Net ID: -1, Metered hint: false, score: 60, isUsable: true, CarrierMerged: false, SubscriptionId: -1, IsPrimary: -1, Trusted: true, Restricted: false, Ephemeral: false, OEM paid: false, OEM private: false, OSU AP: false, FQDN: <none>, Provider friendly name: <none>, Requesting package name: <none><none>MLO Information: , Is TID-To-Link negotiation supported by the AP: false, AP MLD Address: <none>, AP MLO Link Id: <none>, AP MLO Affiliated links: <none>, Vendor Data: <none>> SignalStrength: -58 UnderlyingNetworks: Null]
02-21 17:25:48.103 22475 22490 D WM-Processor: Processor: processing WorkGenerationalId(workSpecId=a3eb271e-739c-4894-ae53-274b1180e267, generation=0)
02-21 17:25:48.103 22475 22490 D WM-GreedyScheduler: Constraints met: Scheduling work ID WorkGenerationalId(workSpecId=57cd695c-2d16-40fa-ab11-678d7229a3c8, generation=0)
02-21 17:25:48.109 22475 22510 D WM-NetworkStateTracker: Network blocked status changed: false
02-21 17:25:48.127 22475 22475 D WindowOnBackDispatcher: setTopOnBackInvokedCallback (unwrapped): android.app.Activity$$ExternalSyntheticLambda0@9977ae1
02-21 17:25:48.131 22475 22490 D WM-Processor: Processor: processing WorkGenerationalId(workSpecId=57cd695c-2d16-40fa-ab11-678d7229a3c8, generation=0)
02-21 17:25:48.151 22475 22475 E VibratorInfo: Invalid frequency profile received from HAL. resonantFrequencyHz=NaN, frequenciesHz=null, outputAccelerationsGs=null
