=== Previous Session Logcat ===
captured_time_utc=20260221_093740
captured_time_local=20260221_013740
marker=2026-02-21 01:33:20.859
preferred_prev_pid=-1
note=best-effort; buffers may be overwritten before next start
sdk=36
device=Google Pixel 9a
appId=com.negi.survey
versionName=0.0.1
versionCode=1

=== Logcat (since marker) ===
--------- beginning of system
02-21 01:33:20.987 22615 22615 D InsetsController: hide(ime())
02-21 01:33:22.242 22615 22615 W NotificationManager: Shedding notify (update) of NotificationKey[user=UserHandle{0}, pkg=com.negi.survey, tag=null, id=4012], rate limit (5.0) exceeded: input 9.813863, output would be 6.8798313
02-21 01:33:23.247 22615 22615 W NotificationManager: Shedding notify (update) of NotificationKey[user=UserHandle{0}, pkg=com.negi.survey, tag=null, id=9055], rate limit (5.0) exceeded: input 185.65993, output would be 6.9503803
02-21 01:33:24.258 22615 22615 W NotificationManager: Shedding notify (update) of NotificationKey[user=UserHandle{0}, pkg=com.negi.survey, tag=null, id=3589], rate limit (5.0) exceeded: input 245.11449, output would be 7.0297613
02-21 01:33:25.371 22615 22615 W NotificationManager: Shedding notify (update) of NotificationKey[user=UserHandle{0}, pkg=com.negi.survey, tag=null, id=8681], rate limit (5.0) exceeded: input 18.045002, output would be 6.7350826
02-21 01:33:26.381 22615 22615 W NotificationManager: Shedding notify (update) of NotificationKey[user=UserHandle{0}, pkg=com.negi.survey, tag=null, id=10839], rate limit (5.0) exceeded: input 88.60283, output would be 5.3777266
02-21 01:33:27.383 22615 22615 W NotificationManager: Shedding notify (update) of NotificationKey[user=UserHandle{0}, pkg=com.negi.survey, tag=null, id=9276], rate limit (5.0) exceeded: input 29.899204, output would be 6.0557036
02-21 01:33:28.455 22615 22615 W NotificationManager: Shedding notify (update) of NotificationKey[user=UserHandle{0}, pkg=com.negi.survey, tag=null, id=4526], rate limit (5.0) exceeded: input 41.91407, output would be 6.203717
02-21 01:33:29.594 22615 22615 W NotificationManager: Shedding notify (update) of NotificationKey[user=UserHandle{0}, pkg=com.negi.survey, tag=null, id=9276], rate limit (5.0) exceeded: input 24.991884, output would be 5.8679166
02-21 01:33:30.875 22615 22615 W NotificationManager: Shedding notify (update) of NotificationKey[user=UserHandle{0}, pkg=com.negi.survey, tag=null, id=4526], rate limit (5.0) exceeded: input 11.951477, output would be 5.167607
02-21 01:33:32.125 22615 22615 W NotificationManager: Shedding notify (update) of NotificationKey[user=UserHandle{0}, pkg=com.negi.survey, tag=null, id=6254], rate limit (5.0) exceeded: input 10.071671, output would be 5.515445
02-21 01:34:52.474 22615 22615 D InsetsController: show(ime())
02-21 01:34:52.490 22615 22615 D InsetsController: Setting requestedVisibleTypes to 511 (was 503)
02-21 01:34:52.569 22615 22615 D InsetsController: show(ime())
02-21 01:34:59.161 22615 22615 D InsetsController: hide(ime())
02-21 01:34:59.162 22615 22615 D InsetsController: Setting requestedVisibleTypes to 503 (was 511)
02-21 01:35:15.356 22615 22615 D InsetsController: show(ime())
02-21 01:35:15.357 22615 22615 D InsetsController: Setting requestedVisibleTypes to 511 (was 503)
02-21 01:35:15.390 22615 22615 D InsetsController: show(ime())
02-21 01:35:32.121 22615 22615 D InsetsController: show(ime())
02-21 01:35:32.130 22615 22615 D InsetsController: show(ime())
02-21 01:35:33.582 22615 22615 D InsetsController: hide(ime())
02-21 01:35:33.583 22615 22615 D InsetsController: Setting requestedVisibleTypes to 503 (was 511)
--------- beginning of main
02-21 01:35:33.742 22615 22615 I ImeTracker: system_server:23f7c2f4: onCancelled at PHASE_CLIENT_ON_CONTROLS_CHANGED
02-21 01:35:35.760 22615 22620 I com.negi.survey: Background young concurrent mark compact GC freed 23MB AllocSpace bytes, 0(0B) LOS objects, 80% free, 6004KB/29MB, paused 3.739ms,4.384ms total 189.291ms
02-21 01:35:36.158 22615 22845 I native  : I0000 00:00:1771666536.158053   22845 session_basic.cc:350] RunPrefillAsync status: OK
02-21 01:35:36.160 22615 22845 I native  : I0000 00:00:1771666536.158297   22845 session_basic.cc:470] RunDecodeAsync
02-21 01:35:37.617 22615 22710 D AiViewModel: run[2] chunk[1].preview='{"'
02-21 01:35:37.862 22615 22710 D AiViewModel: run[2] chunk[2].preview='analysis'
02-21 01:35:38.021 22615 22637 D AiViewModel: run[2] chunk[3].preview='":"'
02-21 01:35:38.170 22615 22637 D AiViewModel: run[2] chunk[4].preview='Response'
02-21 01:35:38.340 22615 22637 D AiViewModel: run[2] chunk[5].preview='␠is'
02-21 01:35:38.530 22615 22637 D AiViewModel: run[2] chunk[6].preview='␠irrelevant'
02-21 01:35:38.697 22615 22637 D AiViewModel: run[2] chunk[7].preview='","'
02-21 01:35:38.880 22615 22710 D AiViewModel: run[2] chunk[8].preview='expected'
02-21 01:35:39.069 22615 22710 D AiViewModel: run[2] chunk[9].preview='_'
02-21 01:35:39.234 22615 22710 D AiViewModel: run[2] chunk[10].preview='answer'
02-21 01:35:39.398 22615 22710 D AiViewModel: run[2] chunk[11].preview='":"'
02-21 01:35:39.601 22615 22710 D AiViewModel: run[2] chunk[12].preview='Avg'
02-21 01:35:39.727 22615 22710 D AiViewModel: run[2] chunk[13].preview='␠FA'
02-21 01:35:39.955 22615 22710 D AiViewModel: run[2] chunk[14].preview='W'
02-21 01:35:40.073 22615 22710 D AiViewModel: run[2] chunk[15].preview='␠loss'
02-21 01:35:40.289 22615 22710 D AiViewModel: run[2] chunk[16].preview='␠over'
02-21 01:35:40.410 22615 22710 D AiViewModel: run[2] chunk[17].preview='␠last'
02-21 01:35:40.620 22615 22710 D AiViewModel: run[2] chunk[18].preview='␠'
02-21 01:35:40.785 22615 22697 D AiViewModel: run[2] chunk[19].preview='3'
02-21 01:35:41.002 22615 22637 D AiViewModel: run[2] chunk[20].preview='␠seasons'
02-21 01:35:41.131 22615 22697 D AiViewModel: run[2] chunk[21].preview='␠(%'
02-21 01:35:41.336 22615 22697 D AiViewModel: run[2] chunk[22].preview='␠or'
02-21 01:35:41.467 22615 22697 D AiViewModel: run[2] chunk[23].preview='␠bags'
02-21 01:35:41.671 22615 22697 D AiViewModel: run[2] chunk[24].preview='/'
02-21 01:35:41.808 22615 22697 D AiViewModel: run[2] chunk[25].preview='acre'
02-21 01:35:42.022 22615 22697 D AiViewModel: run[2] chunk[26].preview=')'
02-21 01:35:42.150 22615 22697 D AiViewModel: run[2] chunk[27].preview='","'
02-21 01:35:42.359 22615 22697 D AiViewModel: run[2] chunk[28].preview='follow'
02-21 01:35:42.488 22615 22697 D AiViewModel: run[2] chunk[29].preview='up'
02-21 01:35:42.705 22615 22697 D AiViewModel: run[2] chunk[30].preview='_'
02-21 01:35:42.828 22615 22697 D AiViewModel: run[2] chunk[31].preview='question'
02-21 01:35:43.039 22615 22697 D AiViewModel: run[2] chunk[32].preview='":"'
02-21 01:35:43.165 22615 22697 D AiViewModel: run[2] chunk[33].preview='Can'
02-21 01:35:43.342 22615 22637 D AiViewModel: run[2] chunk[34].preview='␠you'
02-21 01:35:43.560 22615 22637 D AiViewModel: run[2] chunk[35].preview='␠provide'
02-21 01:35:43.685 22615 22637 D AiViewModel: run[2] chunk[36].preview='␠the'
02-21 01:35:43.874 22615 22637 D AiViewModel: run[2] chunk[37].preview='␠average'
02-21 01:35:44.023 22615 22637 D AiViewModel: run[2] chunk[38].preview='␠FA'
02-21 01:35:44.238 22615 22637 D AiViewModel: run[2] chunk[39].preview='W'
02-21 01:35:44.363 22615 22697 D AiViewModel: run[2] chunk[40].preview='␠loss'
02-21 01:35:44.585 22615 22697 D AiViewModel: run[2] chunk[41].preview='␠over'
02-21 01:35:44.720 22615 22697 D AiViewModel: run[2] chunk[42].preview='␠the'
02-21 01:35:44.934 22615 22697 D AiViewModel: run[2] chunk[43].preview='␠last'
02-21 01:35:45.055 22615 22697 D AiViewModel: run[2] chunk[44].preview='␠'
02-21 01:35:45.257 22615 22697 D AiViewModel: run[2] chunk[45].preview='3'
02-21 01:35:45.402 22615 22637 D AiViewModel: run[2] chunk[46].preview='␠seasons'
02-21 01:35:45.608 22615 22637 D AiViewModel: run[2] chunk[47].preview='␠in'
02-21 01:35:45.747 22615 22637 D AiViewModel: run[2] chunk[48].preview='␠bags'
02-21 01:35:45.958 22615 22637 D AiViewModel: run[2] chunk[49].preview='/'
02-21 01:35:46.088 22615 22637 D AiViewModel: run[2] chunk[50].preview='acre'
02-21 01:35:46.292 22615 22637 D AiViewModel: run[2] chunk[51].preview='␠or'
02-21 01:35:46.426 22615 22637 D AiViewModel: run[2] chunk[52].preview='␠%'
02-21 01:35:46.640 22615 22637 D AiViewModel: run[2] chunk[53].preview='?'
02-21 01:35:46.766 22615 22697 D AiViewModel: run[2] chunk[54].preview='","'
02-21 01:35:46.977 22615 22697 D AiViewModel: run[2] chunk[55].preview='score'
02-21 01:35:47.121 22615 22697 D AiViewModel: run[2] chunk[56].preview='":'
02-21 01:35:47.339 22615 22697 D AiViewModel: run[2] chunk[57].preview='1'
02-21 01:35:47.455 22615 22697 D AiViewModel: run[2] chunk[58].preview='0'
02-21 01:35:47.688 22615 22637 D AiViewModel: run[2] chunk[59].preview='}'
02-21 01:35:47.807 22615 22637 D AiViewModel: run[2] chunk[60].preview='↩'
02-21 01:35:48.008 22615 22615 D LiteRtRepository: [2] logical done=true (waiting native termination safe point)
02-21 01:35:48.008 22615 22615 D LiteRtRepository: [2] cleanUpListener (native termination safe point)
02-21 01:35:48.009 22615 22693 D LiteRtRepository: [2] scheduleResetAfterSafepoint: begin (tag='native-terminated')
02-21 01:35:48.010 22615 22697 D LiteRtRepository: [2] resetConversation ok (after safepoint, tag='native-terminated')
02-21 01:35:48.011 22615 22697 D LiteRtRepository: [2] scheduleResetAfterSafepoint: end (tag='native-terminated')
02-21 01:35:48.014 22615 22705 D AiViewModel: run[2] stats: chunks=60, chars=221, raw.len=221
02-21 01:35:48.015 22615 22705 D AiViewModel: run[2] sha(raw)=dae486fb9581b606403f5b3084d7bfbbc54423e7dcb228e05e8a733235cfddc0
02-21 01:35:48.015 22615 22705 D AiViewModel: run[2] rawVisible='{"analysis":"Response␠is␠irrelevant","expected_answer":"Avg␠FAW␠loss␠over␠last␠3␠seasons␠(%␠or␠bags/acre)","followup_question":"Can␠you␠provide␠the␠average␠FAW␠loss␠over␠the␠last␠3␠seasons␠in␠bags/acre␠or␠%?","score":10}↩'
02-21 01:35:48.020 22615 22705 D AiViewModel: run[2]: EVAL_JSON parsed score=10 followups=1 fu0='Can␠you␠provide␠the␠average␠FAW␠loss␠over␠the␠last␠3␠seasons␠in␠bags/acre␠or␠%?'
02-21 01:35:48.020 22615 22705 D AiViewModel: stepHistory+ runId=2 phase=ONE_STEP mode=EVAL_JSON raw.len=221 score=10 FU=1 FU0='Can␠you␠provide␠the␠average␠FAW␠loss␠over␠the␠last␠3␠seasons␠in␠bags/acre␠or␠%?' timeout=false err=null
02-21 01:35:48.021 22615 22705 I AiViewModel: run[2] done: phase=ONE_STEP mode=EVAL_JSON score=10 FU[0]=Can you provide the average FAW loss over the last 3 seasons in bags/acre or %? commit=true err=<none>
02-21 01:35:48.055 22615 22615 I AiScreen: Follow-up persisted (context=sid=1|nid=Q1 node=Q1 runId=2 phase=ONE_STEP mode=EVAL_JSON twoStep=false len=79 preview="Can you provide the average FAW loss over the last 3 seasons in bags/acre or %?" displayedAsPlain=false)
02-21 01:35:48.055 22615 22615 D AiScreen: Step rendered (context=sid=1|nid=Q1 node=Q1 runId=2 phase=ONE_STEP mode=EVAL_JSON showJson=true twoStep=false rawLen=221 followups=1 timedOut=false)
02-21 01:35:48.112 22615 22615 D InsetsController: show(ime())
02-21 01:35:48.112 22615 22615 I ImeTracker: com.negi.survey:ec1fba7e: onRequestShow at ORIGIN_CLIENT reason SHOW_SOFT_INPUT_BY_INSETS_API fromUser false
02-21 01:35:48.113 22615 22615 D InsetsController: Setting requestedVisibleTypes to 511 (was 503)
02-21 01:35:48.131 22615 22615 I ImeTracker: com.negi.survey:51e26231: onRequestShow at ORIGIN_CLIENT reason SHOW_SOFT_INPUT fromUser false
02-21 01:35:48.132 22615 22615 D InsetsController: show(ime())
02-21 01:35:48.132 22615 22615 I ImeTracker: com.negi.survey:51e26231: onCancelled at PHASE_CLIENT_REPORT_REQUESTED_VISIBLE_TYPES
02-21 01:35:48.291 22615 22705 I native  : I0000 00:00:1771666548.291443   22705 model_data_processor_factory.cc:266] Creating Gemma3DataProcessor
02-21 01:35:48.291 22615 22705 D LiteRtLM: resetConversationInternal done: key='Gemma3n4B|/data/user/0/com.negi.survey/files/gemma-3n-E4B-it-int4.litertlm' reason='resetConversation'
02-21 01:35:48.292 22615 22615 D WindowOnBackDispatcher: setTopOnBackInvokedCallback (unwrapped): android.view.ImeBackAnimationController@8e937f8
02-21 01:35:48.350 22615 22615 D VRI[MainActivity]: WindowInsets changed: ime:[0,0,0,1043] 
02-21 01:35:48.692 22615 22615 I ImeTracker: com.negi.survey:ec1fba7e: onShown
02-21 01:35:50.134 22615 22620 I com.negi.survey: Background concurrent mark compact GC freed 23MB AllocSpace bytes, 0(0B) LOS objects, 79% free, 6244KB/30MB, paused 1.970ms,2.628ms total 193.835ms
02-21 01:35:56.124 22615 22615 D InsetsController: hide(ime())
02-21 01:35:56.124 22615 22615 D WindowOnBackDispatcher: setTopOnBackInvokedCallback (unwrapped): androidx.navigationevent.OnBackInvokedInput$createOnBackAnimationCallback$1@3a9a2df
02-21 01:35:56.125 22615 22615 D InsetsController: Setting requestedVisibleTypes to 503 (was 511)
02-21 01:35:56.125 22615 22615 D InsetsController: hide(ime())
02-21 01:35:56.125 22615 22615 I ImeTracker: com.google.android.inputmethod.latin:d868364b: onCancelled at PHASE_CLIENT_ALREADY_HIDDEN
02-21 01:35:56.128 22615 22615 D VRI[MainActivity]: WindowInsets changed: ime:null 
02-21 01:35:56.246 22615 22615 I ImeTracker: system_server:7dd5a65b: onCancelled at PHASE_CLIENT_ON_CONTROLS_CHANGED
02-21 01:36:14.235 22615 22620 I com.negi.survey: Background concurrent mark compact GC freed 24MB AllocSpace bytes, 0(0B) LOS objects, 79% free, 6156KB/30MB, paused 1.787ms,2.474ms total 103.882ms
02-21 01:36:29.057 22615 22620 I com.negi.survey: Background young concurrent mark compact GC freed 23MB AllocSpace bytes, 0(0B) LOS objects, 79% free, 6396KB/30MB, paused 7.094ms,8.522ms total 146.316ms
02-21 01:36:29.668 22615 22615 D SurveyVM: push -> Q2, navSize=3, stackSize=3
02-21 01:36:29.697 22615 22615 D SurveyVM: hasTwoStepPrompt[Q2] -> false (eval=0, fu=0)
02-21 01:36:29.705 22615 22615 D WhisperSpeechController: updateContext: surveyId=b6b1c736-ea10-4f02-8821-9ff36db868d2, questionId=Q2
02-21 01:36:29.705 22615 22615 D WhisperSpeechController: updateContext: surveyId=b6b1c736-ea10-4f02-8821-9ff36db868d2, questionId=Q2
02-21 01:36:29.760 22615 22615 D InsetsController: show(ime())
02-21 01:36:29.761 22615 22615 I ImeTracker: com.negi.survey:950adaa6: onRequestShow at ORIGIN_CLIENT reason SHOW_SOFT_INPUT_BY_INSETS_API fromUser false
02-21 01:36:29.762 22615 22615 D InsetsController: Setting requestedVisibleTypes to 511 (was 503)
02-21 01:36:29.771 22615 22615 I ImeTracker: com.negi.survey:bc8959bb: onRequestShow at ORIGIN_CLIENT reason SHOW_SOFT_INPUT fromUser false
02-21 01:36:29.771 22615 22615 D InsetsController: show(ime())
02-21 01:36:29.771 22615 22615 I ImeTracker: com.negi.survey:bc8959bb: onCancelled at PHASE_CLIENT_REPORT_REQUESTED_VISIBLE_TYPES
02-21 01:36:29.878 22615 22615 D WindowOnBackDispatcher: setTopOnBackInvokedCallback (unwrapped): android.view.ImeBackAnimationController@8e937f8
02-21 01:36:29.929 22615 22615 D VRI[MainActivity]: WindowInsets changed: ime:[0,0,0,1043] 
02-21 01:36:30.265 22615 22615 I ImeTracker: com.negi.survey:950adaa6: onShown
02-21 01:36:32.856 22615 22615 D SurveyVM: backToPrevious -> Q1
02-21 01:36:32.863 22615 22615 D SurveyVM: hasTwoStepPrompt[Q1] -> false (eval=0, fu=0)
02-21 01:36:32.874 22615 22615 D WhisperSpeechController: updateContext: surveyId=b6b1c736-ea10-4f02-8821-9ff36db868d2, questionId=Q1
02-21 01:36:32.874 22615 22615 D WhisperSpeechController: updateContext: surveyId=b6b1c736-ea10-4f02-8821-9ff36db868d2, questionId=Q1
02-21 01:36:32.963 22615 22615 D InsetsController: show(ime())
02-21 01:36:32.964 22615 22615 I ImeTracker: com.negi.survey:8162573f: onRequestShow at ORIGIN_CLIENT reason SHOW_SOFT_INPUT_BY_INSETS_API fromUser false
02-21 01:36:32.964 22615 22615 I ImeTracker: com.negi.survey:8162573f: onCancelled at PHASE_CLIENT_APPLY_ANIMATION
02-21 01:36:33.005 22615 22615 I ImeTracker: com.negi.survey:e4611458: onRequestShow at ORIGIN_CLIENT reason SHOW_SOFT_INPUT fromUser false
02-21 01:36:33.006 22615 22615 D InsetsController: show(ime())
02-21 01:36:33.006 22615 22615 I ImeTracker: com.negi.survey:e4611458: onCancelled at PHASE_CLIENT_APPLY_ANIMATION
02-21 01:36:44.867 22615 22620 I com.negi.survey: Background concurrent mark compact GC freed 24MB AllocSpace bytes, 0(0B) LOS objects, 79% free, 6272KB/30MB, paused 1.748ms,5.216ms total 158.579ms
02-21 01:37:40.162 23064 23064 I libc    : SetHeapTaggingLevel: tag level set to 0
02-21 01:37:40.168 23064 23064 I Zygote  : Process 23064 created for com.negi.survey
02-21 01:37:40.169 23064 23064 I com.negi.survey: Using CollectorTypeCMC GC.
02-21 01:37:40.188 23064 23064 D nativeloader: Load libframework-connectivity-tiramisu-jni.so using APEX ns com_android_tethering for caller /apex/com.android.tethering/javalib/framework-connectivity-t.jar: ok
02-21 01:37:40.225 23064 23064 D ApplicationLoaders: Returning zygote-cached class loader: /system_ext/framework/androidx.window.extensions.jar
02-21 01:37:40.225 23064 23064 D ApplicationLoaders: Returning zygote-cached class loader: /system_ext/framework/androidx.window.sidecar.jar
02-21 01:37:40.244 23064 23064 D nativeloader: Configuring clns-9 for other apk /data/app/~~evqrM2ru-QImr4pT1nYL5Q==/com.negi.survey-33lJolbkRajlJ1iksV3aDg==/base.apk. target_sdk_version=36, uses_libraries=libOpenCL.so:libOpenCL-pixel.so, library_path=/data/app/~~evqrM2ru-QImr4pT1nYL5Q==/com.negi.survey-33lJolbkRajlJ1iksV3aDg==/lib/arm64:/data/app/~~evqrM2ru-QImr4pT1nYL5Q==/com.negi.survey-33lJolbkRajlJ1iksV3aDg==/base.apk!/lib/arm64-v8a, permitted_path=/data:/mnt/expand:/data/user/0/com.negi.survey
02-21 01:37:40.263 23064 23064 V GraphicsEnvironment: Currently set values for:
02-21 01:37:40.263 23064 23064 V GraphicsEnvironment:   angle_gl_driver_selection_pkgs=[com.android.angle, com.google.android.apps.tachyon]
02-21 01:37:40.263 23064 23064 V GraphicsEnvironment:   angle_gl_driver_selection_values=[angle, native]
02-21 01:37:40.263 23064 23064 V GraphicsEnvironment: com.negi.survey is not listed in per-application setting
02-21 01:37:40.263 23064 23064 V GraphicsEnvironment: ANGLE allowlist from config: 
02-21 01:37:40.263 23064 23064 V GraphicsEnvironment: No special selections for ANGLE, returning default driver choice
02-21 01:37:40.263 23064 23064 V GraphicsEnvironment: Neither updatable production driver nor prerelease driver is supported.
02-21 01:37:40.278 23064 23078 D RuntimeLogStore: openWriter: start -> /data/user/0/com.negi.survey/files/diagnostics/runtime_logs/rtlog_20260221_093740_276_pid23064_seq1.log (bytes=0 format=LEGACY)
02-21 01:37:40.279 23064 23064 D AppRingLogStore: installed: dir=/data/user/0/com.negi.survey/files/diagnostics/applog_ring idx=0
02-21 01:37:40.279 23064 23064 D SurveyApp: attachBaseContext: pid=23064 process=com.negi.survey isMain=true sdk=36
02-21 01:37:40.280 23064 23064 D SurveyApp: Skipping WorkManager init in attachBaseContext; will init in onCreate.
02-21 01:37:40.280 23064 23064 D CrashCapture: install: ensured default handler. where=SurveyApp:attachBaseContext pid=23064 default=com.negi.survey.CrashCapture$CrashHandler@b690374
02-21 01:37:40.280 23064 23064 D SurveyApp: CrashCapture installed: where=SurveyApp:attachBaseContext
02-21 01:37:40.280 23064 23064 D SurveyApp: onCreate: pid=23064 process=com.negi.survey isMain=true sdk=36
02-21 01:37:40.284 23064 23078 D RuntimeLogStore: retention: start files=8 kept=8 totalBytes=66964
02-21 01:37:40.296 23064 23064 D WM-PackageManagerHelper: Skipping component enablement for androidx.work.impl.background.systemjob.SystemJobService
02-21 01:37:40.296 23064 23064 D WM-Schedulers: Created SystemJobScheduler and enabled SystemJobService
02-21 01:37:40.298 23064 23064 D SurveyApp: WorkManager already ready. where=onCreate
02-21 01:37:40.298 23064 23064 D SurveyApp: WorkManager already ready. where=startupRtLogs
02-21 01:37:40.302 23064 23080 D WM-ForceStopRunnable: Is default app process = true
02-21 01:37:40.303 23064 23080 D WM-ForceStopRunnable: Performing cleanup operations.
02-21 01:37:40.312 23064 23080 E ashmem  : Pinning is deprecated since Android Q. Please use trim or other methods.
02-21 01:37:40.331 23064 23080 D WM-SystemJobScheduler: Reconciling jobs
02-21 01:37:40.347 23064 23080 D WM-ForceStopRunnable: Application was force-stopped, rescheduling.
02-21 01:37:40.359 23064 23064 D github_upload: choosePolicy: uniqueName=upload_runtime_logs_startup policy=REPLACE states=[FAILED]
02-21 01:37:40.359 23064 23064 D github_upload: enqueueStartupRuntimeLogsUpload: uniqueName=upload_runtime_logs_startup policy=REPLACE
02-21 01:37:40.359 23064 23064 D SurveyApp: Startup runtime logs: enqueue requested.
02-21 01:37:40.360 23064 23064 D CrashCapture: install: ensured default handler. where=SurveyApp:onCreate(rewrap) pid=23064 default=com.negi.survey.CrashCapture$CrashHandler@b690374
02-21 01:37:40.360 23064 23064 D SurveyApp: CrashCapture installed: where=SurveyApp:onCreate(rewrap)
02-21 01:37:40.360 23064 23064 D CrashCapture: registerSelfHealing: ActivityLifecycleCallbacks registered. mode=onResumedOnly
02-21 01:37:40.360 23064 23064 D SurveyApp: CrashCapture self-healing registered.
02-21 01:37:40.360 23064 23064 D SurveyApp: WorkManager already ready. where=enqueuePending(immediate)
02-21 01:37:40.360 23064 23064 D SurveyApp: CrashCapture pending uploads requested (immediate).
02-21 01:37:40.361 23064 23085 D CrashCapture: enqueuePendingCrashUploadsIfPossible enter where=SurveyApp:enqueuePending(immediate):bg pid=23064 thread=CrashCapture-Enqueue
02-21 01:37:40.368 23064 23088 I DisplayManager: Choreographer implicitly registered for the refresh rate.
02-21 01:37:40.373 23064 23088 D vulkan  : searching for layers in '/data/app/~~evqrM2ru-QImr4pT1nYL5Q==/com.negi.survey-33lJolbkRajlJ1iksV3aDg==/lib/arm64'
02-21 01:37:40.374 23064 23088 D vulkan  : searching for layers in '/data/app/~~evqrM2ru-QImr4pT1nYL5Q==/com.negi.survey-33lJolbkRajlJ1iksV3aDg==/base.apk!/lib/arm64-v8a'
02-21 01:37:40.374 23064 23064 D DesktopExperienceFlags: Toggle override initialized to: false
02-21 01:37:40.376 23064 23087 D UploadRescheduleRcvr: No GitHub pending files for action=android.intent.action.BOOT_COMPLETED
02-21 01:37:40.379 23064 23064 D CrashCapture: install: ensured default handler. where=install(legacy) pid=23064 default=com.negi.survey.CrashCapture$CrashHandler@b690374
02-21 01:37:40.380 23064 23094 D CrashCapture: enqueuePendingCrashUploadsIfPossible skipped (already running). where=enqueue(legacy):bg
02-21 01:37:40.382 23064 23064 D CompatChangeReporter: Compat change id reported: 377864165; UID 14738; state: ENABLED
02-21 01:37:40.382 23064 23064 D DesktopModeFlags: Toggle override initialized to: OVERRIDE_UNSET
02-21 01:37:40.388 23064 23064 I ContentCaptureHelper: Setting logging level to OFF
02-21 01:37:40.390 23064 23064 D CrashCapture: install: ensured default handler. where=selfHeal:onActivityResumed pid=23064 default=com.negi.survey.CrashCapture$CrashHandler@b690374
02-21 01:37:40.400 23064 23084 D WM-SystemJobScheduler: Scheduling work ID 17515942-185d-4ab2-b75e-b72509353c1dJob ID 437
02-21 01:37:40.415 23064 23084 D WM-GreedyScheduler: Starting tracking for 17515942-185d-4ab2-b75e-b72509353c1d
02-21 01:37:40.423 23064 23087 D github_upload: choosePolicy: uniqueName=upload_runtime_logs_startup policy=KEEP states=[ENQUEUED]
02-21 01:37:40.423 23064 23087 D github_upload: enqueueStartupRuntimeLogsUpload: uniqueName=upload_runtime_logs_startup policy=KEEP
02-21 01:37:40.423 23064 23087 D UploadRescheduleRcvr: Enqueued runtime logs upload for action=android.intent.action.BOOT_COMPLETED reason=receiver_boot_completed
02-21 01:37:40.433 23064 23064 D WindowOnBackDispatcher: setTopOnBackInvokedCallback (unwrapped): android.app.Activity$$ExternalSyntheticLambda0@9e2092e
02-21 01:37:40.441 23064 23084 D WM-PackageManagerHelper: androidx.work.impl.background.systemalarm.RescheduleReceiver enabled
02-21 01:37:40.448 23064 23084 D WM-ConstraintTracker: NetworkStateTracker24: initial state = NetworkState(isConnected=true, isValidated=true, isMetered=false, isNotRoaming=true, isBlocked=false)
02-21 01:37:40.448 23064 23084 D WM-NetworkStateTracker: Registering network callback
02-21 01:37:40.462 23064 23064 E VibratorInfo: Invalid frequency profile received from HAL. resonantFrequencyHz=NaN, frequenciesHz=null, outputAccelerationsGs=null
02-21 01:37:40.486 23064 23084 D WM-GreedyScheduler: Constraints met: Scheduling work ID WorkGenerationalId(workSpecId=17515942-185d-4ab2-b75e-b72509353c1d, generation=0)
02-21 01:37:40.488 23064 23084 D WM-Processor: Processor: processing WorkGenerationalId(workSpecId=17515942-185d-4ab2-b75e-b72509353c1d, generation=0)
02-21 01:37:40.490 23064 23106 D WM-NetworkStateTracker: Network capabilities changed: [ Transports: WIFI Capabilities: NOT_METERED&INTERNET&NOT_RESTRICTED&TRUSTED&NOT_VPN&VALIDATED&NOT_ROAMING&FOREGROUND&NOT_CONGESTED&NOT_SUSPENDED&NOT_VCN_MANAGED&NOT_BANDWIDTH_CONSTRAINED LinkUpBandwidth>=13861Kbps LinkDnBandwidth>=101944Kbps TransportInfo: <SSID: <unknown ssid>, BSSID: 02:00:00:00:00:00, MAC: 02:00:00:00:00:00, IP: /192.168.1.27, Security type: 2, Supplicant state: COMPLETED, Wi-Fi standard: 11ac, RSSI: -39, Link speed: 866Mbps, Tx Link speed: 866Mbps, Max Supported Tx Link speed: 866Mbps, Rx Link speed: 866Mbps, Max Supported Rx Link speed: 866Mbps, Frequency: 5805MHz, Net ID: -1, Metered hint: false, score: 60, isUsable: true, CarrierMerged: false, SubscriptionId: -1, IsPrimary: -1, Trusted: true, Restricted: false, Ephemeral: false, OEM paid: false, OEM private: false, OSU AP: false, FQDN: <none>, Provider friendly name: <none>, Requesting package name: <none><none>MLO Information: , Is TID-To-Link negotiation supported by the AP: false, AP MLD Address: <none>, AP MLO Link Id: <none>, AP MLO Affiliated links: <none>, Vendor Data: <none>> SignalStrength: -39 UnderlyingNetworks: Null]
02-21 01:37:40.491 23064 23106 D WM-NetworkStateTracker: Network blocked status changed: false
02-21 01:37:40.500 23064 23064 D VRI[MainActivity]: WindowInsets changed: 1080x2424 statusBars:[0,152,0,0] navigationBars:[0,0,0,69] mandatorySystemGestures:[0,187,0,92] 
02-21 01:37:40.505 23064 23064 I HWUI    : Using FreeType backend (prop=Auto)
