=== Previous Session Logcat ===
captured_time_utc=20260221_090113
captured_time_local=20260221_010113
marker=2026-02-21 00:43:52.683
preferred_prev_pid=-1
note=best-effort; buffers may be overwritten before next start
sdk=36
device=Google Pixel 9a
appId=com.negi.survey
versionName=0.0.1
versionCode=1

=== Logcat (since marker) ===
--------- beginning of system
02-21 00:43:53.997 19879 19879 W NotificationManager: Shedding notify (update) of NotificationKey[user=UserHandle{0}, pkg=com.negi.survey, tag=null, id=4103], rate limit (5.0) exceeded: input 9.835927, output would be 6.8953223
02-21 00:43:54.997 19879 19879 W NotificationManager: Shedding notify (update) of NotificationKey[user=UserHandle{0}, pkg=com.negi.survey, tag=null, id=10472], rate limit (5.0) exceeded: input 164.04968, output would be 7.0198402
02-21 00:43:55.997 19879 19879 W NotificationManager: Shedding notify (update) of NotificationKey[user=UserHandle{0}, pkg=com.negi.survey, tag=null, id=5722], rate limit (5.0) exceeded: input 184.06999, output would be 7.0725374
02-21 00:43:57.117 19879 19879 W NotificationManager: Shedding notify (update) of NotificationKey[user=UserHandle{0}, pkg=com.negi.survey, tag=null, id=10733], rate limit (5.0) exceeded: input 15.556722, output would be 6.4205823
02-21 00:43:58.128 19879 19879 W NotificationManager: Shedding notify (update) of NotificationKey[user=UserHandle{0}, pkg=com.negi.survey, tag=null, id=6815], rate limit (5.0) exceeded: input 88.20105, output would be 5.3463116
02-21 00:43:59.148 19879 19879 W NotificationManager: Shedding notify (update) of NotificationKey[user=UserHandle{0}, pkg=com.negi.survey, tag=null, id=10762], rate limit (5.0) exceeded: input 37.319233, output would be 6.077773
02-21 00:44:00.276 19879 19879 W NotificationManager: Shedding notify (update) of NotificationKey[user=UserHandle{0}, pkg=com.negi.survey, tag=null, id=8901], rate limit (5.0) exceeded: input 31.828184, output would be 6.0300884
02-21 00:44:01.396 19879 19879 W NotificationManager: Shedding notify (update) of NotificationKey[user=UserHandle{0}, pkg=com.negi.survey, tag=null, id=10733], rate limit (5.0) exceeded: input 15.779428, output would be 6.590521
02-21 00:44:02.396 19879 19879 W NotificationManager: Shedding notify (update) of NotificationKey[user=UserHandle{0}, pkg=com.negi.survey, tag=null, id=7726], rate limit (5.0) exceeded: input 11.400308, output would be 6.8330874
02-21 00:44:11.642 19879 19879 W NotificationManager: Shedding notify (update) of NotificationKey[user=UserHandle{0}, pkg=com.negi.survey, tag=null, id=4296], rate limit (5.0) exceeded: input 8.211205, output would be 5.6776094
02-21 00:44:47.772 19879 19879 D InsetsController: show(ime())
02-21 00:44:47.773 19879 19879 D InsetsController: Setting requestedVisibleTypes to 511 (was 503)
02-21 00:44:47.799 19879 19879 D InsetsController: show(ime())
02-21 00:44:52.426 19879 19879 D InsetsController: hide(ime())
02-21 00:44:52.427 19879 19879 D InsetsController: Setting requestedVisibleTypes to 503 (was 511)
02-21 00:45:20.454 19879 19879 D InsetsController: show(ime())
02-21 00:45:20.455 19879 19879 D InsetsController: Setting requestedVisibleTypes to 511 (was 503)
02-21 00:45:20.471 19879 19879 D InsetsController: show(ime())
02-21 00:45:34.596 19879 19879 D InsetsController: hide(ime())
02-21 00:45:34.597 19879 19879 D InsetsController: Setting requestedVisibleTypes to 503 (was 511)
02-21 00:46:19.035 19879 19879 D InsetsController: show(ime())
02-21 00:46:19.036 19879 19879 D InsetsController: Setting requestedVisibleTypes to 511 (was 503)
02-21 00:46:19.052 19879 19879 D InsetsController: show(ime())
02-21 00:46:24.347 19879 19879 D InsetsController: hide(ime())
02-21 00:46:24.348 19879 19879 D InsetsController: Setting requestedVisibleTypes to 503 (was 511)
02-21 00:46:46.674 19879 19879 D InsetsController: show(ime())
02-21 00:46:46.675 19879 19879 D InsetsController: Setting requestedVisibleTypes to 511 (was 503)
02-21 00:46:46.681 19879 19879 D InsetsController: show(ime())
02-21 00:46:57.250 19879 19879 D InsetsController: show(ime())
02-21 00:46:57.271 19879 19879 D InsetsController: show(ime())
02-21 00:46:58.579 19879 19879 D InsetsController: show(ime())
02-21 00:46:58.598 19879 19879 D InsetsController: show(ime())
02-21 00:47:03.797 19879 19879 D InsetsController: show(ime())
02-21 00:47:03.821 19879 19879 D InsetsController: show(ime())
02-21 00:47:08.813 19879 19879 D InsetsController: hide(ime())
02-21 00:47:08.815 19879 19879 D InsetsController: Setting requestedVisibleTypes to 503 (was 511)
--------- beginning of main
02-21 00:55:34.807 19879 19883 I com.negi.survey: Background young concurrent mark compact GC freed 24MB AllocSpace bytes, 0(0B) LOS objects, 79% free, 6344KB/30MB, paused 3.150ms,4.212ms total 203.007ms
02-21 00:55:43.339 19879 19883 I com.negi.survey: Background concurrent mark compact GC freed 23MB AllocSpace bytes, 0(0B) LOS objects, 79% free, 6328KB/30MB, paused 3.661ms,6.355ms total 133.249ms
02-21 00:55:52.468 19879 19883 I com.negi.survey: Background young concurrent mark compact GC freed 24MB AllocSpace bytes, 0(0B) LOS objects, 79% free, 6304KB/30MB, paused 307us,1.521ms total 113.309ms
02-21 00:56:01.468 19879 19883 I com.negi.survey: Background concurrent mark compact GC freed 24MB AllocSpace bytes, 0(0B) LOS objects, 79% free, 6356KB/30MB, paused 2.743ms,5.562ms total 183.980ms
02-21 00:56:19.720 19879 19883 I com.negi.survey: Background concurrent mark compact GC freed 24MB AllocSpace bytes, 0(0B) LOS objects, 79% free, 6376KB/30MB, paused 3.652ms,1.845ms total 224.182ms
02-21 00:56:37.734 19879 19883 I com.negi.survey: Background concurrent mark compact GC freed 24MB AllocSpace bytes, 0(0B) LOS objects, 79% free, 6368KB/30MB, paused 5.782ms,4.013ms total 181.715ms
02-21 00:56:46.911 19879 19883 I com.negi.survey: Background young concurrent mark compact GC freed 24MB AllocSpace bytes, 0(0B) LOS objects, 79% free, 6348KB/30MB, paused 3.581ms,4.242ms total 185.294ms
02-21 00:57:04.687 19879 19883 I com.negi.survey: Background young concurrent mark compact GC freed 24MB AllocSpace bytes, 0(0B) LOS objects, 79% free, 6328KB/30MB, paused 4.311ms,4.346ms total 138.066ms
02-21 00:57:13.515 19879 19883 I com.negi.survey: Background concurrent mark compact GC freed 24MB AllocSpace bytes, 0(0B) LOS objects, 79% free, 6316KB/30MB, paused 2.845ms,4.199ms total 192.721ms
02-21 00:57:40.588 19879 19883 I com.negi.survey: Background concurrent mark compact GC freed 24MB AllocSpace bytes, 0(0B) LOS objects, 79% free, 6260KB/30MB, paused 825us,1.329ms total 121.999ms
02-21 00:58:34.683 19879 19883 I com.negi.survey: Background young concurrent mark compact GC freed 24MB AllocSpace bytes, 0(0B) LOS objects, 79% free, 6256KB/30MB, paused 2.257ms,1.697ms total 106.765ms
02-21 00:58:52.610 19879 19883 I com.negi.survey: Background young concurrent mark compact GC freed 24MB AllocSpace bytes, 0(0B) LOS objects, 79% free, 6212KB/30MB, paused 304us,2.057ms total 106.772ms
02-21 00:59:01.800 19879 19883 I com.negi.survey: Background concurrent mark compact GC freed 23MB AllocSpace bytes, 0(0B) LOS objects, 79% free, 6408KB/30MB, paused 3.924ms,10.136ms total 191.527ms
02-21 00:59:19.962 19879 19883 I com.negi.survey: Background young concurrent mark compact GC freed 24MB AllocSpace bytes, 0(0B) LOS objects, 79% free, 6248KB/30MB, paused 2.845ms,1.491ms total 106.090ms
02-21 00:59:46.796 19879 19883 I com.negi.survey: Background concurrent mark compact GC freed 24MB AllocSpace bytes, 0(0B) LOS objects, 79% free, 6248KB/30MB, paused 883us,1.451ms total 105.270ms
02-21 01:00:14.173 19879 19883 I com.negi.survey: Background young concurrent mark compact GC freed 24MB AllocSpace bytes, 0(0B) LOS objects, 79% free, 6344KB/30MB, paused 2.891ms,3.945ms total 100.050ms
02-21 01:01:13.305 20697 20697 I libc    : SetHeapTaggingLevel: tag level set to 0
02-21 01:01:13.314 20697 20697 I Zygote  : Process 20697 created for com.negi.survey
02-21 01:01:13.314 20697 20697 I com.negi.survey: Using CollectorTypeCMC GC.
02-21 01:01:13.329 20697 20697 D nativeloader: Load libframework-connectivity-tiramisu-jni.so using APEX ns com_android_tethering for caller /apex/com.android.tethering/javalib/framework-connectivity-t.jar: ok
02-21 01:01:13.367 20697 20697 D ApplicationLoaders: Returning zygote-cached class loader: /system_ext/framework/androidx.window.extensions.jar
02-21 01:01:13.367 20697 20697 D ApplicationLoaders: Returning zygote-cached class loader: /system_ext/framework/androidx.window.sidecar.jar
02-21 01:01:13.385 20697 20697 D nativeloader: Configuring clns-9 for other apk /data/app/~~CiJR5QgTLhKQYtqIt3DQxQ==/com.negi.survey-mso5Sza0tixJ3Va4Wq1GyQ==/base.apk. target_sdk_version=36, uses_libraries=libOpenCL.so:libOpenCL-pixel.so, library_path=/data/app/~~CiJR5QgTLhKQYtqIt3DQxQ==/com.negi.survey-mso5Sza0tixJ3Va4Wq1GyQ==/lib/arm64:/data/app/~~CiJR5QgTLhKQYtqIt3DQxQ==/com.negi.survey-mso5Sza0tixJ3Va4Wq1GyQ==/base.apk!/lib/arm64-v8a, permitted_path=/data:/mnt/expand:/data/user/0/com.negi.survey
02-21 01:01:13.393 20697 20697 V GraphicsEnvironment: Currently set values for:
02-21 01:01:13.393 20697 20697 V GraphicsEnvironment:   angle_gl_driver_selection_pkgs=[com.android.angle, com.google.android.apps.tachyon]
02-21 01:01:13.393 20697 20697 V GraphicsEnvironment:   angle_gl_driver_selection_values=[angle, native]
02-21 01:01:13.393 20697 20697 V GraphicsEnvironment: com.negi.survey is not listed in per-application setting
02-21 01:01:13.393 20697 20697 V GraphicsEnvironment: ANGLE allowlist from config: 
02-21 01:01:13.393 20697 20697 V GraphicsEnvironment: No special selections for ANGLE, returning default driver choice
02-21 01:01:13.393 20697 20697 V GraphicsEnvironment: Neither updatable production driver nor prerelease driver is supported.
02-21 01:01:13.403 20697 20697 D AppRingLogStore: installed: dir=/data/user/0/com.negi.survey/files/diagnostics/applog_ring idx=0
02-21 01:01:13.403 20697 20697 D SurveyApp: attachBaseContext: pid=20697 process=com.negi.survey isMain=true sdk=36
02-21 01:01:13.404 20697 20697 D SurveyApp: Skipping WorkManager init in attachBaseContext; will init in onCreate.
02-21 01:01:13.404 20697 20711 D RuntimeLogStore: openWriter: start -> /data/user/0/com.negi.survey/files/diagnostics/runtime_logs/rtlog_20260221_090113_401_pid20697_seq1.log (bytes=0 format=LEGACY)
02-21 01:01:13.404 20697 20697 D CrashCapture: install: ensured default handler. where=SurveyApp:attachBaseContext pid=20697 default=com.negi.survey.CrashCapture$CrashHandler@9e57f47
02-21 01:01:13.404 20697 20697 D SurveyApp: CrashCapture installed: where=SurveyApp:attachBaseContext
02-21 01:01:13.404 20697 20697 D SurveyApp: onCreate: pid=20697 process=com.negi.survey isMain=true sdk=36
02-21 01:01:13.408 20697 20711 D RuntimeLogStore: retention: start files=2 kept=2 totalBytes=79103
02-21 01:01:13.416 20697 20697 D WM-PackageManagerHelper: Skipping component enablement for androidx.work.impl.background.systemjob.SystemJobService
02-21 01:01:13.416 20697 20697 D WM-Schedulers: Created SystemJobScheduler and enabled SystemJobService
02-21 01:01:13.418 20697 20697 D SurveyApp: WorkManager already ready. where=onCreate
02-21 01:01:13.418 20697 20697 D SurveyApp: WorkManager already ready. where=startupRtLogs
02-21 01:01:13.420 20697 20713 D WM-ForceStopRunnable: Is default app process = true
02-21 01:01:13.420 20697 20713 D WM-ForceStopRunnable: Performing cleanup operations.
02-21 01:01:13.428 20697 20713 E ashmem  : Pinning is deprecated since Android Q. Please use trim or other methods.
02-21 01:01:13.439 20697 20713 D WM-SystemJobScheduler: Reconciling jobs
02-21 01:01:13.466 20697 20713 D WM-ForceStopRunnable: Application was force-stopped, rescheduling.
02-21 01:01:13.489 20697 20697 D github_upload: choosePolicy: uniqueName=upload_runtime_logs_startup policy=REPLACE states=[SUCCEEDED]
02-21 01:01:13.489 20697 20697 D github_upload: enqueueStartupRuntimeLogsUpload: uniqueName=upload_runtime_logs_startup policy=REPLACE
02-21 01:01:13.490 20697 20697 D SurveyApp: Startup runtime logs: enqueue requested.
02-21 01:01:13.490 20697 20697 D CrashCapture: install: ensured default handler. where=SurveyApp:onCreate(rewrap) pid=20697 default=com.negi.survey.CrashCapture$CrashHandler@9e57f47
02-21 01:01:13.490 20697 20697 D SurveyApp: CrashCapture installed: where=SurveyApp:onCreate(rewrap)
02-21 01:01:13.490 20697 20697 D CrashCapture: registerSelfHealing: ActivityLifecycleCallbacks registered. mode=onResumedOnly
02-21 01:01:13.490 20697 20697 D SurveyApp: CrashCapture self-healing registered.
02-21 01:01:13.490 20697 20697 D SurveyApp: WorkManager already ready. where=enqueuePending(immediate)
02-21 01:01:13.491 20697 20697 D SurveyApp: CrashCapture pending uploads requested (immediate).
02-21 01:01:13.491 20697 20718 D CrashCapture: enqueuePendingCrashUploadsIfPossible enter where=SurveyApp:enqueuePending(immediate):bg pid=20697 thread=CrashCapture-Enqueue
02-21 01:01:13.500 20697 20720 D UploadRescheduleRcvr: No GitHub pending files for action=android.intent.action.BOOT_COMPLETED
02-21 01:01:13.501 20697 20697 D DesktopExperienceFlags: Toggle override initialized to: false
02-21 01:01:13.505 20697 20722 I DisplayManager: Choreographer implicitly registered for the refresh rate.
02-21 01:01:13.505 20697 20697 D CrashCapture: install: ensured default handler. where=install(legacy) pid=20697 default=com.negi.survey.CrashCapture$CrashHandler@9e57f47
02-21 01:01:13.507 20697 20727 D CrashCapture: enqueuePendingCrashUploadsIfPossible skipped (already running). where=enqueue(legacy):bg
02-21 01:01:13.507 20697 20722 D vulkan  : searching for layers in '/data/app/~~CiJR5QgTLhKQYtqIt3DQxQ==/com.negi.survey-mso5Sza0tixJ3Va4Wq1GyQ==/lib/arm64'
02-21 01:01:13.507 20697 20722 D vulkan  : searching for layers in '/data/app/~~CiJR5QgTLhKQYtqIt3DQxQ==/com.negi.survey-mso5Sza0tixJ3Va4Wq1GyQ==/base.apk!/lib/arm64-v8a'
02-21 01:01:13.511 20697 20697 D CompatChangeReporter: Compat change id reported: 377864165; UID 14738; state: ENABLED
02-21 01:01:13.511 20697 20697 D DesktopModeFlags: Toggle override initialized to: OVERRIDE_UNSET
02-21 01:01:13.516 20697 20697 I ContentCaptureHelper: Setting logging level to OFF
02-21 01:01:13.521 20697 20697 D CrashCapture: install: ensured default handler. where=selfHeal:onActivityResumed pid=20697 default=com.negi.survey.CrashCapture$CrashHandler@9e57f47
02-21 01:01:13.531 20697 20717 D WM-SystemJobScheduler: Scheduling work ID d9e75bc8-35af-433d-a53e-2ff496c58a10Job ID 351
02-21 01:01:13.537 20697 20717 D WM-GreedyScheduler: Starting tracking for d9e75bc8-35af-433d-a53e-2ff496c58a10
02-21 01:01:13.553 20697 20720 D github_upload: choosePolicy: uniqueName=upload_runtime_logs_startup policy=KEEP states=[ENQUEUED]
02-21 01:01:13.553 20697 20720 D github_upload: enqueueStartupRuntimeLogsUpload: uniqueName=upload_runtime_logs_startup policy=KEEP
02-21 01:01:13.553 20697 20720 D UploadRescheduleRcvr: Enqueued runtime logs upload for action=android.intent.action.BOOT_COMPLETED reason=receiver_boot_completed
02-21 01:01:13.571 20697 20716 D WM-PackageManagerHelper: androidx.work.impl.background.systemalarm.RescheduleReceiver enabled
02-21 01:01:13.573 20697 20697 D WindowOnBackDispatcher: setTopOnBackInvokedCallback (unwrapped): android.app.Activity$$ExternalSyntheticLambda0@b9e1ccf
02-21 01:01:13.575 20697 20716 D WM-ConstraintTracker: NetworkStateTracker24: initial state = NetworkState(isConnected=true, isValidated=true, isMetered=false, isNotRoaming=true, isBlocked=false)
02-21 01:01:13.575 20697 20716 D WM-NetworkStateTracker: Registering network callback
02-21 01:01:13.583 20697 20716 D WM-GreedyScheduler: Constraints met: Scheduling work ID WorkGenerationalId(workSpecId=d9e75bc8-35af-433d-a53e-2ff496c58a10, generation=0)
02-21 01:01:13.588 20697 20739 D WM-NetworkStateTracker: Network capabilities changed: [ Transports: WIFI Capabilities: NOT_METERED&INTERNET&NOT_RESTRICTED&TRUSTED&NOT_VPN&VALIDATED&NOT_ROAMING&FOREGROUND&NOT_CONGESTED&NOT_SUSPENDED&NOT_VCN_MANAGED&NOT_BANDWIDTH_CONSTRAINED LinkUpBandwidth>=13861Kbps LinkDnBandwidth>=101944Kbps TransportInfo: <SSID: <unknown ssid>, BSSID: 02:00:00:00:00:00, MAC: 02:00:00:00:00:00, IP: /192.168.1.27, Security type: 2, Supplicant state: COMPLETED, Wi-Fi standard: 11ac, RSSI: -39, Link speed: 866Mbps, Tx Link speed: 866Mbps, Max Supported Tx Link speed: 866Mbps, Rx Link speed: 866Mbps, Max Supported Rx Link speed: 866Mbps, Frequency: 5805MHz, Net ID: -1, Metered hint: false, score: 60, isUsable: true, CarrierMerged: false, SubscriptionId: -1, IsPrimary: -1, Trusted: true, Restricted: false, Ephemeral: false, OEM paid: false, OEM private: false, OSU AP: false, FQDN: <none>, Provider friendly name: <none>, Requesting package name: <none><none>MLO Information: , Is TID-To-Link negotiation supported by the AP: false, AP MLD Address: <none>, AP MLO Link Id: <none>, AP MLO Affiliated links: <none>, Vendor Data: <none>> SignalStrength: -39 UnderlyingNetworks: Null]
02-21 01:01:13.590 20697 20739 D WM-NetworkStateTracker: Network blocked status changed: false
02-21 01:01:13.592 20697 20716 D WM-Processor: Processor: processing WorkGenerationalId(workSpecId=d9e75bc8-35af-433d-a53e-2ff496c58a10, generation=0)
02-21 01:01:13.598 20697 20697 E VibratorInfo: Invalid frequency profile received from HAL. resonantFrequencyHz=NaN, frequenciesHz=null, outputAccelerationsGs=null
02-21 01:01:13.632 20697 20697 D VRI[MainActivity]: WindowInsets changed: 1080x2424 statusBars:[0,152,0,0] navigationBars:[0,0,0,69] mandatorySystemGestures:[0,187,0,92] 
02-21 01:01:13.636 20697 20697 I HWUI    : Using FreeType backend (prop=Auto)
