=== Previous Session Logcat ===
captured_time_utc=20260221_230934
captured_time_local=20260221_150934
marker=2026-02-21 14:25:56.992
preferred_prev_pid=-1
note=best-effort; buffers may be overwritten before next start
sdk=36
device=Google Pixel 9a
appId=com.negi.survey
versionName=0.0.1
versionCode=1

=== Logcat (since marker) ===
--------- beginning of system
02-21 14:25:57.113 17088 17088 D InsetsController: hide(ime())
02-21 14:25:58.077 17088 17088 W NotificationManager: Shedding notify (update) of NotificationKey[user=UserHandle{0}, pkg=com.negi.survey, tag=null, id=4445], rate limit (5.0) exceeded: input 9.548069, output would be 6.689397
02-21 14:25:59.122 17088 17088 W NotificationManager: Shedding notify (update) of NotificationKey[user=UserHandle{0}, pkg=com.negi.survey, tag=null, id=7563], rate limit (5.0) exceeded: input 70.13378, output would be 6.4193225
02-21 14:26:00.124 17088 17088 W NotificationManager: Shedding notify (update) of NotificationKey[user=UserHandle{0}, pkg=com.negi.survey, tag=null, id=3436], rate limit (5.0) exceeded: input 151.15833, output would be 6.541265
02-21 14:26:01.302 17088 17088 W NotificationManager: Shedding notify (update) of NotificationKey[user=UserHandle{0}, pkg=com.negi.survey, tag=null, id=7628], rate limit (5.0) exceeded: input 21.145092, output would be 5.009494
02-21 14:26:02.302 17088 17088 W NotificationManager: Shedding notify (update) of NotificationKey[user=UserHandle{0}, pkg=com.negi.survey, tag=null, id=4445], rate limit (5.0) exceeded: input 44.806335, output would be 5.396121
02-21 14:26:03.302 17088 17088 W NotificationManager: Shedding notify (update) of NotificationKey[user=UserHandle{0}, pkg=com.negi.survey, tag=null, id=10937], rate limit (5.0) exceeded: input 124.961624, output would be 5.855277
02-21 14:26:04.365 17088 17088 W NotificationManager: Shedding notify (update) of NotificationKey[user=UserHandle{0}, pkg=com.negi.survey, tag=null, id=7072], rate limit (5.0) exceeded: input 40.653717, output would be 5.7047467
02-21 14:26:05.434 17088 17088 W NotificationManager: Shedding notify (update) of NotificationKey[user=UserHandle{0}, pkg=com.negi.survey, tag=null, id=10224], rate limit (5.0) exceeded: input 32.396072, output would be 5.363701
02-21 14:26:06.674 17088 17088 W NotificationManager: Shedding notify (update) of NotificationKey[user=UserHandle{0}, pkg=com.negi.survey, tag=null, id=3436], rate limit (5.0) exceeded: input 19.290699, output would be 5.596037
02-21 14:26:07.763 17088 17088 W NotificationManager: Shedding notify (update) of NotificationKey[user=UserHandle{0}, pkg=com.negi.survey, tag=null, id=8573], rate limit (5.0) exceeded: input 20.323423, output would be 5.663829
02-21 14:26:12.741 17088 17088 W NotificationManager: Shedding notify (update) of NotificationKey[user=UserHandle{0}, pkg=com.negi.survey, tag=null, id=10422], rate limit (5.0) exceeded: input 8.102171, output would be 5.5183854
02-21 14:26:58.243 17088 17088 D InsetsController: show(ime())
02-21 14:26:58.247 17088 17088 D InsetsController: Setting requestedVisibleTypes to 511 (was 503)
02-21 14:26:58.273 17088 17088 D InsetsController: show(ime())
02-21 14:27:07.635 17088 17088 D InsetsController: show(ime())
02-21 14:27:07.649 17088 17088 D InsetsController: show(ime())
02-21 14:27:14.141 17088 17088 D InsetsController: hide(ime())
02-21 14:27:14.142 17088 17088 D InsetsController: Setting requestedVisibleTypes to 503 (was 511)
02-21 14:27:30.455 17088 17088 D InsetsController: show(ime())
02-21 14:27:30.456 17088 17088 D InsetsController: Setting requestedVisibleTypes to 511 (was 503)
02-21 14:27:30.478 17088 17088 D InsetsController: show(ime())
02-21 14:27:33.997 17088 17088 D InsetsController: show(ime())
02-21 14:27:34.015 17088 17088 D InsetsController: show(ime())
02-21 14:27:34.257 17088 17088 D InsetsController: show(ime())
02-21 14:27:34.268 17088 17088 D InsetsController: show(ime())
02-21 14:27:34.490 17088 17088 D InsetsController: show(ime())
02-21 14:27:34.509 17088 17088 D InsetsController: show(ime())
02-21 14:27:34.729 17088 17088 D InsetsController: show(ime())
02-21 14:27:34.746 17088 17088 D InsetsController: show(ime())
02-21 14:27:34.973 17088 17088 D InsetsController: show(ime())
02-21 14:27:34.980 17088 17088 D InsetsController: show(ime())
02-21 14:27:35.188 17088 17088 D InsetsController: show(ime())
02-21 14:27:35.204 17088 17088 D InsetsController: show(ime())
02-21 14:27:35.874 17088 17088 D InsetsController: hide(ime())
02-21 14:27:35.875 17088 17088 D InsetsController: Setting requestedVisibleTypes to 503 (was 511)
02-21 14:29:40.534 17088 17088 D InsetsController: show(ime())
02-21 14:29:40.534 17088 17088 D InsetsController: Setting requestedVisibleTypes to 511 (was 503)
02-21 14:29:40.543 17088 17088 D InsetsController: show(ime())
02-21 14:29:42.850 17088 17088 D InsetsController: Setting requestedVisibleTypes to 503 (was 511)
02-21 14:29:43.820 17088 17088 D InsetsController: show(ime())
02-21 14:29:43.821 17088 17088 D InsetsController: Setting requestedVisibleTypes to 511 (was 503)
02-21 14:29:43.835 17088 17088 D InsetsController: show(ime())
02-21 14:29:44.293 17088 17088 D InsetsController: Setting requestedVisibleTypes to 503 (was 511)
02-21 14:29:45.385 17088 17088 D InsetsController: show(ime())
02-21 14:29:45.386 17088 17088 D InsetsController: Setting requestedVisibleTypes to 511 (was 503)
02-21 14:29:45.391 17088 17088 D InsetsController: show(ime())
02-21 14:29:46.513 17088 17088 D InsetsController: show(ime())
02-21 14:29:46.529 17088 17088 D InsetsController: show(ime())
02-21 14:29:47.152 17088 17088 D InsetsController: show(ime())
02-21 14:29:47.166 17088 17088 D InsetsController: show(ime())
02-21 14:29:47.653 17088 17088 D InsetsController: show(ime())
02-21 14:29:47.664 17088 17088 D InsetsController: show(ime())
02-21 14:29:49.321 17088 17088 D InsetsController: show(ime())
02-21 14:29:49.326 17088 17088 D InsetsController: show(ime())
02-21 14:29:50.004 17088 17088 D InsetsController: hide(ime())
02-21 14:29:50.004 17088 17088 D InsetsController: Setting requestedVisibleTypes to 503 (was 511)
02-21 14:29:50.978 17088 17088 D InsetsController: show(ime())
02-21 14:29:50.978 17088 17088 D InsetsController: Setting requestedVisibleTypes to 511 (was 503)
02-21 14:29:50.981 17088 17088 D InsetsController: show(ime())
02-21 14:30:00.712 17088 17088 D InsetsController: show(ime())
02-21 14:30:00.717 17088 17088 D InsetsController: show(ime())
02-21 14:30:02.931 17088 17088 D InsetsController: show(ime())
02-21 14:30:02.939 17088 17088 D InsetsController: show(ime())
02-21 14:30:03.632 17088 17088 D InsetsController: hide(ime())
02-21 14:30:03.632 17088 17088 D InsetsController: Setting requestedVisibleTypes to 503 (was 511)
02-21 14:30:04.785 17088 17088 D InsetsController: show(ime())
02-21 14:30:04.785 17088 17088 D InsetsController: Setting requestedVisibleTypes to 511 (was 503)
02-21 14:30:04.805 17088 17088 D InsetsController: show(ime())
02-21 14:30:13.430 17088 17088 D InsetsController: show(ime())
02-21 14:30:13.434 17088 17088 D InsetsController: show(ime())
02-21 14:30:15.415 17088 17088 D InsetsController: show(ime())
02-21 14:30:15.432 17088 17088 D InsetsController: show(ime())
02-21 14:30:15.830 17088 17088 D InsetsController: show(ime())
02-21 14:30:15.835 17088 17088 D InsetsController: show(ime())
02-21 14:30:16.115 17088 17088 D InsetsController: show(ime())
02-21 14:30:16.132 17088 17088 D InsetsController: show(ime())
02-21 14:30:16.330 17088 17088 D InsetsController: show(ime())
02-21 14:30:16.335 17088 17088 D InsetsController: show(ime())
02-21 14:30:16.831 17088 17088 D InsetsController: show(ime())
02-21 14:30:16.840 17088 17088 D InsetsController: show(ime())
02-21 14:30:17.298 17088 17088 D InsetsController: show(ime())
02-21 14:30:17.307 17088 17088 D InsetsController: show(ime())
02-21 14:30:18.000 17088 17088 D InsetsController: hide(ime())
02-21 14:30:18.001 17088 17088 D InsetsController: Setting requestedVisibleTypes to 503 (was 511)
02-21 14:33:00.314 17088 17088 D InsetsController: show(ime())
02-21 14:33:00.315 17088 17088 D InsetsController: Setting requestedVisibleTypes to 511 (was 503)
02-21 14:33:00.332 17088 17088 D InsetsController: show(ime())
02-21 14:33:01.917 17088 17088 D InsetsController: show(ime())
02-21 14:33:01.920 17088 17088 D InsetsController: show(ime())
02-21 14:33:02.184 17088 17088 D InsetsController: show(ime())
02-21 14:33:02.187 17088 17088 D InsetsController: show(ime())
02-21 14:33:02.384 17088 17088 D InsetsController: show(ime())
02-21 14:33:02.388 17088 17088 D InsetsController: show(ime())
02-21 14:33:02.651 17088 17088 D InsetsController: show(ime())
02-21 14:33:02.656 17088 17088 D InsetsController: show(ime())
02-21 14:33:02.852 17088 17088 D InsetsController: show(ime())
02-21 14:33:02.856 17088 17088 D InsetsController: show(ime())
02-21 14:33:03.735 17088 17088 D InsetsController: show(ime())
02-21 14:33:03.738 17088 17088 D InsetsController: show(ime())
02-21 14:33:04.436 17088 17088 D InsetsController: hide(ime())
02-21 14:33:04.436 17088 17088 D InsetsController: Setting requestedVisibleTypes to 503 (was 511)
02-21 15:06:39.413 17088 17088 D InsetsController: show(ime())
--------- beginning of main
02-21 15:06:39.413 17088 17088 I ImeTracker: com.negi.survey:9a780292: onRequestShow at ORIGIN_CLIENT reason SHOW_SOFT_INPUT_BY_INSETS_API fromUser false
02-21 15:06:39.414 17088 17088 D InsetsController: Setting requestedVisibleTypes to 511 (was 503)
02-21 15:06:39.430 17088 17088 I AssistStructure: Flattened final assist data: 516 bytes, containing 1 windows, 3 views
02-21 15:06:39.434 17088 17088 I ImeTracker: com.negi.survey:71f16b07: onRequestShow at ORIGIN_CLIENT reason SHOW_SOFT_INPUT fromUser false
02-21 15:06:39.435 17088 17088 D InsetsController: show(ime())
02-21 15:06:39.435 17088 17088 I ImeTracker: com.negi.survey:71f16b07: onCancelled at PHASE_CLIENT_REPORT_REQUESTED_VISIBLE_TYPES
02-21 15:06:39.614 17088 17088 D WindowOnBackDispatcher: setTopOnBackInvokedCallback (unwrapped): android.view.ImeBackAnimationController@6ec5d1f
02-21 15:06:39.655 17088 17088 D VRI[MainActivity]: WindowInsets changed: ime:[0,0,0,1043] 
02-21 15:06:39.909 17088 17088 D Autofill Status: Autofill popup isn't shown because autofill is not available.
02-21 15:06:39.909 17088 17088 D Autofill Status: 
02-21 15:06:39.909 17088 17088 D Autofill Status: Did you set up autofill?
02-21 15:06:39.909 17088 17088 D Autofill Status: 1. Go to Settings > System > Languages&input > Advanced > Autofill Service
02-21 15:06:39.909 17088 17088 D Autofill Status: 2. Pick a service
02-21 15:06:39.909 17088 17088 D Autofill Status: 
02-21 15:06:39.909 17088 17088 D Autofill Status: Did you add an account?
02-21 15:06:39.909 17088 17088 D Autofill Status: 1. Go to Settings > System > Languages&input > Advanced
02-21 15:06:39.909 17088 17088 D Autofill Status: 2. Click on the settings icon next to the Autofill Service
02-21 15:06:39.909 17088 17088 D Autofill Status: 3. Add your account
02-21 15:06:39.983 17088 17088 I ImeTracker: com.negi.survey:9a780292: onShown
02-21 15:09:34.231 18966 18966 I libc    : SetHeapTaggingLevel: tag level set to 0
02-21 15:09:34.240 18966 18966 I Zygote  : Process 18966 created for com.negi.survey
02-21 15:09:34.241 18966 18966 I com.negi.survey: Using CollectorTypeCMC GC.
02-21 15:09:34.258 18966 18966 D nativeloader: Load libframework-connectivity-tiramisu-jni.so using APEX ns com_android_tethering for caller /apex/com.android.tethering/javalib/framework-connectivity-t.jar: ok
02-21 15:09:34.292 18966 18966 D ApplicationLoaders: Returning zygote-cached class loader: /system_ext/framework/androidx.window.extensions.jar
02-21 15:09:34.292 18966 18966 D ApplicationLoaders: Returning zygote-cached class loader: /system_ext/framework/androidx.window.sidecar.jar
02-21 15:09:34.314 18966 18966 D nativeloader: Configuring clns-9 for other apk /data/app/~~3mXu_cpREwXrtC5q8Q2mnQ==/com.negi.survey-lH9BUptKKC18qI8XKysJNw==/base.apk. target_sdk_version=36, uses_libraries=libOpenCL.so:libOpenCL-pixel.so, library_path=/data/app/~~3mXu_cpREwXrtC5q8Q2mnQ==/com.negi.survey-lH9BUptKKC18qI8XKysJNw==/lib/arm64:/data/app/~~3mXu_cpREwXrtC5q8Q2mnQ==/com.negi.survey-lH9BUptKKC18qI8XKysJNw==/base.apk!/lib/arm64-v8a, permitted_path=/data:/mnt/expand:/data/user/0/com.negi.survey
02-21 15:09:34.320 18966 18966 V GraphicsEnvironment: Currently set values for:
02-21 15:09:34.320 18966 18966 V GraphicsEnvironment:   angle_gl_driver_selection_pkgs=[com.android.angle, com.google.android.apps.tachyon]
02-21 15:09:34.320 18966 18966 V GraphicsEnvironment:   angle_gl_driver_selection_values=[angle, native]
02-21 15:09:34.320 18966 18966 V GraphicsEnvironment: com.negi.survey is not listed in per-application setting
02-21 15:09:34.320 18966 18966 V GraphicsEnvironment: ANGLE allowlist from config: 
02-21 15:09:34.320 18966 18966 V GraphicsEnvironment: No special selections for ANGLE, returning default driver choice
02-21 15:09:34.320 18966 18966 V GraphicsEnvironment: Neither updatable production driver nor prerelease driver is supported.
02-21 15:09:34.333 18966 18966 D AppRingLogStore: installed: dir=/data/user/0/com.negi.survey/files/diagnostics/applog_ring idx=0
02-21 15:09:34.335 18966 18966 D CrashCapture: install: ensured default handler. where=SurveyApp:attachBaseContext pid=18966 default=com.negi.survey.CrashCapture$CrashHandler@b690374
02-21 15:09:34.349 18966 18981 D RuntimeLogStore: openWriter: start -> /data/user/0/com.negi.survey/files/diagnostics/runtime_logs/rtlog_20260221_230934_342_pid18966_seq1.log (bytes=0 format=LEGACY)
02-21 15:09:34.351 18966 18981 D RuntimeLogStore: retention: start files=2 kept=2 totalBytes=11115
02-21 15:09:34.355 18966 18966 D WM-PackageManagerHelper: Skipping component enablement for androidx.work.impl.background.systemjob.SystemJobService
02-21 15:09:34.355 18966 18966 D WM-Schedulers: Created SystemJobScheduler and enabled SystemJobService
02-21 15:09:34.362 18966 18983 D WM-ForceStopRunnable: Is default app process = true
02-21 15:09:34.362 18966 18983 D WM-ForceStopRunnable: Performing cleanup operations.
02-21 15:09:34.372 18966 18983 E ashmem  : Pinning is deprecated since Android Q. Please use trim or other methods.
02-21 15:09:34.396 18966 18983 D WM-SystemJobScheduler: Reconciling jobs
02-21 15:09:34.412 18966 18983 D WM-ForceStopRunnable: Application was force-stopped, rescheduling.
02-21 15:09:34.427 18966 18966 D github_upload: choosePolicy: uniqueName=upload_runtime_logs_startup policy=REPLACE states=[SUCCEEDED]
02-21 15:09:34.427 18966 18966 D github_upload: enqueueStartupRuntimeLogsUpload: uniqueName=upload_runtime_logs_startup policy=REPLACE
02-21 15:09:34.449 18966 18988 D WM-SystemJobScheduler: Scheduling work ID f566455a-a7e1-43ae-9333-cf29a7271622Job ID 540
02-21 15:09:34.452 18966 18988 D WM-GreedyScheduler: Starting tracking for f566455a-a7e1-43ae-9333-cf29a7271622
02-21 15:09:34.460 18966 18966 D github_upload: choosePolicy: uniqueName=upload_ring_logs_startup policy=REPLACE states=[SUCCEEDED]
02-21 15:09:34.460 18966 18966 D github_upload: enqueueStartupRingLogsUpload: uniqueName=upload_ring_logs_startup policy=REPLACE
02-21 15:09:34.461 18966 18966 D CrashCapture: install: ensured default handler. where=SurveyApp:onCreate(rewrap) pid=18966 default=com.negi.survey.CrashCapture$CrashHandler@b690374
02-21 15:09:34.461 18966 18966 D CrashCapture: registerSelfHealing: ActivityLifecycleCallbacks registered. mode=onResumedOnly
02-21 15:09:34.462 18966 18989 D CrashCapture: enqueuePendingCrashUploadsIfPossible enter where=SurveyApp:enqueuePending(immediate):bg pid=18966 thread=CrashCapture-Enqueue
02-21 15:09:34.471 18966 18992 I DisplayManager: Choreographer implicitly registered for the refresh rate.
02-21 15:09:34.471 18966 18990 D UploadRescheduleRcvr: No GitHub pending files for action=android.intent.action.BOOT_COMPLETED
02-21 15:09:34.471 18966 18966 D DesktopExperienceFlags: Toggle override initialized to: false
02-21 15:09:34.473 18966 18992 D vulkan  : searching for layers in '/data/app/~~3mXu_cpREwXrtC5q8Q2mnQ==/com.negi.survey-lH9BUptKKC18qI8XKysJNw==/lib/arm64'
02-21 15:09:34.473 18966 18992 D vulkan  : searching for layers in '/data/app/~~3mXu_cpREwXrtC5q8Q2mnQ==/com.negi.survey-lH9BUptKKC18qI8XKysJNw==/base.apk!/lib/arm64-v8a'
02-21 15:09:34.474 18966 18988 D WM-SystemJobScheduler: Scheduling work ID 174c6df8-f7b4-481b-9a7f-257cc3c958c7Job ID 541
02-21 15:09:34.479 18966 18988 D WM-GreedyScheduler: Starting tracking for f566455a-a7e1-43ae-9333-cf29a7271622,174c6df8-f7b4-481b-9a7f-257cc3c958c7
02-21 15:09:34.483 18966 18988 D WM-PackageManagerHelper: androidx.work.impl.background.systemalarm.RescheduleReceiver enabled
02-21 15:09:34.485 18966 18990 D github_upload: choosePolicy: uniqueName=upload_runtime_logs_startup policy=KEEP states=[ENQUEUED]
02-21 15:09:34.485 18966 18990 D github_upload: enqueueStartupRuntimeLogsUpload: uniqueName=upload_runtime_logs_startup policy=KEEP
02-21 15:09:34.485 18966 18990 D UploadRescheduleRcvr: Enqueued runtime logs upload for action=android.intent.action.BOOT_COMPLETED reason=receiver_boot_completed
02-21 15:09:34.491 18966 18966 D CompatChangeReporter: Compat change id reported: 377864165; UID 14738; state: ENABLED
02-21 15:09:34.492 18966 18966 D DesktopModeFlags: Toggle override initialized to: OVERRIDE_UNSET
02-21 15:09:34.493 18966 18988 D WM-ConstraintTracker: NetworkStateTracker24: initial state = NetworkState(isConnected=true, isValidated=true, isMetered=false, isNotRoaming=true, isBlocked=false)
02-21 15:09:34.493 18966 18988 D WM-NetworkStateTracker: Registering network callback
02-21 15:09:34.503 18966 18966 I ContentCaptureHelper: Setting logging level to OFF
02-21 15:09:34.504 18966 19004 D WM-NetworkStateTracker: Network capabilities changed: [ Transports: WIFI Capabilities: NOT_METERED&INTERNET&NOT_RESTRICTED&TRUSTED&NOT_VPN&VALIDATED&NOT_ROAMING&FOREGROUND&NOT_CONGESTED&NOT_SUSPENDED&NOT_VCN_MANAGED&NOT_BANDWIDTH_CONSTRAINED LinkUpBandwidth>=13861Kbps LinkDnBandwidth>=101944Kbps TransportInfo: <SSID: <unknown ssid>, BSSID: 02:00:00:00:00:00, MAC: 02:00:00:00:00:00, IP: /192.168.1.27, Security type: 2, Supplicant state: COMPLETED, Wi-Fi standard: 11ac, RSSI: -58, Link speed: 650Mbps, Tx Link speed: 650Mbps, Max Supported Tx Link speed: 866Mbps, Rx Link speed: 650Mbps, Max Supported Rx Link speed: 866Mbps, Frequency: 5805MHz, Net ID: -1, Metered hint: false, score: 60, isUsable: true, CarrierMerged: false, SubscriptionId: -1, IsPrimary: -1, Trusted: true, Restricted: false, Ephemeral: false, OEM paid: false, OEM private: false, OSU AP: false, FQDN: <none>, Provider friendly name: <none>, Requesting package name: <none><none>MLO Information: , Is TID-To-Link negotiation supported by the AP: false, AP MLD Address: <none>, AP MLO Link Id: <none>, AP MLO Affiliated links: <none>, Vendor Data: <none>> SignalStrength: -58 UnderlyingNetworks: Null]
02-21 15:09:34.504 18966 18966 D CrashCapture: install: ensured default handler. where=selfHeal:onActivityResumed pid=18966 default=com.negi.survey.CrashCapture$CrashHandler@b690374
02-21 15:09:34.506 18966 19004 D WM-NetworkStateTracker: Network blocked status changed: false
02-21 15:09:34.511 18966 18988 D WM-GreedyScheduler: Constraints met: Scheduling work ID WorkGenerationalId(workSpecId=f566455a-a7e1-43ae-9333-cf29a7271622, generation=0)
02-21 15:09:34.522 18966 18988 D WM-Processor: Processor: processing WorkGenerationalId(workSpecId=f566455a-a7e1-43ae-9333-cf29a7271622, generation=0)
02-21 15:09:34.522 18966 18988 D WM-GreedyScheduler: Constraints met: Scheduling work ID WorkGenerationalId(workSpecId=174c6df8-f7b4-481b-9a7f-257cc3c958c7, generation=0)
02-21 15:09:34.546 18966 18988 D WM-Processor: Processor: processing WorkGenerationalId(workSpecId=174c6df8-f7b4-481b-9a7f-257cc3c958c7, generation=0)
02-21 15:09:34.553 18966 18966 D WindowOnBackDispatcher: setTopOnBackInvokedCallback (unwrapped): android.app.Activity$$ExternalSyntheticLambda0@7f61006
02-21 15:09:34.581 18966 18966 E VibratorInfo: Invalid frequency profile received from HAL. resonantFrequencyHz=NaN, frequenciesHz=null, outputAccelerationsGs=null
02-21 15:09:34.618 18966 18966 D VRI[MainActivity]: WindowInsets changed: 1080x2424 statusBars:[0,152,0,0] navigationBars:[0,0,0,69] mandatorySystemGestures:[0,187,0,92] 
02-21 15:09:34.623 18966 18966 I HWUI    : Using FreeType backend (prop=Auto)
