=== Previous Session Logcat ===
captured_time_utc=20260222_182424
captured_time_local=20260222_102424
marker=2026-02-22 10:09:33.651
preferred_prev_pid=-1
note=best-effort; buffers may be overwritten before next start
sdk=36
device=Google Pixel 9a
appId=com.negi.survey
versionName=v0.0.1-20260222-033453
versionCode=15

=== Logcat (since marker) ===
--------- beginning of system
02-22 10:09:33.651 17116 17138 I DisplayManager: Choreographer implicitly registered for the refresh rate.
02-22 10:09:33.765 17116 17116 E VibratorInfo: Invalid frequency profile received from HAL. resonantFrequencyHz=NaN, frequenciesHz=null, outputAccelerationsGs=null
02-22 10:09:34.203 17116 17116 D InsetsController: hide(ime())
02-22 10:14:41.944 17116 17116 D InsetsController: hide(ime())
02-22 10:14:44.900 17116 17116 D InsetsController: hide(ime())
02-22 10:14:45.545 17116 17116 D InsetsController: show(ime())
02-22 10:14:45.546 17116 17116 D InsetsController: Setting requestedVisibleTypes to 511 (was 503)
02-22 10:14:45.569 17116 17116 D InsetsController: show(ime())
02-22 10:14:50.934 17116 17116 D InsetsController: hide(ime())
02-22 10:14:50.934 17116 17116 D InsetsController: Setting requestedVisibleTypes to 503 (was 511)
02-22 10:14:51.042 17116 17116 D InsetsController: show(ime())
02-22 10:14:51.043 17116 17116 D InsetsController: Setting requestedVisibleTypes to 511 (was 503)
02-22 10:14:51.123 17116 17116 D InsetsController: show(ime())
02-22 10:15:00.101 17116 17116 D InsetsController: hide(ime())
02-22 10:15:00.102 17116 17116 D InsetsController: Setting requestedVisibleTypes to 503 (was 511)
02-22 10:15:02.106 17116 17116 D InsetsController: hide(ime())
02-22 10:15:26.985 17116 17116 D InsetsController: show(ime())
02-22 10:15:26.986 17116 17116 D InsetsController: Setting requestedVisibleTypes to 511 (was 503)
02-22 10:15:26.994 17116 17116 D InsetsController: show(ime())
02-22 10:15:36.168 17116 17116 D InsetsController: hide(ime())
02-22 10:15:36.169 17116 17116 D InsetsController: Setting requestedVisibleTypes to 503 (was 511)
02-22 10:16:02.068 17116 17116 D InsetsController: show(ime())
02-22 10:16:02.069 17116 17116 D InsetsController: Setting requestedVisibleTypes to 511 (was 503)
02-22 10:16:02.077 17116 17116 D InsetsController: show(ime())
02-22 10:16:23.724 17116 17116 D InsetsController: hide(ime())
02-22 10:16:23.724 17116 17116 D InsetsController: Setting requestedVisibleTypes to 503 (was 511)
02-22 10:16:43.498 17116 17116 D InsetsController: show(ime())
02-22 10:16:43.501 17116 17116 D InsetsController: Setting requestedVisibleTypes to 511 (was 503)
02-22 10:16:43.505 17116 17116 D InsetsController: show(ime())
02-22 10:17:09.477 17116 17116 D InsetsController: show(ime())
02-22 10:17:09.479 17116 17116 D InsetsController: show(ime())
02-22 10:17:15.523 17116 17116 D InsetsController: hide(ime())
02-22 10:17:15.523 17116 17116 D InsetsController: Setting requestedVisibleTypes to 503 (was 511)
02-22 10:17:38.089 17116 17116 D InsetsController: show(ime())
02-22 10:17:38.089 17116 17116 D InsetsController: Setting requestedVisibleTypes to 511 (was 503)
02-22 10:17:38.101 17116 17116 D InsetsController: show(ime())
02-22 10:19:23.439 17116 17116 D InsetsController: hide(ime())
02-22 10:19:23.439 17116 17116 D InsetsController: Setting requestedVisibleTypes to 503 (was 511)
02-22 10:19:23.440 17116 17116 D InsetsController: hide(ime())
02-22 10:19:24.712 17116 17116 D InsetsController: show(ime())
02-22 10:19:24.713 17116 17116 D InsetsController: Setting requestedVisibleTypes to 511 (was 503)
02-22 10:19:24.717 17116 17116 D InsetsController: show(ime())
02-22 10:19:32.610 17116 17116 D InsetsController: show(ime())
02-22 10:19:32.617 17116 17116 D InsetsController: show(ime())
02-22 10:19:32.617 17116 17116 D InsetsController: show(ime())
02-22 10:19:40.773 17116 17116 D InsetsController: hide(ime())
02-22 10:19:40.773 17116 17116 D InsetsController: Setting requestedVisibleTypes to 503 (was 511)
02-22 10:20:01.590 17116 17116 D InsetsController: hide(ime())
02-22 10:20:02.865 17116 17116 D InsetsController: hide(ime())
02-22 10:20:04.658 17116 17116 D InsetsController: hide(ime())
02-22 10:20:05.908 17116 17116 D InsetsController: hide(ime())
02-22 10:20:06.563 17116 17116 D InsetsController: show(ime())
02-22 10:20:06.563 17116 17116 D InsetsController: Setting requestedVisibleTypes to 511 (was 503)
02-22 10:20:06.567 17116 17116 D InsetsController: show(ime())
02-22 10:20:13.664 17116 17116 D InsetsController: hide(ime())
02-22 10:20:13.664 17116 17116 D InsetsController: Setting requestedVisibleTypes to 503 (was 511)
02-22 10:20:35.955 17116 17116 D InsetsController: show(ime())
02-22 10:20:35.956 17116 17116 D InsetsController: Setting requestedVisibleTypes to 511 (was 503)
02-22 10:20:35.975 17116 17116 D InsetsController: show(ime())
02-22 10:20:41.339 17116 17116 D InsetsController: show(ime())
02-22 10:20:41.342 17116 17116 D InsetsController: show(ime())
02-22 10:20:49.687 17116 17116 D InsetsController: hide(ime())
02-22 10:20:49.688 17116 17116 D InsetsController: Setting requestedVisibleTypes to 503 (was 511)
02-22 10:21:10.962 17116 17116 D InsetsController: show(ime())
02-22 10:21:10.963 17116 17116 D InsetsController: Setting requestedVisibleTypes to 511 (was 503)
02-22 10:21:10.966 17116 17116 D InsetsController: show(ime())
02-22 10:21:19.487 17116 17116 D InsetsController: hide(ime())
02-22 10:21:19.488 17116 17116 D InsetsController: Setting requestedVisibleTypes to 503 (was 511)
02-22 10:21:40.731 17116 17116 D InsetsController: show(ime())
02-22 10:21:40.731 17116 17116 D InsetsController: Setting requestedVisibleTypes to 511 (was 503)
02-22 10:21:40.734 17116 17116 D InsetsController: show(ime())
02-22 10:22:03.293 17116 17116 D InsetsController: show(ime())
02-22 10:22:03.297 17116 17116 D InsetsController: show(ime())
02-22 10:22:23.046 17116 17116 D InsetsController: hide(ime())
02-22 10:22:23.047 17116 17116 D InsetsController: Setting requestedVisibleTypes to 503 (was 511)
02-22 10:22:40.238 17116 17116 D InsetsController: hide(ime())
02-22 10:22:49.963 17116 17116 D InsetsController: show(ime())
02-22 10:22:49.963 17116 17116 D InsetsController: Setting requestedVisibleTypes to 511 (was 503)
02-22 10:22:49.966 17116 17116 D InsetsController: show(ime())
02-22 10:23:03.637 17116 17116 D InsetsController: show(ime())
02-22 10:23:03.640 17116 17116 D InsetsController: show(ime())
02-22 10:23:04.521 17116 17116 D InsetsController: show(ime())
02-22 10:23:04.524 17116 17116 D InsetsController: show(ime())
02-22 10:23:05.105 17116 17116 D InsetsController: show(ime())
02-22 10:23:05.148 17116 17116 D InsetsController: show(ime())
02-22 10:23:05.772 17116 17116 D InsetsController: hide(ime())
02-22 10:23:05.773 17116 17116 D InsetsController: Setting requestedVisibleTypes to 503 (was 511)
--------- beginning of main
02-22 10:24:24.581 20222 20222 I libc    : SetHeapTaggingLevel: tag level set to 0
02-22 10:24:24.588 20222 20222 I Zygote  : Process 20222 created for com.negi.survey
02-22 10:24:24.588 20222 20222 I com.negi.survey: Using CollectorTypeCMC GC.
02-22 10:24:24.597 20222 20222 D nativeloader: Load libframework-connectivity-tiramisu-jni.so using APEX ns com_android_tethering for caller /apex/com.android.tethering/javalib/framework-connectivity-t.jar: ok
02-22 10:24:24.611 20222 20222 D ApplicationLoaders: Returning zygote-cached class loader: /system_ext/framework/androidx.window.extensions.jar
02-22 10:24:24.611 20222 20222 D ApplicationLoaders: Returning zygote-cached class loader: /system_ext/framework/androidx.window.sidecar.jar
02-22 10:24:24.655 20222 20222 D nativeloader: Configuring clns-9 for other apk /data/app/~~quF0wuidTJy9sUGp11nyWA==/com.negi.survey-WXS_c2eQ1Kcco3qxF5aDNw==/base.apk. target_sdk_version=36, uses_libraries=libOpenCL.so:libOpenCL-pixel.so, library_path=/data/app/~~quF0wuidTJy9sUGp11nyWA==/com.negi.survey-WXS_c2eQ1Kcco3qxF5aDNw==/lib/arm64:/data/app/~~quF0wuidTJy9sUGp11nyWA==/com.negi.survey-WXS_c2eQ1Kcco3qxF5aDNw==/base.apk!/lib/arm64-v8a, permitted_path=/data:/mnt/expand:/data/user/0/com.negi.survey
02-22 10:24:24.662 20222 20222 V GraphicsEnvironment: Currently set values for:
02-22 10:24:24.662 20222 20222 V GraphicsEnvironment:   angle_gl_driver_selection_pkgs=[com.android.angle, com.google.android.apps.tachyon]
02-22 10:24:24.662 20222 20222 V GraphicsEnvironment:   angle_gl_driver_selection_values=[angle, native]
02-22 10:24:24.662 20222 20222 V GraphicsEnvironment: com.negi.survey is not listed in per-application setting
02-22 10:24:24.662 20222 20222 V GraphicsEnvironment: ANGLE allowlist from config: 
02-22 10:24:24.662 20222 20222 V GraphicsEnvironment: No special selections for ANGLE, returning default driver choice
02-22 10:24:24.662 20222 20222 V GraphicsEnvironment: Neither updatable production driver nor prerelease driver is supported.
02-22 10:24:24.668 20222 20222 D AppRingLogStore: installed: dir=/data/user/0/com.negi.survey/files/diagnostics/applog_ring idx=0
02-22 10:24:24.669 20222 20222 D CrashCapture: install: ensured default handler. where=SurveyApp:attachBaseContext pid=20222 default=com.negi.survey.CrashCapture$CrashHandler@8c2cf61
02-22 10:24:24.671 20222 20222 D WM-PackageManagerHelper: Skipping component enablement for androidx.work.impl.background.systemjob.SystemJobService
02-22 10:24:24.671 20222 20222 D WM-Schedulers: Created SystemJobScheduler and enabled SystemJobService
02-22 10:24:24.672 20222 20237 D WM-ForceStopRunnable: Is default app process = true
02-22 10:24:24.673 20222 20235 D RuntimeLogStore: openWriter: start -> /data/user/0/com.negi.survey/files/diagnostics/runtime_logs/rtlog_20260222_182424_668_pid20222_seq1.log (bytes=0 format=LEGACY)
02-22 10:24:24.673 20222 20237 D WM-ForceStopRunnable: Performing cleanup operations.
02-22 10:24:24.673 20222 20235 D RuntimeLogStore: retention: start files=2 kept=2 totalBytes=52027
02-22 10:24:24.690 20222 20237 E ashmem  : Pinning is deprecated since Android Q. Please use trim or other methods.
02-22 10:24:24.722 20222 20222 D github_upload: choosePolicy: uniqueName=upload_runtime_logs_startup policy=REPLACE states=[SUCCEEDED]
02-22 10:24:24.722 20222 20222 D github_upload: enqueueStartupRuntimeLogsUpload: uniqueName=upload_runtime_logs_startup policy=REPLACE
02-22 10:24:24.742 20222 20242 D WM-SystemJobScheduler: Scheduling work ID 2107cc85-804f-4c99-bd5c-c8d0a49d6d9aJob ID 2
02-22 10:24:24.752 20222 20242 D WM-GreedyScheduler: Starting tracking for 2107cc85-804f-4c99-bd5c-c8d0a49d6d9a
02-22 10:24:24.754 20222 20222 D github_upload: choosePolicy: uniqueName=upload_ring_logs_startup policy=REPLACE states=[SUCCEEDED]
02-22 10:24:24.754 20222 20222 D github_upload: enqueueStartupRingLogsUpload: uniqueName=upload_ring_logs_startup policy=REPLACE
02-22 10:24:24.754 20222 20222 D CrashCapture: install: ensured default handler. where=SurveyApp:onCreate(rewrap) pid=20222 default=com.negi.survey.CrashCapture$CrashHandler@8c2cf61
02-22 10:24:24.754 20222 20222 D CrashCapture: registerSelfHealing: ActivityLifecycleCallbacks registered. mode=onResumedOnly
02-22 10:24:24.755 20222 20243 D CrashCapture: enqueuePendingCrashUploadsIfPossible enter where=SurveyApp:enqueuePending(immediate):bg pid=20222 thread=CrashCapture-Enqueue
02-22 10:24:24.766 20222 20245 I DisplayManager: Choreographer implicitly registered for the refresh rate.
02-22 10:24:24.766 20222 20222 D DesktopExperienceFlags: Toggle override initialized to: false
02-22 10:24:24.767 20222 20245 D vulkan  : searching for layers in '/data/app/~~quF0wuidTJy9sUGp11nyWA==/com.negi.survey-WXS_c2eQ1Kcco3qxF5aDNw==/lib/arm64'
02-22 10:24:24.767 20222 20242 D WM-SystemJobScheduler: Scheduling work ID 5fa7c034-dd17-4f1f-b24e-99e4888e3845Job ID 3
02-22 10:24:24.767 20222 20245 D vulkan  : searching for layers in '/data/app/~~quF0wuidTJy9sUGp11nyWA==/com.negi.survey-WXS_c2eQ1Kcco3qxF5aDNw==/base.apk!/lib/arm64-v8a'
02-22 10:24:24.772 20222 20242 D WM-GreedyScheduler: Starting tracking for 2107cc85-804f-4c99-bd5c-c8d0a49d6d9a,5fa7c034-dd17-4f1f-b24e-99e4888e3845
02-22 10:24:24.773 20222 20222 D CompatChangeReporter: Compat change id reported: 377864165; UID 14740; state: ENABLED
02-22 10:24:24.773 20222 20222 D DesktopModeFlags: Toggle override initialized to: OVERRIDE_UNSET
02-22 10:24:24.775 20222 20240 D WM-PackageManagerHelper: androidx.work.impl.background.systemalarm.RescheduleReceiver enabled
02-22 10:24:24.777 20222 20222 I ContentCaptureHelper: Setting logging level to OFF
02-22 10:24:24.778 20222 20240 D WM-ConstraintTracker: NetworkStateTracker24: initial state = NetworkState(isConnected=true, isValidated=true, isMetered=false, isNotRoaming=true, isBlocked=false)
02-22 10:24:24.778 20222 20240 D WM-NetworkStateTracker: Registering network callback
02-22 10:24:24.779 20222 20222 D CrashCapture: install: ensured default handler. where=selfHeal:onActivityResumed pid=20222 default=com.negi.survey.CrashCapture$CrashHandler@8c2cf61
02-22 10:24:24.782 20222 20240 D WM-GreedyScheduler: Constraints met: Scheduling work ID WorkGenerationalId(workSpecId=2107cc85-804f-4c99-bd5c-c8d0a49d6d9a, generation=0)
02-22 10:24:24.783 20222 20252 D WM-NetworkStateTracker: Network capabilities changed: [ Transports: WIFI Capabilities: NOT_METERED&INTERNET&NOT_RESTRICTED&TRUSTED&NOT_VPN&VALIDATED&NOT_ROAMING&FOREGROUND&NOT_CONGESTED&NOT_SUSPENDED&NOT_VCN_MANAGED&NOT_BANDWIDTH_CONSTRAINED LinkUpBandwidth>=13861Kbps LinkDnBandwidth>=110318Kbps TransportInfo: <SSID: <unknown ssid>, BSSID: 02:00:00:00:00:00, MAC: 02:00:00:00:00:00, IP: /192.168.1.27, Security type: 2, Supplicant state: COMPLETED, Wi-Fi standard: 11ac, RSSI: -30, Link speed: 866Mbps, Tx Link speed: 866Mbps, Max Supported Tx Link speed: 866Mbps, Rx Link speed: 866Mbps, Max Supported Rx Link speed: 866Mbps, Frequency: 5805MHz, Net ID: -1, Metered hint: false, score: 60, isUsable: true, CarrierMerged: false, SubscriptionId: -1, IsPrimary: -1, Trusted: true, Restricted: false, Ephemeral: false, OEM paid: false, OEM private: false, OSU AP: false, FQDN: <none>, Provider friendly name: <none>, Requesting package name: <none><none>MLO Information: , Is TID-To-Link negotiation supported by the AP: false, AP MLD Address: <none>, AP MLO Link Id: <none>, AP MLO Affiliated links: <none>, Vendor Data: <none>> SignalStrength: -30 UnderlyingNetworks: Null]
02-22 10:24:24.786 20222 20240 D WM-Processor: Processor: processing WorkGenerationalId(workSpecId=2107cc85-804f-4c99-bd5c-c8d0a49d6d9a, generation=0)
02-22 10:24:24.786 20222 20252 D WM-NetworkStateTracker: Network blocked status changed: false
02-22 10:24:24.786 20222 20242 D WM-GreedyScheduler: Constraints met: Scheduling work ID WorkGenerationalId(workSpecId=5fa7c034-dd17-4f1f-b24e-99e4888e3845, generation=0)
02-22 10:24:24.796 20222 20242 D WM-Processor: Processor: processing WorkGenerationalId(workSpecId=5fa7c034-dd17-4f1f-b24e-99e4888e3845, generation=0)
02-22 10:24:24.808 20222 20222 D WM-WorkerWrapper: Starting work for com.negi.survey.net.GitHubUploadWorker
02-22 10:24:24.809 20222 20222 D WM-WorkerWrapper: Starting work for com.negi.survey.net.GitHubUploadWorker
02-22 10:24:24.809 20222 20222 D WindowOnBackDispatcher: setTopOnBackInvokedCallback (unwrapped): android.app.Activity$$ExternalSyntheticLambda0@da0ac48
02-22 10:24:24.813 20222 20239 I WM-Processor: Moving WorkSpec (2107cc85-804f-4c99-bd5c-c8d0a49d6d9a) to the foreground
02-22 10:24:24.822 20222 20239 I WM-Processor: Moving WorkSpec (5fa7c034-dd17-4f1f-b24e-99e4888e3845) to the foreground
02-22 10:24:24.824 20222 20239 D WM-WorkProgressUpdater: Updating progress for 2107cc85-804f-4c99-bd5c-c8d0a49d6d9a (Data {pct : 3, mode : startup_runtime_logs})
02-22 10:24:24.824 20222 20222 E VibratorInfo: Invalid frequency profile received from HAL. resonantFrequencyHz=NaN, frequenciesHz=null, outputAccelerationsGs=null
02-22 10:24:24.827 20222 20239 I WM-Processor: Moving WorkSpec (2107cc85-804f-4c99-bd5c-c8d0a49d6d9a) to the foreground
02-22 10:24:24.828 20222 20239 D WM-WorkProgressUpdater: Updating progress for 5fa7c034-dd17-4f1f-b24e-99e4888e3845 (Data {pct : 3, mode : startup_ring_logs})
02-22 10:24:24.832 20222 20239 I WM-Processor: Moving WorkSpec (5fa7c034-dd17-4f1f-b24e-99e4888e3845) to the foreground
02-22 10:24:24.868 20222 20222 D VRI[MainActivity]: WindowInsets changed: 1080x2424 statusBars:[0,152,0,0] navigationBars:[0,0,0,69] mandatorySystemGestures:[0,187,0,92] 
02-22 10:24:24.873 20222 20222 I HWUI    : Using FreeType backend (prop=Auto)
