=== Previous Session Logcat ===
captured_time_utc=20260221_205927
captured_time_local=20260221_125927
marker=2026-02-21 10:46:13.198
preferred_prev_pid=-1
note=best-effort; buffers may be overwritten before next start
sdk=36
device=Google Pixel 9a
appId=com.negi.survey
versionName=0.0.1
versionCode=1

=== Logcat (since marker) ===
--------- beginning of system
02-21 10:46:13.289  6261  6261 D InsetsController: hide(ime())
02-21 10:46:13.723  6261  6261 W NotificationManager: Shedding notify (update) of NotificationKey[user=UserHandle{0}, pkg=com.negi.survey, tag=null, id=8357], rate limit (5.0) exceeded: input 7.3318872, output would be 5.137972
02-21 10:46:14.727  6261  6261 W NotificationManager: Shedding notify (update) of NotificationKey[user=UserHandle{0}, pkg=com.negi.survey, tag=null, id=4660], rate limit (5.0) exceeded: input 289.10242, output would be 5.1374598
02-21 10:46:15.727  6261  6261 W NotificationManager: Shedding notify (update) of NotificationKey[user=UserHandle{0}, pkg=com.negi.survey, tag=null, id=8163], rate limit (5.0) exceeded: input 293.7868, output would be 5.1791115
02-21 10:46:17.622  6261  6261 W NotificationManager: Shedding notify (update) of NotificationKey[user=UserHandle{0}, pkg=com.negi.survey, tag=null, id=3626], rate limit (5.0) exceeded: input 10.774572, output would be 6.187394
02-21 10:46:18.624  6261  6261 W NotificationManager: Shedding notify (update) of NotificationKey[user=UserHandle{0}, pkg=com.negi.survey, tag=null, id=7115], rate limit (5.0) exceeded: input 161.36618, output would be 6.3694515
02-21 10:46:19.657  6261  6261 W NotificationManager: Shedding notify (update) of NotificationKey[user=UserHandle{0}, pkg=com.negi.survey, tag=null, id=5979], rate limit (5.0) exceeded: input 17.84278, output would be 5.214152
02-21 10:46:20.658  6261  6261 W NotificationManager: Shedding notify (update) of NotificationKey[user=UserHandle{0}, pkg=com.negi.survey, tag=null, id=7580], rate limit (5.0) exceeded: input 73.85362, output would be 5.4421954
02-21 10:46:22.098  6261  6261 W NotificationManager: Shedding notify (update) of NotificationKey[user=UserHandle{0}, pkg=com.negi.survey, tag=null, id=8870], rate limit (5.0) exceeded: input 11.203358, output would be 6.4496527
02-21 10:46:23.098  6261  6261 W NotificationManager: Shedding notify (update) of NotificationKey[user=UserHandle{0}, pkg=com.negi.survey, tag=null, id=7580], rate limit (5.0) exceeded: input 315.92126, output would be 6.8620605
02-21 10:46:59.106  6261  6261 D InsetsController: show(ime())
02-21 10:46:59.109  6261  6261 D InsetsController: Setting requestedVisibleTypes to 511 (was 503)
02-21 10:46:59.131  6261  6261 D InsetsController: show(ime())
02-21 11:13:42.737  6261  6261 D InsetsController: hide(ime())
02-21 11:13:42.738  6261  6261 D InsetsController: Setting requestedVisibleTypes to 503 (was 511)
02-21 11:14:12.705  6261  6261 D InsetsController: show(ime())
02-21 11:14:12.705  6261  6261 D InsetsController: Setting requestedVisibleTypes to 511 (was 503)
02-21 11:14:12.709  6261  6261 D InsetsController: show(ime())
--------- beginning of main
02-21 12:55:29.424  6261  6266 I com.negi.survey: Background concurrent mark compact GC freed 23MB AllocSpace bytes, 0(0B) LOS objects, 81% free, 5680KB/29MB, paused 1.897ms,2.807ms total 146.100ms
02-21 12:55:53.612  6261  6266 I com.negi.survey: Background concurrent mark compact GC freed 24MB AllocSpace bytes, 0(0B) LOS objects, 81% free, 5728KB/29MB, paused 1.949ms,3.056ms total 179.357ms
02-21 12:56:05.653  6261  6266 I com.negi.survey: Background young concurrent mark compact GC freed 24MB AllocSpace bytes, 0(0B) LOS objects, 81% free, 5684KB/29MB, paused 1.743ms,2.985ms total 139.122ms
02-21 12:56:29.747  6261  6266 I com.negi.survey: Background young concurrent mark compact GC freed 24MB AllocSpace bytes, 0(0B) LOS objects, 80% free, 5744KB/29MB, paused 1.871ms,6.448ms total 139.400ms
02-21 12:56:57.388  6261  6266 I com.negi.survey: Background young concurrent mark compact GC freed 24MB AllocSpace bytes, 0(0B) LOS objects, 81% free, 5684KB/29MB, paused 2.714ms,5.007ms total 188.993ms
02-21 12:57:10.973  6261  6266 I com.negi.survey: Background concurrent mark compact GC freed 23MB AllocSpace bytes, 0(0B) LOS objects, 81% free, 5664KB/29MB, paused 317us,2.147ms total 136.866ms
02-21 12:57:24.662  6261  6266 I com.negi.survey: Background young concurrent mark compact GC freed 24MB AllocSpace bytes, 0(0B) LOS objects, 81% free, 5648KB/29MB, paused 946us,1.505ms total 138.586ms
02-21 12:57:38.454  6261  6266 I com.negi.survey: Background concurrent mark compact GC freed 23MB AllocSpace bytes, 0(0B) LOS objects, 81% free, 5684KB/29MB, paused 2.925ms,1.574ms total 124.090ms
02-21 12:58:07.899  6261  6266 I com.negi.survey: Background young concurrent mark compact GC freed 24MB AllocSpace bytes, 0(0B) LOS objects, 81% free, 5680KB/29MB, paused 2.436ms,6.114ms total 104.275ms
02-21 12:59:27.380 11980 11980 I libc    : SetHeapTaggingLevel: tag level set to 0
02-21 12:59:27.395 11980 11980 I Zygote  : Process 11980 created for com.negi.survey
02-21 12:59:27.396 11980 11980 I com.negi.survey: Using CollectorTypeCMC GC.
02-21 12:59:27.415 11980 11980 D nativeloader: Load libframework-connectivity-tiramisu-jni.so using APEX ns com_android_tethering for caller /apex/com.android.tethering/javalib/framework-connectivity-t.jar: ok
02-21 12:59:27.442 11980 11980 D ApplicationLoaders: Returning zygote-cached class loader: /system_ext/framework/androidx.window.extensions.jar
02-21 12:59:27.442 11980 11980 D ApplicationLoaders: Returning zygote-cached class loader: /system_ext/framework/androidx.window.sidecar.jar
02-21 12:59:27.467 11980 11980 D nativeloader: Configuring clns-9 for other apk /data/app/~~5BxzZ7YYc_kTAmA6QBu8Ow==/com.negi.survey-Vyi2gGr7RrSV_yZLTw1HZA==/base.apk. target_sdk_version=36, uses_libraries=libOpenCL.so:libOpenCL-pixel.so, library_path=/data/app/~~5BxzZ7YYc_kTAmA6QBu8Ow==/com.negi.survey-Vyi2gGr7RrSV_yZLTw1HZA==/lib/arm64:/data/app/~~5BxzZ7YYc_kTAmA6QBu8Ow==/com.negi.survey-Vyi2gGr7RrSV_yZLTw1HZA==/base.apk!/lib/arm64-v8a, permitted_path=/data:/mnt/expand:/data/user/0/com.negi.survey
02-21 12:59:27.484 11980 11980 V GraphicsEnvironment: Currently set values for:
02-21 12:59:27.485 11980 11980 V GraphicsEnvironment:   angle_gl_driver_selection_pkgs=[com.android.angle, com.google.android.apps.tachyon]
02-21 12:59:27.485 11980 11980 V GraphicsEnvironment:   angle_gl_driver_selection_values=[angle, native]
02-21 12:59:27.485 11980 11980 V GraphicsEnvironment: com.negi.survey is not listed in per-application setting
02-21 12:59:27.485 11980 11980 V GraphicsEnvironment: ANGLE allowlist from config: 
02-21 12:59:27.485 11980 11980 V GraphicsEnvironment: No special selections for ANGLE, returning default driver choice
02-21 12:59:27.485 11980 11980 V GraphicsEnvironment: Neither updatable production driver nor prerelease driver is supported.
02-21 12:59:27.498 11980 11980 D AppRingLogStore: installed: dir=/data/user/0/com.negi.survey/files/diagnostics/applog_ring idx=0
02-21 12:59:27.498 11980 11980 D CrashCapture: install: ensured default handler. where=SurveyApp:attachBaseContext pid=11980 default=com.negi.survey.CrashCapture$CrashHandler@c280a86
02-21 12:59:27.499 11980 12011 D RuntimeLogStore: openWriter: start -> /data/user/0/com.negi.survey/files/diagnostics/runtime_logs/rtlog_20260221_205927_496_pid11980_seq1.log (bytes=0 format=LEGACY)
02-21 12:59:27.502 11980 12011 D RuntimeLogStore: retention: start files=2 kept=2 totalBytes=26155
02-21 12:59:27.505 11980 11980 D WM-PackageManagerHelper: Skipping component enablement for androidx.work.impl.background.systemjob.SystemJobService
02-21 12:59:27.505 11980 11980 D WM-Schedulers: Created SystemJobScheduler and enabled SystemJobService
02-21 12:59:27.514 11980 12013 D WM-ForceStopRunnable: Is default app process = true
02-21 12:59:27.514 11980 12013 D WM-ForceStopRunnable: Performing cleanup operations.
02-21 12:59:27.528 11980 12013 E ashmem  : Pinning is deprecated since Android Q. Please use trim or other methods.
02-21 12:59:27.561 11980 12013 D WM-SystemJobScheduler: Reconciling jobs
02-21 12:59:27.592 11980 12013 D WM-ForceStopRunnable: Application was force-stopped, rescheduling.
02-21 12:59:27.611 11980 11980 D github_upload: choosePolicy: uniqueName=upload_runtime_logs_startup policy=REPLACE states=[SUCCEEDED]
02-21 12:59:27.611 11980 11980 D github_upload: enqueueStartupRuntimeLogsUpload: uniqueName=upload_runtime_logs_startup policy=REPLACE
02-21 12:59:27.631 11980 12028 D WM-SystemJobScheduler: Scheduling work ID 5d2aa422-397e-417c-9507-f32641e3f82eJob ID 499
02-21 12:59:27.635 11980 12028 D WM-GreedyScheduler: Starting tracking for 5d2aa422-397e-417c-9507-f32641e3f82e
02-21 12:59:27.636 11980 11980 D github_upload: choosePolicy: uniqueName=upload_ring_logs_startup policy=REPLACE states=[]
02-21 12:59:27.636 11980 11980 D github_upload: enqueueStartupRingLogsUpload: uniqueName=upload_ring_logs_startup policy=REPLACE
02-21 12:59:27.636 11980 11980 D CrashCapture: install: ensured default handler. where=SurveyApp:onCreate(rewrap) pid=11980 default=com.negi.survey.CrashCapture$CrashHandler@c280a86
02-21 12:59:27.636 11980 11980 D CrashCapture: registerSelfHealing: ActivityLifecycleCallbacks registered. mode=onResumedOnly
02-21 12:59:27.637 11980 12029 D CrashCapture: enqueuePendingCrashUploadsIfPossible enter where=SurveyApp:enqueuePending(immediate):bg pid=11980 thread=CrashCapture-Enqueue
02-21 12:59:27.645 11980 12033 I DisplayManager: Choreographer implicitly registered for the refresh rate.
02-21 12:59:27.646 11980 11980 D DesktopExperienceFlags: Toggle override initialized to: false
02-21 12:59:27.647 11980 12033 D vulkan  : searching for layers in '/data/app/~~5BxzZ7YYc_kTAmA6QBu8Ow==/com.negi.survey-Vyi2gGr7RrSV_yZLTw1HZA==/lib/arm64'
02-21 12:59:27.647 11980 12033 D vulkan  : searching for layers in '/data/app/~~5BxzZ7YYc_kTAmA6QBu8Ow==/com.negi.survey-Vyi2gGr7RrSV_yZLTw1HZA==/base.apk!/lib/arm64-v8a'
02-21 12:59:27.656 11980 11980 D CompatChangeReporter: Compat change id reported: 377864165; UID 14738; state: ENABLED
02-21 12:59:27.656 11980 11980 D DesktopModeFlags: Toggle override initialized to: OVERRIDE_UNSET
02-21 12:59:27.660 11980 12031 D UploadRescheduleRcvr: No GitHub pending files for action=android.intent.action.BOOT_COMPLETED
02-21 12:59:27.663 11980 11980 I ContentCaptureHelper: Setting logging level to OFF
02-21 12:59:27.664 11980 11980 D CrashCapture: install: ensured default handler. where=selfHeal:onActivityResumed pid=11980 default=com.negi.survey.CrashCapture$CrashHandler@c280a86
02-21 12:59:27.681 11980 12028 D WM-SystemJobScheduler: Scheduling work ID 8daa0077-6bb7-4822-8f0d-045a549f8517Job ID 500
02-21 12:59:27.689 11980 12028 D WM-GreedyScheduler: Starting tracking for 5d2aa422-397e-417c-9507-f32641e3f82e,8daa0077-6bb7-4822-8f0d-045a549f8517
02-21 12:59:27.692 11980 12031 D github_upload: choosePolicy: uniqueName=upload_runtime_logs_startup policy=KEEP states=[ENQUEUED]
02-21 12:59:27.692 11980 12031 D github_upload: enqueueStartupRuntimeLogsUpload: uniqueName=upload_runtime_logs_startup policy=KEEP
02-21 12:59:27.692 11980 12031 D UploadRescheduleRcvr: Enqueued runtime logs upload for action=android.intent.action.BOOT_COMPLETED reason=receiver_boot_completed
02-21 12:59:27.696 11980 12028 D WM-PackageManagerHelper: androidx.work.impl.background.systemalarm.RescheduleReceiver enabled
02-21 12:59:27.699 11980 12028 D WM-ConstraintTracker: NetworkStateTracker24: initial state = NetworkState(isConnected=true, isValidated=true, isMetered=false, isNotRoaming=true, isBlocked=false)
02-21 12:59:27.699 11980 12028 D WM-NetworkStateTracker: Registering network callback
02-21 12:59:27.707 11980 12050 D WM-NetworkStateTracker: Network capabilities changed: [ Transports: WIFI Capabilities: NOT_METERED&INTERNET&NOT_RESTRICTED&TRUSTED&NOT_VPN&VALIDATED&NOT_ROAMING&FOREGROUND&NOT_CONGESTED&NOT_SUSPENDED&NOT_VCN_MANAGED&NOT_BANDWIDTH_CONSTRAINED LinkUpBandwidth>=13861Kbps LinkDnBandwidth>=101944Kbps TransportInfo: <SSID: <unknown ssid>, BSSID: 02:00:00:00:00:00, MAC: 02:00:00:00:00:00, IP: /192.168.1.27, Security type: 2, Supplicant state: COMPLETED, Wi-Fi standard: 11ac, RSSI: -58, Link speed: 650Mbps, Tx Link speed: 650Mbps, Max Supported Tx Link speed: 866Mbps, Rx Link speed: 650Mbps, Max Supported Rx Link speed: 866Mbps, Frequency: 5805MHz, Net ID: -1, Metered hint: false, score: 60, isUsable: true, CarrierMerged: false, SubscriptionId: -1, IsPrimary: -1, Trusted: true, Restricted: false, Ephemeral: false, OEM paid: false, OEM private: false, OSU AP: false, FQDN: <none>, Provider friendly name: <none>, Requesting package name: <none><none>MLO Information: , Is TID-To-Link negotiation supported by the AP: false, AP MLD Address: <none>, AP MLO Link Id: <none>, AP MLO Affiliated links: <none>, Vendor Data: <none>> SignalStrength: -58 UnderlyingNetworks: Null]
02-21 12:59:27.707 11980 12050 D WM-NetworkStateTracker: Network blocked status changed: false
02-21 12:59:27.708 11980 12027 D WM-GreedyScheduler: Constraints met: Scheduling work ID WorkGenerationalId(workSpecId=5d2aa422-397e-417c-9507-f32641e3f82e, generation=0)
02-21 12:59:27.711 11980 11980 D WindowOnBackDispatcher: setTopOnBackInvokedCallback (unwrapped): android.app.Activity$$ExternalSyntheticLambda0@9977ae1
02-21 12:59:27.712 11980 12027 D WM-Processor: Processor: processing WorkGenerationalId(workSpecId=5d2aa422-397e-417c-9507-f32641e3f82e, generation=0)
02-21 12:59:27.712 11980 12027 D WM-GreedyScheduler: Constraints met: Scheduling work ID WorkGenerationalId(workSpecId=8daa0077-6bb7-4822-8f0d-045a549f8517, generation=0)
02-21 12:59:27.721 11980 12027 D WM-Processor: Processor: processing WorkGenerationalId(workSpecId=8daa0077-6bb7-4822-8f0d-045a549f8517, generation=0)
