=== Previous Session Logcat ===
captured_time_utc=20260221_090729
captured_time_local=20260221_010729
marker=2026-02-21 01:01:13.767
preferred_prev_pid=-1
note=best-effort; buffers may be overwritten before next start
sdk=36
device=Google Pixel 9a
appId=com.negi.survey
versionName=0.0.1
versionCode=1

=== Logcat (since marker) ===
--------- beginning of main
02-21 01:07:29.611 21222 21222 I libc    : SetHeapTaggingLevel: tag level set to 0
02-21 01:07:29.615 21222 21222 I Zygote  : Process 21222 created for com.negi.survey
02-21 01:07:29.615 21222 21222 I com.negi.survey: Using CollectorTypeCMC GC.
02-21 01:07:29.629 21222 21222 D nativeloader: Load libframework-connectivity-tiramisu-jni.so using APEX ns com_android_tethering for caller /apex/com.android.tethering/javalib/framework-connectivity-t.jar: ok
02-21 01:07:29.662 21222 21222 D ApplicationLoaders: Returning zygote-cached class loader: /system_ext/framework/androidx.window.extensions.jar
02-21 01:07:29.662 21222 21222 D ApplicationLoaders: Returning zygote-cached class loader: /system_ext/framework/androidx.window.sidecar.jar
02-21 01:07:29.680 21222 21222 D nativeloader: Configuring clns-9 for other apk /data/app/~~UgByt-Hj2JEPdnG5bEAIPQ==/com.negi.survey-6G68X1_QlrD5zHBIAKItPw==/base.apk. target_sdk_version=36, uses_libraries=libOpenCL.so:libOpenCL-pixel.so, library_path=/data/app/~~UgByt-Hj2JEPdnG5bEAIPQ==/com.negi.survey-6G68X1_QlrD5zHBIAKItPw==/lib/arm64:/data/app/~~UgByt-Hj2JEPdnG5bEAIPQ==/com.negi.survey-6G68X1_QlrD5zHBIAKItPw==/base.apk!/lib/arm64-v8a, permitted_path=/data:/mnt/expand:/data/user/0/com.negi.survey
02-21 01:07:29.692 21222 21222 V GraphicsEnvironment: Currently set values for:
02-21 01:07:29.692 21222 21222 V GraphicsEnvironment:   angle_gl_driver_selection_pkgs=[com.android.angle, com.google.android.apps.tachyon]
02-21 01:07:29.692 21222 21222 V GraphicsEnvironment:   angle_gl_driver_selection_values=[angle, native]
02-21 01:07:29.692 21222 21222 V GraphicsEnvironment: com.negi.survey is not listed in per-application setting
02-21 01:07:29.692 21222 21222 V GraphicsEnvironment: ANGLE allowlist from config: 
02-21 01:07:29.692 21222 21222 V GraphicsEnvironment: No special selections for ANGLE, returning default driver choice
02-21 01:07:29.692 21222 21222 V GraphicsEnvironment: Neither updatable production driver nor prerelease driver is supported.
02-21 01:07:29.707 21222 21222 D AppRingLogStore: installed: dir=/data/user/0/com.negi.survey/files/diagnostics/applog_ring idx=0
02-21 01:07:29.707 21222 21222 D SurveyApp: attachBaseContext: pid=21222 process=com.negi.survey isMain=true sdk=36
02-21 01:07:29.708 21222 21222 D SurveyApp: Skipping WorkManager init in attachBaseContext; will init in onCreate.
02-21 01:07:29.708 21222 21222 D CrashCapture: install: ensured default handler. where=SurveyApp:attachBaseContext pid=21222 default=com.negi.survey.CrashCapture$CrashHandler@c280a86
02-21 01:07:29.708 21222 21222 D SurveyApp: CrashCapture installed: where=SurveyApp:attachBaseContext
02-21 01:07:29.708 21222 21222 D SurveyApp: onCreate: pid=21222 process=com.negi.survey isMain=true sdk=36
02-21 01:07:29.709 21222 21240 D RuntimeLogStore: openWriter: start -> /data/user/0/com.negi.survey/files/diagnostics/runtime_logs/rtlog_20260221_090729_701_pid21222_seq1.log (bytes=0 format=LEGACY)
02-21 01:07:29.710 21222 21240 D RuntimeLogStore: retention: start files=2 kept=2 totalBytes=14353
02-21 01:07:29.720 21222 21222 D WM-PackageManagerHelper: Skipping component enablement for androidx.work.impl.background.systemjob.SystemJobService
02-21 01:07:29.720 21222 21222 D WM-Schedulers: Created SystemJobScheduler and enabled SystemJobService
02-21 01:07:29.722 21222 21222 D SurveyApp: WorkManager already ready. where=onCreate
02-21 01:07:29.723 21222 21222 D SurveyApp: WorkManager already ready. where=startupRtLogs
02-21 01:07:29.723 21222 21247 D WM-ForceStopRunnable: Is default app process = true
02-21 01:07:29.724 21222 21247 D WM-ForceStopRunnable: Performing cleanup operations.
02-21 01:07:29.732 21222 21247 E ashmem  : Pinning is deprecated since Android Q. Please use trim or other methods.
02-21 01:07:29.750 21222 21247 D WM-SystemJobScheduler: Reconciling jobs
02-21 01:07:29.761 21222 21247 D WM-ForceStopRunnable: Application was force-stopped, rescheduling.
02-21 01:07:29.789 21222 21222 D github_upload: choosePolicy: uniqueName=upload_runtime_logs_startup policy=REPLACE states=[SUCCEEDED]
02-21 01:07:29.789 21222 21222 D github_upload: enqueueStartupRuntimeLogsUpload: uniqueName=upload_runtime_logs_startup policy=REPLACE
02-21 01:07:29.790 21222 21222 D SurveyApp: Startup runtime logs: enqueue requested.
02-21 01:07:29.790 21222 21222 D CrashCapture: install: ensured default handler. where=SurveyApp:onCreate(rewrap) pid=21222 default=com.negi.survey.CrashCapture$CrashHandler@c280a86
02-21 01:07:29.790 21222 21222 D SurveyApp: CrashCapture installed: where=SurveyApp:onCreate(rewrap)
02-21 01:07:29.790 21222 21222 D CrashCapture: registerSelfHealing: ActivityLifecycleCallbacks registered. mode=onResumedOnly
02-21 01:07:29.790 21222 21222 D SurveyApp: CrashCapture self-healing registered.
02-21 01:07:29.790 21222 21222 D SurveyApp: WorkManager already ready. where=enqueuePending(immediate)
02-21 01:07:29.790 21222 21222 D SurveyApp: CrashCapture pending uploads requested (immediate).
02-21 01:07:29.792 21222 21268 D CrashCapture: enqueuePendingCrashUploadsIfPossible enter where=SurveyApp:enqueuePending(immediate):bg pid=21222 thread=CrashCapture-Enqueue
02-21 01:07:29.798 21222 21222 D DesktopExperienceFlags: Toggle override initialized to: false
--------- beginning of system
02-21 01:07:29.799 21222 21272 I DisplayManager: Choreographer implicitly registered for the refresh rate.
02-21 01:07:29.803 21222 21271 D UploadRescheduleRcvr: No GitHub pending files for action=android.intent.action.BOOT_COMPLETED
02-21 01:07:29.804 21222 21222 D CrashCapture: install: ensured default handler. where=install(legacy) pid=21222 default=com.negi.survey.CrashCapture$CrashHandler@c280a86
02-21 01:07:29.805 21222 21277 D CrashCapture: enqueuePendingCrashUploadsIfPossible skipped (already running). where=enqueue(legacy):bg
02-21 01:07:29.805 21222 21272 D vulkan  : searching for layers in '/data/app/~~UgByt-Hj2JEPdnG5bEAIPQ==/com.negi.survey-6G68X1_QlrD5zHBIAKItPw==/lib/arm64'
02-21 01:07:29.805 21222 21272 D vulkan  : searching for layers in '/data/app/~~UgByt-Hj2JEPdnG5bEAIPQ==/com.negi.survey-6G68X1_QlrD5zHBIAKItPw==/base.apk!/lib/arm64-v8a'
02-21 01:07:29.810 21222 21222 D CompatChangeReporter: Compat change id reported: 377864165; UID 14738; state: ENABLED
02-21 01:07:29.810 21222 21222 D DesktopModeFlags: Toggle override initialized to: OVERRIDE_UNSET
02-21 01:07:29.817 21222 21222 I ContentCaptureHelper: Setting logging level to OFF
02-21 01:07:29.823 21222 21222 D CrashCapture: install: ensured default handler. where=selfHeal:onActivityResumed pid=21222 default=com.negi.survey.CrashCapture$CrashHandler@c280a86
02-21 01:07:29.849 21222 21247 D WM-SystemJobScheduler: Scheduling work ID aab3fb3b-3b8d-437d-a2e2-9c03809ff562Job ID 374
02-21 01:07:29.857 21222 21247 D WM-GreedyScheduler: Starting tracking for aab3fb3b-3b8d-437d-a2e2-9c03809ff562
02-21 01:07:29.860 21222 21271 D github_upload: choosePolicy: uniqueName=upload_runtime_logs_startup policy=KEEP states=[ENQUEUED]
02-21 01:07:29.860 21222 21271 D github_upload: enqueueStartupRuntimeLogsUpload: uniqueName=upload_runtime_logs_startup policy=KEEP
02-21 01:07:29.860 21222 21271 D UploadRescheduleRcvr: Enqueued runtime logs upload for action=android.intent.action.BOOT_COMPLETED reason=receiver_boot_completed
02-21 01:07:29.869 21222 21222 D WindowOnBackDispatcher: setTopOnBackInvokedCallback (unwrapped): android.app.Activity$$ExternalSyntheticLambda0@38b2730
02-21 01:07:29.878 21222 21247 D WM-PackageManagerHelper: androidx.work.impl.background.systemalarm.RescheduleReceiver enabled
02-21 01:07:29.881 21222 21247 D WM-ConstraintTracker: NetworkStateTracker24: initial state = NetworkState(isConnected=true, isValidated=true, isMetered=false, isNotRoaming=true, isBlocked=false)
02-21 01:07:29.881 21222 21247 D WM-NetworkStateTracker: Registering network callback
02-21 01:07:29.886 21222 21247 D WM-GreedyScheduler: Constraints met: Scheduling work ID WorkGenerationalId(workSpecId=aab3fb3b-3b8d-437d-a2e2-9c03809ff562, generation=0)
02-21 01:07:29.891 21222 21247 D WM-Processor: Processor: processing WorkGenerationalId(workSpecId=aab3fb3b-3b8d-437d-a2e2-9c03809ff562, generation=0)
02-21 01:07:29.899 21222 21222 E VibratorInfo: Invalid frequency profile received from HAL. resonantFrequencyHz=NaN, frequenciesHz=null, outputAccelerationsGs=null
02-21 01:07:29.900 21222 21291 D WM-NetworkStateTracker: Network capabilities changed: [ Transports: WIFI Capabilities: NOT_METERED&INTERNET&NOT_RESTRICTED&TRUSTED&NOT_VPN&VALIDATED&NOT_ROAMING&FOREGROUND&NOT_CONGESTED&NOT_SUSPENDED&NOT_VCN_MANAGED&NOT_BANDWIDTH_CONSTRAINED LinkUpBandwidth>=13861Kbps LinkDnBandwidth>=101944Kbps TransportInfo: <SSID: <unknown ssid>, BSSID: 02:00:00:00:00:00, MAC: 02:00:00:00:00:00, IP: /192.168.1.27, Security type: 2, Supplicant state: COMPLETED, Wi-Fi standard: 11ac, RSSI: -39, Link speed: 866Mbps, Tx Link speed: 866Mbps, Max Supported Tx Link speed: 866Mbps, Rx Link speed: 866Mbps, Max Supported Rx Link speed: 866Mbps, Frequency: 5805MHz, Net ID: -1, Metered hint: false, score: 60, isUsable: true, CarrierMerged: false, SubscriptionId: -1, IsPrimary: -1, Trusted: true, Restricted: false, Ephemeral: false, OEM paid: false, OEM private: false, OSU AP: false, FQDN: <none>, Provider friendly name: <none>, Requesting package name: <none><none>MLO Information: , Is TID-To-Link negotiation supported by the AP: false, AP MLD Address: <none>, AP MLO Link Id: <none>, AP MLO Affiliated links: <none>, Vendor Data: <none>> SignalStrength: -39 UnderlyingNetworks: Null]
02-21 01:07:29.901 21222 21291 D WM-NetworkStateTracker: Network blocked status changed: false
02-21 01:07:29.932 21222 21222 D VRI[MainActivity]: WindowInsets changed: 1080x2424 statusBars:[0,152,0,0] navigationBars:[0,0,0,69] mandatorySystemGestures:[0,187,0,92] 
02-21 01:07:29.938 21222 21222 I HWUI    : Using FreeType backend (prop=Auto)
