=== Previous Session Logcat ===
captured_time_utc=20260222_011514
captured_time_local=20260221_171514
marker=2026-02-21 15:09:34.826
preferred_prev_pid=-1
note=best-effort; buffers may be overwritten before next start
sdk=36
device=Google Pixel 9a
appId=com.negi.survey
versionName=0.0.1
versionCode=1

=== Logcat (since marker) ===
--------- beginning of system
02-21 15:09:35.336 18966 18966 D InsetsController: hide(ime())
02-21 15:09:36.306 18966 18966 W NotificationManager: Shedding notify (update) of NotificationKey[user=UserHandle{0}, pkg=com.negi.survey, tag=null, id=10991], rate limit (5.0) exceeded: input 9.948155, output would be 6.974851
02-21 15:09:37.314 18966 18966 W NotificationManager: Shedding notify (update) of NotificationKey[user=UserHandle{0}, pkg=com.negi.survey, tag=null, id=11134], rate limit (5.0) exceeded: input 168.75504, output would be 6.9614186
02-21 15:09:38.319 18966 18966 W NotificationManager: Shedding notify (update) of NotificationKey[user=UserHandle{0}, pkg=com.negi.survey, tag=null, id=3563], rate limit (5.0) exceeded: input 205.1594, output would be 5.153619
02-21 15:09:39.334 18966 18966 W NotificationManager: Shedding notify (update) of NotificationKey[user=UserHandle{0}, pkg=com.negi.survey, tag=null, id=7661], rate limit (5.0) exceeded: input 29.599766, output would be 5.0820413
02-21 15:09:40.415 18966 18966 W NotificationManager: Shedding notify (update) of NotificationKey[user=UserHandle{0}, pkg=com.negi.survey, tag=null, id=6268], rate limit (5.0) exceeded: input 25.571293, output would be 5.0289354
02-21 15:09:41.527 18966 18966 W NotificationManager: Shedding notify (update) of NotificationKey[user=UserHandle{0}, pkg=com.negi.survey, tag=null, id=9668], rate limit (5.0) exceeded: input 38.611256, output would be 6.4142017
02-21 15:09:42.579 18966 18966 W NotificationManager: Shedding notify (update) of NotificationKey[user=UserHandle{0}, pkg=com.negi.survey, tag=null, id=5247], rate limit (5.0) exceeded: input 40.578316, output would be 6.4738374
02-21 15:09:43.608 18966 18966 W NotificationManager: Shedding notify (update) of NotificationKey[user=UserHandle{0}, pkg=com.negi.survey, tag=null, id=6481], rate limit (5.0) exceeded: input 50.77296, output would be 6.5069995
02-21 15:09:44.894 18966 18966 W NotificationManager: Shedding notify (update) of NotificationKey[user=UserHandle{0}, pkg=com.negi.survey, tag=null, id=7661], rate limit (5.0) exceeded: input 19.30801, output would be 6.6337833
02-21 15:09:46.196 18966 18966 W NotificationManager: Shedding notify (update) of NotificationKey[user=UserHandle{0}, pkg=com.negi.survey, tag=null, id=6481], rate limit (5.0) exceeded: input 22.49739, output would be 6.52094
02-21 15:09:48.288 18966 18966 W NotificationManager: Shedding notify (update) of NotificationKey[user=UserHandle{0}, pkg=com.negi.survey, tag=null, id=6149], rate limit (5.0) exceeded: input 10.538982, output would be 5.701405
--------- beginning of main
02-21 17:10:19.884 18966 18971 I com.negi.survey: Background concurrent mark compact GC freed 24MB AllocSpace bytes, 0(0B) LOS objects, 84% free, 4654KB/28MB, paused 1.974ms,4.923ms total 191.698ms
02-21 17:11:41.883 18966 18971 I com.negi.survey: Background young concurrent mark compact GC freed 24MB AllocSpace bytes, 0(0B) LOS objects, 84% free, 4650KB/28MB, paused 1.802ms,4.324ms total 145.091ms
02-21 17:15:13.945 21695 21695 I libc    : SetHeapTaggingLevel: tag level set to 0
02-21 17:15:13.955 21695 21695 I Zygote  : Process 21695 created for com.negi.survey
02-21 17:15:13.956 21695 21695 I com.negi.survey: Using CollectorTypeCMC GC.
02-21 17:15:13.991 21695 21695 D nativeloader: Load libframework-connectivity-tiramisu-jni.so using APEX ns com_android_tethering for caller /apex/com.android.tethering/javalib/framework-connectivity-t.jar: ok
02-21 17:15:14.021 21695 21695 D ApplicationLoaders: Returning zygote-cached class loader: /system_ext/framework/androidx.window.extensions.jar
02-21 17:15:14.021 21695 21695 D ApplicationLoaders: Returning zygote-cached class loader: /system_ext/framework/androidx.window.sidecar.jar
02-21 17:15:14.038 21695 21695 D nativeloader: Configuring clns-9 for other apk /data/app/~~1lQsRyD_kPbH5_v7XpL1UA==/com.negi.survey-OrVIl8PtrE0OCFd6OzKPgw==/base.apk. target_sdk_version=36, uses_libraries=libOpenCL.so:libOpenCL-pixel.so, library_path=/data/app/~~1lQsRyD_kPbH5_v7XpL1UA==/com.negi.survey-OrVIl8PtrE0OCFd6OzKPgw==/lib/arm64:/data/app/~~1lQsRyD_kPbH5_v7XpL1UA==/com.negi.survey-OrVIl8PtrE0OCFd6OzKPgw==/base.apk!/lib/arm64-v8a, permitted_path=/data:/mnt/expand:/data/user/0/com.negi.survey
02-21 17:15:14.045 21695 21695 V GraphicsEnvironment: Currently set values for:
02-21 17:15:14.045 21695 21695 V GraphicsEnvironment:   angle_gl_driver_selection_pkgs=[com.android.angle, com.google.android.apps.tachyon]
02-21 17:15:14.045 21695 21695 V GraphicsEnvironment:   angle_gl_driver_selection_values=[angle, native]
02-21 17:15:14.045 21695 21695 V GraphicsEnvironment: com.negi.survey is not listed in per-application setting
02-21 17:15:14.045 21695 21695 V GraphicsEnvironment: ANGLE allowlist from config: 
02-21 17:15:14.045 21695 21695 V GraphicsEnvironment: No special selections for ANGLE, returning default driver choice
02-21 17:15:14.045 21695 21695 V GraphicsEnvironment: Neither updatable production driver nor prerelease driver is supported.
02-21 17:15:14.055 21695 21695 D AppRingLogStore: installed: dir=/data/user/0/com.negi.survey/files/diagnostics/applog_ring idx=0
02-21 17:15:14.058 21695 21695 D CrashCapture: install: ensured default handler. where=SurveyApp:attachBaseContext pid=21695 default=com.negi.survey.CrashCapture$CrashHandler@9e57f47
02-21 17:15:14.059 21695 21709 D RuntimeLogStore: openWriter: start -> /data/user/0/com.negi.survey/files/diagnostics/runtime_logs/rtlog_20260222_011514_056_pid21695_seq1.log (bytes=0 format=LEGACY)
02-21 17:15:14.060 21695 21709 D RuntimeLogStore: retention: start files=4 kept=4 totalBytes=13304
02-21 17:15:14.067 21695 21695 D WM-PackageManagerHelper: Skipping component enablement for androidx.work.impl.background.systemjob.SystemJobService
02-21 17:15:14.067 21695 21695 D WM-Schedulers: Created SystemJobScheduler and enabled SystemJobService
02-21 17:15:14.071 21695 21711 D WM-ForceStopRunnable: Is default app process = true
02-21 17:15:14.071 21695 21711 D WM-ForceStopRunnable: Performing cleanup operations.
02-21 17:15:14.092 21695 21711 E ashmem  : Pinning is deprecated since Android Q. Please use trim or other methods.
02-21 17:15:14.104 21695 21711 D WM-SystemJobScheduler: Reconciling jobs
02-21 17:15:14.123 21695 21711 D WM-ForceStopRunnable: Application was force-stopped, rescheduling.
02-21 17:15:14.134 21695 21695 D github_upload: choosePolicy: uniqueName=upload_runtime_logs_startup policy=REPLACE states=[FAILED]
02-21 17:15:14.134 21695 21695 D github_upload: enqueueStartupRuntimeLogsUpload: uniqueName=upload_runtime_logs_startup policy=REPLACE
02-21 17:15:14.148 21695 21715 D WM-SystemJobScheduler: Scheduling work ID cb4a9ecb-63a2-45ef-8154-8060e53f7843Job ID 562
02-21 17:15:14.152 21695 21715 D WM-GreedyScheduler: Starting tracking for cb4a9ecb-63a2-45ef-8154-8060e53f7843
02-21 17:15:14.154 21695 21695 D github_upload: choosePolicy: uniqueName=upload_ring_logs_startup policy=REPLACE states=[SUCCEEDED]
02-21 17:15:14.154 21695 21695 D github_upload: enqueueStartupRingLogsUpload: uniqueName=upload_ring_logs_startup policy=REPLACE
02-21 17:15:14.154 21695 21695 D CrashCapture: install: ensured default handler. where=SurveyApp:onCreate(rewrap) pid=21695 default=com.negi.survey.CrashCapture$CrashHandler@9e57f47
02-21 17:15:14.155 21695 21695 D CrashCapture: registerSelfHealing: ActivityLifecycleCallbacks registered. mode=onResumedOnly
02-21 17:15:14.155 21695 21716 D CrashCapture: enqueuePendingCrashUploadsIfPossible enter where=SurveyApp:enqueuePending(immediate):bg pid=21695 thread=CrashCapture-Enqueue
02-21 17:15:14.163 21695 21720 I DisplayManager: Choreographer implicitly registered for the refresh rate.
02-21 17:15:14.164 21695 21695 D DesktopExperienceFlags: Toggle override initialized to: false
02-21 17:15:14.167 21695 21720 D vulkan  : searching for layers in '/data/app/~~1lQsRyD_kPbH5_v7XpL1UA==/com.negi.survey-OrVIl8PtrE0OCFd6OzKPgw==/lib/arm64'
02-21 17:15:14.169 21695 21720 D vulkan  : searching for layers in '/data/app/~~1lQsRyD_kPbH5_v7XpL1UA==/com.negi.survey-OrVIl8PtrE0OCFd6OzKPgw==/base.apk!/lib/arm64-v8a'
02-21 17:15:14.174 21695 21718 D UploadRescheduleRcvr: No GitHub pending files for action=android.intent.action.BOOT_COMPLETED
02-21 17:15:14.176 21695 21695 D CompatChangeReporter: Compat change id reported: 377864165; UID 14738; state: ENABLED
02-21 17:15:14.177 21695 21695 D DesktopModeFlags: Toggle override initialized to: OVERRIDE_UNSET
02-21 17:15:14.181 21695 21715 D WM-SystemJobScheduler: Scheduling work ID cfcefe40-599f-4497-819d-9b52b6498eb7Job ID 563
02-21 17:15:14.183 21695 21695 I ContentCaptureHelper: Setting logging level to OFF
02-21 17:15:14.184 21695 21695 D CrashCapture: install: ensured default handler. where=selfHeal:onActivityResumed pid=21695 default=com.negi.survey.CrashCapture$CrashHandler@9e57f47
02-21 17:15:14.208 21695 21715 D WM-GreedyScheduler: Starting tracking for cfcefe40-599f-4497-819d-9b52b6498eb7,cb4a9ecb-63a2-45ef-8154-8060e53f7843
02-21 17:15:14.211 21695 21718 D github_upload: choosePolicy: uniqueName=upload_runtime_logs_startup policy=KEEP states=[ENQUEUED]
02-21 17:15:14.211 21695 21718 D github_upload: enqueueStartupRuntimeLogsUpload: uniqueName=upload_runtime_logs_startup policy=KEEP
02-21 17:15:14.212 21695 21718 D UploadRescheduleRcvr: Enqueued runtime logs upload for action=android.intent.action.BOOT_COMPLETED reason=receiver_boot_completed
02-21 17:15:14.212 21695 21715 D WM-PackageManagerHelper: androidx.work.impl.background.systemalarm.RescheduleReceiver enabled
02-21 17:15:14.215 21695 21715 D WM-ConstraintTracker: NetworkStateTracker24: initial state = NetworkState(isConnected=true, isValidated=true, isMetered=false, isNotRoaming=true, isBlocked=false)
02-21 17:15:14.215 21695 21715 D WM-NetworkStateTracker: Registering network callback
02-21 17:15:14.218 21695 21695 D WindowOnBackDispatcher: setTopOnBackInvokedCallback (unwrapped): android.app.Activity$$ExternalSyntheticLambda0@633865c
02-21 17:15:14.237 21695 21738 D WM-NetworkStateTracker: Network capabilities changed: [ Transports: WIFI Capabilities: NOT_METERED&INTERNET&NOT_RESTRICTED&TRUSTED&NOT_VPN&VALIDATED&NOT_ROAMING&FOREGROUND&NOT_CONGESTED&NOT_SUSPENDED&NOT_VCN_MANAGED&NOT_BANDWIDTH_CONSTRAINED LinkUpBandwidth>=13861Kbps LinkDnBandwidth>=101944Kbps TransportInfo: <SSID: <unknown ssid>, BSSID: 02:00:00:00:00:00, MAC: 02:00:00:00:00:00, IP: /192.168.1.27, Security type: 2, Supplicant state: COMPLETED, Wi-Fi standard: 11ac, RSSI: -58, Link speed: 650Mbps, Tx Link speed: 650Mbps, Max Supported Tx Link speed: 866Mbps, Rx Link speed: 650Mbps, Max Supported Rx Link speed: 866Mbps, Frequency: 5805MHz, Net ID: -1, Metered hint: false, score: 60, isUsable: true, CarrierMerged: false, SubscriptionId: -1, IsPrimary: -1, Trusted: true, Restricted: false, Ephemeral: false, OEM paid: false, OEM private: false, OSU AP: false, FQDN: <none>, Provider friendly name: <none>, Requesting package name: <none><none>MLO Information: , Is TID-To-Link negotiation supported by the AP: false, AP MLD Address: <none>, AP MLO Link Id: <none>, AP MLO Affiliated links: <none>, Vendor Data: <none>> SignalStrength: -58 UnderlyingNetworks: Null]
02-21 17:15:14.237 21695 21738 D WM-NetworkStateTracker: Network blocked status changed: false
02-21 17:15:14.242 21695 21695 E VibratorInfo: Invalid frequency profile received from HAL. resonantFrequencyHz=NaN, frequenciesHz=null, outputAccelerationsGs=null
02-21 17:15:14.249 21695 21715 D WM-GreedyScheduler: Constraints met: Scheduling work ID WorkGenerationalId(workSpecId=cb4a9ecb-63a2-45ef-8154-8060e53f7843, generation=0)
02-21 17:15:14.250 21695 21715 D WM-Processor: Processor: processing WorkGenerationalId(workSpecId=cb4a9ecb-63a2-45ef-8154-8060e53f7843, generation=0)
02-21 17:15:14.250 21695 21715 D WM-GreedyScheduler: Constraints met: Scheduling work ID WorkGenerationalId(workSpecId=cfcefe40-599f-4497-819d-9b52b6498eb7, generation=0)
02-21 17:15:14.258 21695 21715 D WM-Processor: Processor: processing WorkGenerationalId(workSpecId=cfcefe40-599f-4497-819d-9b52b6498eb7, generation=0)
02-21 17:15:14.275 21695 21695 D VRI[MainActivity]: WindowInsets changed: 1080x2424 statusBars:[0,152,0,0] navigationBars:[0,0,0,69] mandatorySystemGestures:[0,187,0,92] 
02-21 17:15:14.280 21695 21695 I HWUI    : Using FreeType backend (prop=Auto)
02-21 17:15:14.356 21695 21695 D WM-SystemJobService: onStartJob for WorkGenerationalId(workSpecId=cfcefe40-599f-4497-819d-9b52b6498eb7, generation=0)
02-21 17:15:14.357 21695 21695 D WM-SystemJobService: onStartJob for WorkGenerationalId(workSpecId=cb4a9ecb-63a2-45ef-8154-8060e53f7843, generation=0)
02-21 17:15:14.359 21695 21695 D WM-WorkerWrapper: Starting work for com.negi.survey.net.GitHubUploadWorker
02-21 17:15:14.359 21695 21695 D WM-WorkerWrapper: Starting work for com.negi.survey.net.GitHubUploadWorker
02-21 17:15:14.361 21695 21713 D WM-Processor: Work WorkGenerationalId(workSpecId=cfcefe40-599f-4497-819d-9b52b6498eb7, generation=0) is already enqueued for processing
02-21 17:15:14.366 21695 21713 D WM-Processor: Work WorkGenerationalId(workSpecId=cb4a9ecb-63a2-45ef-8154-8060e53f7843, generation=0) is already enqueued for processing
02-21 17:15:14.374 21695 21713 I WM-Processor: Moving WorkSpec (cfcefe40-599f-4497-819d-9b52b6498eb7) to the foreground
02-21 17:15:14.375 21695 21695 D IntroScreen: Resolved config details: id=survey_config10.yaml in 17ms
02-21 17:15:14.391 21695 21713 I WM-Processor: Moving WorkSpec (cb4a9ecb-63a2-45ef-8154-8060e53f7843) to the foreground
02-21 17:15:14.394 21695 21713 D WM-WorkProgressUpdater: Updating progress for cfcefe40-599f-4497-819d-9b52b6498eb7 (Data {pct : 3, mode : startup_ring_logs})
02-21 17:15:14.400 21695 21715 I WM-Processor: Moving WorkSpec (cfcefe40-599f-4497-819d-9b52b6498eb7) to the foreground
02-21 17:15:14.402 21695 21715 D WM-WorkProgressUpdater: Updating progress for cb4a9ecb-63a2-45ef-8154-8060e53f7843 (Data {pct : 3, mode : startup_runtime_logs})
02-21 17:15:14.403 21695 21715 I WM-Processor: Moving WorkSpec (cb4a9ecb-63a2-45ef-8154-8060e53f7843) to the foreground
02-21 17:15:14.404 21695 21695 I WM-SystemFgDispatcher: Started foreground service Intent { act=ACTION_START_FOREGROUND xflg=0x4 cmp=com.negi.survey/androidx.work.impl.foreground.SystemForegroundService (has extras) }
02-21 17:15:14.405 21695 21695 D WM-SystemFgDispatcher: Notifying with (id:9766, workSpecId: cfcefe40-599f-4497-819d-9b52b6498eb7, notificationType :1)
02-21 17:15:14.407 21695 21695 D WM-SystemFgDispatcher: Notifying with (id:9766, workSpecId: cfcefe40-599f-4497-819d-9b52b6498eb7, notificationType :1)
02-21 17:15:14.409 21695 21695 I WM-SystemFgDispatcher: Started foreground service Intent { act=ACTION_START_FOREGROUND xflg=0x4 cmp=com.negi.survey/androidx.work.impl.foreground.SystemForegroundService (has extras) }
02-21 17:15:14.409 21695 21695 D WM-SystemFgDispatcher: Notifying with (id:10144, workSpecId: cb4a9ecb-63a2-45ef-8154-8060e53f7843, notificationType :1)
02-21 17:15:14.412 21695 21695 D WM-SystemFgDispatcher: Notifying with (id:10144, workSpecId: cb4a9ecb-63a2-45ef-8154-8060e53f7843, notificationType :1)
02-21 17:15:14.420 21695 21695 D WM-SystemFgDispatcher: Notifying with (id:9766, workSpecId: cfcefe40-599f-4497-819d-9b52b6498eb7, notificationType :1)
02-21 17:15:14.423 21695 21695 D WM-SystemFgDispatcher: Notifying with (id:10144, workSpecId: cb4a9ecb-63a2-45ef-8154-8060e53f7843, notificationType :1)
02-21 17:15:14.426 21695 21695 D InsetsController: hide(ime())
02-21 17:15:14.426 21695 21695 I ImeTracker: com.negi.survey:b93c7f19: onCancelled at PHASE_CLIENT_ALREADY_HIDDEN
