=== Previous Session Logcat ===
captured_time_utc=20260222_031716
captured_time_local=20260221_191716
marker=2026-02-21 18:53:33.504
preferred_prev_pid=-1
note=best-effort; buffers may be overwritten before next start
sdk=36
device=Google Pixel 9a
appId=com.negi.survey
versionName=0.0.1
versionCode=1

=== Logcat (since marker) ===
--------- beginning of system
02-21 18:53:33.600 31184 31184 D InsetsController: hide(ime())
02-21 18:53:35.152 31184 31184 W NotificationManager: Shedding notify (update) of NotificationKey[user=UserHandle{0}, pkg=com.negi.survey, tag=null, id=4207], rate limit (5.0) exceeded: input 9.992343, output would be 7.00514
02-21 18:53:36.167 31184 31184 W NotificationManager: Shedding notify (update) of NotificationKey[user=UserHandle{0}, pkg=com.negi.survey, tag=null, id=4207], rate limit (5.0) exceeded: input 167.82732, output would be 6.9633727
02-21 18:53:37.173 31184 31184 W NotificationManager: Shedding notify (update) of NotificationKey[user=UserHandle{0}, pkg=com.negi.survey, tag=null, id=9111], rate limit (5.0) exceeded: input 163.71616, output would be 5.080127
02-21 18:53:38.189 31184 31184 W NotificationManager: Shedding notify (update) of NotificationKey[user=UserHandle{0}, pkg=com.negi.survey, tag=null, id=10024], rate limit (5.0) exceeded: input 138.16862, output would be 5.0146546
02-21 18:53:39.192 31184 31184 W NotificationManager: Shedding notify (update) of NotificationKey[user=UserHandle{0}, pkg=com.negi.survey, tag=null, id=3549], rate limit (5.0) exceeded: input 194.29967, output would be 5.055136
02-21 18:53:40.253 31184 31184 W NotificationManager: Shedding notify (update) of NotificationKey[user=UserHandle{0}, pkg=com.negi.survey, tag=null, id=10006], rate limit (5.0) exceeded: input 46.504967, output would be 6.8924546
02-21 18:53:41.298 31184 31184 W NotificationManager: Shedding notify (update) of NotificationKey[user=UserHandle{0}, pkg=com.negi.survey, tag=null, id=6808], rate limit (5.0) exceeded: input 40.6534, output would be 5.1540523
02-21 18:53:42.644 31184 31184 W NotificationManager: Shedding notify (update) of NotificationKey[user=UserHandle{0}, pkg=com.negi.survey, tag=null, id=9119], rate limit (5.0) exceeded: input 21.54553, output would be 6.7009287
02-21 18:53:43.726 31184 31184 W NotificationManager: Shedding notify (update) of NotificationKey[user=UserHandle{0}, pkg=com.negi.survey, tag=null, id=6191], rate limit (5.0) exceeded: input 40.91296, output would be 6.8999367
02-21 18:53:45.570 31184 31184 W NotificationManager: Shedding notify (update) of NotificationKey[user=UserHandle{0}, pkg=com.negi.survey, tag=null, id=8605], rate limit (5.0) exceeded: input 12.839906, output would be 6.908719
02-21 18:54:32.789 31184 31184 D InsetsController: show(ime())
02-21 18:54:32.793 31184 31184 D InsetsController: Setting requestedVisibleTypes to 511 (was 503)
02-21 18:54:32.824 31184 31184 D InsetsController: show(ime())
02-21 18:54:37.156 31184 31184 D InsetsController: show(ime())
02-21 18:54:37.169 31184 31184 D InsetsController: show(ime())
02-21 18:54:37.857 31184 31184 D InsetsController: hide(ime())
02-21 18:54:37.858 31184 31184 D InsetsController: Setting requestedVisibleTypes to 503 (was 511)
02-21 18:54:41.970 31184 31184 D InsetsController: show(ime())
02-21 18:54:41.970 31184 31184 D InsetsController: Setting requestedVisibleTypes to 511 (was 503)
02-21 18:54:41.985 31184 31184 D InsetsController: show(ime())
02-21 18:54:44.261 31184 31184 D InsetsController: show(ime())
02-21 18:54:44.263 31184 31184 D InsetsController: show(ime())
02-21 18:54:44.961 31184 31184 D InsetsController: hide(ime())
02-21 18:54:44.961 31184 31184 D InsetsController: Setting requestedVisibleTypes to 503 (was 511)
02-21 18:54:47.880 31184 31184 D InsetsController: show(ime())
02-21 18:54:47.881 31184 31184 D InsetsController: Setting requestedVisibleTypes to 511 (was 503)
02-21 18:54:47.887 31184 31184 D InsetsController: show(ime())
02-21 18:56:09.670 31184 31184 D InsetsController: show(ime())
02-21 18:56:09.672 31184 31184 D InsetsController: show(ime())
--------- beginning of main
02-21 19:17:15.695  1485  1485 I libc    : SetHeapTaggingLevel: tag level set to 0
02-21 19:17:15.698  1485  1485 I Zygote  : Process 1485 created for com.negi.survey
02-21 19:17:15.698  1485  1485 I com.negi.survey: Using CollectorTypeCMC GC.
02-21 19:17:15.706  1485  1485 D nativeloader: Load libframework-connectivity-tiramisu-jni.so using APEX ns com_android_tethering for caller /apex/com.android.tethering/javalib/framework-connectivity-t.jar: ok
02-21 19:17:15.729  1485  1485 D ApplicationLoaders: Returning zygote-cached class loader: /system_ext/framework/androidx.window.extensions.jar
02-21 19:17:15.729  1485  1485 D ApplicationLoaders: Returning zygote-cached class loader: /system_ext/framework/androidx.window.sidecar.jar
02-21 19:17:15.749  1485  1485 D nativeloader: Configuring clns-9 for other apk /data/app/~~sBJyrvvzpuLpZRJ8DVX3PQ==/com.negi.survey-BtUM8ECHSGUBDiotBrqwgQ==/base.apk. target_sdk_version=36, uses_libraries=libOpenCL.so:libOpenCL-pixel.so, library_path=/data/app/~~sBJyrvvzpuLpZRJ8DVX3PQ==/com.negi.survey-BtUM8ECHSGUBDiotBrqwgQ==/lib/arm64:/data/app/~~sBJyrvvzpuLpZRJ8DVX3PQ==/com.negi.survey-BtUM8ECHSGUBDiotBrqwgQ==/base.apk!/lib/arm64-v8a, permitted_path=/data:/mnt/expand:/data/user/0/com.negi.survey
02-21 19:17:15.762  1485  1485 V GraphicsEnvironment: Currently set values for:
02-21 19:17:15.762  1485  1485 V GraphicsEnvironment:   angle_gl_driver_selection_pkgs=[com.android.angle, com.google.android.apps.tachyon]
02-21 19:17:15.762  1485  1485 V GraphicsEnvironment:   angle_gl_driver_selection_values=[angle, native]
02-21 19:17:15.762  1485  1485 V GraphicsEnvironment: com.negi.survey is not listed in per-application setting
02-21 19:17:15.762  1485  1485 V GraphicsEnvironment: ANGLE allowlist from config: 
02-21 19:17:15.762  1485  1485 V GraphicsEnvironment: No special selections for ANGLE, returning default driver choice
02-21 19:17:15.762  1485  1485 V GraphicsEnvironment: Neither updatable production driver nor prerelease driver is supported.
02-21 19:17:15.781  1485  1485 D AppRingLogStore: installed: dir=/data/user/0/com.negi.survey/files/diagnostics/applog_ring idx=0
02-21 19:17:15.782  1485  1485 D CrashCapture: install: ensured default handler. where=SurveyApp:attachBaseContext pid=1485 default=com.negi.survey.CrashCapture$CrashHandler@c280a86
02-21 19:17:15.787  1485  1501 D RuntimeLogStore: openWriter: start -> /data/user/0/com.negi.survey/files/diagnostics/runtime_logs/rtlog_20260222_031715_781_pid1485_seq1.log (bytes=0 format=LEGACY)
02-21 19:17:15.788  1485  1501 D RuntimeLogStore: retention: start files=4 kept=4 totalBytes=7191
02-21 19:17:15.811  1485  1485 D WM-PackageManagerHelper: Skipping component enablement for androidx.work.impl.background.systemjob.SystemJobService
02-21 19:17:15.811  1485  1485 D WM-Schedulers: Created SystemJobScheduler and enabled SystemJobService
02-21 19:17:15.814  1485  1503 D WM-ForceStopRunnable: Is default app process = true
02-21 19:17:15.814  1485  1503 D WM-ForceStopRunnable: Performing cleanup operations.
02-21 19:17:15.835  1485  1503 E ashmem  : Pinning is deprecated since Android Q. Please use trim or other methods.
02-21 19:17:15.846  1485  1503 D WM-SystemJobScheduler: Reconciling jobs
02-21 19:17:15.870  1485  1503 D WM-ForceStopRunnable: Application was force-stopped, rescheduling.
02-21 19:17:15.877  1485  1485 D github_upload: choosePolicy: uniqueName=upload_runtime_logs_startup policy=REPLACE states=[FAILED]
02-21 19:17:15.877  1485  1485 D github_upload: enqueueStartupRuntimeLogsUpload: uniqueName=upload_runtime_logs_startup policy=REPLACE
02-21 19:17:16.174  1485  1509 D WM-SystemJobScheduler: Scheduling work ID ad09e006-8adb-47e6-927e-b403f5b0a11aJob ID 670
02-21 19:17:16.181  1485  1509 D WM-GreedyScheduler: Starting tracking for ad09e006-8adb-47e6-927e-b403f5b0a11a
02-21 19:17:16.183  1485  1485 D github_upload: choosePolicy: uniqueName=upload_ring_logs_startup policy=REPLACE states=[SUCCEEDED]
02-21 19:17:16.183  1485  1485 D github_upload: enqueueStartupRingLogsUpload: uniqueName=upload_ring_logs_startup policy=REPLACE
02-21 19:17:16.184  1485  1485 D CrashCapture: install: ensured default handler. where=SurveyApp:onCreate(rewrap) pid=1485 default=com.negi.survey.CrashCapture$CrashHandler@c280a86
02-21 19:17:16.184  1485  1485 D CrashCapture: registerSelfHealing: ActivityLifecycleCallbacks registered. mode=onResumedOnly
02-21 19:17:16.185  1485  1526 D CrashCapture: enqueuePendingCrashUploadsIfPossible enter where=SurveyApp:enqueuePending(immediate):bg pid=1485 thread=CrashCapture-Enqueue
02-21 19:17:16.196  1485  1532 I DisplayManager: Choreographer implicitly registered for the refresh rate.
02-21 19:17:16.198  1485  1485 D DesktopExperienceFlags: Toggle override initialized to: false
02-21 19:17:16.198  1485  1532 D vulkan  : searching for layers in '/data/app/~~sBJyrvvzpuLpZRJ8DVX3PQ==/com.negi.survey-BtUM8ECHSGUBDiotBrqwgQ==/lib/arm64'
02-21 19:17:16.198  1485  1532 D vulkan  : searching for layers in '/data/app/~~sBJyrvvzpuLpZRJ8DVX3PQ==/com.negi.survey-BtUM8ECHSGUBDiotBrqwgQ==/base.apk!/lib/arm64-v8a'
02-21 19:17:16.202  1485  1531 D UploadRescheduleRcvr: No GitHub pending files for action=android.intent.action.BOOT_COMPLETED
02-21 19:17:16.206  1485  1485 D CompatChangeReporter: Compat change id reported: 377864165; UID 14738; state: ENABLED
02-21 19:17:16.206  1485  1485 D DesktopModeFlags: Toggle override initialized to: OVERRIDE_UNSET
02-21 19:17:16.211  1485  1485 I ContentCaptureHelper: Setting logging level to OFF
02-21 19:17:16.212  1485  1485 D CrashCapture: install: ensured default handler. where=selfHeal:onActivityResumed pid=1485 default=com.negi.survey.CrashCapture$CrashHandler@c280a86
02-21 19:17:16.231  1485  1509 D WM-SystemJobScheduler: Scheduling work ID 00165393-d619-48be-966f-28b551216150Job ID 671
02-21 19:17:16.241  1485  1509 D WM-GreedyScheduler: Starting tracking for ad09e006-8adb-47e6-927e-b403f5b0a11a,00165393-d619-48be-966f-28b551216150
02-21 19:17:16.243  1485  1531 D github_upload: choosePolicy: uniqueName=upload_runtime_logs_startup policy=KEEP states=[ENQUEUED]
02-21 19:17:16.243  1485  1531 D github_upload: enqueueStartupRuntimeLogsUpload: uniqueName=upload_runtime_logs_startup policy=KEEP
02-21 19:17:16.243  1485  1531 D UploadRescheduleRcvr: Enqueued runtime logs upload for action=android.intent.action.BOOT_COMPLETED reason=receiver_boot_completed
02-21 19:17:16.245  1485  1509 D WM-PackageManagerHelper: androidx.work.impl.background.systemalarm.RescheduleReceiver enabled
02-21 19:17:16.248  1485  1509 D WM-ConstraintTracker: NetworkStateTracker24: initial state = NetworkState(isConnected=true, isValidated=true, isMetered=false, isNotRoaming=true, isBlocked=false)
02-21 19:17:16.248  1485  1509 D WM-NetworkStateTracker: Registering network callback
02-21 19:17:16.251  1485  1485 D WindowOnBackDispatcher: setTopOnBackInvokedCallback (unwrapped): android.app.Activity$$ExternalSyntheticLambda0@c098a3a
02-21 19:17:16.257  1485  1509 D WM-GreedyScheduler: Constraints met: Scheduling work ID WorkGenerationalId(workSpecId=ad09e006-8adb-47e6-927e-b403f5b0a11a, generation=0)
02-21 19:17:16.257  1485  1550 D WM-NetworkStateTracker: Network capabilities changed: [ Transports: WIFI Capabilities: NOT_METERED&INTERNET&NOT_RESTRICTED&TRUSTED&NOT_VPN&VALIDATED&NOT_ROAMING&FOREGROUND&NOT_CONGESTED&NOT_SUSPENDED&NOT_VCN_MANAGED&NOT_BANDWIDTH_CONSTRAINED LinkUpBandwidth>=13861Kbps LinkDnBandwidth>=101782Kbps TransportInfo: <SSID: <unknown ssid>, BSSID: 02:00:00:00:00:00, MAC: 02:00:00:00:00:00, IP: /192.168.1.27, Security type: 2, Supplicant state: COMPLETED, Wi-Fi standard: 11ac, RSSI: -32, Link speed: 866Mbps, Tx Link speed: 866Mbps, Max Supported Tx Link speed: 866Mbps, Rx Link speed: 780Mbps, Max Supported Rx Link speed: 866Mbps, Frequency: 5805MHz, Net ID: -1, Metered hint: false, score: 60, isUsable: true, CarrierMerged: false, SubscriptionId: -1, IsPrimary: -1, Trusted: true, Restricted: false, Ephemeral: false, OEM paid: false, OEM private: false, OSU AP: false, FQDN: <none>, Provider friendly name: <none>, Requesting package name: <none><none>MLO Information: , Is TID-To-Link negotiation supported by the AP: false, AP MLD Address: <none>, AP MLO Link Id: <none>, AP MLO Affiliated links: <none>, Vendor Data: <none>> SignalStrength: -32 UnderlyingNetworks: Null]
02-21 19:17:16.257  1485  1550 D WM-NetworkStateTracker: Network blocked status changed: false
02-21 19:17:16.258  1485  1509 D WM-Processor: Processor: processing WorkGenerationalId(workSpecId=ad09e006-8adb-47e6-927e-b403f5b0a11a, generation=0)
02-21 19:17:16.258  1485  1509 D WM-GreedyScheduler: Constraints met: Scheduling work ID WorkGenerationalId(workSpecId=00165393-d619-48be-966f-28b551216150, generation=0)
02-21 19:17:16.263  1485  1509 D WM-Processor: Processor: processing WorkGenerationalId(workSpecId=00165393-d619-48be-966f-28b551216150, generation=0)
02-21 19:17:16.286  1485  1485 E VibratorInfo: Invalid frequency profile received from HAL. resonantFrequencyHz=NaN, frequenciesHz=null, outputAccelerationsGs=null
