=== Previous Session Logcat ===
captured_time_utc=20260221_091222
captured_time_local=20260221_011222
marker=2026-02-21 01:07:30.084
preferred_prev_pid=-1
note=best-effort; buffers may be overwritten before next start
sdk=36
device=Google Pixel 9a
appId=com.negi.survey
versionName=0.0.1
versionCode=1

=== Logcat (since marker) ===
--------- beginning of system
02-21 01:07:30.100 21222 21222 D InsetsController: hide(ime())
02-21 01:07:31.037 21222 21222 W NotificationManager: Shedding notify (update) of NotificationKey[user=UserHandle{0}, pkg=com.negi.survey, tag=null, id=3788], rate limit (5.0) exceeded: input 9.898918, output would be 6.939547
02-21 01:07:32.051 21222 21222 W NotificationManager: Shedding notify (update) of NotificationKey[user=UserHandle{0}, pkg=com.negi.survey, tag=null, id=7345], rate limit (5.0) exceeded: input 232.16777, output would be 7.0353565
02-21 01:07:33.083 21222 21222 W NotificationManager: Shedding notify (update) of NotificationKey[user=UserHandle{0}, pkg=com.negi.survey, tag=null, id=7437], rate limit (5.0) exceeded: input 116.62182, output would be 6.699712
02-21 01:07:34.524 21222 21222 W NotificationManager: Shedding notify (update) of NotificationKey[user=UserHandle{0}, pkg=com.negi.survey, tag=null, id=6404], rate limit (5.0) exceeded: input 10.563352, output would be 5.030037
02-21 01:07:35.569 21222 21222 W NotificationManager: Shedding notify (update) of NotificationKey[user=UserHandle{0}, pkg=com.negi.survey, tag=null, id=9765], rate limit (5.0) exceeded: input 33.074535, output would be 5.813885
02-21 01:07:36.611 21222 21222 W NotificationManager: Shedding notify (update) of NotificationKey[user=UserHandle{0}, pkg=com.negi.survey, tag=null, id=7437], rate limit (5.0) exceeded: input 28.714642, output would be 5.7466297
02-21 01:07:37.631 21222 21222 W NotificationManager: Shedding notify (update) of NotificationKey[user=UserHandle{0}, pkg=com.negi.survey, tag=null, id=4427], rate limit (5.0) exceeded: input 61.936245, output would be 7.027809
02-21 01:07:39.101 21222 21222 W NotificationManager: Shedding notify (update) of NotificationKey[user=UserHandle{0}, pkg=com.negi.survey, tag=null, id=8268], rate limit (5.0) exceeded: input 11.658106, output would be 5.605766
02-21 01:07:40.158 21222 21222 W NotificationManager: Shedding notify (update) of NotificationKey[user=UserHandle{0}, pkg=com.negi.survey, tag=null, id=4312], rate limit (5.0) exceeded: input 32.940083, output would be 5.182894
02-21 01:07:41.542 21222 21222 W NotificationManager: Shedding notify (update) of NotificationKey[user=UserHandle{0}, pkg=com.negi.survey, tag=null, id=8268], rate limit (5.0) exceeded: input 11.8576975, output would be 6.612062
02-21 01:08:28.692 21222 21222 D InsetsController: show(ime())
02-21 01:08:28.700 21222 21222 D InsetsController: Setting requestedVisibleTypes to 511 (was 503)
02-21 01:08:28.726 21222 21222 D InsetsController: show(ime())
02-21 01:08:32.995 21222 21222 D InsetsController: hide(ime())
02-21 01:08:32.996 21222 21222 D InsetsController: Setting requestedVisibleTypes to 503 (was 511)
--------- beginning of main
02-21 01:08:59.579 21222 21322 D AiViewModel: run[2] chunk[10].preview='␠due'
02-21 01:08:59.742 21222 21322 D AiViewModel: run[2] chunk[11].preview='␠to'
02-21 01:08:59.912 21222 21274 D AiViewModel: run[2] chunk[12].preview='␠fall'
02-21 01:09:00.129 21222 21274 D AiViewModel: run[2] chunk[13].preview='␠army'
02-21 01:09:00.298 21222 21274 D AiViewModel: run[2] chunk[14].preview='worm'
02-21 01:09:00.439 21222 21274 D AiViewModel: run[2] chunk[15].preview='␠over'
02-21 01:09:00.662 21222 21274 D AiViewModel: run[2] chunk[16].preview='␠the'
02-21 01:09:00.791 21222 21274 D AiViewModel: run[2] chunk[17].preview='␠last'
02-21 01:09:00.973 21222 21274 D AiViewModel: run[2] chunk[18].preview='␠three'
02-21 01:09:01.152 21222 21274 D AiViewModel: run[2] chunk[19].preview='␠seasons'
02-21 01:09:01.325 21222 21322 D AiViewModel: run[2] chunk[20].preview='␠('
02-21 01:09:01.506 21222 21322 D AiViewModel: run[2] chunk[21].preview='in'
02-21 01:09:01.684 21222 21274 D AiViewModel: run[2] chunk[22].preview='␠bags'
02-21 01:09:01.853 21222 21274 D AiViewModel: run[2] chunk[23].preview='␠per'
02-21 01:09:02.040 21222 21274 D AiViewModel: run[2] chunk[24].preview='␠acre'
02-21 01:09:02.229 21222 21274 D AiViewModel: run[2] chunk[25].preview='␠or'
02-21 01:09:02.404 21222 21274 D AiViewModel: run[2] chunk[26].preview='␠percentage'
02-21 01:09:02.598 21222 21274 D AiViewModel: run[2] chunk[27].preview=')?'
02-21 01:09:02.606 21222 21229 I com.negi.survey: Background concurrent mark compact GC freed 22MB AllocSpace bytes, 28(560KB) LOS objects, 80% free, 5860KB/29MB, paused 14.795ms,4.654ms total 143.570ms
02-21 01:09:02.759 21222 21222 D LiteRtRepository: [2] logical done=true (waiting native termination safe point)
02-21 01:09:02.760 21222 21222 D LiteRtRepository: [2] cleanUpListener (native termination safe point)
02-21 01:09:02.761 21222 21322 D LiteRtRepository: [2] scheduleResetAfterSafepoint: begin (tag='native-terminated')
02-21 01:09:02.763 21222 21366 D AiViewModel: run[2] stats: chunks=27, chars=131, raw.len=131
02-21 01:09:02.765 21222 21489 D LiteRtRepository: [2] resetConversation ok (after safepoint, tag='native-terminated')
02-21 01:09:02.766 21222 21489 D LiteRtRepository: [2] scheduleResetAfterSafepoint: end (tag='native-terminated')
02-21 01:09:02.774 21222 21366 D AiViewModel: run[2] sha(raw)=ffa862140e5fb4f3769c6dc69b1f4dd1c89f3a0baf8b142f683a878d71ecd77c
02-21 01:09:02.775 21222 21366 D AiViewModel: run[2] rawVisible='Can␠you␠please␠provide␠an␠estimate␠of␠yield␠loss␠due␠to␠fall␠armyworm␠over␠the␠last␠three␠seasons␠(in␠bags␠per␠acre␠or␠percentage)?'
02-21 01:09:02.792 21222 21366 D AiViewModel: run[2]: FOLLOWUP parse extractorQ='Can␠you␠please␠provide␠an␠estimate␠of␠yield␠loss␠due␠to␠fall␠armyworm␠over␠the␠last␠three␠seasons␠(in␠bags␠per␠acre␠or␠percentage)?' textQ='Can␠you␠please␠provide␠an␠estimate␠of␠yield␠loss␠due␠to␠fall␠armyworm␠over␠the␠last␠three␠seasons␠(in␠bags␠per␠acre␠or␠percentage)?' best='Can␠you␠please␠provide␠an␠estimate␠of␠yield␠loss␠due␠to␠fall␠armyworm␠over␠the␠last␠three␠seasons␠(in␠bags␠per␠acre␠or␠percentage)?'
02-21 01:09:02.793 21222 21366 D AiViewModel: stepHistory+ runId=2 phase=FOLLOWUP mode=FOLLOWUP_JSON_OR_TEXT raw.len=131 score=null FU=1 FU0='Can␠you␠please␠provide␠an␠estimate␠of␠yield␠loss␠due␠to␠fall␠armyworm␠over␠the␠last␠three␠seasons␠(in␠bags␠per␠acre␠or␠percentage)?' timeout=false err=null
02-21 01:09:02.793 21222 21366 I AiViewModel: run[2] done: phase=FOLLOWUP mode=FOLLOWUP_JSON_OR_TEXT score=null FU[0]=Can you please provide an estimate of yield loss due to fall armyworm over the last three seasons (in bags per acre or percentage)? commit=false err=<none>
02-21 01:09:02.843 21222 21222 I AiScreen: Follow-up persisted (context=sid=1|nid=Q1 node=Q1 runId=2 phase=FOLLOWUP mode=FOLLOWUP_JSON_OR_TEXT len=131 preview="Can you please provide an estimate of yield loss due to fall armyworm over the last three seasons (in bags per acre or p…" displayedAsPlain=true)
02-21 01:09:02.843 21222 21222 D AiScreen: Step rendered (context=sid=1|nid=Q1 node=Q1 runId=2 phase=FOLLOWUP mode=FOLLOWUP_JSON_OR_TEXT showJson=false rawLen=131 followups=1 timedOut=false)
02-21 01:09:02.901 21222 21222 D InsetsController: show(ime())
02-21 01:09:02.901 21222 21222 I ImeTracker: com.negi.survey:26a7eab6: onRequestShow at ORIGIN_CLIENT reason SHOW_SOFT_INPUT_BY_INSETS_API fromUser false
02-21 01:09:02.902 21222 21222 D InsetsController: Setting requestedVisibleTypes to 511 (was 503)
02-21 01:09:02.908 21222 21222 I ImeTracker: com.negi.survey:e3efaff7: onRequestShow at ORIGIN_CLIENT reason SHOW_SOFT_INPUT fromUser false
02-21 01:09:02.908 21222 21222 D InsetsController: show(ime())
02-21 01:09:02.908 21222 21222 I ImeTracker: com.negi.survey:e3efaff7: onCancelled at PHASE_CLIENT_REPORT_REQUESTED_VISIBLE_TYPES
02-21 01:09:03.036 21222 21366 I native  : I0000 00:00:1771664943.035912   21366 model_data_processor_factory.cc:266] Creating Gemma3DataProcessor
02-21 01:09:03.036 21222 21366 D LiteRtLM: resetConversationInternal done: key='Gemma3n4B|/data/user/0/com.negi.survey/files/gemma-3n-E4B-it-int4.litertlm' reason='resetConversation'
02-21 01:09:03.195 21222 21222 D WindowOnBackDispatcher: setTopOnBackInvokedCallback (unwrapped): android.view.ImeBackAnimationController@acfb9b2
02-21 01:09:03.267 21222 21222 D VRI[MainActivity]: WindowInsets changed: ime:[0,0,0,1043] 
02-21 01:09:03.629 21222 21222 I ImeTracker: com.negi.survey:26a7eab6: onShown
02-21 01:09:19.558 21222 21229 I com.negi.survey: Background young concurrent mark compact GC freed 23MB AllocSpace bytes, 0(0B) LOS objects, 79% free, 6108KB/29MB, paused 2.921ms,17.541ms total 171.065ms
02-21 01:09:36.367 21222 21229 I com.negi.survey: Background concurrent mark compact GC freed 23MB AllocSpace bytes, 0(0B) LOS objects, 80% free, 6112KB/29MB, paused 2.919ms,4.114ms total 221.236ms
02-21 01:09:49.732 21222 21222 D SurveyVM: backToPrevious -> Start
02-21 01:09:49.759 21222 21222 D WhisperSpeechController: updateContext: surveyId=7fbf6f7b-d52a-4893-b808-aa1cecae10da, questionId=Start
02-21 01:09:49.760 21222 21222 D WhisperSpeechController: updateContext: surveyId=7fbf6f7b-d52a-4893-b808-aa1cecae10da, questionId=Start
02-21 01:09:49.799 21222 21222 D InsetsController: show(ime())
02-21 01:09:49.800 21222 21222 I ImeTracker: com.negi.survey:f3028c31: onRequestShow at ORIGIN_CLIENT reason SHOW_SOFT_INPUT_BY_INSETS_API fromUser false
02-21 01:09:49.800 21222 21222 I ImeTracker: com.negi.survey:f3028c31: onCancelled at PHASE_CLIENT_APPLY_ANIMATION
02-21 01:09:49.821 21222 21222 I ImeTracker: com.negi.survey:d530b536: onRequestShow at ORIGIN_CLIENT reason SHOW_SOFT_INPUT fromUser false
02-21 01:09:49.821 21222 21222 D InsetsController: show(ime())
02-21 01:09:49.821 21222 21222 I ImeTracker: com.negi.survey:d530b536: onCancelled at PHASE_CLIENT_APPLY_ANIMATION
02-21 01:09:50.501 21222 21222 D InsetsController: hide(ime())
02-21 01:09:50.501 21222 21222 I ImeTracker: com.negi.survey:c756e08f: onRequestHide at ORIGIN_CLIENT reason HIDE_SOFT_INPUT_BY_INSETS_API fromUser false
02-21 01:09:50.502 21222 21222 D WindowOnBackDispatcher: setTopOnBackInvokedCallback (unwrapped): android.app.Activity$$ExternalSyntheticLambda0@38b2730
02-21 01:09:50.502 21222 21222 D InsetsController: Setting requestedVisibleTypes to 503 (was 511)
02-21 01:09:50.503 21222 21222 D VRI[MainActivity]: WindowInsets changed: ime:null 
02-21 01:09:50.533 21222 21222 I ImeTracker: system_server:cae62133: onCancelled at PHASE_CLIENT_ON_CONTROLS_CHANGED
02-21 01:09:50.655 21222 21222 I ImeTracker: system_server:e4513cbd: onCancelled at PHASE_CLIENT_ON_CONTROLS_CHANGED
02-21 01:09:52.576 21222 21222 D MainActivity: Home -> Start survey. session=survey_config20.yaml@1
02-21 01:09:52.576 21222 21222 D SurveyVM: resetAudioRefs -> cleared
02-21 01:09:52.577 21222 21222 D SurveyVM: resetNavToStart -> key=com.negi.survey.vm.FlowHome@c45a073, navSize=1
02-21 01:09:52.577 21222 21222 D SurveyVM: resetToStart -> Start, session=2, uuid=47061c20-05e5-4c03-8e4f-218be7f0d7d2
02-21 01:09:52.577 21222 21222 D SurveyVM: push -> Q1, navSize=2, stackSize=2
02-21 01:09:52.595 21222 21222 D WindowOnBackDispatcher: setTopOnBackInvokedCallback (unwrapped): androidx.navigationevent.OnBackInvokedInput$createOnBackAnimationCallback$1@e834ce9
02-21 01:09:52.607 21222 21222 D WhisperSpeechController: updateContext: surveyId=47061c20-05e5-4c03-8e4f-218be7f0d7d2, questionId=Q1
02-21 01:09:52.639 21222 21222 D WhisperSpeechController: updateContext: surveyId=47061c20-05e5-4c03-8e4f-218be7f0d7d2, questionId=Q1
02-21 01:09:52.706 21222 21222 D InsetsController: show(ime())
02-21 01:09:52.707 21222 21222 I ImeTracker: com.negi.survey:1fc0c6a6: onRequestShow at ORIGIN_CLIENT reason SHOW_SOFT_INPUT_BY_INSETS_API fromUser false
02-21 01:09:52.707 21222 21222 D InsetsController: Setting requestedVisibleTypes to 511 (was 503)
02-21 01:09:52.720 21222 21222 I AssistStructure: Flattened final assist data: 516 bytes, containing 1 windows, 3 views
02-21 01:09:52.733 21222 21222 I ImeTracker: com.negi.survey:c761f565: onRequestShow at ORIGIN_CLIENT reason SHOW_SOFT_INPUT fromUser false
02-21 01:09:52.734 21222 21222 D InsetsController: show(ime())
02-21 01:09:52.734 21222 21222 I ImeTracker: com.negi.survey:c761f565: onCancelled at PHASE_CLIENT_REPORT_REQUESTED_VISIBLE_TYPES
02-21 01:09:52.771 21222 21222 D WindowOnBackDispatcher: setTopOnBackInvokedCallback (unwrapped): android.view.ImeBackAnimationController@acfb9b2
02-21 01:09:52.893 21222 21222 D VRI[MainActivity]: WindowInsets changed: ime:[0,0,0,1043] 
02-21 01:09:53.209 21222 21222 I ImeTracker: com.negi.survey:1fc0c6a6: onShown
02-21 01:09:53.411 21222 21222 D Autofill Status: Autofill popup isn't shown because autofill is not available.
02-21 01:09:53.411 21222 21222 D Autofill Status: 
02-21 01:09:53.411 21222 21222 D Autofill Status: Did you set up autofill?
02-21 01:09:53.411 21222 21222 D Autofill Status: 1. Go to Settings > System > Languages&input > Advanced > Autofill Service
02-21 01:09:53.411 21222 21222 D Autofill Status: 2. Pick a service
02-21 01:09:53.411 21222 21222 D Autofill Status: 
02-21 01:09:53.411 21222 21222 D Autofill Status: Did you add an account?
02-21 01:09:53.411 21222 21222 D Autofill Status: 1. Go to Settings > System > Languages&input > Advanced
02-21 01:09:53.411 21222 21222 D Autofill Status: 2. Click on the settings icon next to the Autofill Service
02-21 01:09:53.411 21222 21222 D Autofill Status: 3. Add your account
02-21 01:09:54.192 21222 21222 D SurveyVM: backToPrevious -> Start
02-21 01:09:54.216 21222 21222 D WhisperSpeechController: updateContext: surveyId=47061c20-05e5-4c03-8e4f-218be7f0d7d2, questionId=Start
02-21 01:09:54.217 21222 21222 D WhisperSpeechController: updateContext: surveyId=47061c20-05e5-4c03-8e4f-218be7f0d7d2, questionId=Start
02-21 01:09:54.263 21222 21222 D InsetsController: show(ime())
02-21 01:09:54.263 21222 21222 I ImeTracker: com.negi.survey:47828573: onRequestShow at ORIGIN_CLIENT reason SHOW_SOFT_INPUT_BY_INSETS_API fromUser false
02-21 01:09:54.263 21222 21222 I ImeTracker: com.negi.survey:47828573: onCancelled at PHASE_CLIENT_APPLY_ANIMATION
02-21 01:09:54.287 21222 21222 I ImeTracker: com.negi.survey:9d597515: onRequestShow at ORIGIN_CLIENT reason SHOW_SOFT_INPUT fromUser false
02-21 01:09:54.287 21222 21222 D InsetsController: show(ime())
02-21 01:09:54.287 21222 21222 I ImeTracker: com.negi.survey:9d597515: onCancelled at PHASE_CLIENT_APPLY_ANIMATION
02-21 01:09:54.343 21222 21228 W com.negi.survey: Missing inline cache for void androidx.navigation3.ui.NavDisplayKt__NavDisplayKt.NavDisplay(androidx.navigation3.scene.SceneState, androidx.navigationevent.compose.NavigationEventState, androidx.compose.ui.Modifier, androidx.compose.ui.Alignment, androidx.compose.animation.SizeTransform, kotlin.jvm.functions.Function1, kotlin.jvm.functions.Function1, kotlin.jvm.functions.Function2, androidx.compose.runtime.Composer, int, int)
02-21 01:09:54.343 21222 21228 W com.negi.survey: Missing inline cache for void androidx.navigation3.ui.NavDisplayKt__NavDisplayKt.NavDisplay(androidx.navigation3.scene.SceneState, androidx.navigationevent.compose.NavigationEventState, androidx.compose.ui.Modifier, androidx.compose.ui.Alignment, androidx.compose.animation.SizeTransform, kotlin.jvm.functions.Function1, kotlin.jvm.functions.Function1, kotlin.jvm.functions.Function2, androidx.compose.runtime.Composer, int, int)
02-21 01:09:54.471 21222 21229 I com.negi.survey: Background young concurrent mark compact GC freed 23MB AllocSpace bytes, 0(0B) LOS objects, 78% free, 6560KB/29MB, paused 4.133ms,4.556ms total 178.751ms
02-21 01:09:54.986 21222 21222 D InsetsController: hide(ime())
02-21 01:09:54.986 21222 21222 I ImeTracker: com.negi.survey:a84989a9: onRequestHide at ORIGIN_CLIENT reason HIDE_SOFT_INPUT_BY_INSETS_API fromUser false
02-21 01:09:54.987 21222 21222 D WindowOnBackDispatcher: setTopOnBackInvokedCallback (unwrapped): android.app.Activity$$ExternalSyntheticLambda0@38b2730
02-21 01:09:54.987 21222 21222 D InsetsController: Setting requestedVisibleTypes to 503 (was 511)
02-21 01:09:54.988 21222 21222 D VRI[MainActivity]: WindowInsets changed: ime:null 
02-21 01:09:55.031 21222 21222 I ImeTracker: system_server:c4914cd4: onCancelled at PHASE_CLIENT_ON_CONTROLS_CHANGED
02-21 01:09:55.145 21222 21222 I ImeTracker: system_server:5d2573c9: onCancelled at PHASE_CLIENT_ON_CONTROLS_CHANGED
02-21 01:12:22.254 21676 21676 I libc    : SetHeapTaggingLevel: tag level set to 0
02-21 01:12:22.263 21676 21676 I Zygote  : Process 21676 created for com.negi.survey
02-21 01:12:22.263 21676 21676 I com.negi.survey: Using CollectorTypeCMC GC.
02-21 01:12:22.287 21676 21676 D nativeloader: Load libframework-connectivity-tiramisu-jni.so using APEX ns com_android_tethering for caller /apex/com.android.tethering/javalib/framework-connectivity-t.jar: ok
02-21 01:12:22.325 21676 21676 D ApplicationLoaders: Returning zygote-cached class loader: /system_ext/framework/androidx.window.extensions.jar
02-21 01:12:22.325 21676 21676 D ApplicationLoaders: Returning zygote-cached class loader: /system_ext/framework/androidx.window.sidecar.jar
02-21 01:12:22.342 21676 21676 D nativeloader: Configuring clns-9 for other apk /data/app/~~Takou2qY5lxiUmj1uuhqHA==/com.negi.survey-rb_P4d_m8sIvFkMRm0zrqg==/base.apk. target_sdk_version=36, uses_libraries=libOpenCL.so:libOpenCL-pixel.so, library_path=/data/app/~~Takou2qY5lxiUmj1uuhqHA==/com.negi.survey-rb_P4d_m8sIvFkMRm0zrqg==/lib/arm64:/data/app/~~Takou2qY5lxiUmj1uuhqHA==/com.negi.survey-rb_P4d_m8sIvFkMRm0zrqg==/base.apk!/lib/arm64-v8a, permitted_path=/data:/mnt/expand:/data/user/0/com.negi.survey
02-21 01:12:22.360 21676 21676 V GraphicsEnvironment: Currently set values for:
02-21 01:12:22.360 21676 21676 V GraphicsEnvironment:   angle_gl_driver_selection_pkgs=[com.android.angle, com.google.android.apps.tachyon]
02-21 01:12:22.360 21676 21676 V GraphicsEnvironment:   angle_gl_driver_selection_values=[angle, native]
02-21 01:12:22.360 21676 21676 V GraphicsEnvironment: com.negi.survey is not listed in per-application setting
02-21 01:12:22.360 21676 21676 V GraphicsEnvironment: ANGLE allowlist from config: 
02-21 01:12:22.360 21676 21676 V GraphicsEnvironment: No special selections for ANGLE, returning default driver choice
02-21 01:12:22.360 21676 21676 V GraphicsEnvironment: Neither updatable production driver nor prerelease driver is supported.
02-21 01:12:22.371 21676 21693 D RuntimeLogStore: openWriter: start -> /data/user/0/com.negi.survey/files/diagnostics/runtime_logs/rtlog_20260221_091222_368_pid21676_seq1.log (bytes=0 format=LEGACY)
02-21 01:12:22.372 21676 21676 D AppRingLogStore: installed: dir=/data/user/0/com.negi.survey/files/diagnostics/applog_ring idx=0
02-21 01:12:22.372 21676 21676 D SurveyApp: attachBaseContext: pid=21676 process=com.negi.survey isMain=true sdk=36
02-21 01:12:22.372 21676 21676 D SurveyApp: Skipping WorkManager init in attachBaseContext; will init in onCreate.
02-21 01:12:22.372 21676 21676 D CrashCapture: install: ensured default handler. where=SurveyApp:attachBaseContext pid=21676 default=com.negi.survey.CrashCapture$CrashHandler@b690374
02-21 01:12:22.373 21676 21676 D SurveyApp: CrashCapture installed: where=SurveyApp:attachBaseContext
02-21 01:12:22.373 21676 21676 D SurveyApp: onCreate: pid=21676 process=com.negi.survey isMain=true sdk=36
02-21 01:12:22.375 21676 21693 D RuntimeLogStore: retention: start files=4 kept=4 totalBytes=40670
02-21 01:12:22.381 21676 21676 D WM-PackageManagerHelper: Skipping component enablement for androidx.work.impl.background.systemjob.SystemJobService
02-21 01:12:22.381 21676 21676 D WM-Schedulers: Created SystemJobScheduler and enabled SystemJobService
02-21 01:12:22.382 21676 21695 D WM-ForceStopRunnable: Is default app process = true
02-21 01:12:22.382 21676 21695 D WM-ForceStopRunnable: Performing cleanup operations.
02-21 01:12:22.383 21676 21676 D SurveyApp: WorkManager already ready. where=onCreate
02-21 01:12:22.383 21676 21676 D SurveyApp: WorkManager already ready. where=startupRtLogs
02-21 01:12:22.399 21676 21695 E ashmem  : Pinning is deprecated since Android Q. Please use trim or other methods.
02-21 01:12:22.422 21676 21695 D WM-SystemJobScheduler: Reconciling jobs
02-21 01:12:22.437 21676 21695 D WM-ForceStopRunnable: Application was force-stopped, rescheduling.
02-21 01:12:22.454 21676 21676 D github_upload: choosePolicy: uniqueName=upload_runtime_logs_startup policy=REPLACE states=[FAILED]
02-21 01:12:22.454 21676 21676 D github_upload: enqueueStartupRuntimeLogsUpload: uniqueName=upload_runtime_logs_startup policy=REPLACE
02-21 01:12:22.455 21676 21676 D SurveyApp: Startup runtime logs: enqueue requested.
02-21 01:12:22.455 21676 21676 D CrashCapture: install: ensured default handler. where=SurveyApp:onCreate(rewrap) pid=21676 default=com.negi.survey.CrashCapture$CrashHandler@b690374
02-21 01:12:22.455 21676 21676 D SurveyApp: CrashCapture installed: where=SurveyApp:onCreate(rewrap)
02-21 01:12:22.455 21676 21676 D CrashCapture: registerSelfHealing: ActivityLifecycleCallbacks registered. mode=onResumedOnly
02-21 01:12:22.455 21676 21676 D SurveyApp: CrashCapture self-healing registered.
02-21 01:12:22.455 21676 21676 D SurveyApp: WorkManager already ready. where=enqueuePending(immediate)
02-21 01:12:22.455 21676 21676 D SurveyApp: CrashCapture pending uploads requested (immediate).
02-21 01:12:22.456 21676 21700 D CrashCapture: enqueuePendingCrashUploadsIfPossible enter where=SurveyApp:enqueuePending(immediate):bg pid=21676 thread=CrashCapture-Enqueue
02-21 01:12:22.466 21676 21676 D DesktopExperienceFlags: Toggle override initialized to: false
02-21 01:12:22.467 21676 21705 I DisplayManager: Choreographer implicitly registered for the refresh rate.
02-21 01:12:22.468 21676 21705 D vulkan  : searching for layers in '/data/app/~~Takou2qY5lxiUmj1uuhqHA==/com.negi.survey-rb_P4d_m8sIvFkMRm0zrqg==/lib/arm64'
02-21 01:12:22.469 21676 21702 D UploadRescheduleRcvr: No GitHub pending files for action=android.intent.action.BOOT_COMPLETED
02-21 01:12:22.469 21676 21705 D vulkan  : searching for layers in '/data/app/~~Takou2qY5lxiUmj1uuhqHA==/com.negi.survey-rb_P4d_m8sIvFkMRm0zrqg==/base.apk!/lib/arm64-v8a'
02-21 01:12:22.469 21676 21676 D CrashCapture: install: ensured default handler. where=install(legacy) pid=21676 default=com.negi.survey.CrashCapture$CrashHandler@b690374
02-21 01:12:22.470 21676 21709 D CrashCapture: enqueuePendingCrashUploadsIfPossible skipped (already running). where=enqueue(legacy):bg
02-21 01:12:22.477 21676 21676 D CompatChangeReporter: Compat change id reported: 377864165; UID 14738; state: ENABLED
02-21 01:12:22.477 21676 21676 D DesktopModeFlags: Toggle override initialized to: OVERRIDE_UNSET
02-21 01:12:22.482 21676 21676 I ContentCaptureHelper: Setting logging level to OFF
02-21 01:12:22.484 21676 21676 D CrashCapture: install: ensured default handler. where=selfHeal:onActivityResumed pid=21676 default=com.negi.survey.CrashCapture$CrashHandler@b690374
02-21 01:12:22.502 21676 21699 D WM-SystemJobScheduler: Scheduling work ID f664cc44-75d8-4e4d-a786-d3c545a3695aJob ID 394
02-21 01:12:22.510 21676 21699 D WM-GreedyScheduler: Starting tracking for f664cc44-75d8-4e4d-a786-d3c545a3695a
02-21 01:12:22.516 21676 21702 D github_upload: choosePolicy: uniqueName=upload_runtime_logs_startup policy=KEEP states=[ENQUEUED]
02-21 01:12:22.516 21676 21702 D github_upload: enqueueStartupRuntimeLogsUpload: uniqueName=upload_runtime_logs_startup policy=KEEP
02-21 01:12:22.517 21676 21702 D UploadRescheduleRcvr: Enqueued runtime logs upload for action=android.intent.action.BOOT_COMPLETED reason=receiver_boot_completed
02-21 01:12:22.528 21676 21676 D WindowOnBackDispatcher: setTopOnBackInvokedCallback (unwrapped): android.app.Activity$$ExternalSyntheticLambda0@38b2730
02-21 01:12:22.542 21676 21699 D WM-PackageManagerHelper: androidx.work.impl.background.systemalarm.RescheduleReceiver enabled
02-21 01:12:22.546 21676 21699 D WM-ConstraintTracker: NetworkStateTracker24: initial state = NetworkState(isConnected=true, isValidated=true, isMetered=false, isNotRoaming=true, isBlocked=false)
02-21 01:12:22.546 21676 21699 D WM-NetworkStateTracker: Registering network callback
02-21 01:12:22.555 21676 21676 E VibratorInfo: Invalid frequency profile received from HAL. resonantFrequencyHz=NaN, frequenciesHz=null, outputAccelerationsGs=null
02-21 01:12:22.555 21676 21699 D WM-GreedyScheduler: Constraints met: Scheduling work ID WorkGenerationalId(workSpecId=f664cc44-75d8-4e4d-a786-d3c545a3695a, generation=0)
02-21 01:12:22.559 21676 21699 D WM-Processor: Processor: processing WorkGenerationalId(workSpecId=f664cc44-75d8-4e4d-a786-d3c545a3695a, generation=0)
02-21 01:12:22.559 21676 21724 D WM-NetworkStateTracker: Network capabilities changed: [ Transports: WIFI Capabilities: NOT_METERED&INTERNET&NOT_RESTRICTED&TRUSTED&NOT_VPN&VALIDATED&NOT_ROAMING&FOREGROUND&NOT_CONGESTED&NOT_SUSPENDED&NOT_VCN_MANAGED&NOT_BANDWIDTH_CONSTRAINED LinkUpBandwidth>=13861Kbps LinkDnBandwidth>=101944Kbps TransportInfo: <SSID: <unknown ssid>, BSSID: 02:00:00:00:00:00, MAC: 02:00:00:00:00:00, IP: /192.168.1.27, Security type: 2, Supplicant state: COMPLETED, Wi-Fi standard: 11ac, RSSI: -39, Link speed: 866Mbps, Tx Link speed: 866Mbps, Max Supported Tx Link speed: 866Mbps, Rx Link speed: 866Mbps, Max Supported Rx Link speed: 866Mbps, Frequency: 5805MHz, Net ID: -1, Metered hint: false, score: 60, isUsable: true, CarrierMerged: false, SubscriptionId: -1, IsPrimary: -1, Trusted: true, Restricted: false, Ephemeral: false, OEM paid: false, OEM private: false, OSU AP: false, FQDN: <none>, Provider friendly name: <none>, Requesting package name: <none><none>MLO Information: , Is TID-To-Link negotiation supported by the AP: false, AP MLD Address: <none>, AP MLO Link Id: <none>, AP MLO Affiliated links: <none>, Vendor Data: <none>> SignalStrength: -39 UnderlyingNetworks: Null]
02-21 01:12:22.559 21676 21724 D WM-NetworkStateTracker: Network blocked status changed: false
02-21 01:12:22.594 21676 21676 D VRI[MainActivity]: WindowInsets changed: 1080x2424 statusBars:[0,152,0,0] navigationBars:[0,0,0,69] mandatorySystemGestures:[0,187,0,92] 
02-21 01:12:22.599 21676 21676 I HWUI    : Using FreeType backend (prop=Auto)
