=== Previous Session Logcat ===
captured_time_utc=20260221_043109
captured_time_local=20260220_203109
marker=2026-02-20 19:44:33.237
preferred_prev_pid=-1
note=best-effort; buffers may be overwritten before next start
sdk=36
device=Google Pixel 9a
appId=com.negi.survey
versionName=0.0.1
versionCode=1

=== Logcat (since marker) ===
--------- beginning of system
02-20 19:44:33.342  2215  2215 D InsetsController: hide(ime())
02-20 19:44:34.460  2215  2215 W NotificationManager: Shedding notify (update) of NotificationKey[user=UserHandle{0}, pkg=com.negi.survey, tag=null, id=4597], rate limit (5.0) exceeded: input 9.771909, output would be 6.8503795
02-20 19:44:35.847  2215  2215 W NotificationManager: Shedding notify (update) of NotificationKey[user=UserHandle{0}, pkg=com.negi.survey, tag=null, id=6813], rate limit (5.0) exceeded: input 12.246105, output would be 5.420287
02-20 19:44:38.392  2215  2215 W NotificationManager: Shedding notify (update) of NotificationKey[user=UserHandle{0}, pkg=com.negi.survey, tag=null, id=7290], rate limit (5.0) exceeded: input 10.385556, output would be 6.595118
02-20 19:44:39.410  2215  2215 W NotificationManager: Shedding notify (update) of NotificationKey[user=UserHandle{0}, pkg=com.negi.survey, tag=null, id=10799], rate limit (5.0) exceeded: input 15.633041, output would be 5.3957996
02-20 19:44:40.540  2215  2215 W NotificationManager: Shedding notify (update) of NotificationKey[user=UserHandle{0}, pkg=com.negi.survey, tag=null, id=6583], rate limit (5.0) exceeded: input 10.11586, output would be 5.87607
02-20 19:53:59.121  2215  2215 D InsetsController: show(ime())
02-20 19:53:59.123  2215  2215 D InsetsController: Setting requestedVisibleTypes to 511 (was 503)
02-20 19:53:59.138  2215  2215 D InsetsController: show(ime())
02-20 19:54:06.514  2215  2215 D InsetsController: hide(ime())
02-20 19:54:06.515  2215  2215 D InsetsController: Setting requestedVisibleTypes to 503 (was 511)
02-20 19:54:31.963  2215  2215 D InsetsController: show(ime())
02-20 19:54:31.963  2215  2215 D InsetsController: Setting requestedVisibleTypes to 511 (was 503)
02-20 19:54:31.968  2215  2215 D InsetsController: show(ime())
02-20 19:55:49.641  2215  2215 D InsetsController: hide(ime())
02-20 19:55:49.642  2215  2215 D InsetsController: Setting requestedVisibleTypes to 503 (was 511)
02-20 19:56:11.776  2215  2215 D InsetsController: show(ime())
02-20 19:56:11.776  2215  2215 D InsetsController: Setting requestedVisibleTypes to 511 (was 503)
02-20 19:56:11.779  2215  2215 D InsetsController: show(ime())
--------- beginning of main
02-20 20:26:11.915  2215  2221 I com.negi.survey: Background young concurrent mark compact GC freed 24MB AllocSpace bytes, 0(0B) LOS objects, 79% free, 6192KB/30MB, paused 2.151ms,3.872ms total 165.375ms
02-20 20:26:47.995  2215  2221 I com.negi.survey: Background young concurrent mark compact GC freed 24MB AllocSpace bytes, 0(0B) LOS objects, 79% free, 6204KB/30MB, paused 1.928ms,4.173ms total 144.600ms
02-20 20:27:23.922  2215  2221 I com.negi.survey: Background young concurrent mark compact GC freed 24MB AllocSpace bytes, 0(0B) LOS objects, 79% free, 6172KB/30MB, paused 1.856ms,3.295ms total 109.933ms
02-20 20:27:32.831  2215  2221 I com.negi.survey: Background concurrent mark compact GC freed 23MB AllocSpace bytes, 0(0B) LOS objects, 80% free, 6104KB/29MB, paused 1.496ms,1.284ms total 101.812ms
02-20 20:27:59.601  2215  2221 I com.negi.survey: Background young concurrent mark compact GC freed 24MB AllocSpace bytes, 0(0B) LOS objects, 79% free, 6168KB/29MB, paused 1.906ms,2.866ms total 119.444ms
02-20 20:28:08.543  2215  2221 I com.negi.survey: Background concurrent mark compact GC freed 23MB AllocSpace bytes, 0(0B) LOS objects, 79% free, 6164KB/30MB, paused 1.804ms,2.529ms total 134.765ms
02-20 20:28:44.469  2215  2221 I com.negi.survey: Background young concurrent mark compact GC freed 24MB AllocSpace bytes, 0(0B) LOS objects, 79% free, 6208KB/30MB, paused 1.010ms,4.010ms total 108.620ms
02-20 20:28:53.425  2215  2221 I com.negi.survey: Background concurrent mark compact GC freed 24MB AllocSpace bytes, 0(0B) LOS objects, 79% free, 6176KB/30MB, paused 989us,1.272ms total 158.003ms
02-20 20:29:11.530  2215  2221 I com.negi.survey: Background concurrent mark compact GC freed 24MB AllocSpace bytes, 0(0B) LOS objects, 79% free, 6180KB/30MB, paused 1.997ms,3.208ms total 144.294ms
02-20 20:29:20.533  2215  2221 I com.negi.survey: Background young concurrent mark compact GC freed 24MB AllocSpace bytes, 0(0B) LOS objects, 80% free, 6124KB/30MB, paused 1.893ms,2.465ms total 119.684ms
02-20 20:31:09.496  4468  4468 I libc    : SetHeapTaggingLevel: tag level set to 0
02-20 20:31:09.505  4468  4468 I Zygote  : Process 4468 created for com.negi.survey
02-20 20:31:09.506  4468  4468 I com.negi.survey: Using CollectorTypeCMC GC.
02-20 20:31:09.517  4468  4468 D nativeloader: Load libframework-connectivity-tiramisu-jni.so using APEX ns com_android_tethering for caller /apex/com.android.tethering/javalib/framework-connectivity-t.jar: ok
02-20 20:31:09.546  4468  4468 D ApplicationLoaders: Returning zygote-cached class loader: /system_ext/framework/androidx.window.extensions.jar
02-20 20:31:09.546  4468  4468 D ApplicationLoaders: Returning zygote-cached class loader: /system_ext/framework/androidx.window.sidecar.jar
02-20 20:31:09.572  4468  4468 D nativeloader: Configuring clns-9 for other apk /data/app/~~FcQVCJzx_hA-wDFISVPr5g==/com.negi.survey-Nt5yq0LpRXRrlA7q-Rlb-w==/base.apk. target_sdk_version=36, uses_libraries=libOpenCL.so:libOpenCL-pixel.so, library_path=/data/app/~~FcQVCJzx_hA-wDFISVPr5g==/com.negi.survey-Nt5yq0LpRXRrlA7q-Rlb-w==/lib/arm64:/data/app/~~FcQVCJzx_hA-wDFISVPr5g==/com.negi.survey-Nt5yq0LpRXRrlA7q-Rlb-w==/base.apk!/lib/arm64-v8a, permitted_path=/data:/mnt/expand:/data/user/0/com.negi.survey
02-20 20:31:09.579  4468  4468 V GraphicsEnvironment: Currently set values for:
02-20 20:31:09.579  4468  4468 V GraphicsEnvironment:   angle_gl_driver_selection_pkgs=[com.android.angle, com.google.android.apps.tachyon]
02-20 20:31:09.579  4468  4468 V GraphicsEnvironment:   angle_gl_driver_selection_values=[angle, native]
02-20 20:31:09.579  4468  4468 V GraphicsEnvironment: com.negi.survey is not listed in per-application setting
02-20 20:31:09.579  4468  4468 V GraphicsEnvironment: ANGLE allowlist from config: 
02-20 20:31:09.579  4468  4468 V GraphicsEnvironment: No special selections for ANGLE, returning default driver choice
02-20 20:31:09.579  4468  4468 V GraphicsEnvironment: Neither updatable production driver nor prerelease driver is supported.
02-20 20:31:09.587  4468  4468 D CrashCapture: install: ensured default handler. where=SurveyApp:attachBaseContext pid=4468 default=com.negi.survey.CrashCapture$CrashHandler@4f2d76b
02-20 20:31:09.594  4468  4489 D RuntimeLogStore: openWriter: start -> /data/user/0/com.negi.survey/files/diagnostics/runtime_logs/rtlog_20260221_043109_586_pid4468_seq1.log (bytes=0 format=LEGACY)
02-20 20:31:09.597  4468  4489 D RuntimeLogStore: retention: start files=2 kept=2 totalBytes=41293
02-20 20:31:09.598  4468  4468 D WM-PackageManagerHelper: Skipping component enablement for androidx.work.impl.background.systemjob.SystemJobService
02-20 20:31:09.598  4468  4468 D WM-Schedulers: Created SystemJobScheduler and enabled SystemJobService
02-20 20:31:09.601  4468  4491 D WM-ForceStopRunnable: Is default app process = true
02-20 20:31:09.602  4468  4491 D WM-ForceStopRunnable: Performing cleanup operations.
02-20 20:31:09.610  4468  4491 E ashmem  : Pinning is deprecated since Android Q. Please use trim or other methods.
02-20 20:31:09.624  4468  4491 D WM-SystemJobScheduler: Reconciling jobs
02-20 20:31:09.645  4468  4491 D WM-ForceStopRunnable: Application was force-stopped, rescheduling.
02-20 20:31:09.662  4468  4468 D github_upload: choosePolicy: uniqueName=upload_runtime_logs_startup policy=REPLACE states=[SUCCEEDED]
02-20 20:31:09.662  4468  4468 D github_upload: enqueueStartupRuntimeLogsUpload: uniqueName=upload_runtime_logs_startup policy=REPLACE
02-20 20:31:09.663  4468  4468 D CrashCapture: install: ensured default handler. where=SurveyApp:onCreate(rewrap) pid=4468 default=com.negi.survey.CrashCapture$CrashHandler@4f2d76b
02-20 20:31:09.663  4468  4468 D CrashCapture: registerSelfHealing: ActivityLifecycleCallbacks registered. mode=onResumedOnly
02-20 20:31:09.665  4468  4517 D CrashCapture: enqueuePendingCrashUploadsIfPossible enter where=SurveyApp:enqueuePending(immediate):bg pid=4468 thread=CrashCapture-Enqueue
02-20 20:31:09.668  4468  4521 I DisplayManager: Choreographer implicitly registered for the refresh rate.
02-20 20:31:09.671  4468  4468 D DesktopExperienceFlags: Toggle override initialized to: false
02-20 20:31:09.674  4468  4521 D vulkan  : searching for layers in '/data/app/~~FcQVCJzx_hA-wDFISVPr5g==/com.negi.survey-Nt5yq0LpRXRrlA7q-Rlb-w==/lib/arm64'
02-20 20:31:09.675  4468  4521 D vulkan  : searching for layers in '/data/app/~~FcQVCJzx_hA-wDFISVPr5g==/com.negi.survey-Nt5yq0LpRXRrlA7q-Rlb-w==/base.apk!/lib/arm64-v8a'
02-20 20:31:09.675  4468  4468 D CrashCapture: install: ensured default handler. where=install(legacy) pid=4468 default=com.negi.survey.CrashCapture$CrashHandler@4f2d76b
02-20 20:31:09.679  4468  4519 D UploadRescheduleRcvr: No GitHub pending files for action=android.intent.action.BOOT_COMPLETED
02-20 20:31:09.680  4468  4491 D WM-SystemJobScheduler: Scheduling work ID 2d94ef6c-0426-44d4-8043-97d889004388Job ID 76
02-20 20:31:09.680  4468  4527 D CrashCapture: enqueuePendingCrashUploadsIfPossible skipped (already running). where=enqueue(legacy):bg
02-20 20:31:09.681  4468  4468 D CompatChangeReporter: Compat change id reported: 377864165; UID 14738; state: ENABLED
02-20 20:31:09.682  4468  4468 D DesktopModeFlags: Toggle override initialized to: OVERRIDE_UNSET
02-20 20:31:09.685  4468  4491 D WM-GreedyScheduler: Starting tracking for 2d94ef6c-0426-44d4-8043-97d889004388
02-20 20:31:09.688  4468  4468 I ContentCaptureHelper: Setting logging level to OFF
02-20 20:31:09.689  4468  4468 D CrashCapture: install: ensured default handler. where=selfHeal:onActivityResumed pid=4468 default=com.negi.survey.CrashCapture$CrashHandler@4f2d76b
02-20 20:31:09.692  4468  4519 D github_upload: choosePolicy: uniqueName=upload_runtime_logs_startup policy=KEEP states=[ENQUEUED]
02-20 20:31:09.692  4468  4519 D github_upload: enqueueStartupRuntimeLogsUpload: uniqueName=upload_runtime_logs_startup policy=KEEP
02-20 20:31:09.692  4468  4519 D UploadRescheduleRcvr: Enqueued runtime logs upload for action=android.intent.action.BOOT_COMPLETED reason=receiver_boot_completed
02-20 20:31:09.695  4468  4510 D WM-PackageManagerHelper: androidx.work.impl.background.systemalarm.RescheduleReceiver enabled
02-20 20:31:09.700  4468  4510 D WM-ConstraintTracker: NetworkStateTracker24: initial state = NetworkState(isConnected=true, isValidated=true, isMetered=false, isNotRoaming=true, isBlocked=false)
02-20 20:31:09.700  4468  4510 D WM-NetworkStateTracker: Registering network callback
02-20 20:31:09.710  4468  4534 D WM-NetworkStateTracker: Network capabilities changed: [ Transports: WIFI Capabilities: NOT_METERED&INTERNET&NOT_RESTRICTED&TRUSTED&NOT_VPN&VALIDATED&NOT_ROAMING&FOREGROUND&NOT_CONGESTED&NOT_SUSPENDED&NOT_VCN_MANAGED&NOT_BANDWIDTH_CONSTRAINED LinkUpBandwidth>=13861Kbps LinkDnBandwidth>=102533Kbps TransportInfo: <SSID: <unknown ssid>, BSSID: 02:00:00:00:00:00, MAC: 02:00:00:00:00:00, IP: /192.168.1.27, Security type: 2, Supplicant state: COMPLETED, Wi-Fi standard: 11ac, RSSI: -30, Link speed: 866Mbps, Tx Link speed: 866Mbps, Max Supported Tx Link speed: 866Mbps, Rx Link speed: 866Mbps, Max Supported Rx Link speed: 866Mbps, Frequency: 5805MHz, Net ID: -1, Metered hint: false, score: 60, isUsable: true, CarrierMerged: false, SubscriptionId: -1, IsPrimary: -1, Trusted: true, Restricted: false, Ephemeral: false, OEM paid: false, OEM private: false, OSU AP: false, FQDN: <none>, Provider friendly name: <none>, Requesting package name: <none><none>MLO Information: , Is TID-To-Link negotiation supported by the AP: false, AP MLD Address: <none>, AP MLO Link Id: <none>, AP MLO Affiliated links: <none>, Vendor Data: <none>> SignalStrength: -30 UnderlyingNetworks: Null]
02-20 20:31:09.711  4468  4534 D WM-NetworkStateTracker: Network blocked status changed: false
02-20 20:31:09.715  4468  4510 D WM-GreedyScheduler: Constraints met: Scheduling work ID WorkGenerationalId(workSpecId=2d94ef6c-0426-44d4-8043-97d889004388, generation=0)
02-20 20:31:09.734  4468  4510 D WM-Processor: Processor: processing WorkGenerationalId(workSpecId=2d94ef6c-0426-44d4-8043-97d889004388, generation=0)
02-20 20:31:09.745  4468  4468 D WindowOnBackDispatcher: setTopOnBackInvokedCallback (unwrapped): android.app.Activity$$ExternalSyntheticLambda0@38b2730
02-20 20:31:09.767  4468  4468 E VibratorInfo: Invalid frequency profile received from HAL. resonantFrequencyHz=NaN, frequenciesHz=null, outputAccelerationsGs=null
