=== Previous Session Logcat ===
captured_time_utc=20260221_101049
captured_time_local=20260221_021049
marker=2026-02-21 01:37:40.678
preferred_prev_pid=-1
note=best-effort; buffers may be overwritten before next start
sdk=36
device=Google Pixel 9a
appId=com.negi.survey
versionName=0.0.1
versionCode=1

=== Logcat (since marker) ===
--------- beginning of system
02-21 01:37:40.711 23064 23064 D InsetsController: hide(ime())
02-21 01:37:42.012 23064 23064 W NotificationManager: Shedding notify (update) of NotificationKey[user=UserHandle{0}, pkg=com.negi.survey, tag=null, id=10106], rate limit (5.0) exceeded: input 9.711009, output would be 6.807623
02-21 01:37:43.016 23064 23064 W NotificationManager: Shedding notify (update) of NotificationKey[user=UserHandle{0}, pkg=com.negi.survey, tag=null, id=5478], rate limit (5.0) exceeded: input 150.04044, output would be 6.8411183
02-21 01:37:44.058 23064 23064 W NotificationManager: Shedding notify (update) of NotificationKey[user=UserHandle{0}, pkg=com.negi.survey, tag=null, id=7478], rate limit (5.0) exceeded: input 65.53722, output would be 6.4461927
02-21 01:37:45.076 23064 23064 W NotificationManager: Shedding notify (update) of NotificationKey[user=UserHandle{0}, pkg=com.negi.survey, tag=null, id=10453], rate limit (5.0) exceeded: input 28.5472, output would be 6.7291107
02-21 01:37:46.109 23064 23064 W NotificationManager: Shedding notify (update) of NotificationKey[user=UserHandle{0}, pkg=com.negi.survey, tag=null, id=9423], rate limit (5.0) exceeded: input 49.339478, output would be 5.235552
02-21 01:37:47.324 23064 23064 W NotificationManager: Shedding notify (update) of NotificationKey[user=UserHandle{0}, pkg=com.negi.survey, tag=null, id=11099], rate limit (5.0) exceeded: input 21.81196, output would be 5.6804743
02-21 01:37:48.326 23064 23064 W NotificationManager: Shedding notify (update) of NotificationKey[user=UserHandle{0}, pkg=com.negi.survey, tag=null, id=8261], rate limit (5.0) exceeded: input 214.36107, output would be 5.188922
02-21 01:37:49.681 23064 23064 W NotificationManager: Shedding notify (update) of NotificationKey[user=UserHandle{0}, pkg=com.negi.survey, tag=null, id=10453], rate limit (5.0) exceeded: input 11.365337, output would be 6.3992343
02-21 01:37:50.697 23064 23064 W NotificationManager: Shedding notify (update) of NotificationKey[user=UserHandle{0}, pkg=com.negi.survey, tag=null, id=8261], rate limit (5.0) exceeded: input 22.923712, output would be 5.875219
02-21 01:37:52.023 23064 23064 W NotificationManager: Shedding notify (update) of NotificationKey[user=UserHandle{0}, pkg=com.negi.survey, tag=null, id=10453], rate limit (5.0) exceeded: input 9.575636, output would be 5.497337
02-21 01:38:28.234 23064 23064 D InsetsController: show(ime())
02-21 01:38:28.242 23064 23064 D InsetsController: Setting requestedVisibleTypes to 511 (was 503)
02-21 01:38:28.288 23064 23064 D InsetsController: show(ime())
02-21 01:38:40.255 23064 23064 D InsetsController: hide(ime())
02-21 01:38:40.256 23064 23064 D InsetsController: Setting requestedVisibleTypes to 503 (was 511)
02-21 01:39:06.763 23064 23064 D InsetsController: show(ime())
02-21 01:39:06.764 23064 23064 D InsetsController: Setting requestedVisibleTypes to 511 (was 503)
02-21 01:39:06.769 23064 23064 D InsetsController: show(ime())
02-21 01:39:15.644 23064 23064 D InsetsController: hide(ime())
02-21 01:39:15.645 23064 23064 D InsetsController: Setting requestedVisibleTypes to 503 (was 511)
02-21 01:39:37.496 23064 23064 D InsetsController: show(ime())
02-21 01:39:37.497 23064 23064 D InsetsController: Setting requestedVisibleTypes to 511 (was 503)
02-21 01:39:37.510 23064 23064 D InsetsController: show(ime())
02-21 01:40:37.715 23064 23064 D InsetsController: show(ime())
02-21 01:40:37.742 23064 23064 D InsetsController: show(ime())
02-21 01:40:46.003 23064 23064 D InsetsController: hide(ime())
02-21 01:40:46.004 23064 23064 D InsetsController: Setting requestedVisibleTypes to 503 (was 511)
02-21 01:41:31.639 23064 23064 D InsetsController: show(ime())
02-21 01:41:31.639 23064 23064 D InsetsController: Setting requestedVisibleTypes to 511 (was 503)
02-21 01:41:31.672 23064 23064 D InsetsController: show(ime())
02-21 01:41:34.548 23064 23064 D InsetsController: show(ime())
02-21 01:41:34.571 23064 23064 D InsetsController: show(ime())
02-21 01:41:43.393 23064 23064 D InsetsController: hide(ime())
02-21 01:41:43.394 23064 23064 D InsetsController: Setting requestedVisibleTypes to 503 (was 511)
--------- beginning of main
02-21 02:07:04.372 23064 23068 I com.negi.survey: Background concurrent mark compact GC freed 23MB AllocSpace bytes, 0(0B) LOS objects, 79% free, 6268KB/30MB, paused 255us,1.608ms total 112.589ms
02-21 02:07:13.466 23064 23068 I com.negi.survey: Background young concurrent mark compact GC freed 24MB AllocSpace bytes, 0(0B) LOS objects, 79% free, 6332KB/30MB, paused 3.023ms,3.906ms total 165.145ms
02-21 02:07:22.116 23064 23068 I com.negi.survey: Background concurrent mark compact GC freed 23MB AllocSpace bytes, 0(0B) LOS objects, 79% free, 6208KB/30MB, paused 317us,1.775ms total 144.442ms
02-21 02:07:31.063 23064 23068 I com.negi.survey: Background young concurrent mark compact GC freed 24MB AllocSpace bytes, 0(0B) LOS objects, 79% free, 6316KB/30MB, paused 4.216ms,4.194ms total 168.432ms
02-21 02:07:40.010 23064 23068 I com.negi.survey: Background concurrent mark compact GC freed 23MB AllocSpace bytes, 0(0B) LOS objects, 79% free, 6316KB/30MB, paused 3.756ms,4.580ms total 181.469ms
02-21 02:07:48.765 23064 23068 I com.negi.survey: Background young concurrent mark compact GC freed 24MB AllocSpace bytes, 0(0B) LOS objects, 79% free, 6288KB/30MB, paused 2.736ms,4.354ms total 167.790ms
02-21 02:08:06.563 23064 23068 I com.negi.survey: Background young concurrent mark compact GC freed 24MB AllocSpace bytes, 0(0B) LOS objects, 79% free, 6376KB/30MB, paused 2.843ms,4.014ms total 199.286ms
02-21 02:08:15.097 23064 23068 I com.negi.survey: Background concurrent mark compact GC freed 23MB AllocSpace bytes, 0(0B) LOS objects, 79% free, 6288KB/30MB, paused 2.976ms,3.442ms total 158.208ms
02-21 02:08:18.116 23064 23064 D InsetsController: show(ime())
02-21 02:08:18.117 23064 23064 I ImeTracker: com.negi.survey:630f4e55: onRequestShow at ORIGIN_CLIENT reason SHOW_SOFT_INPUT_BY_INSETS_API fromUser false
02-21 02:08:18.117 23064 23064 D InsetsController: Setting requestedVisibleTypes to 511 (was 503)
02-21 02:08:18.126 23064 23064 I ImeTracker: com.negi.survey:ecc2d6a5: onRequestShow at ORIGIN_CLIENT reason SHOW_SOFT_INPUT fromUser false
02-21 02:08:18.127 23064 23064 D InsetsController: show(ime())
02-21 02:08:18.127 23064 23064 I ImeTracker: com.negi.survey:ecc2d6a5: onCancelled at PHASE_CLIENT_REPORT_REQUESTED_VISIBLE_TYPES
02-21 02:08:18.382 23064 23064 D WindowOnBackDispatcher: setTopOnBackInvokedCallback (unwrapped): android.view.ImeBackAnimationController@9ccca13
02-21 02:08:18.447 23064 23064 D VRI[MainActivity]: WindowInsets changed: ime:[0,0,0,1043] 
02-21 02:08:18.777 23064 23064 I ImeTracker: com.negi.survey:630f4e55: onShown
02-21 02:08:22.021 23064 23064 D SurveyVM: hasTwoStepPrompt[Q1] -> true (eval=292, fu=246)
02-21 02:08:22.022 23064 23064 I AiScreen: Submit begin runId=ai-Q1-1698530953-1698530953071300 node=Q1 role=FOLLOWUP isTwoStep=true sessionId=1 surveyUuid=209a09bf-2a8d-4ab7-af99-e7b69089220d qLen=74 aLen=6 qPreview="Provide yield loss data for the last 3 seasons (percent or bags per acre)." aPreview="sdvsdv"
02-21 02:08:22.023 23064 23064 D SurveyVM: getEvalPrompt[Q1] -> len=350
02-21 02:08:22.024 23064 23064 I AiScreen: Submit end runId=ai-Q1-1698530953-1698530953071300 node=Q1 elapsed=3ms
02-21 02:08:22.029 23064 23133 D AiViewModel: run[9]: mode=EVAL_JSON phase=EVAL commit=true prompt.len=350, fullPrompt.len=1499, timeoutMs=120000
02-21 02:08:22.032 23064 23064 D InsetsController: hide(ime())
02-21 02:08:22.033 23064 23064 I ImeTracker: com.negi.survey:b09e6fd3: onRequestHide at ORIGIN_CLIENT reason HIDE_SOFT_INPUT_BY_INSETS_API fromUser false
02-21 02:08:22.033 23064 23133 D AiViewModel: run[9]: sha(prompt)=d1404432abf3f3f7334bb931d02189d328d0edf491912a7ca37465e65ec41b1c sha(full)=63635f1fe41c8f3484a1720a3f29adc70bfd3c0ceebb510f3162a7a4bd6b460b
02-21 02:08:22.033 23064 23064 D WindowOnBackDispatcher: setTopOnBackInvokedCallback (unwrapped): androidx.navigationevent.OnBackInvokedInput$createOnBackAnimationCallback$1@dbae622
02-21 02:08:22.033 23064 23064 D InsetsController: Setting requestedVisibleTypes to 503 (was 511)
02-21 02:08:22.034 23064 23064 D VRI[MainActivity]: WindowInsets changed: ime:null 
02-21 02:08:22.035 23064 23133 D LiteRtRepository: [9] request start: model='Gemma3n4B', prompt.len=1499, sha=63635f1fe41c8f34, gateWaitMs=0
02-21 02:08:22.037 23064 23263 D LiteRtRepository: [9] initializeIfNeeded ok (initMs=2)
02-21 02:08:22.043 23064 23263 D LiteRtLM: runInference start: key='Gemma3n4B|/data/user/0/com.negi.survey/files/gemma-3n-E4B-it-int4.litertlm' runId=9 hasText=true textLen=1499 images=0 audioClips=0
02-21 02:08:22.043 23064 23263 I LiteRtLM: LiteRT-LM sendMessageAsync(text): key='Gemma3n4B|/data/user/0/com.negi.survey/files/gemma-3n-E4B-it-int4.litertlm' runId=9 len=1499
02-21 02:08:22.101 23064 23064 I ImeTracker: system_server:51c6defa: onCancelled at PHASE_CLIENT_ON_CONTROLS_CHANGED
02-21 02:08:22.147 23064 23064 I ImeTracker: system_server:e9c3639d: onCancelled at PHASE_CLIENT_ON_CONTROLS_CHANGED
02-21 02:08:22.162 23064 23263 I native  : I0000 00:00:1771668502.158840   23263 session_basic.cc:312] RunPrefillAsync: 
02-21 02:08:22.164 23064 23263 I native  : I0000 00:00:1771668502.164332   23263 session_basic.cc:314] <start_of_turn>user
02-21 02:08:22.164 23064 23263 I native  : You are a well-known farmer survey expert. Read the Question and the Answer.
02-21 02:08:22.164 23064 23263 I native  : OUTPUT FORMAT:
02-21 02:08:22.164 23064 23263 I native  : - In English.
02-21 02:08:22.164 23064 23263 I native  : - Keys exactly:
02-21 02:08:22.164 23064 23263 I native  :   • "analysis": short string
02-21 02:08:22.164 23064 23263 I native  :   • "weakness": short string
02-21 02:08:22.164 23064 23263 I native  :   • "followup_needed": boolean
02-21 02:08:22.164 23064 23263 I native  :   • "followup_target": short string
02-21 02:08:22.164 23064 23263 I native  :   • "score": integer 1–100
02-21 02:08:22.164 23064 23263 I native  : 
02-21 02:08:22.164 23064 23263 I native  : RULES:
02-21 02:08:22.164 23064 23263 I native  : - Judge ONLY content relevance/completeness/accuracy.
02-21 02:08:22.164 23064 23263 I native  : - Do NOT generate a follow-up question here.
02-21 02:08:22.164 23064 23263 I native  : - followup_target must be single-scope (one biggest uncertainty).
02-21 02:08:22.164 23064 23263 I native  : - Do NOT use double quotes (") inside string values. Use single quotes or no quotes.
02-21 02:08:22.164 23064 23263 I native  : - Do NOT copy the Answer verbatim into the JSON.
02-21 02:08:22.164 23064 23263 I native  : LENGTH LIMITS:
02-21 02:08:22.164 23064 23263 I native  : - analysis<=60 chars
02-21 02:08:22.164 23064 23263 I native  : - weakness<=120 chars
02-21 02:08:22.164 23064 23263 I native  : - followup_target<=80 chars
02-21 02:08:22.164 23064 23263 I native  : - score is integer 1–100
02-21 02:08:22.164 23064 23263 I native  : Scoring rule: Judge ONLY content relevance/completeness/accuracy. Do NOT penalize style or formatting.
02-21 02:08:22.164 23064 23263 I native  : STRICT OUTPUT (NO MARKDOWN):
02-21 02:08:22.164 23064 23263 I native  : - If the task is EVAL: output RAW JSON only, ONE LINE.
02-21 02:08:22.164 23064 23263 I native  :   - Use COMPACT JSON (no spaces around ':' and ',').
02-21 02:08:22.164 23064 23263 I native  :   - No extra text.
02-21 02:08:22.164 23064 23263 I native  : - If the task is FOLLOWUP: output ONLY the follow-up question as plain text on ONE LINE, or EMPTY output if none.
02-21 02:08:22.164 23064 23263 I native  :   - No JSON, no quotes, no extra text.
02-21 02:08:22.164 23064 23263 I native  : Respond with an empty JSON object: {}
02-21 02:08:22.164 23064 23263 I native  : INPUT:
02-21 02:08:22.164 23064 23263 I native  : Task: EVAL
02-21 02:08:22.164 23064 23263 I native  : - Evaluate the Answer to the Question.
02-21 02:08:22.164 23064 23263 I native  : - Write weakness (what is missing/unclear).
02-21 02:08:22.164 23064 23263 I native  : - Identify the single biggest missing/unclear point as followup_target.
02-21 02:08:22.164 23064 23263 I native  : - Set followup_needed true if clarification is required, else false.
02-21 02:08:22.164 23064 23263 I native  : - Score 1–100.
02-21 02:08:22.164 23064 23263 I native  : 
02-21 02:08:22.164 23064 23263 I native  : Question: Provide yield loss data for the last 3 seasons (percent or bags per acre).
02-21 02:08:22.164 23064 23263 I native  : Answer: sdvsdv<end_of_turn>
02-21 02:08:22.164 23064 23263 I native  : <start_of_turn>model
02-21 02:08:22.545 23064 23068 I com.negi.survey: Background young concurrent mark compact GC freed 23MB AllocSpace bytes, 0(0B) LOS objects, 79% free, 6332KB/30MB, paused 361us,9.353ms total 77.549ms
02-21 02:08:24.673 23064 23228 I native  : I0000 00:00:1771668504.673685   23228 session_basic.cc:350] RunPrefillAsync status: OK
02-21 02:08:24.676 23064 23228 I native  : I0000 00:00:1771668504.673778   23228 session_basic.cc:470] RunDecodeAsync
02-21 02:08:25.574 23064 23263 D AiViewModel: run[9] chunk[1].preview='{"'
02-21 02:08:25.785 23064 23133 D AiViewModel: run[9] chunk[2].preview='analysis'
02-21 02:08:25.918 23064 23133 D AiViewModel: run[9] chunk[3].preview='":'
02-21 02:08:26.114 23064 23133 D AiViewModel: run[9] chunk[4].preview='␠"'
02-21 02:08:26.257 23064 23263 D AiViewModel: run[9] chunk[5].preview='Answer'
02-21 02:08:26.473 23064 23263 D AiViewModel: run[9] chunk[6].preview='␠is'
02-21 02:08:26.597 23064 23263 D AiViewModel: run[9] chunk[7].preview='␠gib'
02-21 02:08:26.838 23064 23263 D AiViewModel: run[9] chunk[8].preview='er'
02-21 02:08:26.958 23064 23133 D AiViewModel: run[9] chunk[9].preview='ish'
02-21 02:08:27.155 23064 23133 D AiViewModel: run[9] chunk[10].preview='␠and'
02-21 02:08:27.296 23064 23263 D AiViewModel: run[9] chunk[11].preview='␠irrelevant'
02-21 02:08:27.551 23064 23133 D AiViewModel: run[9] chunk[12].preview='.",'
02-21 02:08:27.745 23064 23263 D AiViewModel: run[9] chunk[13].preview='␠"'
02-21 02:08:27.938 23064 23263 D AiViewModel: run[9] chunk[14].preview='weak'
02-21 02:08:28.089 23064 23263 D AiViewModel: run[9] chunk[15].preview='ness'
02-21 02:08:28.306 23064 23263 D AiViewModel: run[9] chunk[16].preview='":'
02-21 02:08:28.425 23064 23263 D AiViewModel: run[9] chunk[17].preview='␠"'
02-21 02:08:28.590 23064 23263 D AiViewModel: run[9] chunk[18].preview='No'
02-21 02:08:28.825 23064 23263 D AiViewModel: run[9] chunk[19].preview='␠yield'
02-21 02:08:28.954 23064 23263 D AiViewModel: run[9] chunk[20].preview='␠loss'
02-21 02:08:29.173 23064 23133 D AiViewModel: run[9] chunk[21].preview='␠data'
02-21 02:08:29.296 23064 23133 D AiViewModel: run[9] chunk[22].preview='␠provided'
02-21 02:08:29.491 23064 23133 D AiViewModel: run[9] chunk[23].preview='.'
02-21 02:08:29.638 23064 23263 D AiViewModel: run[9] chunk[24].preview='␠The'
02-21 02:08:29.858 23064 23263 D AiViewModel: run[9] chunk[25].preview='␠answer'
02-21 02:08:29.979 23064 23133 D AiViewModel: run[9] chunk[26].preview='␠is'
02-21 02:08:30.187 23064 23133 D AiViewModel: run[9] chunk[27].preview='␠nons'
02-21 02:08:30.348 23064 23133 D AiViewModel: run[9] chunk[28].preview='ensical'
02-21 02:08:30.578 23064 23133 D AiViewModel: run[9] chunk[29].preview='␠and'
02-21 02:08:30.725 23064 23133 D AiViewModel: run[9] chunk[30].preview='␠does'
02-21 02:08:30.927 23064 23263 D AiViewModel: run[9] chunk[31].preview='␠not'
02-21 02:08:31.074 23064 23263 D AiViewModel: run[9] chunk[32].preview='␠address'
02-21 02:08:31.277 23064 23263 D AiViewModel: run[9] chunk[33].preview='␠the'
02-21 02:08:31.403 23064 23263 D AiViewModel: run[9] chunk[34].preview='␠question'
02-21 02:08:31.593 23064 23263 D AiViewModel: run[9] chunk[35].preview='.",'
02-21 02:08:31.739 23064 23263 D AiViewModel: run[9] chunk[36].preview='␠"'
02-21 02:08:31.960 23064 23133 D AiViewModel: run[9] chunk[37].preview='follow'
02-21 02:08:32.082 23064 23263 D AiViewModel: run[9] chunk[38].preview='up'
02-21 02:08:32.277 23064 23263 D AiViewModel: run[9] chunk[39].preview='_'
02-21 02:08:32.427 23064 23133 D AiViewModel: run[9] chunk[40].preview='needed'
02-21 02:08:32.630 23064 23263 D AiViewModel: run[9] chunk[41].preview='":'
02-21 02:08:32.759 23064 23133 D AiViewModel: run[9] chunk[42].preview='␠true'
02-21 02:08:32.895 23064 23068 I com.negi.survey: Background young concurrent mark compact GC freed 23MB AllocSpace bytes, 0(0B) LOS objects, 78% free, 6608KB/30MB, paused 8.010ms,3.818ms total 104.081ms
02-21 02:08:32.981 23064 23133 D AiViewModel: run[9] chunk[43].preview=','
02-21 02:08:33.103 23064 23263 D AiViewModel: run[9] chunk[44].preview='␠"'
02-21 02:08:33.328 23064 23133 D AiViewModel: run[9] chunk[45].preview='follow'
02-21 02:08:33.453 23064 23133 D AiViewModel: run[9] chunk[46].preview='up'
02-21 02:08:33.662 23064 23133 D AiViewModel: run[9] chunk[47].preview='_'
02-21 02:08:33.788 23064 23133 D AiViewModel: run[9] chunk[48].preview='target'
02-21 02:08:33.980 23064 23133 D AiViewModel: run[9] chunk[49].preview='":'
02-21 02:08:34.119 23064 23263 D AiViewModel: run[9] chunk[50].preview='␠"'
02-21 02:08:34.336 23064 23263 D AiViewModel: run[9] chunk[51].preview='Please'
02-21 02:08:34.461 23064 23263 D AiViewModel: run[9] chunk[52].preview='␠provide'
02-21 02:08:34.663 23064 23263 D AiViewModel: run[9] chunk[53].preview='␠yield'
02-21 02:08:34.812 23064 23133 D AiViewModel: run[9] chunk[54].preview='␠loss'
02-21 02:08:34.979 23064 23133 D AiViewModel: run[9] chunk[55].preview='␠data'
02-21 02:08:35.197 23064 23133 D AiViewModel: run[9] chunk[56].preview='␠for'
02-21 02:08:35.318 23064 23263 D AiViewModel: run[9] chunk[57].preview='␠the'
02-21 02:08:35.539 23064 23263 D AiViewModel: run[9] chunk[58].preview='␠last'
02-21 02:08:35.663 23064 23263 D AiViewModel: run[9] chunk[59].preview='␠'
02-21 02:08:35.850 23064 23263 D AiViewModel: run[9] chunk[60].preview='3'
02-21 02:08:36.050 23064 23263 D AiViewModel: run[9] chunk[61].preview='␠seasons'
02-21 02:08:36.167 23064 23133 D AiViewModel: run[9] chunk[62].preview='.",'
02-21 02:08:36.348 23064 23133 D AiViewModel: run[9] chunk[63].preview='␠"'
02-21 02:08:36.520 23064 23133 D AiViewModel: run[9] chunk[64].preview='score'
02-21 02:08:36.727 23064 23133 D AiViewModel: run[9] chunk[65].preview='":'
02-21 02:08:36.864 23064 23133 D AiViewModel: run[9] chunk[66].preview='␠'
02-21 02:08:37.083 23064 23133 D AiViewModel: run[9] chunk[67].preview='1'
02-21 02:08:37.208 23064 23133 D AiViewModel: run[9] chunk[68].preview='}'
02-21 02:08:37.414 23064 23064 D LiteRtRepository: [9] logical done=true (waiting native termination safe point)
02-21 02:08:37.414 23064 23064 D LiteRtRepository: [9] cleanUpListener (native termination safe point)
02-21 02:08:37.416 23064 23133 D LiteRtRepository: [9] scheduleResetAfterSafepoint: begin (tag='native-terminated')
02-21 02:08:37.418 23064 23261 D AiViewModel: run[9] stats: chunks=68, chars=269, raw.len=269
02-21 02:08:37.418 23064 23260 D LiteRtRepository: [9] resetConversation ok (after safepoint, tag='native-terminated')
02-21 02:08:37.418 23064 23260 D LiteRtRepository: [9] scheduleResetAfterSafepoint: end (tag='native-terminated')
02-21 02:08:37.420 23064 23261 D AiViewModel: run[9] sha(raw)=0118133caa2bb1ade77109bcf7eca9587fb3b3a133546ec25294d987068c092b
02-21 02:08:37.421 23064 23261 D AiViewModel: run[9] rawVisible='{"analysis":␠"Answer␠is␠giberish␠and␠irrelevant.",␠"weakness":␠"No␠yield␠loss␠data␠provided.␠The␠answer␠is␠nonsensical␠and␠does␠not␠address␠the␠question.",␠"followup_needed":␠true,␠"followup_target":␠"Please␠provide␠yield␠loss␠data␠for␠the␠'
02-21 02:08:37.427 23064 23261 D AiViewModel: run[9]: EVAL_JSON parsed score=1 followups=0 fu0=''
02-21 02:08:37.428 23064 23261 D AiViewModel: stepHistory+ runId=9 phase=EVAL mode=EVAL_JSON raw.len=269 score=1 FU=0 FU0='<none>' timeout=false err=null
02-21 02:08:37.429 23064 23261 I AiViewModel: run[9] done: phase=EVAL mode=EVAL_JSON score=1 FU[0]=<none> commit=true err=<none>
02-21 02:08:37.430 23064 23261 I AiScreen: TWO_STEP shouldRunSecond runId=ai-Q1-1698530953-1698530953071300 node=Q1 role=FOLLOWUP followup_needed=true timedOut=false rawLen=269
02-21 02:08:37.431 23064 23261 D SurveyVM: getFollowupPrompt[Q1] -> len=502 evalLen=269
02-21 02:08:37.431 23064 23261 D AiViewModel: run[10]: mode=FOLLOWUP_JSON_OR_TEXT phase=FOLLOWUP commit=false prompt.len=502, fullPrompt.len=1551, timeoutMs=120000
02-21 02:08:37.432 23064 23261 D AiViewModel: run[10]: sha(prompt)=2fdbc93697b72816308c1751d9f6bfa610fb02decf335f286821bbf4f8164c18 sha(full)=d94e8f90ec599f21dadc019b32a1c77dff84cc8a22b7d9c13efd16d5bbc580f0
02-21 02:08:37.442 23064 24074 D LiteRtRepository: [10] request start: model='Gemma3n4B', prompt.len=1551, sha=d94e8f90ec599f21, gateWaitMs=0
02-21 02:08:37.443 23064 24074 D LiteRtRepository: [10] initializeIfNeeded ok (initMs=0)
02-21 02:08:37.443 23064 24074 D LiteRtLM: Cooldown delay: key='Gemma3n4B|/data/user/0/com.negi.survey/files/gemma-3n-E4B-it-int4.litertlm' delay=172ms reason='runInference-start'
02-21 02:08:37.459 23064 23064 D AiScreen: Step rendered (context=sid=1|nid=Q1 node=Q1 runId=9 phase=EVAL mode=EVAL_JSON showJson=true twoStep=true rawLen=269 followups=0 timedOut=false)
02-21 02:08:37.681 23064 23261 I native  : I0000 00:00:1771668517.680949   23261 model_data_processor_factory.cc:266] Creating Gemma3DataProcessor
02-21 02:08:37.681 23064 23261 D LiteRtLM: resetConversationInternal done: key='Gemma3n4B|/data/user/0/com.negi.survey/files/gemma-3n-E4B-it-int4.litertlm' reason='resetConversation'
02-21 02:08:37.681 23064 23261 D LiteRtLM: runInference start: key='Gemma3n4B|/data/user/0/com.negi.survey/files/gemma-3n-E4B-it-int4.litertlm' runId=10 hasText=true textLen=1551 images=0 audioClips=0
02-21 02:08:37.681 23064 23261 I LiteRtLM: LiteRT-LM sendMessageAsync(text): key='Gemma3n4B|/data/user/0/com.negi.survey/files/gemma-3n-E4B-it-int4.litertlm' runId=10 len=1551
02-21 02:08:37.682 23064 23261 I native  : I0000 00:00:1771668517.682792   23261 session_basic.cc:312] RunPrefillAsync: 
02-21 02:08:37.682 23064 23261 I native  : I0000 00:00:1771668517.682830   23261 session_basic.cc:314] <start_of_turn>user
02-21 02:08:37.682 23064 23261 I native  : You are a well-known farmer survey expert. Read the Question and the Answer.
02-21 02:08:37.682 23064 23261 I native  : OUTPUT FORMAT:
02-21 02:08:37.682 23064 23261 I native  : - In English.
02-21 02:08:37.682 23064 23261 I native  : - Return ONLY the follow-up question as plain text on ONE LINE.
02-21 02:08:37.682 23064 23261 I native  : - Do NOT output JSON.
02-21 02:08:37.682 23064 23261 I native  : - Do NOT wrap the question in quotes.
02-21 02:08:37.682 23064 23261 I native  : - No prefixes, no bullet points, no extra text.
02-21 02:08:37.682 23064 23261 I native  : 
02-21 02:08:37.682 23064 23261 I native  : RULES:
02-21 02:08:37.682 23064 23261 I native  : - Use ONLY the EVAL JSON input.
02-21 02:08:37.682 23064 23261 I native  : - If followup_needed is false, output an EMPTY string (no characters).
02-21 02:08:37.682 23064 23261 I native  : - If true, target exactly followup_target.
02-21 02:08:37.682 23064 23261 I native  : - Single-scope, concrete, answerable immediately.
02-21 02:08:37.682 23064 23261 I native  : - Do not introduce new topics or additional objectives.
02-21 02:08:37.682 23064 23261 I native  : LENGTH LIMITS:
02-21 02:08:37.682 23064 23261 I native  : - follow-up question (text)<=120 chars
02-21 02:08:37.682 23064 23261 I native  : Scoring rule: Judge ONLY content relevance/completeness/accuracy. Do NOT penalize style or formatting.
02-21 02:08:37.682 23064 23261 I native  : STRICT OUTPUT (NO MARKDOWN):
02-21 02:08:37.682 23064 23261 I native  : - If the task is EVAL: output RAW JSON only, ONE LINE.
02-21 02:08:37.682 23064 23261 I native  :   - Use COMPACT JSON (no spaces around ':' and ',').
02-21 02:08:37.682 23064 23261 I native  :   - No extra text.
02-21 02:08:37.682 23064 23261 I native  : - If the task is FOLLOWUP: output ONLY the follow-up question as plain text on ONE LINE, or EMPTY output if none.
02-21 02:08:37.682 23064 23261 I native  :   - No JSON, no quotes, no extra text.
02-21 02:08:37.682 23064 23261 I native  : Respond with an empty JSON object: {}
02-21 02:08:37.682 23064 23261 I native  : INPUT:
02-21 02:08:37.682 23064 23261 I native  : Task: FOLLOWUP
02-21 02:08:37.682 23064 23261 I native  : - Read the EVAL JSON.
02-21 02:08:37.682 23064 23261 I native  : - If followup_needed is false: output EMPTY (no characters).
02-21 02:08:37.682 23064 23261 I native  : - If true: output ONE follow-up question as plain text, one line, targeting exactly followup_target.
02-21 02:08:37.682 23064 23261 I native  : - Do NOT output JSON.
02-21 02:08:37.682 23064 23261 I native  : 
02-21 02:08:37.682 23064 23261 I native  : EVAL_JSON: {"analysis": "Answer is giberish and irrelevant.", "weakness": "No yield loss data provided. The answer is nonsensical and does not address the question.", "followup_needed": true, "followup_target": "Please provide yield loss data for the last 3 seasons.", "score": 1}<end_of_turn>
02-21 02:08:37.682 23064 23261 I native  : <start_of_turn>model
02-21 02:08:37.949 23064 23228 I native  : I0000 00:00:1771668517.949245   23228 session_basic.cc:350] RunPrefillAsync status: OK
02-21 02:08:37.949 23064 23228 I native  : I0000 00:00:1771668517.949433   23228 session_basic.cc:470] RunDecodeAsync
02-21 02:08:39.790 23064 23261 D AiViewModel: run[10] chunk[1].preview='Please'
02-21 02:08:39.938 23064 23261 D AiViewModel: run[10] chunk[2].preview='␠provide'
02-21 02:08:40.156 23064 23261 D AiViewModel: run[10] chunk[3].preview='␠yield'
02-21 02:08:40.284 23064 23261 D AiViewModel: run[10] chunk[4].preview='␠loss'
02-21 02:08:40.507 23064 23261 D AiViewModel: run[10] chunk[5].preview='␠data'
02-21 02:08:40.624 23064 23261 D AiViewModel: run[10] chunk[6].preview='␠for'
02-21 02:08:40.796 23064 23261 D AiViewModel: run[10] chunk[7].preview='␠the'
02-21 02:08:41.006 23064 23261 D AiViewModel: run[10] chunk[8].preview='␠last'
02-21 02:08:41.137 23064 23261 D AiViewModel: run[10] chunk[9].preview='␠'
02-21 02:08:41.357 23064 23261 D AiViewModel: run[10] chunk[10].preview='3'
02-21 02:08:41.475 23064 23261 D AiViewModel: run[10] chunk[11].preview='␠seasons'
02-21 02:08:41.708 23064 23261 D AiViewModel: run[10] chunk[12].preview='.'
02-21 02:08:41.824 23064 23064 D LiteRtRepository: [10] logical done=true (waiting native termination safe point)
02-21 02:08:41.825 23064 23064 D LiteRtRepository: [10] cleanUpListener (native termination safe point)
02-21 02:08:41.825 23064 23157 D LiteRtRepository: [10] scheduleResetAfterSafepoint: begin (tag='native-terminated')
02-21 02:08:41.826 23064 23153 D AiViewModel: run[10] stats: chunks=12, chars=54, raw.len=54
02-21 02:08:41.826 23064 23153 D AiViewModel: run[10] sha(raw)=f10d88c9344096987f1daa92ae2ee184c3a1bfc348bd5b7d31b52068b1dc50f1
02-21 02:08:41.827 23064 23153 D AiViewModel: run[10] rawVisible='Please␠provide␠yield␠loss␠data␠for␠the␠last␠3␠seasons.'
02-21 02:08:41.827 23064 23153 D AiViewModel: run[10]: FOLLOWUP parse extractorQ='' textQ='Please␠provide␠yield␠loss␠data␠for␠the␠last␠3␠seasons.' best='Please␠provide␠yield␠loss␠data␠for␠the␠last␠3␠seasons.'
02-21 02:08:41.827 23064 23153 D AiViewModel: stepHistory+ runId=10 phase=FOLLOWUP mode=FOLLOWUP_JSON_OR_TEXT raw.len=54 score=null FU=1 FU0='Please␠provide␠yield␠loss␠data␠for␠the␠last␠3␠seasons.' timeout=false err=null
02-21 02:08:41.827 23064 23153 I AiViewModel: run[10] done: phase=FOLLOWUP mode=FOLLOWUP_JSON_OR_TEXT score=null FU[0]=Please provide yield loss data for the last 3 seasons. commit=false err=<none>
02-21 02:08:41.828 23064 23133 D LiteRtRepository: [10] resetConversation ok (after safepoint, tag='native-terminated')
02-21 02:08:41.829 23064 23133 D LiteRtRepository: [10] scheduleResetAfterSafepoint: end (tag='native-terminated')
02-21 02:08:41.841 23064 23064 I AiScreen: Follow-up persisted (context=sid=1|nid=Q1 node=Q1 runId=10 phase=FOLLOWUP mode=FOLLOWUP_JSON_OR_TEXT twoStep=true len=54 preview="Please provide yield loss data for the last 3 seasons." displayedAsPlain=true)
02-21 02:08:41.842 23064 23064 D AiScreen: Step rendered (context=sid=1|nid=Q1 node=Q1 runId=10 phase=FOLLOWUP mode=FOLLOWUP_JSON_OR_TEXT showJson=false twoStep=true rawLen=54 followups=1 timedOut=false)
02-21 02:08:41.891 23064 23064 D InsetsController: show(ime())
02-21 02:08:41.891 23064 23064 I ImeTracker: com.negi.survey:dc99d507: onRequestShow at ORIGIN_CLIENT reason SHOW_SOFT_INPUT_BY_INSETS_API fromUser false
02-21 02:08:41.891 23064 23064 D InsetsController: Setting requestedVisibleTypes to 511 (was 503)
02-21 02:08:41.896 23064 23064 I ImeTracker: com.negi.survey:de54265c: onRequestShow at ORIGIN_CLIENT reason SHOW_SOFT_INPUT fromUser false
02-21 02:08:41.896 23064 23064 D InsetsController: show(ime())
02-21 02:08:41.896 23064 23064 I ImeTracker: com.negi.survey:de54265c: onCancelled at PHASE_CLIENT_REPORT_REQUESTED_VISIBLE_TYPES
02-21 02:08:41.977 23064 23064 D WindowOnBackDispatcher: setTopOnBackInvokedCallback (unwrapped): android.view.ImeBackAnimationController@9ccca13
02-21 02:08:42.042 23064 23064 D VRI[MainActivity]: WindowInsets changed: ime:[0,0,0,1043] 
02-21 02:08:42.091 23064 24076 I native  : I0000 00:00:1771668522.091516   24076 model_data_processor_factory.cc:266] Creating Gemma3DataProcessor
02-21 02:08:42.091 23064 24076 D LiteRtLM: resetConversationInternal done: key='Gemma3n4B|/data/user/0/com.negi.survey/files/gemma-3n-E4B-it-int4.litertlm' reason='resetConversation'
02-21 02:08:42.368 23064 23064 I ImeTracker: com.negi.survey:dc99d507: onShown
02-21 02:08:42.556 23064 23068 I com.negi.survey: Background concurrent mark compact GC freed 24MB AllocSpace bytes, 0(0B) LOS objects, 79% free, 6344KB/30MB, paused 1.080ms,1.520ms total 207.525ms
02-21 02:08:49.601 23064 23068 I com.negi.survey: Background young concurrent mark compact GC freed 23MB AllocSpace bytes, 0(0B) LOS objects, 78% free, 6624KB/30MB, paused 1.161ms,2.059ms total 142.083ms
02-21 02:08:56.997 23064 23068 I com.negi.survey: Background concurrent mark compact GC freed 23MB AllocSpace bytes, 0(0B) LOS objects, 79% free, 6456KB/30MB, paused 1.078ms,1.374ms total 141.399ms
02-21 02:09:06.104 23064 23068 I com.negi.survey: Background young concurrent mark compact GC freed 24MB AllocSpace bytes, 0(0B) LOS objects, 78% free, 6580KB/30MB, paused 3.015ms,4.335ms total 162.858ms
02-21 02:09:14.931 23064 23068 I com.negi.survey: Background concurrent mark compact GC freed 23MB AllocSpace bytes, 0(0B) LOS objects, 79% free, 6492KB/30MB, paused 4.036ms,4.457ms total 238.415ms
02-21 02:09:23.988 23064 23068 I com.negi.survey: Background young concurrent mark compact GC freed 24MB AllocSpace bytes, 0(0B) LOS objects, 78% free, 6664KB/30MB, paused 4.243ms,17.615ms total 233.178ms
02-21 02:09:32.337 23064 23068 W com.negi.survey: Suspending all threads took: 12.335ms
02-21 02:09:32.395 23064 23068 I com.negi.survey: Background concurrent mark compact GC freed 23MB AllocSpace bytes, 0(0B) LOS objects, 79% free, 6464KB/30MB, paused 21.575ms,10.902ms total 170.706ms
02-21 02:09:41.546 23064 23068 I com.negi.survey: Background young concurrent mark compact GC freed 24MB AllocSpace bytes, 0(0B) LOS objects, 78% free, 6568KB/30MB, paused 3.332ms,4.878ms total 188.556ms
02-21 02:10:49.193 24234 24234 I libc    : SetHeapTaggingLevel: tag level set to 0
02-21 02:10:49.203 24234 24234 I Zygote  : Process 24234 created for com.negi.survey
02-21 02:10:49.204 24234 24234 I com.negi.survey: Using CollectorTypeCMC GC.
02-21 02:10:49.245 24234 24234 D nativeloader: Load libframework-connectivity-tiramisu-jni.so using APEX ns com_android_tethering for caller /apex/com.android.tethering/javalib/framework-connectivity-t.jar: ok
02-21 02:10:49.269 24234 24234 D ApplicationLoaders: Returning zygote-cached class loader: /system_ext/framework/androidx.window.extensions.jar
02-21 02:10:49.269 24234 24234 D ApplicationLoaders: Returning zygote-cached class loader: /system_ext/framework/androidx.window.sidecar.jar
02-21 02:10:49.287 24234 24234 D nativeloader: Configuring clns-9 for other apk /data/app/~~HU8I5BwRlThUJ_L9xesq-w==/com.negi.survey-tIRUS1Q2A5dya9XN181Epw==/base.apk. target_sdk_version=36, uses_libraries=libOpenCL.so:libOpenCL-pixel.so, library_path=/data/app/~~HU8I5BwRlThUJ_L9xesq-w==/com.negi.survey-tIRUS1Q2A5dya9XN181Epw==/lib/arm64:/data/app/~~HU8I5BwRlThUJ_L9xesq-w==/com.negi.survey-tIRUS1Q2A5dya9XN181Epw==/base.apk!/lib/arm64-v8a, permitted_path=/data:/mnt/expand:/data/user/0/com.negi.survey
02-21 02:10:49.299 24234 24234 V GraphicsEnvironment: Currently set values for:
02-21 02:10:49.300 24234 24234 V GraphicsEnvironment:   angle_gl_driver_selection_pkgs=[com.android.angle, com.google.android.apps.tachyon]
02-21 02:10:49.300 24234 24234 V GraphicsEnvironment:   angle_gl_driver_selection_values=[angle, native]
02-21 02:10:49.300 24234 24234 V GraphicsEnvironment: com.negi.survey is not listed in per-application setting
02-21 02:10:49.300 24234 24234 V GraphicsEnvironment: ANGLE allowlist from config: 
02-21 02:10:49.300 24234 24234 V GraphicsEnvironment: No special selections for ANGLE, returning default driver choice
02-21 02:10:49.300 24234 24234 V GraphicsEnvironment: Neither updatable production driver nor prerelease driver is supported.
02-21 02:10:49.317 24234 24234 D AppRingLogStore: installed: dir=/data/user/0/com.negi.survey/files/diagnostics/applog_ring idx=0
02-21 02:10:49.317 24234 24234 D SurveyApp: attachBaseContext: pid=24234 process=com.negi.survey isMain=true sdk=36
02-21 02:10:49.317 24234 24234 D SurveyApp: Skipping WorkManager init in attachBaseContext; will init in onCreate.
02-21 02:10:49.318 24234 24234 D CrashCapture: install: ensured default handler. where=SurveyApp:attachBaseContext pid=24234 default=com.negi.survey.CrashCapture$CrashHandler@c280a86
02-21 02:10:49.318 24234 24234 D SurveyApp: CrashCapture installed: where=SurveyApp:attachBaseContext
02-21 02:10:49.318 24234 24234 D SurveyApp: onCreate: pid=24234 process=com.negi.survey isMain=true sdk=36
02-21 02:10:49.322 24234 24257 D RuntimeLogStore: openWriter: start -> /data/user/0/com.negi.survey/files/diagnostics/runtime_logs/rtlog_20260221_101049_312_pid24234_seq1.log (bytes=0 format=LEGACY)
02-21 02:10:49.325 24234 24257 D RuntimeLogStore: retention: start files=10 kept=10 totalBytes=156897
02-21 02:10:49.329 24234 24234 D WM-PackageManagerHelper: Skipping component enablement for androidx.work.impl.background.systemjob.SystemJobService
02-21 02:10:49.329 24234 24234 D WM-Schedulers: Created SystemJobScheduler and enabled SystemJobService
02-21 02:10:49.331 24234 24234 D SurveyApp: WorkManager already ready. where=onCreate
02-21 02:10:49.331 24234 24234 D SurveyApp: WorkManager already ready. where=startupRtLogs
02-21 02:10:49.339 24234 24259 D WM-ForceStopRunnable: Is default app process = true
02-21 02:10:49.341 24234 24259 D WM-ForceStopRunnable: Performing cleanup operations.
02-21 02:10:49.366 24234 24259 E ashmem  : Pinning is deprecated since Android Q. Please use trim or other methods.
02-21 02:10:49.382 24234 24259 D WM-SystemJobScheduler: Reconciling jobs
02-21 02:10:49.393 24234 24259 D WM-ForceStopRunnable: Application was force-stopped, rescheduling.
02-21 02:10:49.413 24234 24234 D github_upload: choosePolicy: uniqueName=upload_runtime_logs_startup policy=REPLACE states=[FAILED]
02-21 02:10:49.413 24234 24234 D github_upload: enqueueStartupRuntimeLogsUpload: uniqueName=upload_runtime_logs_startup policy=REPLACE
02-21 02:10:49.414 24234 24234 D SurveyApp: Startup runtime logs: enqueue requested.
02-21 02:10:49.414 24234 24234 D CrashCapture: install: ensured default handler. where=SurveyApp:onCreate(rewrap) pid=24234 default=com.negi.survey.CrashCapture$CrashHandler@c280a86
02-21 02:10:49.414 24234 24234 D SurveyApp: CrashCapture installed: where=SurveyApp:onCreate(rewrap)
02-21 02:10:49.414 24234 24234 D CrashCapture: registerSelfHealing: ActivityLifecycleCallbacks registered. mode=onResumedOnly
02-21 02:10:49.414 24234 24234 D SurveyApp: CrashCapture self-healing registered.
02-21 02:10:49.414 24234 24234 D SurveyApp: WorkManager already ready. where=enqueuePending(immediate)
02-21 02:10:49.414 24234 24234 D SurveyApp: CrashCapture pending uploads requested (immediate).
02-21 02:10:49.416 24234 24265 D CrashCapture: enqueuePendingCrashUploadsIfPossible enter where=SurveyApp:enqueuePending(immediate):bg pid=24234 thread=CrashCapture-Enqueue
02-21 02:10:49.427 24234 24234 D DesktopExperienceFlags: Toggle override initialized to: false
02-21 02:10:49.429 24234 24269 I DisplayManager: Choreographer implicitly registered for the refresh rate.
02-21 02:10:49.431 24234 24269 D vulkan  : searching for layers in '/data/app/~~HU8I5BwRlThUJ_L9xesq-w==/com.negi.survey-tIRUS1Q2A5dya9XN181Epw==/lib/arm64'
02-21 02:10:49.431 24234 24234 D CrashCapture: install: ensured default handler. where=install(legacy) pid=24234 default=com.negi.survey.CrashCapture$CrashHandler@c280a86
02-21 02:10:49.433 24234 24269 D vulkan  : searching for layers in '/data/app/~~HU8I5BwRlThUJ_L9xesq-w==/com.negi.survey-tIRUS1Q2A5dya9XN181Epw==/base.apk!/lib/arm64-v8a'
02-21 02:10:49.434 24234 24276 D CrashCapture: enqueuePendingCrashUploadsIfPossible skipped (already running). where=enqueue(legacy):bg
02-21 02:10:49.434 24234 24267 D UploadRescheduleRcvr: No GitHub pending files for action=android.intent.action.BOOT_COMPLETED
02-21 02:10:49.436 24234 24259 D WM-SystemJobScheduler: Scheduling work ID 0069f5ed-891a-4a79-a1e1-51f9d27fcce5Job ID 457
02-21 02:10:49.437 24234 24234 D CompatChangeReporter: Compat change id reported: 377864165; UID 14738; state: ENABLED
02-21 02:10:49.437 24234 24234 D DesktopModeFlags: Toggle override initialized to: OVERRIDE_UNSET
02-21 02:10:49.444 24234 24234 I ContentCaptureHelper: Setting logging level to OFF
02-21 02:10:49.445 24234 24234 D CrashCapture: install: ensured default handler. where=selfHeal:onActivityResumed pid=24234 default=com.negi.survey.CrashCapture$CrashHandler@c280a86
02-21 02:10:49.450 24234 24259 D WM-GreedyScheduler: Starting tracking for 0069f5ed-891a-4a79-a1e1-51f9d27fcce5
02-21 02:10:49.452 24234 24267 D github_upload: choosePolicy: uniqueName=upload_runtime_logs_startup policy=KEEP states=[ENQUEUED]
02-21 02:10:49.452 24234 24267 D github_upload: enqueueStartupRuntimeLogsUpload: uniqueName=upload_runtime_logs_startup policy=KEEP
02-21 02:10:49.453 24234 24267 D UploadRescheduleRcvr: Enqueued runtime logs upload for action=android.intent.action.BOOT_COMPLETED reason=receiver_boot_completed
02-21 02:10:49.459 24234 24259 D WM-PackageManagerHelper: androidx.work.impl.background.systemalarm.RescheduleReceiver enabled
02-21 02:10:49.465 24234 24263 D WM-ConstraintTracker: NetworkStateTracker24: initial state = NetworkState(isConnected=true, isValidated=true, isMetered=false, isNotRoaming=true, isBlocked=false)
02-21 02:10:49.465 24234 24263 D WM-NetworkStateTracker: Registering network callback
02-21 02:10:49.472 24234 24259 D WM-GreedyScheduler: Constraints met: Scheduling work ID WorkGenerationalId(workSpecId=0069f5ed-891a-4a79-a1e1-51f9d27fcce5, generation=0)
02-21 02:10:49.474 24234 24280 D WM-NetworkStateTracker: Network capabilities changed: [ Transports: WIFI Capabilities: NOT_METERED&INTERNET&NOT_RESTRICTED&TRUSTED&NOT_VPN&VALIDATED&NOT_ROAMING&FOREGROUND&NOT_CONGESTED&NOT_SUSPENDED&NOT_VCN_MANAGED&NOT_BANDWIDTH_CONSTRAINED LinkUpBandwidth>=13861Kbps LinkDnBandwidth>=101944Kbps TransportInfo: <SSID: <unknown ssid>, BSSID: 02:00:00:00:00:00, MAC: 02:00:00:00:00:00, IP: /192.168.1.27, Security type: 2, Supplicant state: COMPLETED, Wi-Fi standard: 11ac, RSSI: -39, Link speed: 866Mbps, Tx Link speed: 866Mbps, Max Supported Tx Link speed: 866Mbps, Rx Link speed: 866Mbps, Max Supported Rx Link speed: 866Mbps, Frequency: 5805MHz, Net ID: -1, Metered hint: false, score: 60, isUsable: true, CarrierMerged: false, SubscriptionId: -1, IsPrimary: -1, Trusted: true, Restricted: false, Ephemeral: false, OEM paid: false, OEM private: false, OSU AP: false, FQDN: <none>, Provider friendly name: <none>, Requesting package name: <none><none>MLO Information: , Is TID-To-Link negotiation supported by the AP: false, AP MLD Address: <none>, AP MLO Link Id: <none>, AP MLO Affiliated links: <none>, Vendor Data: <none>> SignalStrength: -39 UnderlyingNetworks: Null]
02-21 02:10:49.474 24234 24280 D WM-NetworkStateTracker: Network blocked status changed: false
02-21 02:10:49.477 24234 24259 D WM-Processor: Processor: processing WorkGenerationalId(workSpecId=0069f5ed-891a-4a79-a1e1-51f9d27fcce5, generation=0)
02-21 02:10:49.502 24234 24234 D WindowOnBackDispatcher: setTopOnBackInvokedCallback (unwrapped): android.app.Activity$$ExternalSyntheticLambda0@c098a3a
02-21 02:10:49.533 24234 24234 E VibratorInfo: Invalid frequency profile received from HAL. resonantFrequencyHz=NaN, frequenciesHz=null, outputAccelerationsGs=null
02-21 02:10:49.573 24234 24234 D VRI[MainActivity]: WindowInsets changed: 1080x2424 statusBars:[0,152,0,0] navigationBars:[0,0,0,69] mandatorySystemGestures:[0,187,0,92] 
02-21 02:10:49.579 24234 24234 I HWUI    : Using FreeType backend (prop=Auto)
