=== Previous Session Logcat ===
captured_time_utc=20260222_025333
captured_time_local=20260221_185333
marker=2026-02-21 18:45:29.218
preferred_prev_pid=-1
note=best-effort; buffers may be overwritten before next start
sdk=36
device=Google Pixel 9a
appId=com.negi.survey
versionName=0.0.1
versionCode=1

=== Logcat (since marker) ===
--------- beginning of system
02-21 18:45:29.493 30458 30458 D InsetsController: hide(ime())
02-21 18:45:30.520 30458 30458 W NotificationManager: Shedding notify (update) of NotificationKey[user=UserHandle{0}, pkg=com.negi.survey, tag=null, id=10970], rate limit (5.0) exceeded: input 7.246742, output would be 5.0782394
02-21 18:45:31.531 30458 30458 W NotificationManager: Shedding notify (update) of NotificationKey[user=UserHandle{0}, pkg=com.negi.survey, tag=null, id=3272], rate limit (5.0) exceeded: input 112.61797, output would be 5.0991106
02-21 18:45:32.531 30458 30458 W NotificationManager: Shedding notify (update) of NotificationKey[user=UserHandle{0}, pkg=com.negi.survey, tag=null, id=4708], rate limit (5.0) exceeded: input 138.51393, output would be 5.2184744
02-21 18:45:33.550 30458 30458 W NotificationManager: Shedding notify (update) of NotificationKey[user=UserHandle{0}, pkg=com.negi.survey, tag=null, id=5118], rate limit (5.0) exceeded: input 138.92421, output would be 5.1478357
02-21 18:45:34.562 30458 30458 W NotificationManager: Shedding notify (update) of NotificationKey[user=UserHandle{0}, pkg=com.negi.survey, tag=null, id=5118], rate limit (5.0) exceeded: input 149.05566, output would be 5.0931444
02-21 18:45:36.055 30458 30458 W NotificationManager: Shedding notify (update) of NotificationKey[user=UserHandle{0}, pkg=com.negi.survey, tag=null, id=9361], rate limit (5.0) exceeded: input 16.625692, output would be 5.8119717
02-21 18:45:37.060 30458 30458 W NotificationManager: Shedding notify (update) of NotificationKey[user=UserHandle{0}, pkg=com.negi.survey, tag=null, id=5118], rate limit (5.0) exceeded: input 125.012794, output would be 6.8939114
02-21 18:45:38.065 30458 30458 W NotificationManager: Shedding notify (update) of NotificationKey[user=UserHandle{0}, pkg=com.negi.survey, tag=null, id=5118], rate limit (5.0) exceeded: input 159.2024, output would be 5.14515
02-21 18:45:39.065 30458 30458 W NotificationManager: Shedding notify (update) of NotificationKey[user=UserHandle{0}, pkg=com.negi.survey, tag=null, id=8337], rate limit (5.0) exceeded: input 81.801285, output would be 6.608542
02-21 18:45:41.100 30458 30458 W NotificationManager: Shedding notify (update) of NotificationKey[user=UserHandle{0}, pkg=com.negi.survey, tag=null, id=8337], rate limit (5.0) exceeded: input 10.648551, output would be 5.6707997
--------- beginning of main
02-21 18:53:32.834 31184 31184 I libc    : SetHeapTaggingLevel: tag level set to 0
02-21 18:53:32.837 31184 31184 I Zygote  : Process 31184 created for com.negi.survey
02-21 18:53:32.838 31184 31184 I com.negi.survey: Using CollectorTypeCMC GC.
02-21 18:53:32.848 31184 31184 D nativeloader: Load libframework-connectivity-tiramisu-jni.so using APEX ns com_android_tethering for caller /apex/com.android.tethering/javalib/framework-connectivity-t.jar: ok
02-21 18:53:32.878 31184 31184 D ApplicationLoaders: Returning zygote-cached class loader: /system_ext/framework/androidx.window.extensions.jar
02-21 18:53:32.878 31184 31184 D ApplicationLoaders: Returning zygote-cached class loader: /system_ext/framework/androidx.window.sidecar.jar
02-21 18:53:32.908 31184 31184 D nativeloader: Configuring clns-9 for other apk /data/app/~~RgI7znZfSSdKGBIirHFCSA==/com.negi.survey-hGnEv1Jw9k3PCRufuocXEw==/base.apk. target_sdk_version=36, uses_libraries=libOpenCL.so:libOpenCL-pixel.so, library_path=/data/app/~~RgI7znZfSSdKGBIirHFCSA==/com.negi.survey-hGnEv1Jw9k3PCRufuocXEw==/lib/arm64:/data/app/~~RgI7znZfSSdKGBIirHFCSA==/com.negi.survey-hGnEv1Jw9k3PCRufuocXEw==/base.apk!/lib/arm64-v8a, permitted_path=/data:/mnt/expand:/data/user/0/com.negi.survey
02-21 18:53:32.922 31184 31184 V GraphicsEnvironment: Currently set values for:
02-21 18:53:32.922 31184 31184 V GraphicsEnvironment:   angle_gl_driver_selection_pkgs=[com.android.angle, com.google.android.apps.tachyon]
02-21 18:53:32.922 31184 31184 V GraphicsEnvironment:   angle_gl_driver_selection_values=[angle, native]
02-21 18:53:32.922 31184 31184 V GraphicsEnvironment: com.negi.survey is not listed in per-application setting
02-21 18:53:32.922 31184 31184 V GraphicsEnvironment: ANGLE allowlist from config: 
02-21 18:53:32.922 31184 31184 V GraphicsEnvironment: No special selections for ANGLE, returning default driver choice
02-21 18:53:32.922 31184 31184 V GraphicsEnvironment: Neither updatable production driver nor prerelease driver is supported.
02-21 18:53:32.936 31184 31184 D AppRingLogStore: installed: dir=/data/user/0/com.negi.survey/files/diagnostics/applog_ring idx=0
02-21 18:53:32.937 31184 31198 D RuntimeLogStore: openWriter: start -> /data/user/0/com.negi.survey/files/diagnostics/runtime_logs/rtlog_20260222_025332_934_pid31184_seq1.log (bytes=0 format=LEGACY)
02-21 18:53:32.937 31184 31184 D CrashCapture: install: ensured default handler. where=SurveyApp:attachBaseContext pid=31184 default=com.negi.survey.CrashCapture$CrashHandler@b690374
02-21 18:53:32.943 31184 31198 D RuntimeLogStore: retention: start files=2 kept=2 totalBytes=1270
02-21 18:53:32.947 31184 31184 D WM-PackageManagerHelper: Skipping component enablement for androidx.work.impl.background.systemjob.SystemJobService
02-21 18:53:32.947 31184 31184 D WM-Schedulers: Created SystemJobScheduler and enabled SystemJobService
02-21 18:53:32.950 31184 31200 D WM-ForceStopRunnable: Is default app process = true
02-21 18:53:32.950 31184 31200 D WM-ForceStopRunnable: Performing cleanup operations.
02-21 18:53:32.972 31184 31200 E ashmem  : Pinning is deprecated since Android Q. Please use trim or other methods.
02-21 18:53:33.025 31184 31200 D WM-SystemJobScheduler: Reconciling jobs
02-21 18:53:33.039 31184 31200 D WM-ForceStopRunnable: Application was force-stopped, rescheduling.
02-21 18:53:33.075 31184 31184 D github_upload: choosePolicy: uniqueName=upload_runtime_logs_startup policy=REPLACE states=[SUCCEEDED]
02-21 18:53:33.075 31184 31184 D github_upload: enqueueStartupRuntimeLogsUpload: uniqueName=upload_runtime_logs_startup policy=REPLACE
02-21 18:53:33.127 31184 31204 D WM-SystemJobScheduler: Scheduling work ID 2e0c0c7a-0356-4bb3-9794-afae74625ab7Job ID 648
02-21 18:53:33.132 31184 31204 D WM-GreedyScheduler: Starting tracking for 2e0c0c7a-0356-4bb3-9794-afae74625ab7
02-21 18:53:33.133 31184 31184 D github_upload: choosePolicy: uniqueName=upload_ring_logs_startup policy=REPLACE states=[FAILED]
02-21 18:53:33.133 31184 31184 D github_upload: enqueueStartupRingLogsUpload: uniqueName=upload_ring_logs_startup policy=REPLACE
02-21 18:53:33.141 31184 31184 D CrashCapture: install: ensured default handler. where=SurveyApp:onCreate(rewrap) pid=31184 default=com.negi.survey.CrashCapture$CrashHandler@b690374
02-21 18:53:33.141 31184 31184 D CrashCapture: registerSelfHealing: ActivityLifecycleCallbacks registered. mode=onResumedOnly
02-21 18:53:33.145 31184 31205 D CrashCapture: enqueuePendingCrashUploadsIfPossible enter where=SurveyApp:enqueuePending(immediate):bg pid=31184 thread=CrashCapture-Enqueue
02-21 18:53:33.150 31184 31208 I DisplayManager: Choreographer implicitly registered for the refresh rate.
02-21 18:53:33.150 31184 31208 D vulkan  : searching for layers in '/data/app/~~RgI7znZfSSdKGBIirHFCSA==/com.negi.survey-hGnEv1Jw9k3PCRufuocXEw==/lib/arm64'
02-21 18:53:33.151 31184 31208 D vulkan  : searching for layers in '/data/app/~~RgI7znZfSSdKGBIirHFCSA==/com.negi.survey-hGnEv1Jw9k3PCRufuocXEw==/base.apk!/lib/arm64-v8a'
02-21 18:53:33.153 31184 31184 D DesktopExperienceFlags: Toggle override initialized to: false
02-21 18:53:33.154 31184 31206 D UploadRescheduleRcvr: No GitHub pending files for action=android.intent.action.BOOT_COMPLETED
02-21 18:53:33.164 31184 31184 D CompatChangeReporter: Compat change id reported: 377864165; UID 14738; state: ENABLED
02-21 18:53:33.164 31184 31184 D DesktopModeFlags: Toggle override initialized to: OVERRIDE_UNSET
02-21 18:53:33.169 31184 31200 D WM-SystemJobScheduler: Scheduling work ID 9075a605-0234-4817-bb70-74747f21db76Job ID 649
02-21 18:53:33.172 31184 31200 D WM-GreedyScheduler: Starting tracking for 9075a605-0234-4817-bb70-74747f21db76,2e0c0c7a-0356-4bb3-9794-afae74625ab7
02-21 18:53:33.174 31184 31184 I ContentCaptureHelper: Setting logging level to OFF
02-21 18:53:33.176 31184 31206 D github_upload: choosePolicy: uniqueName=upload_runtime_logs_startup policy=KEEP states=[ENQUEUED]
02-21 18:53:33.176 31184 31206 D github_upload: enqueueStartupRuntimeLogsUpload: uniqueName=upload_runtime_logs_startup policy=KEEP
02-21 18:53:33.176 31184 31206 D UploadRescheduleRcvr: Enqueued runtime logs upload for action=android.intent.action.BOOT_COMPLETED reason=receiver_boot_completed
02-21 18:53:33.177 31184 31184 D CrashCapture: install: ensured default handler. where=selfHeal:onActivityResumed pid=31184 default=com.negi.survey.CrashCapture$CrashHandler@b690374
02-21 18:53:33.181 31184 31204 D WM-PackageManagerHelper: androidx.work.impl.background.systemalarm.RescheduleReceiver enabled
02-21 18:53:33.186 31184 31204 D WM-ConstraintTracker: NetworkStateTracker24: initial state = NetworkState(isConnected=true, isValidated=true, isMetered=false, isNotRoaming=true, isBlocked=false)
02-21 18:53:33.186 31184 31204 D WM-NetworkStateTracker: Registering network callback
02-21 18:53:33.199 31184 31220 D WM-NetworkStateTracker: Network capabilities changed: [ Transports: WIFI Capabilities: NOT_METERED&INTERNET&NOT_RESTRICTED&TRUSTED&NOT_VPN&VALIDATED&NOT_ROAMING&FOREGROUND&NOT_CONGESTED&NOT_SUSPENDED&NOT_VCN_MANAGED&NOT_BANDWIDTH_CONSTRAINED LinkUpBandwidth>=13861Kbps LinkDnBandwidth>=101782Kbps TransportInfo: <SSID: <unknown ssid>, BSSID: 02:00:00:00:00:00, MAC: 02:00:00:00:00:00, IP: /192.168.1.27, Security type: 2, Supplicant state: COMPLETED, Wi-Fi standard: 11ac, RSSI: -32, Link speed: 866Mbps, Tx Link speed: 866Mbps, Max Supported Tx Link speed: 866Mbps, Rx Link speed: 780Mbps, Max Supported Rx Link speed: 866Mbps, Frequency: 5805MHz, Net ID: -1, Metered hint: false, score: 60, isUsable: true, CarrierMerged: false, SubscriptionId: -1, IsPrimary: -1, Trusted: true, Restricted: false, Ephemeral: false, OEM paid: false, OEM private: false, OSU AP: false, FQDN: <none>, Provider friendly name: <none>, Requesting package name: <none><none>MLO Information: , Is TID-To-Link negotiation supported by the AP: false, AP MLD Address: <none>, AP MLO Link Id: <none>, AP MLO Affiliated links: <none>, Vendor Data: <none>> SignalStrength: -32 UnderlyingNetworks: Null]
02-21 18:53:33.199 31184 31220 D WM-NetworkStateTracker: Network blocked status changed: false
02-21 18:53:33.202 31184 31204 D WM-GreedyScheduler: Constraints met: Scheduling work ID WorkGenerationalId(workSpecId=2e0c0c7a-0356-4bb3-9794-afae74625ab7, generation=0)
02-21 18:53:33.205 31184 31204 D WM-Processor: Processor: processing WorkGenerationalId(workSpecId=2e0c0c7a-0356-4bb3-9794-afae74625ab7, generation=0)
02-21 18:53:33.205 31184 31204 D WM-GreedyScheduler: Constraints met: Scheduling work ID WorkGenerationalId(workSpecId=9075a605-0234-4817-bb70-74747f21db76, generation=0)
02-21 18:53:33.220 31184 31202 D WM-Processor: Processor: processing WorkGenerationalId(workSpecId=9075a605-0234-4817-bb70-74747f21db76, generation=0)
02-21 18:53:33.223 31184 31184 D WindowOnBackDispatcher: setTopOnBackInvokedCallback (unwrapped): android.app.Activity$$ExternalSyntheticLambda0@7f61006
02-21 18:53:33.250 31184 31184 E VibratorInfo: Invalid frequency profile received from HAL. resonantFrequencyHz=NaN, frequenciesHz=null, outputAccelerationsGs=null
02-21 18:53:33.295 31184 31184 D VRI[MainActivity]: WindowInsets changed: 1080x2424 statusBars:[0,152,0,0] navigationBars:[0,0,0,69] mandatorySystemGestures:[0,187,0,92] 
02-21 18:53:33.300 31184 31184 I HWUI    : Using FreeType backend (prop=Auto)
