=== Previous Session Logcat ===
captured_time_utc=20260929_045018
captured_time_local=20260928_215018
marker=2026-09-28 21:33:07.035
preferred_prev_pid=-1
note=best-effort; buffers may be overwritten before next start
sdk=36
device=Google Pixel 9a
appId=com.negi.survey
versionName=0.0.1
versionCode=1

=== Logcat (since marker) ===
--------- beginning of main
09-28 21:50:15.420 16453 16453 I Zygote  : Process 16453 created for com.negi.survey
09-28 21:50:15.420 16453 16453 I com.negi.survey: Late-enabling -Xcheck:jni
09-28 21:50:15.488 16453 16453 I com.negi.survey: Using CollectorTypeCMC GC.
09-28 21:50:15.494 16453 16453 D nativeloader: Load libframework-connectivity-tiramisu-jni.so using APEX ns com_android_tethering for caller /apex/com.android.tethering/javalib/framework-connectivity-t.jar: ok
09-28 21:50:15.513 16453 16453 D ApplicationLoaders: Returning zygote-cached class loader: /system_ext/framework/androidx.window.extensions.jar
09-28 21:50:15.513 16453 16453 D ApplicationLoaders: Returning zygote-cached class loader: /system_ext/framework/androidx.window.sidecar.jar
09-28 21:50:15.914 16453 16453 D nativeloader: Configuring clns-9 for other apk /data/app/~~SiP0q4NFIVjcqopXVRnZYQ==/com.negi.survey-iAoZWe1-JBnhcoSjyoPtmA==/base.apk. target_sdk_version=36, uses_libraries=libOpenCL.so:libOpenCL-pixel.so, library_path=/data/app/~~SiP0q4NFIVjcqopXVRnZYQ==/com.negi.survey-iAoZWe1-JBnhcoSjyoPtmA==/lib/arm64:/data/app/~~SiP0q4NFIVjcqopXVRnZYQ==/com.negi.survey-iAoZWe1-JBnhcoSjyoPtmA==/base.apk!/lib/arm64-v8a, permitted_path=/data:/mnt/expand:/data/user/0/com.negi.survey
09-28 21:50:15.919 16453 16453 V GraphicsEnvironment: Currently set values for:
09-28 21:50:15.919 16453 16453 V GraphicsEnvironment:   angle_gl_driver_selection_pkgs=[com.android.angle]
09-28 21:50:15.919 16453 16453 V GraphicsEnvironment:   angle_gl_driver_selection_values=[angle]
09-28 21:50:15.919 16453 16453 V GraphicsEnvironment: com.negi.survey is not listed in per-application setting
09-28 21:50:15.919 16453 16453 V GraphicsEnvironment: No special selections for ANGLE, returning default driver choice
09-28 21:50:15.919 16453 16453 V GraphicsEnvironment: Neither updatable production driver nor prerelease driver is supported.
09-28 21:50:15.949 16453 16453 D nativeloader: Load /data/app/~~SiP0q4NFIVjcqopXVRnZYQ==/com.negi.survey-iAoZWe1-JBnhcoSjyoPtmA==/base.apk!/lib/arm64-v8a/liblitertlm_jni.so using class loader ns clns-9 (caller=/data/app/~~SiP0q4NFIVjcqopXVRnZYQ==/com.negi.survey-iAoZWe1-JBnhcoSjyoPtmA==/base.apk!classes10.dex): ok
09-28 21:50:15.949 16453 16453 D SurveyApp: Loaded LiteRTLM JNI: litertlm_jni where=attachBaseContext
09-28 21:50:15.959 16453 16453 D AppRingLogStore: installed: dir=/data/user/0/com.negi.survey/files/diagnostics/applog_ring idx=0
09-28 21:50:15.959 16453 16453 D SurveyApp: attachBaseContext: pid=16453 process=com.negi.survey isMain=true sdk=36
09-28 21:50:15.959 16453 16453 D SurveyApp: bootTiming: attachBaseContext total=30ms
09-28 21:50:15.959 16453 16453 D SurveyApp: Skipping WorkManager init in attachBaseContext; will init lazily on first enqueue.
09-28 21:50:15.961 16453 16453 D CrashCapture: install: ensured default handler. where=SurveyApp:attachBaseContext pid=16453 default=com.negi.survey.CrashCapture$CrashHandler@80b8781
09-28 21:50:15.961 16453 16453 D SurveyApp: CrashCapture installed: where=SurveyApp:attachBaseContext
09-28 21:50:15.966 16453 16471 D RuntimeLogStore: openWriter: start -> /data/user/0/com.negi.survey/files/diagnostics/runtime_logs/rtlog_20260929_045015_956_pid16453_seq1.log (bytes=0 format=LEGACY)
09-28 21:50:15.967 16453 16453 E com.negi.survey: hiddenapi: Accessing hidden method Landroid/net/ssl/EchConfigMismatchException;->getRetryConfigList()Landroid/net/ssl/EchConfigList; (runtime_flags=0, domain=core-platform, api=blocked) from /data/app/~~SiP0q4NFIVjcqopXVRnZYQ==/com.negi.survey-iAoZWe1-JBnhcoSjyoPtmA==/base.apk!classes17.dex (domain=app, TargetSdkVersion=36) using linking: denied
09-28 21:50:15.967 16453 16453 E com.negi.survey: hiddenapi: Accessing hidden method Landroid/net/ssl/EchConfigList;->toBytes()[B (runtime_flags=0, domain=core-platform, api=blocked) from /data/app/~~SiP0q4NFIVjcqopXVRnZYQ==/com.negi.survey-iAoZWe1-JBnhcoSjyoPtmA==/base.apk!classes17.dex (domain=app, TargetSdkVersion=36) using linking: denied
09-28 21:50:15.968 16453 16453 E com.negi.survey: hiddenapi: Accessing hidden method Landroid/net/ssl/EchConfigList;->fromBytes([B)Landroid/net/ssl/EchConfigList; (runtime_flags=0, domain=core-platform, api=blocked) from /data/app/~~SiP0q4NFIVjcqopXVRnZYQ==/com.negi.survey-iAoZWe1-JBnhcoSjyoPtmA==/base.apk!classes17.dex (domain=app, TargetSdkVersion=36) using linking: denied
09-28 21:50:15.968 16453 16453 E com.negi.survey: hiddenapi: Accessing hidden method Landroid/net/ssl/SSLSockets;->setEchConfigList(Ljavax/net/ssl/SSLSocket;Landroid/net/ssl/EchConfigList;)V (runtime_flags=0, domain=core-platform, api=blocked) from /data/app/~~SiP0q4NFIVjcqopXVRnZYQ==/com.negi.survey-iAoZWe1-JBnhcoSjyoPtmA==/base.apk!classes17.dex (domain=app, TargetSdkVersion=36) using linking: denied
09-28 21:50:15.968 16453 16471 D RuntimeLogStore: retention: start files=2 kept=2 totalBytes=9242
09-28 21:50:15.972 16453 16453 D SurveyApp: LiteRTLM JNI already loaded; skip. where=onCreate(retry)
09-28 21:50:15.972 16453 16453 D SurveyApp: bootTiming: RuntimeLogStore.start took=0ms
09-28 21:50:15.972 16453 16453 D SurveyApp: bootTiming: AppRingLogStore.install took=0ms
09-28 21:50:15.973 16453 16453 D SurveyApp: onCreate: pid=16453 process=com.negi.survey isMain=true sdk=36
09-28 21:50:15.976 16453 16453 D CrashCapture: install: ensured default handler. where=SurveyApp:onCreate(rewrap) pid=16453 default=com.negi.survey.CrashCapture$CrashHandler@80b8781
09-28 21:50:15.976 16453 16453 D SurveyApp: CrashCapture installed: where=SurveyApp:onCreate(rewrap)
09-28 21:50:15.976 16453 16453 D CrashCapture: registerSelfHealing: ActivityLifecycleCallbacks registered. mode=onResumedOnly
09-28 21:50:15.976 16453 16453 D SurveyApp: CrashCapture self-healing registered.
09-28 21:50:15.977 16453 16453 W SurveyApp: Startup enqueues deferred: delay=2500ms (to reduce init contention)
09-28 21:50:15.977 16453 16453 D SurveyApp: Startup survey recovery deferred: delay=2500ms
09-28 21:50:15.977 16453 16453 D SurveyApp: bootTiming: onCreate total=5ms
--------- beginning of system
09-28 21:50:15.982 16453 16476 I DisplayManager: Choreographer implicitly registered for the refresh rate.
09-28 21:50:15.982 16453 16476 D vulkan  : searching for layers in '/data/app/~~SiP0q4NFIVjcqopXVRnZYQ==/com.negi.survey-iAoZWe1-JBnhcoSjyoPtmA==/lib/arm64'
09-28 21:50:15.982 16453 16476 D vulkan  : searching for layers in '/data/app/~~SiP0q4NFIVjcqopXVRnZYQ==/com.negi.survey-iAoZWe1-JBnhcoSjyoPtmA==/base.apk!/lib/arm64-v8a'
09-28 21:50:15.987 16453 16473 I UploadRescheduleRcvr: Survey recovery action=android.intent.action.BOOT_COMPLETED discovered=0 reconciled=0 duplicates=0 unclassified=0 operationalFailures=0 classifications={}
09-28 21:50:15.988 16453 16473 D UploadRescheduleRcvr: No generic GitHub pending files for action=android.intent.action.BOOT_COMPLETED
09-28 21:50:15.989 16453 16453 D DesktopExperienceFlags: Toggle override initialized to: false
09-28 21:50:15.999 16453 16473 D github_upload: enqueueStartupRuntimeLogsUpload: uniqueName=upload_runtime_logs_startup policy=KEEP session=startup_runtime_20260929_045015_b2ae2106
09-28 21:50:16.000 16453 16453 D CompatChangeReporter: Compat change id reported: 377864165; UID 14949; state: ENABLED
09-28 21:50:16.000 16453 16453 D DesktopModeFlags: Toggle override initialized to: OVERRIDE_UNSET
09-28 21:50:16.011 16453 16453 I ContentCaptureHelper: Setting logging level to OFF
09-28 21:50:16.012 16453 16453 D CrashCapture: install: ensured default handler. where=selfHeal:onActivityResumed pid=16453 default=com.negi.survey.CrashCapture$CrashHandler@80b8781
09-28 21:50:16.022 16453 16473 D WM-PackageManagerHelper: Skipping component enablement for androidx.work.impl.background.systemjob.SystemJobService
09-28 21:50:16.022 16453 16473 D WM-Schedulers: Created SystemJobScheduler and enabled SystemJobService
09-28 21:50:16.024 16453 16488 D WM-ForceStopRunnable: Is default app process = true
09-28 21:50:16.025 16453 16488 D WM-ForceStopRunnable: Performing cleanup operations.
09-28 21:50:16.029 16453 16473 D UploadRescheduleRcvr: Enqueued runtime logs upload for action=android.intent.action.BOOT_COMPLETED reason=receiver_boot_completed
09-28 21:50:16.039 16453 16453 D WindowOnBackDispatcher: setTopOnBackInvokedCallback (unwrapped): android.app.Activity$$ExternalSyntheticLambda0@b18ae1e
09-28 21:50:16.039 16453 16488 D WM-SystemJobScheduler: Reconciling jobs
09-28 21:50:16.047 16453 16488 D WM-ForceStopRunnable: Application was force-stopped, rescheduling.
09-28 21:50:16.071 16453 16491 D WM-SystemJobScheduler: Scheduling work ID 30481c78-866b-4eff-b82f-2aba08f09d29Job ID 26
09-28 21:50:16.074 16453 16491 D WM-GreedyScheduler: Starting tracking for 30481c78-866b-4eff-b82f-2aba08f09d29
09-28 21:50:16.081 16453 16492 D WM-WorkConstraintsTrack: NetworkRequestConstraintController register shared callback
09-28 21:50:16.085 16453 16492 D WM-PackageManagerHelper: androidx.work.impl.background.systemalarm.RescheduleReceiver enabled
09-28 21:50:16.088 16453 16493 D WM-WorkConstraintsTrack: NetworkRequestConstraintController onCapabilitiesChanged callback
09-28 21:50:16.088 16453 16493 D WM-WorkConstraintsTrack: Not dispatching constraint state yet: isBlocked=null, capabilitiesInitialized=true
09-28 21:50:16.088 16453 16493 D WM-WorkConstraintsTrack: NetworkRequestConstraintController onBlockedStatusChanged callback false
09-28 21:50:16.089 16453 16491 D WM-GreedyScheduler: Constraints met: Scheduling work ID WorkGenerationalId(workSpecId=30481c78-866b-4eff-b82f-2aba08f09d29, generation=0)
09-28 21:50:16.094 16453 16491 D WM-Processor: Processor: processing WorkGenerationalId(workSpecId=30481c78-866b-4eff-b82f-2aba08f09d29, generation=0)
09-28 21:50:16.128 16453 16490 I com.negi.survey: hiddenapi: Accessing hidden method Landroid/database/sqlite/SQLiteDatabase;->getThreadSession()Landroid/database/sqlite/SQLiteSession; (runtime_flags=0, domain=platform, api=unsupported) from Landroidx/sqlite/db/framework/FrameworkSQLiteDatabase; (domain=app, TargetSdkVersion=36) using reflection: allowed
09-28 21:50:16.128 16453 16490 I com.negi.survey: hiddenapi: Accessing hidden method Landroid/database/sqlite/SQLiteSession;->beginTransaction(ILandroid/database/sqlite/SQLiteTransactionListener;ILandroid/os/CancellationSignal;)V (runtime_flags=0, domain=platform, api=unsupported) from Landroidx/sqlite/db/framework/FrameworkSQLiteDatabase; (domain=app, TargetSdkVersion=36) using reflection: allowed
09-28 21:50:16.177 16453 16453 D VRI[MainActivity]: WindowInsets changed: 1080x2424 statusBars:[0,152,0,0] navigationBars:[0,0,0,69] mandatorySystemGestures:[0,187,0,92] 
09-28 21:50:16.188 16453 16453 I HWUI    : Using FreeType backend (prop=Auto)
09-28 21:50:16.253 16453 16453 I com.negi.survey: hiddenapi: Accessing hidden method Landroid/os/SystemProperties;->addChangeCallback(Ljava/lang/Runnable;)V (runtime_flags=0, domain=platform, api=unsupported) from Landroidx/compose/ui/platform/AndroidComposeView$Companion; (domain=app, TargetSdkVersion=36) using reflection: allowed
09-28 21:50:16.261 16453 16453 D WM-WorkerWrapper: Starting work for com.negi.survey.net.GitHubUploadWorker
09-28 21:50:16.278 16453 16453 D WM-SystemJobService: onStartJob for WorkGenerationalId(workSpecId=30481c78-866b-4eff-b82f-2aba08f09d29, generation=0)
09-28 21:50:16.278 16453 16488 I WM-Processor: Moving WorkSpec (30481c78-866b-4eff-b82f-2aba08f09d29) to the foreground
09-28 21:50:16.286 16453 16453 I WM-SystemFgDispatcher: Started foreground service Intent { act=ACTION_START_FOREGROUND xflg=0x4 cmp=com.negi.survey/androidx.work.impl.foreground.SystemForegroundService (has extras) }
09-28 21:50:16.287 16453 16453 D WM-SystemFgDispatcher: Notifying with (id:11035, workSpecId: 30481c78-866b-4eff-b82f-2aba08f09d29, notificationType :1)
09-28 21:50:16.288 16453 16453 D InsetsController: hide(ime())
09-28 21:50:16.288 16453 16453 I ImeTracker: com.negi.survey:51b04704: onCancelled at PHASE_CLIENT_ALREADY_HIDDEN
09-28 21:50:16.288 16453 16453 D WM-SystemFgDispatcher: Notifying with (id:11035, workSpecId: 30481c78-866b-4eff-b82f-2aba08f09d29, notificationType :1)
09-28 21:50:16.296 16453 16488 D WM-Processor: Work WorkGenerationalId(workSpecId=30481c78-866b-4eff-b82f-2aba08f09d29, generation=0) is already enqueued for processing
09-28 21:50:16.297 16453 16488 D WM-WorkProgressUpdater: Updating progress for 30481c78-866b-4eff-b82f-2aba08f09d29 (Data {pct : 3, mode : startup_runtime_logs})
09-28 21:50:16.315 16453 16491 I WM-Processor: Moving WorkSpec (30481c78-866b-4eff-b82f-2aba08f09d29) to the foreground
09-28 21:50:16.317 16453 16453 D WM-SystemFgDispatcher: Notifying with (id:11035, workSpecId: 30481c78-866b-4eff-b82f-2aba08f09d29, notificationType :1)
09-28 21:50:16.319 16453 16491 D WM-WorkConstraintsTrack: NetworkRequestConstraintController send initial capabilities
09-28 21:50:16.505 16453 16459 I com.negi.survey: Compiler allocated 5038KB to compile void android.view.ViewRootImpl.performTraversals()
09-28 21:50:16.595 16453 16453 D IntroScreen: Resolved config details: id=survey_config10.yaml in 340ms
09-28 21:50:16.698 16453 16464 W com.negi.survey: userfaultfd: MOVE ioctl seems unsupported: Try again
09-28 21:50:16.706 16453 16464 I com.negi.survey: Explicit concurrent mark compact GC freed 10MB AllocSpace bytes, 13(420KB) LOS objects, 81% free, 5691KB/29MB, paused 444us,1.063ms total 28.792ms
09-28 21:50:16.745 16453 16464 I com.negi.survey: Explicit concurrent mark compact GC freed 320KB AllocSpace bytes, 1(20KB) LOS objects, 81% free, 5691KB/29MB, paused 225us,849us total 18.929ms
09-28 21:50:17.497 16453 16471 D RuntimeLogStore: openWriter: rotate:plain_snapshot:receiver_boot_completed -> /data/user/0/com.negi.survey/files/diagnostics/runtime_logs/rtlog_20260929_045017_496_pid16453_seq2.log (bytes=0 format=LEGACY)
09-28 21:50:17.497 16453 16471 D RuntimeLogStore: retention: rotate:plain_snapshot:receiver_boot_completed files=3 kept=3 totalBytes=11041
09-28 21:50:17.512 16453 16474 D github_upload: doRuntimeLogsUpload: remoteBaseDir=diagnostics/runtime_logs/2026-09-29/runtime_logs_startup_runtime_20260929_045015_b2ae2106_receiver_boot_completed toUpload=2 bytes=10706 dedupe=true deleteSource=true deletedSourcePre=0 preview='runtime_log_20260929_045017_501_pid16453_receiver_boot_completed__rtlog_20260929_045015_956_pid16453_seq1.log|runtime_log_20260929_045017_501_pid16453_receiver_boot_completed__rtlog_20260929_043305_905_pid11907_seq2.log'
09-28 21:50:17.514 16453 16474 D GitHubUploader: uploadStream: owner=ishizuki-tech repo=SurveyExports branch=main path=diagnostics/runtime_logs/2026-09-29/runtime_logs_startup_runtime_20260929_045015_b2ae2106_receiver_boot_completed/runtime_log_20260929_045017_501_pid16453_receiver_boot_completed__rtlog_20260929_045015_956_pid16453_seq1.log size=1781 maxRawBytesHint=1000000 maxRequestBytesHint=2800000
09-28 21:50:17.516 16453 16488 D WM-WorkProgressUpdater: Updating progress for 30481c78-866b-4eff-b82f-2aba08f09d29 (Data {pct : 10, mode : startup_runtime_logs})
09-28 21:50:17.518 16453 16488 I WM-Processor: Moving WorkSpec (30481c78-866b-4eff-b82f-2aba08f09d29) to the foreground
09-28 21:50:17.523 16453 16453 D WM-SystemFgDispatcher: Notifying with (id:11035, workSpecId: 30481c78-866b-4eff-b82f-2aba08f09d29, notificationType :1)
09-28 21:50:17.934 16453 16491 D WM-WorkProgressUpdater: Updating progress for 30481c78-866b-4eff-b82f-2aba08f09d29 (Data {pct : 14, mode : startup_runtime_logs})
09-28 21:50:17.938 16453 16491 I WM-Processor: Moving WorkSpec (30481c78-866b-4eff-b82f-2aba08f09d29) to the foreground
09-28 21:50:17.944 16453 16491 D WM-WorkProgressUpdater: Updating progress for 30481c78-866b-4eff-b82f-2aba08f09d29 (Data {pct : 50, mode : startup_runtime_logs})
09-28 21:50:17.947 16453 16453 D WM-SystemFgDispatcher: Notifying with (id:11035, workSpecId: 30481c78-866b-4eff-b82f-2aba08f09d29, notificationType :1)
09-28 21:50:17.952 16453 16491 I WM-Processor: Moving WorkSpec (30481c78-866b-4eff-b82f-2aba08f09d29) to the foreground
09-28 21:50:17.954 16453 16453 D WM-SystemFgDispatcher: Notifying with (id:11035, workSpecId: 30481c78-866b-4eff-b82f-2aba08f09d29, notificationType :1)
09-28 21:50:18.397 16453 16464 I com.negi.survey: Explicit concurrent mark compact GC freed 2377KB AllocSpace bytes, 9(260KB) LOS objects, 80% free, 5860KB/29MB, paused 127us,1.187ms total 30.675ms
09-28 21:50:18.432 16453 16464 I com.negi.survey: Explicit concurrent mark compact GC freed 288KB AllocSpace bytes, 1(20KB) LOS objects, 80% free, 5828KB/29MB, paused 165us,916us total 23.923ms
09-28 21:50:18.478 16453 16453 W SurveyApp: Deferred startup enqueues begin...
09-28 21:50:18.478 16453 16453 D SurveyApp: WorkManager available. where=startupRtLogs(immediate) took=0ms
09-28 21:50:18.480 16453 16453 D SurveyApp: Startup runtime logs target -> owner=ishizuki-tech repo=SurveyExports branch=main base='/diagnostics/runtime_logs'
09-28 21:50:18.481 16453 16453 D github_upload: enqueueStartupRuntimeLogsUpload: uniqueName=upload_runtime_logs_startup policy=KEEP session=startup_runtime_20260929_045018_2bdcae1c
09-28 21:50:18.481 16453 16453 D SurveyApp: Startup runtime logs: enqueue requested (immediate).
09-28 21:50:18.481 16453 16453 D SurveyApp: WorkManager available. where=startupRingLogs(immediate) took=0ms
09-28 21:50:18.482 16453 16453 D SurveyApp: Startup ring logs target -> owner=ishizuki-tech repo=SurveyExports branch=main base='/diagnostics/applog_ring'
09-28 21:50:18.483 16453 16453 D github_upload: enqueueStartupRingLogsUpload: uniqueName=upload_ring_logs_startup policy=KEEP session=startup_ring_20260929_045018_41530337
09-28 21:50:18.483 16453 16453 D SurveyApp: Startup ring logs: enqueue requested (immediate).
09-28 21:50:18.483 16453 16453 D SurveyApp: WorkManager available. where=enqueuePending(immediate) took=0ms
09-28 21:50:18.484 16453 16453 D SurveyApp: CrashCapture pending uploads requested (immediate).
09-28 21:50:18.484 16453 16453 W SurveyApp: Deferred startup enqueues done: took=6ms
09-28 21:50:18.485 16453 16549 D CrashCapture: enqueuePendingCrashUploadsIfPossible enter where=SurveyApp:enqueuePending(immediate):bg pid=16453 thread=CrashCapture-Enqueue
09-28 21:50:18.485 16453 16473 D SurveyApp: Survey recovery WorkManager available. where=startupSurveyUploads(initial) took=0ms
09-28 21:50:18.494 16453 16473 D SurveyApp: Startup survey recovery complete: discovered=0 attempted=0 submitted=0 active=0 trackerUnconfirmed=0 uploaded=0 deferred=0 invalid=0 operationalFailures=0 duplicates=0 unclassified=0
09-28 21:50:18.507 16453 16490 D WM-SystemJobScheduler: Scheduling work ID 89bae77a-92ca-45f7-98c4-93a04a9b69d7Job ID 27
09-28 21:50:18.511 16453 16490 D WM-GreedyScheduler: Starting tracking for 89bae77a-92ca-45f7-98c4-93a04a9b69d7
09-28 21:50:18.512 16453 16453 D WM-SystemJobService: onStartJob for WorkGenerationalId(workSpecId=89bae77a-92ca-45f7-98c4-93a04a9b69d7, generation=0)
09-28 21:50:18.516 16453 16490 D WM-Processor: Processor: processing WorkGenerationalId(workSpecId=89bae77a-92ca-45f7-98c4-93a04a9b69d7, generation=0)
