=== Previous Session Logcat ===
captured_time_utc=20260928_230702
captured_time_local=20260928_180702
marker=2026-09-28 18:04:39.983
preferred_prev_pid=-1
note=best-effort; buffers may be overwritten before next start
sdk=36
device=samsung SM-S731U
appId=com.negi.survey
versionName=0.0.1
versionCode=1

=== Logcat (since marker) ===
--------- beginning of main
09-28 18:04:39.983 21847 21885 W SurveyApp: Startup survey recovery: GitHub config unavailable (initial).
09-28 18:04:39.983 21847 21885 W SurveyApp: Startup survey recovery: scheduling one retry; reason=config delay=1600ms
09-28 18:04:39.989 21847 21923 D CrashCapture: Persisted logcat marker for next run: 2026-09-28 18:04:39.983
09-28 18:04:39.989 21847 21923 D CrashCapture: No crash artifacts found; skipping enqueue. where=SurveyApp:enqueuePending(immediate):bg
09-28 18:04:41.577 21847 21847 D SurveyApp: WorkManager available. where=startupRtLogs(delayed) took=0ms
09-28 18:04:41.583 21847 21847 D SurveyApp: Startup runtime logs: GitHub config not available (delayed).
09-28 18:04:41.583 21847 21847 D SurveyApp: Startup runtime logs: retry already scheduled; reason=config
09-28 18:04:41.584 21847 21847 D SurveyApp: WorkManager available. where=startupRingLogs(delayed) took=0ms
09-28 18:04:41.588 21847 21847 D SurveyApp: Startup ring logs: GitHub config not available (delayed).
09-28 18:04:41.589 21847 21847 D SurveyApp: Startup ring logs: retry already scheduled; reason=config
09-28 18:04:41.592 21847 21885 D SurveyApp: Survey recovery WorkManager available. where=startupSurveyUploads(delayed) took=0ms
09-28 18:04:41.594 21847 21885 W SurveyApp: Startup survey recovery: GitHub config unavailable (delayed).
09-28 18:04:41.594 21847 21885 W SurveyApp: Startup survey recovery: retry exhausted; reason=config
09-28 18:04:43.106 21847 21929 D ProfileInstaller: Installing profile for com.negi.survey
09-28 18:04:43.369 21847 21847 I VRI[MainActivity]@85c53e4: ViewPostIme pointer 0
09-28 18:04:43.377 21847 21847 I VRI[MainActivity]@85c53e4: call setFrameRateCategory for touch hint category=high hint, reason=touch, vri=VRI[MainActivity]@85c53e4
09-28 18:04:43.453 21847 21847 I VRI[MainActivity]@85c53e4: ViewPostIme pointer 1
09-28 18:04:45.744 21847 21847 I VRI[MainActivity]@85c53e4: ViewPostIme pointer 0
09-28 18:04:45.853 21847 21847 I VRI[MainActivity]@85c53e4: ViewPostIme pointer 1
09-28 18:04:45.859 21847 21847 D MainActivity: Intro -> Start session. epoch=1, file=survey_config10.yaml
09-28 18:04:45.892 21847 21847 I View    : setRequestedFrameRate frameRate=-4.0, this=android.view.View{7413b69 V.ED..... ........ 0,0-0,0}, caller=androidx.compose.ui.platform.Api35Impl.setRequestedFrameRate:4047 androidx.compose.ui.platform.AndroidComposeView.dispatchDraw:2282 android.view.View.draw:26758 android.view.View.updateDisplayListIfDirty:25577 android.view.View.draw:26477 
09-28 18:04:45.897 21847 21885 D SurveyConfigLoader: fromStringStrictValidated -> format=YAML, reason=file extension .yml/.yaml, firstLine='ai_interaction:', leading='ai_interaction:\n  max_followups...' file='survey_config10.yaml'
09-28 18:04:45.898 21847 21847 I View    : setRequestedFrameRate frameRate=NaN, this=android.view.View{7413b69 V.ED..... ........ 0,0-0,0}, caller=androidx.compose.ui.platform.Api35Impl.setRequestedFrameRate:4047 androidx.compose.ui.platform.AndroidComposeView.dispatchDraw:2282 android.view.View.draw:26758 android.view.View.updateDisplayListIfDirty:25577 android.view.ViewGroup.recreateChildDisplayList:4881 
09-28 18:04:45.969 21847 21885 D SurveyConfigLoader: strict config loaded (survey_config10.yaml): legacy=10(one=0,inline2=10) splitEval=0 splitFollow=0 followMode=TEXT legacyIds=[Q7,Q8,Q9,Q10,Q11,Q12,Q13,Q14] evalIds=[-] followIds=[-]
09-28 18:04:45.974 21847 21885 D SurveyConfigLoader: fromStringStrictValidated -> issues=0 (legacy=10(one=0,inline2=10) splitEval=0 splitFollow=0 followMode=TEXT legacyIds=[Q7,Q8,Q9,Q10,Q11,Q12,Q13,Q14] evalIds=[-] followIds=[-])
09-28 18:04:45.974 21847 21847 D MainActivity: Config loaded. session=survey_config10.yaml@1
09-28 18:04:45.990 21847 21847 D MainActivity: DownloadGate idle -> start download. session=survey_config10.yaml@1
09-28 18:04:46.027 21847 21885 I HeavyInitializer: phase=download-start file=gemma-3n-E4B-it-int4.litertlm forceFresh=false
09-28 18:04:46.041 21847 21847 I View    : setRequestedFrameRate frameRate=-4.0, this=android.view.View{7413b69 V.ED..... ........ 0,0-0,0}, caller=androidx.compose.ui.platform.Api35Impl.setRequestedFrameRate:4047 androidx.compose.ui.platform.AndroidComposeView.dispatchDraw:2282 android.view.View.draw:26758 android.view.View.updateDisplayListIfDirty:25577 android.view.View.draw:26477 
09-28 18:04:46.049 21847 21847 I View    : setRequestedFrameRate frameRate=NaN, this=android.view.View{7413b69 V.ED..... ........ 0,0-0,0}, caller=androidx.compose.ui.platform.Api35Impl.setRequestedFrameRate:4047 androidx.compose.ui.platform.AndroidComposeView.dispatchDraw:2282 android.view.View.draw:26758 android.view.View.updateDisplayListIfDirty:25577 android.view.ViewGroup.recreateChildDisplayList:4881 
09-28 18:04:46.469 21847 21885 W HttpUrlFileDl: Attempt 1 failed: IOException: HEAD HTTP 401
09-28 18:04:46.472 21847 21885 W HttpUrlFileDl: Retrying in 569ms...
09-28 18:04:47.100 21847 21857 W com.negi.survey: userfaultfd: MOVE ioctl seems unsupported: Try again
09-28 18:04:47.187 21847 21885 W HttpUrlFileDl: Attempt 2 failed: IOException: HEAD HTTP 401
09-28 18:04:47.187 21847 21885 W HttpUrlFileDl: Retrying in 1229ms...
09-28 18:04:48.618 21847 21885 W HttpUrlFileDl: Attempt 3 failed: IOException: HEAD HTTP 401
09-28 18:04:48.623 21847 21885 W HeavyInitializer: phase=failed file=gemma-3n-E4B-it-int4.litertlm message=Authorization failed (HF token?) totalMs=2594
09-28 18:04:48.623 21847 21885 W HeavyInitializer: java.io.IOException: Download failed after 3 attempts: HEAD HTTP 401
09-28 18:04:48.623 21847 21885 W HeavyInitializer: 	at com.negi.survey.net.HttpUrlFileDownloader$downloadToFile$3.invokeSuspend(HttpUrlFileDownloader.kt:660)
09-28 18:04:48.623 21847 21885 W HeavyInitializer: 	at kotlin.coroutines.jvm.internal.BaseContinuationImpl.resumeWith(ContinuationImpl.kt:34)
09-28 18:04:48.623 21847 21885 W HeavyInitializer: 	at kotlinx.coroutines.DispatchedTask.run(DispatchedTask.kt:100)
09-28 18:04:48.623 21847 21885 W HeavyInitializer: 	at kotlinx.coroutines.internal.LimitedDispatcher$Worker.run(LimitedDispatcher.kt:124)
09-28 18:04:48.623 21847 21885 W HeavyInitializer: 	at kotlinx.coroutines.scheduling.TaskImpl.run(Tasks.kt:89)
09-28 18:04:48.623 21847 21885 W HeavyInitializer: 	at kotlinx.coroutines.scheduling.CoroutineScheduler.runSafely(CoroutineScheduler.kt:586)
09-28 18:04:48.623 21847 21885 W HeavyInitializer: 	at kotlinx.coroutines.scheduling.CoroutineScheduler$Worker.executeTask(CoroutineScheduler.kt:798)
09-28 18:04:48.623 21847 21885 W HeavyInitializer: 	at kotlinx.coroutines.scheduling.CoroutineScheduler$Worker.runWorker(CoroutineScheduler.kt:717)
09-28 18:04:48.623 21847 21885 W HeavyInitializer: 	at kotlinx.coroutines.scheduling.CoroutineScheduler$Worker.run(CoroutineScheduler.kt:704)
09-28 18:04:48.623 21847 21885 W HeavyInitializer: Caused by: java.io.IOException: HEAD HTTP 401
09-28 18:04:48.623 21847 21885 W HeavyInitializer: 	at com.negi.survey.net.HttpUrlFileDownloader.headProbe(HttpUrlFileDownloader.kt:1827)
09-28 18:04:48.623 21847 21885 W HeavyInitializer: 	at com.negi.survey.net.HttpUrlFileDownloader.headProbeSmart(HttpUrlFileDownloader.kt:1696)
09-28 18:04:48.623 21847 21885 W HeavyInitializer: 	at com.negi.survey.net.HttpUrlFileDownloader.access$headProbeSmart(HttpUrlFileDownloader.kt:76)
09-28 18:04:48.623 21847 21885 W HeavyInitializer: 	at com.negi.survey.net.HttpUrlFileDownloader$downloadToFile$3.invokeSuspend(HttpUrlFileDownloader.kt:170)
09-28 18:04:48.623 21847 21885 W HeavyInitializer: 	... 8 more
09-28 18:04:48.652 21847 21847 I View    : setRequestedFrameRate frameRate=-4.0, this=android.view.View{7413b69 V.ED..... ........ 0,0-0,0}, caller=androidx.compose.ui.platform.Api35Impl.setRequestedFrameRate:4047 androidx.compose.ui.platform.AndroidComposeView.dispatchDraw:2282 android.view.View.draw:26758 android.view.View.updateDisplayListIfDirty:25577 android.view.View.draw:26477 
09-28 18:04:48.862 21847 21847 I VRI[MainActivity]@85c53e4: call setFrameRateCategory for touch hint category=no preference, reason=boost timeout, vri=VRI[MainActivity]@85c53e4
09-28 18:06:59.667 22188 22188 I Zygote  : Process 22188 created for com.negi.survey
09-28 18:06:59.668 22188 22188 I com.negi.survey: Late-enabling -Xcheck:jni
09-28 18:06:59.703 22188 22188 I com.negi.survey: Using CollectorTypeCMC GC.
09-28 18:06:59.712 22188 22188 D nativeloader: Load libframework-connectivity-tiramisu-jni.so using APEX ns com_android_tethering for caller /apex/com.android.tethering/javalib/framework-connectivity-t.jar: ok
09-28 18:06:59.716 22188 22188 D ActivityThread: setConscryptValidator
09-28 18:06:59.716 22188 22188 D ActivityThread: setConscryptValidator - put
09-28 18:06:59.738 22188 22188 D ApplicationLoaders: Returning zygote-cached class loader: /system_ext/framework/androidx.window.extensions.jar
09-28 18:06:59.738 22188 22188 D ApplicationLoaders: Returning zygote-cached class loader: /system_ext/framework/androidx.window.sidecar.jar
09-28 18:07:00.068 22188 22188 D nativeloader: Configuring clns-9 for other apk /data/app/~~2Az2UCCH-MT6Zp2xun0LYA==/com.negi.survey-kN5p9H8TSmd8ex9OrMWOtg==/base.apk. target_sdk_version=36, uses_libraries=libOpenCL.so, library_path=/data/app/~~2Az2UCCH-MT6Zp2xun0LYA==/com.negi.survey-kN5p9H8TSmd8ex9OrMWOtg==/lib/arm64:/data/app/~~2Az2UCCH-MT6Zp2xun0LYA==/com.negi.survey-kN5p9H8TSmd8ex9OrMWOtg==/base.apk!/lib/arm64-v8a, permitted_path=/data:/mnt/expand:/data/user/0/com.negi.survey
09-28 18:07:00.072 22188 22188 V GraphicsEnvironment: Currently set values for:
09-28 18:07:00.072 22188 22188 V GraphicsEnvironment:   angle_gl_driver_selection_pkgs=[]
09-28 18:07:00.072 22188 22188 V GraphicsEnvironment:   angle_gl_driver_selection_values=[]
09-28 18:07:00.072 22188 22188 V GraphicsEnvironment: com.negi.survey is not listed in per-application setting
09-28 18:07:00.072 22188 22188 V GraphicsEnvironment: ANGLE allowlist from config: com.dreamgames.royalmatch com.dts.freefiremax com.dxx.firenow com.gramgames.mergedragons com.ludo.king com.mojang.minecraftpe com.my.defense com.nintendo.zaka com.os.airforce com.playrix.fishdomdd.gplay io.teslatech.callbreak jp.konami.prospia net.peakgames.toonblast
09-28 18:07:00.072 22188 22188 V GraphicsEnvironment: No special selections for ANGLE, returning default driver choice
09-28 18:07:00.072 22188 22188 V GraphicsEnvironment: Neither updatable production driver nor prerelease driver is supported.
09-28 18:07:00.116 22188 22188 D nativeloader: Load /data/app/~~2Az2UCCH-MT6Zp2xun0LYA==/com.negi.survey-kN5p9H8TSmd8ex9OrMWOtg==/base.apk!/lib/arm64-v8a/liblitertlm_jni.so using class loader ns clns-9 (caller=/data/app/~~2Az2UCCH-MT6Zp2xun0LYA==/com.negi.survey-kN5p9H8TSmd8ex9OrMWOtg==/base.apk!classes10.dex): ok
09-28 18:07:00.116 22188 22188 D SurveyApp: Loaded LiteRTLM JNI: litertlm_jni where=attachBaseContext
09-28 18:07:00.127 22188 22188 D AppRingLogStore: installed: dir=/data/user/0/com.negi.survey/files/diagnostics/applog_ring idx=0
09-28 18:07:00.127 22188 22188 D SurveyApp: attachBaseContext: pid=22188 process=com.negi.survey isMain=true sdk=36
09-28 18:07:00.127 22188 22188 D SurveyApp: bootTiming: attachBaseContext total=32ms
09-28 18:07:00.127 22188 22188 D SurveyApp: Skipping WorkManager init in attachBaseContext; will init lazily on first enqueue.
09-28 18:07:00.129 22188 22188 D CrashCapture: install: ensured default handler. where=SurveyApp:attachBaseContext pid=22188 default=com.negi.survey.CrashCapture$CrashHandler@a8926c7
09-28 18:07:00.129 22188 22188 D SurveyApp: CrashCapture installed: where=SurveyApp:attachBaseContext
09-28 18:07:00.134 22188 22188 E com.negi.survey: hiddenapi: Accessing hidden method Landroid/net/ssl/EchConfigMismatchException;->getRetryConfigList()Landroid/net/ssl/EchConfigList; (runtime_flags=0, domain=core-platform, api=blocked) from /data/app/~~2Az2UCCH-MT6Zp2xun0LYA==/com.negi.survey-kN5p9H8TSmd8ex9OrMWOtg==/base.apk!classes17.dex (domain=app, TargetSdkVersion=36) using linking: denied
09-28 18:07:00.134 22188 22188 E com.negi.survey: hiddenapi: Accessing hidden method Landroid/net/ssl/EchConfigList;->toBytes()[B (runtime_flags=0, domain=core-platform, api=blocked) from /data/app/~~2Az2UCCH-MT6Zp2xun0LYA==/com.negi.survey-kN5p9H8TSmd8ex9OrMWOtg==/base.apk!classes17.dex (domain=app, TargetSdkVersion=36) using linking: denied
09-28 18:07:00.134 22188 22188 E com.negi.survey: hiddenapi: Accessing hidden method Landroid/net/ssl/EchConfigList;->fromBytes([B)Landroid/net/ssl/EchConfigList; (runtime_flags=0, domain=core-platform, api=blocked) from /data/app/~~2Az2UCCH-MT6Zp2xun0LYA==/com.negi.survey-kN5p9H8TSmd8ex9OrMWOtg==/base.apk!classes17.dex (domain=app, TargetSdkVersion=36) using linking: denied
09-28 18:07:00.134 22188 22188 E com.negi.survey: hiddenapi: Accessing hidden method Landroid/net/ssl/SSLSockets;->setEchConfigList(Ljavax/net/ssl/SSLSocket;Landroid/net/ssl/EchConfigList;)V (runtime_flags=0, domain=core-platform, api=blocked) from /data/app/~~2Az2UCCH-MT6Zp2xun0LYA==/com.negi.survey-kN5p9H8TSmd8ex9OrMWOtg==/base.apk!classes17.dex (domain=app, TargetSdkVersion=36) using linking: denied
09-28 18:07:00.161 22188 22306 D RuntimeLogStore: openWriter: start -> /data/user/0/com.negi.survey/files/diagnostics/runtime_logs/rtlog_20260928_230700_124_pid22188_seq1.log (bytes=0 format=LEGACY)
09-28 18:07:00.162 22188 22188 D SurveyApp: LiteRTLM JNI already loaded; skip. where=onCreate(retry)
09-28 18:07:00.162 22188 22188 D SurveyApp: bootTiming: RuntimeLogStore.start took=1ms
09-28 18:07:00.162 22188 22188 D SurveyApp: bootTiming: AppRingLogStore.install took=0ms
09-28 18:07:00.162 22188 22188 D SurveyApp: onCreate: pid=22188 process=com.negi.survey isMain=true sdk=36
09-28 18:07:00.164 22188 22306 D RuntimeLogStore: retention: start files=2 kept=2 totalBytes=4333
09-28 18:07:00.166 22188 22188 D CrashCapture: install: ensured default handler. where=SurveyApp:onCreate(rewrap) pid=22188 default=com.negi.survey.CrashCapture$CrashHandler@a8926c7
09-28 18:07:00.166 22188 22188 D SurveyApp: CrashCapture installed: where=SurveyApp:onCreate(rewrap)
09-28 18:07:00.167 22188 22188 D CrashCapture: registerSelfHealing: ActivityLifecycleCallbacks registered. mode=onResumedOnly
09-28 18:07:00.167 22188 22188 D SurveyApp: CrashCapture self-healing registered.
09-28 18:07:00.167 22188 22188 W SurveyApp: Startup enqueues deferred: delay=2500ms (to reduce init contention)
09-28 18:07:00.167 22188 22188 D SurveyApp: Startup survey recovery deferred: delay=2500ms
09-28 18:07:00.167 22188 22188 D SurveyApp: bootTiming: onCreate total=6ms
09-28 18:07:00.198 22188 22311 I UploadRescheduleRcvr: Survey recovery action=android.intent.action.MY_PACKAGE_REPLACED discovered=0 reconciled=0 duplicates=0 unclassified=0 operationalFailures=0 classifications={}
09-28 18:07:00.199 22188 22311 D UploadRescheduleRcvr: No generic GitHub pending files for action=android.intent.action.MY_PACKAGE_REPLACED
09-28 18:07:00.233 22188 22311 D github_upload: enqueueStartupRuntimeLogsUpload: uniqueName=upload_runtime_logs_startup policy=KEEP session=startup_runtime_20260928_230700_8a8caa6e
09-28 18:07:00.294 22188 22311 D WM-PackageManagerHelper: Skipping component enablement for androidx.work.impl.background.systemjob.SystemJobService
09-28 18:07:00.294 22188 22311 D WM-Schedulers: Created SystemJobScheduler and enabled SystemJobService
09-28 18:07:00.300 22188 22316 D WM-ForceStopRunnable: Is default app process = true
09-28 18:07:00.301 22188 22316 D WM-ForceStopRunnable: Performing cleanup operations.
09-28 18:07:00.315 22188 22316 E ashmem  : Pinning is deprecated since Android Q. Please use trim or other methods.
09-28 18:07:00.316 22188 22311 D UploadRescheduleRcvr: Enqueued runtime logs upload for action=android.intent.action.MY_PACKAGE_REPLACED reason=receiver_my_package_replaced
09-28 18:07:00.420 22188 22321 D WM-SystemJobScheduler: Scheduling work ID 2533e146-4e11-45ec-b870-cf294fed500cJob ID 0
09-28 18:07:00.424 22188 22321 D WM-GreedyScheduler: Starting tracking for 2533e146-4e11-45ec-b870-cf294fed500c
09-28 18:07:00.436 22188 22188 D WM-SystemJobService: onStartJob for WorkGenerationalId(workSpecId=2533e146-4e11-45ec-b870-cf294fed500c, generation=0)
09-28 18:07:00.457 22188 22327 D WM-Processor: Processor: processing WorkGenerationalId(workSpecId=2533e146-4e11-45ec-b870-cf294fed500c, generation=0)
09-28 18:07:00.461 22188 22316 D WM-WorkConstraintsTrack: NetworkRequestConstraintController register shared callback
09-28 18:07:00.463 22188 22316 D ConnectivityManager: StackLog: [android.net.ConnectivityManager.sendRequestForNetwork(ConnectivityManager.java:4738)] [android.net.ConnectivityManager.registerDefaultNetworkCallbackForUid(ConnectivityManager.java:5463)] [android.net.ConnectivityManager.registerDefaultNetworkCallback(ConnectivityManager.java:5430)] [android.net.ConnectivityManager.registerDefaultNetworkCallback(ConnectivityManager.java:5404)] [androidx.work.impl.constraints.SharedNetworkCallback.addCallback(WorkConstraintsTracker.kt:362)] [androidx.work.impl.constraints.NetworkRequestConstraintController$track$1.invokeSuspend(WorkConstraintsTracker.kt:179)] [androidx.work.impl.constraints.NetworkRequestConstraintController$track$1.invoke(Unknown Source:8)] [androidx.work.impl.constraints.NetworkRequestConstraintController$track$1.invoke(Unknown Source:4)] [kotlinx.coroutines.flow.ChannelFlowBuilder.collectTo$suspendImpl(Builders.kt:316)] [kotlinx.coroutines.flow.ChannelFlowBuilder.collectTo(Unknown Source:0)] [kotlinx.coroutines.flow.CallbackFlowBuilder.collectTo(Builders.kt:330)] [kotlinx.coroutines.flow.internal.ChannelFlow$collectToFun$1.invokeSuspend(ChannelFlow.kt:56)] [kotlin.coroutines.jvm.internal.BaseContinuationImpl.resumeWith(ContinuationImpl.kt:34)] [kotlinx.coroutines.DispatchedTask.run(DispatchedTask.kt:100)] [androidx.work.impl.utils.SerialExecutorImpl$Task.run(SerialExecutorImpl.java:96)] [java.util.concurrent.ThreadPoolExecutor.runWorker(ThreadPoolExecutor.java:1154)] [java.util.concurrent.ThreadPoolExecutor$Worker.run(ThreadPoolExecutor.java:652)] [java.lang.Thread.run(Thread.java:1563)]
09-28 18:07:00.474 22188 22328 D WM-WorkConstraintsTrack: NetworkRequestConstraintController onCapabilitiesChanged callback
09-28 18:07:00.474 22188 22328 D WM-WorkConstraintsTrack: Not dispatching constraint state yet: isBlocked=null, capabilitiesInitialized=true
09-28 18:07:00.474 22188 22328 D WM-WorkConstraintsTrack: NetworkRequestConstraintController onBlockedStatusChanged callback false
09-28 18:07:00.485 22188 22188 D WM-WorkerWrapper: Starting work for com.negi.survey.net.GitHubUploadWorker
09-28 18:07:00.488 22188 22327 D WM-PackageManagerHelper: androidx.work.impl.background.systemalarm.RescheduleReceiver enabled
09-28 18:07:00.492 22188 22327 D WM-GreedyScheduler: Constraints met: Scheduling work ID WorkGenerationalId(workSpecId=2533e146-4e11-45ec-b870-cf294fed500c, generation=0)
09-28 18:07:00.503 22188 22327 D WM-Processor: Work WorkGenerationalId(workSpecId=2533e146-4e11-45ec-b870-cf294fed500c, generation=0) is already enqueued for processing
09-28 18:07:00.509 22188 22320 I WM-Processor: Moving WorkSpec (2533e146-4e11-45ec-b870-cf294fed500c) to the foreground
09-28 18:07:00.524 22188 22188 I WM-SystemFgDispatcher: Started foreground service Intent { act=ACTION_START_FOREGROUND xflg=0x4 cmp=com.negi.survey/androidx.work.impl.foreground.SystemForegroundService (has extras) }
09-28 18:07:00.525 22188 22188 D WM-SystemFgDispatcher: Notifying with (id:4977, workSpecId: 2533e146-4e11-45ec-b870-cf294fed500c, notificationType :1)
09-28 18:07:00.527 22188 22188 D WM-SystemFgDispatcher: Notifying with (id:4977, workSpecId: 2533e146-4e11-45ec-b870-cf294fed500c, notificationType :1)
09-28 18:07:00.528 22188 22320 D WM-WorkProgressUpdater: Updating progress for 2533e146-4e11-45ec-b870-cf294fed500c (Data {pct : 3, mode : startup_runtime_logs})
--------- beginning of system
09-28 18:07:00.528 22188 22188 I NotificationManager: com.negi.survey: notify(4977, null, Notification(channel=uploads shortcut=null contentView=null vibrate=null sound=null defaults=0 flags=ONGOING_EVENT|ONLY_ALERT_ONCE color=0x00000000 category=progress vis=PRIVATE semFlags=0x0 semPriority=0 semMissedCount=0 semScenarioType=0)) as user
09-28 18:07:00.528 22188 22188 D NotificationManager: BOOTING pkg =com.negi.survey mBlockedChannelsForOverflowNoti=[]
09-28 18:07:00.543 22188 22320 I WM-Processor: Moving WorkSpec (2533e146-4e11-45ec-b870-cf294fed500c) to the foreground
09-28 18:07:00.546 22188 22188 D WM-SystemFgDispatcher: Notifying with (id:4977, workSpecId: 2533e146-4e11-45ec-b870-cf294fed500c, notificationType :1)
09-28 18:07:00.546 22188 22188 I NotificationManager: com.negi.survey: notify(4977, null, Notification(channel=uploads shortcut=null contentView=null vibrate=null sound=null defaults=0 flags=ONGOING_EVENT|ONLY_ALERT_ONCE color=0x00000000 category=progress vis=PRIVATE semFlags=0x0 semPriority=0 semMissedCount=0 semScenarioType=0)) as user
09-28 18:07:00.549 22188 22320 D WM-WorkConstraintsTrack: NetworkRequestConstraintController send initial capabilities
09-28 18:07:01.737 22188 22306 D RuntimeLogStore: openWriter: rotate:plain_snapshot:receiver_my_package_repl -> /data/user/0/com.negi.survey/files/diagnostics/runtime_logs/rtlog_20260928_230701_735_pid22188_seq2.log (bytes=0 format=LEGACY)
09-28 18:07:01.737 22188 22306 D RuntimeLogStore: retention: rotate:plain_snapshot:receiver_my_package_repl files=3 kept=3 totalBytes=6134
09-28 18:07:01.758 22188 22311 D github_upload: doRuntimeLogsUpload: remoteBaseDir=diagnostics/runtime_logs/2026-09-28/runtime_logs_startup_runtime_20260928_230700_8a8caa6e_receiver_my_package_repl toUpload=2 bytes=5797 dedupe=true deleteSource=true deletedSourcePre=0 preview='runtime_log_20260928_230701_740_pid22188_receiver_my_package_repl__rtlog_20260928_230700_124_pid22188_seq1.log|runtime_log_20260928_230701_740_pid22188_receiver_my_package_repl__rtlog_20260928_230437_437_pid21847_seq1.log'
09-28 18:07:01.762 22188 22311 D GitHubUploader: uploadStream: owner=ishizuki-tech repo=SurveyExports branch=main path=diagnostics/runtime_logs/2026-09-28/runtime_logs_startup_runtime_20260928_230700_8a8caa6e_receiver_my_package_repl/runtime_log_20260928_230701_740_pid22188_receiver_my_package_repl__rtlog_20260928_230700_124_pid22188_seq1.log size=1782 maxRawBytesHint=1000000 maxRequestBytesHint=2800000
09-28 18:07:01.763 22188 22320 D WM-WorkProgressUpdater: Updating progress for 2533e146-4e11-45ec-b870-cf294fed500c (Data {pct : 10, mode : startup_runtime_logs})
09-28 18:07:01.769 22188 22320 I WM-Processor: Moving WorkSpec (2533e146-4e11-45ec-b870-cf294fed500c) to the foreground
09-28 18:07:01.772 22188 22188 D WM-SystemFgDispatcher: Notifying with (id:4977, workSpecId: 2533e146-4e11-45ec-b870-cf294fed500c, notificationType :1)
09-28 18:07:01.772 22188 22188 I NotificationManager: com.negi.survey: notify(4977, null, Notification(channel=uploads shortcut=null contentView=null vibrate=null sound=null defaults=0 flags=ONGOING_EVENT|ONLY_ALERT_ONCE color=0x00000000 category=progress vis=PRIVATE semFlags=0x0 semPriority=0 semMissedCount=0 semScenarioType=0)) as user
09-28 18:07:02.361 22188 22327 D WM-WorkProgressUpdater: Updating progress for 2533e146-4e11-45ec-b870-cf294fed500c (Data {pct : 14, mode : startup_runtime_logs})
09-28 18:07:02.369 22188 22327 I WM-Processor: Moving WorkSpec (2533e146-4e11-45ec-b870-cf294fed500c) to the foreground
09-28 18:07:02.370 22188 22327 D WM-WorkProgressUpdater: Updating progress for 2533e146-4e11-45ec-b870-cf294fed500c (Data {pct : 50, mode : startup_runtime_logs})
09-28 18:07:02.372 22188 22188 D WM-SystemFgDispatcher: Notifying with (id:4977, workSpecId: 2533e146-4e11-45ec-b870-cf294fed500c, notificationType :1)
09-28 18:07:02.374 22188 22188 I NotificationManager: com.negi.survey: notify(4977, null, Notification(channel=uploads shortcut=null contentView=null vibrate=null sound=null defaults=0 flags=ONGOING_EVENT|ONLY_ALERT_ONCE color=0x00000000 category=progress vis=PRIVATE semFlags=0x0 semPriority=0 semMissedCount=0 semScenarioType=0)) as user
09-28 18:07:02.374 22188 22327 I WM-Processor: Moving WorkSpec (2533e146-4e11-45ec-b870-cf294fed500c) to the foreground
09-28 18:07:02.383 22188 22188 D WM-SystemFgDispatcher: Notifying with (id:4977, workSpecId: 2533e146-4e11-45ec-b870-cf294fed500c, notificationType :1)
09-28 18:07:02.384 22188 22188 I NotificationManager: com.negi.survey: notify(4977, null, Notification(channel=uploads shortcut=null contentView=null vibrate=null sound=null defaults=0 flags=ONGOING_EVENT|ONLY_ALERT_ONCE color=0x00000000 category=progress vis=PRIVATE semFlags=0x0 semPriority=0 semMissedCount=0 semScenarioType=0)) as user
09-28 18:07:02.669 22188 22188 W SurveyApp: Deferred startup enqueues begin...
09-28 18:07:02.671 22188 22188 D SurveyApp: WorkManager available. where=startupRtLogs(immediate) took=0ms
09-28 18:07:02.679 22188 22188 D SurveyApp: Startup runtime logs target -> owner=ishizuki-tech repo=SurveyExports branch=main base='/diagnostics/runtime_logs'
09-28 18:07:02.683 22188 22188 D github_upload: enqueueStartupRuntimeLogsUpload: uniqueName=upload_runtime_logs_startup policy=KEEP session=startup_runtime_20260928_230702_a4726c0a
09-28 18:07:02.684 22188 22188 D SurveyApp: Startup runtime logs: enqueue requested (immediate).
09-28 18:07:02.684 22188 22188 D SurveyApp: WorkManager available. where=startupRingLogs(immediate) took=0ms
09-28 18:07:02.690 22188 22188 D SurveyApp: Startup ring logs target -> owner=ishizuki-tech repo=SurveyExports branch=main base='/diagnostics/applog_ring'
09-28 18:07:02.693 22188 22188 D github_upload: enqueueStartupRingLogsUpload: uniqueName=upload_ring_logs_startup policy=KEEP session=startup_ring_20260928_230702_5fe98a46
09-28 18:07:02.694 22188 22188 D SurveyApp: Startup ring logs: enqueue requested (immediate).
09-28 18:07:02.694 22188 22188 D SurveyApp: WorkManager available. where=enqueuePending(immediate) took=0ms
09-28 18:07:02.696 22188 22188 D SurveyApp: CrashCapture pending uploads requested (immediate).
09-28 18:07:02.696 22188 22188 W SurveyApp: Deferred startup enqueues done: took=27ms
09-28 18:07:02.697 22188 22353 D CrashCapture: enqueuePendingCrashUploadsIfPossible enter where=SurveyApp:enqueuePending(immediate):bg pid=22188 thread=CrashCapture-Enqueue
09-28 18:07:02.698 22188 22312 D SurveyApp: Survey recovery WorkManager available. where=startupSurveyUploads(initial) took=0ms
09-28 18:07:02.704 22188 22312 D SurveyApp: Startup survey recovery complete: discovered=0 attempted=0 submitted=0 active=0 trackerUnconfirmed=0 uploaded=0 deferred=0 invalid=0 operationalFailures=0 duplicates=0 unclassified=0
09-28 18:07:02.734 22188 22321 D WM-SystemJobScheduler: Scheduling work ID 44da5aa7-f9b2-4a4b-854c-0e9cb416b053Job ID 1
