=== Previous Session Logcat ===
captured_time_utc=20260929_050248
captured_time_local=20260929_000248
marker=2026-09-29 00:01:53.292
preferred_prev_pid=-1
note=best-effort; buffers may be overwritten before next start
sdk=36
device=samsung SM-S731U
appId=com.negi.survey
versionName=0.0.1
versionCode=1

=== Logcat (since marker) ===
--------- beginning of main
09-29 00:02:45.986  5044  5044 I Zygote  : Process 5044 created for com.negi.survey
09-29 00:02:45.987  5044  5044 I com.negi.survey: Late-enabling -Xcheck:jni
09-29 00:02:46.011  5044  5044 I com.negi.survey: Using CollectorTypeCMC GC.
09-29 00:02:46.020  5044  5044 D nativeloader: Load libframework-connectivity-tiramisu-jni.so using APEX ns com_android_tethering for caller /apex/com.android.tethering/javalib/framework-connectivity-t.jar: ok
09-29 00:02:46.023  5044  5044 D ActivityThread: setConscryptValidator
09-29 00:02:46.023  5044  5044 D ActivityThread: setConscryptValidator - put
09-29 00:02:46.040  5044  5044 D ApplicationLoaders: Returning zygote-cached class loader: /system_ext/framework/androidx.window.extensions.jar
09-29 00:02:46.040  5044  5044 D ApplicationLoaders: Returning zygote-cached class loader: /system_ext/framework/androidx.window.sidecar.jar
09-29 00:02:46.373  5044  5044 D nativeloader: Configuring clns-9 for other apk /data/app/~~-q9HbAY4wbXAVsa_y9GtQg==/com.negi.survey-VaqaTcEq8pNF9KIEaDbbjw==/base.apk. target_sdk_version=36, uses_libraries=libOpenCL.so, library_path=/data/app/~~-q9HbAY4wbXAVsa_y9GtQg==/com.negi.survey-VaqaTcEq8pNF9KIEaDbbjw==/lib/arm64:/data/app/~~-q9HbAY4wbXAVsa_y9GtQg==/com.negi.survey-VaqaTcEq8pNF9KIEaDbbjw==/base.apk!/lib/arm64-v8a, permitted_path=/data:/mnt/expand:/data/user/0/com.negi.survey
09-29 00:02:46.380  5044  5044 V GraphicsEnvironment: Currently set values for:
09-29 00:02:46.380  5044  5044 V GraphicsEnvironment:   angle_gl_driver_selection_pkgs=[]
09-29 00:02:46.380  5044  5044 V GraphicsEnvironment:   angle_gl_driver_selection_values=[]
09-29 00:02:46.380  5044  5044 V GraphicsEnvironment: com.negi.survey is not listed in per-application setting
09-29 00:02:46.380  5044  5044 V GraphicsEnvironment: ANGLE allowlist from config: com.dreamgames.royalmatch com.dts.freefiremax com.dxx.firenow com.gramgames.mergedragons com.ludo.king com.mojang.minecraftpe com.my.defense com.nintendo.zaka com.os.airforce com.playrix.fishdomdd.gplay io.teslatech.callbreak jp.konami.prospia net.peakgames.toonblast
09-29 00:02:46.380  5044  5044 V GraphicsEnvironment: No special selections for ANGLE, returning default driver choice
09-29 00:02:46.380  5044  5044 V GraphicsEnvironment: Neither updatable production driver nor prerelease driver is supported.
09-29 00:02:46.433  5044  5044 D nativeloader: Load /data/app/~~-q9HbAY4wbXAVsa_y9GtQg==/com.negi.survey-VaqaTcEq8pNF9KIEaDbbjw==/base.apk!/lib/arm64-v8a/liblitertlm_jni.so using class loader ns clns-9 (caller=/data/app/~~-q9HbAY4wbXAVsa_y9GtQg==/com.negi.survey-VaqaTcEq8pNF9KIEaDbbjw==/base.apk!classes10.dex): ok
09-29 00:02:46.433  5044  5044 D SurveyApp: Loaded LiteRTLM JNI: litertlm_jni where=attachBaseContext
09-29 00:02:46.447  5044  5044 D AppRingLogStore: installed: dir=/data/user/0/com.negi.survey/files/diagnostics/applog_ring idx=0
09-29 00:02:46.447  5044  5044 D SurveyApp: attachBaseContext: pid=5044 process=com.negi.survey isMain=true sdk=36
09-29 00:02:46.447  5044  5044 D SurveyApp: bootTiming: attachBaseContext total=47ms
09-29 00:02:46.447  5044  5044 D SurveyApp: Skipping WorkManager init in attachBaseContext; will init lazily on first enqueue.
09-29 00:02:46.449  5044  5044 D CrashCapture: install: ensured default handler. where=SurveyApp:attachBaseContext pid=5044 default=com.negi.survey.CrashCapture$CrashHandler@1a1b692
09-29 00:02:46.449  5044  5044 D SurveyApp: CrashCapture installed: where=SurveyApp:attachBaseContext
09-29 00:02:46.452  5044  5064 D RuntimeLogStore: openWriter: start -> /data/user/0/com.negi.survey/files/diagnostics/runtime_logs/rtlog_20260929_050246_440_pid5044_seq1.log (bytes=0 format=LEGACY)
09-29 00:02:46.452  5044  5044 E com.negi.survey: hiddenapi: Accessing hidden method Landroid/net/ssl/EchConfigMismatchException;->getRetryConfigList()Landroid/net/ssl/EchConfigList; (runtime_flags=0, domain=core-platform, api=blocked) from /data/app/~~-q9HbAY4wbXAVsa_y9GtQg==/com.negi.survey-VaqaTcEq8pNF9KIEaDbbjw==/base.apk!classes17.dex (domain=app, TargetSdkVersion=36) using linking: denied
09-29 00:02:46.452  5044  5044 E com.negi.survey: hiddenapi: Accessing hidden method Landroid/net/ssl/EchConfigList;->toBytes()[B (runtime_flags=0, domain=core-platform, api=blocked) from /data/app/~~-q9HbAY4wbXAVsa_y9GtQg==/com.negi.survey-VaqaTcEq8pNF9KIEaDbbjw==/base.apk!classes17.dex (domain=app, TargetSdkVersion=36) using linking: denied
09-29 00:02:46.453  5044  5044 E com.negi.survey: hiddenapi: Accessing hidden method Landroid/net/ssl/EchConfigList;->fromBytes([B)Landroid/net/ssl/EchConfigList; (runtime_flags=0, domain=core-platform, api=blocked) from /data/app/~~-q9HbAY4wbXAVsa_y9GtQg==/com.negi.survey-VaqaTcEq8pNF9KIEaDbbjw==/base.apk!classes17.dex (domain=app, TargetSdkVersion=36) using linking: denied
09-29 00:02:46.453  5044  5044 E com.negi.survey: hiddenapi: Accessing hidden method Landroid/net/ssl/SSLSockets;->setEchConfigList(Ljavax/net/ssl/SSLSocket;Landroid/net/ssl/EchConfigList;)V (runtime_flags=0, domain=core-platform, api=blocked) from /data/app/~~-q9HbAY4wbXAVsa_y9GtQg==/com.negi.survey-VaqaTcEq8pNF9KIEaDbbjw==/base.apk!classes17.dex (domain=app, TargetSdkVersion=36) using linking: denied
09-29 00:02:46.453  5044  5064 D RuntimeLogStore: retention: start files=2 kept=2 totalBytes=1743
09-29 00:02:46.460  5044  5044 D SurveyApp: LiteRTLM JNI already loaded; skip. where=onCreate(retry)
09-29 00:02:46.461  5044  5044 D SurveyApp: bootTiming: RuntimeLogStore.start took=0ms
09-29 00:02:46.461  5044  5044 D SurveyApp: bootTiming: AppRingLogStore.install took=0ms
09-29 00:02:46.461  5044  5044 D SurveyApp: onCreate: pid=5044 process=com.negi.survey isMain=true sdk=36
09-29 00:02:46.464  5044  5044 D CrashCapture: install: ensured default handler. where=SurveyApp:onCreate(rewrap) pid=5044 default=com.negi.survey.CrashCapture$CrashHandler@1a1b692
09-29 00:02:46.464  5044  5044 D SurveyApp: CrashCapture installed: where=SurveyApp:onCreate(rewrap)
09-29 00:02:46.465  5044  5044 D CrashCapture: registerSelfHealing: ActivityLifecycleCallbacks registered. mode=onResumedOnly
09-29 00:02:46.465  5044  5044 D SurveyApp: CrashCapture self-healing registered.
09-29 00:02:46.465  5044  5044 W SurveyApp: Startup enqueues deferred: delay=2500ms (to reduce init contention)
09-29 00:02:46.465  5044  5044 D SurveyApp: Startup survey recovery deferred: delay=2500ms
09-29 00:02:46.465  5044  5044 D SurveyApp: bootTiming: onCreate total=5ms
--------- beginning of system
09-29 00:02:46.470  5044  5044 D ActivityThread: com.negi.survey will use render engine as VK
09-29 00:02:46.470  5044  5044 D HWUI    : HWUI - treat SMPTE_170M as sRGB
09-29 00:02:46.471  5044  5072 I DisplayManager: Choreographer implicitly registered for the refresh rate.
09-29 00:02:46.472  5044  5072 D HWUI    : CacheManager constructor. deviceInfo=(1080, 1920)
09-29 00:02:46.477  5044  5070 I UploadRescheduleRcvr: Survey recovery action=android.intent.action.BOOT_COMPLETED discovered=0 reconciled=0 duplicates=0 unclassified=0 operationalFailures=0 classifications={}
09-29 00:02:46.477  5044  5070 D UploadRescheduleRcvr: No generic GitHub pending files for action=android.intent.action.BOOT_COMPLETED
09-29 00:02:46.477  5044  5044 D DesktopExperienceFlags: Toggle override initialized to: false
09-29 00:02:46.480  5044  5044 E ashmem  : Pinning is deprecated since Android Q. Please use trim or other methods.
09-29 00:02:46.486  5044  5072 D vulkan  : searching for layers in '/data/app/~~-q9HbAY4wbXAVsa_y9GtQg==/com.negi.survey-VaqaTcEq8pNF9KIEaDbbjw==/lib/arm64'
09-29 00:02:46.486  5044  5072 D vulkan  : searching for layers in '/data/app/~~-q9HbAY4wbXAVsa_y9GtQg==/com.negi.survey-VaqaTcEq8pNF9KIEaDbbjw==/base.apk!/lib/arm64-v8a'
09-29 00:02:46.486  5044  5072 V XGL     : ----------------------------------------------------------------------
09-29 00:02:46.486  5044  5072 V XGL     : SUMD version compiled date     = 2026-01-09 09:57 - KST
09-29 00:02:46.486  5044  5072 V XGL     : SUMD version revision number   = 1900168dcb
09-29 00:02:46.486  5044  5072 V XGL     : SUMD version info              = Driver version: 24.0.534, git hash: 1900168dcb
09-29 00:02:46.486  5044  5072 V XGL     : ----------------------------------------------------------------------
09-29 00:02:46.486  5044  5072 V XGL     : Entering: Create
09-29 00:02:46.488  5044  5044 D CompatChangeReporter: Compat change id reported: 377864165; UID 10350; state: ENABLED
09-29 00:02:46.489  5044  5044 D DesktopModeFlags: Toggle override initialized to: OVERRIDE_UNSET
09-29 00:02:46.490  5044  5070 D github_upload: enqueueStartupRuntimeLogsUpload: uniqueName=upload_runtime_logs_startup policy=KEEP session=startup_runtime_20260929_050246_074647d6
09-29 00:02:46.491  5044  5044 I DecorView: setWindowBackground: isPopOver=false color=fffafafa d=android.graphics.drawable.ColorDrawable@7a414a
09-29 00:02:46.495  5044  5044 D PhoneWindow: forceLight changed to false [] from com.android.internal.policy.PhoneWindow.updateForceLightNavigationBar:663 com.android.internal.policy.PhoneWindow.setNavigationBarColor:4435 androidx.activity.EdgeToEdgeApi35.setUp:353 androidx.activity.EdgeToEdge.enableEdgeToEdge$lambda$1:101 androidx.activity.EdgeToEdge$$ExternalSyntheticLambda0.run:0 
09-29 00:02:46.505  5044  5044 D CrashCapture: install: ensured default handler. where=selfHeal:onActivityResumed pid=5044 default=com.negi.survey.CrashCapture$CrashHandler@1a1b692
09-29 00:02:46.515  5044  5070 D WM-PackageManagerHelper: Skipping component enablement for androidx.work.impl.background.systemjob.SystemJobService
09-29 00:02:46.515  5044  5070 D WM-Schedulers: Created SystemJobScheduler and enabled SystemJobService
09-29 00:02:46.515  5044  5072 V XGL     : Exiting: Create
09-29 00:02:46.517  5044  5084 D WM-ForceStopRunnable: Is default app process = true
09-29 00:02:46.518  5044  5084 D WM-ForceStopRunnable: Performing cleanup operations.
09-29 00:02:46.518  5044  5044 D ViewRootImpl: desktopMode is false
09-29 00:02:46.519  5044  5044 I ViewRootImpl: dVRR is disabled
09-29 00:02:46.519  5044  5044 D HardwareRenderer: onDisplayChanged. displayId=0 current wxh=1080x2340 mLargest wxh=0x0
09-29 00:02:46.519  5044  5044 D HardwareRenderer: Set largestWidth and largestHeight as logical resolution. (1080x2340)
09-29 00:02:46.522  5044  5070 D UploadRescheduleRcvr: Enqueued runtime logs upload for action=android.intent.action.BOOT_COMPLETED reason=receiver_boot_completed
09-29 00:02:46.524  5044  5072 D HWUI    : setMaxSurfaceArea requested wxh=(1080,2340) requestedSurfaceArea(2527200) mMaxSurfaceArea(2073600)
09-29 00:02:46.524  5044  5072 D NativeCustomFrequencyManager: [NativeCFMS] BpCustomFrequencyManager::BpCustomFrequencyManager()
09-29 00:02:46.528  5044  5044 D InputTransport: Input channel constructed: '792a111', fd=118
09-29 00:02:46.528  5044  5044 I InsetsController: onStateChanged: host=com.negi.survey/com.negi.survey.MainActivity, from=android.view.ViewRootImpl.onInsetsStateChanged:3038, state=InsetsState: {mDisplayFrame=Rect(0, 0 - 1080, 2340), mDisplayCutout=DisplayCutout{insets=Rect(0, 82 - 0, 0) waterfall=Insets{left=0, top=0, right=0, bottom=0} boundingRect={Bounds=[Rect(0, 0 - 0, 0), Rect(511, 24 - 569, 82), Rect(0, 0 - 0, 0), Rect(0, 0 - 0, 0)]} cutoutPathParserInfo={CutoutPathParserInfo{displayWidth=1080 displayHeight=2340 physicalDisplayWidth=1080 physicalDisplayHeight=2340 density={2.8125} cutoutSpec={M 0,0 M 0, 8.533333333333333 a 10.31111111111111,10.31111111111111 0 1,0 0,20.62222222222222 a 10.31111111111111,10.31111111111111 0 1,0 0,-20.62222222222222 Z @dp} rotation={0} scale={1.0} physicalPixelDisplaySizeRatio={1.0}}} sideOverrides={}}, mRoundedCorners=RoundedCorners{[RoundedCorner{position=TopLeft, radius=113, center=Point(113, 113)}, RoundedCorner{position=TopRight, radius=113, center=Point(967, 113)}, RoundedCorner{position=BottomRight, radius=113, center=Point(967, 2227)}, RoundedCorner{position=BottomLeft, radius=113, center=Point(113, 2227)}]}  mRoundedCornerFrame=Rect(0, 0 - 1080, 2340), mPrivacyIndicatorBounds=PrivacyIndicatorBounds {static bounds=Rect(956, 0 - 1080, 97) rotation=0}, mDisplayShape=DisplayShape{ spec=-311912193 displayWidth=1080 displayHeight=2340 physicalPixelDisplaySizeRatio=1.0 rotation=0 offsetX=0 offsetY=0 scale=1.0}, mSources= { InsetsSource: {dc020001 mType=navigationBars mFrame=[0,2205][1080,2340] mAttachedInsets=null mVisible=true mFlags= mSideHint=BOTTOM mBoundingRects=null}, InsetsSource: {dc020004 mType=systemGestures mFrame=[0,0][0,0] mAttachedInsets=null mVisible=true mFlags= mSideHint=NONE mBoundingRects=null}, InsetsSource: {dc020005 mType=mandatorySystemGestures mFrame=[0,2205][1080,2340] mAttachedInsets=null mVisible=true mFlags= mSideHint=BOTTOM mBoundingRects=null}, InsetsSource: {dc020006 mType=tappableElement mFrame=[0,2205][1080,2340] mAttachedInsets=null mVisible=true mFlags= mSideHint=BOTTOM mBoundingRects=null}, InsetsSource: {dc020024 mType=systemGestures mFrame=[0,0][0,0] mAttachedInsets=null mVisible=true mFlags= mSideHint=NONE mBoundingRects=null}, InsetsSource: {3 mType=ime mFrame=[0,0][0,0] mAttachedInsets=null mVisible=false mFlags=INVALID mSideHint=NONE mBoundingRects=null}, InsetsSource: {27 mType=displayCutout mFrame=[0,0][1080,82] mAttachedInsets=null mVisible=true mFlags= mSideHint=TOP mBoundingRects=null}, InsetsSource: {23ca0000 mType=statusBars mFrame=[0,0][1080,97] mAttachedInsets=null mVisible=true mFlags= mSideHint=TOP mBoundingRects=null}, InsetsSource: {23ca0005 mType=mandatorySystemGestures mFrame=[0,0][1080,116] mAttachedInsets=null mVisible=true mFlags= mSideHint=TOP mBoundingRects=null}, InsetsSource: {23ca0006 mType=tappableElement mFrame=[0,0][1080,97] mAttachedInsets=null mVisible=true mFlags= mSideHint=TOP mBoundingRects=null} }
09-29 00:02:46.529  5044  5044 I VRI[MainActivity]@77dfc03: synced displayState. AttachInfo displayState=2
09-29 00:02:46.529  5044  5044 I VRI[MainActivity]@77dfc03: setView = com.android.internal.policy.DecorView@149dad6 IsHRR=false mFlingFrameRateChange=0 TM=true
09-29 00:02:46.529  5044  5044 I IDS_TAG : Starting IDS observe window
09-29 00:02:46.529  5044  5044 I IDS_TAG : Getting Shared Preference for com.negi.survey.SurveyApp@dfce324 uid = 10350
09-29 00:02:46.530  5044  5087 I com.negi.survey: [HIDL_FETCH_IMapper] android.hardware.graphics.mapper@4.0: Loaded Mapper successfully.
09-29 00:02:46.532  5044  5044 I IDS_TAG : App com.negi.survey.SurveyApp@dfce324 has not finished training
09-29 00:02:46.532  5044  5072 D HWUI    : HWUI - treat SMPTE_170M as sRGB
09-29 00:02:46.532  5044  5044 I IDS_TAG : Closing IDS observe window
09-29 00:02:46.532  5044  5044 I IDS_TAG : Getting Shared Preference for com.negi.survey.SurveyApp@dfce324 uid = 10350
09-29 00:02:46.532  5044  5044 I IDS_TAG : IDS count updated to 2 for com.negi.survey.SurveyApp@dfce324
09-29 00:02:46.533  5044  5044 D WindowOnBackDispatcher: setTopOnBackInvokedCallback (unwrapped): android.app.Activity$$ExternalSyntheticLambda0@4e0ce62
09-29 00:02:46.535  5044  5084 D WM-SystemJobScheduler: Reconciling jobs
09-29 00:02:46.555  5044  5084 D WM-ForceStopRunnable: Application was force-stopped, rescheduling.
09-29 00:02:46.587  5044  5094 D WM-SystemJobScheduler: Scheduling work ID f0b34ce0-234e-4be1-9fb3-67ce7e3dbc94Job ID 230
09-29 00:02:46.590  5044  5094 D WM-GreedyScheduler: Starting tracking for f0b34ce0-234e-4be1-9fb3-67ce7e3dbc94
09-29 00:02:46.599  5044  5095 D WM-WorkConstraintsTrack: NetworkRequestConstraintController register shared callback
09-29 00:02:46.599  5044  5095 D ConnectivityManager: StackLog: [android.net.ConnectivityManager.sendRequestForNetwork(ConnectivityManager.java:4738)] [android.net.ConnectivityManager.registerDefaultNetworkCallbackForUid(ConnectivityManager.java:5463)] [android.net.ConnectivityManager.registerDefaultNetworkCallback(ConnectivityManager.java:5430)] [android.net.ConnectivityManager.registerDefaultNetworkCallback(ConnectivityManager.java:5404)] [androidx.work.impl.constraints.SharedNetworkCallback.addCallback(WorkConstraintsTracker.kt:362)] [androidx.work.impl.constraints.NetworkRequestConstraintController$track$1.invokeSuspend(WorkConstraintsTracker.kt:179)] [androidx.work.impl.constraints.NetworkRequestConstraintController$track$1.invoke(Unknown Source:8)] [androidx.work.impl.constraints.NetworkRequestConstraintController$track$1.invoke(Unknown Source:4)] [kotlinx.coroutines.flow.ChannelFlowBuilder.collectTo$suspendImpl(Builders.kt:316)] [kotlinx.coroutines.flow.ChannelFlowBuilder.collectTo(Unknown Source:0)] [kotlinx.coroutines.flow.CallbackFlowBuilder.collectTo(Builders.kt:330)] [kotlinx.coroutines.flow.internal.ChannelFlow$collectToFun$1.invokeSuspend(ChannelFlow.kt:56)] [kotlin.coroutines.jvm.internal.BaseContinuationImpl.resumeWith(ContinuationImpl.kt:34)] [kotlinx.coroutines.DispatchedTask.run(DispatchedTask.kt:100)] [androidx.work.impl.utils.SerialExecutorImpl$Task.run(SerialExecutorImpl.java:96)] [java.util.concurrent.ThreadPoolExecutor.runWorker(ThreadPoolExecutor.java:1154)] [java.util.concurrent.ThreadPoolExecutor$Worker.run(ThreadPoolExecutor.java:652)] [java.lang.Thread.run(Thread.java:1563)]
09-29 00:02:46.603  5044  5096 D WM-WorkConstraintsTrack: NetworkRequestConstraintController onCapabilitiesChanged callback
09-29 00:02:46.603  5044  5096 D WM-WorkConstraintsTrack: Not dispatching constraint state yet: isBlocked=null, capabilitiesInitialized=true
09-29 00:02:46.603  5044  5096 D WM-WorkConstraintsTrack: NetworkRequestConstraintController onBlockedStatusChanged callback false
09-29 00:02:46.603  5044  5095 D WM-PackageManagerHelper: androidx.work.impl.background.systemalarm.RescheduleReceiver enabled
09-29 00:02:46.604  5044  5095 D WM-GreedyScheduler: Constraints met: Scheduling work ID WorkGenerationalId(workSpecId=f0b34ce0-234e-4be1-9fb3-67ce7e3dbc94, generation=0)
09-29 00:02:46.610  5044  5095 D WM-Processor: Processor: processing WorkGenerationalId(workSpecId=f0b34ce0-234e-4be1-9fb3-67ce7e3dbc94, generation=0)
09-29 00:02:46.634  5044  5084 I com.negi.survey: hiddenapi: Accessing hidden method Landroid/database/sqlite/SQLiteDatabase;->getThreadSession()Landroid/database/sqlite/SQLiteSession; (runtime_flags=0, domain=platform, api=unsupported) from Landroidx/sqlite/db/framework/FrameworkSQLiteDatabase; (domain=app, TargetSdkVersion=36) using reflection: allowed
09-29 00:02:46.635  5044  5084 I com.negi.survey: hiddenapi: Accessing hidden method Landroid/database/sqlite/SQLiteSession;->beginTransaction(ILandroid/database/sqlite/SQLiteTransactionListener;ILandroid/os/CancellationSignal;)V (runtime_flags=0, domain=platform, api=unsupported) from Landroidx/sqlite/db/framework/FrameworkSQLiteDatabase; (domain=app, TargetSdkVersion=36) using reflection: allowed
09-29 00:02:46.681  5044  5044 D VRI[MainActivity]@77dfc03: WindowInsets changed: 1080x2340 statusBars:[0,97,0,0] navigationBars:[0,0,0,135] mandatorySystemGestures:[0,116,0,135] 
09-29 00:02:46.691  5044  5044 I HWUI    : Using FreeType backend (prop=Auto)
09-29 00:02:46.714  5044  5044 W libc    : Access denied finding property "vendor.perf.ems.egg"
09-29 00:02:46.714  5044  5044 I BLASTBufferQueue_Java: new BLASTBufferQueue, mName= VRI[MainActivity]@77dfc03 mNativeObject= 0xb400007887fa2810 caller= android.view.ViewRootImpl.updateBlastSurfaceIfNeeded:3603 android.view.ViewRootImpl.relayoutWindow:11813 android.view.ViewRootImpl.performTraversals:4840 android.view.ViewRootImpl.doTraversal:3959 android.view.ViewRootImpl$TraversalRunnable.run:13034 android.view.Choreographer$CallbackRecord.run:1961 android.view.Choreographer$CallbackRecord.run:1970 android.view.Choreographer.doCallbacks:1423 android.view.Choreographer.doFrame:1348 android.view.Choreographer$FrameDisplayEventReceiver.run:1930 
09-29 00:02:46.714  5044  5044 I BLASTBufferQueue_Java: update, w= 1080 h= 2340 mName = VRI[MainActivity]@77dfc03 mNativeObject= 0xb400007887fa2810 sc.mNativeObject= 0xb400007937f285d0 format= -1 caller= android.view.ViewRootImpl.updateBlastSurfaceIfNeeded:3608 android.view.ViewRootImpl.relayoutWindow:11813 android.view.ViewRootImpl.performTraversals:4840 android.view.ViewRootImpl.doTraversal:3959 android.view.ViewRootImpl$TraversalRunnable.run:13034 android.view.Choreographer$CallbackRecord.run:1961 
09-29 00:02:46.715  5044  5044 W libc    : Access denied finding property "vendor.perf.ems.egg"
09-29 00:02:46.715  5044  5044 I VRI[MainActivity]@77dfc03: Relayout returned: old=(0,0,1080,2340) new=(0,0,1080,2340) relayoutAsync=false req=(1080,2340)0 dur=3 res=0x3 s={true 0xb4000078c7f510b0} ch=true seqId=0
09-29 00:02:46.715  5044  5044 I VRI[MainActivity]@77dfc03: performConfigurationChange setNightDimText nightDimLevel=0
09-29 00:02:46.717  5044  5044 D VRI[MainActivity]@77dfc03: mThreadedRenderer.initialize() mSurface={isValid=true 0xb4000078c7f510b0} hwInitialized=true
09-29 00:02:46.728  5044  5044 D VRI[MainActivity]@77dfc03: reportNextDraw android.view.ViewRootImpl.performTraversals:5507 android.view.ViewRootImpl.doTraversal:3959 android.view.ViewRootImpl$TraversalRunnable.run:13034 android.view.Choreographer$CallbackRecord.run:1961 android.view.Choreographer$CallbackRecord.run:1970 
09-29 00:02:46.728  5044  5044 D VRI[MainActivity]@77dfc03: Setup new sync=wmsSync-VRI[MainActivity]@77dfc03#0
09-29 00:02:46.728  5044  5044 I VRI[MainActivity]@77dfc03: Creating new active sync group VRI[MainActivity]@77dfc03#1
09-29 00:02:46.729  5044  5044 D VRI[MainActivity]@77dfc03: registerCallbacksForSync syncBuffer=false
09-29 00:02:46.735  5044  5044 I View    : setRequestedFrameRate frameRate=-4.0, this=android.view.View{20eee23 V.ED..... ......I. 0,0-0,0}, caller=androidx.compose.ui.platform.Api35Impl.setRequestedFrameRate:4047 androidx.compose.ui.platform.AndroidComposeView.dispatchDraw:2282 android.view.View.draw:26758 android.view.View.updateDisplayListIfDirty:25577 android.view.View.draw:26477 
09-29 00:02:46.736  5044  5086 D VRI[MainActivity]@77dfc03: Received frameDrawingCallback syncResult=0 frameNum=1.
09-29 00:02:46.736  5044  5086 I VRI[MainActivity]@77dfc03: mWNT: t=0xb4000078d7f506c0 mBlastBufferQueue=0xb400007887fa2810 fn= 1 HdrRenderState mRenderHdrSdrRatio=1.0 caller= android.view.ViewRootImpl$12.onFrameDraw:15561 android.view.ThreadedRenderer$1.onFrameDraw:751 <bottom of call stack> 
09-29 00:02:46.736  5044  5086 I VRI[MainActivity]@77dfc03: Setting up sync and frameCommitCallback
09-29 00:02:46.746  5044  5072 I BLASTBufferQueue: [VRI[MainActivity]@77dfc03#0](f:0,a:0,s:0) onFrameAvailable the first frame is available
09-29 00:02:46.747  5044  5072 I VRI[MainActivity]@77dfc03: Received frameCommittedCallback lastAttemptedDrawFrameNum=1 didProduceBuffer=true
09-29 00:02:46.747  5044  5072 D HWUI    : CFMS:: SetUp Pid : 5044    Tid : 5072
09-29 00:02:46.747  5044  5044 D VRI[MainActivity]@77dfc03: reportDrawFinished seqId=0
09-29 00:02:46.748  5044  5044 I com.negi.survey: hiddenapi: Accessing hidden method Landroid/os/SystemProperties;->addChangeCallback(Ljava/lang/Runnable;)V (runtime_flags=0, domain=platform, api=unsupported) from Landroidx/compose/ui/platform/AndroidComposeView$Companion; (domain=app, TargetSdkVersion=36) using reflection: allowed
09-29 00:02:46.754  5044  5044 D WM-WorkerWrapper: Starting work for com.negi.survey.net.GitHubUploadWorker
09-29 00:02:46.754  5044  5044 I InsetsSourceConsumer: applyRequestedVisibilityToControl: visible=true, type=statusBars, host=com.negi.survey/com.negi.survey.MainActivity
09-29 00:02:46.755  5044  5044 I InsetsSourceConsumer: applyRequestedVisibilityToControl: visible=true, type=navigationBars, host=com.negi.survey/com.negi.survey.MainActivity
09-29 00:02:46.756  5044  5044 D WM-SystemJobService: onStartJob for WorkGenerationalId(workSpecId=f0b34ce0-234e-4be1-9fb3-67ce7e3dbc94, generation=0)
09-29 00:02:46.760  5044  5044 I View    : setRequestedFrameRate frameRate=NaN, this=android.view.View{20eee23 V.ED..... ........ 0,0-0,0}, caller=androidx.compose.ui.platform.Api35Impl.setRequestedFrameRate:4047 androidx.compose.ui.platform.AndroidComposeView.dispatchDraw:2282 android.view.View.draw:26758 android.view.View.updateDisplayListIfDirty:25577 android.view.ViewGroup.recreateChildDisplayList:4881 
09-29 00:02:46.762  5044  5094 D WM-Processor: Work WorkGenerationalId(workSpecId=f0b34ce0-234e-4be1-9fb3-67ce7e3dbc94, generation=0) is already enqueued for processing
09-29 00:02:46.764  5044  5094 I WM-Processor: Moving WorkSpec (f0b34ce0-234e-4be1-9fb3-67ce7e3dbc94) to the foreground
09-29 00:02:46.765  5044  5044 D VRI[MainActivity]@77dfc03: mThreadedRenderer.initializeIfNeeded()#2 mSurface={isValid=true 0xb4000078c7f510b0}
09-29 00:02:46.766  5044  5044 D InputMethodManagerUtils: startInputInner - Id : 0
09-29 00:02:46.766  5044  5044 I InputMethodManager: startInputInner - IInputMethodManagerGlobalInvoker.startInputOrWindowGainedFocus
09-29 00:02:46.774  5044  5044 D InsetsController: hide(ime())
09-29 00:02:46.774  5044  5044 I ImeTracker: com.negi.survey:ea35c1b3: onCancelled at PHASE_CLIENT_ALREADY_HIDDEN
09-29 00:02:46.780  5044  5099 D InputTransport: Input channel constructed: 'ClientS', fd=147
09-29 00:02:46.781  5044  5044 I WM-SystemFgDispatcher: Started foreground service Intent { act=ACTION_START_FOREGROUND xflg=0x4 cmp=com.negi.survey/androidx.work.impl.foreground.SystemForegroundService (has extras) }
09-29 00:02:46.781  5044  5044 D WM-SystemFgDispatcher: Notifying with (id:5077, workSpecId: f0b34ce0-234e-4be1-9fb3-67ce7e3dbc94, notificationType :1)
09-29 00:02:46.782  5044  5044 D WM-SystemFgDispatcher: Notifying with (id:5077, workSpecId: f0b34ce0-234e-4be1-9fb3-67ce7e3dbc94, notificationType :1)
09-29 00:02:46.783  5044  5044 I NotificationManager: com.negi.survey: notify(5077, null, Notification(channel=uploads shortcut=null contentView=null vibrate=null sound=null defaults=0 flags=ONGOING_EVENT|ONLY_ALERT_ONCE color=0x00000000 category=progress vis=PRIVATE semFlags=0x0 semPriority=0 semMissedCount=0 semScenarioType=0)) as user
09-29 00:02:46.783  5044  5044 D NotificationManager: BOOTING pkg =com.negi.survey mBlockedChannelsForOverflowNoti=[]
09-29 00:02:46.787  5044  5094 D WM-WorkProgressUpdater: Updating progress for f0b34ce0-234e-4be1-9fb3-67ce7e3dbc94 (Data {pct : 3, mode : startup_runtime_logs})
09-29 00:02:46.796  5044  5094 I WM-Processor: Moving WorkSpec (f0b34ce0-234e-4be1-9fb3-67ce7e3dbc94) to the foreground
09-29 00:02:46.798  5044  5044 D WM-SystemFgDispatcher: Notifying with (id:5077, workSpecId: f0b34ce0-234e-4be1-9fb3-67ce7e3dbc94, notificationType :1)
09-29 00:02:46.798  5044  5044 I NotificationManager: com.negi.survey: notify(5077, null, Notification(channel=uploads shortcut=null contentView=null vibrate=null sound=null defaults=0 flags=ONGOING_EVENT|ONLY_ALERT_ONCE color=0x00000000 category=progress vis=PRIVATE semFlags=0x0 semPriority=0 semMissedCount=0 semScenarioType=0)) as user
09-29 00:02:46.800  5044  5094 D WM-WorkConstraintsTrack: NetworkRequestConstraintController send initial capabilities
09-29 00:02:46.857  5044  5054 I com.negi.survey: Compiler allocated 5214KB to compile void android.view.ViewRootImpl.performTraversals()
09-29 00:02:46.983  5044  5044 D IntroScreen: Resolved config details: id=survey_config10.yaml in 233ms
09-29 00:02:47.003  5044  5044 I View    : setRequestedFrameRate frameRate=-4.0, this=android.view.View{20eee23 V.ED..... ........ 0,0-0,0}, caller=androidx.compose.ui.platform.Api35Impl.setRequestedFrameRate:4047 androidx.compose.ui.platform.AndroidComposeView.dispatchDraw:2282 android.view.View.draw:26758 android.view.View.updateDisplayListIfDirty:25577 android.view.ViewGroup.recreateChildDisplayList:4881 
09-29 00:02:47.146  5044  5061 W com.negi.survey: userfaultfd: MOVE ioctl seems unsupported: Try again
09-29 00:02:47.154  5044  5061 I com.negi.survey: Explicit concurrent mark compact GC freed 8907KB AllocSpace bytes, 15(516KB) LOS objects, 80% free, 5853KB/29MB, paused 296us,1.120ms total 29.338ms
09-29 00:02:47.318  5044  5044 I View    : setRequestedFrameRate frameRate=NaN, this=android.view.View{20eee23 V.ED..... ........ 0,0-0,0}, caller=androidx.compose.ui.platform.Api35Impl.setRequestedFrameRate:4047 androidx.compose.ui.platform.AndroidComposeView.dispatchDraw:2282 android.view.View.draw:26758 android.view.View.updateDisplayListIfDirty:25577 android.view.ViewGroup.recreateChildDisplayList:4881 
09-29 00:02:47.334  5044  5044 I View    : setRequestedFrameRate frameRate=-4.0, this=android.view.View{20eee23 V.ED..... ........ 0,0-0,0}, caller=androidx.compose.ui.platform.Api35Impl.setRequestedFrameRate:4047 androidx.compose.ui.platform.AndroidComposeView.dispatchDraw:2282 android.view.View.draw:26758 android.view.View.updateDisplayListIfDirty:25577 android.view.ViewGroup.recreateChildDisplayList:4881 
09-29 00:02:47.337  5044  5044 I View    : setRequestedFrameRate frameRate=NaN, this=android.view.View{20eee23 V.ED..... ........ 0,0-0,0}, caller=androidx.compose.ui.platform.Api35Impl.setRequestedFrameRate:4047 androidx.compose.ui.platform.AndroidComposeView.dispatchDraw:2282 android.view.View.draw:26758 android.view.View.updateDisplayListIfDirty:25577 android.view.ViewGroup.recreateChildDisplayList:4881 
09-29 00:02:47.347  5044  5044 I View    : setRequestedFrameRate frameRate=-4.0, this=android.view.View{20eee23 V.ED..... ........ 0,0-0,0}, caller=androidx.compose.ui.platform.Api35Impl.setRequestedFrameRate:4047 androidx.compose.ui.platform.AndroidComposeView.dispatchDraw:2282 android.view.View.draw:26758 android.view.View.updateDisplayListIfDirty:25577 android.view.ViewGroup.recreateChildDisplayList:4881 
09-29 00:02:47.351  5044  5044 I View    : setRequestedFrameRate frameRate=NaN, this=android.view.View{20eee23 V.ED..... ........ 0,0-0,0}, caller=androidx.compose.ui.platform.Api35Impl.setRequestedFrameRate:4047 androidx.compose.ui.platform.AndroidComposeView.dispatchDraw:2282 android.view.View.draw:26758 android.view.View.updateDisplayListIfDirty:25577 android.view.ViewGroup.recreateChildDisplayList:4881 
09-29 00:02:47.381  5044  5044 I View    : setRequestedFrameRate frameRate=-4.0, this=android.view.View{20eee23 V.ED..... ........ 0,0-0,0}, caller=androidx.compose.ui.platform.Api35Impl.setRequestedFrameRate:4047 androidx.compose.ui.platform.AndroidComposeView.dispatchDraw:2282 android.view.View.draw:26758 android.view.View.updateDisplayListIfDirty:25577 android.view.ViewGroup.recreateChildDisplayList:4881 
09-29 00:02:47.385  5044  5044 I View    : setRequestedFrameRate frameRate=NaN, this=android.view.View{20eee23 V.ED..... ........ 0,0-0,0}, caller=androidx.compose.ui.platform.Api35Impl.setRequestedFrameRate:4047 androidx.compose.ui.platform.AndroidComposeView.dispatchDraw:2282 android.view.View.draw:26758 android.view.View.updateDisplayListIfDirty:25577 android.view.ViewGroup.recreateChildDisplayList:4881 
09-29 00:02:47.401  5044  5044 I View    : setRequestedFrameRate frameRate=-4.0, this=android.view.View{20eee23 V.ED..... ........ 0,0-0,0}, caller=androidx.compose.ui.platform.Api35Impl.setRequestedFrameRate:4047 androidx.compose.ui.platform.AndroidComposeView.dispatchDraw:2282 android.view.View.draw:26758 android.view.View.updateDisplayListIfDirty:25577 android.view.ViewGroup.recreateChildDisplayList:4881 
09-29 00:02:47.403  5044  5044 I View    : setRequestedFrameRate frameRate=NaN, this=android.view.View{20eee23 V.ED..... ........ 0,0-0,0}, caller=androidx.compose.ui.platform.Api35Impl.setRequestedFrameRate:4047 androidx.compose.ui.platform.AndroidComposeView.dispatchDraw:2282 android.view.View.draw:26758 android.view.View.updateDisplayListIfDirty:25577 android.view.ViewGroup.recreateChildDisplayList:4881 
09-29 00:02:47.997  5044  5064 D RuntimeLogStore: openWriter: rotate:plain_snapshot:receiver_boot_completed -> /data/user/0/com.negi.survey/files/diagnostics/runtime_logs/rtlog_20260929_050247_995_pid5044_seq2.log (bytes=0 format=LEGACY)
09-29 00:02:47.998  5044  5064 D RuntimeLogStore: retention: rotate:plain_snapshot:receiver_boot_completed files=3 kept=3 totalBytes=3540
09-29 00:02:48.011  5044  5071 D github_upload: doRuntimeLogsUpload: remoteBaseDir=diagnostics/runtime_logs/2026-09-29/runtime_logs_startup_runtime_20260929_050246_074647d6_receiver_boot_completed toUpload=2 bytes=3205 dedupe=true deleteSource=true deletedSourcePre=0 preview='runtime_log_20260929_050248_002_pid5044_receiver_boot_completed__rtlog_20260929_050246_440_pid5044_seq1.log|runtime_log_20260929_050248_002_pid5044_receiver_boot_completed__rtlog_20260929_050152_221_pid4771_seq2.log'
09-29 00:02:48.014  5044  5071 D GitHubUploader: uploadStream: owner=ishizuki-tech repo=SurveyExports branch=main path=diagnostics/runtime_logs/2026-09-29/runtime_logs_startup_runtime_20260929_050246_074647d6_receiver_boot_completed/runtime_log_20260929_050248_002_pid5044_receiver_boot_completed__rtlog_20260929_050246_440_pid5044_seq1.log size=1779 maxRawBytesHint=1000000 maxRequestBytesHint=2800000
09-29 00:02:48.015  5044  5095 D WM-WorkProgressUpdater: Updating progress for f0b34ce0-234e-4be1-9fb3-67ce7e3dbc94 (Data {pct : 10, mode : startup_runtime_logs})
09-29 00:02:48.022  5044  5095 I WM-Processor: Moving WorkSpec (f0b34ce0-234e-4be1-9fb3-67ce7e3dbc94) to the foreground
09-29 00:02:48.024  5044  5044 D WM-SystemFgDispatcher: Notifying with (id:5077, workSpecId: f0b34ce0-234e-4be1-9fb3-67ce7e3dbc94, notificationType :1)
09-29 00:02:48.024  5044  5044 I NotificationManager: com.negi.survey: notify(5077, null, Notification(channel=uploads shortcut=null contentView=null vibrate=null sound=null defaults=0 flags=ONGOING_EVENT|ONLY_ALERT_ONCE color=0x00000000 category=progress vis=PRIVATE semFlags=0x0 semPriority=0 semMissedCount=0 semScenarioType=0)) as user
09-29 00:02:48.353  5044  5061 I com.negi.survey: Explicit concurrent mark compact GC freed 2585KB AllocSpace bytes, 7(220KB) LOS objects, 80% free, 5949KB/29MB, paused 266us,1.510ms total 24.668ms
09-29 00:02:48.509  5044  5094 D WM-WorkProgressUpdater: Updating progress for f0b34ce0-234e-4be1-9fb3-67ce7e3dbc94 (Data {pct : 14, mode : startup_runtime_logs})
09-29 00:02:48.515  5044  5094 I WM-Processor: Moving WorkSpec (f0b34ce0-234e-4be1-9fb3-67ce7e3dbc94) to the foreground
09-29 00:02:48.519  5044  5094 D WM-WorkProgressUpdater: Updating progress for f0b34ce0-234e-4be1-9fb3-67ce7e3dbc94 (Data {pct : 50, mode : startup_runtime_logs})
09-29 00:02:48.522  5044  5044 D WM-SystemFgDispatcher: Notifying with (id:5077, workSpecId: f0b34ce0-234e-4be1-9fb3-67ce7e3dbc94, notificationType :1)
09-29 00:02:48.522  5044  5044 I NotificationManager: com.negi.survey: notify(5077, null, Notification(channel=uploads shortcut=null contentView=null vibrate=null sound=null defaults=0 flags=ONGOING_EVENT|ONLY_ALERT_ONCE color=0x00000000 category=progress vis=PRIVATE semFlags=0x0 semPriority=0 semMissedCount=0 semScenarioType=0)) as user
09-29 00:02:48.524  5044  5094 I WM-Processor: Moving WorkSpec (f0b34ce0-234e-4be1-9fb3-67ce7e3dbc94) to the foreground
09-29 00:02:48.532  5044  5044 D WM-SystemFgDispatcher: Notifying with (id:5077, workSpecId: f0b34ce0-234e-4be1-9fb3-67ce7e3dbc94, notificationType :1)
09-29 00:02:48.532  5044  5044 I NotificationManager: com.negi.survey: notify(5077, null, Notification(channel=uploads shortcut=null contentView=null vibrate=null sound=null defaults=0 flags=ONGOING_EVENT|ONLY_ALERT_ONCE color=0x00000000 category=progress vis=PRIVATE semFlags=0x0 semPriority=0 semMissedCount=0 semScenarioType=0)) as user
09-29 00:02:48.965  5044  5044 W SurveyApp: Deferred startup enqueues begin...
09-29 00:02:48.966  5044  5044 D SurveyApp: WorkManager available. where=startupRtLogs(immediate) took=0ms
09-29 00:02:48.968  5044  5044 D SurveyApp: Startup runtime logs target -> owner=ishizuki-tech repo=SurveyExports branch=main base='/diagnostics/runtime_logs'
09-29 00:02:48.971  5044  5044 D github_upload: enqueueStartupRuntimeLogsUpload: uniqueName=upload_runtime_logs_startup policy=KEEP session=startup_runtime_20260929_050248_e5d4e539
09-29 00:02:48.971  5044  5044 D SurveyApp: Startup runtime logs: enqueue requested (immediate).
09-29 00:02:48.972  5044  5044 D SurveyApp: WorkManager available. where=startupRingLogs(immediate) took=0ms
09-29 00:02:48.974  5044  5044 D SurveyApp: Startup ring logs target -> owner=ishizuki-tech repo=SurveyExports branch=main base='/diagnostics/applog_ring'
09-29 00:02:48.975  5044  5044 D github_upload: enqueueStartupRingLogsUpload: uniqueName=upload_ring_logs_startup policy=KEEP session=startup_ring_20260929_050248_22a56980
09-29 00:02:48.976  5044  5044 D SurveyApp: Startup ring logs: enqueue requested (immediate).
09-29 00:02:48.976  5044  5044 D SurveyApp: WorkManager available. where=enqueuePending(immediate) took=0ms
09-29 00:02:48.977  5044  5044 D SurveyApp: CrashCapture pending uploads requested (immediate).
09-29 00:02:48.977  5044  5044 W SurveyApp: Deferred startup enqueues done: took=13ms
09-29 00:02:48.978  5044  5102 D SurveyApp: Survey recovery WorkManager available. where=startupSurveyUploads(initial) took=0ms
09-29 00:02:48.981  5044  5102 D SurveyApp: Startup survey recovery complete: discovered=0 attempted=0 submitted=0 active=0 trackerUnconfirmed=0 uploaded=0 deferred=0 invalid=0 operationalFailures=0 duplicates=0 unclassified=0
09-29 00:02:48.982  5044  5139 D CrashCapture: enqueuePendingCrashUploadsIfPossible enter where=SurveyApp:enqueuePending(immediate):bg pid=5044 thread=CrashCapture-Enqueue
09-29 00:02:48.990  5044  5093 D WM-SystemJobScheduler: Scheduling work ID 235eab9c-6277-402a-b5a2-0632cac97c5bJob ID 231
09-29 00:02:48.992  5044  5093 D WM-GreedyScheduler: Starting tracking for 235eab9c-6277-402a-b5a2-0632cac97c5b
09-29 00:02:48.995  5044  5095 D WM-WorkConstraintsTrack: NetworkRequestConstraintController send initial capabilities
09-29 00:02:48.995  5044  5044 D WM-SystemJobService: onStartJob for WorkGenerationalId(workSpecId=235eab9c-6277-402a-b5a2-0632cac97c5b, generation=0)
09-29 00:02:48.997  5044  5095 D WM-Processor: Processor: processing WorkGenerationalId(workSpecId=235eab9c-6277-402a-b5a2-0632cac97c5b, generation=0)
09-29 00:02:48.997  5044  5095 D WM-GreedyScheduler: Constraints met: Scheduling work ID WorkGenerationalId(workSpecId=235eab9c-6277-402a-b5a2-0632cac97c5b, generation=0)
09-29 00:02:49.007  5044  5044 D WM-WorkerWrapper: Starting work for com.negi.survey.net.GitHubUploadWorker
