=== Previous Session Logcat ===
captured_time_utc=20260929_032149
captured_time_local=20260928_222149
marker=2026-09-28 22:20:55.092
preferred_prev_pid=-1
note=best-effort; buffers may be overwritten before next start
sdk=36
device=samsung SM-S731U
appId=com.negi.survey
versionName=0.0.1
versionCode=1

=== Logcat (since marker) ===
--------- beginning of main
09-28 22:21:46.131 13009 13009 I Zygote  : Process 13009 created for com.negi.survey
09-28 22:21:46.131 13009 13009 I com.negi.survey: Late-enabling -Xcheck:jni
09-28 22:21:46.151 13009 13009 I com.negi.survey: Using CollectorTypeCMC GC.
09-28 22:21:46.160 13009 13009 D nativeloader: Load libframework-connectivity-tiramisu-jni.so using APEX ns com_android_tethering for caller /apex/com.android.tethering/javalib/framework-connectivity-t.jar: ok
09-28 22:21:46.163 13009 13009 D ActivityThread: setConscryptValidator
09-28 22:21:46.163 13009 13009 D ActivityThread: setConscryptValidator - put
09-28 22:21:46.212 13009 13009 D ApplicationLoaders: Returning zygote-cached class loader: /system_ext/framework/androidx.window.extensions.jar
09-28 22:21:46.212 13009 13009 D ApplicationLoaders: Returning zygote-cached class loader: /system_ext/framework/androidx.window.sidecar.jar
09-28 22:21:46.540 13009 13009 D nativeloader: Configuring clns-9 for other apk /data/app/~~L8lAgavxnrwxXs4wj3xeMQ==/com.negi.survey-o7KgrVvN01IWshPfzrutoA==/base.apk. target_sdk_version=36, uses_libraries=libOpenCL.so, library_path=/data/app/~~L8lAgavxnrwxXs4wj3xeMQ==/com.negi.survey-o7KgrVvN01IWshPfzrutoA==/lib/arm64:/data/app/~~L8lAgavxnrwxXs4wj3xeMQ==/com.negi.survey-o7KgrVvN01IWshPfzrutoA==/base.apk!/lib/arm64-v8a, permitted_path=/data:/mnt/expand:/data/user/0/com.negi.survey
09-28 22:21:46.547 13009 13009 V GraphicsEnvironment: Currently set values for:
09-28 22:21:46.547 13009 13009 V GraphicsEnvironment:   angle_gl_driver_selection_pkgs=[]
09-28 22:21:46.547 13009 13009 V GraphicsEnvironment:   angle_gl_driver_selection_values=[]
09-28 22:21:46.547 13009 13009 V GraphicsEnvironment: com.negi.survey is not listed in per-application setting
09-28 22:21:46.547 13009 13009 V GraphicsEnvironment: ANGLE allowlist from config: com.dreamgames.royalmatch com.dts.freefiremax com.dxx.firenow com.gramgames.mergedragons com.ludo.king com.mojang.minecraftpe com.my.defense com.nintendo.zaka com.os.airforce com.playrix.fishdomdd.gplay io.teslatech.callbreak jp.konami.prospia net.peakgames.toonblast
09-28 22:21:46.547 13009 13009 V GraphicsEnvironment: No special selections for ANGLE, returning default driver choice
09-28 22:21:46.547 13009 13009 V GraphicsEnvironment: Neither updatable production driver nor prerelease driver is supported.
09-28 22:21:46.585 13009 13009 D nativeloader: Load /data/app/~~L8lAgavxnrwxXs4wj3xeMQ==/com.negi.survey-o7KgrVvN01IWshPfzrutoA==/base.apk!/lib/arm64-v8a/liblitertlm_jni.so using class loader ns clns-9 (caller=/data/app/~~L8lAgavxnrwxXs4wj3xeMQ==/com.negi.survey-o7KgrVvN01IWshPfzrutoA==/base.apk!classes10.dex): ok
09-28 22:21:46.585 13009 13009 D SurveyApp: Loaded LiteRTLM JNI: litertlm_jni where=attachBaseContext
09-28 22:21:46.598 13009 13009 D AppRingLogStore: installed: dir=/data/user/0/com.negi.survey/files/diagnostics/applog_ring idx=0
09-28 22:21:46.598 13009 13009 D SurveyApp: attachBaseContext: pid=13009 process=com.negi.survey isMain=true sdk=36
09-28 22:21:46.599 13009 13009 D SurveyApp: bootTiming: attachBaseContext total=32ms
09-28 22:21:46.599 13009 13009 D SurveyApp: Skipping WorkManager init in attachBaseContext; will init lazily on first enqueue.
09-28 22:21:46.601 13009 13009 D CrashCapture: install: ensured default handler. where=SurveyApp:attachBaseContext pid=13009 default=com.negi.survey.CrashCapture$CrashHandler@1a1b692
09-28 22:21:46.601 13009 13009 D SurveyApp: CrashCapture installed: where=SurveyApp:attachBaseContext
09-28 22:21:46.602 13009 13028 D RuntimeLogStore: openWriter: start -> /data/user/0/com.negi.survey/files/diagnostics/runtime_logs/rtlog_20260929_032146_592_pid13009_seq1.log (bytes=0 format=LEGACY)
09-28 22:21:46.603 13009 13028 D RuntimeLogStore: retention: start files=2 kept=2 totalBytes=1745
09-28 22:21:46.606 13009 13009 E com.negi.survey: hiddenapi: Accessing hidden method Landroid/net/ssl/EchConfigMismatchException;->getRetryConfigList()Landroid/net/ssl/EchConfigList; (runtime_flags=0, domain=core-platform, api=blocked) from /data/app/~~L8lAgavxnrwxXs4wj3xeMQ==/com.negi.survey-o7KgrVvN01IWshPfzrutoA==/base.apk!classes17.dex (domain=app, TargetSdkVersion=36) using linking: denied
09-28 22:21:46.606 13009 13009 E com.negi.survey: hiddenapi: Accessing hidden method Landroid/net/ssl/EchConfigList;->toBytes()[B (runtime_flags=0, domain=core-platform, api=blocked) from /data/app/~~L8lAgavxnrwxXs4wj3xeMQ==/com.negi.survey-o7KgrVvN01IWshPfzrutoA==/base.apk!classes17.dex (domain=app, TargetSdkVersion=36) using linking: denied
09-28 22:21:46.606 13009 13009 E com.negi.survey: hiddenapi: Accessing hidden method Landroid/net/ssl/EchConfigList;->fromBytes([B)Landroid/net/ssl/EchConfigList; (runtime_flags=0, domain=core-platform, api=blocked) from /data/app/~~L8lAgavxnrwxXs4wj3xeMQ==/com.negi.survey-o7KgrVvN01IWshPfzrutoA==/base.apk!classes17.dex (domain=app, TargetSdkVersion=36) using linking: denied
09-28 22:21:46.606 13009 13009 E com.negi.survey: hiddenapi: Accessing hidden method Landroid/net/ssl/SSLSockets;->setEchConfigList(Ljavax/net/ssl/SSLSocket;Landroid/net/ssl/EchConfigList;)V (runtime_flags=0, domain=core-platform, api=blocked) from /data/app/~~L8lAgavxnrwxXs4wj3xeMQ==/com.negi.survey-o7KgrVvN01IWshPfzrutoA==/base.apk!classes17.dex (domain=app, TargetSdkVersion=36) using linking: denied
09-28 22:21:46.613 13009 13009 D SurveyApp: LiteRTLM JNI already loaded; skip. where=onCreate(retry)
09-28 22:21:46.614 13009 13009 D SurveyApp: bootTiming: RuntimeLogStore.start took=0ms
09-28 22:21:46.614 13009 13009 D SurveyApp: bootTiming: AppRingLogStore.install took=0ms
09-28 22:21:46.614 13009 13009 D SurveyApp: onCreate: pid=13009 process=com.negi.survey isMain=true sdk=36
09-28 22:21:46.618 13009 13009 D CrashCapture: install: ensured default handler. where=SurveyApp:onCreate(rewrap) pid=13009 default=com.negi.survey.CrashCapture$CrashHandler@1a1b692
09-28 22:21:46.618 13009 13009 D SurveyApp: CrashCapture installed: where=SurveyApp:onCreate(rewrap)
09-28 22:21:46.618 13009 13009 D CrashCapture: registerSelfHealing: ActivityLifecycleCallbacks registered. mode=onResumedOnly
09-28 22:21:46.618 13009 13009 D SurveyApp: CrashCapture self-healing registered.
09-28 22:21:46.618 13009 13009 W SurveyApp: Startup enqueues deferred: delay=2500ms (to reduce init contention)
09-28 22:21:46.618 13009 13009 D SurveyApp: Startup survey recovery deferred: delay=2500ms
09-28 22:21:46.618 13009 13009 D SurveyApp: bootTiming: onCreate total=5ms
--------- beginning of system
09-28 22:21:46.623 13009 13009 D ActivityThread: com.negi.survey will use render engine as VK
09-28 22:21:46.624 13009 13009 D HWUI    : HWUI - treat SMPTE_170M as sRGB
09-28 22:21:46.625 13009 13037 I DisplayManager: Choreographer implicitly registered for the refresh rate.
09-28 22:21:46.626 13009 13037 D HWUI    : CacheManager constructor. deviceInfo=(1080, 1920)
09-28 22:21:46.627 13009 13037 D vulkan  : searching for layers in '/data/app/~~L8lAgavxnrwxXs4wj3xeMQ==/com.negi.survey-o7KgrVvN01IWshPfzrutoA==/lib/arm64'
09-28 22:21:46.627 13009 13037 D vulkan  : searching for layers in '/data/app/~~L8lAgavxnrwxXs4wj3xeMQ==/com.negi.survey-o7KgrVvN01IWshPfzrutoA==/base.apk!/lib/arm64-v8a'
09-28 22:21:46.629 13009 13033 I UploadRescheduleRcvr: Survey recovery action=android.intent.action.BOOT_COMPLETED discovered=0 reconciled=0 duplicates=0 unclassified=0 operationalFailures=0 classifications={}
09-28 22:21:46.629 13009 13037 V XGL     : ----------------------------------------------------------------------
09-28 22:21:46.630 13009 13037 V XGL     : SUMD version compiled date     = 2026-01-09 09:57 - KST
09-28 22:21:46.630 13009 13033 D UploadRescheduleRcvr: No generic GitHub pending files for action=android.intent.action.BOOT_COMPLETED
09-28 22:21:46.630 13009 13037 V XGL     : SUMD version revision number   = 1900168dcb
09-28 22:21:46.630 13009 13037 V XGL     : SUMD version info              = Driver version: 24.0.534, git hash: 1900168dcb
09-28 22:21:46.630 13009 13037 V XGL     : ----------------------------------------------------------------------
09-28 22:21:46.630 13009 13037 V XGL     : Entering: Create
09-28 22:21:46.632 13009 13009 D DesktopExperienceFlags: Toggle override initialized to: false
09-28 22:21:46.635 13009 13009 E ashmem  : Pinning is deprecated since Android Q. Please use trim or other methods.
09-28 22:21:46.642 13009 13033 D github_upload: enqueueStartupRuntimeLogsUpload: uniqueName=upload_runtime_logs_startup policy=KEEP session=startup_runtime_20260929_032146_594f2d4f
09-28 22:21:46.643 13009 13009 D CompatChangeReporter: Compat change id reported: 377864165; UID 10350; state: ENABLED
09-28 22:21:46.643 13009 13009 D DesktopModeFlags: Toggle override initialized to: OVERRIDE_UNSET
09-28 22:21:46.645 13009 13009 I DecorView: setWindowBackground: isPopOver=false color=fffafafa d=android.graphics.drawable.ColorDrawable@8a32816
09-28 22:21:46.647 13009 13009 D PhoneWindow: forceLight changed to false [] from com.android.internal.policy.PhoneWindow.updateForceLightNavigationBar:663 com.android.internal.policy.PhoneWindow.setNavigationBarColor:4435 androidx.activity.EdgeToEdgeApi35.setUp:353 androidx.activity.EdgeToEdge.enableEdgeToEdge$lambda$1:101 androidx.activity.EdgeToEdge$$ExternalSyntheticLambda0.run:0 
09-28 22:21:46.656 13009 13009 D CrashCapture: install: ensured default handler. where=selfHeal:onActivityResumed pid=13009 default=com.negi.survey.CrashCapture$CrashHandler@1a1b692
09-28 22:21:46.665 13009 13037 V XGL     : Exiting: Create
09-28 22:21:46.666 13009 13009 D ViewRootImpl: desktopMode is false
09-28 22:21:46.667 13009 13033 D WM-PackageManagerHelper: Skipping component enablement for androidx.work.impl.background.systemjob.SystemJobService
09-28 22:21:46.667 13009 13033 D WM-Schedulers: Created SystemJobScheduler and enabled SystemJobService
09-28 22:21:46.668 13009 13009 I ViewRootImpl: dVRR is disabled
09-28 22:21:46.668 13009 13009 D HardwareRenderer: onDisplayChanged. displayId=0 current wxh=1080x2340 mLargest wxh=0x0
09-28 22:21:46.669 13009 13009 D HardwareRenderer: Set largestWidth and largestHeight as logical resolution. (1080x2340)
09-28 22:21:46.669 13009 13048 D WM-ForceStopRunnable: Is default app process = true
09-28 22:21:46.670 13009 13048 D WM-ForceStopRunnable: Performing cleanup operations.
09-28 22:21:46.673 13009 13037 D HWUI    : setMaxSurfaceArea requested wxh=(1080,2340) requestedSurfaceArea(2527200) mMaxSurfaceArea(2073600)
09-28 22:21:46.673 13009 13037 D NativeCustomFrequencyManager: [NativeCFMS] BpCustomFrequencyManager::BpCustomFrequencyManager()
09-28 22:21:46.674 13009 13033 D UploadRescheduleRcvr: Enqueued runtime logs upload for action=android.intent.action.BOOT_COMPLETED reason=receiver_boot_completed
09-28 22:21:46.677 13009 13009 D InputTransport: Input channel constructed: 'be9a698', fd=118
09-28 22:21:46.677 13009 13009 I InsetsController: onStateChanged: host=com.negi.survey/com.negi.survey.MainActivity, from=android.view.ViewRootImpl.onInsetsStateChanged:3038, state=InsetsState: {mDisplayFrame=Rect(0, 0 - 1080, 2340), mDisplayCutout=DisplayCutout{insets=Rect(0, 82 - 0, 0) waterfall=Insets{left=0, top=0, right=0, bottom=0} boundingRect={Bounds=[Rect(0, 0 - 0, 0), Rect(511, 24 - 569, 82), Rect(0, 0 - 0, 0), Rect(0, 0 - 0, 0)]} cutoutPathParserInfo={CutoutPathParserInfo{displayWidth=1080 displayHeight=2340 physicalDisplayWidth=1080 physicalDisplayHeight=2340 density={2.8125} cutoutSpec={M 0,0 M 0, 8.533333333333333 a 10.31111111111111,10.31111111111111 0 1,0 0,20.62222222222222 a 10.31111111111111,10.31111111111111 0 1,0 0,-20.62222222222222 Z @dp} rotation={0} scale={1.0} physicalPixelDisplaySizeRatio={1.0}}} sideOverrides={}}, mRoundedCorners=RoundedCorners{[RoundedCorner{position=TopLeft, radius=113, center=Point(113, 113)}, RoundedCorner{position=TopRight, radius=113, center=Point(967, 113)}, RoundedCorner{position=BottomRight, radius=113, center=Point(967, 2227)}, RoundedCorner{position=BottomLeft, radius=113, center=Point(113, 2227)}]}  mRoundedCornerFrame=Rect(0, 0 - 1080, 2340), mPrivacyIndicatorBounds=PrivacyIndicatorBounds {static bounds=Rect(956, 0 - 1080, 97) rotation=0}, mDisplayShape=DisplayShape{ spec=-311912193 displayWidth=1080 displayHeight=2340 physicalPixelDisplaySizeRatio=1.0 rotation=0 offsetX=0 offsetY=0 scale=1.0}, mSources= { InsetsSource: {dc020001 mType=navigationBars mFrame=[0,2205][1080,2340] mAttachedInsets=null mVisible=true mFlags= mSideHint=BOTTOM mBoundingRects=null}, InsetsSource: {dc020004 mType=systemGestures mFrame=[0,0][0,0] mAttachedInsets=null mVisible=true mFlags= mSideHint=NONE mBoundingRects=null}, InsetsSource: {dc020005 mType=mandatorySystemGestures mFrame=[0,2205][1080,2340] mAttachedInsets=null mVisible=true mFlags= mSideHint=BOTTOM mBoundingRects=null}, InsetsSource: {dc020006 mType=tappableElement mFrame=[0,2205][1080,2340] mAttachedInsets=null mVisible=true mFlags= mSideHint=BOTTOM mBoundingRects=null}, InsetsSource: {dc020024 mType=systemGestures mFrame=[0,0][0,0] mAttachedInsets=null mVisible=true mFlags= mSideHint=NONE mBoundingRects=null}, InsetsSource: {3 mType=ime mFrame=[0,0][0,0] mAttachedInsets=null mVisible=false mFlags=INVALID mSideHint=NONE mBoundingRects=null}, InsetsSource: {27 mType=displayCutout mFrame=[0,0][1080,82] mAttachedInsets=null mVisible=true mFlags= mSideHint=TOP mBoundingRects=null}, InsetsSource: {23ca0000 mType=statusBars mFrame=[0,0][1080,97] mAttachedInsets=null mVisible=true mFlags= mSideHint=TOP mBoundingRects=null}, InsetsSource: {23ca0005 mType=mandatorySystemGestures mFrame=[0,0][1080,116] mAttachedInsets=null mVisible=true mFlags= mSideHint=TOP mBoundingRects=null}, InsetsSource: {23ca0006 mType=tappableElement mFrame=[0,0][1080,97] mAttachedInsets=null mVisible=true mFlags= mSideHint=TOP mBoundingRects=null} }
09-28 22:21:46.678 13009 13009 I VRI[MainActivity]@fadd4b2: synced displayState. AttachInfo displayState=2
09-28 22:21:46.678 13009 13009 I VRI[MainActivity]@fadd4b2: setView = com.android.internal.policy.DecorView@3236ef1 IsHRR=false mFlingFrameRateChange=0 TM=true
09-28 22:21:46.678 13009 13009 I IDS_TAG : Clearing training data of com.negi.survey.SurveyApp@dfce324
09-28 22:21:46.679 13009 13009 I IDS_TAG : Starting IDS observe window
09-28 22:21:46.679 13009 13009 I IDS_TAG : Getting Shared Preference for com.negi.survey.SurveyApp@dfce324 uid = 10350
09-28 22:21:46.680 13009 13009 I IDS_TAG : App com.negi.survey.SurveyApp@dfce324 has not finished training
09-28 22:21:46.680 13009 13037 D HWUI    : HWUI - treat SMPTE_170M as sRGB
09-28 22:21:46.680 13009 13009 I IDS_TAG : Closing IDS observe window
09-28 22:21:46.680 13009 13009 I IDS_TAG : Getting Shared Preference for com.negi.survey.SurveyApp@dfce324 uid = 10350
09-28 22:21:46.680 13009 13046 I com.negi.survey: [HIDL_FETCH_IMapper] android.hardware.graphics.mapper@4.0: Loaded Mapper successfully.
09-28 22:21:46.680 13009 13009 I IDS_TAG : IDS count updated to 1 for com.negi.survey.SurveyApp@dfce324
09-28 22:21:46.681 13009 13009 D WindowOnBackDispatcher: setTopOnBackInvokedCallback (unwrapped): android.app.Activity$$ExternalSyntheticLambda0@76f092d
09-28 22:21:46.686 13009 13048 D WM-SystemJobScheduler: Reconciling jobs
09-28 22:21:46.693 13009 13048 D WM-ForceStopRunnable: Application was force-stopped, rescheduling.
09-28 22:21:46.738 13009 13054 D WM-SystemJobScheduler: Scheduling work ID 930d46d2-6760-4477-80f6-64ef69fd6280Job ID 35
09-28 22:21:46.742 13009 13054 D WM-GreedyScheduler: Starting tracking for 930d46d2-6760-4477-80f6-64ef69fd6280
09-28 22:21:46.750 13009 13055 D WM-WorkConstraintsTrack: NetworkRequestConstraintController register shared callback
09-28 22:21:46.751 13009 13055 D ConnectivityManager: StackLog: [android.net.ConnectivityManager.sendRequestForNetwork(ConnectivityManager.java:4738)] [android.net.ConnectivityManager.registerDefaultNetworkCallbackForUid(ConnectivityManager.java:5463)] [android.net.ConnectivityManager.registerDefaultNetworkCallback(ConnectivityManager.java:5430)] [android.net.ConnectivityManager.registerDefaultNetworkCallback(ConnectivityManager.java:5404)] [androidx.work.impl.constraints.SharedNetworkCallback.addCallback(WorkConstraintsTracker.kt:362)] [androidx.work.impl.constraints.NetworkRequestConstraintController$track$1.invokeSuspend(WorkConstraintsTracker.kt:179)] [androidx.work.impl.constraints.NetworkRequestConstraintController$track$1.invoke(Unknown Source:8)] [androidx.work.impl.constraints.NetworkRequestConstraintController$track$1.invoke(Unknown Source:4)] [kotlinx.coroutines.flow.ChannelFlowBuilder.collectTo$suspendImpl(Builders.kt:316)] [kotlinx.coroutines.flow.ChannelFlowBuilder.collectTo(Unknown Source:0)] [kotlinx.coroutines.flow.CallbackFlowBuilder.collectTo(Builders.kt:330)] [kotlinx.coroutines.flow.internal.ChannelFlow$collectToFun$1.invokeSuspend(ChannelFlow.kt:56)] [kotlin.coroutines.jvm.internal.BaseContinuationImpl.resumeWith(ContinuationImpl.kt:34)] [kotlinx.coroutines.DispatchedTask.run(DispatchedTask.kt:100)] [androidx.work.impl.utils.SerialExecutorImpl$Task.run(SerialExecutorImpl.java:96)] [java.util.concurrent.ThreadPoolExecutor.runWorker(ThreadPoolExecutor.java:1154)] [java.util.concurrent.ThreadPoolExecutor$Worker.run(ThreadPoolExecutor.java:652)] [java.lang.Thread.run(Thread.java:1563)]
09-28 22:21:46.754 13009 13056 D WM-WorkConstraintsTrack: NetworkRequestConstraintController onCapabilitiesChanged callback
09-28 22:21:46.754 13009 13056 D WM-WorkConstraintsTrack: Not dispatching constraint state yet: isBlocked=null, capabilitiesInitialized=true
09-28 22:21:46.754 13009 13056 D WM-WorkConstraintsTrack: NetworkRequestConstraintController onBlockedStatusChanged callback false
09-28 22:21:46.755 13009 13055 D WM-PackageManagerHelper: androidx.work.impl.background.systemalarm.RescheduleReceiver enabled
09-28 22:21:46.755 13009 13055 D WM-GreedyScheduler: Constraints met: Scheduling work ID WorkGenerationalId(workSpecId=930d46d2-6760-4477-80f6-64ef69fd6280, generation=0)
09-28 22:21:46.760 13009 13055 D WM-Processor: Processor: processing WorkGenerationalId(workSpecId=930d46d2-6760-4477-80f6-64ef69fd6280, generation=0)
09-28 22:21:46.776 13009 13048 I com.negi.survey: hiddenapi: Accessing hidden method Landroid/database/sqlite/SQLiteDatabase;->getThreadSession()Landroid/database/sqlite/SQLiteSession; (runtime_flags=0, domain=platform, api=unsupported) from Landroidx/sqlite/db/framework/FrameworkSQLiteDatabase; (domain=app, TargetSdkVersion=36) using reflection: allowed
09-28 22:21:46.776 13009 13048 I com.negi.survey: hiddenapi: Accessing hidden method Landroid/database/sqlite/SQLiteSession;->beginTransaction(ILandroid/database/sqlite/SQLiteTransactionListener;ILandroid/os/CancellationSignal;)V (runtime_flags=0, domain=platform, api=unsupported) from Landroidx/sqlite/db/framework/FrameworkSQLiteDatabase; (domain=app, TargetSdkVersion=36) using reflection: allowed
09-28 22:21:46.821 13009 13009 D VRI[MainActivity]@fadd4b2: WindowInsets changed: 1080x2340 statusBars:[0,97,0,0] navigationBars:[0,0,0,135] mandatorySystemGestures:[0,116,0,135] 
09-28 22:21:46.831 13009 13009 I HWUI    : Using FreeType backend (prop=Auto)
09-28 22:21:46.856 13009 13009 W libc    : Access denied finding property "vendor.perf.ems.egg"
09-28 22:21:46.856 13009 13009 I BLASTBufferQueue_Java: new BLASTBufferQueue, mName= VRI[MainActivity]@fadd4b2 mNativeObject= 0xb400007887f45240 caller= android.view.ViewRootImpl.updateBlastSurfaceIfNeeded:3603 android.view.ViewRootImpl.relayoutWindow:11813 android.view.ViewRootImpl.performTraversals:4840 android.view.ViewRootImpl.doTraversal:3959 android.view.ViewRootImpl$TraversalRunnable.run:13034 android.view.Choreographer$CallbackRecord.run:1961 android.view.Choreographer$CallbackRecord.run:1970 android.view.Choreographer.doCallbacks:1423 android.view.Choreographer.doFrame:1348 android.view.Choreographer$FrameDisplayEventReceiver.run:1930 
09-28 22:21:46.856 13009 13009 I BLASTBufferQueue_Java: update, w= 1080 h= 2340 mName = VRI[MainActivity]@fadd4b2 mNativeObject= 0xb400007887f45240 sc.mNativeObject= 0xb400007937f2a790 format= -1 caller= android.view.ViewRootImpl.updateBlastSurfaceIfNeeded:3608 android.view.ViewRootImpl.relayoutWindow:11813 android.view.ViewRootImpl.performTraversals:4840 android.view.ViewRootImpl.doTraversal:3959 android.view.ViewRootImpl$TraversalRunnable.run:13034 android.view.Choreographer$CallbackRecord.run:1961 
09-28 22:21:46.857 13009 13009 W libc    : Access denied finding property "vendor.perf.ems.egg"
09-28 22:21:46.857 13009 13009 I VRI[MainActivity]@fadd4b2: Relayout returned: old=(0,0,1080,2340) new=(0,0,1080,2340) relayoutAsync=false req=(1080,2340)0 dur=3 res=0x3 s={true 0xb4000078c7f510b0} ch=true seqId=0
09-28 22:21:46.857 13009 13009 I VRI[MainActivity]@fadd4b2: performConfigurationChange setNightDimText nightDimLevel=0
09-28 22:21:46.859 13009 13009 D VRI[MainActivity]@fadd4b2: mThreadedRenderer.initialize() mSurface={isValid=true 0xb4000078c7f510b0} hwInitialized=true
09-28 22:21:46.870 13009 13009 D VRI[MainActivity]@fadd4b2: reportNextDraw android.view.ViewRootImpl.performTraversals:5507 android.view.ViewRootImpl.doTraversal:3959 android.view.ViewRootImpl$TraversalRunnable.run:13034 android.view.Choreographer$CallbackRecord.run:1961 android.view.Choreographer$CallbackRecord.run:1970 
09-28 22:21:46.870 13009 13009 D VRI[MainActivity]@fadd4b2: Setup new sync=wmsSync-VRI[MainActivity]@fadd4b2#0
09-28 22:21:46.870 13009 13009 I VRI[MainActivity]@fadd4b2: Creating new active sync group VRI[MainActivity]@fadd4b2#1
09-28 22:21:46.871 13009 13009 D VRI[MainActivity]@fadd4b2: registerCallbacksForSync syncBuffer=false
09-28 22:21:46.879 13009 13009 I View    : setRequestedFrameRate frameRate=-4.0, this=android.view.View{240bb52 V.ED..... ......I. 0,0-0,0}, caller=androidx.compose.ui.platform.Api35Impl.setRequestedFrameRate:4047 androidx.compose.ui.platform.AndroidComposeView.dispatchDraw:2282 android.view.View.draw:26758 android.view.View.updateDisplayListIfDirty:25577 android.view.View.draw:26477 
09-28 22:21:46.882 13009 13047 D VRI[MainActivity]@fadd4b2: Received frameDrawingCallback syncResult=0 frameNum=1.
09-28 22:21:46.882 13009 13047 I VRI[MainActivity]@fadd4b2: mWNT: t=0xb4000078d7f4d190 mBlastBufferQueue=0xb400007887f45240 fn= 1 HdrRenderState mRenderHdrSdrRatio=1.0 caller= android.view.ViewRootImpl$12.onFrameDraw:15561 android.view.ThreadedRenderer$1.onFrameDraw:751 <bottom of call stack> 
09-28 22:21:46.882 13009 13047 I VRI[MainActivity]@fadd4b2: Setting up sync and frameCommitCallback
09-28 22:21:46.897 13009 13037 I BLASTBufferQueue: [VRI[MainActivity]@fadd4b2#0](f:0,a:0,s:0) onFrameAvailable the first frame is available
09-28 22:21:46.897 13009 13037 I VRI[MainActivity]@fadd4b2: Received frameCommittedCallback lastAttemptedDrawFrameNum=1 didProduceBuffer=true
09-28 22:21:46.898 13009 13037 D HWUI    : CFMS:: SetUp Pid : 13009    Tid : 13037
09-28 22:21:46.898 13009 13009 D VRI[MainActivity]@fadd4b2: reportDrawFinished seqId=0
09-28 22:21:46.898 13009 13009 I com.negi.survey: hiddenapi: Accessing hidden method Landroid/os/SystemProperties;->addChangeCallback(Ljava/lang/Runnable;)V (runtime_flags=0, domain=platform, api=unsupported) from Landroidx/compose/ui/platform/AndroidComposeView$Companion; (domain=app, TargetSdkVersion=36) using reflection: allowed
09-28 22:21:46.903 13009 13009 D WM-WorkerWrapper: Starting work for com.negi.survey.net.GitHubUploadWorker
09-28 22:21:46.904 13009 13009 I InsetsSourceConsumer: applyRequestedVisibilityToControl: visible=true, type=statusBars, host=com.negi.survey/com.negi.survey.MainActivity
09-28 22:21:46.904 13009 13009 I InsetsSourceConsumer: applyRequestedVisibilityToControl: visible=true, type=navigationBars, host=com.negi.survey/com.negi.survey.MainActivity
09-28 22:21:46.905 13009 13009 D WM-SystemJobService: onStartJob for WorkGenerationalId(workSpecId=930d46d2-6760-4477-80f6-64ef69fd6280, generation=0)
09-28 22:21:46.911 13009 13009 I View    : setRequestedFrameRate frameRate=NaN, this=android.view.View{240bb52 V.ED..... ........ 0,0-0,0}, caller=androidx.compose.ui.platform.Api35Impl.setRequestedFrameRate:4047 androidx.compose.ui.platform.AndroidComposeView.dispatchDraw:2282 android.view.View.draw:26758 android.view.View.updateDisplayListIfDirty:25577 android.view.ViewGroup.recreateChildDisplayList:4881 
09-28 22:21:46.913 13009 13054 D WM-Processor: Work WorkGenerationalId(workSpecId=930d46d2-6760-4477-80f6-64ef69fd6280, generation=0) is already enqueued for processing
09-28 22:21:46.919 13009 13054 I WM-Processor: Moving WorkSpec (930d46d2-6760-4477-80f6-64ef69fd6280) to the foreground
09-28 22:21:46.920 13009 13009 D VRI[MainActivity]@fadd4b2: mThreadedRenderer.initializeIfNeeded()#2 mSurface={isValid=true 0xb4000078c7f510b0}
09-28 22:21:46.920 13009 13009 D InputMethodManagerUtils: startInputInner - Id : 0
09-28 22:21:46.920 13009 13009 I InputMethodManager: startInputInner - IInputMethodManagerGlobalInvoker.startInputOrWindowGainedFocus
09-28 22:21:46.922 13009 13009 D InsetsController: hide(ime())
09-28 22:21:46.922 13009 13009 I ImeTracker: com.negi.survey:478bef86: onCancelled at PHASE_CLIENT_ALREADY_HIDDEN
09-28 22:21:46.924 13009 13065 D InputTransport: Input channel constructed: 'ClientS', fd=144
09-28 22:21:46.928 13009 13009 I WM-SystemFgDispatcher: Started foreground service Intent { act=ACTION_START_FOREGROUND xflg=0x4 cmp=com.negi.survey/androidx.work.impl.foreground.SystemForegroundService (has extras) }
09-28 22:21:46.928 13009 13009 D WM-SystemFgDispatcher: Notifying with (id:3431, workSpecId: 930d46d2-6760-4477-80f6-64ef69fd6280, notificationType :1)
09-28 22:21:46.929 13009 13054 D WM-WorkProgressUpdater: Updating progress for 930d46d2-6760-4477-80f6-64ef69fd6280 (Data {pct : 3, mode : startup_runtime_logs})
09-28 22:21:46.931 13009 13009 D WM-SystemFgDispatcher: Notifying with (id:3431, workSpecId: 930d46d2-6760-4477-80f6-64ef69fd6280, notificationType :1)
09-28 22:21:46.931 13009 13009 I NotificationManager: com.negi.survey: notify(3431, null, Notification(channel=uploads shortcut=null contentView=null vibrate=null sound=null defaults=0 flags=ONGOING_EVENT|ONLY_ALERT_ONCE color=0x00000000 category=progress vis=PRIVATE semFlags=0x0 semPriority=0 semMissedCount=0 semScenarioType=0)) as user
09-28 22:21:46.931 13009 13009 D NotificationManager: BOOTING pkg =com.negi.survey mBlockedChannelsForOverflowNoti=[]
09-28 22:21:46.938 13009 13054 I WM-Processor: Moving WorkSpec (930d46d2-6760-4477-80f6-64ef69fd6280) to the foreground
09-28 22:21:46.943 13009 13054 D WM-WorkConstraintsTrack: NetworkRequestConstraintController send initial capabilities
09-28 22:21:46.944 13009 13009 D WM-SystemFgDispatcher: Notifying with (id:3431, workSpecId: 930d46d2-6760-4477-80f6-64ef69fd6280, notificationType :1)
09-28 22:21:46.944 13009 13009 I NotificationManager: com.negi.survey: notify(3431, null, Notification(channel=uploads shortcut=null contentView=null vibrate=null sound=null defaults=0 flags=ONGOING_EVENT|ONLY_ALERT_ONCE color=0x00000000 category=progress vis=PRIVATE semFlags=0x0 semPriority=0 semMissedCount=0 semScenarioType=0)) as user
09-28 22:21:47.022 13009 13014 I com.negi.survey: Compiler allocated 5214KB to compile void android.view.ViewRootImpl.performTraversals()
09-28 22:21:47.150 13009 13009 D IntroScreen: Resolved config details: id=survey_config10.yaml in 250ms
09-28 22:21:47.177 13009 13009 I View    : setRequestedFrameRate frameRate=-4.0, this=android.view.View{240bb52 V.ED..... ........ 0,0-0,0}, caller=androidx.compose.ui.platform.Api35Impl.setRequestedFrameRate:4047 androidx.compose.ui.platform.AndroidComposeView.dispatchDraw:2282 android.view.View.draw:26758 android.view.View.updateDisplayListIfDirty:25577 android.view.ViewGroup.recreateChildDisplayList:4881 
09-28 22:21:47.491 13009 13009 I View    : setRequestedFrameRate frameRate=NaN, this=android.view.View{240bb52 V.ED..... ........ 0,0-0,0}, caller=androidx.compose.ui.platform.Api35Impl.setRequestedFrameRate:4047 androidx.compose.ui.platform.AndroidComposeView.dispatchDraw:2282 android.view.View.draw:26758 android.view.View.updateDisplayListIfDirty:25577 android.view.ViewGroup.recreateChildDisplayList:4881 
09-28 22:21:47.503 13009 13009 I View    : setRequestedFrameRate frameRate=-4.0, this=android.view.View{240bb52 V.ED..... ........ 0,0-0,0}, caller=androidx.compose.ui.platform.Api35Impl.setRequestedFrameRate:4047 androidx.compose.ui.platform.AndroidComposeView.dispatchDraw:2282 android.view.View.draw:26758 android.view.View.updateDisplayListIfDirty:25577 android.view.ViewGroup.recreateChildDisplayList:4881 
09-28 22:21:47.508 13009 13009 I View    : setRequestedFrameRate frameRate=NaN, this=android.view.View{240bb52 V.ED..... ........ 0,0-0,0}, caller=androidx.compose.ui.platform.Api35Impl.setRequestedFrameRate:4047 androidx.compose.ui.platform.AndroidComposeView.dispatchDraw:2282 android.view.View.draw:26758 android.view.View.updateDisplayListIfDirty:25577 android.view.ViewGroup.recreateChildDisplayList:4881 
09-28 22:21:47.520 13009 13009 I View    : setRequestedFrameRate frameRate=-4.0, this=android.view.View{240bb52 V.ED..... ........ 0,0-0,0}, caller=androidx.compose.ui.platform.Api35Impl.setRequestedFrameRate:4047 androidx.compose.ui.platform.AndroidComposeView.dispatchDraw:2282 android.view.View.draw:26758 android.view.View.updateDisplayListIfDirty:25577 android.view.ViewGroup.recreateChildDisplayList:4881 
09-28 22:21:47.524 13009 13009 I View    : setRequestedFrameRate frameRate=NaN, this=android.view.View{240bb52 V.ED..... ........ 0,0-0,0}, caller=androidx.compose.ui.platform.Api35Impl.setRequestedFrameRate:4047 androidx.compose.ui.platform.AndroidComposeView.dispatchDraw:2282 android.view.View.draw:26758 android.view.View.updateDisplayListIfDirty:25577 android.view.ViewGroup.recreateChildDisplayList:4881 
09-28 22:21:47.561 13009 13009 I View    : setRequestedFrameRate frameRate=-4.0, this=android.view.View{240bb52 V.ED..... ........ 0,0-0,0}, caller=androidx.compose.ui.platform.Api35Impl.setRequestedFrameRate:4047 androidx.compose.ui.platform.AndroidComposeView.dispatchDraw:2282 android.view.View.draw:26758 android.view.View.updateDisplayListIfDirty:25577 android.view.ViewGroup.recreateChildDisplayList:4881 
09-28 22:21:47.565 13009 13009 I View    : setRequestedFrameRate frameRate=NaN, this=android.view.View{240bb52 V.ED..... ........ 0,0-0,0}, caller=androidx.compose.ui.platform.Api35Impl.setRequestedFrameRate:4047 androidx.compose.ui.platform.AndroidComposeView.dispatchDraw:2282 android.view.View.draw:26758 android.view.View.updateDisplayListIfDirty:25577 android.view.ViewGroup.recreateChildDisplayList:4881 
09-28 22:21:47.574 13009 13009 I View    : setRequestedFrameRate frameRate=-4.0, this=android.view.View{240bb52 V.ED..... ........ 0,0-0,0}, caller=androidx.compose.ui.platform.Api35Impl.setRequestedFrameRate:4047 androidx.compose.ui.platform.AndroidComposeView.dispatchDraw:2282 android.view.View.draw:26758 android.view.View.updateDisplayListIfDirty:25577 android.view.ViewGroup.recreateChildDisplayList:4881 
09-28 22:21:47.577 13009 13009 I View    : setRequestedFrameRate frameRate=NaN, this=android.view.View{240bb52 V.ED..... ........ 0,0-0,0}, caller=androidx.compose.ui.platform.Api35Impl.setRequestedFrameRate:4047 androidx.compose.ui.platform.AndroidComposeView.dispatchDraw:2282 android.view.View.draw:26758 android.view.View.updateDisplayListIfDirty:25577 android.view.ViewGroup.recreateChildDisplayList:4881 
09-28 22:21:48.139 13009 13028 D RuntimeLogStore: openWriter: rotate:plain_snapshot:receiver_boot_completed -> /data/user/0/com.negi.survey/files/diagnostics/runtime_logs/rtlog_20260929_032148_138_pid13009_seq2.log (bytes=0 format=LEGACY)
09-28 22:21:48.140 13009 13028 D RuntimeLogStore: retention: rotate:plain_snapshot:receiver_boot_completed files=3 kept=3 totalBytes=3545
09-28 22:21:48.148 13009 13033 D github_upload: doRuntimeLogsUpload: remoteBaseDir=diagnostics/runtime_logs/2026-09-29/runtime_logs_startup_runtime_20260929_032146_594f2d4f_receiver_boot_completed toUpload=2 bytes=3209 dedupe=true deleteSource=true deletedSourcePre=0 preview='runtime_log_20260929_032148_144_pid13009_receiver_boot_completed__rtlog_20260929_032146_592_pid13009_seq1.log|runtime_log_20260929_032148_144_pid13009_receiver_boot_completed__rtlog_20260929_032053_997_pid12589_seq2.log'
09-28 22:21:48.153 13009 13033 D GitHubUploader: uploadStream: owner=ishizuki-tech repo=SurveyExports branch=main path=diagnostics/runtime_logs/2026-09-29/runtime_logs_startup_runtime_20260929_032146_594f2d4f_receiver_boot_completed/runtime_log_20260929_032148_144_pid13009_receiver_boot_completed__rtlog_20260929_032146_592_pid13009_seq1.log size=1782 maxRawBytesHint=1000000 maxRequestBytesHint=2800000
09-28 22:21:48.153 13009 13053 D WM-WorkProgressUpdater: Updating progress for 930d46d2-6760-4477-80f6-64ef69fd6280 (Data {pct : 10, mode : startup_runtime_logs})
09-28 22:21:48.159 13009 13053 I WM-Processor: Moving WorkSpec (930d46d2-6760-4477-80f6-64ef69fd6280) to the foreground
09-28 22:21:48.163 13009 13009 D WM-SystemFgDispatcher: Notifying with (id:3431, workSpecId: 930d46d2-6760-4477-80f6-64ef69fd6280, notificationType :1)
09-28 22:21:48.163 13009 13009 I NotificationManager: com.negi.survey: notify(3431, null, Notification(channel=uploads shortcut=null contentView=null vibrate=null sound=null defaults=0 flags=ONGOING_EVENT|ONLY_ALERT_ONCE color=0x00000000 category=progress vis=PRIVATE semFlags=0x0 semPriority=0 semMissedCount=0 semScenarioType=0)) as user
09-28 22:21:48.450 13009 13054 D WM-WorkProgressUpdater: Updating progress for 930d46d2-6760-4477-80f6-64ef69fd6280 (Data {pct : 14, mode : startup_runtime_logs})
09-28 22:21:48.454 13009 13054 I WM-Processor: Moving WorkSpec (930d46d2-6760-4477-80f6-64ef69fd6280) to the foreground
09-28 22:21:48.456 13009 13009 D WM-SystemFgDispatcher: Notifying with (id:3431, workSpecId: 930d46d2-6760-4477-80f6-64ef69fd6280, notificationType :1)
09-28 22:21:48.456 13009 13009 I NotificationManager: com.negi.survey: notify(3431, null, Notification(channel=uploads shortcut=null contentView=null vibrate=null sound=null defaults=0 flags=ONGOING_EVENT|ONLY_ALERT_ONCE color=0x00000000 category=progress vis=PRIVATE semFlags=0x0 semPriority=0 semMissedCount=0 semScenarioType=0)) as user
09-28 22:21:48.457 13009 13054 D WM-WorkProgressUpdater: Updating progress for 930d46d2-6760-4477-80f6-64ef69fd6280 (Data {pct : 50, mode : startup_runtime_logs})
09-28 22:21:48.461 13009 13053 I WM-Processor: Moving WorkSpec (930d46d2-6760-4477-80f6-64ef69fd6280) to the foreground
09-28 22:21:48.463 13009 13009 D WM-SystemFgDispatcher: Notifying with (id:3431, workSpecId: 930d46d2-6760-4477-80f6-64ef69fd6280, notificationType :1)
09-28 22:21:48.464 13009 13009 I NotificationManager: com.negi.survey: notify(3431, null, Notification(channel=uploads shortcut=null contentView=null vibrate=null sound=null defaults=0 flags=ONGOING_EVENT|ONLY_ALERT_ONCE color=0x00000000 category=progress vis=PRIVATE semFlags=0x0 semPriority=0 semMissedCount=0 semScenarioType=0)) as user
09-28 22:21:49.120 13009 13009 W SurveyApp: Deferred startup enqueues begin...
09-28 22:21:49.121 13009 13009 D SurveyApp: WorkManager available. where=startupRtLogs(immediate) took=0ms
09-28 22:21:49.124 13009 13009 D SurveyApp: Startup runtime logs target -> owner=ishizuki-tech repo=SurveyExports branch=main base='/diagnostics/runtime_logs'
09-28 22:21:49.126 13009 13009 D github_upload: enqueueStartupRuntimeLogsUpload: uniqueName=upload_runtime_logs_startup policy=KEEP session=startup_runtime_20260929_032149_8e70421a
09-28 22:21:49.127 13009 13009 D SurveyApp: Startup runtime logs: enqueue requested (immediate).
09-28 22:21:49.127 13009 13009 D SurveyApp: WorkManager available. where=startupRingLogs(immediate) took=0ms
09-28 22:21:49.128 13009 13009 D SurveyApp: Startup ring logs target -> owner=ishizuki-tech repo=SurveyExports branch=main base='/diagnostics/applog_ring'
09-28 22:21:49.129 13009 13009 D github_upload: enqueueStartupRingLogsUpload: uniqueName=upload_ring_logs_startup policy=KEEP session=startup_ring_20260929_032149_813c2942
09-28 22:21:49.129 13009 13009 D SurveyApp: Startup ring logs: enqueue requested (immediate).
09-28 22:21:49.129 13009 13009 D SurveyApp: WorkManager available. where=enqueuePending(immediate) took=0ms
09-28 22:21:49.130 13009 13009 D SurveyApp: CrashCapture pending uploads requested (immediate).
09-28 22:21:49.130 13009 13009 W SurveyApp: Deferred startup enqueues done: took=10ms
09-28 22:21:49.130 13009 13095 D CrashCapture: enqueuePendingCrashUploadsIfPossible enter where=SurveyApp:enqueuePending(immediate):bg pid=13009 thread=CrashCapture-Enqueue
09-28 22:21:49.131 13009 13035 D SurveyApp: Survey recovery WorkManager available. where=startupSurveyUploads(initial) took=0ms
09-28 22:21:49.143 13009 13053 D WM-SystemJobScheduler: Scheduling work ID 49194d14-26a3-48f5-9e86-10b357d140a0Job ID 36
09-28 22:21:49.146 13009 13053 D WM-GreedyScheduler: Starting tracking for 49194d14-26a3-48f5-9e86-10b357d140a0
09-28 22:21:49.147 13009 13009 D WM-SystemJobService: onStartJob for WorkGenerationalId(workSpecId=49194d14-26a3-48f5-9e86-10b357d140a0, generation=0)
09-28 22:21:49.148 13009 13035 D SurveyApp: Startup survey recovery complete: discovered=0 attempted=0 submitted=0 active=0 trackerUnconfirmed=0 uploaded=0 deferred=0 invalid=0 operationalFailures=0 duplicates=0 unclassified=0
09-28 22:21:49.150 13009 13053 D WM-Processor: Processor: processing WorkGenerationalId(workSpecId=49194d14-26a3-48f5-9e86-10b357d140a0, generation=0)
