=== Previous Session Logcat ===
captured_time_utc=20260929_051023
captured_time_local=20260928_221023
marker=2026-09-28 22:08:49.846
preferred_prev_pid=-1
note=best-effort; buffers may be overwritten before next start
sdk=36
device=Google Pixel 9a
appId=com.negi.survey
versionName=0.0.1
versionCode=1

=== Logcat (since marker) ===
--------- beginning of main
09-28 22:10:20.017 21453 21453 I Zygote  : Process 21453 created for com.negi.survey
09-28 22:10:20.018 21453 21453 I com.negi.survey: Late-enabling -Xcheck:jni
09-28 22:10:20.086 21453 21453 I com.negi.survey: Using CollectorTypeCMC GC.
09-28 22:10:20.104 21453 21453 D nativeloader: Load libframework-connectivity-tiramisu-jni.so using APEX ns com_android_tethering for caller /apex/com.android.tethering/javalib/framework-connectivity-t.jar: ok
09-28 22:10:20.137 21453 21453 D ApplicationLoaders: Returning zygote-cached class loader: /system_ext/framework/androidx.window.extensions.jar
09-28 22:10:20.137 21453 21453 D ApplicationLoaders: Returning zygote-cached class loader: /system_ext/framework/androidx.window.sidecar.jar
09-28 22:10:20.561 21453 21453 D nativeloader: Configuring clns-9 for other apk /data/app/~~gWwD2EuXOtVxTjxQqg8REg==/com.negi.survey-nP0p7YOjkl1VL3rkgCMH8w==/base.apk. target_sdk_version=36, uses_libraries=libOpenCL.so:libOpenCL-pixel.so, library_path=/data/app/~~gWwD2EuXOtVxTjxQqg8REg==/com.negi.survey-nP0p7YOjkl1VL3rkgCMH8w==/lib/arm64:/data/app/~~gWwD2EuXOtVxTjxQqg8REg==/com.negi.survey-nP0p7YOjkl1VL3rkgCMH8w==/base.apk!/lib/arm64-v8a, permitted_path=/data:/mnt/expand:/data/user/0/com.negi.survey
09-28 22:10:20.574 21453 21453 V GraphicsEnvironment: Currently set values for:
09-28 22:10:20.574 21453 21453 V GraphicsEnvironment:   angle_gl_driver_selection_pkgs=[com.android.angle]
09-28 22:10:20.574 21453 21453 V GraphicsEnvironment:   angle_gl_driver_selection_values=[angle]
09-28 22:10:20.574 21453 21453 V GraphicsEnvironment: com.negi.survey is not listed in per-application setting
09-28 22:10:20.574 21453 21453 V GraphicsEnvironment: No special selections for ANGLE, returning default driver choice
09-28 22:10:20.574 21453 21453 V GraphicsEnvironment: Neither updatable production driver nor prerelease driver is supported.
09-28 22:10:20.612 21453 21453 D nativeloader: Load /data/app/~~gWwD2EuXOtVxTjxQqg8REg==/com.negi.survey-nP0p7YOjkl1VL3rkgCMH8w==/base.apk!/lib/arm64-v8a/liblitertlm_jni.so using class loader ns clns-9 (caller=/data/app/~~gWwD2EuXOtVxTjxQqg8REg==/com.negi.survey-nP0p7YOjkl1VL3rkgCMH8w==/base.apk!classes10.dex): ok
09-28 22:10:20.612 21453 21453 D SurveyApp: Loaded LiteRTLM JNI: litertlm_jni where=attachBaseContext
09-28 22:10:20.625 21453 21453 D AppRingLogStore: installed: dir=/data/user/0/com.negi.survey/files/diagnostics/applog_ring idx=0
09-28 22:10:20.625 21453 21453 D SurveyApp: attachBaseContext: pid=21453 process=com.negi.survey isMain=true sdk=36
09-28 22:10:20.625 21453 21453 D SurveyApp: bootTiming: attachBaseContext total=39ms
09-28 22:10:20.626 21453 21453 D SurveyApp: Skipping WorkManager init in attachBaseContext; will init lazily on first enqueue.
09-28 22:10:20.627 21453 21453 D CrashCapture: install: ensured default handler. where=SurveyApp:attachBaseContext pid=21453 default=com.negi.survey.CrashCapture$CrashHandler@8a08768
09-28 22:10:20.627 21453 21453 D SurveyApp: CrashCapture installed: where=SurveyApp:attachBaseContext
09-28 22:10:20.629 21453 21471 D RuntimeLogStore: openWriter: start -> /data/user/0/com.negi.survey/files/diagnostics/runtime_logs/rtlog_20260929_051020_619_pid21453_seq1.log (bytes=0 format=LEGACY)
09-28 22:10:20.631 21453 21471 D RuntimeLogStore: retention: start files=3 kept=3 totalBytes=9582
09-28 22:10:20.635 21453 21453 E com.negi.survey: hiddenapi: Accessing hidden method Landroid/net/ssl/EchConfigMismatchException;->getRetryConfigList()Landroid/net/ssl/EchConfigList; (runtime_flags=0, domain=core-platform, api=blocked) from /data/app/~~gWwD2EuXOtVxTjxQqg8REg==/com.negi.survey-nP0p7YOjkl1VL3rkgCMH8w==/base.apk!classes17.dex (domain=app, TargetSdkVersion=36) using linking: denied
09-28 22:10:20.635 21453 21453 E com.negi.survey: hiddenapi: Accessing hidden method Landroid/net/ssl/EchConfigList;->toBytes()[B (runtime_flags=0, domain=core-platform, api=blocked) from /data/app/~~gWwD2EuXOtVxTjxQqg8REg==/com.negi.survey-nP0p7YOjkl1VL3rkgCMH8w==/base.apk!classes17.dex (domain=app, TargetSdkVersion=36) using linking: denied
09-28 22:10:20.635 21453 21453 E com.negi.survey: hiddenapi: Accessing hidden method Landroid/net/ssl/EchConfigList;->fromBytes([B)Landroid/net/ssl/EchConfigList; (runtime_flags=0, domain=core-platform, api=blocked) from /data/app/~~gWwD2EuXOtVxTjxQqg8REg==/com.negi.survey-nP0p7YOjkl1VL3rkgCMH8w==/base.apk!classes17.dex (domain=app, TargetSdkVersion=36) using linking: denied
09-28 22:10:20.635 21453 21453 E com.negi.survey: hiddenapi: Accessing hidden method Landroid/net/ssl/SSLSockets;->setEchConfigList(Ljavax/net/ssl/SSLSocket;Landroid/net/ssl/EchConfigList;)V (runtime_flags=0, domain=core-platform, api=blocked) from /data/app/~~gWwD2EuXOtVxTjxQqg8REg==/com.negi.survey-nP0p7YOjkl1VL3rkgCMH8w==/base.apk!classes17.dex (domain=app, TargetSdkVersion=36) using linking: denied
09-28 22:10:20.640 21453 21453 D SurveyApp: LiteRTLM JNI already loaded; skip. where=onCreate(retry)
09-28 22:10:20.640 21453 21453 D SurveyApp: bootTiming: RuntimeLogStore.start took=0ms
09-28 22:10:20.640 21453 21453 D SurveyApp: bootTiming: AppRingLogStore.install took=0ms
09-28 22:10:20.640 21453 21453 D SurveyApp: onCreate: pid=21453 process=com.negi.survey isMain=true sdk=36
09-28 22:10:20.644 21453 21453 D CrashCapture: install: ensured default handler. where=SurveyApp:onCreate(rewrap) pid=21453 default=com.negi.survey.CrashCapture$CrashHandler@8a08768
09-28 22:10:20.644 21453 21453 D SurveyApp: CrashCapture installed: where=SurveyApp:onCreate(rewrap)
09-28 22:10:20.644 21453 21453 D CrashCapture: registerSelfHealing: ActivityLifecycleCallbacks registered. mode=onResumedOnly
09-28 22:10:20.644 21453 21453 D SurveyApp: CrashCapture self-healing registered.
09-28 22:10:20.644 21453 21453 W SurveyApp: Startup enqueues deferred: delay=2500ms (to reduce init contention)
09-28 22:10:20.645 21453 21453 D SurveyApp: Startup survey recovery deferred: delay=2500ms
09-28 22:10:20.645 21453 21453 D SurveyApp: bootTiming: onCreate total=6ms
--------- beginning of system
09-28 22:10:20.651 21453 21476 I DisplayManager: Choreographer implicitly registered for the refresh rate.
09-28 22:10:20.652 21453 21476 D vulkan  : searching for layers in '/data/app/~~gWwD2EuXOtVxTjxQqg8REg==/com.negi.survey-nP0p7YOjkl1VL3rkgCMH8w==/lib/arm64'
09-28 22:10:20.652 21453 21476 D vulkan  : searching for layers in '/data/app/~~gWwD2EuXOtVxTjxQqg8REg==/com.negi.survey-nP0p7YOjkl1VL3rkgCMH8w==/base.apk!/lib/arm64-v8a'
09-28 22:10:20.661 21453 21474 I UploadRescheduleRcvr: Survey recovery action=android.intent.action.BOOT_COMPLETED discovered=0 reconciled=0 duplicates=0 unclassified=0 operationalFailures=0 classifications={}
09-28 22:10:20.662 21453 21474 D UploadRescheduleRcvr: No generic GitHub pending files for action=android.intent.action.BOOT_COMPLETED
09-28 22:10:20.662 21453 21453 D DesktopExperienceFlags: Toggle override initialized to: false
09-28 22:10:20.676 21453 21453 D CompatChangeReporter: Compat change id reported: 377864165; UID 14949; state: ENABLED
09-28 22:10:20.676 21453 21453 D DesktopModeFlags: Toggle override initialized to: OVERRIDE_UNSET
09-28 22:10:20.691 21453 21474 D github_upload: enqueueStartupRuntimeLogsUpload: uniqueName=upload_runtime_logs_startup policy=KEEP session=startup_runtime_20260929_051020_82e4b4dc
09-28 22:10:20.692 21453 21453 I ContentCaptureHelper: Setting logging level to OFF
09-28 22:10:20.693 21453 21453 D CrashCapture: install: ensured default handler. where=selfHeal:onActivityResumed pid=21453 default=com.negi.survey.CrashCapture$CrashHandler@8a08768
09-28 22:10:20.714 21453 21474 D WM-PackageManagerHelper: Skipping component enablement for androidx.work.impl.background.systemjob.SystemJobService
09-28 22:10:20.714 21453 21474 D WM-Schedulers: Created SystemJobScheduler and enabled SystemJobService
09-28 22:10:20.719 21453 21489 D WM-ForceStopRunnable: Is default app process = true
09-28 22:10:20.720 21453 21489 D WM-ForceStopRunnable: Performing cleanup operations.
09-28 22:10:20.720 21453 21453 D WindowOnBackDispatcher: setTopOnBackInvokedCallback (unwrapped): android.app.Activity$$ExternalSyntheticLambda0@2d6cd5d
09-28 22:10:20.725 21453 21474 D UploadRescheduleRcvr: Enqueued runtime logs upload for action=android.intent.action.BOOT_COMPLETED reason=receiver_boot_completed
09-28 22:10:20.739 21453 21489 D WM-SystemJobScheduler: Reconciling jobs
09-28 22:10:20.749 21453 21489 D WM-ForceStopRunnable: Application was force-stopped, rescheduling.
09-28 22:10:20.778 21453 21491 D WM-SystemJobScheduler: Scheduling work ID fcee3cb8-81e1-48b5-897b-1e05bd72a576Job ID 56
09-28 22:10:20.781 21453 21491 D WM-GreedyScheduler: Starting tracking for fcee3cb8-81e1-48b5-897b-1e05bd72a576
09-28 22:10:20.789 21453 21492 D WM-WorkConstraintsTrack: NetworkRequestConstraintController register shared callback
09-28 22:10:20.792 21453 21492 D WM-PackageManagerHelper: androidx.work.impl.background.systemalarm.RescheduleReceiver enabled
09-28 22:10:20.795 21453 21493 D WM-WorkConstraintsTrack: NetworkRequestConstraintController onCapabilitiesChanged callback
09-28 22:10:20.795 21453 21493 D WM-WorkConstraintsTrack: Not dispatching constraint state yet: isBlocked=null, capabilitiesInitialized=true
09-28 22:10:20.795 21453 21493 D WM-WorkConstraintsTrack: NetworkRequestConstraintController onBlockedStatusChanged callback false
09-28 22:10:20.797 21453 21491 D WM-GreedyScheduler: Constraints met: Scheduling work ID WorkGenerationalId(workSpecId=fcee3cb8-81e1-48b5-897b-1e05bd72a576, generation=0)
09-28 22:10:20.801 21453 21491 D WM-Processor: Processor: processing WorkGenerationalId(workSpecId=fcee3cb8-81e1-48b5-897b-1e05bd72a576, generation=0)
09-28 22:10:20.813 21453 21492 I com.negi.survey: hiddenapi: Accessing hidden method Landroid/database/sqlite/SQLiteDatabase;->getThreadSession()Landroid/database/sqlite/SQLiteSession; (runtime_flags=0, domain=platform, api=unsupported) from Landroidx/sqlite/db/framework/FrameworkSQLiteDatabase; (domain=app, TargetSdkVersion=36) using reflection: allowed
09-28 22:10:20.814 21453 21492 I com.negi.survey: hiddenapi: Accessing hidden method Landroid/database/sqlite/SQLiteSession;->beginTransaction(ILandroid/database/sqlite/SQLiteTransactionListener;ILandroid/os/CancellationSignal;)V (runtime_flags=0, domain=platform, api=unsupported) from Landroidx/sqlite/db/framework/FrameworkSQLiteDatabase; (domain=app, TargetSdkVersion=36) using reflection: allowed
09-28 22:10:20.867 21453 21453 D VRI[MainActivity]: WindowInsets changed: 1080x2424 statusBars:[0,152,0,0] navigationBars:[0,0,0,69] mandatorySystemGestures:[0,187,0,92] 
09-28 22:10:20.880 21453 21453 I HWUI    : Using FreeType backend (prop=Auto)
09-28 22:10:20.957 21453 21453 I com.negi.survey: hiddenapi: Accessing hidden method Landroid/os/SystemProperties;->addChangeCallback(Ljava/lang/Runnable;)V (runtime_flags=0, domain=platform, api=unsupported) from Landroidx/compose/ui/platform/AndroidComposeView$Companion; (domain=app, TargetSdkVersion=36) using reflection: allowed
09-28 22:10:20.968 21453 21453 D WM-WorkerWrapper: Starting work for com.negi.survey.net.GitHubUploadWorker
09-28 22:10:20.978 21453 21489 I WM-Processor: Moving WorkSpec (fcee3cb8-81e1-48b5-897b-1e05bd72a576) to the foreground
09-28 22:10:20.983 21453 21453 D WM-SystemJobService: onStartJob for WorkGenerationalId(workSpecId=fcee3cb8-81e1-48b5-897b-1e05bd72a576, generation=0)
09-28 22:10:20.990 21453 21453 I WM-SystemFgDispatcher: Started foreground service Intent { act=ACTION_START_FOREGROUND xflg=0x4 cmp=com.negi.survey/androidx.work.impl.foreground.SystemForegroundService (has extras) }
09-28 22:10:20.990 21453 21453 D WM-SystemFgDispatcher: Notifying with (id:5898, workSpecId: fcee3cb8-81e1-48b5-897b-1e05bd72a576, notificationType :1)
09-28 22:10:20.990 21453 21489 D WM-Processor: Work WorkGenerationalId(workSpecId=fcee3cb8-81e1-48b5-897b-1e05bd72a576, generation=0) is already enqueued for processing
09-28 22:10:20.990 21453 21489 D WM-WorkProgressUpdater: Updating progress for fcee3cb8-81e1-48b5-897b-1e05bd72a576 (Data {pct : 3, mode : startup_runtime_logs})
09-28 22:10:20.993 21453 21453 D WM-SystemFgDispatcher: Notifying with (id:5898, workSpecId: fcee3cb8-81e1-48b5-897b-1e05bd72a576, notificationType :1)
09-28 22:10:21.003 21453 21453 D InsetsController: hide(ime())
09-28 22:10:21.004 21453 21453 I ImeTracker: com.negi.survey:c1993925: onCancelled at PHASE_CLIENT_ALREADY_HIDDEN
09-28 22:10:21.005 21453 21489 I WM-Processor: Moving WorkSpec (fcee3cb8-81e1-48b5-897b-1e05bd72a576) to the foreground
09-28 22:10:21.007 21453 21453 D WM-SystemFgDispatcher: Notifying with (id:5898, workSpecId: fcee3cb8-81e1-48b5-897b-1e05bd72a576, notificationType :1)
09-28 22:10:21.023 21453 21489 D WM-WorkConstraintsTrack: NetworkRequestConstraintController send initial capabilities
09-28 22:10:21.027 21453 21458 I com.negi.survey: Compiler allocated 5038KB to compile void android.view.ViewRootImpl.performTraversals()
09-28 22:10:21.051 21453 21463 W com.negi.survey: userfaultfd: MOVE ioctl seems unsupported: Try again
09-28 22:10:21.058 21453 21463 I com.negi.survey: Explicit concurrent mark compact GC freed 8283KB AllocSpace bytes, 9(324KB) LOS objects, 82% free, 5171KB/29MB, paused 444us,1.055ms total 30.304ms
09-28 22:10:21.210 21453 21453 D IntroScreen: Resolved config details: id=survey_config10.yaml in 251ms
09-28 22:10:21.635 21453 21463 I com.negi.survey: Explicit concurrent mark compact GC freed 3468KB AllocSpace bytes, 5(116KB) LOS objects, 81% free, 5740KB/29MB, paused 415us,1.795ms total 34.563ms
09-28 22:10:22.197 21453 21471 D RuntimeLogStore: openWriter: rotate:plain_snapshot:receiver_boot_completed -> /data/user/0/com.negi.survey/files/diagnostics/runtime_logs/rtlog_20260929_051022_196_pid21453_seq2.log (bytes=0 format=LEGACY)
09-28 22:10:22.198 21453 21471 D RuntimeLogStore: retention: rotate:plain_snapshot:receiver_boot_completed files=4 kept=4 totalBytes=11381
09-28 22:10:22.212 21453 21475 D github_upload: doRuntimeLogsUpload: remoteBaseDir=diagnostics/runtime_logs/2026-09-29/runtime_logs_startup_runtime_20260929_051020_82e4b4dc_receiver_boot_completed toUpload=3 bytes=11046 dedupe=true deleteSource=true deletedSourcePre=0 preview='runtime_log_20260929_051022_206_pid21453_receiver_boot_completed__rtlog_20260929_051020_619_pid21453_seq1.log|runtime_log_20260929_051022_206_pid21453_receiver_boot_completed__rtlog_20260929_050848_739_pid20904_seq2.log|runtime_log_20260929_051022_206_pid21453_receiver_boot_completed__rtlog_20260929_050206_767_pid19549_seq2.log'
09-28 22:10:22.214 21453 21475 D GitHubUploader: uploadStream: owner=ishizuki-tech repo=SurveyExports branch=main path=diagnostics/runtime_logs/2026-09-29/runtime_logs_startup_runtime_20260929_051020_82e4b4dc_receiver_boot_completed/runtime_log_20260929_051022_206_pid21453_receiver_boot_completed__rtlog_20260929_051020_619_pid21453_seq1.log size=1781 maxRawBytesHint=1000000 maxRequestBytesHint=2800000
09-28 22:10:22.214 21453 21491 D WM-WorkProgressUpdater: Updating progress for fcee3cb8-81e1-48b5-897b-1e05bd72a576 (Data {pct : 10, mode : startup_runtime_logs})
09-28 22:10:22.226 21453 21491 I WM-Processor: Moving WorkSpec (fcee3cb8-81e1-48b5-897b-1e05bd72a576) to the foreground
09-28 22:10:22.237 21453 21453 D WM-SystemFgDispatcher: Notifying with (id:5898, workSpecId: fcee3cb8-81e1-48b5-897b-1e05bd72a576, notificationType :1)
09-28 22:10:22.701 21453 21491 D WM-WorkProgressUpdater: Updating progress for fcee3cb8-81e1-48b5-897b-1e05bd72a576 (Data {pct : 13, mode : startup_runtime_logs})
09-28 22:10:22.711 21453 21491 I WM-Processor: Moving WorkSpec (fcee3cb8-81e1-48b5-897b-1e05bd72a576) to the foreground
09-28 22:10:22.715 21453 21491 D WM-WorkProgressUpdater: Updating progress for fcee3cb8-81e1-48b5-897b-1e05bd72a576 (Data {pct : 37, mode : startup_runtime_logs})
09-28 22:10:22.715 21453 21453 D WM-SystemFgDispatcher: Notifying with (id:5898, workSpecId: fcee3cb8-81e1-48b5-897b-1e05bd72a576, notificationType :1)
09-28 22:10:22.721 21453 21491 I WM-Processor: Moving WorkSpec (fcee3cb8-81e1-48b5-897b-1e05bd72a576) to the foreground
09-28 22:10:22.724 21453 21453 D WM-SystemFgDispatcher: Notifying with (id:5898, workSpecId: fcee3cb8-81e1-48b5-897b-1e05bd72a576, notificationType :1)
09-28 22:10:22.782 21453 21463 I com.negi.survey: Explicit concurrent mark compact GC freed 1753KB AllocSpace bytes, 11(316KB) LOS objects, 80% free, 5804KB/29MB, paused 139us,1.343ms total 21.062ms
09-28 22:10:23.144 21453 21453 W SurveyApp: Deferred startup enqueues begin...
09-28 22:10:23.145 21453 21453 D SurveyApp: WorkManager available. where=startupRtLogs(immediate) took=0ms
09-28 22:10:23.146 21453 21453 D SurveyApp: Startup runtime logs target -> owner=ishizuki-tech repo=SurveyExports branch=main base='/diagnostics/runtime_logs'
09-28 22:10:23.147 21453 21453 D github_upload: enqueueStartupRuntimeLogsUpload: uniqueName=upload_runtime_logs_startup policy=KEEP session=startup_runtime_20260929_051023_27fec51d
09-28 22:10:23.147 21453 21453 D SurveyApp: Startup runtime logs: enqueue requested (immediate).
09-28 22:10:23.147 21453 21453 D SurveyApp: WorkManager available. where=startupRingLogs(immediate) took=0ms
09-28 22:10:23.148 21453 21453 D SurveyApp: Startup ring logs target -> owner=ishizuki-tech repo=SurveyExports branch=main base='/diagnostics/applog_ring'
09-28 22:10:23.149 21453 21453 D github_upload: enqueueStartupRingLogsUpload: uniqueName=upload_ring_logs_startup policy=KEEP session=startup_ring_20260929_051023_700bbc0d
09-28 22:10:23.149 21453 21453 D SurveyApp: Startup ring logs: enqueue requested (immediate).
09-28 22:10:23.149 21453 21453 D SurveyApp: WorkManager available. where=enqueuePending(immediate) took=0ms
09-28 22:10:23.150 21453 21453 D SurveyApp: CrashCapture pending uploads requested (immediate).
09-28 22:10:23.150 21453 21453 W SurveyApp: Deferred startup enqueues done: took=6ms
09-28 22:10:23.150 21453 21523 D CrashCapture: enqueuePendingCrashUploadsIfPossible enter where=SurveyApp:enqueuePending(immediate):bg pid=21453 thread=CrashCapture-Enqueue
09-28 22:10:23.151 21453 21497 D SurveyApp: Survey recovery WorkManager available. where=startupSurveyUploads(initial) took=0ms
09-28 22:10:23.158 21453 21497 D SurveyApp: Startup survey recovery complete: discovered=0 attempted=0 submitted=0 active=0 trackerUnconfirmed=0 uploaded=0 deferred=0 invalid=0 operationalFailures=0 duplicates=0 unclassified=0
09-28 22:10:23.182 21453 21490 D WM-SystemJobScheduler: Scheduling work ID d54e63e2-eb17-4bf4-aa06-3fb291f64238Job ID 57
09-28 22:10:23.188 21453 21453 D WM-SystemJobService: onStartJob for WorkGenerationalId(workSpecId=d54e63e2-eb17-4bf4-aa06-3fb291f64238, generation=0)
09-28 22:10:23.188 21453 21490 D WM-GreedyScheduler: Starting tracking for d54e63e2-eb17-4bf4-aa06-3fb291f64238
