=== Previous Session Logcat ===
captured_time_utc=20260929_033604
captured_time_local=20260928_223604
marker=2026-09-28 22:35:44.162
preferred_prev_pid=-1
note=best-effort; buffers may be overwritten before next start
sdk=36
device=samsung SM-S731U
appId=com.negi.survey
versionName=0.0.1
versionCode=1

=== Logcat (since marker) ===
--------- beginning of main
09-28 22:36:01.130 16917 16917 I Zygote  : Process 16917 created for com.negi.survey
09-28 22:36:01.130 16917 16917 I com.negi.survey: Late-enabling -Xcheck:jni
09-28 22:36:01.149 16917 16917 I com.negi.survey: Using CollectorTypeCMC GC.
09-28 22:36:01.154 16917 16917 D nativeloader: Load libframework-connectivity-tiramisu-jni.so using APEX ns com_android_tethering for caller /apex/com.android.tethering/javalib/framework-connectivity-t.jar: ok
09-28 22:36:01.157 16917 16917 D ActivityThread: setConscryptValidator
09-28 22:36:01.157 16917 16917 D ActivityThread: setConscryptValidator - put
09-28 22:36:01.171 16917 16917 D ApplicationLoaders: Returning zygote-cached class loader: /system_ext/framework/androidx.window.extensions.jar
09-28 22:36:01.171 16917 16917 D ApplicationLoaders: Returning zygote-cached class loader: /system_ext/framework/androidx.window.sidecar.jar
09-28 22:36:01.381 16917 16930 W com.negi.survey: userfaultfd: MOVE ioctl seems unsupported: Success
09-28 22:36:01.383 16917 16930 I com.negi.survey: Explicit concurrent mark compact GC freed 1388KB AllocSpace bytes, 0(0B) LOS objects, 93% free, 1663KB/25MB, paused 62us,786us total 7.866ms
09-28 22:36:01.482 16917 16917 D nativeloader: Configuring clns-9 for other apk /data/app/~~vP79nltWZhA5OigHPl_c_A==/com.negi.survey-liC2TeyC68zDUfqpEj4HSA==/base.apk. target_sdk_version=36, uses_libraries=libOpenCL.so, library_path=/data/app/~~vP79nltWZhA5OigHPl_c_A==/com.negi.survey-liC2TeyC68zDUfqpEj4HSA==/lib/arm64:/data/app/~~vP79nltWZhA5OigHPl_c_A==/com.negi.survey-liC2TeyC68zDUfqpEj4HSA==/base.apk!/lib/arm64-v8a, permitted_path=/data:/mnt/expand:/data/user/0/com.negi.survey
09-28 22:36:01.486 16917 16917 V GraphicsEnvironment: Currently set values for:
09-28 22:36:01.486 16917 16917 V GraphicsEnvironment:   angle_gl_driver_selection_pkgs=[]
09-28 22:36:01.486 16917 16917 V GraphicsEnvironment:   angle_gl_driver_selection_values=[]
09-28 22:36:01.486 16917 16917 V GraphicsEnvironment: com.negi.survey is not listed in per-application setting
09-28 22:36:01.486 16917 16917 V GraphicsEnvironment: ANGLE allowlist from config: com.dreamgames.royalmatch com.dts.freefiremax com.dxx.firenow com.gramgames.mergedragons com.ludo.king com.mojang.minecraftpe com.my.defense com.nintendo.zaka com.os.airforce com.playrix.fishdomdd.gplay io.teslatech.callbreak jp.konami.prospia net.peakgames.toonblast
09-28 22:36:01.486 16917 16917 V GraphicsEnvironment: No special selections for ANGLE, returning default driver choice
09-28 22:36:01.486 16917 16917 V GraphicsEnvironment: Neither updatable production driver nor prerelease driver is supported.
09-28 22:36:01.518 16917 16917 D nativeloader: Load /data/app/~~vP79nltWZhA5OigHPl_c_A==/com.negi.survey-liC2TeyC68zDUfqpEj4HSA==/base.apk!/lib/arm64-v8a/liblitertlm_jni.so using class loader ns clns-9 (caller=/data/app/~~vP79nltWZhA5OigHPl_c_A==/com.negi.survey-liC2TeyC68zDUfqpEj4HSA==/base.apk!classes10.dex): ok
09-28 22:36:01.519 16917 16917 D SurveyApp: Loaded LiteRTLM JNI: litertlm_jni where=attachBaseContext
09-28 22:36:01.526 16917 16917 D AppRingLogStore: installed: dir=/data/user/0/com.negi.survey/files/diagnostics/applog_ring idx=0
09-28 22:36:01.527 16917 16917 D SurveyApp: attachBaseContext: pid=16917 process=com.negi.survey isMain=true sdk=36
09-28 22:36:01.527 16917 16917 D SurveyApp: bootTiming: attachBaseContext total=25ms
09-28 22:36:01.527 16917 16917 D SurveyApp: Skipping WorkManager init in attachBaseContext; will init lazily on first enqueue.
09-28 22:36:01.528 16917 16917 D CrashCapture: install: ensured default handler. where=SurveyApp:attachBaseContext pid=16917 default=com.negi.survey.CrashCapture$CrashHandler@e676863
09-28 22:36:01.528 16917 16917 D SurveyApp: CrashCapture installed: where=SurveyApp:attachBaseContext
09-28 22:36:01.533 16917 16917 E com.negi.survey: hiddenapi: Accessing hidden method Landroid/net/ssl/EchConfigMismatchException;->getRetryConfigList()Landroid/net/ssl/EchConfigList; (runtime_flags=0, domain=core-platform, api=blocked) from /data/app/~~vP79nltWZhA5OigHPl_c_A==/com.negi.survey-liC2TeyC68zDUfqpEj4HSA==/base.apk!classes17.dex (domain=app, TargetSdkVersion=36) using linking: denied
09-28 22:36:01.533 16917 16917 E com.negi.survey: hiddenapi: Accessing hidden method Landroid/net/ssl/EchConfigList;->toBytes()[B (runtime_flags=0, domain=core-platform, api=blocked) from /data/app/~~vP79nltWZhA5OigHPl_c_A==/com.negi.survey-liC2TeyC68zDUfqpEj4HSA==/base.apk!classes17.dex (domain=app, TargetSdkVersion=36) using linking: denied
09-28 22:36:01.533 16917 16917 E com.negi.survey: hiddenapi: Accessing hidden method Landroid/net/ssl/EchConfigList;->fromBytes([B)Landroid/net/ssl/EchConfigList; (runtime_flags=0, domain=core-platform, api=blocked) from /data/app/~~vP79nltWZhA5OigHPl_c_A==/com.negi.survey-liC2TeyC68zDUfqpEj4HSA==/base.apk!classes17.dex (domain=app, TargetSdkVersion=36) using linking: denied
09-28 22:36:01.533 16917 16917 E com.negi.survey: hiddenapi: Accessing hidden method Landroid/net/ssl/SSLSockets;->setEchConfigList(Ljavax/net/ssl/SSLSocket;Landroid/net/ssl/EchConfigList;)V (runtime_flags=0, domain=core-platform, api=blocked) from /data/app/~~vP79nltWZhA5OigHPl_c_A==/com.negi.survey-liC2TeyC68zDUfqpEj4HSA==/base.apk!classes17.dex (domain=app, TargetSdkVersion=36) using linking: denied
09-28 22:36:01.534 16917 16938 D RuntimeLogStore: openWriter: start -> /data/user/0/com.negi.survey/files/diagnostics/runtime_logs/rtlog_20260929_033601_524_pid16917_seq1.log (bytes=0 format=LEGACY)
09-28 22:36:01.535 16917 16938 D RuntimeLogStore: retention: start files=2 kept=2 totalBytes=1745
09-28 22:36:01.540 16917 16917 D SurveyApp: LiteRTLM JNI already loaded; skip. where=onCreate(retry)
09-28 22:36:01.540 16917 16917 D SurveyApp: bootTiming: RuntimeLogStore.start took=1ms
09-28 22:36:01.540 16917 16917 D SurveyApp: bootTiming: AppRingLogStore.install took=0ms
09-28 22:36:01.540 16917 16917 D SurveyApp: onCreate: pid=16917 process=com.negi.survey isMain=true sdk=36
09-28 22:36:01.544 16917 16917 D CrashCapture: install: ensured default handler. where=SurveyApp:onCreate(rewrap) pid=16917 default=com.negi.survey.CrashCapture$CrashHandler@e676863
09-28 22:36:01.544 16917 16917 D SurveyApp: CrashCapture installed: where=SurveyApp:onCreate(rewrap)
09-28 22:36:01.544 16917 16917 D CrashCapture: registerSelfHealing: ActivityLifecycleCallbacks registered. mode=onResumedOnly
09-28 22:36:01.544 16917 16917 D SurveyApp: CrashCapture self-healing registered.
09-28 22:36:01.544 16917 16917 W SurveyApp: Startup enqueues deferred: delay=2500ms (to reduce init contention)
09-28 22:36:01.544 16917 16917 D SurveyApp: Startup survey recovery deferred: delay=2500ms
09-28 22:36:01.544 16917 16917 D SurveyApp: bootTiming: onCreate total=5ms
--------- beginning of system
09-28 22:36:01.549 16917 16917 D ActivityThread: com.negi.survey will use render engine as VK
09-28 22:36:01.550 16917 16917 D HWUI    : HWUI - treat SMPTE_170M as sRGB
09-28 22:36:01.550 16917 16945 I DisplayManager: Choreographer implicitly registered for the refresh rate.
09-28 22:36:01.551 16917 16945 D HWUI    : CacheManager constructor. deviceInfo=(1080, 1920)
09-28 22:36:01.553 16917 16945 D vulkan  : searching for layers in '/data/app/~~vP79nltWZhA5OigHPl_c_A==/com.negi.survey-liC2TeyC68zDUfqpEj4HSA==/lib/arm64'
09-28 22:36:01.553 16917 16945 D vulkan  : searching for layers in '/data/app/~~vP79nltWZhA5OigHPl_c_A==/com.negi.survey-liC2TeyC68zDUfqpEj4HSA==/base.apk!/lib/arm64-v8a'
09-28 22:36:01.554 16917 16945 V XGL     : ----------------------------------------------------------------------
09-28 22:36:01.554 16917 16945 V XGL     : SUMD version compiled date     = 2026-01-09 09:57 - KST
09-28 22:36:01.554 16917 16945 V XGL     : SUMD version revision number   = 1900168dcb
09-28 22:36:01.554 16917 16945 V XGL     : SUMD version info              = Driver version: 24.0.534, git hash: 1900168dcb
09-28 22:36:01.554 16917 16945 V XGL     : ----------------------------------------------------------------------
09-28 22:36:01.554 16917 16945 V XGL     : Entering: Create
09-28 22:36:01.555 16917 16942 I UploadRescheduleRcvr: Survey recovery action=android.intent.action.BOOT_COMPLETED discovered=0 reconciled=0 duplicates=0 unclassified=0 operationalFailures=0 classifications={}
09-28 22:36:01.556 16917 16942 D UploadRescheduleRcvr: No generic GitHub pending files for action=android.intent.action.BOOT_COMPLETED
09-28 22:36:01.557 16917 16917 D DesktopExperienceFlags: Toggle override initialized to: false
09-28 22:36:01.559 16917 16917 E ashmem  : Pinning is deprecated since Android Q. Please use trim or other methods.
09-28 22:36:01.567 16917 16942 D github_upload: enqueueStartupRuntimeLogsUpload: uniqueName=upload_runtime_logs_startup policy=KEEP session=startup_runtime_20260929_033601_79233dd1
09-28 22:36:01.569 16917 16917 D CompatChangeReporter: Compat change id reported: 377864165; UID 10350; state: ENABLED
09-28 22:36:01.569 16917 16917 D DesktopModeFlags: Toggle override initialized to: OVERRIDE_UNSET
09-28 22:36:01.571 16917 16917 I DecorView: setWindowBackground: isPopOver=false color=fffafafa d=android.graphics.drawable.ColorDrawable@ab2f597
09-28 22:36:01.573 16917 16917 D PhoneWindow: forceLight changed to false [] from com.android.internal.policy.PhoneWindow.updateForceLightNavigationBar:663 com.android.internal.policy.PhoneWindow.setNavigationBarColor:4435 androidx.activity.EdgeToEdgeApi35.setUp:353 androidx.activity.EdgeToEdge.enableEdgeToEdge$lambda$1:101 androidx.activity.EdgeToEdge$$ExternalSyntheticLambda0.run:0 
09-28 22:36:01.579 16917 16945 V XGL     : Exiting: Create
09-28 22:36:01.586 16917 16917 D CrashCapture: install: ensured default handler. where=selfHeal:onActivityResumed pid=16917 default=com.negi.survey.CrashCapture$CrashHandler@e676863
09-28 22:36:01.591 16917 16942 D WM-PackageManagerHelper: Skipping component enablement for androidx.work.impl.background.systemjob.SystemJobService
09-28 22:36:01.591 16917 16942 D WM-Schedulers: Created SystemJobScheduler and enabled SystemJobService
09-28 22:36:01.593 16917 16953 D WM-ForceStopRunnable: Is default app process = true
09-28 22:36:01.593 16917 16917 D ViewRootImpl: desktopMode is false
09-28 22:36:01.593 16917 16953 D WM-ForceStopRunnable: Performing cleanup operations.
09-28 22:36:01.594 16917 16917 I ViewRootImpl: dVRR is disabled
09-28 22:36:01.594 16917 16917 D HardwareRenderer: onDisplayChanged. displayId=0 current wxh=1080x2340 mLargest wxh=0x0
09-28 22:36:01.594 16917 16917 D HardwareRenderer: Set largestWidth and largestHeight as logical resolution. (1080x2340)
09-28 22:36:01.594 16917 16945 D HWUI    : setMaxSurfaceArea requested wxh=(1080,2340) requestedSurfaceArea(2527200) mMaxSurfaceArea(2073600)
09-28 22:36:01.595 16917 16945 D NativeCustomFrequencyManager: [NativeCFMS] BpCustomFrequencyManager::BpCustomFrequencyManager()
09-28 22:36:01.598 16917 16917 D InputTransport: Input channel constructed: '85e5348', fd=115
09-28 22:36:01.598 16917 16942 D UploadRescheduleRcvr: Enqueued runtime logs upload for action=android.intent.action.BOOT_COMPLETED reason=receiver_boot_completed
09-28 22:36:01.599 16917 16917 I InsetsController: onStateChanged: host=com.negi.survey/com.negi.survey.MainActivity, from=android.view.ViewRootImpl.onInsetsStateChanged:3038, state=InsetsState: {mDisplayFrame=Rect(0, 0 - 1080, 2340), mDisplayCutout=DisplayCutout{insets=Rect(0, 82 - 0, 0) waterfall=Insets{left=0, top=0, right=0, bottom=0} boundingRect={Bounds=[Rect(0, 0 - 0, 0), Rect(511, 24 - 569, 82), Rect(0, 0 - 0, 0), Rect(0, 0 - 0, 0)]} cutoutPathParserInfo={CutoutPathParserInfo{displayWidth=1080 displayHeight=2340 physicalDisplayWidth=1080 physicalDisplayHeight=2340 density={2.8125} cutoutSpec={M 0,0 M 0, 8.533333333333333 a 10.31111111111111,10.31111111111111 0 1,0 0,20.62222222222222 a 10.31111111111111,10.31111111111111 0 1,0 0,-20.62222222222222 Z @dp} rotation={0} scale={1.0} physicalPixelDisplaySizeRatio={1.0}}} sideOverrides={}}, mRoundedCorners=RoundedCorners{[RoundedCorner{position=TopLeft, radius=113, center=Point(113, 113)}, RoundedCorner{position=TopRight, radius=113, center=Point(967, 113)}, RoundedCorner{position=BottomRight, radius=113, center=Point(967, 2227)}, RoundedCorner{position=BottomLeft, radius=113, center=Point(113, 2227)}]}  mRoundedCornerFrame=Rect(0, 0 - 1080, 2340), mPrivacyIndicatorBounds=PrivacyIndicatorBounds {static bounds=Rect(956, 0 - 1080, 97) rotation=0}, mDisplayShape=DisplayShape{ spec=-311912193 displayWidth=1080 displayHeight=2340 physicalPixelDisplaySizeRatio=1.0 rotation=0 offsetX=0 offsetY=0 scale=1.0}, mSources= { InsetsSource: {dc020001 mType=navigationBars mFrame=[0,2205][1080,2340] mAttachedInsets=null mVisible=true mFlags= mSideHint=BOTTOM mBoundingRects=null}, InsetsSource: {dc020004 mType=systemGestures mFrame=[0,0][0,0] mAttachedInsets=null mVisible=true mFlags= mSideHint=NONE mBoundingRects=null}, InsetsSource: {dc020005 mType=mandatorySystemGestures mFrame=[0,2205][1080,2340] mAttachedInsets=null mVisible=true mFlags= mSideHint=BOTTOM mBoundingRects=null}, InsetsSource: {dc020006 mType=tappableElement mFrame=[0,2205][1080,2340] mAttachedInsets=null mVisible=true mFlags= mSideHint=BOTTOM mBoundingRects=null}, InsetsSource: {dc020024 mType=systemGestures mFrame=[0,0][0,0] mAttachedInsets=null mVisible=true mFlags= mSideHint=NONE mBoundingRects=null}, InsetsSource: {3 mType=ime mFrame=[0,0][0,0] mAttachedInsets=null mVisible=false mFlags=INVALID mSideHint=NONE mBoundingRects=null}, InsetsSource: {27 mType=displayCutout mFrame=[0,0][1080,82] mAttachedInsets=null mVisible=true mFlags= mSideHint=TOP mBoundingRects=null}, InsetsSource: {23ca0000 mType=statusBars mFrame=[0,0][1080,97] mAttachedInsets=null mVisible=true mFlags= mSideHint=TOP mBoundingRects=null}, InsetsSource: {23ca0005 mType=mandatorySystemGestures mFrame=[0,0][1080,116] mAttachedInsets=null mVisible=true mFlags= mSideHint=TOP mBoundingRects=null}, InsetsSource: {23ca0006 mType=tappableElement mFrame=[0,0][1080,97] mAttachedInsets=null mVisible=true mFlags= mSideHint=TOP mBoundingRects=null} }
09-28 22:36:01.599 16917 16917 I VRI[MainActivity]@bf6780: synced displayState. AttachInfo displayState=2
09-28 22:36:01.599 16917 16917 I VRI[MainActivity]@bf6780: setView = com.android.internal.policy.DecorView@3236ef1 IsHRR=false mFlingFrameRateChange=0 TM=true
09-28 22:36:01.600 16917 16917 I IDS_TAG : Starting IDS observe window
09-28 22:36:01.600 16917 16917 I IDS_TAG : Getting Shared Preference for com.negi.survey.SurveyApp@3b9de8d uid = 10350
09-28 22:36:01.601 16917 16956 I com.negi.survey: [HIDL_FETCH_IMapper] android.hardware.graphics.mapper@4.0: Loaded Mapper successfully.
09-28 22:36:01.601 16917 16917 I IDS_TAG : App com.negi.survey.SurveyApp@3b9de8d has not finished training
09-28 22:36:01.602 16917 16945 D HWUI    : HWUI - treat SMPTE_170M as sRGB
09-28 22:36:01.602 16917 16917 I IDS_TAG : Closing IDS observe window
09-28 22:36:01.602 16917 16917 I IDS_TAG : Getting Shared Preference for com.negi.survey.SurveyApp@3b9de8d uid = 10350
09-28 22:36:01.602 16917 16917 I IDS_TAG : IDS count updated to 2 for com.negi.survey.SurveyApp@3b9de8d
09-28 22:36:01.603 16917 16917 D WindowOnBackDispatcher: setTopOnBackInvokedCallback (unwrapped): android.app.Activity$$ExternalSyntheticLambda0@4e0ce62
09-28 22:36:01.608 16917 16953 D WM-SystemJobScheduler: Reconciling jobs
09-28 22:36:01.616 16917 16953 D WM-ForceStopRunnable: Application was force-stopped, rescheduling.
09-28 22:36:01.641 16917 16965 D WM-SystemJobScheduler: Scheduling work ID 9039383c-bda7-4452-9555-db48d9208613Job ID 58
09-28 22:36:01.645 16917 16965 D WM-GreedyScheduler: Starting tracking for 9039383c-bda7-4452-9555-db48d9208613
09-28 22:36:01.653 16917 16966 D WM-WorkConstraintsTrack: NetworkRequestConstraintController register shared callback
09-28 22:36:01.654 16917 16966 D ConnectivityManager: StackLog: [android.net.ConnectivityManager.sendRequestForNetwork(ConnectivityManager.java:4738)] [android.net.ConnectivityManager.registerDefaultNetworkCallbackForUid(ConnectivityManager.java:5463)] [android.net.ConnectivityManager.registerDefaultNetworkCallback(ConnectivityManager.java:5430)] [android.net.ConnectivityManager.registerDefaultNetworkCallback(ConnectivityManager.java:5404)] [androidx.work.impl.constraints.SharedNetworkCallback.addCallback(WorkConstraintsTracker.kt:362)] [androidx.work.impl.constraints.NetworkRequestConstraintController$track$1.invokeSuspend(WorkConstraintsTracker.kt:179)] [androidx.work.impl.constraints.NetworkRequestConstraintController$track$1.invoke(Unknown Source:8)] [androidx.work.impl.constraints.NetworkRequestConstraintController$track$1.invoke(Unknown Source:4)] [kotlinx.coroutines.flow.ChannelFlowBuilder.collectTo$suspendImpl(Builders.kt:316)] [kotlinx.coroutines.flow.ChannelFlowBuilder.collectTo(Unknown Source:0)] [kotlinx.coroutines.flow.CallbackFlowBuilder.collectTo(Builders.kt:330)] [kotlinx.coroutines.flow.internal.ChannelFlow$collectToFun$1.invokeSuspend(ChannelFlow.kt:56)] [kotlin.coroutines.jvm.internal.BaseContinuationImpl.resumeWith(ContinuationImpl.kt:34)] [kotlinx.coroutines.DispatchedTask.run(DispatchedTask.kt:100)] [androidx.work.impl.utils.SerialExecutorImpl$Task.run(SerialExecutorImpl.java:96)] [java.util.concurrent.ThreadPoolExecutor.runWorker(ThreadPoolExecutor.java:1154)] [java.util.concurrent.ThreadPoolExecutor$Worker.run(ThreadPoolExecutor.java:652)] [java.lang.Thread.run(Thread.java:1563)]
09-28 22:36:01.657 16917 16967 D WM-WorkConstraintsTrack: NetworkRequestConstraintController onCapabilitiesChanged callback
09-28 22:36:01.657 16917 16967 D WM-WorkConstraintsTrack: Not dispatching constraint state yet: isBlocked=null, capabilitiesInitialized=true
09-28 22:36:01.657 16917 16967 D WM-WorkConstraintsTrack: NetworkRequestConstraintController onBlockedStatusChanged callback false
09-28 22:36:01.657 16917 16966 D WM-PackageManagerHelper: androidx.work.impl.background.systemalarm.RescheduleReceiver enabled
09-28 22:36:01.658 16917 16966 D WM-GreedyScheduler: Constraints met: Scheduling work ID WorkGenerationalId(workSpecId=9039383c-bda7-4452-9555-db48d9208613, generation=0)
09-28 22:36:01.664 16917 16966 D WM-Processor: Processor: processing WorkGenerationalId(workSpecId=9039383c-bda7-4452-9555-db48d9208613, generation=0)
09-28 22:36:01.688 16917 16953 I com.negi.survey: hiddenapi: Accessing hidden method Landroid/database/sqlite/SQLiteDatabase;->getThreadSession()Landroid/database/sqlite/SQLiteSession; (runtime_flags=0, domain=platform, api=unsupported) from Landroidx/sqlite/db/framework/FrameworkSQLiteDatabase; (domain=app, TargetSdkVersion=36) using reflection: allowed
09-28 22:36:01.688 16917 16953 I com.negi.survey: hiddenapi: Accessing hidden method Landroid/database/sqlite/SQLiteSession;->beginTransaction(ILandroid/database/sqlite/SQLiteTransactionListener;ILandroid/os/CancellationSignal;)V (runtime_flags=0, domain=platform, api=unsupported) from Landroidx/sqlite/db/framework/FrameworkSQLiteDatabase; (domain=app, TargetSdkVersion=36) using reflection: allowed
09-28 22:36:01.730 16917 16917 D VRI[MainActivity]@bf6780: WindowInsets changed: 1080x2340 statusBars:[0,97,0,0] navigationBars:[0,0,0,135] mandatorySystemGestures:[0,116,0,135] 
09-28 22:36:01.740 16917 16917 I HWUI    : Using FreeType backend (prop=Auto)
09-28 22:36:01.763 16917 16917 W libc    : Access denied finding property "vendor.perf.ems.egg"
09-28 22:36:01.764 16917 16917 I BLASTBufferQueue_Java: new BLASTBufferQueue, mName= VRI[MainActivity]@bf6780 mNativeObject= 0xb400007887fa8870 caller= android.view.ViewRootImpl.updateBlastSurfaceIfNeeded:3603 android.view.ViewRootImpl.relayoutWindow:11813 android.view.ViewRootImpl.performTraversals:4840 android.view.ViewRootImpl.doTraversal:3959 android.view.ViewRootImpl$TraversalRunnable.run:13034 android.view.Choreographer$CallbackRecord.run:1961 android.view.Choreographer$CallbackRecord.run:1970 android.view.Choreographer.doCallbacks:1423 android.view.Choreographer.doFrame:1348 android.view.Choreographer$FrameDisplayEventReceiver.run:1930 
09-28 22:36:01.764 16917 16917 I BLASTBufferQueue_Java: update, w= 1080 h= 2340 mName = VRI[MainActivity]@bf6780 mNativeObject= 0xb400007887fa8870 sc.mNativeObject= 0xb400007937f2a610 format= -1 caller= android.view.ViewRootImpl.updateBlastSurfaceIfNeeded:3608 android.view.ViewRootImpl.relayoutWindow:11813 android.view.ViewRootImpl.performTraversals:4840 android.view.ViewRootImpl.doTraversal:3959 android.view.ViewRootImpl$TraversalRunnable.run:13034 android.view.Choreographer$CallbackRecord.run:1961 
09-28 22:36:01.764 16917 16917 W libc    : Access denied finding property "vendor.perf.ems.egg"
09-28 22:36:01.764 16917 16917 I VRI[MainActivity]@bf6780: Relayout returned: old=(0,0,1080,2340) new=(0,0,1080,2340) relayoutAsync=false req=(1080,2340)0 dur=3 res=0x3 s={true 0xb4000078c7f53dc0} ch=true seqId=0
09-28 22:36:01.764 16917 16917 I VRI[MainActivity]@bf6780: performConfigurationChange setNightDimText nightDimLevel=0
09-28 22:36:01.766 16917 16917 D VRI[MainActivity]@bf6780: mThreadedRenderer.initialize() mSurface={isValid=true 0xb4000078c7f53dc0} hwInitialized=true
09-28 22:36:01.777 16917 16917 D VRI[MainActivity]@bf6780: reportNextDraw android.view.ViewRootImpl.performTraversals:5507 android.view.ViewRootImpl.doTraversal:3959 android.view.ViewRootImpl$TraversalRunnable.run:13034 android.view.Choreographer$CallbackRecord.run:1961 android.view.Choreographer$CallbackRecord.run:1970 
09-28 22:36:01.777 16917 16917 D VRI[MainActivity]@bf6780: Setup new sync=wmsSync-VRI[MainActivity]@bf6780#0
09-28 22:36:01.778 16917 16917 I VRI[MainActivity]@bf6780: Creating new active sync group VRI[MainActivity]@bf6780#1
09-28 22:36:01.778 16917 16917 D VRI[MainActivity]@bf6780: registerCallbacksForSync syncBuffer=false
09-28 22:36:01.784 16917 16917 I View    : setRequestedFrameRate frameRate=-4.0, this=android.view.View{efc3f20 V.ED..... ......I. 0,0-0,0}, caller=androidx.compose.ui.platform.Api35Impl.setRequestedFrameRate:4047 androidx.compose.ui.platform.AndroidComposeView.dispatchDraw:2282 android.view.View.draw:26758 android.view.View.updateDisplayListIfDirty:25577 android.view.View.draw:26477 
09-28 22:36:01.787 16917 16955 D VRI[MainActivity]@bf6780: Received frameDrawingCallback syncResult=0 frameNum=1.
09-28 22:36:01.787 16917 16955 I VRI[MainActivity]@bf6780: mWNT: t=0xb4000078d7f4d190 mBlastBufferQueue=0xb400007887fa8870 fn= 1 HdrRenderState mRenderHdrSdrRatio=1.0 caller= android.view.ViewRootImpl$12.onFrameDraw:15561 android.view.ThreadedRenderer$1.onFrameDraw:751 <bottom of call stack> 
09-28 22:36:01.787 16917 16955 I VRI[MainActivity]@bf6780: Setting up sync and frameCommitCallback
09-28 22:36:01.796 16917 16945 I BLASTBufferQueue: [VRI[MainActivity]@bf6780#0](f:0,a:0,s:0) onFrameAvailable the first frame is available
09-28 22:36:01.796 16917 16945 I VRI[MainActivity]@bf6780: Received frameCommittedCallback lastAttemptedDrawFrameNum=1 didProduceBuffer=true
09-28 22:36:01.796 16917 16945 D HWUI    : CFMS:: SetUp Pid : 16917    Tid : 16945
09-28 22:36:01.797 16917 16917 D VRI[MainActivity]@bf6780: reportDrawFinished seqId=0
09-28 22:36:01.797 16917 16917 I com.negi.survey: hiddenapi: Accessing hidden method Landroid/os/SystemProperties;->addChangeCallback(Ljava/lang/Runnable;)V (runtime_flags=0, domain=platform, api=unsupported) from Landroidx/compose/ui/platform/AndroidComposeView$Companion; (domain=app, TargetSdkVersion=36) using reflection: allowed
09-28 22:36:01.804 16917 16917 D WM-WorkerWrapper: Starting work for com.negi.survey.net.GitHubUploadWorker
09-28 22:36:01.804 16917 16917 I InsetsSourceConsumer: applyRequestedVisibilityToControl: visible=true, type=statusBars, host=com.negi.survey/com.negi.survey.MainActivity
09-28 22:36:01.805 16917 16917 I InsetsSourceConsumer: applyRequestedVisibilityToControl: visible=true, type=navigationBars, host=com.negi.survey/com.negi.survey.MainActivity
09-28 22:36:01.808 16917 16917 I View    : setRequestedFrameRate frameRate=NaN, this=android.view.View{efc3f20 V.ED..... ........ 0,0-0,0}, caller=androidx.compose.ui.platform.Api35Impl.setRequestedFrameRate:4047 androidx.compose.ui.platform.AndroidComposeView.dispatchDraw:2282 android.view.View.draw:26758 android.view.View.updateDisplayListIfDirty:25577 android.view.ViewGroup.recreateChildDisplayList:4881 
09-28 22:36:01.808 16917 16917 D WM-SystemJobService: onStartJob for WorkGenerationalId(workSpecId=9039383c-bda7-4452-9555-db48d9208613, generation=0)
09-28 22:36:01.813 16917 16965 D WM-Processor: Work WorkGenerationalId(workSpecId=9039383c-bda7-4452-9555-db48d9208613, generation=0) is already enqueued for processing
09-28 22:36:01.817 16917 16917 D VRI[MainActivity]@bf6780: mThreadedRenderer.initializeIfNeeded()#2 mSurface={isValid=true 0xb4000078c7f53dc0}
09-28 22:36:01.818 16917 16917 D InputMethodManagerUtils: startInputInner - Id : 0
09-28 22:36:01.818 16917 16917 I InputMethodManager: startInputInner - IInputMethodManagerGlobalInvoker.startInputOrWindowGainedFocus
09-28 22:36:01.824 16917 16917 D InsetsController: hide(ime())
09-28 22:36:01.824 16917 16917 I ImeTracker: com.negi.survey:83e5f6ad: onCancelled at PHASE_CLIENT_ALREADY_HIDDEN
09-28 22:36:01.825 16917 16965 I WM-Processor: Moving WorkSpec (9039383c-bda7-4452-9555-db48d9208613) to the foreground
09-28 22:36:01.826 16917 16969 D InputTransport: Input channel constructed: 'ClientS', fd=146
09-28 22:36:01.841 16917 16917 I WM-SystemFgDispatcher: Started foreground service Intent { act=ACTION_START_FOREGROUND xflg=0x4 cmp=com.negi.survey/androidx.work.impl.foreground.SystemForegroundService (has extras) }
09-28 22:36:01.841 16917 16917 D WM-SystemFgDispatcher: Notifying with (id:5768, workSpecId: 9039383c-bda7-4452-9555-db48d9208613, notificationType :1)
09-28 22:36:01.858 16917 16917 D WM-SystemFgDispatcher: Notifying with (id:5768, workSpecId: 9039383c-bda7-4452-9555-db48d9208613, notificationType :1)
09-28 22:36:01.859 16917 16917 I NotificationManager: com.negi.survey: notify(5768, null, Notification(channel=uploads shortcut=null contentView=null vibrate=null sound=null defaults=0 flags=ONGOING_EVENT|ONLY_ALERT_ONCE color=0x00000000 category=progress vis=PRIVATE semFlags=0x0 semPriority=0 semMissedCount=0 semScenarioType=0)) as user
09-28 22:36:01.859 16917 16917 D NotificationManager: BOOTING pkg =com.negi.survey mBlockedChannelsForOverflowNoti=[]
09-28 22:36:01.861 16917 16965 D WM-WorkProgressUpdater: Updating progress for 9039383c-bda7-4452-9555-db48d9208613 (Data {pct : 3, mode : startup_runtime_logs})
09-28 22:36:01.875 16917 16965 I WM-Processor: Moving WorkSpec (9039383c-bda7-4452-9555-db48d9208613) to the foreground
09-28 22:36:01.877 16917 16917 D WM-SystemFgDispatcher: Notifying with (id:5768, workSpecId: 9039383c-bda7-4452-9555-db48d9208613, notificationType :1)
09-28 22:36:01.877 16917 16917 I NotificationManager: com.negi.survey: notify(5768, null, Notification(channel=uploads shortcut=null contentView=null vibrate=null sound=null defaults=0 flags=ONGOING_EVENT|ONLY_ALERT_ONCE color=0x00000000 category=progress vis=PRIVATE semFlags=0x0 semPriority=0 semMissedCount=0 semScenarioType=0)) as user
09-28 22:36:01.879 16917 16965 D WM-WorkConstraintsTrack: NetworkRequestConstraintController send initial capabilities
09-28 22:36:01.973 16917 16923 I com.negi.survey: Compiler allocated 5214KB to compile void android.view.ViewRootImpl.performTraversals()
09-28 22:36:02.041 16917 16917 D IntroScreen: Resolved config details: id=survey_config10.yaml in 242ms
09-28 22:36:02.067 16917 16917 I View    : setRequestedFrameRate frameRate=-4.0, this=android.view.View{efc3f20 V.ED..... ........ 0,0-0,0}, caller=androidx.compose.ui.platform.Api35Impl.setRequestedFrameRate:4047 androidx.compose.ui.platform.AndroidComposeView.dispatchDraw:2282 android.view.View.draw:26758 android.view.View.updateDisplayListIfDirty:25577 android.view.ViewGroup.recreateChildDisplayList:4881 
09-28 22:36:02.380 16917 16917 I View    : setRequestedFrameRate frameRate=NaN, this=android.view.View{efc3f20 V.ED..... ........ 0,0-0,0}, caller=androidx.compose.ui.platform.Api35Impl.setRequestedFrameRate:4047 androidx.compose.ui.platform.AndroidComposeView.dispatchDraw:2282 android.view.View.draw:26758 android.view.View.updateDisplayListIfDirty:25577 android.view.ViewGroup.recreateChildDisplayList:4881 
09-28 22:36:02.393 16917 16917 I View    : setRequestedFrameRate frameRate=-4.0, this=android.view.View{efc3f20 V.ED..... ........ 0,0-0,0}, caller=androidx.compose.ui.platform.Api35Impl.setRequestedFrameRate:4047 androidx.compose.ui.platform.AndroidComposeView.dispatchDraw:2282 android.view.View.draw:26758 android.view.View.updateDisplayListIfDirty:25577 android.view.ViewGroup.recreateChildDisplayList:4881 
09-28 22:36:02.396 16917 16917 I View    : setRequestedFrameRate frameRate=NaN, this=android.view.View{efc3f20 V.ED..... ........ 0,0-0,0}, caller=androidx.compose.ui.platform.Api35Impl.setRequestedFrameRate:4047 androidx.compose.ui.platform.AndroidComposeView.dispatchDraw:2282 android.view.View.draw:26758 android.view.View.updateDisplayListIfDirty:25577 android.view.ViewGroup.recreateChildDisplayList:4881 
09-28 22:36:02.410 16917 16917 I View    : setRequestedFrameRate frameRate=-4.0, this=android.view.View{efc3f20 V.ED..... ........ 0,0-0,0}, caller=androidx.compose.ui.platform.Api35Impl.setRequestedFrameRate:4047 androidx.compose.ui.platform.AndroidComposeView.dispatchDraw:2282 android.view.View.draw:26758 android.view.View.updateDisplayListIfDirty:25577 android.view.ViewGroup.recreateChildDisplayList:4881 
09-28 22:36:02.413 16917 16917 I View    : setRequestedFrameRate frameRate=NaN, this=android.view.View{efc3f20 V.ED..... ........ 0,0-0,0}, caller=androidx.compose.ui.platform.Api35Impl.setRequestedFrameRate:4047 androidx.compose.ui.platform.AndroidComposeView.dispatchDraw:2282 android.view.View.draw:26758 android.view.View.updateDisplayListIfDirty:25577 android.view.ViewGroup.recreateChildDisplayList:4881 
09-28 22:36:02.449 16917 16917 I View    : setRequestedFrameRate frameRate=-4.0, this=android.view.View{efc3f20 V.ED..... ........ 0,0-0,0}, caller=androidx.compose.ui.platform.Api35Impl.setRequestedFrameRate:4047 androidx.compose.ui.platform.AndroidComposeView.dispatchDraw:2282 android.view.View.draw:26758 android.view.View.updateDisplayListIfDirty:25577 android.view.ViewGroup.recreateChildDisplayList:4881 
09-28 22:36:02.453 16917 16917 I View    : setRequestedFrameRate frameRate=NaN, this=android.view.View{efc3f20 V.ED..... ........ 0,0-0,0}, caller=androidx.compose.ui.platform.Api35Impl.setRequestedFrameRate:4047 androidx.compose.ui.platform.AndroidComposeView.dispatchDraw:2282 android.view.View.draw:26758 android.view.View.updateDisplayListIfDirty:25577 android.view.ViewGroup.recreateChildDisplayList:4881 
09-28 22:36:02.463 16917 16917 I View    : setRequestedFrameRate frameRate=-4.0, this=android.view.View{efc3f20 V.ED..... ........ 0,0-0,0}, caller=androidx.compose.ui.platform.Api35Impl.setRequestedFrameRate:4047 androidx.compose.ui.platform.AndroidComposeView.dispatchDraw:2282 android.view.View.draw:26758 android.view.View.updateDisplayListIfDirty:25577 android.view.ViewGroup.recreateChildDisplayList:4881 
09-28 22:36:02.467 16917 16917 I View    : setRequestedFrameRate frameRate=NaN, this=android.view.View{efc3f20 V.ED..... ........ 0,0-0,0}, caller=androidx.compose.ui.platform.Api35Impl.setRequestedFrameRate:4047 androidx.compose.ui.platform.AndroidComposeView.dispatchDraw:2282 android.view.View.draw:26758 android.view.View.updateDisplayListIfDirty:25577 android.view.ViewGroup.recreateChildDisplayList:4881 
09-28 22:36:02.601 16917 16969 I com.negi.survey: Explicit concurrent mark compact GC freed 8423KB AllocSpace bytes, 16(536KB) LOS objects, 80% free, 5845KB/29MB, paused 189us,1.551ms total 26.376ms
09-28 22:36:03.069 16917 16938 D RuntimeLogStore: openWriter: rotate:plain_snapshot:receiver_boot_completed -> /data/user/0/com.negi.survey/files/diagnostics/runtime_logs/rtlog_20260929_033603_068_pid16917_seq2.log (bytes=0 format=LEGACY)
09-28 22:36:03.071 16917 16938 D RuntimeLogStore: retention: rotate:plain_snapshot:receiver_boot_completed files=3 kept=3 totalBytes=3545
09-28 22:36:03.082 16917 16942 D github_upload: doRuntimeLogsUpload: remoteBaseDir=diagnostics/runtime_logs/2026-09-29/runtime_logs_startup_runtime_20260929_033601_79233dd1_receiver_boot_completed toUpload=2 bytes=3209 dedupe=true deleteSource=true deletedSourcePre=0 preview='runtime_log_20260929_033603_075_pid16917_receiver_boot_completed__rtlog_20260929_033601_524_pid16917_seq1.log|runtime_log_20260929_033603_075_pid16917_receiver_boot_completed__rtlog_20260929_033543_015_pid16589_seq2.log'
09-28 22:36:03.087 16917 16942 D GitHubUploader: uploadStream: owner=ishizuki-tech repo=SurveyExports branch=main path=diagnostics/runtime_logs/2026-09-29/runtime_logs_startup_runtime_20260929_033601_79233dd1_receiver_boot_completed/runtime_log_20260929_033603_075_pid16917_receiver_boot_completed__rtlog_20260929_033601_524_pid16917_seq1.log size=1782 maxRawBytesHint=1000000 maxRequestBytesHint=2800000
09-28 22:36:03.088 16917 16965 D WM-WorkProgressUpdater: Updating progress for 9039383c-bda7-4452-9555-db48d9208613 (Data {pct : 10, mode : startup_runtime_logs})
09-28 22:36:03.094 16917 16965 I WM-Processor: Moving WorkSpec (9039383c-bda7-4452-9555-db48d9208613) to the foreground
09-28 22:36:03.100 16917 16917 D WM-SystemFgDispatcher: Notifying with (id:5768, workSpecId: 9039383c-bda7-4452-9555-db48d9208613, notificationType :1)
09-28 22:36:03.100 16917 16917 I NotificationManager: com.negi.survey: notify(5768, null, Notification(channel=uploads shortcut=null contentView=null vibrate=null sound=null defaults=0 flags=ONGOING_EVENT|ONLY_ALERT_ONCE color=0x00000000 category=progress vis=PRIVATE semFlags=0x0 semPriority=0 semMissedCount=0 semScenarioType=0)) as user
09-28 22:36:03.434 16917 16953 D WM-WorkProgressUpdater: Updating progress for 9039383c-bda7-4452-9555-db48d9208613 (Data {pct : 14, mode : startup_runtime_logs})
09-28 22:36:03.441 16917 16953 I WM-Processor: Moving WorkSpec (9039383c-bda7-4452-9555-db48d9208613) to the foreground
09-28 22:36:03.444 16917 16953 D WM-WorkProgressUpdater: Updating progress for 9039383c-bda7-4452-9555-db48d9208613 (Data {pct : 50, mode : startup_runtime_logs})
09-28 22:36:03.444 16917 16917 D WM-SystemFgDispatcher: Notifying with (id:5768, workSpecId: 9039383c-bda7-4452-9555-db48d9208613, notificationType :1)
09-28 22:36:03.444 16917 16917 I NotificationManager: com.negi.survey: notify(5768, null, Notification(channel=uploads shortcut=null contentView=null vibrate=null sound=null defaults=0 flags=ONGOING_EVENT|ONLY_ALERT_ONCE color=0x00000000 category=progress vis=PRIVATE semFlags=0x0 semPriority=0 semMissedCount=0 semScenarioType=0)) as user
09-28 22:36:03.448 16917 16953 I WM-Processor: Moving WorkSpec (9039383c-bda7-4452-9555-db48d9208613) to the foreground
09-28 22:36:03.455 16917 16917 D WM-SystemFgDispatcher: Notifying with (id:5768, workSpecId: 9039383c-bda7-4452-9555-db48d9208613, notificationType :1)
09-28 22:36:03.455 16917 16917 I NotificationManager: com.negi.survey: notify(5768, null, Notification(channel=uploads shortcut=null contentView=null vibrate=null sound=null defaults=0 flags=ONGOING_EVENT|ONLY_ALERT_ONCE color=0x00000000 category=progress vis=PRIVATE semFlags=0x0 semPriority=0 semMissedCount=0 semScenarioType=0)) as user
09-28 22:36:03.803 16917 16969 I com.negi.survey: Explicit concurrent mark compact GC freed 2133KB AllocSpace bytes, 9(260KB) LOS objects, 80% free, 5881KB/29MB, paused 194us,1.805ms total 25.149ms
09-28 22:36:04.044 16917 16917 W SurveyApp: Deferred startup enqueues begin...
09-28 22:36:04.045 16917 16917 D SurveyApp: WorkManager available. where=startupRtLogs(immediate) took=0ms
09-28 22:36:04.046 16917 16917 D SurveyApp: Startup runtime logs target -> owner=ishizuki-tech repo=SurveyExports branch=main base='/diagnostics/runtime_logs'
09-28 22:36:04.048 16917 16917 D github_upload: enqueueStartupRuntimeLogsUpload: uniqueName=upload_runtime_logs_startup policy=KEEP session=startup_runtime_20260929_033604_345aeabc
09-28 22:36:04.049 16917 16917 D SurveyApp: Startup runtime logs: enqueue requested (immediate).
09-28 22:36:04.049 16917 16917 D SurveyApp: WorkManager available. where=startupRingLogs(immediate) took=0ms
09-28 22:36:04.051 16917 16917 D SurveyApp: Startup ring logs target -> owner=ishizuki-tech repo=SurveyExports branch=main base='/diagnostics/applog_ring'
09-28 22:36:04.052 16917 16917 D github_upload: enqueueStartupRingLogsUpload: uniqueName=upload_ring_logs_startup policy=KEEP session=startup_ring_20260929_033604_846329e5
09-28 22:36:04.052 16917 16917 D SurveyApp: Startup ring logs: enqueue requested (immediate).
09-28 22:36:04.052 16917 16917 D SurveyApp: WorkManager available. where=enqueuePending(immediate) took=0ms
09-28 22:36:04.053 16917 16917 D SurveyApp: CrashCapture pending uploads requested (immediate).
09-28 22:36:04.053 16917 16917 W SurveyApp: Deferred startup enqueues done: took=10ms
09-28 22:36:04.053 16917 17010 D CrashCapture: enqueuePendingCrashUploadsIfPossible enter where=SurveyApp:enqueuePending(immediate):bg pid=16917 thread=CrashCapture-Enqueue
09-28 22:36:04.054 16917 16943 D SurveyApp: Survey recovery WorkManager available. where=startupSurveyUploads(initial) took=0ms
09-28 22:36:04.066 16917 16943 D SurveyApp: Startup survey recovery complete: discovered=0 attempted=0 submitted=0 active=0 trackerUnconfirmed=0 uploaded=0 deferred=0 invalid=0 operationalFailures=0 duplicates=0 unclassified=0
09-28 22:36:04.069 16917 16964 D WM-SystemJobScheduler: Scheduling work ID dc49a177-76ef-40bf-87b6-d4aae81f018dJob ID 59
09-28 22:36:04.071 16917 16964 D WM-GreedyScheduler: Starting tracking for dc49a177-76ef-40bf-87b6-d4aae81f018d
09-28 22:36:04.074 16917 16965 D WM-WorkConstraintsTrack: NetworkRequestConstraintController send initial capabilities
09-28 22:36:04.074 16917 16917 D WM-SystemJobService: onStartJob for WorkGenerationalId(workSpecId=dc49a177-76ef-40bf-87b6-d4aae81f018d, generation=0)
09-28 22:36:04.076 16917 16965 D WM-Processor: Processor: processing WorkGenerationalId(workSpecId=dc49a177-76ef-40bf-87b6-d4aae81f018d, generation=0)
09-28 22:36:04.076 16917 16965 D WM-GreedyScheduler: Constraints met: Scheduling work ID WorkGenerationalId(workSpecId=dc49a177-76ef-40bf-87b6-d4aae81f018d, generation=0)
