=== Previous Session Logcat ===
captured_time_utc=20260929_051159
captured_time_local=20260928_221159
marker=2026-09-28 22:10:23.285
preferred_prev_pid=-1
note=best-effort; buffers may be overwritten before next start
sdk=36
device=Google Pixel 9a
appId=com.negi.survey
versionName=0.0.1
versionCode=1

=== Logcat (since marker) ===
--------- beginning of main
09-28 22:11:56.369 21972 21972 I Zygote  : Process 21972 created for com.negi.survey
09-28 22:11:56.374 21972 21972 I com.negi.survey: Late-enabling -Xcheck:jni
09-28 22:11:56.448 21972 21972 I com.negi.survey: Using CollectorTypeCMC GC.
09-28 22:11:56.477 21972 21972 D nativeloader: Load libframework-connectivity-tiramisu-jni.so using APEX ns com_android_tethering for caller /apex/com.android.tethering/javalib/framework-connectivity-t.jar: ok
09-28 22:11:56.512 21972 21972 D ApplicationLoaders: Returning zygote-cached class loader: /system_ext/framework/androidx.window.extensions.jar
09-28 22:11:56.512 21972 21972 D ApplicationLoaders: Returning zygote-cached class loader: /system_ext/framework/androidx.window.sidecar.jar
09-28 22:11:56.937 21972 21972 D nativeloader: Configuring clns-9 for other apk /data/app/~~gWwD2EuXOtVxTjxQqg8REg==/com.negi.survey-nP0p7YOjkl1VL3rkgCMH8w==/base.apk. target_sdk_version=36, uses_libraries=libOpenCL.so:libOpenCL-pixel.so, library_path=/data/app/~~gWwD2EuXOtVxTjxQqg8REg==/com.negi.survey-nP0p7YOjkl1VL3rkgCMH8w==/lib/arm64:/data/app/~~gWwD2EuXOtVxTjxQqg8REg==/com.negi.survey-nP0p7YOjkl1VL3rkgCMH8w==/base.apk!/lib/arm64-v8a, permitted_path=/data:/mnt/expand:/data/user/0/com.negi.survey
09-28 22:11:56.951 21972 21972 V GraphicsEnvironment: Currently set values for:
09-28 22:11:56.951 21972 21972 V GraphicsEnvironment:   angle_gl_driver_selection_pkgs=[com.android.angle]
09-28 22:11:56.951 21972 21972 V GraphicsEnvironment:   angle_gl_driver_selection_values=[angle]
09-28 22:11:56.951 21972 21972 V GraphicsEnvironment: com.negi.survey is not listed in per-application setting
09-28 22:11:56.951 21972 21972 V GraphicsEnvironment: No special selections for ANGLE, returning default driver choice
09-28 22:11:56.951 21972 21972 V GraphicsEnvironment: Neither updatable production driver nor prerelease driver is supported.
09-28 22:11:56.997 21972 21972 D nativeloader: Load /data/app/~~gWwD2EuXOtVxTjxQqg8REg==/com.negi.survey-nP0p7YOjkl1VL3rkgCMH8w==/base.apk!/lib/arm64-v8a/liblitertlm_jni.so using class loader ns clns-9 (caller=/data/app/~~gWwD2EuXOtVxTjxQqg8REg==/com.negi.survey-nP0p7YOjkl1VL3rkgCMH8w==/base.apk!classes10.dex): ok
09-28 22:11:56.997 21972 21972 D SurveyApp: Loaded LiteRTLM JNI: litertlm_jni where=attachBaseContext
09-28 22:11:57.013 21972 21972 D AppRingLogStore: installed: dir=/data/user/0/com.negi.survey/files/diagnostics/applog_ring idx=0
09-28 22:11:57.013 21972 21972 D SurveyApp: attachBaseContext: pid=21972 process=com.negi.survey isMain=true sdk=36
09-28 22:11:57.013 21972 21972 D SurveyApp: bootTiming: attachBaseContext total=49ms
09-28 22:11:57.013 21972 21972 D SurveyApp: Skipping WorkManager init in attachBaseContext; will init lazily on first enqueue.
09-28 22:11:57.015 21972 21986 D RuntimeLogStore: openWriter: start -> /data/user/0/com.negi.survey/files/diagnostics/runtime_logs/rtlog_20260929_051157_004_pid21972_seq1.log (bytes=0 format=LEGACY)
09-28 22:11:57.015 21972 21972 D CrashCapture: install: ensured default handler. where=SurveyApp:attachBaseContext pid=21972 default=com.negi.survey.CrashCapture$CrashHandler@1bc4467
09-28 22:11:57.015 21972 21972 D SurveyApp: CrashCapture installed: where=SurveyApp:attachBaseContext
09-28 22:11:57.016 21972 21986 D RuntimeLogStore: retention: start files=2 kept=2 totalBytes=9237
09-28 22:11:57.023 21972 21972 E com.negi.survey: hiddenapi: Accessing hidden method Landroid/net/ssl/EchConfigMismatchException;->getRetryConfigList()Landroid/net/ssl/EchConfigList; (runtime_flags=0, domain=core-platform, api=blocked) from /data/app/~~gWwD2EuXOtVxTjxQqg8REg==/com.negi.survey-nP0p7YOjkl1VL3rkgCMH8w==/base.apk!classes17.dex (domain=app, TargetSdkVersion=36) using linking: denied
09-28 22:11:57.023 21972 21972 E com.negi.survey: hiddenapi: Accessing hidden method Landroid/net/ssl/EchConfigList;->toBytes()[B (runtime_flags=0, domain=core-platform, api=blocked) from /data/app/~~gWwD2EuXOtVxTjxQqg8REg==/com.negi.survey-nP0p7YOjkl1VL3rkgCMH8w==/base.apk!classes17.dex (domain=app, TargetSdkVersion=36) using linking: denied
09-28 22:11:57.024 21972 21972 E com.negi.survey: hiddenapi: Accessing hidden method Landroid/net/ssl/EchConfigList;->fromBytes([B)Landroid/net/ssl/EchConfigList; (runtime_flags=0, domain=core-platform, api=blocked) from /data/app/~~gWwD2EuXOtVxTjxQqg8REg==/com.negi.survey-nP0p7YOjkl1VL3rkgCMH8w==/base.apk!classes17.dex (domain=app, TargetSdkVersion=36) using linking: denied
09-28 22:11:57.024 21972 21972 E com.negi.survey: hiddenapi: Accessing hidden method Landroid/net/ssl/SSLSockets;->setEchConfigList(Ljavax/net/ssl/SSLSocket;Landroid/net/ssl/EchConfigList;)V (runtime_flags=0, domain=core-platform, api=blocked) from /data/app/~~gWwD2EuXOtVxTjxQqg8REg==/com.negi.survey-nP0p7YOjkl1VL3rkgCMH8w==/base.apk!classes17.dex (domain=app, TargetSdkVersion=36) using linking: denied
09-28 22:11:57.027 21972 21972 D SurveyApp: LiteRTLM JNI already loaded; skip. where=onCreate(retry)
09-28 22:11:57.028 21972 21972 D SurveyApp: bootTiming: RuntimeLogStore.start took=1ms
09-28 22:11:57.028 21972 21972 D SurveyApp: bootTiming: AppRingLogStore.install took=0ms
09-28 22:11:57.028 21972 21972 D SurveyApp: onCreate: pid=21972 process=com.negi.survey isMain=true sdk=36
09-28 22:11:57.032 21972 21972 D CrashCapture: install: ensured default handler. where=SurveyApp:onCreate(rewrap) pid=21972 default=com.negi.survey.CrashCapture$CrashHandler@1bc4467
09-28 22:11:57.032 21972 21972 D SurveyApp: CrashCapture installed: where=SurveyApp:onCreate(rewrap)
09-28 22:11:57.032 21972 21972 D CrashCapture: registerSelfHealing: ActivityLifecycleCallbacks registered. mode=onResumedOnly
09-28 22:11:57.032 21972 21972 D SurveyApp: CrashCapture self-healing registered.
09-28 22:11:57.032 21972 21972 W SurveyApp: Startup enqueues deferred: delay=2500ms (to reduce init contention)
09-28 22:11:57.033 21972 21972 D SurveyApp: Startup survey recovery deferred: delay=2500ms
09-28 22:11:57.033 21972 21972 D SurveyApp: bootTiming: onCreate total=6ms
--------- beginning of system
09-28 22:11:57.041 21972 21992 I DisplayManager: Choreographer implicitly registered for the refresh rate.
09-28 22:11:57.042 21972 21992 D vulkan  : searching for layers in '/data/app/~~gWwD2EuXOtVxTjxQqg8REg==/com.negi.survey-nP0p7YOjkl1VL3rkgCMH8w==/lib/arm64'
09-28 22:11:57.042 21972 21992 D vulkan  : searching for layers in '/data/app/~~gWwD2EuXOtVxTjxQqg8REg==/com.negi.survey-nP0p7YOjkl1VL3rkgCMH8w==/base.apk!/lib/arm64-v8a'
09-28 22:11:57.043 21972 21989 I UploadRescheduleRcvr: Survey recovery action=android.intent.action.BOOT_COMPLETED discovered=0 reconciled=0 duplicates=0 unclassified=0 operationalFailures=0 classifications={}
09-28 22:11:57.044 21972 21989 D UploadRescheduleRcvr: No generic GitHub pending files for action=android.intent.action.BOOT_COMPLETED
09-28 22:11:57.044 21972 21972 D DesktopExperienceFlags: Toggle override initialized to: false
09-28 22:11:57.058 21972 21972 D CompatChangeReporter: Compat change id reported: 377864165; UID 14949; state: ENABLED
09-28 22:11:57.058 21972 21972 D DesktopModeFlags: Toggle override initialized to: OVERRIDE_UNSET
09-28 22:11:57.066 21972 21989 D github_upload: enqueueStartupRuntimeLogsUpload: uniqueName=upload_runtime_logs_startup policy=KEEP session=startup_runtime_20260929_051157_3e77eab6
09-28 22:11:57.074 21972 21972 I ContentCaptureHelper: Setting logging level to OFF
09-28 22:11:57.075 21972 21972 D CrashCapture: install: ensured default handler. where=selfHeal:onActivityResumed pid=21972 default=com.negi.survey.CrashCapture$CrashHandler@1bc4467
09-28 22:11:57.086 21972 21989 D WM-PackageManagerHelper: Skipping component enablement for androidx.work.impl.background.systemjob.SystemJobService
09-28 22:11:57.086 21972 21989 D WM-Schedulers: Created SystemJobScheduler and enabled SystemJobService
09-28 22:11:57.093 21972 21989 D UploadRescheduleRcvr: Enqueued runtime logs upload for action=android.intent.action.BOOT_COMPLETED reason=receiver_boot_completed
09-28 22:11:57.093 21972 22003 D WM-ForceStopRunnable: Is default app process = true
09-28 22:11:57.094 21972 22003 D WM-ForceStopRunnable: Performing cleanup operations.
09-28 22:11:57.102 21972 21972 D WindowOnBackDispatcher: setTopOnBackInvokedCallback (unwrapped): android.app.Activity$$ExternalSyntheticLambda0@45a43a3
09-28 22:11:57.113 21972 22003 D WM-SystemJobScheduler: Reconciling jobs
09-28 22:11:57.121 21972 22003 D WM-ForceStopRunnable: Application was force-stopped, rescheduling.
09-28 22:11:57.146 21972 22009 D WM-SystemJobScheduler: Scheduling work ID 7bef9000-3595-41ba-9945-5a65b08c6591Job ID 68
09-28 22:11:57.149 21972 22009 D WM-GreedyScheduler: Starting tracking for 7bef9000-3595-41ba-9945-5a65b08c6591
09-28 22:11:57.158 21972 22010 D WM-WorkConstraintsTrack: NetworkRequestConstraintController register shared callback
09-28 22:11:57.162 21972 22010 D WM-PackageManagerHelper: androidx.work.impl.background.systemalarm.RescheduleReceiver enabled
09-28 22:11:57.169 21972 22011 D WM-WorkConstraintsTrack: NetworkRequestConstraintController onCapabilitiesChanged callback
09-28 22:11:57.169 21972 22011 D WM-WorkConstraintsTrack: Not dispatching constraint state yet: isBlocked=null, capabilitiesInitialized=true
09-28 22:11:57.169 21972 22011 D WM-WorkConstraintsTrack: NetworkRequestConstraintController onBlockedStatusChanged callback false
09-28 22:11:57.170 21972 22009 D WM-GreedyScheduler: Constraints met: Scheduling work ID WorkGenerationalId(workSpecId=7bef9000-3595-41ba-9945-5a65b08c6591, generation=0)
09-28 22:11:57.175 21972 22009 D WM-Processor: Processor: processing WorkGenerationalId(workSpecId=7bef9000-3595-41ba-9945-5a65b08c6591, generation=0)
09-28 22:11:57.194 21972 22008 I com.negi.survey: hiddenapi: Accessing hidden method Landroid/database/sqlite/SQLiteDatabase;->getThreadSession()Landroid/database/sqlite/SQLiteSession; (runtime_flags=0, domain=platform, api=unsupported) from Landroidx/sqlite/db/framework/FrameworkSQLiteDatabase; (domain=app, TargetSdkVersion=36) using reflection: allowed
09-28 22:11:57.194 21972 22008 I com.negi.survey: hiddenapi: Accessing hidden method Landroid/database/sqlite/SQLiteSession;->beginTransaction(ILandroid/database/sqlite/SQLiteTransactionListener;ILandroid/os/CancellationSignal;)V (runtime_flags=0, domain=platform, api=unsupported) from Landroidx/sqlite/db/framework/FrameworkSQLiteDatabase; (domain=app, TargetSdkVersion=36) using reflection: allowed
09-28 22:11:57.247 21972 21972 D VRI[MainActivity]: WindowInsets changed: 1080x2424 statusBars:[0,152,0,0] navigationBars:[0,0,0,69] mandatorySystemGestures:[0,187,0,92] 
09-28 22:11:57.261 21972 21972 I HWUI    : Using FreeType backend (prop=Auto)
09-28 22:11:57.348 21972 21972 I com.negi.survey: hiddenapi: Accessing hidden method Landroid/os/SystemProperties;->addChangeCallback(Ljava/lang/Runnable;)V (runtime_flags=0, domain=platform, api=unsupported) from Landroidx/compose/ui/platform/AndroidComposeView$Companion; (domain=app, TargetSdkVersion=36) using reflection: allowed
09-28 22:11:57.355 21972 21972 D WM-WorkerWrapper: Starting work for com.negi.survey.net.GitHubUploadWorker
09-28 22:11:57.366 21972 22003 I WM-Processor: Moving WorkSpec (7bef9000-3595-41ba-9945-5a65b08c6591) to the foreground
09-28 22:11:57.372 21972 21972 D WM-SystemJobService: onStartJob for WorkGenerationalId(workSpecId=7bef9000-3595-41ba-9945-5a65b08c6591, generation=0)
09-28 22:11:57.377 21972 21972 I WM-SystemFgDispatcher: Started foreground service Intent { act=ACTION_START_FOREGROUND xflg=0x4 cmp=com.negi.survey/androidx.work.impl.foreground.SystemForegroundService (has extras) }
09-28 22:11:57.378 21972 21972 D WM-SystemFgDispatcher: Notifying with (id:6931, workSpecId: 7bef9000-3595-41ba-9945-5a65b08c6591, notificationType :1)
09-28 22:11:57.381 21972 21972 D WM-SystemFgDispatcher: Notifying with (id:6931, workSpecId: 7bef9000-3595-41ba-9945-5a65b08c6591, notificationType :1)
09-28 22:11:57.381 21972 22009 D WM-Processor: Work WorkGenerationalId(workSpecId=7bef9000-3595-41ba-9945-5a65b08c6591, generation=0) is already enqueued for processing
09-28 22:11:57.381 21972 22009 D WM-WorkProgressUpdater: Updating progress for 7bef9000-3595-41ba-9945-5a65b08c6591 (Data {pct : 3, mode : startup_runtime_logs})
09-28 22:11:57.382 21972 21972 D InsetsController: hide(ime())
09-28 22:11:57.382 21972 21972 I ImeTracker: com.negi.survey:40209912: onCancelled at PHASE_CLIENT_ALREADY_HIDDEN
09-28 22:11:57.392 21972 22009 I WM-Processor: Moving WorkSpec (7bef9000-3595-41ba-9945-5a65b08c6591) to the foreground
09-28 22:11:57.396 21972 21972 D WM-SystemFgDispatcher: Notifying with (id:6931, workSpecId: 7bef9000-3595-41ba-9945-5a65b08c6591, notificationType :1)
09-28 22:11:57.416 21972 22008 D WM-WorkConstraintsTrack: NetworkRequestConstraintController send initial capabilities
09-28 22:11:57.529 21972 21976 I com.negi.survey: Compiler allocated 5038KB to compile void android.view.ViewRootImpl.performTraversals()
09-28 22:11:57.609 21972 21972 D IntroScreen: Resolved config details: id=survey_config10.yaml in 259ms
09-28 22:11:57.631 21972 21982 W com.negi.survey: userfaultfd: MOVE ioctl seems unsupported: Try again
09-28 22:11:57.640 21972 21982 I com.negi.survey: Explicit concurrent mark compact GC freed 10052KB AllocSpace bytes, 10(340KB) LOS objects, 82% free, 5383KB/29MB, paused 409us,1.010ms total 33.559ms
09-28 22:11:57.976 21972 21983 I com.negi.survey: Explicit concurrent mark compact GC freed 1704KB AllocSpace bytes, 4(100KB) LOS objects, 81% free, 5735KB/29MB, paused 147us,1.250ms total 22.104ms
09-28 22:11:58.592 21972 21986 D RuntimeLogStore: openWriter: rotate:plain_snapshot:receiver_boot_completed -> /data/user/0/com.negi.survey/files/diagnostics/runtime_logs/rtlog_20260929_051158_590_pid21972_seq2.log (bytes=0 format=LEGACY)
09-28 22:11:58.593 21972 21986 D RuntimeLogStore: retention: rotate:plain_snapshot:receiver_boot_completed files=3 kept=3 totalBytes=11036
09-28 22:11:58.607 21972 21988 D github_upload: doRuntimeLogsUpload: remoteBaseDir=diagnostics/runtime_logs/2026-09-29/runtime_logs_startup_runtime_20260929_051157_3e77eab6_receiver_boot_completed toUpload=2 bytes=10701 dedupe=true deleteSource=true deletedSourcePre=0 preview='runtime_log_20260929_051158_599_pid21972_receiver_boot_completed__rtlog_20260929_051157_004_pid21972_seq1.log|runtime_log_20260929_051158_599_pid21972_receiver_boot_completed__rtlog_20260929_051022_196_pid21453_seq2.log'
09-28 22:11:58.610 21972 21988 D GitHubUploader: uploadStream: owner=ishizuki-tech repo=SurveyExports branch=main path=diagnostics/runtime_logs/2026-09-29/runtime_logs_startup_runtime_20260929_051157_3e77eab6_receiver_boot_completed/runtime_log_20260929_051158_599_pid21972_receiver_boot_completed__rtlog_20260929_051157_004_pid21972_seq1.log size=1781 maxRawBytesHint=1000000 maxRequestBytesHint=2800000
09-28 22:11:58.611 21972 22003 D WM-WorkProgressUpdater: Updating progress for 7bef9000-3595-41ba-9945-5a65b08c6591 (Data {pct : 10, mode : startup_runtime_logs})
09-28 22:11:58.626 21972 22003 I WM-Processor: Moving WorkSpec (7bef9000-3595-41ba-9945-5a65b08c6591) to the foreground
09-28 22:11:58.629 21972 21972 D WM-SystemFgDispatcher: Notifying with (id:6931, workSpecId: 7bef9000-3595-41ba-9945-5a65b08c6591, notificationType :1)
09-28 22:11:58.946 21972 22008 D WM-WorkProgressUpdater: Updating progress for 7bef9000-3595-41ba-9945-5a65b08c6591 (Data {pct : 14, mode : startup_runtime_logs})
09-28 22:11:58.953 21972 22008 I WM-Processor: Moving WorkSpec (7bef9000-3595-41ba-9945-5a65b08c6591) to the foreground
09-28 22:11:58.954 21972 22008 D WM-WorkProgressUpdater: Updating progress for 7bef9000-3595-41ba-9945-5a65b08c6591 (Data {pct : 50, mode : startup_runtime_logs})
09-28 22:11:58.955 21972 21972 D WM-SystemFgDispatcher: Notifying with (id:6931, workSpecId: 7bef9000-3595-41ba-9945-5a65b08c6591, notificationType :1)
09-28 22:11:58.959 21972 22008 I WM-Processor: Moving WorkSpec (7bef9000-3595-41ba-9945-5a65b08c6591) to the foreground
09-28 22:11:58.961 21972 21972 D WM-SystemFgDispatcher: Notifying with (id:6931, workSpecId: 7bef9000-3595-41ba-9945-5a65b08c6591, notificationType :1)
09-28 22:11:59.356 21972 21983 I com.negi.survey: Explicit concurrent mark compact GC freed 1825KB AllocSpace bytes, 9(260KB) LOS objects, 80% free, 5792KB/29MB, paused 107us,1.169ms total 31.556ms
09-28 22:11:59.533 21972 21972 W SurveyApp: Deferred startup enqueues begin...
09-28 22:11:59.533 21972 21972 D SurveyApp: WorkManager available. where=startupRtLogs(immediate) took=0ms
09-28 22:11:59.535 21972 21972 D SurveyApp: Startup runtime logs target -> owner=ishizuki-tech repo=SurveyExports branch=main base='/diagnostics/runtime_logs'
09-28 22:11:59.536 21972 21972 D github_upload: enqueueStartupRuntimeLogsUpload: uniqueName=upload_runtime_logs_startup policy=KEEP session=startup_runtime_20260929_051159_4d6d8233
09-28 22:11:59.537 21972 21972 D SurveyApp: Startup runtime logs: enqueue requested (immediate).
09-28 22:11:59.537 21972 21972 D SurveyApp: WorkManager available. where=startupRingLogs(immediate) took=0ms
09-28 22:11:59.538 21972 21972 D SurveyApp: Startup ring logs target -> owner=ishizuki-tech repo=SurveyExports branch=main base='/diagnostics/applog_ring'
09-28 22:11:59.538 21972 21972 D github_upload: enqueueStartupRingLogsUpload: uniqueName=upload_ring_logs_startup policy=KEEP session=startup_ring_20260929_051159_1a2254db
09-28 22:11:59.538 21972 21972 D SurveyApp: Startup ring logs: enqueue requested (immediate).
09-28 22:11:59.538 21972 21972 D SurveyApp: WorkManager available. where=enqueuePending(immediate) took=0ms
09-28 22:11:59.539 21972 21972 D SurveyApp: CrashCapture pending uploads requested (immediate).
09-28 22:11:59.539 21972 21972 W SurveyApp: Deferred startup enqueues done: took=6ms
09-28 22:11:59.540 21972 22046 D CrashCapture: enqueuePendingCrashUploadsIfPossible enter where=SurveyApp:enqueuePending(immediate):bg pid=21972 thread=CrashCapture-Enqueue
09-28 22:11:59.540 21972 22019 D SurveyApp: Survey recovery WorkManager available. where=startupSurveyUploads(initial) took=0ms
09-28 22:11:59.548 21972 22019 D SurveyApp: Startup survey recovery complete: discovered=0 attempted=0 submitted=0 active=0 trackerUnconfirmed=0 uploaded=0 deferred=0 invalid=0 operationalFailures=0 duplicates=0 unclassified=0
09-28 22:11:59.552 21972 22009 D WM-SystemJobScheduler: Scheduling work ID 8b9fcca1-8021-4b07-be08-afe4e61fa81fJob ID 69
09-28 22:11:59.555 21972 22009 D WM-GreedyScheduler: Starting tracking for 8b9fcca1-8021-4b07-be08-afe4e61fa81f
09-28 22:11:59.555 21972 21972 D WM-SystemJobService: onStartJob for WorkGenerationalId(workSpecId=8b9fcca1-8021-4b07-be08-afe4e61fa81f, generation=0)
