=== Previous Session Logcat ===
captured_time_utc=20260929_042726
captured_time_local=20260928_212726
marker=2026-09-25 13:19:30.806
preferred_prev_pid=-1
note=best-effort; buffers may be overwritten before next start
sdk=36
device=Google Pixel 9a
appId=com.negi.survey
versionName=0.0.1
versionCode=1

=== Logcat (since marker) ===
--------- beginning of main
09-28 21:27:23.592  9948  9948 I Zygote  : Process 9948 created for com.negi.survey
09-28 21:27:23.592  9948  9948 I com.negi.survey: Late-enabling -Xcheck:jni
09-28 21:27:23.668  9948  9948 I com.negi.survey: Using CollectorTypeCMC GC.
09-28 21:27:23.688  9948  9948 D nativeloader: Load libframework-connectivity-tiramisu-jni.so using APEX ns com_android_tethering for caller /apex/com.android.tethering/javalib/framework-connectivity-t.jar: ok
09-28 21:27:23.727  9948  9948 D ApplicationLoaders: Returning zygote-cached class loader: /system_ext/framework/androidx.window.extensions.jar
09-28 21:27:23.727  9948  9948 D ApplicationLoaders: Returning zygote-cached class loader: /system_ext/framework/androidx.window.sidecar.jar
09-28 21:27:24.133  9948  9948 D nativeloader: Configuring clns-9 for other apk /data/app/~~a_R5W6DJsqVeqevA9FQd7g==/com.negi.survey-aNbQ1b88M-1b69LdJGYN5w==/base.apk. target_sdk_version=36, uses_libraries=libOpenCL.so:libOpenCL-pixel.so, library_path=/data/app/~~a_R5W6DJsqVeqevA9FQd7g==/com.negi.survey-aNbQ1b88M-1b69LdJGYN5w==/lib/arm64:/data/app/~~a_R5W6DJsqVeqevA9FQd7g==/com.negi.survey-aNbQ1b88M-1b69LdJGYN5w==/base.apk!/lib/arm64-v8a, permitted_path=/data:/mnt/expand:/data/user/0/com.negi.survey
09-28 21:27:24.140  9948  9948 V GraphicsEnvironment: Currently set values for:
09-28 21:27:24.140  9948  9948 V GraphicsEnvironment:   angle_gl_driver_selection_pkgs=[com.android.angle]
09-28 21:27:24.140  9948  9948 V GraphicsEnvironment:   angle_gl_driver_selection_values=[angle]
09-28 21:27:24.140  9948  9948 V GraphicsEnvironment: com.negi.survey is not listed in per-application setting
09-28 21:27:24.140  9948  9948 V GraphicsEnvironment: No special selections for ANGLE, returning default driver choice
09-28 21:27:24.140  9948  9948 V GraphicsEnvironment: Neither updatable production driver nor prerelease driver is supported.
09-28 21:27:24.190  9948  9948 D nativeloader: Load /data/app/~~a_R5W6DJsqVeqevA9FQd7g==/com.negi.survey-aNbQ1b88M-1b69LdJGYN5w==/base.apk!/lib/arm64-v8a/liblitertlm_jni.so using class loader ns clns-9 (caller=/data/app/~~a_R5W6DJsqVeqevA9FQd7g==/com.negi.survey-aNbQ1b88M-1b69LdJGYN5w==/base.apk!classes10.dex): ok
09-28 21:27:24.190  9948  9948 D SurveyApp: Loaded LiteRTLM JNI: litertlm_jni where=attachBaseContext
09-28 21:27:24.205  9948  9948 D AppRingLogStore: installed: dir=/data/user/0/com.negi.survey/files/diagnostics/applog_ring idx=0
09-28 21:27:24.205  9948  9948 D SurveyApp: attachBaseContext: pid=9948 process=com.negi.survey isMain=true sdk=36
09-28 21:27:24.206  9948  9948 D SurveyApp: bootTiming: attachBaseContext total=53ms
09-28 21:27:24.206  9948  9948 D SurveyApp: Skipping WorkManager init in attachBaseContext; will init lazily on first enqueue.
09-28 21:27:24.208  9948  9948 D CrashCapture: install: ensured default handler. where=SurveyApp:attachBaseContext pid=9948 default=com.negi.survey.CrashCapture$CrashHandler@ef83026
09-28 21:27:24.208  9948  9948 D SurveyApp: CrashCapture installed: where=SurveyApp:attachBaseContext
09-28 21:27:24.211  9948  9971 D RuntimeLogStore: openWriter: start -> /data/user/0/com.negi.survey/files/diagnostics/runtime_logs/rtlog_20260929_042724_198_pid9948_seq1.log (bytes=0 format=LEGACY)
09-28 21:27:24.212  9948  9971 D RuntimeLogStore: retention: start files=2 kept=2 totalBytes=1741
09-28 21:27:24.214  9948  9948 E com.negi.survey: hiddenapi: Accessing hidden method Landroid/net/ssl/EchConfigMismatchException;->getRetryConfigList()Landroid/net/ssl/EchConfigList; (runtime_flags=0, domain=core-platform, api=blocked) from /data/app/~~a_R5W6DJsqVeqevA9FQd7g==/com.negi.survey-aNbQ1b88M-1b69LdJGYN5w==/base.apk!classes17.dex (domain=app, TargetSdkVersion=36) using linking: denied
09-28 21:27:24.214  9948  9948 E com.negi.survey: hiddenapi: Accessing hidden method Landroid/net/ssl/EchConfigList;->toBytes()[B (runtime_flags=0, domain=core-platform, api=blocked) from /data/app/~~a_R5W6DJsqVeqevA9FQd7g==/com.negi.survey-aNbQ1b88M-1b69LdJGYN5w==/base.apk!classes17.dex (domain=app, TargetSdkVersion=36) using linking: denied
09-28 21:27:24.214  9948  9948 E com.negi.survey: hiddenapi: Accessing hidden method Landroid/net/ssl/EchConfigList;->fromBytes([B)Landroid/net/ssl/EchConfigList; (runtime_flags=0, domain=core-platform, api=blocked) from /data/app/~~a_R5W6DJsqVeqevA9FQd7g==/com.negi.survey-aNbQ1b88M-1b69LdJGYN5w==/base.apk!classes17.dex (domain=app, TargetSdkVersion=36) using linking: denied
09-28 21:27:24.214  9948  9948 E com.negi.survey: hiddenapi: Accessing hidden method Landroid/net/ssl/SSLSockets;->setEchConfigList(Ljavax/net/ssl/SSLSocket;Landroid/net/ssl/EchConfigList;)V (runtime_flags=0, domain=core-platform, api=blocked) from /data/app/~~a_R5W6DJsqVeqevA9FQd7g==/com.negi.survey-aNbQ1b88M-1b69LdJGYN5w==/base.apk!classes17.dex (domain=app, TargetSdkVersion=36) using linking: denied
09-28 21:27:24.219  9948  9948 D SurveyApp: LiteRTLM JNI already loaded; skip. where=onCreate(retry)
09-28 21:27:24.220  9948  9948 D SurveyApp: bootTiming: RuntimeLogStore.start took=0ms
09-28 21:27:24.220  9948  9948 D SurveyApp: bootTiming: AppRingLogStore.install took=0ms
09-28 21:27:24.220  9948  9948 D SurveyApp: onCreate: pid=9948 process=com.negi.survey isMain=true sdk=36
09-28 21:27:24.225  9948  9948 D CrashCapture: install: ensured default handler. where=SurveyApp:onCreate(rewrap) pid=9948 default=com.negi.survey.CrashCapture$CrashHandler@ef83026
09-28 21:27:24.225  9948  9948 D SurveyApp: CrashCapture installed: where=SurveyApp:onCreate(rewrap)
09-28 21:27:24.225  9948  9948 D CrashCapture: registerSelfHealing: ActivityLifecycleCallbacks registered. mode=onResumedOnly
09-28 21:27:24.225  9948  9948 D SurveyApp: CrashCapture self-healing registered.
09-28 21:27:24.225  9948  9948 W SurveyApp: Startup enqueues deferred: delay=2500ms (to reduce init contention)
09-28 21:27:24.226  9948  9948 D SurveyApp: Startup survey recovery deferred: delay=2500ms
09-28 21:27:24.226  9948  9968 W com.negi.survey: userfaultfd: MOVE ioctl seems unsupported: Success
09-28 21:27:24.227  9948  9948 D SurveyApp: bootTiming: onCreate total=8ms
09-28 21:27:24.229  9948  9968 I com.negi.survey: Explicit concurrent mark compact GC freed 4961KB AllocSpace bytes, 4(212KB) LOS objects, 91% free, 2212KB/26MB, paused 184us,839us total 6.859ms
09-28 21:27:24.454  9948  9976 I UploadRescheduleRcvr: Survey recovery action=android.intent.action.BOOT_COMPLETED discovered=0 reconciled=0 duplicates=0 unclassified=0 operationalFailures=0 classifications={}
09-28 21:27:24.455  9948  9976 D UploadRescheduleRcvr: No generic GitHub pending files for action=android.intent.action.BOOT_COMPLETED
--------- beginning of system
09-28 21:27:24.457  9948  9982 I DisplayManager: Choreographer implicitly registered for the refresh rate.
09-28 21:27:24.458  9948  9982 D vulkan  : searching for layers in '/data/app/~~a_R5W6DJsqVeqevA9FQd7g==/com.negi.survey-aNbQ1b88M-1b69LdJGYN5w==/lib/arm64'
09-28 21:27:24.458  9948  9982 D vulkan  : searching for layers in '/data/app/~~a_R5W6DJsqVeqevA9FQd7g==/com.negi.survey-aNbQ1b88M-1b69LdJGYN5w==/base.apk!/lib/arm64-v8a'
09-28 21:27:24.462  9948  9948 D DesktopExperienceFlags: Toggle override initialized to: false
09-28 21:27:24.474  9948  9948 D CompatChangeReporter: Compat change id reported: 377864165; UID 14949; state: ENABLED
09-28 21:27:24.474  9948  9948 D DesktopModeFlags: Toggle override initialized to: OVERRIDE_UNSET
09-28 21:27:24.475  9948  9976 D github_upload: enqueueStartupRuntimeLogsUpload: uniqueName=upload_runtime_logs_startup policy=KEEP session=startup_runtime_20260929_042724_42785beb
09-28 21:27:24.488  9948  9948 I ContentCaptureHelper: Setting logging level to OFF
09-28 21:27:24.489  9948  9948 D CrashCapture: install: ensured default handler. where=selfHeal:onActivityResumed pid=9948 default=com.negi.survey.CrashCapture$CrashHandler@ef83026
09-28 21:27:24.500  9948  9976 D WM-PackageManagerHelper: Skipping component enablement for androidx.work.impl.background.systemjob.SystemJobService
09-28 21:27:24.500  9948  9976 D WM-Schedulers: Created SystemJobScheduler and enabled SystemJobService
09-28 21:27:24.502  9948  9991 D WM-ForceStopRunnable: Is default app process = true
09-28 21:27:24.504  9948  9991 D WM-ForceStopRunnable: Performing cleanup operations.
09-28 21:27:24.507  9948  9976 D UploadRescheduleRcvr: Enqueued runtime logs upload for action=android.intent.action.BOOT_COMPLETED reason=receiver_boot_completed
09-28 21:27:24.512  9948  9948 D WindowOnBackDispatcher: setTopOnBackInvokedCallback (unwrapped): android.app.Activity$$ExternalSyntheticLambda0@e1ca6a0
09-28 21:27:24.539  9948  9991 D WM-ForceStopRunnable: Application was force-stopped, rescheduling.
09-28 21:27:24.563  9948  9996 D WM-SystemJobScheduler: Scheduling work ID 83efce6a-9aff-4139-9b48-20a265366f95Job ID 5
09-28 21:27:24.568  9948  9996 D WM-GreedyScheduler: Starting tracking for 83efce6a-9aff-4139-9b48-20a265366f95
09-28 21:27:24.575  9948  9997 D WM-WorkConstraintsTrack: NetworkRequestConstraintController register shared callback
09-28 21:27:24.579  9948  9997 D WM-PackageManagerHelper: androidx.work.impl.background.systemalarm.RescheduleReceiver enabled
09-28 21:27:24.581  9948  9998 D WM-WorkConstraintsTrack: NetworkRequestConstraintController onCapabilitiesChanged callback
09-28 21:27:24.581  9948  9998 D WM-WorkConstraintsTrack: Not dispatching constraint state yet: isBlocked=null, capabilitiesInitialized=true
09-28 21:27:24.581  9948  9998 D WM-WorkConstraintsTrack: NetworkRequestConstraintController onBlockedStatusChanged callback false
09-28 21:27:24.582  9948  9996 D WM-GreedyScheduler: Constraints met: Scheduling work ID WorkGenerationalId(workSpecId=83efce6a-9aff-4139-9b48-20a265366f95, generation=0)
09-28 21:27:24.586  9948  9996 D WM-Processor: Processor: processing WorkGenerationalId(workSpecId=83efce6a-9aff-4139-9b48-20a265366f95, generation=0)
09-28 21:27:24.609  9948  9995 I com.negi.survey: hiddenapi: Accessing hidden method Landroid/database/sqlite/SQLiteDatabase;->getThreadSession()Landroid/database/sqlite/SQLiteSession; (runtime_flags=0, domain=platform, api=unsupported) from Landroidx/sqlite/db/framework/FrameworkSQLiteDatabase; (domain=app, TargetSdkVersion=36) using reflection: allowed
09-28 21:27:24.609  9948  9995 I com.negi.survey: hiddenapi: Accessing hidden method Landroid/database/sqlite/SQLiteSession;->beginTransaction(ILandroid/database/sqlite/SQLiteTransactionListener;ILandroid/os/CancellationSignal;)V (runtime_flags=0, domain=platform, api=unsupported) from Landroidx/sqlite/db/framework/FrameworkSQLiteDatabase; (domain=app, TargetSdkVersion=36) using reflection: allowed
09-28 21:27:24.658  9948  9948 D VRI[MainActivity]: WindowInsets changed: 1080x2424 statusBars:[0,152,0,0] navigationBars:[0,0,0,69] mandatorySystemGestures:[0,187,0,92] 
09-28 21:27:24.671  9948  9948 I HWUI    : Using FreeType backend (prop=Auto)
09-28 21:27:24.811  9948  9948 I com.negi.survey: hiddenapi: Accessing hidden method Landroid/os/SystemProperties;->addChangeCallback(Ljava/lang/Runnable;)V (runtime_flags=0, domain=platform, api=unsupported) from Landroidx/compose/ui/platform/AndroidComposeView$Companion; (domain=app, TargetSdkVersion=36) using reflection: allowed
09-28 21:27:24.818  9948  9948 D WM-WorkerWrapper: Starting work for com.negi.survey.net.GitHubUploadWorker
09-28 21:27:24.825  9948  9991 I WM-Processor: Moving WorkSpec (83efce6a-9aff-4139-9b48-20a265366f95) to the foreground
09-28 21:27:24.833  9948  9996 D WM-WorkProgressUpdater: Updating progress for 83efce6a-9aff-4139-9b48-20a265366f95 (Data {pct : 3, mode : startup_runtime_logs})
09-28 21:27:24.840  9948  9948 D WM-SystemJobService: onStartJob for WorkGenerationalId(workSpecId=83efce6a-9aff-4139-9b48-20a265366f95, generation=0)
09-28 21:27:24.842  9948  9996 I WM-Processor: Moving WorkSpec (83efce6a-9aff-4139-9b48-20a265366f95) to the foreground
09-28 21:27:24.845  9948  9948 I WM-SystemFgDispatcher: Started foreground service Intent { act=ACTION_START_FOREGROUND xflg=0x4 cmp=com.negi.survey/androidx.work.impl.foreground.SystemForegroundService (has extras) }
09-28 21:27:24.845  9948  9948 D WM-SystemFgDispatcher: Notifying with (id:8812, workSpecId: 83efce6a-9aff-4139-9b48-20a265366f95, notificationType :1)
09-28 21:27:24.847  9948  9948 D WM-SystemFgDispatcher: Notifying with (id:8812, workSpecId: 83efce6a-9aff-4139-9b48-20a265366f95, notificationType :1)
09-28 21:27:24.852  9948  9996 D WM-Processor: Work WorkGenerationalId(workSpecId=83efce6a-9aff-4139-9b48-20a265366f95, generation=0) is already enqueued for processing
09-28 21:27:24.854  9948  9948 D WM-SystemFgDispatcher: Notifying with (id:8812, workSpecId: 83efce6a-9aff-4139-9b48-20a265366f95, notificationType :1)
09-28 21:27:24.854  9948  9996 D WM-WorkConstraintsTrack: NetworkRequestConstraintController send initial capabilities
09-28 21:27:24.859  9948  9948 D InsetsController: hide(ime())
09-28 21:27:24.859  9948  9948 I ImeTracker: com.negi.survey:f2d62ddc: onCancelled at PHASE_CLIENT_ALREADY_HIDDEN
09-28 21:27:24.962  9948  9954 I com.negi.survey: Compiler allocated 5038KB to compile void android.view.ViewRootImpl.performTraversals()
09-28 21:27:25.039  9948  9948 D IntroScreen: Resolved config details: id=survey_config10.yaml in 226ms
09-28 21:27:26.041  9948  9971 D RuntimeLogStore: openWriter: rotate:plain_snapshot:receiver_boot_completed -> /data/user/0/com.negi.survey/files/diagnostics/runtime_logs/rtlog_20260929_042726_040_pid9948_seq2.log (bytes=0 format=LEGACY)
09-28 21:27:26.041  9948  9971 D RuntimeLogStore: retention: rotate:plain_snapshot:receiver_boot_completed files=3 kept=3 totalBytes=3537
09-28 21:27:26.051  9948  9980 D github_upload: doRuntimeLogsUpload: remoteBaseDir=diagnostics/runtime_logs/2026-09-29/runtime_logs_startup_runtime_20260929_042724_42785beb_receiver_boot_completed toUpload=2 bytes=3203 dedupe=true deleteSource=true deletedSourcePre=0 preview='runtime_log_20260929_042726_045_pid9948_receiver_boot_completed__rtlog_20260929_042724_198_pid9948_seq1.log|runtime_log_20260929_042726_045_pid9948_receiver_boot_completed__rtlog_20260925_201930_097_pid4859_seq2.log'
09-28 21:27:26.053  9948  9980 D GitHubUploader: uploadStream: owner=ishizuki-tech repo=SurveyExports branch=main path=diagnostics/runtime_logs/2026-09-29/runtime_logs_startup_runtime_20260929_042724_42785beb_receiver_boot_completed/runtime_log_20260929_042726_045_pid9948_receiver_boot_completed__rtlog_20260929_042724_198_pid9948_seq1.log size=1778 maxRawBytesHint=1000000 maxRequestBytesHint=2800000
09-28 21:27:26.053  9948  9995 D WM-WorkProgressUpdater: Updating progress for 83efce6a-9aff-4139-9b48-20a265366f95 (Data {pct : 10, mode : startup_runtime_logs})
09-28 21:27:26.061  9948  9995 I WM-Processor: Moving WorkSpec (83efce6a-9aff-4139-9b48-20a265366f95) to the foreground
09-28 21:27:26.064  9948  9948 D WM-SystemFgDispatcher: Notifying with (id:8812, workSpecId: 83efce6a-9aff-4139-9b48-20a265366f95, notificationType :1)
09-28 21:27:26.178  9948 10003 I com.negi.survey: Explicit concurrent mark compact GC freed 7074KB AllocSpace bytes, 16(428KB) LOS objects, 80% free, 5912KB/29MB, paused 449us,1.438ms total 41.673ms
09-28 21:27:26.469  9948  9997 D WM-WorkProgressUpdater: Updating progress for 83efce6a-9aff-4139-9b48-20a265366f95 (Data {pct : 14, mode : startup_runtime_logs})
09-28 21:27:26.477  9948  9997 I WM-Processor: Moving WorkSpec (83efce6a-9aff-4139-9b48-20a265366f95) to the foreground
09-28 21:27:26.485  9948  9948 D WM-SystemFgDispatcher: Notifying with (id:8812, workSpecId: 83efce6a-9aff-4139-9b48-20a265366f95, notificationType :1)
09-28 21:27:26.486  9948  9997 D WM-WorkProgressUpdater: Updating progress for 83efce6a-9aff-4139-9b48-20a265366f95 (Data {pct : 50, mode : startup_runtime_logs})
09-28 21:27:26.493  9948  9997 I WM-Processor: Moving WorkSpec (83efce6a-9aff-4139-9b48-20a265366f95) to the foreground
09-28 21:27:26.500  9948  9948 D WM-SystemFgDispatcher: Notifying with (id:8812, workSpecId: 83efce6a-9aff-4139-9b48-20a265366f95, notificationType :1)
09-28 21:27:26.725  9948  9948 W SurveyApp: Deferred startup enqueues begin...
09-28 21:27:26.726  9948  9948 D SurveyApp: WorkManager available. where=startupRtLogs(immediate) took=0ms
09-28 21:27:26.728  9948  9948 D SurveyApp: Startup runtime logs target -> owner=ishizuki-tech repo=SurveyExports branch=main base='/diagnostics/runtime_logs'
09-28 21:27:26.730  9948  9948 D github_upload: enqueueStartupRuntimeLogsUpload: uniqueName=upload_runtime_logs_startup policy=KEEP session=startup_runtime_20260929_042726_b1925b3a
09-28 21:27:26.730  9948  9948 D SurveyApp: Startup runtime logs: enqueue requested (immediate).
09-28 21:27:26.730  9948  9948 D SurveyApp: WorkManager available. where=startupRingLogs(immediate) took=0ms
09-28 21:27:26.732  9948  9948 D SurveyApp: Startup ring logs target -> owner=ishizuki-tech repo=SurveyExports branch=main base='/diagnostics/applog_ring'
09-28 21:27:26.733  9948  9948 D github_upload: enqueueStartupRingLogsUpload: uniqueName=upload_ring_logs_startup policy=KEEP session=startup_ring_20260929_042726_51b62519
09-28 21:27:26.733  9948  9948 D SurveyApp: Startup ring logs: enqueue requested (immediate).
09-28 21:27:26.733  9948  9948 D SurveyApp: WorkManager available. where=enqueuePending(immediate) took=0ms
09-28 21:27:26.733  9948  9948 D SurveyApp: CrashCapture pending uploads requested (immediate).
09-28 21:27:26.733  9948  9948 W SurveyApp: Deferred startup enqueues done: took=8ms
09-28 21:27:26.734  9948 10025 D CrashCapture: enqueuePendingCrashUploadsIfPossible enter where=SurveyApp:enqueuePending(immediate):bg pid=9948 thread=CrashCapture-Enqueue
09-28 21:27:26.740  9948  9979 D SurveyApp: Survey recovery WorkManager available. where=startupSurveyUploads(initial) took=0ms
09-28 21:27:26.748  9948  9979 D SurveyApp: Startup survey recovery complete: discovered=0 attempted=0 submitted=0 active=0 trackerUnconfirmed=0 uploaded=0 deferred=0 invalid=0 operationalFailures=0 duplicates=0 unclassified=0
09-28 21:27:26.748  9948  9997 D WM-SystemJobScheduler: Scheduling work ID 16d80876-1b28-41bb-a97a-a8a3459fc8c8Job ID 6
09-28 21:27:26.753  9948  9948 D WM-SystemJobService: onStartJob for WorkGenerationalId(workSpecId=16d80876-1b28-41bb-a97a-a8a3459fc8c8, generation=0)
09-28 21:27:26.753  9948  9997 D WM-GreedyScheduler: Starting tracking for 16d80876-1b28-41bb-a97a-a8a3459fc8c8
09-28 21:27:26.757  9948  9997 D WM-Processor: Processor: processing WorkGenerationalId(workSpecId=16d80876-1b28-41bb-a97a-a8a3459fc8c8, generation=0)
09-28 21:27:26.767  9948  9948 D WM-WorkerWrapper: Starting work for com.negi.survey.net.GitHubUploadWorker
09-28 21:27:26.769  9948  9997 D WM-WorkConstraintsTrack: NetworkRequestConstraintController send initial capabilities
09-28 21:27:26.772  9948  9997 D WM-GreedyScheduler: Constraints met: Scheduling work ID WorkGenerationalId(workSpecId=16d80876-1b28-41bb-a97a-a8a3459fc8c8, generation=0)
