=== Previous Session Logcat ===
captured_time_utc=20260929_050849
captured_time_local=20260928_220849
marker=2026-09-28 22:02:04.560
preferred_prev_pid=-1
note=best-effort; buffers may be overwritten before next start
sdk=36
device=Google Pixel 9a
appId=com.negi.survey
versionName=0.0.1
versionCode=1

=== Logcat (since marker) ===
--------- beginning of main
09-28 22:08:46.687 20904 20904 I Zygote  : Process 20904 created for com.negi.survey
09-28 22:08:46.687 20904 20904 I com.negi.survey: Late-enabling -Xcheck:jni
09-28 22:08:46.720 20904 20904 I com.negi.survey: Using CollectorTypeCMC GC.
09-28 22:08:46.729 20904 20904 D nativeloader: Load libframework-connectivity-tiramisu-jni.so using APEX ns com_android_tethering for caller /apex/com.android.tethering/javalib/framework-connectivity-t.jar: ok
09-28 22:08:46.749 20904 20904 D ApplicationLoaders: Returning zygote-cached class loader: /system_ext/framework/androidx.window.extensions.jar
09-28 22:08:46.749 20904 20904 D ApplicationLoaders: Returning zygote-cached class loader: /system_ext/framework/androidx.window.sidecar.jar
09-28 22:08:47.155 20904 20904 D nativeloader: Configuring clns-9 for other apk /data/app/~~gWwD2EuXOtVxTjxQqg8REg==/com.negi.survey-nP0p7YOjkl1VL3rkgCMH8w==/base.apk. target_sdk_version=36, uses_libraries=libOpenCL.so:libOpenCL-pixel.so, library_path=/data/app/~~gWwD2EuXOtVxTjxQqg8REg==/com.negi.survey-nP0p7YOjkl1VL3rkgCMH8w==/lib/arm64:/data/app/~~gWwD2EuXOtVxTjxQqg8REg==/com.negi.survey-nP0p7YOjkl1VL3rkgCMH8w==/base.apk!/lib/arm64-v8a, permitted_path=/data:/mnt/expand:/data/user/0/com.negi.survey
09-28 22:08:47.159 20904 20904 V GraphicsEnvironment: Currently set values for:
09-28 22:08:47.159 20904 20904 V GraphicsEnvironment:   angle_gl_driver_selection_pkgs=[com.android.angle]
09-28 22:08:47.159 20904 20904 V GraphicsEnvironment:   angle_gl_driver_selection_values=[angle]
09-28 22:08:47.159 20904 20904 V GraphicsEnvironment: com.negi.survey is not listed in per-application setting
09-28 22:08:47.159 20904 20904 V GraphicsEnvironment: No special selections for ANGLE, returning default driver choice
09-28 22:08:47.159 20904 20904 V GraphicsEnvironment: Neither updatable production driver nor prerelease driver is supported.
09-28 22:08:47.188 20904 20904 D nativeloader: Load /data/app/~~gWwD2EuXOtVxTjxQqg8REg==/com.negi.survey-nP0p7YOjkl1VL3rkgCMH8w==/base.apk!/lib/arm64-v8a/liblitertlm_jni.so using class loader ns clns-9 (caller=/data/app/~~gWwD2EuXOtVxTjxQqg8REg==/com.negi.survey-nP0p7YOjkl1VL3rkgCMH8w==/base.apk!classes10.dex): ok
09-28 22:08:47.188 20904 20904 D SurveyApp: Loaded LiteRTLM JNI: litertlm_jni where=attachBaseContext
09-28 22:08:47.201 20904 20904 D AppRingLogStore: installed: dir=/data/user/0/com.negi.survey/files/diagnostics/applog_ring idx=0
09-28 22:08:47.201 20904 20904 D SurveyApp: attachBaseContext: pid=20904 process=com.negi.survey isMain=true sdk=36
09-28 22:08:47.202 20904 20904 D SurveyApp: bootTiming: attachBaseContext total=32ms
09-28 22:08:47.202 20904 20904 D SurveyApp: Skipping WorkManager init in attachBaseContext; will init lazily on first enqueue.
09-28 22:08:47.203 20904 20904 D CrashCapture: install: ensured default handler. where=SurveyApp:attachBaseContext pid=20904 default=com.negi.survey.CrashCapture$CrashHandler@ef83026
09-28 22:08:47.203 20904 20904 D SurveyApp: CrashCapture installed: where=SurveyApp:attachBaseContext
09-28 22:08:47.204 20904 20920 D RuntimeLogStore: openWriter: start -> /data/user/0/com.negi.survey/files/diagnostics/runtime_logs/rtlog_20260929_050847_194_pid20904_seq1.log (bytes=0 format=LEGACY)
09-28 22:08:47.205 20904 20920 D RuntimeLogStore: retention: start files=2 kept=2 totalBytes=653
09-28 22:08:47.211 20904 20904 E com.negi.survey: hiddenapi: Accessing hidden method Landroid/net/ssl/EchConfigMismatchException;->getRetryConfigList()Landroid/net/ssl/EchConfigList; (runtime_flags=0, domain=core-platform, api=blocked) from /data/app/~~gWwD2EuXOtVxTjxQqg8REg==/com.negi.survey-nP0p7YOjkl1VL3rkgCMH8w==/base.apk!classes17.dex (domain=app, TargetSdkVersion=36) using linking: denied
09-28 22:08:47.211 20904 20904 E com.negi.survey: hiddenapi: Accessing hidden method Landroid/net/ssl/EchConfigList;->toBytes()[B (runtime_flags=0, domain=core-platform, api=blocked) from /data/app/~~gWwD2EuXOtVxTjxQqg8REg==/com.negi.survey-nP0p7YOjkl1VL3rkgCMH8w==/base.apk!classes17.dex (domain=app, TargetSdkVersion=36) using linking: denied
09-28 22:08:47.211 20904 20904 E com.negi.survey: hiddenapi: Accessing hidden method Landroid/net/ssl/EchConfigList;->fromBytes([B)Landroid/net/ssl/EchConfigList; (runtime_flags=0, domain=core-platform, api=blocked) from /data/app/~~gWwD2EuXOtVxTjxQqg8REg==/com.negi.survey-nP0p7YOjkl1VL3rkgCMH8w==/base.apk!classes17.dex (domain=app, TargetSdkVersion=36) using linking: denied
09-28 22:08:47.211 20904 20904 E com.negi.survey: hiddenapi: Accessing hidden method Landroid/net/ssl/SSLSockets;->setEchConfigList(Ljavax/net/ssl/SSLSocket;Landroid/net/ssl/EchConfigList;)V (runtime_flags=0, domain=core-platform, api=blocked) from /data/app/~~gWwD2EuXOtVxTjxQqg8REg==/com.negi.survey-nP0p7YOjkl1VL3rkgCMH8w==/base.apk!classes17.dex (domain=app, TargetSdkVersion=36) using linking: denied
09-28 22:08:47.215 20904 20904 D SurveyApp: LiteRTLM JNI already loaded; skip. where=onCreate(retry)
09-28 22:08:47.215 20904 20904 D SurveyApp: bootTiming: RuntimeLogStore.start took=0ms
09-28 22:08:47.215 20904 20904 D SurveyApp: bootTiming: AppRingLogStore.install took=0ms
09-28 22:08:47.215 20904 20904 D SurveyApp: onCreate: pid=20904 process=com.negi.survey isMain=true sdk=36
09-28 22:08:47.219 20904 20904 D CrashCapture: install: ensured default handler. where=SurveyApp:onCreate(rewrap) pid=20904 default=com.negi.survey.CrashCapture$CrashHandler@ef83026
09-28 22:08:47.219 20904 20904 D SurveyApp: CrashCapture installed: where=SurveyApp:onCreate(rewrap)
09-28 22:08:47.219 20904 20904 D CrashCapture: registerSelfHealing: ActivityLifecycleCallbacks registered. mode=onResumedOnly
09-28 22:08:47.219 20904 20904 D SurveyApp: CrashCapture self-healing registered.
09-28 22:08:47.219 20904 20904 W SurveyApp: Startup enqueues deferred: delay=2500ms (to reduce init contention)
09-28 22:08:47.220 20904 20904 D SurveyApp: Startup survey recovery deferred: delay=2500ms
09-28 22:08:47.220 20904 20904 D SurveyApp: bootTiming: onCreate total=6ms
--------- beginning of system
09-28 22:08:47.227 20904 20925 I DisplayManager: Choreographer implicitly registered for the refresh rate.
09-28 22:08:47.228 20904 20925 D vulkan  : searching for layers in '/data/app/~~gWwD2EuXOtVxTjxQqg8REg==/com.negi.survey-nP0p7YOjkl1VL3rkgCMH8w==/lib/arm64'
09-28 22:08:47.228 20904 20925 D vulkan  : searching for layers in '/data/app/~~gWwD2EuXOtVxTjxQqg8REg==/com.negi.survey-nP0p7YOjkl1VL3rkgCMH8w==/base.apk!/lib/arm64-v8a'
09-28 22:08:47.232 20904 20904 D DesktopExperienceFlags: Toggle override initialized to: false
09-28 22:08:47.233 20904 20922 I UploadRescheduleRcvr: Survey recovery action=android.intent.action.BOOT_COMPLETED discovered=0 reconciled=0 duplicates=0 unclassified=0 operationalFailures=0 classifications={}
09-28 22:08:47.233 20904 20922 D UploadRescheduleRcvr: No generic GitHub pending files for action=android.intent.action.BOOT_COMPLETED
09-28 22:08:47.243 20904 20904 D CompatChangeReporter: Compat change id reported: 377864165; UID 14949; state: ENABLED
09-28 22:08:47.243 20904 20904 D DesktopModeFlags: Toggle override initialized to: OVERRIDE_UNSET
09-28 22:08:47.246 20904 20922 D github_upload: enqueueStartupRuntimeLogsUpload: uniqueName=upload_runtime_logs_startup policy=KEEP session=startup_runtime_20260929_050847_74f3482b
09-28 22:08:47.257 20904 20904 I ContentCaptureHelper: Setting logging level to OFF
09-28 22:08:47.258 20904 20904 D CrashCapture: install: ensured default handler. where=selfHeal:onActivityResumed pid=20904 default=com.negi.survey.CrashCapture$CrashHandler@ef83026
09-28 22:08:47.271 20904 20922 D WM-PackageManagerHelper: Skipping component enablement for androidx.work.impl.background.systemjob.SystemJobService
09-28 22:08:47.271 20904 20922 D WM-Schedulers: Created SystemJobScheduler and enabled SystemJobService
09-28 22:08:47.273 20904 20938 D WM-ForceStopRunnable: Is default app process = true
09-28 22:08:47.274 20904 20938 D WM-ForceStopRunnable: Performing cleanup operations.
09-28 22:08:47.279 20904 20922 D UploadRescheduleRcvr: Enqueued runtime logs upload for action=android.intent.action.BOOT_COMPLETED reason=receiver_boot_completed
09-28 22:08:47.280 20904 20904 D WindowOnBackDispatcher: setTopOnBackInvokedCallback (unwrapped): android.app.Activity$$ExternalSyntheticLambda0@45a43a3
09-28 22:08:47.287 20904 20938 D WM-SystemJobScheduler: Reconciling jobs
09-28 22:08:47.294 20904 20938 D WM-ForceStopRunnable: Application was force-stopped, rescheduling.
09-28 22:08:47.319 20904 20941 D WM-SystemJobScheduler: Scheduling work ID c53d3107-d2f2-48bc-aae6-1e3d5e985eb1Job ID 45
09-28 22:08:47.322 20904 20941 D WM-GreedyScheduler: Starting tracking for c53d3107-d2f2-48bc-aae6-1e3d5e985eb1
09-28 22:08:47.330 20904 20942 D WM-WorkConstraintsTrack: NetworkRequestConstraintController register shared callback
09-28 22:08:47.334 20904 20942 D WM-PackageManagerHelper: androidx.work.impl.background.systemalarm.RescheduleReceiver enabled
09-28 22:08:47.335 20904 20943 D WM-WorkConstraintsTrack: NetworkRequestConstraintController onCapabilitiesChanged callback
09-28 22:08:47.335 20904 20943 D WM-WorkConstraintsTrack: Not dispatching constraint state yet: isBlocked=null, capabilitiesInitialized=true
09-28 22:08:47.335 20904 20943 D WM-WorkConstraintsTrack: NetworkRequestConstraintController onBlockedStatusChanged callback false
09-28 22:08:47.336 20904 20941 D WM-GreedyScheduler: Constraints met: Scheduling work ID WorkGenerationalId(workSpecId=c53d3107-d2f2-48bc-aae6-1e3d5e985eb1, generation=0)
09-28 22:08:47.341 20904 20941 D WM-Processor: Processor: processing WorkGenerationalId(workSpecId=c53d3107-d2f2-48bc-aae6-1e3d5e985eb1, generation=0)
09-28 22:08:47.372 20904 20940 I com.negi.survey: hiddenapi: Accessing hidden method Landroid/database/sqlite/SQLiteDatabase;->getThreadSession()Landroid/database/sqlite/SQLiteSession; (runtime_flags=0, domain=platform, api=unsupported) from Landroidx/sqlite/db/framework/FrameworkSQLiteDatabase; (domain=app, TargetSdkVersion=36) using reflection: allowed
09-28 22:08:47.372 20904 20940 I com.negi.survey: hiddenapi: Accessing hidden method Landroid/database/sqlite/SQLiteSession;->beginTransaction(ILandroid/database/sqlite/SQLiteTransactionListener;ILandroid/os/CancellationSignal;)V (runtime_flags=0, domain=platform, api=unsupported) from Landroidx/sqlite/db/framework/FrameworkSQLiteDatabase; (domain=app, TargetSdkVersion=36) using reflection: allowed
09-28 22:08:47.422 20904 20904 D VRI[MainActivity]: WindowInsets changed: 1080x2424 statusBars:[0,152,0,0] navigationBars:[0,0,0,69] mandatorySystemGestures:[0,187,0,92] 
09-28 22:08:47.434 20904 20904 I HWUI    : Using FreeType backend (prop=Auto)
09-28 22:08:47.503 20904 20904 I com.negi.survey: hiddenapi: Accessing hidden method Landroid/os/SystemProperties;->addChangeCallback(Ljava/lang/Runnable;)V (runtime_flags=0, domain=platform, api=unsupported) from Landroidx/compose/ui/platform/AndroidComposeView$Companion; (domain=app, TargetSdkVersion=36) using reflection: allowed
09-28 22:08:47.513 20904 20904 D WM-WorkerWrapper: Starting work for com.negi.survey.net.GitHubUploadWorker
09-28 22:08:47.521 20904 20938 I WM-Processor: Moving WorkSpec (c53d3107-d2f2-48bc-aae6-1e3d5e985eb1) to the foreground
09-28 22:08:47.528 20904 20941 D WM-WorkProgressUpdater: Updating progress for c53d3107-d2f2-48bc-aae6-1e3d5e985eb1 (Data {pct : 3, mode : startup_runtime_logs})
09-28 22:08:47.535 20904 20904 D WM-SystemJobService: onStartJob for WorkGenerationalId(workSpecId=c53d3107-d2f2-48bc-aae6-1e3d5e985eb1, generation=0)
09-28 22:08:47.536 20904 20904 I WM-SystemFgDispatcher: Started foreground service Intent { act=ACTION_START_FOREGROUND xflg=0x4 cmp=com.negi.survey/androidx.work.impl.foreground.SystemForegroundService (has extras) }
09-28 22:08:47.536 20904 20904 D WM-SystemFgDispatcher: Notifying with (id:3341, workSpecId: c53d3107-d2f2-48bc-aae6-1e3d5e985eb1, notificationType :1)
09-28 22:08:47.543 20904 20904 D WM-SystemFgDispatcher: Notifying with (id:3341, workSpecId: c53d3107-d2f2-48bc-aae6-1e3d5e985eb1, notificationType :1)
09-28 22:08:47.550 20904 20941 I WM-Processor: Moving WorkSpec (c53d3107-d2f2-48bc-aae6-1e3d5e985eb1) to the foreground
09-28 22:08:47.552 20904 20904 D InsetsController: hide(ime())
09-28 22:08:47.552 20904 20904 I ImeTracker: com.negi.survey:cfc18998: onCancelled at PHASE_CLIENT_ALREADY_HIDDEN
09-28 22:08:47.553 20904 20904 D WM-SystemFgDispatcher: Notifying with (id:3341, workSpecId: c53d3107-d2f2-48bc-aae6-1e3d5e985eb1, notificationType :1)
09-28 22:08:47.555 20904 20941 D WM-Processor: Work WorkGenerationalId(workSpecId=c53d3107-d2f2-48bc-aae6-1e3d5e985eb1, generation=0) is already enqueued for processing
09-28 22:08:47.573 20904 20941 D WM-WorkConstraintsTrack: NetworkRequestConstraintController send initial capabilities
09-28 22:08:47.681 20904 20909 I com.negi.survey: Compiler allocated 5038KB to compile void android.view.ViewRootImpl.performTraversals()
09-28 22:08:47.737 20904 20904 D IntroScreen: Resolved config details: id=survey_config10.yaml in 231ms
09-28 22:08:47.964 20904 20953 W com.negi.survey: userfaultfd: MOVE ioctl seems unsupported: Try again
09-28 22:08:47.973 20904 20953 I com.negi.survey: Explicit concurrent mark compact GC freed 10MB AllocSpace bytes, 13(420KB) LOS objects, 81% free, 5559KB/29MB, paused 272us,3.234ms total 24.093ms
09-28 22:08:48.268 20904 20953 I com.negi.survey: Explicit concurrent mark compact GC freed 1196KB AllocSpace bytes, 1(20KB) LOS objects, 81% free, 5675KB/29MB, paused 88us,1.168ms total 19.791ms
09-28 22:08:48.743 20904 20920 D RuntimeLogStore: openWriter: rotate:plain_snapshot:receiver_boot_completed -> /data/user/0/com.negi.survey/files/diagnostics/runtime_logs/rtlog_20260929_050848_739_pid20904_seq2.log (bytes=0 format=LEGACY)
09-28 22:08:48.746 20904 20920 D RuntimeLogStore: retention: rotate:plain_snapshot:receiver_boot_completed files=3 kept=3 totalBytes=2452
09-28 22:08:48.757 20904 20924 D github_upload: doRuntimeLogsUpload: remoteBaseDir=diagnostics/runtime_logs/2026-09-29/runtime_logs_startup_runtime_20260929_050847_74f3482b_receiver_boot_completed toUpload=2 bytes=2117 dedupe=true deleteSource=true deletedSourcePre=0 preview='runtime_log_20260929_050848_752_pid20904_receiver_boot_completed__rtlog_20260929_050847_194_pid20904_seq1.log|runtime_log_20260929_050848_752_pid20904_receiver_boot_completed__rtlog_20260929_050206_767_pid19549_seq2.log'
09-28 22:08:48.760 20904 20924 D GitHubUploader: uploadStream: owner=ishizuki-tech repo=SurveyExports branch=main path=diagnostics/runtime_logs/2026-09-29/runtime_logs_startup_runtime_20260929_050847_74f3482b_receiver_boot_completed/runtime_log_20260929_050848_752_pid20904_receiver_boot_completed__rtlog_20260929_050847_194_pid20904_seq1.log size=1781 maxRawBytesHint=1000000 maxRequestBytesHint=2800000
09-28 22:08:48.761 20904 20938 D WM-WorkProgressUpdater: Updating progress for c53d3107-d2f2-48bc-aae6-1e3d5e985eb1 (Data {pct : 10, mode : startup_runtime_logs})
09-28 22:08:48.767 20904 20938 I WM-Processor: Moving WorkSpec (c53d3107-d2f2-48bc-aae6-1e3d5e985eb1) to the foreground
09-28 22:08:48.773 20904 20904 D WM-SystemFgDispatcher: Notifying with (id:3341, workSpecId: c53d3107-d2f2-48bc-aae6-1e3d5e985eb1, notificationType :1)
09-28 22:08:49.095 20904 20938 D WM-WorkProgressUpdater: Updating progress for c53d3107-d2f2-48bc-aae6-1e3d5e985eb1 (Data {pct : 14, mode : startup_runtime_logs})
09-28 22:08:49.108 20904 20938 I WM-Processor: Moving WorkSpec (c53d3107-d2f2-48bc-aae6-1e3d5e985eb1) to the foreground
09-28 22:08:49.110 20904 20938 D WM-WorkProgressUpdater: Updating progress for c53d3107-d2f2-48bc-aae6-1e3d5e985eb1 (Data {pct : 50, mode : startup_runtime_logs})
09-28 22:08:49.111 20904 20904 D WM-SystemFgDispatcher: Notifying with (id:3341, workSpecId: c53d3107-d2f2-48bc-aae6-1e3d5e985eb1, notificationType :1)
09-28 22:08:49.113 20904 20938 I WM-Processor: Moving WorkSpec (c53d3107-d2f2-48bc-aae6-1e3d5e985eb1) to the foreground
09-28 22:08:49.117 20904 20904 D WM-SystemFgDispatcher: Notifying with (id:3341, workSpecId: c53d3107-d2f2-48bc-aae6-1e3d5e985eb1, notificationType :1)
09-28 22:08:49.680 20904 20953 I com.negi.survey: Explicit concurrent mark compact GC freed 1673KB AllocSpace bytes, 9(260KB) LOS objects, 80% free, 5780KB/29MB, paused 131us,1.337ms total 21.572ms
09-28 22:08:49.720 20904 20904 W SurveyApp: Deferred startup enqueues begin...
09-28 22:08:49.720 20904 20904 D SurveyApp: WorkManager available. where=startupRtLogs(immediate) took=0ms
09-28 22:08:49.721 20904 20904 D SurveyApp: Startup runtime logs target -> owner=ishizuki-tech repo=SurveyExports branch=main base='/diagnostics/runtime_logs'
09-28 22:08:49.722 20904 20904 D github_upload: enqueueStartupRuntimeLogsUpload: uniqueName=upload_runtime_logs_startup policy=KEEP session=startup_runtime_20260929_050849_2d78fbdf
09-28 22:08:49.722 20904 20904 D SurveyApp: Startup runtime logs: enqueue requested (immediate).
09-28 22:08:49.723 20904 20904 D SurveyApp: WorkManager available. where=startupRingLogs(immediate) took=0ms
09-28 22:08:49.724 20904 20904 D SurveyApp: Startup ring logs target -> owner=ishizuki-tech repo=SurveyExports branch=main base='/diagnostics/applog_ring'
09-28 22:08:49.724 20904 20904 D github_upload: enqueueStartupRingLogsUpload: uniqueName=upload_ring_logs_startup policy=KEEP session=startup_ring_20260929_050849_31ae9ca8
09-28 22:08:49.724 20904 20904 D SurveyApp: Startup ring logs: enqueue requested (immediate).
09-28 22:08:49.724 20904 20904 D SurveyApp: WorkManager available. where=enqueuePending(immediate) took=0ms
09-28 22:08:49.725 20904 20904 D SurveyApp: CrashCapture pending uploads requested (immediate).
09-28 22:08:49.725 20904 20904 W SurveyApp: Deferred startup enqueues done: took=5ms
09-28 22:08:49.725 20904 20983 D CrashCapture: enqueuePendingCrashUploadsIfPossible enter where=SurveyApp:enqueuePending(immediate):bg pid=20904 thread=CrashCapture-Enqueue
09-28 22:08:49.726 20904 20952 D SurveyApp: Survey recovery WorkManager available. where=startupSurveyUploads(initial) took=0ms
09-28 22:08:49.731 20904 20952 D SurveyApp: Startup survey recovery complete: discovered=0 attempted=0 submitted=0 active=0 trackerUnconfirmed=0 uploaded=0 deferred=0 invalid=0 operationalFailures=0 duplicates=0 unclassified=0
