=== Previous Session Logcat ===
captured_time_utc=20260301_010322
captured_time_local=20260228_170322
marker=2026-02-28 15:26:59.948
preferred_prev_pid=-1
note=best-effort; buffers may be overwritten before next start
sdk=36
device=Google Pixel 9a
appId=com.negi.survey
versionName=0.0.1
versionCode=1

=== Logcat (since marker) ===
--------- beginning of main
02-28 17:03:19.699 25225 25225 I libc    : SetHeapTaggingLevel: tag level set to 0
02-28 17:03:19.707 25225 25225 I Zygote  : Process 25225 created for com.negi.survey
02-28 17:03:19.707 25225 25225 I com.negi.survey: Using CollectorTypeCMC GC.
02-28 17:03:19.736 25225 25225 D nativeloader: Load libframework-connectivity-tiramisu-jni.so using APEX ns com_android_tethering for caller /apex/com.android.tethering/javalib/framework-connectivity-t.jar: ok
02-28 17:03:19.814 25225 25225 D ApplicationLoaders: Returning zygote-cached class loader: /system_ext/framework/androidx.window.extensions.jar
02-28 17:03:19.814 25225 25225 D ApplicationLoaders: Returning zygote-cached class loader: /system_ext/framework/androidx.window.sidecar.jar
02-28 17:03:19.894 25225 25225 D nativeloader: Configuring clns-9 for other apk /data/app/~~PRxWpjzYxyoI5sk5lmDIEw==/com.negi.survey-WdDB-fctmo--QDr4IHn5sQ==/base.apk. target_sdk_version=36, uses_libraries=libOpenCL.so:libOpenCL-pixel.so, library_path=/data/app/~~PRxWpjzYxyoI5sk5lmDIEw==/com.negi.survey-WdDB-fctmo--QDr4IHn5sQ==/lib/arm64:/data/app/~~PRxWpjzYxyoI5sk5lmDIEw==/com.negi.survey-WdDB-fctmo--QDr4IHn5sQ==/base.apk!/lib/arm64-v8a, permitted_path=/data:/mnt/expand:/data/user/0/com.negi.survey
02-28 17:03:19.924 25225 25225 V GraphicsEnvironment: Currently set values for:
02-28 17:03:19.924 25225 25225 V GraphicsEnvironment:   angle_gl_driver_selection_pkgs=[com.android.angle, com.google.android.apps.tachyon]
02-28 17:03:19.924 25225 25225 V GraphicsEnvironment:   angle_gl_driver_selection_values=[angle, native]
02-28 17:03:19.924 25225 25225 V GraphicsEnvironment: com.negi.survey is not listed in per-application setting
02-28 17:03:19.924 25225 25225 V GraphicsEnvironment: ANGLE allowlist from config: 
02-28 17:03:19.924 25225 25225 V GraphicsEnvironment: No special selections for ANGLE, returning default driver choice
02-28 17:03:19.924 25225 25225 V GraphicsEnvironment: Neither updatable production driver nor prerelease driver is supported.
02-28 17:03:20.051 25225 25225 D nativeloader: Load /data/app/~~PRxWpjzYxyoI5sk5lmDIEw==/com.negi.survey-WdDB-fctmo--QDr4IHn5sQ==/base.apk!/lib/arm64-v8a/liblitertlm_jni.so using class loader ns clns-9 (caller=/data/app/~~PRxWpjzYxyoI5sk5lmDIEw==/com.negi.survey-WdDB-fctmo--QDr4IHn5sQ==/base.apk!classes4.dex): ok
02-28 17:03:20.052 25225 25225 D SurveyApp: Loaded LiteRTLM JNI: litertlm_jni where=attachBaseContext
02-28 17:03:20.098 25225 25225 D AppRingLogStore: installed: dir=/data/user/0/com.negi.survey/files/diagnostics/applog_ring idx=0
02-28 17:03:20.103 25225 25225 D CrashCapture: install: ensured default handler. where=SurveyApp:attachBaseContext pid=25225 default=com.negi.survey.CrashCapture$CrashHandler@9e57f47
02-28 17:03:20.103 25225 25271 D RuntimeLogStore: openWriter: start -> /data/user/0/com.negi.survey/files/diagnostics/runtime_logs/rtlog_20260301_010320_094_pid25225_seq1.log (bytes=0 format=LEGACY)
02-28 17:03:20.104 25225 25271 D RuntimeLogStore: retention: start files=6 kept=6 totalBytes=11947
02-28 17:03:20.105 25225 25225 D CrashCapture: install: ensured default handler. where=SurveyApp:onCreate(rewrap) pid=25225 default=com.negi.survey.CrashCapture$CrashHandler@9e57f47
02-28 17:03:20.105 25225 25225 D CrashCapture: registerSelfHealing: ActivityLifecycleCallbacks registered. mode=onResumedOnly
02-28 17:03:20.165 25225 25225 D WM-PackageManagerHelper: Skipping component enablement for androidx.work.impl.background.systemjob.SystemJobService
02-28 17:03:20.165 25225 25225 D WM-Schedulers: Created SystemJobScheduler and enabled SystemJobService
02-28 17:03:20.174 25225 25277 D WM-ForceStopRunnable: Is default app process = true
02-28 17:03:20.175 25225 25277 D WM-ForceStopRunnable: Performing cleanup operations.
02-28 17:03:20.181 25225 25225 D WM-SystemJobService: onStartJob for WorkGenerationalId(workSpecId=47146da2-694a-4f58-a95a-5bbe2a00637d, generation=0)
02-28 17:03:20.188 25225 25225 D WM-SystemJobService: onStartJob for WorkGenerationalId(workSpecId=f903e5c2-14eb-44a2-b99d-d5cd6908211c, generation=0)
02-28 17:03:20.189 25225 25225 D WM-SystemJobService: onStartJob for WorkGenerationalId(workSpecId=83165ee6-cace-42d9-85fa-961b3986e744, generation=0)
02-28 17:03:20.189 25225 25225 D WM-SystemJobService: onStartJob for WorkGenerationalId(workSpecId=4ab1c05e-24ac-4804-b8f5-f7a314422e49, generation=0)
02-28 17:03:20.189 25225 25225 D WM-SystemJobService: onStartJob for WorkGenerationalId(workSpecId=fe40d1c1-d2fd-4140-be85-cb6e385ba512, generation=0)
02-28 17:03:20.189 25225 25225 D WM-SystemJobService: onStartJob for WorkGenerationalId(workSpecId=9dd21ad3-1f6b-428d-99a7-9ea5d7a320cb, generation=0)
02-28 17:03:20.190 25225 25225 D WM-SystemJobService: onStartJob for WorkGenerationalId(workSpecId=3cd6a6bb-7a1d-43c4-accb-fb1096ec839f, generation=0)
02-28 17:03:20.190 25225 25225 D WM-SystemJobService: onStartJob for WorkGenerationalId(workSpecId=2ab0deb1-3f85-40d0-a0f7-dffef9529303, generation=0)
02-28 17:03:20.190 25225 25225 D WM-SystemJobService: onStartJob for WorkGenerationalId(workSpecId=7cfc4b64-0c8a-431a-aa7b-e4fc04b2ea9f, generation=0)
02-28 17:03:20.191 25225 25225 D WM-SystemJobService: onStartJob for WorkGenerationalId(workSpecId=1b599e20-c552-4976-8db4-6d2562a60905, generation=0)
02-28 17:03:20.191 25225 25225 D WM-SystemJobService: onStartJob for WorkGenerationalId(workSpecId=cfbf1a11-0dcb-413c-8ee8-97c2d848549b, generation=0)
02-28 17:03:20.191 25225 25225 D WM-SystemJobService: onStartJob for WorkGenerationalId(workSpecId=2622565f-d7ca-4e8b-8d7b-4d4fa94844cc, generation=0)
02-28 17:03:20.191 25225 25225 D WM-SystemJobService: onStartJob for WorkGenerationalId(workSpecId=47a7b941-966c-4108-9dae-f4d8abaa394e, generation=0)
02-28 17:03:20.192 25225 25225 D WM-SystemJobService: onStartJob for WorkGenerationalId(workSpecId=a85e37dd-2a61-41b4-bfcd-c760e4fde2a6, generation=0)
02-28 17:03:20.227 25225 25277 E ashmem  : Pinning is deprecated since Android Q. Please use trim or other methods.
02-28 17:03:20.289 25225 25277 D WM-ForceStopRunnable: Application was force-stopped, rescheduling.
02-28 17:03:20.290 25225 25225 D WM-SystemJobService: onStopJob for WorkGenerationalId(workSpecId=9dd21ad3-1f6b-428d-99a7-9ea5d7a320cb, generation=0)
02-28 17:03:20.296 25225 25225 D WM-SystemJobService: onStopJob for WorkGenerationalId(workSpecId=2622565f-d7ca-4e8b-8d7b-4d4fa94844cc, generation=0)
02-28 17:03:20.298 25225 25225 D WM-SystemJobService: onStopJob for WorkGenerationalId(workSpecId=2ab0deb1-3f85-40d0-a0f7-dffef9529303, generation=0)
02-28 17:03:20.301 25225 25225 D WM-SystemJobService: onStopJob for WorkGenerationalId(workSpecId=47146da2-694a-4f58-a95a-5bbe2a00637d, generation=0)
02-28 17:03:20.302 25225 25225 D WM-SystemJobService: onStopJob for WorkGenerationalId(workSpecId=47a7b941-966c-4108-9dae-f4d8abaa394e, generation=0)
02-28 17:03:20.303 25225 25225 D WM-SystemJobService: onStopJob for WorkGenerationalId(workSpecId=f903e5c2-14eb-44a2-b99d-d5cd6908211c, generation=0)
02-28 17:03:20.304 25225 25225 D WM-SystemJobService: onStopJob for WorkGenerationalId(workSpecId=cfbf1a11-0dcb-413c-8ee8-97c2d848549b, generation=0)
02-28 17:03:20.305 25225 25225 D WM-SystemJobService: onStopJob for WorkGenerationalId(workSpecId=a85e37dd-2a61-41b4-bfcd-c760e4fde2a6, generation=0)
02-28 17:03:20.306 25225 25225 D WM-SystemJobService: onStopJob for WorkGenerationalId(workSpecId=4ab1c05e-24ac-4804-b8f5-f7a314422e49, generation=0)
02-28 17:03:20.307 25225 25225 D WM-SystemJobService: onStopJob for WorkGenerationalId(workSpecId=fe40d1c1-d2fd-4140-be85-cb6e385ba512, generation=0)
02-28 17:03:20.308 25225 25225 D WM-SystemJobService: onStopJob for WorkGenerationalId(workSpecId=3cd6a6bb-7a1d-43c4-accb-fb1096ec839f, generation=0)
02-28 17:03:20.309 25225 25225 D WM-SystemJobService: onStopJob for WorkGenerationalId(workSpecId=1b599e20-c552-4976-8db4-6d2562a60905, generation=0)
02-28 17:03:20.310 25225 25225 D WM-SystemJobService: onStopJob for WorkGenerationalId(workSpecId=83165ee6-cace-42d9-85fa-961b3986e744, generation=0)
02-28 17:03:20.310 25225 25225 D WM-SystemJobService: onStopJob for WorkGenerationalId(workSpecId=7cfc4b64-0c8a-431a-aa7b-e4fc04b2ea9f, generation=0)
02-28 17:03:20.343 25225 25277 D WM-SystemJobScheduler: Scheduling work ID a85e37dd-2a61-41b4-bfcd-c760e4fde2a6Job ID 24
02-28 17:03:20.358 25225 25225 D WM-SystemJobService: onStartJob for WorkGenerationalId(workSpecId=a85e37dd-2a61-41b4-bfcd-c760e4fde2a6, generation=0)
02-28 17:03:20.358 25225 25277 D WM-SystemJobScheduler: Scheduling work ID 3cd6a6bb-7a1d-43c4-accb-fb1096ec839fJob ID 25
02-28 17:03:20.368 25225 25277 D WM-SystemJobScheduler: Scheduling work ID 2ab0deb1-3f85-40d0-a0f7-dffef9529303Job ID 26
02-28 17:03:20.368 25225 25225 D WM-SystemJobService: onStartJob for WorkGenerationalId(workSpecId=3cd6a6bb-7a1d-43c4-accb-fb1096ec839f, generation=0)
02-28 17:03:20.373 25225 25225 D WM-SystemJobService: onStartJob for WorkGenerationalId(workSpecId=2ab0deb1-3f85-40d0-a0f7-dffef9529303, generation=0)
02-28 17:03:20.374 25225 25277 D WM-SystemJobScheduler: Scheduling work ID 83165ee6-cace-42d9-85fa-961b3986e744Job ID 27
02-28 17:03:20.388 25225 25225 D WM-SystemJobService: onStartJob for WorkGenerationalId(workSpecId=83165ee6-cace-42d9-85fa-961b3986e744, generation=0)
02-28 17:03:20.390 25225 25277 D WM-SystemJobScheduler: Scheduling work ID 9dd21ad3-1f6b-428d-99a7-9ea5d7a320cbJob ID 28
02-28 17:03:20.397 25225 25225 D WM-SystemJobService: onStartJob for WorkGenerationalId(workSpecId=9dd21ad3-1f6b-428d-99a7-9ea5d7a320cb, generation=0)
02-28 17:03:20.398 25225 25277 D WM-SystemJobScheduler: Scheduling work ID 4ab1c05e-24ac-4804-b8f5-f7a314422e49Job ID 29
02-28 17:03:20.403 25225 25225 D WM-SystemJobService: onStartJob for WorkGenerationalId(workSpecId=4ab1c05e-24ac-4804-b8f5-f7a314422e49, generation=0)
02-28 17:03:20.404 25225 25277 D WM-SystemJobScheduler: Scheduling work ID 47a7b941-966c-4108-9dae-f4d8abaa394eJob ID 30
02-28 17:03:20.412 25225 25225 D WM-SystemJobService: onStartJob for WorkGenerationalId(workSpecId=47a7b941-966c-4108-9dae-f4d8abaa394e, generation=0)
02-28 17:03:20.418 25225 25277 D WM-SystemJobScheduler: Scheduling work ID 2622565f-d7ca-4e8b-8d7b-4d4fa94844ccJob ID 31
02-28 17:03:20.425 25225 25225 D WM-SystemJobService: onStartJob for WorkGenerationalId(workSpecId=2622565f-d7ca-4e8b-8d7b-4d4fa94844cc, generation=0)
02-28 17:03:20.428 25225 25277 D WM-SystemJobScheduler: Scheduling work ID fe40d1c1-d2fd-4140-be85-cb6e385ba512Job ID 32
02-28 17:03:20.440 25225 25225 D WM-SystemJobService: onStartJob for WorkGenerationalId(workSpecId=fe40d1c1-d2fd-4140-be85-cb6e385ba512, generation=0)
02-28 17:03:20.443 25225 25277 D WM-SystemJobScheduler: Scheduling work ID 47146da2-694a-4f58-a95a-5bbe2a00637dJob ID 33
02-28 17:03:20.462 25225 25225 D WM-SystemJobService: onStartJob for WorkGenerationalId(workSpecId=47146da2-694a-4f58-a95a-5bbe2a00637d, generation=0)
02-28 17:03:20.466 25225 25277 D WM-SystemJobScheduler: Scheduling work ID 7cfc4b64-0c8a-431a-aa7b-e4fc04b2ea9fJob ID 34
02-28 17:03:20.479 25225 25225 D WM-SystemJobService: onStartJob for WorkGenerationalId(workSpecId=7cfc4b64-0c8a-431a-aa7b-e4fc04b2ea9f, generation=0)
02-28 17:03:20.480 25225 25277 D WM-SystemJobScheduler: Scheduling work ID f903e5c2-14eb-44a2-b99d-d5cd6908211cJob ID 35
02-28 17:03:20.495 25225 25225 D WM-SystemJobService: onStartJob for WorkGenerationalId(workSpecId=f903e5c2-14eb-44a2-b99d-d5cd6908211c, generation=0)
02-28 17:03:20.498 25225 25277 D WM-SystemJobScheduler: Scheduling work ID 1b599e20-c552-4976-8db4-6d2562a60905Job ID 36
02-28 17:03:20.505 25225 25225 D WM-SystemJobService: onStartJob for WorkGenerationalId(workSpecId=1b599e20-c552-4976-8db4-6d2562a60905, generation=0)
02-28 17:03:20.508 25225 25277 D WM-SystemJobScheduler: Scheduling work ID cfbf1a11-0dcb-413c-8ee8-97c2d848549bJob ID 37
02-28 17:03:20.518 25225 25277 D WM-GreedyScheduler: Starting tracking for a85e37dd-2a61-41b4-bfcd-c760e4fde2a6,4ab1c05e-24ac-4804-b8f5-f7a314422e49,2622565f-d7ca-4e8b-8d7b-4d4fa94844cc,47a7b941-966c-4108-9dae-f4d8abaa394e,83165ee6-cace-42d9-85fa-961b3986e744,f903e5c2-14eb-44a2-b99d-d5cd6908211c,3cd6a6bb-7a1d-43c4-accb-fb1096ec839f,2ab0deb1-3f85-40d0-a0f7-dffef9529303,47146da2-694a-4f58-a95a-5bbe2a00637d,1b599e20-c552-4976-8db4-6d2562a60905,7cfc4b64-0c8a-431a-aa7b-e4fc04b2ea9f,cfbf1a11-0dcb-413c-8ee8-97c2d848549b,9dd21ad3-1f6b-428d-99a7-9ea5d7a320cb,fe40d1c1-d2fd-4140-be85-cb6e385ba512
02-28 17:03:20.520 25225 25225 D WM-SystemJobService: onStartJob for WorkGenerationalId(workSpecId=cfbf1a11-0dcb-413c-8ee8-97c2d848549b, generation=0)
02-28 17:03:20.554 25225 25304 D WM-Processor: Processor: processing WorkGenerationalId(workSpecId=47146da2-694a-4f58-a95a-5bbe2a00637d, generation=0)
02-28 17:03:20.564 25225 25305 D WM-Processor: Processor: processing WorkGenerationalId(workSpecId=f903e5c2-14eb-44a2-b99d-d5cd6908211c, generation=0)
02-28 17:03:20.568 25225 25305 D WM-Processor: Processor: processing WorkGenerationalId(workSpecId=83165ee6-cace-42d9-85fa-961b3986e744, generation=0)
02-28 17:03:20.571 25225 25305 D WM-Processor: Processor: processing WorkGenerationalId(workSpecId=4ab1c05e-24ac-4804-b8f5-f7a314422e49, generation=0)
02-28 17:03:20.573 25225 25305 D WM-Processor: Processor: processing WorkGenerationalId(workSpecId=fe40d1c1-d2fd-4140-be85-cb6e385ba512, generation=0)
02-28 17:03:20.577 25225 25305 D WM-Processor: Processor: processing WorkGenerationalId(workSpecId=9dd21ad3-1f6b-428d-99a7-9ea5d7a320cb, generation=0)
02-28 17:03:20.579 25225 25305 D WM-Processor: Processor: processing WorkGenerationalId(workSpecId=3cd6a6bb-7a1d-43c4-accb-fb1096ec839f, generation=0)
02-28 17:03:20.590 25225 25305 D WM-Processor: Processor: processing WorkGenerationalId(workSpecId=2ab0deb1-3f85-40d0-a0f7-dffef9529303, generation=0)
02-28 17:03:20.593 25225 25305 D WM-Processor: Processor: processing WorkGenerationalId(workSpecId=7cfc4b64-0c8a-431a-aa7b-e4fc04b2ea9f, generation=0)
02-28 17:03:20.597 25225 25305 D WM-Processor: Processor: processing WorkGenerationalId(workSpecId=1b599e20-c552-4976-8db4-6d2562a60905, generation=0)
02-28 17:03:20.600 25225 25305 D WM-Processor: Processor: processing WorkGenerationalId(workSpecId=cfbf1a11-0dcb-413c-8ee8-97c2d848549b, generation=0)
02-28 17:03:20.604 25225 25305 D WM-Processor: Processor: processing WorkGenerationalId(workSpecId=2622565f-d7ca-4e8b-8d7b-4d4fa94844cc, generation=0)
02-28 17:03:20.605 25225 25305 D WM-Processor: Processor: processing WorkGenerationalId(workSpecId=47a7b941-966c-4108-9dae-f4d8abaa394e, generation=0)
02-28 17:03:20.613 25225 25305 D WM-Processor: Processor: processing WorkGenerationalId(workSpecId=a85e37dd-2a61-41b4-bfcd-c760e4fde2a6, generation=0)
02-28 17:03:20.616 25225 25305 D WM-Processor: WorkerWrapper interrupted for 9dd21ad3-1f6b-428d-99a7-9ea5d7a320cb
02-28 17:03:20.616 25225 25305 D WM-StopWorkRunnable: StopWorkRunnable for 9dd21ad3-1f6b-428d-99a7-9ea5d7a320cb; Processor.stopWork = true
02-28 17:03:20.616 25225 25305 D WM-Processor: WorkerWrapper interrupted for 2622565f-d7ca-4e8b-8d7b-4d4fa94844cc
02-28 17:03:20.616 25225 25305 D WM-StopWorkRunnable: StopWorkRunnable for 2622565f-d7ca-4e8b-8d7b-4d4fa94844cc; Processor.stopWork = true
02-28 17:03:20.616 25225 25305 D WM-Processor: WorkerWrapper interrupted for 2ab0deb1-3f85-40d0-a0f7-dffef9529303
02-28 17:03:20.616 25225 25305 D WM-StopWorkRunnable: StopWorkRunnable for 2ab0deb1-3f85-40d0-a0f7-dffef9529303; Processor.stopWork = true
02-28 17:03:20.616 25225 25305 D WM-Processor: WorkerWrapper interrupted for 47146da2-694a-4f58-a95a-5bbe2a00637d
02-28 17:03:20.616 25225 25305 D WM-StopWorkRunnable: StopWorkRunnable for 47146da2-694a-4f58-a95a-5bbe2a00637d; Processor.stopWork = true
02-28 17:03:20.616 25225 25305 D WM-Processor: WorkerWrapper interrupted for 47a7b941-966c-4108-9dae-f4d8abaa394e
02-28 17:03:20.616 25225 25305 D WM-StopWorkRunnable: StopWorkRunnable for 47a7b941-966c-4108-9dae-f4d8abaa394e; Processor.stopWork = true
02-28 17:03:20.616 25225 25305 D WM-Processor: WorkerWrapper interrupted for f903e5c2-14eb-44a2-b99d-d5cd6908211c
02-28 17:03:20.616 25225 25305 D WM-StopWorkRunnable: StopWorkRunnable for f903e5c2-14eb-44a2-b99d-d5cd6908211c; Processor.stopWork = true
02-28 17:03:20.616 25225 25305 D WM-Processor: WorkerWrapper interrupted for cfbf1a11-0dcb-413c-8ee8-97c2d848549b
02-28 17:03:20.616 25225 25305 D WM-StopWorkRunnable: StopWorkRunnable for cfbf1a11-0dcb-413c-8ee8-97c2d848549b; Processor.stopWork = true
02-28 17:03:20.616 25225 25305 D WM-Processor: WorkerWrapper interrupted for a85e37dd-2a61-41b4-bfcd-c760e4fde2a6
02-28 17:03:20.616 25225 25305 D WM-StopWorkRunnable: StopWorkRunnable for a85e37dd-2a61-41b4-bfcd-c760e4fde2a6; Processor.stopWork = true
02-28 17:03:20.616 25225 25305 D WM-Processor: WorkerWrapper interrupted for 4ab1c05e-24ac-4804-b8f5-f7a314422e49
02-28 17:03:20.616 25225 25305 D WM-StopWorkRunnable: StopWorkRunnable for 4ab1c05e-24ac-4804-b8f5-f7a314422e49; Processor.stopWork = true
02-28 17:03:20.616 25225 25305 D WM-Processor: WorkerWrapper interrupted for fe40d1c1-d2fd-4140-be85-cb6e385ba512
02-28 17:03:20.616 25225 25305 D WM-StopWorkRunnable: StopWorkRunnable for fe40d1c1-d2fd-4140-be85-cb6e385ba512; Processor.stopWork = true
02-28 17:03:20.617 25225 25305 D WM-Processor: WorkerWrapper interrupted for 3cd6a6bb-7a1d-43c4-accb-fb1096ec839f
02-28 17:03:20.617 25225 25305 D WM-StopWorkRunnable: StopWorkRunnable for 3cd6a6bb-7a1d-43c4-accb-fb1096ec839f; Processor.stopWork = true
02-28 17:03:20.617 25225 25305 D WM-Processor: WorkerWrapper interrupted for 1b599e20-c552-4976-8db4-6d2562a60905
02-28 17:03:20.617 25225 25305 D WM-StopWorkRunnable: StopWorkRunnable for 1b599e20-c552-4976-8db4-6d2562a60905; Processor.stopWork = true
02-28 17:03:20.617 25225 25305 D WM-Processor: WorkerWrapper interrupted for 83165ee6-cace-42d9-85fa-961b3986e744
02-28 17:03:20.617 25225 25305 D WM-StopWorkRunnable: StopWorkRunnable for 83165ee6-cace-42d9-85fa-961b3986e744; Processor.stopWork = true
02-28 17:03:20.617 25225 25305 D WM-Processor: WorkerWrapper interrupted for 7cfc4b64-0c8a-431a-aa7b-e4fc04b2ea9f
02-28 17:03:20.617 25225 25305 D WM-StopWorkRunnable: StopWorkRunnable for 7cfc4b64-0c8a-431a-aa7b-e4fc04b2ea9f; Processor.stopWork = true
02-28 17:03:20.620 25225 25305 D WM-Processor: Processor: processing WorkGenerationalId(workSpecId=a85e37dd-2a61-41b4-bfcd-c760e4fde2a6, generation=0)
02-28 17:03:20.622 25225 25305 D WM-Processor: Processor: processing WorkGenerationalId(workSpecId=3cd6a6bb-7a1d-43c4-accb-fb1096ec839f, generation=0)
02-28 17:03:20.623 25225 25305 D WM-Processor: Processor: processing WorkGenerationalId(workSpecId=2ab0deb1-3f85-40d0-a0f7-dffef9529303, generation=0)
02-28 17:03:20.625 25225 25305 D WM-Processor: Processor: processing WorkGenerationalId(workSpecId=83165ee6-cace-42d9-85fa-961b3986e744, generation=0)
02-28 17:03:20.626 25225 25305 D WM-Processor: Processor: processing WorkGenerationalId(workSpecId=9dd21ad3-1f6b-428d-99a7-9ea5d7a320cb, generation=0)
02-28 17:03:20.628 25225 25305 D WM-Processor: Processor: processing WorkGenerationalId(workSpecId=4ab1c05e-24ac-4804-b8f5-f7a314422e49, generation=0)
02-28 17:03:20.630 25225 25305 D WM-Processor: Processor: processing WorkGenerationalId(workSpecId=47a7b941-966c-4108-9dae-f4d8abaa394e, generation=0)
02-28 17:03:20.632 25225 25305 D WM-Processor: Processor: processing WorkGenerationalId(workSpecId=2622565f-d7ca-4e8b-8d7b-4d4fa94844cc, generation=0)
02-28 17:03:20.634 25225 25305 D WM-Processor: Processor: processing WorkGenerationalId(workSpecId=fe40d1c1-d2fd-4140-be85-cb6e385ba512, generation=0)
02-28 17:03:20.637 25225 25305 D WM-Processor: Processor: processing WorkGenerationalId(workSpecId=47146da2-694a-4f58-a95a-5bbe2a00637d, generation=0)
02-28 17:03:20.639 25225 25305 D WM-Processor: Processor: processing WorkGenerationalId(workSpecId=7cfc4b64-0c8a-431a-aa7b-e4fc04b2ea9f, generation=0)
02-28 17:03:20.642 25225 25305 D WM-Processor: Processor: processing WorkGenerationalId(workSpecId=f903e5c2-14eb-44a2-b99d-d5cd6908211c, generation=0)
02-28 17:03:20.645 25225 25305 D WM-Processor: Processor: processing WorkGenerationalId(workSpecId=1b599e20-c552-4976-8db4-6d2562a60905, generation=0)
02-28 17:03:20.659 25225 25303 D WM-Processor: Processor: processing WorkGenerationalId(workSpecId=cfbf1a11-0dcb-413c-8ee8-97c2d848549b, generation=0)
02-28 17:03:20.661 25225 25303 D WM-WorkerWrapper: Status for 47146da2-694a-4f58-a95a-5bbe2a00637d is ENQUEUED; not doing any work and rescheduling for later execution
02-28 17:03:20.668 25225 25225 D WM-Processor: Processor 47146da2-694a-4f58-a95a-5bbe2a00637d executed; reschedule = true
02-28 17:03:20.668 25225 25225 D WM-SystemJobService: 47146da2-694a-4f58-a95a-5bbe2a00637d executed on JobScheduler
02-28 17:03:20.668 25225 25225 D WM-GreedyScheduler: Stopping tracking for WorkGenerationalId(workSpecId=47146da2-694a-4f58-a95a-5bbe2a00637d, generation=0)
02-28 17:03:20.670 25225 25303 D WM-WorkerWrapper: Status for f903e5c2-14eb-44a2-b99d-d5cd6908211c is ENQUEUED; not doing any work and rescheduling for later execution
02-28 17:03:20.673 25225 25303 D WM-WorkerWrapper: Status for 83165ee6-cace-42d9-85fa-961b3986e744 is ENQUEUED; not doing any work and rescheduling for later execution
02-28 17:03:20.676 25225 25225 D WM-Processor: Processor f903e5c2-14eb-44a2-b99d-d5cd6908211c executed; reschedule = true
02-28 17:03:20.676 25225 25225 D WM-SystemJobService: f903e5c2-14eb-44a2-b99d-d5cd6908211c executed on JobScheduler
02-28 17:03:20.676 25225 25225 D WM-GreedyScheduler: Stopping tracking for WorkGenerationalId(workSpecId=f903e5c2-14eb-44a2-b99d-d5cd6908211c, generation=0)
02-28 17:03:20.678 25225 25303 D WM-WorkerWrapper: Status for 4ab1c05e-24ac-4804-b8f5-f7a314422e49 is ENQUEUED; not doing any work and rescheduling for later execution
02-28 17:03:20.679 25225 25303 D WM-WorkerWrapper: Status for fe40d1c1-d2fd-4140-be85-cb6e385ba512 is ENQUEUED; not doing any work and rescheduling for later execution
02-28 17:03:20.680 25225 25225 D WM-Processor: Processor 83165ee6-cace-42d9-85fa-961b3986e744 executed; reschedule = true
02-28 17:03:20.680 25225 25225 D WM-SystemJobService: 83165ee6-cace-42d9-85fa-961b3986e744 executed on JobScheduler
02-28 17:03:20.680 25225 25225 D WM-GreedyScheduler: Stopping tracking for WorkGenerationalId(workSpecId=83165ee6-cace-42d9-85fa-961b3986e744, generation=0)
02-28 17:03:20.680 25225 25225 D WM-Processor: Processor 4ab1c05e-24ac-4804-b8f5-f7a314422e49 executed; reschedule = true
02-28 17:03:20.680 25225 25225 D WM-SystemJobService: 4ab1c05e-24ac-4804-b8f5-f7a314422e49 executed on JobScheduler
02-28 17:03:20.680 25225 25225 D WM-GreedyScheduler: Stopping tracking for WorkGenerationalId(workSpecId=4ab1c05e-24ac-4804-b8f5-f7a314422e49, generation=0)
02-28 17:03:20.681 25225 25303 D WM-WorkerWrapper: Status for 9dd21ad3-1f6b-428d-99a7-9ea5d7a320cb is ENQUEUED; not doing any work and rescheduling for later execution
02-28 17:03:20.686 25225 25303 D WM-WorkerWrapper: Status for 3cd6a6bb-7a1d-43c4-accb-fb1096ec839f is ENQUEUED; not doing any work and rescheduling for later execution
02-28 17:03:20.687 25225 25225 D WM-Processor: Processor fe40d1c1-d2fd-4140-be85-cb6e385ba512 executed; reschedule = true
02-28 17:03:20.687 25225 25225 D WM-SystemJobService: fe40d1c1-d2fd-4140-be85-cb6e385ba512 executed on JobScheduler
02-28 17:03:20.687 25225 25225 D WM-GreedyScheduler: Stopping tracking for WorkGenerationalId(workSpecId=fe40d1c1-d2fd-4140-be85-cb6e385ba512, generation=0)
02-28 17:03:20.687 25225 25225 D WM-Processor: Processor 9dd21ad3-1f6b-428d-99a7-9ea5d7a320cb executed; reschedule = true
02-28 17:03:20.687 25225 25225 D WM-SystemJobService: 9dd21ad3-1f6b-428d-99a7-9ea5d7a320cb executed on JobScheduler
02-28 17:03:20.687 25225 25225 D WM-GreedyScheduler: Stopping tracking for WorkGenerationalId(workSpecId=9dd21ad3-1f6b-428d-99a7-9ea5d7a320cb, generation=0)
02-28 17:03:20.691 25225 25303 D WM-WorkerWrapper: Status for 2ab0deb1-3f85-40d0-a0f7-dffef9529303 is ENQUEUED; not doing any work and rescheduling for later execution
02-28 17:03:20.692 25225 25303 D WM-WorkerWrapper: Status for 7cfc4b64-0c8a-431a-aa7b-e4fc04b2ea9f is ENQUEUED; not doing any work and rescheduling for later execution
02-28 17:03:20.694 25225 25225 D WM-Processor: Processor 3cd6a6bb-7a1d-43c4-accb-fb1096ec839f executed; reschedule = true
02-28 17:03:20.694 25225 25225 D WM-SystemJobService: 3cd6a6bb-7a1d-43c4-accb-fb1096ec839f executed on JobScheduler
02-28 17:03:20.694 25225 25225 D WM-GreedyScheduler: Stopping tracking for WorkGenerationalId(workSpecId=3cd6a6bb-7a1d-43c4-accb-fb1096ec839f, generation=0)
02-28 17:03:20.694 25225 25225 D WM-Processor: Processor 2ab0deb1-3f85-40d0-a0f7-dffef9529303 executed; reschedule = true
02-28 17:03:20.694 25225 25225 D WM-SystemJobService: 2ab0deb1-3f85-40d0-a0f7-dffef9529303 executed on JobScheduler
02-28 17:03:20.694 25225 25225 D WM-GreedyScheduler: Stopping tracking for WorkGenerationalId(workSpecId=2ab0deb1-3f85-40d0-a0f7-dffef9529303, generation=0)
02-28 17:03:20.694 25225 25225 D WM-Processor: Processor 7cfc4b64-0c8a-431a-aa7b-e4fc04b2ea9f executed; reschedule = true
02-28 17:03:20.694 25225 25225 D WM-SystemJobService: 7cfc4b64-0c8a-431a-aa7b-e4fc04b2ea9f executed on JobScheduler
02-28 17:03:20.694 25225 25225 D WM-GreedyScheduler: Stopping tracking for WorkGenerationalId(workSpecId=7cfc4b64-0c8a-431a-aa7b-e4fc04b2ea9f, generation=0)
02-28 17:03:20.694 25225 25303 D WM-WorkerWrapper: Status for 1b599e20-c552-4976-8db4-6d2562a60905 is ENQUEUED; not doing any work and rescheduling for later execution
02-28 17:03:20.698 25225 25303 D WM-WorkerWrapper: Status for cfbf1a11-0dcb-413c-8ee8-97c2d848549b is ENQUEUED; not doing any work and rescheduling for later execution
02-28 17:03:20.700 25225 25303 D WM-WorkerWrapper: Status for 2622565f-d7ca-4e8b-8d7b-4d4fa94844cc is ENQUEUED; not doing any work and rescheduling for later execution
02-28 17:03:20.704 25225 25225 D WM-Processor: Processor 1b599e20-c552-4976-8db4-6d2562a60905 executed; reschedule = true
02-28 17:03:20.704 25225 25225 D WM-SystemJobService: 1b599e20-c552-4976-8db4-6d2562a60905 executed on JobScheduler
02-28 17:03:20.704 25225 25225 D WM-GreedyScheduler: Stopping tracking for WorkGenerationalId(workSpecId=1b599e20-c552-4976-8db4-6d2562a60905, generation=0)
02-28 17:03:20.704 25225 25225 D WM-Processor: Processor cfbf1a11-0dcb-413c-8ee8-97c2d848549b executed; reschedule = true
02-28 17:03:20.704 25225 25225 D WM-SystemJobService: cfbf1a11-0dcb-413c-8ee8-97c2d848549b executed on JobScheduler
02-28 17:03:20.704 25225 25225 D WM-GreedyScheduler: Stopping tracking for WorkGenerationalId(workSpecId=cfbf1a11-0dcb-413c-8ee8-97c2d848549b, generation=0)
02-28 17:03:20.704 25225 25225 D WM-Processor: Processor 2622565f-d7ca-4e8b-8d7b-4d4fa94844cc executed; reschedule = true
02-28 17:03:20.704 25225 25225 D WM-SystemJobService: 2622565f-d7ca-4e8b-8d7b-4d4fa94844cc executed on JobScheduler
02-28 17:03:20.704 25225 25225 D WM-GreedyScheduler: Stopping tracking for WorkGenerationalId(workSpecId=2622565f-d7ca-4e8b-8d7b-4d4fa94844cc, generation=0)
02-28 17:03:20.705 25225 25303 D WM-WorkerWrapper: Status for 47a7b941-966c-4108-9dae-f4d8abaa394e is ENQUEUED; not doing any work and rescheduling for later execution
02-28 17:03:20.714 25225 25303 D WM-WorkerWrapper: Status for a85e37dd-2a61-41b4-bfcd-c760e4fde2a6 is ENQUEUED; not doing any work and rescheduling for later execution
02-28 17:03:20.717 25225 25225 D WM-Processor: Processor 47a7b941-966c-4108-9dae-f4d8abaa394e executed; reschedule = true
02-28 17:03:20.718 25225 25225 D WM-SystemJobService: 47a7b941-966c-4108-9dae-f4d8abaa394e executed on JobScheduler
02-28 17:03:20.718 25225 25225 D WM-GreedyScheduler: Stopping tracking for WorkGenerationalId(workSpecId=47a7b941-966c-4108-9dae-f4d8abaa394e, generation=0)
02-28 17:03:20.720 25225 25225 D WM-Processor: Processor a85e37dd-2a61-41b4-bfcd-c760e4fde2a6 executed; reschedule = true
02-28 17:03:20.720 25225 25225 D WM-SystemJobService: a85e37dd-2a61-41b4-bfcd-c760e4fde2a6 executed on JobScheduler
02-28 17:03:20.720 25225 25225 D WM-GreedyScheduler: Stopping tracking for WorkGenerationalId(workSpecId=a85e37dd-2a61-41b4-bfcd-c760e4fde2a6, generation=0)
02-28 17:03:20.735 25225 25225 D WM-WorkerWrapper: Starting work for com.negi.survey.net.GitHubUploadWorker
02-28 17:03:20.741 25225 25225 D WM-WorkerWrapper: Starting work for com.negi.survey.net.GitHubUploadWorker
02-28 17:03:20.748 25225 25225 D WM-WorkerWrapper: Starting work for com.negi.survey.net.GitHubUploadWorker
02-28 17:03:20.756 25225 25225 D WM-WorkerWrapper: Starting work for com.negi.survey.net.GitHubUploadWorker
02-28 17:03:20.769 25225 25225 D WM-WorkerWrapper: Starting work for com.negi.survey.net.GitHubUploadWorker
02-28 17:03:20.774 25225 25225 D WM-WorkerWrapper: Starting work for com.negi.survey.net.GitHubUploadWorker
02-28 17:03:20.783 25225 25225 D WM-WorkerWrapper: Starting work for com.negi.survey.net.GitHubUploadWorker
02-28 17:03:20.797 25225 25225 D WM-WorkerWrapper: Starting work for com.negi.survey.net.GitHubUploadWorker
02-28 17:03:20.806 25225 25225 D WM-WorkerWrapper: Starting work for com.negi.survey.net.GitHubUploadWorker
02-28 17:03:20.818 25225 25225 D WM-WorkerWrapper: Starting work for com.negi.survey.net.GitHubUploadWorker
02-28 17:03:20.823 25225 25225 D WM-WorkerWrapper: Starting work for com.negi.survey.net.GitHubUploadWorker
02-28 17:03:20.829 25225 25225 D WM-WorkerWrapper: Starting work for com.negi.survey.net.GitHubUploadWorker
02-28 17:03:20.840 25225 25225 D WM-WorkerWrapper: Starting work for com.negi.survey.net.GitHubUploadWorker
02-28 17:03:20.856 25225 25225 D WM-WorkerWrapper: Starting work for com.negi.survey.net.GitHubUploadWorker
02-28 17:03:20.895 25225 25304 D WM-GreedyScheduler: Cancelling work ID 47146da2-694a-4f58-a95a-5bbe2a00637d
02-28 17:03:20.912 25225 25304 D WM-GreedyScheduler: Cancelling work ID f903e5c2-14eb-44a2-b99d-d5cd6908211c
02-28 17:03:20.934 25225 25304 D WM-GreedyScheduler: Cancelling work ID 83165ee6-cace-42d9-85fa-961b3986e744
02-28 17:03:20.959 25225 25304 D WM-GreedyScheduler: Cancelling work ID 4ab1c05e-24ac-4804-b8f5-f7a314422e49
02-28 17:03:20.982 25225 25304 D WM-GreedyScheduler: Cancelling work ID fe40d1c1-d2fd-4140-be85-cb6e385ba512
02-28 17:03:20.994 25225 25304 D WM-GreedyScheduler: Cancelling work ID 9dd21ad3-1f6b-428d-99a7-9ea5d7a320cb
02-28 17:03:21.042 25225 25304 D WM-GreedyScheduler: Cancelling work ID 3cd6a6bb-7a1d-43c4-accb-fb1096ec839f
02-28 17:03:21.069 25225 25304 D WM-GreedyScheduler: Cancelling work ID 2ab0deb1-3f85-40d0-a0f7-dffef9529303
02-28 17:03:21.090 25225 25304 D WM-GreedyScheduler: Cancelling work ID 7cfc4b64-0c8a-431a-aa7b-e4fc04b2ea9f
02-28 17:03:21.100 25225 25304 D WM-GreedyScheduler: Cancelling work ID 1b599e20-c552-4976-8db4-6d2562a60905
02-28 17:03:21.171 25225 25304 D WM-GreedyScheduler: Cancelling work ID cfbf1a11-0dcb-413c-8ee8-97c2d848549b
02-28 17:03:21.196 25225 25304 D WM-GreedyScheduler: Cancelling work ID 2622565f-d7ca-4e8b-8d7b-4d4fa94844cc
02-28 17:03:21.208 25225 25304 D WM-GreedyScheduler: Cancelling work ID 47a7b941-966c-4108-9dae-f4d8abaa394e
02-28 17:03:21.240 25225 25304 D WM-GreedyScheduler: Cancelling work ID a85e37dd-2a61-41b4-bfcd-c760e4fde2a6
02-28 17:03:21.262 25225 25304 I WM-Processor: Moving WorkSpec (3cd6a6bb-7a1d-43c4-accb-fb1096ec839f) to the foreground
02-28 17:03:21.289 25225 25304 I WM-Processor: Moving WorkSpec (2ab0deb1-3f85-40d0-a0f7-dffef9529303) to the foreground
02-28 17:03:21.292 25225 25304 I WM-Processor: Moving WorkSpec (83165ee6-cace-42d9-85fa-961b3986e744) to the foreground
02-28 17:03:21.293 25225 25314 W github_upload: doWork: setForeground failed (continuing). err=startForegroundService() not allowed due to mAllowStartForeground false: service com.negi.survey/androidx.work.impl.foreground.SystemForegroundService
02-28 17:03:21.293 25225 25314 W github_upload: android.app.ForegroundServiceStartNotAllowedException: startForegroundService() not allowed due to mAllowStartForeground false: service com.negi.survey/androidx.work.impl.foreground.SystemForegroundService
02-28 17:03:21.293 25225 25314 W github_upload: 	at android.app.ForegroundServiceStartNotAllowedException$1.createFromParcel(ForegroundServiceStartNotAllowedException.java:54)
02-28 17:03:21.293 25225 25314 W github_upload: 	at android.app.ForegroundServiceStartNotAllowedException$1.createFromParcel(ForegroundServiceStartNotAllowedException.java:50)
02-28 17:03:21.293 25225 25314 W github_upload: 	at android.os.Parcel.readParcelableInternal(Parcel.java:5262)
02-28 17:03:21.293 25225 25314 W github_upload: 	at android.os.Parcel.readParcelable(Parcel.java:5243)
02-28 17:03:21.293 25225 25314 W github_upload: 	at android.os.Parcel.createExceptionOrNull(Parcel.java:3368)
02-28 17:03:21.293 25225 25314 W github_upload: 	at android.os.Parcel.createException(Parcel.java:3357)
02-28 17:03:21.293 25225 25314 W github_upload: 	at android.os.Parcel.readException(Parcel.java:3340)
02-28 17:03:21.293 25225 25314 W github_upload: 	at android.os.Parcel.readException(Parcel.java:3282)
02-28 17:03:21.293 25225 25314 W github_upload: 	at android.app.IActivityManager$Stub$Proxy.startService(IActivityManager.java:6672)
02-28 17:03:21.293 25225 25314 W github_upload: 	at android.app.ContextImpl.startServiceCommon(ContextImpl.java:2094)
02-28 17:03:21.293 25225 25314 W github_upload: 	at android.app.ContextImpl.startForegroundService(ContextImpl.java:2069)
02-28 17:03:21.293 25225 25314 W github_upload: 	at android.content.ContextWrapper.startForegroundService(ContextWrapper.java:875)
02-28 17:03:21.293 25225 25314 W github_upload: 	at androidx.core.content.ContextCompat$Api26Impl.startForegroundService(ContextCompat.java:1124)
02-28 17:03:21.293 25225 25314 W github_upload: 	at androidx.core.content.ContextCompat.startForegroundService(ContextCompat.java:704)
02-28 17:03:21.293 25225 25314 W github_upload: 	at androidx.work.impl.Processor.startForeground(Processor.java:205)
02-28 17:03:21.293 25225 25314 W github_upload: 	at androidx.work.impl.utils.WorkForegroundUpdater.lambda$setForegroundAsync$0$androidx-work-impl-utils-WorkForegroundUpdater(WorkForegroundUpdater.java:93)
02-28 17:03:21.293 25225 25314 W github_upload: 	at androidx.work.impl.utils.WorkForegroundUpdater$$ExternalSyntheticLambda0.invoke(D8$$SyntheticClass:0)
02-28 17:03:21.293 25225 25314 W github_upload: 	at androidx.work.ListenableFutureKt.executeAsync$lambda$4$lambda$3(ListenableFuture.kt:59)
02-28 17:03:21.293 25225 25314 W github_upload: 	at androidx.work.ListenableFutureKt$$ExternalSyntheticLambda3.run(D8$$SyntheticClass:0)
02-28 17:03:21.293 25225 25314 W github_upload: 	at androidx.work.impl.utils.SerialExecutorImpl$Task.run(SerialExecutorImpl.java:96)
02-28 17:03:21.293 25225 25314 W github_upload: 	at java.util.concurrent.ThreadPoolExecutor.runWorker(ThreadPoolExecutor.java:1154)
02-28 17:03:21.293 25225 25314 W github_upload: 	at java.util.concurrent.ThreadPoolExecutor$Worker.run(ThreadPoolExecutor.java:652)
02-28 17:03:21.293 25225 25314 W github_upload: 	at java.lang.Thread.run(Thread.java:1563)
02-28 17:03:21.296 25225 25315 W github_upload: doWork: setForeground failed (continuing). err=startForegroundService() not allowed due to mAllowStartForeground false: service com.negi.survey/androidx.work.impl.foreground.SystemForegroundService
02-28 17:03:21.296 25225 25315 W github_upload: android.app.ForegroundServiceStartNotAllowedException: startForegroundService() not allowed due to mAllowStartForeground false: service com.negi.survey/androidx.work.impl.foreground.SystemForegroundService
02-28 17:03:21.296 25225 25315 W github_upload: 	at android.app.ForegroundServiceStartNotAllowedException$1.createFromParcel(ForegroundServiceStartNotAllowedException.java:54)
02-28 17:03:21.296 25225 25315 W github_upload: 	at android.app.ForegroundServiceStartNotAllowedException$1.createFromParcel(ForegroundServiceStartNotAllowedException.java:50)
02-28 17:03:21.296 25225 25315 W github_upload: 	at android.os.Parcel.readParcelableInternal(Parcel.java:5262)
02-28 17:03:21.296 25225 25315 W github_upload: 	at android.os.Parcel.readParcelable(Parcel.java:5243)
02-28 17:03:21.296 25225 25315 W github_upload: 	at android.os.Parcel.createExceptionOrNull(Parcel.java:3368)
02-28 17:03:21.296 25225 25315 W github_upload: 	at android.os.Parcel.createException(Parcel.java:3357)
02-28 17:03:21.296 25225 25315 W github_upload: 	at android.os.Parcel.readException(Parcel.java:3340)
02-28 17:03:21.296 25225 25315 W github_upload: 	at android.os.Parcel.readException(Parcel.java:3282)
02-28 17:03:21.296 25225 25315 W github_upload: 	at android.app.IActivityManager$Stub$Proxy.startService(IActivityManager.java:6672)
02-28 17:03:21.296 25225 25315 W github_upload: 	at android.app.ContextImpl.startServiceCommon(ContextImpl.java:2094)
02-28 17:03:21.296 25225 25315 W github_upload: 	at android.app.ContextImpl.startForegroundService(ContextImpl.java:2069)
02-28 17:03:21.296 25225 25315 W github_upload: 	at android.content.ContextWrapper.startForegroundService(ContextWrapper.java:875)
02-28 17:03:21.296 25225 25315 W github_upload: 	at androidx.core.content.ContextCompat$Api26Impl.startForegroundService(ContextCompat.java:1124)
02-28 17:03:21.296 25225 25315 W github_upload: 	at androidx.core.content.ContextCompat.startForegroundService(ContextCompat.java:704)
02-28 17:03:21.296 25225 25315 W github_upload: 	at androidx.work.impl.Processor.startForeground(Processor.java:205)
02-28 17:03:21.296 25225 25315 W github_upload: 	at androidx.work.impl.utils.WorkForegroundUpdater.lambda$setForegroundAsync$0$androidx-work-impl-utils-WorkForegroundUpdater(WorkForegroundUpdater.java:93)
02-28 17:03:21.296 25225 25315 W github_upload: 	at androidx.work.impl.utils.WorkForegroundUpdater$$ExternalSyntheticLambda0.invoke(D8$$SyntheticClass:0)
02-28 17:03:21.296 25225 25315 W github_upload: 	at androidx.work.ListenableFutureKt.executeAsync$lambda$4$lambda$3(ListenableFuture.kt:59)
02-28 17:03:21.296 25225 25315 W github_upload: 	at androidx.work.ListenableFutureKt$$ExternalSyntheticLambda3.run(D8$$SyntheticClass:0)
02-28 17:03:21.296 25225 25315 W github_upload: 	at androidx.work.impl.utils.SerialExecutorImpl$Task.run(SerialExecutorImpl.java:96)
02-28 17:03:21.296 25225 25315 W github_upload: 	at java.util.concurrent.ThreadPoolExecutor.runWorker(ThreadPoolExecutor.java:1154)
02-28 17:03:21.296 25225 25315 W github_upload: 	at java.util.concurrent.ThreadPoolExecutor$Worker.run(ThreadPoolExecutor.java:652)
02-28 17:03:21.296 25225 25315 W github_upload: 	at java.lang.Thread.run(Thread.java:1563)
02-28 17:03:21.298 25225 25314 D GitHubUploader: uploadStream: owner=ishizuki-tech repo=SurveyExports branch=main path=diagnostics/crash/2026-03-01/prevlog_20260228_232041_pid19186.log size=8083 maxRawBytesHint=1000000 maxRequestBytesHint=2800000
02-28 17:03:21.303 25225 25315 W github_upload: doWork: setForeground failed (continuing). err=startForegroundService() not allowed due to mAllowStartForeground false: service com.negi.survey/androidx.work.impl.foreground.SystemForegroundService
02-28 17:03:21.303 25225 25315 W github_upload: android.app.ForegroundServiceStartNotAllowedException: startForegroundService() not allowed due to mAllowStartForeground false: service com.negi.survey/androidx.work.impl.foreground.SystemForegroundService
02-28 17:03:21.303 25225 25315 W github_upload: 	at android.app.ForegroundServiceStartNotAllowedException$1.createFromParcel(ForegroundServiceStartNotAllowedException.java:54)
02-28 17:03:21.303 25225 25315 W github_upload: 	at android.app.ForegroundServiceStartNotAllowedException$1.createFromParcel(ForegroundServiceStartNotAllowedException.java:50)
02-28 17:03:21.303 25225 25315 W github_upload: 	at android.os.Parcel.readParcelableInternal(Parcel.java:5262)
02-28 17:03:21.303 25225 25315 W github_upload: 	at android.os.Parcel.readParcelable(Parcel.java:5243)
02-28 17:03:21.303 25225 25315 W github_upload: 	at android.os.Parcel.createExceptionOrNull(Parcel.java:3368)
02-28 17:03:21.303 25225 25315 W github_upload: 	at android.os.Parcel.createException(Parcel.java:3357)
02-28 17:03:21.303 25225 25315 W github_upload: 	at android.os.Parcel.readException(Parcel.java:3340)
02-28 17:03:21.303 25225 25315 W github_upload: 	at android.os.Parcel.readException(Parcel.java:3282)
02-28 17:03:21.303 25225 25315 W github_upload: 	at android.app.IActivityManager$Stub$Proxy.startService(IActivityManager.java:6672)
02-28 17:03:21.303 25225 25315 W github_upload: 	at android.app.ContextImpl.startServiceCommon(ContextImpl.java:2094)
02-28 17:03:21.303 25225 25315 W github_upload: 	at android.app.ContextImpl.startForegroundService(ContextImpl.java:2069)
02-28 17:03:21.303 25225 25315 W github_upload: 	at android.content.ContextWrapper.startForegroundService(ContextWrapper.java:875)
02-28 17:03:21.303 25225 25315 W github_upload: 	at androidx.core.content.ContextCompat$Api26Impl.startForegroundService(ContextCompat.java:1124)
02-28 17:03:21.303 25225 25315 W github_upload: 	at androidx.core.content.ContextCompat.startForegroundService(ContextCompat.java:704)
02-28 17:03:21.303 25225 25315 W github_upload: 	at androidx.work.impl.Processor.startForeground(Processor.java:205)
02-28 17:03:21.303 25225 25315 W github_upload: 	at androidx.work.impl.utils.WorkForegroundUpdater.lambda$setForegroundAsync$0$androidx-work-impl-utils-WorkForegroundUpdater(WorkForegroundUpdater.java:93)
02-28 17:03:21.303 25225 25315 W github_upload: 	at androidx.work.impl.utils.WorkForegroundUpdater$$ExternalSyntheticLambda0.invoke(D8$$SyntheticClass:0)
02-28 17:03:21.303 25225 25315 W github_upload: 	at androidx.work.ListenableFutureKt.executeAsync$lambda$4$lambda$3(ListenableFuture.kt:59)
02-28 17:03:21.303 25225 25315 W github_upload: 	at androidx.work.ListenableFutureKt$$ExternalSyntheticLambda3.run(D8$$SyntheticClass:0)
02-28 17:03:21.303 25225 25315 W github_upload: 	at androidx.work.impl.utils.SerialExecutorImpl$Task.run(SerialExecutorImpl.java:96)
02-28 17:03:21.303 25225 25315 W github_upload: 	at java.util.concurrent.ThreadPoolExecutor.runWorker(ThreadPoolExecutor.java:1154)
02-28 17:03:21.303 25225 25315 W github_upload: 	at java.util.concurrent.ThreadPoolExecutor$Worker.run(ThreadPoolExecutor.java:652)
02-28 17:03:21.303 25225 25315 W github_upload: 	at java.lang.Thread.run(Thread.java:1563)
02-28 17:03:21.303 25225 25304 I WM-Processor: Moving WorkSpec (a85e37dd-2a61-41b4-bfcd-c760e4fde2a6) to the foreground
02-28 17:03:21.305 25225 25315 D GitHubUploader: uploadStream: owner=ishizuki-tech repo=SurveyExports branch=main path=diagnostics/crash/2026-03-01/prevlog_20260226_085659_pid24920.log size=29441 maxRawBytesHint=1000000 maxRequestBytesHint=2800000
02-28 17:03:21.310 25225 25314 W github_upload: doWork: setForeground failed (continuing). err=startForegroundService() not allowed due to mAllowStartForeground false: service com.negi.survey/androidx.work.impl.foreground.SystemForegroundService
02-28 17:03:21.310 25225 25314 W github_upload: android.app.ForegroundServiceStartNotAllowedException: startForegroundService() not allowed due to mAllowStartForeground false: service com.negi.survey/androidx.work.impl.foreground.SystemForegroundService
02-28 17:03:21.310 25225 25314 W github_upload: 	at android.app.ForegroundServiceStartNotAllowedException$1.createFromParcel(ForegroundServiceStartNotAllowedException.java:54)
02-28 17:03:21.310 25225 25314 W github_upload: 	at android.app.ForegroundServiceStartNotAllowedException$1.createFromParcel(ForegroundServiceStartNotAllowedException.java:50)
02-28 17:03:21.310 25225 25314 W github_upload: 	at android.os.Parcel.readParcelableInternal(Parcel.java:5262)
02-28 17:03:21.310 25225 25314 W github_upload: 	at android.os.Parcel.readParcelable(Parcel.java:5243)
02-28 17:03:21.310 25225 25314 W github_upload: 	at android.os.Parcel.createExceptionOrNull(Parcel.java:3368)
02-28 17:03:21.310 25225 25314 W github_upload: 	at android.os.Parcel.createException(Parcel.java:3357)
02-28 17:03:21.310 25225 25314 W github_upload: 	at android.os.Parcel.readException(Parcel.java:3340)
02-28 17:03:21.310 25225 25314 W github_upload: 	at android.os.Parcel.readException(Parcel.java:3282)
02-28 17:03:21.310 25225 25314 W github_upload: 	at android.app.IActivityManager$Stub$Proxy.startService(IActivityManager.java:6672)
02-28 17:03:21.310 25225 25314 W github_upload: 	at android.app.ContextImpl.startServiceCommon(ContextImpl.java:2094)
02-28 17:03:21.310 25225 25314 W github_upload: 	at android.app.ContextImpl.startForegroundService(ContextImpl.java:2069)
02-28 17:03:21.310 25225 25314 W github_upload: 	at android.content.ContextWrapper.startForegroundService(ContextWrapper.java:875)
02-28 17:03:21.310 25225 25314 W github_upload: 	at androidx.core.content.ContextCompat$Api26Impl.startForegroundService(ContextCompat.java:1124)
02-28 17:03:21.310 25225 25314 W github_upload: 	at androidx.core.content.ContextCompat.startForegroundService(ContextCompat.java:704)
02-28 17:03:21.310 25225 25314 W github_upload: 	at androidx.work.impl.Processor.startForeground(Processor.java:205)
02-28 17:03:21.310 25225 25314 W github_upload: 	at androidx.work.impl.utils.WorkForegroundUpdater.lambda$setForegroundAsync$0$androidx-work-impl-utils-WorkForegroundUpdater(WorkForegroundUpdater.java:93)
02-28 17:03:21.310 25225 25314 W github_upload: 	at androidx.work.impl.utils.WorkForegroundUpdater$$ExternalSyntheticLambda0.invoke(D8$$SyntheticClass:0)
02-28 17:03:21.310 25225 25314 W github_upload: 	at androidx.work.ListenableFutureKt.executeAsync$lambda$4$lambda$3(ListenableFuture.kt:59)
02-28 17:03:21.310 25225 25314 W github_upload: 	at androidx.work.ListenableFutureKt$$ExternalSyntheticLambda3.run(D8$$SyntheticClass:0)
02-28 17:03:21.310 25225 25314 W github_upload: 	at androidx.work.impl.utils.SerialExecutorImpl$Task.run(SerialExecutorImpl.java:96)
02-28 17:03:21.310 25225 25314 W github_upload: 	at java.util.concurrent.ThreadPoolExecutor.runWorker(ThreadPoolExecutor.java:1154)
02-28 17:03:21.310 25225 25314 W github_upload: 	at java.util.concurrent.ThreadPoolExecutor$Worker.run(ThreadPoolExecutor.java:652)
02-28 17:03:21.310 25225 25314 W github_upload: 	at java.lang.Thread.run(Thread.java:1563)
02-28 17:03:21.310 25225 25304 I WM-Processor: Moving WorkSpec (9dd21ad3-1f6b-428d-99a7-9ea5d7a320cb) to the foreground
02-28 17:03:21.315 25225 25304 I WM-Processor: Moving WorkSpec (4ab1c05e-24ac-4804-b8f5-f7a314422e49) to the foreground
02-28 17:03:21.315 25225 25314 W github_upload: doWork: setForeground failed (continuing). err=startForegroundService() not allowed due to mAllowStartForeground false: service com.negi.survey/androidx.work.impl.foreground.SystemForegroundService
02-28 17:03:21.315 25225 25314 W github_upload: android.app.ForegroundServiceStartNotAllowedException: startForegroundService() not allowed due to mAllowStartForeground false: service com.negi.survey/androidx.work.impl.foreground.SystemForegroundService
02-28 17:03:21.315 25225 25314 W github_upload: 	at android.app.ForegroundServiceStartNotAllowedException$1.createFromParcel(ForegroundServiceStartNotAllowedException.java:54)
02-28 17:03:21.315 25225 25314 W github_upload: 	at android.app.ForegroundServiceStartNotAllowedException$1.createFromParcel(ForegroundServiceStartNotAllowedException.java:50)
02-28 17:03:21.315 25225 25314 W github_upload: 	at android.os.Parcel.readParcelableInternal(Parcel.java:5262)
02-28 17:03:21.315 25225 25314 W github_upload: 	at android.os.Parcel.readParcelable(Parcel.java:5243)
02-28 17:03:21.315 25225 25314 W github_upload: 	at android.os.Parcel.createExceptionOrNull(Parcel.java:3368)
02-28 17:03:21.315 25225 25314 W github_upload: 	at android.os.Parcel.createException(Parcel.java:3357)
02-28 17:03:21.315 25225 25314 W github_upload: 	at android.os.Parcel.readException(Parcel.java:3340)
02-28 17:03:21.315 25225 25314 W github_upload: 	at android.os.Parcel.readException(Parcel.java:3282)
02-28 17:03:21.315 25225 25314 W github_upload: 	at android.app.IActivityManager$Stub$Proxy.startService(IActivityManager.java:6672)
02-28 17:03:21.315 25225 25314 W github_upload: 	at android.app.ContextImpl.startServiceCommon(ContextImpl.java:2094)
02-28 17:03:21.315 25225 25314 W github_upload: 	at android.app.ContextImpl.startForegroundService(ContextImpl.java:2069)
02-28 17:03:21.315 25225 25314 W github_upload: 	at android.content.ContextWrapper.startForegroundService(ContextWrapper.java:875)
02-28 17:03:21.315 25225 25314 W github_upload: 	at androidx.core.content.ContextCompat$Api26Impl.startForegroundService(ContextCompat.java:1124)
02-28 17:03:21.315 25225 25314 W github_upload: 	at androidx.core.content.ContextCompat.startForegroundService(ContextCompat.java:704)
02-28 17:03:21.315 25225 25314 W github_upload: 	at androidx.work.impl.Processor.startForeground(Processor.java:205)
02-28 17:03:21.315 25225 25314 W github_upload: 	at androidx.work.impl.utils.WorkForegroundUpdater.lambda$setForegroundAsync$0$androidx-work-impl-utils-WorkForegroundUpdater(WorkForegroundUpdater.java:93)
02-28 17:03:21.315 25225 25314 W github_upload: 	at androidx.work.impl.utils.WorkForegroundUpdater$$ExternalSyntheticLambda0.invoke(D8$$SyntheticClass:0)
02-28 17:03:21.315 25225 25314 W github_upload: 	at androidx.work.ListenableFutureKt.executeAsync$lambda$4$lambda$3(ListenableFuture.kt:59)
02-28 17:03:21.315 25225 25314 W github_upload: 	at androidx.work.ListenableFutureKt$$ExternalSyntheticLambda3.run(D8$$SyntheticClass:0)
