=== RuntimeLogStore Header ===
ts=2026-09-04T17:02:15.298Z
fileNameFormat=LEGACY
appId=com.negi.survey
versionName=0.0.1
versionCode=1
debug=true
device=Google Pixel 9a
sdk=36
pid=4876
==============================
2026-09-04T17:02:15.298Z I/RuntimeLogStore [rtlog-io] start: actor launched (fileNameFormat=LEGACY)
2026-09-04T17:02:15.291Z D/SurveyApp [main] attachBaseContext: pid=4876 process=com.negi.survey isMain=true sdk=36
2026-09-04T17:02:15.291Z D/SurveyApp [main] bootTiming: attachBaseContext total=32ms
2026-09-04T17:02:15.292Z D/SurveyApp [main] Skipping WorkManager init in attachBaseContext; will init lazily on first enqueue.
2026-09-04T17:02:15.293Z D/SurveyApp [main] CrashCapture installed: where=SurveyApp:attachBaseContext
2026-09-04T17:02:15.305Z I/RuntimeLogStore [main] start repair: ctx/dir refreshed
2026-09-04T17:02:15.305Z D/SurveyApp [main] bootTiming: RuntimeLogStore.start took=0ms
2026-09-04T17:02:15.305Z D/SurveyApp [main] bootTiming: AppRingLogStore.install took=0ms
2026-09-04T17:02:15.305Z D/SurveyApp [main] onCreate: pid=4876 process=com.negi.survey isMain=true sdk=36
2026-09-04T17:02:15.310Z D/SurveyApp [main] CrashCapture installed: where=SurveyApp:onCreate(rewrap)
2026-09-04T17:02:15.311Z D/SurveyApp [main] CrashCapture self-healing registered.
2026-09-04T17:02:15.311Z W/SurveyApp [main] Startup enqueues deferred: delay=2500ms (to reduce init contention)
2026-09-04T17:02:15.311Z D/SurveyApp [main] bootTiming: onCreate total=6ms
2026-09-04T17:02:17.811Z W/SurveyApp [main] Deferred startup enqueues begin...
2026-09-04T17:02:17.842Z D/SurveyApp [main] WorkManager available. where=startupRtLogs(immediate) took=30ms
2026-09-04T17:02:17.848Z D/SurveyApp [main] Startup runtime logs target -> owner=ishizuki-tech repo=SurveyExports branch=main base='/diagnostics/runtime_logs'
2026-09-04T17:02:17.860Z D/SurveyApp [main] Startup runtime logs: enqueue requested (immediate).
2026-09-04T17:02:17.860Z D/SurveyApp [main] WorkManager available. where=startupRingLogs(immediate) took=0ms
2026-09-04T17:02:17.861Z D/SurveyApp [main] Startup ring logs target -> owner=ishizuki-tech repo=SurveyExports branch=main base='/diagnostics/applog_ring'
2026-09-04T17:02:17.861Z D/SurveyApp [main] Startup ring logs: enqueue requested (immediate).
2026-09-04T17:02:17.861Z D/SurveyApp [main] WorkManager available. where=enqueuePending(immediate) took=0ms
2026-09-04T17:02:17.862Z D/SurveyApp [main] CrashCapture pending uploads requested (immediate).
2026-09-04T17:02:17.862Z W/SurveyApp [main] Deferred startup enqueues done: took=50ms
2026-09-04T17:02:19.183Z I/RuntimeLogStore [DefaultDispatcher-worker-3] start repair: ctx/dir refreshed
