=== RuntimeLogStore Header ===
ts=2026-10-02T19:55:54.079Z
fileNameFormat=LEGACY
appId=com.negi.survey.local
versionName=0.0.1
versionCode=1
debug=true
device=samsung SM-S731U
sdk=36
pid=19752
==============================
2026-10-02T19:55:54.079Z I/RuntimeLogStore [rtlog-io] start: actor launched (fileNameFormat=LEGACY)
2026-10-02T19:55:54.076Z D/SurveyApp [main] attachBaseContext: pid=19752 process=com.negi.survey.local isMain=true sdk=36
2026-10-02T19:55:54.076Z D/SurveyApp [main] bootTiming: attachBaseContext total=31ms
2026-10-02T19:55:54.076Z D/SurveyApp [main] Skipping WorkManager init in attachBaseContext; will init lazily on first enqueue.
2026-10-02T19:55:54.078Z D/SurveyApp [main] CrashCapture installed: where=SurveyApp:attachBaseContext
2026-10-02T19:55:54.095Z I/RuntimeLogStore [main] start repair: ctx/dir refreshed
2026-10-02T19:55:54.095Z D/SurveyApp [main] bootTiming: RuntimeLogStore.start took=1ms
2026-10-02T19:55:54.095Z D/SurveyApp [main] bootTiming: AppRingLogStore.install took=0ms
2026-10-02T19:55:54.096Z D/SurveyApp [main] onCreate: pid=19752 process=com.negi.survey.local isMain=true sdk=36
2026-10-02T19:55:54.101Z D/SurveyApp [main] CrashCapture installed: where=SurveyApp:onCreate(rewrap)
2026-10-02T19:55:54.101Z D/SurveyApp [main] CrashCapture self-healing registered.
2026-10-02T19:55:54.101Z W/SurveyApp [main] Startup enqueues deferred: delay=2500ms (to reduce init contention)
2026-10-02T19:55:54.101Z D/SurveyApp [main] Startup survey recovery deferred: delay=2500ms
2026-10-02T19:55:54.102Z D/SurveyApp [main] bootTiming: onCreate total=7ms
2026-10-02T19:55:54.134Z I/RuntimeLogStore [DefaultDispatcher-worker-1] start repair: ctx/dir refreshed
2026-10-02T19:55:55.628Z I/RuntimeLogStore [DefaultDispatcher-worker-2] start repair: ctx/dir refreshed
