=== RuntimeLogStore Header ===
ts=2026-08-25T18:57:13.012Z
fileNameFormat=LEGACY
appId=com.negi.survey
versionName=0.0.1
versionCode=1
debug=true
device=Google Pixel 9a
sdk=36
pid=16457
==============================
2026-08-25T18:57:13.012Z I/RuntimeLogStore [rtlog-io] start: actor launched (fileNameFormat=LEGACY)
2026-08-25T18:57:13.008Z D/SurveyApp [main] attachBaseContext: pid=16457 process=com.negi.survey isMain=true sdk=36
2026-08-25T18:57:13.008Z D/SurveyApp [main] bootTiming: attachBaseContext total=43ms
2026-08-25T18:57:13.009Z D/SurveyApp [main] Skipping WorkManager init in attachBaseContext; will init lazily on first enqueue.
2026-08-25T18:57:13.010Z D/SurveyApp [main] CrashCapture installed: where=SurveyApp:attachBaseContext
2026-08-25T18:57:13.026Z I/RuntimeLogStore [main] start repair: ctx/dir refreshed
2026-08-25T18:57:13.027Z D/SurveyApp [main] bootTiming: RuntimeLogStore.start took=0ms
2026-08-25T18:57:13.027Z D/SurveyApp [main] bootTiming: AppRingLogStore.install took=0ms
2026-08-25T18:57:13.027Z D/SurveyApp [main] onCreate: pid=16457 process=com.negi.survey isMain=true sdk=36
2026-08-25T18:57:13.030Z D/SurveyApp [main] CrashCapture installed: where=SurveyApp:onCreate(rewrap)
2026-08-25T18:57:13.031Z D/SurveyApp [main] CrashCapture self-healing registered.
2026-08-25T18:57:13.031Z W/SurveyApp [main] Startup enqueues deferred: delay=2500ms (to reduce init contention)
2026-08-25T18:57:13.031Z D/SurveyApp [main] bootTiming: onCreate total=5ms
2026-08-25T18:57:13.044Z I/RuntimeLogStore [DefaultDispatcher-worker-2] start repair: ctx/dir refreshed
2026-08-25T18:57:14.740Z I/RuntimeLogStore [DefaultDispatcher-worker-2] start repair: ctx/dir refreshed
