=== RuntimeLogStore Header ===
ts=2026-10-02T17:40:17.957Z
fileNameFormat=LEGACY
appId=com.negi.survey
versionName=0.0.1
versionCode=43
debug=false
device=vivo V2202
sdk=35
pid=15210
==============================
2026-10-02T17:40:17.957Z I/RuntimeLogStore [rtlog-io] start: actor launched (fileNameFormat=LEGACY)
2026-10-02T17:40:17.941Z D/SurveyApp [main] attachBaseContext: pid=15210 process=com.negi.survey isMain=true sdk=35
2026-10-02T17:40:17.950Z D/SurveyApp [main] bootTiming: attachBaseContext total=532ms
2026-10-02T17:40:17.950Z D/SurveyApp [main] Skipping WorkManager init in attachBaseContext; will init lazily on first enqueue.
2026-10-02T17:40:17.954Z D/SurveyApp [main] CrashCapture installed: where=SurveyApp:attachBaseContext
2026-10-02T17:40:18.171Z I/RuntimeLogStore [main] start repair: ctx/dir refreshed
2026-10-02T17:40:18.172Z D/SurveyApp [main] bootTiming: RuntimeLogStore.start took=2ms
2026-10-02T17:40:18.173Z D/SurveyApp [main] bootTiming: AppRingLogStore.install took=0ms
2026-10-02T17:40:18.173Z D/SurveyApp [main] onCreate: pid=15210 process=com.negi.survey isMain=true sdk=35
2026-10-02T17:40:18.179Z D/SurveyApp [main] CrashCapture installed: where=SurveyApp:onCreate(rewrap)
2026-10-02T17:40:18.186Z D/SurveyApp [main] CrashCapture self-healing registered.
2026-10-02T17:40:18.186Z W/SurveyApp [main] Startup enqueues deferred: delay=2500ms (to reduce init contention)
2026-10-02T17:40:18.186Z D/SurveyApp [main] bootTiming: onCreate total=16ms
2026-10-02T17:40:18.260Z I/RuntimeLogStore [DefaultDispatcher-worker-1] start repair: ctx/dir refreshed
2026-10-02T17:40:19.971Z I/RuntimeLogStore [DefaultDispatcher-worker-1] start repair: ctx/dir refreshed
