=== RuntimeLogStore Header ===
ts=2026-09-23T17:27:28.624Z
fileNameFormat=LEGACY
appId=com.negi.survey
versionName=0.0.1
versionCode=81
debug=false
device=samsung SM-S931U1
sdk=36
pid=17589
==============================
2026-09-23T17:27:28.624Z I/RuntimeLogStore [rtlog-io] start: actor launched (fileNameFormat=LEGACY)
2026-09-23T17:27:28.623Z D/SurveyApp [main] attachBaseContext: pid=17589 process=com.negi.survey isMain=true sdk=36
2026-09-23T17:27:28.624Z D/SurveyApp [main] bootTiming: attachBaseContext total=6ms
2026-09-23T17:27:28.624Z D/SurveyApp [main] Skipping WorkManager init in attachBaseContext; will init lazily on first enqueue.
2026-09-23T17:27:28.624Z D/SurveyApp [main] CrashCapture installed: where=SurveyApp:attachBaseContext
2026-09-23T17:27:28.627Z I/RuntimeLogStore [main] start repair: ctx/dir refreshed
2026-09-23T17:27:28.627Z D/SurveyApp [main] bootTiming: RuntimeLogStore.start took=0ms
2026-09-23T17:27:28.627Z D/SurveyApp [main] bootTiming: AppRingLogStore.install took=0ms
2026-09-23T17:27:28.627Z D/SurveyApp [main] onCreate: pid=17589 process=com.negi.survey isMain=true sdk=36
2026-09-23T17:27:28.627Z D/SurveyApp [main] CrashCapture installed: where=SurveyApp:onCreate(rewrap)
2026-09-23T17:27:28.628Z D/SurveyApp [main] CrashCapture self-healing registered.
2026-09-23T17:27:28.628Z W/SurveyApp [main] Startup enqueues deferred: delay=2500ms (to reduce init contention)
2026-09-23T17:27:28.628Z D/SurveyApp [main] bootTiming: onCreate total=1ms
2026-09-23T17:27:31.130Z W/SurveyApp [main] Deferred startup enqueues begin...
2026-09-23T17:27:31.131Z D/SurveyApp [main] WorkManager available. where=startupRtLogs(immediate) took=0ms
2026-09-23T17:27:31.133Z D/SurveyApp [main] Startup runtime logs target -> owner=ishizuki-tech repo=SurveyExports branch=main base='/diagnostics/runtime_logs'
2026-09-23T17:27:31.138Z D/SurveyApp [main] Startup runtime logs: enqueue requested (immediate).
2026-09-23T17:27:31.139Z D/SurveyApp [main] WorkManager available. where=startupRingLogs(immediate) took=0ms
2026-09-23T17:27:31.139Z D/SurveyApp [main] Startup ring logs target -> owner=ishizuki-tech repo=SurveyExports branch=main base='/diagnostics/applog_ring'
2026-09-23T17:27:31.140Z D/SurveyApp [main] Startup ring logs: enqueue requested (immediate).
2026-09-23T17:27:31.140Z D/SurveyApp [main] WorkManager available. where=enqueuePending(immediate) took=0ms
2026-09-23T17:27:31.140Z D/SurveyApp [main] CrashCapture pending uploads requested (immediate).
2026-09-23T17:27:31.140Z D/SurveyApp [main] WorkManager available. where=startupSurveyUploads(immediate) took=0ms
2026-09-23T17:27:31.141Z D/SurveyApp [main] Startup survey uploads: re-enqueued=0 (immediate).
2026-09-23T17:27:31.141Z W/SurveyApp [main] Deferred startup enqueues done: took=10ms
2026-09-23T17:27:32.377Z I/RuntimeLogStore [DefaultDispatcher-worker-4] start repair: ctx/dir refreshed
