=== RuntimeLogStore Header ===
ts=2026-09-24T00:55:58.644Z
fileNameFormat=LEGACY
appId=com.negi.survey
versionName=0.0.1
versionCode=1
debug=true
device=Google Pixel 9a
sdk=36
pid=26777
==============================
2026-09-24T00:55:58.645Z I/RuntimeLogStore [rtlog-io] start: actor launched (fileNameFormat=LEGACY)
2026-09-24T00:55:58.595Z D/SurveyApp [main] attachBaseContext: pid=26777 process=com.negi.survey isMain=true sdk=36
2026-09-24T00:55:58.595Z D/SurveyApp [main] bootTiming: attachBaseContext total=46ms
2026-09-24T00:55:58.595Z D/SurveyApp [main] Skipping WorkManager init in attachBaseContext; will init lazily on first enqueue.
2026-09-24T00:55:58.598Z D/SurveyApp [main] CrashCapture installed: where=SurveyApp:attachBaseContext
2026-09-24T00:55:58.637Z I/RuntimeLogStore [main] start repair: ctx/dir refreshed
2026-09-24T00:55:58.637Z D/SurveyApp [main] bootTiming: RuntimeLogStore.start took=1ms
2026-09-24T00:55:58.638Z D/SurveyApp [main] bootTiming: AppRingLogStore.install took=0ms
2026-09-24T00:55:58.638Z D/SurveyApp [main] onCreate: pid=26777 process=com.negi.survey isMain=true sdk=36
2026-09-24T00:55:58.645Z D/SurveyApp [main] CrashCapture installed: where=SurveyApp:onCreate(rewrap)
2026-09-24T00:55:58.645Z D/SurveyApp [main] CrashCapture self-healing registered.
2026-09-24T00:55:58.645Z W/SurveyApp [main] Startup enqueues deferred: delay=2500ms (to reduce init contention)
2026-09-24T00:55:58.645Z D/SurveyApp [main] Startup survey recovery deferred: delay=2500ms
2026-09-24T00:55:58.645Z D/SurveyApp [main] bootTiming: onCreate total=9ms
2026-09-24T00:55:58.703Z I/RuntimeLogStore [DefaultDispatcher-worker-1] start repair: ctx/dir refreshed
2026-09-24T00:56:00.602Z I/RuntimeLogStore [DefaultDispatcher-worker-1] start repair: ctx/dir refreshed
