=== RuntimeLogStore Header ===
ts=2026-09-24T00:05:26.567Z
fileNameFormat=LEGACY
appId=com.negi.survey
versionName=0.0.1
versionCode=1
debug=true
device=samsung SM-S931U1
sdk=36
pid=9717
==============================
2026-09-24T00:05:26.567Z I/RuntimeLogStore [rtlog-io] start: actor launched (fileNameFormat=LEGACY)
2026-09-24T00:05:26.561Z D/SurveyApp [main] attachBaseContext: pid=9717 process=com.negi.survey isMain=true sdk=36
2026-09-24T00:05:26.561Z D/SurveyApp [main] bootTiming: attachBaseContext total=25ms
2026-09-24T00:05:26.561Z D/SurveyApp [main] Skipping WorkManager init in attachBaseContext; will init lazily on first enqueue.
2026-09-24T00:05:26.562Z D/SurveyApp [main] CrashCapture installed: where=SurveyApp:attachBaseContext
2026-09-24T00:05:26.571Z I/RuntimeLogStore [main] start repair: ctx/dir refreshed
2026-09-24T00:05:26.571Z D/SurveyApp [main] bootTiming: RuntimeLogStore.start took=0ms
2026-09-24T00:05:26.571Z D/SurveyApp [main] bootTiming: AppRingLogStore.install took=0ms
2026-09-24T00:05:26.571Z D/SurveyApp [main] onCreate: pid=9717 process=com.negi.survey isMain=true sdk=36
2026-09-24T00:05:26.574Z D/SurveyApp [main] CrashCapture installed: where=SurveyApp:onCreate(rewrap)
2026-09-24T00:05:26.575Z D/SurveyApp [main] CrashCapture self-healing registered.
2026-09-24T00:05:26.575Z W/SurveyApp [main] Startup enqueues deferred: delay=2500ms (to reduce init contention)
2026-09-24T00:05:26.575Z D/SurveyApp [main] bootTiming: onCreate total=4ms
2026-09-24T00:05:29.075Z W/SurveyApp [main] Deferred startup enqueues begin...
2026-09-24T00:05:29.076Z D/SurveyApp [main] WorkManager available. where=startupRtLogs(immediate) took=0ms
2026-09-24T00:05:29.077Z D/SurveyApp [main] Startup runtime logs target -> owner=ishizuki-tech repo=SurveyExports branch=main base='/diagnostics/runtime_logs'
2026-09-24T00:05:29.084Z D/SurveyApp [main] Startup runtime logs: enqueue requested (immediate).
2026-09-24T00:05:29.084Z D/SurveyApp [main] WorkManager available. where=startupRingLogs(immediate) took=0ms
2026-09-24T00:05:29.085Z D/SurveyApp [main] Startup ring logs target -> owner=ishizuki-tech repo=SurveyExports branch=main base='/diagnostics/applog_ring'
2026-09-24T00:05:29.086Z D/SurveyApp [main] Startup ring logs: enqueue requested (immediate).
2026-09-24T00:05:29.086Z D/SurveyApp [main] WorkManager available. where=enqueuePending(immediate) took=0ms
2026-09-24T00:05:29.086Z D/SurveyApp [main] CrashCapture pending uploads requested (immediate).
2026-09-24T00:05:29.086Z W/SurveyApp [main] Deferred startup enqueues done: took=10ms
2026-09-24T00:05:30.335Z I/RuntimeLogStore [DefaultDispatcher-worker-3] start repair: ctx/dir refreshed
