=== RuntimeLogStore Header ===
ts=2026-09-10T14:20:32.437Z
fileNameFormat=LEGACY
appId=com.negi.survey
versionName=0.0.1
versionCode=43
debug=false
device=vivo V2202
sdk=35
pid=18104
==============================
2026-09-10T14:20:32.437Z I/RuntimeLogStore [rtlog-io] start: actor launched (fileNameFormat=LEGACY)
2026-09-10T14:20:32.434Z D/SurveyApp [main] attachBaseContext: pid=18104 process=com.negi.survey isMain=true sdk=35
2026-09-10T14:20:32.438Z D/SurveyApp [main] bootTiming: attachBaseContext total=49ms
2026-09-10T14:20:32.438Z D/SurveyApp [main] Skipping WorkManager init in attachBaseContext; will init lazily on first enqueue.
2026-09-10T14:20:32.438Z D/SurveyApp [main] CrashCapture installed: where=SurveyApp:attachBaseContext
2026-09-10T14:20:32.461Z I/RuntimeLogStore [main] start repair: ctx/dir refreshed
2026-09-10T14:20:32.461Z D/SurveyApp [main] bootTiming: RuntimeLogStore.start took=0ms
2026-09-10T14:20:32.461Z D/SurveyApp [main] bootTiming: AppRingLogStore.install took=0ms
2026-09-10T14:20:32.461Z D/SurveyApp [main] onCreate: pid=18104 process=com.negi.survey isMain=true sdk=35
2026-09-10T14:20:32.463Z D/SurveyApp [main] CrashCapture installed: where=SurveyApp:onCreate(rewrap)
2026-09-10T14:20:32.464Z D/SurveyApp [main] CrashCapture self-healing registered.
2026-09-10T14:20:32.464Z W/SurveyApp [main] Startup enqueues deferred: delay=2500ms (to reduce init contention)
2026-09-10T14:20:32.464Z D/SurveyApp [main] bootTiming: onCreate total=3ms
2026-09-10T14:20:34.964Z W/SurveyApp [main] Deferred startup enqueues begin...
2026-09-10T14:20:34.987Z D/SurveyApp [main] WorkManager available. where=startupRtLogs(immediate) took=24ms
2026-09-10T14:20:34.993Z D/SurveyApp [main] Startup runtime logs target -> owner=ishizuki-tech repo=SurveyExports branch=main base='/diagnostics/runtime_logs'
2026-09-10T14:20:34.998Z D/SurveyApp [main] Startup runtime logs: enqueue requested (immediate).
2026-09-10T14:20:34.998Z D/SurveyApp [main] WorkManager available. where=startupRingLogs(immediate) took=0ms
2026-09-10T14:20:34.999Z D/SurveyApp [main] Startup ring logs target -> owner=ishizuki-tech repo=SurveyExports branch=main base='/diagnostics/applog_ring'
2026-09-10T14:20:35.000Z D/SurveyApp [main] Startup ring logs: enqueue requested (immediate).
2026-09-10T14:20:35.000Z D/SurveyApp [main] WorkManager available. where=enqueuePending(immediate) took=0ms
2026-09-10T14:20:35.000Z D/SurveyApp [main] CrashCapture pending uploads requested (immediate).
2026-09-10T14:20:35.000Z W/SurveyApp [main] Deferred startup enqueues done: took=37ms
2026-09-10T14:20:36.333Z I/RuntimeLogStore [DefaultDispatcher-worker-7] start repair: ctx/dir refreshed
