20260904_170215 I/AppRingLogStore pid=4876 tid=4876 uptimeMs=1822039402 msg=install: pid=4876 timeUtc=20260904_170215 uptimeMs=1822039400
20260904_170215 D/SurveyApp pid=4876 tid=4876 uptimeMs=1822039402 msg=attachBaseContext: pid=4876 process=com.negi.survey isMain=true sdk=36
20260904_170215 D/SurveyApp pid=4876 tid=4876 uptimeMs=1822039416 msg=onCreate: pid=4876 process=com.negi.survey isMain=true sdk=36
20260904_170452 D/AiTrace pid=4876 tid=4876 uptimeMs=1822196661 msg=Installed (enabled=true ringEnabled=true)
20260904_170452 D/LiteRtRepository pid=4876 tid=4876 uptimeMs=1822196760 msg=warmUp init ok initMs=12 gateWaitMs=0
20260904_170452 D/LiteRtRepository pid=4876 tid=4876 uptimeMs=1822196761 msg=warmUp Engine ready representativeInference=false totalMs=12
20260904_170558 I/AppRingLogStore pid=5698 tid=5698 uptimeMs=1822262605 msg=install: pid=5698 timeUtc=20260904_170558 uptimeMs=1822262605
20260904_170558 D/SurveyApp pid=5698 tid=5698 uptimeMs=1822262606 msg=attachBaseContext: pid=5698 process=com.negi.survey isMain=true sdk=36
20260904_170558 D/SurveyApp pid=5698 tid=5698 uptimeMs=1822262622 msg=onCreate: pid=5698 process=com.negi.survey isMain=true sdk=36
20260904_170637 D/AiTrace pid=5698 tid=5698 uptimeMs=1822301935 msg=Installed (enabled=true ringEnabled=true)
20260904_170638 D/LiteRtRepository pid=5698 tid=5698 uptimeMs=1822302162 msg=warmUp init ok initMs=19 gateWaitMs=0
20260904_170638 D/LiteRtRepository pid=5698 tid=5698 uptimeMs=1822302162 msg=warmUp Engine ready representativeInference=false totalMs=20
20260904_171235 D/AiViewModel pid=5698 tid=5757 uptimeMs=1822659847 msg=run[1]: mode=EVAL_JSON phase=ONE_STEP commit=true prompt.len=247, fullPrompt.len=805, timeoutMs=120000
20260904_171235 D/AiViewModel pid=5698 tid=5757 uptimeMs=1822659847 msg=run[1]: sha(prompt)=c9c4e9605da6050376e759c8739914c4a6ca08bd65bb74717a68732e8cc42fdc sha(full)=2bac61d029c35e8ea25e34fdfecefa8acccc4703362844a2ba8d9059e8299d3a
20260904_171235 D/LiteRtRepository pid=5698 tid=5757 uptimeMs=1822659852 msg=[1] start model='Gemma3n4B' prompt.len=805 sha=2bac61d029c35e8e gateWaitMs=3
20260904_171235 D/LiteRtRepository pid=5698 tid=5757 uptimeMs=1822659857 msg=[1] init ok initMs=5
20260904_171239 D/LiteRtRepository pid=5698 tid=5698 uptimeMs=1822664032 msg=[1] logicalDone=true
20260904_171239 D/LiteRtRepository pid=5698 tid=5698 uptimeMs=1822664032 msg=[1] native cleanup safepoint
20260904_171239 D/AiViewModel pid=5698 tid=5751 uptimeMs=1822664035 msg=run[1] stats: chunks=11, chars=35, raw.len=35
20260904_171239 D/AiViewModel pid=5698 tid=5751 uptimeMs=1822664038 msg=run[1] sha(raw)=d09d4f2cf780320eeb3b19ad1973241d3c0f0509b42b433fd6e3e4b1e13317b4
20260904_171239 D/LiteRtRepository pid=5698 tid=5757 uptimeMs=1822664045 msg=[1] Conversation reset completed after safepoint
20260904_171239 I/LiteRtRepository pid=5698 tid=5757 uptimeMs=1822664048 msg=[1] finalize reason='native-terminated' totalMs=4196 inferenceMs=4190 firstTokenMs=2296 chunks=11 emittedChars=35 out.len=35 capturedAll=true logicalDone=true nativeTerminated=true cancelTag='null' lastDeltaMsAgo=166 lastEventMsAgo=15
20260904_171239 I/AiViewModel pid=5698 tid=5751 uptimeMs=1822664056 msg=run[1] done: phase=ONE_STEP mode=EVAL_JSON score=75 FU0.len=0 FU0.sha16=none commit=true err=<none>
20260904_171239 D/AiViewModel pid=5698 tid=5751 uptimeMs=1822664057 msg=run[2]: mode=FOLLOWUP_JSON_OR_TEXT phase=FOLLOWUP commit=false prompt.len=247, fullPrompt.len=502, timeoutMs=120000
20260904_171239 D/AiViewModel pid=5698 tid=5751 uptimeMs=1822664058 msg=run[2]: sha(prompt)=c9c4e9605da6050376e759c8739914c4a6ca08bd65bb74717a68732e8cc42fdc sha(full)=3e80d64e438daf0b53d156a28ce459c54006dc710a2860a5041e930e58cef075
20260904_171239 D/LiteRtRepository pid=5698 tid=5757 uptimeMs=1822664060 msg=[2] start model='Gemma3n4B' prompt.len=502 sha=3e80d64e438daf0b gateWaitMs=0
20260904_171239 D/LiteRtRepository pid=5698 tid=5757 uptimeMs=1822664063 msg=[2] init ok initMs=3
20260904_171244 D/LiteRtRepository pid=5698 tid=5698 uptimeMs=1822668302 msg=[2] logicalDone=true
20260904_171244 D/LiteRtRepository pid=5698 tid=5698 uptimeMs=1822668303 msg=[2] native cleanup safepoint
20260904_171244 D/AiViewModel pid=5698 tid=5751 uptimeMs=1822668303 msg=run[2] stats: chunks=10, chars=45, raw.len=45
20260904_171244 D/AiViewModel pid=5698 tid=5751 uptimeMs=1822668303 msg=run[2] sha(raw)=08e087145bd261cd975bc150fd3386a38f004aa243c03a7f035877177ba87795
20260904_171244 I/AiViewModel pid=5698 tid=5751 uptimeMs=1822668310 msg=run[2] done: phase=FOLLOWUP mode=FOLLOWUP_JSON_OR_TEXT score=null FU0.len=45 FU0.sha16=08e087145bd261cd commit=false err=<none>
20260904_171244 D/LiteRtRepository pid=5698 tid=5756 uptimeMs=1822668317 msg=[2] Conversation reset completed after safepoint
20260904_171244 I/LiteRtRepository pid=5698 tid=5751 uptimeMs=1822668317 msg=[2] finalize reason='native-terminated' totalMs=4258 inferenceMs=4254 firstTokenMs=2646 chunks=10 emittedChars=45 out.len=45 capturedAll=true logicalDone=true nativeTerminated=true cancelTag='null' lastDeltaMsAgo=164 lastEventMsAgo=15
20260904_171330 D/AiViewModel pid=5698 tid=5751 uptimeMs=1822714755 msg=run[3]: mode=EVAL_JSON phase=ONE_STEP commit=true prompt.len=416, fullPrompt.len=974, timeoutMs=120000
20260904_171330 D/AiViewModel pid=5698 tid=5751 uptimeMs=1822714756 msg=run[3]: sha(prompt)=b3f0c7673dae0ea28dd55f4718e47dc2e485e48f31a6188b7fe3b24f1fd7a59e sha(full)=8635f18d8984a390a924741cc0d3f89c29d15cf35a4d03bf4c8a963188cc2634
20260904_171330 D/LiteRtRepository pid=5698 tid=5757 uptimeMs=1822714759 msg=[3] start model='Gemma3n4B' prompt.len=974 sha=8635f18d8984a390 gateWaitMs=0
20260904_171330 D/LiteRtRepository pid=5698 tid=5757 uptimeMs=1822714763 msg=[3] init ok initMs=3
20260904_171334 D/LiteRtRepository pid=5698 tid=5698 uptimeMs=1822718435 msg=[3] logicalDone=true
20260904_171334 D/LiteRtRepository pid=5698 tid=5698 uptimeMs=1822718436 msg=[3] native cleanup safepoint
20260904_171334 D/AiViewModel pid=5698 tid=5751 uptimeMs=1822718438 msg=run[3] stats: chunks=12, chars=36, raw.len=36
20260904_171334 D/AiViewModel pid=5698 tid=5751 uptimeMs=1822718438 msg=run[3] sha(raw)=2ce19bdb976ceef46ff57eea2c28934543ab2bec24c56782e49780f53952dce9
20260904_171334 I/AiViewModel pid=5698 tid=5751 uptimeMs=1822718454 msg=run[3] done: phase=ONE_STEP mode=EVAL_JSON score=75 FU0.len=0 FU0.sha16=none commit=true err=<none>
20260904_171334 D/AiViewModel pid=5698 tid=5751 uptimeMs=1822718455 msg=run[4]: mode=FOLLOWUP_JSON_OR_TEXT phase=FOLLOWUP commit=false prompt.len=416, fullPrompt.len=671, timeoutMs=120000
20260904_171334 D/AiViewModel pid=5698 tid=5751 uptimeMs=1822718456 msg=run[4]: sha(prompt)=b3f0c7673dae0ea28dd55f4718e47dc2e485e48f31a6188b7fe3b24f1fd7a59e sha(full)=fed4d0eee5fbaf92a8a12ae6c59936ce88ebf050588766692d1c6924220cfc54
20260904_171334 D/LiteRtRepository pid=5698 tid=5817 uptimeMs=1822718464 msg=[3] Conversation reset completed after safepoint
20260904_171334 I/LiteRtRepository pid=5698 tid=5757 uptimeMs=1822718465 msg=[3] finalize reason='native-terminated' totalMs=3706 inferenceMs=3701 firstTokenMs=1776 chunks=12 emittedChars=36 out.len=36 capturedAll=true logicalDone=true nativeTerminated=true cancelTag='null' lastDeltaMsAgo=172 lastEventMsAgo=28
20260904_171334 D/LiteRtRepository pid=5698 tid=5786 uptimeMs=1822718465 msg=[4] start model='Gemma3n4B' prompt.len=671 sha=fed4d0eee5fbaf92 gateWaitMs=9
20260904_171334 D/LiteRtRepository pid=5698 tid=5786 uptimeMs=1822718467 msg=[4] init ok initMs=2
20260904_171336 D/LiteRtRepository pid=5698 tid=5698 uptimeMs=1822721093 msg=[4] logicalDone=true
20260904_171336 D/LiteRtRepository pid=5698 tid=5698 uptimeMs=1822721093 msg=[4] native cleanup safepoint
20260904_171336 D/AiViewModel pid=5698 tid=5786 uptimeMs=1822721095 msg=run[4] stats: chunks=10, chars=45, raw.len=45
20260904_171336 D/AiViewModel pid=5698 tid=5786 uptimeMs=1822721098 msg=run[4] sha(raw)=08e087145bd261cd975bc150fd3386a38f004aa243c03a7f035877177ba87795
20260904_171336 D/LiteRtRepository pid=5698 tid=5751 uptimeMs=1822721102 msg=[4] Conversation reset completed after safepoint
20260904_171336 I/LiteRtRepository pid=5698 tid=5757 uptimeMs=1822721103 msg=[4] finalize reason='native-terminated' totalMs=2638 inferenceMs=2636 firstTokenMs=1008 chunks=10 emittedChars=45 out.len=45 capturedAll=true logicalDone=true nativeTerminated=true cancelTag='null' lastDeltaMsAgo=161 lastEventMsAgo=10
20260904_171336 I/AiViewModel pid=5698 tid=5786 uptimeMs=1822721104 msg=run[4] done: phase=FOLLOWUP mode=FOLLOWUP_JSON_OR_TEXT score=null FU0.len=45 FU0.sha16=08e087145bd261cd commit=false err=<none>
20260904_171650 D/AiViewModel pid=5698 tid=5751 uptimeMs=1822914266 msg=run[5]: mode=EVAL_JSON phase=ONE_STEP commit=true prompt.len=276, fullPrompt.len=834, timeoutMs=120000
20260904_171650 D/AiViewModel pid=5698 tid=5751 uptimeMs=1822914267 msg=run[5]: sha(prompt)=4c4efde1a0473c08a258b3783e39c73174db7cffab63e1219c97f51206daa892 sha(full)=dc89f52bd73c11505bed8221bec719026527254d4a9926c0948a61e9f7c362f4
20260904_171650 D/LiteRtRepository pid=5698 tid=5751 uptimeMs=1822914273 msg=[5] start model='Gemma3n4B' prompt.len=834 sha=dc89f52bd73c1150 gateWaitMs=1
20260904_171650 D/LiteRtRepository pid=5698 tid=5751 uptimeMs=1822914277 msg=[5] init ok initMs=3
20260904_171653 D/LiteRtRepository pid=5698 tid=5698 uptimeMs=1822917792 msg=[5] logicalDone=true
20260904_171653 D/LiteRtRepository pid=5698 tid=5698 uptimeMs=1822917792 msg=[5] native cleanup safepoint
20260904_171653 D/AiViewModel pid=5698 tid=5786 uptimeMs=1822917794 msg=run[5] stats: chunks=11, chars=35, raw.len=35
20260904_171653 D/AiViewModel pid=5698 tid=5786 uptimeMs=1822917798 msg=run[5] sha(raw)=ebb3c015d4d7cb178df30d8ed9163d7c0af660b00022d413d0d7e5e25a29e0e2
20260904_171653 I/AiViewModel pid=5698 tid=5786 uptimeMs=1822917810 msg=run[5] done: phase=ONE_STEP mode=EVAL_JSON score=85 FU0.len=0 FU0.sha16=none commit=true err=<none>
20260904_171653 D/AiViewModel pid=5698 tid=5786 uptimeMs=1822917812 msg=run[6]: mode=FOLLOWUP_JSON_OR_TEXT phase=FOLLOWUP commit=false prompt.len=276, fullPrompt.len=531, timeoutMs=120000
20260904_171653 D/AiViewModel pid=5698 tid=5786 uptimeMs=1822917814 msg=run[6]: sha(prompt)=4c4efde1a0473c08a258b3783e39c73174db7cffab63e1219c97f51206daa892 sha(full)=ad13dda56ccd1aa27eff00a0cbeb130ac28bbfa79b6010e26ceba2e88d299184
20260904_171653 D/LiteRtRepository pid=5698 tid=5751 uptimeMs=1822917814 msg=[5] Conversation reset completed after safepoint
20260904_171653 I/LiteRtRepository pid=5698 tid=5757 uptimeMs=1822917815 msg=[5] finalize reason='native-terminated' totalMs=3545 inferenceMs=3538 firstTokenMs=1763 chunks=11 emittedChars=35 out.len=35 capturedAll=true logicalDone=true nativeTerminated=true cancelTag='null' lastDeltaMsAgo=174 lastEventMsAgo=23
20260904_171653 D/LiteRtRepository pid=5698 tid=5751 uptimeMs=1822917816 msg=[6] start model='Gemma3n4B' prompt.len=531 sha=ad13dda56ccd1aa2 gateWaitMs=1
20260904_171653 D/LiteRtRepository pid=5698 tid=5816 uptimeMs=1822917819 msg=[6] init ok initMs=2
20260904_171656 D/LiteRtRepository pid=5698 tid=5698 uptimeMs=1822920578 msg=[6] logicalDone=true
20260904_171656 D/LiteRtRepository pid=5698 tid=5698 uptimeMs=1822920578 msg=[6] native cleanup safepoint
20260904_171656 D/AiViewModel pid=5698 tid=5756 uptimeMs=1822920581 msg=run[6] stats: chunks=11, chars=59, raw.len=59
20260904_171656 D/AiViewModel pid=5698 tid=5756 uptimeMs=1822920584 msg=run[6] sha(raw)=4ab2a7fcdd471a9812c60317f5226b00ceb4e59842aa4364e224c3de5335c487
20260904_171656 D/LiteRtRepository pid=5698 tid=5757 uptimeMs=1822920588 msg=[6] Conversation reset completed after safepoint
20260904_171656 I/LiteRtRepository pid=5698 tid=5757 uptimeMs=1822920589 msg=[6] finalize reason='native-terminated' totalMs=2774 inferenceMs=2769 firstTokenMs=1006 chunks=11 emittedChars=59 out.len=59 capturedAll=true logicalDone=true nativeTerminated=true cancelTag='null' lastDeltaMsAgo=170 lastEventMsAgo=11
20260904_171656 I/AiViewModel pid=5698 tid=5756 uptimeMs=1822920589 msg=run[6] done: phase=FOLLOWUP mode=FOLLOWUP_JSON_OR_TEXT score=null FU0.len=59 FU0.sha16=4ab2a7fcdd471a98 commit=false err=<none>
20260904_171850 D/AiViewModel pid=5698 tid=5809 uptimeMs=1823034560 msg=run[7]: mode=EVAL_JSON phase=ONE_STEP commit=true prompt.len=568, fullPrompt.len=1126, timeoutMs=120000
20260904_171850 D/AiViewModel pid=5698 tid=5809 uptimeMs=1823034562 msg=run[7]: sha(prompt)=0f9b5a1a8dcc51961a9831d52da52f499fb4d49d9514b1ce5ac1d4fc9cfee897 sha(full)=d6127685d23cb147678cd631f29fb29efea900c5a981f866d403f14a2689d1d4
20260904_171850 D/LiteRtRepository pid=5698 tid=5809 uptimeMs=1823034565 msg=[7] start model='Gemma3n4B' prompt.len=1126 sha=d6127685d23cb147 gateWaitMs=2
20260904_171850 D/LiteRtRepository pid=5698 tid=5809 uptimeMs=1823034567 msg=[7] init ok initMs=2
20260904_171854 D/LiteRtRepository pid=5698 tid=5698 uptimeMs=1823038976 msg=[7] logicalDone=true
20260904_171854 D/LiteRtRepository pid=5698 tid=5698 uptimeMs=1823038976 msg=[7] native cleanup safepoint
20260904_171854 D/AiViewModel pid=5698 tid=5809 uptimeMs=1823038979 msg=run[7] stats: chunks=12, chars=36, raw.len=36
20260904_171854 D/AiViewModel pid=5698 tid=5809 uptimeMs=1823038982 msg=run[7] sha(raw)=177eb6b86b9c41e6ff3747c1919726173bd0c7d26a8d6a0bd59f58bcb68dc2c6
20260904_171854 D/LiteRtRepository pid=5698 tid=5786 uptimeMs=1823038997 msg=[7] Conversation reset completed after safepoint
20260904_171854 I/LiteRtRepository pid=5698 tid=5757 uptimeMs=1823038998 msg=[7] finalize reason='native-terminated' totalMs=4433 inferenceMs=4430 firstTokenMs=2474 chunks=12 emittedChars=36 out.len=36 capturedAll=true logicalDone=true nativeTerminated=true cancelTag='null' lastDeltaMsAgo=190 lastEventMsAgo=21
20260904_171854 I/AiViewModel pid=5698 tid=5809 uptimeMs=1823039000 msg=run[7] done: phase=ONE_STEP mode=EVAL_JSON score=95 FU0.len=0 FU0.sha16=none commit=true err=<none>
20260904_173322 I/AppRingLogStore pid=7413 tid=7413 uptimeMs=1823906767 msg=install: pid=7413 timeUtc=20260904_173322 uptimeMs=1823906767
20260904_173322 D/SurveyApp pid=7413 tid=7413 uptimeMs=1823906768 msg=attachBaseContext: pid=7413 process=com.negi.survey isMain=true sdk=36
20260904_173322 D/SurveyApp pid=7413 tid=7413 uptimeMs=1823906784 msg=onCreate: pid=7413 process=com.negi.survey isMain=true sdk=36
20260904_173358 D/AiTrace pid=7413 tid=7413 uptimeMs=1823942397 msg=Installed (enabled=true ringEnabled=true)
20260904_173358 D/LiteRtRepository pid=7413 tid=7413 uptimeMs=1823942543 msg=warmUp init ok initMs=9 gateWaitMs=0
20260904_173358 D/LiteRtRepository pid=7413 tid=7413 uptimeMs=1823942543 msg=warmUp Engine ready representativeInference=false totalMs=9
20260904_174912 D/AiViewModel pid=7413 tid=7430 uptimeMs=1824856608 msg=run[1]: mode=EVAL_JSON phase=ONE_STEP commit=true prompt.len=249, fullPrompt.len=807, timeoutMs=120000
20260904_174912 D/AiViewModel pid=7413 tid=7430 uptimeMs=1824856610 msg=run[1]: sha(prompt)=1635b082b5b988cb0e0426eb6aa89bf283159128e9e6e5fba8b8354ef913b9ff sha(full)=23ce675953d717fc5ff8b06b49af6fec26482439f602bd476c27881682bb4cdf
20260904_174912 D/LiteRtRepository pid=7413 tid=7431 uptimeMs=1824856616 msg=[1] start model='Gemma3n4B' prompt.len=807 sha=23ce675953d717fc gateWaitMs=4
20260904_174912 D/LiteRtRepository pid=7413 tid=7431 uptimeMs=1824856621 msg=[1] init ok initMs=4
20260904_174916 D/LiteRtRepository pid=7413 tid=7413 uptimeMs=1824860932 msg=[1] logicalDone=true
20260904_174916 D/LiteRtRepository pid=7413 tid=7413 uptimeMs=1824860932 msg=[1] native cleanup safepoint
20260904_174916 D/AiViewModel pid=7413 tid=7430 uptimeMs=1824860933 msg=run[1] stats: chunks=12, chars=36, raw.len=36
20260904_174916 D/AiViewModel pid=7413 tid=7430 uptimeMs=1824860940 msg=run[1] sha(raw)=e9fa1ae9ab259f05b0c2a24eacd0304791a447733cf4b529f13dc67a3165c65d
20260904_174916 D/LiteRtRepository pid=7413 tid=7432 uptimeMs=1824860955 msg=[1] Conversation reset completed after safepoint
20260904_174916 I/LiteRtRepository pid=7413 tid=7432 uptimeMs=1824860957 msg=[1] finalize reason='native-terminated' totalMs=4342 inferenceMs=4336 firstTokenMs=2311 chunks=12 emittedChars=36 out.len=36 capturedAll=true logicalDone=true nativeTerminated=true cancelTag='null' lastDeltaMsAgo=202 lastEventMsAgo=25
20260904_174916 I/AiViewModel pid=7413 tid=7430 uptimeMs=1824860968 msg=run[1] done: phase=ONE_STEP mode=EVAL_JSON score=85 FU0.len=0 FU0.sha16=none commit=true err=<none>
20260904_174916 D/AiViewModel pid=7413 tid=7430 uptimeMs=1824860969 msg=run[2]: mode=FOLLOWUP_JSON_OR_TEXT phase=FOLLOWUP commit=false prompt.len=249, fullPrompt.len=504, timeoutMs=120000
20260904_174916 D/AiViewModel pid=7413 tid=7430 uptimeMs=1824860970 msg=run[2]: sha(prompt)=1635b082b5b988cb0e0426eb6aa89bf283159128e9e6e5fba8b8354ef913b9ff sha(full)=5fd450e7eea660bb827358449d5d748220081c8f148be1764e2d90ed01597738
20260904_174916 D/LiteRtRepository pid=7413 tid=7430 uptimeMs=1824860971 msg=[2] start model='Gemma3n4B' prompt.len=504 sha=5fd450e7eea660bb gateWaitMs=0
20260904_174916 D/LiteRtRepository pid=7413 tid=7430 uptimeMs=1824860973 msg=[2] init ok initMs=1
20260904_174921 D/LiteRtRepository pid=7413 tid=7413 uptimeMs=1824865253 msg=[2] logicalDone=true
20260904_174921 D/LiteRtRepository pid=7413 tid=7413 uptimeMs=1824865254 msg=[2] native cleanup safepoint
20260904_174921 D/AiViewModel pid=7413 tid=8186 uptimeMs=1824865257 msg=run[2] stats: chunks=10, chars=45, raw.len=45
20260904_174921 D/AiViewModel pid=7413 tid=8186 uptimeMs=1824865260 msg=run[2] sha(raw)=08e087145bd261cd975bc150fd3386a38f004aa243c03a7f035877177ba87795
20260904_174921 D/LiteRtRepository pid=7413 tid=8190 uptimeMs=1824865268 msg=[2] Conversation reset completed after safepoint
20260904_174921 I/AiViewModel pid=7413 tid=8186 uptimeMs=1824865269 msg=run[2] done: phase=FOLLOWUP mode=FOLLOWUP_JSON_OR_TEXT score=null FU0.len=45 FU0.sha16=08e087145bd261cd commit=false err=<none>
20260904_174921 I/LiteRtRepository pid=7413 tid=7432 uptimeMs=1824865269 msg=[2] finalize reason='native-terminated' totalMs=4298 inferenceMs=4296 firstTokenMs=2677 chunks=10 emittedChars=45 out.len=45 capturedAll=true logicalDone=true nativeTerminated=true cancelTag='null' lastDeltaMsAgo=194 lastEventMsAgo=16
