=== RuntimeLogStore Header ===
ts=2026-10-08T21:50:16.038Z
fileNameFormat=LEGACY
appId=com.negi.survey
versionName=0.0.1
versionCode=121
debug=false
device=samsung SM-S931U1
sdk=36
pid=19593
==============================
2026-10-08T21:50:16.039Z I/RuntimeLogStore [rtlog-io] start: actor launched (fileNameFormat=LEGACY)
2026-10-08T21:50:16.035Z D/SurveyApp [main] attachBaseContext: pid=19593 process=com.negi.survey isMain=true sdk=36
2026-10-08T21:50:16.035Z D/SurveyApp [main] bootTiming: attachBaseContext total=5ms
2026-10-08T21:50:16.035Z D/SurveyApp [main] Skipping WorkManager init in attachBaseContext; will init lazily on first enqueue.
2026-10-08T21:50:16.035Z D/SurveyApp [main] CrashCapture installed: where=SurveyApp:attachBaseContext
2026-10-08T21:50:16.038Z I/RuntimeLogStore [main] start repair: ctx/dir refreshed
2026-10-08T21:50:16.038Z D/SurveyApp [main] bootTiming: RuntimeLogStore.start took=0ms
2026-10-08T21:50:16.038Z D/SurveyApp [main] bootTiming: AppRingLogStore.install took=0ms
2026-10-08T21:50:16.038Z D/SurveyApp [main] onCreate: pid=19593 process=com.negi.survey isMain=true sdk=36
2026-10-08T21:50:16.038Z D/SurveyApp [main] CrashCapture installed: where=SurveyApp:onCreate(rewrap)
2026-10-08T21:50:16.038Z D/SurveyApp [main] CrashCapture self-healing registered.
2026-10-08T21:50:16.038Z W/SurveyApp [main] Startup enqueues deferred: delay=2500ms (to reduce init contention)
2026-10-08T21:50:16.038Z D/SurveyApp [main] Startup survey recovery deferred: delay=2500ms
2026-10-08T21:50:16.038Z D/SurveyApp [main] bootTiming: onCreate total=0ms
2026-10-08T21:50:16.042Z I/RuntimeLogStore [DefaultDispatcher-worker-1] start repair: ctx/dir refreshed
2026-10-08T21:50:17.322Z I/RuntimeLogStore [DefaultDispatcher-worker-1] start repair: ctx/dir refreshed
