20260923_230840 I/AppRingLogStore pid=20211 tid=20211 uptimeMs=124091670 msg=install: pid=20211 timeUtc=20260923_230840 uptimeMs=124091670
20260923_230840 D/SurveyApp pid=20211 tid=20211 uptimeMs=124091671 msg=attachBaseContext: pid=20211 process=com.negi.survey isMain=true sdk=36
20260923_230840 D/SurveyApp pid=20211 tid=20211 uptimeMs=124091673 msg=onCreate: pid=20211 process=com.negi.survey isMain=true sdk=36
20260923_231146 D/AiTrace pid=20211 tid=20211 uptimeMs=124278253 msg=Installed (enabled=false ringEnabled=true)
20260923_231146 D/LiteRtRepository pid=20211 tid=20211 uptimeMs=124278280 msg=warmUp init ok initMs=0 gateWaitMs=0
20260923_231146 D/LiteRtRepository pid=20211 tid=20211 uptimeMs=124278280 msg=warmUp Engine ready representativeInference=false totalMs=0
20260923_231313 D/LiteRtRepository pid=20211 tid=20243 uptimeMs=124365534 msg=[1] start model='Gemma3n4B' prompt.len=2318 sha=581cb2fd1b2262d2 gateWaitMs=0
20260923_231313 D/LiteRtRepository pid=20211 tid=20243 uptimeMs=124365534 msg=[1] init ok initMs=0
20260923_231318 D/LiteRtRepository pid=20211 tid=20211 uptimeMs=124369719 msg=[1] logicalDone=true
20260923_231318 D/LiteRtRepository pid=20211 tid=20211 uptimeMs=124369719 msg=[1] native cleanup safepoint
20260923_231318 D/LiteRtRepository pid=20211 tid=20254 uptimeMs=124369729 msg=[1] Conversation reset completed after safepoint
20260923_231318 I/LiteRtRepository pid=20211 tid=20343 uptimeMs=124369729 msg=[1] finalize reason='native-terminated' totalMs=4196 inferenceMs=4195 firstTokenMs=2291 chunks=25 emittedChars=73 out.len=73 capturedAll=true logicalDone=true nativeTerminated=true cancelTag='null' lastDeltaMsAgo=10 lastEventMsAgo=10
20260923_231318 I/AiViewModel pid=20211 tid=20242 uptimeMs=124369730 msg=run[1] done: phase=EVAL mode=EVAL_JSON score=90 FU0.len=0 FU0.sha16=none commit=true err=<none>
20260923_231459 D/LiteRtRepository pid=20211 tid=20242 uptimeMs=124470768 msg=[2] start model='Gemma3n4B' prompt.len=2286 sha=b2fba3c57be4250f gateWaitMs=0
20260923_231459 D/LiteRtRepository pid=20211 tid=20242 uptimeMs=124470769 msg=[2] init ok initMs=1
20260923_231504 D/LiteRtRepository pid=20211 tid=20211 uptimeMs=124475671 msg=[2] logicalDone=true
20260923_231504 D/LiteRtRepository pid=20211 tid=20211 uptimeMs=124475671 msg=[2] native cleanup safepoint
20260923_231504 I/AiViewModel pid=20211 tid=20242 uptimeMs=124475678 msg=run[2] done: phase=EVAL mode=EVAL_JSON score=85 FU0.len=0 FU0.sha16=none commit=true err=<none>
20260923_231504 D/LiteRtRepository pid=20211 tid=20241 uptimeMs=124475680 msg=[2] Conversation reset completed after safepoint
20260923_231504 I/LiteRtRepository pid=20211 tid=20242 uptimeMs=124475681 msg=[2] finalize reason='native-terminated' totalMs=4913 inferenceMs=4912 firstTokenMs=1402 chunks=44 emittedChars=130 out.len=130 capturedAll=true logicalDone=true nativeTerminated=true cancelTag='null' lastDeltaMsAgo=11 lastEventMsAgo=10
20260923_231551 I/AiViewModel pid=20211 tid=20211 uptimeMs=124523333 msg=onCleared: ViewModel is being cleared -> stopCurrentRunInternal()
20260923_231609 D/AiTrace pid=20211 tid=20211 uptimeMs=124541400 msg=Installed (enabled=false ringEnabled=true)
20260923_231609 D/LiteRtRepository pid=20211 tid=20211 uptimeMs=124541483 msg=warmUp init ok initMs=3 gateWaitMs=0
20260923_231609 D/LiteRtRepository pid=20211 tid=20211 uptimeMs=124541483 msg=warmUp Engine ready representativeInference=false totalMs=3
20260923_231712 D/LiteRtRepository pid=20211 tid=20241 uptimeMs=124603950 msg=[3] start model='Gemma3n4B' prompt.len=2265 sha=8883840f41c6fc24 gateWaitMs=2
20260923_231712 D/LiteRtRepository pid=20211 tid=20241 uptimeMs=124603953 msg=[3] init ok initMs=3
20260923_231715 D/LiteRtRepository pid=20211 tid=20211 uptimeMs=124607492 msg=[3] logicalDone=true
20260923_231715 D/LiteRtRepository pid=20211 tid=20211 uptimeMs=124607492 msg=[3] native cleanup safepoint
20260923_231715 I/AiViewModel pid=20211 tid=20241 uptimeMs=124607496 msg=run[1] done: phase=EVAL mode=EVAL_JSON score=95 FU0.len=0 FU0.sha16=none commit=true err=<none>
20260923_231715 D/LiteRtRepository pid=20211 tid=20242 uptimeMs=124607500 msg=[3] Conversation reset completed after safepoint
20260923_231715 I/LiteRtRepository pid=20211 tid=20241 uptimeMs=124607500 msg=[3] finalize reason='native-terminated' totalMs=3552 inferenceMs=3547 firstTokenMs=1759 chunks=22 emittedChars=68 out.len=68 capturedAll=true logicalDone=true nativeTerminated=true cancelTag='null' lastDeltaMsAgo=9 lastEventMsAgo=8
20260923_231750 D/LiteRtRepository pid=20211 tid=20243 uptimeMs=124642122 msg=[4] start model='Gemma3n4B' prompt.len=2244 sha=1d750e5e26bc9934 gateWaitMs=3
20260923_231750 D/LiteRtRepository pid=20211 tid=20243 uptimeMs=124642128 msg=[4] init ok initMs=6
20260923_231754 D/LiteRtRepository pid=20211 tid=20211 uptimeMs=124645933 msg=[4] logicalDone=true
20260923_231754 D/LiteRtRepository pid=20211 tid=20211 uptimeMs=124645933 msg=[4] native cleanup safepoint
20260923_231754 I/AiViewModel pid=20211 tid=20243 uptimeMs=124645941 msg=run[2] done: phase=EVAL mode=EVAL_JSON score=75 FU0.len=0 FU0.sha16=none commit=true err=<none>
20260923_231754 D/LiteRtRepository pid=20211 tid=20254 uptimeMs=124645942 msg=[4] Conversation reset completed after safepoint
20260923_231754 I/LiteRtRepository pid=20211 tid=20241 uptimeMs=124645942 msg=[4] finalize reason='native-terminated' totalMs=3823 inferenceMs=3814 firstTokenMs=1450 chunks=29 emittedChars=106 out.len=106 capturedAll=true logicalDone=true nativeTerminated=true cancelTag='null' lastDeltaMsAgo=11 lastEventMsAgo=9
20260923_233500 I/AppRingLogStore pid=30233 tid=30233 uptimeMs=125672558 msg=install: pid=30233 timeUtc=20260923_233500 uptimeMs=125672558
20260923_233500 D/SurveyApp pid=30233 tid=30233 uptimeMs=125672558 msg=attachBaseContext: pid=30233 process=com.negi.survey isMain=true sdk=36
20260923_233500 D/SurveyApp pid=30233 tid=30233 uptimeMs=125672560 msg=onCreate: pid=30233 process=com.negi.survey isMain=true sdk=36
