=== RuntimeLogStore Header ===
ts=2026-09-21T22:50:09.998Z
fileNameFormat=LEGACY
appId=com.negi.survey
versionName=0.0.1
versionCode=1
debug=true
device=Google Pixel 9a
sdk=36
pid=24515
==============================
2026-09-21T22:50:09.998Z I/RuntimeLogStore [rtlog-io] start: actor launched (fileNameFormat=LEGACY)
2026-09-21T22:50:09.993Z D/SurveyApp [main] attachBaseContext: pid=24515 process=com.negi.survey isMain=true sdk=36
2026-09-21T22:50:09.993Z D/SurveyApp [main] bootTiming: attachBaseContext total=57ms
2026-09-21T22:50:09.993Z D/SurveyApp [main] Skipping WorkManager init in attachBaseContext; will init lazily on first enqueue.
2026-09-21T22:50:09.995Z D/SurveyApp [main] CrashCapture installed: where=SurveyApp:attachBaseContext
2026-09-21T22:50:10.008Z I/RuntimeLogStore [main] start repair: ctx/dir refreshed
2026-09-21T22:50:10.009Z D/SurveyApp [main] bootTiming: RuntimeLogStore.start took=0ms
2026-09-21T22:50:10.009Z D/SurveyApp [main] bootTiming: AppRingLogStore.install took=0ms
2026-09-21T22:50:10.009Z D/SurveyApp [main] onCreate: pid=24515 process=com.negi.survey isMain=true sdk=36
2026-09-21T22:50:10.013Z D/SurveyApp [main] CrashCapture installed: where=SurveyApp:onCreate(rewrap)
2026-09-21T22:50:10.014Z D/SurveyApp [main] CrashCapture self-healing registered.
2026-09-21T22:50:10.014Z W/SurveyApp [main] Startup enqueues deferred: delay=2500ms (to reduce init contention)
2026-09-21T22:50:10.014Z D/SurveyApp [main] bootTiming: onCreate total=6ms
2026-09-21T22:50:12.518Z W/SurveyApp [main] Deferred startup enqueues begin...
2026-09-21T22:50:12.542Z D/SurveyApp [main] WorkManager available. where=startupRtLogs(immediate) took=24ms
2026-09-21T22:50:12.548Z D/SurveyApp [main] Startup runtime logs target -> owner=ishizuki-tech repo=SurveyExports branch=main base='/diagnostics/runtime_logs'
2026-09-21T22:50:12.554Z D/SurveyApp [main] Startup runtime logs: enqueue requested (immediate).
2026-09-21T22:50:12.554Z D/SurveyApp [main] WorkManager available. where=startupRingLogs(immediate) took=0ms
2026-09-21T22:50:12.555Z D/SurveyApp [main] Startup ring logs target -> owner=ishizuki-tech repo=SurveyExports branch=main base='/diagnostics/applog_ring'
2026-09-21T22:50:12.555Z D/SurveyApp [main] Startup ring logs: enqueue requested (immediate).
2026-09-21T22:50:12.556Z D/SurveyApp [main] WorkManager available. where=enqueuePending(immediate) took=0ms
2026-09-21T22:50:12.556Z D/SurveyApp [main] CrashCapture pending uploads requested (immediate).
2026-09-21T22:50:12.556Z W/SurveyApp [main] Deferred startup enqueues done: took=38ms
2026-09-21T22:50:13.922Z I/RuntimeLogStore [DefaultDispatcher-worker-2] start repair: ctx/dir refreshed
