=== RuntimeLogStore Header ===
ts=2026-10-07T09:35:34.284Z
fileNameFormat=LEGACY
appId=com.negi.survey
versionName=0.0.1
versionCode=105
debug=false
device=samsung SM-S936B
sdk=35
pid=29896
==============================
2026-10-07T09:35:34.284Z I/RuntimeLogStore [rtlog-io] start: actor launched (fileNameFormat=LEGACY)
2026-10-07T09:35:34.284Z D/SurveyApp [main] attachBaseContext: pid=29896 process=com.negi.survey isMain=true sdk=35
2026-10-07T09:35:34.284Z D/SurveyApp [main] bootTiming: attachBaseContext total=10ms
2026-10-07T09:35:34.284Z D/SurveyApp [main] Skipping WorkManager init in attachBaseContext; will init lazily on first enqueue.
2026-10-07T09:35:34.284Z D/SurveyApp [main] CrashCapture installed: where=SurveyApp:attachBaseContext
2026-10-07T09:35:34.286Z I/RuntimeLogStore [main] start repair: ctx/dir refreshed
2026-10-07T09:35:34.286Z D/SurveyApp [main] bootTiming: RuntimeLogStore.start took=0ms
2026-10-07T09:35:34.286Z D/SurveyApp [main] bootTiming: AppRingLogStore.install took=0ms
2026-10-07T09:35:34.286Z D/SurveyApp [main] onCreate: pid=29896 process=com.negi.survey isMain=true sdk=35
2026-10-07T09:35:34.286Z D/SurveyApp [main] CrashCapture installed: where=SurveyApp:onCreate(rewrap)
2026-10-07T09:35:34.286Z D/SurveyApp [main] CrashCapture self-healing registered.
2026-10-07T09:35:34.286Z W/SurveyApp [main] Startup enqueues deferred: delay=2500ms (to reduce init contention)
2026-10-07T09:35:34.286Z D/SurveyApp [main] Startup survey recovery deferred: delay=2500ms
2026-10-07T09:35:34.287Z D/SurveyApp [main] bootTiming: onCreate total=0ms
2026-10-07T09:35:36.786Z W/SurveyApp [main] Deferred startup enqueues begin...
2026-10-07T09:35:36.787Z D/SurveyApp [main] WorkManager available. where=startupRtLogs(immediate) took=0ms
2026-10-07T09:35:36.789Z D/SurveyApp [main] Startup runtime logs target -> owner=ishizuki-tech repo=SurveyExports branch=main base='/diagnostics/runtime_logs'
2026-10-07T09:35:36.791Z D/SurveyApp [main] Startup runtime logs: enqueue requested (immediate).
2026-10-07T09:35:36.791Z D/SurveyApp [main] WorkManager available. where=startupRingLogs(immediate) took=0ms
2026-10-07T09:35:36.791Z D/SurveyApp [main] Startup ring logs target -> owner=ishizuki-tech repo=SurveyExports branch=main base='/diagnostics/applog_ring'
2026-10-07T09:35:36.792Z D/SurveyApp [main] Startup ring logs: enqueue requested (immediate).
2026-10-07T09:35:36.792Z D/SurveyApp [main] WorkManager available. where=enqueuePending(immediate) took=0ms
2026-10-07T09:35:36.792Z D/SurveyApp [main] CrashCapture pending uploads requested (immediate).
2026-10-07T09:35:36.792Z W/SurveyApp [main] Deferred startup enqueues done: took=6ms
2026-10-07T09:35:36.792Z D/SurveyApp [DefaultDispatcher-worker-3] Survey recovery WorkManager available. where=startupSurveyUploads(initial) took=0ms
2026-10-07T09:35:36.806Z D/SurveyApp [DefaultDispatcher-worker-3] Startup survey recovery complete: discovered=3 attempted=3 submitted=0 active=3 trackerUnconfirmed=0 uploaded=0 deferred=0 invalid=0 operationalFailures=0 duplicates=0 unclassified=3
2026-10-07T10:00:17.504Z D/LiteRtLM [DefaultDispatcher-worker-4] Initializing LiteRT-LM: model='Gemma3n4B', key='fs|dev=65083|ino=38577|size=4919541760|mtime=1791197404755'
2026-10-07T10:00:17.504Z D/LiteRtLM [DefaultDispatcher-worker-4] Capabilities: image=false audio=false
2026-10-07T10:00:17.504Z D/LiteRtLM [DefaultDispatcher-worker-4] Backend=com.google.ai.edge.litertlm.Backend$GPU@63f4b62 maxNumTokens=4096 (raw=4096) topK=64 topP=0.95 temp=1.0
2026-10-07T10:00:17.504Z D/LiteRtLM [DefaultDispatcher-worker-4] Model path='/data/user/0/com.negi.survey/files/gemma-3n-E4B-it-int4.litertlm' sizeBytes=4919541760 lastModified=1791197404755
2026-10-07T10:00:17.504Z W/LiteRtLM [DefaultDispatcher-worker-4] Large maxNumTokens=4096 requested. This increases KV-cache capacity and memory pressure. For short survey JSON/follow-up generation, validate whether a smaller configured value is sufficient.
2026-10-07T10:00:17.504Z D/LiteRtLM [DefaultDispatcher-worker-4] LiteRT-LM native benchmark policy: enabled=false emulator=false
2026-10-07T10:00:17.505Z D/LiteRtLM [DefaultDispatcher-worker-4] Speculative decoding / MTP policy: enabled=false runtimeFlagUpdated=true model='Gemma3n4B'
2026-10-07T10:00:17.505Z D/LiteRtLM [DefaultDispatcher-worker-4] Engine cacheDir resolved: key='fs|dev=65083|ino=38577|size=4919541760|mtime=1791197404755' backend=com.google.ai.edge.litertlm.Backend$GPU@63f4b62 path='/data/user/0/com.negi.survey/no_backup/litertlm_cache/fd8f51ba02cbd8d47b5b0faf069f50208b848469' filesBefore=2
2026-10-07T10:00:25.362Z W/LiteRtLM [DefaultDispatcher-worker-4] Engine.initialize completed: key='fs|dev=65083|ino=38577|size=4919541760|mtime=1791197404755' backend=com.google.ai.edge.litertlm.Backend$GPU@63f4b62 took=7856ms cacheFilesAfter=2
2026-10-07T10:00:25.372Z D/LiteRtLM [DefaultDispatcher-worker-4] createConversation completed: key='fs|dev=65083|ino=38577|size=4919541760|mtime=1791197404755' took=9ms
2026-10-07T10:00:25.372Z D/LiteRtLM [DefaultDispatcher-worker-4] LiteRT-LM initialization succeeded: model='Gemma3n4B', key='fs|dev=65083|ino=38577|size=4919541760|mtime=1791197404755' engineMs=7856 conversationMs=9 totalMs=7868
2026-10-07T10:00:25.383Z D/AiTrace [main] Installed (enabled=false ringEnabled=true)
2026-10-07T10:00:25.387Z D/SurveyVM [main] init -> Start, session=0, uuid=c2430193-672c-4794-b5f6-1b8c9d3b2b26, navSize=1, graphSize=22
2026-10-07T10:00:25.389Z D/SurveyVM [main] config.validate -> issues=0
2026-10-07T10:00:25.389Z D/SurveyVM [main] promptSources -> legacy=10, eval=0, follow=0
2026-10-07T10:00:25.389Z D/SurveyVM [main] promptSources.preview -> legacy=[Q10, Q11, Q12, Q13, Q14, Q15, Q16, Q7, Q8, Q9], eval=[], follow=[]
2026-10-07T10:00:25.390Z D/SurveyVM [main] hasTwoStepPrompt[Q10] -> true (eval=179, fu=204)
2026-10-07T10:00:25.390Z D/SurveyVM [main] hasTwoStepPrompt[Q11] -> true (eval=171, fu=196)
2026-10-07T10:00:25.390Z D/SurveyVM [main] hasTwoStepPrompt[Q12] -> true (eval=159, fu=184)
2026-10-07T10:00:25.390Z D/SurveyVM [main] hasTwoStepPrompt[Q13] -> true (eval=209, fu=234)
2026-10-07T10:00:25.390Z D/SurveyVM [main] hasTwoStepPrompt[Q14] -> true (eval=150, fu=175)
2026-10-07T10:00:25.390Z D/SurveyVM [main] hasTwoStepPrompt[Q15] -> true (eval=167, fu=192)
2026-10-07T10:00:25.390Z D/SurveyVM [main] hasTwoStepPrompt[Q16] -> true (eval=194, fu=219)
2026-10-07T10:00:25.390Z D/SurveyVM [main] hasTwoStepPrompt[Q7] -> true (eval=244, fu=155)
2026-10-07T10:00:25.390Z D/SurveyVM [main] hasTwoStepPrompt[Q8] -> true (eval=186, fu=211)
2026-10-07T10:00:25.390Z D/SurveyVM [main] hasTwoStepPrompt[Q9] -> true (eval=169, fu=194)
2026-10-07T10:00:25.390Z D/SurveyVM [main] AI prompt coverage OK (aiCount=10)
2026-10-07T10:00:25.504Z D/LiteRtLM [slm-jni] initializeIfNeeded: warm runtime already ready: key='fs|dev=65083|ino=38577|size=4919541760|mtime=1791197404755'
2026-10-07T10:00:25.504Z D/LiteRtRepository [main] warmUp: initializeIfNeeded ok gateWaitMs=0 initMs=1
2026-10-07T10:00:25.504Z D/LiteRtRepository [main] warmUp: Engine ready; representative inference disabled totalMs=1
2026-10-07T10:00:31.390Z D/SurveyVM [main] setRunFreeText(draft) -> len=1
2026-10-07T10:00:31.533Z D/SurveyVM [main] setRunFreeText(draft) -> len=2
2026-10-07T10:00:32.159Z D/SurveyVM [main] setRunFreeText(draft) -> len=3
2026-10-07T10:00:32.462Z D/SurveyVM [main] setRunFreeText(draft) -> len=4
2026-10-07T12:20:33.756Z I/RuntimeLogStore [DefaultDispatcher-worker-59] start repair: ctx/dir refreshed
