=== RuntimeLogStore Header ===
ts=2026-10-05T11:03:06.998Z
fileNameFormat=LEGACY
appId=com.negi.survey
versionName=0.0.1
versionCode=105
debug=false
device=samsung SM-S936B
sdk=35
pid=29946
==============================
2026-10-05T11:03:06.998Z I/RuntimeLogStore [rtlog-io] --- rotated (reason=plain_snapshot:app_start) ---
2026-10-05T11:03:13.664Z W/LiteRtLM [DefaultDispatcher-worker-7] Engine.initialize completed: key='fs|dev=65083|ino=38577|size=4919541760|mtime=1791197404755' backend=com.google.ai.edge.litertlm.Backend$GPU@b586be took=7269ms cacheFilesAfter=2
2026-10-05T11:03:13.673Z D/LiteRtLM [DefaultDispatcher-worker-7] createConversation completed: key='fs|dev=65083|ino=38577|size=4919541760|mtime=1791197404755' took=8ms
2026-10-05T11:03:13.674Z D/LiteRtLM [DefaultDispatcher-worker-7] LiteRT-LM initialization succeeded: model='Gemma3n4B', key='fs|dev=65083|ino=38577|size=4919541760|mtime=1791197404755' engineMs=7269 conversationMs=8 totalMs=7281
2026-10-05T11:03:13.694Z D/AiTrace [main] Installed (enabled=false ringEnabled=true)
2026-10-05T11:03:13.697Z D/SurveyVM [main] resetNavToStart -> key=com.negi.survey.vm.FlowHome@8f14ab4, navSize=1
2026-10-05T11:03:13.697Z D/SurveyVM [main] init -> Start, session=0, uuid=51ada1b5-b441-411b-b251-2e6b4ebbbf9a, navSize=1, graphSize=22
2026-10-05T11:03:13.702Z D/SurveyVM [main] config.validate -> issues=0
2026-10-05T11:03:13.702Z D/SurveyVM [main] promptSources -> legacy=10, eval=0, follow=0
2026-10-05T11:03:13.702Z D/SurveyVM [main] promptSources.preview -> legacy=[Q10, Q11, Q12, Q13, Q14, Q15, Q16, Q7, Q8, Q9], eval=[], follow=[]
2026-10-05T11:03:13.702Z D/SurveyVM [main] hasTwoStepPrompt[Q10] -> true (eval=179, fu=204)
2026-10-05T11:03:13.702Z D/SurveyVM [main] hasTwoStepPrompt[Q11] -> true (eval=171, fu=196)
2026-10-05T11:03:13.702Z D/SurveyVM [main] hasTwoStepPrompt[Q12] -> true (eval=159, fu=184)
2026-10-05T11:03:13.702Z D/SurveyVM [main] hasTwoStepPrompt[Q13] -> true (eval=209, fu=234)
2026-10-05T11:03:13.702Z D/SurveyVM [main] hasTwoStepPrompt[Q14] -> true (eval=150, fu=175)
2026-10-05T11:03:13.702Z D/SurveyVM [main] hasTwoStepPrompt[Q15] -> true (eval=167, fu=192)
2026-10-05T11:03:13.702Z D/SurveyVM [main] hasTwoStepPrompt[Q16] -> true (eval=194, fu=219)
2026-10-05T11:03:13.702Z D/SurveyVM [main] hasTwoStepPrompt[Q7] -> true (eval=244, fu=155)
2026-10-05T11:03:13.702Z D/SurveyVM [main] hasTwoStepPrompt[Q8] -> true (eval=186, fu=211)
2026-10-05T11:03:13.702Z D/SurveyVM [main] hasTwoStepPrompt[Q9] -> true (eval=169, fu=194)
2026-10-05T11:03:13.702Z D/SurveyVM [main] AI prompt coverage OK (aiCount=10)
2026-10-05T11:03:13.730Z D/LiteRtLM [slm-jni] initializeIfNeeded: warm runtime already ready: key='fs|dev=65083|ino=38577|size=4919541760|mtime=1791197404755'
2026-10-05T11:03:13.730Z D/LiteRtRepository [main] warmUp: initializeIfNeeded ok gateWaitMs=0 initMs=1
2026-10-05T11:03:13.730Z D/LiteRtRepository [main] warmUp: Engine ready; representative inference disabled totalMs=1
2026-10-05T11:03:16.367Z D/SurveyVM [main] resetAudioRefs -> cleared
2026-10-05T11:03:16.368Z D/SurveyVM [main] resetNavToStart -> key=com.negi.survey.vm.FlowHome@8f14ab4, navSize=1
2026-10-05T11:03:16.368Z D/SurveyVM [main] resetToStart -> Start, session=1, uuid=63105e34-bf9b-4fe2-8e06-4dd97e75e8c6, preserveDraft=true, draftLen=0
2026-10-05T11:03:16.368Z D/SurveyVM [main] activateRunIfNeeded(advanceToNext:Introduction) -> runNoteLen=0, draftCleared=true, uuid=63105e34-bf9b-4fe2-8e06-4dd97e75e8c6
2026-10-05T11:03:16.368Z D/SurveyVM [main] push -> Introduction, navSize=2, stackSize=2
2026-10-05T11:03:18.592Z D/SurveyVM [main] push -> Consent, navSize=3, stackSize=3
2026-10-05T11:03:24.023Z D/SurveyVM [main] push -> Q1, navSize=4, stackSize=4
2026-10-05T11:03:25.657Z D/SurveyVM [main] push -> Q2, navSize=5, stackSize=5
2026-10-05T11:03:27.051Z D/SurveyVM [main] push -> Q3, navSize=6, stackSize=6
2026-10-05T11:03:29.627Z D/SurveyVM [main] push -> Q4, navSize=7, stackSize=7
2026-10-05T11:03:32.220Z D/SurveyVM [main] push -> Q5, navSize=8, stackSize=8
2026-10-05T11:03:33.037Z D/SurveyVM [main] push -> Q6, navSize=9, stackSize=9
2026-10-05T11:03:35.390Z D/SurveyVM [main] push -> Done, navSize=10, stackSize=10
2026-10-05T11:03:37.828Z D/SurveyVM [main] resetAudioRefs -> cleared
2026-10-05T11:03:37.829Z D/SurveyVM [main] resetNavToStart -> key=com.negi.survey.vm.FlowHome@8f14ab4, navSize=1
2026-10-05T11:03:37.829Z D/SurveyVM [main] resetToStart -> Start, session=2, uuid=34af79b4-c4ab-48a0-a239-fd2d9024d00f, preserveDraft=false, draftLen=0
2026-10-05T11:03:37.832Z I/AiViewModel [main] onCleared: ViewModel is being cleared -> stopCurrentRunInternal()
2026-10-05T11:03:42.810Z D/LiteRtLM [DefaultDispatcher-worker-7] initializeIfNeeded: warm runtime already ready: key='fs|dev=65083|ino=38577|size=4919541760|mtime=1791197404755'
2026-10-05T11:03:42.818Z D/AiTrace [main] Installed (enabled=false ringEnabled=true)
2026-10-05T11:03:42.820Z D/SurveyVM [main] init -> Start, session=0, uuid=0944c7bd-a0f0-4ac6-ab23-3d409f9909ee, navSize=1, graphSize=22
2026-10-05T11:03:42.823Z D/SurveyVM [main] config.validate -> issues=0
2026-10-05T11:03:42.824Z D/SurveyVM [main] promptSources -> legacy=10, eval=0, follow=0
2026-10-05T11:03:42.824Z D/SurveyVM [main] promptSources.preview -> legacy=[Q10, Q11, Q12, Q13, Q14, Q15, Q16, Q7, Q8, Q9], eval=[], follow=[]
2026-10-05T11:03:42.824Z D/SurveyVM [main] hasTwoStepPrompt[Q10] -> true (eval=179, fu=204)
2026-10-05T11:03:42.824Z D/SurveyVM [main] hasTwoStepPrompt[Q11] -> true (eval=171, fu=196)
2026-10-05T11:03:42.824Z D/SurveyVM [main] hasTwoStepPrompt[Q12] -> true (eval=159, fu=184)
2026-10-05T11:03:42.824Z D/SurveyVM [main] hasTwoStepPrompt[Q13] -> true (eval=209, fu=234)
2026-10-05T11:03:42.824Z D/SurveyVM [main] hasTwoStepPrompt[Q14] -> true (eval=150, fu=175)
2026-10-05T11:03:42.824Z D/SurveyVM [main] hasTwoStepPrompt[Q15] -> true (eval=167, fu=192)
2026-10-05T11:03:42.824Z D/SurveyVM [main] hasTwoStepPrompt[Q16] -> true (eval=194, fu=219)
2026-10-05T11:03:42.824Z D/SurveyVM [main] hasTwoStepPrompt[Q7] -> true (eval=244, fu=155)
2026-10-05T11:03:42.824Z D/SurveyVM [main] hasTwoStepPrompt[Q8] -> true (eval=186, fu=211)
2026-10-05T11:03:42.824Z D/SurveyVM [main] hasTwoStepPrompt[Q9] -> true (eval=169, fu=194)
2026-10-05T11:03:42.824Z D/SurveyVM [main] AI prompt coverage OK (aiCount=10)
2026-10-05T11:03:42.837Z D/LiteRtLM [slm-jni] initializeIfNeeded: warm runtime already ready: key='fs|dev=65083|ino=38577|size=4919541760|mtime=1791197404755'
2026-10-05T11:03:42.838Z D/LiteRtRepository [main] warmUp: initializeIfNeeded ok gateWaitMs=0 initMs=0
2026-10-05T11:03:42.838Z D/LiteRtRepository [main] warmUp: Engine ready; representative inference disabled totalMs=0
2026-10-05T11:03:43.612Z D/SurveyVM [main] resetAudioRefs -> cleared
2026-10-05T11:03:43.612Z D/SurveyVM [main] resetNavToStart -> key=com.negi.survey.vm.FlowHome@8f14ab4, navSize=1
2026-10-05T11:03:43.612Z D/SurveyVM [main] resetToStart -> Start, session=1, uuid=26c57014-9866-46cf-a2ce-88bdb7a97991, preserveDraft=true, draftLen=0
2026-10-05T11:03:43.612Z D/SurveyVM [main] activateRunIfNeeded(advanceToNext:Introduction) -> runNoteLen=0, draftCleared=true, uuid=26c57014-9866-46cf-a2ce-88bdb7a97991
2026-10-05T11:03:43.612Z D/SurveyVM [main] push -> Introduction, navSize=2, stackSize=2
2026-10-05T11:03:45.274Z D/SurveyVM [main] push -> Consent, navSize=3, stackSize=3
2026-10-05T11:03:48.653Z D/SurveyVM [main] push -> Q1, navSize=4, stackSize=4
2026-10-05T11:03:50.121Z D/SurveyVM [main] push -> Q2, navSize=5, stackSize=5
2026-10-05T11:03:51.380Z D/SurveyVM [main] push -> Q3, navSize=6, stackSize=6
2026-10-05T11:03:53.431Z D/SurveyVM [main] push -> Q4, navSize=7, stackSize=7
2026-10-05T11:03:56.709Z D/SurveyVM [main] push -> Q5, navSize=8, stackSize=8
2026-10-05T11:03:57.410Z D/SurveyVM [main] push -> Q6, navSize=9, stackSize=9
2026-10-05T11:04:00.371Z D/SurveyVM [main] push -> Q7, navSize=10, stackSize=10
2026-10-05T11:04:00.386Z D/SurveyVM [main] hasTwoStepPrompt[Q7] -> true (eval=244, fu=155)
2026-10-05T11:04:01.664Z D/SurveyVM [main] push -> Q8, navSize=11, stackSize=11
2026-10-05T11:04:01.669Z D/SurveyVM [main] hasTwoStepPrompt[Q8] -> true (eval=186, fu=211)
2026-10-05T11:04:02.298Z D/SurveyVM [main] push -> Q9, navSize=12, stackSize=12
2026-10-05T11:04:02.302Z D/SurveyVM [main] hasTwoStepPrompt[Q9] -> true (eval=169, fu=194)
2026-10-05T11:04:02.531Z D/SurveyVM [main] push -> Q10, navSize=13, stackSize=13
2026-10-05T11:04:02.536Z D/SurveyVM [main] hasTwoStepPrompt[Q10] -> true (eval=179, fu=204)
2026-10-05T11:04:02.756Z D/SurveyVM [main] push -> Q11, navSize=14, stackSize=14
2026-10-05T11:04:02.762Z D/SurveyVM [main] hasTwoStepPrompt[Q11] -> true (eval=171, fu=196)
2026-10-05T11:04:02.957Z D/SurveyVM [main] push -> Q12, navSize=15, stackSize=15
2026-10-05T11:04:02.961Z D/SurveyVM [main] hasTwoStepPrompt[Q12] -> true (eval=159, fu=184)
2026-10-05T11:04:03.172Z D/SurveyVM [main] push -> Q13, navSize=16, stackSize=16
2026-10-05T11:04:03.179Z D/SurveyVM [main] hasTwoStepPrompt[Q13] -> true (eval=209, fu=234)
2026-10-05T11:04:03.398Z D/SurveyVM [main] push -> Q14, navSize=17, stackSize=17
2026-10-05T11:04:03.404Z D/SurveyVM [main] hasTwoStepPrompt[Q14] -> true (eval=150, fu=175)
2026-10-05T11:04:11.120Z D/SurveyVM [main] push -> Q15, navSize=18, stackSize=18
2026-10-05T11:04:11.125Z D/SurveyVM [main] hasTwoStepPrompt[Q15] -> true (eval=167, fu=192)
2026-10-05T11:04:13.789Z D/SurveyVM [main] push -> Q16, navSize=19, stackSize=19
2026-10-05T11:04:13.795Z D/SurveyVM [main] hasTwoStepPrompt[Q16] -> true (eval=194, fu=219)
2026-10-05T11:04:19.029Z D/SurveyVM [main] push -> Review, navSize=20, stackSize=20
