=== RuntimeLogStore Header ===
ts=2026-09-07T13:14:25.988Z
fileNameFormat=LEGACY
appId=com.negi.survey
versionName=0.0.1
versionCode=43
debug=false
device=samsung SM-S936B
sdk=36
pid=15993
==============================
2026-09-07T13:14:25.988Z I/RuntimeLogStore [rtlog-io] start: actor launched (fileNameFormat=LEGACY)
2026-09-07T13:14:25.987Z D/SurveyApp [main] attachBaseContext: pid=15993 process=com.negi.survey isMain=true sdk=36
2026-09-07T13:14:25.988Z D/SurveyApp [main] bootTiming: attachBaseContext total=36ms
2026-09-07T13:14:25.988Z D/SurveyApp [main] Skipping WorkManager init in attachBaseContext; will init lazily on first enqueue.
2026-09-07T13:14:25.995Z D/SurveyApp [main] CrashCapture installed: where=SurveyApp:attachBaseContext
2026-09-07T13:14:26.030Z I/RuntimeLogStore [main] start repair: ctx/dir refreshed
2026-09-07T13:14:26.031Z D/SurveyApp [main] bootTiming: RuntimeLogStore.start took=0ms
2026-09-07T13:14:26.031Z D/SurveyApp [main] bootTiming: AppRingLogStore.install took=0ms
2026-09-07T13:14:26.031Z D/SurveyApp [main] onCreate: pid=15993 process=com.negi.survey isMain=true sdk=36
2026-09-07T13:14:26.035Z D/SurveyApp [main] CrashCapture installed: where=SurveyApp:onCreate(rewrap)
2026-09-07T13:14:26.036Z D/SurveyApp [main] CrashCapture self-healing registered.
2026-09-07T13:14:26.036Z W/SurveyApp [main] Startup enqueues deferred: delay=2500ms (to reduce init contention)
2026-09-07T13:14:26.036Z D/SurveyApp [main] bootTiming: onCreate total=7ms
2026-09-07T13:14:26.042Z I/RuntimeLogStore [DefaultDispatcher-worker-1] start repair: ctx/dir refreshed
2026-09-07T13:14:27.318Z I/RuntimeLogStore [DefaultDispatcher-worker-1] start repair: ctx/dir refreshed
