=== Previous Session Logcat ===
captured_time_utc=20260909_011104
captured_time_local=20260908_181104
marker=2026-09-08 17:54:16.938
preferred_prev_pid=-1
note=best-effort; buffers may be overwritten before next start
sdk=36
device=Google Pixel 9a
appId=com.negi.survey
versionName=0.0.1
versionCode=1

=== Logcat (since marker) ===
--------- beginning of system
09-08 18:00:10.797 21492 21492 D InsetsController: show(ime())
09-08 18:00:10.810 21492 21492 D InsetsController: show(ime())
09-08 18:00:11.628 21492 21492 D InsetsController: hide(ime())
09-08 18:00:11.629 21492 21492 D InsetsController: Setting requestedVisibleTypes to 503 (was 511)
09-08 18:00:56.290 21492 21492 D InsetsController: hide(ime())
--------- beginning of main
09-08 18:07:04.580 21492 21498 I com.negi.survey: Background young concurrent mark compact GC freed 24MB AllocSpace bytes, 0(0B) LOS objects, 76% free, 7497KB/31MB, paused 1.466ms,6.181ms total 53.145ms
09-08 18:10:59.780 22513 22513 I Zygote  : Process 22513 created for com.negi.survey
09-08 18:10:59.784 22513 22513 I com.negi.survey: Late-enabling -Xcheck:jni
09-08 18:11:00.892 22513 22513 I com.negi.survey: Using CollectorTypeCMC GC.
09-08 18:11:00.981 22513 22513 D nativeloader: Load libframework-connectivity-tiramisu-jni.so using APEX ns com_android_tethering for caller /apex/com.android.tethering/javalib/framework-connectivity-t.jar: ok
09-08 18:11:01.154 22513 22513 D ApplicationLoaders: Returning zygote-cached class loader: /system_ext/framework/androidx.window.extensions.jar
09-08 18:11:01.155 22513 22513 D ApplicationLoaders: Returning zygote-cached class loader: /system_ext/framework/androidx.window.sidecar.jar
09-08 18:11:01.748 22513 22513 D nativeloader: Configuring clns-9 for other apk /data/app/~~I-oyipvI-GIV5KRbMYHWJw==/com.negi.survey-EegvML3Qj0it359tKI47qg==/base.apk. target_sdk_version=36, uses_libraries=libOpenCL.so:libOpenCL-pixel.so, library_path=/data/app/~~I-oyipvI-GIV5KRbMYHWJw==/com.negi.survey-EegvML3Qj0it359tKI47qg==/lib/arm64:/data/app/~~I-oyipvI-GIV5KRbMYHWJw==/com.negi.survey-EegvML3Qj0it359tKI47qg==/base.apk!/lib/arm64-v8a, permitted_path=/data:/mnt/expand:/data/user/0/com.negi.survey
09-08 18:11:01.765 22513 22513 V GraphicsEnvironment: Currently set values for:
09-08 18:11:01.765 22513 22513 V GraphicsEnvironment:   angle_gl_driver_selection_pkgs=[com.android.angle]
09-08 18:11:01.765 22513 22513 V GraphicsEnvironment:   angle_gl_driver_selection_values=[angle]
09-08 18:11:01.765 22513 22513 V GraphicsEnvironment: com.negi.survey is not listed in per-application setting
09-08 18:11:01.765 22513 22513 V GraphicsEnvironment: No special selections for ANGLE, returning default driver choice
09-08 18:11:01.765 22513 22513 V GraphicsEnvironment: Neither updatable production driver nor prerelease driver is supported.
09-08 18:11:01.814 22513 22513 D nativeloader: Load /data/app/~~I-oyipvI-GIV5KRbMYHWJw==/com.negi.survey-EegvML3Qj0it359tKI47qg==/base.apk!/lib/arm64-v8a/liblitertlm_jni.so using class loader ns clns-9 (caller=/data/app/~~I-oyipvI-GIV5KRbMYHWJw==/com.negi.survey-EegvML3Qj0it359tKI47qg==/base.apk!classes10.dex): ok
09-08 18:11:01.814 22513 22513 D SurveyApp: Loaded LiteRTLM JNI: litertlm_jni where=attachBaseContext
09-08 18:11:01.846 22513 22513 D AppRingLogStore: installed: dir=/data/user/0/com.negi.survey/files/diagnostics/applog_ring idx=0
09-08 18:11:01.846 22513 22513 D SurveyApp: attachBaseContext: pid=22513 process=com.negi.survey isMain=true sdk=36
09-08 18:11:01.846 22513 22513 D SurveyApp: bootTiming: attachBaseContext total=67ms
09-08 18:11:01.846 22513 22513 D SurveyApp: Skipping WorkManager init in attachBaseContext; will init lazily on first enqueue.
09-08 18:11:01.850 22513 22513 D CrashCapture: install: ensured default handler. where=SurveyApp:attachBaseContext pid=22513 default=com.negi.survey.CrashCapture$CrashHandler@20b6291
09-08 18:11:01.850 22513 22513 D SurveyApp: CrashCapture installed: where=SurveyApp:attachBaseContext
09-08 18:11:01.859 22513 22513 E com.negi.survey: hiddenapi: Accessing hidden method Landroid/net/ssl/EchConfigMismatchException;->getRetryConfigList()Landroid/net/ssl/EchConfigList; (runtime_flags=0, domain=core-platform, api=blocked) from /data/app/~~I-oyipvI-GIV5KRbMYHWJw==/com.negi.survey-EegvML3Qj0it359tKI47qg==/base.apk!classes17.dex (domain=app, TargetSdkVersion=36) using linking: denied
09-08 18:11:01.859 22513 22513 E com.negi.survey: hiddenapi: Accessing hidden method Landroid/net/ssl/EchConfigList;->toBytes()[B (runtime_flags=0, domain=core-platform, api=blocked) from /data/app/~~I-oyipvI-GIV5KRbMYHWJw==/com.negi.survey-EegvML3Qj0it359tKI47qg==/base.apk!classes17.dex (domain=app, TargetSdkVersion=36) using linking: denied
09-08 18:11:01.859 22513 22513 E com.negi.survey: hiddenapi: Accessing hidden method Landroid/net/ssl/EchConfigList;->fromBytes([B)Landroid/net/ssl/EchConfigList; (runtime_flags=0, domain=core-platform, api=blocked) from /data/app/~~I-oyipvI-GIV5KRbMYHWJw==/com.negi.survey-EegvML3Qj0it359tKI47qg==/base.apk!classes17.dex (domain=app, TargetSdkVersion=36) using linking: denied
09-08 18:11:01.859 22513 22513 E com.negi.survey: hiddenapi: Accessing hidden method Landroid/net/ssl/SSLSockets;->setEchConfigList(Ljavax/net/ssl/SSLSocket;Landroid/net/ssl/EchConfigList;)V (runtime_flags=0, domain=core-platform, api=blocked) from /data/app/~~I-oyipvI-GIV5KRbMYHWJw==/com.negi.survey-EegvML3Qj0it359tKI47qg==/base.apk!classes17.dex (domain=app, TargetSdkVersion=36) using linking: denied
09-08 18:11:01.906 22513 22597 D RuntimeLogStore: openWriter: start -> /data/user/0/com.negi.survey/files/diagnostics/runtime_logs/rtlog_20260909_011101_836_pid22513_seq1.log (bytes=0 format=LEGACY)
09-08 18:11:01.908 22513 22597 D RuntimeLogStore: retention: start files=2 kept=2 totalBytes=5912
09-08 18:11:01.917 22513 22513 D SurveyApp: LiteRTLM JNI already loaded; skip. where=onCreate(retry)
09-08 18:11:01.918 22513 22513 D SurveyApp: bootTiming: RuntimeLogStore.start took=1ms
09-08 18:11:01.918 22513 22513 D SurveyApp: bootTiming: AppRingLogStore.install took=0ms
09-08 18:11:01.918 22513 22513 D SurveyApp: onCreate: pid=22513 process=com.negi.survey isMain=true sdk=36
09-08 18:11:01.928 22513 22513 D CrashCapture: install: ensured default handler. where=SurveyApp:onCreate(rewrap) pid=22513 default=com.negi.survey.CrashCapture$CrashHandler@20b6291
09-08 18:11:01.928 22513 22513 D SurveyApp: CrashCapture installed: where=SurveyApp:onCreate(rewrap)
09-08 18:11:01.928 22513 22513 D CrashCapture: registerSelfHealing: ActivityLifecycleCallbacks registered. mode=onResumedOnly
09-08 18:11:01.928 22513 22513 D SurveyApp: CrashCapture self-healing registered.
09-08 18:11:01.928 22513 22513 W SurveyApp: Startup enqueues deferred: delay=2500ms (to reduce init contention)
09-08 18:11:01.928 22513 22513 D SurveyApp: bootTiming: onCreate total=11ms
09-08 18:11:01.995 22513 22615 D UploadRescheduleRcvr: No GitHub pending files for action=android.intent.action.MY_PACKAGE_REPLACED
09-08 18:11:02.057 22513 22615 D github_upload: enqueueStartupRuntimeLogsUpload: uniqueName=upload_runtime_logs_startup policy=KEEP session=startup_runtime_20260909_011102_18548d1d
09-08 18:11:02.200 22513 22615 D WM-PackageManagerHelper: Skipping component enablement for androidx.work.impl.background.systemjob.SystemJobService
09-08 18:11:02.201 22513 22615 D WM-Schedulers: Created SystemJobScheduler and enabled SystemJobService
09-08 18:11:02.216 22513 22621 D WM-ForceStopRunnable: Is default app process = true
09-08 18:11:02.218 22513 22621 D WM-ForceStopRunnable: Performing cleanup operations.
09-08 18:11:02.249 22513 22615 D UploadRescheduleRcvr: Enqueued runtime logs upload for action=android.intent.action.MY_PACKAGE_REPLACED reason=receiver_my_package_replaced
09-08 18:11:02.353 22513 22621 D WM-SystemJobScheduler: Reconciling jobs
09-08 18:11:02.392 22513 22621 D WM-ForceStopRunnable: Found unfinished work, scheduling it.
09-08 18:11:02.572 22513 22623 D WM-SystemJobScheduler: Scheduling work ID 03dd53fc-ae96-47d0-9316-c1642df5f26bJob ID 24
09-08 18:11:02.596 22513 22623 D WM-GreedyScheduler: Starting tracking for 03dd53fc-ae96-47d0-9316-c1642df5f26b
09-08 18:11:02.608 22513 22513 D WM-SystemJobService: onStartJob for WorkGenerationalId(workSpecId=03dd53fc-ae96-47d0-9316-c1642df5f26b, generation=0)
09-08 18:11:02.680 22513 22629 D WM-Processor: Processor: processing WorkGenerationalId(workSpecId=03dd53fc-ae96-47d0-9316-c1642df5f26b, generation=0)
09-08 18:11:02.731 22513 22513 D WM-WorkerWrapper: Starting work for com.negi.survey.net.GitHubUploadWorker
09-08 18:11:02.735 22513 22629 D WM-WorkConstraintsTrack: NetworkRequestConstraintController register shared callback
09-08 18:11:02.769 22513 22629 D WM-PackageManagerHelper: androidx.work.impl.background.systemalarm.RescheduleReceiver enabled
09-08 18:11:02.779 22513 22629 I WM-Processor: Moving WorkSpec (03dd53fc-ae96-47d0-9316-c1642df5f26b) to the foreground
09-08 18:11:02.788 22513 22632 D WM-WorkConstraintsTrack: NetworkRequestConstraintController onCapabilitiesChanged callback
09-08 18:11:02.788 22513 22632 D WM-WorkConstraintsTrack: Not dispatching constraint state yet: isBlocked=null, capabilitiesInitialized=true
09-08 18:11:02.788 22513 22632 D WM-WorkConstraintsTrack: NetworkRequestConstraintController onBlockedStatusChanged callback false
09-08 18:11:02.799 22513 22513 I WM-SystemFgDispatcher: Started foreground service Intent { act=ACTION_START_FOREGROUND xflg=0x4 cmp=com.negi.survey/androidx.work.impl.foreground.SystemForegroundService (has extras) }
09-08 18:11:02.800 22513 22513 D WM-SystemFgDispatcher: Notifying with (id:9866, workSpecId: 03dd53fc-ae96-47d0-9316-c1642df5f26b, notificationType :1)
09-08 18:11:02.802 22513 22629 D WM-WorkProgressUpdater: Updating progress for 03dd53fc-ae96-47d0-9316-c1642df5f26b (Data {pct : 3, mode : startup_runtime_logs})
09-08 18:11:02.805 22513 22513 D WM-SystemFgDispatcher: Notifying with (id:9866, workSpecId: 03dd53fc-ae96-47d0-9316-c1642df5f26b, notificationType :1)
09-08 18:11:02.824 22513 22629 I WM-Processor: Moving WorkSpec (03dd53fc-ae96-47d0-9316-c1642df5f26b) to the foreground
09-08 18:11:02.831 22513 22629 D WM-GreedyScheduler: Constraints met: Scheduling work ID WorkGenerationalId(workSpecId=03dd53fc-ae96-47d0-9316-c1642df5f26b, generation=0)
09-08 18:11:02.831 22513 22513 D WM-SystemFgDispatcher: Notifying with (id:9866, workSpecId: 03dd53fc-ae96-47d0-9316-c1642df5f26b, notificationType :1)
09-08 18:11:02.847 22513 22629 D WM-Processor: Work WorkGenerationalId(workSpecId=03dd53fc-ae96-47d0-9316-c1642df5f26b, generation=0) is already enqueued for processing
09-08 18:11:02.850 22513 22629 D WM-WorkConstraintsTrack: NetworkRequestConstraintController send initial capabilities
09-08 18:11:02.909 22513 22513 D ActivityThread: Package [com.negi.survey.test] reported as REPLACED, but missing application info. Assuming REMOVED.
09-08 18:11:02.917 22513 22513 D ActivityThread: Package [com.negi.survey.test] reported as REPLACED, but missing application info. Assuming REMOVED.
09-08 18:11:04.021 22513 22597 D RuntimeLogStore: openWriter: rotate:plain_snapshot:receiver_my_package_repl -> /data/user/0/com.negi.survey/files/diagnostics/runtime_logs/rtlog_20260909_011104_016_pid22513_seq2.log (bytes=0 format=LEGACY)
09-08 18:11:04.023 22513 22597 D RuntimeLogStore: retention: rotate:plain_snapshot:receiver_my_package_repl files=3 kept=3 totalBytes=7622
09-08 18:11:04.054 22513 22615 D github_upload: doRuntimeLogsUpload: remoteBaseDir=diagnostics/runtime_logs/2026-09-09/runtime_logs_startup_runtime_20260909_011102_18548d1d_receiver_my_package_repl toUpload=2 bytes=7286 dedupe=true deleteSource=true deletedSourcePre=0 preview='runtime_log_20260909_011104_030_pid22513_receiver_my_package_repl__rtlog_20260909_011101_836_pid22513_seq1.log|runtime_log_20260909_011104_030_pid22513_receiver_my_package_repl__rtlog_20260909_005418_100_pid21492_seq2.log'
09-08 18:11:04.066 22513 22615 D GitHubUploader: uploadStream: owner=ishizuki-tech repo=SurveyExports branch=main path=diagnostics/runtime_logs/2026-09-09/runtime_logs_startup_runtime_20260909_011102_18548d1d_receiver_my_package_repl/runtime_log_20260909_011104_030_pid22513_receiver_my_package_repl__rtlog_20260909_011101_836_pid22513_seq1.log size=1691 maxRawBytesHint=1000000 maxRequestBytesHint=2800000
09-08 18:11:04.071 22513 22621 D WM-WorkProgressUpdater: Updating progress for 03dd53fc-ae96-47d0-9316-c1642df5f26b (Data {pct : 10, mode : startup_runtime_logs})
09-08 18:11:04.107 22513 22621 I WM-Processor: Moving WorkSpec (03dd53fc-ae96-47d0-9316-c1642df5f26b) to the foreground
09-08 18:11:04.110 22513 22513 D WM-SystemFgDispatcher: Notifying with (id:9866, workSpecId: 03dd53fc-ae96-47d0-9316-c1642df5f26b, notificationType :1)
09-08 18:11:04.430 22513 22513 W SurveyApp: Deferred startup enqueues begin...
09-08 18:11:04.433 22513 22513 D SurveyApp: WorkManager available. where=startupRtLogs(immediate) took=0ms
09-08 18:11:04.447 22513 22513 D SurveyApp: Startup runtime logs target -> owner=ishizuki-tech repo=SurveyExports branch=main base='/diagnostics/runtime_logs'
09-08 18:11:04.457 22513 22513 D github_upload: enqueueStartupRuntimeLogsUpload: uniqueName=upload_runtime_logs_startup policy=KEEP session=startup_runtime_20260909_011104_1bfffdc3
09-08 18:11:04.458 22513 22513 D SurveyApp: Startup runtime logs: enqueue requested (immediate).
09-08 18:11:04.458 22513 22513 D SurveyApp: WorkManager available. where=startupRingLogs(immediate) took=0ms
09-08 18:11:04.467 22513 22513 D SurveyApp: Startup ring logs target -> owner=ishizuki-tech repo=SurveyExports branch=main base='/diagnostics/applog_ring'
09-08 18:11:04.471 22513 22513 D github_upload: enqueueStartupRingLogsUpload: uniqueName=upload_ring_logs_startup policy=KEEP session=startup_ring_20260909_011104_7435596d
09-08 18:11:04.471 22513 22513 D SurveyApp: Startup ring logs: enqueue requested (immediate).
09-08 18:11:04.472 22513 22513 D SurveyApp: WorkManager available. where=enqueuePending(immediate) took=1ms
09-08 18:11:04.474 22513 22513 D SurveyApp: CrashCapture pending uploads requested (immediate).
09-08 18:11:04.474 22513 22513 W SurveyApp: Deferred startup enqueues done: took=45ms
09-08 18:11:04.476 22513 22651 D CrashCapture: enqueuePendingCrashUploadsIfPossible enter where=SurveyApp:enqueuePending(immediate):bg pid=22513 thread=CrashCapture-Enqueue
