=== Previous Session Logcat ===
captured_time_utc=20260914_223900
captured_time_local=20260914_153900
marker=2026-09-14 15:26:07.803
preferred_prev_pid=-1
note=best-effort; buffers may be overwritten before next start
sdk=36
device=Google Pixel 9a
appId=com.negi.survey
versionName=0.0.1
versionCode=1

=== Logcat (since marker) ===
--------- beginning of main
09-14 15:38:57.907 14032 14032 I Zygote  : Process 14032 created for com.negi.survey
09-14 15:38:57.907 14032 14032 I com.negi.survey: Late-enabling -Xcheck:jni
09-14 15:38:57.936 14032 14032 I com.negi.survey: Using CollectorTypeCMC GC.
09-14 15:38:57.943 14032 14032 D nativeloader: Load libframework-connectivity-tiramisu-jni.so using APEX ns com_android_tethering for caller /apex/com.android.tethering/javalib/framework-connectivity-t.jar: ok
09-14 15:38:57.959 14032 14032 D ApplicationLoaders: Returning zygote-cached class loader: /system_ext/framework/androidx.window.extensions.jar
09-14 15:38:57.959 14032 14032 D ApplicationLoaders: Returning zygote-cached class loader: /system_ext/framework/androidx.window.sidecar.jar
09-14 15:38:58.355 14032 14032 D nativeloader: Configuring clns-9 for other apk /data/app/~~iKsE6sn95cJD9V-5WFhHww==/com.negi.survey-nPYjHhUgGp3AQjpzUSJDTA==/base.apk. target_sdk_version=36, uses_libraries=libOpenCL.so:libOpenCL-pixel.so, library_path=/data/app/~~iKsE6sn95cJD9V-5WFhHww==/com.negi.survey-nPYjHhUgGp3AQjpzUSJDTA==/lib/arm64:/data/app/~~iKsE6sn95cJD9V-5WFhHww==/com.negi.survey-nPYjHhUgGp3AQjpzUSJDTA==/base.apk!/lib/arm64-v8a, permitted_path=/data:/mnt/expand:/data/user/0/com.negi.survey
09-14 15:38:58.359 14032 14032 V GraphicsEnvironment: Currently set values for:
09-14 15:38:58.359 14032 14032 V GraphicsEnvironment:   angle_gl_driver_selection_pkgs=[com.android.angle]
09-14 15:38:58.359 14032 14032 V GraphicsEnvironment:   angle_gl_driver_selection_values=[angle]
09-14 15:38:58.359 14032 14032 V GraphicsEnvironment: com.negi.survey is not listed in per-application setting
09-14 15:38:58.359 14032 14032 V GraphicsEnvironment: No special selections for ANGLE, returning default driver choice
09-14 15:38:58.359 14032 14032 V GraphicsEnvironment: Neither updatable production driver nor prerelease driver is supported.
09-14 15:38:58.384 14032 14032 D nativeloader: Load /data/app/~~iKsE6sn95cJD9V-5WFhHww==/com.negi.survey-nPYjHhUgGp3AQjpzUSJDTA==/base.apk!/lib/arm64-v8a/liblitertlm_jni.so using class loader ns clns-9 (caller=/data/app/~~iKsE6sn95cJD9V-5WFhHww==/com.negi.survey-nPYjHhUgGp3AQjpzUSJDTA==/base.apk!classes10.dex): ok
09-14 15:38:58.384 14032 14032 D SurveyApp: Loaded LiteRTLM JNI: litertlm_jni where=attachBaseContext
09-14 15:38:58.398 14032 14032 D AppRingLogStore: installed: dir=/data/user/0/com.negi.survey/files/diagnostics/applog_ring idx=0
09-14 15:38:58.398 14032 14032 D SurveyApp: attachBaseContext: pid=14032 process=com.negi.survey isMain=true sdk=36
09-14 15:38:58.398 14032 14032 D SurveyApp: bootTiming: attachBaseContext total=34ms
09-14 15:38:58.398 14032 14032 D SurveyApp: Skipping WorkManager init in attachBaseContext; will init lazily on first enqueue.
09-14 15:38:58.400 14032 14032 D CrashCapture: install: ensured default handler. where=SurveyApp:attachBaseContext pid=14032 default=com.negi.survey.CrashCapture$CrashHandler@b90b46c
09-14 15:38:58.400 14032 14032 D SurveyApp: CrashCapture installed: where=SurveyApp:attachBaseContext
09-14 15:38:58.404 14032 14048 D RuntimeLogStore: openWriter: start -> /data/user/0/com.negi.survey/files/diagnostics/runtime_logs/rtlog_20260914_223858_395_pid14032_seq1.log (bytes=0 format=LEGACY)
09-14 15:38:58.405 14032 14048 D RuntimeLogStore: retention: start files=2 kept=2 totalBytes=7103
09-14 15:38:58.407 14032 14032 E com.negi.survey: hiddenapi: Accessing hidden method Landroid/net/ssl/EchConfigMismatchException;->getRetryConfigList()Landroid/net/ssl/EchConfigList; (runtime_flags=0, domain=core-platform, api=blocked) from /data/app/~~iKsE6sn95cJD9V-5WFhHww==/com.negi.survey-nPYjHhUgGp3AQjpzUSJDTA==/base.apk!classes17.dex (domain=app, TargetSdkVersion=36) using linking: denied
09-14 15:38:58.407 14032 14032 E com.negi.survey: hiddenapi: Accessing hidden method Landroid/net/ssl/EchConfigList;->toBytes()[B (runtime_flags=0, domain=core-platform, api=blocked) from /data/app/~~iKsE6sn95cJD9V-5WFhHww==/com.negi.survey-nPYjHhUgGp3AQjpzUSJDTA==/base.apk!classes17.dex (domain=app, TargetSdkVersion=36) using linking: denied
09-14 15:38:58.407 14032 14032 E com.negi.survey: hiddenapi: Accessing hidden method Landroid/net/ssl/EchConfigList;->fromBytes([B)Landroid/net/ssl/EchConfigList; (runtime_flags=0, domain=core-platform, api=blocked) from /data/app/~~iKsE6sn95cJD9V-5WFhHww==/com.negi.survey-nPYjHhUgGp3AQjpzUSJDTA==/base.apk!classes17.dex (domain=app, TargetSdkVersion=36) using linking: denied
09-14 15:38:58.407 14032 14032 E com.negi.survey: hiddenapi: Accessing hidden method Landroid/net/ssl/SSLSockets;->setEchConfigList(Ljavax/net/ssl/SSLSocket;Landroid/net/ssl/EchConfigList;)V (runtime_flags=0, domain=core-platform, api=blocked) from /data/app/~~iKsE6sn95cJD9V-5WFhHww==/com.negi.survey-nPYjHhUgGp3AQjpzUSJDTA==/base.apk!classes17.dex (domain=app, TargetSdkVersion=36) using linking: denied
09-14 15:38:58.411 14032 14032 D SurveyApp: LiteRTLM JNI already loaded; skip. where=onCreate(retry)
09-14 15:38:58.411 14032 14032 D SurveyApp: bootTiming: RuntimeLogStore.start took=0ms
09-14 15:38:58.412 14032 14032 D SurveyApp: bootTiming: AppRingLogStore.install took=0ms
09-14 15:38:58.412 14032 14032 D SurveyApp: onCreate: pid=14032 process=com.negi.survey isMain=true sdk=36
09-14 15:38:58.417 14032 14032 D CrashCapture: install: ensured default handler. where=SurveyApp:onCreate(rewrap) pid=14032 default=com.negi.survey.CrashCapture$CrashHandler@b90b46c
09-14 15:38:58.417 14032 14032 D SurveyApp: CrashCapture installed: where=SurveyApp:onCreate(rewrap)
09-14 15:38:58.417 14032 14032 D CrashCapture: registerSelfHealing: ActivityLifecycleCallbacks registered. mode=onResumedOnly
09-14 15:38:58.417 14032 14032 D SurveyApp: CrashCapture self-healing registered.
09-14 15:38:58.418 14032 14032 W SurveyApp: Startup enqueues deferred: delay=2500ms (to reduce init contention)
09-14 15:38:58.418 14032 14032 D SurveyApp: bootTiming: onCreate total=6ms
--------- beginning of system
09-14 15:38:58.423 14032 14053 I DisplayManager: Choreographer implicitly registered for the refresh rate.
09-14 15:38:58.424 14032 14053 D vulkan  : searching for layers in '/data/app/~~iKsE6sn95cJD9V-5WFhHww==/com.negi.survey-nPYjHhUgGp3AQjpzUSJDTA==/lib/arm64'
09-14 15:38:58.424 14032 14053 D vulkan  : searching for layers in '/data/app/~~iKsE6sn95cJD9V-5WFhHww==/com.negi.survey-nPYjHhUgGp3AQjpzUSJDTA==/base.apk!/lib/arm64-v8a'
09-14 15:38:58.427 14032 14050 D UploadRescheduleRcvr: No GitHub pending files for action=android.intent.action.BOOT_COMPLETED
09-14 15:38:58.428 14032 14032 D DesktopExperienceFlags: Toggle override initialized to: false
09-14 15:38:58.437 14032 14032 D CompatChangeReporter: Compat change id reported: 377864165; UID 14896; state: ENABLED
09-14 15:38:58.437 14032 14032 D DesktopModeFlags: Toggle override initialized to: OVERRIDE_UNSET
09-14 15:38:58.439 14032 14050 D github_upload: enqueueStartupRuntimeLogsUpload: uniqueName=upload_runtime_logs_startup policy=KEEP session=startup_runtime_20260914_223858_2e388396
09-14 15:38:58.451 14032 14032 I ContentCaptureHelper: Setting logging level to OFF
09-14 15:38:58.452 14032 14032 D CrashCapture: install: ensured default handler. where=selfHeal:onActivityResumed pid=14032 default=com.negi.survey.CrashCapture$CrashHandler@b90b46c
09-14 15:38:58.462 14032 14050 D WM-PackageManagerHelper: Skipping component enablement for androidx.work.impl.background.systemjob.SystemJobService
09-14 15:38:58.462 14032 14050 D WM-Schedulers: Created SystemJobScheduler and enabled SystemJobService
09-14 15:38:58.465 14032 14065 D WM-ForceStopRunnable: Is default app process = true
09-14 15:38:58.465 14032 14065 D WM-ForceStopRunnable: Performing cleanup operations.
09-14 15:38:58.470 14032 14050 D UploadRescheduleRcvr: Enqueued runtime logs upload for action=android.intent.action.BOOT_COMPLETED reason=receiver_boot_completed
09-14 15:38:58.479 14032 14032 D WindowOnBackDispatcher: setTopOnBackInvokedCallback (unwrapped): android.app.Activity$$ExternalSyntheticLambda0@6e12624
09-14 15:38:58.487 14032 14065 D WM-ForceStopRunnable: Application was force-stopped, rescheduling.
09-14 15:38:58.513 14032 14068 D WM-SystemJobScheduler: Scheduling work ID 408756f1-19af-475b-bafc-c5985697c36fJob ID 6
09-14 15:38:58.516 14032 14068 D WM-GreedyScheduler: Starting tracking for 408756f1-19af-475b-bafc-c5985697c36f
09-14 15:38:58.523 14032 14069 D WM-WorkConstraintsTrack: NetworkRequestConstraintController register shared callback
09-14 15:38:58.526 14032 14069 D WM-PackageManagerHelper: androidx.work.impl.background.systemalarm.RescheduleReceiver enabled
09-14 15:38:58.529 14032 14070 D WM-WorkConstraintsTrack: NetworkRequestConstraintController onCapabilitiesChanged callback
09-14 15:38:58.529 14032 14070 D WM-WorkConstraintsTrack: Not dispatching constraint state yet: isBlocked=null, capabilitiesInitialized=true
09-14 15:38:58.529 14032 14070 D WM-WorkConstraintsTrack: NetworkRequestConstraintController onBlockedStatusChanged callback false
09-14 15:38:58.530 14032 14068 D WM-GreedyScheduler: Constraints met: Scheduling work ID WorkGenerationalId(workSpecId=408756f1-19af-475b-bafc-c5985697c36f, generation=0)
09-14 15:38:58.534 14032 14068 D WM-Processor: Processor: processing WorkGenerationalId(workSpecId=408756f1-19af-475b-bafc-c5985697c36f, generation=0)
09-14 15:38:58.607 14032 14032 D VRI[MainActivity]: WindowInsets changed: 1080x2424 statusBars:[0,152,0,0] navigationBars:[0,0,0,69] mandatorySystemGestures:[0,187,0,92] 
09-14 15:38:58.618 14032 14032 I HWUI    : Using FreeType backend (prop=Auto)
09-14 15:38:58.677 14032 14032 I com.negi.survey: hiddenapi: Accessing hidden method Landroid/os/SystemProperties;->addChangeCallback(Ljava/lang/Runnable;)V (runtime_flags=0, domain=platform, api=unsupported) from Landroidx/compose/ui/platform/AndroidComposeView$Companion; (domain=app, TargetSdkVersion=36) using reflection: allowed
09-14 15:38:58.683 14032 14032 D WM-WorkerWrapper: Starting work for com.negi.survey.net.GitHubUploadWorker
09-14 15:38:58.689 14032 14067 I WM-Processor: Moving WorkSpec (408756f1-19af-475b-bafc-c5985697c36f) to the foreground
09-14 15:38:58.695 14032 14032 D WM-SystemJobService: onStartJob for WorkGenerationalId(workSpecId=408756f1-19af-475b-bafc-c5985697c36f, generation=0)
09-14 15:38:58.696 14032 14032 I WM-SystemFgDispatcher: Started foreground service Intent { act=ACTION_START_FOREGROUND xflg=0x4 cmp=com.negi.survey/androidx.work.impl.foreground.SystemForegroundService (has extras) }
09-14 15:38:58.696 14032 14032 D WM-SystemFgDispatcher: Notifying with (id:5814, workSpecId: 408756f1-19af-475b-bafc-c5985697c36f, notificationType :1)
09-14 15:38:58.698 14032 14032 D WM-SystemFgDispatcher: Notifying with (id:5814, workSpecId: 408756f1-19af-475b-bafc-c5985697c36f, notificationType :1)
09-14 15:38:58.703 14032 14069 D WM-Processor: Work WorkGenerationalId(workSpecId=408756f1-19af-475b-bafc-c5985697c36f, generation=0) is already enqueued for processing
09-14 15:38:58.703 14032 14069 D WM-WorkProgressUpdater: Updating progress for 408756f1-19af-475b-bafc-c5985697c36f (Data {pct : 3, mode : startup_runtime_logs})
09-14 15:38:58.709 14032 14032 D InsetsController: hide(ime())
09-14 15:38:58.709 14032 14032 I ImeTracker: com.negi.survey:5b811522: onCancelled at PHASE_CLIENT_ALREADY_HIDDEN
09-14 15:38:58.709 14032 14069 I WM-Processor: Moving WorkSpec (408756f1-19af-475b-bafc-c5985697c36f) to the foreground
09-14 15:38:58.711 14032 14032 D WM-SystemFgDispatcher: Notifying with (id:5814, workSpecId: 408756f1-19af-475b-bafc-c5985697c36f, notificationType :1)
09-14 15:38:58.713 14032 14068 D WM-WorkConstraintsTrack: NetworkRequestConstraintController send initial capabilities
09-14 15:38:58.766 14032 14032 D IntroScreen: Resolved config details: id=survey_config10.yaml in 88ms
09-14 15:38:58.909 14032 14038 I com.negi.survey: Compiler allocated 5038KB to compile void android.view.ViewRootImpl.performTraversals()
09-14 15:38:59.906 14032 14048 D RuntimeLogStore: openWriter: rotate:plain_snapshot:receiver_boot_completed -> /data/user/0/com.negi.survey/files/diagnostics/runtime_logs/rtlog_20260914_223859_904_pid14032_seq2.log (bytes=0 format=LEGACY)
09-14 15:38:59.907 14032 14048 D RuntimeLogStore: retention: rotate:plain_snapshot:receiver_boot_completed files=3 kept=3 totalBytes=8811
09-14 15:38:59.916 14032 14050 D github_upload: doRuntimeLogsUpload: remoteBaseDir=diagnostics/runtime_logs/2026-09-14/runtime_logs_startup_runtime_20260914_223858_2e388396_receiver_boot_completed toUpload=2 bytes=8476 dedupe=true deleteSource=true deletedSourcePre=0 preview='runtime_log_20260914_223859_911_pid14032_receiver_boot_completed__rtlog_20260914_223858_395_pid14032_seq1.log|runtime_log_20260914_223859_911_pid14032_receiver_boot_completed__rtlog_20260914_222606_749_pid12706_seq2.log'
09-14 15:38:59.917 14032 14050 D GitHubUploader: uploadStream: owner=ishizuki-tech repo=SurveyExports branch=main path=diagnostics/runtime_logs/2026-09-14/runtime_logs_startup_runtime_20260914_223858_2e388396_receiver_boot_completed/runtime_log_20260914_223859_911_pid14032_receiver_boot_completed__rtlog_20260914_223858_395_pid14032_seq1.log size=1690 maxRawBytesHint=1000000 maxRequestBytesHint=2800000
09-14 15:38:59.918 14032 14067 D WM-WorkProgressUpdater: Updating progress for 408756f1-19af-475b-bafc-c5985697c36f (Data {pct : 10, mode : startup_runtime_logs})
09-14 15:38:59.923 14032 14067 I WM-Processor: Moving WorkSpec (408756f1-19af-475b-bafc-c5985697c36f) to the foreground
09-14 15:38:59.929 14032 14032 D WM-SystemFgDispatcher: Notifying with (id:5814, workSpecId: 408756f1-19af-475b-bafc-c5985697c36f, notificationType :1)
09-14 15:39:00.373 14032 14069 D WM-WorkProgressUpdater: Updating progress for 408756f1-19af-475b-bafc-c5985697c36f (Data {pct : 14, mode : startup_runtime_logs})
09-14 15:39:00.381 14032 14069 I WM-Processor: Moving WorkSpec (408756f1-19af-475b-bafc-c5985697c36f) to the foreground
09-14 15:39:00.383 14032 14069 D WM-WorkProgressUpdater: Updating progress for 408756f1-19af-475b-bafc-c5985697c36f (Data {pct : 50, mode : startup_runtime_logs})
09-14 15:39:00.385 14032 14032 D WM-SystemFgDispatcher: Notifying with (id:5814, workSpecId: 408756f1-19af-475b-bafc-c5985697c36f, notificationType :1)
09-14 15:39:00.387 14032 14069 I WM-Processor: Moving WorkSpec (408756f1-19af-475b-bafc-c5985697c36f) to the foreground
09-14 15:39:00.389 14032 14032 D WM-SystemFgDispatcher: Notifying with (id:5814, workSpecId: 408756f1-19af-475b-bafc-c5985697c36f, notificationType :1)
09-14 15:39:00.920 14032 14032 W SurveyApp: Deferred startup enqueues begin...
09-14 15:39:00.920 14032 14032 D SurveyApp: WorkManager available. where=startupRtLogs(immediate) took=0ms
09-14 15:39:00.922 14032 14032 D SurveyApp: Startup runtime logs target -> owner=ishizuki-tech repo=SurveyExports branch=main base='/diagnostics/runtime_logs'
09-14 15:39:00.924 14032 14032 D github_upload: enqueueStartupRuntimeLogsUpload: uniqueName=upload_runtime_logs_startup policy=KEEP session=startup_runtime_20260914_223900_c99dcea2
09-14 15:39:00.925 14032 14032 D SurveyApp: Startup runtime logs: enqueue requested (immediate).
09-14 15:39:00.925 14032 14032 D SurveyApp: WorkManager available. where=startupRingLogs(immediate) took=0ms
09-14 15:39:00.926 14032 14032 D SurveyApp: Startup ring logs target -> owner=ishizuki-tech repo=SurveyExports branch=main base='/diagnostics/applog_ring'
09-14 15:39:00.927 14032 14032 D github_upload: enqueueStartupRingLogsUpload: uniqueName=upload_ring_logs_startup policy=KEEP session=startup_ring_20260914_223900_c1816e07
09-14 15:39:00.927 14032 14032 D SurveyApp: Startup ring logs: enqueue requested (immediate).
09-14 15:39:00.927 14032 14032 D SurveyApp: WorkManager available. where=enqueuePending(immediate) took=0ms
09-14 15:39:00.927 14032 14032 D SurveyApp: CrashCapture pending uploads requested (immediate).
09-14 15:39:00.927 14032 14032 W SurveyApp: Deferred startup enqueues done: took=8ms
09-14 15:39:00.934 14032 14103 D CrashCapture: enqueuePendingCrashUploadsIfPossible enter where=SurveyApp:enqueuePending(immediate):bg pid=14032 thread=CrashCapture-Enqueue
09-14 15:39:00.948 14032 14068 D WM-SystemJobScheduler: Scheduling work ID d15fad41-2138-4d85-a9f0-6fe52b935f43Job ID 7
09-14 15:39:00.952 14032 14032 D WM-SystemJobService: onStartJob for WorkGenerationalId(workSpecId=d15fad41-2138-4d85-a9f0-6fe52b935f43, generation=0)
09-14 15:39:00.952 14032 14068 D WM-GreedyScheduler: Starting tracking for d15fad41-2138-4d85-a9f0-6fe52b935f43
09-14 15:39:00.956 14032 14069 D WM-Processor: Processor: processing WorkGenerationalId(workSpecId=d15fad41-2138-4d85-a9f0-6fe52b935f43, generation=0)
09-14 15:39:00.962 14032 14032 D WM-WorkerWrapper: Starting work for com.negi.survey.net.GitHubUploadWorker
09-14 15:39:00.964 14032 14068 D WM-WorkConstraintsTrack: NetworkRequestConstraintController send initial capabilities
09-14 15:39:00.965 14032 14068 D WM-GreedyScheduler: Constraints met: Scheduling work ID WorkGenerationalId(workSpecId=d15fad41-2138-4d85-a9f0-6fe52b935f43, generation=0)
