=== Previous Session Logcat ===
captured_time_utc=20260909_011256
captured_time_local=20260908_181256
marker=2026-09-08 18:11:04.578
preferred_prev_pid=-1
note=best-effort; buffers may be overwritten before next start
sdk=36
device=Google Pixel 9a
appId=com.negi.survey
versionName=0.0.1
versionCode=1

=== Logcat (since marker) ===
--------- beginning of main
09-08 18:12:52.007 22772 22772 I Zygote  : Process 22772 created for com.negi.survey
09-08 18:12:52.009 22772 22772 I com.negi.survey: Late-enabling -Xcheck:jni
09-08 18:12:52.302 22772 22772 I com.negi.survey: Using CollectorTypeCMC GC.
09-08 18:12:52.350 22772 22772 D nativeloader: Load libframework-connectivity-tiramisu-jni.so using APEX ns com_android_tethering for caller /apex/com.android.tethering/javalib/framework-connectivity-t.jar: ok
09-08 18:12:52.497 22772 22772 D ApplicationLoaders: Returning zygote-cached class loader: /system_ext/framework/androidx.window.extensions.jar
09-08 18:12:52.498 22772 22772 D ApplicationLoaders: Returning zygote-cached class loader: /system_ext/framework/androidx.window.sidecar.jar
09-08 18:12:53.145 22772 22772 D nativeloader: Configuring clns-9 for other apk /data/app/~~XCaRaI9wObV-AUa8ypQFag==/com.negi.survey.test-RaRmEScaLY7v5n0IiSBWNg==/base.apk:/data/app/~~I-oyipvI-GIV5KRbMYHWJw==/com.negi.survey-EegvML3Qj0it359tKI47qg==/base.apk. target_sdk_version=36, uses_libraries=libOpenCL.so:libOpenCL-pixel.so, library_path=/data/app/~~XCaRaI9wObV-AUa8ypQFag==/com.negi.survey.test-RaRmEScaLY7v5n0IiSBWNg==/lib/arm64:/data/app/~~I-oyipvI-GIV5KRbMYHWJw==/com.negi.survey-EegvML3Qj0it359tKI47qg==/lib/arm64:/data/app/~~XCaRaI9wObV-AUa8ypQFag==/com.negi.survey.test-RaRmEScaLY7v5n0IiSBWNg==/base.apk!/lib/arm64-v8a:/data/app/~~I-oyipvI-GIV5KRbMYHWJw==/com.negi.survey-EegvML3Qj0it359tKI47qg==/base.apk!/lib/arm64-v8a, permitted_path=/data:/mnt/expand:/data/user/0/com.negi.survey
09-08 18:12:53.163 22772 22772 V GraphicsEnvironment: Currently set values for:
09-08 18:12:53.163 22772 22772 V GraphicsEnvironment:   angle_gl_driver_selection_pkgs=[com.android.angle]
09-08 18:12:53.163 22772 22772 V GraphicsEnvironment:   angle_gl_driver_selection_values=[angle]
09-08 18:12:53.163 22772 22772 V GraphicsEnvironment: com.negi.survey is not listed in per-application setting
09-08 18:12:53.163 22772 22772 V GraphicsEnvironment: No special selections for ANGLE, returning default driver choice
09-08 18:12:53.163 22772 22772 V GraphicsEnvironment: Neither updatable production driver nor prerelease driver is supported.
09-08 18:12:53.765 22772 22772 I AndroidJUnitRunner: newApplication com.negi.survey.SurveyApp
09-08 18:12:53.802 22772 22772 D nativeloader: Load /data/app/~~I-oyipvI-GIV5KRbMYHWJw==/com.negi.survey-EegvML3Qj0it359tKI47qg==/base.apk!/lib/arm64-v8a/liblitertlm_jni.so using class loader ns clns-9 (caller=/data/app/~~I-oyipvI-GIV5KRbMYHWJw==/com.negi.survey-EegvML3Qj0it359tKI47qg==/base.apk!classes10.dex): ok
09-08 18:12:53.802 22772 22772 D SurveyApp: Loaded LiteRTLM JNI: litertlm_jni where=attachBaseContext
09-08 18:12:53.831 22772 22772 D AppRingLogStore: installed: dir=/data/user/0/com.negi.survey/files/diagnostics/applog_ring idx=0
09-08 18:12:53.831 22772 22772 D SurveyApp: attachBaseContext: pid=22772 process=com.negi.survey isMain=true sdk=36
09-08 18:12:53.832 22772 22772 D SurveyApp: bootTiming: attachBaseContext total=60ms
09-08 18:12:53.832 22772 22772 D SurveyApp: Skipping WorkManager init in attachBaseContext; will init lazily on first enqueue.
09-08 18:12:53.835 22772 22772 D CrashCapture: install: ensured default handler. where=SurveyApp:attachBaseContext pid=22772 default=com.negi.survey.CrashCapture$CrashHandler@6405464
09-08 18:12:53.835 22772 22772 D SurveyApp: CrashCapture installed: where=SurveyApp:attachBaseContext
09-08 18:12:53.853 22772 22772 E com.negi.survey: hiddenapi: Accessing hidden method Landroid/net/ssl/EchConfigMismatchException;->getRetryConfigList()Landroid/net/ssl/EchConfigList; (runtime_flags=0, domain=core-platform, api=blocked) from /data/app/~~I-oyipvI-GIV5KRbMYHWJw==/com.negi.survey-EegvML3Qj0it359tKI47qg==/base.apk!classes17.dex (domain=app, TargetSdkVersion=36) using linking: denied
09-08 18:12:53.853 22772 22772 E com.negi.survey: hiddenapi: Accessing hidden method Landroid/net/ssl/EchConfigList;->toBytes()[B (runtime_flags=0, domain=core-platform, api=blocked) from /data/app/~~I-oyipvI-GIV5KRbMYHWJw==/com.negi.survey-EegvML3Qj0it359tKI47qg==/base.apk!classes17.dex (domain=app, TargetSdkVersion=36) using linking: denied
09-08 18:12:53.854 22772 22772 E com.negi.survey: hiddenapi: Accessing hidden method Landroid/net/ssl/EchConfigList;->fromBytes([B)Landroid/net/ssl/EchConfigList; (runtime_flags=0, domain=core-platform, api=blocked) from /data/app/~~I-oyipvI-GIV5KRbMYHWJw==/com.negi.survey-EegvML3Qj0it359tKI47qg==/base.apk!classes17.dex (domain=app, TargetSdkVersion=36) using linking: denied
09-08 18:12:53.854 22772 22772 E com.negi.survey: hiddenapi: Accessing hidden method Landroid/net/ssl/SSLSockets;->setEchConfigList(Ljavax/net/ssl/SSLSocket;Landroid/net/ssl/EchConfigList;)V (runtime_flags=0, domain=core-platform, api=blocked) from /data/app/~~I-oyipvI-GIV5KRbMYHWJw==/com.negi.survey-EegvML3Qj0it359tKI47qg==/base.apk!classes17.dex (domain=app, TargetSdkVersion=36) using linking: denied
09-08 18:12:53.881 22772 22772 I AndroidJUnitRunner: onCreate Bundle[mParcelledData.dataSize=444]
09-08 18:12:53.881 22772 22772 D AndroidJUnitRunner: Use the raw file system for managing file I/O.
09-08 18:12:53.890 22772 22787 D RuntimeLogStore: openWriter: start -> /data/user/0/com.negi.survey/files/diagnostics/runtime_logs/rtlog_20260909_011253_823_pid22772_seq1.log (bytes=0 format=LEGACY)
09-08 18:12:53.895 22772 22787 D RuntimeLogStore: retention: start files=2 kept=2 totalBytes=1743
09-08 18:12:53.895 22772 22772 V TestEventClient: No service name argument was given (testDiscoveryService, testRunEventService or orchestratorService)
09-08 18:12:53.896 22772 22772 D SurveyApp: LiteRTLM JNI already loaded; skip. where=onCreate(retry)
09-08 18:12:53.896 22772 22772 D SurveyApp: bootTiming: RuntimeLogStore.start took=1ms
09-08 18:12:53.896 22772 22789 D AndroidJUnitRunner: onStart is called.
09-08 18:12:53.896 22772 22772 D SurveyApp: bootTiming: AppRingLogStore.install took=0ms
09-08 18:12:53.897 22772 22772 D SurveyApp: onCreate: pid=22772 process=com.negi.survey isMain=true sdk=36
09-08 18:12:53.907 22772 22772 D CrashCapture: install: ensured default handler. where=SurveyApp:onCreate(rewrap) pid=22772 default=com.negi.survey.CrashCapture$CrashHandler@6405464
09-08 18:12:53.907 22772 22772 D SurveyApp: CrashCapture installed: where=SurveyApp:onCreate(rewrap)
09-08 18:12:53.907 22772 22772 D CrashCapture: registerSelfHealing: ActivityLifecycleCallbacks registered. mode=onResumedOnly
09-08 18:12:53.907 22772 22772 D SurveyApp: CrashCapture self-healing registered.
09-08 18:12:53.907 22772 22772 W SurveyApp: Startup enqueues deferred: delay=2500ms (to reduce init contention)
09-08 18:12:53.907 22772 22772 D SurveyApp: bootTiming: onCreate total=12ms
09-08 18:12:53.920 22772 22789 I InstrConnection: Could not send broadcast or register receiver (isolatedProcess?)
09-08 18:12:54.019 22772 22789 I TestRunner: run started: 1 tests
09-08 18:12:54.024 22772 22789 I TestRunner: started: q8_real_model_two_step_acceptance(com.negi.survey.screens.RealLiteRtAiFollowupFlowInstrumentationTest)
09-08 18:12:54.129 22772 22789 I MS-ModelPrep: ModelAssetRule.before: api=36, modelName=gemma-3n-E4B-it-int4.litertlm, relDir=Download/SurveyNavModels
09-08 18:12:54.130 22772 22789 I UiAutomation: Initialized for user 0 on display 0
09-08 18:12:54.151 22772 22789 I MS-ModelPrep: skip adopt for API>=33 (self-owned search path available)
09-08 18:12:54.151 22772 22789 I MS-ModelPrep: Fast path: internal model exists -> /data/user/0/com.negi.survey/files/models/gemma-3n-E4B-it-int4.litertlm len=4919541760
09-08 18:12:54.189 22772 22789 I Tracing : Tracer added: class androidx.test.platform.tracing.AndroidXTracer
09-08 18:12:54.223 22772 22789 D IdlingRegistry: Registering idling resources: [androidx.compose.ui.test.EspressoLink@cae8851]
09-08 18:12:54.238 22772 22789 W Settings: Setting always_finish_activities has moved from android.provider.Settings.System to android.provider.Settings.Global, returning read-only value.
--------- beginning of system
09-08 18:12:54.273 22772 22795 I DisplayManager: Choreographer implicitly registered for the refresh rate.
09-08 18:12:54.275 22772 22795 D vulkan  : searching for layers in '/data/app/~~XCaRaI9wObV-AUa8ypQFag==/com.negi.survey.test-RaRmEScaLY7v5n0IiSBWNg==/lib/arm64'
09-08 18:12:54.275 22772 22795 D vulkan  : searching for layers in '/data/app/~~I-oyipvI-GIV5KRbMYHWJw==/com.negi.survey-EegvML3Qj0it359tKI47qg==/lib/arm64'
09-08 18:12:54.275 22772 22795 D vulkan  : searching for layers in '/data/app/~~XCaRaI9wObV-AUa8ypQFag==/com.negi.survey.test-RaRmEScaLY7v5n0IiSBWNg==/base.apk!/lib/arm64-v8a'
09-08 18:12:54.275 22772 22795 D vulkan  : searching for layers in '/data/app/~~I-oyipvI-GIV5KRbMYHWJw==/com.negi.survey-EegvML3Qj0it359tKI47qg==/base.apk!/lib/arm64-v8a'
09-08 18:12:54.283 22772 22772 D DesktopExperienceFlags: Toggle override initialized to: false
09-08 18:12:54.285 22772 22772 D LifecycleMonitor: Lifecycle status change: androidx.activity.ComponentActivity@cd3ff54 in: PRE_ON_CREATE
09-08 18:12:54.286 22772 22772 V ActivityScenario: Activity lifecycle changed event received but ignored because the reported transition was not ON_CREATE while the last known transition was PRE_ON_CREATE
09-08 18:12:54.292 22772 22772 D CompatChangeReporter: Compat change id reported: 377864165; UID 14867; state: ENABLED
09-08 18:12:54.292 22772 22772 D DesktopModeFlags: Toggle override initialized to: OVERRIDE_UNSET
09-08 18:12:54.300 22772 22772 D LifecycleMonitor: Lifecycle status change: androidx.activity.ComponentActivity@cd3ff54 in: CREATED
09-08 18:12:54.300 22772 22772 V ActivityScenario: Update currentActivityStage to CREATED, currentActivity=androidx.activity.ComponentActivity@cd3ff54
09-08 18:12:54.301 22772 22772 D LifecycleMonitor: Lifecycle status change: androidx.activity.ComponentActivity@cd3ff54 in: STARTED
09-08 18:12:54.301 22772 22772 V ActivityScenario: Update currentActivityStage to STARTED, currentActivity=androidx.activity.ComponentActivity@cd3ff54
09-08 18:12:54.301 22772 22772 I ContentCaptureHelper: Setting logging level to OFF
09-08 18:12:54.302 22772 22772 D CrashCapture: install: ensured default handler. where=selfHeal:onActivityResumed pid=22772 default=com.negi.survey.CrashCapture$CrashHandler@6405464
09-08 18:12:54.306 22772 22772 D LifecycleMonitor: Lifecycle status change: androidx.activity.ComponentActivity@cd3ff54 in: RESUMED
09-08 18:12:54.306 22772 22772 V ActivityScenario: Update currentActivityStage to RESUMED, currentActivity=androidx.activity.ComponentActivity@cd3ff54
09-08 18:12:54.322 22772 22772 D WindowOnBackDispatcher: setTopOnBackInvokedCallback (unwrapped): android.app.Activity$$ExternalSyntheticLambda0@f109c6f
09-08 18:12:54.322 22772 22772 D VRI[ComponentActivity]: WindowInsets changed: 1080x2424 statusBars:[0,152,0,0] navigationBars:[0,0,0,69] mandatorySystemGestures:[0,187,0,92] 
09-08 18:12:54.364 22772 22772 D InsetsController: hide(ime())
09-08 18:12:54.364 22772 22772 I ImeTracker: com.negi.survey:55fd56d7: onCancelled at PHASE_CLIENT_ALREADY_HIDDEN
09-08 18:12:54.475 22772 22776 I com.negi.survey: Compiler allocated 5038KB to compile void android.view.ViewRootImpl.performTraversals()
09-08 18:12:54.837 22772 22816 I HWUI    : Using FreeType backend (prop=Auto)
09-08 18:12:54.990 22772 22789 W AiViewModelSurvey: assets/slm_config.yml not applied: slm_config.yml  
09-08 18:12:54.990 22772 22789 I AiViewModelSurvey: ╔═ SLM MERGED CONFIG (pre-Model)  
09-08 18:12:54.990 22772 22789 I AiViewModelSurvey: ║ ACCELERATOR: GPU  
09-08 18:12:54.990 22772 22789 I AiViewModelSurvey: ║ MAX_TOKENS: 512  
09-08 18:12:54.990 22772 22789 I AiViewModelSurvey: ║ TOP_K: 1  
09-08 18:12:54.990 22772 22789 I AiViewModelSurvey: ║ TOP_P: 0.0  
09-08 18:12:54.990 22772 22789 I AiViewModelSurvey: ║ TEMPERATURE: 0.0  
09-08 18:12:54.990 22772 22789 I AiViewModelSurvey: ╚═ end  
09-08 18:12:54.990 22772 22789 W AiViewModelSurvey: Initializing SLM accelerator=GPU  
09-08 18:12:54.991 22772 22789 D SLM     : initializeIfNeeded: model='gemma-3n-E4B-it' image=false audio=false
09-08 18:12:55.002 22772 22818 D LiteRtLM: Initializing LiteRT-LM: model='gemma-3n-E4B-it', key='gemma-3n-E4B-it|/data/user/0/com.negi.survey/files/models/gemma-3n-E4B-it-int4.litertlm'
09-08 18:12:55.004 22772 22818 D LiteRtLM: Capabilities: image=false audio=false
09-08 18:12:55.005 22772 22818 D LiteRtLM: Backend=com.google.ai.edge.litertlm.Backend$GPU@8ecf2b0 maxNumTokens=512 (raw=512) topK=1 topP=0.0 temp=0.0
09-08 18:12:55.005 22772 22818 D LiteRtLM: Model path='/data/user/0/com.negi.survey/files/models/gemma-3n-E4B-it-int4.litertlm' sizeBytes=4919541760 lastModified=1788913652575
09-08 18:12:55.005 22772 22818 D LiteRtLM: LiteRT-LM native benchmark policy: enabled=false emulator=false
09-08 18:12:55.006 22772 22818 D LiteRtLM: LiteRT-LM native benchmark policy: enabled=false emulator=false
09-08 18:12:55.006 22772 22818 D LiteRtLM: Speculative decoding / MTP policy: enabled=false runtimeFlagUpdated=true model='gemma-3n-E4B-it'
09-08 18:12:55.009 22772 22818 D LiteRtLM: Engine cacheDir resolved: key='gemma-3n-E4B-it|/data/user/0/com.negi.survey/files/models/gemma-3n-E4B-it-int4.litertlm' backend=com.google.ai.edge.litertlm.Backend$GPU@8ecf2b0 path='/data/user/0/com.negi.survey/no_backup/litertlm_cache/8b58dd5e854e5353723e4360d401cf7d199b6f10' filesBefore=2
09-08 18:12:55.014 22772 22818 I litert  : [environment.cc:36] Creating LiteRT environment with options
09-08 18:12:55.014 22772 22818 W litert  : [npu_registry.cc:34] NPU accelerator could not be loaded and registered: kLiteRtStatusErrorInvalidArgument.
09-08 18:12:55.014 22772 22818 I litert  : [accelerator_registry.cc:54] RegisterAccelerator: ptr=0xb40000747146b530, name=LiteRT GPU
09-08 18:12:55.014 22772 22818 I litert  : [gpu_registry.cc:87] Statically linked GPU accelerator registered.
09-08 18:12:55.014 22772 22818 I litert  : [accelerator_registry.cc:54] RegisterAccelerator: ptr=0xb40000747146ab70, name=CpuAccelerator
09-08 18:12:55.014 22772 22818 I litert  : [cpu_registry.cc:75] XNNPACK CPU accelerator registered.
09-08 18:12:55.267 22772 22818 I litert  : [environment.cc:36] Creating LiteRT environment with options
09-08 18:12:55.267 22772 22818 W litert  : [npu_registry.cc:34] NPU accelerator could not be loaded and registered: kLiteRtStatusErrorInvalidArgument.
09-08 18:12:55.267 22772 22818 I litert  : [accelerator_registry.cc:54] RegisterAccelerator: ptr=0xb40000747146bbf0, name=LiteRT GPU
09-08 18:12:55.267 22772 22818 I litert  : [gpu_registry.cc:87] Statically linked GPU accelerator registered.
09-08 18:12:55.267 22772 22818 I litert  : [accelerator_registry.cc:54] RegisterAccelerator: ptr=0xb40000747146cc10, name=CpuAccelerator
09-08 18:12:55.267 22772 22818 I litert  : [cpu_registry.cc:75] XNNPACK CPU accelerator registered.
09-08 18:12:55.267 22772 22818 W native  : W0000 00:00:1788916375.267887   22818 litert_lm_loader.cc:291] Section not found: 	
09-08 18:12:55.268 22772 22818 W native  : W0000 00:00:1788916375.268034   22818 litert_lm_loader.cc:291] Section not found: 	
09-08 18:12:55.268 22772 22818 I litert  : [compiled_model.cc:833] Flatbuffer model initialized directly from incoming litert model.
09-08 18:12:55.269 22772 22818 I tflite  : Initialized TensorFlow Lite runtime.
09-08 18:12:55.303 22772 22818 W libc    : Access denied finding property "ro.mediatek.platform"
09-08 18:12:55.303 22772 22818 W libc    : Access denied finding property "ro.chipname"
09-08 18:12:55.303 22772 22818 W libc    : Access denied finding property "ro.hardware.chipname"
09-08 18:12:55.350 22772 22818 I native  : I0000 00:00:1788916375.350094   22818 delegate_opencl.cc:603] options->hint_waiting_for_completion: false
09-08 18:12:55.350 22772 22818 I native  : I0000 00:00:1788916375.350225   22818 delegate_opencl.cc:605] options->kernel_batch_size: -1
09-08 18:12:55.357 22772 22818 E libEGL  : call to OpenGL ES API with no current context (logged once per thread)
09-08 18:12:55.361 22772 22818 I litert  : [environment.cc:47] Adding options to the existing LiteRT environment
09-08 18:12:55.361 22772 22818 I tflite  : Loaded OpenCL library with dlopen.
09-08 18:12:55.361 22772 22818 I litert  : [gpu_environment.cc:220] Created OpenCL device from provided device id and platform id.
09-08 18:12:55.363 22772 22818 I litert  : [gpu_environment.cc:283] Reusing provided EGL environment.
09-08 18:12:55.363 22772 22818 I litert  : [gpu_environment.h:155] Created LiteRT GpuEnvironment.
09-08 18:12:55.363 22772 22818 I litert  : [environment.cc:47] Adding options to the existing LiteRT environment
09-08 18:12:55.428 22772 22818 I tflite  : Replacing 3326 out of 3326 node(s) with delegate (LITERT_CL) node, yielding 1 partitions for subgraph 0 (decode).
09-08 18:12:55.490 22772 22818 W native  : W0000 00:00:1788916375.490813   22818 gpu_model_builder.cc:4348] Weights preparation on Gpu is disabled for PowerVR, Broadcom, Mali GPUs and non-OpenCL/WebGPU/Metal backends.
09-08 18:12:56.408 22772 22772 W SurveyApp: Deferred startup enqueues begin...
09-08 18:12:56.435 22772 22772 D WM-PackageManagerHelper: Skipping component enablement for androidx.work.impl.background.systemjob.SystemJobService
09-08 18:12:56.435 22772 22772 D WM-Schedulers: Created SystemJobScheduler and enabled SystemJobService
09-08 18:12:56.438 22772 22826 D WM-ForceStopRunnable: Is default app process = true
09-08 18:12:56.438 22772 22826 D WM-ForceStopRunnable: Performing cleanup operations.
09-08 18:12:56.441 22772 22772 D SurveyApp: WorkManager available. where=startupRtLogs(immediate) took=33ms
09-08 18:12:56.447 22772 22772 D SurveyApp: Startup runtime logs target -> owner=ishizuki-tech repo=SurveyExports branch=main base='/diagnostics/runtime_logs'
09-08 18:12:56.457 22772 22772 D github_upload: enqueueStartupRuntimeLogsUpload: uniqueName=upload_runtime_logs_startup policy=KEEP session=startup_runtime_20260909_011256_d0fd6638
09-08 18:12:56.461 22772 22772 D SurveyApp: Startup runtime logs: enqueue requested (immediate).
09-08 18:12:56.461 22772 22772 D SurveyApp: WorkManager available. where=startupRingLogs(immediate) took=0ms
09-08 18:12:56.462 22772 22826 D WM-SystemJobScheduler: Reconciling jobs
09-08 18:12:56.462 22772 22772 D SurveyApp: Startup ring logs target -> owner=ishizuki-tech repo=SurveyExports branch=main base='/diagnostics/applog_ring'
09-08 18:12:56.463 22772 22772 D github_upload: enqueueStartupRingLogsUpload: uniqueName=upload_ring_logs_startup policy=KEEP session=startup_ring_20260909_011256_93e5b718
09-08 18:12:56.463 22772 22772 D SurveyApp: Startup ring logs: enqueue requested (immediate).
09-08 18:12:56.463 22772 22772 D SurveyApp: WorkManager available. where=enqueuePending(immediate) took=0ms
09-08 18:12:56.463 22772 22772 D SurveyApp: CrashCapture pending uploads requested (immediate).
09-08 18:12:56.464 22772 22772 W SurveyApp: Deferred startup enqueues done: took=56ms
09-08 18:12:56.465 22772 22828 D CrashCapture: enqueuePendingCrashUploadsIfPossible enter where=SurveyApp:enqueuePending(immediate):bg pid=22772 thread=CrashCapture-Enqueue
09-08 18:12:56.474 22772 22826 D WM-ForceStopRunnable: Found unfinished work, scheduling it.
