=== RuntimeLogStore Header ===
ts=2026-09-08T06:33:47.275Z
fileNameFormat=LEGACY
appId=com.negi.survey
versionName=0.0.1
versionCode=43
debug=false
device=samsung SM-S936B
sdk=36
pid=16123
==============================
2026-09-08T06:33:47.275Z I/RuntimeLogStore [rtlog-io] --- rotated (reason=plain_snapshot:receiver_boot_completed) ---
2026-09-08T06:33:48.346Z W/SurveyApp [main] Deferred startup enqueues begin...
2026-09-08T06:33:48.346Z D/SurveyApp [main] WorkManager available. where=startupRtLogs(immediate) took=0ms
2026-09-08T06:33:48.347Z D/SurveyApp [main] Startup runtime logs target -> owner=ishizuki-tech repo=SurveyExports branch=main base='/diagnostics/runtime_logs'
2026-09-08T06:33:48.348Z D/SurveyApp [main] Startup runtime logs: enqueue requested (immediate).
2026-09-08T06:33:48.348Z D/SurveyApp [main] WorkManager available. where=startupRingLogs(immediate) took=0ms
2026-09-08T06:33:48.349Z D/SurveyApp [main] Startup ring logs target -> owner=ishizuki-tech repo=SurveyExports branch=main base='/diagnostics/applog_ring'
2026-09-08T06:33:48.349Z D/SurveyApp [main] Startup ring logs: enqueue requested (immediate).
2026-09-08T06:33:48.349Z D/SurveyApp [main] WorkManager available. where=enqueuePending(immediate) took=0ms
2026-09-08T06:33:48.349Z D/SurveyApp [main] CrashCapture pending uploads requested (immediate).
2026-09-08T06:33:48.349Z W/SurveyApp [main] Deferred startup enqueues done: took=3ms
