=== RuntimeLogStore Header ===
ts=2026-09-17T12:00:17.207Z
fileNameFormat=LEGACY
appId=com.negi.survey
versionName=0.0.1
versionCode=43
debug=false
device=samsung SM-S936B
sdk=36
pid=15143
==============================
2026-09-17T12:00:17.207Z I/RuntimeLogStore [rtlog-io] start: actor launched (fileNameFormat=LEGACY)
2026-09-17T12:00:17.205Z D/SurveyApp [main] attachBaseContext: pid=15143 process=com.negi.survey isMain=true sdk=36
2026-09-17T12:00:17.209Z D/SurveyApp [main] bootTiming: attachBaseContext total=78ms
2026-09-17T12:00:17.209Z D/SurveyApp [main] Skipping WorkManager init in attachBaseContext; will init lazily on first enqueue.
2026-09-17T12:00:17.214Z D/SurveyApp [main] CrashCapture installed: where=SurveyApp:attachBaseContext
2026-09-17T12:00:17.247Z I/RuntimeLogStore [main] start repair: ctx/dir refreshed
2026-09-17T12:00:17.247Z D/SurveyApp [main] bootTiming: RuntimeLogStore.start took=0ms
2026-09-17T12:00:17.247Z D/SurveyApp [main] bootTiming: AppRingLogStore.install took=0ms
2026-09-17T12:00:17.247Z D/SurveyApp [main] onCreate: pid=15143 process=com.negi.survey isMain=true sdk=36
2026-09-17T12:00:17.250Z D/SurveyApp [main] CrashCapture installed: where=SurveyApp:onCreate(rewrap)
2026-09-17T12:00:17.251Z D/SurveyApp [main] CrashCapture self-healing registered.
2026-09-17T12:00:17.251Z W/SurveyApp [main] Startup enqueues deferred: delay=2500ms (to reduce init contention)
2026-09-17T12:00:17.251Z D/SurveyApp [main] bootTiming: onCreate total=4ms
2026-09-17T12:00:17.257Z I/RuntimeLogStore [DefaultDispatcher-worker-1] start repair: ctx/dir refreshed
2026-09-17T12:00:18.532Z I/RuntimeLogStore [DefaultDispatcher-worker-1] start repair: ctx/dir refreshed
