=== RuntimeLogStore Header ===
ts=2026-09-14T08:09:45.594Z
fileNameFormat=LEGACY
appId=com.negi.survey
versionName=0.0.1
versionCode=1
debug=true
device=Google Pixel 9a
sdk=36
pid=7421
==============================
2026-09-14T08:09:45.595Z I/RuntimeLogStore [rtlog-io] --- rotated (reason=plain_snapshot:receiver_boot_completed) ---
2026-09-14T08:09:45.743Z W/SurveyApp [main] Deferred startup enqueues begin...
2026-09-14T08:09:45.744Z D/SurveyApp [main] WorkManager available. where=startupRtLogs(immediate) took=0ms
2026-09-14T08:09:45.750Z D/SurveyApp [main] Startup runtime logs target -> owner=ishizuki-tech repo=SurveyExports branch=main base='/diagnostics/runtime_logs'
2026-09-14T08:09:45.759Z D/SurveyApp [main] Startup runtime logs: enqueue requested (immediate).
2026-09-14T08:09:45.761Z D/SurveyApp [main] WorkManager available. where=startupRingLogs(immediate) took=0ms
2026-09-14T08:09:45.766Z D/SurveyApp [main] Startup ring logs target -> owner=ishizuki-tech repo=SurveyExports branch=main base='/diagnostics/applog_ring'
2026-09-14T08:09:45.769Z D/SurveyApp [main] Startup ring logs: enqueue requested (immediate).
2026-09-14T08:09:45.770Z D/SurveyApp [main] WorkManager available. where=enqueuePending(immediate) took=0ms
2026-09-14T08:09:45.770Z D/SurveyApp [main] CrashCapture pending uploads requested (immediate).
2026-09-14T08:09:45.770Z W/SurveyApp [main] Deferred startup enqueues done: took=28ms
