=== Previous Session Logcat ===
captured_time_utc=20260930_170512
captured_time_local=20260930_120512
marker=2026-09-29 18:10:59.324
preferred_prev_pid=-1
note=best-effort; buffers may be overwritten before next start
sdk=36
device=samsung SM-S731U
appId=com.negi.survey
versionName=0.0.1
versionCode=1

=== Logcat (since marker) ===
--------- beginning of system
09-29 18:10:59.459 14942 14942 I NotificationManager: com.negi.survey: notify(5496, null, Notification(channel=uploads shortcut=null contentView=null vibrate=null sound=null defaults=0 flags=ONGOING_EVENT|ONLY_ALERT_ONCE color=0x00000000 category=progress vis=PRIVATE semFlags=0x0 semPriority=0 semMissedCount=0 semScenarioType=0)) as user
09-29 18:10:59.466 14942 14942 I NotificationManager: com.negi.survey: notify(5496, null, Notification(channel=uploads shortcut=null contentView=null vibrate=null sound=null defaults=0 flags=ONGOING_EVENT|ONLY_ALERT_ONCE color=0x00000000 category=progress vis=PRIVATE semFlags=0x0 semPriority=0 semMissedCount=0 semScenarioType=0)) as user
09-29 18:10:59.491 14942 14942 I NotificationManager: com.negi.survey: notify(4591, null, Notification(channel=uploads shortcut=null contentView=null vibrate=null sound=null defaults=0 flags=ONGOING_EVENT|ONLY_ALERT_ONCE color=0x00000000 category=progress vis=PRIVATE semFlags=0x0 semPriority=0 semMissedCount=0 semScenarioType=0)) as user
09-29 18:10:59.502 14942 14942 I NotificationManager: com.negi.survey: notify(4591, null, Notification(channel=uploads shortcut=null contentView=null vibrate=null sound=null defaults=0 flags=ONGOING_EVENT|ONLY_ALERT_ONCE color=0x00000000 category=progress vis=PRIVATE semFlags=0x0 semPriority=0 semMissedCount=0 semScenarioType=0)) as user
09-29 18:10:59.510 14942 14942 I NotificationManager: com.negi.survey: notify(6968, null, Notification(channel=uploads shortcut=null contentView=null vibrate=null sound=null defaults=0 flags=ONGOING_EVENT|ONLY_ALERT_ONCE color=0x00000000 category=progress vis=PRIVATE semFlags=0x0 semPriority=0 semMissedCount=0 semScenarioType=0)) as user
09-29 18:10:59.517 14942 14942 W NotificationManager: Shedding notify (update) of NotificationKey[user=UserHandle{0}, pkg=com.negi.survey, tag=null, id=6968], rate limit (5.0) exceeded: input 7.2026224, output would be 5.047289
09-29 18:10:59.519 14942 14942 I NotificationManager: com.negi.survey: notify(3703, null, Notification(channel=uploads shortcut=null contentView=null vibrate=null sound=null defaults=0 flags=ONGOING_EVENT|ONLY_ALERT_ONCE color=0x00000000 category=progress vis=PRIVATE semFlags=0x0 semPriority=0 semMissedCount=0 semScenarioType=0)) as user
09-29 18:10:59.525 14942 14942 I NotificationManager: com.negi.survey: notify(3703, null, Notification(channel=uploads shortcut=null contentView=null vibrate=null sound=null defaults=0 flags=ONGOING_EVENT|ONLY_ALERT_ONCE color=0x00000000 category=progress vis=PRIVATE semFlags=0x0 semPriority=0 semMissedCount=0 semScenarioType=0)) as user
09-29 18:10:59.532 14942 14942 I NotificationManager: com.negi.survey: notify(9417, null, Notification(channel=uploads shortcut=null contentView=null vibrate=null sound=null defaults=0 flags=ONGOING_EVENT|ONLY_ALERT_ONCE color=0x00000000 category=progress vis=PRIVATE semFlags=0x0 semPriority=0 semMissedCount=0 semScenarioType=0)) as user
09-29 18:10:59.542 14942 14942 I NotificationManager: com.negi.survey: notify(4300, null, Notification(channel=uploads shortcut=null contentView=null vibrate=null sound=null defaults=0 flags=ONGOING_EVENT|ONLY_ALERT_ONCE color=0x00000000 category=progress vis=PRIVATE semFlags=0x0 semPriority=0 semMissedCount=0 semScenarioType=0)) as user
09-29 18:10:59.732 14942 14942 I NotificationManager: com.negi.survey: notify(4591, null, Notification(channel=uploads shortcut=null contentView=null vibrate=null sound=null defaults=0 flags=ONGOING_EVENT|ONLY_ALERT_ONCE color=0x00000000 category=progress vis=PRIVATE semFlags=0x0 semPriority=0 semMissedCount=0 semScenarioType=0)) as user
09-29 18:10:59.927 14942 14942 I NotificationManager: com.negi.survey: notify(4591, null, Notification(channel=uploads shortcut=null contentView=null vibrate=null sound=null defaults=0 flags=ONGOING_EVENT|ONLY_ALERT_ONCE color=0x00000000 category=progress vis=PRIVATE semFlags=0x0 semPriority=0 semMissedCount=0 semScenarioType=0)) as user
09-29 18:11:00.131 14942 14942 I NotificationManager: com.negi.survey: notify(4591, null, Notification(channel=uploads shortcut=null contentView=null vibrate=null sound=null defaults=0 flags=ONGOING_EVENT|ONLY_ALERT_ONCE color=0x00000000 category=progress vis=PRIVATE semFlags=0x0 semPriority=0 semMissedCount=0 semScenarioType=0)) as user
09-29 18:11:00.334 14942 14942 I NotificationManager: com.negi.survey: notify(6968, null, Notification(channel=uploads shortcut=null contentView=null vibrate=null sound=null defaults=0 flags=ONGOING_EVENT|ONLY_ALERT_ONCE color=0x00000000 category=progress vis=PRIVATE semFlags=0x0 semPriority=0 semMissedCount=0 semScenarioType=0)) as user
09-29 18:11:00.520 14942 14942 W NotificationManager: Shedding notify (update) of NotificationKey[user=UserHandle{0}, pkg=com.negi.survey, tag=null, id=6968], rate limit (5.0) exceeded: input 232.75217, output would be 5.067642
09-29 18:11:00.532 14942 14942 I NotificationManager: com.negi.survey: notify(6968, null, Notification(channel=uploads shortcut=null contentView=null vibrate=null sound=null defaults=0 flags=ONGOING_EVENT|ONLY_ALERT_ONCE color=0x00000000 category=progress vis=PRIVATE semFlags=0x0 semPriority=0 semMissedCount=0 semScenarioType=0)) as user
09-29 18:11:00.721 14942 14942 I NotificationManager: com.negi.survey: notify(9056, null, Notification(channel=uploads shortcut=null contentView=null vibrate=null sound=null defaults=0 flags=ONLY_ALERT_ONCE color=0x00000000 category=progress vis=PRIVATE semFlags=0x0 semPriority=0 semMissedCount=0 semScenarioType=0)) as user
09-29 18:11:01.277 14942 14942 I NotificationManager: com.negi.survey: notify(5477, null, Notification(channel=uploads shortcut=null contentView=null vibrate=null sound=null defaults=0 flags=ONGOING_EVENT|ONLY_ALERT_ONCE color=0x00000000 category=progress vis=PRIVATE semFlags=0x0 semPriority=0 semMissedCount=0 semScenarioType=0)) as user
09-29 18:11:01.288 14942 14942 I NotificationManager: com.negi.survey: notify(5477, null, Notification(channel=uploads shortcut=null contentView=null vibrate=null sound=null defaults=0 flags=ONLY_ALERT_ONCE color=0x00000000 category=progress vis=PRIVATE semFlags=0x0 semPriority=0 semMissedCount=0 semScenarioType=0)) as user
09-29 18:11:01.638 14942 14942 I NotificationManager: com.negi.survey: notify(4300, null, Notification(channel=uploads shortcut=null contentView=null vibrate=null sound=null defaults=0 flags=ONGOING_EVENT|ONLY_ALERT_ONCE color=0x00000000 category=progress vis=PRIVATE semFlags=0x0 semPriority=0 semMissedCount=0 semScenarioType=0)) as user
09-29 18:11:01.651 14942 14942 I NotificationManager: com.negi.survey: notify(4300, null, Notification(channel=uploads shortcut=null contentView=null vibrate=null sound=null defaults=0 flags=ONGOING_EVENT|ONLY_ALERT_ONCE color=0x00000000 category=progress vis=PRIVATE semFlags=0x0 semPriority=0 semMissedCount=0 semScenarioType=0)) as user
09-29 18:11:01.664 14942 14942 I NotificationManager: com.negi.survey: notify(4300, null, Notification(channel=uploads shortcut=null contentView=null vibrate=null sound=null defaults=0 flags=ONGOING_EVENT|ONLY_ALERT_ONCE color=0x00000000 category=progress vis=PRIVATE semFlags=0x0 semPriority=0 semMissedCount=0 semScenarioType=0)) as user
09-29 18:11:01.676 14942 14942 W NotificationManager: Shedding notify (update) of NotificationKey[user=UserHandle{0}, pkg=com.negi.survey, tag=null, id=4300], rate limit (5.0) exceeded: input 11.898129, output would be 5.3730836
09-29 18:11:02.137 14942 14942 I NotificationManager: com.negi.survey: notify(4591, null, Notification(channel=uploads shortcut=null contentView=null vibrate=null sound=null defaults=0 flags=ONGOING_EVENT|ONLY_ALERT_ONCE color=0x00000000 category=progress vis=PRIVATE semFlags=0x0 semPriority=0 semMissedCount=0 semScenarioType=0)) as user
09-29 18:11:02.147 14942 14942 I NotificationManager: com.negi.survey: notify(4591, null, Notification(channel=uploads shortcut=null contentView=null vibrate=null sound=null defaults=0 flags=ONGOING_EVENT|ONLY_ALERT_ONCE color=0x00000000 category=progress vis=PRIVATE semFlags=0x0 semPriority=0 semMissedCount=0 semScenarioType=0)) as user
09-29 18:11:02.283 14942 14942 I NotificationManager: com.negi.survey: notify(4591, null, Notification(channel=uploads shortcut=null contentView=null vibrate=null sound=null defaults=0 flags=ONGOING_EVENT|ONLY_ALERT_ONCE color=0x00000000 category=progress vis=PRIVATE semFlags=0x0 semPriority=0 semMissedCount=0 semScenarioType=0)) as user
09-29 18:11:02.481 14942 14942 I NotificationManager: com.negi.survey: notify(4591, null, Notification(channel=uploads shortcut=null contentView=null vibrate=null sound=null defaults=0 flags=ONGOING_EVENT|ONLY_ALERT_ONCE color=0x00000000 category=progress vis=PRIVATE semFlags=0x0 semPriority=0 semMissedCount=0 semScenarioType=0)) as user
09-29 18:11:02.763 14942 14942 I NotificationManager: com.negi.survey: notify(4300, null, Notification(channel=uploads shortcut=null contentView=null vibrate=null sound=null defaults=0 flags=ONGOING_EVENT|ONLY_ALERT_ONCE color=0x00000000 category=progress vis=PRIVATE semFlags=0x0 semPriority=0 semMissedCount=0 semScenarioType=0)) as user
09-29 18:11:02.776 14942 14942 I NotificationManager: com.negi.survey: notify(4300, null, Notification(channel=uploads shortcut=null contentView=null vibrate=null sound=null defaults=0 flags=ONLY_ALERT_ONCE color=0x00000000 category=progress vis=PRIVATE semFlags=0x0 semPriority=0 semMissedCount=0 semScenarioType=0)) as user
09-29 18:11:02.806 14942 14942 W NotificationManager: Shedding notify (update) of NotificationKey[user=UserHandle{0}, pkg=com.negi.survey, tag=null, id=6968], rate limit (5.0) exceeded: input 19.718712, output would be 5.8719974
09-29 18:11:02.908 14942 14942 I NotificationManager: com.negi.survey: notify(6968, null, Notification(channel=uploads shortcut=null contentView=null vibrate=null sound=null defaults=0 flags=ONGOING_EVENT|ONLY_ALERT_ONCE color=0x00000000 category=progress vis=PRIVATE semFlags=0x0 semPriority=0 semMissedCount=0 semScenarioType=0)) as user
09-29 18:11:03.110 14942 14942 I NotificationManager: com.negi.survey: notify(6968, null, Notification(channel=uploads shortcut=null contentView=null vibrate=null sound=null defaults=0 flags=ONGOING_EVENT|ONLY_ALERT_ONCE color=0x00000000 category=progress vis=PRIVATE semFlags=0x0 semPriority=0 semMissedCount=0 semScenarioType=0)) as user
09-29 18:11:03.738 14942 14942 I NotificationManager: com.negi.survey: notify(10753, null, Notification(channel=uploads shortcut=null contentView=null vibrate=null sound=null defaults=0 flags=ONGOING_EVENT|ONLY_ALERT_ONCE color=0x00000000 category=progress vis=PRIVATE semFlags=0x0 semPriority=0 semMissedCount=0 semScenarioType=0)) as user
09-29 18:11:03.753 14942 14942 I NotificationManager: com.negi.survey: notify(10753, null, Notification(channel=uploads shortcut=null contentView=null vibrate=null sound=null defaults=0 flags=ONLY_ALERT_ONCE color=0x00000000 category=progress vis=PRIVATE semFlags=0x0 semPriority=0 semMissedCount=0 semScenarioType=0)) as user
09-29 18:11:04.970 14942 14942 I NotificationManager: com.negi.survey: notify(9417, null, Notification(channel=uploads shortcut=null contentView=null vibrate=null sound=null defaults=0 flags=ONGOING_EVENT|ONLY_ALERT_ONCE color=0x00000000 category=progress vis=PRIVATE semFlags=0x0 semPriority=0 semMissedCount=0 semScenarioType=0)) as user
09-29 18:11:04.987 14942 14942 I NotificationManager: com.negi.survey: notify(9417, null, Notification(channel=uploads shortcut=null contentView=null vibrate=null sound=null defaults=0 flags=ONGOING_EVENT|ONLY_ALERT_ONCE color=0x00000000 category=progress vis=PRIVATE semFlags=0x0 semPriority=0 semMissedCount=0 semScenarioType=0)) as user
09-29 18:11:05.000 14942 14942 I NotificationManager: com.negi.survey: notify(9417, null, Notification(channel=uploads shortcut=null contentView=null vibrate=null sound=null defaults=0 flags=ONGOING_EVENT|ONLY_ALERT_ONCE color=0x00000000 category=progress vis=PRIVATE semFlags=0x0 semPriority=0 semMissedCount=0 semScenarioType=0)) as user
09-29 18:11:05.010 14942 14942 I NotificationManager: com.negi.survey: notify(9417, null, Notification(channel=uploads shortcut=null contentView=null vibrate=null sound=null defaults=0 flags=ONGOING_EVENT|ONLY_ALERT_ONCE color=0x00000000 category=progress vis=PRIVATE semFlags=0x0 semPriority=0 semMissedCount=0 semScenarioType=0)) as user
09-29 18:11:05.019 14942 14942 I NotificationManager: com.negi.survey: notify(9417, null, Notification(channel=uploads shortcut=null contentView=null vibrate=null sound=null defaults=0 flags=ONGOING_EVENT|ONLY_ALERT_ONCE color=0x00000000 category=progress vis=PRIVATE semFlags=0x0 semPriority=0 semMissedCount=0 semScenarioType=0)) as user
09-29 18:11:05.024 14942 14942 W NotificationManager: Shedding notify (update) of NotificationKey[user=UserHandle{0}, pkg=com.negi.survey, tag=null, id=9417], rate limit (5.0) exceeded: input 11.152773, output would be 6.587363
09-29 18:11:05.269 14942 14942 D ActivityThread: com.negi.survey will use render engine as VK
09-29 18:11:05.272 14942 15249 I DisplayManager: Choreographer implicitly registered for the refresh rate.
09-29 18:11:05.344 14942 14942 I NotificationManager: com.negi.survey: notify(4591, null, Notification(channel=uploads shortcut=null contentView=null vibrate=null sound=null defaults=0 flags=ONGOING_EVENT|ONLY_ALERT_ONCE color=0x00000000 category=progress vis=PRIVATE semFlags=0x0 semPriority=0 semMissedCount=0 semScenarioType=0)) as user
09-29 18:11:05.573 14942 14942 I NotificationManager: com.negi.survey: notify(4591, null, Notification(channel=uploads shortcut=null contentView=null vibrate=null sound=null defaults=0 flags=ONGOING_EVENT|ONLY_ALERT_ONCE color=0x00000000 category=progress vis=PRIVATE semFlags=0x0 semPriority=0 semMissedCount=0 semScenarioType=0)) as user
09-29 18:11:05.621 14942 14942 D InsetsController: hide(ime())
09-29 18:11:05.930 14942 14942 I NotificationManager: com.negi.survey: notify(6968, null, Notification(channel=uploads shortcut=null contentView=null vibrate=null sound=null defaults=0 flags=ONGOING_EVENT|ONLY_ALERT_ONCE color=0x00000000 category=progress vis=PRIVATE semFlags=0x0 semPriority=0 semMissedCount=0 semScenarioType=0)) as user
09-29 18:11:05.953 14942 14942 I NotificationManager: com.negi.survey: notify(6968, null, Notification(channel=uploads shortcut=null contentView=null vibrate=null sound=null defaults=0 flags=ONGOING_EVENT|ONLY_ALERT_ONCE color=0x00000000 category=progress vis=PRIVATE semFlags=0x0 semPriority=0 semMissedCount=0 semScenarioType=0)) as user
09-29 18:11:06.036 14942 14942 W NotificationManager: Shedding notify (update) of NotificationKey[user=UserHandle{0}, pkg=com.negi.survey, tag=null, id=6968], rate limit (5.0) exceeded: input 122.08239, output would be 6.043451
09-29 18:11:06.157 14942 14942 I NotificationManager: com.negi.survey: notify(6968, null, Notification(channel=uploads shortcut=null contentView=null vibrate=null sound=null defaults=0 flags=ONGOING_EVENT|ONLY_ALERT_ONCE color=0x00000000 category=progress vis=PRIVATE semFlags=0x0 semPriority=0 semMissedCount=0 semScenarioType=0)) as user
09-29 18:11:06.420 14942 14942 I NotificationManager: com.negi.survey: notify(5496, null, Notification(channel=uploads shortcut=null contentView=null vibrate=null sound=null defaults=0 flags=ONGOING_EVENT|ONLY_ALERT_ONCE color=0x00000000 category=progress vis=PRIVATE semFlags=0x0 semPriority=0 semMissedCount=0 semScenarioType=0)) as user
09-29 18:11:06.425 14942 14942 I NotificationManager: com.negi.survey: notify(5496, null, Notification(channel=uploads shortcut=null contentView=null vibrate=null sound=null defaults=0 flags=ONLY_ALERT_ONCE color=0x00000000 category=progress vis=PRIVATE semFlags=0x0 semPriority=0 semMissedCount=0 semScenarioType=0)) as user
09-29 18:11:06.628 14942 14942 I NotificationManager: com.negi.survey: notify(9417, null, Notification(channel=uploads shortcut=null contentView=null vibrate=null sound=null defaults=0 flags=ONGOING_EVENT|ONLY_ALERT_ONCE color=0x00000000 category=progress vis=PRIVATE semFlags=0x0 semPriority=0 semMissedCount=0 semScenarioType=0)) as user
09-29 18:11:06.912 14942 14942 I NotificationManager: com.negi.survey: notify(4591, null, Notification(channel=uploads shortcut=null contentView=null vibrate=null sound=null defaults=0 flags=ONGOING_EVENT|ONLY_ALERT_ONCE color=0x00000000 category=progress vis=PRIVATE semFlags=0x0 semPriority=0 semMissedCount=0 semScenarioType=0)) as user
09-29 18:11:07.029 14942 14942 I NotificationManager: com.negi.survey: notify(4591, null, Notification(channel=uploads shortcut=null contentView=null vibrate=null sound=null defaults=0 flags=ONGOING_EVENT|ONLY_ALERT_ONCE color=0x00000000 category=progress vis=PRIVATE semFlags=0x0 semPriority=0 semMissedCount=0 semScenarioType=0)) as user
09-29 18:11:07.037 14942 14942 W NotificationManager: Shedding notify (update) of NotificationKey[user=UserHandle{0}, pkg=com.negi.survey, tag=null, id=4591], rate limit (5.0) exceeded: input 202.27084, output would be 6.992656
09-29 18:11:07.228 14942 14942 I NotificationManager: com.negi.survey: notify(4591, null, Notification(channel=uploads shortcut=null contentView=null vibrate=null sound=null defaults=0 flags=ONGOING_EVENT|ONLY_ALERT_ONCE color=0x00000000 category=progress vis=PRIVATE semFlags=0x0 semPriority=0 semMissedCount=0 semScenarioType=0)) as user
09-29 18:11:07.371 14942 14942 D InsetsController: hide(ime())
09-29 18:11:07.541 14942 14942 I NotificationManager: com.negi.survey: notify(6968, null, Notification(channel=uploads shortcut=null contentView=null vibrate=null sound=null defaults=0 flags=ONGOING_EVENT|ONLY_ALERT_ONCE color=0x00000000 category=progress vis=PRIVATE semFlags=0x0 semPriority=0 semMissedCount=0 semScenarioType=0)) as user
09-29 18:11:07.549 14942 14942 I NotificationManager: com.negi.survey: notify(6968, null, Notification(channel=uploads shortcut=null contentView=null vibrate=null sound=null defaults=0 flags=ONLY_ALERT_ONCE color=0x00000000 category=progress vis=PRIVATE semFlags=0x0 semPriority=0 semMissedCount=0 semScenarioType=0)) as user
09-29 18:11:08.222 14942 14942 D InsetsController: hide(ime())
09-29 18:11:08.485 14942 14942 I NotificationManager: com.negi.survey: notify(9417, null, Notification(channel=uploads shortcut=null contentView=null vibrate=null sound=null defaults=0 flags=ONGOING_EVENT|ONLY_ALERT_ONCE color=0x00000000 category=progress vis=PRIVATE semFlags=0x0 semPriority=0 semMissedCount=0 semScenarioType=0)) as user
09-29 18:11:08.491 14942 14942 I NotificationManager: com.negi.survey: notify(9417, null, Notification(channel=uploads shortcut=null contentView=null vibrate=null sound=null defaults=0 flags=ONGOING_EVENT|ONLY_ALERT_ONCE color=0x00000000 category=progress vis=PRIVATE semFlags=0x0 semPriority=0 semMissedCount=0 semScenarioType=0)) as user
09-29 18:11:08.502 14942 14942 I NotificationManager: com.negi.survey: notify(9417, null, Notification(channel=uploads shortcut=null contentView=null vibrate=null sound=null defaults=0 flags=ONGOING_EVENT|ONLY_ALERT_ONCE color=0x00000000 category=progress vis=PRIVATE semFlags=0x0 semPriority=0 semMissedCount=0 semScenarioType=0)) as user
09-29 18:11:08.515 14942 14942 W NotificationManager: Shedding notify (update) of NotificationKey[user=UserHandle{0}, pkg=com.negi.survey, tag=null, id=9417], rate limit (5.0) exceeded: input 11.285578, output would be 6.2433085
09-29 18:11:08.533 14942 14942 I NotificationManager: com.negi.survey: notify(4591, null, Notification(channel=uploads shortcut=null contentView=null vibrate=null sound=null defaults=0 flags=ONLY_ALERT_ONCE color=0x00000000 category=progress vis=PRIVATE semFlags=0x0 semPriority=0 semMissedCount=0 semScenarioType=0)) as user
09-29 18:11:09.506 14942 14942 I NotificationManager: com.negi.survey: notify(8073, null, Notification(channel=uploads shortcut=null contentView=null vibrate=null sound=null defaults=0 flags=ONGOING_EVENT|ONLY_ALERT_ONCE color=0x00000000 category=progress vis=PRIVATE semFlags=0x0 semPriority=0 semMissedCount=0 semScenarioType=0)) as user
09-29 18:11:09.512 14942 14942 I NotificationManager: com.negi.survey: notify(8073, null, Notification(channel=uploads shortcut=null contentView=null vibrate=null sound=null defaults=0 flags=ONLY_ALERT_ONCE color=0x00000000 category=progress vis=PRIVATE semFlags=0x0 semPriority=0 semMissedCount=0 semScenarioType=0)) as user
09-29 18:11:11.452 14942 14942 I NotificationManager: com.negi.survey: notify(9417, null, Notification(channel=uploads shortcut=null contentView=null vibrate=null sound=null defaults=0 flags=ONGOING_EVENT|ONLY_ALERT_ONCE color=0x00000000 category=progress vis=PRIVATE semFlags=0x0 semPriority=0 semMissedCount=0 semScenarioType=0)) as user
09-29 18:11:11.493 14942 14942 I NotificationManager: com.negi.survey: notify(9417, null, Notification(channel=uploads shortcut=null contentView=null vibrate=null sound=null defaults=0 flags=ONGOING_EVENT|ONLY_ALERT_ONCE color=0x00000000 category=progress vis=PRIVATE semFlags=0x0 semPriority=0 semMissedCount=0 semScenarioType=0)) as user
09-29 18:11:11.501 14942 14942 I NotificationManager: com.negi.survey: notify(9417, null, Notification(channel=uploads shortcut=null contentView=null vibrate=null sound=null defaults=0 flags=ONGOING_EVENT|ONLY_ALERT_ONCE color=0x00000000 category=progress vis=PRIVATE semFlags=0x0 semPriority=0 semMissedCount=0 semScenarioType=0)) as user
09-29 18:11:11.506 14942 14942 I NotificationManager: com.negi.survey: notify(9417, null, Notification(channel=uploads shortcut=null contentView=null vibrate=null sound=null defaults=0 flags=ONGOING_EVENT|ONLY_ALERT_ONCE color=0x00000000 category=progress vis=PRIVATE semFlags=0x0 semPriority=0 semMissedCount=0 semScenarioType=0)) as user
09-29 18:11:11.510 14942 14942 I NotificationManager: com.negi.survey: notify(9417, null, Notification(channel=uploads shortcut=null contentView=null vibrate=null sound=null defaults=0 flags=ONGOING_EVENT|ONLY_ALERT_ONCE color=0x00000000 category=progress vis=PRIVATE semFlags=0x0 semPriority=0 semMissedCount=0 semScenarioType=0)) as user
09-29 18:11:11.515 14942 14942 W NotificationManager: Shedding notify (update) of NotificationKey[user=UserHandle{0}, pkg=com.negi.survey, tag=null, id=9417], rate limit (5.0) exceeded: input 9.949977, output would be 6.294409
09-29 18:11:12.452 14942 14942 I NotificationManager: com.negi.survey: notify(9417, null, Notification(channel=uploads shortcut=null contentView=null vibrate=null sound=null defaults=0 flags=ONGOING_EVENT|ONLY_ALERT_ONCE color=0x00000000 category=progress vis=PRIVATE semFlags=0x0 semPriority=0 semMissedCount=0 semScenarioType=0)) as user
09-29 18:11:12.457 14942 14942 I NotificationManager: com.negi.survey: notify(9417, null, Notification(channel=uploads shortcut=null contentView=null vibrate=null sound=null defaults=0 flags=ONLY_ALERT_ONCE color=0x00000000 category=progress vis=PRIVATE semFlags=0x0 semPriority=0 semMissedCount=0 semScenarioType=0)) as user
09-29 18:11:31.712 14942 14942 D InsetsController: show(ime())
09-29 18:11:31.714 14942 14942 D InsetsController: Setting requestedVisibleTypes to 511 (was 503)
09-29 18:11:31.752 14942 14942 D InsetsController: show(ime())
09-29 18:11:35.530 14942 14942 D InsetsController: hide(ime())
09-29 18:11:35.530 14942 14942 D InsetsController: Setting requestedVisibleTypes to 503 (was 511)
09-29 18:11:38.849 14942 14942 D InsetsController: show(ime())
09-29 18:11:38.849 14942 14942 D InsetsController: Setting requestedVisibleTypes to 511 (was 503)
09-29 18:11:38.872 14942 14942 D InsetsController: show(ime())
09-29 18:11:40.717 14942 14942 D InsetsController: show(ime())
09-29 18:11:40.730 14942 14942 D InsetsController: show(ime())
09-29 18:11:42.540 14942 14942 D InsetsController: hide(ime())
09-29 18:11:42.540 14942 14942 D InsetsController: Setting requestedVisibleTypes to 503 (was 511)
09-29 18:11:52.819 14942 14942 D InsetsController: hide(ime())
09-29 18:12:07.138 14942 14942 D InsetsController: show(ime())
09-29 18:12:07.139 14942 14942 D InsetsController: Setting requestedVisibleTypes to 511 (was 503)
09-29 18:12:07.151 14942 14942 D InsetsController: show(ime())
09-29 18:12:08.711 14942 14942 D InsetsController: hide(ime())
09-29 18:12:08.712 14942 14942 D InsetsController: Setting requestedVisibleTypes to 503 (was 511)
09-29 18:12:09.821 14942 14942 D InsetsController: show(ime())
09-29 18:12:09.821 14942 14942 D InsetsController: Setting requestedVisibleTypes to 511 (was 503)
09-29 18:12:09.829 14942 14942 D InsetsController: show(ime())
09-29 18:12:11.027 14942 14942 D InsetsController: show(ime())
09-29 18:12:11.028 14942 14942 D InsetsController: show(ime())
09-29 18:12:12.051 14942 14942 D InsetsController: show(ime())
09-29 18:12:12.052 14942 14942 D InsetsController: show(ime())
09-29 18:12:13.010 14942 14942 D InsetsController: show(ime())
09-29 18:12:13.011 14942 14942 D InsetsController: show(ime())
09-29 18:12:13.596 14942 14942 D InsetsController: show(ime())
09-29 18:12:13.597 14942 14942 D InsetsController: show(ime())
09-29 18:12:14.277 14942 14942 D InsetsController: show(ime())
09-29 18:12:14.278 14942 14942 D InsetsController: show(ime())
09-29 18:12:19.210 14942 14942 D InsetsController: hide(ime())
09-29 18:12:19.210 14942 14942 D InsetsController: Setting requestedVisibleTypes to 503 (was 511)
09-29 18:12:27.797 14942 14942 D InsetsController: show(ime())
09-29 18:12:27.798 14942 14942 D InsetsController: Setting requestedVisibleTypes to 511 (was 503)
09-29 18:12:27.813 14942 14942 D InsetsController: show(ime())
09-29 18:12:35.651 14942 14942 D InsetsController: hide(ime())
09-29 18:12:35.651 14942 14942 D InsetsController: Setting requestedVisibleTypes to 503 (was 511)
09-29 18:12:50.436 14942 14942 D InsetsController: hide(ime())
09-29 18:12:52.596 14942 14942 D InsetsController: show(ime())
09-29 18:12:52.597 14942 14942 D InsetsController: Setting requestedVisibleTypes to 511 (was 503)
09-29 18:12:52.643 14942 14942 D InsetsController: show(ime())
09-29 18:12:55.827 14942 14942 D InsetsController: hide(ime())
09-29 18:12:55.827 14942 14942 D InsetsController: Setting requestedVisibleTypes to 503 (was 511)
09-29 18:13:06.311 14942 14942 D InsetsController: hide(ime())
09-29 18:13:18.398 14942 14942 D InsetsController: show(ime())
09-29 18:13:18.399 14942 14942 D InsetsController: Setting requestedVisibleTypes to 511 (was 503)
09-29 18:13:18.414 14942 14942 D InsetsController: show(ime())
09-29 18:13:19.830 14942 14942 D InsetsController: show(ime())
09-29 18:13:19.831 14942 14942 D InsetsController: show(ime())
09-29 18:13:20.636 14942 14942 D InsetsController: show(ime())
09-29 18:13:20.678 14942 14942 D InsetsController: show(ime())
09-29 18:13:21.300 14942 14942 D InsetsController: hide(ime())
09-29 18:13:21.301 14942 14942 D InsetsController: Setting requestedVisibleTypes to 503 (was 511)
09-29 18:13:25.119 14942 14942 I NotificationManager: com.negi.survey: notify(5891, null, Notification(channel=uploads shortcut=null contentView=null vibrate=null sound=null defaults=0 flags=ONGOING_EVENT|ONLY_ALERT_ONCE color=0x00000000 category=progress vis=PRIVATE semFlags=0x0 semPriority=0 semMissedCount=0 semScenarioType=0)) as user
09-29 18:13:25.135 14942 14942 I NotificationManager: com.negi.survey: notify(5891, null, Notification(channel=uploads shortcut=null contentView=null vibrate=null sound=null defaults=0 flags=ONGOING_EVENT|ONLY_ALERT_ONCE color=0x00000000 category=progress vis=PRIVATE semFlags=0x0 semPriority=0 semMissedCount=0 semScenarioType=0)) as user
09-29 18:13:25.146 14942 14942 I NotificationManager: com.negi.survey: notify(6533, null, Notification(channel=uploads shortcut=null contentView=null vibrate=null sound=null defaults=0 flags=ONGOING_EVENT|ONLY_ALERT_ONCE color=0x00000000 category=progress vis=PRIVATE semFlags=0x0 semPriority=0 semMissedCount=0 semScenarioType=0)) as user
09-29 18:13:25.149 14942 14942 I NotificationManager: com.negi.survey: notify(6533, null, Notification(channel=uploads shortcut=null contentView=null vibrate=null sound=null defaults=0 flags=ONGOING_EVENT|ONLY_ALERT_ONCE color=0x00000000 category=progress vis=PRIVATE semFlags=0x0 semPriority=0 semMissedCount=0 semScenarioType=0)) as user
09-29 18:13:25.155 14942 14942 I NotificationManager: com.negi.survey: notify(9004, null, Notification(channel=uploads shortcut=null contentView=null vibrate=null sound=null defaults=0 flags=ONGOING_EVENT|ONLY_ALERT_ONCE color=0x00000000 category=progress vis=PRIVATE semFlags=0x0 semPriority=0 semMissedCount=0 semScenarioType=0)) as user
09-29 18:13:25.162 14942 14942 I NotificationManager: com.negi.survey: notify(9004, null, Notification(channel=uploads shortcut=null contentView=null vibrate=null sound=null defaults=0 flags=ONGOING_EVENT|ONLY_ALERT_ONCE color=0x00000000 category=progress vis=PRIVATE semFlags=0x0 semPriority=0 semMissedCount=0 semScenarioType=0)) as user
09-29 18:13:25.167 14942 14942 I NotificationManager: com.negi.survey: notify(3817, null, Notification(channel=uploads shortcut=null contentView=null vibrate=null sound=null defaults=0 flags=ONGOING_EVENT|ONLY_ALERT_ONCE color=0x00000000 category=progress vis=PRIVATE semFlags=0x0 semPriority=0 semMissedCount=0 semScenarioType=0)) as user
09-29 18:13:25.172 14942 14942 I NotificationManager: com.negi.survey: notify(3817, null, Notification(channel=uploads shortcut=null contentView=null vibrate=null sound=null defaults=0 flags=ONGOING_EVENT|ONLY_ALERT_ONCE color=0x00000000 category=progress vis=PRIVATE semFlags=0x0 semPriority=0 semMissedCount=0 semScenarioType=0)) as user
09-29 18:13:25.176 14942 14942 I NotificationManager: com.negi.survey: notify(6629, null, Notification(channel=uploads shortcut=null contentView=null vibrate=null sound=null defaults=0 flags=ONGOING_EVENT|ONLY_ALERT_ONCE color=0x00000000 category=progress vis=PRIVATE semFlags=0x0 semPriority=0 semMissedCount=0 semScenarioType=0)) as user
09-29 18:13:25.178 14942 14942 I NotificationManager: com.negi.survey: notify(6629, null, Notification(channel=uploads shortcut=null contentView=null vibrate=null sound=null defaults=0 flags=ONGOING_EVENT|ONLY_ALERT_ONCE color=0x00000000 category=progress vis=PRIVATE semFlags=0x0 semPriority=0 semMissedCount=0 semScenarioType=0)) as user
09-29 18:13:25.181 14942 14942 I NotificationManager: com.negi.survey: notify(6533, null, Notification(channel=uploads shortcut=null contentView=null vibrate=null sound=null defaults=0 flags=ONGOING_EVENT|ONLY_ALERT_ONCE color=0x00000000 category=progress vis=PRIVATE semFlags=0x0 semPriority=0 semMissedCount=0 semScenarioType=0)) as user
09-29 18:13:25.185 14942 14942 I NotificationManager: com.negi.survey: notify(9004, null, Notification(channel=uploads shortcut=null contentView=null vibrate=null sound=null defaults=0 flags=ONGOING_EVENT|ONLY_ALERT_ONCE color=0x00000000 category=progress vis=PRIVATE semFlags=0x0 semPriority=0 semMissedCount=0 semScenarioType=0)) as user
09-29 18:13:25.189 14942 14942 I NotificationManager: com.negi.survey: notify(3817, null, Notification(channel=uploads shortcut=null contentView=null vibrate=null sound=null defaults=0 flags=ONGOING_EVENT|ONLY_ALERT_ONCE color=0x00000000 category=progress vis=PRIVATE semFlags=0x0 semPriority=0 semMissedCount=0 semScenarioType=0)) as user
09-29 18:13:25.191 14942 14942 I NotificationManager: com.negi.survey: notify(6629, null, Notification(channel=uploads shortcut=null contentView=null vibrate=null sound=null defaults=0 flags=ONGOING_EVENT|ONLY_ALERT_ONCE color=0x00000000 category=progress vis=PRIVATE semFlags=0x0 semPriority=0 semMissedCount=0 semScenarioType=0)) as user
09-29 18:13:25.381 14942 14942 I NotificationManager: com.negi.survey: notify(5981, null, Notification(channel=uploads shortcut=null contentView=null vibrate=null sound=null defaults=0 flags=ONGOING_EVENT|ONLY_ALERT_ONCE color=0x00000000 category=progress vis=PRIVATE semFlags=0x0 semPriority=0 semMissedCount=0 semScenarioType=0)) as user
09-29 18:13:25.386 14942 14942 I NotificationManager: com.negi.survey: notify(5981, null, Notification(channel=uploads shortcut=null contentView=null vibrate=null sound=null defaults=0 flags=ONGOING_EVENT|ONLY_ALERT_ONCE color=0x00000000 category=progress vis=PRIVATE semFlags=0x0 semPriority=0 semMissedCount=0 semScenarioType=0)) as user
09-29 18:13:25.396 14942 14942 I NotificationManager: com.negi.survey: notify(4922, null, Notification(channel=uploads shortcut=null contentView=null vibrate=null sound=null defaults=0 flags=ONGOING_EVENT|ONLY_ALERT_ONCE color=0x00000000 category=progress vis=PRIVATE semFlags=0x0 semPriority=0 semMissedCount=0 semScenarioType=0)) as user
09-29 18:13:25.400 14942 14942 I NotificationManager: com.negi.survey: notify(4922, null, Notification(channel=uploads shortcut=null contentView=null vibrate=null sound=null defaults=0 flags=ONGOING_EVENT|ONLY_ALERT_ONCE color=0x00000000 category=progress vis=PRIVATE semFlags=0x0 semPriority=0 semMissedCount=0 semScenarioType=0)) as user
09-29 18:13:25.405 14942 14942 I NotificationManager: com.negi.survey: notify(6640, null, Notification(channel=uploads shortcut=null contentView=null vibrate=null sound=null defaults=0 flags=ONGOING_EVENT|ONLY_ALERT_ONCE color=0x00000000 category=progress vis=PRIVATE semFlags=0x0 semPriority=0 semMissedCount=0 semScenarioType=0)) as user
09-29 18:13:25.410 14942 14942 I NotificationManager: com.negi.survey: notify(6640, null, Notification(channel=uploads shortcut=null contentView=null vibrate=null sound=null defaults=0 flags=ONGOING_EVENT|ONLY_ALERT_ONCE color=0x00000000 category=progress vis=PRIVATE semFlags=0x0 semPriority=0 semMissedCount=0 semScenarioType=0)) as user
09-29 18:13:25.414 14942 14942 I NotificationManager: com.negi.survey: notify(5981, null, Notification(channel=uploads shortcut=null contentView=null vibrate=null sound=null defaults=0 flags=ONGOING_EVENT|ONLY_ALERT_ONCE color=0x00000000 category=progress vis=PRIVATE semFlags=0x0 semPriority=0 semMissedCount=0 semScenarioType=0)) as user
09-29 18:13:25.417 14942 14942 I NotificationManager: com.negi.survey: notify(4922, null, Notification(channel=uploads shortcut=null contentView=null vibrate=null sound=null defaults=0 flags=ONGOING_EVENT|ONLY_ALERT_ONCE color=0x00000000 category=progress vis=PRIVATE semFlags=0x0 semPriority=0 semMissedCount=0 semScenarioType=0)) as user
09-29 18:13:25.423 14942 14942 I NotificationManager: com.negi.survey: notify(6640, null, Notification(channel=uploads shortcut=null contentView=null vibrate=null sound=null defaults=0 flags=ONGOING_EVENT|ONLY_ALERT_ONCE color=0x00000000 category=progress vis=PRIVATE semFlags=0x0 semPriority=0 semMissedCount=0 semScenarioType=0)) as user
09-29 18:13:25.492 14942 14942 I NotificationManager: com.negi.survey: notify(6533, null, Notification(channel=uploads shortcut=null contentView=null vibrate=null sound=null defaults=0 flags=ONGOING_EVENT|ONLY_ALERT_ONCE color=0x00000000 category=progress vis=PRIVATE semFlags=0x0 semPriority=0 semMissedCount=0 semScenarioType=0)) as user
09-29 18:13:25.500 14942 14942 W NotificationManager: Shedding notify (update) of NotificationKey[user=UserHandle{0}, pkg=com.negi.survey, tag=null, id=6533], rate limit (5.0) exceeded: input 9.05545, output would be 6.341957
09-29 18:13:25.644 14942 14942 I NotificationManager: com.negi.survey: notify(6629, null, Notification(channel=uploads shortcut=null contentView=null vibrate=null sound=null defaults=0 flags=ONGOING_EVENT|ONLY_ALERT_ONCE color=0x00000000 category=progress vis=PRIVATE semFlags=0x0 semPriority=0 semMissedCount=0 semScenarioType=0)) as user
09-29 18:13:26.518 14942 14942 I NotificationManager: com.negi.survey: notify(5891, null, Notification(channel=uploads shortcut=null contentView=null vibrate=null sound=null defaults=0 flags=ONGOING_EVENT|ONLY_ALERT_ONCE color=0x00000000 category=progress vis=PRIVATE semFlags=0x0 semPriority=0 semMissedCount=0 semScenarioType=0)) as user
09-29 18:13:26.528 14942 14942 I NotificationManager: com.negi.survey: notify(5891, null, Notification(channel=uploads shortcut=null contentView=null vibrate=null sound=null defaults=0 flags=ONLY_ALERT_ONCE color=0x00000000 category=progress vis=PRIVATE semFlags=0x0 semPriority=0 semMissedCount=0 semScenarioType=0)) as user
09-29 18:13:27.322 14942 14942 I NotificationManager: com.negi.survey: notify(5981, null, Notification(channel=uploads shortcut=null contentView=null vibrate=null sound=null defaults=0 flags=ONGOING_EVENT|ONLY_ALERT_ONCE color=0x00000000 category=progress vis=PRIVATE semFlags=0x0 semPriority=0 semMissedCount=0 semScenarioType=0)) as user
09-29 18:13:27.326 14942 14942 I NotificationManager: com.negi.survey: notify(5981, null, Notification(channel=uploads shortcut=null contentView=null vibrate=null sound=null defaults=0 flags=ONGOING_EVENT|ONLY_ALERT_ONCE color=0x00000000 category=progress vis=PRIVATE semFlags=0x0 semPriority=0 semMissedCount=0 semScenarioType=0)) as user
09-29 18:13:27.755 14942 14942 I NotificationManager: com.negi.survey: notify(6629, null, Notification(channel=uploads shortcut=null contentView=null vibrate=null sound=null defaults=0 flags=ONGOING_EVENT|ONLY_ALERT_ONCE color=0x00000000 category=progress vis=PRIVATE semFlags=0x0 semPriority=0 semMissedCount=0 semScenarioType=0)) as user
09-29 18:13:27.762 14942 14942 I NotificationManager: com.negi.survey: notify(6629, null, Notification(channel=uploads shortcut=null contentView=null vibrate=null sound=null defaults=0 flags=ONGOING_EVENT|ONLY_ALERT_ONCE color=0x00000000 category=progress vis=PRIVATE semFlags=0x0 semPriority=0 semMissedCount=0 semScenarioType=0)) as user
09-29 18:13:27.770 14942 14942 W NotificationManager: Shedding notify (update) of NotificationKey[user=UserHandle{0}, pkg=com.negi.survey, tag=null, id=6629], rate limit (5.0) exceeded: input 8.860715, output would be 5.181527
09-29 18:13:27.798 14942 14942 I NotificationManager: com.negi.survey: notify(6629, null, Notification(channel=uploads shortcut=null contentView=null vibrate=null sound=null defaults=0 flags=ONGOING_EVENT|ONLY_ALERT_ONCE color=0x00000000 category=progress vis=PRIVATE semFlags=0x0 semPriority=0 semMissedCount=0 semScenarioType=0)) as user
09-29 18:13:28.134 14942 14942 I NotificationManager: com.negi.survey: notify(6533, null, Notification(channel=uploads shortcut=null contentView=null vibrate=null sound=null defaults=0 flags=ONGOING_EVENT|ONLY_ALERT_ONCE color=0x00000000 category=progress vis=PRIVATE semFlags=0x0 semPriority=0 semMissedCount=0 semScenarioType=0)) as user
09-29 18:13:28.248 14942 14942 I NotificationManager: com.negi.survey: notify(9004, null, Notification(channel=uploads shortcut=null contentView=null vibrate=null sound=null defaults=0 flags=ONGOING_EVENT|ONLY_ALERT_ONCE color=0x00000000 category=progress vis=PRIVATE semFlags=0x0 semPriority=0 semMissedCount=0 semScenarioType=0)) as user
09-29 18:13:28.442 14942 14942 I NotificationManager: com.negi.survey: notify(5981, null, Notification(channel=uploads shortcut=null contentView=null vibrate=null sound=null defaults=0 flags=ONGOING_EVENT|ONLY_ALERT_ONCE color=0x00000000 category=progress vis=PRIVATE semFlags=0x0 semPriority=0 semMissedCount=0 semScenarioType=0)) as user
09-29 18:13:28.449 14942 14942 I NotificationManager: com.negi.survey: notify(5981, null, Notification(channel=uploads shortcut=null contentView=null vibrate=null sound=null defaults=0 flags=ONLY_ALERT_ONCE color=0x00000000 category=progress vis=PRIVATE semFlags=0x0 semPriority=0 semMissedCount=0 semScenarioType=0)) as user
09-29 18:13:29.693 14942 14942 I NotificationManager: com.negi.survey: notify(6533, null, Notification(channel=uploads shortcut=null contentView=null vibrate=null sound=null defaults=0 flags=ONGOING_EVENT|ONLY_ALERT_ONCE color=0x00000000 category=progress vis=PRIVATE semFlags=0x0 semPriority=0 semMissedCount=0 semScenarioType=0)) as user
09-29 18:13:29.702 14942 14942 I NotificationManager: com.negi.survey: notify(6533, null, Notification(channel=uploads shortcut=null contentView=null vibrate=null sound=null defaults=0 flags=ONLY_ALERT_ONCE color=0x00000000 category=progress vis=PRIVATE semFlags=0x0 semPriority=0 semMissedCount=0 semScenarioType=0)) as user
09-29 18:13:30.681 14942 14942 I NotificationManager: com.negi.survey: notify(6629, null, Notification(channel=uploads shortcut=null contentView=null vibrate=null sound=null defaults=0 flags=ONGOING_EVENT|ONLY_ALERT_ONCE color=0x00000000 category=progress vis=PRIVATE semFlags=0x0 semPriority=0 semMissedCount=0 semScenarioType=0)) as user
09-29 18:13:30.696 14942 14942 I NotificationManager: com.negi.survey: notify(6629, null, Notification(channel=uploads shortcut=null contentView=null vibrate=null sound=null defaults=0 flags=ONGOING_EVENT|ONLY_ALERT_ONCE color=0x00000000 category=progress vis=PRIVATE semFlags=0x0 semPriority=0 semMissedCount=0 semScenarioType=0)) as user
09-29 18:13:30.708 14942 14942 I NotificationManager: com.negi.survey: notify(6629, null, Notification(channel=uploads shortcut=null contentView=null vibrate=null sound=null defaults=0 flags=ONGOING_EVENT|ONLY_ALERT_ONCE color=0x00000000 category=progress vis=PRIVATE semFlags=0x0 semPriority=0 semMissedCount=0 semScenarioType=0)) as user
09-29 18:13:30.721 14942 14942 I NotificationManager: com.negi.survey: notify(6629, null, Notification(channel=uploads shortcut=null contentView=null vibrate=null sound=null defaults=0 flags=ONGOING_EVENT|ONLY_ALERT_ONCE color=0x00000000 category=progress vis=PRIVATE semFlags=0x0 semPriority=0 semMissedCount=0 semScenarioType=0)) as user
09-29 18:13:30.735 14942 14942 W NotificationManager: Shedding notify (update) of NotificationKey[user=UserHandle{0}, pkg=com.negi.survey, tag=null, id=6629], rate limit (5.0) exceeded: input 9.790762, output would be 5.9341974
09-29 18:13:31.312 14942 14942 I NotificationManager: com.negi.survey: notify(9004, null, Notification(channel=uploads shortcut=null contentView=null vibrate=null sound=null defaults=0 flags=ONGOING_EVENT|ONLY_ALERT_ONCE color=0x00000000 category=progress vis=PRIVATE semFlags=0x0 semPriority=0 semMissedCount=0 semScenarioType=0)) as user
09-29 18:13:31.327 14942 14942 I NotificationManager: com.negi.survey: notify(9004, null, Notification(channel=uploads shortcut=null contentView=null vibrate=null sound=null defaults=0 flags=ONGOING_EVENT|ONLY_ALERT_ONCE color=0x00000000 category=progress vis=PRIVATE semFlags=0x0 semPriority=0 semMissedCount=0 semScenarioType=0)) as user
09-29 18:13:31.430 14942 14942 I NotificationManager: com.negi.survey: notify(9004, null, Notification(channel=uploads shortcut=null contentView=null vibrate=null sound=null defaults=0 flags=ONGOING_EVENT|ONLY_ALERT_ONCE color=0x00000000 category=progress vis=PRIVATE semFlags=0x0 semPriority=0 semMissedCount=0 semScenarioType=0)) as user
09-29 18:13:31.576 14942 14942 I NotificationManager: com.negi.survey: notify(6640, null, Notification(channel=uploads shortcut=null contentView=null vibrate=null sound=null defaults=0 flags=ONGOING_EVENT|ONLY_ALERT_ONCE color=0x00000000 category=progress vis=PRIVATE semFlags=0x0 semPriority=0 semMissedCount=0 semScenarioType=0)) as user
09-29 18:13:31.582 14942 14942 I NotificationManager: com.negi.survey: notify(6640, null, Notification(channel=uploads shortcut=null contentView=null vibrate=null sound=null defaults=0 flags=ONLY_ALERT_ONCE color=0x00000000 category=progress vis=PRIVATE semFlags=0x0 semPriority=0 semMissedCount=0 semScenarioType=0)) as user
09-29 18:13:32.003 14942 14942 I NotificationManager: com.negi.survey: notify(6629, null, Notification(channel=uploads shortcut=null contentView=null vibrate=null sound=null defaults=0 flags=ONGOING_EVENT|ONLY_ALERT_ONCE color=0x00000000 category=progress vis=PRIVATE semFlags=0x0 semPriority=0 semMissedCount=0 semScenarioType=0)) as user
09-29 18:13:32.016 14942 14942 I NotificationManager: com.negi.survey: notify(6629, null, Notification(channel=uploads shortcut=null contentView=null vibrate=null sound=null defaults=0 flags=ONGOING_EVENT|ONLY_ALERT_ONCE color=0x00000000 category=progress vis=PRIVATE semFlags=0x0 semPriority=0 semMissedCount=0 semScenarioType=0)) as user
09-29 18:13:32.026 14942 14942 W NotificationManager: Shedding notify (update) of NotificationKey[user=UserHandle{0}, pkg=com.negi.survey, tag=null, id=6629], rate limit (5.0) exceeded: input 20.110104, output would be 6.283777
09-29 18:13:32.413 14942 14942 I NotificationManager: com.negi.survey: notify(4922, null, Notification(channel=uploads shortcut=null contentView=null vibrate=null sound=null defaults=0 flags=ONGOING_EVENT|ONLY_ALERT_ONCE color=0x00000000 category=progress vis=PRIVATE semFlags=0x0 semPriority=0 semMissedCount=0 semScenarioType=0)) as user
09-29 18:13:32.426 14942 14942 I NotificationManager: com.negi.survey: notify(4922, null, Notification(channel=uploads shortcut=null contentView=null vibrate=null sound=null defaults=0 flags=ONLY_ALERT_ONCE color=0x00000000 category=progress vis=PRIVATE semFlags=0x0 semPriority=0 semMissedCount=0 semScenarioType=0)) as user
09-29 18:13:32.870 14942 14942 I NotificationManager: com.negi.survey: notify(9004, null, Notification(channel=uploads shortcut=null contentView=null vibrate=null sound=null defaults=0 flags=ONGOING_EVENT|ONLY_ALERT_ONCE color=0x00000000 category=progress vis=PRIVATE semFlags=0x0 semPriority=0 semMissedCount=0 semScenarioType=0)) as user
09-29 18:13:32.882 14942 14942 I NotificationManager: com.negi.survey: notify(9004, null, Notification(channel=uploads shortcut=null contentView=null vibrate=null sound=null defaults=0 flags=ONGOING_EVENT|ONLY_ALERT_ONCE color=0x00000000 category=progress vis=PRIVATE semFlags=0x0 semPriority=0 semMissedCount=0 semScenarioType=0)) as user
09-29 18:13:32.894 14942 14942 I NotificationManager: com.negi.survey: notify(9004, null, Notification(channel=uploads shortcut=null contentView=null vibrate=null sound=null defaults=0 flags=ONGOING_EVENT|ONLY_ALERT_ONCE color=0x00000000 category=progress vis=PRIVATE semFlags=0x0 semPriority=0 semMissedCount=0 semScenarioType=0)) as user
09-29 18:13:33.029 14942 14942 W NotificationManager: Shedding notify (update) of NotificationKey[user=UserHandle{0}, pkg=com.negi.survey, tag=null, id=9004], rate limit (5.0) exceeded: input 271.06723, output would be 5.3717866
09-29 18:13:33.469 14942 14942 I NotificationManager: com.negi.survey: notify(3817, null, Notification(channel=uploads shortcut=null contentView=null vibrate=null sound=null defaults=0 flags=ONGOING_EVENT|ONLY_ALERT_ONCE color=0x00000000 category=progress vis=PRIVATE semFlags=0x0 semPriority=0 semMissedCount=0 semScenarioType=0)) as user
09-29 18:13:33.482 14942 14942 I NotificationManager: com.negi.survey: notify(3817, null, Notification(channel=uploads shortcut=null contentView=null vibrate=null sound=null defaults=0 flags=ONLY_ALERT_ONCE color=0x00000000 category=progress vis=PRIVATE semFlags=0x0 semPriority=0 semMissedCount=0 semScenarioType=0)) as user
09-29 18:13:34.262 14942 14942 I NotificationManager: com.negi.survey: notify(9004, null, Notification(channel=uploads shortcut=null contentView=null vibrate=null sound=null defaults=0 flags=ONGOING_EVENT|ONLY_ALERT_ONCE color=0x00000000 category=progress vis=PRIVATE semFlags=0x0 semPriority=0 semMissedCount=0 semScenarioType=0)) as user
09-29 18:13:34.276 14942 14942 I NotificationManager: com.negi.survey: notify(9004, null, Notification(channel=uploads shortcut=null contentView=null vibrate=null sound=null defaults=0 flags=ONLY_ALERT_ONCE color=0x00000000 category=progress vis=PRIVATE semFlags=0x0 semPriority=0 semMissedCount=0 semScenarioType=0)) as user
09-29 18:13:34.566 14942 14942 I NotificationManager: com.negi.survey: notify(6629, null, Notification(channel=uploads shortcut=null contentView=null vibrate=null sound=null defaults=0 flags=ONGOING_EVENT|ONLY_ALERT_ONCE color=0x00000000 category=progress vis=PRIVATE semFlags=0x0 semPriority=0 semMissedCount=0 semScenarioType=0)) as user
09-29 18:13:34.577 14942 14942 I NotificationManager: com.negi.survey: notify(6629, null, Notification(channel=uploads shortcut=null contentView=null vibrate=null sound=null defaults=0 flags=ONGOING_EVENT|ONLY_ALERT_ONCE color=0x00000000 category=progress vis=PRIVATE semFlags=0x0 semPriority=0 semMissedCount=0 semScenarioType=0)) as user
09-29 18:13:34.588 14942 14942 I NotificationManager: com.negi.survey: notify(6629, null, Notification(channel=uploads shortcut=null contentView=null vibrate=null sound=null defaults=0 flags=ONGOING_EVENT|ONLY_ALERT_ONCE color=0x00000000 category=progress vis=PRIVATE semFlags=0x0 semPriority=0 semMissedCount=0 semScenarioType=0)) as user
09-29 18:13:34.596 14942 14942 I NotificationManager: com.negi.survey: notify(6629, null, Notification(channel=uploads shortcut=null contentView=null vibrate=null sound=null defaults=0 flags=ONGOING_EVENT|ONLY_ALERT_ONCE color=0x00000000 category=progress vis=PRIVATE semFlags=0x0 semPriority=0 semMissedCount=0 semScenarioType=0)) as user
09-29 18:13:34.605 14942 14942 W NotificationManager: Shedding notify (update) of NotificationKey[user=UserHandle{0}, pkg=com.negi.survey, tag=null, id=6629], rate limit (5.0) exceeded: input 12.267434, output would be 6.713258
09-29 18:13:35.846 14942 14942 I NotificationManager: com.negi.survey: notify(6629, null, Notification(channel=uploads shortcut=null contentView=null vibrate=null sound=null defaults=0 flags=ONGOING_EVENT|ONLY_ALERT_ONCE color=0x00000000 category=progress vis=PRIVATE semFlags=0x0 semPriority=0 semMissedCount=0 semScenarioType=0)) as user
09-29 18:13:35.865 14942 14942 I NotificationManager: com.negi.survey: notify(6629, null, Notification(channel=uploads shortcut=null contentView=null vibrate=null sound=null defaults=0 flags=ONLY_ALERT_ONCE color=0x00000000 category=progress vis=PRIVATE semFlags=0x0 semPriority=0 semMissedCount=0 semScenarioType=0)) as user
09-30 03:39:01.315 14942 14942 D ActivityThread: Package [com.google.android.apps.maps] reported as REPLACED, but missing application info. Assuming REMOVED.
09-30 03:39:01.328 14942 14942 D ActivityThread: Package [com.google.android.apps.maps] reported as REPLACED, but missing application info. Assuming REMOVED.
09-30 03:39:28.865 14942 14942 D ActivityThread: Package [com.google.android.apps.photos] reported as REPLACED, but missing application info. Assuming REMOVED.
09-30 03:39:28.879 14942 14942 D ActivityThread: Package [com.google.android.apps.photos] reported as REPLACED, but missing application info. Assuming REMOVED.
09-30 03:39:36.399 14942 14942 D ActivityThread: Package [com.google.android.projection.gearhead] reported as REPLACED, but missing application info. Assuming REMOVED.
09-30 03:39:36.414 14942 14942 D ActivityThread: Package [com.google.android.projection.gearhead] reported as REPLACED, but missing application info. Assuming REMOVED.
09-30 03:40:07.679 14942 14942 D ActivityThread: Package [com.google.android.gm] reported as REPLACED, but missing application info. Assuming REMOVED.
09-30 03:40:07.683 14942 14942 D ActivityThread: Package [com.google.android.gm] reported as REPLACED, but missing application info. Assuming REMOVED.
--------- beginning of main
09-30 11:29:58.138 14942 14942 I VRI[MainActivity]@e805f98: onDisplayChanged oldDisplayState=1 newDisplayState=3
09-30 11:29:58.353 14942 14942 I VRI[MainActivity]@e805f98: onDisplayChanged oldDisplayState=3 newDisplayState=2
09-30 11:30:10.926 14942 14976 I com.negi.survey: Background concurrent mark compact GC freed 6312KB AllocSpace bytes, 29(572KB) LOS objects, 73% free, 8757KB/32MB, paused 520us,7.653ms total 224.592ms
09-30 11:30:10.926 14942 14976 W com.negi.survey: Reducing the number of considered missed Gc histogram windows from 683 to 100
09-30 12:05:09.335 17254 17254 I Zygote  : Process 17254 created for com.negi.survey
09-30 12:05:09.335 17254 17254 I com.negi.survey: Late-enabling -Xcheck:jni
09-30 12:05:09.370 17254 17254 I com.negi.survey: Using CollectorTypeCMC GC.
09-30 12:05:09.383 17254 17254 D nativeloader: Load libframework-connectivity-tiramisu-jni.so using APEX ns com_android_tethering for caller /apex/com.android.tethering/javalib/framework-connectivity-t.jar: ok
09-30 12:05:09.393 17254 17254 D ActivityThread: setConscryptValidator
09-30 12:05:09.394 17254 17254 D ActivityThread: setConscryptValidator - put
09-30 12:05:09.423 17254 17254 D ApplicationLoaders: Returning zygote-cached class loader: /system_ext/framework/androidx.window.extensions.jar
09-30 12:05:09.423 17254 17254 D ApplicationLoaders: Returning zygote-cached class loader: /system_ext/framework/androidx.window.sidecar.jar
09-30 12:05:09.738 17254 17254 D nativeloader: Configuring clns-9 for other apk /data/app/~~V09CYBPP-eSFcJX2ecTgKg==/com.negi.survey-RIH-cwpgAjT-drq-iBTNCA==/base.apk. target_sdk_version=36, uses_libraries=libOpenCL.so, library_path=/data/app/~~V09CYBPP-eSFcJX2ecTgKg==/com.negi.survey-RIH-cwpgAjT-drq-iBTNCA==/lib/arm64:/data/app/~~V09CYBPP-eSFcJX2ecTgKg==/com.negi.survey-RIH-cwpgAjT-drq-iBTNCA==/base.apk!/lib/arm64-v8a, permitted_path=/data:/mnt/expand:/data/user/0/com.negi.survey
09-30 12:05:09.746 17254 17254 V GraphicsEnvironment: Currently set values for:
09-30 12:05:09.746 17254 17254 V GraphicsEnvironment:   angle_gl_driver_selection_pkgs=[]
09-30 12:05:09.746 17254 17254 V GraphicsEnvironment:   angle_gl_driver_selection_values=[]
09-30 12:05:09.746 17254 17254 V GraphicsEnvironment: com.negi.survey is not listed in per-application setting
09-30 12:05:09.746 17254 17254 V GraphicsEnvironment: ANGLE allowlist from config: com.dreamgames.royalmatch com.dts.freefiremax com.dxx.firenow com.gramgames.mergedragons com.ludo.king com.mojang.minecraftpe com.my.defense com.nintendo.zaka com.os.airforce com.playrix.fishdomdd.gplay io.teslatech.callbreak jp.konami.prospia net.peakgames.toonblast
09-30 12:05:09.746 17254 17254 V GraphicsEnvironment: No special selections for ANGLE, returning default driver choice
09-30 12:05:09.746 17254 17254 V GraphicsEnvironment: Neither updatable production driver nor prerelease driver is supported.
09-30 12:05:09.785 17254 17254 D nativeloader: Load /data/app/~~V09CYBPP-eSFcJX2ecTgKg==/com.negi.survey-RIH-cwpgAjT-drq-iBTNCA==/base.apk!/lib/arm64-v8a/liblitertlm_jni.so using class loader ns clns-9 (caller=/data/app/~~V09CYBPP-eSFcJX2ecTgKg==/com.negi.survey-RIH-cwpgAjT-drq-iBTNCA==/base.apk!classes10.dex): ok
09-30 12:05:09.785 17254 17254 D SurveyApp: Loaded LiteRTLM JNI: litertlm_jni where=attachBaseContext
09-30 12:05:09.802 17254 17254 D AppRingLogStore: installed: dir=/data/user/0/com.negi.survey/files/diagnostics/applog_ring idx=0
09-30 12:05:09.802 17254 17254 D SurveyApp: attachBaseContext: pid=17254 process=com.negi.survey isMain=true sdk=36
09-30 12:05:09.802 17254 17254 D SurveyApp: bootTiming: attachBaseContext total=37ms
09-30 12:05:09.802 17254 17254 D SurveyApp: Skipping WorkManager init in attachBaseContext; will init lazily on first enqueue.
09-30 12:05:09.804 17254 17254 D CrashCapture: install: ensured default handler. where=SurveyApp:attachBaseContext pid=17254 default=com.negi.survey.CrashCapture$CrashHandler@f5eb41d
09-30 12:05:09.804 17254 17254 D SurveyApp: CrashCapture installed: where=SurveyApp:attachBaseContext
09-30 12:05:09.808 17254 17254 E com.negi.survey: hiddenapi: Accessing hidden method Landroid/net/ssl/EchConfigMismatchException;->getRetryConfigList()Landroid/net/ssl/EchConfigList; (runtime_flags=0, domain=core-platform, api=blocked) from /data/app/~~V09CYBPP-eSFcJX2ecTgKg==/com.negi.survey-RIH-cwpgAjT-drq-iBTNCA==/base.apk!classes17.dex (domain=app, TargetSdkVersion=36) using linking: denied
09-30 12:05:09.808 17254 17254 E com.negi.survey: hiddenapi: Accessing hidden method Landroid/net/ssl/EchConfigList;->toBytes()[B (runtime_flags=0, domain=core-platform, api=blocked) from /data/app/~~V09CYBPP-eSFcJX2ecTgKg==/com.negi.survey-RIH-cwpgAjT-drq-iBTNCA==/base.apk!classes17.dex (domain=app, TargetSdkVersion=36) using linking: denied
09-30 12:05:09.808 17254 17254 E com.negi.survey: hiddenapi: Accessing hidden method Landroid/net/ssl/EchConfigList;->fromBytes([B)Landroid/net/ssl/EchConfigList; (runtime_flags=0, domain=core-platform, api=blocked) from /data/app/~~V09CYBPP-eSFcJX2ecTgKg==/com.negi.survey-RIH-cwpgAjT-drq-iBTNCA==/base.apk!classes17.dex (domain=app, TargetSdkVersion=36) using linking: denied
09-30 12:05:09.808 17254 17254 E com.negi.survey: hiddenapi: Accessing hidden method Landroid/net/ssl/SSLSockets;->setEchConfigList(Ljavax/net/ssl/SSLSocket;Landroid/net/ssl/EchConfigList;)V (runtime_flags=0, domain=core-platform, api=blocked) from /data/app/~~V09CYBPP-eSFcJX2ecTgKg==/com.negi.survey-RIH-cwpgAjT-drq-iBTNCA==/base.apk!classes17.dex (domain=app, TargetSdkVersion=36) using linking: denied
09-30 12:05:09.814 17254 17296 D RuntimeLogStore: openWriter: start -> /data/user/0/com.negi.survey/files/diagnostics/runtime_logs/rtlog_20260930_170509_793_pid17254_seq1.log (bytes=0 format=LEGACY)
09-30 12:05:09.817 17254 17296 D RuntimeLogStore: retention: start files=2 kept=2 totalBytes=52860
09-30 12:05:09.820 17254 17254 D SurveyApp: LiteRTLM JNI already loaded; skip. where=onCreate(retry)
09-30 12:05:09.820 17254 17254 D SurveyApp: bootTiming: RuntimeLogStore.start took=0ms
09-30 12:05:09.820 17254 17254 D SurveyApp: bootTiming: AppRingLogStore.install took=0ms
09-30 12:05:09.820 17254 17254 D SurveyApp: onCreate: pid=17254 process=com.negi.survey isMain=true sdk=36
09-30 12:05:09.826 17254 17254 D CrashCapture: install: ensured default handler. where=SurveyApp:onCreate(rewrap) pid=17254 default=com.negi.survey.CrashCapture$CrashHandler@f5eb41d
09-30 12:05:09.826 17254 17254 D SurveyApp: CrashCapture installed: where=SurveyApp:onCreate(rewrap)
09-30 12:05:09.826 17254 17254 D CrashCapture: registerSelfHealing: ActivityLifecycleCallbacks registered. mode=onResumedOnly
09-30 12:05:09.826 17254 17254 D SurveyApp: CrashCapture self-healing registered.
09-30 12:05:09.826 17254 17254 W SurveyApp: Startup enqueues deferred: delay=2500ms (to reduce init contention)
09-30 12:05:09.826 17254 17254 D SurveyApp: Startup survey recovery deferred: delay=2500ms
09-30 12:05:09.826 17254 17254 D SurveyApp: bootTiming: onCreate total=8ms
09-30 12:05:09.859 17254 17301 I UploadRescheduleRcvr: Survey recovery action=android.intent.action.MY_PACKAGE_REPLACED discovered=0 reconciled=0 duplicates=0 unclassified=0 operationalFailures=0 classifications={}
09-30 12:05:09.868 17254 17301 D UploadRescheduleRcvr: No generic GitHub pending files for action=android.intent.action.MY_PACKAGE_REPLACED
09-30 12:05:09.898 17254 17301 D github_upload: enqueueStartupRuntimeLogsUpload: uniqueName=upload_runtime_logs_startup policy=KEEP session=startup_runtime_20260930_170509_6ee6f8e3
09-30 12:05:09.963 17254 17301 D WM-PackageManagerHelper: Skipping component enablement for androidx.work.impl.background.systemjob.SystemJobService
09-30 12:05:09.963 17254 17301 D WM-Schedulers: Created SystemJobScheduler and enabled SystemJobService
09-30 12:05:09.970 17254 17324 D WM-ForceStopRunnable: Is default app process = true
09-30 12:05:09.974 17254 17324 D WM-ForceStopRunnable: Performing cleanup operations.
09-30 12:05:09.980 17254 17301 D UploadRescheduleRcvr: Enqueued runtime logs upload for action=android.intent.action.MY_PACKAGE_REPLACED reason=receiver_my_package_replaced
09-30 12:05:09.991 17254 17324 E ashmem  : Pinning is deprecated since Android Q. Please use trim or other methods.
09-30 12:05:10.022 17254 17324 D WM-SystemJobScheduler: Reconciling jobs
09-30 12:05:10.051 17254 17324 D WM-ForceStopRunnable: Found unfinished work, scheduling it.
09-30 12:05:10.139 17254 17327 D WM-SystemJobScheduler: Scheduling work ID 1d1c13a2-d1f1-4bb4-9241-38ce40dd9f38Job ID 43
09-30 12:05:10.146 17254 17327 D WM-GreedyScheduler: Starting tracking for 1d1c13a2-d1f1-4bb4-9241-38ce40dd9f38
09-30 12:05:10.148 17254 17254 D WM-SystemJobService: onStartJob for WorkGenerationalId(workSpecId=1d1c13a2-d1f1-4bb4-9241-38ce40dd9f38, generation=0)
09-30 12:05:10.168 17254 17328 D WM-Processor: Processor: processing WorkGenerationalId(workSpecId=1d1c13a2-d1f1-4bb4-9241-38ce40dd9f38, generation=0)
09-30 12:05:10.193 17254 17254 D WM-WorkerWrapper: Starting work for com.negi.survey.net.GitHubUploadWorker
09-30 12:05:10.195 17254 17328 D WM-WorkConstraintsTrack: NetworkRequestConstraintController register shared callback
09-30 12:05:10.197 17254 17328 D ConnectivityManager: StackLog: [android.net.ConnectivityManager.sendRequestForNetwork(ConnectivityManager.java:4738)] [android.net.ConnectivityManager.registerDefaultNetworkCallbackForUid(ConnectivityManager.java:5463)] [android.net.ConnectivityManager.registerDefaultNetworkCallback(ConnectivityManager.java:5430)] [android.net.ConnectivityManager.registerDefaultNetworkCallback(ConnectivityManager.java:5404)] [androidx.work.impl.constraints.SharedNetworkCallback.addCallback(WorkConstraintsTracker.kt:362)] [androidx.work.impl.constraints.NetworkRequestConstraintController$track$1.invokeSuspend(WorkConstraintsTracker.kt:179)] [androidx.work.impl.constraints.NetworkRequestConstraintController$track$1.invoke(Unknown Source:8)] [androidx.work.impl.constraints.NetworkRequestConstraintController$track$1.invoke(Unknown Source:4)] [kotlinx.coroutines.flow.ChannelFlowBuilder.collectTo$suspendImpl(Builders.kt:316)] [kotlinx.coroutines.flow.ChannelFlowBuilder.collectTo(Unknown Source:0)] [kotlinx.coroutines.flow.CallbackFlowBuilder.collectTo(Builders.kt:330)] [kotlinx.coroutines.flow.internal.ChannelFlow$collectToFun$1.invokeSuspend(ChannelFlow.kt:56)] [kotlin.coroutines.jvm.internal.BaseContinuationImpl.resumeWith(ContinuationImpl.kt:34)] [kotlinx.coroutines.DispatchedTask.run(DispatchedTask.kt:100)] [androidx.work.impl.utils.SerialExecutorImpl$Task.run(SerialExecutorImpl.java:96)] [java.util.concurrent.ThreadPoolExecutor.runWorker(ThreadPoolExecutor.java:1154)] [java.util.concurrent.ThreadPoolExecutor$Worker.run(ThreadPoolExecutor.java:652)] [java.lang.Thread.run(Thread.java:1563)]
09-30 12:05:10.205 17254 17328 D WM-PackageManagerHelper: androidx.work.impl.background.systemalarm.RescheduleReceiver enabled
09-30 12:05:10.209 17254 17329 D WM-WorkConstraintsTrack: NetworkRequestConstraintController onCapabilitiesChanged callback
09-30 12:05:10.209 17254 17329 D WM-WorkConstraintsTrack: Not dispatching constraint state yet: isBlocked=null, capabilitiesInitialized=true
09-30 12:05:10.209 17254 17329 D WM-WorkConstraintsTrack: NetworkRequestConstraintController onBlockedStatusChanged callback false
09-30 12:05:10.211 17254 17328 I WM-Processor: Moving WorkSpec (1d1c13a2-d1f1-4bb4-9241-38ce40dd9f38) to the foreground
09-30 12:05:10.224 17254 17254 I WM-SystemFgDispatcher: Started foreground service Intent { act=ACTION_START_FOREGROUND xflg=0x4 cmp=com.negi.survey/androidx.work.impl.foreground.SystemForegroundService (has extras) }
09-30 12:05:10.224 17254 17254 D WM-SystemFgDispatcher: Notifying with (id:7287, workSpecId: 1d1c13a2-d1f1-4bb4-9241-38ce40dd9f38, notificationType :1)
09-30 12:05:10.225 17254 17328 D WM-WorkProgressUpdater: Updating progress for 1d1c13a2-d1f1-4bb4-9241-38ce40dd9f38 (Data {pct : 3, mode : startup_runtime_logs})
09-30 12:05:10.228 17254 17254 D WM-SystemFgDispatcher: Notifying with (id:7287, workSpecId: 1d1c13a2-d1f1-4bb4-9241-38ce40dd9f38, notificationType :1)
09-30 12:05:10.229 17254 17328 I WM-Processor: Moving WorkSpec (1d1c13a2-d1f1-4bb4-9241-38ce40dd9f38) to the foreground
09-30 12:05:10.229 17254 17254 I NotificationManager: com.negi.survey: notify(7287, null, Notification(channel=uploads shortcut=null contentView=null vibrate=null sound=null defaults=0 flags=ONGOING_EVENT|ONLY_ALERT_ONCE color=0x00000000 category=progress vis=PRIVATE semFlags=0x0 semPriority=0 semMissedCount=0 semScenarioType=0)) as user
09-30 12:05:10.229 17254 17254 D NotificationManager: BOOTING pkg =com.negi.survey mBlockedChannelsForOverflowNoti=[]
09-30 12:05:10.231 17254 17328 D WM-GreedyScheduler: Constraints met: Scheduling work ID WorkGenerationalId(workSpecId=1d1c13a2-d1f1-4bb4-9241-38ce40dd9f38, generation=0)
09-30 12:05:10.234 17254 17254 D WM-SystemFgDispatcher: Notifying with (id:7287, workSpecId: 1d1c13a2-d1f1-4bb4-9241-38ce40dd9f38, notificationType :1)
09-30 12:05:10.234 17254 17254 I NotificationManager: com.negi.survey: notify(7287, null, Notification(channel=uploads shortcut=null contentView=null vibrate=null sound=null defaults=0 flags=ONGOING_EVENT|ONLY_ALERT_ONCE color=0x00000000 category=progress vis=PRIVATE semFlags=0x0 semPriority=0 semMissedCount=0 semScenarioType=0)) as user
09-30 12:05:10.234 17254 17328 D WM-Processor: Work WorkGenerationalId(workSpecId=1d1c13a2-d1f1-4bb4-9241-38ce40dd9f38, generation=0) is already enqueued for processing
09-30 12:05:10.235 17254 17328 D WM-WorkConstraintsTrack: NetworkRequestConstraintController send initial capabilities
09-30 12:05:11.429 17254 17296 D RuntimeLogStore: openWriter: rotate:plain_snapshot:receiver_my_package_repl -> /data/user/0/com.negi.survey/files/diagnostics/runtime_logs/rtlog_20260930_170511_428_pid17254_seq2.log (bytes=0 format=LEGACY)
09-30 12:05:11.430 17254 17296 D RuntimeLogStore: retention: rotate:plain_snapshot:receiver_my_package_repl files=3 kept=3 totalBytes=54661
09-30 12:05:11.440 17254 17301 D github_upload: doRuntimeLogsUpload: remoteBaseDir=diagnostics/runtime_logs/2026-09-30/runtime_logs_startup_runtime_20260930_170509_6ee6f8e3_receiver_my_package_repl toUpload=2 bytes=54324 dedupe=true deleteSource=true deletedSourcePre=0 preview='runtime_log_20260930_170511_431_pid17254_receiver_my_package_repl__rtlog_20260930_170509_793_pid17254_seq1.log|runtime_log_20260930_170511_431_pid17254_receiver_my_package_repl__rtlog_20260929_231058_242_pid14942_seq2.log'
09-30 12:05:11.442 17254 17301 D GitHubUploader: uploadStream: owner=ishizuki-tech repo=SurveyExports branch=main path=diagnostics/runtime_logs/2026-09-30/runtime_logs_startup_runtime_20260930_170509_6ee6f8e3_receiver_my_package_repl/runtime_log_20260930_170511_431_pid17254_receiver_my_package_repl__rtlog_20260930_170509_793_pid17254_seq1.log size=1782 maxRawBytesHint=1000000 maxRequestBytesHint=2800000
09-30 12:05:11.442 17254 17327 D WM-WorkProgressUpdater: Updating progress for 1d1c13a2-d1f1-4bb4-9241-38ce40dd9f38 (Data {pct : 10, mode : startup_runtime_logs})
09-30 12:05:11.446 17254 17327 I WM-Processor: Moving WorkSpec (1d1c13a2-d1f1-4bb4-9241-38ce40dd9f38) to the foreground
09-30 12:05:11.448 17254 17254 D WM-SystemFgDispatcher: Notifying with (id:7287, workSpecId: 1d1c13a2-d1f1-4bb4-9241-38ce40dd9f38, notificationType :1)
09-30 12:05:11.448 17254 17254 I NotificationManager: com.negi.survey: notify(7287, null, Notification(channel=uploads shortcut=null contentView=null vibrate=null sound=null defaults=0 flags=ONGOING_EVENT|ONLY_ALERT_ONCE color=0x00000000 category=progress vis=PRIVATE semFlags=0x0 semPriority=0 semMissedCount=0 semScenarioType=0)) as user
09-30 12:05:11.951 17254 17326 D WM-WorkProgressUpdater: Updating progress for 1d1c13a2-d1f1-4bb4-9241-38ce40dd9f38 (Data {pct : 14, mode : startup_runtime_logs})
09-30 12:05:11.964 17254 17326 I WM-Processor: Moving WorkSpec (1d1c13a2-d1f1-4bb4-9241-38ce40dd9f38) to the foreground
09-30 12:05:11.967 17254 17254 D WM-SystemFgDispatcher: Notifying with (id:7287, workSpecId: 1d1c13a2-d1f1-4bb4-9241-38ce40dd9f38, notificationType :1)
09-30 12:05:11.967 17254 17326 D WM-WorkProgressUpdater: Updating progress for 1d1c13a2-d1f1-4bb4-9241-38ce40dd9f38 (Data {pct : 50, mode : startup_runtime_logs})
09-30 12:05:11.967 17254 17254 I NotificationManager: com.negi.survey: notify(7287, null, Notification(channel=uploads shortcut=null contentView=null vibrate=null sound=null defaults=0 flags=ONGOING_EVENT|ONLY_ALERT_ONCE color=0x00000000 category=progress vis=PRIVATE semFlags=0x0 semPriority=0 semMissedCount=0 semScenarioType=0)) as user
09-30 12:05:11.979 17254 17326 I WM-Processor: Moving WorkSpec (1d1c13a2-d1f1-4bb4-9241-38ce40dd9f38) to the foreground
09-30 12:05:11.983 17254 17254 D WM-SystemFgDispatcher: Notifying with (id:7287, workSpecId: 1d1c13a2-d1f1-4bb4-9241-38ce40dd9f38, notificationType :1)
09-30 12:05:11.983 17254 17254 I NotificationManager: com.negi.survey: notify(7287, null, Notification(channel=uploads shortcut=null contentView=null vibrate=null sound=null defaults=0 flags=ONGOING_EVENT|ONLY_ALERT_ONCE color=0x00000000 category=progress vis=PRIVATE semFlags=0x0 semPriority=0 semMissedCount=0 semScenarioType=0)) as user
09-30 12:05:12.327 17254 17254 W SurveyApp: Deferred startup enqueues begin...
09-30 12:05:12.329 17254 17254 D SurveyApp: WorkManager available. where=startupRtLogs(immediate) took=0ms
09-30 12:05:12.336 17254 17254 D SurveyApp: Startup runtime logs target -> owner=ishizuki-tech repo=SurveyExports branch=main base='/diagnostics/runtime_logs'
09-30 12:05:12.341 17254 17254 D github_upload: enqueueStartupRuntimeLogsUpload: uniqueName=upload_runtime_logs_startup policy=KEEP session=startup_runtime_20260930_170512_29b1d8ac
09-30 12:05:12.341 17254 17254 D SurveyApp: Startup runtime logs: enqueue requested (immediate).
09-30 12:05:12.342 17254 17254 D SurveyApp: WorkManager available. where=startupRingLogs(immediate) took=0ms
09-30 12:05:12.345 17254 17254 D SurveyApp: Startup ring logs target -> owner=ishizuki-tech repo=SurveyExports branch=main base='/diagnostics/applog_ring'
09-30 12:05:12.347 17254 17254 D github_upload: enqueueStartupRingLogsUpload: uniqueName=upload_ring_logs_startup policy=KEEP session=startup_ring_20260930_170512_80b95d5b
09-30 12:05:12.348 17254 17254 D SurveyApp: Startup ring logs: enqueue requested (immediate).
09-30 12:05:12.348 17254 17254 D SurveyApp: WorkManager available. where=enqueuePending(immediate) took=0ms
09-30 12:05:12.349 17254 17254 D SurveyApp: CrashCapture pending uploads requested (immediate).
09-30 12:05:12.350 17254 17254 W SurveyApp: Deferred startup enqueues done: took=23ms
09-30 12:05:12.350 17254 17374 D CrashCapture: enqueuePendingCrashUploadsIfPossible enter where=SurveyApp:enqueuePending(immediate):bg pid=17254 thread=CrashCapture-Enqueue
09-30 12:05:12.351 17254 17302 D SurveyApp: Survey recovery WorkManager available. where=startupSurveyUploads(initial) took=1ms
09-30 12:05:12.357 17254 17302 D SurveyApp: Startup survey recovery complete: discovered=0 attempted=0 submitted=0 active=0 trackerUnconfirmed=0 uploaded=0 deferred=0 invalid=0 operationalFailures=0 duplicates=0 unclassified=0
09-30 12:05:12.365 17254 17328 D WM-SystemJobScheduler: Scheduling work ID d23977b0-8983-4e98-9a8f-38b77665eb0eJob ID 44
09-30 12:05:12.368 17254 17328 D WM-GreedyScheduler: Starting tracking for d23977b0-8983-4e98-9a8f-38b77665eb0e
09-30 12:05:12.369 17254 17254 D WM-SystemJobService: onStartJob for WorkGenerationalId(workSpecId=d23977b0-8983-4e98-9a8f-38b77665eb0e, generation=0)
09-30 12:05:12.372 17254 17328 D WM-Processor: Processor: processing WorkGenerationalId(workSpecId=d23977b0-8983-4e98-9a8f-38b77665eb0e, generation=0)
09-30 12:05:12.373 17254 17328 D WM-WorkConstraintsTrack: NetworkRequestConstraintController send initial capabilities
09-30 12:05:12.377 17254 17254 D WM-WorkerWrapper: Starting work for com.negi.survey.net.GitHubUploadWorker
09-30 12:05:12.378 17254 17328 D WM-GreedyScheduler: Constraints met: Scheduling work ID WorkGenerationalId(workSpecId=d23977b0-8983-4e98-9a8f-38b77665eb0e, generation=0)
09-30 12:05:12.381 17254 17328 D WM-Processor: Work WorkGenerationalId(workSpecId=d23977b0-8983-4e98-9a8f-38b77665eb0e, generation=0) is already enqueued for processing
09-30 12:05:12.383 17254 17328 I WM-Processor: Moving WorkSpec (d23977b0-8983-4e98-9a8f-38b77665eb0e) to the foreground
09-30 12:05:12.384 17254 17254 I WM-SystemFgDispatcher: Started foreground service Intent { act=ACTION_START_FOREGROUND xflg=0x4 cmp=com.negi.survey/androidx.work.impl.foreground.SystemForegroundService (has extras) }
09-30 12:05:12.384 17254 17254 D WM-SystemFgDispatcher: Notifying with (id:6790, workSpecId: d23977b0-8983-4e98-9a8f-38b77665eb0e, notificationType :1)
09-30 12:05:12.385 17254 17254 I NotificationManager: com.negi.survey: notify(6790, null, Notification(channel=uploads shortcut=null contentView=null vibrate=null sound=null defaults=0 flags=ONGOING_EVENT|ONLY_ALERT_ONCE color=0x00000000 category=progress vis=PRIVATE semFlags=0x0 semPriority=0 semMissedCount=0 semScenarioType=0)) as user
09-30 12:05:12.389 17254 17324 D WM-WorkProgressUpdater: Updating progress for d23977b0-8983-4e98-9a8f-38b77665eb0e (Data {pct : 3, mode : startup_ring_logs})
09-30 12:05:12.391 17254 17254 D WM-SystemFgDispatcher: Notifying with (id:6790, workSpecId: d23977b0-8983-4e98-9a8f-38b77665eb0e, notificationType :1)
09-30 12:05:12.391 17254 17254 I NotificationManager: com.negi.survey: notify(6790, null, Notification(channel=uploads shortcut=null contentView=null vibrate=null sound=null defaults=0 flags=ONGOING_EVENT|ONLY_ALERT_ONCE color=0x00000000 category=progress vis=PRIVATE semFlags=0x0 semPriority=0 semMissedCount=0 semScenarioType=0)) as user
09-30 12:05:12.403 17254 17324 I WM-Processor: Moving WorkSpec (d23977b0-8983-4e98-9a8f-38b77665eb0e) to the foreground
09-30 12:05:12.405 17254 17254 D WM-SystemFgDispatcher: Notifying with (id:6790, workSpecId: d23977b0-8983-4e98-9a8f-38b77665eb0e, notificationType :1)
09-30 12:05:12.405 17254 17324 D WM-WorkConstraintsTrack: NetworkRequestConstraintController send initial capabilities
09-30 12:05:12.405 17254 17254 I NotificationManager: com.negi.survey: notify(6790, null, Notification(channel=uploads shortcut=null contentView=null vibrate=null sound=null defaults=0 flags=ONGOING_EVENT|ONLY_ALERT_ONCE color=0x00000000 category=progress vis=PRIVATE semFlags=0x0 semPriority=0 semMissedCount=0 semScenarioType=0)) as user
