=== Previous Session Logcat ===
captured_time_utc=20260930_020325
captured_time_local=20260929_190325
marker=2026-09-29 11:32:04.426
preferred_prev_pid=-1
note=best-effort; buffers may be overwritten before next start
sdk=36
device=samsung SM-S931U1
appId=com.negi.survey
versionName=0.0.1
versionCode=99

=== Logcat (since marker) ===
--------- beginning of main
09-29 16:14:57.141 13035 13035 I VRI[MainActivity]@cd187ff: handleAppVisibility mAppVisible = true visible = false
09-29 16:14:57.141 13035 13035 D VRI[MainActivity]@cd187ff: visibilityChanged oldVisibility=true newVisibility=false
09-29 16:14:57.142 13035 13035 I VRI[MainActivity]@cd187ff: onDisplayChanged oldDisplayState=2 newDisplayState=1
09-29 16:14:57.149 13035 13035 I ImeFocusController: onPreWindowFocus: skipped hasWindowFocus=false mHasImeFocus=true
09-29 16:14:57.153 13035 13035 I ImeFocusController: onPostWindowFocus: skipped hasWindowFocus=false mHasImeFocus=true
09-29 16:14:57.190 13035 13051 D HWUI    : CacheManager::trimMemory(20)
09-29 16:14:57.207 13035 13035 I VRI[MainActivity]@cd187ff: Relayout returned: old=(0,0,1080,2340) new=(0,0,1080,2340) relayoutAsync=false req=(1080,2340)8 dur=3 res=0x2 s={false 0x0} ch=true seqId=0
09-29 16:14:57.207 13035 13035 D VRI[MainActivity]@cd187ff: Not drawing due to not visible. Reason=!mAppVisible && !mForceDecorViewVisibility
09-29 16:14:57.210 13035 13051 D HWUI    : CacheManager::trimMemory(20)
09-29 16:14:57.215 13035 13035 I VRI[MainActivity]@cd187ff: stopped(true) old = false
09-29 16:14:57.215 13035 13035 D VRI[MainActivity]@cd187ff: WindowStopped on com.negi.survey/com.negi.survey.MainActivity set to true
09-29 16:14:57.215 13035 13051 D HWUI    : CacheManager::trimMemory(20)
09-29 16:14:57.216 13035 13035 I AutofillManager: onInvisibleForAutofill(): expiringResponse
09-29 19:03:10.693 13035 13035 I VRI[MainActivity]@cd187ff: onDisplayChanged oldDisplayState=1 newDisplayState=3
09-29 19:03:13.142 13035 13035 I VRI[MainActivity]@cd187ff: handleAppVisibility mAppVisible = false visible = true
09-29 19:03:13.147 13035 13035 I VRI[MainActivity]@cd187ff: stopped(false) old = true
09-29 19:03:13.147 13035 13035 D VRI[MainActivity]@cd187ff: WindowStopped on com.negi.survey/com.negi.survey.MainActivity set to false
09-29 19:03:13.148 13035 13035 D ViewRootImpl: Skipping stats log for color mode
09-29 19:03:13.159 13035 13035 D CrashCapture: install: ensured default handler. where=selfHeal:onActivityResumed pid=13035 default=com.negi.survey.CrashCapture$CrashHandler@6da0b6b
09-29 19:03:13.179 13035 13035 I InsetsController: onStateChanged: host=com.negi.survey/com.negi.survey.MainActivity, from=android.view.ViewRootImpl.onInsetsStateChanged:3038, state=InsetsState: {mDisplayFrame=Rect(0, 0 - 1080, 2340), mDisplayCutout=DisplayCutout{insets=Rect(0, 103 - 0, 0) waterfall=Insets{left=0, top=0, right=0, bottom=0} boundingRect={Bounds=[Rect(0, 0 - 0, 0), Rect(511, 0 - 569, 103), Rect(0, 0 - 0, 0), Rect(0, 0 - 0, 0)]} cutoutPathParserInfo={CutoutPathParserInfo{displayWidth=1080 displayHeight=2340 physicalDisplayWidth=1080 physicalDisplayHeight=2340 density={3.0} cutoutSpec={M 0,0 H -9.666666666666667 V 34.33333333333333 H 9.666666666666667 V 0 H 0 Z @dp} rotation={0} scale={1.0} physicalPixelDisplaySizeRatio={1.0}}} sideOverrides={}}, mRoundedCorners=RoundedCorners{[RoundedCorner{position=TopLeft, radius=102, center=Point(102, 102)}, RoundedCorner{position=TopRight, radius=102, center=Point(978, 102)}, RoundedCorner{position=BottomRight, radius=102, center=Point(978, 2238)}, RoundedCorner{position=BottomLeft, radius=102, center=Point(102, 2238)}]}  mRoundedCornerFrame=Rect(0, 0 - 1080, 2340), mPrivacyIndicatorBounds=PrivacyIndicatorBounds {static bounds=Rect(948, 0 - 1080, 103) rotation=0}, mDisplayShape=DisplayShape{ spec=-311912193 displayWidth=1080 displayHeight=2340 physicalPixelDisplaySizeRatio=1.0 rotation=0 offsetX=0 offsetY=0 scale=1.0}, mSources= { InsetsSource: {cafc0000 mType=statusBars mFrame=[0,0][1080,103] mAttachedInsets=null mVisible=true mFlags= mSideHint=TOP mBoundingRects=null}, InsetsSource: {cafc0005 mType=mandatorySystemGestures mFrame=[0,0][1080,139] mAttachedInsets=null mVisible=true mFlags= mSideHint=TOP mBoundingRects=null}, InsetsSource: {cafc0006 mType=tappableElement mFrame=[0,0][1080,103] mAttachedInsets=null mVisible=true mFlags= mSideHint=TOP mBoundingRects=null}, InsetsSource: {3 mType=ime mFrame=[0,0][0,0] mAttachedInsets=null mVisible=false mFlags=INVALID mSideHint=NONE mBoundingRects=null}, InsetsSource: {27 mType=displayCutout mFrame=[0,0][1080,103] mAttachedInsets=null mVisible=true mFlags= mSideHint=TOP mBoundingRects=null}, InsetsSource: {3c610001 mType=navigationBars mFrame=[0,2196][1080,2340] mAttachedInsets=null mVisible=false mFlags= mSideHint=BOTTOM mBoundingRects=null}, InsetsSource: {3c610004 mType=systemGestures mFrame=[0,0][0,0] mAttachedInsets=null mVisible=true mFlags= mSideHint=NONE mBoundingRects=null}, InsetsSource: {3c610005 mType=mandatorySystemGestures mFrame=[0,2196][1080,2340] mAttachedInsets=null mVisible=true mFlags= mSideHint=BOTTOM mBoundingRects=null}, InsetsSource: {3c610006 mType=tappableElement mFrame=[0,2196][1080,2340] mAttachedInsets=null mVisible=true mFlags= mSideHint=BOTTOM mBoundingRects=null}, InsetsSource: {3c610024 mType=systemGestures mFrame=[0,0][0,0] mAttachedInsets=null mVisible=true mFlags= mSideHint=NONE mBoundingRects=null} }
09-29 19:03:13.179 13035 13035 I BufferQueueProducer: [](id:32eb00000005,api:0,p:-1,c:13035) setDequeueTimeout:2077252342
09-29 19:03:13.180 13035 13035 I BLASTBufferQueue_Java: new BLASTBufferQueue, mName= VRI[MainActivity]@cd187ff mNativeObject= 0xb400007c32847640 caller= android.view.ViewRootImpl.updateBlastSurfaceIfNeeded:3603 android.view.ViewRootImpl.relayoutWindow:11813 android.view.ViewRootImpl.performTraversals:4840 android.view.ViewRootImpl.doTraversal:3959 android.view.ViewRootImpl$TraversalRunnable.run:13034 android.view.Choreographer$CallbackRecord.run:1961 android.view.Choreographer$CallbackRecord.run:1970 android.view.Choreographer.doCallbacks:1423 android.view.Choreographer.doFrame:1348 android.view.Choreographer$FrameDisplayEventReceiver.run:1930 
09-29 19:03:13.180 13035 13035 I BLASTBufferQueue_Java: update, w= 1080 h= 2340 mName = VRI[MainActivity]@cd187ff mNativeObject= 0xb400007c32847640 sc.mNativeObject= 0xb400007bc2b46490 format= -1 caller= android.view.ViewRootImpl.updateBlastSurfaceIfNeeded:3608 android.view.ViewRootImpl.relayoutWindow:11813 android.view.ViewRootImpl.performTraversals:4840 android.view.ViewRootImpl.doTraversal:3959 android.view.ViewRootImpl$TraversalRunnable.run:13034 android.view.Choreographer$CallbackRecord.run:1961 
09-29 19:03:13.180 13035 13035 I VRI[MainActivity]@cd187ff: Relayout returned: old=(0,0,1080,2340) new=(0,0,1080,2340) relayoutAsync=false req=(1080,2340)0 dur=13 res=0x3 s={true 0xb400007c7286ca70} ch=true seqId=0
09-29 19:03:13.183 13035 13035 D VRI[MainActivity]@cd187ff: mThreadedRenderer.initialize() mSurface={isValid=true 0xb400007c7286ca70} hwInitialized=true
09-29 19:03:13.184 13035 13035 D VRI[MainActivity]@cd187ff: reportNextDraw android.view.ViewRootImpl.performTraversals:5507 android.view.ViewRootImpl.doTraversal:3959 android.view.ViewRootImpl$TraversalRunnable.run:13034 android.view.Choreographer$CallbackRecord.run:1961 android.view.Choreographer$CallbackRecord.run:1970 
09-29 19:03:13.184 13035 13035 D VRI[MainActivity]@cd187ff: Setup new sync=wmsSync-VRI[MainActivity]@cd187ff#10
09-29 19:03:13.184 13035 13035 I VRI[MainActivity]@cd187ff: Creating new active sync group VRI[MainActivity]@cd187ff#11
09-29 19:03:13.184 13035 13035 D VRI[MainActivity]@cd187ff: Start draw after previous draw not visible
09-29 19:03:13.184 13035 13035 D VRI[MainActivity]@cd187ff: registerCallbacksForSync syncBuffer=false
09-29 19:03:13.191 13035 13057 D VRI[MainActivity]@cd187ff: Received frameDrawingCallback syncResult=0 frameNum=1.
09-29 19:03:13.191 13035 13057 I VRI[MainActivity]@cd187ff: mWNT: t=0xb400007b9320a810 mBlastBufferQueue=0xb400007c32847640 fn= 1 HdrRenderState mRenderHdrSdrRatio=1.0 caller= android.view.ViewRootImpl$12.onFrameDraw:15561 android.view.ThreadedRenderer$1.onFrameDraw:751 <bottom of call stack> 
09-29 19:03:13.191 13035 13057 I VRI[MainActivity]@cd187ff: Setting up sync and frameCommitCallback
09-29 19:03:13.194 13035 13051 I BLASTBufferQueue: [VRI[MainActivity]@cd187ff#5](f:0,a:0,s:0) onFrameAvailable the first frame is available
09-29 19:03:13.194 13035 13051 I SurfaceComposerClient: apply transaction with the first frame. layerId: 12068, bufferData(ID: 55984898703383, frameNumber: 1)
09-29 19:03:13.194 13035 13051 I VRI[MainActivity]@cd187ff: Received frameCommittedCallback lastAttemptedDrawFrameNum=1 didProduceBuffer=true
09-29 19:03:13.194 13035 13035 D VRI[MainActivity]@cd187ff: reportDrawFinished seqId=0
09-29 19:03:13.194 13035 13035 I VRI[MainActivity]@cd187ff: onDisplayChanged oldDisplayState=3 newDisplayState=4
09-29 19:03:13.202 13035 13035 I InsetsController: onStateChanged: host=com.negi.survey/com.negi.survey.MainActivity, from=android.view.ViewRootImpl.onInsetsStateChanged:3038, state=InsetsState: {mDisplayFrame=Rect(0, 0 - 1080, 2340), mDisplayCutout=DisplayCutout{insets=Rect(0, 103 - 0, 0) waterfall=Insets{left=0, top=0, right=0, bottom=0} boundingRect={Bounds=[Rect(0, 0 - 0, 0), Rect(511, 0 - 569, 103), Rect(0, 0 - 0, 0), Rect(0, 0 - 0, 0)]} cutoutPathParserInfo={CutoutPathParserInfo{displayWidth=1080 displayHeight=2340 physicalDisplayWidth=1080 physicalDisplayHeight=2340 density={3.0} cutoutSpec={M 0,0 H -9.666666666666667 V 34.33333333333333 H 9.666666666666667 V 0 H 0 Z @dp} rotation={0} scale={1.0} physicalPixelDisplaySizeRatio={1.0}}} sideOverrides={}}, mRoundedCorners=RoundedCorners{[RoundedCorner{position=TopLeft, radius=102, center=Point(102, 102)}, RoundedCorner{position=TopRight, radius=102, center=Point(978, 102)}, RoundedCorner{position=BottomRight, radius=102, center=Point(978, 2238)}, RoundedCorner{position=BottomLeft, radius=102, center=Point(102, 2238)}]}  mRoundedCornerFrame=Rect(0, 0 - 1080, 2340), mPrivacyIndicatorBounds=PrivacyIndicatorBounds {static bounds=Rect(948, 0 - 1080, 103) rotation=0}, mDisplayShape=DisplayShape{ spec=-311912193 displayWidth=1080 displayHeight=2340 physicalPixelDisplaySizeRatio=1.0 rotation=0 offsetX=0 offsetY=0 scale=1.0}, mSources= { InsetsSource: {cafc0000 mType=statusBars mFrame=[0,0][1080,103] mAttachedInsets=null mVisible=true mFlags= mSideHint=TOP mBoundingRects=null}, InsetsSource: {cafc0005 mType=mandatorySystemGestures mFrame=[0,0][1080,139] mAttachedInsets=null mVisible=true mFlags= mSideHint=TOP mBoundingRects=null}, InsetsSource: {cafc0006 mType=tappableElement mFrame=[0,0][1080,103] mAttachedInsets=null mVisible=true mFlags= mSideHint=TOP mBoundingRects=null}, InsetsSource: {3 mType=ime mFrame=[0,0][0,0] mAttachedInsets=null mVisible=false mFlags=INVALID mSideHint=NONE mBoundingRects=null}, InsetsSource: {27 mType=displayCutout mFrame=[0,0][1080,103] mAttachedInsets=null mVisible=true mFlags= mSideHint=TOP mBoundingRects=null}, InsetsSource: {3c610001 mType=navigationBars mFrame=[0,2196][1080,2340] mAttachedInsets=null mVisible=false mFlags= mSideHint=BOTTOM mBoundingRects=null}, InsetsSource: {3c610004 mType=systemGestures mFrame=[0,0][0,0] mAttachedInsets=null mVisible=true mFlags= mSideHint=NONE mBoundingRects=null}, InsetsSource: {3c610005 mType=mandatorySystemGestures mFrame=[0,2196][1080,2340] mAttachedInsets=null mVisible=true mFlags= mSideHint=BOTTOM mBoundingRects=null}, InsetsSource: {3c610006 mType=tappableElement mFrame=[0,2196][1080,2340] mAttachedInsets=null mVisible=true mFlags= mSideHint=BOTTOM mBoundingRects=null}, InsetsSource: {3c610024 mType=systemGestures mFrame=[0,0][0,0] mAttachedInsets=null mVisible=true mFlags= mSideHint=NONE mBoundingRects=null} }
09-29 19:03:13.202 13035 13035 I InsetsController: onStateChanged: host=com.negi.survey/com.negi.survey.MainActivity, from=android.view.ViewRootImpl.onInsetsStateChanged:3038, state=InsetsState: {mDisplayFrame=Rect(0, 0 - 1080, 2340), mDisplayCutout=DisplayCutout{insets=Rect(0, 103 - 0, 0) waterfall=Insets{left=0, top=0, right=0, bottom=0} boundingRect={Bounds=[Rect(0, 0 - 0, 0), Rect(511, 0 - 569, 103), Rect(0, 0 - 0, 0), Rect(0, 0 - 0, 0)]} cutoutPathParserInfo={CutoutPathParserInfo{displayWidth=1080 displayHeight=2340 physicalDisplayWidth=1080 physicalDisplayHeight=2340 density={3.0} cutoutSpec={M 0,0 H -9.666666666666667 V 34.33333333333333 H 9.666666666666667 V 0 H 0 Z @dp} rotation={0} scale={1.0} physicalPixelDisplaySizeRatio={1.0}}} sideOverrides={}}, mRoundedCorners=RoundedCorners{[RoundedCorner{position=TopLeft, radius=102, center=Point(102, 102)}, RoundedCorner{position=TopRight, radius=102, center=Point(978, 102)}, RoundedCorner{position=BottomRight, radius=102, center=Point(978, 2238)}, RoundedCorner{position=BottomLeft, radius=102, center=Point(102, 2238)}]}  mRoundedCornerFrame=Rect(0, 0 - 1080, 2340), mPrivacyIndicatorBounds=PrivacyIndicatorBounds {static bounds=Rect(948, 0 - 1080, 103) rotation=0}, mDisplayShape=DisplayShape{ spec=-311912193 displayWidth=1080 displayHeight=2340 physicalPixelDisplaySizeRatio=1.0 rotation=0 offsetX=0 offsetY=0 scale=1.0}, mSources= { InsetsSource: {cafc0000 mType=statusBars mFrame=[0,0][1080,103] mAttachedInsets=null mVisible=true mFlags= mSideHint=TOP mBoundingRects=null}, InsetsSource: {cafc0005 mType=mandatorySystemGestures mFrame=[0,0][1080,139] mAttachedInsets=null mVisible=true mFlags= mSideHint=TOP mBoundingRects=null}, InsetsSource: {cafc0006 mType=tappableElement mFrame=[0,0][1080,103] mAttachedInsets=null mVisible=true mFlags= mSideHint=TOP mBoundingRects=null}, InsetsSource: {3 mType=ime mFrame=[0,0][0,0] mAttachedInsets=null mVisible=false mFlags=INVALID mSideHint=NONE mBoundingRects=null}, InsetsSource: {27 mType=displayCutout mFrame=[0,0][1080,103] mAttachedInsets=null mVisible=true mFlags= mSideHint=TOP mBoundingRects=null}, InsetsSource: {3c610001 mType=navigationBars mFrame=[0,2196][1080,2340] mAttachedInsets=null mVisible=false mFlags= mSideHint=BOTTOM mBoundingRects=null}, InsetsSource: {3c610004 mType=systemGestures mFrame=[0,0][0,0] mAttachedInsets=null mVisible=true mFlags= mSideHint=NONE mBoundingRects=null}, InsetsSource: {3c610005 mType=mandatorySystemGestures mFrame=[0,2196][1080,2340] mAttachedInsets=null mVisible=true mFlags= mSideHint=BOTTOM mBoundingRects=null}, InsetsSource: {3c610006 mType=tappableElement mFrame=[0,2196][1080,2340] mAttachedInsets=null mVisible=true mFlags= mSideHint=BOTTOM mBoundingRects=null}, InsetsSource: {3c610024 mType=systemGestures mFrame=[0,0][0,0] mAttachedInsets=null mVisible=true mFlags= mSideHint=NONE mBoundingRects=null} }
09-29 19:03:13.202 13035 13035 I VRI[MainActivity]@cd187ff: handleResized, frames=ClientWindowFrames{frame=[0,0][1080,2340] display=[0,0][1080,2340] parentFrame=[0,0][0,0]} displayId=0 dragResizing=false compatScale=1.0 frameChanged=false attachedFrameChanged=false configChanged=false displayChanged=false compatScaleChanged=false dragResizingChanged=false
09-29 19:03:13.202 13035 13035 I VRI[MainActivity]@cd187ff: handleResized mSyncSeqId = 0
09-29 19:03:13.202 13035 13035 D VRI[MainActivity]@cd187ff: reportNextDraw android.view.ViewRootImpl.handleResized:2995 android.view.ViewRootImpl.-$$Nest$mhandleResized:0 android.view.ViewRootImpl$W.resized:14200 android.app.servertransaction.WindowStateResizeItem.execute:81 android.app.servertransaction.WindowStateTransactionItem.execute:62 
09-29 19:03:13.202 13035 13035 I VRI[MainActivity]@cd187ff: onDisplayChanged oldDisplayState=4 newDisplayState=2
09-29 19:03:13.234 13035 13035 D VRI[MainActivity]@cd187ff: Setup new sync=wmsSync-VRI[MainActivity]@cd187ff#12
09-29 19:03:13.234 13035 13035 I VRI[MainActivity]@cd187ff: Creating new active sync group VRI[MainActivity]@cd187ff#13
09-29 19:03:13.234 13035 13035 D VRI[MainActivity]@cd187ff: registerCallbacksForSync syncBuffer=false
09-29 19:03:13.234 13035 13056 D VRI[MainActivity]@cd187ff: Received frameDrawingCallback syncResult=0 frameNum=2.
09-29 19:03:13.234 13035 13056 I VRI[MainActivity]@cd187ff: Setting up sync and frameCommitCallback
09-29 19:03:13.234 13035 13051 I VRI[MainActivity]@cd187ff: Received frameCommittedCallback lastAttemptedDrawFrameNum=2 didProduceBuffer=false
09-29 19:03:13.234 13035 13051 I BLASTBufferQueue_Java: gatherPendingTransactions, mName= VRI[MainActivity]@cd187ff mNativeObject= 0xb400007c32847640 frameNumber= 2 caller= android.view.ViewRootImpl$12.lambda$onFrameDraw$3:15645 android.view.ViewRootImpl$12.$r8$lambda$CTo3ExVBk8akdVTGlqHPAoYLRVI:0 android.view.ViewRootImpl$12$$ExternalSyntheticLambda1.onFrameCommit:0 android.view.ThreadedRenderer$1.lambda$onFrameDraw$0:763 android.view.ThreadedRenderer$1$$ExternalSyntheticLambda0.onFrameCommit:0 <bottom of call stack> 
09-29 19:03:13.235 13035 13035 D VRI[MainActivity]@cd187ff: reportDrawFinished seqId=0
09-29 19:03:13.236 13035 13035 I InsetsController: onStateChanged: host=com.negi.survey/com.negi.survey.MainActivity, from=android.view.ViewRootImpl.onInsetsStateChanged:3038, state=InsetsState: {mDisplayFrame=Rect(0, 0 - 1080, 2340), mDisplayCutout=DisplayCutout{insets=Rect(0, 103 - 0, 0) waterfall=Insets{left=0, top=0, right=0, bottom=0} boundingRect={Bounds=[Rect(0, 0 - 0, 0), Rect(511, 0 - 569, 103), Rect(0, 0 - 0, 0), Rect(0, 0 - 0, 0)]} cutoutPathParserInfo={CutoutPathParserInfo{displayWidth=1080 displayHeight=2340 physicalDisplayWidth=1080 physicalDisplayHeight=2340 density={3.0} cutoutSpec={M 0,0 H -9.666666666666667 V 34.33333333333333 H 9.666666666666667 V 0 H 0 Z @dp} rotation={0} scale={1.0} physicalPixelDisplaySizeRatio={1.0}}} sideOverrides={}}, mRoundedCorners=RoundedCorners{[RoundedCorner{position=TopLeft, radius=102, center=Point(102, 102)}, RoundedCorner{position=TopRight, radius=102, center=Point(978, 102)}, RoundedCorner{position=BottomRight, radius=102, center=Point(978, 2238)}, RoundedCorner{position=BottomLeft, radius=102, center=Point(102, 2238)}]}  mRoundedCornerFrame=Rect(0, 0 - 1080, 2340), mPrivacyIndicatorBounds=PrivacyIndicatorBounds {static bounds=Rect(948, 0 - 1080, 103) rotation=0}, mDisplayShape=DisplayShape{ spec=-311912193 displayWidth=1080 displayHeight=2340 physicalPixelDisplaySizeRatio=1.0 rotation=0 offsetX=0 offsetY=0 scale=1.0}, mSources= { InsetsSource: {cafc0000 mType=statusBars mFrame=[0,0][1080,103] mAttachedInsets=null mVisible=true mFlags= mSideHint=TOP mBoundingRects=null}, InsetsSource: {cafc0005 mType=mandatorySystemGestures mFrame=[0,0][1080,139] mAttachedInsets=null mVisible=true mFlags= mSideHint=TOP mBoundingRects=null}, InsetsSource: {cafc0006 mType=tappableElement mFrame=[0,0][1080,103] mAttachedInsets=null mVisible=true mFlags= mSideHint=TOP mBoundingRects=null}, InsetsSource: {3 mType=ime mFrame=[0,0][0,0] mAttachedInsets=null mVisible=false mFlags=INVALID mSideHint=NONE mBoundingRects=null}, InsetsSource: {27 mType=displayCutout mFrame=[0,0][1080,103] mAttachedInsets=null mVisible=true mFlags= mSideHint=TOP mBoundingRects=null}, InsetsSource: {3c610001 mType=navigationBars mFrame=[0,2196][1080,2340] mAttachedInsets=null mVisible=true mFlags= mSideHint=BOTTOM mBoundingRects=null}, InsetsSource: {3c610004 mType=systemGestures mFrame=[0,0][0,0] mAttachedInsets=null mVisible=true mFlags= mSideHint=NONE mBoundingRects=null}, InsetsSource: {3c610005 mType=mandatorySystemGestures mFrame=[0,2196][1080,2340] mAttachedInsets=null mVisible=true mFlags= mSideHint=BOTTOM mBoundingRects=null}, InsetsSource: {3c610006 mType=tappableElement mFrame=[0,2196][1080,2340] mAttachedInsets=null mVisible=true mFlags= mSideHint=BOTTOM mBoundingRects=null}, InsetsSource: {3c610024 mType=systemGestures mFrame=[0,0][0,0] mAttachedInsets=null mVisible=true mFlags= mSideHint=NONE mBoundingRects=null} }
09-29 19:03:13.236 13035 13035 I VRI[MainActivity]@cd187ff: handleResized, frames=ClientWindowFrames{frame=[0,0][1080,2340] display=[0,0][1080,2340] parentFrame=[0,0][0,0]} displayId=0 dragResizing=false compatScale=1.0 frameChanged=false attachedFrameChanged=false configChanged=false displayChanged=false compatScaleChanged=false dragResizingChanged=false
09-29 19:03:13.319 13035 13035 I InsetsSourceConsumer: applyRequestedVisibilityToControl: visible=true, type=navigationBars, host=com.negi.survey/com.negi.survey.MainActivity
09-29 19:03:13.319 13035 13035 I InsetsSourceConsumer: applyRequestedVisibilityToControl: visible=true, type=statusBars, host=com.negi.survey/com.negi.survey.MainActivity
09-29 19:03:13.354 13035 13035 D VRI[MainActivity]@cd187ff: mThreadedRenderer.initializeIfNeeded()#2 mSurface={isValid=true 0xb400007c7286ca70}
09-29 19:03:13.354 13035 13035 D InputMethodManagerUtils: startInputInner - Id : 0
09-29 19:03:13.354 13035 13035 I InputMethodManager: startInputInner - IInputMethodManagerGlobalInvoker.startInputOrWindowGainedFocus
--------- beginning of system
09-29 19:03:13.364 13035 13035 D InsetsController: hide(ime())
09-29 19:03:13.364 13035 13035 I ImeTracker: com.negi.survey:5ffe0b9e: onCancelled at PHASE_CLIENT_ALREADY_HIDDEN
09-29 19:03:13.394 13035 13517 D InputTransport: Input channel constructed: 'ClientS', fd=153
09-29 19:03:15.735 13035 13035 I ImeFocusController: onPreWindowFocus: skipped hasWindowFocus=false mHasImeFocus=true
09-29 19:03:15.736 13035 13035 I ImeFocusController: onPostWindowFocus: skipped hasWindowFocus=false mHasImeFocus=true
09-29 19:03:15.831 13035 13035 D InputTransport: Input channel destroyed: 'ClientS', fd=165
09-29 19:03:16.165 13035 13035 I VRI[MainActivity]@cd187ff: handleAppVisibility mAppVisible = true visible = false
09-29 19:03:16.165 13035 13035 D VRI[MainActivity]@cd187ff: visibilityChanged oldVisibility=true newVisibility=false
09-29 19:03:16.168 13035 13051 D HWUI    : CacheManager::trimMemory(20)
09-29 19:03:16.171 13035 13035 I VRI[MainActivity]@cd187ff: Relayout returned: old=(0,0,1080,2340) new=(0,0,1080,2340) relayoutAsync=false req=(1080,2340)8 dur=2 res=0x2 s={false 0x0} ch=true seqId=0
09-29 19:03:16.172 13035 13035 D VRI[MainActivity]@cd187ff: Not drawing due to not visible. Reason=!mAppVisible && !mForceDecorViewVisibility
09-29 19:03:16.172 13035 13051 D HWUI    : CacheManager::trimMemory(20)
09-29 19:03:16.173 13035 13035 I VRI[MainActivity]@cd187ff: stopped(true) old = false
09-29 19:03:16.173 13035 13035 D VRI[MainActivity]@cd187ff: WindowStopped on com.negi.survey/com.negi.survey.MainActivity set to true
09-29 19:03:16.174 13035 13051 D HWUI    : CacheManager::trimMemory(20)
09-29 19:03:16.175 13035 13035 I AutofillManager: onInvisibleForAutofill(): expiringResponse
09-29 19:03:16.181 13035 13035 D BBA2    : setIsFg isFg = false; delayValue 3999ms
09-29 19:03:23.247 18345 18345 I Zygote  : Process 18345 created for com.negi.survey
09-29 19:03:23.248 18345 18345 I com.negi.survey: Using generational CollectorTypeCMC GC.
09-29 19:03:23.251 18345 18345 D nativeloader: Load libframework-connectivity-tiramisu-jni.so using APEX ns com_android_tethering for caller /apex/com.android.tethering/javalib/framework-connectivity-t.jar: ok
09-29 19:03:23.252 18345 18345 D ActivityThread: setConscryptValidator
09-29 19:03:23.252 18345 18345 D ActivityThread: setConscryptValidator - put
09-29 19:03:23.264 18345 18345 D ApplicationLoaders: Returning zygote-cached class loader: /system_ext/framework/androidx.window.extensions.jar
09-29 19:03:23.264 18345 18345 D ApplicationLoaders: Returning zygote-cached class loader: /system_ext/framework/androidx.window.sidecar.jar
09-29 19:03:23.275 18345 18345 D nativeloader: Configuring clns-9 for other apk /data/app/~~rvE91Hbkvuf048F3RJ6uhg==/com.negi.survey-v_GGMkD1S4_44Ed-JESQmg==/base.apk. target_sdk_version=36, uses_libraries=libOpenCL.so, library_path=/data/app/~~rvE91Hbkvuf048F3RJ6uhg==/com.negi.survey-v_GGMkD1S4_44Ed-JESQmg==/lib/arm64:/data/app/~~rvE91Hbkvuf048F3RJ6uhg==/com.negi.survey-v_GGMkD1S4_44Ed-JESQmg==/base.apk!/lib/arm64-v8a, permitted_path=/data:/mnt/expand:/data/user/0/com.negi.survey
09-29 19:03:23.279 18345 18345 V GraphicsEnvironment: Currently set values for:
09-29 19:03:23.279 18345 18345 V GraphicsEnvironment:   angle_gl_driver_selection_pkgs=[]
09-29 19:03:23.279 18345 18345 V GraphicsEnvironment:   angle_gl_driver_selection_values=[]
09-29 19:03:23.279 18345 18345 V GraphicsEnvironment: com.negi.survey is not listed in per-application setting
09-29 19:03:23.279 18345 18345 V GraphicsEnvironment: ANGLE allowlist from config: com.dreamgames.royalmatch com.dts.freefiremax com.dxx.firenow com.gramgames.mergedragons com.ludo.king com.mojang.minecraftpe com.my.defense com.nintendo.zaka com.os.airforce com.playrix.fishdomdd.gplay io.teslatech.callbreak jp.konami.prospia net.peakgames.toonblast
09-29 19:03:23.279 18345 18345 V GraphicsEnvironment: No special selections for ANGLE, returning default driver choice
09-29 19:03:23.279 18345 18345 V GraphicsEnvironment: App is not on the allowlist for updatable production driver.
09-29 19:03:23.298 18345 18345 D nativeloader: Load /data/app/~~rvE91Hbkvuf048F3RJ6uhg==/com.negi.survey-v_GGMkD1S4_44Ed-JESQmg==/base.apk!/lib/arm64-v8a/liblitertlm_jni.so using class loader ns clns-9 (caller=/data/app/~~rvE91Hbkvuf048F3RJ6uhg==/com.negi.survey-v_GGMkD1S4_44Ed-JESQmg==/base.apk!classes4.dex): ok
09-29 19:03:23.298 18345 18345 D SurveyApp: Loaded LiteRTLM JNI: litertlm_jni where=attachBaseContext
09-29 19:03:23.300 18345 18345 D AppRingLogStore: installed: dir=/data/user/0/com.negi.survey/files/diagnostics/applog_ring idx=0
09-29 19:03:23.300 18345 18345 D CrashCapture: install: ensured default handler. where=SurveyApp:attachBaseContext pid=18345 default=com.negi.survey.CrashCapture$CrashHandler@2b3d8dc
09-29 19:03:23.301 18345 18357 D RuntimeLogStore: openWriter: start -> /data/user/0/com.negi.survey/files/diagnostics/runtime_logs/rtlog_20260930_020323_300_pid18345_seq1.log (bytes=0 format=LEGACY)
09-29 19:03:23.302 18345 18357 D RuntimeLogStore: retention: start files=2 kept=2 totalBytes=95217
09-29 19:03:23.303 18345 18345 D SurveyApp: LiteRTLM JNI already loaded; skip. where=onCreate(retry)
09-29 19:03:23.303 18345 18345 D CrashCapture: install: ensured default handler. where=SurveyApp:onCreate(rewrap) pid=18345 default=com.negi.survey.CrashCapture$CrashHandler@2b3d8dc
09-29 19:03:23.303 18345 18345 D CrashCapture: registerSelfHealing: ActivityLifecycleCallbacks registered. mode=onResumedOnly
09-29 19:03:25.814 18345 18345 D WM-PackageManagerHelper: Skipping component enablement for androidx.work.impl.background.systemjob.SystemJobService
09-29 19:03:25.814 18345 18345 D WM-Schedulers: Created SystemJobScheduler and enabled SystemJobService
09-29 19:03:25.815 18345 18373 D WM-ForceStopRunnable: Is default app process = true
09-29 19:03:25.818 18345 18373 D WM-ForceStopRunnable: Performing cleanup operations.
09-29 19:03:25.821 18345 18345 D github_upload: enqueueStartupRuntimeLogsUpload: uniqueName=upload_runtime_logs_startup policy=KEEP session=startup_runtime_20260930_020325_b1e2332b
09-29 19:03:25.823 18345 18373 E ashmem  : Pinning is deprecated since Android Q. Please use trim or other methods.
09-29 19:03:25.823 18345 18345 D github_upload: enqueueStartupRingLogsUpload: uniqueName=upload_ring_logs_startup policy=KEEP session=startup_ring_20260930_020325_3a58c17d
09-29 19:03:25.823 18345 18375 D CrashCapture: enqueuePendingCrashUploadsIfPossible enter where=SurveyApp:enqueuePending(immediate):bg pid=18345 thread=CrashCapture-Enqueue
09-29 19:03:25.830 18345 18373 D WM-SystemJobScheduler: Reconciling jobs
09-29 19:03:25.834 18345 18373 D WM-ForceStopRunnable: Application was force-stopped, rescheduling.
09-29 19:03:25.844 18345 18384 D WM-SystemJobScheduler: Scheduling work ID bfdaa6e5-fde7-480b-a0a7-4966ec616540Job ID 25
09-29 19:03:25.848 18345 18384 D WM-GreedyScheduler: Starting tracking for bfdaa6e5-fde7-480b-a0a7-4966ec616540
09-29 19:03:25.848 18345 18345 D WM-SystemJobService: onStartJob for WorkGenerationalId(workSpecId=bfdaa6e5-fde7-480b-a0a7-4966ec616540, generation=0)
09-29 19:03:25.853 18345 18385 D WM-SystemJobScheduler: Scheduling work ID f373ebcb-7b42-41e0-9758-ea25a613f69cJob ID 26
09-29 19:03:25.855 18345 18385 D WM-GreedyScheduler: Starting tracking for f373ebcb-7b42-41e0-9758-ea25a613f69c,bfdaa6e5-fde7-480b-a0a7-4966ec616540
09-29 19:03:25.855 18345 18345 D WM-SystemJobService: onStartJob for WorkGenerationalId(workSpecId=f373ebcb-7b42-41e0-9758-ea25a613f69c, generation=0)
09-29 19:03:25.857 18345 18385 D WM-Processor: Processor: processing WorkGenerationalId(workSpecId=bfdaa6e5-fde7-480b-a0a7-4966ec616540, generation=0)
09-29 19:03:25.858 18345 18385 D WM-Processor: Processor: processing WorkGenerationalId(workSpecId=f373ebcb-7b42-41e0-9758-ea25a613f69c, generation=0)
09-29 19:03:25.861 18345 18345 D WM-WorkerWrapper: Starting work for com.negi.survey.net.GitHubUploadWorker
09-29 19:03:25.862 18345 18345 D WM-WorkerWrapper: Starting work for com.negi.survey.net.GitHubUploadWorker
09-29 19:03:25.863 18345 18385 D WM-WorkConstraintsTrack: NetworkRequestConstraintController register shared callback
09-29 19:03:25.863 18345 18385 D ConnectivityManager: StackLog: [android.net.ConnectivityManager.sendRequestForNetwork(ConnectivityManager.java:4744)] [android.net.ConnectivityManager.registerDefaultNetworkCallbackForUid(ConnectivityManager.java:5469)] [android.net.ConnectivityManager.registerDefaultNetworkCallback(ConnectivityManager.java:5436)] [android.net.ConnectivityManager.registerDefaultNetworkCallback(ConnectivityManager.java:5410)] [androidx.work.impl.constraints.SharedNetworkCallback.addCallback(WorkConstraintsTracker.kt:362)] [androidx.work.impl.constraints.NetworkRequestConstraintController$track$1.invokeSuspend(WorkConstraintsTracker.kt:179)] [androidx.work.impl.constraints.NetworkRequestConstraintController$track$1.invoke(WorkConstraintsTracker.kt:8)] [androidx.work.impl.constraints.NetworkRequestConstraintController$track$1.invoke(WorkConstraintsTracker.kt:4)] [kotlinx.coroutines.flow.ChannelFlowBuilder.collectTo$suspendImpl(Builders.kt:316)] [kotlinx.coroutines.flow.ChannelFlowBuilder.collectTo(Builders.kt:0)] [kotlinx.coroutines.flow.CallbackFlowBuilder.collectTo(Builders.kt:330)] [kotlinx.coroutines.flow.internal.ChannelFlow$collectToFun$1.invokeSuspend(ChannelFlow.kt:56)] [kotlin.coroutines.jvm.internal.BaseContinuationImpl.resumeWith(ContinuationImpl.kt:34)] [kotlinx.coroutines.DispatchedTask.run(DispatchedTask.kt:100)] [androidx.work.impl.utils.SerialExecutorImpl$Task.run(SerialExecutorImpl.java:96)] [java.util.concurrent.ThreadPoolExecutor.runWorker(ThreadPoolExecutor.java:1100)] [java.util.concurrent.ThreadPoolExecutor$Worker.run(ThreadPoolExecutor.java:624)] [java.lang.Thread.run(Thread.java:1572)]
09-29 19:03:25.865 18345 18385 I WM-Processor: Moving WorkSpec (bfdaa6e5-fde7-480b-a0a7-4966ec616540) to the foreground
09-29 19:03:25.865 18345 18386 D WM-WorkConstraintsTrack: NetworkRequestConstraintController onCapabilitiesChanged callback
09-29 19:03:25.865 18345 18386 D WM-WorkConstraintsTrack: Not dispatching constraint state yet: isBlocked=null, capabilitiesInitialized=true
09-29 19:03:25.865 18345 18386 D WM-WorkConstraintsTrack: NetworkRequestConstraintController onBlockedStatusChanged callback false
09-29 19:03:25.868 18345 18378 W github_upload: doWork: setForeground failed; continuing best-effort. err=startForegroundService() not allowed due to mAllowStartForeground false: service com.negi.survey/androidx.work.impl.foreground.SystemForegroundService
09-29 19:03:25.868 18345 18378 W github_upload: android.app.ForegroundServiceStartNotAllowedException: startForegroundService() not allowed due to mAllowStartForeground false: service com.negi.survey/androidx.work.impl.foreground.SystemForegroundService
09-29 19:03:25.868 18345 18378 W github_upload: 	at android.app.ForegroundServiceStartNotAllowedException$1.createFromParcel(ForegroundServiceStartNotAllowedException.java:54)
09-29 19:03:25.868 18345 18378 W github_upload: 	at android.app.ForegroundServiceStartNotAllowedException$1.createFromParcel(ForegroundServiceStartNotAllowedException.java:50)
09-29 19:03:25.868 18345 18378 W github_upload: 	at android.os.Parcel.readParcelableInternal(Parcel.java:5277)
09-29 19:03:25.868 18345 18378 W github_upload: 	at android.os.Parcel.readParcelable(Parcel.java:5258)
09-29 19:03:25.868 18345 18378 W github_upload: 	at android.os.Parcel.createExceptionOrNull(Parcel.java:3383)
09-29 19:03:25.868 18345 18378 W github_upload: 	at android.os.Parcel.createException(Parcel.java:3372)
09-29 19:03:25.868 18345 18378 W github_upload: 	at android.os.Parcel.readException(Parcel.java:3355)
09-29 19:03:25.868 18345 18378 W github_upload: 	at android.os.Parcel.readException(Parcel.java:3297)
09-29 19:03:25.868 18345 18378 W github_upload: 	at android.app.IActivityManager$Stub$Proxy.startService(IActivityManager.java:6869)
09-29 19:03:25.868 18345 18378 W github_upload: 	at android.app.ContextImpl.startServiceCommon(ContextImpl.java:2170)
09-29 19:03:25.868 18345 18378 W github_upload: 	at android.app.ContextImpl.startForegroundService(ContextImpl.java:2135)
09-29 19:03:25.868 18345 18378 W github_upload: 	at android.content.ContextWrapper.startForegroundService(ContextWrapper.java:903)
09-29 19:03:25.868 18345 18378 W github_upload: 	at androidx.core.content.ContextCompat$Api26Impl.startForegroundService(ContextCompat.java:871)
09-29 19:03:25.868 18345 18378 W github_upload: 	at androidx.core.content.ContextCompat.startForegroundService(ContextCompat.java:563)
09-29 19:03:25.868 18345 18378 W github_upload: 	at androidx.work.impl.Processor.startForeground(Processor.java:205)
09-29 19:03:25.868 18345 18378 W github_upload: 	at androidx.work.impl.utils.WorkForegroundUpdater.lambda$setForegroundAsync$0$androidx-work-impl-utils-WorkForegroundUpdater(WorkForegroundUpdater.java:93)
09-29 19:03:25.868 18345 18378 W github_upload: 	at androidx.work.impl.utils.WorkForegroundUpdater$$ExternalSyntheticLambda0.invoke(D8$$SyntheticClass:0)
09-29 19:03:25.868 18345 18378 W github_upload: 	at androidx.work.ListenableFutureKt.executeAsync$lambda$4$lambda$3(ListenableFuture.kt:59)
09-29 19:03:25.868 18345 18378 W github_upload: 	at androidx.work.ListenableFutureKt$$ExternalSyntheticLambda3.run(D8$$SyntheticClass:0)
09-29 19:03:25.868 18345 18378 W github_upload: 	at androidx.work.impl.utils.SerialExecutorImpl$Task.run(SerialExecutorImpl.java:96)
09-29 19:03:25.868 18345 18378 W github_upload: 	at java.util.concurrent.ThreadPoolExecutor.runWorker(ThreadPoolExecutor.java:1100)
09-29 19:03:25.868 18345 18378 W github_upload: 	at java.util.concurrent.ThreadPoolExecutor$Worker.run(ThreadPoolExecutor.java:624)
09-29 19:03:25.868 18345 18378 W github_upload: 	at java.lang.Thread.run(Thread.java:1572)
09-29 19:03:25.869 18345 18385 D WM-PackageManagerHelper: androidx.work.impl.background.systemalarm.RescheduleReceiver enabled
09-29 19:03:25.869 18345 18385 I WM-Processor: Moving WorkSpec (f373ebcb-7b42-41e0-9758-ea25a613f69c) to the foreground
09-29 19:03:25.870 18345 18378 W github_upload: doWork: setForeground failed; continuing best-effort. err=startForegroundService() not allowed due to mAllowStartForeground false: service com.negi.survey/androidx.work.impl.foreground.SystemForegroundService
09-29 19:03:25.870 18345 18378 W github_upload: android.app.ForegroundServiceStartNotAllowedException: startForegroundService() not allowed due to mAllowStartForeground false: service com.negi.survey/androidx.work.impl.foreground.SystemForegroundService
09-29 19:03:25.870 18345 18378 W github_upload: 	at android.app.ForegroundServiceStartNotAllowedException$1.createFromParcel(ForegroundServiceStartNotAllowedException.java:54)
09-29 19:03:25.870 18345 18378 W github_upload: 	at android.app.ForegroundServiceStartNotAllowedException$1.createFromParcel(ForegroundServiceStartNotAllowedException.java:50)
09-29 19:03:25.870 18345 18378 W github_upload: 	at android.os.Parcel.readParcelableInternal(Parcel.java:5277)
09-29 19:03:25.870 18345 18378 W github_upload: 	at android.os.Parcel.readParcelable(Parcel.java:5258)
09-29 19:03:25.870 18345 18378 W github_upload: 	at android.os.Parcel.createExceptionOrNull(Parcel.java:3383)
09-29 19:03:25.870 18345 18378 W github_upload: 	at android.os.Parcel.createException(Parcel.java:3372)
09-29 19:03:25.870 18345 18378 W github_upload: 	at android.os.Parcel.readException(Parcel.java:3355)
09-29 19:03:25.870 18345 18378 W github_upload: 	at android.os.Parcel.readException(Parcel.java:3297)
09-29 19:03:25.870 18345 18378 W github_upload: 	at android.app.IActivityManager$Stub$Proxy.startService(IActivityManager.java:6869)
09-29 19:03:25.870 18345 18378 W github_upload: 	at android.app.ContextImpl.startServiceCommon(ContextImpl.java:2170)
09-29 19:03:25.870 18345 18378 W github_upload: 	at android.app.ContextImpl.startForegroundService(ContextImpl.java:2135)
09-29 19:03:25.870 18345 18378 W github_upload: 	at android.content.ContextWrapper.startForegroundService(ContextWrapper.java:903)
09-29 19:03:25.870 18345 18378 W github_upload: 	at androidx.core.content.ContextCompat$Api26Impl.startForegroundService(ContextCompat.java:871)
09-29 19:03:25.870 18345 18378 W github_upload: 	at androidx.core.content.ContextCompat.startForegroundService(ContextCompat.java:563)
09-29 19:03:25.870 18345 18378 W github_upload: 	at androidx.work.impl.Processor.startForeground(Processor.java:205)
09-29 19:03:25.870 18345 18378 W github_upload: 	at androidx.work.impl.utils.WorkForegroundUpdater.lambda$setForegroundAsync$0$androidx-work-impl-utils-WorkForegroundUpdater(WorkForegroundUpdater.java:93)
09-29 19:03:25.870 18345 18378 W github_upload: 	at androidx.work.impl.utils.WorkForegroundUpdater$$ExternalSyntheticLambda0.invoke(D8$$SyntheticClass:0)
09-29 19:03:25.870 18345 18378 W github_upload: 	at androidx.work.ListenableFutureKt.executeAsync$lambda$4$lambda$3(ListenableFuture.kt:59)
09-29 19:03:25.870 18345 18378 W github_upload: 	at androidx.work.ListenableFutureKt$$ExternalSyntheticLambda3.run(D8$$SyntheticClass:0)
09-29 19:03:25.870 18345 18378 W github_upload: 	at androidx.work.impl.utils.SerialExecutorImpl$Task.run(SerialExecutorImpl.java:96)
09-29 19:03:25.870 18345 18378 W github_upload: 	at java.util.concurrent.ThreadPoolExecutor.runWorker(ThreadPoolExecutor.java:1100)
09-29 19:03:25.870 18345 18378 W github_upload: 	at java.util.concurrent.ThreadPoolExecutor$Worker.run(ThreadPoolExecutor.java:624)
09-29 19:03:25.870 18345 18378 W github_upload: 	at java.lang.Thread.run(Thread.java:1572)
09-29 19:03:25.870 18345 18385 D WM-WorkProgressUpdater: Updating progress for bfdaa6e5-fde7-480b-a0a7-4966ec616540 (Data {pct : 3, mode : startup_runtime_logs})
09-29 19:03:25.871 18345 18385 I WM-Processor: Moving WorkSpec (bfdaa6e5-fde7-480b-a0a7-4966ec616540) to the foreground
09-29 19:03:25.872 18345 18385 D WM-WorkProgressUpdater: Updating progress for f373ebcb-7b42-41e0-9758-ea25a613f69c (Data {pct : 3, mode : startup_ring_logs})
09-29 19:03:25.873 18345 18345 D WM-SystemFgDispatcher: Notifying with (id:4856, workSpecId: bfdaa6e5-fde7-480b-a0a7-4966ec616540, notificationType :1)
09-29 19:03:25.873 18345 18385 D WM-GreedyScheduler: Constraints met: Scheduling work ID WorkGenerationalId(workSpecId=bfdaa6e5-fde7-480b-a0a7-4966ec616540, generation=0)
09-29 19:03:25.873 18345 18345 W WM-SystemFgService: Unable to start foreground service
09-29 19:03:25.873 18345 18345 W WM-SystemFgService: android.app.ForegroundServiceStartNotAllowedException: Service.startForeground() not allowed due to mAllowStartForeground false: service com.negi.survey/androidx.work.impl.foreground.SystemForegroundService
09-29 19:03:25.873 18345 18345 W WM-SystemFgService: 	at android.app.ForegroundServiceStartNotAllowedException$1.createFromParcel(ForegroundServiceStartNotAllowedException.java:54)
09-29 19:03:25.873 18345 18345 W WM-SystemFgService: 	at android.app.ForegroundServiceStartNotAllowedException$1.createFromParcel(ForegroundServiceStartNotAllowedException.java:50)
09-29 19:03:25.873 18345 18345 W WM-SystemFgService: 	at android.os.Parcel.readParcelableInternal(Parcel.java:5277)
09-29 19:03:25.873 18345 18345 W WM-SystemFgService: 	at android.os.Parcel.readParcelable(Parcel.java:5258)
09-29 19:03:25.873 18345 18345 W WM-SystemFgService: 	at android.os.Parcel.createExceptionOrNull(Parcel.java:3383)
09-29 19:03:25.873 18345 18345 W WM-SystemFgService: 	at android.os.Parcel.createException(Parcel.java:3372)
09-29 19:03:25.873 18345 18345 W WM-SystemFgService: 	at android.os.Parcel.readException(Parcel.java:3355)
09-29 19:03:25.873 18345 18345 W WM-SystemFgService: 	at android.os.Parcel.readException(Parcel.java:3297)
09-29 19:03:25.873 18345 18345 W WM-SystemFgService: 	at android.app.IActivityManager$Stub$Proxy.setServiceForeground(IActivityManager.java:7682)
09-29 19:03:25.873 18345 18345 W WM-SystemFgService: 	at android.app.Service.startForeground(Service.java:862)
09-29 19:03:25.873 18345 18345 W WM-SystemFgService: 	at androidx.work.impl.foreground.SystemForegroundService$Api31Impl.startForeground(SystemForegroundService.java:192)
09-29 19:03:25.873 18345 18345 W WM-SystemFgService: 	at androidx.work.impl.foreground.SystemForegroundService.startForeground(SystemForegroundService.java:141)
09-29 19:03:25.873 18345 18345 W WM-SystemFgService: 	at androidx.work.impl.foreground.SystemForegroundDispatcher.handleNotify(SystemForegroundDispatcher.java:332)
09-29 19:03:25.873 18345 18345 W WM-SystemFgService: 	at androidx.work.impl.foreground.SystemForegroundDispatcher.onStartCommand(SystemForegroundDispatcher.java:223)
09-29 19:03:25.873 18345 18345 W WM-SystemFgService: 	at androidx.work.impl.foreground.SystemForegroundService.onStartCommand(SystemForegroundService.java:80)
09-29 19:03:25.873 18345 18345 W WM-SystemFgService: 	at android.app.ActivityThread.handleServiceArgs(ActivityThread.java:6453)
09-29 19:03:25.873 18345 18345 W WM-SystemFgService: 	at android.app.ActivityThread.-$$Nest$mhandleServiceArgs(ActivityThread.java:0)
09-29 19:03:25.873 18345 18345 W WM-SystemFgService: 	at android.app.ActivityThread$H.handleMessage(ActivityThread.java:3111)
09-29 19:03:25.873 18345 18345 W WM-SystemFgService: 	at android.os.Handler.dispatchMessage(Handler.java:132)
09-29 19:03:25.873 18345 18345 W WM-SystemFgService: 	at android.os.Looper.dispatchMessage(Looper.java:358)
09-29 19:03:25.873 18345 18345 W WM-SystemFgService: 	at android.os.Looper.loopOnce(Looper.java:288)
09-29 19:03:25.873 18345 18345 W WM-SystemFgService: 	at android.os.Looper.loop(Looper.java:392)
09-29 19:03:25.873 18345 18345 W WM-SystemFgService: 	at android.app.ActivityThread.main(ActivityThread.java:10346)
09-29 19:03:25.873 18345 18345 W WM-SystemFgService: 	at java.lang.reflect.Method.invoke(Native Method)
09-29 19:03:25.873 18345 18345 W WM-SystemFgService: 	at com.android.internal.os.RuntimeInit$MethodAndArgsCaller.run(RuntimeInit.java:638)
09-29 19:03:25.873 18345 18345 W WM-SystemFgService: 	at com.android.internal.os.ZygoteInit.main(ZygoteInit.java:972)
09-29 19:03:25.873 18345 18385 I WM-Processor: Moving WorkSpec (f373ebcb-7b42-41e0-9758-ea25a613f69c) to the foreground
09-29 19:03:25.874 18345 18345 D WM-SystemFgDispatcher: Notifying with (id:8559, workSpecId: f373ebcb-7b42-41e0-9758-ea25a613f69c, notificationType :1)
09-29 19:03:25.874 18345 18385 D WM-GreedyScheduler: Constraints met: Scheduling work ID WorkGenerationalId(workSpecId=f373ebcb-7b42-41e0-9758-ea25a613f69c, generation=0)
09-29 19:03:25.874 18345 18345 I NotificationManager: com.negi.survey: notify(8559, null, Notification(channel=uploads shortcut=null contentView=null vibrate=null sound=null defaults=0 flags=ONGOING_EVENT|ONLY_ALERT_ONCE color=0x00000000 category=progress vis=PRIVATE semFlags=0x0 semPriority=0 semMissedCount=0 semScenarioType=0)) as user
09-29 19:03:25.874 18345 18345 D NotificationManager: BOOTING pkg =com.negi.survey mBlockedChannelsForOverflowNoti=[]
09-29 19:03:25.875 18345 18385 D WM-Processor: Work WorkGenerationalId(workSpecId=bfdaa6e5-fde7-480b-a0a7-4966ec616540, generation=0) is already enqueued for processing
09-29 19:03:25.875 18345 18385 D WM-Processor: Work WorkGenerationalId(workSpecId=f373ebcb-7b42-41e0-9758-ea25a613f69c, generation=0) is already enqueued for processing
09-29 19:03:25.876 18345 18345 W WM-SystemFgService: Unable to start foreground service
09-29 19:03:25.876 18345 18345 W WM-SystemFgService: android.app.ForegroundServiceStartNotAllowedException: Service.startForeground() not allowed due to mAllowStartForeground false: service com.negi.survey/androidx.work.impl.foreground.SystemForegroundService
09-29 19:03:25.876 18345 18345 W WM-SystemFgService: 	at android.app.ForegroundServiceStartNotAllowedException$1.createFromParcel(ForegroundServiceStartNotAllowedException.java:54)
09-29 19:03:25.876 18345 18345 W WM-SystemFgService: 	at android.app.ForegroundServiceStartNotAllowedException$1.createFromParcel(ForegroundServiceStartNotAllowedException.java:50)
09-29 19:03:25.876 18345 18345 W WM-SystemFgService: 	at android.os.Parcel.readParcelableInternal(Parcel.java:5277)
09-29 19:03:25.876 18345 18345 W WM-SystemFgService: 	at android.os.Parcel.readParcelable(Parcel.java:5258)
09-29 19:03:25.876 18345 18345 W WM-SystemFgService: 	at android.os.Parcel.createExceptionOrNull(Parcel.java:3383)
09-29 19:03:25.876 18345 18345 W WM-SystemFgService: 	at android.os.Parcel.createException(Parcel.java:3372)
09-29 19:03:25.876 18345 18345 W WM-SystemFgService: 	at android.os.Parcel.readException(Parcel.java:3355)
09-29 19:03:25.876 18345 18345 W WM-SystemFgService: 	at android.os.Parcel.readException(Parcel.java:3297)
09-29 19:03:25.876 18345 18345 W WM-SystemFgService: 	at android.app.IActivityManager$Stub$Proxy.setServiceForeground(IActivityManager.java:7682)
09-29 19:03:25.876 18345 18345 W WM-SystemFgService: 	at android.app.Service.startForeground(Service.java:862)
09-29 19:03:25.876 18345 18345 W WM-SystemFgService: 	at androidx.work.impl.foreground.SystemForegroundService$Api31Impl.startForeground(SystemForegroundService.java:192)
09-29 19:03:25.876 18345 18345 W WM-SystemFgService: 	at androidx.work.impl.foreground.SystemForegroundService.startForeground(SystemForegroundService.java:141)
09-29 19:03:25.876 18345 18345 W WM-SystemFgService: 	at androidx.work.impl.foreground.SystemForegroundDispatcher.handleNotify(SystemForegroundDispatcher.java:332)
09-29 19:03:25.876 18345 18345 W WM-SystemFgService: 	at androidx.work.impl.foreground.SystemForegroundDispatcher.onStartCommand(SystemForegroundDispatcher.java:223)
09-29 19:03:25.876 18345 18345 W WM-SystemFgService: 	at androidx.work.impl.foreground.SystemForegroundService.onStartCommand(SystemForegroundService.java:80)
09-29 19:03:25.876 18345 18345 W WM-SystemFgService: 	at android.app.ActivityThread.handleServiceArgs(ActivityThread.java:6453)
09-29 19:03:25.876 18345 18345 W WM-SystemFgService: 	at android.app.ActivityThread.-$$Nest$mhandleServiceArgs(ActivityThread.java:0)
09-29 19:03:25.876 18345 18345 W WM-SystemFgService: 	at android.app.ActivityThread$H.handleMessage(ActivityThread.java:3111)
09-29 19:03:25.876 18345 18345 W WM-SystemFgService: 	at android.os.Handler.dispatchMessage(Handler.java:132)
09-29 19:03:25.876 18345 18345 W WM-SystemFgService: 	at android.os.Looper.dispatchMessage(Looper.java:358)
09-29 19:03:25.876 18345 18345 W WM-SystemFgService: 	at android.os.Looper.loopOnce(Looper.java:288)
09-29 19:03:25.876 18345 18345 W WM-SystemFgService: 	at android.os.Looper.loop(Looper.java:392)
09-29 19:03:25.876 18345 18345 W WM-SystemFgService: 	at android.app.ActivityThread.main(ActivityThread.java:10346)
09-29 19:03:25.876 18345 18345 W WM-SystemFgService: 	at java.lang.reflect.Method.invoke(Native Method)
09-29 19:03:25.876 18345 18345 W WM-SystemFgService: 	at com.android.internal.os.RuntimeInit$MethodAndArgsCaller.run(RuntimeInit.java:638)
09-29 19:03:25.876 18345 18345 W WM-SystemFgService: 	at com.android.internal.os.ZygoteInit.main(ZygoteInit.java:972)
