=== RuntimeLogStore Header ===
ts=2026-09-09T00:27:10.552Z
fileNameFormat=LEGACY
appId=com.negi.survey
versionName=0.0.1
versionCode=1
debug=true
device=Google Pixel 9a
sdk=36
pid=19025
==============================
2026-09-09T00:27:10.552Z I/RuntimeLogStore [rtlog-io] --- rotated (reason=plain_snapshot:app_start) ---
2026-09-09T00:27:33.393Z D/SLM [Instr: androidx.test.runner.AndroidJUnitRunner] initializeIfNeeded: model='gemma-3n-E4B-it' image=false audio=false
2026-09-09T00:27:33.403Z D/LiteRtLM [DefaultDispatcher-worker-1] Initializing LiteRT-LM: model='gemma-3n-E4B-it', key='gemma-3n-E4B-it|/data/user/0/com.negi.survey/files/models/gemma-3n-E4B-it-int4.litertlm'
2026-09-09T00:27:33.405Z D/LiteRtLM [DefaultDispatcher-worker-1] Capabilities: image=false audio=false
2026-09-09T00:27:33.406Z D/LiteRtLM [DefaultDispatcher-worker-1] Backend=com.google.ai.edge.litertlm.Backend$GPU@222e0bf maxNumTokens=512 (raw=512) topK=1 topP=0.0 temp=0.0
2026-09-09T00:27:33.406Z D/LiteRtLM [DefaultDispatcher-worker-1] Model path='/data/user/0/com.negi.survey/files/models/gemma-3n-E4B-it-int4.litertlm' sizeBytes=4919541760 lastModified=1788913652575
2026-09-09T00:27:33.407Z D/LiteRtLM [DefaultDispatcher-worker-1] LiteRT-LM native benchmark policy: enabled=false emulator=false
2026-09-09T00:27:33.409Z D/LiteRtLM [DefaultDispatcher-worker-1] Speculative decoding / MTP policy: enabled=false runtimeFlagUpdated=true model='gemma-3n-E4B-it'
2026-09-09T00:27:33.412Z D/LiteRtLM [DefaultDispatcher-worker-1] Engine cacheDir resolved: key='gemma-3n-E4B-it|/data/user/0/com.negi.survey/files/models/gemma-3n-E4B-it-int4.litertlm' backend=com.google.ai.edge.litertlm.Backend$GPU@222e0bf path='/data/user/0/com.negi.survey/no_backup/litertlm_cache/8b58dd5e854e5353723e4360d401cf7d199b6f10' filesBefore=0
2026-09-09T00:28:08.317Z W/LiteRtLM [DefaultDispatcher-worker-1] Engine.initialize completed: key='gemma-3n-E4B-it|/data/user/0/com.negi.survey/files/models/gemma-3n-E4B-it-int4.litertlm' backend=com.google.ai.edge.litertlm.Backend$GPU@222e0bf took=34883ms cacheFilesAfter=2
2026-09-09T00:28:08.375Z D/LiteRtLM [DefaultDispatcher-worker-1] createConversation completed: key='gemma-3n-E4B-it|/data/user/0/com.negi.survey/files/models/gemma-3n-E4B-it-int4.litertlm' took=55ms
2026-09-09T00:28:08.380Z D/LiteRtLM [DefaultDispatcher-worker-1] LiteRT-LM initialization succeeded: model='gemma-3n-E4B-it', key='gemma-3n-E4B-it|/data/user/0/com.negi.survey/files/models/gemma-3n-E4B-it-int4.litertlm' engineMs=34883 conversationMs=55 totalMs=34979
2026-09-09T00:28:08.388Z D/AiTrace [Instr: androidx.test.runner.AndroidJUnitRunner] Installed (enabled=true ringEnabled=true)
2026-09-09T00:28:08.400Z D/SLM [Instr: androidx.test.runner.AndroidJUnitRunner] cancel: model='gemma-3n-E4B-it'
2026-09-09T00:28:09.931Z D/AiTrace [Instr: androidx.test.runner.AndroidJUnitRunner] Installed (enabled=true ringEnabled=true)
2026-09-09T00:28:10.032Z D/SurveyVM [main] init -> Start, session=0, uuid=5c6edafa-064c-4883-8977-edfd29b8bde4, navSize=1, graphSize=20
2026-09-09T00:28:10.037Z D/SurveyVM [main] config.validate -> issues=0
2026-09-09T00:28:10.037Z D/SurveyVM [main] promptSources -> legacy=10, eval=0, follow=0
2026-09-09T00:28:10.037Z D/SurveyVM [main] promptSources.preview -> legacy=[Q10, Q11, Q12, Q13, Q14, Q15, Q16, Q17, Q8, Q9], eval=[], follow=[]
2026-09-09T00:28:10.037Z D/SurveyVM [main] hasTwoStepPrompt[Q10] -> true (eval=195, fu=220)
2026-09-09T00:28:10.037Z D/SurveyVM [main] hasTwoStepPrompt[Q11] -> true (eval=219, fu=244)
2026-09-09T00:28:10.037Z D/SurveyVM [main] hasTwoStepPrompt[Q12] -> true (eval=229, fu=254)
2026-09-09T00:28:10.038Z D/SurveyVM [main] hasTwoStepPrompt[Q13] -> true (eval=184, fu=209)
2026-09-09T00:28:10.038Z D/SurveyVM [main] hasTwoStepPrompt[Q14] -> true (eval=221, fu=246)
2026-09-09T00:28:10.038Z D/SurveyVM [main] hasTwoStepPrompt[Q15] -> true (eval=160, fu=185)
2026-09-09T00:28:10.038Z D/SurveyVM [main] hasTwoStepPrompt[Q16] -> true (eval=185, fu=210)
2026-09-09T00:28:10.038Z D/SurveyVM [main] hasTwoStepPrompt[Q17] -> true (eval=200, fu=225)
2026-09-09T00:28:10.038Z D/SurveyVM [main] hasTwoStepPrompt[Q8] -> true (eval=214, fu=239)
2026-09-09T00:28:10.038Z D/SurveyVM [main] hasTwoStepPrompt[Q9] -> true (eval=190, fu=215)
2026-09-09T00:28:10.038Z D/SurveyVM [main] AI prompt coverage OK (aiCount=10)
2026-09-09T00:28:10.054Z D/SurveyVM [main] hasTwoStepPrompt[Q8] -> true (eval=214, fu=239)
2026-09-09T00:28:10.576Z D/SurveyVM [main] resetAudioRefs -> cleared
2026-09-09T00:28:10.577Z D/SurveyVM [main] resetNavToStart -> key=com.negi.survey.vm.FlowHome@ed7b16a, navSize=1
2026-09-09T00:28:10.577Z D/SurveyVM [main] resetToStart -> Start, session=1, uuid=b93662e2-fba2-4d2c-a67f-e34a55431cb7, preserveDraft=false, draftLen=0
2026-09-09T00:28:10.578Z D/SurveyVM [main] activateRunIfNeeded(goto:Q8) -> runNoteLen=0, draftCleared=true, uuid=b93662e2-fba2-4d2c-a67f-e34a55431cb7
2026-09-09T00:28:10.578Z D/SurveyVM [main] push -> Q8, navSize=2, stackSize=2
2026-09-09T00:28:10.581Z D/SurveyVM [main] hasTwoStepPrompt[Q8] -> true (eval=214, fu=239)
2026-09-09T00:28:10.607Z D/SurveyVM [Instr: androidx.test.runner.AndroidJUnitRunner] hasTwoStepPrompt[Q8] -> true (eval=214, fu=239)
2026-09-09T00:28:11.280Z D/SurveyVM [main] getEvalPrompt[Q8] -> len=293
2026-09-09T00:28:11.282Z D/AiViewModel [DefaultDispatcher-worker-1] run[1]: mode=EVAL_JSON phase=EVAL commit=true prompt.len=292, fullPrompt.len=1133, timeoutMs=60000
2026-09-09T00:28:11.286Z D/AiViewModel [DefaultDispatcher-worker-1] run[1]: sha(prompt)=d50398167cfe3427a9a984163543ec9195c21f4ec52a4794b3f712528412dd91 sha(full)=1b536c849e68b9b0ca573b8cb3ba9d3d6870e1ace26ecfc9b9b86ca58036bb14
2026-09-09T00:28:11.286Z I/FullPromptReview [DefaultDispatcher-worker-1] [part=000] run[1]: phase=EVAL FullPrompt
Evaluate only the original survey target using all supplied answers.
Return only compact JSON {"score":N,"missing_points":[],"followup_needed":false}. N must be an integer 1-100 for relevance, completeness and accuracy against the original target. Evaluate the original answer and all answered followup pairs together. Score 90-100 only when all target-required information is satisfied; otherwise score below 90. For score below 90, missing_points must contain the specific missing or ambiguous target-required information and followup_needed must be true. Otherwise missing_points is empty and followup_needed is false. Do not generate a question. Do not penalize style or request information outside the target. Write missing_points in English.
Keep missing_points concise.
One JSON object only; no markdown or generated question.
INPUT:
Expected answer target: Whether FAW affected the crop, and if so, a description of the effect (yield loss, damage type, etc.).
Question: Has fall armyworm ever affected your maize? If yes, how did it affect your crop?
Original answer: Fall armyworm affected my maize.
Answered followup pairs:
2026-09-09T00:28:11.295Z D/LiteRtRepository [DefaultDispatcher-worker-3] [1] request start model='gemma-3n-E4B-it' prompt.len=1133 sha=1b536c849e68b9b0 gateWaitMs=6
2026-09-09T00:28:11.295Z D/LiteRtRepository [DefaultDispatcher-worker-3] [part=000] [1] PROMPT (FULL) sha=1b536c849e68b9b0
Evaluate only the original survey target using all supplied answers.
Return only compact JSON {"score":N,"missing_points":[],"followup_needed":false}. N must be an integer 1-100 for relevance, completeness and accuracy against the original target. Evaluate the original answer and all answered followup pairs together. Score 90-100 only when all target-required information is satisfied; otherwise score below 90. For score below 90, missing_points must contain the specific missing or ambiguous target-required information and followup_needed must be true. Otherwise missing_points is empty and followup_needed is false. Do not generate a question. Do not penalize style or request information outside the target. Write missing_points in English.
Keep missing_points concise.
One JSON object only; no markdown or generated question.
INPUT:
Expected answer target: Whether FAW affected the crop, and if so, a description of the effect (yield loss, damage type, etc.).
Question: Has fall armyworm ever affected your maize? If yes, how did it affect your crop?
Original answer: Fall armyworm affected my maize.
Answered followup pairs:
2026-09-09T00:28:11.297Z D/SLM [slm-jni] initializeIfNeeded: model='gemma-3n-E4B-it' image=false audio=false
2026-09-09T00:28:11.297Z D/LiteRtLM [slm-jni] initializeIfNeeded: warm runtime already ready: key='gemma-3n-E4B-it|/data/user/0/com.negi.survey/files/models/gemma-3n-E4B-it-int4.litertlm'
2026-09-09T00:28:11.298Z D/LiteRtRepository [DefaultDispatcher-worker-3] [1] initializeIfNeeded ok initMs=2
2026-09-09T00:28:11.301Z D/SLM [slm-jni] runInference: model='gemma-3n-E4B-it' textLen=1133 images=0 audio=0
2026-09-09T00:28:11.306Z D/LiteRtLM [DefaultDispatcher-worker-3] state[run:start] key='gemma-3n-E4B-it|/data/user/0/com.negi.survey/files/models/gemma-3n-E4B-it-int4.litertlm' runId=1 active=true terminated=false logicalDone=false cancel=false pendingCancel=false lastMsgAt=2194403785 lastTermAt=0
2026-09-09T00:28:11.306Z D/LiteRtLM [DefaultDispatcher-worker-3] runInference start: key='gemma-3n-E4B-it|/data/user/0/com.negi.survey/files/models/gemma-3n-E4B-it-int4.litertlm' runId=1 hasText=true originalTextLen=1133 effectiveTextLen=1133 images=0 audioClips=0
2026-09-09T00:28:11.306Z D/LiteRtLM [DefaultDispatcher-worker-3] LiteRT-LM sendMessageAsync(text): key='gemma-3n-E4B-it|/data/user/0/com.negi.survey/files/models/gemma-3n-E4B-it-int4.litertlm' runId=1 len=1133 maxOutputTokens=64
2026-09-09T00:28:11.355Z D/LiteRtLM [DefaultDispatcher-worker-3] sendMessageAsync accepted: key='gemma-3n-E4B-it|/data/user/0/com.negi.survey/files/models/gemma-3n-E4B-it-int4.litertlm' runId=1 dispatchMs=50
2026-09-09T00:28:13.790Z W/LiteRtLM [Thread-5] Inference first output: key='gemma-3n-E4B-it|/data/user/0/com.negi.survey/files/models/gemma-3n-E4B-it-int4.litertlm' runId=1 ttftMs=2484 dispatchMs=50 postDispatchTtftMs=2434 requestToFirstOutputMs=2485
2026-09-09T00:28:13.790Z D/LiteRtLM [Thread-5] stream[key=gemma-3n-E4B-it|/data/user/0/com.negi.survey/files/models/gemma-3n-E4B-it-int4.litertlm runId=1] msg#1 rawChunkLen=2 deltaLen=2 emittedChars=2
2026-09-09T00:28:13.792Z D/LiteRtRepository [main] stream[rid=1 msg#1] done=false deltaLen=2 outLen=2 outPreview='{"' deltaPreview='{"'
2026-09-09T00:28:13.792Z D/AiViewModel [DefaultDispatcher-worker-3] run[1] chunk[1].preview='{"'
2026-09-09T00:28:13.980Z D/AiViewModel [DefaultDispatcher-worker-3] run[1] chunk[2].preview='score'
2026-09-09T00:28:14.138Z D/AiViewModel [DefaultDispatcher-worker-3] run[1] chunk[3].preview='":'
2026-09-09T00:28:14.294Z D/AiViewModel [DefaultDispatcher-worker-3] run[1] chunk[4].preview='9'
2026-09-09T00:28:14.455Z D/AiViewModel [DefaultDispatcher-worker-3] run[1] chunk[5].preview='5'
2026-09-09T00:28:14.621Z D/AiViewModel [DefaultDispatcher-worker-3] run[1] chunk[6].preview=',"'
2026-09-09T00:28:14.778Z D/AiViewModel [DefaultDispatcher-worker-3] run[1] chunk[7].preview='missing'
2026-09-09T00:28:14.939Z D/LiteRtRepository [main] stream[rid=1 msg#8] done=false deltaLen=1 outLen=21 outPreview='{"score":95,"missing_' deltaPreview='_'
2026-09-09T00:28:14.940Z D/AiViewModel [DefaultDispatcher-worker-3] run[1] chunk[8].preview='_'
2026-09-09T00:28:15.099Z D/AiViewModel [DefaultDispatcher-worker-3] run[1] chunk[9].preview='points'
2026-09-09T00:28:15.261Z D/AiViewModel [DefaultDispatcher-worker-3] run[1] chunk[10].preview='":[],'
2026-09-09T00:28:15.416Z D/AiViewModel [DefaultDispatcher-worker-3] run[1] chunk[11].preview='"'
2026-09-09T00:28:15.573Z D/AiViewModel [DefaultDispatcher-worker-3] run[1] chunk[12].preview='follow'
2026-09-09T00:28:15.729Z D/AiViewModel [DefaultDispatcher-worker-3] run[1] chunk[13].preview='up'
2026-09-09T00:28:15.887Z D/AiViewModel [DefaultDispatcher-worker-3] run[1] chunk[14].preview='_'
2026-09-09T00:28:16.050Z D/AiViewModel [DefaultDispatcher-worker-3] run[1] chunk[15].preview='needed'
2026-09-09T00:28:16.206Z D/LiteRtLM [Thread-20] stream[key=gemma-3n-E4B-it|/data/user/0/com.negi.survey/files/models/gemma-3n-E4B-it-int4.litertlm runId=1] msg#16 rawChunkLen=2 deltaLen=2 emittedChars=50
2026-09-09T00:28:16.208Z D/LiteRtRepository [main] stream[rid=1 msg#16] done=false deltaLen=2 outLen=50 outPreview='{"score":95,"missing_points":[],"followup_needed":' deltaPreview='":'
2026-09-09T00:28:16.208Z D/AiViewModel [DefaultDispatcher-worker-3] run[1] chunk[16].preview='":'
2026-09-09T00:28:16.368Z D/AiViewModel [DefaultDispatcher-worker-3] run[1] chunk[17].preview='false'
2026-09-09T00:28:16.529Z D/AiViewModel [DefaultDispatcher-worker-3] run[1] chunk[18].preview='}'
2026-09-09T00:28:16.689Z D/AiViewModel [DefaultDispatcher-worker-3] run[1] chunk[19].preview='↩'
2026-09-09T00:28:16.847Z D/LiteRtLM [Thread-24] state[logicalDone] key='gemma-3n-E4B-it|/data/user/0/com.negi.survey/files/models/gemma-3n-E4B-it-int4.litertlm' runId=1 active=true terminated=true logicalDone=true cancel=false pendingCancel=false lastMsgAt=2194409167 lastTermAt=2194409327
2026-09-09T00:28:16.849Z D/LiteRtLM [Thread-24] state[nativeDone:beforeRelease] key='gemma-3n-E4B-it|/data/user/0/com.negi.survey/files/models/gemma-3n-E4B-it-int4.litertlm' runId=1 active=true terminated=true logicalDone=true cancel=false pendingCancel=false lastMsgAt=2194409167 lastTermAt=2194409327
2026-09-09T00:28:16.849Z W/LiteRtLM [Thread-24] Inference timing: key='gemma-3n-E4B-it|/data/user/0/com.negi.survey/files/models/gemma-3n-E4B-it-int4.litertlm' runId=1 ttftMs=2484 dispatchMs=50 postDispatchTtftMs=2434 totalMs=5542 callbacks=19 outputChars=57 cancelled=false error=false requestTotalMs=5543
