=== Previous Session Logcat ===
captured_time_utc=20260910_112237
captured_time_local=20260910_142237
marker=2026-09-08 14:57:16.285
preferred_prev_pid=-1
note=best-effort; buffers may be overwritten before next start
sdk=35
device=samsung SM-S936B
appId=com.negi.survey
versionName=0.0.1
versionCode=43

=== Logcat (since marker) ===
--------- beginning of main
09-10 14:22:34.474 16395 16395 I com.negi.survey: Using CollectorTypeCMC GC.
09-10 14:22:34.479 16395 16395 E com.negi.survey: Not starting debugger since process cannot load the jdwp agent.
09-10 14:22:34.485 16395 16395 D nativeloader: Load libframework-connectivity-tiramisu-jni.so using APEX ns com_android_tethering for caller /apex/com.android.tethering/javalib/framework-connectivity-t.jar: ok
09-10 14:22:34.488 16395 16395 D ActivityThread: setConscryptValidator
09-10 14:22:34.489 16395 16395 D ActivityThread: setConscryptValidator - put
09-10 14:22:34.519 16395 16395 D ApplicationLoaders: Returning zygote-cached class loader: /system_ext/framework/androidx.window.extensions.jar
09-10 14:22:34.519 16395 16395 D ApplicationLoaders: Returning zygote-cached class loader: /system_ext/framework/androidx.window.sidecar.jar
09-10 14:22:34.533 16395 16395 I com.negi.survey: Could not load runtime generated app image: Invalid image header in '/data/user/0/com.negi.survey/cache/oat_primary/arm64/base.art'
09-10 14:22:34.554 16395 16395 D nativeloader: Configuring clns-7 for other apk /data/app/~~yF0NOu8IRNgDyS1PkF9lIw==/com.negi.survey-WVu7ZegJRjEKch_crhEyFg==/base.apk. target_sdk_version=36, uses_libraries=libOpenCL.so, library_path=/data/app/~~yF0NOu8IRNgDyS1PkF9lIw==/com.negi.survey-WVu7ZegJRjEKch_crhEyFg==/lib/arm64:/data/app/~~yF0NOu8IRNgDyS1PkF9lIw==/com.negi.survey-WVu7ZegJRjEKch_crhEyFg==/base.apk!/lib/arm64-v8a, permitted_path=/data:/mnt/expand:/data/user/0/com.negi.survey
09-10 14:22:34.653 16395 16395 V GraphicsEnvironment: Currently set values for:
09-10 14:22:34.653 16395 16395 V GraphicsEnvironment:   angle_gl_driver_selection_pkgs=[]
09-10 14:22:34.653 16395 16395 V GraphicsEnvironment:   angle_gl_driver_selection_values=[]
09-10 14:22:34.653 16395 16395 V GraphicsEnvironment: Global.Settings values are invalid: number of packages: 0, number of values: 0
09-10 14:22:34.653 16395 16395 V GraphicsEnvironment: App is not on the allowlist for updatable production driver.
09-10 14:22:34.732 16395 16395 D nativeloader: Load /data/app/~~yF0NOu8IRNgDyS1PkF9lIw==/com.negi.survey-WVu7ZegJRjEKch_crhEyFg==/base.apk!/lib/arm64-v8a/liblitertlm_jni.so using ns clns-7 from class loader (caller=/data/app/~~yF0NOu8IRNgDyS1PkF9lIw==/com.negi.survey-WVu7ZegJRjEKch_crhEyFg==/base.apk!classes4.dex): ok
09-10 14:22:34.733 16395 16395 D SurveyApp: Loaded LiteRTLM JNI: litertlm_jni where=attachBaseContext
09-10 14:22:34.762 16395 16395 D AppRingLogStore: installed: dir=/data/user/0/com.negi.survey/files/diagnostics/applog_ring idx=0
09-10 14:22:34.764 16395 16451 D RuntimeLogStore: openWriter: start -> /data/user/0/com.negi.survey/files/diagnostics/runtime_logs/rtlog_20260910_112234_759_pid16395_seq1.log (bytes=0 format=LEGACY)
09-10 14:22:34.773 16395 16395 D CrashCapture: install: ensured default handler. where=SurveyApp:attachBaseContext pid=16395 default=com.negi.survey.CrashCapture$CrashHandler@20b54a4
09-10 14:22:34.774 16395 16451 D RuntimeLogStore: retention: start files=2 kept=2 totalBytes=82157
09-10 14:22:34.846 16395 16395 D SurveyApp: LiteRTLM JNI already loaded; skip. where=onCreate(retry)
09-10 14:22:34.852 16395 16395 D CrashCapture: install: ensured default handler. where=SurveyApp:onCreate(rewrap) pid=16395 default=com.negi.survey.CrashCapture$CrashHandler@20b54a4
09-10 14:22:34.853 16395 16395 D CrashCapture: registerSelfHealing: ActivityLifecycleCallbacks registered. mode=onResumedOnly
09-10 14:22:34.868 16395 16468 D UploadRescheduleRcvr: No GitHub pending files for action=android.intent.action.BOOT_COMPLETED
09-10 14:22:34.875 16395 16468 D github_upload: enqueueStartupRuntimeLogsUpload: uniqueName=upload_runtime_logs_startup policy=KEEP session=startup_runtime_20260910_112234_6b192ac7
09-10 14:22:34.890 16395 16468 D WM-PackageManagerHelper: Skipping component enablement for androidx.work.impl.background.systemjob.SystemJobService
09-10 14:22:34.891 16395 16468 D WM-Schedulers: Created SystemJobScheduler and enabled SystemJobService
09-10 14:22:34.892 16395 16474 D WM-ForceStopRunnable: Is default app process = true
09-10 14:22:34.893 16395 16474 D WM-ForceStopRunnable: Performing cleanup operations.
09-10 14:22:34.897 16395 16468 D UploadRescheduleRcvr: Enqueued runtime logs upload for action=android.intent.action.BOOT_COMPLETED reason=receiver_boot_completed
09-10 14:22:34.938 16395 16488 D WM-SystemJobScheduler: Scheduling work ID 9d24e3f6-8c8c-4330-aef4-967c19bfd3e5Job ID 2
09-10 14:22:34.961 16395 16488 D WM-GreedyScheduler: Starting tracking for 9d24e3f6-8c8c-4330-aef4-967c19bfd3e5
09-10 14:22:34.969 16395 16474 D WM-WorkConstraintsTrack: NetworkRequestConstraintController register shared callback
09-10 14:22:34.971 16395 16474 D ConnectivityManager: StackLog: [android.net.ConnectivityManager.sendRequestForNetwork(ConnectivityManager.java:4671)] [android.net.ConnectivityManager.registerDefaultNetworkCallbackForUid(ConnectivityManager.java:5360)] [android.net.ConnectivityManager.registerDefaultNetworkCallback(ConnectivityManager.java:5327)] [android.net.ConnectivityManager.registerDefaultNetworkCallback(ConnectivityManager.java:5301)] [androidx.work.impl.constraints.SharedNetworkCallback.addCallback(WorkConstraintsTracker.kt:362)] [androidx.work.impl.constraints.NetworkRequestConstraintController$track$1.invokeSuspend(WorkConstraintsTracker.kt:179)] [androidx.work.impl.constraints.NetworkRequestConstraintController$track$1.invoke(Unknown Source:8)] [androidx.work.impl.constraints.NetworkRequestConstraintController$track$1.invoke(Unknown Source:4)] [kotlinx.coroutines.flow.ChannelFlowBuilder.collectTo$suspendImpl(Builders.kt:316)] [kotlinx.coroutines.flow.ChannelFlowBuilder.collectTo(Unknown Source:0)] [kotlinx.coroutines.flow.CallbackFlowBuilder.collectTo(Builders.kt:330)] [kotlinx.coroutines.flow.internal.ChannelFlow$collectToFun$1.invokeSuspend(ChannelFlow.kt:56)] [kotlin.coroutines.jvm.internal.BaseContinuationImpl.resumeWith(ContinuationImpl.kt:34)] [kotlinx.coroutines.DispatchedTask.run(DispatchedTask.kt:100)] [androidx.work.impl.utils.SerialExecutorImpl$Task.run(SerialExecutorImpl.java:96)] [java.util.concurrent.ThreadPoolExecutor.runWorker(ThreadPoolExecutor.java:1145)] [java.util.concurrent.ThreadPoolExecutor$Worker.run(ThreadPoolExecutor.java:644)] [java.lang.Thread.run(Thread.java:1012)]
09-10 14:22:34.972 16395 16395 D WM-SystemJobService: onStartJob for WorkGenerationalId(workSpecId=9d24e3f6-8c8c-4330-aef4-967c19bfd3e5, generation=0)
09-10 14:22:34.977 16395 16493 D WM-PackageManagerHelper: androidx.work.impl.background.systemalarm.RescheduleReceiver enabled
09-10 14:22:34.977 16395 16496 D WM-WorkConstraintsTrack: NetworkRequestConstraintController onCapabilitiesChanged callback
09-10 14:22:34.977 16395 16496 D WM-WorkConstraintsTrack: Not dispatching constraint state yet: isBlocked=null, capabilitiesInitialized=true
09-10 14:22:34.978 16395 16496 D WM-WorkConstraintsTrack: NetworkRequestConstraintController onBlockedStatusChanged callback false
09-10 14:22:34.979 16395 16493 D WM-Processor: Processor: processing WorkGenerationalId(workSpecId=9d24e3f6-8c8c-4330-aef4-967c19bfd3e5, generation=0)
09-10 14:22:34.984 16395 16395 D WM-WorkerWrapper: Starting work for com.negi.survey.net.GitHubUploadWorker
09-10 14:22:34.984 16395 16493 D WM-GreedyScheduler: Constraints met: Scheduling work ID WorkGenerationalId(workSpecId=9d24e3f6-8c8c-4330-aef4-967c19bfd3e5, generation=0)
09-10 14:22:34.986 16395 16493 D WM-Processor: Work WorkGenerationalId(workSpecId=9d24e3f6-8c8c-4330-aef4-967c19bfd3e5, generation=0) is already enqueued for processing
09-10 14:22:34.989 16395 16474 I WM-Processor: Moving WorkSpec (9d24e3f6-8c8c-4330-aef4-967c19bfd3e5) to the foreground
09-10 14:22:35.004 16395 16395 I WM-SystemFgDispatcher: Started foreground service Intent { act=ACTION_START_FOREGROUND cmp=com.negi.survey/androidx.work.impl.foreground.SystemForegroundService (has extras) }
09-10 14:22:35.004 16395 16395 D WM-SystemFgDispatcher: Notifying with (id:6571, workSpecId: 9d24e3f6-8c8c-4330-aef4-967c19bfd3e5, notificationType :1)
09-10 14:22:35.010 16395 16474 D WM-WorkConstraintsTrack: NetworkRequestConstraintController send initial capabilities
09-10 14:22:35.010 16395 16474 D WM-WorkProgressUpdater: Updating progress for 9d24e3f6-8c8c-4330-aef4-967c19bfd3e5 (Data {pct : 3, mode : startup_runtime_logs})
09-10 14:22:35.012 16395 16395 W WM-SystemFgService: Unable to start foreground service
09-10 14:22:35.012 16395 16395 W WM-SystemFgService: android.app.ForegroundServiceStartNotAllowedException: FGS type dataSync not allowed to start from BOOT_COMPLETED!
09-10 14:22:35.012 16395 16395 W WM-SystemFgService: 	at android.app.ForegroundServiceStartNotAllowedException$1.createFromParcel(ForegroundServiceStartNotAllowedException.java:54)
09-10 14:22:35.012 16395 16395 W WM-SystemFgService: 	at android.app.ForegroundServiceStartNotAllowedException$1.createFromParcel(ForegroundServiceStartNotAllowedException.java:50)
09-10 14:22:35.012 16395 16395 W WM-SystemFgService: 	at android.os.Parcel.readParcelableInternal(Parcel.java:5090)
09-10 14:22:35.012 16395 16395 W WM-SystemFgService: 	at android.os.Parcel.readParcelable(Parcel.java:5072)
09-10 14:22:35.012 16395 16395 W WM-SystemFgService: 	at android.os.Parcel.createExceptionOrNull(Parcel.java:3252)
09-10 14:22:35.012 16395 16395 W WM-SystemFgService: 	at android.os.Parcel.createException(Parcel.java:3241)
09-10 14:22:35.012 16395 16395 W WM-SystemFgService: 	at android.os.Parcel.readException(Parcel.java:3224)
09-10 14:22:35.012 16395 16395 W WM-SystemFgService: 	at android.os.Parcel.readException(Parcel.java:3166)
09-10 14:22:35.012 16395 16395 W WM-SystemFgService: 	at android.app.IActivityManager$Stub$Proxy.setServiceForeground(IActivityManager.java:7410)
09-10 14:22:35.012 16395 16395 W WM-SystemFgService: 	at android.app.Service.startForeground(Service.java:863)
09-10 14:22:35.012 16395 16395 W WM-SystemFgService: 	at androidx.work.impl.foreground.SystemForegroundService$Api31Impl.startForeground(SystemForegroundService.java:192)
09-10 14:22:35.012 16395 16395 W WM-SystemFgService: 	at androidx.work.impl.foreground.SystemForegroundService.startForeground(SystemForegroundService.java:141)
09-10 14:22:35.012 16395 16395 W WM-SystemFgService: 	at androidx.work.impl.foreground.SystemForegroundDispatcher.handleNotify(SystemForegroundDispatcher.java:332)
09-10 14:22:35.012 16395 16395 W WM-SystemFgService: 	at androidx.work.impl.foreground.SystemForegroundDispatcher.onStartCommand(SystemForegroundDispatcher.java:221)
09-10 14:22:35.012 16395 16395 W WM-SystemFgService: 	at androidx.work.impl.foreground.SystemForegroundService.onStartCommand(SystemForegroundService.java:80)
09-10 14:22:35.012 16395 16395 W WM-SystemFgService: 	at android.app.ActivityThread.handleServiceArgs(ActivityThread.java:5717)
09-10 14:22:35.012 16395 16395 W WM-SystemFgService: 	at android.app.ActivityThread.-$$Nest$mhandleServiceArgs(Unknown Source:0)
09-10 14:22:35.012 16395 16395 W WM-SystemFgService: 	at android.app.ActivityThread$H.handleMessage(ActivityThread.java:2713)
09-10 14:22:35.012 16395 16395 W WM-SystemFgService: 	at android.os.Handler.dispatchMessage(Handler.java:107)
09-10 14:22:35.012 16395 16395 W WM-SystemFgService: 	at android.os.Looper.loopOnce(Looper.java:257)
09-10 14:22:35.012 16395 16395 W WM-SystemFgService: 	at android.os.Looper.loop(Looper.java:342)
09-10 14:22:35.012 16395 16395 W WM-SystemFgService: 	at android.app.ActivityThread.main(ActivityThread.java:9579)
09-10 14:22:35.012 16395 16395 W WM-SystemFgService: 	at java.lang.reflect.Method.invoke(Native Method)
09-10 14:22:35.012 16395 16395 W WM-SystemFgService: 	at com.android.internal.os.RuntimeInit$MethodAndArgsCaller.run(RuntimeInit.java:619)
09-10 14:22:35.012 16395 16395 W WM-SystemFgService: 	at com.android.internal.os.ZygoteInit.main(ZygoteInit.java:929)
09-10 14:22:35.017 16395 16474 I WM-Processor: Moving WorkSpec (9d24e3f6-8c8c-4330-aef4-967c19bfd3e5) to the foreground
09-10 14:22:35.017 16395 16395 D WM-SystemFgDispatcher: Notifying with (id:6571, workSpecId: 9d24e3f6-8c8c-4330-aef4-967c19bfd3e5, notificationType :1)
--------- beginning of system
09-10 14:22:35.018 16395 16395 I NotificationManager: com.negi.survey: notify(6571, null, Notification(channel=uploads shortcut=null contentView=null vibrate=null sound=null defaults=0 flags=ONGOING_EVENT|ONLY_ALERT_ONCE color=0x00000000 category=progress vis=PRIVATE semFlags=0x0 semPriority=0 semMissedCount=0)) as user
09-10 14:22:35.019 16395 16395 D NotificationManager: BOOTING pkg =com.negi.survey mBlockedChannelsForOverflowNoti=[]
09-10 14:22:35.033 16395 16395 W WM-SystemFgService: Unable to start foreground service
09-10 14:22:35.033 16395 16395 W WM-SystemFgService: android.app.ForegroundServiceStartNotAllowedException: FGS type dataSync not allowed to start from BOOT_COMPLETED!
09-10 14:22:35.033 16395 16395 W WM-SystemFgService: 	at android.app.ForegroundServiceStartNotAllowedException$1.createFromParcel(ForegroundServiceStartNotAllowedException.java:54)
09-10 14:22:35.033 16395 16395 W WM-SystemFgService: 	at android.app.ForegroundServiceStartNotAllowedException$1.createFromParcel(ForegroundServiceStartNotAllowedException.java:50)
09-10 14:22:35.033 16395 16395 W WM-SystemFgService: 	at android.os.Parcel.readParcelableInternal(Parcel.java:5090)
09-10 14:22:35.033 16395 16395 W WM-SystemFgService: 	at android.os.Parcel.readParcelable(Parcel.java:5072)
09-10 14:22:35.033 16395 16395 W WM-SystemFgService: 	at android.os.Parcel.createExceptionOrNull(Parcel.java:3252)
09-10 14:22:35.033 16395 16395 W WM-SystemFgService: 	at android.os.Parcel.createException(Parcel.java:3241)
09-10 14:22:35.033 16395 16395 W WM-SystemFgService: 	at android.os.Parcel.readException(Parcel.java:3224)
09-10 14:22:35.033 16395 16395 W WM-SystemFgService: 	at android.os.Parcel.readException(Parcel.java:3166)
09-10 14:22:35.033 16395 16395 W WM-SystemFgService: 	at android.app.IActivityManager$Stub$Proxy.setServiceForeground(IActivityManager.java:7410)
09-10 14:22:35.033 16395 16395 W WM-SystemFgService: 	at android.app.Service.startForeground(Service.java:863)
09-10 14:22:35.033 16395 16395 W WM-SystemFgService: 	at androidx.work.impl.foreground.SystemForegroundService$Api31Impl.startForeground(SystemForegroundService.java:192)
09-10 14:22:35.033 16395 16395 W WM-SystemFgService: 	at androidx.work.impl.foreground.SystemForegroundService.startForeground(SystemForegroundService.java:141)
09-10 14:22:35.033 16395 16395 W WM-SystemFgService: 	at androidx.work.impl.foreground.SystemForegroundDispatcher.handleNotify(SystemForegroundDispatcher.java:332)
09-10 14:22:35.033 16395 16395 W WM-SystemFgService: 	at androidx.work.impl.foreground.SystemForegroundDispatcher.onStartCommand(SystemForegroundDispatcher.java:223)
09-10 14:22:35.033 16395 16395 W WM-SystemFgService: 	at androidx.work.impl.foreground.SystemForegroundService.onStartCommand(SystemForegroundService.java:80)
09-10 14:22:35.033 16395 16395 W WM-SystemFgService: 	at android.app.ActivityThread.handleServiceArgs(ActivityThread.java:5717)
09-10 14:22:35.033 16395 16395 W WM-SystemFgService: 	at android.app.ActivityThread.-$$Nest$mhandleServiceArgs(Unknown Source:0)
09-10 14:22:35.033 16395 16395 W WM-SystemFgService: 	at android.app.ActivityThread$H.handleMessage(ActivityThread.java:2713)
09-10 14:22:35.033 16395 16395 W WM-SystemFgService: 	at android.os.Handler.dispatchMessage(Handler.java:107)
09-10 14:22:35.033 16395 16395 W WM-SystemFgService: 	at android.os.Looper.loopOnce(Looper.java:257)
09-10 14:22:35.033 16395 16395 W WM-SystemFgService: 	at android.os.Looper.loop(Looper.java:342)
09-10 14:22:35.033 16395 16395 W WM-SystemFgService: 	at android.app.ActivityThread.main(ActivityThread.java:9579)
09-10 14:22:35.033 16395 16395 W WM-SystemFgService: 	at java.lang.reflect.Method.invoke(Native Method)
09-10 14:22:35.033 16395 16395 W WM-SystemFgService: 	at com.android.internal.os.RuntimeInit$MethodAndArgsCaller.run(RuntimeInit.java:619)
09-10 14:22:35.033 16395 16395 W WM-SystemFgService: 	at com.android.internal.os.ZygoteInit.main(ZygoteInit.java:929)
09-10 14:22:35.033 16395 16395 D WM-SystemFgDispatcher: Notifying with (id:6571, workSpecId: 9d24e3f6-8c8c-4330-aef4-967c19bfd3e5, notificationType :1)
09-10 14:22:35.033 16395 16395 I NotificationManager: com.negi.survey: notify(6571, null, Notification(channel=uploads shortcut=null contentView=null vibrate=null sound=null defaults=0 flags=ONGOING_EVENT|ONLY_ALERT_ONCE color=0x00000000 category=progress vis=PRIVATE semFlags=0x0 semPriority=0 semMissedCount=0)) as user
09-10 14:22:35.034 16395 16395 W WM-SystemFgService: Unable to start foreground service
09-10 14:22:35.034 16395 16395 W WM-SystemFgService: android.app.ForegroundServiceStartNotAllowedException: FGS type dataSync not allowed to start from BOOT_COMPLETED!
09-10 14:22:35.034 16395 16395 W WM-SystemFgService: 	at android.app.ForegroundServiceStartNotAllowedException$1.createFromParcel(ForegroundServiceStartNotAllowedException.java:54)
09-10 14:22:35.034 16395 16395 W WM-SystemFgService: 	at android.app.ForegroundServiceStartNotAllowedException$1.createFromParcel(ForegroundServiceStartNotAllowedException.java:50)
09-10 14:22:35.034 16395 16395 W WM-SystemFgService: 	at android.os.Parcel.readParcelableInternal(Parcel.java:5090)
09-10 14:22:35.034 16395 16395 W WM-SystemFgService: 	at android.os.Parcel.readParcelable(Parcel.java:5072)
09-10 14:22:35.034 16395 16395 W WM-SystemFgService: 	at android.os.Parcel.createExceptionOrNull(Parcel.java:3252)
09-10 14:22:35.034 16395 16395 W WM-SystemFgService: 	at android.os.Parcel.createException(Parcel.java:3241)
09-10 14:22:35.034 16395 16395 W WM-SystemFgService: 	at android.os.Parcel.readException(Parcel.java:3224)
09-10 14:22:35.034 16395 16395 W WM-SystemFgService: 	at android.os.Parcel.readException(Parcel.java:3166)
09-10 14:22:35.034 16395 16395 W WM-SystemFgService: 	at android.app.IActivityManager$Stub$Proxy.setServiceForeground(IActivityManager.java:7410)
09-10 14:22:35.034 16395 16395 W WM-SystemFgService: 	at android.app.Service.startForeground(Service.java:863)
09-10 14:22:35.034 16395 16395 W WM-SystemFgService: 	at androidx.work.impl.foreground.SystemForegroundService$Api31Impl.startForeground(SystemForegroundService.java:192)
09-10 14:22:35.034 16395 16395 W WM-SystemFgService: 	at androidx.work.impl.foreground.SystemForegroundService.startForeground(SystemForegroundService.java:141)
09-10 14:22:35.034 16395 16395 W WM-SystemFgService: 	at androidx.work.impl.foreground.SystemForegroundDispatcher.handleNotify(SystemForegroundDispatcher.java:332)
09-10 14:22:35.034 16395 16395 W WM-SystemFgService: 	at androidx.work.impl.foreground.SystemForegroundDispatcher.onStartCommand(SystemForegroundDispatcher.java:223)
09-10 14:22:35.034 16395 16395 W WM-SystemFgService: 	at androidx.work.impl.foreground.SystemForegroundService.onStartCommand(SystemForegroundService.java:80)
09-10 14:22:35.034 16395 16395 W WM-SystemFgService: 	at android.app.ActivityThread.handleServiceArgs(ActivityThread.java:5717)
09-10 14:22:35.034 16395 16395 W WM-SystemFgService: 	at android.app.ActivityThread.-$$Nest$mhandleServiceArgs(Unknown Source:0)
09-10 14:22:35.034 16395 16395 W WM-SystemFgService: 	at android.app.ActivityThread$H.handleMessage(ActivityThread.java:2713)
09-10 14:22:35.034 16395 16395 W WM-SystemFgService: 	at android.os.Handler.dispatchMessage(Handler.java:107)
09-10 14:22:35.034 16395 16395 W WM-SystemFgService: 	at android.os.Looper.loopOnce(Looper.java:257)
09-10 14:22:35.034 16395 16395 W WM-SystemFgService: 	at android.os.Looper.loop(Looper.java:342)
09-10 14:22:35.034 16395 16395 W WM-SystemFgService: 	at android.app.ActivityThread.main(ActivityThread.java:9579)
09-10 14:22:35.034 16395 16395 W WM-SystemFgService: 	at java.lang.reflect.Method.invoke(Native Method)
09-10 14:22:35.034 16395 16395 W WM-SystemFgService: 	at com.android.internal.os.RuntimeInit$MethodAndArgsCaller.run(RuntimeInit.java:619)
09-10 14:22:35.034 16395 16395 W WM-SystemFgService: 	at com.android.internal.os.ZygoteInit.main(ZygoteInit.java:929)
09-10 14:22:36.236 16395 16451 D RuntimeLogStore: openWriter: rotate:plain_snapshot:receiver_boot_completed -> /data/user/0/com.negi.survey/files/diagnostics/runtime_logs/rtlog_20260910_112236_235_pid16395_seq2.log (bytes=0 format=LEGACY)
09-10 14:22:36.236 16395 16451 D RuntimeLogStore: retention: rotate:plain_snapshot:receiver_boot_completed files=3 kept=3 totalBytes=83868
09-10 14:22:36.241 16395 16468 D github_upload: doRuntimeLogsUpload: remoteBaseDir=diagnostics/runtime_logs/2026-09-10/runtime_logs_startup_runtime_20260910_112234_6b192ac7_receiver_boot_completed toUpload=3 bytes=85060 dedupe=true deleteSource=true deletedSourcePre=0 preview='plain_logs_manifest_20260910_112236_237_pid16395_receiver_boot_completed.json|runtime_log_20260910_112236_237_pid16395_receiver_boot_completed__rtlog_20260910_112234_759_pid16395_seq1.log|runtime_log_20260910_112236_237_pid16395_receiver_boot_completed__rtlog_20260908_115717_541_pid28438_seq2.log'
09-10 14:22:36.242 16395 16468 D GitHubUploader: uploadStream: owner=ishizuki-tech repo=SurveyExports branch=main path=diagnostics/runtime_logs/2026-09-10/runtime_logs_startup_runtime_20260910_112234_6b192ac7_receiver_boot_completed/plain_logs_manifest_20260910_112236_237_pid16395_receiver_boot_completed.json size=1530 maxRawBytesHint=1000000 maxRequestBytesHint=2800000
09-10 14:22:36.242 16395 16493 D WM-WorkProgressUpdater: Updating progress for 9d24e3f6-8c8c-4330-aef4-967c19bfd3e5 (Data {pct : 10, mode : startup_runtime_logs})
09-10 14:22:36.247 16395 16493 I WM-Processor: Moving WorkSpec (9d24e3f6-8c8c-4330-aef4-967c19bfd3e5) to the foreground
09-10 14:22:36.248 16395 16395 D WM-SystemFgDispatcher: Notifying with (id:6571, workSpecId: 9d24e3f6-8c8c-4330-aef4-967c19bfd3e5, notificationType :1)
09-10 14:22:36.248 16395 16395 I NotificationManager: com.negi.survey: notify(6571, null, Notification(channel=uploads shortcut=null contentView=null vibrate=null sound=null defaults=0 flags=ONGOING_EVENT|ONLY_ALERT_ONCE color=0x00000000 category=progress vis=PRIVATE semFlags=0x0 semPriority=0 semMissedCount=0)) as user
09-10 14:22:36.252 16395 16395 W WM-SystemFgService: Unable to start foreground service
09-10 14:22:36.252 16395 16395 W WM-SystemFgService: android.app.ForegroundServiceStartNotAllowedException: FGS type dataSync not allowed to start from BOOT_COMPLETED!
09-10 14:22:36.252 16395 16395 W WM-SystemFgService: 	at android.app.ForegroundServiceStartNotAllowedException$1.createFromParcel(ForegroundServiceStartNotAllowedException.java:54)
09-10 14:22:36.252 16395 16395 W WM-SystemFgService: 	at android.app.ForegroundServiceStartNotAllowedException$1.createFromParcel(ForegroundServiceStartNotAllowedException.java:50)
09-10 14:22:36.252 16395 16395 W WM-SystemFgService: 	at android.os.Parcel.readParcelableInternal(Parcel.java:5090)
09-10 14:22:36.252 16395 16395 W WM-SystemFgService: 	at android.os.Parcel.readParcelable(Parcel.java:5072)
09-10 14:22:36.252 16395 16395 W WM-SystemFgService: 	at android.os.Parcel.createExceptionOrNull(Parcel.java:3252)
09-10 14:22:36.252 16395 16395 W WM-SystemFgService: 	at android.os.Parcel.createException(Parcel.java:3241)
09-10 14:22:36.252 16395 16395 W WM-SystemFgService: 	at android.os.Parcel.readException(Parcel.java:3224)
09-10 14:22:36.252 16395 16395 W WM-SystemFgService: 	at android.os.Parcel.readException(Parcel.java:3166)
09-10 14:22:36.252 16395 16395 W WM-SystemFgService: 	at android.app.IActivityManager$Stub$Proxy.setServiceForeground(IActivityManager.java:7410)
09-10 14:22:36.252 16395 16395 W WM-SystemFgService: 	at android.app.Service.startForeground(Service.java:863)
09-10 14:22:36.252 16395 16395 W WM-SystemFgService: 	at androidx.work.impl.foreground.SystemForegroundService$Api31Impl.startForeground(SystemForegroundService.java:192)
09-10 14:22:36.252 16395 16395 W WM-SystemFgService: 	at androidx.work.impl.foreground.SystemForegroundService.startForeground(SystemForegroundService.java:141)
09-10 14:22:36.252 16395 16395 W WM-SystemFgService: 	at androidx.work.impl.foreground.SystemForegroundDispatcher.handleNotify(SystemForegroundDispatcher.java:332)
09-10 14:22:36.252 16395 16395 W WM-SystemFgService: 	at androidx.work.impl.foreground.SystemForegroundDispatcher.onStartCommand(SystemForegroundDispatcher.java:223)
09-10 14:22:36.252 16395 16395 W WM-SystemFgService: 	at androidx.work.impl.foreground.SystemForegroundService.onStartCommand(SystemForegroundService.java:80)
09-10 14:22:36.252 16395 16395 W WM-SystemFgService: 	at android.app.ActivityThread.handleServiceArgs(ActivityThread.java:5717)
09-10 14:22:36.252 16395 16395 W WM-SystemFgService: 	at android.app.ActivityThread.-$$Nest$mhandleServiceArgs(Unknown Source:0)
09-10 14:22:36.252 16395 16395 W WM-SystemFgService: 	at android.app.ActivityThread$H.handleMessage(ActivityThread.java:2713)
09-10 14:22:36.252 16395 16395 W WM-SystemFgService: 	at android.os.Handler.dispatchMessage(Handler.java:107)
09-10 14:22:36.252 16395 16395 W WM-SystemFgService: 	at android.os.Looper.loopOnce(Looper.java:257)
09-10 14:22:36.252 16395 16395 W WM-SystemFgService: 	at android.os.Looper.loop(Looper.java:342)
09-10 14:22:36.252 16395 16395 W WM-SystemFgService: 	at android.app.ActivityThread.main(ActivityThread.java:9579)
09-10 14:22:36.252 16395 16395 W WM-SystemFgService: 	at java.lang.reflect.Method.invoke(Native Method)
09-10 14:22:36.252 16395 16395 W WM-SystemFgService: 	at com.android.internal.os.RuntimeInit$MethodAndArgsCaller.run(RuntimeInit.java:619)
09-10 14:22:36.252 16395 16395 W WM-SystemFgService: 	at com.android.internal.os.ZygoteInit.main(ZygoteInit.java:929)
09-10 14:22:37.355 16395 16395 D github_upload: enqueueStartupRuntimeLogsUpload: uniqueName=upload_runtime_logs_startup policy=KEEP session=startup_runtime_20260910_112237_9f68e9bc
09-10 14:22:37.357 16395 16395 D github_upload: enqueueStartupRingLogsUpload: uniqueName=upload_ring_logs_startup policy=KEEP session=startup_ring_20260910_112237_b5adde57
09-10 14:22:37.357 16395 16915 D CrashCapture: enqueuePendingCrashUploadsIfPossible enter where=SurveyApp:enqueuePending(immediate):bg pid=16395 thread=CrashCapture-Enqueue
09-10 14:22:37.372 16395 16488 D WM-SystemJobScheduler: Scheduling work ID 64e946c3-4f5e-4ea9-8484-909ab99a581eJob ID 3
09-10 14:22:37.380 16395 16395 D WM-SystemJobService: onStartJob for WorkGenerationalId(workSpecId=64e946c3-4f5e-4ea9-8484-909ab99a581e, generation=0)
09-10 14:22:37.385 16395 16488 D WM-GreedyScheduler: Starting tracking for 64e946c3-4f5e-4ea9-8484-909ab99a581e
09-10 14:22:37.387 16395 16488 D WM-Processor: Processor: processing WorkGenerationalId(workSpecId=64e946c3-4f5e-4ea9-8484-909ab99a581e, generation=0)
09-10 14:22:37.391 16395 16395 D WM-WorkerWrapper: Starting work for com.negi.survey.net.GitHubUploadWorker
09-10 14:22:37.392 16395 16488 D WM-WorkConstraintsTrack: NetworkRequestConstraintController send initial capabilities
09-10 14:22:37.392 16395 16488 D WM-GreedyScheduler: Constraints met: Scheduling work ID WorkGenerationalId(workSpecId=64e946c3-4f5e-4ea9-8484-909ab99a581e, generation=0)
09-10 14:22:37.393 16395 16488 D WM-Processor: Work WorkGenerationalId(workSpecId=64e946c3-4f5e-4ea9-8484-909ab99a581e, generation=0) is already enqueued for processing
09-10 14:22:37.398 16395 16488 I WM-Processor: Moving WorkSpec (64e946c3-4f5e-4ea9-8484-909ab99a581e) to the foreground
09-10 14:22:37.414 16395 16395 I WM-SystemFgDispatcher: Started foreground service Intent { act=ACTION_START_FOREGROUND cmp=com.negi.survey/androidx.work.impl.foreground.SystemForegroundService (has extras) }
09-10 14:22:37.414 16395 16395 D WM-SystemFgDispatcher: Notifying with (id:3428, workSpecId: 64e946c3-4f5e-4ea9-8484-909ab99a581e, notificationType :1)
09-10 14:22:37.414 16395 16395 I NotificationManager: com.negi.survey: notify(3428, null, Notification(channel=uploads shortcut=null contentView=null vibrate=null sound=null defaults=0 flags=ONGOING_EVENT|ONLY_ALERT_ONCE color=0x00000000 category=progress vis=PRIVATE semFlags=0x0 semPriority=0 semMissedCount=0)) as user
09-10 14:22:37.416 16395 16395 W WM-SystemFgService: Unable to start foreground service
09-10 14:22:37.416 16395 16395 W WM-SystemFgService: android.app.ForegroundServiceStartNotAllowedException: FGS type dataSync not allowed to start from BOOT_COMPLETED!
09-10 14:22:37.416 16395 16395 W WM-SystemFgService: 	at android.app.ForegroundServiceStartNotAllowedException$1.createFromParcel(ForegroundServiceStartNotAllowedException.java:54)
09-10 14:22:37.416 16395 16395 W WM-SystemFgService: 	at android.app.ForegroundServiceStartNotAllowedException$1.createFromParcel(ForegroundServiceStartNotAllowedException.java:50)
09-10 14:22:37.416 16395 16395 W WM-SystemFgService: 	at android.os.Parcel.readParcelableInternal(Parcel.java:5090)
09-10 14:22:37.416 16395 16395 W WM-SystemFgService: 	at android.os.Parcel.readParcelable(Parcel.java:5072)
09-10 14:22:37.416 16395 16395 W WM-SystemFgService: 	at android.os.Parcel.createExceptionOrNull(Parcel.java:3252)
09-10 14:22:37.416 16395 16395 W WM-SystemFgService: 	at android.os.Parcel.createException(Parcel.java:3241)
09-10 14:22:37.416 16395 16395 W WM-SystemFgService: 	at android.os.Parcel.readException(Parcel.java:3224)
09-10 14:22:37.416 16395 16395 W WM-SystemFgService: 	at android.os.Parcel.readException(Parcel.java:3166)
09-10 14:22:37.416 16395 16395 W WM-SystemFgService: 	at android.app.IActivityManager$Stub$Proxy.setServiceForeground(IActivityManager.java:7410)
09-10 14:22:37.416 16395 16395 W WM-SystemFgService: 	at android.app.Service.startForeground(Service.java:863)
09-10 14:22:37.416 16395 16395 W WM-SystemFgService: 	at androidx.work.impl.foreground.SystemForegroundService$Api31Impl.startForeground(SystemForegroundService.java:192)
09-10 14:22:37.416 16395 16395 W WM-SystemFgService: 	at androidx.work.impl.foreground.SystemForegroundService.startForeground(SystemForegroundService.java:141)
09-10 14:22:37.416 16395 16395 W WM-SystemFgService: 	at androidx.work.impl.foreground.SystemForegroundDispatcher.handleNotify(SystemForegroundDispatcher.java:332)
09-10 14:22:37.416 16395 16395 W WM-SystemFgService: 	at androidx.work.impl.foreground.SystemForegroundDispatcher.onStartCommand(SystemForegroundDispatcher.java:221)
09-10 14:22:37.416 16395 16395 W WM-SystemFgService: 	at androidx.work.impl.foreground.SystemForegroundService.onStartCommand(SystemForegroundService.java:80)
09-10 14:22:37.416 16395 16395 W WM-SystemFgService: 	at android.app.ActivityThread.handleServiceArgs(ActivityThread.java:5717)
09-10 14:22:37.416 16395 16395 W WM-SystemFgService: 	at android.app.ActivityThread.-$$Nest$mhandleServiceArgs(Unknown Source:0)
09-10 14:22:37.416 16395 16395 W WM-SystemFgService: 	at android.app.ActivityThread$H.handleMessage(ActivityThread.java:2713)
09-10 14:22:37.416 16395 16395 W WM-SystemFgService: 	at android.os.Handler.dispatchMessage(Handler.java:107)
09-10 14:22:37.416 16395 16395 W WM-SystemFgService: 	at android.os.Looper.loopOnce(Looper.java:257)
09-10 14:22:37.416 16395 16395 W WM-SystemFgService: 	at android.os.Looper.loop(Looper.java:342)
09-10 14:22:37.416 16395 16395 W WM-SystemFgService: 	at android.app.ActivityThread.main(ActivityThread.java:9579)
09-10 14:22:37.416 16395 16395 W WM-SystemFgService: 	at java.lang.reflect.Method.invoke(Native Method)
09-10 14:22:37.416 16395 16395 W WM-SystemFgService: 	at com.android.internal.os.RuntimeInit$MethodAndArgsCaller.run(RuntimeInit.java:619)
09-10 14:22:37.416 16395 16395 W WM-SystemFgService: 	at com.android.internal.os.ZygoteInit.main(ZygoteInit.java:929)
09-10 14:22:37.416 16395 16395 D WM-SystemFgDispatcher: Notifying with (id:3428, workSpecId: 64e946c3-4f5e-4ea9-8484-909ab99a581e, notificationType :1)
09-10 14:22:37.416 16395 16395 I NotificationManager: com.negi.survey: notify(3428, null, Notification(channel=uploads shortcut=null contentView=null vibrate=null sound=null defaults=0 flags=ONGOING_EVENT|ONLY_ALERT_ONCE color=0x00000000 category=progress vis=PRIVATE semFlags=0x0 semPriority=0 semMissedCount=0)) as user
09-10 14:22:37.418 16395 16395 W WM-SystemFgService: Unable to start foreground service
09-10 14:22:37.418 16395 16395 W WM-SystemFgService: android.app.ForegroundServiceStartNotAllowedException: FGS type dataSync not allowed to start from BOOT_COMPLETED!
09-10 14:22:37.418 16395 16395 W WM-SystemFgService: 	at android.app.ForegroundServiceStartNotAllowedException$1.createFromParcel(ForegroundServiceStartNotAllowedException.java:54)
09-10 14:22:37.418 16395 16395 W WM-SystemFgService: 	at android.app.ForegroundServiceStartNotAllowedException$1.createFromParcel(ForegroundServiceStartNotAllowedException.java:50)
09-10 14:22:37.418 16395 16395 W WM-SystemFgService: 	at android.os.Parcel.readParcelableInternal(Parcel.java:5090)
09-10 14:22:37.418 16395 16395 W WM-SystemFgService: 	at android.os.Parcel.readParcelable(Parcel.java:5072)
09-10 14:22:37.418 16395 16395 W WM-SystemFgService: 	at android.os.Parcel.createExceptionOrNull(Parcel.java:3252)
09-10 14:22:37.418 16395 16395 W WM-SystemFgService: 	at android.os.Parcel.createException(Parcel.java:3241)
09-10 14:22:37.418 16395 16395 W WM-SystemFgService: 	at android.os.Parcel.readException(Parcel.java:3224)
09-10 14:22:37.418 16395 16395 W WM-SystemFgService: 	at android.os.Parcel.readException(Parcel.java:3166)
09-10 14:22:37.418 16395 16395 W WM-SystemFgService: 	at android.app.IActivityManager$Stub$Proxy.setServiceForeground(IActivityManager.java:7410)
09-10 14:22:37.418 16395 16395 W WM-SystemFgService: 	at android.app.Service.startForeground(Service.java:863)
09-10 14:22:37.418 16395 16395 W WM-SystemFgService: 	at androidx.work.impl.foreground.SystemForegroundService$Api31Impl.startForeground(SystemForegroundService.java:192)
09-10 14:22:37.418 16395 16395 W WM-SystemFgService: 	at androidx.work.impl.foreground.SystemForegroundService.startForeground(SystemForegroundService.java:141)
09-10 14:22:37.418 16395 16395 W WM-SystemFgService: 	at androidx.work.impl.foreground.SystemForegroundDispatcher.handleNotify(SystemForegroundDispatcher.java:332)
09-10 14:22:37.418 16395 16395 W WM-SystemFgService: 	at androidx.work.impl.foreground.SystemForegroundDispatcher.onStartCommand(SystemForegroundDispatcher.java:223)
09-10 14:22:37.418 16395 16395 W WM-SystemFgService: 	at androidx.work.impl.foreground.SystemForegroundService.onStartCommand(SystemForegroundService.java:80)
09-10 14:22:37.418 16395 16395 W WM-SystemFgService: 	at android.app.ActivityThread.handleServiceArgs(ActivityThread.java:5717)
09-10 14:22:37.418 16395 16395 W WM-SystemFgService: 	at android.app.ActivityThread.-$$Nest$mhandleServiceArgs(Unknown Source:0)
09-10 14:22:37.418 16395 16395 W WM-SystemFgService: 	at android.app.ActivityThread$H.handleMessage(ActivityThread.java:2713)
09-10 14:22:37.418 16395 16395 W WM-SystemFgService: 	at android.os.Handler.dispatchMessage(Handler.java:107)
09-10 14:22:37.418 16395 16395 W WM-SystemFgService: 	at android.os.Looper.loopOnce(Looper.java:257)
09-10 14:22:37.418 16395 16395 W WM-SystemFgService: 	at android.os.Looper.loop(Looper.java:342)
09-10 14:22:37.418 16395 16395 W WM-SystemFgService: 	at android.app.ActivityThread.main(ActivityThread.java:9579)
09-10 14:22:37.418 16395 16395 W WM-SystemFgService: 	at java.lang.reflect.Method.invoke(Native Method)
09-10 14:22:37.418 16395 16395 W WM-SystemFgService: 	at com.android.internal.os.RuntimeInit$MethodAndArgsCaller.run(RuntimeInit.java:619)
09-10 14:22:37.418 16395 16395 W WM-SystemFgService: 	at com.android.internal.os.ZygoteInit.main(ZygoteInit.java:929)
09-10 14:22:37.421 16395 16488 D WM-WorkConstraintsTrack: NetworkRequestConstraintController send initial capabilities
09-10 14:22:37.421 16395 16488 D WM-WorkProgressUpdater: Updating progress for 64e946c3-4f5e-4ea9-8484-909ab99a581e (Data {pct : 3, mode : startup_ring_logs})
09-10 14:22:37.424 16395 16493 I WM-Processor: Moving WorkSpec (64e946c3-4f5e-4ea9-8484-909ab99a581e) to the foreground
09-10 14:22:37.426 16395 16395 D WM-SystemFgDispatcher: Notifying with (id:3428, workSpecId: 64e946c3-4f5e-4ea9-8484-909ab99a581e, notificationType :1)
09-10 14:22:37.426 16395 16395 I NotificationManager: com.negi.survey: notify(3428, null, Notification(channel=uploads shortcut=null contentView=null vibrate=null sound=null defaults=0 flags=ONGOING_EVENT|ONLY_ALERT_ONCE color=0x00000000 category=progress vis=PRIVATE semFlags=0x0 semPriority=0 semMissedCount=0)) as user
09-10 14:22:37.432 16395 16395 W WM-SystemFgService: Unable to start foreground service
09-10 14:22:37.432 16395 16395 W WM-SystemFgService: android.app.ForegroundServiceStartNotAllowedException: FGS type dataSync not allowed to start from BOOT_COMPLETED!
09-10 14:22:37.432 16395 16395 W WM-SystemFgService: 	at android.app.ForegroundServiceStartNotAllowedException$1.createFromParcel(ForegroundServiceStartNotAllowedException.java:54)
09-10 14:22:37.432 16395 16395 W WM-SystemFgService: 	at android.app.ForegroundServiceStartNotAllowedException$1.createFromParcel(ForegroundServiceStartNotAllowedException.java:50)
09-10 14:22:37.432 16395 16395 W WM-SystemFgService: 	at android.os.Parcel.readParcelableInternal(Parcel.java:5090)
09-10 14:22:37.432 16395 16395 W WM-SystemFgService: 	at android.os.Parcel.readParcelable(Parcel.java:5072)
09-10 14:22:37.432 16395 16395 W WM-SystemFgService: 	at android.os.Parcel.createExceptionOrNull(Parcel.java:3252)
09-10 14:22:37.432 16395 16395 W WM-SystemFgService: 	at android.os.Parcel.createException(Parcel.java:3241)
09-10 14:22:37.432 16395 16395 W WM-SystemFgService: 	at android.os.Parcel.readException(Parcel.java:3224)
09-10 14:22:37.432 16395 16395 W WM-SystemFgService: 	at android.os.Parcel.readException(Parcel.java:3166)
09-10 14:22:37.432 16395 16395 W WM-SystemFgService: 	at android.app.IActivityManager$Stub$Proxy.setServiceForeground(IActivityManager.java:7410)
09-10 14:22:37.432 16395 16395 W WM-SystemFgService: 	at android.app.Service.startForeground(Service.java:863)
09-10 14:22:37.432 16395 16395 W WM-SystemFgService: 	at androidx.work.impl.foreground.SystemForegroundService$Api31Impl.startForeground(SystemForegroundService.java:192)
09-10 14:22:37.432 16395 16395 W WM-SystemFgService: 	at androidx.work.impl.foreground.SystemForegroundService.startForeground(SystemForegroundService.java:141)
09-10 14:22:37.432 16395 16395 W WM-SystemFgService: 	at androidx.work.impl.foreground.SystemForegroundDispatcher.handleNotify(SystemForegroundDispatcher.java:332)
09-10 14:22:37.432 16395 16395 W WM-SystemFgService: 	at androidx.work.impl.foreground.SystemForegroundDispatcher.onStartCommand(SystemForegroundDispatcher.java:223)
09-10 14:22:37.432 16395 16395 W WM-SystemFgService: 	at androidx.work.impl.foreground.SystemForegroundService.onStartCommand(SystemForegroundService.java:80)
09-10 14:22:37.432 16395 16395 W WM-SystemFgService: 	at android.app.ActivityThread.handleServiceArgs(ActivityThread.java:5717)
09-10 14:22:37.432 16395 16395 W WM-SystemFgService: 	at android.app.ActivityThread.-$$Nest$mhandleServiceArgs(Unknown Source:0)
09-10 14:22:37.432 16395 16395 W WM-SystemFgService: 	at android.app.ActivityThread$H.handleMessage(ActivityThread.java:2713)
09-10 14:22:37.432 16395 16395 W WM-SystemFgService: 	at android.os.Handler.dispatchMessage(Handler.java:107)
09-10 14:22:37.432 16395 16395 W WM-SystemFgService: 	at android.os.Looper.loopOnce(Looper.java:257)
09-10 14:22:37.432 16395 16395 W WM-SystemFgService: 	at android.os.Looper.loop(Looper.java:342)
09-10 14:22:37.432 16395 16395 W WM-SystemFgService: 	at android.app.ActivityThread.main(ActivityThread.java:9579)
09-10 14:22:37.432 16395 16395 W WM-SystemFgService: 	at java.lang.reflect.Method.invoke(Native Method)
09-10 14:22:37.432 16395 16395 W WM-SystemFgService: 	at com.android.internal.os.RuntimeInit$MethodAndArgsCaller.run(RuntimeInit.java:619)
09-10 14:22:37.432 16395 16395 W WM-SystemFgService: 	at com.android.internal.os.ZygoteInit.main(ZygoteInit.java:929)
