=== RuntimeLogStore Header ===
ts=2026-09-24T03:03:49.958Z
fileNameFormat=LEGACY
appId=com.negi.survey
versionName=0.0.1
versionCode=88
debug=false
device=Google Pixel 9a
sdk=36
pid=15512
==============================
2026-09-24T03:03:49.958Z I/RuntimeLogStore [rtlog-io] --- rotated (reason=plain_snapshot:receiver_my_package_repl) ---
2026-09-24T03:03:50.753Z W/SurveyApp [main] Deferred startup enqueues begin...
2026-09-24T03:03:50.756Z D/SurveyApp [main] WorkManager available. where=startupRtLogs(immediate) took=0ms
2026-09-24T03:03:50.763Z D/SurveyApp [main] Startup runtime logs target -> owner=ishizuki-tech repo=SurveyExports branch=main base='/diagnostics/runtime_logs'
2026-09-24T03:03:50.771Z D/SurveyApp [main] Startup runtime logs: enqueue requested (immediate).
2026-09-24T03:03:50.772Z D/SurveyApp [main] WorkManager available. where=startupRingLogs(immediate) took=0ms
2026-09-24T03:03:50.774Z D/SurveyApp [main] Startup ring logs target -> owner=ishizuki-tech repo=SurveyExports branch=main base='/diagnostics/applog_ring'
2026-09-24T03:03:50.776Z D/SurveyApp [main] Startup ring logs: enqueue requested (immediate).
2026-09-24T03:03:50.777Z D/SurveyApp [main] WorkManager available. where=enqueuePending(immediate) took=0ms
2026-09-24T03:03:50.779Z D/SurveyApp [main] CrashCapture pending uploads requested (immediate).
2026-09-24T03:03:50.779Z W/SurveyApp [main] Deferred startup enqueues done: took=26ms
