=== RuntimeLogStore Header ===
ts=2026-09-29T04:29:56.343Z
fileNameFormat=LEGACY
appId=com.negi.survey
versionName=0.0.1
versionCode=1
debug=true
device=Google Pixel 9a
sdk=36
pid=10798
==============================
2026-09-29T04:29:56.344Z I/RuntimeLogStore [rtlog-io] start: actor launched (fileNameFormat=LEGACY)
2026-09-29T04:29:56.337Z D/SurveyApp [main] attachBaseContext: pid=10798 process=com.negi.survey isMain=true sdk=36
2026-09-29T04:29:56.337Z D/SurveyApp [main] bootTiming: attachBaseContext total=28ms
2026-09-29T04:29:56.337Z D/SurveyApp [main] Skipping WorkManager init in attachBaseContext; will init lazily on first enqueue.
2026-09-29T04:29:56.339Z D/SurveyApp [main] CrashCapture installed: where=SurveyApp:attachBaseContext
2026-09-29T04:29:56.350Z I/RuntimeLogStore [main] start repair: ctx/dir refreshed
2026-09-29T04:29:56.351Z D/SurveyApp [main] bootTiming: RuntimeLogStore.start took=1ms
2026-09-29T04:29:56.351Z D/SurveyApp [main] bootTiming: AppRingLogStore.install took=0ms
2026-09-29T04:29:56.351Z D/SurveyApp [main] onCreate: pid=10798 process=com.negi.survey isMain=true sdk=36
2026-09-29T04:29:56.355Z D/SurveyApp [main] CrashCapture installed: where=SurveyApp:onCreate(rewrap)
2026-09-29T04:29:56.355Z D/SurveyApp [main] CrashCapture self-healing registered.
2026-09-29T04:29:56.355Z W/SurveyApp [main] Startup enqueues deferred: delay=2500ms (to reduce init contention)
2026-09-29T04:29:56.355Z D/SurveyApp [main] Startup survey recovery deferred: delay=2500ms
2026-09-29T04:29:56.355Z D/SurveyApp [main] bootTiming: onCreate total=5ms
2026-09-29T04:29:56.368Z I/RuntimeLogStore [DefaultDispatcher-worker-1] start repair: ctx/dir refreshed
2026-09-29T04:29:57.858Z I/RuntimeLogStore [DefaultDispatcher-worker-1] start repair: ctx/dir refreshed
