=== RuntimeLogStore Header ===
ts=2026-09-29T04:27:26.041Z
fileNameFormat=LEGACY
appId=com.negi.survey
versionName=0.0.1
versionCode=1
debug=true
device=Google Pixel 9a
sdk=36
pid=9948
==============================
2026-09-29T04:27:26.041Z I/RuntimeLogStore [rtlog-io] --- rotated (reason=plain_snapshot:receiver_boot_completed) ---
2026-09-29T04:27:26.725Z W/SurveyApp [main] Deferred startup enqueues begin...
2026-09-29T04:27:26.726Z D/SurveyApp [main] WorkManager available. where=startupRtLogs(immediate) took=0ms
2026-09-29T04:27:26.728Z D/SurveyApp [main] Startup runtime logs target -> owner=ishizuki-tech repo=SurveyExports branch=main base='/diagnostics/runtime_logs'
2026-09-29T04:27:26.730Z D/SurveyApp [main] Startup runtime logs: enqueue requested (immediate).
2026-09-29T04:27:26.730Z D/SurveyApp [main] WorkManager available. where=startupRingLogs(immediate) took=0ms
2026-09-29T04:27:26.732Z D/SurveyApp [main] Startup ring logs target -> owner=ishizuki-tech repo=SurveyExports branch=main base='/diagnostics/applog_ring'
2026-09-29T04:27:26.733Z D/SurveyApp [main] Startup ring logs: enqueue requested (immediate).
2026-09-29T04:27:26.733Z D/SurveyApp [main] WorkManager available. where=enqueuePending(immediate) took=0ms
2026-09-29T04:27:26.733Z D/SurveyApp [main] CrashCapture pending uploads requested (immediate).
2026-09-29T04:27:26.733Z W/SurveyApp [main] Deferred startup enqueues done: took=8ms
