=== RuntimeLogStore Header ===
ts=2026-09-24T01:16:06.108Z
fileNameFormat=LEGACY
appId=com.negi.survey
versionName=0.0.1
versionCode=1
debug=true
device=Google Pixel 9a
sdk=36
pid=8281
==============================
2026-09-24T01:16:06.109Z I/RuntimeLogStore [rtlog-io] start: actor launched (fileNameFormat=LEGACY)
2026-09-24T01:16:06.054Z D/SurveyApp [main] attachBaseContext: pid=8281 process=com.negi.survey isMain=true sdk=36
2026-09-24T01:16:06.054Z D/SurveyApp [main] bootTiming: attachBaseContext total=71ms
2026-09-24T01:16:06.055Z D/SurveyApp [main] Skipping WorkManager init in attachBaseContext; will init lazily on first enqueue.
2026-09-24T01:16:06.060Z D/SurveyApp [main] CrashCapture installed: where=SurveyApp:attachBaseContext
2026-09-24T01:16:06.100Z I/RuntimeLogStore [main] start repair: ctx/dir refreshed
2026-09-24T01:16:06.101Z D/SurveyApp [main] bootTiming: RuntimeLogStore.start took=1ms
2026-09-24T01:16:06.101Z D/SurveyApp [main] bootTiming: AppRingLogStore.install took=0ms
2026-09-24T01:16:06.101Z D/SurveyApp [main] onCreate: pid=8281 process=com.negi.survey isMain=true sdk=36
2026-09-24T01:16:06.110Z D/SurveyApp [main] CrashCapture installed: where=SurveyApp:onCreate(rewrap)
2026-09-24T01:16:06.110Z D/SurveyApp [main] CrashCapture self-healing registered.
2026-09-24T01:16:06.110Z W/SurveyApp [main] Startup enqueues deferred: delay=2500ms (to reduce init contention)
2026-09-24T01:16:06.111Z D/SurveyApp [main] Startup survey recovery deferred: delay=2500ms
2026-09-24T01:16:06.111Z D/SurveyApp [main] bootTiming: onCreate total=11ms
2026-09-24T01:16:07.792Z I/RuntimeLogStore [DefaultDispatcher-worker-1] start repair: ctx/dir refreshed
2026-09-24T01:16:08.614Z W/SurveyApp [main] Deferred startup enqueues begin...
2026-09-24T01:16:08.616Z D/SurveyApp [main] WorkManager available. where=startupRtLogs(immediate) took=0ms
2026-09-24T01:16:08.629Z D/SurveyApp [main] Startup runtime logs target -> owner=ishizuki-tech repo=SurveyExports branch=main base='/diagnostics/runtime_logs'
2026-09-24T01:16:08.638Z D/SurveyApp [main] Startup runtime logs: enqueue requested (immediate).
2026-09-24T01:16:08.639Z D/SurveyApp [main] WorkManager available. where=startupRingLogs(immediate) took=0ms
2026-09-24T01:16:08.647Z D/SurveyApp [main] Startup ring logs target -> owner=ishizuki-tech repo=SurveyExports branch=main base='/diagnostics/applog_ring'
2026-09-24T01:16:08.652Z D/SurveyApp [main] Startup ring logs: enqueue requested (immediate).
2026-09-24T01:16:08.654Z D/SurveyApp [main] WorkManager available. where=enqueuePending(immediate) took=0ms
2026-09-24T01:16:08.655Z D/SurveyApp [main] CrashCapture pending uploads requested (immediate).
2026-09-24T01:16:08.655Z W/SurveyApp [main] Deferred startup enqueues done: took=43ms
2026-09-24T01:16:08.658Z D/SurveyApp [DefaultDispatcher-worker-1] Survey recovery WorkManager available. where=startupSurveyUploads(initial) took=0ms
2026-09-24T01:16:09.064Z D/SurveyApp [DefaultDispatcher-worker-1] Startup survey recovery complete: discovered=5 attempted=5 submitted=0 active=5 trackerUnconfirmed=0 uploaded=0 deferred=0 invalid=0 operationalFailures=0 duplicates=0 unclassified=5
2026-09-24T01:20:22.465Z I/RuntimeLogStore [DefaultDispatcher-worker-27] start repair: ctx/dir refreshed
