=== RuntimeLogStore Header ===
ts=2026-09-29T05:02:46.452Z
fileNameFormat=LEGACY
appId=com.negi.survey
versionName=0.0.1
versionCode=1
debug=true
device=samsung SM-S731U
sdk=36
pid=5044
==============================
2026-09-29T05:02:46.452Z I/RuntimeLogStore [rtlog-io] start: actor launched (fileNameFormat=LEGACY)
2026-09-29T05:02:46.447Z D/SurveyApp [main] attachBaseContext: pid=5044 process=com.negi.survey isMain=true sdk=36
2026-09-29T05:02:46.447Z D/SurveyApp [main] bootTiming: attachBaseContext total=47ms
2026-09-29T05:02:46.447Z D/SurveyApp [main] Skipping WorkManager init in attachBaseContext; will init lazily on first enqueue.
2026-09-29T05:02:46.449Z D/SurveyApp [main] CrashCapture installed: where=SurveyApp:attachBaseContext
2026-09-29T05:02:46.461Z I/RuntimeLogStore [main] start repair: ctx/dir refreshed
2026-09-29T05:02:46.461Z D/SurveyApp [main] bootTiming: RuntimeLogStore.start took=0ms
2026-09-29T05:02:46.461Z D/SurveyApp [main] bootTiming: AppRingLogStore.install took=0ms
2026-09-29T05:02:46.461Z D/SurveyApp [main] onCreate: pid=5044 process=com.negi.survey isMain=true sdk=36
2026-09-29T05:02:46.464Z D/SurveyApp [main] CrashCapture installed: where=SurveyApp:onCreate(rewrap)
2026-09-29T05:02:46.465Z D/SurveyApp [main] CrashCapture self-healing registered.
2026-09-29T05:02:46.465Z W/SurveyApp [main] Startup enqueues deferred: delay=2500ms (to reduce init contention)
2026-09-29T05:02:46.465Z D/SurveyApp [main] Startup survey recovery deferred: delay=2500ms
2026-09-29T05:02:46.465Z D/SurveyApp [main] bootTiming: onCreate total=5ms
2026-09-29T05:02:46.477Z I/RuntimeLogStore [DefaultDispatcher-worker-2] start repair: ctx/dir refreshed
2026-09-29T05:02:47.988Z I/RuntimeLogStore [DefaultDispatcher-worker-3] start repair: ctx/dir refreshed
