=== RuntimeLogStore Header ===
ts=2026-09-24T00:48:47.726Z
fileNameFormat=LEGACY
appId=com.negi.survey
versionName=0.0.1
versionCode=1
debug=true
device=Google Pixel 9a
sdk=36
pid=26148
==============================
2026-09-24T00:48:47.727Z I/RuntimeLogStore [rtlog-io] --- rotated (reason=plain_snapshot:receiver_my_package_repl) ---
2026-09-24T00:48:48.220Z W/SurveyApp [main] Deferred startup enqueues begin...
2026-09-24T00:48:48.225Z D/SurveyApp [main] WorkManager available. where=startupRtLogs(immediate) took=0ms
2026-09-24T00:48:48.235Z D/SurveyApp [main] Startup runtime logs target -> owner=ishizuki-tech repo=SurveyExports branch=main base='/diagnostics/runtime_logs'
2026-09-24T00:48:48.244Z D/SurveyApp [main] Startup runtime logs: enqueue requested (immediate).
2026-09-24T00:48:48.245Z D/SurveyApp [main] WorkManager available. where=startupRingLogs(immediate) took=0ms
2026-09-24T00:48:48.254Z D/SurveyApp [main] Startup ring logs target -> owner=ishizuki-tech repo=SurveyExports branch=main base='/diagnostics/applog_ring'
2026-09-24T00:48:48.259Z D/SurveyApp [main] Startup ring logs: enqueue requested (immediate).
2026-09-24T00:48:48.260Z D/SurveyApp [main] WorkManager available. where=enqueuePending(immediate) took=0ms
2026-09-24T00:48:48.262Z D/SurveyApp [main] CrashCapture pending uploads requested (immediate).
2026-09-24T00:48:48.263Z W/SurveyApp [main] Deferred startup enqueues done: took=43ms
