=== RuntimeLogStore Header ===
ts=2026-10-02T00:20:00.279Z
fileNameFormat=LEGACY
appId=com.negi.survey
versionName=0.0.1
versionCode=110
debug=false
device=samsung SM-S731U
sdk=36
pid=23458
==============================
2026-10-02T00:20:00.279Z I/RuntimeLogStore [rtlog-io] start: actor launched (fileNameFormat=LEGACY)
2026-10-02T00:20:00.276Z D/SurveyApp [main] attachBaseContext: pid=23458 process=com.negi.survey isMain=true sdk=36
2026-10-02T00:20:00.276Z D/SurveyApp [main] bootTiming: attachBaseContext total=9ms
2026-10-02T00:20:00.276Z D/SurveyApp [main] Skipping WorkManager init in attachBaseContext; will init lazily on first enqueue.
2026-10-02T00:20:00.276Z D/SurveyApp [main] CrashCapture installed: where=SurveyApp:attachBaseContext
2026-10-02T00:20:00.282Z I/RuntimeLogStore [main] start repair: ctx/dir refreshed
2026-10-02T00:20:00.282Z D/SurveyApp [main] bootTiming: RuntimeLogStore.start took=0ms
2026-10-02T00:20:00.282Z D/SurveyApp [main] bootTiming: AppRingLogStore.install took=0ms
2026-10-02T00:20:00.282Z D/SurveyApp [main] onCreate: pid=23458 process=com.negi.survey isMain=true sdk=36
2026-10-02T00:20:00.283Z D/SurveyApp [main] CrashCapture installed: where=SurveyApp:onCreate(rewrap)
2026-10-02T00:20:00.283Z D/SurveyApp [main] CrashCapture self-healing registered.
2026-10-02T00:20:00.283Z W/SurveyApp [main] Startup enqueues deferred: delay=2500ms (to reduce init contention)
2026-10-02T00:20:00.283Z D/SurveyApp [main] Startup survey recovery deferred: delay=2500ms
2026-10-02T00:20:00.283Z D/SurveyApp [main] bootTiming: onCreate total=2ms
2026-10-02T00:20:00.413Z I/RuntimeLogStore [DefaultDispatcher-worker-1] start repair: ctx/dir refreshed
2026-10-02T00:20:02.784Z W/SurveyApp [main] Deferred startup enqueues begin...
2026-10-02T00:20:02.785Z D/SurveyApp [main] WorkManager available. where=startupRtLogs(immediate) took=0ms
2026-10-02T00:20:02.789Z D/SurveyApp [main] Startup runtime logs target -> owner=ishizuki-tech repo=SurveyExports branch=main base='/diagnostics/runtime_logs'
2026-10-02T00:20:02.794Z D/SurveyApp [main] Startup runtime logs: enqueue requested (immediate).
2026-10-02T00:20:02.794Z D/SurveyApp [main] WorkManager available. where=startupRingLogs(immediate) took=0ms
2026-10-02T00:20:02.795Z D/SurveyApp [main] Startup ring logs target -> owner=ishizuki-tech repo=SurveyExports branch=main base='/diagnostics/applog_ring'
2026-10-02T00:20:02.797Z D/SurveyApp [main] Startup ring logs: enqueue requested (immediate).
2026-10-02T00:20:02.797Z D/SurveyApp [main] WorkManager available. where=enqueuePending(immediate) took=0ms
2026-10-02T00:20:02.798Z D/SurveyApp [main] CrashCapture pending uploads requested (immediate).
2026-10-02T00:20:02.798Z W/SurveyApp [main] Deferred startup enqueues done: took=14ms
2026-10-02T00:20:02.799Z D/SurveyApp [DefaultDispatcher-worker-1] Survey recovery WorkManager available. where=startupSurveyUploads(initial) took=0ms
2026-10-02T00:20:02.824Z D/SurveyApp [DefaultDispatcher-worker-1] Startup survey recovery complete: discovered=1 attempted=1 submitted=0 active=1 trackerUnconfirmed=0 uploaded=0 deferred=0 invalid=0 operationalFailures=0 duplicates=0 unclassified=1
2026-10-02T00:21:22.199Z I/RuntimeLogStore [DefaultDispatcher-worker-15] start repair: ctx/dir refreshed
