=== RuntimeLogStore Header ===
ts=2026-10-01T23:47:46.996Z
fileNameFormat=LEGACY
appId=com.negi.survey
versionName=0.0.1
versionCode=109
debug=false
device=samsung SM-S731U
sdk=36
pid=12514
==============================
2026-10-01T23:47:46.997Z I/RuntimeLogStore [rtlog-io] --- rotated (reason=plain_snapshot:receiver_boot_completed) ---
2026-10-02T00:14:55.656Z D/LiteRtLM [DefaultDispatcher-worker-4] Initializing LiteRT-LM: model='Gemma3n4B', key='fs|dev=65088|ino=34395|size=4919541760|mtime=1790893403654'
2026-10-02T00:14:55.656Z D/LiteRtLM [DefaultDispatcher-worker-4] Capabilities: image=false audio=false
2026-10-02T00:14:55.656Z D/LiteRtLM [DefaultDispatcher-worker-4] Backend=com.google.ai.edge.litertlm.Backend$GPU@df905f6 maxNumTokens=1024 (raw=1024) topK=1 topP=0.0 temp=0.0
2026-10-02T00:14:55.657Z D/LiteRtLM [DefaultDispatcher-worker-4] Model path='/data/user/0/com.negi.survey/files/gemma-3n-E4B-it-int4.litertlm' sizeBytes=4919541760 lastModified=1790893403654
2026-10-02T00:14:55.657Z D/LiteRtLM [DefaultDispatcher-worker-4] LiteRT-LM native benchmark policy: enabled=false emulator=false
2026-10-02T00:14:55.657Z D/LiteRtLM [DefaultDispatcher-worker-4] Speculative decoding / MTP policy: enabled=false runtimeFlagUpdated=true model='Gemma3n4B'
2026-10-02T00:14:55.659Z D/LiteRtLM [DefaultDispatcher-worker-4] Engine cacheDir resolved: key='fs|dev=65088|ino=34395|size=4919541760|mtime=1790893403654' backend=com.google.ai.edge.litertlm.Backend$GPU@df905f6 path='/data/user/0/com.negi.survey/no_backup/litertlm_cache/e99f4a8207fc82b82c116d63e91df981ac444f6e' filesBefore=2
2026-10-02T00:15:05.999Z W/LiteRtLM [DefaultDispatcher-worker-4] Engine.initialize completed: key='fs|dev=65088|ino=34395|size=4919541760|mtime=1790893403654' backend=com.google.ai.edge.litertlm.Backend$GPU@df905f6 took=10336ms cacheFilesAfter=2
2026-10-02T00:15:06.032Z D/LiteRtLM [DefaultDispatcher-worker-4] createConversation completed: key='fs|dev=65088|ino=34395|size=4919541760|mtime=1790893403654' took=31ms
2026-10-02T00:15:06.033Z D/LiteRtLM [DefaultDispatcher-worker-4] LiteRT-LM initialization succeeded: model='Gemma3n4B', key='fs|dev=65088|ino=34395|size=4919541760|mtime=1790893403654' engineMs=10336 conversationMs=31 totalMs=10377
2026-10-02T00:15:06.058Z D/AiTrace [main] Installed (enabled=false ringEnabled=true)
2026-10-02T00:15:06.075Z D/SurveyVM [main] init -> Start, session=0, uuid=e9955a5f-4ef8-4b2c-8b96-d3e782b7ae8e, navSize=1, graphSize=22
2026-10-02T00:15:06.081Z D/SurveyVM [main] config.validate -> issues=0
2026-10-02T00:15:06.081Z D/SurveyVM [main] promptSources -> legacy=10, eval=0, follow=0
2026-10-02T00:15:06.081Z D/SurveyVM [main] promptSources.preview -> legacy=[Q10, Q11, Q12, Q13, Q14, Q15, Q16, Q7, Q8, Q9], eval=[], follow=[]
2026-10-02T00:15:06.081Z D/SurveyVM [main] hasTwoStepPrompt[Q10] -> true (eval=219, fu=244)
2026-10-02T00:15:06.081Z D/SurveyVM [main] hasTwoStepPrompt[Q11] -> true (eval=229, fu=254)
2026-10-02T00:15:06.081Z D/SurveyVM [main] hasTwoStepPrompt[Q12] -> true (eval=184, fu=209)
2026-10-02T00:15:06.081Z D/SurveyVM [main] hasTwoStepPrompt[Q13] -> true (eval=221, fu=246)
2026-10-02T00:15:06.081Z D/SurveyVM [main] hasTwoStepPrompt[Q14] -> true (eval=160, fu=185)
2026-10-02T00:15:06.081Z D/SurveyVM [main] hasTwoStepPrompt[Q15] -> true (eval=185, fu=210)
2026-10-02T00:15:06.081Z D/SurveyVM [main] hasTwoStepPrompt[Q16] -> true (eval=200, fu=225)
2026-10-02T00:15:06.081Z D/SurveyVM [main] hasTwoStepPrompt[Q7] -> true (eval=248, fu=273)
2026-10-02T00:15:06.081Z D/SurveyVM [main] hasTwoStepPrompt[Q8] -> true (eval=190, fu=215)
2026-10-02T00:15:06.081Z D/SurveyVM [main] hasTwoStepPrompt[Q9] -> true (eval=195, fu=220)
2026-10-02T00:15:06.081Z D/SurveyVM [main] AI prompt coverage OK (aiCount=10)
2026-10-02T00:15:06.544Z D/LiteRtLM [slm-jni] initializeIfNeeded: warm runtime already ready: key='fs|dev=65088|ino=34395|size=4919541760|mtime=1790893403654'
2026-10-02T00:15:06.546Z D/LiteRtRepository [main] warmUp: initializeIfNeeded ok gateWaitMs=0 initMs=3
2026-10-02T00:15:06.546Z D/LiteRtRepository [main] warmUp: Engine ready; representative inference disabled totalMs=3
2026-10-02T00:15:07.833Z D/SurveyVM [main] resetAudioRefs -> cleared
2026-10-02T00:15:07.833Z D/SurveyVM [main] resetNavToStart -> key=com.negi.survey.vm.FlowHome@1582a53, navSize=1
2026-10-02T00:15:07.833Z D/SurveyVM [main] resetToStart -> Start, session=1, uuid=2e0dfdba-fc52-4719-933a-11eeea283557, preserveDraft=true, draftLen=0
2026-10-02T00:15:07.833Z D/SurveyVM [main] activateRunIfNeeded(advanceToNext:Introduction) -> runNoteLen=0, draftCleared=true, uuid=2e0dfdba-fc52-4719-933a-11eeea283557
2026-10-02T00:15:07.833Z D/SurveyVM [main] push -> Introduction, navSize=2, stackSize=2
2026-10-02T00:15:09.476Z D/SurveyVM [main] push -> Consent, navSize=3, stackSize=3
2026-10-02T00:15:11.824Z D/SurveyVM [main] push -> Q1, navSize=4, stackSize=4
2026-10-02T00:15:13.621Z D/SurveyVM [main] push -> Q2, navSize=5, stackSize=5
2026-10-02T00:15:15.259Z D/SurveyVM [main] push -> Q3, navSize=6, stackSize=6
2026-10-02T00:15:18.781Z D/SurveyVM [main] push -> Q4, navSize=7, stackSize=7
2026-10-02T00:15:20.499Z D/SurveyVM [main] push -> Q5, navSize=8, stackSize=8
2026-10-02T00:15:21.201Z D/SurveyVM [main] push -> Q6, navSize=9, stackSize=9
2026-10-02T00:15:24.663Z D/SurveyVM [main] push -> Q7, navSize=10, stackSize=10
2026-10-02T00:15:24.695Z D/SurveyVM [main] hasTwoStepPrompt[Q7] -> true (eval=248, fu=273)
2026-10-02T00:15:27.245Z D/SurveyVM [main] getEvalPrompt[Q7] -> len=305
2026-10-02T00:15:27.252Z D/LiteRtRepository [DefaultDispatcher-worker-4] [1] request start model='Gemma3n4B' prompt.len=2951 sha=2adb7749f6275a90 gateWaitMs=2
2026-10-02T00:15:27.253Z D/LiteRtLM [slm-jni] initializeIfNeeded: warm runtime already ready: key='fs|dev=65088|ino=34395|size=4919541760|mtime=1790893403654'
2026-10-02T00:15:27.253Z D/LiteRtRepository [DefaultDispatcher-worker-4] [1] initializeIfNeeded ok initMs=1
2026-10-02T00:15:27.254Z D/LiteRtLM [DefaultDispatcher-worker-4] runInference start: key='fs|dev=65088|ino=34395|size=4919541760|mtime=1790893403654' runId=1 hasText=true originalTextLen=2951 effectiveTextLen=2951 images=0 audioClips=0
2026-10-02T00:15:27.255Z D/LiteRtLM [DefaultDispatcher-worker-4] LiteRT-LM sendMessageAsync(text): key='fs|dev=65088|ino=34395|size=4919541760|mtime=1790893403654' runId=1 len=2951 maxOutputTokens=64
2026-10-02T00:15:27.293Z D/LiteRtLM [DefaultDispatcher-worker-4] sendMessageAsync accepted: key='fs|dev=65088|ino=34395|size=4919541760|mtime=1790893403654' runId=1 dispatchMs=39
2026-10-02T00:15:32.305Z W/LiteRtLM [Thread-22] Inference first output: key='fs|dev=65088|ino=34395|size=4919541760|mtime=1790893403654' runId=1 ttftMs=5051 dispatchMs=39 postDispatchTtftMs=5012 requestToFirstOutputMs=5051
2026-10-02T00:15:34.299Z W/LiteRtLM [Thread-38] Inference timing: key='fs|dev=65088|ino=34395|size=4919541760|mtime=1790893403654' runId=1 ttftMs=5051 dispatchMs=39 postDispatchTtftMs=5012 totalMs=7045 callbacks=16 outputChars=62 cancelled=false error=false requestTotalMs=7045
2026-10-02T00:15:34.299Z I/LiteRtLM [Thread-38] LiteRT completion: runId=1 terminal=normal_onDone phase=unavailable engineTokenCapacity=1024 prefillTokens=-1 decodeTokens=-1 kvTokens=-1 outputChars=62 callbacks=16
2026-10-02T00:15:34.300Z D/LiteRtRepository [main] [1] logical done=true; responseClosed=true; waiting native cleanup
2026-10-02T00:15:34.301Z D/LiteRtRepository [main] [1] native cleanup safepoint
2026-10-02T00:15:34.307Z I/AiViewModel [DefaultDispatcher-worker-2] run[1] done: phase=EVAL mode=EVAL_JSON score=1 FU0.len=0 FU0.sha16=none commit=true err=<none>
2026-10-02T00:15:34.308Z D/LiteRtRepository [DefaultDispatcher-worker-3] [1] Conversation reset completed after safepoint
2026-10-02T00:15:34.310Z D/SurveyVM [DefaultDispatcher-worker-2] getFollowupPrompt[Q7] -> len=378 evalLen=62
2026-10-02T00:15:34.311Z D/LiteRtRepository [DefaultDispatcher-worker-4] [2] request start model='Gemma3n4B' prompt.len=915 sha=194660c113a3f740 gateWaitMs=0
2026-10-02T00:15:34.311Z D/LiteRtLM [slm-jni] initializeIfNeeded: warm runtime already ready: key='fs|dev=65088|ino=34395|size=4919541760|mtime=1790893403654'
2026-10-02T00:15:34.312Z D/LiteRtRepository [DefaultDispatcher-worker-4] [2] initializeIfNeeded ok initMs=1
2026-10-02T00:15:34.312Z D/LiteRtLM [DefaultDispatcher-worker-4] runInference start: key='fs|dev=65088|ino=34395|size=4919541760|mtime=1790893403654' runId=2 hasText=true originalTextLen=915 effectiveTextLen=915 images=0 audioClips=0
2026-10-02T00:15:34.312Z D/LiteRtLM [DefaultDispatcher-worker-4] LiteRT-LM sendMessageAsync(text): key='fs|dev=65088|ino=34395|size=4919541760|mtime=1790893403654' runId=2 len=915 maxOutputTokens=64
2026-10-02T00:15:34.314Z D/LiteRtLM [DefaultDispatcher-worker-4] sendMessageAsync accepted: key='fs|dev=65088|ino=34395|size=4919541760|mtime=1790893403654' runId=2 dispatchMs=2
2026-10-02T00:15:35.832Z W/LiteRtLM [Thread-39] Inference first output: key='fs|dev=65088|ino=34395|size=4919541760|mtime=1790893403654' runId=2 ttftMs=1520 dispatchMs=2 postDispatchTtftMs=1518 requestToFirstOutputMs=1520
2026-10-02T00:15:38.638Z W/LiteRtLM [Thread-62] Inference timing: key='fs|dev=65088|ino=34395|size=4919541760|mtime=1790893403654' runId=2 ttftMs=1520 dispatchMs=2 postDispatchTtftMs=1518 totalMs=4326 callbacks=23 outputChars=104 cancelled=false error=false requestTotalMs=4326
2026-10-02T00:15:38.639Z I/LiteRtLM [Thread-62] LiteRT completion: runId=2 terminal=normal_onDone phase=unavailable engineTokenCapacity=1024 prefillTokens=-1 decodeTokens=-1 kvTokens=-1 outputChars=104 callbacks=23
2026-10-02T00:15:38.642Z D/LiteRtRepository [main] [2] logical done=true; responseClosed=true; waiting native cleanup
2026-10-02T00:15:38.642Z D/LiteRtRepository [main] [2] native cleanup safepoint
2026-10-02T00:15:38.648Z I/AiViewModel [DefaultDispatcher-worker-7] run[2] done: phase=FOLLOWUP mode=FOLLOWUP_JSON_OR_TEXT score=null FU0.len=104 FU0.sha16=4e5c97275a6e5ee5 commit=false err=<none>
2026-10-02T00:15:38.659Z D/LiteRtRepository [DefaultDispatcher-worker-9] [2] Conversation reset completed after safepoint
2026-10-02T00:15:40.470Z D/SurveyVM [main] push -> Q8, navSize=11, stackSize=11
2026-10-02T00:15:40.476Z D/SurveyVM [main] hasTwoStepPrompt[Q8] -> true (eval=190, fu=215)
2026-10-02T00:15:41.944Z D/SurveyVM [main] push -> Q9, navSize=12, stackSize=12
2026-10-02T00:15:41.949Z D/SurveyVM [main] hasTwoStepPrompt[Q9] -> true (eval=195, fu=220)
2026-10-02T00:15:42.513Z D/SurveyVM [main] push -> Q10, navSize=13, stackSize=13
2026-10-02T00:15:42.517Z D/SurveyVM [main] hasTwoStepPrompt[Q10] -> true (eval=219, fu=244)
2026-10-02T00:15:42.963Z D/SurveyVM [main] push -> Q11, navSize=14, stackSize=14
2026-10-02T00:15:42.969Z D/SurveyVM [main] hasTwoStepPrompt[Q11] -> true (eval=229, fu=254)
2026-10-02T00:15:43.353Z D/SurveyVM [main] push -> Q12, navSize=15, stackSize=15
2026-10-02T00:15:43.359Z D/SurveyVM [main] hasTwoStepPrompt[Q12] -> true (eval=184, fu=209)
2026-10-02T00:15:43.994Z D/SurveyVM [main] push -> Q13, navSize=16, stackSize=16
2026-10-02T00:15:43.999Z D/SurveyVM [main] hasTwoStepPrompt[Q13] -> true (eval=221, fu=246)
2026-10-02T00:15:44.386Z D/SurveyVM [main] push -> Q14, navSize=17, stackSize=17
2026-10-02T00:15:44.392Z D/SurveyVM [main] hasTwoStepPrompt[Q14] -> true (eval=160, fu=185)
2026-10-02T00:15:45.135Z D/SurveyVM [main] push -> Q15, navSize=18, stackSize=18
2026-10-02T00:15:45.139Z D/SurveyVM [main] hasTwoStepPrompt[Q15] -> true (eval=185, fu=210)
2026-10-02T00:15:45.426Z D/SurveyVM [main] push -> Q16, navSize=19, stackSize=19
2026-10-02T00:15:45.431Z D/SurveyVM [main] hasTwoStepPrompt[Q16] -> true (eval=200, fu=225)
2026-10-02T00:15:45.609Z D/SurveyVM [main] push -> Review, navSize=20, stackSize=20
2026-10-02T00:15:45.614Z D/SurveyVM [main] hasTwoStepPrompt[Review] -> false (eval=0, fu=0)
2026-10-02T00:15:48.966Z D/SurveyVM [main] push -> Done, navSize=21, stackSize=21
2026-10-02T00:15:51.667Z D/SurveyVM [main] resetAudioRefs -> cleared
