=== RuntimeLogStore Header ===
ts=2026-09-21T05:24:17.087Z
fileNameFormat=LEGACY
appId=com.negi.survey
versionName=0.0.1
versionCode=70
debug=false
device=samsung SM-S936B
sdk=36
pid=23071
==============================
2026-09-21T05:24:17.087Z I/RuntimeLogStore [rtlog-io] start: actor launched (fileNameFormat=LEGACY)
2026-09-21T05:24:17.087Z D/SurveyApp [main] attachBaseContext: pid=23071 process=com.negi.survey isMain=true sdk=36
2026-09-21T05:24:17.087Z D/SurveyApp [main] bootTiming: attachBaseContext total=6ms
2026-09-21T05:24:17.087Z D/SurveyApp [main] Skipping WorkManager init in attachBaseContext; will init lazily on first enqueue.
2026-09-21T05:24:17.087Z D/SurveyApp [main] CrashCapture installed: where=SurveyApp:attachBaseContext
2026-09-21T05:24:17.090Z I/RuntimeLogStore [main] start repair: ctx/dir refreshed
2026-09-21T05:24:17.090Z D/SurveyApp [main] bootTiming: RuntimeLogStore.start took=0ms
2026-09-21T05:24:17.090Z D/SurveyApp [main] bootTiming: AppRingLogStore.install took=0ms
2026-09-21T05:24:17.090Z D/SurveyApp [main] onCreate: pid=23071 process=com.negi.survey isMain=true sdk=36
2026-09-21T05:24:17.091Z D/SurveyApp [main] CrashCapture installed: where=SurveyApp:onCreate(rewrap)
2026-09-21T05:24:17.091Z D/SurveyApp [main] CrashCapture self-healing registered.
2026-09-21T05:24:17.091Z W/SurveyApp [main] Startup enqueues deferred: delay=2500ms (to reduce init contention)
2026-09-21T05:24:17.091Z D/SurveyApp [main] bootTiming: onCreate total=1ms
2026-09-21T05:24:17.095Z I/RuntimeLogStore [DefaultDispatcher-worker-1] start repair: ctx/dir refreshed
2026-09-21T05:24:18.329Z I/RuntimeLogStore [DefaultDispatcher-worker-1] start repair: ctx/dir refreshed
