20260925_201720 I/AppRingLogStore pid=4590 tid=4590 uptimeMs=155191283 msg=install: pid=4590 timeUtc=20260925_201720 uptimeMs=155191281
20260925_201720 D/SurveyApp pid=4590 tid=4590 uptimeMs=155191284 msg=attachBaseContext: pid=4590 process=com.negi.survey isMain=true sdk=36
20260925_201720 D/SurveyApp pid=4590 tid=4590 uptimeMs=155191306 msg=onCreate: pid=4590 process=com.negi.survey isMain=true sdk=36
20260925_201752 I/AppRingLogStore pid=4757 tid=4757 uptimeMs=155223305 msg=install: pid=4757 timeUtc=20260925_201752 uptimeMs=155223304
20260925_201752 D/SurveyApp pid=4757 tid=4757 uptimeMs=155223305 msg=attachBaseContext: pid=4757 process=com.negi.survey isMain=true sdk=36
20260925_201753 D/SurveyApp pid=4757 tid=4757 uptimeMs=155223319 msg=onCreate: pid=4757 process=com.negi.survey isMain=true sdk=36
20260925_201928 I/AppRingLogStore pid=4859 tid=4859 uptimeMs=155318436 msg=install: pid=4859 timeUtc=20260925_201928 uptimeMs=155318434
20260925_201928 D/SurveyApp pid=4859 tid=4859 uptimeMs=155318437 msg=attachBaseContext: pid=4859 process=com.negi.survey isMain=true sdk=36
20260925_201928 D/SurveyApp pid=4859 tid=4859 uptimeMs=155318475 msg=onCreate: pid=4859 process=com.negi.survey isMain=true sdk=36
20260929_042724 I/AppRingLogStore pid=9948 tid=9948 uptimeMs=443800321 msg=install: pid=9948 timeUtc=20260929_042724 uptimeMs=443800320
20260929_042724 D/SurveyApp pid=9948 tid=9948 uptimeMs=443800322 msg=attachBaseContext: pid=9948 process=com.negi.survey isMain=true sdk=36
20260929_042724 D/SurveyApp pid=9948 tid=9948 uptimeMs=443800336 msg=onCreate: pid=9948 process=com.negi.survey isMain=true sdk=36
20260929_042956 I/AppRingLogStore pid=10798 tid=10798 uptimeMs=443952453 msg=install: pid=10798 timeUtc=20260929_042956 uptimeMs=443952452
20260929_042956 D/SurveyApp pid=10798 tid=10798 uptimeMs=443952453 msg=attachBaseContext: pid=10798 process=com.negi.survey isMain=true sdk=36
20260929_042956 D/SurveyApp pid=10798 tid=10798 uptimeMs=443952467 msg=onCreate: pid=10798 process=com.negi.survey isMain=true sdk=36
20260929_043118 D/AiTrace pid=10798 tid=10798 uptimeMs=444035097 msg=Installed (enabled=true ringEnabled=true)
20260929_043119 D/LiteRtRepository pid=10798 tid=10798 uptimeMs=444035158 msg=warmUp init ok initMs=6 gateWaitMs=0
20260929_043119 D/LiteRtRepository pid=10798 tid=10798 uptimeMs=444035158 msg=warmUp Engine ready representativeInference=false totalMs=6
20260929_043119 D/LiteRtRepository pid=10798 tid=10872 uptimeMs=444035165 msg=[1] start model='Gemma3n4B' prompt.len=111 sha=19a803cba166cfa8 gateWaitMs=6
20260929_043119 D/LiteRtRepository pid=10798 tid=10872 uptimeMs=444035168 msg=[1] init ok initMs=3
20260929_043120 D/LiteRtRepository pid=10798 tid=10798 uptimeMs=444036874 msg=[1] logicalDone=true
20260929_043120 D/LiteRtRepository pid=10798 tid=10798 uptimeMs=444036875 msg=[1] native cleanup safepoint
20260929_043120 D/LiteRtRepository pid=10798 tid=10870 uptimeMs=444036897 msg=[1] Conversation reset completed after safepoint
20260929_043120 I/LiteRtRepository pid=10798 tid=10870 uptimeMs=444036900 msg=[1] finalize reason='native-terminated' totalMs=1739 inferenceMs=1732 firstTokenMs=1362 chunks=2 emittedChars=6 out.len=6 capturedAll=true logicalDone=true nativeTerminated=true cancelTag='null' lastDeltaMsAgo=195 lastEventMsAgo=26
20260929_043304 I/AppRingLogStore pid=11907 tid=11907 uptimeMs=444140495 msg=install: pid=11907 timeUtc=20260929_043304 uptimeMs=444140494
20260929_043304 D/SurveyApp pid=11907 tid=11907 uptimeMs=444140496 msg=attachBaseContext: pid=11907 process=com.negi.survey isMain=true sdk=36
20260929_043304 D/SurveyApp pid=11907 tid=11907 uptimeMs=444140510 msg=onCreate: pid=11907 process=com.negi.survey isMain=true sdk=36
20260929_043317 D/AiTrace pid=11907 tid=11907 uptimeMs=444153336 msg=Installed (enabled=true ringEnabled=true)
20260929_043317 D/LiteRtRepository pid=11907 tid=11907 uptimeMs=444153552 msg=warmUp init ok initMs=12 gateWaitMs=0
20260929_043317 D/LiteRtRepository pid=11907 tid=11907 uptimeMs=444153552 msg=warmUp Engine ready representativeInference=false totalMs=12
20260929_043317 D/LiteRtRepository pid=11907 tid=11929 uptimeMs=444153567 msg=[1] start model='Gemma3n4B' prompt.len=111 sha=19a803cba166cfa8 gateWaitMs=13
20260929_043317 D/LiteRtRepository pid=11907 tid=11929 uptimeMs=444153571 msg=[1] init ok initMs=3
20260929_043319 D/LiteRtRepository pid=11907 tid=11907 uptimeMs=444155373 msg=[1] logicalDone=true
20260929_043319 D/LiteRtRepository pid=11907 tid=11907 uptimeMs=444155374 msg=[1] native cleanup safepoint
20260929_043319 D/LiteRtRepository pid=11907 tid=12020 uptimeMs=444155395 msg=[1] Conversation reset completed after safepoint
20260929_043319 I/LiteRtRepository pid=11907 tid=11929 uptimeMs=444155396 msg=[1] finalize reason='native-terminated' totalMs=1829 inferenceMs=1825 firstTokenMs=1461 chunks=2 emittedChars=6 out.len=6 capturedAll=true logicalDone=true nativeTerminated=true cancelTag='null' lastDeltaMsAgo=190 lastEventMsAgo=22
20260929_045015 I/AppRingLogStore pid=16453 tid=16453 uptimeMs=445172075 msg=install: pid=16453 timeUtc=20260929_045015 uptimeMs=445172074
20260929_045015 D/SurveyApp pid=16453 tid=16453 uptimeMs=445172075 msg=attachBaseContext: pid=16453 process=com.negi.survey isMain=true sdk=36
20260929_045015 D/SurveyApp pid=16453 tid=16453 uptimeMs=445172089 msg=onCreate: pid=16453 process=com.negi.survey isMain=true sdk=36
20260929_045029 D/AiTrace pid=16453 tid=16453 uptimeMs=445185177 msg=Installed (enabled=true ringEnabled=true)
20260929_045029 D/LiteRtRepository pid=16453 tid=16453 uptimeMs=445185343 msg=warmUp init ok initMs=10 gateWaitMs=0
20260929_045029 D/LiteRtRepository pid=16453 tid=16453 uptimeMs=445185343 msg=warmUp Engine ready representativeInference=false totalMs=10
20260929_045029 D/LiteRtRepository pid=16453 tid=16474 uptimeMs=445185355 msg=[1] start model='Gemma3n4B' prompt.len=111 sha=19a803cba166cfa8 gateWaitMs=11
20260929_045029 D/LiteRtRepository pid=16453 tid=16474 uptimeMs=445185358 msg=[1] init ok initMs=3
20260929_045030 D/LiteRtRepository pid=16453 tid=16453 uptimeMs=445187061 msg=[1] logicalDone=true
20260929_045030 D/LiteRtRepository pid=16453 tid=16453 uptimeMs=445187062 msg=[1] native cleanup safepoint
20260929_045030 D/LiteRtRepository pid=16453 tid=16569 uptimeMs=445187087 msg=[1] Conversation reset completed after safepoint
20260929_045030 I/LiteRtRepository pid=16453 tid=16569 uptimeMs=445187089 msg=[1] finalize reason='native-terminated' totalMs=1734 inferenceMs=1730 firstTokenMs=1373 chunks=2 emittedChars=6 out.len=6 capturedAll=true logicalDone=true nativeTerminated=true cancelTag='null' lastDeltaMsAgo=188 lastEventMsAgo=27
20260929_050201 I/AppRingLogStore pid=19549 tid=19549 uptimeMs=445877930 msg=install: pid=19549 timeUtc=20260929_050201 uptimeMs=445877930
20260929_050201 D/SurveyApp pid=19549 tid=19549 uptimeMs=445877933 msg=attachBaseContext: pid=19549 process=com.negi.survey isMain=true sdk=36
20260929_050201 D/SurveyApp pid=19549 tid=19549 uptimeMs=445877975 msg=onCreate: pid=19549 process=com.negi.survey isMain=true sdk=36
20260929_050847 I/AppRingLogStore pid=20904 tid=20904 uptimeMs=446283317 msg=install: pid=20904 timeUtc=20260929_050847 uptimeMs=446283316
20260929_050847 D/SurveyApp pid=20904 tid=20904 uptimeMs=446283318 msg=attachBaseContext: pid=20904 process=com.negi.survey isMain=true sdk=36
20260929_050847 D/SurveyApp pid=20904 tid=20904 uptimeMs=446283331 msg=onCreate: pid=20904 process=com.negi.survey isMain=true sdk=36
20260929_050900 D/AiTrace pid=20904 tid=20904 uptimeMs=446297111 msg=Installed (enabled=true ringEnabled=true)
20260929_050901 D/LiteRtRepository pid=20904 tid=20904 uptimeMs=446297295 msg=warmUp init ok initMs=5 gateWaitMs=1
20260929_050901 D/LiteRtRepository pid=20904 tid=20904 uptimeMs=446297295 msg=warmUp Engine ready representativeInference=false totalMs=7
20260929_050901 D/LiteRtRepository pid=20904 tid=20922 uptimeMs=446297305 msg=[1] start model='Gemma3n4B' prompt.len=111 sha=19a803cba166cfa8 gateWaitMs=9
20260929_050901 D/LiteRtRepository pid=20904 tid=20922 uptimeMs=446297307 msg=[1] init ok initMs=0
20260929_050902 D/LiteRtRepository pid=20904 tid=20904 uptimeMs=446299111 msg=[1] logicalDone=true
20260929_050902 D/LiteRtRepository pid=20904 tid=20904 uptimeMs=446299112 msg=[1] native cleanup safepoint
20260929_050903 D/LiteRtRepository pid=20904 tid=20992 uptimeMs=446299133 msg=[1] Conversation reset completed after safepoint
20260929_050903 I/LiteRtRepository pid=20904 tid=20999 uptimeMs=446299135 msg=[1] finalize reason='native-terminated' totalMs=1829 inferenceMs=1827 firstTokenMs=1463 chunks=2 emittedChars=6 out.len=6 capturedAll=true logicalDone=true nativeTerminated=true cancelTag='null' lastDeltaMsAgo=192 lastEventMsAgo=23
20260929_051020 I/AppRingLogStore pid=21453 tid=21453 uptimeMs=446376741 msg=install: pid=21453 timeUtc=20260929_051020 uptimeMs=446376740
20260929_051020 D/SurveyApp pid=21453 tid=21453 uptimeMs=446376741 msg=attachBaseContext: pid=21453 process=com.negi.survey isMain=true sdk=36
20260929_051020 D/SurveyApp pid=21453 tid=21453 uptimeMs=446376756 msg=onCreate: pid=21453 process=com.negi.survey isMain=true sdk=36
