=== RuntimeLogStore Header ===
ts=2026-09-30T19:45:39.367Z
fileNameFormat=LEGACY
appId=com.negi.survey
versionName=0.0.1
versionCode=105
debug=false
device=samsung SM-S931U1
sdk=36
pid=19134
==============================
2026-09-30T19:45:39.367Z I/RuntimeLogStore [rtlog-io] start: actor launched (fileNameFormat=LEGACY)
2026-09-30T19:45:39.365Z D/SurveyApp [main] attachBaseContext: pid=19134 process=com.negi.survey isMain=true sdk=36
2026-09-30T19:45:39.366Z D/SurveyApp [main] bootTiming: attachBaseContext total=10ms
2026-09-30T19:45:39.366Z D/SurveyApp [main] Skipping WorkManager init in attachBaseContext; will init lazily on first enqueue.
2026-09-30T19:45:39.366Z D/SurveyApp [main] CrashCapture installed: where=SurveyApp:attachBaseContext
2026-09-30T19:45:39.371Z I/RuntimeLogStore [main] start repair: ctx/dir refreshed
2026-09-30T19:45:39.371Z D/SurveyApp [main] bootTiming: RuntimeLogStore.start took=0ms
2026-09-30T19:45:39.371Z D/SurveyApp [main] bootTiming: AppRingLogStore.install took=0ms
2026-09-30T19:45:39.371Z D/SurveyApp [main] onCreate: pid=19134 process=com.negi.survey isMain=true sdk=36
2026-09-30T19:45:39.372Z D/SurveyApp [main] CrashCapture installed: where=SurveyApp:onCreate(rewrap)
2026-09-30T19:45:39.372Z D/SurveyApp [main] CrashCapture self-healing registered.
2026-09-30T19:45:39.372Z W/SurveyApp [main] Startup enqueues deferred: delay=2500ms (to reduce init contention)
2026-09-30T19:45:39.372Z D/SurveyApp [main] Startup survey recovery deferred: delay=2500ms
2026-09-30T19:45:39.372Z D/SurveyApp [main] bootTiming: onCreate total=1ms
2026-09-30T19:45:39.380Z I/RuntimeLogStore [DefaultDispatcher-worker-2] start repair: ctx/dir refreshed
2026-09-30T19:45:40.669Z I/RuntimeLogStore [DefaultDispatcher-worker-1] start repair: ctx/dir refreshed
