=== RuntimeLogStore Header ===
ts=2026-09-30T18:50:35.278Z
fileNameFormat=LEGACY
appId=com.negi.survey
versionName=0.0.1
versionCode=104
debug=false
device=samsung SM-S931U1
sdk=36
pid=5532
==============================
2026-09-30T18:50:35.278Z I/RuntimeLogStore [rtlog-io] --- rotated (reason=plain_snapshot:receiver_my_package_repl) ---
2026-09-30T18:50:36.514Z W/SurveyApp [main] Deferred startup enqueues begin...
2026-09-30T18:50:36.515Z D/SurveyApp [main] WorkManager available. where=startupRtLogs(immediate) took=0ms
2026-09-30T18:50:36.515Z D/SurveyApp [main] Startup runtime logs target -> owner=ishizuki-tech repo=SurveyExports branch=main base='/diagnostics/runtime_logs'
2026-09-30T18:50:36.517Z D/SurveyApp [main] Startup runtime logs: enqueue requested (immediate).
2026-09-30T18:50:36.517Z D/SurveyApp [main] WorkManager available. where=startupRingLogs(immediate) took=0ms
2026-09-30T18:50:36.518Z D/SurveyApp [main] Startup ring logs target -> owner=ishizuki-tech repo=SurveyExports branch=main base='/diagnostics/applog_ring'
2026-09-30T18:50:36.518Z D/SurveyApp [main] Startup ring logs: enqueue requested (immediate).
2026-09-30T18:50:36.518Z D/SurveyApp [main] WorkManager available. where=enqueuePending(immediate) took=0ms
2026-09-30T18:50:36.519Z D/SurveyApp [main] CrashCapture pending uploads requested (immediate).
2026-09-30T18:50:36.519Z W/SurveyApp [main] Deferred startup enqueues done: took=4ms
2026-09-30T18:50:36.520Z D/SurveyApp [DefaultDispatcher-worker-2] Survey recovery WorkManager available. where=startupSurveyUploads(initial) took=0ms
2026-09-30T18:50:36.521Z D/SurveyApp [DefaultDispatcher-worker-2] Startup survey recovery complete: discovered=0 attempted=0 submitted=0 active=0 trackerUnconfirmed=0 uploaded=0 deferred=0 invalid=0 operationalFailures=0 duplicates=0 unclassified=0
2026-09-30T18:54:34.531Z D/LiteRtLM [DefaultDispatcher-worker-5] Initializing LiteRT-LM: model='Gemma3n4B', key='fs|dev=65096|ino=90166|size=4919541760|mtime=1790706902931'
2026-09-30T18:54:34.531Z D/LiteRtLM [DefaultDispatcher-worker-5] Capabilities: image=false audio=false
2026-09-30T18:54:34.531Z D/LiteRtLM [DefaultDispatcher-worker-5] Backend=com.google.ai.edge.litertlm.Backend$GPU@778bc4e maxNumTokens=1024 (raw=1024) topK=1 topP=0.0 temp=0.0
2026-09-30T18:54:34.531Z D/LiteRtLM [DefaultDispatcher-worker-5] Model path='/data/user/0/com.negi.survey/files/gemma-3n-E4B-it-int4.litertlm' sizeBytes=4919541760 lastModified=1790706902931
2026-09-30T18:54:34.531Z D/LiteRtLM [DefaultDispatcher-worker-5] LiteRT-LM native benchmark policy: enabled=false emulator=false
2026-09-30T18:54:34.531Z D/LiteRtLM [DefaultDispatcher-worker-5] Speculative decoding / MTP policy: enabled=false runtimeFlagUpdated=true model='Gemma3n4B'
2026-09-30T18:54:34.534Z D/LiteRtLM [DefaultDispatcher-worker-5] Engine cacheDir resolved: key='fs|dev=65096|ino=90166|size=4919541760|mtime=1790706902931' backend=com.google.ai.edge.litertlm.Backend$GPU@778bc4e path='/data/user/0/com.negi.survey/no_backup/litertlm_cache/26730a1e02d0d60018f7a1f53eb589fb0d36b0f3' filesBefore=2
2026-09-30T18:54:42.371Z W/LiteRtLM [DefaultDispatcher-worker-5] Engine.initialize completed: key='fs|dev=65096|ino=90166|size=4919541760|mtime=1790706902931' backend=com.google.ai.edge.litertlm.Backend$GPU@778bc4e took=7836ms cacheFilesAfter=2
2026-09-30T18:54:42.376Z D/LiteRtLM [DefaultDispatcher-worker-5] createConversation completed: key='fs|dev=65096|ino=90166|size=4919541760|mtime=1790706902931' took=5ms
2026-09-30T18:54:42.376Z D/LiteRtLM [DefaultDispatcher-worker-5] LiteRT-LM initialization succeeded: model='Gemma3n4B', key='fs|dev=65096|ino=90166|size=4919541760|mtime=1790706902931' engineMs=7836 conversationMs=5 totalMs=7847
2026-09-30T18:54:42.383Z D/AiTrace [main] Installed (enabled=false ringEnabled=true)
2026-09-30T18:54:42.386Z D/SurveyVM [main] init -> Start, session=0, uuid=90616d37-ca86-4eb7-9fa9-13651e65d782, navSize=1, graphSize=22
2026-09-30T18:54:42.390Z D/SurveyVM [main] config.validate -> issues=0
2026-09-30T18:54:42.390Z D/SurveyVM [main] promptSources -> legacy=10, eval=0, follow=0
2026-09-30T18:54:42.390Z D/SurveyVM [main] promptSources.preview -> legacy=[Q10, Q11, Q12, Q13, Q14, Q15, Q16, Q7, Q8, Q9], eval=[], follow=[]
2026-09-30T18:54:42.390Z D/SurveyVM [main] hasTwoStepPrompt[Q10] -> true (eval=219, fu=244)
2026-09-30T18:54:42.390Z D/SurveyVM [main] hasTwoStepPrompt[Q11] -> true (eval=229, fu=254)
2026-09-30T18:54:42.390Z D/SurveyVM [main] hasTwoStepPrompt[Q12] -> true (eval=184, fu=209)
2026-09-30T18:54:42.390Z D/SurveyVM [main] hasTwoStepPrompt[Q13] -> true (eval=221, fu=246)
2026-09-30T18:54:42.390Z D/SurveyVM [main] hasTwoStepPrompt[Q14] -> true (eval=160, fu=185)
2026-09-30T18:54:42.390Z D/SurveyVM [main] hasTwoStepPrompt[Q15] -> true (eval=185, fu=210)
2026-09-30T18:54:42.390Z D/SurveyVM [main] hasTwoStepPrompt[Q16] -> true (eval=200, fu=225)
2026-09-30T18:54:42.390Z D/SurveyVM [main] hasTwoStepPrompt[Q7] -> true (eval=248, fu=273)
2026-09-30T18:54:42.390Z D/SurveyVM [main] hasTwoStepPrompt[Q8] -> true (eval=190, fu=215)
2026-09-30T18:54:42.391Z D/SurveyVM [main] hasTwoStepPrompt[Q9] -> true (eval=195, fu=220)
2026-09-30T18:54:42.391Z D/SurveyVM [main] AI prompt coverage OK (aiCount=10)
2026-09-30T18:54:42.528Z D/LiteRtLM [slm-jni] initializeIfNeeded: warm runtime already ready: key='fs|dev=65096|ino=90166|size=4919541760|mtime=1790706902931'
2026-09-30T18:54:42.529Z D/LiteRtRepository [main] warmUp: initializeIfNeeded ok gateWaitMs=0 initMs=2
2026-09-30T18:54:42.529Z D/LiteRtRepository [main] warmUp: Engine ready; representative inference disabled totalMs=3
2026-09-30T18:54:53.674Z D/SurveyVM [main] setRunFreeText(draft) -> len=1
2026-09-30T18:54:53.870Z D/SurveyVM [main] setRunFreeText(draft) -> len=2
2026-09-30T18:54:54.078Z D/SurveyVM [main] setRunFreeText(draft) -> len=3
2026-09-30T18:54:54.469Z D/SurveyVM [main] setRunFreeText(draft) -> len=4
2026-09-30T18:54:54.644Z D/SurveyVM [main] setRunFreeText(draft) -> len=5
2026-09-30T18:54:54.849Z D/SurveyVM [main] setRunFreeText(draft) -> len=6
2026-09-30T18:54:55.328Z D/SurveyVM [main] setRunFreeText(draft) -> len=7
2026-09-30T18:54:55.477Z D/SurveyVM [main] setRunFreeText(draft) -> len=8
2026-09-30T18:54:55.661Z D/SurveyVM [main] setRunFreeText(draft) -> len=9
2026-09-30T18:54:55.837Z D/SurveyVM [main] setRunFreeText(draft) -> len=10
2026-09-30T18:54:56.169Z D/SurveyVM [main] setRunFreeText(draft) -> len=11
2026-09-30T18:54:56.452Z D/SurveyVM [main] setRunFreeText(draft) -> len=12
2026-09-30T18:54:56.652Z D/SurveyVM [main] setRunFreeText(draft) -> len=13
2026-09-30T18:54:56.852Z D/SurveyVM [main] setRunFreeText(draft) -> len=14
2026-09-30T18:54:57.771Z D/SurveyVM [main] setRunFreeText(draft) -> len=15
2026-09-30T18:54:58.236Z D/SurveyVM [main] setRunFreeText(draft) -> len=16
2026-09-30T18:54:59.077Z D/SurveyVM [main] setRunFreeText(draft) -> len=17
2026-09-30T18:54:59.402Z D/SurveyVM [main] setRunFreeText(draft) -> len=18
2026-09-30T18:55:00.589Z D/SurveyVM [main] setRunFreeText(draft) -> len=19
2026-09-30T18:55:00.868Z D/SurveyVM [main] setRunFreeText(draft) -> len=20
2026-09-30T18:55:01.085Z D/SurveyVM [main] setRunFreeText(draft) -> len=21
2026-09-30T18:55:01.606Z D/SurveyVM [main] setRunFreeText(draft) -> len=22
2026-09-30T18:55:02.292Z D/SurveyVM [main] setRunFreeText(draft) -> len=23
2026-09-30T18:55:02.758Z D/SurveyVM [main] setRunFreeText(draft) -> len=24
2026-09-30T18:55:03.376Z D/SurveyVM [main] setRunFreeText(draft) -> len=29
2026-09-30T18:55:04.374Z D/SurveyVM [main] resetAudioRefs -> cleared
2026-09-30T18:55:04.375Z D/SurveyVM [main] resetNavToStart -> key=com.negi.survey.vm.FlowHome@f434cc5, navSize=1
2026-09-30T18:55:04.375Z D/SurveyVM [main] resetToStart -> Start, session=1, uuid=da410be3-72a0-4a29-bd75-47c27c726082, preserveDraft=true, draftLen=29
2026-09-30T18:55:04.375Z D/SurveyVM [main] setRunFreeText(draft) -> len=29
2026-09-30T18:55:04.375Z D/SurveyVM [main] activateRunIfNeeded(advanceToNext:Introduction) -> runNoteLen=29, draftCleared=true, uuid=da410be3-72a0-4a29-bd75-47c27c726082
2026-09-30T18:55:04.375Z D/SurveyVM [main] push -> Introduction, navSize=2, stackSize=2
2026-09-30T18:55:08.256Z D/SurveyVM [main] push -> Consent, navSize=3, stackSize=3
2026-09-30T18:55:11.312Z D/SurveyVM [main] push -> Q1, navSize=4, stackSize=4
2026-09-30T18:55:16.003Z D/SurveyVM [main] push -> Q2, navSize=5, stackSize=5
2026-09-30T18:55:17.927Z D/SurveyVM [main] push -> Q3, navSize=6, stackSize=6
2026-09-30T18:55:20.976Z D/SurveyVM [main] push -> Q4, navSize=7, stackSize=7
2026-09-30T18:55:27.975Z D/SurveyVM [main] push -> Q5, navSize=8, stackSize=8
2026-09-30T18:55:32.040Z D/SurveyVM [main] push -> Q6, navSize=9, stackSize=9
2026-09-30T18:55:35.490Z D/SurveyVM [main] push -> Q7, navSize=10, stackSize=10
2026-09-30T18:55:35.515Z D/SurveyVM [main] hasTwoStepPrompt[Q7] -> true (eval=248, fu=273)
2026-09-30T18:55:46.618Z D/AiScreen [main] Speech started (node=Q7 role=MAIN)
2026-09-30T18:55:53.064Z D/AiScreen [main] Speech finished with empty/no-change (node=Q7 role=MAIN)
2026-09-30T18:55:53.170Z D/SurveyVM [DefaultDispatcher-worker-5] addAudioRef -> q=Q7, file=2026-09-30_18-55-53_voice_SM-S931U1_F757B79A4E33_da410be3-72a0-4a29-bd75-47c27c726082_Q7.wav, sid=da410be3-72a0-4a29-bd75-47c27c726082
2026-09-30T18:55:53.170Z D/SurveyVM [DefaultDispatcher-worker-5] onVoiceExported -> q=Q7, file=2026-09-30_18-55-53_voice_SM-S931U1_F757B79A4E33_da410be3-72a0-4a29-bd75-47c27c726082_Q7.wav, replace=false
2026-09-30T18:55:53.179Z D/AiScreen [main] Speech started (node=Q7 role=MAIN)
2026-09-30T18:56:00.535Z D/AiScreen [main] Speech committed (node=Q7 role=MAIN len=66)
2026-09-30T18:56:02.892Z D/SurveyVM [main] getEvalPrompt[Q7] -> len=368
2026-09-30T18:56:02.893Z D/LiteRtRepository [DefaultDispatcher-worker-3] [1] request start model='Gemma3n4B' prompt.len=3014 sha=783b8bb5070a50ec gateWaitMs=0
2026-09-30T18:56:02.893Z D/LiteRtLM [slm-jni] initializeIfNeeded: warm runtime already ready: key='fs|dev=65096|ino=90166|size=4919541760|mtime=1790706902931'
2026-09-30T18:56:02.894Z D/LiteRtRepository [DefaultDispatcher-worker-3] [1] initializeIfNeeded ok initMs=0
2026-09-30T18:56:02.896Z D/LiteRtLM [DefaultDispatcher-worker-3] runInference start: key='fs|dev=65096|ino=90166|size=4919541760|mtime=1790706902931' runId=1 hasText=true originalTextLen=3014 effectiveTextLen=3014 images=0 audioClips=0
2026-09-30T18:56:02.896Z D/LiteRtLM [DefaultDispatcher-worker-3] LiteRT-LM sendMessageAsync(text): key='fs|dev=65096|ino=90166|size=4919541760|mtime=1790706902931' runId=1 len=3014 maxOutputTokens=64
2026-09-30T18:56:02.900Z D/LiteRtLM [DefaultDispatcher-worker-3] sendMessageAsync accepted: key='fs|dev=65096|ino=90166|size=4919541760|mtime=1790706902931' runId=1 dispatchMs=5
2026-09-30T18:56:05.444Z W/LiteRtLM [Thread-12] Inference first output: key='fs|dev=65096|ino=90166|size=4919541760|mtime=1790706902931' runId=1 ttftMs=2548 dispatchMs=5 postDispatchTtftMs=2543 requestToFirstOutputMs=2548
2026-09-30T18:56:08.127Z W/LiteRtLM [Thread-42] Inference timing: key='fs|dev=65096|ino=90166|size=4919541760|mtime=1790706902931' runId=1 ttftMs=2548 dispatchMs=5 postDispatchTtftMs=2543 totalMs=5231 callbacks=30 outputChars=99 cancelled=false error=false requestTotalMs=5231
2026-09-30T18:56:08.127Z I/LiteRtLM [Thread-42] LiteRT completion: runId=1 terminal=normal_onDone phase=unavailable engineTokenCapacity=1024 prefillTokens=-1 decodeTokens=-1 kvTokens=-1 outputChars=99 callbacks=30
2026-09-30T18:56:08.127Z D/LiteRtRepository [main] [1] logical done=true; responseClosed=true; waiting native cleanup
2026-09-30T18:56:08.127Z D/LiteRtRepository [main] [1] native cleanup safepoint
2026-09-30T18:56:08.130Z I/AiViewModel [DefaultDispatcher-worker-3] run[1] done: phase=EVAL mode=EVAL_JSON score=75 FU0.len=0 FU0.sha16=none commit=true err=<none>
2026-09-30T18:56:08.130Z D/LiteRtRepository [DefaultDispatcher-worker-2] [1] Conversation reset completed after safepoint
2026-09-30T18:56:16.795Z D/SurveyVM [main] push -> Q8, navSize=11, stackSize=11
2026-09-30T18:56:16.802Z D/SurveyVM [main] hasTwoStepPrompt[Q8] -> true (eval=190, fu=215)
2026-09-30T18:56:22.401Z D/AiScreen [main] Speech started (node=Q8 role=MAIN)
2026-09-30T18:56:27.388Z D/AiScreen [main] Speech finished with empty/no-change (node=Q8 role=MAIN)
2026-09-30T18:56:27.479Z D/SurveyVM [DefaultDispatcher-worker-7] addAudioRef -> q=Q8, file=2026-09-30_18-56-27_voice_SM-S931U1_F757B79A4E33_da410be3-72a0-4a29-bd75-47c27c726082_Q8.wav, sid=da410be3-72a0-4a29-bd75-47c27c726082
2026-09-30T18:56:27.479Z D/SurveyVM [DefaultDispatcher-worker-7] onVoiceExported -> q=Q8, file=2026-09-30_18-56-27_voice_SM-S931U1_F757B79A4E33_da410be3-72a0-4a29-bd75-47c27c726082_Q8.wav, replace=false
2026-09-30T18:56:27.487Z D/AiScreen [main] Speech started (node=Q8 role=MAIN)
2026-09-30T18:56:35.017Z D/AiScreen [main] Speech committed (node=Q8 role=MAIN len=41)
2026-09-30T18:56:47.461Z D/SurveyVM [main] getEvalPrompt[Q8] -> len=338
2026-09-30T18:56:47.462Z D/LiteRtRepository [DefaultDispatcher-worker-3] [2] request start model='Gemma3n4B' prompt.len=2984 sha=154f45295519655d gateWaitMs=1
2026-09-30T18:56:47.463Z D/LiteRtLM [slm-jni] initializeIfNeeded: warm runtime already ready: key='fs|dev=65096|ino=90166|size=4919541760|mtime=1790706902931'
2026-09-30T18:56:47.463Z D/LiteRtRepository [DefaultDispatcher-worker-3] [2] initializeIfNeeded ok initMs=0
2026-09-30T18:56:47.463Z D/LiteRtLM [DefaultDispatcher-worker-3] runInference start: key='fs|dev=65096|ino=90166|size=4919541760|mtime=1790706902931' runId=2 hasText=true originalTextLen=2984 effectiveTextLen=2984 images=0 audioClips=0
2026-09-30T18:56:47.463Z D/LiteRtLM [DefaultDispatcher-worker-3] LiteRT-LM sendMessageAsync(text): key='fs|dev=65096|ino=90166|size=4919541760|mtime=1790706902931' runId=2 len=2984 maxOutputTokens=64
2026-09-30T18:56:47.466Z D/LiteRtLM [DefaultDispatcher-worker-3] sendMessageAsync accepted: key='fs|dev=65096|ino=90166|size=4919541760|mtime=1790706902931' runId=2 dispatchMs=3
2026-09-30T18:56:48.945Z W/LiteRtLM [Thread-43] Inference first output: key='fs|dev=65096|ino=90166|size=4919541760|mtime=1790706902931' runId=2 ttftMs=1483 dispatchMs=3 postDispatchTtftMs=1480 requestToFirstOutputMs=1483
2026-09-30T18:56:50.828Z W/LiteRtLM [Thread-66] Inference timing: key='fs|dev=65096|ino=90166|size=4919541760|mtime=1790706902931' runId=2 ttftMs=1483 dispatchMs=3 postDispatchTtftMs=1480 totalMs=3366 callbacks=23 outputChars=68 cancelled=false error=false requestTotalMs=3366
2026-09-30T18:56:50.828Z I/LiteRtLM [Thread-66] LiteRT completion: runId=2 terminal=normal_onDone phase=unavailable engineTokenCapacity=1024 prefillTokens=-1 decodeTokens=-1 kvTokens=-1 outputChars=68 callbacks=23
2026-09-30T18:56:50.829Z D/LiteRtRepository [main] [2] logical done=true; responseClosed=true; waiting native cleanup
2026-09-30T18:56:50.829Z D/LiteRtRepository [main] [2] native cleanup safepoint
2026-09-30T18:56:50.829Z I/AiViewModel [DefaultDispatcher-worker-7] run[2] done: phase=EVAL mode=EVAL_JSON score=65 FU0.len=0 FU0.sha16=none commit=true err=<none>
2026-09-30T18:56:50.830Z D/SurveyVM [DefaultDispatcher-worker-7] getFollowupPrompt[Q8] -> len=418 evalLen=68
2026-09-30T18:56:50.831Z D/LiteRtRepository [DefaultDispatcher-worker-5] [2] Conversation reset completed after safepoint
2026-09-30T18:56:50.831Z D/LiteRtRepository [DefaultDispatcher-worker-5] [3] request start model='Gemma3n4B' prompt.len=955 sha=6dd345e9404fcf78 gateWaitMs=1
2026-09-30T18:56:50.831Z D/LiteRtLM [slm-jni] initializeIfNeeded: warm runtime already ready: key='fs|dev=65096|ino=90166|size=4919541760|mtime=1790706902931'
2026-09-30T18:56:50.831Z D/LiteRtRepository [DefaultDispatcher-worker-5] [3] initializeIfNeeded ok initMs=0
2026-09-30T18:56:50.831Z D/LiteRtLM [DefaultDispatcher-worker-3] runInference start: key='fs|dev=65096|ino=90166|size=4919541760|mtime=1790706902931' runId=3 hasText=true originalTextLen=955 effectiveTextLen=955 images=0 audioClips=0
2026-09-30T18:56:50.831Z D/LiteRtLM [DefaultDispatcher-worker-3] LiteRT-LM sendMessageAsync(text): key='fs|dev=65096|ino=90166|size=4919541760|mtime=1790706902931' runId=3 len=955 maxOutputTokens=64
2026-09-30T18:56:50.833Z D/LiteRtLM [DefaultDispatcher-worker-3] sendMessageAsync accepted: key='fs|dev=65096|ino=90166|size=4919541760|mtime=1790706902931' runId=3 dispatchMs=1
2026-09-30T18:56:51.349Z W/LiteRtLM [Thread-67] Inference first output: key='fs|dev=65096|ino=90166|size=4919541760|mtime=1790706902931' runId=3 ttftMs=517 dispatchMs=1 postDispatchTtftMs=516 requestToFirstOutputMs=517
2026-09-30T18:56:52.759Z W/LiteRtLM [Thread-84] Inference timing: key='fs|dev=65096|ino=90166|size=4919541760|mtime=1790706902931' runId=3 ttftMs=517 dispatchMs=1 postDispatchTtftMs=516 totalMs=1927 callbacks=17 outputChars=83 cancelled=false error=false requestTotalMs=1927
2026-09-30T18:56:52.759Z I/LiteRtLM [Thread-84] LiteRT completion: runId=3 terminal=normal_onDone phase=unavailable engineTokenCapacity=1024 prefillTokens=-1 decodeTokens=-1 kvTokens=-1 outputChars=83 callbacks=17
2026-09-30T18:56:52.759Z D/LiteRtRepository [main] [3] logical done=true; responseClosed=true; waiting native cleanup
2026-09-30T18:56:52.759Z D/LiteRtRepository [main] [3] native cleanup safepoint
2026-09-30T18:56:52.760Z I/AiViewModel [DefaultDispatcher-worker-3] run[3] done: phase=FOLLOWUP mode=FOLLOWUP_JSON_OR_TEXT score=null FU0.len=83 FU0.sha16=c80c0545420cab56 commit=false err=<none>
2026-09-30T18:56:52.761Z D/LiteRtRepository [DefaultDispatcher-worker-1] [3] Conversation reset completed after safepoint
2026-09-30T18:57:24.239Z D/SurveyVM [main] getEvalPrompt[Q8] -> len=459
2026-09-30T18:57:24.240Z D/LiteRtRepository [DefaultDispatcher-worker-5] [4] request start model='Gemma3n4B' prompt.len=3106 sha=d0ee336fde27835a gateWaitMs=1
2026-09-30T18:57:24.241Z D/LiteRtLM [slm-jni] initializeIfNeeded: warm runtime already ready: key='fs|dev=65096|ino=90166|size=4919541760|mtime=1790706902931'
2026-09-30T18:57:24.241Z D/LiteRtRepository [DefaultDispatcher-worker-5] [4] initializeIfNeeded ok initMs=0
2026-09-30T18:57:24.241Z D/LiteRtLM [DefaultDispatcher-worker-5] runInference start: key='fs|dev=65096|ino=90166|size=4919541760|mtime=1790706902931' runId=4 hasText=true originalTextLen=3106 effectiveTextLen=3106 images=0 audioClips=0
2026-09-30T18:57:24.241Z D/LiteRtLM [DefaultDispatcher-worker-5] LiteRT-LM sendMessageAsync(text): key='fs|dev=65096|ino=90166|size=4919541760|mtime=1790706902931' runId=4 len=3106 maxOutputTokens=64
2026-09-30T18:57:24.247Z D/LiteRtLM [DefaultDispatcher-worker-5] sendMessageAsync accepted: key='fs|dev=65096|ino=90166|size=4919541760|mtime=1790706902931' runId=4 dispatchMs=6
2026-09-30T18:57:26.001Z W/LiteRtLM [Thread-85] Inference first output: key='fs|dev=65096|ino=90166|size=4919541760|mtime=1790706902931' runId=4 ttftMs=1760 dispatchMs=6 postDispatchTtftMs=1754 requestToFirstOutputMs=1760
2026-09-30T18:57:28.087Z W/LiteRtLM [Thread-110] Inference timing: key='fs|dev=65096|ino=90166|size=4919541760|mtime=1790706902931' runId=4 ttftMs=1760 dispatchMs=6 postDispatchTtftMs=1754 totalMs=3846 callbacks=25 outputChars=73 cancelled=false error=false requestTotalMs=3846
2026-09-30T18:57:28.087Z I/LiteRtLM [Thread-110] LiteRT completion: runId=4 terminal=normal_onDone phase=unavailable engineTokenCapacity=1024 prefillTokens=-1 decodeTokens=-1 kvTokens=-1 outputChars=73 callbacks=25
2026-09-30T18:57:28.088Z D/LiteRtRepository [main] [4] logical done=true; responseClosed=true; waiting native cleanup
2026-09-30T18:57:28.088Z D/LiteRtRepository [main] [4] native cleanup safepoint
2026-09-30T18:57:28.089Z I/AiViewModel [DefaultDispatcher-worker-2] run[4] done: phase=EVAL mode=EVAL_JSON score=90 FU0.len=0 FU0.sha16=none commit=true err=<none>
2026-09-30T18:57:28.090Z D/LiteRtRepository [DefaultDispatcher-worker-1] [4] Conversation reset completed after safepoint
2026-09-30T18:57:31.884Z D/SurveyVM [main] push -> Q9, navSize=12, stackSize=12
2026-09-30T18:57:31.891Z D/SurveyVM [main] hasTwoStepPrompt[Q9] -> true (eval=195, fu=220)
2026-09-30T18:57:46.540Z D/SurveyVM [main] getEvalPrompt[Q9] -> len=309
2026-09-30T18:57:46.541Z D/LiteRtRepository [DefaultDispatcher-worker-5] [5] request start model='Gemma3n4B' prompt.len=2955 sha=944e4871c55dfed7 gateWaitMs=0
2026-09-30T18:57:46.542Z D/LiteRtLM [slm-jni] initializeIfNeeded: warm runtime already ready: key='fs|dev=65096|ino=90166|size=4919541760|mtime=1790706902931'
2026-09-30T18:57:46.542Z D/LiteRtRepository [DefaultDispatcher-worker-5] [5] initializeIfNeeded ok initMs=0
2026-09-30T18:57:46.542Z D/LiteRtLM [DefaultDispatcher-worker-2] runInference start: key='fs|dev=65096|ino=90166|size=4919541760|mtime=1790706902931' runId=5 hasText=true originalTextLen=2955 effectiveTextLen=2955 images=0 audioClips=0
2026-09-30T18:57:46.542Z D/LiteRtLM [DefaultDispatcher-worker-2] LiteRT-LM sendMessageAsync(text): key='fs|dev=65096|ino=90166|size=4919541760|mtime=1790706902931' runId=5 len=2955 maxOutputTokens=64
2026-09-30T18:57:46.548Z D/LiteRtLM [DefaultDispatcher-worker-2] sendMessageAsync accepted: key='fs|dev=65096|ino=90166|size=4919541760|mtime=1790706902931' runId=5 dispatchMs=6
2026-09-30T18:57:48.004Z W/LiteRtLM [Thread-111] Inference first output: key='fs|dev=65096|ino=90166|size=4919541760|mtime=1790706902931' runId=5 ttftMs=1462 dispatchMs=6 postDispatchTtftMs=1456 requestToFirstOutputMs=1462
2026-09-30T18:57:52.250Z W/LiteRtLM [Thread-156] Inference timing: key='fs|dev=65096|ino=90166|size=4919541760|mtime=1790706902931' runId=5 ttftMs=1462 dispatchMs=6 postDispatchTtftMs=1456 totalMs=5709 callbacks=45 outputChars=175 cancelled=false error=false requestTotalMs=5709
2026-09-30T18:57:52.251Z I/LiteRtLM [Thread-156] LiteRT completion: runId=5 terminal=normal_onDone phase=unavailable engineTokenCapacity=1024 prefillTokens=-1 decodeTokens=-1 kvTokens=-1 outputChars=175 callbacks=45
2026-09-30T18:57:52.252Z D/LiteRtRepository [main] [5] logical done=true; responseClosed=true; waiting native cleanup
2026-09-30T18:57:52.252Z D/LiteRtRepository [main] [5] native cleanup safepoint
2026-09-30T18:57:52.253Z I/AiViewModel [DefaultDispatcher-worker-5] run[5] done: phase=EVAL mode=EVAL_JSON score=85 FU0.len=0 FU0.sha16=none commit=true err=<none>
2026-09-30T18:57:52.254Z D/LiteRtRepository [DefaultDispatcher-worker-7] [5] Conversation reset completed after safepoint
2026-09-30T18:57:59.049Z D/SurveyVM [main] push -> Q10, navSize=13, stackSize=13
2026-09-30T18:57:59.051Z D/SurveyVM [main] hasTwoStepPrompt[Q10] -> true (eval=219, fu=244)
2026-09-30T18:58:13.713Z D/SurveyVM [main] getEvalPrompt[Q10] -> len=383
2026-09-30T18:58:13.715Z D/LiteRtRepository [DefaultDispatcher-worker-7] [6] request start model='Gemma3n4B' prompt.len=3029 sha=6fb1ff401a920f93 gateWaitMs=0
2026-09-30T18:58:13.715Z D/LiteRtLM [slm-jni] initializeIfNeeded: warm runtime already ready: key='fs|dev=65096|ino=90166|size=4919541760|mtime=1790706902931'
2026-09-30T18:58:13.715Z D/LiteRtRepository [DefaultDispatcher-worker-7] [6] initializeIfNeeded ok initMs=0
2026-09-30T18:58:13.715Z D/LiteRtLM [DefaultDispatcher-worker-7] runInference start: key='fs|dev=65096|ino=90166|size=4919541760|mtime=1790706902931' runId=6 hasText=true originalTextLen=3029 effectiveTextLen=3029 images=0 audioClips=0
2026-09-30T18:58:13.716Z D/LiteRtLM [DefaultDispatcher-worker-7] LiteRT-LM sendMessageAsync(text): key='fs|dev=65096|ino=90166|size=4919541760|mtime=1790706902931' runId=6 len=3029 maxOutputTokens=64
2026-09-30T18:58:13.719Z D/LiteRtLM [DefaultDispatcher-worker-7] sendMessageAsync accepted: key='fs|dev=65096|ino=90166|size=4919541760|mtime=1790706902931' runId=6 dispatchMs=3
2026-09-30T18:58:15.191Z W/LiteRtLM [Thread-157] Inference first output: key='fs|dev=65096|ino=90166|size=4919541760|mtime=1790706902931' runId=6 ttftMs=1475 dispatchMs=3 postDispatchTtftMs=1472 requestToFirstOutputMs=1475
2026-09-30T18:58:16.691Z W/LiteRtLM [Thread-175] Inference timing: key='fs|dev=65096|ino=90166|size=4919541760|mtime=1790706902931' runId=6 ttftMs=1475 dispatchMs=3 postDispatchTtftMs=1472 totalMs=2976 callbacks=18 outputChars=69 cancelled=false error=false requestTotalMs=2976
2026-09-30T18:58:16.692Z I/LiteRtLM [Thread-175] LiteRT completion: runId=6 terminal=normal_onDone phase=unavailable engineTokenCapacity=1024 prefillTokens=-1 decodeTokens=-1 kvTokens=-1 outputChars=69 callbacks=18
2026-09-30T18:58:16.692Z D/LiteRtRepository [main] [6] logical done=true; responseClosed=true; waiting native cleanup
2026-09-30T18:58:16.692Z D/LiteRtRepository [main] [6] native cleanup safepoint
2026-09-30T18:58:16.693Z I/AiViewModel [DefaultDispatcher-worker-5] run[6] done: phase=EVAL mode=EVAL_JSON score=65 FU0.len=0 FU0.sha16=none commit=true err=<none>
2026-09-30T18:58:16.693Z D/SurveyVM [DefaultDispatcher-worker-5] getFollowupPrompt[Q10] -> len=463 evalLen=69
2026-09-30T18:58:16.695Z D/LiteRtRepository [DefaultDispatcher-worker-2] [6] Conversation reset completed after safepoint
2026-09-30T18:58:16.696Z D/LiteRtRepository [DefaultDispatcher-worker-2] [7] request start model='Gemma3n4B' prompt.len=1000 sha=7efbb6d54f25a7f9 gateWaitMs=3
2026-09-30T18:58:16.696Z D/LiteRtLM [slm-jni] initializeIfNeeded: warm runtime already ready: key='fs|dev=65096|ino=90166|size=4919541760|mtime=1790706902931'
2026-09-30T18:58:16.696Z D/LiteRtRepository [DefaultDispatcher-worker-2] [7] initializeIfNeeded ok initMs=0
2026-09-30T18:58:16.696Z D/LiteRtLM [DefaultDispatcher-worker-5] runInference start: key='fs|dev=65096|ino=90166|size=4919541760|mtime=1790706902931' runId=7 hasText=true originalTextLen=1000 effectiveTextLen=1000 images=0 audioClips=0
2026-09-30T18:58:16.697Z D/LiteRtLM [DefaultDispatcher-worker-5] LiteRT-LM sendMessageAsync(text): key='fs|dev=65096|ino=90166|size=4919541760|mtime=1790706902931' runId=7 len=1000 maxOutputTokens=64
2026-09-30T18:58:16.698Z D/LiteRtLM [DefaultDispatcher-worker-5] sendMessageAsync accepted: key='fs|dev=65096|ino=90166|size=4919541760|mtime=1790706902931' runId=7 dispatchMs=1
2026-09-30T18:58:17.192Z W/LiteRtLM [Thread-176] Inference first output: key='fs|dev=65096|ino=90166|size=4919541760|mtime=1790706902931' runId=7 ttftMs=495 dispatchMs=1 postDispatchTtftMs=494 requestToFirstOutputMs=495
2026-09-30T18:58:18.653Z W/LiteRtLM [Thread-191] Inference timing: key='fs|dev=65096|ino=90166|size=4919541760|mtime=1790706902931' runId=7 ttftMs=495 dispatchMs=1 postDispatchTtftMs=494 totalMs=1956 callbacks=15 outputChars=89 cancelled=false error=false requestTotalMs=1956
2026-09-30T18:58:18.654Z I/LiteRtLM [Thread-191] LiteRT completion: runId=7 terminal=normal_onDone phase=unavailable engineTokenCapacity=1024 prefillTokens=-1 decodeTokens=-1 kvTokens=-1 outputChars=89 callbacks=15
2026-09-30T18:58:18.654Z D/LiteRtRepository [main] [7] logical done=true; responseClosed=true; waiting native cleanup
2026-09-30T18:58:18.654Z D/LiteRtRepository [main] [7] native cleanup safepoint
2026-09-30T18:58:18.655Z I/AiViewModel [DefaultDispatcher-worker-3] run[7] done: phase=FOLLOWUP mode=FOLLOWUP_JSON_OR_TEXT score=null FU0.len=89 FU0.sha16=7e28d1dce9d3e321 commit=false err=<none>
2026-09-30T18:58:18.656Z D/LiteRtRepository [DefaultDispatcher-worker-5] [7] Conversation reset completed after safepoint
2026-09-30T18:58:31.139Z D/SurveyVM [main] push -> Q11, navSize=14, stackSize=14
2026-09-30T18:58:31.141Z D/SurveyVM [main] hasTwoStepPrompt[Q11] -> true (eval=229, fu=254)
2026-09-30T18:58:44.059Z D/SurveyVM [main] getEvalPrompt[Q11] -> len=387
2026-09-30T18:58:44.060Z D/LiteRtRepository [DefaultDispatcher-worker-7] [8] request start model='Gemma3n4B' prompt.len=3033 sha=6dbc4e9154c63fa0 gateWaitMs=0
2026-09-30T18:58:44.060Z D/LiteRtLM [slm-jni] initializeIfNeeded: warm runtime already ready: key='fs|dev=65096|ino=90166|size=4919541760|mtime=1790706902931'
2026-09-30T18:58:44.060Z D/LiteRtRepository [DefaultDispatcher-worker-7] [8] initializeIfNeeded ok initMs=1
2026-09-30T18:58:44.061Z D/LiteRtLM [DefaultDispatcher-worker-7] runInference start: key='fs|dev=65096|ino=90166|size=4919541760|mtime=1790706902931' runId=8 hasText=true originalTextLen=3033 effectiveTextLen=3033 images=0 audioClips=0
2026-09-30T18:58:44.061Z D/LiteRtLM [DefaultDispatcher-worker-7] LiteRT-LM sendMessageAsync(text): key='fs|dev=65096|ino=90166|size=4919541760|mtime=1790706902931' runId=8 len=3033 maxOutputTokens=64
2026-09-30T18:58:44.066Z D/LiteRtLM [DefaultDispatcher-worker-7] sendMessageAsync accepted: key='fs|dev=65096|ino=90166|size=4919541760|mtime=1790706902931' runId=8 dispatchMs=5
2026-09-30T18:58:45.607Z W/LiteRtLM [Thread-192] Inference first output: key='fs|dev=65096|ino=90166|size=4919541760|mtime=1790706902931' runId=8 ttftMs=1546 dispatchMs=5 postDispatchTtftMs=1541 requestToFirstOutputMs=1546
2026-09-30T18:58:48.245Z W/LiteRtLM [Thread-221] Inference timing: key='fs|dev=65096|ino=90166|size=4919541760|mtime=1790706902931' runId=8 ttftMs=1546 dispatchMs=5 postDispatchTtftMs=1541 totalMs=4184 callbacks=29 outputChars=92 cancelled=false error=false requestTotalMs=4184
2026-09-30T18:58:48.245Z I/LiteRtLM [Thread-221] LiteRT completion: runId=8 terminal=normal_onDone phase=unavailable engineTokenCapacity=1024 prefillTokens=-1 decodeTokens=-1 kvTokens=-1 outputChars=92 callbacks=29
2026-09-30T18:58:48.246Z D/LiteRtRepository [main] [8] logical done=true; responseClosed=true; waiting native cleanup
2026-09-30T18:58:48.246Z D/LiteRtRepository [main] [8] native cleanup safepoint
2026-09-30T18:58:48.247Z I/AiViewModel [DefaultDispatcher-worker-5] run[8] done: phase=EVAL mode=EVAL_JSON score=65 FU0.len=0 FU0.sha16=none commit=true err=<none>
2026-09-30T18:58:48.248Z D/LiteRtRepository [DefaultDispatcher-worker-3] [8] Conversation reset completed after safepoint
2026-09-30T18:58:54.058Z D/SurveyVM [main] push -> Q12, navSize=15, stackSize=15
2026-09-30T18:58:54.060Z D/SurveyVM [main] hasTwoStepPrompt[Q12] -> true (eval=184, fu=209)
2026-09-30T18:59:06.560Z D/SurveyVM [main] getEvalPrompt[Q12] -> len=289
2026-09-30T18:59:06.561Z D/LiteRtRepository [DefaultDispatcher-worker-1] [9] request start model='Gemma3n4B' prompt.len=2935 sha=998c3aeedeba809a gateWaitMs=0
2026-09-30T18:59:06.562Z D/LiteRtLM [slm-jni] initializeIfNeeded: warm runtime already ready: key='fs|dev=65096|ino=90166|size=4919541760|mtime=1790706902931'
2026-09-30T18:59:06.562Z D/LiteRtRepository [DefaultDispatcher-worker-1] [9] initializeIfNeeded ok initMs=0
2026-09-30T18:59:06.562Z D/LiteRtLM [DefaultDispatcher-worker-5] runInference start: key='fs|dev=65096|ino=90166|size=4919541760|mtime=1790706902931' runId=9 hasText=true originalTextLen=2935 effectiveTextLen=2935 images=0 audioClips=0
2026-09-30T18:59:06.562Z D/LiteRtLM [DefaultDispatcher-worker-5] LiteRT-LM sendMessageAsync(text): key='fs|dev=65096|ino=90166|size=4919541760|mtime=1790706902931' runId=9 len=2935 maxOutputTokens=64
2026-09-30T18:59:06.568Z D/LiteRtLM [DefaultDispatcher-worker-5] sendMessageAsync accepted: key='fs|dev=65096|ino=90166|size=4919541760|mtime=1790706902931' runId=9 dispatchMs=5
2026-09-30T18:59:07.944Z W/LiteRtLM [Thread-222] Inference first output: key='fs|dev=65096|ino=90166|size=4919541760|mtime=1790706902931' runId=9 ttftMs=1381 dispatchMs=5 postDispatchTtftMs=1376 requestToFirstOutputMs=1382
2026-09-30T18:59:10.384Z W/LiteRtLM [Thread-249] Inference timing: key='fs|dev=65096|ino=90166|size=4919541760|mtime=1790706902931' runId=9 ttftMs=1381 dispatchMs=5 postDispatchTtftMs=1376 totalMs=3821 callbacks=27 outputChars=90 cancelled=false error=false requestTotalMs=3822
2026-09-30T18:59:10.384Z I/LiteRtLM [Thread-249] LiteRT completion: runId=9 terminal=normal_onDone phase=unavailable engineTokenCapacity=1024 prefillTokens=-1 decodeTokens=-1 kvTokens=-1 outputChars=90 callbacks=27
2026-09-30T18:59:10.384Z D/LiteRtRepository [main] [9] logical done=true; responseClosed=true; waiting native cleanup
2026-09-30T18:59:10.384Z D/LiteRtRepository [main] [9] native cleanup safepoint
2026-09-30T18:59:10.385Z I/AiViewModel [DefaultDispatcher-worker-5] run[9] done: phase=EVAL mode=EVAL_JSON score=75 FU0.len=0 FU0.sha16=none commit=true err=<none>
2026-09-30T18:59:10.385Z D/SurveyVM [DefaultDispatcher-worker-5] getFollowupPrompt[Q12] -> len=390 evalLen=90
2026-09-30T18:59:10.386Z D/LiteRtRepository [DefaultDispatcher-worker-1] [9] Conversation reset completed after safepoint
2026-09-30T18:59:10.386Z D/LiteRtRepository [DefaultDispatcher-worker-1] [10] request start model='Gemma3n4B' prompt.len=927 sha=c8d2039f69102b8f gateWaitMs=0
2026-09-30T18:59:10.386Z D/LiteRtLM [slm-jni] initializeIfNeeded: warm runtime already ready: key='fs|dev=65096|ino=90166|size=4919541760|mtime=1790706902931'
2026-09-30T18:59:10.386Z D/LiteRtRepository [DefaultDispatcher-worker-1] [10] initializeIfNeeded ok initMs=1
2026-09-30T18:59:10.387Z D/LiteRtLM [DefaultDispatcher-worker-5] runInference start: key='fs|dev=65096|ino=90166|size=4919541760|mtime=1790706902931' runId=10 hasText=true originalTextLen=927 effectiveTextLen=927 images=0 audioClips=0
2026-09-30T18:59:10.387Z D/LiteRtLM [DefaultDispatcher-worker-5] LiteRT-LM sendMessageAsync(text): key='fs|dev=65096|ino=90166|size=4919541760|mtime=1790706902931' runId=10 len=927 maxOutputTokens=64
2026-09-30T18:59:10.388Z D/LiteRtLM [DefaultDispatcher-worker-5] sendMessageAsync accepted: key='fs|dev=65096|ino=90166|size=4919541760|mtime=1790706902931' runId=10 dispatchMs=1
2026-09-30T18:59:10.982Z W/LiteRtLM [Thread-250] Inference first output: key='fs|dev=65096|ino=90166|size=4919541760|mtime=1790706902931' runId=10 ttftMs=595 dispatchMs=1 postDispatchTtftMs=594 requestToFirstOutputMs=595
2026-09-30T18:59:12.066Z W/LiteRtLM [Thread-261] Inference timing: key='fs|dev=65096|ino=90166|size=4919541760|mtime=1790706902931' runId=10 ttftMs=595 dispatchMs=1 postDispatchTtftMs=594 totalMs=1679 callbacks=11 outputChars=63 cancelled=false error=false requestTotalMs=1679
2026-09-30T18:59:12.066Z I/LiteRtLM [Thread-261] LiteRT completion: runId=10 terminal=normal_onDone phase=unavailable engineTokenCapacity=1024 prefillTokens=-1 decodeTokens=-1 kvTokens=-1 outputChars=63 callbacks=11
2026-09-30T18:59:12.066Z D/LiteRtRepository [main] [10] logical done=true; responseClosed=true; waiting native cleanup
2026-09-30T18:59:12.067Z D/LiteRtRepository [main] [10] native cleanup safepoint
2026-09-30T18:59:12.067Z I/AiViewModel [DefaultDispatcher-worker-2] run[10] done: phase=FOLLOWUP mode=FOLLOWUP_JSON_OR_TEXT score=null FU0.len=63 FU0.sha16=f76654176fb9dd0b commit=false err=<none>
2026-09-30T18:59:12.068Z D/LiteRtRepository [DefaultDispatcher-worker-3] [10] Conversation reset completed after safepoint
2026-09-30T18:59:18.679Z D/SurveyVM [main] push -> Q13, navSize=16, stackSize=16
2026-09-30T18:59:18.686Z D/SurveyVM [main] hasTwoStepPrompt[Q13] -> true (eval=221, fu=246)
2026-09-30T18:59:30.782Z D/SurveyVM [main] getEvalPrompt[Q13] -> len=322
2026-09-30T18:59:30.784Z D/LiteRtRepository [DefaultDispatcher-worker-2] [11] request start model='Gemma3n4B' prompt.len=2968 sha=b54be3bd0d5b4438 gateWaitMs=0
2026-09-30T18:59:30.784Z D/LiteRtLM [slm-jni] initializeIfNeeded: warm runtime already ready: key='fs|dev=65096|ino=90166|size=4919541760|mtime=1790706902931'
2026-09-30T18:59:30.784Z D/LiteRtRepository [DefaultDispatcher-worker-3] [11] initializeIfNeeded ok initMs=1
2026-09-30T18:59:30.785Z D/LiteRtLM [DefaultDispatcher-worker-2] runInference start: key='fs|dev=65096|ino=90166|size=4919541760|mtime=1790706902931' runId=11 hasText=true originalTextLen=2968 effectiveTextLen=2968 images=0 audioClips=0
2026-09-30T18:59:30.785Z D/LiteRtLM [DefaultDispatcher-worker-2] LiteRT-LM sendMessageAsync(text): key='fs|dev=65096|ino=90166|size=4919541760|mtime=1790706902931' runId=11 len=2968 maxOutputTokens=64
2026-09-30T18:59:30.790Z D/LiteRtLM [DefaultDispatcher-worker-2] sendMessageAsync accepted: key='fs|dev=65096|ino=90166|size=4919541760|mtime=1790706902931' runId=11 dispatchMs=5
2026-09-30T18:59:32.268Z W/LiteRtLM [Thread-262] Inference first output: key='fs|dev=65096|ino=90166|size=4919541760|mtime=1790706902931' runId=11 ttftMs=1483 dispatchMs=5 postDispatchTtftMs=1478 requestToFirstOutputMs=1483
2026-09-30T18:59:36.067Z W/LiteRtLM [Thread-303] Inference timing: key='fs|dev=65096|ino=90166|size=4919541760|mtime=1790706902931' runId=11 ttftMs=1483 dispatchMs=5 postDispatchTtftMs=1478 totalMs=5282 callbacks=41 outputChars=161 cancelled=false error=false requestTotalMs=5282
2026-09-30T18:59:36.067Z I/LiteRtLM [Thread-303] LiteRT completion: runId=11 terminal=normal_onDone phase=unavailable engineTokenCapacity=1024 prefillTokens=-1 decodeTokens=-1 kvTokens=-1 outputChars=161 callbacks=41
2026-09-30T18:59:36.067Z D/LiteRtRepository [main] [11] logical done=true; responseClosed=true; waiting native cleanup
2026-09-30T18:59:36.067Z D/LiteRtRepository [main] [11] native cleanup safepoint
2026-09-30T18:59:36.068Z I/AiViewModel [DefaultDispatcher-worker-3] run[11] done: phase=EVAL mode=EVAL_JSON score=65 FU0.len=0 FU0.sha16=none commit=true err=<none>
2026-09-30T18:59:36.068Z D/SurveyVM [DefaultDispatcher-worker-3] getFollowupPrompt[Q13] -> len=494 evalLen=161
2026-09-30T18:59:36.069Z D/LiteRtRepository [DefaultDispatcher-worker-5] [11] Conversation reset completed after safepoint
2026-09-30T18:59:36.069Z D/LiteRtRepository [DefaultDispatcher-worker-5] [12] request start model='Gemma3n4B' prompt.len=1031 sha=0892287039847916 gateWaitMs=1
2026-09-30T18:59:36.069Z D/LiteRtLM [slm-jni] initializeIfNeeded: warm runtime already ready: key='fs|dev=65096|ino=90166|size=4919541760|mtime=1790706902931'
2026-09-30T18:59:36.069Z D/LiteRtRepository [DefaultDispatcher-worker-2] [12] initializeIfNeeded ok initMs=0
2026-09-30T18:59:36.070Z D/LiteRtLM [DefaultDispatcher-worker-2] runInference start: key='fs|dev=65096|ino=90166|size=4919541760|mtime=1790706902931' runId=12 hasText=true originalTextLen=1031 effectiveTextLen=1031 images=0 audioClips=0
2026-09-30T18:59:36.070Z D/LiteRtLM [DefaultDispatcher-worker-2] LiteRT-LM sendMessageAsync(text): key='fs|dev=65096|ino=90166|size=4919541760|mtime=1790706902931' runId=12 len=1031 maxOutputTokens=64
2026-09-30T18:59:36.071Z D/LiteRtLM [DefaultDispatcher-worker-2] sendMessageAsync accepted: key='fs|dev=65096|ino=90166|size=4919541760|mtime=1790706902931' runId=12 dispatchMs=1
2026-09-30T18:59:36.675Z W/LiteRtLM [Thread-304] Inference first output: key='fs|dev=65096|ino=90166|size=4919541760|mtime=1790706902931' runId=12 ttftMs=606 dispatchMs=1 postDispatchTtftMs=605 requestToFirstOutputMs=606
2026-09-30T18:59:38.820Z W/LiteRtLM [Thread-326] Inference timing: key='fs|dev=65096|ino=90166|size=4919541760|mtime=1790706902931' runId=12 ttftMs=606 dispatchMs=1 postDispatchTtftMs=605 totalMs=2750 callbacks=22 outputChars=117 cancelled=false error=false requestTotalMs=2750
2026-09-30T18:59:38.820Z I/LiteRtLM [Thread-326] LiteRT completion: runId=12 terminal=normal_onDone phase=unavailable engineTokenCapacity=1024 prefillTokens=-1 decodeTokens=-1 kvTokens=-1 outputChars=117 callbacks=22
2026-09-30T18:59:38.820Z D/LiteRtRepository [main] [12] logical done=true; responseClosed=true; waiting native cleanup
2026-09-30T18:59:38.820Z D/LiteRtRepository [main] [12] native cleanup safepoint
2026-09-30T18:59:38.821Z I/AiViewModel [DefaultDispatcher-worker-5] run[12] done: phase=FOLLOWUP mode=FOLLOWUP_JSON_OR_TEXT score=null FU0.len=117 FU0.sha16=8121c74b4fad2b68 commit=false err=<none>
2026-09-30T18:59:38.823Z D/LiteRtRepository [DefaultDispatcher-worker-2] [12] Conversation reset completed after safepoint
2026-09-30T18:59:54.896Z D/SurveyVM [main] getEvalPrompt[Q13] -> len=500
2026-09-30T18:59:54.898Z D/LiteRtRepository [DefaultDispatcher-worker-6] [13] request start model='Gemma3n4B' prompt.len=3147 sha=24fa9853932db34b gateWaitMs=1
2026-09-30T18:59:54.898Z D/LiteRtLM [slm-jni] initializeIfNeeded: warm runtime already ready: key='fs|dev=65096|ino=90166|size=4919541760|mtime=1790706902931'
2026-09-30T18:59:54.899Z D/LiteRtRepository [DefaultDispatcher-worker-6] [13] initializeIfNeeded ok initMs=1
2026-09-30T18:59:54.899Z D/LiteRtLM [DefaultDispatcher-worker-6] runInference start: key='fs|dev=65096|ino=90166|size=4919541760|mtime=1790706902931' runId=13 hasText=true originalTextLen=3147 effectiveTextLen=3147 images=0 audioClips=0
2026-09-30T18:59:54.899Z D/LiteRtLM [DefaultDispatcher-worker-6] LiteRT-LM sendMessageAsync(text): key='fs|dev=65096|ino=90166|size=4919541760|mtime=1790706902931' runId=13 len=3147 maxOutputTokens=64
2026-09-30T18:59:54.906Z D/LiteRtLM [DefaultDispatcher-worker-6] sendMessageAsync accepted: key='fs|dev=65096|ino=90166|size=4919541760|mtime=1790706902931' runId=13 dispatchMs=7
2026-09-30T18:59:56.182Z W/LiteRtLM [Thread-327] Inference first output: key='fs|dev=65096|ino=90166|size=4919541760|mtime=1790706902931' runId=13 ttftMs=1283 dispatchMs=7 postDispatchTtftMs=1276 requestToFirstOutputMs=1283
2026-09-30T18:59:58.619Z W/LiteRtLM [Thread-356] Inference timing: key='fs|dev=65096|ino=90166|size=4919541760|mtime=1790706902931' runId=13 ttftMs=1283 dispatchMs=7 postDispatchTtftMs=1276 totalMs=3720 callbacks=29 outputChars=90 cancelled=false error=false requestTotalMs=3720
2026-09-30T18:59:58.619Z I/LiteRtLM [Thread-356] LiteRT completion: runId=13 terminal=normal_onDone phase=unavailable engineTokenCapacity=1024 prefillTokens=-1 decodeTokens=-1 kvTokens=-1 outputChars=90 callbacks=29
2026-09-30T18:59:58.619Z D/LiteRtRepository [main] [13] logical done=true; responseClosed=true; waiting native cleanup
2026-09-30T18:59:58.619Z D/LiteRtRepository [main] [13] native cleanup safepoint
2026-09-30T18:59:58.620Z I/AiViewModel [DefaultDispatcher-worker-3] run[13] done: phase=EVAL mode=EVAL_JSON score=70 FU0.len=0 FU0.sha16=none commit=true err=<none>
2026-09-30T18:59:58.620Z D/SurveyVM [DefaultDispatcher-worker-3] getFollowupPrompt[Q13] -> len=602 evalLen=90
2026-09-30T18:59:58.622Z D/LiteRtRepository [DefaultDispatcher-worker-5] [13] Conversation reset completed after safepoint
2026-09-30T18:59:58.622Z D/LiteRtRepository [DefaultDispatcher-worker-5] [14] request start model='Gemma3n4B' prompt.len=1139 sha=edd8d74a2f161cd2 gateWaitMs=2
2026-09-30T18:59:58.622Z D/LiteRtLM [slm-jni] initializeIfNeeded: warm runtime already ready: key='fs|dev=65096|ino=90166|size=4919541760|mtime=1790706902931'
2026-09-30T18:59:58.623Z D/LiteRtRepository [DefaultDispatcher-worker-5] [14] initializeIfNeeded ok initMs=0
2026-09-30T18:59:58.623Z D/LiteRtLM [DefaultDispatcher-worker-2] runInference start: key='fs|dev=65096|ino=90166|size=4919541760|mtime=1790706902931' runId=14 hasText=true originalTextLen=1139 effectiveTextLen=1139 images=0 audioClips=0
2026-09-30T18:59:58.623Z D/LiteRtLM [DefaultDispatcher-worker-2] LiteRT-LM sendMessageAsync(text): key='fs|dev=65096|ino=90166|size=4919541760|mtime=1790706902931' runId=14 len=1139 maxOutputTokens=64
2026-09-30T18:59:58.625Z D/LiteRtLM [DefaultDispatcher-worker-2] sendMessageAsync accepted: key='fs|dev=65096|ino=90166|size=4919541760|mtime=1790706902931' runId=14 dispatchMs=2
2026-09-30T18:59:59.204Z W/LiteRtLM [Thread-357] Inference first output: key='fs|dev=65096|ino=90166|size=4919541760|mtime=1790706902931' runId=14 ttftMs=581 dispatchMs=2 postDispatchTtftMs=579 requestToFirstOutputMs=581
2026-09-30T19:00:00.822Z W/LiteRtLM [Thread-374] Inference timing: key='fs|dev=65096|ino=90166|size=4919541760|mtime=1790706902931' runId=14 ttftMs=581 dispatchMs=2 postDispatchTtftMs=579 totalMs=2200 callbacks=17 outputChars=92 cancelled=false error=false requestTotalMs=2200
2026-09-30T19:00:00.823Z I/LiteRtLM [Thread-374] LiteRT completion: runId=14 terminal=normal_onDone phase=unavailable engineTokenCapacity=1024 prefillTokens=-1 decodeTokens=-1 kvTokens=-1 outputChars=92 callbacks=17
2026-09-30T19:00:00.823Z D/LiteRtRepository [main] [14] logical done=true; responseClosed=true; waiting native cleanup
2026-09-30T19:00:00.824Z D/LiteRtRepository [main] [14] native cleanup safepoint
2026-09-30T19:00:00.825Z I/AiViewModel [DefaultDispatcher-worker-3] run[14] done: phase=FOLLOWUP mode=FOLLOWUP_JSON_OR_TEXT score=null FU0.len=92 FU0.sha16=42579a0d83619714 commit=false err=<none>
2026-09-30T19:00:00.827Z D/LiteRtRepository [DefaultDispatcher-worker-2] [14] Conversation reset completed after safepoint
2026-09-30T19:00:07.431Z D/SurveyVM [main] push -> Q14, navSize=17, stackSize=17
2026-09-30T19:00:07.433Z D/SurveyVM [main] hasTwoStepPrompt[Q14] -> true (eval=160, fu=185)
2026-09-30T19:00:20.817Z D/SurveyVM [main] getEvalPrompt[Q14] -> len=441
2026-09-30T19:00:20.819Z D/LiteRtRepository [DefaultDispatcher-worker-3] [15] request start model='Gemma3n4B' prompt.len=3088 sha=894b479ede80837e gateWaitMs=1
2026-09-30T19:00:20.821Z D/LiteRtLM [slm-jni] initializeIfNeeded: warm runtime already ready: key='fs|dev=65096|ino=90166|size=4919541760|mtime=1790706902931'
2026-09-30T19:00:20.821Z D/LiteRtRepository [DefaultDispatcher-worker-3] [15] initializeIfNeeded ok initMs=3
2026-09-30T19:00:20.822Z D/LiteRtLM [DefaultDispatcher-worker-2] runInference start: key='fs|dev=65096|ino=90166|size=4919541760|mtime=1790706902931' runId=15 hasText=true originalTextLen=3088 effectiveTextLen=3088 images=0 audioClips=0
2026-09-30T19:00:20.822Z D/LiteRtLM [DefaultDispatcher-worker-2] LiteRT-LM sendMessageAsync(text): key='fs|dev=65096|ino=90166|size=4919541760|mtime=1790706902931' runId=15 len=3088 maxOutputTokens=64
2026-09-30T19:00:20.828Z D/LiteRtLM [DefaultDispatcher-worker-2] sendMessageAsync accepted: key='fs|dev=65096|ino=90166|size=4919541760|mtime=1790706902931' runId=15 dispatchMs=5
2026-09-30T19:00:22.403Z W/LiteRtLM [Thread-375] Inference first output: key='fs|dev=65096|ino=90166|size=4919541760|mtime=1790706902931' runId=15 ttftMs=1580 dispatchMs=5 postDispatchTtftMs=1575 requestToFirstOutputMs=1580
2026-09-30T19:00:25.009Z W/LiteRtLM [Thread-402] Inference timing: key='fs|dev=65096|ino=90166|size=4919541760|mtime=1790706902931' runId=15 ttftMs=1580 dispatchMs=5 postDispatchTtftMs=1575 totalMs=4186 callbacks=27 outputChars=90 cancelled=false error=false requestTotalMs=4186
2026-09-30T19:00:25.009Z I/LiteRtLM [Thread-402] LiteRT completion: runId=15 terminal=normal_onDone phase=unavailable engineTokenCapacity=1024 prefillTokens=-1 decodeTokens=-1 kvTokens=-1 outputChars=90 callbacks=27
2026-09-30T19:00:25.009Z D/LiteRtRepository [main] [15] logical done=true; responseClosed=true; waiting native cleanup
2026-09-30T19:00:25.009Z D/LiteRtRepository [main] [15] native cleanup safepoint
2026-09-30T19:00:25.010Z I/AiViewModel [DefaultDispatcher-worker-2] run[15] done: phase=EVAL mode=EVAL_JSON score=65 FU0.len=0 FU0.sha16=none commit=true err=<none>
2026-09-30T19:00:25.010Z D/SurveyVM [DefaultDispatcher-worker-2] getFollowupPrompt[Q14] -> len=580 evalLen=90
2026-09-30T19:00:25.011Z D/LiteRtRepository [DefaultDispatcher-worker-5] [15] Conversation reset completed after safepoint
2026-09-30T19:00:25.011Z D/LiteRtRepository [DefaultDispatcher-worker-5] [16] request start model='Gemma3n4B' prompt.len=1117 sha=935936b1198338ed gateWaitMs=1
2026-09-30T19:00:25.011Z D/LiteRtLM [slm-jni] initializeIfNeeded: warm runtime already ready: key='fs|dev=65096|ino=90166|size=4919541760|mtime=1790706902931'
2026-09-30T19:00:25.011Z D/LiteRtRepository [DefaultDispatcher-worker-5] [16] initializeIfNeeded ok initMs=0
2026-09-30T19:00:25.012Z D/LiteRtLM [DefaultDispatcher-worker-5] runInference start: key='fs|dev=65096|ino=90166|size=4919541760|mtime=1790706902931' runId=16 hasText=true originalTextLen=1117 effectiveTextLen=1117 images=0 audioClips=0
2026-09-30T19:00:25.012Z D/LiteRtLM [DefaultDispatcher-worker-5] LiteRT-LM sendMessageAsync(text): key='fs|dev=65096|ino=90166|size=4919541760|mtime=1790706902931' runId=16 len=1117 maxOutputTokens=64
2026-09-30T19:00:25.013Z D/LiteRtLM [DefaultDispatcher-worker-5] sendMessageAsync accepted: key='fs|dev=65096|ino=90166|size=4919541760|mtime=1790706902931' runId=16 dispatchMs=1
2026-09-30T19:00:25.684Z W/LiteRtLM [Thread-403] Inference first output: key='fs|dev=65096|ino=90166|size=4919541760|mtime=1790706902931' runId=16 ttftMs=672 dispatchMs=1 postDispatchTtftMs=671 requestToFirstOutputMs=672
2026-09-30T19:00:27.250Z W/LiteRtLM [Thread-417] Inference timing: key='fs|dev=65096|ino=90166|size=4919541760|mtime=1790706902931' runId=16 ttftMs=672 dispatchMs=1 postDispatchTtftMs=671 totalMs=2238 callbacks=14 outputChars=79 cancelled=false error=false requestTotalMs=2238
2026-09-30T19:00:27.250Z I/LiteRtLM [Thread-417] LiteRT completion: runId=16 terminal=normal_onDone phase=unavailable engineTokenCapacity=1024 prefillTokens=-1 decodeTokens=-1 kvTokens=-1 outputChars=79 callbacks=14
2026-09-30T19:00:27.250Z D/LiteRtRepository [main] [16] logical done=true; responseClosed=true; waiting native cleanup
2026-09-30T19:00:27.250Z D/LiteRtRepository [main] [16] native cleanup safepoint
2026-09-30T19:00:27.251Z I/AiViewModel [DefaultDispatcher-worker-6] run[16] done: phase=FOLLOWUP mode=FOLLOWUP_JSON_OR_TEXT score=null FU0.len=79 FU0.sha16=fddded204a04e00c commit=false err=<none>
2026-09-30T19:00:27.253Z D/LiteRtRepository [DefaultDispatcher-worker-3] [16] Conversation reset completed after safepoint
2026-09-30T19:00:31.053Z D/SurveyVM [main] push -> Q15, navSize=18, stackSize=18
2026-09-30T19:00:31.057Z D/SurveyVM [main] hasTwoStepPrompt[Q15] -> true (eval=185, fu=210)
2026-09-30T19:00:41.807Z D/SurveyVM [main] getEvalPrompt[Q15] -> len=412
2026-09-30T19:00:41.808Z D/LiteRtRepository [DefaultDispatcher-worker-5] [17] request start model='Gemma3n4B' prompt.len=3059 sha=a471d87cdef56dc6 gateWaitMs=1
2026-09-30T19:00:41.808Z D/LiteRtLM [slm-jni] initializeIfNeeded: warm runtime already ready: key='fs|dev=65096|ino=90166|size=4919541760|mtime=1790706902931'
2026-09-30T19:00:41.809Z D/LiteRtRepository [DefaultDispatcher-worker-5] [17] initializeIfNeeded ok initMs=1
2026-09-30T19:00:41.809Z D/LiteRtLM [DefaultDispatcher-worker-6] runInference start: key='fs|dev=65096|ino=90166|size=4919541760|mtime=1790706902931' runId=17 hasText=true originalTextLen=3059 effectiveTextLen=3059 images=0 audioClips=0
2026-09-30T19:00:41.809Z D/LiteRtLM [DefaultDispatcher-worker-6] LiteRT-LM sendMessageAsync(text): key='fs|dev=65096|ino=90166|size=4919541760|mtime=1790706902931' runId=17 len=3059 maxOutputTokens=64
2026-09-30T19:00:41.815Z D/LiteRtLM [DefaultDispatcher-worker-6] sendMessageAsync accepted: key='fs|dev=65096|ino=90166|size=4919541760|mtime=1790706902931' runId=17 dispatchMs=6
2026-09-30T19:00:43.475Z W/LiteRtLM [Thread-418] Inference first output: key='fs|dev=65096|ino=90166|size=4919541760|mtime=1790706902931' runId=17 ttftMs=1666 dispatchMs=6 postDispatchTtftMs=1660 requestToFirstOutputMs=1666
2026-09-30T19:00:45.995Z W/LiteRtLM [Thread-445] Inference timing: key='fs|dev=65096|ino=90166|size=4919541760|mtime=1790706902931' runId=17 ttftMs=1666 dispatchMs=6 postDispatchTtftMs=1660 totalMs=4187 callbacks=27 outputChars=99 cancelled=false error=false requestTotalMs=4187
2026-09-30T19:00:45.996Z I/LiteRtLM [Thread-445] LiteRT completion: runId=17 terminal=normal_onDone phase=unavailable engineTokenCapacity=1024 prefillTokens=-1 decodeTokens=-1 kvTokens=-1 outputChars=99 callbacks=27
2026-09-30T19:00:45.996Z D/LiteRtRepository [main] [17] logical done=true; responseClosed=true; waiting native cleanup
2026-09-30T19:00:45.996Z D/LiteRtRepository [main] [17] native cleanup safepoint
2026-09-30T19:00:45.997Z I/AiViewModel [DefaultDispatcher-worker-6] run[17] done: phase=EVAL mode=EVAL_JSON score=70 FU0.len=0 FU0.sha16=none commit=true err=<none>
2026-09-30T19:00:45.998Z D/LiteRtRepository [DefaultDispatcher-worker-1] [17] Conversation reset completed after safepoint
2026-09-30T19:00:51.371Z D/SurveyVM [main] push -> Q16, navSize=19, stackSize=19
2026-09-30T19:00:51.376Z D/SurveyVM [main] hasTwoStepPrompt[Q16] -> true (eval=200, fu=225)
2026-09-30T19:01:03.774Z D/SurveyVM [main] getEvalPrompt[Q16] -> len=460
2026-09-30T19:01:03.775Z D/LiteRtRepository [DefaultDispatcher-worker-6] [18] request start model='Gemma3n4B' prompt.len=3107 sha=245ce6f5a07b1e79 gateWaitMs=0
2026-09-30T19:01:03.775Z D/LiteRtLM [slm-jni] initializeIfNeeded: warm runtime already ready: key='fs|dev=65096|ino=90166|size=4919541760|mtime=1790706902931'
2026-09-30T19:01:03.775Z D/LiteRtRepository [DefaultDispatcher-worker-6] [18] initializeIfNeeded ok initMs=1
2026-09-30T19:01:03.776Z D/LiteRtLM [DefaultDispatcher-worker-1] runInference start: key='fs|dev=65096|ino=90166|size=4919541760|mtime=1790706902931' runId=18 hasText=true originalTextLen=3107 effectiveTextLen=3107 images=0 audioClips=0
2026-09-30T19:01:03.776Z D/LiteRtLM [DefaultDispatcher-worker-1] LiteRT-LM sendMessageAsync(text): key='fs|dev=65096|ino=90166|size=4919541760|mtime=1790706902931' runId=18 len=3107 maxOutputTokens=64
2026-09-30T19:01:03.781Z D/LiteRtLM [DefaultDispatcher-worker-1] sendMessageAsync accepted: key='fs|dev=65096|ino=90166|size=4919541760|mtime=1790706902931' runId=18 dispatchMs=5
2026-09-30T19:01:05.336Z W/LiteRtLM [Thread-446] Inference first output: key='fs|dev=65096|ino=90166|size=4919541760|mtime=1790706902931' runId=18 ttftMs=1560 dispatchMs=5 postDispatchTtftMs=1555 requestToFirstOutputMs=1560
2026-09-30T19:01:07.765Z W/LiteRtLM [Thread-471] Inference timing: key='fs|dev=65096|ino=90166|size=4919541760|mtime=1790706902931' runId=18 ttftMs=1560 dispatchMs=5 postDispatchTtftMs=1555 totalMs=3989 callbacks=25 outputChars=89 cancelled=false error=false requestTotalMs=3989
2026-09-30T19:01:07.765Z I/LiteRtLM [Thread-471] LiteRT completion: runId=18 terminal=normal_onDone phase=unavailable engineTokenCapacity=1024 prefillTokens=-1 decodeTokens=-1 kvTokens=-1 outputChars=89 callbacks=25
2026-09-30T19:01:07.765Z D/LiteRtRepository [main] [18] logical done=true; responseClosed=true; waiting native cleanup
2026-09-30T19:01:07.766Z D/LiteRtRepository [main] [18] native cleanup safepoint
2026-09-30T19:01:07.766Z I/AiViewModel [DefaultDispatcher-worker-1] run[18] done: phase=EVAL mode=EVAL_JSON score=65 FU0.len=0 FU0.sha16=none commit=true err=<none>
2026-09-30T19:01:07.768Z D/LiteRtRepository [DefaultDispatcher-worker-4] [18] Conversation reset completed after safepoint
2026-09-30T19:01:13.271Z D/SurveyVM [main] push -> Review, navSize=20, stackSize=20
2026-09-30T19:01:13.278Z D/SurveyVM [main] hasTwoStepPrompt[Review] -> false (eval=0, fu=0)
2026-09-30T19:01:16.714Z D/SurveyVM [main] push -> Done, navSize=21, stackSize=21
2026-09-30T19:04:20.360Z D/SurveyVM [main] resetAudioRefs -> cleared
2026-09-30T19:04:20.360Z D/SurveyVM [main] resetNavToStart -> key=com.negi.survey.vm.FlowHome@f434cc5, navSize=1
2026-09-30T19:04:20.360Z D/SurveyVM [main] resetToStart -> Start, session=2, uuid=c1ac5b2a-84d8-446d-ba2a-038e582c673a, preserveDraft=false, draftLen=0
2026-09-30T19:04:20.361Z I/AiViewModel [main] onCleared: ViewModel is being cleared -> stopCurrentRunInternal()
2026-09-30T19:04:27.659Z W/LiteRtLM [DefaultDispatcher-worker-5] initialize: retiring incompatible Engine: key='fs|dev=65096|ino=90166|size=4919541760|mtime=1790706902931' oldBackend=com.google.ai.edge.litertlm.Backend$GPU@778bc4e requestedBackend=com.google.ai.edge.litertlm.Backend$GPU@ddb2993 oldMaxTokens=1024 requestedMaxTokens=4096 oldCaps(image=false,audio=false) requestedCaps(image=false,audio=false)
2026-09-30T19:04:28.121Z D/LiteRtLM [DefaultDispatcher-worker-8] Initializing LiteRT-LM: model='Gemma3n4B', key='fs|dev=65096|ino=90166|size=4919541760|mtime=1790706902931'
2026-09-30T19:04:28.121Z D/LiteRtLM [DefaultDispatcher-worker-8] Capabilities: image=false audio=false
2026-09-30T19:04:28.121Z D/LiteRtLM [DefaultDispatcher-worker-8] Backend=com.google.ai.edge.litertlm.Backend$GPU@ddb2993 maxNumTokens=4096 (raw=4096) topK=64 topP=0.95 temp=1.0
2026-09-30T19:04:28.121Z D/LiteRtLM [DefaultDispatcher-worker-8] Model path='/data/user/0/com.negi.survey/files/gemma-3n-E4B-it-int4.litertlm' sizeBytes=4919541760 lastModified=1790706902931
2026-09-30T19:04:28.121Z W/LiteRtLM [DefaultDispatcher-worker-8] Large maxNumTokens=4096 requested. This increases KV-cache capacity and memory pressure. For short survey JSON/follow-up generation, validate whether a smaller configured value is sufficient.
2026-09-30T19:04:28.121Z D/LiteRtLM [DefaultDispatcher-worker-8] LiteRT-LM native benchmark policy: enabled=false emulator=false
2026-09-30T19:04:28.121Z D/LiteRtLM [DefaultDispatcher-worker-8] Speculative decoding / MTP policy: enabled=false runtimeFlagUpdated=true model='Gemma3n4B'
2026-09-30T19:04:28.122Z D/LiteRtLM [DefaultDispatcher-worker-8] Engine cacheDir resolved: key='fs|dev=65096|ino=90166|size=4919541760|mtime=1790706902931' backend=com.google.ai.edge.litertlm.Backend$GPU@ddb2993 path='/data/user/0/com.negi.survey/no_backup/litertlm_cache/26730a1e02d0d60018f7a1f53eb589fb0d36b0f3' filesBefore=2
2026-09-30T19:04:36.119Z W/LiteRtLM [DefaultDispatcher-worker-8] Engine.initialize completed: key='fs|dev=65096|ino=90166|size=4919541760|mtime=1790706902931' backend=com.google.ai.edge.litertlm.Backend$GPU@ddb2993 took=7997ms cacheFilesAfter=2
2026-09-30T19:04:36.122Z D/LiteRtLM [DefaultDispatcher-worker-8] createConversation completed: key='fs|dev=65096|ino=90166|size=4919541760|mtime=1790706902931' took=4ms
2026-09-30T19:04:36.122Z D/LiteRtLM [DefaultDispatcher-worker-8] LiteRT-LM initialization succeeded: model='Gemma3n4B', key='fs|dev=65096|ino=90166|size=4919541760|mtime=1790706902931' engineMs=7997 conversationMs=4 totalMs=8464
2026-09-30T19:04:36.126Z D/AiTrace [main] Installed (enabled=false ringEnabled=true)
2026-09-30T19:04:36.128Z D/SurveyVM [main] init -> Start, session=0, uuid=a43d6ee0-06a9-41ef-a1dd-535eec05fe52, navSize=1, graphSize=22
2026-09-30T19:04:36.130Z D/SurveyVM [main] config.validate -> issues=0
2026-09-30T19:04:36.130Z D/SurveyVM [main] promptSources -> legacy=10, eval=0, follow=0
2026-09-30T19:04:36.130Z D/SurveyVM [main] promptSources.preview -> legacy=[Q10, Q11, Q12, Q13, Q14, Q15, Q16, Q7, Q8, Q9], eval=[], follow=[]
2026-09-30T19:04:36.130Z D/SurveyVM [main] hasTwoStepPrompt[Q10] -> true (eval=179, fu=204)
2026-09-30T19:04:36.130Z D/SurveyVM [main] hasTwoStepPrompt[Q11] -> true (eval=171, fu=196)
2026-09-30T19:04:36.130Z D/SurveyVM [main] hasTwoStepPrompt[Q12] -> true (eval=159, fu=184)
2026-09-30T19:04:36.130Z D/SurveyVM [main] hasTwoStepPrompt[Q13] -> true (eval=209, fu=234)
2026-09-30T19:04:36.130Z D/SurveyVM [main] hasTwoStepPrompt[Q14] -> true (eval=150, fu=175)
2026-09-30T19:04:36.130Z D/SurveyVM [main] hasTwoStepPrompt[Q15] -> true (eval=167, fu=192)
2026-09-30T19:04:36.130Z D/SurveyVM [main] hasTwoStepPrompt[Q16] -> true (eval=194, fu=219)
2026-09-30T19:04:36.130Z D/SurveyVM [main] hasTwoStepPrompt[Q7] -> true (eval=244, fu=155)
2026-09-30T19:04:36.130Z D/SurveyVM [main] hasTwoStepPrompt[Q8] -> true (eval=186, fu=211)
2026-09-30T19:04:36.130Z D/SurveyVM [main] hasTwoStepPrompt[Q9] -> true (eval=169, fu=194)
2026-09-30T19:04:36.130Z D/SurveyVM [main] AI prompt coverage OK (aiCount=10)
2026-09-30T19:04:36.228Z D/LiteRtLM [slm-jni] initializeIfNeeded: warm runtime already ready: key='fs|dev=65096|ino=90166|size=4919541760|mtime=1790706902931'
2026-09-30T19:04:36.228Z D/LiteRtRepository [main] warmUp: initializeIfNeeded ok gateWaitMs=0 initMs=1
2026-09-30T19:04:36.228Z D/LiteRtRepository [main] warmUp: Engine ready; representative inference disabled totalMs=2
2026-09-30T19:04:39.326Z D/SurveyVM [main] setRunFreeText(draft) -> len=1
2026-09-30T19:04:39.512Z D/SurveyVM [main] setRunFreeText(draft) -> len=2
2026-09-30T19:04:39.660Z D/SurveyVM [main] setRunFreeText(draft) -> len=3
2026-09-30T19:04:39.843Z D/SurveyVM [main] setRunFreeText(draft) -> len=4
2026-09-30T19:04:40.176Z D/SurveyVM [main] setRunFreeText(draft) -> len=5
2026-09-30T19:04:40.410Z D/SurveyVM [main] setRunFreeText(draft) -> len=6
2026-09-30T19:04:40.643Z D/SurveyVM [main] setRunFreeText(draft) -> len=7
2026-09-30T19:04:41.159Z D/SurveyVM [main] setRunFreeText(draft) -> len=8
2026-09-30T19:04:41.518Z D/SurveyVM [main] setRunFreeText(draft) -> len=9
2026-09-30T19:04:41.701Z D/SurveyVM [main] setRunFreeText(draft) -> len=10
2026-09-30T19:04:41.993Z D/SurveyVM [main] setRunFreeText(draft) -> len=11
2026-09-30T19:04:42.417Z D/SurveyVM [main] setRunFreeText(draft) -> len=12
2026-09-30T19:04:42.648Z D/SurveyVM [main] setRunFreeText(draft) -> len=14
2026-09-30T19:04:43.537Z D/SurveyVM [main] setRunFreeText(draft) -> len=15
2026-09-30T19:04:44.160Z D/SurveyVM [main] setRunFreeText(draft) -> len=16
2026-09-30T19:04:44.997Z D/SurveyVM [main] setRunFreeText(draft) -> len=17
2026-09-30T19:04:46.044Z D/SurveyVM [main] setRunFreeText(draft) -> len=18
2026-09-30T19:04:46.629Z D/SurveyVM [main] setRunFreeText(draft) -> len=19
2026-09-30T19:04:47.007Z D/SurveyVM [main] setRunFreeText(draft) -> len=20
2026-09-30T19:04:47.211Z D/SurveyVM [main] setRunFreeText(draft) -> len=21
2026-09-30T19:04:47.758Z D/SurveyVM [main] setRunFreeText(draft) -> len=22
2026-09-30T19:04:48.058Z D/SurveyVM [main] setRunFreeText(draft) -> len=23
2026-09-30T19:04:48.290Z D/SurveyVM [main] setRunFreeText(draft) -> len=24
2026-09-30T19:04:48.675Z D/SurveyVM [main] setRunFreeText(draft) -> len=25
2026-09-30T19:04:48.923Z D/SurveyVM [main] setRunFreeText(draft) -> len=26
2026-09-30T19:04:49.115Z D/SurveyVM [main] setRunFreeText(draft) -> len=27
2026-09-30T19:04:49.298Z D/SurveyVM [main] setRunFreeText(draft) -> len=28
2026-09-30T19:04:51.385Z D/SurveyVM [main] setRunFreeText(draft) -> len=29
2026-09-30T19:04:52.309Z D/SurveyVM [main] setRunFreeText(draft) -> len=30
2026-09-30T19:04:52.473Z D/SurveyVM [main] setRunFreeText(draft) -> len=31
2026-09-30T19:04:52.475Z D/SurveyVM [main] setRunFreeText(draft) -> len=30
2026-09-30T19:04:52.475Z D/SurveyVM [main] setRunFreeText(draft) -> len=30
2026-09-30T19:04:52.997Z D/SurveyVM [main] setRunFreeText(draft) -> len=31
2026-09-30T19:04:53.189Z D/SurveyVM [main] setRunFreeText(draft) -> len=32
2026-09-30T19:04:53.439Z D/SurveyVM [main] setRunFreeText(draft) -> len=33
2026-09-30T19:04:53.847Z D/SurveyVM [main] setRunFreeText(draft) -> len=34
2026-09-30T19:04:54.031Z D/SurveyVM [main] setRunFreeText(draft) -> len=35
2026-09-30T19:04:54.373Z D/SurveyVM [main] setRunFreeText(draft) -> len=36
2026-09-30T19:04:54.514Z D/SurveyVM [main] setRunFreeText(draft) -> len=37
2026-09-30T19:04:54.514Z D/SurveyVM [main] setRunFreeText(draft) -> len=37
2026-09-30T19:04:55.409Z D/SurveyVM [main] resetAudioRefs -> cleared
2026-09-30T19:04:55.410Z D/SurveyVM [main] resetNavToStart -> key=com.negi.survey.vm.FlowHome@f434cc5, navSize=1
2026-09-30T19:04:55.410Z D/SurveyVM [main] resetToStart -> Start, session=1, uuid=9113f7da-df9c-4e0c-82f0-0b4e1048a2f3, preserveDraft=true, draftLen=37
2026-09-30T19:04:55.410Z D/SurveyVM [main] setRunFreeText(draft) -> len=37
2026-09-30T19:04:55.410Z D/SurveyVM [main] activateRunIfNeeded(advanceToNext:Introduction) -> runNoteLen=37, draftCleared=true, uuid=9113f7da-df9c-4e0c-82f0-0b4e1048a2f3
2026-09-30T19:04:55.410Z D/SurveyVM [main] push -> Introduction, navSize=2, stackSize=2
2026-09-30T19:04:57.687Z D/SurveyVM [main] push -> Consent, navSize=3, stackSize=3
2026-09-30T19:04:59.628Z D/SurveyVM [main] push -> Q1, navSize=4, stackSize=4
2026-09-30T19:05:02.902Z D/SurveyVM [main] push -> Q2, navSize=5, stackSize=5
2026-09-30T19:05:04.951Z D/SurveyVM [main] push -> Q3, navSize=6, stackSize=6
2026-09-30T19:05:22.865Z D/SurveyVM [main] push -> Q4, navSize=7, stackSize=7
2026-09-30T19:05:26.898Z D/SurveyVM [main] push -> Q5, navSize=8, stackSize=8
2026-09-30T19:05:29.471Z D/SurveyVM [main] push -> Q6, navSize=9, stackSize=9
2026-09-30T19:05:33.995Z D/SurveyVM [main] push -> Q7, navSize=10, stackSize=10
2026-09-30T19:05:34.016Z D/SurveyVM [main] hasTwoStepPrompt[Q7] -> true (eval=244, fu=155)
2026-09-30T19:05:52.466Z D/SurveyVM [main] getEvalPrompt[Q7] -> len=388
2026-09-30T19:05:52.468Z D/LiteRtRepository [DefaultDispatcher-worker-5] [19] request start model='Gemma3n4B' prompt.len=2906 sha=026f33e6f260697c gateWaitMs=0
2026-09-30T19:05:52.468Z D/LiteRtLM [slm-jni] initializeIfNeeded: warm runtime already ready: key='fs|dev=65096|ino=90166|size=4919541760|mtime=1790706902931'
2026-09-30T19:05:52.468Z D/LiteRtRepository [DefaultDispatcher-worker-5] [19] initializeIfNeeded ok initMs=1
2026-09-30T19:05:52.469Z D/LiteRtLM [DefaultDispatcher-worker-5] runInference start: key='fs|dev=65096|ino=90166|size=4919541760|mtime=1790706902931' runId=19 hasText=true originalTextLen=2906 effectiveTextLen=2906 images=0 audioClips=0
2026-09-30T19:05:52.469Z D/LiteRtLM [DefaultDispatcher-worker-5] LiteRT-LM sendMessageAsync(text): key='fs|dev=65096|ino=90166|size=4919541760|mtime=1790706902931' runId=19 len=2906 maxOutputTokens=64
2026-09-30T19:05:52.478Z D/LiteRtLM [DefaultDispatcher-worker-5] sendMessageAsync accepted: key='fs|dev=65096|ino=90166|size=4919541760|mtime=1790706902931' runId=19 dispatchMs=9
2026-09-30T19:05:55.487Z W/LiteRtLM [Thread-472] Inference first output: key='fs|dev=65096|ino=90166|size=4919541760|mtime=1790706902931' runId=19 ttftMs=3018 dispatchMs=9 postDispatchTtftMs=3009 requestToFirstOutputMs=3018
2026-09-30T19:05:58.277Z W/LiteRtLM [Thread-504] Inference timing: key='fs|dev=65096|ino=90166|size=4919541760|mtime=1790706902931' runId=19 ttftMs=3018 dispatchMs=9 postDispatchTtftMs=3009 totalMs=5808 callbacks=32 outputChars=91 cancelled=false error=false requestTotalMs=5808
2026-09-30T19:05:58.277Z I/LiteRtLM [Thread-504] LiteRT completion: runId=19 terminal=normal_onDone phase=unavailable engineTokenCapacity=4096 prefillTokens=-1 decodeTokens=-1 kvTokens=-1 outputChars=91 callbacks=32
2026-09-30T19:05:58.278Z D/LiteRtRepository [main] [19] logical done=true; responseClosed=true; waiting native cleanup
2026-09-30T19:05:58.278Z D/LiteRtRepository [main] [19] native cleanup safepoint
2026-09-30T19:05:58.280Z D/LiteRtRepository [DefaultDispatcher-worker-6] [19] Conversation reset completed after safepoint
2026-09-30T19:05:58.281Z I/AiViewModel [DefaultDispatcher-worker-4] run[1] done: phase=EVAL mode=EVAL_JSON score=85 FU0.len=0 FU0.sha16=none commit=true err=<none>
2026-09-30T19:06:33.001Z D/SurveyVM [main] push -> Q8, navSize=11, stackSize=11
2026-09-30T19:06:33.003Z D/SurveyVM [main] hasTwoStepPrompt[Q8] -> true (eval=186, fu=211)
2026-09-30T19:06:45.973Z D/SurveyVM [main] getEvalPrompt[Q8] -> len=332
2026-09-30T19:06:45.974Z D/LiteRtRepository [DefaultDispatcher-worker-4] [20] request start model='Gemma3n4B' prompt.len=2850 sha=449c6f4c8da79e46 gateWaitMs=0
2026-09-30T19:06:45.975Z D/LiteRtLM [slm-jni] initializeIfNeeded: warm runtime already ready: key='fs|dev=65096|ino=90166|size=4919541760|mtime=1790706902931'
2026-09-30T19:06:45.975Z D/LiteRtRepository [DefaultDispatcher-worker-4] [20] initializeIfNeeded ok initMs=1
2026-09-30T19:06:45.975Z D/LiteRtLM [DefaultDispatcher-worker-4] runInference start: key='fs|dev=65096|ino=90166|size=4919541760|mtime=1790706902931' runId=20 hasText=true originalTextLen=2850 effectiveTextLen=2850 images=0 audioClips=0
2026-09-30T19:06:45.975Z D/LiteRtLM [DefaultDispatcher-worker-4] LiteRT-LM sendMessageAsync(text): key='fs|dev=65096|ino=90166|size=4919541760|mtime=1790706902931' runId=20 len=2850 maxOutputTokens=64
2026-09-30T19:06:45.978Z D/LiteRtLM [DefaultDispatcher-worker-4] sendMessageAsync accepted: key='fs|dev=65096|ino=90166|size=4919541760|mtime=1790706902931' runId=20 dispatchMs=3
2026-09-30T19:06:47.769Z W/LiteRtLM [Thread-505] Inference first output: key='fs|dev=65096|ino=90166|size=4919541760|mtime=1790706902931' runId=20 ttftMs=1794 dispatchMs=3 postDispatchTtftMs=1791 requestToFirstOutputMs=1794
2026-09-30T19:06:50.444Z W/LiteRtLM [Thread-536] Inference timing: key='fs|dev=65096|ino=90166|size=4919541760|mtime=1790706902931' runId=20 ttftMs=1794 dispatchMs=3 postDispatchTtftMs=1791 totalMs=4469 callbacks=31 outputChars=89 cancelled=false error=false requestTotalMs=4469
2026-09-30T19:06:50.444Z I/LiteRtLM [Thread-536] LiteRT completion: runId=20 terminal=normal_onDone phase=unavailable engineTokenCapacity=4096 prefillTokens=-1 decodeTokens=-1 kvTokens=-1 outputChars=89 callbacks=31
2026-09-30T19:06:50.444Z D/LiteRtRepository [main] [20] logical done=true; responseClosed=true; waiting native cleanup
2026-09-30T19:06:50.444Z D/LiteRtRepository [main] [20] native cleanup safepoint
2026-09-30T19:06:50.445Z I/AiViewModel [DefaultDispatcher-worker-4] run[2] done: phase=EVAL mode=EVAL_JSON score=75 FU0.len=0 FU0.sha16=none commit=true err=<none>
2026-09-30T19:06:50.447Z D/LiteRtRepository [DefaultDispatcher-worker-3] [20] Conversation reset completed after safepoint
2026-09-30T19:07:20.533Z D/SurveyVM [main] push -> Q9, navSize=12, stackSize=12
2026-09-30T19:07:20.538Z D/SurveyVM [main] hasTwoStepPrompt[Q9] -> true (eval=169, fu=194)
2026-09-30T19:07:31.252Z D/SurveyVM [main] getEvalPrompt[Q9] -> len=333
2026-09-30T19:07:31.253Z D/LiteRtRepository [DefaultDispatcher-worker-4] [21] request start model='Gemma3n4B' prompt.len=2851 sha=2dd71026ca26117e gateWaitMs=1
2026-09-30T19:07:31.254Z D/LiteRtLM [slm-jni] initializeIfNeeded: warm runtime already ready: key='fs|dev=65096|ino=90166|size=4919541760|mtime=1790706902931'
2026-09-30T19:07:31.254Z D/LiteRtRepository [DefaultDispatcher-worker-4] [21] initializeIfNeeded ok initMs=1
2026-09-30T19:07:31.255Z D/LiteRtLM [DefaultDispatcher-worker-4] runInference start: key='fs|dev=65096|ino=90166|size=4919541760|mtime=1790706902931' runId=21 hasText=true originalTextLen=2851 effectiveTextLen=2851 images=0 audioClips=0
2026-09-30T19:07:31.255Z D/LiteRtLM [DefaultDispatcher-worker-4] LiteRT-LM sendMessageAsync(text): key='fs|dev=65096|ino=90166|size=4919541760|mtime=1790706902931' runId=21 len=2851 maxOutputTokens=64
2026-09-30T19:07:31.259Z D/LiteRtLM [DefaultDispatcher-worker-4] sendMessageAsync accepted: key='fs|dev=65096|ino=90166|size=4919541760|mtime=1790706902931' runId=21 dispatchMs=4
2026-09-30T19:07:32.968Z W/LiteRtLM [Thread-537] Inference first output: key='fs|dev=65096|ino=90166|size=4919541760|mtime=1790706902931' runId=21 ttftMs=1713 dispatchMs=4 postDispatchTtftMs=1709 requestToFirstOutputMs=1713
2026-09-30T19:07:34.948Z W/LiteRtLM [Thread-559] Inference timing: key='fs|dev=65096|ino=90166|size=4919541760|mtime=1790706902931' runId=21 ttftMs=1713 dispatchMs=4 postDispatchTtftMs=1709 totalMs=3694 callbacks=22 outputChars=62 cancelled=false error=false requestTotalMs=3694
2026-09-30T19:07:34.948Z I/LiteRtLM [Thread-559] LiteRT completion: runId=21 terminal=normal_onDone phase=unavailable engineTokenCapacity=4096 prefillTokens=-1 decodeTokens=-1 kvTokens=-1 outputChars=62 callbacks=22
2026-09-30T19:07:34.949Z D/LiteRtRepository [main] [21] logical done=true; responseClosed=true; waiting native cleanup
2026-09-30T19:07:34.949Z D/LiteRtRepository [main] [21] native cleanup safepoint
2026-09-30T19:07:34.949Z I/AiViewModel [DefaultDispatcher-worker-4] run[3] done: phase=EVAL mode=EVAL_JSON score=85 FU0.len=0 FU0.sha16=none commit=true err=<none>
2026-09-30T19:07:34.951Z D/LiteRtRepository [DefaultDispatcher-worker-8] [21] Conversation reset completed after safepoint
2026-09-30T19:24:21.706Z D/SurveyVM [main] push -> Q10, navSize=13, stackSize=13
2026-09-30T19:24:21.713Z D/SurveyVM [main] hasTwoStepPrompt[Q10] -> true (eval=179, fu=204)
2026-09-30T19:24:37.935Z D/SurveyVM [main] getEvalPrompt[Q10] -> len=318
2026-09-30T19:24:37.936Z D/LiteRtRepository [DefaultDispatcher-worker-4] [22] request start model='Gemma3n4B' prompt.len=2836 sha=b42c74d73ae7a966 gateWaitMs=0
2026-09-30T19:24:37.936Z D/LiteRtLM [slm-jni] initializeIfNeeded: warm runtime already ready: key='fs|dev=65096|ino=90166|size=4919541760|mtime=1790706902931'
2026-09-30T19:24:37.936Z D/LiteRtRepository [DefaultDispatcher-worker-4] [22] initializeIfNeeded ok initMs=1
2026-09-30T19:24:37.937Z D/LiteRtLM [DefaultDispatcher-worker-4] runInference start: key='fs|dev=65096|ino=90166|size=4919541760|mtime=1790706902931' runId=22 hasText=true originalTextLen=2836 effectiveTextLen=2836 images=0 audioClips=0
2026-09-30T19:24:37.937Z D/LiteRtLM [DefaultDispatcher-worker-4] LiteRT-LM sendMessageAsync(text): key='fs|dev=65096|ino=90166|size=4919541760|mtime=1790706902931' runId=22 len=2836 maxOutputTokens=64
2026-09-30T19:24:37.939Z D/LiteRtLM [DefaultDispatcher-worker-4] sendMessageAsync accepted: key='fs|dev=65096|ino=90166|size=4919541760|mtime=1790706902931' runId=22 dispatchMs=2
2026-09-30T19:24:40.582Z W/LiteRtLM [Thread-560] Inference first output: key='fs|dev=65096|ino=90166|size=4919541760|mtime=1790706902931' runId=22 ttftMs=2645 dispatchMs=2 postDispatchTtftMs=2643 requestToFirstOutputMs=2645
2026-09-30T19:24:44.040Z W/LiteRtLM [Thread-589] Inference timing: key='fs|dev=65096|ino=90166|size=4919541760|mtime=1790706902931' runId=22 ttftMs=2645 dispatchMs=2 postDispatchTtftMs=2643 totalMs=6103 callbacks=29 outputChars=84 cancelled=false error=false requestTotalMs=6103
2026-09-30T19:24:44.040Z I/LiteRtLM [Thread-589] LiteRT completion: runId=22 terminal=normal_onDone phase=unavailable engineTokenCapacity=4096 prefillTokens=-1 decodeTokens=-1 kvTokens=-1 outputChars=84 callbacks=29
2026-09-30T19:24:44.040Z D/LiteRtRepository [main] [22] logical done=true; responseClosed=true; waiting native cleanup
2026-09-30T19:24:44.040Z D/LiteRtRepository [main] [22] native cleanup safepoint
2026-09-30T19:24:44.042Z I/AiViewModel [DefaultDispatcher-worker-4] run[4] done: phase=EVAL mode=EVAL_JSON score=65 FU0.len=0 FU0.sha16=none commit=true err=<none>
2026-09-30T19:24:44.042Z D/SurveyVM [DefaultDispatcher-worker-4] getFollowupPrompt[Q10] -> len=414 evalLen=84
2026-09-30T19:24:44.043Z D/LiteRtRepository [DefaultDispatcher-worker-3] [22] Conversation reset completed after safepoint
2026-09-30T19:24:44.043Z D/LiteRtRepository [DefaultDispatcher-worker-3] [23] request start model='Gemma3n4B' prompt.len=1376 sha=8411c0a9f7fb4dd6 gateWaitMs=1
2026-09-30T19:24:44.043Z D/LiteRtLM [slm-jni] initializeIfNeeded: warm runtime already ready: key='fs|dev=65096|ino=90166|size=4919541760|mtime=1790706902931'
2026-09-30T19:24:44.043Z D/LiteRtRepository [DefaultDispatcher-worker-4] [23] initializeIfNeeded ok initMs=1
2026-09-30T19:24:44.043Z D/LiteRtLM [DefaultDispatcher-worker-4] runInference start: key='fs|dev=65096|ino=90166|size=4919541760|mtime=1790706902931' runId=23 hasText=true originalTextLen=1376 effectiveTextLen=1376 images=0 audioClips=0
2026-09-30T19:24:44.043Z D/LiteRtLM [DefaultDispatcher-worker-4] LiteRT-LM sendMessageAsync(text): key='fs|dev=65096|ino=90166|size=4919541760|mtime=1790706902931' runId=23 len=1376 maxOutputTokens=64
2026-09-30T19:24:44.045Z D/LiteRtLM [DefaultDispatcher-worker-4] sendMessageAsync accepted: key='fs|dev=65096|ino=90166|size=4919541760|mtime=1790706902931' runId=23 dispatchMs=1
2026-09-30T19:24:45.506Z W/LiteRtLM [Thread-590] Inference first output: key='fs|dev=65096|ino=90166|size=4919541760|mtime=1790706902931' runId=23 ttftMs=1462 dispatchMs=1 postDispatchTtftMs=1461 requestToFirstOutputMs=1462
2026-09-30T19:24:50.060Z W/LiteRtLM [Thread-618] Inference timing: key='fs|dev=65096|ino=90166|size=4919541760|mtime=1790706902931' runId=23 ttftMs=1462 dispatchMs=1 postDispatchTtftMs=1461 totalMs=6017 callbacks=28 outputChars=88 cancelled=false error=false requestTotalMs=6017
2026-09-30T19:24:50.061Z I/LiteRtLM [Thread-618] LiteRT completion: runId=23 terminal=normal_onDone phase=unavailable engineTokenCapacity=4096 prefillTokens=-1 decodeTokens=-1 kvTokens=-1 outputChars=88 callbacks=28
2026-09-30T19:24:50.061Z D/LiteRtRepository [main] [23] logical done=true; responseClosed=true; waiting native cleanup
2026-09-30T19:24:50.061Z D/LiteRtRepository [main] [23] native cleanup safepoint
2026-09-30T19:24:50.063Z I/AiViewModel [DefaultDispatcher-worker-4] run[5] done: phase=FOLLOWUP mode=FOLLOWUP_JSON_OR_TEXT score=null FU0.len=88 FU0.sha16=4a91ed357d666e41 commit=false err=<none>
2026-09-30T19:24:50.066Z D/LiteRtRepository [DefaultDispatcher-worker-2] [23] Conversation reset completed after safepoint
2026-09-30T19:25:02.581Z D/SurveyVM [main] push -> Q11, navSize=14, stackSize=14
2026-09-30T19:25:02.585Z D/SurveyVM [main] hasTwoStepPrompt[Q11] -> true (eval=171, fu=196)
2026-09-30T19:25:14.641Z D/SurveyVM [main] getEvalPrompt[Q11] -> len=327
2026-09-30T19:25:14.642Z D/LiteRtRepository [DefaultDispatcher-worker-4] [24] request start model='Gemma3n4B' prompt.len=2845 sha=48e8a55f765e9e92 gateWaitMs=0
2026-09-30T19:25:14.643Z D/LiteRtLM [slm-jni] initializeIfNeeded: warm runtime already ready: key='fs|dev=65096|ino=90166|size=4919541760|mtime=1790706902931'
2026-09-30T19:25:14.643Z D/LiteRtRepository [DefaultDispatcher-worker-4] [24] initializeIfNeeded ok initMs=0
2026-09-30T19:25:14.643Z D/LiteRtLM [DefaultDispatcher-worker-4] runInference start: key='fs|dev=65096|ino=90166|size=4919541760|mtime=1790706902931' runId=24 hasText=true originalTextLen=2845 effectiveTextLen=2845 images=0 audioClips=0
2026-09-30T19:25:14.643Z D/LiteRtLM [DefaultDispatcher-worker-4] LiteRT-LM sendMessageAsync(text): key='fs|dev=65096|ino=90166|size=4919541760|mtime=1790706902931' runId=24 len=2845 maxOutputTokens=64
2026-09-30T19:25:14.649Z D/LiteRtLM [DefaultDispatcher-worker-4] sendMessageAsync accepted: key='fs|dev=65096|ino=90166|size=4919541760|mtime=1790706902931' runId=24 dispatchMs=6
2026-09-30T19:25:16.372Z W/LiteRtLM [Thread-619] Inference first output: key='fs|dev=65096|ino=90166|size=4919541760|mtime=1790706902931' runId=24 ttftMs=1730 dispatchMs=6 postDispatchTtftMs=1724 requestToFirstOutputMs=1730
2026-09-30T19:25:19.891Z W/LiteRtLM [Thread-645] Inference timing: key='fs|dev=65096|ino=90166|size=4919541760|mtime=1790706902931' runId=24 ttftMs=1730 dispatchMs=6 postDispatchTtftMs=1724 totalMs=5248 callbacks=26 outputChars=77 cancelled=false error=false requestTotalMs=5248
2026-09-30T19:25:19.891Z I/LiteRtLM [Thread-645] LiteRT completion: runId=24 terminal=normal_onDone phase=unavailable engineTokenCapacity=4096 prefillTokens=-1 decodeTokens=-1 kvTokens=-1 outputChars=77 callbacks=26
2026-09-30T19:25:19.894Z D/LiteRtRepository [main] [24] logical done=true; responseClosed=true; waiting native cleanup
2026-09-30T19:25:19.894Z D/LiteRtRepository [main] [24] native cleanup safepoint
2026-09-30T19:25:19.895Z I/AiViewModel [DefaultDispatcher-worker-4] run[6] done: phase=EVAL mode=EVAL_JSON score=65 FU0.len=0 FU0.sha16=none commit=true err=<none>
2026-09-30T19:25:19.895Z D/SurveyVM [DefaultDispatcher-worker-4] getFollowupPrompt[Q11] -> len=416 evalLen=77
2026-09-30T19:25:19.897Z D/LiteRtRepository [DefaultDispatcher-worker-1] [24] Conversation reset completed after safepoint
2026-09-30T19:25:19.898Z D/LiteRtRepository [DefaultDispatcher-worker-1] [25] request start model='Gemma3n4B' prompt.len=1378 sha=63cf08b2f5a88fd8 gateWaitMs=2
2026-09-30T19:25:19.898Z D/LiteRtLM [slm-jni] initializeIfNeeded: warm runtime already ready: key='fs|dev=65096|ino=90166|size=4919541760|mtime=1790706902931'
2026-09-30T19:25:19.898Z D/LiteRtRepository [DefaultDispatcher-worker-1] [25] initializeIfNeeded ok initMs=0
2026-09-30T19:25:19.898Z D/LiteRtLM [DefaultDispatcher-worker-1] runInference start: key='fs|dev=65096|ino=90166|size=4919541760|mtime=1790706902931' runId=25 hasText=true originalTextLen=1378 effectiveTextLen=1378 images=0 audioClips=0
2026-09-30T19:25:19.898Z D/LiteRtLM [DefaultDispatcher-worker-1] LiteRT-LM sendMessageAsync(text): key='fs|dev=65096|ino=90166|size=4919541760|mtime=1790706902931' runId=25 len=1378 maxOutputTokens=64
2026-09-30T19:25:19.900Z D/LiteRtLM [DefaultDispatcher-worker-1] sendMessageAsync accepted: key='fs|dev=65096|ino=90166|size=4919541760|mtime=1790706902931' runId=25 dispatchMs=2
2026-09-30T19:25:21.871Z W/LiteRtLM [Thread-646] Inference first output: key='fs|dev=65096|ino=90166|size=4919541760|mtime=1790706902931' runId=25 ttftMs=1973 dispatchMs=2 postDispatchTtftMs=1971 requestToFirstOutputMs=1973
2026-09-30T19:25:31.654Z W/LiteRtLM [Thread-675] Inference timing: key='fs|dev=65096|ino=90166|size=4919541760|mtime=1790706902931' runId=25 ttftMs=1973 dispatchMs=2 postDispatchTtftMs=1971 totalMs=11756 callbacks=29 outputChars=86 cancelled=false error=false requestTotalMs=11756
2026-09-30T19:25:31.655Z I/LiteRtLM [Thread-675] LiteRT completion: runId=25 terminal=normal_onDone phase=unavailable engineTokenCapacity=4096 prefillTokens=-1 decodeTokens=-1 kvTokens=-1 outputChars=86 callbacks=29
2026-09-30T19:25:31.660Z D/LiteRtRepository [main] [25] logical done=true; responseClosed=true; waiting native cleanup
2026-09-30T19:25:31.660Z D/LiteRtRepository [main] [25] native cleanup safepoint
2026-09-30T19:25:31.662Z I/AiViewModel [DefaultDispatcher-worker-3] run[7] done: phase=FOLLOWUP mode=FOLLOWUP_JSON_OR_TEXT score=null FU0.len=85 FU0.sha16=458438d698b71eb7 commit=false err=<none>
2026-09-30T19:25:31.664Z D/LiteRtRepository [DefaultDispatcher-worker-5] [25] Conversation reset completed after safepoint
2026-09-30T19:25:35.861Z D/SurveyVM [main] push -> Q12, navSize=15, stackSize=15
2026-09-30T19:25:35.868Z D/SurveyVM [main] hasTwoStepPrompt[Q12] -> true (eval=159, fu=184)
2026-09-30T19:25:48.018Z D/SurveyVM [main] getEvalPrompt[Q12] -> len=271
2026-09-30T19:25:48.019Z D/LiteRtRepository [DefaultDispatcher-worker-4] [26] request start model='Gemma3n4B' prompt.len=2789 sha=d022099be180120b gateWaitMs=1
2026-09-30T19:25:48.020Z D/LiteRtLM [slm-jni] initializeIfNeeded: warm runtime already ready: key='fs|dev=65096|ino=90166|size=4919541760|mtime=1790706902931'
2026-09-30T19:25:48.020Z D/LiteRtRepository [DefaultDispatcher-worker-4] [26] initializeIfNeeded ok initMs=0
2026-09-30T19:25:48.022Z D/LiteRtLM [DefaultDispatcher-worker-3] runInference start: key='fs|dev=65096|ino=90166|size=4919541760|mtime=1790706902931' runId=26 hasText=true originalTextLen=2789 effectiveTextLen=2789 images=0 audioClips=0
2026-09-30T19:25:48.023Z D/LiteRtLM [DefaultDispatcher-worker-3] LiteRT-LM sendMessageAsync(text): key='fs|dev=65096|ino=90166|size=4919541760|mtime=1790706902931' runId=26 len=2789 maxOutputTokens=64
2026-09-30T19:25:48.030Z D/LiteRtLM [DefaultDispatcher-worker-3] sendMessageAsync accepted: key='fs|dev=65096|ino=90166|size=4919541760|mtime=1790706902931' runId=26 dispatchMs=7
2026-09-30T19:25:49.627Z W/LiteRtLM [Thread-676] Inference first output: key='fs|dev=65096|ino=90166|size=4919541760|mtime=1790706902931' runId=26 ttftMs=1604 dispatchMs=7 postDispatchTtftMs=1597 requestToFirstOutputMs=1605
2026-09-30T19:25:55.331Z W/LiteRtLM [Thread-714] Inference timing: key='fs|dev=65096|ino=90166|size=4919541760|mtime=1790706902931' runId=26 ttftMs=1604 dispatchMs=7 postDispatchTtftMs=1597 totalMs=7308 callbacks=38 outputChars=119 cancelled=false error=false requestTotalMs=7309
2026-09-30T19:25:55.331Z I/LiteRtLM [Thread-714] LiteRT completion: runId=26 terminal=normal_onDone phase=unavailable engineTokenCapacity=4096 prefillTokens=-1 decodeTokens=-1 kvTokens=-1 outputChars=119 callbacks=38
2026-09-30T19:25:55.331Z D/LiteRtRepository [main] [26] logical done=true; responseClosed=true; waiting native cleanup
2026-09-30T19:25:55.331Z D/LiteRtRepository [main] [26] native cleanup safepoint
2026-09-30T19:25:55.333Z I/AiViewModel [DefaultDispatcher-worker-5] run[8] done: phase=EVAL mode=EVAL_JSON score=85 FU0.len=0 FU0.sha16=none commit=true err=<none>
2026-09-30T19:25:55.334Z D/LiteRtRepository [DefaultDispatcher-worker-4] [26] Conversation reset completed after safepoint
2026-09-30T19:26:10.633Z D/SurveyVM [main] push -> Q13, navSize=16, stackSize=16
2026-09-30T19:26:10.640Z D/SurveyVM [main] hasTwoStepPrompt[Q13] -> true (eval=209, fu=234)
2026-09-30T19:26:22.362Z D/SurveyVM [main] getEvalPrompt[Q13] -> len=316
2026-09-30T19:26:22.364Z D/LiteRtRepository [DefaultDispatcher-worker-8] [27] request start model='Gemma3n4B' prompt.len=2834 sha=e9a3e00136d791dc gateWaitMs=0
2026-09-30T19:26:22.365Z D/LiteRtLM [slm-jni] initializeIfNeeded: warm runtime already ready: key='fs|dev=65096|ino=90166|size=4919541760|mtime=1790706902931'
2026-09-30T19:26:22.365Z D/LiteRtRepository [DefaultDispatcher-worker-8] [27] initializeIfNeeded ok initMs=1
2026-09-30T19:26:22.365Z D/LiteRtLM [DefaultDispatcher-worker-5] runInference start: key='fs|dev=65096|ino=90166|size=4919541760|mtime=1790706902931' runId=27 hasText=true originalTextLen=2834 effectiveTextLen=2834 images=0 audioClips=0
2026-09-30T19:26:22.365Z D/LiteRtLM [DefaultDispatcher-worker-5] LiteRT-LM sendMessageAsync(text): key='fs|dev=65096|ino=90166|size=4919541760|mtime=1790706902931' runId=27 len=2834 maxOutputTokens=64
2026-09-30T19:26:22.372Z D/LiteRtLM [DefaultDispatcher-worker-5] sendMessageAsync accepted: key='fs|dev=65096|ino=90166|size=4919541760|mtime=1790706902931' runId=27 dispatchMs=6
2026-09-30T19:26:24.242Z W/LiteRtLM [Thread-715] Inference first output: key='fs|dev=65096|ino=90166|size=4919541760|mtime=1790706902931' runId=27 ttftMs=1876 dispatchMs=6 postDispatchTtftMs=1870 requestToFirstOutputMs=1876
2026-09-30T19:26:34.821Z W/LiteRtLM [Thread-768] Inference timing: key='fs|dev=65096|ino=90166|size=4919541760|mtime=1790706902931' runId=27 ttftMs=1876 dispatchMs=6 postDispatchTtftMs=1870 totalMs=12456 callbacks=53 outputChars=156 cancelled=false error=false requestTotalMs=12456
2026-09-30T19:26:34.821Z I/LiteRtLM [Thread-768] LiteRT completion: runId=27 terminal=normal_onDone phase=unavailable engineTokenCapacity=4096 prefillTokens=-1 decodeTokens=-1 kvTokens=-1 outputChars=156 callbacks=53
2026-09-30T19:26:34.822Z D/LiteRtRepository [main] [27] logical done=true; responseClosed=true; waiting native cleanup
2026-09-30T19:26:34.822Z D/LiteRtRepository [main] [27] native cleanup safepoint
2026-09-30T19:26:34.824Z I/AiViewModel [DefaultDispatcher-worker-3] run[9] done: phase=EVAL mode=EVAL_JSON score=65 FU0.len=0 FU0.sha16=none commit=true err=<none>
2026-09-30T19:26:34.825Z D/LiteRtRepository [DefaultDispatcher-worker-1] [27] Conversation reset completed after safepoint
2026-09-30T19:26:50.757Z D/SurveyVM [main] push -> Q14, navSize=17, stackSize=17
2026-09-30T19:26:50.762Z D/SurveyVM [main] hasTwoStepPrompt[Q14] -> true (eval=150, fu=175)
2026-09-30T19:27:03.263Z D/SurveyVM [main] getEvalPrompt[Q14] -> len=370
2026-09-30T19:27:03.264Z D/LiteRtRepository [DefaultDispatcher-worker-7] [28] request start model='Gemma3n4B' prompt.len=2889 sha=a264c2ec839cf72d gateWaitMs=0
2026-09-30T19:27:03.264Z D/LiteRtLM [slm-jni] initializeIfNeeded: warm runtime already ready: key='fs|dev=65096|ino=90166|size=4919541760|mtime=1790706902931'
2026-09-30T19:27:03.264Z D/LiteRtRepository [DefaultDispatcher-worker-7] [28] initializeIfNeeded ok initMs=1
2026-09-30T19:27:03.265Z D/LiteRtLM [DefaultDispatcher-worker-1] runInference start: key='fs|dev=65096|ino=90166|size=4919541760|mtime=1790706902931' runId=28 hasText=true originalTextLen=2889 effectiveTextLen=2889 images=0 audioClips=0
2026-09-30T19:27:03.265Z D/LiteRtLM [DefaultDispatcher-worker-1] LiteRT-LM sendMessageAsync(text): key='fs|dev=65096|ino=90166|size=4919541760|mtime=1790706902931' runId=28 len=2889 maxOutputTokens=64
2026-09-30T19:27:03.271Z D/LiteRtLM [DefaultDispatcher-worker-1] sendMessageAsync accepted: key='fs|dev=65096|ino=90166|size=4919541760|mtime=1790706902931' runId=28 dispatchMs=6
2026-09-30T19:27:04.964Z W/LiteRtLM [Thread-769] Inference first output: key='fs|dev=65096|ino=90166|size=4919541760|mtime=1790706902931' runId=28 ttftMs=1699 dispatchMs=6 postDispatchTtftMs=1693 requestToFirstOutputMs=1699
2026-09-30T19:27:08.744Z W/LiteRtLM [Thread-800] Inference timing: key='fs|dev=65096|ino=90166|size=4919541760|mtime=1790706902931' runId=28 ttftMs=1699 dispatchMs=6 postDispatchTtftMs=1693 totalMs=5479 callbacks=31 outputChars=95 cancelled=false error=false requestTotalMs=5479
2026-09-30T19:27:08.744Z I/LiteRtLM [Thread-800] LiteRT completion: runId=28 terminal=normal_onDone phase=unavailable engineTokenCapacity=4096 prefillTokens=-1 decodeTokens=-1 kvTokens=-1 outputChars=95 callbacks=31
2026-09-30T19:27:08.744Z D/LiteRtRepository [main] [28] logical done=true; responseClosed=true; waiting native cleanup
2026-09-30T19:27:08.745Z D/LiteRtRepository [main] [28] native cleanup safepoint
2026-09-30T19:27:08.746Z I/AiViewModel [DefaultDispatcher-worker-1] run[10] done: phase=EVAL mode=EVAL_JSON score=75 FU0.len=0 FU0.sha16=none commit=true err=<none>
2026-09-30T19:27:08.747Z D/LiteRtRepository [DefaultDispatcher-worker-8] [28] Conversation reset completed after safepoint
2026-09-30T19:27:22.814Z D/SurveyVM [main] push -> Q15, navSize=18, stackSize=18
2026-09-30T19:27:22.819Z D/SurveyVM [main] hasTwoStepPrompt[Q15] -> true (eval=167, fu=192)
2026-09-30T19:27:33.597Z D/SurveyVM [main] getEvalPrompt[Q15] -> len=414
2026-09-30T19:27:33.598Z D/LiteRtRepository [DefaultDispatcher-worker-7] [29] request start model='Gemma3n4B' prompt.len=2933 sha=a9b3e4b5825fbfb1 gateWaitMs=0
2026-09-30T19:27:33.598Z D/LiteRtLM [slm-jni] initializeIfNeeded: warm runtime already ready: key='fs|dev=65096|ino=90166|size=4919541760|mtime=1790706902931'
2026-09-30T19:27:33.599Z D/LiteRtRepository [DefaultDispatcher-worker-7] [29] initializeIfNeeded ok initMs=2
2026-09-30T19:27:33.600Z D/LiteRtLM [DefaultDispatcher-worker-1] runInference start: key='fs|dev=65096|ino=90166|size=4919541760|mtime=1790706902931' runId=29 hasText=true originalTextLen=2933 effectiveTextLen=2933 images=0 audioClips=0
2026-09-30T19:27:33.600Z D/LiteRtLM [DefaultDispatcher-worker-1] LiteRT-LM sendMessageAsync(text): key='fs|dev=65096|ino=90166|size=4919541760|mtime=1790706902931' runId=29 len=2933 maxOutputTokens=64
2026-09-30T19:27:33.608Z D/LiteRtLM [DefaultDispatcher-worker-1] sendMessageAsync accepted: key='fs|dev=65096|ino=90166|size=4919541760|mtime=1790706902931' runId=29 dispatchMs=8
2026-09-30T19:27:35.435Z W/LiteRtLM [Thread-801] Inference first output: key='fs|dev=65096|ino=90166|size=4919541760|mtime=1790706902931' runId=29 ttftMs=1835 dispatchMs=8 postDispatchTtftMs=1827 requestToFirstOutputMs=1835
2026-09-30T19:27:38.142Z W/LiteRtLM [Thread-826] Inference timing: key='fs|dev=65096|ino=90166|size=4919541760|mtime=1790706902931' runId=29 ttftMs=1835 dispatchMs=8 postDispatchTtftMs=1827 totalMs=4542 callbacks=25 outputChars=75 cancelled=false error=false requestTotalMs=4542
2026-09-30T19:27:38.142Z I/LiteRtLM [Thread-826] LiteRT completion: runId=29 terminal=normal_onDone phase=unavailable engineTokenCapacity=4096 prefillTokens=-1 decodeTokens=-1 kvTokens=-1 outputChars=75 callbacks=25
2026-09-30T19:27:38.142Z D/LiteRtRepository [main] [29] logical done=true; responseClosed=true; waiting native cleanup
2026-09-30T19:27:38.142Z D/LiteRtRepository [main] [29] native cleanup safepoint
2026-09-30T19:27:38.143Z I/AiViewModel [DefaultDispatcher-worker-1] run[11] done: phase=EVAL mode=EVAL_JSON score=65 FU0.len=0 FU0.sha16=none commit=true err=<none>
2026-09-30T19:27:38.143Z D/SurveyVM [DefaultDispatcher-worker-1] getFollowupPrompt[Q15] -> len=454 evalLen=75
2026-09-30T19:27:38.144Z D/LiteRtRepository [DefaultDispatcher-worker-4] [29] Conversation reset completed after safepoint
2026-09-30T19:27:38.144Z D/LiteRtRepository [DefaultDispatcher-worker-4] [30] request start model='Gemma3n4B' prompt.len=1416 sha=6340d5b675401348 gateWaitMs=1
2026-09-30T19:27:38.145Z D/LiteRtLM [slm-jni] initializeIfNeeded: warm runtime already ready: key='fs|dev=65096|ino=90166|size=4919541760|mtime=1790706902931'
2026-09-30T19:27:38.145Z D/LiteRtRepository [DefaultDispatcher-worker-4] [30] initializeIfNeeded ok initMs=0
2026-09-30T19:27:38.145Z D/LiteRtLM [DefaultDispatcher-worker-4] runInference start: key='fs|dev=65096|ino=90166|size=4919541760|mtime=1790706902931' runId=30 hasText=true originalTextLen=1416 effectiveTextLen=1416 images=0 audioClips=0
2026-09-30T19:27:38.145Z D/LiteRtLM [DefaultDispatcher-worker-4] LiteRT-LM sendMessageAsync(text): key='fs|dev=65096|ino=90166|size=4919541760|mtime=1790706902931' runId=30 len=1416 maxOutputTokens=64
2026-09-30T19:27:38.147Z D/LiteRtLM [DefaultDispatcher-worker-4] sendMessageAsync accepted: key='fs|dev=65096|ino=90166|size=4919541760|mtime=1790706902931' runId=30 dispatchMs=2
2026-09-30T19:27:39.705Z W/LiteRtLM [Thread-827] Inference first output: key='fs|dev=65096|ino=90166|size=4919541760|mtime=1790706902931' runId=30 ttftMs=1560 dispatchMs=2 postDispatchTtftMs=1558 requestToFirstOutputMs=1560
2026-09-30T19:27:43.880Z W/LiteRtLM [Thread-848] Inference timing: key='fs|dev=65096|ino=90166|size=4919541760|mtime=1790706902931' runId=30 ttftMs=1560 dispatchMs=2 postDispatchTtftMs=1558 totalMs=5735 callbacks=21 outputChars=68 cancelled=false error=false requestTotalMs=5735
2026-09-30T19:27:43.880Z I/LiteRtLM [Thread-848] LiteRT completion: runId=30 terminal=normal_onDone phase=unavailable engineTokenCapacity=4096 prefillTokens=-1 decodeTokens=-1 kvTokens=-1 outputChars=68 callbacks=21
2026-09-30T19:27:43.880Z D/LiteRtRepository [main] [30] logical done=true; responseClosed=true; waiting native cleanup
2026-09-30T19:27:43.881Z D/LiteRtRepository [main] [30] native cleanup safepoint
2026-09-30T19:27:43.881Z I/AiViewModel [DefaultDispatcher-worker-7] run[12] done: phase=FOLLOWUP mode=FOLLOWUP_JSON_OR_TEXT score=null FU0.len=68 FU0.sha16=6c657fca51bb80d7 commit=false err=<none>
2026-09-30T19:27:43.883Z D/LiteRtRepository [DefaultDispatcher-worker-3] [30] Conversation reset completed after safepoint
2026-09-30T19:27:59.301Z D/SurveyVM [main] push -> Q16, navSize=19, stackSize=19
2026-09-30T19:27:59.308Z D/SurveyVM [main] hasTwoStepPrompt[Q16] -> true (eval=194, fu=219)
2026-09-30T19:28:08.835Z D/SurveyVM [main] getEvalPrompt[Q16] -> len=462
2026-09-30T19:28:08.836Z D/LiteRtRepository [DefaultDispatcher-worker-8] [31] request start model='Gemma3n4B' prompt.len=2981 sha=7b2b4a096a2ae211 gateWaitMs=0
2026-09-30T19:28:08.836Z D/LiteRtLM [slm-jni] initializeIfNeeded: warm runtime already ready: key='fs|dev=65096|ino=90166|size=4919541760|mtime=1790706902931'
2026-09-30T19:28:08.837Z D/LiteRtRepository [DefaultDispatcher-worker-8] [31] initializeIfNeeded ok initMs=1
2026-09-30T19:28:08.837Z D/LiteRtLM [DefaultDispatcher-worker-7] runInference start: key='fs|dev=65096|ino=90166|size=4919541760|mtime=1790706902931' runId=31 hasText=true originalTextLen=2981 effectiveTextLen=2981 images=0 audioClips=0
2026-09-30T19:28:08.837Z D/LiteRtLM [DefaultDispatcher-worker-7] LiteRT-LM sendMessageAsync(text): key='fs|dev=65096|ino=90166|size=4919541760|mtime=1790706902931' runId=31 len=2981 maxOutputTokens=64
2026-09-30T19:28:08.844Z D/LiteRtLM [DefaultDispatcher-worker-7] sendMessageAsync accepted: key='fs|dev=65096|ino=90166|size=4919541760|mtime=1790706902931' runId=31 dispatchMs=7
2026-09-30T19:28:10.768Z W/LiteRtLM [Thread-849] Inference first output: key='fs|dev=65096|ino=90166|size=4919541760|mtime=1790706902931' runId=31 ttftMs=1931 dispatchMs=7 postDispatchTtftMs=1924 requestToFirstOutputMs=1931
2026-09-30T19:28:13.845Z W/LiteRtLM [Thread-874] Inference timing: key='fs|dev=65096|ino=90166|size=4919541760|mtime=1790706902931' runId=31 ttftMs=1931 dispatchMs=7 postDispatchTtftMs=1924 totalMs=5008 callbacks=25 outputChars=80 cancelled=false error=false requestTotalMs=5008
2026-09-30T19:28:13.846Z I/LiteRtLM [Thread-874] LiteRT completion: runId=31 terminal=normal_onDone phase=unavailable engineTokenCapacity=4096 prefillTokens=-1 decodeTokens=-1 kvTokens=-1 outputChars=80 callbacks=25
2026-09-30T19:28:13.847Z D/LiteRtRepository [main] [31] logical done=true; responseClosed=true; waiting native cleanup
2026-09-30T19:28:13.847Z D/LiteRtRepository [main] [31] native cleanup safepoint
2026-09-30T19:28:13.848Z I/AiViewModel [DefaultDispatcher-worker-8] run[13] done: phase=EVAL mode=EVAL_JSON score=75 FU0.len=0 FU0.sha16=none commit=true err=<none>
2026-09-30T19:28:13.848Z D/SurveyVM [DefaultDispatcher-worker-8] getFollowupPrompt[Q16] -> len=505 evalLen=80
2026-09-30T19:28:13.850Z D/LiteRtRepository [DefaultDispatcher-worker-3] [31] Conversation reset completed after safepoint
2026-09-30T19:28:13.850Z D/LiteRtRepository [DefaultDispatcher-worker-3] [32] request start model='Gemma3n4B' prompt.len=1467 sha=679d3fb99c32acf9 gateWaitMs=2
2026-09-30T19:28:13.850Z D/LiteRtLM [slm-jni] initializeIfNeeded: warm runtime already ready: key='fs|dev=65096|ino=90166|size=4919541760|mtime=1790706902931'
2026-09-30T19:28:13.850Z D/LiteRtRepository [DefaultDispatcher-worker-7] [32] initializeIfNeeded ok initMs=0
2026-09-30T19:28:13.851Z D/LiteRtLM [DefaultDispatcher-worker-7] runInference start: key='fs|dev=65096|ino=90166|size=4919541760|mtime=1790706902931' runId=32 hasText=true originalTextLen=1467 effectiveTextLen=1467 images=0 audioClips=0
2026-09-30T19:28:13.851Z D/LiteRtLM [DefaultDispatcher-worker-7] LiteRT-LM sendMessageAsync(text): key='fs|dev=65096|ino=90166|size=4919541760|mtime=1790706902931' runId=32 len=1467 maxOutputTokens=64
2026-09-30T19:28:13.852Z D/LiteRtLM [DefaultDispatcher-worker-7] sendMessageAsync accepted: key='fs|dev=65096|ino=90166|size=4919541760|mtime=1790706902931' runId=32 dispatchMs=1
2026-09-30T19:28:15.593Z W/LiteRtLM [Thread-875] Inference first output: key='fs|dev=65096|ino=90166|size=4919541760|mtime=1790706902931' runId=32 ttftMs=1742 dispatchMs=1 postDispatchTtftMs=1741 requestToFirstOutputMs=1742
2026-09-30T19:28:21.537Z W/LiteRtLM [Thread-899] Inference timing: key='fs|dev=65096|ino=90166|size=4919541760|mtime=1790706902931' runId=32 ttftMs=1742 dispatchMs=1 postDispatchTtftMs=1741 totalMs=7686 callbacks=24 outputChars=77 cancelled=false error=false requestTotalMs=7686
2026-09-30T19:28:21.537Z I/LiteRtLM [Thread-899] LiteRT completion: runId=32 terminal=normal_onDone phase=unavailable engineTokenCapacity=4096 prefillTokens=-1 decodeTokens=-1 kvTokens=-1 outputChars=77 callbacks=24
2026-09-30T19:28:21.543Z D/LiteRtRepository [main] [32] logical done=true; responseClosed=true; waiting native cleanup
2026-09-30T19:28:21.543Z D/LiteRtRepository [main] [32] native cleanup safepoint
2026-09-30T19:28:21.544Z I/AiViewModel [DefaultDispatcher-worker-1] run[14] done: phase=FOLLOWUP mode=FOLLOWUP_JSON_OR_TEXT score=null FU0.len=77 FU0.sha16=e9e27d66f066a8f5 commit=false err=<none>
2026-09-30T19:28:21.547Z D/LiteRtRepository [DefaultDispatcher-worker-5] [32] Conversation reset completed after safepoint
2026-09-30T19:28:40.946Z D/SurveyVM [main] push -> Review, navSize=20, stackSize=20
2026-09-30T19:28:40.953Z D/SurveyVM [main] hasTwoStepPrompt[Review] -> false (eval=0, fu=0)
2026-09-30T19:28:55.316Z D/SurveyVM [main] push -> Done, navSize=21, stackSize=21
