=== Previous Session Logcat ===
captured_time_utc=20261002_235322
captured_time_local=20261002_165322
marker=2026-10-02 16:01:58.772
preferred_prev_pid=19456
note=best-effort; buffers may be overwritten before next start
sdk=36
device=samsung SM-S931U1
appId=com.negi.survey
versionName=0.0.1
versionCode=1

=== Logcat (since marker) ===
--------- beginning of system
10-02 16:01:58.824 19456 19456 I NotificationManager: com.negi.survey: notify(5428, null, Notification(channel=uploads shortcut=null contentView=null vibrate=null sound=null defaults=0 flags=ONGOING_EVENT|ONLY_ALERT_ONCE color=0x00000000 category=progress vis=PRIVATE semFlags=0x0 semPriority=0 semMissedCount=0 semScenarioType=0)) as user
10-02 16:01:58.824 19456 19456 D NotificationManager: BOOTING pkg =com.negi.survey mBlockedChannelsForOverflowNoti=[]
10-02 16:01:58.826 19456 19456 I NotificationManager: com.negi.survey: notify(5033, null, Notification(channel=uploads shortcut=null contentView=null vibrate=null sound=null defaults=0 flags=ONGOING_EVENT|ONLY_ALERT_ONCE color=0x00000000 category=progress vis=PRIVATE semFlags=0x0 semPriority=0 semMissedCount=0 semScenarioType=0)) as user
10-02 16:01:58.828 19456 19456 I NotificationManager: com.negi.survey: notify(5033, null, Notification(channel=uploads shortcut=null contentView=null vibrate=null sound=null defaults=0 flags=ONGOING_EVENT|ONLY_ALERT_ONCE color=0x00000000 category=progress vis=PRIVATE semFlags=0x0 semPriority=0 semMissedCount=0 semScenarioType=0)) as user
10-02 16:01:58.831 19456 19456 I NotificationManager: com.negi.survey: notify(5428, null, Notification(channel=uploads shortcut=null contentView=null vibrate=null sound=null defaults=0 flags=ONGOING_EVENT|ONLY_ALERT_ONCE color=0x00000000 category=progress vis=PRIVATE semFlags=0x0 semPriority=0 semMissedCount=0 semScenarioType=0)) as user
10-02 16:01:58.832 19456 19456 I NotificationManager: com.negi.survey: notify(5033, null, Notification(channel=uploads shortcut=null contentView=null vibrate=null sound=null defaults=0 flags=ONGOING_EVENT|ONLY_ALERT_ONCE color=0x00000000 category=progress vis=PRIVATE semFlags=0x0 semPriority=0 semMissedCount=0 semScenarioType=0)) as user
10-02 16:01:59.540 19456 19456 I NotificationManager: com.negi.survey: notify(5033, null, Notification(channel=uploads shortcut=null contentView=null vibrate=null sound=null defaults=0 flags=ONGOING_EVENT|ONLY_ALERT_ONCE color=0x00000000 category=progress vis=PRIVATE semFlags=0x0 semPriority=0 semMissedCount=0 semScenarioType=0)) as user
10-02 16:01:59.762 19456 19456 I NotificationManager: com.negi.survey: notify(5033, null, Notification(channel=uploads shortcut=null contentView=null vibrate=null sound=null defaults=0 flags=ONGOING_EVENT|ONLY_ALERT_ONCE color=0x00000000 category=progress vis=PRIVATE semFlags=0x0 semPriority=0 semMissedCount=0 semScenarioType=0)) as user
10-02 16:01:59.765 19456 19456 I NotificationManager: com.negi.survey: notify(5033, null, Notification(channel=uploads shortcut=null contentView=null vibrate=null sound=null defaults=0 flags=ONGOING_EVENT|ONLY_ALERT_ONCE color=0x00000000 category=progress vis=PRIVATE semFlags=0x0 semPriority=0 semMissedCount=0 semScenarioType=0)) as user
10-02 16:02:00.034 19456 19456 I NotificationManager: com.negi.survey: notify(5428, null, Notification(channel=uploads shortcut=null contentView=null vibrate=null sound=null defaults=0 flags=ONGOING_EVENT|ONLY_ALERT_ONCE color=0x00000000 category=progress vis=PRIVATE semFlags=0x0 semPriority=0 semMissedCount=0 semScenarioType=0)) as user
10-02 16:02:00.251 19456 19456 I NotificationManager: com.negi.survey: notify(5428, null, Notification(channel=uploads shortcut=null contentView=null vibrate=null sound=null defaults=0 flags=ONGOING_EVENT|ONLY_ALERT_ONCE color=0x00000000 category=progress vis=PRIVATE semFlags=0x0 semPriority=0 semMissedCount=0 semScenarioType=0)) as user
10-02 16:02:00.254 19456 19456 I NotificationManager: com.negi.survey: notify(5428, null, Notification(channel=uploads shortcut=null contentView=null vibrate=null sound=null defaults=0 flags=ONGOING_EVENT|ONLY_ALERT_ONCE color=0x00000000 category=progress vis=PRIVATE semFlags=0x0 semPriority=0 semMissedCount=0 semScenarioType=0)) as user
10-02 16:02:00.792 19456 19456 I NotificationManager: com.negi.survey: notify(5033, null, Notification(channel=uploads shortcut=null contentView=null vibrate=null sound=null defaults=0 flags=ONGOING_EVENT|ONLY_ALERT_ONCE color=0x00000000 category=progress vis=PRIVATE semFlags=0x0 semPriority=0 semMissedCount=0 semScenarioType=0)) as user
10-02 16:02:00.794 19456 19456 I NotificationManager: com.negi.survey: notify(5033, null, Notification(channel=uploads shortcut=null contentView=null vibrate=null sound=null defaults=0 flags=ONLY_ALERT_ONCE color=0x00000000 category=progress vis=PRIVATE semFlags=0x0 semPriority=0 semMissedCount=0 semScenarioType=0)) as user
10-02 16:02:03.143 19456 19456 I NotificationManager: com.negi.survey: notify(5428, null, Notification(channel=uploads shortcut=null contentView=null vibrate=null sound=null defaults=0 flags=ONGOING_EVENT|ONLY_ALERT_ONCE color=0x00000000 category=progress vis=PRIVATE semFlags=0x0 semPriority=0 semMissedCount=0 semScenarioType=0)) as user
10-02 16:02:03.146 19456 19456 I NotificationManager: com.negi.survey: notify(5428, null, Notification(channel=uploads shortcut=null contentView=null vibrate=null sound=null defaults=0 flags=ONLY_ALERT_ONCE color=0x00000000 category=progress vis=PRIVATE semFlags=0x0 semPriority=0 semMissedCount=0 semScenarioType=0)) as user
10-02 16:05:13.601 19456 19456 D InsetsController: hide(ime())
10-02 16:05:14.546 19456 19456 D InsetsController: show(ime())
10-02 16:05:14.547 19456 19456 D InsetsController: Setting requestedVisibleTypes to 511 (was 503)
10-02 16:05:14.572 19456 19456 D InsetsController: show(ime())
10-02 16:05:29.247 19456 19456 D InsetsController: hide(ime())
10-02 16:05:29.248 19456 19456 D InsetsController: Setting requestedVisibleTypes to 503 (was 511)
10-02 16:05:30.308 19456 19456 D InsetsController: show(ime())
10-02 16:05:30.308 19456 19456 D InsetsController: Setting requestedVisibleTypes to 511 (was 503)
10-02 16:05:30.319 19456 19456 D InsetsController: show(ime())
10-02 16:05:33.853 19456 19456 D InsetsController: hide(ime())
10-02 16:05:33.853 19456 19456 D InsetsController: Setting requestedVisibleTypes to 503 (was 511)
10-02 16:05:38.688 19456 19456 D InsetsController: show(ime())
10-02 16:05:38.689 19456 19456 D InsetsController: Setting requestedVisibleTypes to 511 (was 503)
10-02 16:05:38.694 19456 19456 D InsetsController: show(ime())
10-02 16:05:42.991 19456 19456 D InsetsController: hide(ime())
10-02 16:05:42.992 19456 19456 D InsetsController: Setting requestedVisibleTypes to 503 (was 511)
10-02 16:05:44.790 19456 19456 D InsetsController: show(ime())
10-02 16:05:44.790 19456 19456 D InsetsController: Setting requestedVisibleTypes to 511 (was 503)
10-02 16:05:44.802 19456 19456 D InsetsController: show(ime())
10-02 16:05:54.547 19456 19456 D InsetsController: show(ime())
10-02 16:05:54.547 19456 19456 D InsetsController: show(ime())
10-02 16:05:55.064 19456 19456 D InsetsController: show(ime())
10-02 16:05:55.065 19456 19456 D InsetsController: show(ime())
10-02 16:05:55.510 19456 19456 D InsetsController: show(ime())
10-02 16:05:55.513 19456 19456 D InsetsController: show(ime())
10-02 16:05:55.831 19456 19456 D InsetsController: hide(ime())
10-02 16:05:55.831 19456 19456 D InsetsController: Setting requestedVisibleTypes to 503 (was 511)
10-02 16:05:56.172 19456 19456 D InsetsController: hide(ime())
10-02 16:05:57.158 19456 19456 D InsetsController: show(ime())
10-02 16:05:57.158 19456 19456 D InsetsController: Setting requestedVisibleTypes to 511 (was 503)
10-02 16:05:57.169 19456 19456 D InsetsController: show(ime())
10-02 16:05:58.187 19456 19456 D InsetsController: show(ime())
10-02 16:05:58.188 19456 19456 D InsetsController: show(ime())
10-02 16:05:58.746 19456 19456 D InsetsController: show(ime())
10-02 16:05:58.747 19456 19456 D InsetsController: show(ime())
10-02 16:05:59.180 19456 19456 D InsetsController: show(ime())
10-02 16:05:59.180 19456 19456 D InsetsController: show(ime())
10-02 16:05:59.664 19456 19456 D InsetsController: show(ime())
10-02 16:05:59.664 19456 19456 D InsetsController: show(ime())
10-02 16:06:00.236 19456 19456 D InsetsController: show(ime())
10-02 16:06:00.237 19456 19456 D InsetsController: show(ime())
10-02 16:06:00.849 19456 19456 D InsetsController: show(ime())
10-02 16:06:00.899 19456 19456 D InsetsController: show(ime())
10-02 16:06:01.525 19456 19456 D InsetsController: hide(ime())
10-02 16:06:01.525 19456 19456 D InsetsController: Setting requestedVisibleTypes to 503 (was 511)
10-02 16:06:03.159 19456 19456 I NotificationManager: com.negi.survey: notify(6015, null, Notification(channel=uploads shortcut=null contentView=null vibrate=null sound=null defaults=0 flags=ONGOING_EVENT|ONLY_ALERT_ONCE color=0x00000000 category=progress vis=PRIVATE semFlags=0x0 semPriority=0 semMissedCount=0 semScenarioType=0)) as user
10-02 16:06:03.171 19456 19456 I NotificationManager: com.negi.survey: notify(6015, null, Notification(channel=uploads shortcut=null contentView=null vibrate=null sound=null defaults=0 flags=ONGOING_EVENT|ONLY_ALERT_ONCE color=0x00000000 category=progress vis=PRIVATE semFlags=0x0 semPriority=0 semMissedCount=0 semScenarioType=0)) as user
10-02 16:06:03.248 19456 19456 I NotificationManager: com.negi.survey: notify(3501, null, Notification(channel=uploads shortcut=null contentView=null vibrate=null sound=null defaults=0 flags=ONGOING_EVENT|ONLY_ALERT_ONCE color=0x00000000 category=progress vis=PRIVATE semFlags=0x0 semPriority=0 semMissedCount=0 semScenarioType=0)) as user
10-02 16:06:03.251 19456 19456 I NotificationManager: com.negi.survey: notify(3501, null, Notification(channel=uploads shortcut=null contentView=null vibrate=null sound=null defaults=0 flags=ONGOING_EVENT|ONLY_ALERT_ONCE color=0x00000000 category=progress vis=PRIVATE semFlags=0x0 semPriority=0 semMissedCount=0 semScenarioType=0)) as user
10-02 16:06:03.280 19456 19456 I NotificationManager: com.negi.survey: notify(3501, null, Notification(channel=uploads shortcut=null contentView=null vibrate=null sound=null defaults=0 flags=ONGOING_EVENT|ONLY_ALERT_ONCE color=0x00000000 category=progress vis=PRIVATE semFlags=0x0 semPriority=0 semMissedCount=0 semScenarioType=0)) as user
10-02 16:06:03.368 19456 19456 I NotificationManager: com.negi.survey: notify(6015, null, Notification(channel=uploads shortcut=null contentView=null vibrate=null sound=null defaults=0 flags=ONGOING_EVENT|ONLY_ALERT_ONCE color=0x00000000 category=progress vis=PRIVATE semFlags=0x0 semPriority=0 semMissedCount=0 semScenarioType=0)) as user
10-02 16:06:03.371 19456 19456 I NotificationManager: com.negi.survey: notify(6015, null, Notification(channel=uploads shortcut=null contentView=null vibrate=null sound=null defaults=0 flags=ONGOING_EVENT|ONLY_ALERT_ONCE color=0x00000000 category=progress vis=PRIVATE semFlags=0x0 semPriority=0 semMissedCount=0 semScenarioType=0)) as user
10-02 16:06:03.597 19456 19456 I NotificationManager: com.negi.survey: notify(3501, null, Notification(channel=uploads shortcut=null contentView=null vibrate=null sound=null defaults=0 flags=ONGOING_EVENT|ONLY_ALERT_ONCE color=0x00000000 category=progress vis=PRIVATE semFlags=0x0 semPriority=0 semMissedCount=0 semScenarioType=0)) as user
10-02 16:06:03.600 19456 19456 I NotificationManager: com.negi.survey: notify(3501, null, Notification(channel=uploads shortcut=null contentView=null vibrate=null sound=null defaults=0 flags=ONGOING_EVENT|ONLY_ALERT_ONCE color=0x00000000 category=progress vis=PRIVATE semFlags=0x0 semPriority=0 semMissedCount=0 semScenarioType=0)) as user
10-02 16:06:04.400 19456 19456 I NotificationManager: com.negi.survey: notify(6015, null, Notification(channel=uploads shortcut=null contentView=null vibrate=null sound=null defaults=0 flags=ONGOING_EVENT|ONLY_ALERT_ONCE color=0x00000000 category=progress vis=PRIVATE semFlags=0x0 semPriority=0 semMissedCount=0 semScenarioType=0)) as user
10-02 16:06:04.403 19456 19456 I NotificationManager: com.negi.survey: notify(6015, null, Notification(channel=uploads shortcut=null contentView=null vibrate=null sound=null defaults=0 flags=ONLY_ALERT_ONCE color=0x00000000 category=progress vis=PRIVATE semFlags=0x0 semPriority=0 semMissedCount=0 semScenarioType=0)) as user
10-02 16:06:06.154 19456 19456 I NotificationManager: com.negi.survey: notify(3501, null, Notification(channel=uploads shortcut=null contentView=null vibrate=null sound=null defaults=0 flags=ONGOING_EVENT|ONLY_ALERT_ONCE color=0x00000000 category=progress vis=PRIVATE semFlags=0x0 semPriority=0 semMissedCount=0 semScenarioType=0)) as user
10-02 16:06:06.157 19456 19456 I NotificationManager: com.negi.survey: notify(3501, null, Notification(channel=uploads shortcut=null contentView=null vibrate=null sound=null defaults=0 flags=ONLY_ALERT_ONCE color=0x00000000 category=progress vis=PRIVATE semFlags=0x0 semPriority=0 semMissedCount=0 semScenarioType=0)) as user
10-02 16:08:18.401 19456 19456 D InsetsController: hide(ime())
10-02 16:08:20.167 19456 19456 D InsetsController: hide(ime())
10-02 16:08:35.960 19456 19456 D InsetsController: show(ime())
10-02 16:08:35.961 19456 19456 D InsetsController: Setting requestedVisibleTypes to 511 (was 503)
10-02 16:08:35.979 19456 19456 D InsetsController: show(ime())
10-02 16:09:08.965 19456 19456 D InsetsController: hide(ime())
10-02 16:09:08.967 19456 19456 D InsetsController: Setting requestedVisibleTypes to 503 (was 511)
10-02 16:09:11.312 19456 19456 D InsetsController: show(ime())
10-02 16:09:11.313 19456 19456 D InsetsController: Setting requestedVisibleTypes to 511 (was 503)
10-02 16:09:11.334 19456 19456 D InsetsController: show(ime())
10-02 16:09:17.792 19456 19456 D InsetsController: hide(ime())
10-02 16:09:17.793 19456 19456 D InsetsController: Setting requestedVisibleTypes to 503 (was 511)
10-02 16:09:35.516 19456 19456 D InsetsController: show(ime())
10-02 16:09:35.517 19456 19456 D InsetsController: Setting requestedVisibleTypes to 511 (was 503)
10-02 16:09:35.542 19456 19456 D InsetsController: show(ime())
10-02 16:09:55.939 19456 19456 D InsetsController: show(ime())
10-02 16:09:55.941 19456 19456 D InsetsController: show(ime())
10-02 16:10:10.731 19456 19456 D InsetsController: hide(ime())
10-02 16:10:10.732 19456 19456 D InsetsController: Setting requestedVisibleTypes to 503 (was 511)
10-02 16:10:13.270 19456 19456 D InsetsController: show(ime())
10-02 16:10:13.270 19456 19456 D InsetsController: Setting requestedVisibleTypes to 511 (was 503)
10-02 16:10:13.286 19456 19456 D InsetsController: show(ime())
10-02 16:10:27.507 19456 19456 D InsetsController: hide(ime())
10-02 16:10:27.507 19456 19456 D InsetsController: Setting requestedVisibleTypes to 503 (was 511)
10-02 16:11:40.015 19456 19456 D InsetsController: show(ime())
10-02 16:11:40.016 19456 19456 D InsetsController: Setting requestedVisibleTypes to 511 (was 503)
10-02 16:11:40.026 19456 19456 D InsetsController: show(ime())
10-02 16:11:51.202 19456 19456 D InsetsController: hide(ime())
10-02 16:11:51.213 19456 19456 D InsetsController: Setting requestedVisibleTypes to 503 (was 511)
10-02 16:12:15.310 19456 19456 D InsetsController: show(ime())
10-02 16:12:15.311 19456 19456 D InsetsController: Setting requestedVisibleTypes to 511 (was 503)
10-02 16:12:15.333 19456 19456 D InsetsController: show(ime())
10-02 16:12:26.758 19456 19456 D InsetsController: hide(ime())
10-02 16:12:26.761 19456 19456 D InsetsController: Setting requestedVisibleTypes to 503 (was 511)
10-02 16:12:47.187 19456 19456 D InsetsController: hide(ime())
10-02 16:13:01.806 19456 19456 D InsetsController: show(ime())
10-02 16:13:01.806 19456 19456 D InsetsController: Setting requestedVisibleTypes to 511 (was 503)
10-02 16:13:01.823 19456 19456 D InsetsController: show(ime())
10-02 16:13:09.004 19456 19456 D InsetsController: hide(ime())
10-02 16:13:09.004 19456 19456 D InsetsController: Setting requestedVisibleTypes to 503 (was 511)
10-02 16:13:09.006 19456 19456 D InsetsController: hide(ime())
10-02 16:13:31.515 19456 19456 D InsetsController: hide(ime())
10-02 16:13:48.185 19456 19456 D InsetsController: show(ime())
10-02 16:13:48.185 19456 19456 D InsetsController: Setting requestedVisibleTypes to 511 (was 503)
10-02 16:13:48.208 19456 19456 D InsetsController: show(ime())
10-02 16:13:57.994 19456 19456 D InsetsController: hide(ime())
10-02 16:13:57.997 19456 19456 D InsetsController: Setting requestedVisibleTypes to 503 (was 511)
10-02 16:14:18.545 19456 19456 D InsetsController: hide(ime())
10-02 16:14:31.749 19456 19456 D InsetsController: show(ime())
10-02 16:14:31.750 19456 19456 D InsetsController: Setting requestedVisibleTypes to 511 (was 503)
10-02 16:14:31.758 19456 19456 D InsetsController: show(ime())
10-02 16:14:38.783 19456 19456 D InsetsController: hide(ime())
10-02 16:14:38.785 19456 19456 D InsetsController: Setting requestedVisibleTypes to 503 (was 511)
10-02 16:14:57.090 19456 19456 D InsetsController: hide(ime())
10-02 16:15:10.160 19456 19456 D InsetsController: show(ime())
10-02 16:15:10.161 19456 19456 D InsetsController: Setting requestedVisibleTypes to 511 (was 503)
10-02 16:15:10.183 19456 19456 D InsetsController: show(ime())
10-02 16:15:20.439 19456 19456 D InsetsController: hide(ime())
10-02 16:15:20.441 19456 19456 D InsetsController: Setting requestedVisibleTypes to 503 (was 511)
10-02 16:15:41.589 19456 19456 D InsetsController: hide(ime())
10-02 16:16:04.740 19456 19456 D InsetsController: show(ime())
10-02 16:16:04.740 19456 19456 D InsetsController: Setting requestedVisibleTypes to 511 (was 503)
10-02 16:16:04.755 19456 19456 D InsetsController: show(ime())
10-02 16:16:12.269 19456 19456 D InsetsController: hide(ime())
10-02 16:16:12.271 19456 19456 D InsetsController: Setting requestedVisibleTypes to 503 (was 511)
10-02 16:16:34.771 19456 19456 D InsetsController: hide(ime())
10-02 16:16:47.701 19456 19456 D InsetsController: show(ime())
10-02 16:16:47.702 19456 19456 D InsetsController: Setting requestedVisibleTypes to 511 (was 503)
10-02 16:16:47.712 19456 19456 D InsetsController: show(ime())
10-02 16:16:55.595 19456 19456 D InsetsController: hide(ime())
10-02 16:16:55.597 19456 19456 D InsetsController: Setting requestedVisibleTypes to 503 (was 511)
10-02 16:17:18.986 19456 19456 D InsetsController: hide(ime())
10-02 16:17:35.441 19456 19456 D InsetsController: show(ime())
10-02 16:17:35.442 19456 19456 D InsetsController: Setting requestedVisibleTypes to 511 (was 503)
10-02 16:17:35.459 19456 19456 D InsetsController: show(ime())
10-02 16:17:43.917 19456 19456 D ActivityThread: Too many transaction errors, throttling freezer binder callback.
10-02 16:17:43.988 19456 19456 D InsetsController: hide(ime())
10-02 16:17:43.988 19456 19456 D InsetsController: Setting requestedVisibleTypes to 503 (was 511)
10-02 16:17:43.989 19456 19456 D InsetsController: hide(ime())
10-02 16:18:17.087 19456 19456 D InsetsController: hide(ime())
10-02 16:19:23.483 19456 19456 D InsetsController: show(ime())
10-02 16:19:23.484 19456 19456 D InsetsController: Setting requestedVisibleTypes to 511 (was 503)
10-02 16:19:23.520 19456 19456 D InsetsController: show(ime())
10-02 16:19:24.209 19456 19456 D InsetsController: hide(ime())
10-02 16:19:24.209 19456 19456 D InsetsController: Setting requestedVisibleTypes to 503 (was 511)
10-02 16:19:27.703 19456 19456 I NotificationManager: com.negi.survey: notify(8592, null, Notification(channel=uploads shortcut=null contentView=null vibrate=null sound=null defaults=0 flags=ONGOING_EVENT|ONLY_ALERT_ONCE color=0x00000000 category=progress vis=PRIVATE semFlags=0x0 semPriority=0 semMissedCount=0 semScenarioType=0)) as user
10-02 16:19:27.713 19456 19456 I NotificationManager: com.negi.survey: notify(9235, null, Notification(channel=uploads shortcut=null contentView=null vibrate=null sound=null defaults=0 flags=ONGOING_EVENT|ONLY_ALERT_ONCE color=0x00000000 category=progress vis=PRIVATE semFlags=0x0 semPriority=0 semMissedCount=0 semScenarioType=0)) as user
10-02 16:19:27.737 19456 19456 I NotificationManager: com.negi.survey: notify(9235, null, Notification(channel=uploads shortcut=null contentView=null vibrate=null sound=null defaults=0 flags=ONGOING_EVENT|ONLY_ALERT_ONCE color=0x00000000 category=progress vis=PRIVATE semFlags=0x0 semPriority=0 semMissedCount=0 semScenarioType=0)) as user
10-02 16:19:27.740 19456 19456 I NotificationManager: com.negi.survey: notify(10865, null, Notification(channel=uploads shortcut=null contentView=null vibrate=null sound=null defaults=0 flags=ONGOING_EVENT|ONLY_ALERT_ONCE color=0x00000000 category=progress vis=PRIVATE semFlags=0x0 semPriority=0 semMissedCount=0 semScenarioType=0)) as user
10-02 16:19:27.742 19456 19456 I NotificationManager: com.negi.survey: notify(10865, null, Notification(channel=uploads shortcut=null contentView=null vibrate=null sound=null defaults=0 flags=ONGOING_EVENT|ONLY_ALERT_ONCE color=0x00000000 category=progress vis=PRIVATE semFlags=0x0 semPriority=0 semMissedCount=0 semScenarioType=0)) as user
10-02 16:19:27.744 19456 19456 I NotificationManager: com.negi.survey: notify(8878, null, Notification(channel=uploads shortcut=null contentView=null vibrate=null sound=null defaults=0 flags=ONGOING_EVENT|ONLY_ALERT_ONCE color=0x00000000 category=progress vis=PRIVATE semFlags=0x0 semPriority=0 semMissedCount=0 semScenarioType=0)) as user
10-02 16:19:27.745 19456 19456 I NotificationManager: com.negi.survey: notify(8878, null, Notification(channel=uploads shortcut=null contentView=null vibrate=null sound=null defaults=0 flags=ONGOING_EVENT|ONLY_ALERT_ONCE color=0x00000000 category=progress vis=PRIVATE semFlags=0x0 semPriority=0 semMissedCount=0 semScenarioType=0)) as user
10-02 16:19:27.746 19456 19456 I NotificationManager: com.negi.survey: notify(5473, null, Notification(channel=uploads shortcut=null contentView=null vibrate=null sound=null defaults=0 flags=ONGOING_EVENT|ONLY_ALERT_ONCE color=0x00000000 category=progress vis=PRIVATE semFlags=0x0 semPriority=0 semMissedCount=0 semScenarioType=0)) as user
10-02 16:19:27.747 19456 19456 I NotificationManager: com.negi.survey: notify(5473, null, Notification(channel=uploads shortcut=null contentView=null vibrate=null sound=null defaults=0 flags=ONGOING_EVENT|ONLY_ALERT_ONCE color=0x00000000 category=progress vis=PRIVATE semFlags=0x0 semPriority=0 semMissedCount=0 semScenarioType=0)) as user
10-02 16:19:27.748 19456 19456 I NotificationManager: com.negi.survey: notify(6329, null, Notification(channel=uploads shortcut=null contentView=null vibrate=null sound=null defaults=0 flags=ONGOING_EVENT|ONLY_ALERT_ONCE color=0x00000000 category=progress vis=PRIVATE semFlags=0x0 semPriority=0 semMissedCount=0 semScenarioType=0)) as user
10-02 16:19:27.749 19456 19456 I NotificationManager: com.negi.survey: notify(6329, null, Notification(channel=uploads shortcut=null contentView=null vibrate=null sound=null defaults=0 flags=ONGOING_EVENT|ONLY_ALERT_ONCE color=0x00000000 category=progress vis=PRIVATE semFlags=0x0 semPriority=0 semMissedCount=0 semScenarioType=0)) as user
10-02 16:19:27.750 19456 19456 I NotificationManager: com.negi.survey: notify(6971, null, Notification(channel=uploads shortcut=null contentView=null vibrate=null sound=null defaults=0 flags=ONGOING_EVENT|ONLY_ALERT_ONCE color=0x00000000 category=progress vis=PRIVATE semFlags=0x0 semPriority=0 semMissedCount=0 semScenarioType=0)) as user
10-02 16:19:27.751 19456 19456 I NotificationManager: com.negi.survey: notify(6971, null, Notification(channel=uploads shortcut=null contentView=null vibrate=null sound=null defaults=0 flags=ONGOING_EVENT|ONLY_ALERT_ONCE color=0x00000000 category=progress vis=PRIVATE semFlags=0x0 semPriority=0 semMissedCount=0 semScenarioType=0)) as user
10-02 16:19:27.754 19456 19456 I NotificationManager: com.negi.survey: notify(6582, null, Notification(channel=uploads shortcut=null contentView=null vibrate=null sound=null defaults=0 flags=ONGOING_EVENT|ONLY_ALERT_ONCE color=0x00000000 category=progress vis=PRIVATE semFlags=0x0 semPriority=0 semMissedCount=0 semScenarioType=0)) as user
10-02 16:19:27.755 19456 19456 I NotificationManager: com.negi.survey: notify(6582, null, Notification(channel=uploads shortcut=null contentView=null vibrate=null sound=null defaults=0 flags=ONGOING_EVENT|ONLY_ALERT_ONCE color=0x00000000 category=progress vis=PRIVATE semFlags=0x0 semPriority=0 semMissedCount=0 semScenarioType=0)) as user
10-02 16:19:27.756 19456 19456 I NotificationManager: com.negi.survey: notify(7037, null, Notification(channel=uploads shortcut=null contentView=null vibrate=null sound=null defaults=0 flags=ONGOING_EVENT|ONLY_ALERT_ONCE color=0x00000000 category=progress vis=PRIVATE semFlags=0x0 semPriority=0 semMissedCount=0 semScenarioType=0)) as user
10-02 16:19:27.762 19456 19456 I NotificationManager: com.negi.survey: notify(7037, null, Notification(channel=uploads shortcut=null contentView=null vibrate=null sound=null defaults=0 flags=ONGOING_EVENT|ONLY_ALERT_ONCE color=0x00000000 category=progress vis=PRIVATE semFlags=0x0 semPriority=0 semMissedCount=0 semScenarioType=0)) as user
10-02 16:19:27.764 19456 19456 I NotificationManager: com.negi.survey: notify(10158, null, Notification(channel=uploads shortcut=null contentView=null vibrate=null sound=null defaults=0 flags=ONGOING_EVENT|ONLY_ALERT_ONCE color=0x00000000 category=progress vis=PRIVATE semFlags=0x0 semPriority=0 semMissedCount=0 semScenarioType=0)) as user
10-02 16:19:27.766 19456 19456 I NotificationManager: com.negi.survey: notify(10158, null, Notification(channel=uploads shortcut=null contentView=null vibrate=null sound=null defaults=0 flags=ONGOING_EVENT|ONLY_ALERT_ONCE color=0x00000000 category=progress vis=PRIVATE semFlags=0x0 semPriority=0 semMissedCount=0 semScenarioType=0)) as user
10-02 16:19:27.768 19456 19456 I NotificationManager: com.negi.survey: notify(3915, null, Notification(channel=uploads shortcut=null contentView=null vibrate=null sound=null defaults=0 flags=ONGOING_EVENT|ONLY_ALERT_ONCE color=0x00000000 category=progress vis=PRIVATE semFlags=0x0 semPriority=0 semMissedCount=0 semScenarioType=0)) as user
10-02 16:19:27.770 19456 19456 I NotificationManager: com.negi.survey: notify(3915, null, Notification(channel=uploads shortcut=null contentView=null vibrate=null sound=null defaults=0 flags=ONGOING_EVENT|ONLY_ALERT_ONCE color=0x00000000 category=progress vis=PRIVATE semFlags=0x0 semPriority=0 semMissedCount=0 semScenarioType=0)) as user
10-02 16:19:27.773 19456 19456 I NotificationManager: com.negi.survey: notify(8592, null, Notification(channel=uploads shortcut=null contentView=null vibrate=null sound=null defaults=0 flags=ONGOING_EVENT|ONLY_ALERT_ONCE color=0x00000000 category=progress vis=PRIVATE semFlags=0x0 semPriority=0 semMissedCount=0 semScenarioType=0)) as user
10-02 16:19:27.777 19456 19456 I NotificationManager: com.negi.survey: notify(10865, null, Notification(channel=uploads shortcut=null contentView=null vibrate=null sound=null defaults=0 flags=ONGOING_EVENT|ONLY_ALERT_ONCE color=0x00000000 category=progress vis=PRIVATE semFlags=0x0 semPriority=0 semMissedCount=0 semScenarioType=0)) as user
10-02 16:19:27.778 19456 19456 I NotificationManager: com.negi.survey: notify(9235, null, Notification(channel=uploads shortcut=null contentView=null vibrate=null sound=null defaults=0 flags=ONGOING_EVENT|ONLY_ALERT_ONCE color=0x00000000 category=progress vis=PRIVATE semFlags=0x0 semPriority=0 semMissedCount=0 semScenarioType=0)) as user
10-02 16:19:27.780 19456 19456 I NotificationManager: com.negi.survey: notify(8878, null, Notification(channel=uploads shortcut=null contentView=null vibrate=null sound=null defaults=0 flags=ONGOING_EVENT|ONLY_ALERT_ONCE color=0x00000000 category=progress vis=PRIVATE semFlags=0x0 semPriority=0 semMissedCount=0 semScenarioType=0)) as user
10-02 16:19:27.781 19456 19456 I NotificationManager: com.negi.survey: notify(5473, null, Notification(channel=uploads shortcut=null contentView=null vibrate=null sound=null defaults=0 flags=ONGOING_EVENT|ONLY_ALERT_ONCE color=0x00000000 category=progress vis=PRIVATE semFlags=0x0 semPriority=0 semMissedCount=0 semScenarioType=0)) as user
10-02 16:19:27.782 19456 19456 I NotificationManager: com.negi.survey: notify(6329, null, Notification(channel=uploads shortcut=null contentView=null vibrate=null sound=null defaults=0 flags=ONGOING_EVENT|ONLY_ALERT_ONCE color=0x00000000 category=progress vis=PRIVATE semFlags=0x0 semPriority=0 semMissedCount=0 semScenarioType=0)) as user
10-02 16:19:27.783 19456 19456 I NotificationManager: com.negi.survey: notify(6582, null, Notification(channel=uploads shortcut=null contentView=null vibrate=null sound=null defaults=0 flags=ONGOING_EVENT|ONLY_ALERT_ONCE color=0x00000000 category=progress vis=PRIVATE semFlags=0x0 semPriority=0 semMissedCount=0 semScenarioType=0)) as user
10-02 16:19:27.784 19456 19456 I NotificationManager: com.negi.survey: notify(6971, null, Notification(channel=uploads shortcut=null contentView=null vibrate=null sound=null defaults=0 flags=ONGOING_EVENT|ONLY_ALERT_ONCE color=0x00000000 category=progress vis=PRIVATE semFlags=0x0 semPriority=0 semMissedCount=0 semScenarioType=0)) as user
10-02 16:19:27.786 19456 19456 I NotificationManager: com.negi.survey: notify(7037, null, Notification(channel=uploads shortcut=null contentView=null vibrate=null sound=null defaults=0 flags=ONGOING_EVENT|ONLY_ALERT_ONCE color=0x00000000 category=progress vis=PRIVATE semFlags=0x0 semPriority=0 semMissedCount=0 semScenarioType=0)) as user
10-02 16:19:27.788 19456 19456 I NotificationManager: com.negi.survey: notify(10158, null, Notification(channel=uploads shortcut=null contentView=null vibrate=null sound=null defaults=0 flags=ONGOING_EVENT|ONLY_ALERT_ONCE color=0x00000000 category=progress vis=PRIVATE semFlags=0x0 semPriority=0 semMissedCount=0 semScenarioType=0)) as user
10-02 16:19:27.794 19456 19456 W NotificationManager: Shedding notify (update) of NotificationKey[user=UserHandle{0}, pkg=com.negi.survey, tag=null, id=3915], rate limit (5.0) exceeded: input 7.1807, output would be 5.0297403
10-02 16:19:27.807 19456 19456 I NotificationManager: com.negi.survey: notify(5245, null, Notification(channel=uploads shortcut=null contentView=null vibrate=null sound=null defaults=0 flags=ONGOING_EVENT|ONLY_ALERT_ONCE color=0x00000000 category=progress vis=PRIVATE semFlags=0x0 semPriority=0 semMissedCount=0 semScenarioType=0)) as user
10-02 16:19:27.810 19456 19456 I NotificationManager: com.negi.survey: notify(5245, null, Notification(channel=uploads shortcut=null contentView=null vibrate=null sound=null defaults=0 flags=ONGOING_EVENT|ONLY_ALERT_ONCE color=0x00000000 category=progress vis=PRIVATE semFlags=0x0 semPriority=0 semMissedCount=0 semScenarioType=0)) as user
10-02 16:19:28.031 19456 19456 I NotificationManager: com.negi.survey: notify(9235, null, Notification(channel=uploads shortcut=null contentView=null vibrate=null sound=null defaults=0 flags=ONGOING_EVENT|ONLY_ALERT_ONCE color=0x00000000 category=progress vis=PRIVATE semFlags=0x0 semPriority=0 semMissedCount=0 semScenarioType=0)) as user
10-02 16:19:28.209 19456 19456 I NotificationManager: com.negi.survey: notify(9235, null, Notification(channel=uploads shortcut=null contentView=null vibrate=null sound=null defaults=0 flags=ONGOING_EVENT|ONLY_ALERT_ONCE color=0x00000000 category=progress vis=PRIVATE semFlags=0x0 semPriority=0 semMissedCount=0 semScenarioType=0)) as user
10-02 16:19:28.409 19456 19456 I NotificationManager: com.negi.survey: notify(6582, null, Notification(channel=uploads shortcut=null contentView=null vibrate=null sound=null defaults=0 flags=ONGOING_EVENT|ONLY_ALERT_ONCE color=0x00000000 category=progress vis=PRIVATE semFlags=0x0 semPriority=0 semMissedCount=0 semScenarioType=0)) as user
10-02 16:19:28.609 19456 19456 I NotificationManager: com.negi.survey: notify(6329, null, Notification(channel=uploads shortcut=null contentView=null vibrate=null sound=null defaults=0 flags=ONGOING_EVENT|ONLY_ALERT_ONCE color=0x00000000 category=progress vis=PRIVATE semFlags=0x0 semPriority=0 semMissedCount=0 semScenarioType=0)) as user
10-02 16:19:29.071 19456 19456 I NotificationManager: com.negi.survey: notify(10158, null, Notification(channel=uploads shortcut=null contentView=null vibrate=null sound=null defaults=0 flags=ONGOING_EVENT|ONLY_ALERT_ONCE color=0x00000000 category=progress vis=PRIVATE semFlags=0x0 semPriority=0 semMissedCount=0 semScenarioType=0)) as user
10-02 16:19:29.085 19456 19456 W NotificationManager: Shedding notify (update) of NotificationKey[user=UserHandle{0}, pkg=com.negi.survey, tag=null, id=10158], rate limit (5.0) exceeded: input 17.24099, output would be 5.036194
10-02 16:19:29.089 19456 19456 I NotificationManager: com.negi.survey: notify(10158, null, Notification(channel=uploads shortcut=null contentView=null vibrate=null sound=null defaults=0 flags=ONGOING_EVENT|ONLY_ALERT_ONCE color=0x00000000 category=progress vis=PRIVATE semFlags=0x0 semPriority=0 semMissedCount=0 semScenarioType=0)) as user
10-02 16:19:29.148 19456 19456 I NotificationManager: com.negi.survey: notify(6971, null, Notification(channel=uploads shortcut=null contentView=null vibrate=null sound=null defaults=0 flags=ONLY_ALERT_ONCE color=0x00000000 category=progress vis=PRIVATE semFlags=0x0 semPriority=0 semMissedCount=0 semScenarioType=0)) as user
10-02 16:19:30.031 19456 19456 I NotificationManager: com.negi.survey: notify(9235, null, Notification(channel=uploads shortcut=null contentView=null vibrate=null sound=null defaults=0 flags=ONGOING_EVENT|ONLY_ALERT_ONCE color=0x00000000 category=progress vis=PRIVATE semFlags=0x0 semPriority=0 semMissedCount=0 semScenarioType=0)) as user
10-02 16:19:30.038 19456 19456 I NotificationManager: com.negi.survey: notify(9235, null, Notification(channel=uploads shortcut=null contentView=null vibrate=null sound=null defaults=0 flags=ONGOING_EVENT|ONLY_ALERT_ONCE color=0x00000000 category=progress vis=PRIVATE semFlags=0x0 semPriority=0 semMissedCount=0 semScenarioType=0)) as user
10-02 16:19:30.040 19456 19456 I NotificationManager: com.negi.survey: notify(9235, null, Notification(channel=uploads shortcut=null contentView=null vibrate=null sound=null defaults=0 flags=ONGOING_EVENT|ONLY_ALERT_ONCE color=0x00000000 category=progress vis=PRIVATE semFlags=0x0 semPriority=0 semMissedCount=0 semScenarioType=0)) as user
10-02 16:19:30.388 19456 19456 I NotificationManager: com.negi.survey: notify(5245, null, Notification(channel=uploads shortcut=null contentView=null vibrate=null sound=null defaults=0 flags=ONGOING_EVENT|ONLY_ALERT_ONCE color=0x00000000 category=progress vis=PRIVATE semFlags=0x0 semPriority=0 semMissedCount=0 semScenarioType=0)) as user
10-02 16:19:30.390 19456 19456 W NotificationManager: Shedding notify (update) of NotificationKey[user=UserHandle{0}, pkg=com.negi.survey, tag=null, id=5245], rate limit (5.0) exceeded: input 21.264761, output would be 5.673682
10-02 16:19:30.470 19456 19456 I NotificationManager: com.negi.survey: notify(8878, null, Notification(channel=uploads shortcut=null contentView=null vibrate=null sound=null defaults=0 flags=ONGOING_EVENT|ONLY_ALERT_ONCE color=0x00000000 category=progress vis=PRIVATE semFlags=0x0 semPriority=0 semMissedCount=0 semScenarioType=0)) as user
10-02 16:19:30.486 19456 19456 I NotificationManager: com.negi.survey: notify(10158, null, Notification(channel=uploads shortcut=null contentView=null vibrate=null sound=null defaults=0 flags=ONLY_ALERT_ONCE color=0x00000000 category=progress vis=PRIVATE semFlags=0x0 semPriority=0 semMissedCount=0 semScenarioType=0)) as user
10-02 16:19:30.670 19456 19456 I NotificationManager: com.negi.survey: notify(5473, null, Notification(channel=uploads shortcut=null contentView=null vibrate=null sound=null defaults=0 flags=ONGOING_EVENT|ONLY_ALERT_ONCE color=0x00000000 category=progress vis=PRIVATE semFlags=0x0 semPriority=0 semMissedCount=0 semScenarioType=0)) as user
10-02 16:19:30.932 19456 19456 I NotificationManager: com.negi.survey: notify(6329, null, Notification(channel=uploads shortcut=null contentView=null vibrate=null sound=null defaults=0 flags=ONGOING_EVENT|ONLY_ALERT_ONCE color=0x00000000 category=progress vis=PRIVATE semFlags=0x0 semPriority=0 semMissedCount=0 semScenarioType=0)) as user
10-02 16:19:31.089 19456 19456 I NotificationManager: com.negi.survey: notify(8592, null, Notification(channel=uploads shortcut=null contentView=null vibrate=null sound=null defaults=0 flags=ONGOING_EVENT|ONLY_ALERT_ONCE color=0x00000000 category=progress vis=PRIVATE semFlags=0x0 semPriority=0 semMissedCount=0 semScenarioType=0)) as user
10-02 16:19:31.289 19456 19456 I NotificationManager: com.negi.survey: notify(7037, null, Notification(channel=uploads shortcut=null contentView=null vibrate=null sound=null defaults=0 flags=ONGOING_EVENT|ONLY_ALERT_ONCE color=0x00000000 category=progress vis=PRIVATE semFlags=0x0 semPriority=0 semMissedCount=0 semScenarioType=0)) as user
10-02 16:19:31.352 19456 19456 I NotificationManager: com.negi.survey: notify(5245, null, Notification(channel=uploads shortcut=null contentView=null vibrate=null sound=null defaults=0 flags=ONLY_ALERT_ONCE color=0x00000000 category=progress vis=PRIVATE semFlags=0x0 semPriority=0 semMissedCount=0 semScenarioType=0)) as user
10-02 16:19:32.311 19456 19456 I NotificationManager: com.negi.survey: notify(6329, null, Notification(channel=uploads shortcut=null contentView=null vibrate=null sound=null defaults=0 flags=ONGOING_EVENT|ONLY_ALERT_ONCE color=0x00000000 category=progress vis=PRIVATE semFlags=0x0 semPriority=0 semMissedCount=0 semScenarioType=0)) as user
10-02 16:19:32.313 19456 19456 I NotificationManager: com.negi.survey: notify(6329, null, Notification(channel=uploads shortcut=null contentView=null vibrate=null sound=null defaults=0 flags=ONLY_ALERT_ONCE color=0x00000000 category=progress vis=PRIVATE semFlags=0x0 semPriority=0 semMissedCount=0 semScenarioType=0)) as user
10-02 16:19:32.840 19456 19456 I NotificationManager: com.negi.survey: notify(9235, null, Notification(channel=uploads shortcut=null contentView=null vibrate=null sound=null defaults=0 flags=ONGOING_EVENT|ONLY_ALERT_ONCE color=0x00000000 category=progress vis=PRIVATE semFlags=0x0 semPriority=0 semMissedCount=0 semScenarioType=0)) as user
10-02 16:19:32.843 19456 19456 I NotificationManager: com.negi.survey: notify(9235, null, Notification(channel=uploads shortcut=null contentView=null vibrate=null sound=null defaults=0 flags=ONGOING_EVENT|ONLY_ALERT_ONCE color=0x00000000 category=progress vis=PRIVATE semFlags=0x0 semPriority=0 semMissedCount=0 semScenarioType=0)) as user
10-02 16:19:32.846 19456 19456 I NotificationManager: com.negi.survey: notify(9235, null, Notification(channel=uploads shortcut=null contentView=null vibrate=null sound=null defaults=0 flags=ONGOING_EVENT|ONLY_ALERT_ONCE color=0x00000000 category=progress vis=PRIVATE semFlags=0x0 semPriority=0 semMissedCount=0 semScenarioType=0)) as user
10-02 16:19:32.848 19456 19456 W NotificationManager: Shedding notify (update) of NotificationKey[user=UserHandle{0}, pkg=com.negi.survey, tag=null, id=9235], rate limit (5.0) exceeded: input 11.286823, output would be 6.121522
10-02 16:19:33.553 19456 19456 I NotificationManager: com.negi.survey: notify(8878, null, Notification(channel=uploads shortcut=null contentView=null vibrate=null sound=null defaults=0 flags=ONGOING_EVENT|ONLY_ALERT_ONCE color=0x00000000 category=progress vis=PRIVATE semFlags=0x0 semPriority=0 semMissedCount=0 semScenarioType=0)) as user
10-02 16:19:33.555 19456 19456 I NotificationManager: com.negi.survey: notify(8878, null, Notification(channel=uploads shortcut=null contentView=null vibrate=null sound=null defaults=0 flags=ONGOING_EVENT|ONLY_ALERT_ONCE color=0x00000000 category=progress vis=PRIVATE semFlags=0x0 semPriority=0 semMissedCount=0 semScenarioType=0)) as user
10-02 16:19:33.816 19456 19456 I NotificationManager: com.negi.survey: notify(10865, null, Notification(channel=uploads shortcut=null contentView=null vibrate=null sound=null defaults=0 flags=ONGOING_EVENT|ONLY_ALERT_ONCE color=0x00000000 category=progress vis=PRIVATE semFlags=0x0 semPriority=0 semMissedCount=0 semScenarioType=0)) as user
10-02 16:19:33.848 19456 19456 W NotificationManager: Shedding notify (update) of NotificationKey[user=UserHandle{0}, pkg=com.negi.survey, tag=null, id=10865], rate limit (5.0) exceeded: input 1161.5457, output would be 5.1738324
10-02 16:19:33.933 19456 19456 I NotificationManager: com.negi.survey: notify(3915, null, Notification(channel=uploads shortcut=null contentView=null vibrate=null sound=null defaults=0 flags=ONGOING_EVENT|ONLY_ALERT_ONCE color=0x00000000 category=progress vis=PRIVATE semFlags=0x0 semPriority=0 semMissedCount=0 semScenarioType=0)) as user
10-02 16:19:34.090 19456 19456 I NotificationManager: com.negi.survey: notify(8592, null, Notification(channel=uploads shortcut=null contentView=null vibrate=null sound=null defaults=0 flags=ONGOING_EVENT|ONLY_ALERT_ONCE color=0x00000000 category=progress vis=PRIVATE semFlags=0x0 semPriority=0 semMissedCount=0 semScenarioType=0)) as user
10-02 16:19:34.258 19456 19456 I NotificationManager: com.negi.survey: notify(9235, null, Notification(channel=uploads shortcut=null contentView=null vibrate=null sound=null defaults=0 flags=ONLY_ALERT_ONCE color=0x00000000 category=progress vis=PRIVATE semFlags=0x0 semPriority=0 semMissedCount=0 semScenarioType=0)) as user
10-02 16:19:34.344 19456 19456 I NotificationManager: com.negi.survey: notify(7037, null, Notification(channel=uploads shortcut=null contentView=null vibrate=null sound=null defaults=0 flags=ONGOING_EVENT|ONLY_ALERT_ONCE color=0x00000000 category=progress vis=PRIVATE semFlags=0x0 semPriority=0 semMissedCount=0 semScenarioType=0)) as user
10-02 16:19:35.293 19456 19456 I NotificationManager: com.negi.survey: notify(8878, null, Notification(channel=uploads shortcut=null contentView=null vibrate=null sound=null defaults=0 flags=ONGOING_EVENT|ONLY_ALERT_ONCE color=0x00000000 category=progress vis=PRIVATE semFlags=0x0 semPriority=0 semMissedCount=0 semScenarioType=0)) as user
10-02 16:19:35.312 19456 19456 I NotificationManager: com.negi.survey: notify(8878, null, Notification(channel=uploads shortcut=null contentView=null vibrate=null sound=null defaults=0 flags=ONGOING_EVENT|ONLY_ALERT_ONCE color=0x00000000 category=progress vis=PRIVATE semFlags=0x0 semPriority=0 semMissedCount=0 semScenarioType=0)) as user
10-02 16:19:35.314 19456 19456 I NotificationManager: com.negi.survey: notify(8878, null, Notification(channel=uploads shortcut=null contentView=null vibrate=null sound=null defaults=0 flags=ONGOING_EVENT|ONLY_ALERT_ONCE color=0x00000000 category=progress vis=PRIVATE semFlags=0x0 semPriority=0 semMissedCount=0 semScenarioType=0)) as user
10-02 16:19:35.318 19456 19456 W NotificationManager: Shedding notify (update) of NotificationKey[user=UserHandle{0}, pkg=com.negi.survey, tag=null, id=8878], rate limit (5.0) exceeded: input 16.409086, output would be 6.4929037
10-02 16:19:35.553 19456 19456 I NotificationManager: com.negi.survey: notify(10865, null, Notification(channel=uploads shortcut=null contentView=null vibrate=null sound=null defaults=0 flags=ONGOING_EVENT|ONLY_ALERT_ONCE color=0x00000000 category=progress vis=PRIVATE semFlags=0x0 semPriority=0 semMissedCount=0 semScenarioType=0)) as user
10-02 16:19:35.555 19456 19456 I NotificationManager: com.negi.survey: notify(10865, null, Notification(channel=uploads shortcut=null contentView=null vibrate=null sound=null defaults=0 flags=ONLY_ALERT_ONCE color=0x00000000 category=progress vis=PRIVATE semFlags=0x0 semPriority=0 semMissedCount=0 semScenarioType=0)) as user
10-02 16:19:35.712 19456 19456 I NotificationManager: com.negi.survey: notify(5473, null, Notification(channel=uploads shortcut=null contentView=null vibrate=null sound=null defaults=0 flags=ONGOING_EVENT|ONLY_ALERT_ONCE color=0x00000000 category=progress vis=PRIVATE semFlags=0x0 semPriority=0 semMissedCount=0 semScenarioType=0)) as user
10-02 16:19:35.901 19456 19456 I NotificationManager: com.negi.survey: notify(6582, null, Notification(channel=uploads shortcut=null contentView=null vibrate=null sound=null defaults=0 flags=ONGOING_EVENT|ONLY_ALERT_ONCE color=0x00000000 category=progress vis=PRIVATE semFlags=0x0 semPriority=0 semMissedCount=0 semScenarioType=0)) as user
10-02 16:19:36.101 19456 19456 I NotificationManager: com.negi.survey: notify(8592, null, Notification(channel=uploads shortcut=null contentView=null vibrate=null sound=null defaults=0 flags=ONGOING_EVENT|ONLY_ALERT_ONCE color=0x00000000 category=progress vis=PRIVATE semFlags=0x0 semPriority=0 semMissedCount=0 semScenarioType=0)) as user
10-02 16:19:37.521 19456 19456 I NotificationManager: com.negi.survey: notify(8878, null, Notification(channel=uploads shortcut=null contentView=null vibrate=null sound=null defaults=0 flags=ONGOING_EVENT|ONLY_ALERT_ONCE color=0x00000000 category=progress vis=PRIVATE semFlags=0x0 semPriority=0 semMissedCount=0 semScenarioType=0)) as user
10-02 16:19:37.535 19456 19456 I NotificationManager: com.negi.survey: notify(8878, null, Notification(channel=uploads shortcut=null contentView=null vibrate=null sound=null defaults=0 flags=ONLY_ALERT_ONCE color=0x00000000 category=progress vis=PRIVATE semFlags=0x0 semPriority=0 semMissedCount=0 semScenarioType=0)) as user
10-02 16:19:38.343 19456 19456 I NotificationManager: com.negi.survey: notify(5473, null, Notification(channel=uploads shortcut=null contentView=null vibrate=null sound=null defaults=0 flags=ONGOING_EVENT|ONLY_ALERT_ONCE color=0x00000000 category=progress vis=PRIVATE semFlags=0x0 semPriority=0 semMissedCount=0 semScenarioType=0)) as user
10-02 16:19:38.354 19456 19456 I NotificationManager: com.negi.survey: notify(5473, null, Notification(channel=uploads shortcut=null contentView=null vibrate=null sound=null defaults=0 flags=ONGOING_EVENT|ONLY_ALERT_ONCE color=0x00000000 category=progress vis=PRIVATE semFlags=0x0 semPriority=0 semMissedCount=0 semScenarioType=0)) as user
10-02 16:19:38.361 19456 19456 I NotificationManager: com.negi.survey: notify(5473, null, Notification(channel=uploads shortcut=null contentView=null vibrate=null sound=null defaults=0 flags=ONGOING_EVENT|ONLY_ALERT_ONCE color=0x00000000 category=progress vis=PRIVATE semFlags=0x0 semPriority=0 semMissedCount=0 semScenarioType=0)) as user
10-02 16:19:38.367 19456 19456 I NotificationManager: com.negi.survey: notify(5473, null, Notification(channel=uploads shortcut=null contentView=null vibrate=null sound=null defaults=0 flags=ONGOING_EVENT|ONLY_ALERT_ONCE color=0x00000000 category=progress vis=PRIVATE semFlags=0x0 semPriority=0 semMissedCount=0 semScenarioType=0)) as user
10-02 16:19:38.384 19456 19456 W NotificationManager: Shedding notify (update) of NotificationKey[user=UserHandle{0}, pkg=com.negi.survey, tag=null, id=5473], rate limit (5.0) exceeded: input 10.816076, output would be 6.1511183
10-02 16:19:38.509 19456 19456 I NotificationManager: com.negi.survey: notify(5473, null, Notification(channel=uploads shortcut=null contentView=null vibrate=null sound=null defaults=0 flags=ONGOING_EVENT|ONLY_ALERT_ONCE color=0x00000000 category=progress vis=PRIVATE semFlags=0x0 semPriority=0 semMissedCount=0 semScenarioType=0)) as user
10-02 16:19:38.710 19456 19456 I NotificationManager: com.negi.survey: notify(6582, null, Notification(channel=uploads shortcut=null contentView=null vibrate=null sound=null defaults=0 flags=ONGOING_EVENT|ONLY_ALERT_ONCE color=0x00000000 category=progress vis=PRIVATE semFlags=0x0 semPriority=0 semMissedCount=0 semScenarioType=0)) as user
10-02 16:19:38.909 19456 19456 I NotificationManager: com.negi.survey: notify(8592, null, Notification(channel=uploads shortcut=null contentView=null vibrate=null sound=null defaults=0 flags=ONGOING_EVENT|ONLY_ALERT_ONCE color=0x00000000 category=progress vis=PRIVATE semFlags=0x0 semPriority=0 semMissedCount=0 semScenarioType=0)) as user
10-02 16:19:39.764 19456 19456 I NotificationManager: com.negi.survey: notify(5473, null, Notification(channel=uploads shortcut=null contentView=null vibrate=null sound=null defaults=0 flags=ONGOING_EVENT|ONLY_ALERT_ONCE color=0x00000000 category=progress vis=PRIVATE semFlags=0x0 semPriority=0 semMissedCount=0 semScenarioType=0)) as user
10-02 16:19:39.773 19456 19456 I NotificationManager: com.negi.survey: notify(5473, null, Notification(channel=uploads shortcut=null contentView=null vibrate=null sound=null defaults=0 flags=ONLY_ALERT_ONCE color=0x00000000 category=progress vis=PRIVATE semFlags=0x0 semPriority=0 semMissedCount=0 semScenarioType=0)) as user
10-02 16:19:41.593 19456 19456 I NotificationManager: com.negi.survey: notify(3915, null, Notification(channel=uploads shortcut=null contentView=null vibrate=null sound=null defaults=0 flags=ONGOING_EVENT|ONLY_ALERT_ONCE color=0x00000000 category=progress vis=PRIVATE semFlags=0x0 semPriority=0 semMissedCount=0 semScenarioType=0)) as user
10-02 16:19:41.607 19456 19456 I NotificationManager: com.negi.survey: notify(3915, null, Notification(channel=uploads shortcut=null contentView=null vibrate=null sound=null defaults=0 flags=ONGOING_EVENT|ONLY_ALERT_ONCE color=0x00000000 category=progress vis=PRIVATE semFlags=0x0 semPriority=0 semMissedCount=0 semScenarioType=0)) as user
10-02 16:19:41.609 19456 19456 I NotificationManager: com.negi.survey: notify(3915, null, Notification(channel=uploads shortcut=null contentView=null vibrate=null sound=null defaults=0 flags=ONGOING_EVENT|ONLY_ALERT_ONCE color=0x00000000 category=progress vis=PRIVATE semFlags=0x0 semPriority=0 semMissedCount=0 semScenarioType=0)) as user
10-02 16:19:41.610 19456 19456 I NotificationManager: com.negi.survey: notify(3915, null, Notification(channel=uploads shortcut=null contentView=null vibrate=null sound=null defaults=0 flags=ONGOING_EVENT|ONLY_ALERT_ONCE color=0x00000000 category=progress vis=PRIVATE semFlags=0x0 semPriority=0 semMissedCount=0 semScenarioType=0)) as user
10-02 16:19:41.612 19456 19456 I NotificationManager: com.negi.survey: notify(3915, null, Notification(channel=uploads shortcut=null contentView=null vibrate=null sound=null defaults=0 flags=ONGOING_EVENT|ONLY_ALERT_ONCE color=0x00000000 category=progress vis=PRIVATE semFlags=0x0 semPriority=0 semMissedCount=0 semScenarioType=0)) as user
10-02 16:19:41.614 19456 19456 W NotificationManager: Shedding notify (update) of NotificationKey[user=UserHandle{0}, pkg=com.negi.survey, tag=null, id=3915], rate limit (5.0) exceeded: input 11.625124, output would be 7.093618
10-02 16:19:41.820 19456 19456 I NotificationManager: com.negi.survey: notify(7037, null, Notification(channel=uploads shortcut=null contentView=null vibrate=null sound=null defaults=0 flags=ONGOING_EVENT|ONLY_ALERT_ONCE color=0x00000000 category=progress vis=PRIVATE semFlags=0x0 semPriority=0 semMissedCount=0 semScenarioType=0)) as user
10-02 16:19:42.915 19456 19456 I NotificationManager: com.negi.survey: notify(6582, null, Notification(channel=uploads shortcut=null contentView=null vibrate=null sound=null defaults=0 flags=ONGOING_EVENT|ONLY_ALERT_ONCE color=0x00000000 category=progress vis=PRIVATE semFlags=0x0 semPriority=0 semMissedCount=0 semScenarioType=0)) as user
10-02 16:19:42.919 19456 19456 I NotificationManager: com.negi.survey: notify(6582, null, Notification(channel=uploads shortcut=null contentView=null vibrate=null sound=null defaults=0 flags=ONLY_ALERT_ONCE color=0x00000000 category=progress vis=PRIVATE semFlags=0x0 semPriority=0 semMissedCount=0 semScenarioType=0)) as user
10-02 16:19:43.076 19456 19456 I NotificationManager: com.negi.survey: notify(3915, null, Notification(channel=uploads shortcut=null contentView=null vibrate=null sound=null defaults=0 flags=ONLY_ALERT_ONCE color=0x00000000 category=progress vis=PRIVATE semFlags=0x0 semPriority=0 semMissedCount=0 semScenarioType=0)) as user
10-02 16:19:43.281 19456 19456 I NotificationManager: com.negi.survey: notify(8592, null, Notification(channel=uploads shortcut=null contentView=null vibrate=null sound=null defaults=0 flags=ONLY_ALERT_ONCE color=0x00000000 category=progress vis=PRIVATE semFlags=0x0 semPriority=0 semMissedCount=0 semScenarioType=0)) as user
10-02 16:19:43.504 19456 19456 I NotificationManager: com.negi.survey: notify(7037, null, Notification(channel=uploads shortcut=null contentView=null vibrate=null sound=null defaults=0 flags=ONLY_ALERT_ONCE color=0x00000000 category=progress vis=PRIVATE semFlags=0x0 semPriority=0 semMissedCount=0 semScenarioType=0)) as user
--------- beginning of main
10-02 16:20:13.803 19456 19456 D InputMethodManagerUtils: startInputInner - Id : 0
10-02 16:20:13.804 19456 19456 I InputMethodManager: startInputInner - IInputMethodManagerGlobalInvoker.startInputOrWindowGainedFocus
10-02 16:20:13.807 19456 19456 D InputTransport: Input channel destroyed: 'ClientS', fd=166
10-02 16:20:13.811 19456 19456 D InputMethodManagerUtils: startInputInner - Id : 0
10-02 16:20:13.811 19456 19456 I InputMethodManager: startInputInner - IInputMethodManagerGlobalInvoker.startInputOrWindowGainedFocus
10-02 16:20:13.868 19456 19456 I InsetsController: onStateChanged: host=com.negi.survey/com.negi.survey.MainActivity, from=android.view.ViewRootImpl.onInsetsStateChanged:3038, state=InsetsState: {mDisplayFrame=Rect(0, 0 - 1080, 2340), mDisplayCutout=DisplayCutout{insets=Rect(0, 103 - 0, 0) waterfall=Insets{left=0, top=0, right=0, bottom=0} boundingRect={Bounds=[Rect(0, 0 - 0, 0), Rect(511, 0 - 569, 103), Rect(0, 0 - 0, 0), Rect(0, 0 - 0, 0)]} cutoutPathParserInfo={CutoutPathParserInfo{displayWidth=1080 displayHeight=2340 physicalDisplayWidth=1080 physicalDisplayHeight=2340 density={3.0} cutoutSpec={M 0,0 H -9.666666666666667 V 34.33333333333333 H 9.666666666666667 V 0 H 0 Z @dp} rotation={0} scale={1.0} physicalPixelDisplaySizeRatio={1.0}}} sideOverrides={}}, mRoundedCorners=RoundedCorners{[RoundedCorner{position=TopLeft, radius=102, center=Point(102, 102)}, RoundedCorner{position=TopRight, radius=102, center=Point(978, 102)}, RoundedCorner{position=BottomRight, radius=102, center=Point(978, 2238)}, RoundedCorner{position=BottomLeft, radius=102, center=Point(102, 2238)}]}  mRoundedCornerFrame=Rect(0, 0 - 1080, 2340), mPrivacyIndicatorBounds=PrivacyIndicatorBounds {static bounds=Rect(948, 0 - 1080, 103) rotation=0}, mDisplayShape=DisplayShape{ spec=-311912193 displayWidth=1080 displayHeight=2340 physicalPixelDisplaySizeRatio=1.0 rotation=0 offsetX=0 offsetY=0 scale=1.0}, mSources= { InsetsSource: {cafc0000 mType=statusBars mFrame=[0,0][1080,103] mAttachedInsets=null mVisible=true mFlags= mSideHint=TOP mBoundingRects=null}, InsetsSource: {cafc0005 mType=mandatorySystemGestures mFrame=[0,0][1080,139] mAttachedInsets=null mVisible=true mFlags= mSideHint=TOP mBoundingRects=null}, InsetsSource: {cafc0006 mType=tappableElement mFrame=[0,0][1080,103] mAttachedInsets=null mVisible=true mFlags= mSideHint=TOP mBoundingRects=null}, InsetsSource: {27 mType=displayCutout mFrame=[0,0][1080,103] mAttachedInsets=null mVisible=true mFlags= mSideHint=TOP mBoundingRects=null}, InsetsSource: {3c610001 mType=navigationBars mFrame=[0,2196][1080,2340] mAttachedInsets=null mVisible=true mFlags= mSideHint=BOTTOM mBoundingRects=null}, InsetsSource: {3c610004 mType=systemGestures mFrame=[0,0][0,0] mAttachedInsets=null mVisible=true mFlags= mSideHint=NONE mBoundingRects=null}, InsetsSource: {3c610005 mType=mandatorySystemGestures mFrame=[0,2196][1080,2340] mAttachedInsets=null mVisible=true mFlags= mSideHint=BOTTOM mBoundingRects=null}, InsetsSource: {3c610006 mType=tappableElement mFrame=[0,2196][1080,2340] mAttachedInsets=null mVisible=true mFlags= mSideHint=BOTTOM mBoundingRects=null}, InsetsSource: {3c610024 mType=systemGestures mFrame=[0,0][0,0] mAttachedInsets=null mVisible=true mFlags= mSideHint=NONE mBoundingRects=null} }
10-02 16:20:16.041 19456 20451 D InputTransport: Input channel constructed: 'ClientS', fd=166
10-02 16:20:16.109 19456 19456 I InsetsController: onStateChanged: host=com.negi.survey/com.negi.survey.MainActivity, from=android.view.ViewRootImpl.onInsetsStateChanged:3038, state=InsetsState: {mDisplayFrame=Rect(0, 0 - 1080, 2340), mDisplayCutout=DisplayCutout{insets=Rect(0, 103 - 0, 0) waterfall=Insets{left=0, top=0, right=0, bottom=0} boundingRect={Bounds=[Rect(0, 0 - 0, 0), Rect(511, 0 - 569, 103), Rect(0, 0 - 0, 0), Rect(0, 0 - 0, 0)]} cutoutPathParserInfo={CutoutPathParserInfo{displayWidth=1080 displayHeight=2340 physicalDisplayWidth=1080 physicalDisplayHeight=2340 density={3.0} cutoutSpec={M 0,0 H -9.666666666666667 V 34.33333333333333 H 9.666666666666667 V 0 H 0 Z @dp} rotation={0} scale={1.0} physicalPixelDisplaySizeRatio={1.0}}} sideOverrides={}}, mRoundedCorners=RoundedCorners{[RoundedCorner{position=TopLeft, radius=102, center=Point(102, 102)}, RoundedCorner{position=TopRight, radius=102, center=Point(978, 102)}, RoundedCorner{position=BottomRight, radius=102, center=Point(978, 2238)}, RoundedCorner{position=BottomLeft, radius=102, center=Point(102, 2238)}]}  mRoundedCornerFrame=Rect(0, 0 - 1080, 2340), mPrivacyIndicatorBounds=PrivacyIndicatorBounds {static bounds=Rect(948, 0 - 1080, 103) rotation=0}, mDisplayShape=DisplayShape{ spec=-311912193 displayWidth=1080 displayHeight=2340 physicalPixelDisplaySizeRatio=1.0 rotation=0 offsetX=0 offsetY=0 scale=1.0}, mSources= { InsetsSource: {cafc0000 mType=statusBars mFrame=[0,0][1080,103] mAttachedInsets=null mVisible=true mFlags= mSideHint=TOP mBoundingRects=null}, InsetsSource: {cafc0005 mType=mandatorySystemGestures mFrame=[0,0][1080,139] mAttachedInsets=null mVisible=true mFlags= mSideHint=TOP mBoundingRects=null}, InsetsSource: {cafc0006 mType=tappableElement mFrame=[0,0][1080,103] mAttachedInsets=null mVisible=true mFlags= mSideHint=TOP mBoundingRects=null}, InsetsSource: {3 mType=ime mFrame=[0,0][0,0] mAttachedInsets=null mVisible=false mFlags=INVALID mSideHint=NONE mBoundingRects=null}, InsetsSource: {27 mType=displayCutout mFrame=[0,0][1080,103] mAttachedInsets=null mVisible=true mFlags= mSideHint=TOP mBoundingRects=null}, InsetsSource: {3c610001 mType=navigationBars mFrame=[0,2196][1080,2340] mAttachedInsets=null mVisible=true mFlags= mSideHint=BOTTOM mBoundingRects=null}, InsetsSource: {3c610004 mType=systemGestures mFrame=[0,0][0,0] mAttachedInsets=null mVisible=true mFlags= mSideHint=NONE mBoundingRects=null}, InsetsSource: {3c610005 mType=mandatorySystemGestures mFrame=[0,2196][1080,2340] mAttachedInsets=null mVisible=true mFlags= mSideHint=BOTTOM mBoundingRects=null}, InsetsSource: {3c610006 mType=tappableElement mFrame=[0,2196][1080,2340] mAttachedInsets=null mVisible=true mFlags= mSideHint=BOTTOM mBoundingRects=null}, InsetsSource: {3c610024 mType=systemGestures mFrame=[0,0][0,0] mAttachedInsets=null mVisible=true mFlags= mSideHint=NONE mBoundingRects=null} }
10-02 16:20:18.488 19456 19456 D InputMethodManagerUtils: startInputInner - Id : 0
10-02 16:20:18.489 19456 19456 I InputMethodManager: startInputInner - IInputMethodManagerGlobalInvoker.startInputOrWindowGainedFocus
10-02 16:20:18.494 19456 19456 I InsetsController: onStateChanged: host=com.negi.survey/com.negi.survey.MainActivity, from=android.view.ViewRootImpl.onInsetsStateChanged:3038, state=InsetsState: {mDisplayFrame=Rect(0, 0 - 1080, 2340), mDisplayCutout=DisplayCutout{insets=Rect(0, 103 - 0, 0) waterfall=Insets{left=0, top=0, right=0, bottom=0} boundingRect={Bounds=[Rect(0, 0 - 0, 0), Rect(511, 0 - 569, 103), Rect(0, 0 - 0, 0), Rect(0, 0 - 0, 0)]} cutoutPathParserInfo={CutoutPathParserInfo{displayWidth=1080 displayHeight=2340 physicalDisplayWidth=1080 physicalDisplayHeight=2340 density={3.0} cutoutSpec={M 0,0 H -9.666666666666667 V 34.33333333333333 H 9.666666666666667 V 0 H 0 Z @dp} rotation={0} scale={1.0} physicalPixelDisplaySizeRatio={1.0}}} sideOverrides={}}, mRoundedCorners=RoundedCorners{[RoundedCorner{position=TopLeft, radius=102, center=Point(102, 102)}, RoundedCorner{position=TopRight, radius=102, center=Point(978, 102)}, RoundedCorner{position=BottomRight, radius=102, center=Point(978, 2238)}, RoundedCorner{position=BottomLeft, radius=102, center=Point(102, 2238)}]}  mRoundedCornerFrame=Rect(0, 0 - 1080, 2340), mPrivacyIndicatorBounds=PrivacyIndicatorBounds {static bounds=Rect(948, 0 - 1080, 103) rotation=0}, mDisplayShape=DisplayShape{ spec=-311912193 displayWidth=1080 displayHeight=2340 physicalPixelDisplaySizeRatio=1.0 rotation=0 offsetX=0 offsetY=0 scale=1.0}, mSources= { InsetsSource: {cafc0000 mType=statusBars mFrame=[0,0][1080,103] mAttachedInsets=null mVisible=true mFlags= mSideHint=TOP mBoundingRects=null}, InsetsSource: {cafc0005 mType=mandatorySystemGestures mFrame=[0,0][1080,139] mAttachedInsets=null mVisible=true mFlags= mSideHint=TOP mBoundingRects=null}, InsetsSource: {cafc0006 mType=tappableElement mFrame=[0,0][1080,103] mAttachedInsets=null mVisible=true mFlags= mSideHint=TOP mBoundingRects=null}, InsetsSource: {27 mType=displayCutout mFrame=[0,0][1080,103] mAttachedInsets=null mVisible=true mFlags= mSideHint=TOP mBoundingRects=null}, InsetsSource: {3c610001 mType=navigationBars mFrame=[0,2196][1080,2340] mAttachedInsets=null mVisible=true mFlags= mSideHint=BOTTOM mBoundingRects=null}, InsetsSource: {3c610004 mType=systemGestures mFrame=[0,0][0,0] mAttachedInsets=null mVisible=true mFlags= mSideHint=NONE mBoundingRects=null}, InsetsSource: {3c610005 mType=mandatorySystemGestures mFrame=[0,2196][1080,2340] mAttachedInsets=null mVisible=true mFlags= mSideHint=BOTTOM mBoundingRects=null}, InsetsSource: {3c610006 mType=tappableElement mFrame=[0,2196][1080,2340] mAttachedInsets=null mVisible=true mFlags= mSideHint=BOTTOM mBoundingRects=null}, InsetsSource: {3c610024 mType=systemGestures mFrame=[0,0][0,0] mAttachedInsets=null mVisible=true mFlags= mSideHint=NONE mBoundingRects=null} }
10-02 16:20:18.498 19456 19456 D InputTransport: Input channel destroyed: 'ClientS', fd=166
10-02 16:20:18.499 19456 19456 D InputMethodManagerUtils: startInputInner - Id : 0
10-02 16:20:18.499 19456 19456 I InputMethodManager: startInputInner - IInputMethodManagerGlobalInvoker.startInputOrWindowGainedFocus
10-02 16:20:23.229 19456 19456 D InputMethodManagerUtils: startInputInner - Id : 0
10-02 16:20:23.230 19456 19456 I InputMethodManager: startInputInner - IInputMethodManagerGlobalInvoker.startInputOrWindowGainedFocus
10-02 16:20:23.257 19456 19456 D InputMethodManagerUtils: startInputInner - Id : 0
10-02 16:20:23.257 19456 19456 I InputMethodManager: startInputInner - IInputMethodManagerGlobalInvoker.startInputOrWindowGainedFocus
