=== Previous Session Logcat ===
captured_time_utc=20261001_234119
captured_time_local=20261001_184119
marker=2026-10-01 18:38:54.594
preferred_prev_pid=-1
note=best-effort; buffers may be overwritten before next start
sdk=36
device=samsung SM-S731U
appId=com.negi.survey
versionName=0.0.1
versionCode=109

=== Logcat (since marker) ===
--------- beginning of main
10-01 18:41:16.847  9359  9359 I Zygote  : Process 9359 created for com.negi.survey
10-01 18:41:16.847  9359  9359 I com.negi.survey: Using CollectorTypeCMC GC.
10-01 18:41:16.852  9359  9359 D nativeloader: Load libframework-connectivity-tiramisu-jni.so using APEX ns com_android_tethering for caller /apex/com.android.tethering/javalib/framework-connectivity-t.jar: ok
10-01 18:41:16.854  9359  9359 D ActivityThread: setConscryptValidator
10-01 18:41:16.854  9359  9359 D ActivityThread: setConscryptValidator - put
10-01 18:41:16.864  9359  9359 D ApplicationLoaders: Returning zygote-cached class loader: /system_ext/framework/androidx.window.extensions.jar
10-01 18:41:16.865  9359  9359 D ApplicationLoaders: Returning zygote-cached class loader: /system_ext/framework/androidx.window.sidecar.jar
10-01 18:41:16.878  9359  9359 D nativeloader: Configuring clns-9 for other apk /data/app/~~fhXaCcUvp8Lq9OsjhtMl7g==/com.negi.survey-FIGNuiTQvX3vPD09SNPRbg==/base.apk. target_sdk_version=36, uses_libraries=libOpenCL.so, library_path=/data/app/~~fhXaCcUvp8Lq9OsjhtMl7g==/com.negi.survey-FIGNuiTQvX3vPD09SNPRbg==/lib/arm64:/data/app/~~fhXaCcUvp8Lq9OsjhtMl7g==/com.negi.survey-FIGNuiTQvX3vPD09SNPRbg==/base.apk!/lib/arm64-v8a, permitted_path=/data:/mnt/expand:/data/user/0/com.negi.survey
10-01 18:41:16.885  9359  9359 V GraphicsEnvironment: Currently set values for:
10-01 18:41:16.885  9359  9359 V GraphicsEnvironment:   angle_gl_driver_selection_pkgs=[]
10-01 18:41:16.885  9359  9359 V GraphicsEnvironment:   angle_gl_driver_selection_values=[]
10-01 18:41:16.885  9359  9359 V GraphicsEnvironment: com.negi.survey is not listed in per-application setting
10-01 18:41:16.885  9359  9359 V GraphicsEnvironment: ANGLE allowlist from config: com.dreamgames.royalmatch com.dts.freefiremax com.dxx.firenow com.gramgames.mergedragons com.ludo.king com.mojang.minecraftpe com.my.defense com.nintendo.zaka com.os.airforce com.playrix.fishdomdd.gplay io.teslatech.callbreak jp.konami.prospia net.peakgames.toonblast
10-01 18:41:16.885  9359  9359 V GraphicsEnvironment: No special selections for ANGLE, returning default driver choice
10-01 18:41:16.885  9359  9359 V GraphicsEnvironment: Neither updatable production driver nor prerelease driver is supported.
10-01 18:41:16.924  9359  9359 D nativeloader: Load /data/app/~~fhXaCcUvp8Lq9OsjhtMl7g==/com.negi.survey-FIGNuiTQvX3vPD09SNPRbg==/base.apk!/lib/arm64-v8a/liblitertlm_jni.so using class loader ns clns-9 (caller=/data/app/~~fhXaCcUvp8Lq9OsjhtMl7g==/com.negi.survey-FIGNuiTQvX3vPD09SNPRbg==/base.apk!classes4.dex): ok
10-01 18:41:16.924  9359  9359 D SurveyApp: Loaded LiteRTLM JNI: litertlm_jni where=attachBaseContext
10-01 18:41:16.929  9359  9359 D AppRingLogStore: installed: dir=/data/user/0/com.negi.survey/files/diagnostics/applog_ring idx=0
10-01 18:41:16.930  9359  9381 D RuntimeLogStore: openWriter: start -> /data/user/0/com.negi.survey/files/diagnostics/runtime_logs/rtlog_20261001_234116_927_pid9359_seq1.log (bytes=0 format=LEGACY)
10-01 18:41:16.930  9359  9359 D CrashCapture: install: ensured default handler. where=SurveyApp:attachBaseContext pid=9359 default=com.negi.survey.CrashCapture$CrashHandler@13c3e11
10-01 18:41:16.931  9359  9381 D RuntimeLogStore: retention: start files=2 kept=2 totalBytes=1749
10-01 18:41:16.957  9359  9359 D SurveyApp: LiteRTLM JNI already loaded; skip. where=onCreate(retry)
10-01 18:41:16.959  9359  9359 D CrashCapture: install: ensured default handler. where=SurveyApp:onCreate(rewrap) pid=9359 default=com.negi.survey.CrashCapture$CrashHandler@13c3e11
10-01 18:41:16.959  9359  9359 D CrashCapture: registerSelfHealing: ActivityLifecycleCallbacks registered. mode=onResumedOnly
10-01 18:41:16.975  9359  9384 I UploadRescheduleRcvr: Survey recovery action=android.intent.action.BOOT_COMPLETED discovered=0 reconciled=0 duplicates=0 unclassified=0 operationalFailures=0 classifications={}
10-01 18:41:16.980  9359  9384 D UploadRescheduleRcvr: No generic GitHub pending files for action=android.intent.action.BOOT_COMPLETED
10-01 18:41:16.988  9359  9384 D github_upload: enqueueStartupRuntimeLogsUpload: uniqueName=upload_runtime_logs_startup policy=KEEP session=startup_runtime_20261001_234116_69204e00
10-01 18:41:16.999  9359  9384 D WM-PackageManagerHelper: Skipping component enablement for androidx.work.impl.background.systemjob.SystemJobService
10-01 18:41:16.999  9359  9384 D WM-Schedulers: Created SystemJobScheduler and enabled SystemJobService
10-01 18:41:17.000  9359  9399 D WM-ForceStopRunnable: Is default app process = true
10-01 18:41:17.001  9359  9399 D WM-ForceStopRunnable: Performing cleanup operations.
10-01 18:41:17.004  9359  9384 D UploadRescheduleRcvr: Enqueued runtime logs upload for action=android.intent.action.BOOT_COMPLETED reason=receiver_boot_completed
10-01 18:41:17.010  9359  9399 E ashmem  : Pinning is deprecated since Android Q. Please use trim or other methods.
10-01 18:41:17.025  9359  9399 D WM-SystemJobScheduler: Reconciling jobs
10-01 18:41:17.034  9359  9399 D WM-ForceStopRunnable: Found unfinished work, scheduling it.
10-01 18:41:17.060  9359  9406 D WM-SystemJobScheduler: Scheduling work ID 06ddabd3-666a-4462-9168-d9a3144feaefJob ID 23
10-01 18:41:17.062  9359  9406 D WM-GreedyScheduler: Starting tracking for 06ddabd3-666a-4462-9168-d9a3144feaef
10-01 18:41:17.074  9359  9406 D WM-WorkConstraintsTrack: NetworkRequestConstraintController register shared callback
10-01 18:41:17.076  9359  9406 D ConnectivityManager: StackLog: [android.net.ConnectivityManager.sendRequestForNetwork(ConnectivityManager.java:4738)] [android.net.ConnectivityManager.registerDefaultNetworkCallbackForUid(ConnectivityManager.java:5463)] [android.net.ConnectivityManager.registerDefaultNetworkCallback(ConnectivityManager.java:5430)] [android.net.ConnectivityManager.registerDefaultNetworkCallback(ConnectivityManager.java:5404)] [androidx.work.impl.constraints.SharedNetworkCallback.addCallback(WorkConstraintsTracker.kt:362)] [androidx.work.impl.constraints.NetworkRequestConstraintController$track$1.invokeSuspend(WorkConstraintsTracker.kt:179)] [androidx.work.impl.constraints.NetworkRequestConstraintController$track$1.invoke(Unknown Source:8)] [androidx.work.impl.constraints.NetworkRequestConstraintController$track$1.invoke(Unknown Source:4)] [kotlinx.coroutines.flow.ChannelFlowBuilder.collectTo$suspendImpl(Builders.kt:316)] [kotlinx.coroutines.flow.ChannelFlowBuilder.collectTo(Unknown Source:0)] [kotlinx.coroutines.flow.CallbackFlowBuilder.collectTo(Builders.kt:330)] [kotlinx.coroutines.flow.internal.ChannelFlow$collectToFun$1.invokeSuspend(ChannelFlow.kt:56)] [kotlin.coroutines.jvm.internal.BaseContinuationImpl.resumeWith(ContinuationImpl.kt:34)] [kotlinx.coroutines.DispatchedTask.run(DispatchedTask.kt:100)] [androidx.work.impl.utils.SerialExecutorImpl$Task.run(SerialExecutorImpl.java:96)] [java.util.concurrent.ThreadPoolExecutor.runWorker(ThreadPoolExecutor.java:1154)] [java.util.concurrent.ThreadPoolExecutor$Worker.run(ThreadPoolExecutor.java:652)] [java.lang.Thread.run(Thread.java:1563)]
10-01 18:41:17.081  9359  9406 D WM-PackageManagerHelper: androidx.work.impl.background.systemalarm.RescheduleReceiver enabled
10-01 18:41:18.082  9359  9399 D WM-WorkConstraintsTrack: NetworkRequestConstraintController didn't receive neither onCapabilitiesChanged/onLost callback, sending `ConstraintsNotMet` after 1000 ms
10-01 18:41:18.082  9359  9399 D WM-GreedyScheduler: Constraints not met: Cancelling work ID WorkGenerationalId(workSpecId=06ddabd3-666a-4462-9168-d9a3144feaef, generation=0)
10-01 18:41:19.465  9359  9359 D github_upload: enqueueStartupRuntimeLogsUpload: uniqueName=upload_runtime_logs_startup policy=KEEP session=startup_runtime_20261001_234119_18e5cf55
10-01 18:41:19.467  9359  9359 D github_upload: enqueueStartupRingLogsUpload: uniqueName=upload_ring_logs_startup policy=KEEP session=startup_ring_20261001_234119_3c1a59b8
10-01 18:41:19.471  9359 10224 D CrashCapture: enqueuePendingCrashUploadsIfPossible enter where=SurveyApp:enqueuePending(immediate):bg pid=9359 thread=CrashCapture-Enqueue
10-01 18:41:19.488  9359  9399 D WM-SystemJobScheduler: Scheduling work ID 8ce689bd-8e98-4255-a0e2-ac89f1a5c0a3Job ID 24
10-01 18:41:19.495  9359  9399 D WM-GreedyScheduler: Starting tracking for 8ce689bd-8e98-4255-a0e2-ac89f1a5c0a3,06ddabd3-666a-4462-9168-d9a3144feaef
