=== Previous Session Logcat ===
captured_time_utc=20260924_200918
captured_time_local=20260924_130918
marker=2026-09-24 12:48:12.870
preferred_prev_pid=-1
note=best-effort; buffers may be overwritten before next start
sdk=36
device=Google Pixel 9a
appId=com.negi.survey.local
versionName=0.0.1
versionCode=1

=== Logcat (since marker) ===
--------- beginning of main
09-24 13:09:15.021  3402  3402 I Zygote  : Process 3402 created for com.negi.survey.local
09-24 13:09:15.022  3402  3402 I gi.survey.local: Late-enabling -Xcheck:jni
09-24 13:09:15.107  3402  3402 I gi.survey.local: Using CollectorTypeCMC GC.
09-24 13:09:15.131  3402  3402 D nativeloader: Load libframework-connectivity-tiramisu-jni.so using APEX ns com_android_tethering for caller /apex/com.android.tethering/javalib/framework-connectivity-t.jar: ok
09-24 13:09:15.197  3402  3402 D ApplicationLoaders: Returning zygote-cached class loader: /system_ext/framework/androidx.window.extensions.jar
09-24 13:09:15.197  3402  3402 D ApplicationLoaders: Returning zygote-cached class loader: /system_ext/framework/androidx.window.sidecar.jar
09-24 13:09:15.866  3402  3402 D nativeloader: Configuring clns-9 for other apk /data/app/~~P_MdCMKrOSMMoM1ewa5poA==/com.negi.survey.local-C1ijAz53MvyN49k0E-eczw==/base.apk. target_sdk_version=36, uses_libraries=libOpenCL.so:libOpenCL-pixel.so, library_path=/data/app/~~P_MdCMKrOSMMoM1ewa5poA==/com.negi.survey.local-C1ijAz53MvyN49k0E-eczw==/lib/arm64:/data/app/~~P_MdCMKrOSMMoM1ewa5poA==/com.negi.survey.local-C1ijAz53MvyN49k0E-eczw==/base.apk!/lib/arm64-v8a, permitted_path=/data:/mnt/expand:/data/user/0/com.negi.survey.local
09-24 13:09:15.875  3402  3402 V GraphicsEnvironment: Currently set values for:
09-24 13:09:15.875  3402  3402 V GraphicsEnvironment:   angle_gl_driver_selection_pkgs=[com.android.angle]
09-24 13:09:15.875  3402  3402 V GraphicsEnvironment:   angle_gl_driver_selection_values=[angle]
09-24 13:09:15.875  3402  3402 V GraphicsEnvironment: com.negi.survey.local is not listed in per-application setting
09-24 13:09:15.875  3402  3402 V GraphicsEnvironment: No special selections for ANGLE, returning default driver choice
09-24 13:09:15.875  3402  3402 V GraphicsEnvironment: Neither updatable production driver nor prerelease driver is supported.
09-24 13:09:15.950  3402  3402 D nativeloader: Load /data/app/~~P_MdCMKrOSMMoM1ewa5poA==/com.negi.survey.local-C1ijAz53MvyN49k0E-eczw==/base.apk!/lib/arm64-v8a/liblitertlm_jni.so using class loader ns clns-9 (caller=/data/app/~~P_MdCMKrOSMMoM1ewa5poA==/com.negi.survey.local-C1ijAz53MvyN49k0E-eczw==/base.apk!classes10.dex): ok
09-24 13:09:15.950  3402  3402 D SurveyApp: Loaded LiteRTLM JNI: litertlm_jni where=attachBaseContext
09-24 13:09:15.983  3402  3402 D AppRingLogStore: installed: dir=/data/user/0/com.negi.survey.local/files/diagnostics/applog_ring idx=0
09-24 13:09:15.983  3402  3402 D SurveyApp: attachBaseContext: pid=3402 process=com.negi.survey.local isMain=true sdk=36
09-24 13:09:15.984  3402  3402 D SurveyApp: bootTiming: attachBaseContext total=77ms
09-24 13:09:15.984  3402  3402 D SurveyApp: Skipping WorkManager init in attachBaseContext; will init lazily on first enqueue.
09-24 13:09:15.990  3402  3402 D CrashCapture: install: ensured default handler. where=SurveyApp:attachBaseContext pid=3402 default=com.negi.survey.CrashCapture$CrashHandler@8a08768
09-24 13:09:15.990  3402  3402 D SurveyApp: CrashCapture installed: where=SurveyApp:attachBaseContext
09-24 13:09:16.000  3402  3402 E gi.survey.local: hiddenapi: Accessing hidden method Landroid/net/ssl/EchConfigMismatchException;->getRetryConfigList()Landroid/net/ssl/EchConfigList; (runtime_flags=0, domain=core-platform, api=blocked) from /data/app/~~P_MdCMKrOSMMoM1ewa5poA==/com.negi.survey.local-C1ijAz53MvyN49k0E-eczw==/base.apk!classes17.dex (domain=app, TargetSdkVersion=36) using linking: denied
09-24 13:09:16.000  3402  3402 E gi.survey.local: hiddenapi: Accessing hidden method Landroid/net/ssl/EchConfigList;->toBytes()[B (runtime_flags=0, domain=core-platform, api=blocked) from /data/app/~~P_MdCMKrOSMMoM1ewa5poA==/com.negi.survey.local-C1ijAz53MvyN49k0E-eczw==/base.apk!classes17.dex (domain=app, TargetSdkVersion=36) using linking: denied
09-24 13:09:16.001  3402  3402 E gi.survey.local: hiddenapi: Accessing hidden method Landroid/net/ssl/EchConfigList;->fromBytes([B)Landroid/net/ssl/EchConfigList; (runtime_flags=0, domain=core-platform, api=blocked) from /data/app/~~P_MdCMKrOSMMoM1ewa5poA==/com.negi.survey.local-C1ijAz53MvyN49k0E-eczw==/base.apk!classes17.dex (domain=app, TargetSdkVersion=36) using linking: denied
09-24 13:09:16.001  3402  3402 E gi.survey.local: hiddenapi: Accessing hidden method Landroid/net/ssl/SSLSockets;->setEchConfigList(Ljavax/net/ssl/SSLSocket;Landroid/net/ssl/EchConfigList;)V (runtime_flags=0, domain=core-platform, api=blocked) from /data/app/~~P_MdCMKrOSMMoM1ewa5poA==/com.negi.survey.local-C1ijAz53MvyN49k0E-eczw==/base.apk!classes17.dex (domain=app, TargetSdkVersion=36) using linking: denied
09-24 13:09:16.033  3402  3402 D SurveyApp: LiteRTLM JNI already loaded; skip. where=onCreate(retry)
09-24 13:09:16.034  3402  3402 D SurveyApp: bootTiming: RuntimeLogStore.start took=1ms
09-24 13:09:16.034  3402  3402 D SurveyApp: bootTiming: AppRingLogStore.install took=0ms
09-24 13:09:16.034  3402  3489 D RuntimeLogStore: openWriter: start -> /data/user/0/com.negi.survey.local/files/diagnostics/runtime_logs/rtlog_20260924_200915_996_pid3402_seq1.log (bytes=0 format=LEGACY)
09-24 13:09:16.034  3402  3402 D SurveyApp: onCreate: pid=3402 process=com.negi.survey.local isMain=true sdk=36
09-24 13:09:16.040  3402  3489 D RuntimeLogStore: retention: start files=2 kept=2 totalBytes=36935
09-24 13:09:16.043  3402  3402 D CrashCapture: install: ensured default handler. where=SurveyApp:onCreate(rewrap) pid=3402 default=com.negi.survey.CrashCapture$CrashHandler@8a08768
09-24 13:09:16.043  3402  3402 D SurveyApp: CrashCapture installed: where=SurveyApp:onCreate(rewrap)
09-24 13:09:16.044  3402  3402 D CrashCapture: registerSelfHealing: ActivityLifecycleCallbacks registered. mode=onResumedOnly
09-24 13:09:16.044  3402  3402 D SurveyApp: CrashCapture self-healing registered.
09-24 13:09:16.044  3402  3402 W SurveyApp: Startup enqueues deferred: delay=2500ms (to reduce init contention)
09-24 13:09:16.045  3402  3402 D SurveyApp: Startup survey recovery deferred: delay=2500ms
09-24 13:09:16.045  3402  3402 D SurveyApp: bootTiming: onCreate total=12ms
09-24 13:09:16.334  3402  3492 I UploadRescheduleRcvr: Survey recovery action=android.intent.action.MY_PACKAGE_REPLACED discovered=0 reconciled=0 duplicates=0 unclassified=0 operationalFailures=0 classifications={}
09-24 13:09:16.349  3402  3492 D UploadRescheduleRcvr: No generic GitHub pending files for action=android.intent.action.MY_PACKAGE_REPLACED
09-24 13:09:16.458  3402  3492 D github_upload: enqueueStartupRuntimeLogsUpload: uniqueName=upload_runtime_logs_startup policy=KEEP session=startup_runtime_20260924_200916_57b745be
09-24 13:09:16.580  3402  3492 D WM-PackageManagerHelper: Skipping component enablement for androidx.work.impl.background.systemjob.SystemJobService
09-24 13:09:16.580  3402  3492 D WM-Schedulers: Created SystemJobScheduler and enabled SystemJobService
09-24 13:09:16.590  3402  3505 D WM-ForceStopRunnable: Is default app process = true
09-24 13:09:16.592  3402  3505 D WM-ForceStopRunnable: Performing cleanup operations.
09-24 13:09:16.614  3402  3492 D UploadRescheduleRcvr: Enqueued runtime logs upload for action=android.intent.action.MY_PACKAGE_REPLACED reason=receiver_my_package_replaced
09-24 13:09:16.756  3402  3505 D WM-SystemJobScheduler: Reconciling jobs
09-24 13:09:16.818  3402  3505 D WM-ForceStopRunnable: Found unfinished work, scheduling it.
09-24 13:09:17.013  3402  3507 D WM-SystemJobScheduler: Scheduling work ID 7e6960d1-1f59-4291-a6a6-40f742eb4d9aJob ID 22
09-24 13:09:17.027  3402  3507 D WM-GreedyScheduler: Starting tracking for 7e6960d1-1f59-4291-a6a6-40f742eb4d9a
09-24 13:09:17.031  3402  3402 D WM-SystemJobService: onStartJob for WorkGenerationalId(workSpecId=7e6960d1-1f59-4291-a6a6-40f742eb4d9a, generation=0)
09-24 13:09:17.075  3402  3508 D WM-Processor: Processor: processing WorkGenerationalId(workSpecId=7e6960d1-1f59-4291-a6a6-40f742eb4d9a, generation=0)
09-24 13:09:17.125  3402  3402 D WM-WorkerWrapper: Starting work for com.negi.survey.net.GitHubUploadWorker
09-24 13:09:17.130  3402  3508 D WM-WorkConstraintsTrack: NetworkRequestConstraintController register shared callback
09-24 13:09:17.150  3402  3508 D WM-PackageManagerHelper: androidx.work.impl.background.systemalarm.RescheduleReceiver enabled
09-24 13:09:17.155  3402  3509 D WM-WorkConstraintsTrack: NetworkRequestConstraintController onCapabilitiesChanged callback
09-24 13:09:17.155  3402  3509 D WM-WorkConstraintsTrack: Not dispatching constraint state yet: isBlocked=null, capabilitiesInitialized=true
09-24 13:09:17.155  3402  3509 D WM-WorkConstraintsTrack: NetworkRequestConstraintController onBlockedStatusChanged callback false
09-24 13:09:17.161  3402  3505 D WM-GreedyScheduler: Constraints met: Scheduling work ID WorkGenerationalId(workSpecId=7e6960d1-1f59-4291-a6a6-40f742eb4d9a, generation=0)
09-24 13:09:17.182  3402  3505 D WM-Processor: Work WorkGenerationalId(workSpecId=7e6960d1-1f59-4291-a6a6-40f742eb4d9a, generation=0) is already enqueued for processing
09-24 13:09:17.193  3402  3505 I WM-Processor: Moving WorkSpec (7e6960d1-1f59-4291-a6a6-40f742eb4d9a) to the foreground
09-24 13:09:17.219  3402  3402 I WM-SystemFgDispatcher: Started foreground service Intent { act=ACTION_START_FOREGROUND xflg=0x4 cmp=com.negi.survey.local/androidx.work.impl.foreground.SystemForegroundService (has extras) }
09-24 13:09:17.220  3402  3402 D WM-SystemFgDispatcher: Notifying with (id:4611, workSpecId: 7e6960d1-1f59-4291-a6a6-40f742eb4d9a, notificationType :1)
09-24 13:09:17.222  3402  3505 D WM-WorkProgressUpdater: Updating progress for 7e6960d1-1f59-4291-a6a6-40f742eb4d9a (Data {pct : 3, mode : startup_runtime_logs})
09-24 13:09:17.223  3402  3402 D WM-SystemFgDispatcher: Notifying with (id:4611, workSpecId: 7e6960d1-1f59-4291-a6a6-40f742eb4d9a, notificationType :1)
09-24 13:09:17.244  3402  3505 I WM-Processor: Moving WorkSpec (7e6960d1-1f59-4291-a6a6-40f742eb4d9a) to the foreground
09-24 13:09:17.248  3402  3402 D WM-SystemFgDispatcher: Notifying with (id:4611, workSpecId: 7e6960d1-1f59-4291-a6a6-40f742eb4d9a, notificationType :1)
09-24 13:09:17.251  3402  3505 D WM-WorkConstraintsTrack: NetworkRequestConstraintController send initial capabilities
09-24 13:09:18.445  3402  3489 D RuntimeLogStore: openWriter: rotate:plain_snapshot:receiver_my_package_repl -> /data/user/0/com.negi.survey.local/files/diagnostics/runtime_logs/rtlog_20260924_200918_442_pid3402_seq2.log (bytes=0 format=LEGACY)
09-24 13:09:18.448  3402  3489 D RuntimeLogStore: retention: rotate:plain_snapshot:receiver_my_package_repl files=3 kept=3 totalBytes=38751
09-24 13:09:18.485  3402  3492 D github_upload: doRuntimeLogsUpload: remoteBaseDir=diagnostics/runtime_logs/2026-09-24/runtime_logs_startup_runtime_20260924_200916_57b745be_receiver_my_package_repl toUpload=2 bytes=38410 dedupe=true deleteSource=true deletedSourcePre=0 preview='runtime_log_20260924_200918_456_pid3402_receiver_my_package_repl__rtlog_20260924_200915_996_pid3402_seq1.log|runtime_log_20260924_200918_456_pid3402_receiver_my_package_repl__rtlog_20260924_194814_022_pid926_seq2.log'
09-24 13:09:18.496  3402  3492 D GitHubUploader: uploadStream: owner=ishizuki-tech repo=SurveyExports branch=main path=diagnostics/runtime_logs/2026-09-24/runtime_logs_startup_runtime_20260924_200916_57b745be_receiver_my_package_repl/runtime_log_20260924_200918_456_pid3402_receiver_my_package_repl__rtlog_20260924_200915_996_pid3402_seq1.log size=1797 maxRawBytesHint=1000000 maxRequestBytesHint=2800000
09-24 13:09:18.499  3402  3507 D WM-WorkProgressUpdater: Updating progress for 7e6960d1-1f59-4291-a6a6-40f742eb4d9a (Data {pct : 10, mode : startup_runtime_logs})
09-24 13:09:18.525  3402  3507 I WM-Processor: Moving WorkSpec (7e6960d1-1f59-4291-a6a6-40f742eb4d9a) to the foreground
09-24 13:09:18.532  3402  3402 D WM-SystemFgDispatcher: Notifying with (id:4611, workSpecId: 7e6960d1-1f59-4291-a6a6-40f742eb4d9a, notificationType :1)
09-24 13:09:18.544  3402  3402 W SurveyApp: Deferred startup enqueues begin...
09-24 13:09:18.547  3402  3402 D SurveyApp: WorkManager available. where=startupRtLogs(immediate) took=0ms
09-24 13:09:18.562  3402  3402 D SurveyApp: Startup runtime logs target -> owner=ishizuki-tech repo=SurveyExports branch=main base='/diagnostics/runtime_logs'
09-24 13:09:18.572  3402  3402 D github_upload: enqueueStartupRuntimeLogsUpload: uniqueName=upload_runtime_logs_startup policy=KEEP session=startup_runtime_20260924_200918_d728a9ea
09-24 13:09:18.573  3402  3402 D SurveyApp: Startup runtime logs: enqueue requested (immediate).
09-24 13:09:18.574  3402  3402 D SurveyApp: WorkManager available. where=startupRingLogs(immediate) took=0ms
09-24 13:09:18.584  3402  3402 D SurveyApp: Startup ring logs target -> owner=ishizuki-tech repo=SurveyExports branch=main base='/diagnostics/applog_ring'
09-24 13:09:18.588  3402  3402 D github_upload: enqueueStartupRingLogsUpload: uniqueName=upload_ring_logs_startup policy=KEEP session=startup_ring_20260924_200918_3aee5278
09-24 13:09:18.588  3402  3402 D SurveyApp: Startup ring logs: enqueue requested (immediate).
09-24 13:09:18.589  3402  3402 D SurveyApp: WorkManager available. where=enqueuePending(immediate) took=0ms
09-24 13:09:18.592  3402  3402 D SurveyApp: CrashCapture pending uploads requested (immediate).
09-24 13:09:18.592  3402  3402 W SurveyApp: Deferred startup enqueues done: took=48ms
09-24 13:09:18.593  3402  3519 D CrashCapture: enqueuePendingCrashUploadsIfPossible enter where=SurveyApp:enqueuePending(immediate):bg pid=3402 thread=CrashCapture-Enqueue
09-24 13:09:18.595  3402  3491 D SurveyApp: Survey recovery WorkManager available. where=startupSurveyUploads(initial) took=0ms
09-24 13:09:18.618  3402  3491 D SurveyApp: Startup survey recovery complete: discovered=0 attempted=0 submitted=0 active=0 trackerUnconfirmed=0 uploaded=0 deferred=0 invalid=0 operationalFailures=0 duplicates=0 unclassified=0
09-24 13:09:18.667  3402  3505 D WM-SystemJobScheduler: Scheduling work ID 931215d3-d3f0-4c44-b8ed-74822facea25Job ID 23
