=== Previous Session Logcat ===
captured_time_utc=20260924_221312
captured_time_local=20260924_151312
marker=2026-09-24 14:49:05.545
preferred_prev_pid=-1
note=best-effort; buffers may be overwritten before next start
sdk=36
device=Google Pixel 9a
appId=com.negi.survey.local
versionName=0.0.1
versionCode=1

=== Logcat (since marker) ===
--------- beginning of system
09-24 14:50:41.512  9669  9669 D InsetsController: show(ime())
09-24 14:50:41.515  9669  9669 D InsetsController: show(ime())
09-24 14:50:41.975  9669  9669 D InsetsController: hide(ime())
09-24 14:50:42.582  9669  9669 D VRI[Pop-Up Window]: updatePointerIcon called with position out of bounds
09-24 14:50:42.599  9669  9669 D VRI[Pop-Up Window]: updatePointerIcon called with position out of bounds
09-24 14:50:42.616  9669  9669 D VRI[Pop-Up Window]: updatePointerIcon called with position out of bounds
09-24 14:50:42.633  9669  9669 D VRI[Pop-Up Window]: updatePointerIcon called with position out of bounds
09-24 14:50:42.650  9669  9669 D VRI[Pop-Up Window]: updatePointerIcon called with position out of bounds
09-24 14:50:42.666  9669  9669 D VRI[Pop-Up Window]: updatePointerIcon called with position out of bounds
09-24 14:50:42.683  9669  9669 D VRI[Pop-Up Window]: updatePointerIcon called with position out of bounds
09-24 14:50:42.699  9669  9669 D VRI[Pop-Up Window]: updatePointerIcon called with position out of bounds
09-24 14:50:42.716  9669  9669 D VRI[Pop-Up Window]: updatePointerIcon called with position out of bounds
09-24 14:50:42.732  9669  9669 D VRI[Pop-Up Window]: updatePointerIcon called with position out of bounds
09-24 14:50:42.749  9669  9669 D VRI[Pop-Up Window]: updatePointerIcon called with position out of bounds
09-24 14:50:42.766  9669  9669 D VRI[Pop-Up Window]: updatePointerIcon called with position out of bounds
09-24 14:50:42.783  9669  9669 D VRI[Pop-Up Window]: updatePointerIcon called with position out of bounds
09-24 14:50:42.800  9669  9669 D VRI[Pop-Up Window]: updatePointerIcon called with position out of bounds
09-24 14:50:42.816  9669  9669 D VRI[Pop-Up Window]: updatePointerIcon called with position out of bounds
09-24 14:50:42.833  9669  9669 D VRI[Pop-Up Window]: updatePointerIcon called with position out of bounds
09-24 14:50:42.850  9669  9669 D VRI[Pop-Up Window]: updatePointerIcon called with position out of bounds
09-24 14:50:42.916  9669  9669 D VRI[Pop-Up Window]: updatePointerIcon called with position out of bounds
09-24 14:50:42.933  9669  9669 D VRI[Pop-Up Window]: updatePointerIcon called with position out of bounds
09-24 14:50:42.950  9669  9669 D VRI[Pop-Up Window]: updatePointerIcon called with position out of bounds
09-24 14:50:42.966  9669  9669 D VRI[Pop-Up Window]: updatePointerIcon called with position out of bounds
09-24 14:50:43.000  9669  9669 D VRI[Pop-Up Window]: updatePointerIcon called with position out of bounds
09-24 14:50:43.016  9669  9669 D VRI[Pop-Up Window]: updatePointerIcon called with position out of bounds
09-24 14:50:43.033  9669  9669 D VRI[Pop-Up Window]: updatePointerIcon called with position out of bounds
09-24 14:50:47.985  9669  9669 D InsetsController: hide(ime())
09-24 14:50:47.986  9669  9669 D InsetsController: Setting requestedVisibleTypes to 503 (was 511)
09-24 14:52:05.458  9669  9669 D InsetsController: show(ime())
09-24 14:52:05.459  9669  9669 D InsetsController: Setting requestedVisibleTypes to 511 (was 503)
09-24 14:52:05.476  9669  9669 D InsetsController: show(ime())
09-24 14:52:16.049  9669  9669 D InsetsController: hide(ime())
09-24 14:52:16.050  9669  9669 D InsetsController: Setting requestedVisibleTypes to 503 (was 511)
09-24 14:53:15.008  9669  9669 D InsetsController: hide(ime())
--------- beginning of main
09-24 15:08:54.813  9669  9675 I gi.survey.local: Background concurrent mark compact GC freed 25MB AllocSpace bytes, 0(0B) LOS objects, 75% free, 8586KB/33MB, paused 198us,2.340ms total 121.110ms
09-24 15:11:00.899  9669  9675 I gi.survey.local: Background young concurrent mark compact GC freed 25MB AllocSpace bytes, 0(0B) LOS objects, 75% free, 8538KB/33MB, paused 199us,5.533ms total 48.222ms
09-24 15:11:28.897  9669  9675 I gi.survey.local: Background young concurrent mark compact GC freed 25MB AllocSpace bytes, 0(0B) LOS objects, 74% free, 8570KB/33MB, paused 257us,6.895ms total 50.873ms
09-24 15:11:56.797  9669  9675 I gi.survey.local: Background young concurrent mark compact GC freed 24MB AllocSpace bytes, 0(0B) LOS objects, 74% free, 8534KB/33MB, paused 381us,5.287ms total 47.346ms
09-24 15:12:52.650  9669  9675 I gi.survey.local: Background young concurrent mark compact GC freed 24MB AllocSpace bytes, 0(0B) LOS objects, 74% free, 8566KB/33MB, paused 122us,9.183ms total 42.061ms
09-24 15:13:09.143 11987 11987 I Zygote  : Process 11987 created for com.negi.survey.local
09-24 15:13:09.143 11987 11987 I gi.survey.local: Late-enabling -Xcheck:jni
09-24 15:13:09.227 11987 11987 I gi.survey.local: Using CollectorTypeCMC GC.
09-24 15:13:09.285 11987 11987 D nativeloader: Load libframework-connectivity-tiramisu-jni.so using APEX ns com_android_tethering for caller /apex/com.android.tethering/javalib/framework-connectivity-t.jar: ok
09-24 15:13:09.367 11987 11987 D ApplicationLoaders: Returning zygote-cached class loader: /system_ext/framework/androidx.window.extensions.jar
09-24 15:13:09.368 11987 11987 D ApplicationLoaders: Returning zygote-cached class loader: /system_ext/framework/androidx.window.sidecar.jar
09-24 15:13:09.932 11987 11987 D nativeloader: Configuring clns-9 for other apk /data/app/~~7Bso-ZQZ6VTN7tQpQ4CXVA==/com.negi.survey.local-542lperIvRwowMjSvX6JOw==/base.apk. target_sdk_version=36, uses_libraries=libOpenCL.so:libOpenCL-pixel.so, library_path=/data/app/~~7Bso-ZQZ6VTN7tQpQ4CXVA==/com.negi.survey.local-542lperIvRwowMjSvX6JOw==/lib/arm64:/data/app/~~7Bso-ZQZ6VTN7tQpQ4CXVA==/com.negi.survey.local-542lperIvRwowMjSvX6JOw==/base.apk!/lib/arm64-v8a, permitted_path=/data:/mnt/expand:/data/user/0/com.negi.survey.local
09-24 15:13:09.945 11987 11987 V GraphicsEnvironment: Currently set values for:
09-24 15:13:09.945 11987 11987 V GraphicsEnvironment:   angle_gl_driver_selection_pkgs=[com.android.angle]
09-24 15:13:09.945 11987 11987 V GraphicsEnvironment:   angle_gl_driver_selection_values=[angle]
09-24 15:13:09.945 11987 11987 V GraphicsEnvironment: com.negi.survey.local is not listed in per-application setting
09-24 15:13:09.945 11987 11987 V GraphicsEnvironment: No special selections for ANGLE, returning default driver choice
09-24 15:13:09.945 11987 11987 V GraphicsEnvironment: Neither updatable production driver nor prerelease driver is supported.
09-24 15:13:09.996 11987 11987 D nativeloader: Load /data/app/~~7Bso-ZQZ6VTN7tQpQ4CXVA==/com.negi.survey.local-542lperIvRwowMjSvX6JOw==/base.apk!/lib/arm64-v8a/liblitertlm_jni.so using class loader ns clns-9 (caller=/data/app/~~7Bso-ZQZ6VTN7tQpQ4CXVA==/com.negi.survey.local-542lperIvRwowMjSvX6JOw==/base.apk!classes10.dex): ok
09-24 15:13:09.996 11987 11987 D SurveyApp: Loaded LiteRTLM JNI: litertlm_jni where=attachBaseContext
09-24 15:13:10.016 11987 11987 D AppRingLogStore: installed: dir=/data/user/0/com.negi.survey.local/files/diagnostics/applog_ring idx=0
09-24 15:13:10.016 11987 11987 D SurveyApp: attachBaseContext: pid=11987 process=com.negi.survey.local isMain=true sdk=36
09-24 15:13:10.017 11987 11987 D SurveyApp: bootTiming: attachBaseContext total=50ms
09-24 15:13:10.017 11987 11987 D SurveyApp: Skipping WorkManager init in attachBaseContext; will init lazily on first enqueue.
09-24 15:13:10.020 11987 11987 D CrashCapture: install: ensured default handler. where=SurveyApp:attachBaseContext pid=11987 default=com.negi.survey.CrashCapture$CrashHandler@8a08768
09-24 15:13:10.020 11987 11987 D SurveyApp: CrashCapture installed: where=SurveyApp:attachBaseContext
09-24 15:13:10.035 11987 11987 E gi.survey.local: hiddenapi: Accessing hidden method Landroid/net/ssl/EchConfigMismatchException;->getRetryConfigList()Landroid/net/ssl/EchConfigList; (runtime_flags=0, domain=core-platform, api=blocked) from /data/app/~~7Bso-ZQZ6VTN7tQpQ4CXVA==/com.negi.survey.local-542lperIvRwowMjSvX6JOw==/base.apk!classes17.dex (domain=app, TargetSdkVersion=36) using linking: denied
09-24 15:13:10.035 11987 11987 E gi.survey.local: hiddenapi: Accessing hidden method Landroid/net/ssl/EchConfigList;->toBytes()[B (runtime_flags=0, domain=core-platform, api=blocked) from /data/app/~~7Bso-ZQZ6VTN7tQpQ4CXVA==/com.negi.survey.local-542lperIvRwowMjSvX6JOw==/base.apk!classes17.dex (domain=app, TargetSdkVersion=36) using linking: denied
09-24 15:13:10.035 11987 11987 E gi.survey.local: hiddenapi: Accessing hidden method Landroid/net/ssl/EchConfigList;->fromBytes([B)Landroid/net/ssl/EchConfigList; (runtime_flags=0, domain=core-platform, api=blocked) from /data/app/~~7Bso-ZQZ6VTN7tQpQ4CXVA==/com.negi.survey.local-542lperIvRwowMjSvX6JOw==/base.apk!classes17.dex (domain=app, TargetSdkVersion=36) using linking: denied
09-24 15:13:10.035 11987 11987 E gi.survey.local: hiddenapi: Accessing hidden method Landroid/net/ssl/SSLSockets;->setEchConfigList(Ljavax/net/ssl/SSLSocket;Landroid/net/ssl/EchConfigList;)V (runtime_flags=0, domain=core-platform, api=blocked) from /data/app/~~7Bso-ZQZ6VTN7tQpQ4CXVA==/com.negi.survey.local-542lperIvRwowMjSvX6JOw==/base.apk!classes17.dex (domain=app, TargetSdkVersion=36) using linking: denied
09-24 15:13:10.043 11987 11987 D SurveyApp: LiteRTLM JNI already loaded; skip. where=onCreate(retry)
09-24 15:13:10.043 11987 11987 D SurveyApp: bootTiming: RuntimeLogStore.start took=0ms
09-24 15:13:10.043 11987 11987 D SurveyApp: bootTiming: AppRingLogStore.install took=0ms
09-24 15:13:10.043 11987 11987 D SurveyApp: onCreate: pid=11987 process=com.negi.survey.local isMain=true sdk=36
09-24 15:13:10.049 11987 12049 D RuntimeLogStore: openWriter: start -> /data/user/0/com.negi.survey.local/files/diagnostics/runtime_logs/rtlog_20260924_221310_008_pid11987_seq1.log (bytes=0 format=LEGACY)
09-24 15:13:10.050 11987 11987 D CrashCapture: install: ensured default handler. where=SurveyApp:onCreate(rewrap) pid=11987 default=com.negi.survey.CrashCapture$CrashHandler@8a08768
09-24 15:13:10.050 11987 11987 D SurveyApp: CrashCapture installed: where=SurveyApp:onCreate(rewrap)
09-24 15:13:10.050 11987 11987 D CrashCapture: registerSelfHealing: ActivityLifecycleCallbacks registered. mode=onResumedOnly
09-24 15:13:10.050 11987 11987 D SurveyApp: CrashCapture self-healing registered.
09-24 15:13:10.051 11987 11987 W SurveyApp: Startup enqueues deferred: delay=2500ms (to reduce init contention)
09-24 15:13:10.051 11987 11987 D SurveyApp: Startup survey recovery deferred: delay=2500ms
09-24 15:13:10.051 11987 11987 D SurveyApp: bootTiming: onCreate total=10ms
09-24 15:13:10.054 11987 12049 D RuntimeLogStore: retention: start files=2 kept=2 totalBytes=52660
09-24 15:13:10.100 11987 12051 I UploadRescheduleRcvr: Survey recovery action=android.intent.action.MY_PACKAGE_REPLACED discovered=0 reconciled=0 duplicates=0 unclassified=0 operationalFailures=0 classifications={}
09-24 15:13:10.103 11987 12051 D UploadRescheduleRcvr: No generic GitHub pending files for action=android.intent.action.MY_PACKAGE_REPLACED
09-24 15:13:10.154 11987 12051 D github_upload: enqueueStartupRuntimeLogsUpload: uniqueName=upload_runtime_logs_startup policy=KEEP session=startup_runtime_20260924_221310_b7b35244
09-24 15:13:10.246 11987 12051 D WM-PackageManagerHelper: Skipping component enablement for androidx.work.impl.background.systemjob.SystemJobService
09-24 15:13:10.247 11987 12051 D WM-Schedulers: Created SystemJobScheduler and enabled SystemJobService
09-24 15:13:10.255 11987 12056 D WM-ForceStopRunnable: Is default app process = true
09-24 15:13:10.257 11987 12056 D WM-ForceStopRunnable: Performing cleanup operations.
09-24 15:13:10.277 11987 12051 D UploadRescheduleRcvr: Enqueued runtime logs upload for action=android.intent.action.MY_PACKAGE_REPLACED reason=receiver_my_package_replaced
09-24 15:13:10.422 11987 12056 D WM-SystemJobScheduler: Reconciling jobs
09-24 15:13:10.474 11987 12056 D WM-ForceStopRunnable: Found unfinished work, scheduling it.
09-24 15:13:10.609 11987 12058 D WM-SystemJobScheduler: Scheduling work ID 10894901-f8a7-40a2-a08a-01f568f7bec9Job ID 85
09-24 15:13:10.625 11987 12058 D WM-GreedyScheduler: Starting tracking for 10894901-f8a7-40a2-a08a-01f568f7bec9
09-24 15:13:10.633 11987 11987 D WM-SystemJobService: onStartJob for WorkGenerationalId(workSpecId=10894901-f8a7-40a2-a08a-01f568f7bec9, generation=0)
09-24 15:13:10.682 11987 12059 D WM-Processor: Processor: processing WorkGenerationalId(workSpecId=10894901-f8a7-40a2-a08a-01f568f7bec9, generation=0)
09-24 15:13:10.745 11987 11987 D WM-WorkerWrapper: Starting work for com.negi.survey.net.GitHubUploadWorker
09-24 15:13:10.750 11987 12059 D WM-WorkConstraintsTrack: NetworkRequestConstraintController register shared callback
09-24 15:13:10.770 11987 12059 D WM-PackageManagerHelper: androidx.work.impl.background.systemalarm.RescheduleReceiver enabled
09-24 15:13:10.774 11987 12060 D WM-WorkConstraintsTrack: NetworkRequestConstraintController onCapabilitiesChanged callback
09-24 15:13:10.774 11987 12060 D WM-WorkConstraintsTrack: Not dispatching constraint state yet: isBlocked=null, capabilitiesInitialized=true
09-24 15:13:10.774 11987 12060 D WM-WorkConstraintsTrack: NetworkRequestConstraintController onBlockedStatusChanged callback false
09-24 15:13:10.778 11987 12059 I WM-Processor: Moving WorkSpec (10894901-f8a7-40a2-a08a-01f568f7bec9) to the foreground
09-24 15:13:10.801 11987 11987 I WM-SystemFgDispatcher: Started foreground service Intent { act=ACTION_START_FOREGROUND xflg=0x4 cmp=com.negi.survey.local/androidx.work.impl.foreground.SystemForegroundService (has extras) }
09-24 15:13:10.802 11987 11987 D WM-SystemFgDispatcher: Notifying with (id:6407, workSpecId: 10894901-f8a7-40a2-a08a-01f568f7bec9, notificationType :1)
09-24 15:13:10.804 11987 12059 D WM-GreedyScheduler: Constraints met: Scheduling work ID WorkGenerationalId(workSpecId=10894901-f8a7-40a2-a08a-01f568f7bec9, generation=0)
09-24 15:13:10.807 11987 12059 D WM-WorkProgressUpdater: Updating progress for 10894901-f8a7-40a2-a08a-01f568f7bec9 (Data {pct : 3, mode : startup_runtime_logs})
09-24 15:13:10.809 11987 11987 D WM-SystemFgDispatcher: Notifying with (id:6407, workSpecId: 10894901-f8a7-40a2-a08a-01f568f7bec9, notificationType :1)
09-24 15:13:10.830 11987 12059 I WM-Processor: Moving WorkSpec (10894901-f8a7-40a2-a08a-01f568f7bec9) to the foreground
09-24 15:13:10.834 11987 11987 D WM-SystemFgDispatcher: Notifying with (id:6407, workSpecId: 10894901-f8a7-40a2-a08a-01f568f7bec9, notificationType :1)
09-24 15:13:10.838 11987 12059 D WM-Processor: Work WorkGenerationalId(workSpecId=10894901-f8a7-40a2-a08a-01f568f7bec9, generation=0) is already enqueued for processing
09-24 15:13:10.842 11987 12059 D WM-WorkConstraintsTrack: NetworkRequestConstraintController send initial capabilities
09-24 15:13:12.030 11987 12049 D RuntimeLogStore: openWriter: rotate:plain_snapshot:receiver_my_package_repl -> /data/user/0/com.negi.survey.local/files/diagnostics/runtime_logs/rtlog_20260924_221312_022_pid11987_seq2.log (bytes=0 format=LEGACY)
09-24 15:13:12.033 11987 12049 D RuntimeLogStore: retention: rotate:plain_snapshot:receiver_my_package_repl files=3 kept=3 totalBytes=54479
09-24 15:13:12.078 11987 12053 D github_upload: doRuntimeLogsUpload: remoteBaseDir=diagnostics/runtime_logs/2026-09-24/runtime_logs_startup_runtime_20260924_221310_b7b35244_receiver_my_package_repl toUpload=2 bytes=54137 dedupe=true deleteSource=true deletedSourcePre=0 preview='runtime_log_20260924_221312_042_pid11987_receiver_my_package_repl__rtlog_20260924_221310_008_pid11987_seq1.log|runtime_log_20260924_221312_042_pid11987_receiver_my_package_repl__rtlog_20260924_214906_667_pid9669_seq2.log'
09-24 15:13:12.089 11987 12053 D GitHubUploader: uploadStream: owner=ishizuki-tech repo=SurveyExports branch=main path=diagnostics/runtime_logs/2026-09-24/runtime_logs_startup_runtime_20260924_221310_b7b35244_receiver_my_package_repl/runtime_log_20260924_221312_042_pid11987_receiver_my_package_repl__rtlog_20260924_221310_008_pid11987_seq1.log size=1800 maxRawBytesHint=1000000 maxRequestBytesHint=2800000
09-24 15:13:12.091 11987 12059 D WM-WorkProgressUpdater: Updating progress for 10894901-f8a7-40a2-a08a-01f568f7bec9 (Data {pct : 10, mode : startup_runtime_logs})
09-24 15:13:12.111 11987 12059 I WM-Processor: Moving WorkSpec (10894901-f8a7-40a2-a08a-01f568f7bec9) to the foreground
09-24 15:13:12.116 11987 11987 D WM-SystemFgDispatcher: Notifying with (id:6407, workSpecId: 10894901-f8a7-40a2-a08a-01f568f7bec9, notificationType :1)
09-24 15:13:12.552 11987 11987 W SurveyApp: Deferred startup enqueues begin...
09-24 15:13:12.557 11987 11987 D SurveyApp: WorkManager available. where=startupRtLogs(immediate) took=0ms
09-24 15:13:12.568 11987 11987 D SurveyApp: Startup runtime logs target -> owner=ishizuki-tech repo=SurveyExports branch=main base='/diagnostics/runtime_logs'
09-24 15:13:12.576 11987 11987 D github_upload: enqueueStartupRuntimeLogsUpload: uniqueName=upload_runtime_logs_startup policy=KEEP session=startup_runtime_20260924_221312_2d4d9639
09-24 15:13:12.577 11987 11987 D SurveyApp: Startup runtime logs: enqueue requested (immediate).
09-24 15:13:12.578 11987 11987 D SurveyApp: WorkManager available. where=startupRingLogs(immediate) took=0ms
09-24 15:13:12.586 11987 11987 D SurveyApp: Startup ring logs target -> owner=ishizuki-tech repo=SurveyExports branch=main base='/diagnostics/applog_ring'
09-24 15:13:12.591 11987 11987 D github_upload: enqueueStartupRingLogsUpload: uniqueName=upload_ring_logs_startup policy=KEEP session=startup_ring_20260924_221312_30091f51
09-24 15:13:12.591 11987 11987 D SurveyApp: Startup ring logs: enqueue requested (immediate).
09-24 15:13:12.592 11987 11987 D SurveyApp: WorkManager available. where=enqueuePending(immediate) took=0ms
09-24 15:13:12.594 11987 11987 D SurveyApp: CrashCapture pending uploads requested (immediate).
09-24 15:13:12.595 11987 11987 W SurveyApp: Deferred startup enqueues done: took=43ms
09-24 15:13:12.596 11987 12068 D CrashCapture: enqueuePendingCrashUploadsIfPossible enter where=SurveyApp:enqueuePending(immediate):bg pid=11987 thread=CrashCapture-Enqueue
09-24 15:13:12.598 11987 12051 D SurveyApp: Survey recovery WorkManager available. where=startupSurveyUploads(initial) took=0ms
09-24 15:13:12.612 11987 12051 D SurveyApp: Startup survey recovery complete: discovered=0 attempted=0 submitted=0 active=0 trackerUnconfirmed=0 uploaded=0 deferred=0 invalid=0 operationalFailures=0 duplicates=0 unclassified=0
09-24 15:13:12.687 11987 12056 D WM-SystemJobScheduler: Scheduling work ID 2ceef421-0525-438b-9967-cac6fe90b272Job ID 86
09-24 15:13:12.695 11987 11987 D WM-SystemJobService: onStartJob for WorkGenerationalId(workSpecId=2ceef421-0525-438b-9967-cac6fe90b272, generation=0)
09-24 15:13:12.696 11987 12056 D WM-GreedyScheduler: Starting tracking for 2ceef421-0525-438b-9967-cac6fe90b272
09-24 15:13:12.701 11987 12056 D WM-WorkProgressUpdater: Updating progress for 10894901-f8a7-40a2-a08a-01f568f7bec9 (Data {pct : 14, mode : startup_runtime_logs})
