=== Previous Session Logcat ===
captured_time_utc=20260924_201650
captured_time_local=20260924_131650
marker=2026-09-24 13:09:18.768
preferred_prev_pid=-1
note=best-effort; buffers may be overwritten before next start
sdk=36
device=Google Pixel 9a
appId=com.negi.survey.local
versionName=0.0.1
versionCode=1

=== Logcat (since marker) ===
--------- beginning of system
09-24 13:09:19.580  3402  3402 W NotificationManager: Shedding notify (update) of NotificationKey[user=UserHandle{0}, pkg=com.negi.survey.local, tag=null, id=6949], rate limit (5.0) exceeded: input 9.241738, output would be 6.4781976
09-24 13:09:21.118  3402  3562 I DisplayManager: Choreographer implicitly registered for the refresh rate.
09-24 13:09:21.437  3402  3402 W NotificationManager: Shedding notify (update) of NotificationKey[user=UserHandle{0}, pkg=com.negi.survey.local, tag=null, id=9258], rate limit (5.0) exceeded: input 11.388092, output would be 5.7607517
09-24 13:09:21.460  3402  3402 D InsetsController: hide(ime())
09-24 13:09:24.579  3402  3402 W NotificationManager: Shedding notify (update) of NotificationKey[user=UserHandle{0}, pkg=com.negi.survey.local, tag=null, id=6240], rate limit (5.0) exceeded: input 8.683304, output would be 5.6170325
09-24 13:09:26.006  3402  3402 W NotificationManager: Shedding notify (update) of NotificationKey[user=UserHandle{0}, pkg=com.negi.survey.local, tag=null, id=6949], rate limit (5.0) exceeded: input 9.443025, output would be 5.753448
09-24 13:10:28.606  3402  3402 D InsetsController: hide(ime())
09-24 13:10:30.438  3402  3402 D VRI[MainActivity]: updatePointerIcon called with position out of bounds
09-24 13:10:30.444  3402  3402 D VRI[MainActivity]: updatePointerIcon called with position out of bounds
09-24 13:10:30.461  3402  3402 D VRI[MainActivity]: updatePointerIcon called with position out of bounds
09-24 13:10:30.478  3402  3402 D VRI[MainActivity]: updatePointerIcon called with position out of bounds
09-24 13:10:30.495  3402  3402 D VRI[MainActivity]: updatePointerIcon called with position out of bounds
09-24 13:10:30.511  3402  3402 D VRI[MainActivity]: updatePointerIcon called with position out of bounds
09-24 13:10:30.528  3402  3402 D VRI[MainActivity]: updatePointerIcon called with position out of bounds
09-24 13:10:30.545  3402  3402 D VRI[MainActivity]: updatePointerIcon called with position out of bounds
09-24 13:10:30.562  3402  3402 D VRI[MainActivity]: updatePointerIcon called with position out of bounds
09-24 13:10:30.579  3402  3402 D VRI[MainActivity]: updatePointerIcon called with position out of bounds
09-24 13:10:30.595  3402  3402 D VRI[MainActivity]: updatePointerIcon called with position out of bounds
09-24 13:10:30.612  3402  3402 D VRI[MainActivity]: updatePointerIcon called with position out of bounds
09-24 13:10:30.628  3402  3402 D VRI[MainActivity]: updatePointerIcon called with position out of bounds
09-24 13:10:30.645  3402  3402 D VRI[MainActivity]: updatePointerIcon called with position out of bounds
09-24 13:10:30.663  3402  3402 D VRI[MainActivity]: updatePointerIcon called with position out of bounds
09-24 13:10:30.679  3402  3402 D VRI[MainActivity]: updatePointerIcon called with position out of bounds
09-24 13:10:30.695  3402  3402 D VRI[MainActivity]: updatePointerIcon called with position out of bounds
09-24 13:10:31.424  3402  3402 D InsetsController: hide(ime())
09-24 13:10:48.327  3402  3402 D InsetsController: show(ime())
09-24 13:10:48.327  3402  3402 D InsetsController: Setting requestedVisibleTypes to 511 (was 503)
09-24 13:10:48.348  3402  3402 D InsetsController: show(ime())
09-24 13:11:42.932  3402  3402 D InsetsController: show(ime())
09-24 13:11:42.944  3402  3402 D InsetsController: show(ime())
09-24 13:11:49.076  3402  3402 D InsetsController: hide(ime())
09-24 13:11:49.077  3402  3402 D InsetsController: Setting requestedVisibleTypes to 503 (was 511)
09-24 13:12:13.893  3402  3402 D InsetsController: show(ime())
09-24 13:12:13.893  3402  3402 D InsetsController: Setting requestedVisibleTypes to 511 (was 503)
09-24 13:12:13.915  3402  3402 D InsetsController: show(ime())
09-24 13:12:19.379  3402  3402 D InsetsController: hide(ime())
09-24 13:12:19.380  3402  3402 D InsetsController: Setting requestedVisibleTypes to 503 (was 511)
--------- beginning of main
09-24 13:15:49.281  3402  3402 D SurveyVM: push -> Q9, navSize=10, stackSize=10
09-24 13:15:49.288  3402  3402 D SurveyVM: hasTwoStepPrompt[Q9] -> true (eval=190, fu=215)
09-24 13:15:49.309  3402  3402 D WhisperSpeechController: updateContext: surveyId=5bcfeb31-60f3-429b-8449-5844a87823b3, questionId=Q9
09-24 13:15:49.318  3402  3402 D WhisperSpeechController: updateContext: surveyId=5bcfeb31-60f3-429b-8449-5844a87823b3, questionId=Q9
09-24 13:15:49.353  3402  3402 D InsetsController: show(ime())
09-24 13:15:49.353  3402  3402 I ImeTracker: com.negi.survey.local:82aa5384: onRequestShow at ORIGIN_CLIENT reason SHOW_SOFT_INPUT_BY_INSETS_API fromUser false userId 0 displayId 0
09-24 13:15:49.353  3402  3402 D InsetsController: Setting requestedVisibleTypes to 511 (was 503)
09-24 13:15:49.360  3402  3402 I ImeTracker: com.negi.survey.local:dd8d12b: onRequestShow at ORIGIN_CLIENT reason SHOW_SOFT_INPUT fromUser false userId 0 displayId 0
09-24 13:15:49.360  3402  3402 D InsetsController: show(ime())
09-24 13:15:49.361  3402  3402 I ImeTracker: com.negi.survey.local:dd8d12b: onCancelled at PHASE_CLIENT_REPORT_REQUESTED_VISIBLE_TYPES
09-24 13:15:49.392  3402  3402 D WindowOnBackDispatcher: setTopOnBackInvokedCallback (unwrapped): android.view.ImeBackAnimationController@ab1fd61
09-24 13:15:49.434  3402  3402 D VRI[MainActivity]: WindowInsets changed: ime:[0,0,0,1043] 
09-24 13:15:49.780  3402  3402 I ImeTracker: com.negi.survey.local:82aa5384: onShown
09-24 13:15:55.314  3402  3402 D SurveyVM: backToPrevious -> Q8 (runActive=true, uiLen=0, runLen=0, draftLen=0)
09-24 13:15:55.328  3402  3402 D SurveyVM: hasTwoStepPrompt[Q8] -> true (eval=248, fu=273)
09-24 13:15:55.344  3402  3402 D WhisperSpeechController: updateContext: surveyId=5bcfeb31-60f3-429b-8449-5844a87823b3, questionId=Q8
09-24 13:15:55.349  3402  3402 D WhisperSpeechController: updateContext: surveyId=5bcfeb31-60f3-429b-8449-5844a87823b3, questionId=Q8
09-24 13:15:55.389  3402  3402 D InsetsController: hide(ime())
09-24 13:15:55.389  3402  3402 I ImeTracker: com.negi.survey.local:87362086: onRequestHide at ORIGIN_CLIENT reason HIDE_SOFT_INPUT_BY_INSETS_API fromUser false userId 0 displayId 0
09-24 13:15:55.389  3402  3402 D WindowOnBackDispatcher: setTopOnBackInvokedCallback (unwrapped): androidx.navigationevent.OnBackInvokedInput$createOnBackAnimationCallback$1@f023145
09-24 13:15:55.389  3402  3402 D InsetsController: Setting requestedVisibleTypes to 503 (was 511)
09-24 13:15:55.399  3402  3402 D VRI[MainActivity]: WindowInsets changed: ime:null 
09-24 13:15:55.434  3402  3402 I ImeTracker: system_server:6678d0a6: onCancelled at PHASE_CLIENT_ON_CONTROLS_CHANGED
09-24 13:15:55.468  3402  3402 I ImeTracker: system_server:31a27e82: onCancelled at PHASE_CLIENT_ON_CONTROLS_CHANGED
09-24 13:15:56.684  3402  3402 D SurveyVM: backToPrevious -> Q7 (runActive=true, uiLen=0, runLen=0, draftLen=0)
09-24 13:15:56.696  3402  3402 D SurveyVM: hasTwoStepPrompt[Q7] -> false (eval=0, fu=0)
09-24 13:15:56.712  3402  3402 D WhisperSpeechController: updateContext: surveyId=5bcfeb31-60f3-429b-8449-5844a87823b3, questionId=Q7
09-24 13:15:56.715  3402  3402 D WhisperSpeechController: updateContext: surveyId=5bcfeb31-60f3-429b-8449-5844a87823b3, questionId=Q7
09-24 13:15:56.750  3402  3402 D InsetsController: show(ime())
09-24 13:15:56.750  3402  3402 I ImeTracker: com.negi.survey.local:93f729ed: onRequestShow at ORIGIN_CLIENT reason SHOW_SOFT_INPUT_BY_INSETS_API fromUser false userId 0 displayId 0
09-24 13:15:56.750  3402  3402 D InsetsController: Setting requestedVisibleTypes to 511 (was 503)
09-24 13:15:56.768  3402  3402 I ImeTracker: com.negi.survey.local:514dfe82: onRequestShow at ORIGIN_CLIENT reason SHOW_SOFT_INPUT fromUser false userId 0 displayId 0
09-24 13:15:56.768  3402  3402 D InsetsController: show(ime())
09-24 13:15:56.768  3402  3402 I ImeTracker: com.negi.survey.local:514dfe82: onCancelled at PHASE_CLIENT_REPORT_REQUESTED_VISIBLE_TYPES
09-24 13:15:56.800  3402  3402 D WindowOnBackDispatcher: setTopOnBackInvokedCallback (unwrapped): android.view.ImeBackAnimationController@ab1fd61
09-24 13:15:56.845  3402  3402 D VRI[MainActivity]: WindowInsets changed: ime:[0,0,0,1043] 
09-24 13:15:57.161  3402  3402 I ImeTracker: com.negi.survey.local:93f729ed: onShown
09-24 13:15:57.439  3402  3402 D InsetsController: hide(ime())
09-24 13:15:57.439  3402  3402 I ImeTracker: com.negi.survey.local:57cecaa6: onRequestHide at ORIGIN_CLIENT reason HIDE_SOFT_INPUT_BY_INSETS_API fromUser false userId 0 displayId 0
09-24 13:15:57.439  3402  3402 D WindowOnBackDispatcher: setTopOnBackInvokedCallback (unwrapped): androidx.navigationevent.OnBackInvokedInput$createOnBackAnimationCallback$1@f023145
09-24 13:15:57.439  3402  3402 D InsetsController: Setting requestedVisibleTypes to 503 (was 511)
09-24 13:15:57.449  3402  3402 D VRI[MainActivity]: WindowInsets changed: ime:null 
09-24 13:15:57.461  3402  3402 I ImeTracker: system_server:cafa99a3: onCancelled at PHASE_CLIENT_ON_CONTROLS_CHANGED
09-24 13:15:57.533  3402  3402 I ImeTracker: system_server:5cdea612: onCancelled at PHASE_CLIENT_ON_CONTROLS_CHANGED
09-24 13:15:59.786  3402  3402 D SurveyVM: push -> Q8, navSize=9, stackSize=9
09-24 13:15:59.807  3402  3402 D WhisperSpeechController: updateContext: surveyId=5bcfeb31-60f3-429b-8449-5844a87823b3, questionId=Q8
09-24 13:15:59.814  3402  3402 D SurveyVM: hasTwoStepPrompt[Q8] -> true (eval=248, fu=273)
09-24 13:15:59.844  3402  3402 D WhisperSpeechController: updateContext: surveyId=5bcfeb31-60f3-429b-8449-5844a87823b3, questionId=Q8
09-24 13:16:08.432  3402  3402 D VRI[MainActivity]: visibilityChanged oldVisibility=true newVisibility=false
09-24 13:16:08.453  3402  3402 I AutofillManager: onInvisibleForAutofill(): expiringResponse
09-24 13:16:34.356  3402  3402 D CrashCapture: install: ensured default handler. where=selfHeal:onActivityResumed pid=3402 default=com.negi.survey.CrashCapture$CrashHandler@8a08768
09-24 13:16:34.459  3402  3402 D InsetsController: hide(ime())
09-24 13:16:34.459  3402  3402 I ImeTracker: com.negi.survey.local:70f8efb5: onCancelled at PHASE_CLIENT_ALREADY_HIDDEN
09-24 13:16:40.416  3402  3402 I AutofillManager: onInvisibleForAutofill(): expiringResponse
09-24 13:16:40.598  3402  3402 D WindowOnBackDispatcher: setTopOnBackInvokedCallback (unwrapped): android.app.Activity$$ExternalSyntheticLambda0@9b2a1a9
09-24 13:16:40.601  3402  3402 D WhisperSpeechController: stopRecording: not recording, ignoring
09-24 13:16:40.618  3402  3402 D HeavyInitializer: cancel: no active initialization
09-24 13:16:40.619  3402  3402 I AiViewModel: onCleared: ViewModel is being cleared -> stopCurrentRunInternal()
09-24 13:16:40.632  3402  3541 D WhisperEngine: Detach called. Keeping native context alive for key=null
09-24 13:16:40.633  3402  3402 D WindowOnBackDispatcher: setTopOnBackInvokedCallback (unwrapped): null
09-24 13:16:40.641  3402  3890 I TextToSpeech: Disconnected from TTS engine
09-24 13:16:40.648  3402  3402 D ViewRootImpl: Skipping stats log for color mode
09-24 13:16:47.404  4434  4434 I Zygote  : Process 4434 created for com.negi.survey.local
09-24 13:16:47.404  4434  4434 I gi.survey.local: Late-enabling -Xcheck:jni
09-24 13:16:47.436  4434  4434 I gi.survey.local: Using CollectorTypeCMC GC.
09-24 13:16:47.444  4434  4434 D nativeloader: Load libframework-connectivity-tiramisu-jni.so using APEX ns com_android_tethering for caller /apex/com.android.tethering/javalib/framework-connectivity-t.jar: ok
09-24 13:16:47.464  4434  4434 D ApplicationLoaders: Returning zygote-cached class loader: /system_ext/framework/androidx.window.extensions.jar
09-24 13:16:47.464  4434  4434 D ApplicationLoaders: Returning zygote-cached class loader: /system_ext/framework/androidx.window.sidecar.jar
09-24 13:16:47.881  4434  4434 D nativeloader: Configuring clns-9 for other apk /data/app/~~P_MdCMKrOSMMoM1ewa5poA==/com.negi.survey.local-C1ijAz53MvyN49k0E-eczw==/base.apk. target_sdk_version=36, uses_libraries=libOpenCL.so:libOpenCL-pixel.so, library_path=/data/app/~~P_MdCMKrOSMMoM1ewa5poA==/com.negi.survey.local-C1ijAz53MvyN49k0E-eczw==/lib/arm64:/data/app/~~P_MdCMKrOSMMoM1ewa5poA==/com.negi.survey.local-C1ijAz53MvyN49k0E-eczw==/base.apk!/lib/arm64-v8a, permitted_path=/data:/mnt/expand:/data/user/0/com.negi.survey.local
09-24 13:16:47.887  4434  4434 V GraphicsEnvironment: Currently set values for:
09-24 13:16:47.887  4434  4434 V GraphicsEnvironment:   angle_gl_driver_selection_pkgs=[com.android.angle]
09-24 13:16:47.887  4434  4434 V GraphicsEnvironment:   angle_gl_driver_selection_values=[angle]
09-24 13:16:47.887  4434  4434 V GraphicsEnvironment: com.negi.survey.local is not listed in per-application setting
09-24 13:16:47.887  4434  4434 V GraphicsEnvironment: No special selections for ANGLE, returning default driver choice
09-24 13:16:47.887  4434  4434 V GraphicsEnvironment: Neither updatable production driver nor prerelease driver is supported.
09-24 13:16:47.927  4434  4434 D nativeloader: Load /data/app/~~P_MdCMKrOSMMoM1ewa5poA==/com.negi.survey.local-C1ijAz53MvyN49k0E-eczw==/base.apk!/lib/arm64-v8a/liblitertlm_jni.so using class loader ns clns-9 (caller=/data/app/~~P_MdCMKrOSMMoM1ewa5poA==/com.negi.survey.local-C1ijAz53MvyN49k0E-eczw==/base.apk!classes10.dex): ok
09-24 13:16:47.927  4434  4434 D SurveyApp: Loaded LiteRTLM JNI: litertlm_jni where=attachBaseContext
09-24 13:16:47.937  4434  4434 D AppRingLogStore: installed: dir=/data/user/0/com.negi.survey.local/files/diagnostics/applog_ring idx=0
09-24 13:16:47.937  4434  4434 D SurveyApp: attachBaseContext: pid=4434 process=com.negi.survey.local isMain=true sdk=36
09-24 13:16:47.938  4434  4434 D SurveyApp: bootTiming: attachBaseContext total=40ms
09-24 13:16:47.938  4434  4434 D SurveyApp: Skipping WorkManager init in attachBaseContext; will init lazily on first enqueue.
09-24 13:16:47.939  4434  4434 D CrashCapture: install: ensured default handler. where=SurveyApp:attachBaseContext pid=4434 default=com.negi.survey.CrashCapture$CrashHandler@8a08768
09-24 13:16:47.939  4434  4434 D SurveyApp: CrashCapture installed: where=SurveyApp:attachBaseContext
09-24 13:16:47.946  4434  4449 D RuntimeLogStore: openWriter: start -> /data/user/0/com.negi.survey.local/files/diagnostics/runtime_logs/rtlog_20260924_201647_934_pid4434_seq1.log (bytes=0 format=LEGACY)
09-24 13:16:47.947  4434  4434 E gi.survey.local: hiddenapi: Accessing hidden method Landroid/net/ssl/EchConfigMismatchException;->getRetryConfigList()Landroid/net/ssl/EchConfigList; (runtime_flags=0, domain=core-platform, api=blocked) from /data/app/~~P_MdCMKrOSMMoM1ewa5poA==/com.negi.survey.local-C1ijAz53MvyN49k0E-eczw==/base.apk!classes17.dex (domain=app, TargetSdkVersion=36) using linking: denied
09-24 13:16:47.947  4434  4434 E gi.survey.local: hiddenapi: Accessing hidden method Landroid/net/ssl/EchConfigList;->toBytes()[B (runtime_flags=0, domain=core-platform, api=blocked) from /data/app/~~P_MdCMKrOSMMoM1ewa5poA==/com.negi.survey.local-C1ijAz53MvyN49k0E-eczw==/base.apk!classes17.dex (domain=app, TargetSdkVersion=36) using linking: denied
09-24 13:16:47.947  4434  4434 E gi.survey.local: hiddenapi: Accessing hidden method Landroid/net/ssl/EchConfigList;->fromBytes([B)Landroid/net/ssl/EchConfigList; (runtime_flags=0, domain=core-platform, api=blocked) from /data/app/~~P_MdCMKrOSMMoM1ewa5poA==/com.negi.survey.local-C1ijAz53MvyN49k0E-eczw==/base.apk!classes17.dex (domain=app, TargetSdkVersion=36) using linking: denied
09-24 13:16:47.947  4434  4434 E gi.survey.local: hiddenapi: Accessing hidden method Landroid/net/ssl/SSLSockets;->setEchConfigList(Ljavax/net/ssl/SSLSocket;Landroid/net/ssl/EchConfigList;)V (runtime_flags=0, domain=core-platform, api=blocked) from /data/app/~~P_MdCMKrOSMMoM1ewa5poA==/com.negi.survey.local-C1ijAz53MvyN49k0E-eczw==/base.apk!classes17.dex (domain=app, TargetSdkVersion=36) using linking: denied
09-24 13:16:47.947  4434  4449 D RuntimeLogStore: retention: start files=2 kept=2 totalBytes=44123
09-24 13:16:47.951  4434  4434 D SurveyApp: LiteRTLM JNI already loaded; skip. where=onCreate(retry)
09-24 13:16:47.951  4434  4434 D SurveyApp: bootTiming: RuntimeLogStore.start took=0ms
09-24 13:16:47.951  4434  4434 D SurveyApp: bootTiming: AppRingLogStore.install took=0ms
09-24 13:16:47.951  4434  4434 D SurveyApp: onCreate: pid=4434 process=com.negi.survey.local isMain=true sdk=36
09-24 13:16:47.955  4434  4434 D CrashCapture: install: ensured default handler. where=SurveyApp:onCreate(rewrap) pid=4434 default=com.negi.survey.CrashCapture$CrashHandler@8a08768
09-24 13:16:47.955  4434  4434 D SurveyApp: CrashCapture installed: where=SurveyApp:onCreate(rewrap)
09-24 13:16:47.955  4434  4434 D CrashCapture: registerSelfHealing: ActivityLifecycleCallbacks registered. mode=onResumedOnly
09-24 13:16:47.955  4434  4434 D SurveyApp: CrashCapture self-healing registered.
09-24 13:16:47.956  4434  4434 W SurveyApp: Startup enqueues deferred: delay=2500ms (to reduce init contention)
09-24 13:16:47.956  4434  4434 D SurveyApp: Startup survey recovery deferred: delay=2500ms
09-24 13:16:47.956  4434  4434 D SurveyApp: bootTiming: onCreate total=5ms
09-24 13:16:47.959  4434  4451 I DisplayManager: Choreographer implicitly registered for the refresh rate.
09-24 13:16:47.961  4434  4451 D vulkan  : searching for layers in '/data/app/~~P_MdCMKrOSMMoM1ewa5poA==/com.negi.survey.local-C1ijAz53MvyN49k0E-eczw==/lib/arm64'
09-24 13:16:47.961  4434  4451 D vulkan  : searching for layers in '/data/app/~~P_MdCMKrOSMMoM1ewa5poA==/com.negi.survey.local-C1ijAz53MvyN49k0E-eczw==/base.apk!/lib/arm64-v8a'
09-24 13:16:47.965  4434  4434 D DesktopExperienceFlags: Toggle override initialized to: false
09-24 13:16:47.974  4434  4434 D CompatChangeReporter: Compat change id reported: 377864165; UID 14912; state: ENABLED
09-24 13:16:47.974  4434  4434 D DesktopModeFlags: Toggle override initialized to: OVERRIDE_UNSET
09-24 13:16:47.989  4434  4434 I ContentCaptureHelper: Setting logging level to OFF
09-24 13:16:47.990  4434  4434 D CrashCapture: install: ensured default handler. where=selfHeal:onActivityResumed pid=4434 default=com.negi.survey.CrashCapture$CrashHandler@8a08768
09-24 13:16:48.010  4434  4434 D WindowOnBackDispatcher: setTopOnBackInvokedCallback (unwrapped): android.app.Activity$$ExternalSyntheticLambda0@53f7117
09-24 13:16:48.107  4434  4434 D WM-PackageManagerHelper: Skipping component enablement for androidx.work.impl.background.systemjob.SystemJobService
09-24 13:16:48.107  4434  4434 D WM-Schedulers: Created SystemJobScheduler and enabled SystemJobService
09-24 13:16:48.108  4434  4466 D WM-ForceStopRunnable: Is default app process = true
09-24 13:16:48.109  4434  4466 D WM-ForceStopRunnable: Performing cleanup operations.
09-24 13:16:48.122  4434  4466 D WM-SystemJobScheduler: Reconciling jobs
09-24 13:16:48.129  4434  4466 D WM-ForceStopRunnable: Application was force-stopped, rescheduling.
09-24 13:16:48.140  4434  4468 I gi.survey.local: hiddenapi: Accessing hidden method Landroid/database/sqlite/SQLiteDatabase;->getThreadSession()Landroid/database/sqlite/SQLiteSession; (runtime_flags=0, domain=platform, api=unsupported) from Landroidx/sqlite/db/framework/FrameworkSQLiteDatabase; (domain=app, TargetSdkVersion=36) using reflection: allowed
09-24 13:16:48.140  4434  4468 I gi.survey.local: hiddenapi: Accessing hidden method Landroid/database/sqlite/SQLiteSession;->beginTransaction(ILandroid/database/sqlite/SQLiteTransactionListener;ILandroid/os/CancellationSignal;)V (runtime_flags=0, domain=platform, api=unsupported) from Landroidx/sqlite/db/framework/FrameworkSQLiteDatabase; (domain=app, TargetSdkVersion=36) using reflection: allowed
09-24 13:16:48.150  4434  4469 D WM-PackageManagerHelper: Skipping component enablement for androidx.work.impl.background.systemalarm.RescheduleReceiver
09-24 13:16:48.172  4434  4434 D VRI[MainActivity]: WindowInsets changed: 1080x2424 statusBars:[0,152,0,0] navigationBars:[0,0,0,69] mandatorySystemGestures:[0,187,0,92] 
09-24 13:16:48.183  4434  4434 I HWUI    : Using FreeType backend (prop=Auto)
09-24 13:16:48.241  4434  4434 I gi.survey.local: hiddenapi: Accessing hidden method Landroid/os/SystemProperties;->addChangeCallback(Ljava/lang/Runnable;)V (runtime_flags=0, domain=platform, api=unsupported) from Landroidx/compose/ui/platform/AndroidComposeView$Companion; (domain=app, TargetSdkVersion=36) using reflection: allowed
09-24 13:16:48.269  4434  4434 D InsetsController: hide(ime())
09-24 13:16:48.269  4434  4434 I ImeTracker: com.negi.survey.local:4f06f1de: onCancelled at PHASE_CLIENT_ALREADY_HIDDEN
09-24 13:16:48.326  4434  4439 I gi.survey.local: Compiler allocated 5038KB to compile void android.view.ViewRootImpl.performTraversals()
09-24 13:16:48.468  4434  4434 D IntroScreen: Resolved config details: id=survey_config10.yaml in 224ms
09-24 13:16:50.456  4434  4434 W SurveyApp: Deferred startup enqueues begin...
09-24 13:16:50.457  4434  4434 D SurveyApp: WorkManager available. where=startupRtLogs(immediate) took=0ms
09-24 13:16:50.461  4434  4434 D SurveyApp: Startup runtime logs target -> owner=ishizuki-tech repo=SurveyExports branch=main base='/diagnostics/runtime_logs'
09-24 13:16:50.469  4434  4434 D github_upload: enqueueStartupRuntimeLogsUpload: uniqueName=upload_runtime_logs_startup policy=KEEP session=startup_runtime_20260924_201650_219143ad
09-24 13:16:50.471  4434  4434 D SurveyApp: Startup runtime logs: enqueue requested (immediate).
09-24 13:16:50.472  4434  4434 D SurveyApp: WorkManager available. where=startupRingLogs(immediate) took=0ms
09-24 13:16:50.473  4434  4434 D SurveyApp: Startup ring logs target -> owner=ishizuki-tech repo=SurveyExports branch=main base='/diagnostics/applog_ring'
09-24 13:16:50.474  4434  4434 D github_upload: enqueueStartupRingLogsUpload: uniqueName=upload_ring_logs_startup policy=KEEP session=startup_ring_20260924_201650_90d683ed
09-24 13:16:50.474  4434  4434 D SurveyApp: Startup ring logs: enqueue requested (immediate).
09-24 13:16:50.474  4434  4434 D SurveyApp: WorkManager available. where=enqueuePending(immediate) took=0ms
09-24 13:16:50.474  4434  4434 D SurveyApp: CrashCapture pending uploads requested (immediate).
09-24 13:16:50.474  4434  4434 W SurveyApp: Deferred startup enqueues done: took=18ms
09-24 13:16:50.474  4434  4478 D CrashCapture: enqueuePendingCrashUploadsIfPossible enter where=SurveyApp:enqueuePending(immediate):bg pid=4434 thread=CrashCapture-Enqueue
09-24 13:16:50.475  4434  4463 D SurveyApp: Survey recovery WorkManager available. where=startupSurveyUploads(initial) took=0ms
09-24 13:16:50.479  4434  4463 D SurveyApp: Startup survey recovery complete: discovered=0 attempted=0 submitted=0 active=0 trackerUnconfirmed=0 uploaded=0 deferred=0 invalid=0 operationalFailures=0 duplicates=0 unclassified=0
09-24 13:16:50.499  4434  4468 D WM-SystemJobScheduler: Scheduling work ID 6bcb7bae-e58f-4d48-a174-ebe84078bc83Job ID 30
09-24 13:16:50.505  4434  4468 D WM-GreedyScheduler: Starting tracking for 6bcb7bae-e58f-4d48-a174-ebe84078bc83
09-24 13:16:50.508  4434  4434 D WM-SystemJobService: onStartJob for WorkGenerationalId(workSpecId=6bcb7bae-e58f-4d48-a174-ebe84078bc83, generation=0)
09-24 13:16:50.520  4434  4468 D WM-SystemJobScheduler: Scheduling work ID fc6ceae8-650e-4ef0-8840-1b8dadb0bd41Job ID 31
09-24 13:16:50.523  4434  4468 D WM-GreedyScheduler: Starting tracking for fc6ceae8-650e-4ef0-8840-1b8dadb0bd41,6bcb7bae-e58f-4d48-a174-ebe84078bc83
09-24 13:16:50.523  4434  4434 D WM-SystemJobService: onStartJob for WorkGenerationalId(workSpecId=fc6ceae8-650e-4ef0-8840-1b8dadb0bd41, generation=0)
09-24 13:16:50.530  4434  4468 D WM-Processor: Processor: processing WorkGenerationalId(workSpecId=6bcb7bae-e58f-4d48-a174-ebe84078bc83, generation=0)
