=== Previous Session Logcat ===
captured_time_utc=20260924_231118
captured_time_local=20260924_161118
marker=2026-09-24 15:39:39.173
preferred_prev_pid=-1
note=best-effort; buffers may be overwritten before next start
sdk=36
device=Google Pixel 9a
appId=com.negi.survey.local
versionName=0.0.1
versionCode=1

=== Logcat (since marker) ===
--------- beginning of system
09-24 15:41:29.169 14963 15130 I DisplayManager: Choreographer implicitly registered for the refresh rate.
09-24 15:41:29.609 14963 14963 D InsetsController: hide(ime())
09-24 15:41:42.542 14963 14963 D InsetsController: hide(ime())
09-24 15:41:42.989 14963 14963 D VRI[MainActivity]: updatePointerIcon called with position out of bounds
09-24 15:41:43.007 14963 14963 D VRI[MainActivity]: updatePointerIcon called with position out of bounds
09-24 15:41:43.024 14963 14963 D VRI[MainActivity]: updatePointerIcon called with position out of bounds
09-24 15:41:43.041 14963 14963 D VRI[MainActivity]: updatePointerIcon called with position out of bounds
09-24 15:41:43.058 14963 14963 D VRI[MainActivity]: updatePointerIcon called with position out of bounds
09-24 15:41:43.074 14963 14963 D VRI[MainActivity]: updatePointerIcon called with position out of bounds
09-24 15:41:43.090 14963 14963 D VRI[MainActivity]: updatePointerIcon called with position out of bounds
09-24 15:41:43.107 14963 14963 D VRI[MainActivity]: updatePointerIcon called with position out of bounds
09-24 15:41:43.124 14963 14963 D VRI[MainActivity]: updatePointerIcon called with position out of bounds
09-24 15:41:43.140 14963 14963 D VRI[MainActivity]: updatePointerIcon called with position out of bounds
09-24 15:41:43.157 14963 14963 D VRI[MainActivity]: updatePointerIcon called with position out of bounds
09-24 15:41:43.174 14963 14963 D VRI[MainActivity]: updatePointerIcon called with position out of bounds
09-24 15:41:43.191 14963 14963 D VRI[MainActivity]: updatePointerIcon called with position out of bounds
09-24 15:41:43.208 14963 14963 D VRI[MainActivity]: updatePointerIcon called with position out of bounds
09-24 15:41:43.224 14963 14963 D VRI[MainActivity]: updatePointerIcon called with position out of bounds
09-24 15:41:43.241 14963 14963 D VRI[MainActivity]: updatePointerIcon called with position out of bounds
09-24 15:41:43.257 14963 14963 D VRI[MainActivity]: updatePointerIcon called with position out of bounds
09-24 15:41:43.274 14963 14963 D VRI[MainActivity]: updatePointerIcon called with position out of bounds
09-24 15:41:43.291 14963 14963 D VRI[MainActivity]: updatePointerIcon called with position out of bounds
09-24 15:41:43.307 14963 14963 D VRI[MainActivity]: updatePointerIcon called with position out of bounds
09-24 15:41:43.324 14963 14963 D VRI[MainActivity]: updatePointerIcon called with position out of bounds
09-24 15:41:43.341 14963 14963 D VRI[MainActivity]: updatePointerIcon called with position out of bounds
09-24 15:41:43.358 14963 14963 D VRI[MainActivity]: updatePointerIcon called with position out of bounds
09-24 15:41:43.374 14963 14963 D VRI[MainActivity]: updatePointerIcon called with position out of bounds
09-24 15:41:44.036 14963 14963 D InsetsController: hide(ime())
09-24 15:43:05.012 14963 14963 D InsetsController: show(ime())
09-24 15:43:05.013 14963 14963 D InsetsController: Setting requestedVisibleTypes to 511 (was 503)
09-24 15:43:05.053 14963 14963 D InsetsController: show(ime())
09-24 15:43:08.820 14963 14963 D InsetsController: show(ime())
09-24 15:43:08.821 14963 14963 D InsetsController: show(ime())
09-24 15:43:09.344 14963 14963 D InsetsController: show(ime())
09-24 15:43:09.351 14963 14963 D InsetsController: show(ime())
09-24 15:43:09.898 14963 14963 D InsetsController: show(ime())
09-24 15:43:09.898 14963 14963 D InsetsController: show(ime())
09-24 15:43:10.416 14963 14963 D InsetsController: show(ime())
09-24 15:43:10.416 14963 14963 D InsetsController: show(ime())
09-24 15:43:10.932 14963 14963 D InsetsController: show(ime())
09-24 15:43:10.932 14963 14963 D InsetsController: show(ime())
09-24 15:43:11.515 14963 14963 D InsetsController: show(ime())
09-24 15:43:11.516 14963 14963 D InsetsController: show(ime())
09-24 15:43:12.148 14963 14963 D InsetsController: show(ime())
09-24 15:43:12.149 14963 14963 D InsetsController: show(ime())
09-24 15:43:13.294 14963 14963 D InsetsController: show(ime())
09-24 15:43:13.296 14963 14963 D InsetsController: show(ime())
09-24 15:43:18.793 14963 14963 D InsetsController: show(ime())
09-24 15:43:18.794 14963 14963 D InsetsController: show(ime())
09-24 15:43:22.198 14963 14963 D InsetsController: hide(ime())
09-24 15:43:22.199 14963 14963 D InsetsController: Setting requestedVisibleTypes to 503 (was 511)
09-24 15:43:43.666 14963 14963 D InsetsController: show(ime())
09-24 15:43:43.666 14963 14963 D InsetsController: Setting requestedVisibleTypes to 511 (was 503)
09-24 15:43:43.692 14963 14963 D InsetsController: show(ime())
09-24 15:43:45.194 14963 14963 D InsetsController: hide(ime())
09-24 15:43:45.496 14963 14963 D VRI[Pop-Up Window]: updatePointerIcon called with position out of bounds
09-24 15:43:45.513 14963 14963 D VRI[Pop-Up Window]: updatePointerIcon called with position out of bounds
09-24 15:43:45.529 14963 14963 D VRI[Pop-Up Window]: updatePointerIcon called with position out of bounds
09-24 15:43:45.546 14963 14963 D VRI[Pop-Up Window]: updatePointerIcon called with position out of bounds
09-24 15:43:45.562 14963 14963 D VRI[Pop-Up Window]: updatePointerIcon called with position out of bounds
09-24 15:43:45.579 14963 14963 D VRI[Pop-Up Window]: updatePointerIcon called with position out of bounds
09-24 15:43:45.596 14963 14963 D VRI[Pop-Up Window]: updatePointerIcon called with position out of bounds
09-24 15:43:45.612 14963 14963 D VRI[Pop-Up Window]: updatePointerIcon called with position out of bounds
09-24 15:43:45.629 14963 14963 D VRI[Pop-Up Window]: updatePointerIcon called with position out of bounds
09-24 15:43:45.713 14963 14963 D VRI[Pop-Up Window]: updatePointerIcon called with position out of bounds
09-24 15:43:45.729 14963 14963 D VRI[Pop-Up Window]: updatePointerIcon called with position out of bounds
09-24 15:43:45.747 14963 14963 D VRI[Pop-Up Window]: updatePointerIcon called with position out of bounds
09-24 15:43:45.762 14963 14963 D VRI[Pop-Up Window]: updatePointerIcon called with position out of bounds
09-24 15:43:45.780 14963 14963 D VRI[Pop-Up Window]: updatePointerIcon called with position out of bounds
09-24 15:43:45.796 14963 14963 D VRI[Pop-Up Window]: updatePointerIcon called with position out of bounds
09-24 15:43:45.812 14963 14963 D VRI[Pop-Up Window]: updatePointerIcon called with position out of bounds
09-24 15:43:45.829 14963 14963 D VRI[Pop-Up Window]: updatePointerIcon called with position out of bounds
09-24 15:43:45.846 14963 14963 D VRI[Pop-Up Window]: updatePointerIcon called with position out of bounds
09-24 15:43:45.862 14963 14963 D VRI[Pop-Up Window]: updatePointerIcon called with position out of bounds
09-24 15:43:45.879 14963 14963 D VRI[Pop-Up Window]: updatePointerIcon called with position out of bounds
09-24 15:43:45.896 14963 14963 D VRI[Pop-Up Window]: updatePointerIcon called with position out of bounds
09-24 15:43:45.912 14963 14963 D VRI[Pop-Up Window]: updatePointerIcon called with position out of bounds
09-24 15:43:45.929 14963 14963 D VRI[Pop-Up Window]: updatePointerIcon called with position out of bounds
09-24 15:43:45.946 14963 14963 D VRI[Pop-Up Window]: updatePointerIcon called with position out of bounds
09-24 15:43:45.962 14963 14963 D VRI[Pop-Up Window]: updatePointerIcon called with position out of bounds
09-24 15:43:45.979 14963 14963 D VRI[Pop-Up Window]: updatePointerIcon called with position out of bounds
09-24 15:43:45.996 14963 14963 D VRI[Pop-Up Window]: updatePointerIcon called with position out of bounds
09-24 15:43:46.013 14963 14963 D VRI[Pop-Up Window]: updatePointerIcon called with position out of bounds
09-24 15:43:46.030 14963 14963 D VRI[Pop-Up Window]: updatePointerIcon called with position out of bounds
09-24 15:43:46.046 14963 14963 D VRI[Pop-Up Window]: updatePointerIcon called with position out of bounds
09-24 15:43:46.063 14963 14963 D VRI[Pop-Up Window]: updatePointerIcon called with position out of bounds
09-24 15:43:46.079 14963 14963 D VRI[Pop-Up Window]: updatePointerIcon called with position out of bounds
09-24 15:43:46.096 14963 14963 D VRI[Pop-Up Window]: updatePointerIcon called with position out of bounds
09-24 15:43:46.113 14963 14963 D VRI[Pop-Up Window]: updatePointerIcon called with position out of bounds
09-24 15:43:46.129 14963 14963 D VRI[Pop-Up Window]: updatePointerIcon called with position out of bounds
09-24 15:43:46.146 14963 14963 D VRI[Pop-Up Window]: updatePointerIcon called with position out of bounds
09-24 15:43:46.163 14963 14963 D VRI[Pop-Up Window]: updatePointerIcon called with position out of bounds
09-24 15:43:46.179 14963 14963 D VRI[Pop-Up Window]: updatePointerIcon called with position out of bounds
09-24 15:43:46.196 14963 14963 D VRI[Pop-Up Window]: updatePointerIcon called with position out of bounds
09-24 15:43:46.213 14963 14963 D VRI[Pop-Up Window]: updatePointerIcon called with position out of bounds
09-24 15:43:46.230 14963 14963 D VRI[Pop-Up Window]: updatePointerIcon called with position out of bounds
09-24 15:43:46.246 14963 14963 D VRI[Pop-Up Window]: updatePointerIcon called with position out of bounds
09-24 15:43:46.263 14963 14963 D VRI[Pop-Up Window]: updatePointerIcon called with position out of bounds
09-24 15:43:46.280 14963 14963 D VRI[Pop-Up Window]: updatePointerIcon called with position out of bounds
09-24 15:43:46.296 14963 14963 D VRI[Pop-Up Window]: updatePointerIcon called with position out of bounds
09-24 15:43:46.313 14963 14963 D VRI[Pop-Up Window]: updatePointerIcon called with position out of bounds
09-24 15:43:46.331 14963 14963 D VRI[Pop-Up Window]: updatePointerIcon called with position out of bounds
09-24 15:43:46.346 14963 14963 D VRI[Pop-Up Window]: updatePointerIcon called with position out of bounds
09-24 15:44:02.392 14963 14963 D InsetsController: hide(ime())
09-24 15:44:02.393 14963 14963 D InsetsController: Setting requestedVisibleTypes to 503 (was 511)
09-24 15:44:18.620 14963 14963 D InsetsController: hide(ime())
09-24 15:44:20.190 14963 14963 D InsetsController: hide(ime())
09-24 15:44:22.072 14963 14963 D InsetsController: hide(ime())
--------- beginning of main
09-24 16:08:08.863 14963 14972 I gi.survey.local: Background concurrent mark compact GC freed 25MB AllocSpace bytes, 0(0B) LOS objects, 75% free, 8614KB/33MB, paused 124us,1.979ms total 112.827ms
09-24 16:08:51.074 14963 14972 I gi.survey.local: Background young concurrent mark compact GC freed 25MB AllocSpace bytes, 0(0B) LOS objects, 75% free, 8594KB/33MB, paused 208us,5.515ms total 42.935ms
09-24 16:10:15.488 14963 14972 I gi.survey.local: Background young concurrent mark compact GC freed 25MB AllocSpace bytes, 0(0B) LOS objects, 75% free, 8594KB/33MB, paused 209us,5.179ms total 45.913ms
09-24 16:10:43.673 14963 14972 I gi.survey.local: Background young concurrent mark compact GC freed 25MB AllocSpace bytes, 0(0B) LOS objects, 75% free, 8598KB/33MB, paused 278us,5.128ms total 39.948ms
09-24 16:11:14.857 18389 18389 I Zygote  : Process 18389 created for com.negi.survey.local
09-24 16:11:14.857 18389 18389 I gi.survey.local: Late-enabling -Xcheck:jni
09-24 16:11:14.946 18389 18389 I gi.survey.local: Using CollectorTypeCMC GC.
09-24 16:11:14.966 18389 18389 D nativeloader: Load libframework-connectivity-tiramisu-jni.so using APEX ns com_android_tethering for caller /apex/com.android.tethering/javalib/framework-connectivity-t.jar: ok
09-24 16:11:15.050 18389 18389 D ApplicationLoaders: Returning zygote-cached class loader: /system_ext/framework/androidx.window.extensions.jar
09-24 16:11:15.050 18389 18389 D ApplicationLoaders: Returning zygote-cached class loader: /system_ext/framework/androidx.window.sidecar.jar
09-24 16:11:15.744 18389 18389 D nativeloader: Configuring clns-9 for other apk /data/app/~~RoBeBDqU7zeH0CIy_cD4ug==/com.negi.survey.local-0d01biMDz2pcwZ4b4rM1NQ==/base.apk. target_sdk_version=36, uses_libraries=libOpenCL.so:libOpenCL-pixel.so, library_path=/data/app/~~RoBeBDqU7zeH0CIy_cD4ug==/com.negi.survey.local-0d01biMDz2pcwZ4b4rM1NQ==/lib/arm64:/data/app/~~RoBeBDqU7zeH0CIy_cD4ug==/com.negi.survey.local-0d01biMDz2pcwZ4b4rM1NQ==/base.apk!/lib/arm64-v8a, permitted_path=/data:/mnt/expand:/data/user/0/com.negi.survey.local
09-24 16:11:15.766 18389 18389 V GraphicsEnvironment: Currently set values for:
09-24 16:11:15.766 18389 18389 V GraphicsEnvironment:   angle_gl_driver_selection_pkgs=[com.android.angle]
09-24 16:11:15.766 18389 18389 V GraphicsEnvironment:   angle_gl_driver_selection_values=[angle]
09-24 16:11:15.766 18389 18389 V GraphicsEnvironment: com.negi.survey.local is not listed in per-application setting
09-24 16:11:15.766 18389 18389 V GraphicsEnvironment: No special selections for ANGLE, returning default driver choice
09-24 16:11:15.766 18389 18389 V GraphicsEnvironment: Neither updatable production driver nor prerelease driver is supported.
09-24 16:11:15.839 18389 18389 D nativeloader: Load /data/app/~~RoBeBDqU7zeH0CIy_cD4ug==/com.negi.survey.local-0d01biMDz2pcwZ4b4rM1NQ==/base.apk!/lib/arm64-v8a/liblitertlm_jni.so using class loader ns clns-9 (caller=/data/app/~~RoBeBDqU7zeH0CIy_cD4ug==/com.negi.survey.local-0d01biMDz2pcwZ4b4rM1NQ==/base.apk!classes10.dex): ok
09-24 16:11:15.840 18389 18389 D SurveyApp: Loaded LiteRTLM JNI: litertlm_jni where=attachBaseContext
09-24 16:11:15.862 18389 18389 D AppRingLogStore: installed: dir=/data/user/0/com.negi.survey.local/files/diagnostics/applog_ring idx=0
09-24 16:11:15.862 18389 18389 D SurveyApp: attachBaseContext: pid=18389 process=com.negi.survey.local isMain=true sdk=36
09-24 16:11:15.863 18389 18389 D SurveyApp: bootTiming: attachBaseContext total=58ms
09-24 16:11:15.863 18389 18389 D SurveyApp: Skipping WorkManager init in attachBaseContext; will init lazily on first enqueue.
09-24 16:11:15.866 18389 18389 D CrashCapture: install: ensured default handler. where=SurveyApp:attachBaseContext pid=18389 default=com.negi.survey.CrashCapture$CrashHandler@80b8781
09-24 16:11:15.866 18389 18389 D SurveyApp: CrashCapture installed: where=SurveyApp:attachBaseContext
09-24 16:11:15.884 18389 18389 E gi.survey.local: hiddenapi: Accessing hidden method Landroid/net/ssl/EchConfigMismatchException;->getRetryConfigList()Landroid/net/ssl/EchConfigList; (runtime_flags=0, domain=core-platform, api=blocked) from /data/app/~~RoBeBDqU7zeH0CIy_cD4ug==/com.negi.survey.local-0d01biMDz2pcwZ4b4rM1NQ==/base.apk!classes17.dex (domain=app, TargetSdkVersion=36) using linking: denied
09-24 16:11:15.885 18389 18389 E gi.survey.local: hiddenapi: Accessing hidden method Landroid/net/ssl/EchConfigList;->toBytes()[B (runtime_flags=0, domain=core-platform, api=blocked) from /data/app/~~RoBeBDqU7zeH0CIy_cD4ug==/com.negi.survey.local-0d01biMDz2pcwZ4b4rM1NQ==/base.apk!classes17.dex (domain=app, TargetSdkVersion=36) using linking: denied
09-24 16:11:15.885 18389 18389 E gi.survey.local: hiddenapi: Accessing hidden method Landroid/net/ssl/EchConfigList;->fromBytes([B)Landroid/net/ssl/EchConfigList; (runtime_flags=0, domain=core-platform, api=blocked) from /data/app/~~RoBeBDqU7zeH0CIy_cD4ug==/com.negi.survey.local-0d01biMDz2pcwZ4b4rM1NQ==/base.apk!classes17.dex (domain=app, TargetSdkVersion=36) using linking: denied
09-24 16:11:15.885 18389 18389 E gi.survey.local: hiddenapi: Accessing hidden method Landroid/net/ssl/SSLSockets;->setEchConfigList(Ljavax/net/ssl/SSLSocket;Landroid/net/ssl/EchConfigList;)V (runtime_flags=0, domain=core-platform, api=blocked) from /data/app/~~RoBeBDqU7zeH0CIy_cD4ug==/com.negi.survey.local-0d01biMDz2pcwZ4b4rM1NQ==/base.apk!classes17.dex (domain=app, TargetSdkVersion=36) using linking: denied
09-24 16:11:15.909 18389 18389 D SurveyApp: LiteRTLM JNI already loaded; skip. where=onCreate(retry)
09-24 16:11:15.910 18389 18389 D SurveyApp: bootTiming: RuntimeLogStore.start took=0ms
09-24 16:11:15.910 18389 18389 D SurveyApp: bootTiming: AppRingLogStore.install took=0ms
09-24 16:11:15.910 18389 18389 D SurveyApp: onCreate: pid=18389 process=com.negi.survey.local isMain=true sdk=36
09-24 16:11:15.916 18389 18448 D RuntimeLogStore: openWriter: start -> /data/user/0/com.negi.survey.local/files/diagnostics/runtime_logs/rtlog_20260924_231115_855_pid18389_seq1.log (bytes=0 format=LEGACY)
09-24 16:11:15.917 18389 18389 D CrashCapture: install: ensured default handler. where=SurveyApp:onCreate(rewrap) pid=18389 default=com.negi.survey.CrashCapture$CrashHandler@80b8781
09-24 16:11:15.917 18389 18389 D SurveyApp: CrashCapture installed: where=SurveyApp:onCreate(rewrap)
09-24 16:11:15.918 18389 18389 D CrashCapture: registerSelfHealing: ActivityLifecycleCallbacks registered. mode=onResumedOnly
09-24 16:11:15.918 18389 18389 D SurveyApp: CrashCapture self-healing registered.
09-24 16:11:15.918 18389 18389 W SurveyApp: Startup enqueues deferred: delay=2500ms (to reduce init contention)
09-24 16:11:15.918 18389 18389 D SurveyApp: Startup survey recovery deferred: delay=2500ms
09-24 16:11:15.918 18389 18389 D SurveyApp: bootTiming: onCreate total=10ms
09-24 16:11:15.922 18389 18448 D RuntimeLogStore: retention: start files=2 kept=2 totalBytes=57922
09-24 16:11:15.976 18389 18450 I UploadRescheduleRcvr: Survey recovery action=android.intent.action.MY_PACKAGE_REPLACED discovered=0 reconciled=0 duplicates=0 unclassified=0 operationalFailures=0 classifications={}
09-24 16:11:15.985 18389 18450 D UploadRescheduleRcvr: No generic GitHub pending files for action=android.intent.action.MY_PACKAGE_REPLACED
09-24 16:11:16.043 18389 18450 D github_upload: enqueueStartupRuntimeLogsUpload: uniqueName=upload_runtime_logs_startup policy=KEEP session=startup_runtime_20260924_231116_9b4397e2
09-24 16:11:16.173 18389 18450 D WM-PackageManagerHelper: Skipping component enablement for androidx.work.impl.background.systemjob.SystemJobService
09-24 16:11:16.173 18389 18450 D WM-Schedulers: Created SystemJobScheduler and enabled SystemJobService
09-24 16:11:16.203 18389 18455 D WM-ForceStopRunnable: Is default app process = true
09-24 16:11:16.208 18389 18455 D WM-ForceStopRunnable: Performing cleanup operations.
09-24 16:11:16.238 18389 18450 D UploadRescheduleRcvr: Enqueued runtime logs upload for action=android.intent.action.MY_PACKAGE_REPLACED reason=receiver_my_package_replaced
09-24 16:11:16.345 18389 18455 D WM-SystemJobScheduler: Reconciling jobs
09-24 16:11:16.416 18389 18455 D WM-ForceStopRunnable: Found unfinished work, scheduling it.
09-24 16:11:16.629 18389 18461 D WM-SystemJobScheduler: Scheduling work ID 1e731198-d7ea-4ec0-9226-93db26e628efJob ID 114
09-24 16:11:16.644 18389 18461 D WM-GreedyScheduler: Starting tracking for 1e731198-d7ea-4ec0-9226-93db26e628ef
09-24 16:11:16.652 18389 18389 D WM-SystemJobService: onStartJob for WorkGenerationalId(workSpecId=1e731198-d7ea-4ec0-9226-93db26e628ef, generation=0)
09-24 16:11:16.697 18389 18461 D WM-Processor: Processor: processing WorkGenerationalId(workSpecId=1e731198-d7ea-4ec0-9226-93db26e628ef, generation=0)
09-24 16:11:16.756 18389 18389 D WM-WorkerWrapper: Starting work for com.negi.survey.net.GitHubUploadWorker
09-24 16:11:16.762 18389 18461 D WM-WorkConstraintsTrack: NetworkRequestConstraintController register shared callback
09-24 16:11:16.790 18389 18463 D WM-WorkConstraintsTrack: NetworkRequestConstraintController onCapabilitiesChanged callback
09-24 16:11:16.790 18389 18463 D WM-WorkConstraintsTrack: Not dispatching constraint state yet: isBlocked=null, capabilitiesInitialized=true
09-24 16:11:16.790 18389 18463 D WM-WorkConstraintsTrack: NetworkRequestConstraintController onBlockedStatusChanged callback false
09-24 16:11:16.798 18389 18461 D WM-PackageManagerHelper: androidx.work.impl.background.systemalarm.RescheduleReceiver enabled
09-24 16:11:16.810 18389 18461 I WM-Processor: Moving WorkSpec (1e731198-d7ea-4ec0-9226-93db26e628ef) to the foreground
09-24 16:11:16.833 18389 18389 I WM-SystemFgDispatcher: Started foreground service Intent { act=ACTION_START_FOREGROUND xflg=0x4 cmp=com.negi.survey.local/androidx.work.impl.foreground.SystemForegroundService (has extras) }
09-24 16:11:16.834 18389 18389 D WM-SystemFgDispatcher: Notifying with (id:6765, workSpecId: 1e731198-d7ea-4ec0-9226-93db26e628ef, notificationType :1)
09-24 16:11:16.836 18389 18461 D WM-WorkProgressUpdater: Updating progress for 1e731198-d7ea-4ec0-9226-93db26e628ef (Data {pct : 3, mode : startup_runtime_logs})
09-24 16:11:16.840 18389 18389 D WM-SystemFgDispatcher: Notifying with (id:6765, workSpecId: 1e731198-d7ea-4ec0-9226-93db26e628ef, notificationType :1)
09-24 16:11:16.856 18389 18461 I WM-Processor: Moving WorkSpec (1e731198-d7ea-4ec0-9226-93db26e628ef) to the foreground
09-24 16:11:16.859 18389 18389 D WM-SystemFgDispatcher: Notifying with (id:6765, workSpecId: 1e731198-d7ea-4ec0-9226-93db26e628ef, notificationType :1)
09-24 16:11:16.860 18389 18461 D WM-GreedyScheduler: Constraints met: Scheduling work ID WorkGenerationalId(workSpecId=1e731198-d7ea-4ec0-9226-93db26e628ef, generation=0)
09-24 16:11:16.866 18389 18461 D WM-Processor: Work WorkGenerationalId(workSpecId=1e731198-d7ea-4ec0-9226-93db26e628ef, generation=0) is already enqueued for processing
09-24 16:11:16.867 18389 18461 D WM-WorkConstraintsTrack: NetworkRequestConstraintController send initial capabilities
09-24 16:11:18.056 18389 18448 D RuntimeLogStore: openWriter: rotate:plain_snapshot:receiver_my_package_repl -> /data/user/0/com.negi.survey.local/files/diagnostics/runtime_logs/rtlog_20260924_231118_052_pid18389_seq2.log (bytes=0 format=LEGACY)
09-24 16:11:18.059 18389 18448 D RuntimeLogStore: retention: rotate:plain_snapshot:receiver_my_package_repl files=3 kept=3 totalBytes=59741
09-24 16:11:18.102 18389 18450 D github_upload: doRuntimeLogsUpload: remoteBaseDir=diagnostics/runtime_logs/2026-09-24/runtime_logs_startup_runtime_20260924_231116_9b4397e2_receiver_my_package_repl toUpload=2 bytes=59399 dedupe=true deleteSource=true deletedSourcePre=0 preview='runtime_log_20260924_231118_066_pid18389_receiver_my_package_repl__rtlog_20260924_231115_855_pid18389_seq1.log|runtime_log_20260924_231118_066_pid18389_receiver_my_package_repl__rtlog_20260924_223938_660_pid14963_seq2.log'
09-24 16:11:18.113 18389 18450 D GitHubUploader: uploadStream: owner=ishizuki-tech repo=SurveyExports branch=main path=diagnostics/runtime_logs/2026-09-24/runtime_logs_startup_runtime_20260924_231116_9b4397e2_receiver_my_package_repl/runtime_log_20260924_231118_066_pid18389_receiver_my_package_repl__rtlog_20260924_231115_855_pid18389_seq1.log size=1800 maxRawBytesHint=1000000 maxRequestBytesHint=2800000
09-24 16:11:18.116 18389 18462 D WM-WorkProgressUpdater: Updating progress for 1e731198-d7ea-4ec0-9226-93db26e628ef (Data {pct : 10, mode : startup_runtime_logs})
09-24 16:11:18.140 18389 18462 I WM-Processor: Moving WorkSpec (1e731198-d7ea-4ec0-9226-93db26e628ef) to the foreground
09-24 16:11:18.146 18389 18389 D WM-SystemFgDispatcher: Notifying with (id:6765, workSpecId: 1e731198-d7ea-4ec0-9226-93db26e628ef, notificationType :1)
09-24 16:11:18.418 18389 18389 W SurveyApp: Deferred startup enqueues begin...
09-24 16:11:18.421 18389 18389 D SurveyApp: WorkManager available. where=startupRtLogs(immediate) took=0ms
09-24 16:11:18.431 18389 18389 D SurveyApp: Startup runtime logs target -> owner=ishizuki-tech repo=SurveyExports branch=main base='/diagnostics/runtime_logs'
09-24 16:11:18.439 18389 18389 D github_upload: enqueueStartupRuntimeLogsUpload: uniqueName=upload_runtime_logs_startup policy=KEEP session=startup_runtime_20260924_231118_0a4f2f8b
09-24 16:11:18.439 18389 18389 D SurveyApp: Startup runtime logs: enqueue requested (immediate).
09-24 16:11:18.440 18389 18389 D SurveyApp: WorkManager available. where=startupRingLogs(immediate) took=0ms
09-24 16:11:18.447 18389 18389 D SurveyApp: Startup ring logs target -> owner=ishizuki-tech repo=SurveyExports branch=main base='/diagnostics/applog_ring'
09-24 16:11:18.450 18389 18389 D github_upload: enqueueStartupRingLogsUpload: uniqueName=upload_ring_logs_startup policy=KEEP session=startup_ring_20260924_231118_39626542
09-24 16:11:18.451 18389 18389 D SurveyApp: Startup ring logs: enqueue requested (immediate).
09-24 16:11:18.452 18389 18389 D SurveyApp: WorkManager available. where=enqueuePending(immediate) took=0ms
09-24 16:11:18.453 18389 18389 D SurveyApp: CrashCapture pending uploads requested (immediate).
09-24 16:11:18.453 18389 18389 W SurveyApp: Deferred startup enqueues done: took=35ms
09-24 16:11:18.454 18389 18471 D CrashCapture: enqueuePendingCrashUploadsIfPossible enter where=SurveyApp:enqueuePending(immediate):bg pid=18389 thread=CrashCapture-Enqueue
09-24 16:11:18.455 18389 18452 D SurveyApp: Survey recovery WorkManager available. where=startupSurveyUploads(initial) took=0ms
09-24 16:11:18.479 18389 18452 D SurveyApp: Startup survey recovery complete: discovered=0 attempted=0 submitted=0 active=0 trackerUnconfirmed=0 uploaded=0 deferred=0 invalid=0 operationalFailures=0 duplicates=0 unclassified=0
09-24 16:11:18.545 18389 18460 D WM-SystemJobScheduler: Scheduling work ID a6353dbf-816b-4acf-823d-d465575148a5Job ID 115
09-24 16:11:18.549 18389 18460 D WM-GreedyScheduler: Starting tracking for a6353dbf-816b-4acf-823d-d465575148a5
09-24 16:11:18.550 18389 18389 D WM-SystemJobService: onStartJob for WorkGenerationalId(workSpecId=a6353dbf-816b-4acf-823d-d465575148a5, generation=0)
09-24 16:11:18.551 18389 18460 D WM-WorkProgressUpdater: Updating progress for 1e731198-d7ea-4ec0-9226-93db26e628ef (Data {pct : 14, mode : startup_runtime_logs})
09-24 16:11:18.557 18389 18460 I WM-Processor: Moving WorkSpec (1e731198-d7ea-4ec0-9226-93db26e628ef) to the foreground
09-24 16:11:18.559 18389 18460 D WM-WorkProgressUpdater: Updating progress for 1e731198-d7ea-4ec0-9226-93db26e628ef (Data {pct : 50, mode : startup_runtime_logs})
09-24 16:11:18.560 18389 18389 D WM-SystemFgDispatcher: Notifying with (id:6765, workSpecId: 1e731198-d7ea-4ec0-9226-93db26e628ef, notificationType :1)
09-24 16:11:18.564 18389 18460 I WM-Processor: Moving WorkSpec (1e731198-d7ea-4ec0-9226-93db26e628ef) to the foreground
