=== Previous Session Logcat ===
captured_time_utc=20260924_193929
captured_time_local=20260924_123929
marker=2026-09-24 12:17:56.821
preferred_prev_pid=-1
note=best-effort; buffers may be overwritten before next start
sdk=36
device=Google Pixel 9a
appId=com.negi.survey.local
versionName=0.0.1
versionCode=1

=== Logcat (since marker) ===
--------- beginning of system
09-24 12:22:18.982 29485 29485 D InsetsController: hide(ime())
09-24 12:22:27.153 29485 29485 D InsetsController: show(ime())
09-24 12:22:27.153 29485 29485 D InsetsController: Setting requestedVisibleTypes to 511 (was 503)
09-24 12:22:27.178 29485 29485 D InsetsController: show(ime())
09-24 12:22:43.084 29485 29485 D InsetsController: show(ime())
09-24 12:22:43.087 29485 29485 D InsetsController: show(ime())
09-24 12:22:43.485 29485 29485 D InsetsController: show(ime())
09-24 12:22:43.487 29485 29485 D InsetsController: show(ime())
09-24 12:22:47.059 29485 29485 D InsetsController: hide(ime())
09-24 12:22:47.060 29485 29485 D InsetsController: Setting requestedVisibleTypes to 503 (was 511)
--------- beginning of main
09-24 12:34:38.544 29485 29498 I gi.survey.local: Background young concurrent mark compact GC freed 24MB AllocSpace bytes, 0(0B) LOS objects, 75% free, 7938KB/31MB, paused 303us,6.394ms total 41.233ms
09-24 12:37:20.229 29485 29498 I gi.survey.local: Background young concurrent mark compact GC freed 24MB AllocSpace bytes, 0(0B) LOS objects, 75% free, 7942KB/31MB, paused 158us,6.228ms total 40.199ms
09-24 12:39:26.277 31839 31839 I Zygote  : Process 31839 created for com.negi.survey.local
09-24 12:39:26.278 31839 31839 I gi.survey.local: Late-enabling -Xcheck:jni
09-24 12:39:26.332 31839 31839 I gi.survey.local: Using CollectorTypeCMC GC.
09-24 12:39:26.349 31839 31839 D nativeloader: Load libframework-connectivity-tiramisu-jni.so using APEX ns com_android_tethering for caller /apex/com.android.tethering/javalib/framework-connectivity-t.jar: ok
09-24 12:39:26.383 31839 31839 D ApplicationLoaders: Returning zygote-cached class loader: /system_ext/framework/androidx.window.extensions.jar
09-24 12:39:26.383 31839 31839 D ApplicationLoaders: Returning zygote-cached class loader: /system_ext/framework/androidx.window.sidecar.jar
09-24 12:39:26.912 31839 31839 D nativeloader: Configuring clns-9 for other apk /data/app/~~qkJ67Npl-C2dIRPDW20WGA==/com.negi.survey.local-02N-nhDfVRF91Uo4MBnebA==/base.apk. target_sdk_version=36, uses_libraries=libOpenCL.so:libOpenCL-pixel.so, library_path=/data/app/~~qkJ67Npl-C2dIRPDW20WGA==/com.negi.survey.local-02N-nhDfVRF91Uo4MBnebA==/lib/arm64:/data/app/~~qkJ67Npl-C2dIRPDW20WGA==/com.negi.survey.local-02N-nhDfVRF91Uo4MBnebA==/base.apk!/lib/arm64-v8a, permitted_path=/data:/mnt/expand:/data/user/0/com.negi.survey.local
09-24 12:39:26.921 31839 31839 V GraphicsEnvironment: Currently set values for:
09-24 12:39:26.922 31839 31839 V GraphicsEnvironment:   angle_gl_driver_selection_pkgs=[com.android.angle]
09-24 12:39:26.922 31839 31839 V GraphicsEnvironment:   angle_gl_driver_selection_values=[angle]
09-24 12:39:26.922 31839 31839 V GraphicsEnvironment: com.negi.survey.local is not listed in per-application setting
09-24 12:39:26.922 31839 31839 V GraphicsEnvironment: No special selections for ANGLE, returning default driver choice
09-24 12:39:26.922 31839 31839 V GraphicsEnvironment: Neither updatable production driver nor prerelease driver is supported.
09-24 12:39:26.969 31839 31839 D nativeloader: Load /data/app/~~qkJ67Npl-C2dIRPDW20WGA==/com.negi.survey.local-02N-nhDfVRF91Uo4MBnebA==/base.apk!/lib/arm64-v8a/liblitertlm_jni.so using class loader ns clns-9 (caller=/data/app/~~qkJ67Npl-C2dIRPDW20WGA==/com.negi.survey.local-02N-nhDfVRF91Uo4MBnebA==/base.apk!classes10.dex): ok
09-24 12:39:26.969 31839 31839 D SurveyApp: Loaded LiteRTLM JNI: litertlm_jni where=attachBaseContext
09-24 12:39:26.997 31839 31839 D AppRingLogStore: installed: dir=/data/user/0/com.negi.survey.local/files/diagnostics/applog_ring idx=0
09-24 12:39:26.997 31839 31839 D SurveyApp: attachBaseContext: pid=31839 process=com.negi.survey.local isMain=true sdk=36
09-24 12:39:26.998 31839 31839 D SurveyApp: bootTiming: attachBaseContext total=58ms
09-24 12:39:26.998 31839 31839 D SurveyApp: Skipping WorkManager init in attachBaseContext; will init lazily on first enqueue.
09-24 12:39:27.001 31839 31839 D CrashCapture: install: ensured default handler. where=SurveyApp:attachBaseContext pid=31839 default=com.negi.survey.CrashCapture$CrashHandler@8a08768
09-24 12:39:27.001 31839 31839 D SurveyApp: CrashCapture installed: where=SurveyApp:attachBaseContext
09-24 12:39:27.014 31839 31839 E gi.survey.local: hiddenapi: Accessing hidden method Landroid/net/ssl/EchConfigMismatchException;->getRetryConfigList()Landroid/net/ssl/EchConfigList; (runtime_flags=0, domain=core-platform, api=blocked) from /data/app/~~qkJ67Npl-C2dIRPDW20WGA==/com.negi.survey.local-02N-nhDfVRF91Uo4MBnebA==/base.apk!classes17.dex (domain=app, TargetSdkVersion=36) using linking: denied
09-24 12:39:27.014 31839 31839 E gi.survey.local: hiddenapi: Accessing hidden method Landroid/net/ssl/EchConfigList;->toBytes()[B (runtime_flags=0, domain=core-platform, api=blocked) from /data/app/~~qkJ67Npl-C2dIRPDW20WGA==/com.negi.survey.local-02N-nhDfVRF91Uo4MBnebA==/base.apk!classes17.dex (domain=app, TargetSdkVersion=36) using linking: denied
09-24 12:39:27.014 31839 31839 E gi.survey.local: hiddenapi: Accessing hidden method Landroid/net/ssl/EchConfigList;->fromBytes([B)Landroid/net/ssl/EchConfigList; (runtime_flags=0, domain=core-platform, api=blocked) from /data/app/~~qkJ67Npl-C2dIRPDW20WGA==/com.negi.survey.local-02N-nhDfVRF91Uo4MBnebA==/base.apk!classes17.dex (domain=app, TargetSdkVersion=36) using linking: denied
09-24 12:39:27.015 31839 31839 E gi.survey.local: hiddenapi: Accessing hidden method Landroid/net/ssl/SSLSockets;->setEchConfigList(Ljavax/net/ssl/SSLSocket;Landroid/net/ssl/EchConfigList;)V (runtime_flags=0, domain=core-platform, api=blocked) from /data/app/~~qkJ67Npl-C2dIRPDW20WGA==/com.negi.survey.local-02N-nhDfVRF91Uo4MBnebA==/base.apk!classes17.dex (domain=app, TargetSdkVersion=36) using linking: denied
09-24 12:39:27.022 31839 31839 D SurveyApp: LiteRTLM JNI already loaded; skip. where=onCreate(retry)
09-24 12:39:27.023 31839 31839 D SurveyApp: bootTiming: RuntimeLogStore.start took=0ms
09-24 12:39:27.023 31839 31839 D SurveyApp: bootTiming: AppRingLogStore.install took=0ms
09-24 12:39:27.023 31839 31839 D SurveyApp: onCreate: pid=31839 process=com.negi.survey.local isMain=true sdk=36
09-24 12:39:27.028 31839 31901 D RuntimeLogStore: openWriter: start -> /data/user/0/com.negi.survey.local/files/diagnostics/runtime_logs/rtlog_20260924_193926_984_pid31839_seq1.log (bytes=0 format=LEGACY)
09-24 12:39:27.029 31839 31839 D CrashCapture: install: ensured default handler. where=SurveyApp:onCreate(rewrap) pid=31839 default=com.negi.survey.CrashCapture$CrashHandler@8a08768
09-24 12:39:27.029 31839 31839 D SurveyApp: CrashCapture installed: where=SurveyApp:onCreate(rewrap)
09-24 12:39:27.029 31839 31839 D CrashCapture: registerSelfHealing: ActivityLifecycleCallbacks registered. mode=onResumedOnly
09-24 12:39:27.029 31839 31839 D SurveyApp: CrashCapture self-healing registered.
09-24 12:39:27.029 31839 31839 W SurveyApp: Startup enqueues deferred: delay=2500ms (to reduce init contention)
09-24 12:39:27.030 31839 31839 D SurveyApp: Startup survey recovery deferred: delay=2500ms
09-24 12:39:27.030 31839 31839 D SurveyApp: bootTiming: onCreate total=8ms
09-24 12:39:27.031 31839 31901 D RuntimeLogStore: retention: start files=2 kept=2 totalBytes=16620
09-24 12:39:27.076 31839 31907 I UploadRescheduleRcvr: Survey recovery action=android.intent.action.MY_PACKAGE_REPLACED discovered=0 reconciled=0 duplicates=0 unclassified=0 operationalFailures=0 classifications={}
09-24 12:39:27.078 31839 31907 D UploadRescheduleRcvr: No generic GitHub pending files for action=android.intent.action.MY_PACKAGE_REPLACED
09-24 12:39:27.135 31839 31907 D github_upload: enqueueStartupRuntimeLogsUpload: uniqueName=upload_runtime_logs_startup policy=KEEP session=startup_runtime_20260924_193927_5925c8b4
09-24 12:39:27.226 31839 31907 D WM-PackageManagerHelper: Skipping component enablement for androidx.work.impl.background.systemjob.SystemJobService
09-24 12:39:27.226 31839 31907 D WM-Schedulers: Created SystemJobScheduler and enabled SystemJobService
09-24 12:39:27.235 31839 31945 D WM-ForceStopRunnable: Is default app process = true
09-24 12:39:27.237 31839 31945 D WM-ForceStopRunnable: Performing cleanup operations.
09-24 12:39:27.266 31839 31907 D UploadRescheduleRcvr: Enqueued runtime logs upload for action=android.intent.action.MY_PACKAGE_REPLACED reason=receiver_my_package_replaced
09-24 12:39:27.650 31839 31949 D WM-SystemJobScheduler: Scheduling work ID b6bb3db2-56dc-4048-9331-8abd760213b2Job ID 4
09-24 12:39:27.664 31839 31949 D WM-GreedyScheduler: Starting tracking for b6bb3db2-56dc-4048-9331-8abd760213b2
09-24 12:39:27.674 31839 31839 D WM-SystemJobService: onStartJob for WorkGenerationalId(workSpecId=b6bb3db2-56dc-4048-9331-8abd760213b2, generation=0)
09-24 12:39:27.718 31839 31952 D WM-Processor: Processor: processing WorkGenerationalId(workSpecId=b6bb3db2-56dc-4048-9331-8abd760213b2, generation=0)
09-24 12:39:27.725 31839 31952 D WM-WorkConstraintsTrack: NetworkRequestConstraintController register shared callback
09-24 12:39:27.741 31839 31953 D WM-WorkConstraintsTrack: NetworkRequestConstraintController onCapabilitiesChanged callback
09-24 12:39:27.741 31839 31953 D WM-WorkConstraintsTrack: Not dispatching constraint state yet: isBlocked=null, capabilitiesInitialized=true
09-24 12:39:27.741 31839 31953 D WM-WorkConstraintsTrack: NetworkRequestConstraintController onBlockedStatusChanged callback false
09-24 12:39:27.798 31839 31952 D WM-PackageManagerHelper: androidx.work.impl.background.systemalarm.RescheduleReceiver enabled
09-24 12:39:27.799 31839 31839 D WM-WorkerWrapper: Starting work for com.negi.survey.net.GitHubUploadWorker
09-24 12:39:27.807 31839 31952 D WM-GreedyScheduler: Constraints met: Scheduling work ID WorkGenerationalId(workSpecId=b6bb3db2-56dc-4048-9331-8abd760213b2, generation=0)
09-24 12:39:27.827 31839 31952 D WM-Processor: Work WorkGenerationalId(workSpecId=b6bb3db2-56dc-4048-9331-8abd760213b2, generation=0) is already enqueued for processing
09-24 12:39:27.840 31839 31952 I WM-Processor: Moving WorkSpec (b6bb3db2-56dc-4048-9331-8abd760213b2) to the foreground
09-24 12:39:27.878 31839 31839 I WM-SystemFgDispatcher: Started foreground service Intent { act=ACTION_START_FOREGROUND xflg=0x4 cmp=com.negi.survey.local/androidx.work.impl.foreground.SystemForegroundService (has extras) }
09-24 12:39:27.878 31839 31839 D WM-SystemFgDispatcher: Notifying with (id:4883, workSpecId: b6bb3db2-56dc-4048-9331-8abd760213b2, notificationType :1)
09-24 12:39:27.879 31839 31945 D WM-WorkProgressUpdater: Updating progress for b6bb3db2-56dc-4048-9331-8abd760213b2 (Data {pct : 3, mode : startup_runtime_logs})
09-24 12:39:27.882 31839 31839 D WM-SystemFgDispatcher: Notifying with (id:4883, workSpecId: b6bb3db2-56dc-4048-9331-8abd760213b2, notificationType :1)
09-24 12:39:27.903 31839 31945 I WM-Processor: Moving WorkSpec (b6bb3db2-56dc-4048-9331-8abd760213b2) to the foreground
09-24 12:39:27.906 31839 31839 D WM-SystemFgDispatcher: Notifying with (id:4883, workSpecId: b6bb3db2-56dc-4048-9331-8abd760213b2, notificationType :1)
09-24 12:39:27.911 31839 31945 D WM-WorkConstraintsTrack: NetworkRequestConstraintController send initial capabilities
09-24 12:39:29.091 31839 31901 D RuntimeLogStore: openWriter: rotate:plain_snapshot:receiver_my_package_repl -> /data/user/0/com.negi.survey.local/files/diagnostics/runtime_logs/rtlog_20260924_193929_089_pid31839_seq2.log (bytes=0 format=LEGACY)
09-24 12:39:29.093 31839 31901 D RuntimeLogStore: retention: rotate:plain_snapshot:receiver_my_package_repl files=3 kept=3 totalBytes=18438
09-24 12:39:29.113 31839 31907 D github_upload: doRuntimeLogsUpload: remoteBaseDir=diagnostics/runtime_logs/2026-09-24/runtime_logs_startup_runtime_20260924_193927_5925c8b4_receiver_my_package_repl toUpload=2 bytes=18096 dedupe=true deleteSource=true deletedSourcePre=0 preview='runtime_log_20260924_193929_097_pid31839_receiver_my_package_repl__rtlog_20260924_193926_984_pid31839_seq1.log|runtime_log_20260924_193929_097_pid31839_receiver_my_package_repl__rtlog_20260924_191757_163_pid29485_seq2.log'
09-24 12:39:29.122 31839 31907 D GitHubUploader: uploadStream: owner=ishizuki-tech repo=SurveyExports branch=main path=diagnostics/runtime_logs/2026-09-24/runtime_logs_startup_runtime_20260924_193927_5925c8b4_receiver_my_package_repl/runtime_log_20260924_193929_097_pid31839_receiver_my_package_repl__rtlog_20260924_193926_984_pid31839_seq1.log size=1799 maxRawBytesHint=1000000 maxRequestBytesHint=2800000
09-24 12:39:29.124 31839 31945 D WM-WorkProgressUpdater: Updating progress for b6bb3db2-56dc-4048-9331-8abd760213b2 (Data {pct : 10, mode : startup_runtime_logs})
09-24 12:39:29.146 31839 31945 I WM-Processor: Moving WorkSpec (b6bb3db2-56dc-4048-9331-8abd760213b2) to the foreground
09-24 12:39:29.154 31839 31839 D WM-SystemFgDispatcher: Notifying with (id:4883, workSpecId: b6bb3db2-56dc-4048-9331-8abd760213b2, notificationType :1)
09-24 12:39:29.530 31839 31839 W SurveyApp: Deferred startup enqueues begin...
09-24 12:39:29.531 31839 31839 D SurveyApp: WorkManager available. where=startupRtLogs(immediate) took=0ms
09-24 12:39:29.541 31839 31949 D WM-WorkProgressUpdater: Updating progress for b6bb3db2-56dc-4048-9331-8abd760213b2 (Data {pct : 14, mode : startup_runtime_logs})
09-24 12:39:29.556 31839 31839 D SurveyApp: Startup runtime logs target -> owner=ishizuki-tech repo=SurveyExports branch=main base='/diagnostics/runtime_logs'
09-24 12:39:29.566 31839 31839 D github_upload: enqueueStartupRuntimeLogsUpload: uniqueName=upload_runtime_logs_startup policy=KEEP session=startup_runtime_20260924_193929_821f040b
09-24 12:39:29.566 31839 31839 D SurveyApp: Startup runtime logs: enqueue requested (immediate).
09-24 12:39:29.567 31839 31839 D SurveyApp: WorkManager available. where=startupRingLogs(immediate) took=0ms
09-24 12:39:29.582 31839 31839 D SurveyApp: Startup ring logs target -> owner=ishizuki-tech repo=SurveyExports branch=main base='/diagnostics/applog_ring'
09-24 12:39:29.586 31839 31949 I WM-Processor: Moving WorkSpec (b6bb3db2-56dc-4048-9331-8abd760213b2) to the foreground
09-24 12:39:29.589 31839 31839 D github_upload: enqueueStartupRingLogsUpload: uniqueName=upload_ring_logs_startup policy=KEEP session=startup_ring_20260924_193929_f1de27d0
09-24 12:39:29.589 31839 31839 D SurveyApp: Startup ring logs: enqueue requested (immediate).
09-24 12:39:29.590 31839 31839 D SurveyApp: WorkManager available. where=enqueuePending(immediate) took=0ms
09-24 12:39:29.591 31839 31949 D WM-WorkProgressUpdater: Updating progress for b6bb3db2-56dc-4048-9331-8abd760213b2 (Data {pct : 50, mode : startup_runtime_logs})
09-24 12:39:29.592 31839 31839 D SurveyApp: CrashCapture pending uploads requested (immediate).
09-24 12:39:29.592 31839 31839 W SurveyApp: Deferred startup enqueues done: took=63ms
09-24 12:39:29.593 31839 32003 D CrashCapture: enqueuePendingCrashUploadsIfPossible enter where=SurveyApp:enqueuePending(immediate):bg pid=31839 thread=CrashCapture-Enqueue
09-24 12:39:29.594 31839 31839 D WM-SystemFgDispatcher: Notifying with (id:4883, workSpecId: b6bb3db2-56dc-4048-9331-8abd760213b2, notificationType :1)
09-24 12:39:29.597 31839 31909 D SurveyApp: Survey recovery WorkManager available. where=startupSurveyUploads(initial) took=0ms
09-24 12:39:29.600 31839 31909 D SurveyApp: Startup survey recovery complete: discovered=0 attempted=0 submitted=0 active=0 trackerUnconfirmed=0 uploaded=0 deferred=0 invalid=0 operationalFailures=0 duplicates=0 unclassified=0
09-24 12:39:29.602 31839 31949 I WM-Processor: Moving WorkSpec (b6bb3db2-56dc-4048-9331-8abd760213b2) to the foreground
09-24 12:39:29.606 31839 31839 D WM-SystemFgDispatcher: Notifying with (id:4883, workSpecId: b6bb3db2-56dc-4048-9331-8abd760213b2, notificationType :1)
09-24 12:39:29.630 31839 31949 D WM-SystemJobScheduler: Scheduling work ID 7bd0bae2-c452-4fd3-b4d5-984310bc125dJob ID 5
09-24 12:39:29.634 31839 31949 D WM-GreedyScheduler: Starting tracking for 7bd0bae2-c452-4fd3-b4d5-984310bc125d
09-24 12:39:29.635 31839 31839 D WM-SystemJobService: onStartJob for WorkGenerationalId(workSpecId=7bd0bae2-c452-4fd3-b4d5-984310bc125d, generation=0)
09-24 12:39:29.641 31839 31949 D WM-Processor: Processor: processing WorkGenerationalId(workSpecId=7bd0bae2-c452-4fd3-b4d5-984310bc125d, generation=0)
09-24 12:39:29.649 31839 31839 D WM-WorkerWrapper: Starting work for com.negi.survey.net.GitHubUploadWorker
09-24 12:39:29.650 31839 31949 D WM-WorkConstraintsTrack: NetworkRequestConstraintController send initial capabilities
09-24 12:39:29.652 31839 31949 D WM-GreedyScheduler: Constraints met: Scheduling work ID WorkGenerationalId(workSpecId=7bd0bae2-c452-4fd3-b4d5-984310bc125d, generation=0)
09-24 12:39:29.656 31839 31949 D WM-Processor: Work WorkGenerationalId(workSpecId=7bd0bae2-c452-4fd3-b4d5-984310bc125d, generation=0) is already enqueued for processing
09-24 12:39:29.659 31839 31952 I WM-Processor: Moving WorkSpec (7bd0bae2-c452-4fd3-b4d5-984310bc125d) to the foreground
09-24 12:39:29.661 31839 31839 I WM-SystemFgDispatcher: Started foreground service Intent { act=ACTION_START_FOREGROUND xflg=0x4 cmp=com.negi.survey.local/androidx.work.impl.foreground.SystemForegroundService (has extras) }
09-24 12:39:29.662 31839 31839 D WM-SystemFgDispatcher: Notifying with (id:7357, workSpecId: 7bd0bae2-c452-4fd3-b4d5-984310bc125d, notificationType :1)
09-24 12:39:29.665 31839 31952 D WM-WorkConstraintsTrack: NetworkRequestConstraintController send initial capabilities
09-24 12:39:29.667 31839 31952 D WM-WorkProgressUpdater: Updating progress for 7bd0bae2-c452-4fd3-b4d5-984310bc125d (Data {pct : 3, mode : startup_ring_logs})
09-24 12:39:29.670 31839 31839 D WM-SystemFgDispatcher: Notifying with (id:7357, workSpecId: 7bd0bae2-c452-4fd3-b4d5-984310bc125d, notificationType :1)
