=== Previous Session Logcat ===
captured_time_utc=20260924_212716
captured_time_local=20260924_142716
marker=2026-09-24 13:22:35.056
preferred_prev_pid=-1
note=best-effort; buffers may be overwritten before next start
sdk=36
device=Google Pixel 9a
appId=com.negi.survey.local
versionName=0.0.1
versionCode=1

=== Logcat (since marker) ===
--------- beginning of system
09-24 13:22:59.512  4825  4825 D InsetsController: hide(ime())
09-24 13:22:59.768  4825  4825 D VRI[MainActivity]: updatePointerIcon called with position out of bounds
09-24 13:22:59.785  4825  4825 D VRI[MainActivity]: updatePointerIcon called with position out of bounds
09-24 13:22:59.801  4825  4825 D VRI[MainActivity]: updatePointerIcon called with position out of bounds
09-24 13:22:59.818  4825  4825 D VRI[MainActivity]: updatePointerIcon called with position out of bounds
09-24 13:22:59.834  4825  4825 D VRI[MainActivity]: updatePointerIcon called with position out of bounds
09-24 13:22:59.851  4825  4825 D VRI[MainActivity]: updatePointerIcon called with position out of bounds
09-24 13:22:59.868  4825  4825 D VRI[MainActivity]: updatePointerIcon called with position out of bounds
09-24 13:22:59.884  4825  4825 D VRI[MainActivity]: updatePointerIcon called with position out of bounds
09-24 13:22:59.901  4825  4825 D VRI[MainActivity]: updatePointerIcon called with position out of bounds
09-24 13:22:59.918  4825  4825 D VRI[MainActivity]: updatePointerIcon called with position out of bounds
09-24 13:22:59.934  4825  4825 D VRI[MainActivity]: updatePointerIcon called with position out of bounds
09-24 13:22:59.951  4825  4825 D VRI[MainActivity]: updatePointerIcon called with position out of bounds
09-24 13:22:59.968  4825  4825 D VRI[MainActivity]: updatePointerIcon called with position out of bounds
09-24 13:22:59.985  4825  4825 D VRI[MainActivity]: updatePointerIcon called with position out of bounds
09-24 13:23:00.001  4825  4825 D VRI[MainActivity]: updatePointerIcon called with position out of bounds
09-24 13:23:00.017  4825  4825 D VRI[MainActivity]: updatePointerIcon called with position out of bounds
09-24 13:23:00.034  4825  4825 D VRI[MainActivity]: updatePointerIcon called with position out of bounds
09-24 13:23:00.052  4825  4825 D VRI[MainActivity]: updatePointerIcon called with position out of bounds
09-24 13:23:00.068  4825  4825 D VRI[MainActivity]: updatePointerIcon called with position out of bounds
09-24 13:23:00.084  4825  4825 D VRI[MainActivity]: updatePointerIcon called with position out of bounds
09-24 13:23:00.849  4825  4825 D InsetsController: hide(ime())
09-24 13:23:22.221  4825  4825 D InsetsController: show(ime())
09-24 13:23:22.222  4825  4825 D InsetsController: Setting requestedVisibleTypes to 511 (was 503)
09-24 13:23:22.253  4825  4825 D InsetsController: show(ime())
09-24 13:23:32.395  4825  4825 D InsetsController: show(ime())
09-24 13:23:32.397  4825  4825 D InsetsController: show(ime())
09-24 13:23:33.413  4825  4825 D InsetsController: show(ime())
09-24 13:23:33.415  4825  4825 D InsetsController: show(ime())
09-24 13:23:36.086  4825  4825 D InsetsController: hide(ime())
09-24 13:23:36.087  4825  4825 D InsetsController: Setting requestedVisibleTypes to 503 (was 511)
09-24 13:23:49.355  4825  4825 D InsetsController: show(ime())
09-24 13:23:49.356  4825  4825 D InsetsController: Setting requestedVisibleTypes to 511 (was 503)
09-24 13:23:49.371  4825  4825 D InsetsController: show(ime())
09-24 13:23:52.828  4825  4825 D InsetsController: hide(ime())
09-24 13:23:52.829  4825  4825 D InsetsController: Setting requestedVisibleTypes to 503 (was 511)
09-24 13:24:13.686  4825  4825 D InsetsController: hide(ime())
09-24 13:24:14.336  4825  4825 D InsetsController: hide(ime())
09-24 13:24:15.102  4825  4825 D InsetsController: hide(ime())
09-24 13:24:15.686  4825  4825 D InsetsController: hide(ime())
09-24 13:24:15.986  4825  4825 D InsetsController: hide(ime())
09-24 13:24:17.018  4825  4825 D InsetsController: hide(ime())
09-24 13:24:18.597  4825  4825 D InsetsController: hide(ime())
09-24 13:24:30.793  4825  4825 D InsetsController: hide(ime())
--------- beginning of main
09-24 14:19:53.595  4825  4833 I gi.survey.local: Background young concurrent mark compact GC freed 24MB AllocSpace bytes, 0(0B) LOS objects, 75% free, 8366KB/32MB, paused 171us,5.873ms total 41.327ms
09-24 14:21:15.731  4825  4833 I gi.survey.local: Background young concurrent mark compact GC freed 24MB AllocSpace bytes, 0(0B) LOS objects, 74% free, 8362KB/32MB, paused 274us,5.175ms total 44.294ms
09-24 14:24:40.857  4825  4833 I gi.survey.local: Background young concurrent mark compact GC freed 24MB AllocSpace bytes, 0(0B) LOS objects, 74% free, 8370KB/32MB, paused 1.182ms,5.064ms total 46.978ms
09-24 14:26:57.921  4825  4833 I gi.survey.local: Background young concurrent mark compact GC freed 24MB AllocSpace bytes, 0(0B) LOS objects, 75% free, 8370KB/32MB, paused 285us,5.599ms total 45.582ms
09-24 14:27:05.440  4825  4825 I AutofillManager: onInvisibleForAutofill(): expiringResponse
09-24 14:27:05.647  4825  4825 D WindowOnBackDispatcher: setTopOnBackInvokedCallback (unwrapped): android.app.Activity$$ExternalSyntheticLambda0@53f7117
09-24 14:27:05.656  4825  4825 D WhisperSpeechController: stopRecording: not recording, ignoring
09-24 14:27:05.673  4825  4825 D HeavyInitializer: cancel: no active initialization
09-24 14:27:05.673  4825  4825 I AiViewModel: onCleared: ViewModel is being cleared -> stopCurrentRunInternal()
09-24 14:27:05.681  4825  4860 D WhisperEngine: Detach called. Keeping native context alive for key=null
09-24 14:27:05.694  4825  4825 D WindowOnBackDispatcher: setTopOnBackInvokedCallback (unwrapped): null
09-24 14:27:05.695  4825  4881 I TextToSpeech: Disconnected from TTS engine
09-24 14:27:05.709  4825  4825 D ViewRootImpl: Skipping stats log for color mode
09-24 14:27:13.840  6656  6656 I Zygote  : Process 6656 created for com.negi.survey.local
09-24 14:27:13.840  6656  6656 I gi.survey.local: Late-enabling -Xcheck:jni
09-24 14:27:13.868  6656  6656 I gi.survey.local: Using CollectorTypeCMC GC.
09-24 14:27:13.875  6656  6656 D nativeloader: Load libframework-connectivity-tiramisu-jni.so using APEX ns com_android_tethering for caller /apex/com.android.tethering/javalib/framework-connectivity-t.jar: ok
09-24 14:27:13.893  6656  6656 D ApplicationLoaders: Returning zygote-cached class loader: /system_ext/framework/androidx.window.extensions.jar
09-24 14:27:13.893  6656  6656 D ApplicationLoaders: Returning zygote-cached class loader: /system_ext/framework/androidx.window.sidecar.jar
09-24 14:27:14.302  6656  6656 D nativeloader: Configuring clns-9 for other apk /data/app/~~P_MdCMKrOSMMoM1ewa5poA==/com.negi.survey.local-C1ijAz53MvyN49k0E-eczw==/base.apk. target_sdk_version=36, uses_libraries=libOpenCL.so:libOpenCL-pixel.so, library_path=/data/app/~~P_MdCMKrOSMMoM1ewa5poA==/com.negi.survey.local-C1ijAz53MvyN49k0E-eczw==/lib/arm64:/data/app/~~P_MdCMKrOSMMoM1ewa5poA==/com.negi.survey.local-C1ijAz53MvyN49k0E-eczw==/base.apk!/lib/arm64-v8a, permitted_path=/data:/mnt/expand:/data/user/0/com.negi.survey.local
09-24 14:27:14.307  6656  6656 V GraphicsEnvironment: Currently set values for:
09-24 14:27:14.307  6656  6656 V GraphicsEnvironment:   angle_gl_driver_selection_pkgs=[com.android.angle]
09-24 14:27:14.307  6656  6656 V GraphicsEnvironment:   angle_gl_driver_selection_values=[angle]
09-24 14:27:14.307  6656  6656 V GraphicsEnvironment: com.negi.survey.local is not listed in per-application setting
09-24 14:27:14.308  6656  6656 V GraphicsEnvironment: No special selections for ANGLE, returning default driver choice
09-24 14:27:14.308  6656  6656 V GraphicsEnvironment: Neither updatable production driver nor prerelease driver is supported.
09-24 14:27:14.355  6656  6656 D nativeloader: Load /data/app/~~P_MdCMKrOSMMoM1ewa5poA==/com.negi.survey.local-C1ijAz53MvyN49k0E-eczw==/base.apk!/lib/arm64-v8a/liblitertlm_jni.so using class loader ns clns-9 (caller=/data/app/~~P_MdCMKrOSMMoM1ewa5poA==/com.negi.survey.local-C1ijAz53MvyN49k0E-eczw==/base.apk!classes10.dex): ok
09-24 14:27:14.355  6656  6656 D SurveyApp: Loaded LiteRTLM JNI: litertlm_jni where=attachBaseContext
09-24 14:27:14.365  6656  6656 D AppRingLogStore: installed: dir=/data/user/0/com.negi.survey.local/files/diagnostics/applog_ring idx=0
09-24 14:27:14.365  6656  6656 D SurveyApp: attachBaseContext: pid=6656 process=com.negi.survey.local isMain=true sdk=36
09-24 14:27:14.366  6656  6656 D SurveyApp: bootTiming: attachBaseContext total=48ms
09-24 14:27:14.366  6656  6656 D SurveyApp: Skipping WorkManager init in attachBaseContext; will init lazily on first enqueue.
09-24 14:27:14.367  6656  6656 D CrashCapture: install: ensured default handler. where=SurveyApp:attachBaseContext pid=6656 default=com.negi.survey.CrashCapture$CrashHandler@80b8781
09-24 14:27:14.367  6656  6656 D SurveyApp: CrashCapture installed: where=SurveyApp:attachBaseContext
09-24 14:27:14.371  6656  6671 D RuntimeLogStore: openWriter: start -> /data/user/0/com.negi.survey.local/files/diagnostics/runtime_logs/rtlog_20260924_212714_362_pid6656_seq1.log (bytes=0 format=LEGACY)
09-24 14:27:14.373  6656  6671 D RuntimeLogStore: retention: start files=2 kept=2 totalBytes=52384
09-24 14:27:14.378  6656  6656 E gi.survey.local: hiddenapi: Accessing hidden method Landroid/net/ssl/EchConfigMismatchException;->getRetryConfigList()Landroid/net/ssl/EchConfigList; (runtime_flags=0, domain=core-platform, api=blocked) from /data/app/~~P_MdCMKrOSMMoM1ewa5poA==/com.negi.survey.local-C1ijAz53MvyN49k0E-eczw==/base.apk!classes17.dex (domain=app, TargetSdkVersion=36) using linking: denied
09-24 14:27:14.378  6656  6656 E gi.survey.local: hiddenapi: Accessing hidden method Landroid/net/ssl/EchConfigList;->toBytes()[B (runtime_flags=0, domain=core-platform, api=blocked) from /data/app/~~P_MdCMKrOSMMoM1ewa5poA==/com.negi.survey.local-C1ijAz53MvyN49k0E-eczw==/base.apk!classes17.dex (domain=app, TargetSdkVersion=36) using linking: denied
09-24 14:27:14.378  6656  6656 E gi.survey.local: hiddenapi: Accessing hidden method Landroid/net/ssl/EchConfigList;->fromBytes([B)Landroid/net/ssl/EchConfigList; (runtime_flags=0, domain=core-platform, api=blocked) from /data/app/~~P_MdCMKrOSMMoM1ewa5poA==/com.negi.survey.local-C1ijAz53MvyN49k0E-eczw==/base.apk!classes17.dex (domain=app, TargetSdkVersion=36) using linking: denied
09-24 14:27:14.378  6656  6656 E gi.survey.local: hiddenapi: Accessing hidden method Landroid/net/ssl/SSLSockets;->setEchConfigList(Ljavax/net/ssl/SSLSocket;Landroid/net/ssl/EchConfigList;)V (runtime_flags=0, domain=core-platform, api=blocked) from /data/app/~~P_MdCMKrOSMMoM1ewa5poA==/com.negi.survey.local-C1ijAz53MvyN49k0E-eczw==/base.apk!classes17.dex (domain=app, TargetSdkVersion=36) using linking: denied
09-24 14:27:14.383  6656  6656 D SurveyApp: LiteRTLM JNI already loaded; skip. where=onCreate(retry)
09-24 14:27:14.384  6656  6656 D SurveyApp: bootTiming: RuntimeLogStore.start took=0ms
09-24 14:27:14.384  6656  6656 D SurveyApp: bootTiming: AppRingLogStore.install took=0ms
09-24 14:27:14.384  6656  6656 D SurveyApp: onCreate: pid=6656 process=com.negi.survey.local isMain=true sdk=36
09-24 14:27:14.388  6656  6656 D CrashCapture: install: ensured default handler. where=SurveyApp:onCreate(rewrap) pid=6656 default=com.negi.survey.CrashCapture$CrashHandler@80b8781
09-24 14:27:14.388  6656  6656 D SurveyApp: CrashCapture installed: where=SurveyApp:onCreate(rewrap)
09-24 14:27:14.388  6656  6656 D CrashCapture: registerSelfHealing: ActivityLifecycleCallbacks registered. mode=onResumedOnly
09-24 14:27:14.388  6656  6656 D SurveyApp: CrashCapture self-healing registered.
09-24 14:27:14.388  6656  6656 W SurveyApp: Startup enqueues deferred: delay=2500ms (to reduce init contention)
09-24 14:27:14.388  6656  6656 D SurveyApp: Startup survey recovery deferred: delay=2500ms
09-24 14:27:14.389  6656  6656 D SurveyApp: bootTiming: onCreate total=6ms
09-24 14:27:14.392  6656  6673 I DisplayManager: Choreographer implicitly registered for the refresh rate.
09-24 14:27:14.394  6656  6673 D vulkan  : searching for layers in '/data/app/~~P_MdCMKrOSMMoM1ewa5poA==/com.negi.survey.local-C1ijAz53MvyN49k0E-eczw==/lib/arm64'
09-24 14:27:14.394  6656  6673 D vulkan  : searching for layers in '/data/app/~~P_MdCMKrOSMMoM1ewa5poA==/com.negi.survey.local-C1ijAz53MvyN49k0E-eczw==/base.apk!/lib/arm64-v8a'
09-24 14:27:14.401  6656  6656 D DesktopExperienceFlags: Toggle override initialized to: false
09-24 14:27:14.411  6656  6656 D CompatChangeReporter: Compat change id reported: 377864165; UID 14912; state: ENABLED
09-24 14:27:14.411  6656  6656 D DesktopModeFlags: Toggle override initialized to: OVERRIDE_UNSET
09-24 14:27:14.426  6656  6656 I ContentCaptureHelper: Setting logging level to OFF
09-24 14:27:14.428  6656  6656 D CrashCapture: install: ensured default handler. where=selfHeal:onActivityResumed pid=6656 default=com.negi.survey.CrashCapture$CrashHandler@80b8781
09-24 14:27:14.454  6656  6656 D WindowOnBackDispatcher: setTopOnBackInvokedCallback (unwrapped): android.app.Activity$$ExternalSyntheticLambda0@53f7117
09-24 14:27:14.549  6656  6656 D WM-PackageManagerHelper: Skipping component enablement for androidx.work.impl.background.systemjob.SystemJobService
09-24 14:27:14.549  6656  6656 D WM-Schedulers: Created SystemJobScheduler and enabled SystemJobService
09-24 14:27:14.550  6656  6692 D WM-ForceStopRunnable: Is default app process = true
09-24 14:27:14.551  6656  6692 D WM-ForceStopRunnable: Performing cleanup operations.
09-24 14:27:14.566  6656  6692 D WM-SystemJobScheduler: Reconciling jobs
09-24 14:27:14.575  6656  6692 D WM-ForceStopRunnable: Application was force-stopped, rescheduling.
09-24 14:27:14.587  6656  6695 I gi.survey.local: hiddenapi: Accessing hidden method Landroid/database/sqlite/SQLiteDatabase;->getThreadSession()Landroid/database/sqlite/SQLiteSession; (runtime_flags=0, domain=platform, api=unsupported) from Landroidx/sqlite/db/framework/FrameworkSQLiteDatabase; (domain=app, TargetSdkVersion=36) using reflection: allowed
09-24 14:27:14.588  6656  6695 I gi.survey.local: hiddenapi: Accessing hidden method Landroid/database/sqlite/SQLiteSession;->beginTransaction(ILandroid/database/sqlite/SQLiteTransactionListener;ILandroid/os/CancellationSignal;)V (runtime_flags=0, domain=platform, api=unsupported) from Landroidx/sqlite/db/framework/FrameworkSQLiteDatabase; (domain=app, TargetSdkVersion=36) using reflection: allowed
09-24 14:27:14.600  6656  6696 D WM-PackageManagerHelper: Skipping component enablement for androidx.work.impl.background.systemalarm.RescheduleReceiver
09-24 14:27:14.610  6656  6656 D VRI[MainActivity]: WindowInsets changed: 1080x2424 statusBars:[0,152,0,0] navigationBars:[0,0,0,69] mandatorySystemGestures:[0,187,0,92] 
09-24 14:27:14.621  6656  6656 I HWUI    : Using FreeType backend (prop=Auto)
09-24 14:27:14.760  6656  6656 I gi.survey.local: hiddenapi: Accessing hidden method Landroid/os/SystemProperties;->addChangeCallback(Ljava/lang/Runnable;)V (runtime_flags=0, domain=platform, api=unsupported) from Landroidx/compose/ui/platform/AndroidComposeView$Companion; (domain=app, TargetSdkVersion=36) using reflection: allowed
09-24 14:27:14.795  6656  6661 I gi.survey.local: Compiler allocated 5038KB to compile void android.view.ViewRootImpl.performTraversals()
09-24 14:27:14.797  6656  6656 D InsetsController: hide(ime())
09-24 14:27:14.798  6656  6656 I ImeTracker: com.negi.survey.local:79c1b14f: onCancelled at PHASE_CLIENT_ALREADY_HIDDEN
09-24 14:27:14.968  6656  6656 D IntroScreen: Resolved config details: id=survey_config10.yaml in 206ms
09-24 14:27:16.888  6656  6656 W SurveyApp: Deferred startup enqueues begin...
09-24 14:27:16.889  6656  6656 D SurveyApp: WorkManager available. where=startupRtLogs(immediate) took=0ms
09-24 14:27:16.894  6656  6656 D SurveyApp: Startup runtime logs target -> owner=ishizuki-tech repo=SurveyExports branch=main base='/diagnostics/runtime_logs'
09-24 14:27:16.904  6656  6656 D github_upload: enqueueStartupRuntimeLogsUpload: uniqueName=upload_runtime_logs_startup policy=KEEP session=startup_runtime_20260924_212716_41a14d06
09-24 14:27:16.906  6656  6656 D SurveyApp: Startup runtime logs: enqueue requested (immediate).
09-24 14:27:16.907  6656  6656 D SurveyApp: WorkManager available. where=startupRingLogs(immediate) took=0ms
09-24 14:27:16.908  6656  6656 D SurveyApp: Startup ring logs target -> owner=ishizuki-tech repo=SurveyExports branch=main base='/diagnostics/applog_ring'
09-24 14:27:16.908  6656  6656 D github_upload: enqueueStartupRingLogsUpload: uniqueName=upload_ring_logs_startup policy=KEEP session=startup_ring_20260924_212716_843cd7d7
09-24 14:27:16.908  6656  6656 D SurveyApp: Startup ring logs: enqueue requested (immediate).
09-24 14:27:16.908  6656  6656 D SurveyApp: WorkManager available. where=enqueuePending(immediate) took=0ms
09-24 14:27:16.909  6656  6656 D SurveyApp: CrashCapture pending uploads requested (immediate).
09-24 14:27:16.909  6656  6656 W SurveyApp: Deferred startup enqueues done: took=21ms
09-24 14:27:16.909  6656  6709 D CrashCapture: enqueuePendingCrashUploadsIfPossible enter where=SurveyApp:enqueuePending(immediate):bg pid=6656 thread=CrashCapture-Enqueue
09-24 14:27:16.909  6656  6688 D SurveyApp: Survey recovery WorkManager available. where=startupSurveyUploads(initial) took=0ms
09-24 14:27:16.912  6656  6688 D SurveyApp: Startup survey recovery complete: discovered=0 attempted=0 submitted=0 active=0 trackerUnconfirmed=0 uploaded=0 deferred=0 invalid=0 operationalFailures=0 duplicates=0 unclassified=0
09-24 14:27:16.936  6656  6695 D WM-SystemJobScheduler: Scheduling work ID b5245563-dc6c-4b5d-95bf-869471fe1219Job ID 49
09-24 14:27:16.947  6656  6695 D WM-GreedyScheduler: Starting tracking for b5245563-dc6c-4b5d-95bf-869471fe1219
09-24 14:27:16.948  6656  6656 D WM-SystemJobService: onStartJob for WorkGenerationalId(workSpecId=b5245563-dc6c-4b5d-95bf-869471fe1219, generation=0)
09-24 14:27:16.966  6656  6695 D WM-SystemJobScheduler: Scheduling work ID 9bc02476-981d-4689-9f87-579e95cce26bJob ID 50
09-24 14:27:16.969  6656  6695 D WM-GreedyScheduler: Starting tracking for b5245563-dc6c-4b5d-95bf-869471fe1219,9bc02476-981d-4689-9f87-579e95cce26b
09-24 14:27:16.970  6656  6656 D WM-SystemJobService: onStartJob for WorkGenerationalId(workSpecId=9bc02476-981d-4689-9f87-579e95cce26b, generation=0)
