=== Previous Session Logcat ===
captured_time_utc=20260924_214524
captured_time_local=20260924_144524
marker=2026-09-24 14:27:17.073
preferred_prev_pid=-1
note=best-effort; buffers may be overwritten before next start
sdk=36
device=Google Pixel 9a
appId=com.negi.survey.local
versionName=0.0.1
versionCode=1

=== Logcat (since marker) ===
--------- beginning of system
09-24 14:27:17.871  6656  6656 W NotificationManager: Shedding notify (update) of NotificationKey[user=UserHandle{0}, pkg=com.negi.survey.local, tag=null, id=6138], rate limit (5.0) exceeded: input 7.713746, output would be 5.405877
09-24 14:27:19.902  6656  6656 W NotificationManager: Shedding notify (update) of NotificationKey[user=UserHandle{0}, pkg=com.negi.survey.local, tag=null, id=7417], rate limit (5.0) exceeded: input 9.5104, output would be 5.5018635
09-24 14:27:22.904  6656  6656 W NotificationManager: Shedding notify (update) of NotificationKey[user=UserHandle{0}, pkg=com.negi.survey.local, tag=null, id=9319], rate limit (5.0) exceeded: input 9.09619, output would be 5.708532
09-24 14:27:24.224  6656  6656 W NotificationManager: Shedding notify (update) of NotificationKey[user=UserHandle{0}, pkg=com.negi.survey.local, tag=null, id=9319], rate limit (5.0) exceeded: input 14.160959, output would be 6.7436733
09-24 14:27:26.754  6656  6656 W NotificationManager: Shedding notify (update) of NotificationKey[user=UserHandle{0}, pkg=com.negi.survey.local, tag=null, id=4100], rate limit (5.0) exceeded: input 10.252, output would be 6.06483
09-24 14:27:29.563  6656  6656 W NotificationManager: Shedding notify (update) of NotificationKey[user=UserHandle{0}, pkg=com.negi.survey.local, tag=null, id=4100], rate limit (5.0) exceeded: input 9.981624, output would be 6.3691077
09-24 14:27:34.095  6656  6656 D InsetsController: hide(ime())
09-24 14:27:34.790  6656  6656 D VRI[MainActivity]: updatePointerIcon called with position out of bounds
09-24 14:27:34.805  6656  6656 D VRI[MainActivity]: updatePointerIcon called with position out of bounds
09-24 14:27:34.821  6656  6656 D VRI[MainActivity]: updatePointerIcon called with position out of bounds
09-24 14:27:34.838  6656  6656 D VRI[MainActivity]: updatePointerIcon called with position out of bounds
09-24 14:27:34.855  6656  6656 D VRI[MainActivity]: updatePointerIcon called with position out of bounds
09-24 14:27:34.872  6656  6656 D VRI[MainActivity]: updatePointerIcon called with position out of bounds
09-24 14:27:34.888  6656  6656 D VRI[MainActivity]: updatePointerIcon called with position out of bounds
09-24 14:27:34.904  6656  6656 D VRI[MainActivity]: updatePointerIcon called with position out of bounds
09-24 14:27:34.922  6656  6656 D VRI[MainActivity]: updatePointerIcon called with position out of bounds
09-24 14:27:34.938  6656  6656 D VRI[MainActivity]: updatePointerIcon called with position out of bounds
09-24 14:27:34.954  6656  6656 D VRI[MainActivity]: updatePointerIcon called with position out of bounds
09-24 14:27:34.971  6656  6656 D VRI[MainActivity]: updatePointerIcon called with position out of bounds
09-24 14:27:34.988  6656  6656 D VRI[MainActivity]: updatePointerIcon called with position out of bounds
09-24 14:27:35.004  6656  6656 D VRI[MainActivity]: updatePointerIcon called with position out of bounds
09-24 14:27:35.021  6656  6656 D VRI[MainActivity]: updatePointerIcon called with position out of bounds
09-24 14:27:35.786  6656  6656 D InsetsController: hide(ime())
09-24 14:28:04.791  6656  6656 D InsetsController: show(ime())
09-24 14:28:04.792  6656  6656 D InsetsController: Setting requestedVisibleTypes to 511 (was 503)
09-24 14:28:04.821  6656  6656 D InsetsController: show(ime())
09-24 14:28:13.365  6656  6656 D InsetsController: show(ime())
09-24 14:28:13.367  6656  6656 D InsetsController: show(ime())
09-24 14:28:15.976  6656  6656 D InsetsController: hide(ime())
09-24 14:28:15.977  6656  6656 D InsetsController: Setting requestedVisibleTypes to 503 (was 511)
09-24 14:28:27.332  6656  6656 D InsetsController: show(ime())
09-24 14:28:27.332  6656  6656 D InsetsController: Setting requestedVisibleTypes to 511 (was 503)
09-24 14:28:27.348  6656  6656 D InsetsController: show(ime())
09-24 14:28:34.391  6656  6656 D InsetsController: hide(ime())
09-24 14:28:34.392  6656  6656 D InsetsController: Setting requestedVisibleTypes to 503 (was 511)
--------- beginning of main
09-24 14:43:16.776  6656  6662 I gi.survey.local: Background young concurrent mark compact GC freed 24MB AllocSpace bytes, 0(0B) LOS objects, 74% free, 8486KB/33MB, paused 168us,6.387ms total 41.807ms
09-24 14:45:20.563  9371  9371 I Zygote  : Process 9371 created for com.negi.survey.local
09-24 14:45:20.571  9371  9371 I gi.survey.local: Late-enabling -Xcheck:jni
09-24 14:45:20.646  9371  9371 I gi.survey.local: Using CollectorTypeCMC GC.
09-24 14:45:20.665  9371  9371 D nativeloader: Load libframework-connectivity-tiramisu-jni.so using APEX ns com_android_tethering for caller /apex/com.android.tethering/javalib/framework-connectivity-t.jar: ok
09-24 14:45:20.718  9371  9371 D ApplicationLoaders: Returning zygote-cached class loader: /system_ext/framework/androidx.window.extensions.jar
09-24 14:45:20.718  9371  9371 D ApplicationLoaders: Returning zygote-cached class loader: /system_ext/framework/androidx.window.sidecar.jar
09-24 14:45:21.361  9371  9371 D nativeloader: Configuring clns-9 for other apk /data/app/~~-3nyfcUKRB303I7d7GfG-Q==/com.negi.survey.local-SZi838bVTTVpO9NS2Vyg6A==/base.apk. target_sdk_version=36, uses_libraries=libOpenCL.so:libOpenCL-pixel.so, library_path=/data/app/~~-3nyfcUKRB303I7d7GfG-Q==/com.negi.survey.local-SZi838bVTTVpO9NS2Vyg6A==/lib/arm64:/data/app/~~-3nyfcUKRB303I7d7GfG-Q==/com.negi.survey.local-SZi838bVTTVpO9NS2Vyg6A==/base.apk!/lib/arm64-v8a, permitted_path=/data:/mnt/expand:/data/user/0/com.negi.survey.local
09-24 14:45:21.380  9371  9371 V GraphicsEnvironment: Currently set values for:
09-24 14:45:21.380  9371  9371 V GraphicsEnvironment:   angle_gl_driver_selection_pkgs=[com.android.angle]
09-24 14:45:21.380  9371  9371 V GraphicsEnvironment:   angle_gl_driver_selection_values=[angle]
09-24 14:45:21.380  9371  9371 V GraphicsEnvironment: com.negi.survey.local is not listed in per-application setting
09-24 14:45:21.380  9371  9371 V GraphicsEnvironment: No special selections for ANGLE, returning default driver choice
09-24 14:45:21.380  9371  9371 V GraphicsEnvironment: Neither updatable production driver nor prerelease driver is supported.
09-24 14:45:21.438  9371  9371 D nativeloader: Load /data/app/~~-3nyfcUKRB303I7d7GfG-Q==/com.negi.survey.local-SZi838bVTTVpO9NS2Vyg6A==/base.apk!/lib/arm64-v8a/liblitertlm_jni.so using class loader ns clns-9 (caller=/data/app/~~-3nyfcUKRB303I7d7GfG-Q==/com.negi.survey.local-SZi838bVTTVpO9NS2Vyg6A==/base.apk!classes10.dex): ok
09-24 14:45:21.438  9371  9371 D SurveyApp: Loaded LiteRTLM JNI: litertlm_jni where=attachBaseContext
09-24 14:45:21.469  9371  9371 D AppRingLogStore: installed: dir=/data/user/0/com.negi.survey.local/files/diagnostics/applog_ring idx=0
09-24 14:45:21.469  9371  9371 D SurveyApp: attachBaseContext: pid=9371 process=com.negi.survey.local isMain=true sdk=36
09-24 14:45:21.470  9371  9371 D SurveyApp: bootTiming: attachBaseContext total=67ms
09-24 14:45:21.471  9371  9371 D SurveyApp: Skipping WorkManager init in attachBaseContext; will init lazily on first enqueue.
09-24 14:45:21.474  9371  9371 D CrashCapture: install: ensured default handler. where=SurveyApp:attachBaseContext pid=9371 default=com.negi.survey.CrashCapture$CrashHandler@80b8781
09-24 14:45:21.474  9371  9371 D SurveyApp: CrashCapture installed: where=SurveyApp:attachBaseContext
09-24 14:45:21.495  9371  9427 D RuntimeLogStore: openWriter: start -> /data/user/0/com.negi.survey.local/files/diagnostics/runtime_logs/rtlog_20260924_214521_457_pid9371_seq1.log (bytes=0 format=LEGACY)
09-24 14:45:21.496  9371  9371 E gi.survey.local: hiddenapi: Accessing hidden method Landroid/net/ssl/EchConfigMismatchException;->getRetryConfigList()Landroid/net/ssl/EchConfigList; (runtime_flags=0, domain=core-platform, api=blocked) from /data/app/~~-3nyfcUKRB303I7d7GfG-Q==/com.negi.survey.local-SZi838bVTTVpO9NS2Vyg6A==/base.apk!classes17.dex (domain=app, TargetSdkVersion=36) using linking: denied
09-24 14:45:21.496  9371  9371 E gi.survey.local: hiddenapi: Accessing hidden method Landroid/net/ssl/EchConfigList;->toBytes()[B (runtime_flags=0, domain=core-platform, api=blocked) from /data/app/~~-3nyfcUKRB303I7d7GfG-Q==/com.negi.survey.local-SZi838bVTTVpO9NS2Vyg6A==/base.apk!classes17.dex (domain=app, TargetSdkVersion=36) using linking: denied
09-24 14:45:21.498  9371  9371 E gi.survey.local: hiddenapi: Accessing hidden method Landroid/net/ssl/EchConfigList;->fromBytes([B)Landroid/net/ssl/EchConfigList; (runtime_flags=0, domain=core-platform, api=blocked) from /data/app/~~-3nyfcUKRB303I7d7GfG-Q==/com.negi.survey.local-SZi838bVTTVpO9NS2Vyg6A==/base.apk!classes17.dex (domain=app, TargetSdkVersion=36) using linking: denied
09-24 14:45:21.498  9371  9371 E gi.survey.local: hiddenapi: Accessing hidden method Landroid/net/ssl/SSLSockets;->setEchConfigList(Ljavax/net/ssl/SSLSocket;Landroid/net/ssl/EchConfigList;)V (runtime_flags=0, domain=core-platform, api=blocked) from /data/app/~~-3nyfcUKRB303I7d7GfG-Q==/com.negi.survey.local-SZi838bVTTVpO9NS2Vyg6A==/base.apk!classes17.dex (domain=app, TargetSdkVersion=36) using linking: denied
09-24 14:45:21.499  9371  9427 D RuntimeLogStore: retention: start files=2 kept=2 totalBytes=49729
09-24 14:45:21.506  9371  9371 D SurveyApp: LiteRTLM JNI already loaded; skip. where=onCreate(retry)
09-24 14:45:21.506  9371  9371 D SurveyApp: bootTiming: RuntimeLogStore.start took=1ms
09-24 14:45:21.507  9371  9371 D SurveyApp: bootTiming: AppRingLogStore.install took=0ms
09-24 14:45:21.507  9371  9371 D SurveyApp: onCreate: pid=9371 process=com.negi.survey.local isMain=true sdk=36
09-24 14:45:21.514  9371  9371 D CrashCapture: install: ensured default handler. where=SurveyApp:onCreate(rewrap) pid=9371 default=com.negi.survey.CrashCapture$CrashHandler@80b8781
09-24 14:45:21.514  9371  9371 D SurveyApp: CrashCapture installed: where=SurveyApp:onCreate(rewrap)
09-24 14:45:21.515  9371  9371 D CrashCapture: registerSelfHealing: ActivityLifecycleCallbacks registered. mode=onResumedOnly
09-24 14:45:21.515  9371  9371 D SurveyApp: CrashCapture self-healing registered.
09-24 14:45:21.515  9371  9371 W SurveyApp: Startup enqueues deferred: delay=2500ms (to reduce init contention)
09-24 14:45:21.516  9371  9371 D SurveyApp: Startup survey recovery deferred: delay=2500ms
09-24 14:45:21.516  9371  9371 D SurveyApp: bootTiming: onCreate total=10ms
09-24 14:45:21.550  9371  9429 I UploadRescheduleRcvr: Survey recovery action=android.intent.action.MY_PACKAGE_REPLACED discovered=0 reconciled=0 duplicates=0 unclassified=0 operationalFailures=0 classifications={}
09-24 14:45:21.561  9371  9429 D UploadRescheduleRcvr: No generic GitHub pending files for action=android.intent.action.MY_PACKAGE_REPLACED
09-24 14:45:21.623  9371  9429 D github_upload: enqueueStartupRuntimeLogsUpload: uniqueName=upload_runtime_logs_startup policy=KEEP session=startup_runtime_20260924_214521_a8727270
09-24 14:45:21.733  9371  9429 D WM-PackageManagerHelper: Skipping component enablement for androidx.work.impl.background.systemjob.SystemJobService
09-24 14:45:21.733  9371  9429 D WM-Schedulers: Created SystemJobScheduler and enabled SystemJobService
09-24 14:45:21.744  9371  9438 D WM-ForceStopRunnable: Is default app process = true
09-24 14:45:21.746  9371  9438 D WM-ForceStopRunnable: Performing cleanup operations.
09-24 14:45:21.781  9371  9429 D UploadRescheduleRcvr: Enqueued runtime logs upload for action=android.intent.action.MY_PACKAGE_REPLACED reason=receiver_my_package_replaced
09-24 14:45:22.060  9371  9438 D WM-SystemJobScheduler: Reconciling jobs
09-24 14:45:22.126  9371  9438 D WM-ForceStopRunnable: Found unfinished work, scheduling it.
09-24 14:45:22.300  9371  9441 D WM-SystemJobScheduler: Scheduling work ID 21752630-beaf-4b52-9c35-15a769628337Job ID 60
09-24 14:45:22.313  9371  9441 D WM-GreedyScheduler: Starting tracking for 21752630-beaf-4b52-9c35-15a769628337
09-24 14:45:22.319  9371  9371 D WM-SystemJobService: onStartJob for WorkGenerationalId(workSpecId=21752630-beaf-4b52-9c35-15a769628337, generation=0)
09-24 14:45:22.365  9371  9442 D WM-Processor: Processor: processing WorkGenerationalId(workSpecId=21752630-beaf-4b52-9c35-15a769628337, generation=0)
09-24 14:45:22.425  9371  9371 D WM-WorkerWrapper: Starting work for com.negi.survey.net.GitHubUploadWorker
09-24 14:45:22.429  9371  9442 D WM-WorkConstraintsTrack: NetworkRequestConstraintController register shared callback
09-24 14:45:22.449  9371  9442 D WM-PackageManagerHelper: androidx.work.impl.background.systemalarm.RescheduleReceiver enabled
09-24 14:45:22.457  9371  9443 D WM-WorkConstraintsTrack: NetworkRequestConstraintController onCapabilitiesChanged callback
09-24 14:45:22.457  9371  9443 D WM-WorkConstraintsTrack: Not dispatching constraint state yet: isBlocked=null, capabilitiesInitialized=true
09-24 14:45:22.457  9371  9443 D WM-WorkConstraintsTrack: NetworkRequestConstraintController onBlockedStatusChanged callback false
09-24 14:45:22.465  9371  9442 I WM-Processor: Moving WorkSpec (21752630-beaf-4b52-9c35-15a769628337) to the foreground
09-24 14:45:22.497  9371  9371 I WM-SystemFgDispatcher: Started foreground service Intent { act=ACTION_START_FOREGROUND xflg=0x4 cmp=com.negi.survey.local/androidx.work.impl.foreground.SystemForegroundService (has extras) }
09-24 14:45:22.498  9371  9442 D WM-GreedyScheduler: Constraints met: Scheduling work ID WorkGenerationalId(workSpecId=21752630-beaf-4b52-9c35-15a769628337, generation=0)
09-24 14:45:22.498  9371  9371 D WM-SystemFgDispatcher: Notifying with (id:4389, workSpecId: 21752630-beaf-4b52-9c35-15a769628337, notificationType :1)
09-24 14:45:22.500  9371  9442 D WM-WorkProgressUpdater: Updating progress for 21752630-beaf-4b52-9c35-15a769628337 (Data {pct : 3, mode : startup_runtime_logs})
09-24 14:45:22.506  9371  9371 D WM-SystemFgDispatcher: Notifying with (id:4389, workSpecId: 21752630-beaf-4b52-9c35-15a769628337, notificationType :1)
09-24 14:45:22.521  9371  9442 D WM-Processor: Work WorkGenerationalId(workSpecId=21752630-beaf-4b52-9c35-15a769628337, generation=0) is already enqueued for processing
09-24 14:45:22.526  9371  9442 I WM-Processor: Moving WorkSpec (21752630-beaf-4b52-9c35-15a769628337) to the foreground
09-24 14:45:22.531  9371  9371 D WM-SystemFgDispatcher: Notifying with (id:4389, workSpecId: 21752630-beaf-4b52-9c35-15a769628337, notificationType :1)
09-24 14:45:22.535  9371  9442 D WM-WorkConstraintsTrack: NetworkRequestConstraintController send initial capabilities
09-24 14:45:23.724  9371  9427 D RuntimeLogStore: openWriter: rotate:plain_snapshot:receiver_my_package_repl -> /data/user/0/com.negi.survey.local/files/diagnostics/runtime_logs/rtlog_20260924_214523_720_pid9371_seq2.log (bytes=0 format=LEGACY)
09-24 14:45:23.728  9371  9427 D RuntimeLogStore: retention: rotate:plain_snapshot:receiver_my_package_repl files=3 kept=3 totalBytes=51545
09-24 14:45:23.766  9371  9429 D github_upload: doRuntimeLogsUpload: remoteBaseDir=diagnostics/runtime_logs/2026-09-24/runtime_logs_startup_runtime_20260924_214521_a8727270_receiver_my_package_repl toUpload=2 bytes=51204 dedupe=true deleteSource=true deletedSourcePre=0 preview='runtime_log_20260924_214523_735_pid9371_receiver_my_package_repl__rtlog_20260924_214521_457_pid9371_seq1.log|runtime_log_20260924_214523_735_pid9371_receiver_my_package_repl__rtlog_20260924_212718_227_pid6656_seq2.log'
09-24 14:45:23.777  9371  9429 D GitHubUploader: uploadStream: owner=ishizuki-tech repo=SurveyExports branch=main path=diagnostics/runtime_logs/2026-09-24/runtime_logs_startup_runtime_20260924_214521_a8727270_receiver_my_package_repl/runtime_log_20260924_214523_735_pid9371_receiver_my_package_repl__rtlog_20260924_214521_457_pid9371_seq1.log size=1797 maxRawBytesHint=1000000 maxRequestBytesHint=2800000
09-24 14:45:23.779  9371  9441 D WM-WorkProgressUpdater: Updating progress for 21752630-beaf-4b52-9c35-15a769628337 (Data {pct : 10, mode : startup_runtime_logs})
09-24 14:45:23.806  9371  9441 I WM-Processor: Moving WorkSpec (21752630-beaf-4b52-9c35-15a769628337) to the foreground
09-24 14:45:23.813  9371  9371 D WM-SystemFgDispatcher: Notifying with (id:4389, workSpecId: 21752630-beaf-4b52-9c35-15a769628337, notificationType :1)
09-24 14:45:24.016  9371  9371 W SurveyApp: Deferred startup enqueues begin...
09-24 14:45:24.017  9371  9371 D SurveyApp: WorkManager available. where=startupRtLogs(immediate) took=0ms
09-24 14:45:24.019  9371  9371 D SurveyApp: Startup runtime logs target -> owner=ishizuki-tech repo=SurveyExports branch=main base='/diagnostics/runtime_logs'
09-24 14:45:24.022  9371  9371 D github_upload: enqueueStartupRuntimeLogsUpload: uniqueName=upload_runtime_logs_startup policy=KEEP session=startup_runtime_20260924_214524_7c4afab3
09-24 14:45:24.022  9371  9371 D SurveyApp: Startup runtime logs: enqueue requested (immediate).
09-24 14:45:24.022  9371  9371 D SurveyApp: WorkManager available. where=startupRingLogs(immediate) took=0ms
09-24 14:45:24.024  9371  9371 D SurveyApp: Startup ring logs target -> owner=ishizuki-tech repo=SurveyExports branch=main base='/diagnostics/applog_ring'
09-24 14:45:24.024  9371  9371 D github_upload: enqueueStartupRingLogsUpload: uniqueName=upload_ring_logs_startup policy=KEEP session=startup_ring_20260924_214524_deed68b4
09-24 14:45:24.025  9371  9371 D SurveyApp: Startup ring logs: enqueue requested (immediate).
09-24 14:45:24.025  9371  9371 D SurveyApp: WorkManager available. where=enqueuePending(immediate) took=0ms
09-24 14:45:24.033  9371  9371 D SurveyApp: CrashCapture pending uploads requested (immediate).
09-24 14:45:24.033  9371  9371 W SurveyApp: Deferred startup enqueues done: took=16ms
09-24 14:45:24.034  9371  9453 D CrashCapture: enqueuePendingCrashUploadsIfPossible enter where=SurveyApp:enqueuePending(immediate):bg pid=9371 thread=CrashCapture-Enqueue
09-24 14:45:24.037  9371  9430 D SurveyApp: Survey recovery WorkManager available. where=startupSurveyUploads(initial) took=0ms
09-24 14:45:24.054  9371  9430 D SurveyApp: Startup survey recovery complete: discovered=0 attempted=0 submitted=0 active=0 trackerUnconfirmed=0 uploaded=0 deferred=0 invalid=0 operationalFailures=0 duplicates=0 unclassified=0
09-24 14:45:24.107  9371  9442 D WM-SystemJobScheduler: Scheduling work ID b1485174-f38d-40a9-84f9-54588da35354Job ID 61
09-24 14:45:24.115  9371  9442 D WM-GreedyScheduler: Starting tracking for b1485174-f38d-40a9-84f9-54588da35354
09-24 14:45:24.117  9371  9371 D WM-SystemJobService: onStartJob for WorkGenerationalId(workSpecId=b1485174-f38d-40a9-84f9-54588da35354, generation=0)
09-24 14:45:24.132  9371  9442 D WM-Processor: Processor: processing WorkGenerationalId(workSpecId=b1485174-f38d-40a9-84f9-54588da35354, generation=0)
