20261001_074934 I/AppRingLogStore pid=9353 tid=9353 uptimeMs=611661608 msg=install: pid=9353 timeUtc=20261001_074934 uptimeMs=611661608
20261001_074934 D/SurveyApp pid=9353 tid=9353 uptimeMs=611661609 msg=attachBaseContext: pid=9353 process=com.negi.survey isMain=true sdk=35
20261001_074934 D/SurveyApp pid=9353 tid=9353 uptimeMs=611661611 msg=onCreate: pid=9353 process=com.negi.survey isMain=true sdk=35
20261001_075205 D/AiTrace pid=9353 tid=9353 uptimeMs=611812814 msg=Installed (enabled=false ringEnabled=true)
20261001_075205 D/LiteRtRepository pid=9353 tid=9353 uptimeMs=611812845 msg=warmUp init ok initMs=0 gateWaitMs=0
20261001_075205 D/LiteRtRepository pid=9353 tid=9353 uptimeMs=611812845 msg=warmUp Engine ready representativeInference=false totalMs=0
20261001_083905 I/AiViewModel pid=9353 tid=9353 uptimeMs=614632171 msg=onCleared: ViewModel is being cleared -> stopCurrentRunInternal()
20261001_122739 D/AiTrace pid=9353 tid=9353 uptimeMs=628346408 msg=Installed (enabled=false ringEnabled=true)
20261001_122739 D/LiteRtRepository pid=9353 tid=9353 uptimeMs=628346715 msg=warmUp init ok initMs=2 gateWaitMs=0
20261001_122739 D/LiteRtRepository pid=9353 tid=9353 uptimeMs=628346715 msg=warmUp Engine ready representativeInference=false totalMs=2
20261001_125958 I/AiViewModel pid=9353 tid=9353 uptimeMs=630285744 msg=onCleared: ViewModel is being cleared -> stopCurrentRunInternal()
20261001_130003 D/AiTrace pid=9353 tid=9353 uptimeMs=630290728 msg=Installed (enabled=false ringEnabled=true)
20261001_130003 D/LiteRtRepository pid=9353 tid=9353 uptimeMs=630290843 msg=warmUp init ok initMs=0 gateWaitMs=0
20261001_130003 D/LiteRtRepository pid=9353 tid=9353 uptimeMs=630290843 msg=warmUp Engine ready representativeInference=false totalMs=0
20261001_131306 D/LiteRtRepository pid=9353 tid=9454 uptimeMs=631073077 msg=[1] start model='Gemma3n4B' prompt.len=2318 sha=da167d100f0fc306 gateWaitMs=0
20261001_131306 D/LiteRtRepository pid=9353 tid=9454 uptimeMs=631073078 msg=[1] init ok initMs=1
20261001_131310 D/LiteRtRepository pid=9353 tid=9353 uptimeMs=631077673 msg=[1] logicalDone=true
20261001_131310 D/LiteRtRepository pid=9353 tid=9353 uptimeMs=631077673 msg=[1] native cleanup safepoint
20261001_131310 I/AiViewModel pid=9353 tid=9454 uptimeMs=631077681 msg=run[1] done: phase=EVAL mode=EVAL_JSON score=65 FU0.len=0 FU0.sha16=none commit=true err=<none>
20261001_131310 D/LiteRtRepository pid=9353 tid=9462 uptimeMs=631077684 msg=[1] Conversation reset completed after safepoint
20261001_131310 I/LiteRtRepository pid=9353 tid=9379 uptimeMs=631077684 msg=[1] finalize reason='native-terminated' totalMs=4608 inferenceMs=4606 firstTokenMs=2285 chunks=32 emittedChars=93 out.len=93 capturedAll=true logicalDone=true nativeTerminated=true cancelTag='null' lastDeltaMsAgo=86 lastEventMsAgo=11
20261001_131310 D/LiteRtRepository pid=9353 tid=9379 uptimeMs=631077686 msg=[2] start model='Gemma3n4B' prompt.len=1216 sha=19255c5e83142155 gateWaitMs=0
20261001_131310 D/LiteRtRepository pid=9353 tid=9379 uptimeMs=631077686 msg=[2] init ok initMs=0
20261001_131312 D/LiteRtRepository pid=9353 tid=9353 uptimeMs=631079851 msg=[2] logicalDone=true
20261001_131312 D/LiteRtRepository pid=9353 tid=9353 uptimeMs=631079851 msg=[2] native cleanup safepoint
20261001_131312 I/AiViewModel pid=9353 tid=9381 uptimeMs=631079857 msg=run[2] done: phase=FOLLOWUP mode=FOLLOWUP_JSON_OR_TEXT score=null FU0.len=42 FU0.sha16=69184f91c7b764e9 commit=false err=<none>
20261001_131312 D/LiteRtRepository pid=9353 tid=9454 uptimeMs=631079859 msg=[2] Conversation reset completed after safepoint
20261001_131312 I/LiteRtRepository pid=9353 tid=9381 uptimeMs=631079860 msg=[2] finalize reason='native-terminated' totalMs=2174 inferenceMs=2174 firstTokenMs=1022 chunks=15 emittedChars=42 out.len=42 capturedAll=true logicalDone=true nativeTerminated=true cancelTag='null' lastDeltaMsAgo=87 lastEventMsAgo=9
20261002_003256 I/AppRingLogStore pid=8389 tid=8389 uptimeMs=671863562 msg=install: pid=8389 timeUtc=20261002_003256 uptimeMs=671863562
20261002_003256 D/SurveyApp pid=8389 tid=8389 uptimeMs=671863563 msg=attachBaseContext: pid=8389 process=com.negi.survey isMain=true sdk=35
20261002_003256 D/SurveyApp pid=8389 tid=8389 uptimeMs=671863579 msg=onCreate: pid=8389 process=com.negi.survey isMain=true sdk=35
