=== RuntimeLogStore Header ===
ts=2026-09-03T18:05:01.857Z
fileNameFormat=LEGACY
appId=com.negi.survey
versionName=0.0.1
versionCode=37
debug=true
device=Google Pixel 9a
sdk=36
pid=9912
==============================
2026-09-03T18:05:01.859Z I/RuntimeLogStore [rtlog-io] start: actor launched (fileNameFormat=LEGACY)
2026-09-03T18:05:01.781Z D/SurveyApp [main] attachBaseContext: pid=9912 process=com.negi.survey isMain=true sdk=36
2026-09-03T18:05:01.782Z D/SurveyApp [main] bootTiming: attachBaseContext total=74ms
2026-09-03T18:05:01.782Z D/SurveyApp [main] Skipping WorkManager init in attachBaseContext; will init lazily on first enqueue.
2026-09-03T18:05:01.787Z D/SurveyApp [main] CrashCapture installed: where=SurveyApp:attachBaseContext
2026-09-03T18:05:01.860Z I/RuntimeLogStore [main] start repair: ctx/dir refreshed
2026-09-03T18:05:01.860Z D/SurveyApp [main] bootTiming: RuntimeLogStore.start took=0ms
2026-09-03T18:05:01.860Z D/SurveyApp [main] bootTiming: AppRingLogStore.install took=0ms
2026-09-03T18:05:01.861Z D/SurveyApp [main] onCreate: pid=9912 process=com.negi.survey isMain=true sdk=36
2026-09-03T18:05:01.871Z D/SurveyApp [main] CrashCapture installed: where=SurveyApp:onCreate(rewrap)
2026-09-03T18:05:01.872Z D/SurveyApp [main] CrashCapture self-healing registered.
2026-09-03T18:05:01.872Z W/SurveyApp [main] Startup enqueues deferred: delay=2500ms (to reduce init contention)
2026-09-03T18:05:01.872Z D/SurveyApp [main] bootTiming: onCreate total=12ms
2026-09-03T18:05:01.939Z I/RuntimeLogStore [DefaultDispatcher-worker-1] start repair: ctx/dir refreshed
2026-09-03T18:05:04.269Z I/RuntimeLogStore [DefaultDispatcher-worker-1] start repair: ctx/dir refreshed
