=== Previous Session Logcat ===
captured_time_utc=20260223_191219
captured_time_local=20260223_111219
marker=2026-02-23 09:51:00.268
preferred_prev_pid=-1
note=best-effort; buffers may be overwritten before next start
sdk=36
device=Google Pixel 9a
appId=com.negi.survey
versionName=0.0.1
versionCode=1

=== Logcat (since marker) ===
--------- beginning of system
02-23 09:51:00.291  9757  9757 D InsetsController: hide(ime())
02-23 10:28:11.606  9757  9757 D InsetsController: show(ime())
02-23 10:28:11.608  9757  9757 D InsetsController: Setting requestedVisibleTypes to 511 (was 503)
02-23 10:28:11.640  9757  9757 D InsetsController: show(ime())
02-23 10:28:17.314  9757  9757 D InsetsController: hide(ime())
02-23 10:28:17.314  9757  9757 D InsetsController: Setting requestedVisibleTypes to 503 (was 511)
02-23 10:28:17.433  9757  9757 D InsetsController: show(ime())
02-23 10:28:17.433  9757  9757 D InsetsController: Setting requestedVisibleTypes to 511 (was 503)
02-23 10:28:17.625  9757  9757 D InsetsController: show(ime())
02-23 10:28:26.753  9757  9757 D InsetsController: hide(ime())
02-23 10:28:26.753  9757  9757 D InsetsController: Setting requestedVisibleTypes to 503 (was 511)
02-23 10:29:01.960  9757  9757 D InsetsController: show(ime())
02-23 10:29:01.961  9757  9757 D InsetsController: Setting requestedVisibleTypes to 511 (was 503)
02-23 10:29:01.974  9757  9757 D InsetsController: show(ime())
--------- beginning of main
02-23 11:11:09.097  9757  9763 I com.negi.survey: Background concurrent mark compact GC freed 24MB AllocSpace bytes, 0(0B) LOS objects, 80% free, 5780KB/29MB, paused 866us,1.393ms total 135.850ms
02-23 11:12:16.796 13054 13054 I libc    : SetHeapTaggingLevel: tag level set to 0
02-23 11:12:16.804 13054 13054 I Zygote  : Process 13054 created for com.negi.survey
02-23 11:12:16.804 13054 13054 I com.negi.survey: Using CollectorTypeCMC GC.
02-23 11:12:16.816 13054 13054 D nativeloader: Load libframework-connectivity-tiramisu-jni.so using APEX ns com_android_tethering for caller /apex/com.android.tethering/javalib/framework-connectivity-t.jar: ok
02-23 11:12:16.861 13054 13054 D ApplicationLoaders: Returning zygote-cached class loader: /system_ext/framework/androidx.window.extensions.jar
02-23 11:12:16.861 13054 13054 D ApplicationLoaders: Returning zygote-cached class loader: /system_ext/framework/androidx.window.sidecar.jar
02-23 11:12:16.880 13054 13054 D nativeloader: Configuring clns-9 for other apk /data/app/~~PRxWpjzYxyoI5sk5lmDIEw==/com.negi.survey-WdDB-fctmo--QDr4IHn5sQ==/base.apk. target_sdk_version=36, uses_libraries=libOpenCL.so:libOpenCL-pixel.so, library_path=/data/app/~~PRxWpjzYxyoI5sk5lmDIEw==/com.negi.survey-WdDB-fctmo--QDr4IHn5sQ==/lib/arm64:/data/app/~~PRxWpjzYxyoI5sk5lmDIEw==/com.negi.survey-WdDB-fctmo--QDr4IHn5sQ==/base.apk!/lib/arm64-v8a, permitted_path=/data:/mnt/expand:/data/user/0/com.negi.survey
02-23 11:12:16.889 13054 13054 V GraphicsEnvironment: Currently set values for:
02-23 11:12:16.890 13054 13054 V GraphicsEnvironment:   angle_gl_driver_selection_pkgs=[com.android.angle, com.google.android.apps.tachyon]
02-23 11:12:16.890 13054 13054 V GraphicsEnvironment:   angle_gl_driver_selection_values=[angle, native]
02-23 11:12:16.890 13054 13054 V GraphicsEnvironment: com.negi.survey is not listed in per-application setting
02-23 11:12:16.890 13054 13054 V GraphicsEnvironment: ANGLE allowlist from config: 
02-23 11:12:16.890 13054 13054 V GraphicsEnvironment: No special selections for ANGLE, returning default driver choice
02-23 11:12:16.890 13054 13054 V GraphicsEnvironment: Neither updatable production driver nor prerelease driver is supported.
02-23 11:12:16.900 13054 13054 D nativeloader: Load /data/app/~~PRxWpjzYxyoI5sk5lmDIEw==/com.negi.survey-WdDB-fctmo--QDr4IHn5sQ==/base.apk!/lib/arm64-v8a/liblitertlm_jni.so using class loader ns clns-9 (caller=/data/app/~~PRxWpjzYxyoI5sk5lmDIEw==/com.negi.survey-WdDB-fctmo--QDr4IHn5sQ==/base.apk!classes4.dex): ok
02-23 11:12:16.900 13054 13054 D SurveyApp: Loaded LiteRTLM JNI: litertlm_jni where=attachBaseContext
02-23 11:12:16.908 13054 13054 D AppRingLogStore: installed: dir=/data/user/0/com.negi.survey/files/diagnostics/applog_ring idx=0
02-23 11:12:16.909 13054 13054 D CrashCapture: install: ensured default handler. where=SurveyApp:attachBaseContext pid=13054 default=com.negi.survey.CrashCapture$CrashHandler@b690374
02-23 11:12:16.910 13054 13054 D CrashCapture: install: ensured default handler. where=SurveyApp:onCreate(rewrap) pid=13054 default=com.negi.survey.CrashCapture$CrashHandler@b690374
02-23 11:12:16.910 13054 13054 D CrashCapture: registerSelfHealing: ActivityLifecycleCallbacks registered. mode=onResumedOnly
02-23 11:12:16.913 13054 13068 D RuntimeLogStore: openWriter: start -> /data/user/0/com.negi.survey/files/diagnostics/runtime_logs/rtlog_20260223_191216_907_pid13054_seq1.log (bytes=0 format=LEGACY)
02-23 11:12:16.914 13054 13068 D RuntimeLogStore: retention: start files=2 kept=2 totalBytes=7320
02-23 11:12:16.919 13054 13072 I DisplayManager: Choreographer implicitly registered for the refresh rate.
02-23 11:12:16.919 13054 13070 D UploadRescheduleRcvr: No GitHub pending files for action=android.intent.action.BOOT_COMPLETED
02-23 11:12:16.919 13054 13072 D vulkan  : searching for layers in '/data/app/~~PRxWpjzYxyoI5sk5lmDIEw==/com.negi.survey-WdDB-fctmo--QDr4IHn5sQ==/lib/arm64'
02-23 11:12:16.919 13054 13072 D vulkan  : searching for layers in '/data/app/~~PRxWpjzYxyoI5sk5lmDIEw==/com.negi.survey-WdDB-fctmo--QDr4IHn5sQ==/base.apk!/lib/arm64-v8a'
02-23 11:12:16.933 13054 13054 D DesktopExperienceFlags: Toggle override initialized to: false
02-23 11:12:16.935 13054 13054 E ashmem  : Pinning is deprecated since Android Q. Please use trim or other methods.
02-23 11:12:16.940 13054 13070 D WM-PackageManagerHelper: Skipping component enablement for androidx.work.impl.background.systemjob.SystemJobService
02-23 11:12:16.940 13054 13070 D WM-Schedulers: Created SystemJobScheduler and enabled SystemJobService
02-23 11:12:16.942 13054 13079 D WM-ForceStopRunnable: Is default app process = true
02-23 11:12:16.949 13054 13054 D CompatChangeReporter: Compat change id reported: 377864165; UID 14741; state: ENABLED
02-23 11:12:16.949 13054 13054 D DesktopModeFlags: Toggle override initialized to: OVERRIDE_UNSET
02-23 11:12:16.950 13054 13079 D WM-ForceStopRunnable: Performing cleanup operations.
02-23 11:12:16.958 13054 13054 I ContentCaptureHelper: Setting logging level to OFF
02-23 11:12:16.960 13054 13054 D CrashCapture: install: ensured default handler. where=selfHeal:onActivityResumed pid=13054 default=com.negi.survey.CrashCapture$CrashHandler@b690374
02-23 11:12:17.000 13054 13054 D WindowOnBackDispatcher: setTopOnBackInvokedCallback (unwrapped): android.app.Activity$$ExternalSyntheticLambda0@7882732
02-23 11:12:17.025 13054 13054 E VibratorInfo: Invalid frequency profile received from HAL. resonantFrequencyHz=NaN, frequenciesHz=null, outputAccelerationsGs=null
02-23 11:12:17.038 13054 13079 D WM-ForceStopRunnable: Application was force-stopped, rescheduling.
02-23 11:12:17.066 13054 13070 D github_upload: choosePolicy: uniqueName=upload_runtime_logs_startup policy=REPLACE states=[SUCCEEDED]
02-23 11:12:17.066 13054 13070 D github_upload: enqueueStartupRuntimeLogsUpload: uniqueName=upload_runtime_logs_startup policy=REPLACE
02-23 11:12:17.068 13054 13070 D UploadRescheduleRcvr: Enqueued runtime logs upload for action=android.intent.action.BOOT_COMPLETED reason=receiver_boot_completed
02-23 11:12:17.069 13054 13054 D VRI[MainActivity]: WindowInsets changed: 1080x2424 statusBars:[0,152,0,0] navigationBars:[0,0,0,69] mandatorySystemGestures:[0,187,0,92] 
02-23 11:12:17.074 13054 13054 I HWUI    : Using FreeType backend (prop=Auto)
02-23 11:12:17.097 13054 13091 D WM-SystemJobScheduler: Scheduling work ID c2877e29-3279-4536-936b-de657fa1b868Job ID 6
02-23 11:12:17.105 13054 13091 D WM-GreedyScheduler: Starting tracking for c2877e29-3279-4536-936b-de657fa1b868
02-23 11:12:17.122 13054 13091 D WM-PackageManagerHelper: androidx.work.impl.background.systemalarm.RescheduleReceiver enabled
02-23 11:12:17.127 13054 13091 D WM-ConstraintTracker: NetworkStateTracker24: initial state = NetworkState(isConnected=true, isValidated=true, isMetered=false, isNotRoaming=true, isBlocked=false)
02-23 11:12:17.127 13054 13091 D WM-NetworkStateTracker: Registering network callback
02-23 11:12:17.135 13054 13091 D WM-GreedyScheduler: Constraints met: Scheduling work ID WorkGenerationalId(workSpecId=c2877e29-3279-4536-936b-de657fa1b868, generation=0)
02-23 11:12:17.136 13054 13109 D WM-NetworkStateTracker: Network capabilities changed: [ Transports: WIFI Capabilities: NOT_METERED&INTERNET&NOT_RESTRICTED&TRUSTED&NOT_VPN&VALIDATED&NOT_ROAMING&FOREGROUND&NOT_CONGESTED&NOT_SUSPENDED&NOT_VCN_MANAGED&NOT_BANDWIDTH_CONSTRAINED LinkUpBandwidth>=13861Kbps LinkDnBandwidth>=103543Kbps TransportInfo: <SSID: <unknown ssid>, BSSID: 02:00:00:00:00:00, MAC: 02:00:00:00:00:00, IP: /192.168.1.27, Security type: 2, Supplicant state: COMPLETED, Wi-Fi standard: 11ac, RSSI: -30, Link speed: 866Mbps, Tx Link speed: 866Mbps, Max Supported Tx Link speed: 866Mbps, Rx Link speed: 866Mbps, Max Supported Rx Link speed: 866Mbps, Frequency: 5805MHz, Net ID: -1, Metered hint: false, score: 60, isUsable: true, CarrierMerged: false, SubscriptionId: -1, IsPrimary: -1, Trusted: true, Restricted: false, Ephemeral: false, OEM paid: false, OEM private: false, OSU AP: false, FQDN: <none>, Provider friendly name: <none>, Requesting package name: <none><none>MLO Information: , Is TID-To-Link negotiation supported by the AP: false, AP MLD Address: <none>, AP MLO Link Id: <none>, AP MLO Affiliated links: <none>, Vendor Data: <none>> SignalStrength: -30 UnderlyingNetworks: Null]
02-23 11:12:17.137 13054 13109 D WM-NetworkStateTracker: Network blocked status changed: false
02-23 11:12:17.154 13054 13091 D WM-Processor: Processor: processing WorkGenerationalId(workSpecId=c2877e29-3279-4536-936b-de657fa1b868, generation=0)
02-23 11:12:17.344 13054 13054 D WM-WorkerWrapper: Starting work for com.negi.survey.net.GitHubUploadWorker
02-23 11:12:17.349 13054 13089 I WM-Processor: Moving WorkSpec (c2877e29-3279-4536-936b-de657fa1b868) to the foreground
02-23 11:12:17.356 13054 13089 D WM-WorkProgressUpdater: Updating progress for c2877e29-3279-4536-936b-de657fa1b868 (Data {pct : 3, mode : startup_runtime_logs})
02-23 11:12:17.358 13054 13089 I WM-Processor: Moving WorkSpec (c2877e29-3279-4536-936b-de657fa1b868) to the foreground
02-23 11:12:17.359 13054 13054 D IntroScreen: Resolved config details: id=survey_config10.yaml in 17ms
02-23 11:12:17.359 13054 13054 D WM-SystemJobService: onStartJob for WorkGenerationalId(workSpecId=c2877e29-3279-4536-936b-de657fa1b868, generation=0)
02-23 11:12:17.362 13054 13089 D WM-Processor: Work WorkGenerationalId(workSpecId=c2877e29-3279-4536-936b-de657fa1b868, generation=0) is already enqueued for processing
02-23 11:12:17.386 13054 13054 I WM-SystemFgDispatcher: Started foreground service Intent { act=ACTION_START_FOREGROUND xflg=0x4 cmp=com.negi.survey/androidx.work.impl.foreground.SystemForegroundService (has extras) }
02-23 11:12:17.386 13054 13054 D WM-SystemFgDispatcher: Notifying with (id:8783, workSpecId: c2877e29-3279-4536-936b-de657fa1b868, notificationType :1)
02-23 11:12:17.388 13054 13054 D WM-SystemFgDispatcher: Notifying with (id:8783, workSpecId: c2877e29-3279-4536-936b-de657fa1b868, notificationType :1)
02-23 11:12:17.390 13054 13054 D WM-SystemFgDispatcher: Notifying with (id:8783, workSpecId: c2877e29-3279-4536-936b-de657fa1b868, notificationType :1)
02-23 11:12:17.403 13054 13054 D InsetsController: hide(ime())
02-23 11:12:17.404 13054 13054 I ImeTracker: com.negi.survey:4580f79f: onCancelled at PHASE_CLIENT_ALREADY_HIDDEN
02-23 11:12:18.560 13054 13068 D RuntimeLogStore: openWriter: rotate:plain_snapshot:receiver_boot_completed -> /data/user/0/com.negi.survey/files/diagnostics/runtime_logs/rtlog_20260223_191218_559_pid13054_seq2.log (bytes=0 format=LEGACY)
02-23 11:12:18.560 13054 13068 D RuntimeLogStore: retention: rotate:plain_snapshot:receiver_boot_completed files=3 kept=3 totalBytes=9029
02-23 11:12:18.593 13054 13070 D github_upload: doRuntimeLogsUpload: remoteBaseDir=diagnostics/runtime_logs/2026-02-23/runtime_logs_20260223_111218_pid13054_receiver_boot_completed toUpload=3 bytes=10216 dedupe=true deleteSource=true deletedSourcePre=0 preview='plain_logs_manifest_20260223_191218_564_pid13054_receiver_boot_completed.json|runtime_log_20260223_191218_564_pid13054_receiver_boot_completed__rtlog_20260223_191216_907_pid13054_seq1.log|runtime_log_20260223_191218_564_pid13054_receiver_boot_completed__rtlog_20260223_175101_516_pid9757_seq2.log'
02-23 11:12:18.595 13054 13070 D GitHubUploader: uploadStream: owner=ishizuki-tech repo=SurveyExports branch=main path=diagnostics/runtime_logs/2026-02-23/runtime_logs_20260223_111218_pid13054_receiver_boot_completed/plain_logs_manifest_20260223_191218_564_pid13054_receiver_boot_completed.json size=1523 maxRawBytesHint=1000000 maxRequestBytesHint=2800000
02-23 11:12:18.595 13054 13091 D WM-WorkProgressUpdater: Updating progress for c2877e29-3279-4536-936b-de657fa1b868 (Data {pct : 10, mode : startup_runtime_logs})
02-23 11:12:18.608 13054 13091 I WM-Processor: Moving WorkSpec (c2877e29-3279-4536-936b-de657fa1b868) to the foreground
02-23 11:12:18.622 13054 13054 D WM-SystemFgDispatcher: Notifying with (id:8783, workSpecId: c2877e29-3279-4536-936b-de657fa1b868, notificationType :1)
02-23 11:12:18.996 13054 13090 D WM-WorkProgressUpdater: Updating progress for c2877e29-3279-4536-936b-de657fa1b868 (Data {pct : 12, mode : startup_runtime_logs})
02-23 11:12:19.003 13054 13090 I WM-Processor: Moving WorkSpec (c2877e29-3279-4536-936b-de657fa1b868) to the foreground
02-23 11:12:19.007 13054 13090 D WM-WorkProgressUpdater: Updating progress for c2877e29-3279-4536-936b-de657fa1b868 (Data {pct : 33, mode : startup_runtime_logs})
02-23 11:12:19.021 13054 13090 I WM-Processor: Moving WorkSpec (c2877e29-3279-4536-936b-de657fa1b868) to the foreground
02-23 11:12:19.025 13054 13054 D WM-SystemFgDispatcher: Notifying with (id:8783, workSpecId: c2877e29-3279-4536-936b-de657fa1b868, notificationType :1)
02-23 11:12:19.044 13054 13054 D WM-SystemFgDispatcher: Notifying with (id:8783, workSpecId: c2877e29-3279-4536-936b-de657fa1b868, notificationType :1)
02-23 11:12:19.436 13054 13054 D github_upload: choosePolicy: uniqueName=upload_runtime_logs_startup policy=KEEP states=[RUNNING]
02-23 11:12:19.436 13054 13054 D github_upload: enqueueStartupRuntimeLogsUpload: uniqueName=upload_runtime_logs_startup policy=KEEP
02-23 11:12:19.445 13054 13054 D github_upload: choosePolicy: uniqueName=upload_ring_logs_startup policy=REPLACE states=[SUCCEEDED]
02-23 11:12:19.445 13054 13054 D github_upload: enqueueStartupRingLogsUpload: uniqueName=upload_ring_logs_startup policy=REPLACE
02-23 11:12:19.447 13054 13151 D CrashCapture: enqueuePendingCrashUploadsIfPossible enter where=SurveyApp:enqueuePending(immediate):bg pid=13054 thread=CrashCapture-Enqueue
02-23 11:12:19.471 13054 13079 D WM-SystemJobScheduler: Scheduling work ID f3cc6e1e-da3c-4aa1-bbc9-0e3bf28a5267Job ID 7
02-23 11:12:19.483 13054 13079 D WM-GreedyScheduler: Starting tracking for f3cc6e1e-da3c-4aa1-bbc9-0e3bf28a5267
02-23 11:12:19.487 13054 13089 D WM-GreedyScheduler: Constraints met: Scheduling work ID WorkGenerationalId(workSpecId=f3cc6e1e-da3c-4aa1-bbc9-0e3bf28a5267, generation=0)
02-23 11:12:19.488 13054 13089 D WM-Processor: Processor: processing WorkGenerationalId(workSpecId=f3cc6e1e-da3c-4aa1-bbc9-0e3bf28a5267, generation=0)
02-23 11:12:19.491 13054 13054 D WM-SystemJobService: onStartJob for WorkGenerationalId(workSpecId=f3cc6e1e-da3c-4aa1-bbc9-0e3bf28a5267, generation=0)
02-23 11:12:19.507 13054 13079 D WM-Processor: Work WorkGenerationalId(workSpecId=f3cc6e1e-da3c-4aa1-bbc9-0e3bf28a5267, generation=0) is already enqueued for processing
02-23 11:12:19.508 13054 13054 D WM-WorkerWrapper: Starting work for com.negi.survey.net.GitHubUploadWorker
02-23 11:12:19.513 13054 13079 I WM-Processor: Moving WorkSpec (f3cc6e1e-da3c-4aa1-bbc9-0e3bf28a5267) to the foreground
02-23 11:12:19.520 13054 13089 D WM-WorkProgressUpdater: Updating progress for f3cc6e1e-da3c-4aa1-bbc9-0e3bf28a5267 (Data {pct : 3, mode : startup_ring_logs})
02-23 11:12:19.522 13054 13091 I WM-Processor: Moving WorkSpec (f3cc6e1e-da3c-4aa1-bbc9-0e3bf28a5267) to the foreground
02-23 11:12:19.545 13054 13054 I WM-SystemFgDispatcher: Started foreground service Intent { act=ACTION_START_FOREGROUND xflg=0x4 cmp=com.negi.survey/androidx.work.impl.foreground.SystemForegroundService (has extras) }
02-23 11:12:19.545 13054 13054 D WM-SystemFgDispatcher: Notifying with (id:8157, workSpecId: f3cc6e1e-da3c-4aa1-bbc9-0e3bf28a5267, notificationType :1)
02-23 11:12:19.550 13054 13054 D WM-SystemFgDispatcher: Notifying with (id:8157, workSpecId: f3cc6e1e-da3c-4aa1-bbc9-0e3bf28a5267, notificationType :1)
02-23 11:12:19.555 13054 13054 D WM-SystemFgDispatcher: Notifying with (id:8157, workSpecId: f3cc6e1e-da3c-4aa1-bbc9-0e3bf28a5267, notificationType :1)
