=== RuntimeLogStore Header ===
ts=2026-09-30T02:05:15.670Z
fileNameFormat=LEGACY
appId=com.negi.survey
versionName=0.0.1
versionCode=101
debug=false
device=samsung SM-S931U1
sdk=36
pid=19949
==============================
2026-09-30T02:05:15.670Z I/RuntimeLogStore [rtlog-io] start: actor launched (fileNameFormat=LEGACY)
2026-09-30T02:05:15.668Z D/SurveyApp [main] attachBaseContext: pid=19949 process=com.negi.survey isMain=true sdk=36
2026-09-30T02:05:15.668Z D/SurveyApp [main] bootTiming: attachBaseContext total=5ms
2026-09-30T02:05:15.668Z D/SurveyApp [main] Skipping WorkManager init in attachBaseContext; will init lazily on first enqueue.
2026-09-30T02:05:15.668Z D/SurveyApp [main] CrashCapture installed: where=SurveyApp:attachBaseContext
2026-09-30T02:05:15.675Z I/RuntimeLogStore [main] start repair: ctx/dir refreshed
2026-09-30T02:05:15.675Z D/SurveyApp [main] bootTiming: RuntimeLogStore.start took=0ms
2026-09-30T02:05:15.675Z D/SurveyApp [main] bootTiming: AppRingLogStore.install took=0ms
2026-09-30T02:05:15.675Z D/SurveyApp [main] onCreate: pid=19949 process=com.negi.survey isMain=true sdk=36
2026-09-30T02:05:15.677Z D/SurveyApp [main] CrashCapture installed: where=SurveyApp:onCreate(rewrap)
2026-09-30T02:05:15.678Z D/SurveyApp [main] CrashCapture self-healing registered.
2026-09-30T02:05:15.678Z W/SurveyApp [main] Startup enqueues deferred: delay=2500ms (to reduce init contention)
2026-09-30T02:05:15.678Z D/SurveyApp [main] Startup survey recovery deferred: delay=2500ms
2026-09-30T02:05:15.678Z D/SurveyApp [main] bootTiming: onCreate total=3ms
2026-09-30T02:05:15.689Z I/RuntimeLogStore [DefaultDispatcher-worker-2] start repair: ctx/dir refreshed
2026-09-30T02:05:16.936Z I/RuntimeLogStore [DefaultDispatcher-worker-2] start repair: ctx/dir refreshed
