=== RuntimeLogStore Header ===
ts=2026-09-23T06:37:50.415Z
fileNameFormat=LEGACY
appId=com.negi.survey
versionName=0.0.1
versionCode=43
debug=false
device=vivo V2202
sdk=35
pid=14601
==============================
2026-09-23T06:37:50.416Z I/RuntimeLogStore [rtlog-io] start: actor launched (fileNameFormat=LEGACY)
2026-09-23T06:37:50.420Z D/SurveyApp [main] attachBaseContext: pid=14601 process=com.negi.survey isMain=true sdk=35
2026-09-23T06:37:50.434Z D/SurveyApp [main] bootTiming: attachBaseContext total=363ms
2026-09-23T06:37:50.435Z D/SurveyApp [main] Skipping WorkManager init in attachBaseContext; will init lazily on first enqueue.
2026-09-23T06:37:50.436Z D/SurveyApp [main] CrashCapture installed: where=SurveyApp:attachBaseContext
2026-09-23T06:37:50.513Z I/RuntimeLogStore [main] start repair: ctx/dir refreshed
2026-09-23T06:37:50.514Z D/SurveyApp [main] bootTiming: RuntimeLogStore.start took=1ms
2026-09-23T06:37:50.514Z D/SurveyApp [main] bootTiming: AppRingLogStore.install took=0ms
2026-09-23T06:37:50.514Z D/SurveyApp [main] onCreate: pid=14601 process=com.negi.survey isMain=true sdk=35
2026-09-23T06:37:50.517Z D/SurveyApp [main] CrashCapture installed: where=SurveyApp:onCreate(rewrap)
2026-09-23T06:37:50.519Z D/SurveyApp [main] CrashCapture self-healing registered.
2026-09-23T06:37:50.519Z W/SurveyApp [main] Startup enqueues deferred: delay=2500ms (to reduce init contention)
2026-09-23T06:37:50.519Z D/SurveyApp [main] bootTiming: onCreate total=6ms
2026-09-23T06:37:50.614Z I/RuntimeLogStore [DefaultDispatcher-worker-2] start repair: ctx/dir refreshed
2026-09-23T06:37:52.774Z I/RuntimeLogStore [DefaultDispatcher-worker-2] start repair: ctx/dir refreshed
