=== RuntimeLogStore Header ===
ts=2026-09-24T18:47:39.958Z
fileNameFormat=LEGACY
appId=com.negi.survey
versionName=0.0.1
versionCode=87
debug=false
device=samsung SM-S931U1
sdk=36
pid=21367
==============================
2026-09-24T18:47:39.958Z I/RuntimeLogStore [rtlog-io] start: actor launched (fileNameFormat=LEGACY)
2026-09-24T18:47:39.958Z D/SurveyApp [main] attachBaseContext: pid=21367 process=com.negi.survey isMain=true sdk=36
2026-09-24T18:47:39.958Z D/SurveyApp [main] bootTiming: attachBaseContext total=4ms
2026-09-24T18:47:39.958Z D/SurveyApp [main] Skipping WorkManager init in attachBaseContext; will init lazily on first enqueue.
2026-09-24T18:47:39.958Z D/SurveyApp [main] CrashCapture installed: where=SurveyApp:attachBaseContext
2026-09-24T18:47:39.960Z I/RuntimeLogStore [main] start repair: ctx/dir refreshed
2026-09-24T18:47:39.960Z D/SurveyApp [main] bootTiming: RuntimeLogStore.start took=1ms
2026-09-24T18:47:39.960Z D/SurveyApp [main] bootTiming: AppRingLogStore.install took=0ms
2026-09-24T18:47:39.960Z D/SurveyApp [main] onCreate: pid=21367 process=com.negi.survey isMain=true sdk=36
2026-09-24T18:47:39.960Z D/SurveyApp [main] CrashCapture installed: where=SurveyApp:onCreate(rewrap)
2026-09-24T18:47:39.960Z D/SurveyApp [main] CrashCapture self-healing registered.
2026-09-24T18:47:39.961Z W/SurveyApp [main] Startup enqueues deferred: delay=2500ms (to reduce init contention)
2026-09-24T18:47:39.961Z D/SurveyApp [main] bootTiming: onCreate total=1ms
2026-09-24T18:47:42.461Z W/SurveyApp [main] Deferred startup enqueues begin...
2026-09-24T18:47:42.462Z D/SurveyApp [main] WorkManager available. where=startupRtLogs(immediate) took=0ms
2026-09-24T18:47:42.465Z D/SurveyApp [main] Startup runtime logs target -> owner=ishizuki-tech repo=SurveyExports branch=main base='/diagnostics/runtime_logs'
2026-09-24T18:47:42.471Z D/SurveyApp [main] Startup runtime logs: enqueue requested (immediate).
2026-09-24T18:47:42.471Z D/SurveyApp [main] WorkManager available. where=startupRingLogs(immediate) took=0ms
2026-09-24T18:47:42.472Z D/SurveyApp [main] Startup ring logs target -> owner=ishizuki-tech repo=SurveyExports branch=main base='/diagnostics/applog_ring'
2026-09-24T18:47:42.473Z D/SurveyApp [main] Startup ring logs: enqueue requested (immediate).
2026-09-24T18:47:42.473Z D/SurveyApp [main] WorkManager available. where=enqueuePending(immediate) took=0ms
2026-09-24T18:47:42.473Z D/SurveyApp [main] CrashCapture pending uploads requested (immediate).
2026-09-24T18:47:42.473Z W/SurveyApp [main] Deferred startup enqueues done: took=12ms
2026-09-24T18:47:43.710Z I/RuntimeLogStore [DefaultDispatcher-worker-2] start repair: ctx/dir refreshed
