=== RuntimeLogStore Header ===
ts=2026-10-05T10:54:22.941Z
fileNameFormat=LEGACY
appId=com.negi.survey
versionName=0.0.1
versionCode=105
debug=false
device=samsung SM-S936B
sdk=35
pid=25478
==============================
2026-10-05T10:54:22.941Z I/RuntimeLogStore [rtlog-io] --- rotated (reason=plain_snapshot:app_start) ---
2026-10-05T10:54:29.799Z W/LiteRtLM [DefaultDispatcher-worker-4] Engine.initialize completed: key='fs|dev=65083|ino=38577|size=4919541760|mtime=1791197404755' backend=com.google.ai.edge.litertlm.Backend$GPU@ba77a28 took=7455ms cacheFilesAfter=2
2026-10-05T10:54:29.808Z D/LiteRtLM [DefaultDispatcher-worker-4] createConversation completed: key='fs|dev=65083|ino=38577|size=4919541760|mtime=1791197404755' took=8ms
2026-10-05T10:54:29.808Z D/LiteRtLM [DefaultDispatcher-worker-4] LiteRT-LM initialization succeeded: model='Gemma3n4B', key='fs|dev=65083|ino=38577|size=4919541760|mtime=1791197404755' engineMs=7455 conversationMs=8 totalMs=7465
2026-10-05T10:54:32.055Z D/LiteRtLM [DefaultDispatcher-worker-4] initializeIfNeeded: warm runtime already ready: key='fs|dev=65083|ino=38577|size=4919541760|mtime=1791197404755'
2026-10-05T10:54:32.061Z D/AiTrace [main] Installed (enabled=false ringEnabled=true)
2026-10-05T10:54:32.064Z D/SurveyVM [main] init -> Start, session=0, uuid=01ffb49e-3d58-434d-a059-cd2ce0363d9d, navSize=1, graphSize=22
2026-10-05T10:54:32.068Z D/SurveyVM [main] config.validate -> issues=0
2026-10-05T10:54:32.068Z D/SurveyVM [main] promptSources -> legacy=10, eval=0, follow=0
2026-10-05T10:54:32.068Z D/SurveyVM [main] promptSources.preview -> legacy=[Q10, Q11, Q12, Q13, Q14, Q15, Q16, Q7, Q8, Q9], eval=[], follow=[]
2026-10-05T10:54:32.068Z D/SurveyVM [main] hasTwoStepPrompt[Q10] -> true (eval=179, fu=204)
2026-10-05T10:54:32.068Z D/SurveyVM [main] hasTwoStepPrompt[Q11] -> true (eval=171, fu=196)
2026-10-05T10:54:32.068Z D/SurveyVM [main] hasTwoStepPrompt[Q12] -> true (eval=159, fu=184)
2026-10-05T10:54:32.068Z D/SurveyVM [main] hasTwoStepPrompt[Q13] -> true (eval=209, fu=234)
2026-10-05T10:54:32.068Z D/SurveyVM [main] hasTwoStepPrompt[Q14] -> true (eval=150, fu=175)
2026-10-05T10:54:32.068Z D/SurveyVM [main] hasTwoStepPrompt[Q15] -> true (eval=167, fu=192)
2026-10-05T10:54:32.068Z D/SurveyVM [main] hasTwoStepPrompt[Q16] -> true (eval=194, fu=219)
2026-10-05T10:54:32.068Z D/SurveyVM [main] hasTwoStepPrompt[Q7] -> true (eval=244, fu=155)
2026-10-05T10:54:32.068Z D/SurveyVM [main] hasTwoStepPrompt[Q8] -> true (eval=186, fu=211)
2026-10-05T10:54:32.068Z D/SurveyVM [main] hasTwoStepPrompt[Q9] -> true (eval=169, fu=194)
2026-10-05T10:54:32.068Z D/SurveyVM [main] AI prompt coverage OK (aiCount=10)
2026-10-05T10:54:32.081Z D/LiteRtLM [slm-jni] initializeIfNeeded: warm runtime already ready: key='fs|dev=65083|ino=38577|size=4919541760|mtime=1791197404755'
2026-10-05T10:54:32.081Z D/LiteRtRepository [main] warmUp: initializeIfNeeded ok gateWaitMs=0 initMs=1
2026-10-05T10:54:32.081Z D/LiteRtRepository [main] warmUp: Engine ready; representative inference disabled totalMs=1
2026-10-05T10:54:36.081Z D/SurveyVM [main] resetAudioRefs -> cleared
2026-10-05T10:54:36.082Z D/SurveyVM [main] resetNavToStart -> key=com.negi.survey.vm.FlowHome@cae7064, navSize=1
2026-10-05T10:54:36.082Z D/SurveyVM [main] resetToStart -> Start, session=1, uuid=1e894245-19f0-4e03-9012-1027d1dc5501, preserveDraft=true, draftLen=0
2026-10-05T10:54:36.082Z D/SurveyVM [main] activateRunIfNeeded(advanceToNext:Introduction) -> runNoteLen=0, draftCleared=true, uuid=1e894245-19f0-4e03-9012-1027d1dc5501
2026-10-05T10:54:36.082Z D/SurveyVM [main] push -> Introduction, navSize=2, stackSize=2
2026-10-05T10:54:59.094Z D/SurveyVM [main] push -> Consent, navSize=3, stackSize=3
2026-10-05T10:55:10.947Z D/SurveyVM [main] backToPrevious -> Introduction (runActive=true, uiLen=0, runLen=0, draftLen=0)
2026-10-05T10:55:12.857Z D/SurveyVM [main] push -> Consent, navSize=3, stackSize=3
2026-10-05T10:55:15.567Z D/SurveyVM [main] push -> Q1, navSize=4, stackSize=4
2026-10-05T10:55:25.677Z D/SurveyVM [main] push -> Q2, navSize=5, stackSize=5
2026-10-05T10:55:31.925Z D/SurveyVM [main] push -> Q3, navSize=6, stackSize=6
2026-10-05T10:55:40.482Z D/SurveyVM [main] push -> Q4, navSize=7, stackSize=7
2026-10-05T10:55:44.477Z D/SurveyVM [main] push -> Q5, navSize=8, stackSize=8
2026-10-05T10:55:47.631Z D/SurveyVM [main] backToPrevious -> Q4 (runActive=true, uiLen=0, runLen=0, draftLen=0)
2026-10-05T10:55:52.125Z D/SurveyVM [main] push -> Q5, navSize=8, stackSize=8
2026-10-05T10:55:56.302Z D/SurveyVM [main] push -> Q6, navSize=9, stackSize=9
2026-10-05T10:56:06.405Z D/SurveyVM [main] push -> Q7, navSize=10, stackSize=10
2026-10-05T10:56:06.423Z D/SurveyVM [main] hasTwoStepPrompt[Q7] -> true (eval=244, fu=155)
2026-10-05T10:56:10.691Z D/SurveyVM [main] push -> Q8, navSize=11, stackSize=11
2026-10-05T10:56:10.696Z D/SurveyVM [main] hasTwoStepPrompt[Q8] -> true (eval=186, fu=211)
2026-10-05T10:56:13.485Z D/SurveyVM [main] push -> Q9, navSize=12, stackSize=12
2026-10-05T10:56:13.490Z D/SurveyVM [main] hasTwoStepPrompt[Q9] -> true (eval=169, fu=194)
2026-10-05T10:56:16.371Z D/SurveyVM [main] push -> Q10, navSize=13, stackSize=13
2026-10-05T10:56:16.376Z D/SurveyVM [main] hasTwoStepPrompt[Q10] -> true (eval=179, fu=204)
2026-10-05T10:56:19.365Z D/SurveyVM [main] push -> Q11, navSize=14, stackSize=14
2026-10-05T10:56:19.369Z D/SurveyVM [main] hasTwoStepPrompt[Q11] -> true (eval=171, fu=196)
2026-10-05T10:56:22.234Z D/SurveyVM [main] push -> Q12, navSize=15, stackSize=15
2026-10-05T10:56:22.241Z D/SurveyVM [main] hasTwoStepPrompt[Q12] -> true (eval=159, fu=184)
2026-10-05T10:56:25.028Z D/SurveyVM [main] push -> Q13, navSize=16, stackSize=16
2026-10-05T10:56:25.033Z D/SurveyVM [main] hasTwoStepPrompt[Q13] -> true (eval=209, fu=234)
2026-10-05T10:56:27.538Z D/SurveyVM [main] push -> Q14, navSize=17, stackSize=17
2026-10-05T10:56:27.544Z D/SurveyVM [main] hasTwoStepPrompt[Q14] -> true (eval=150, fu=175)
2026-10-05T10:56:29.874Z D/SurveyVM [main] push -> Q15, navSize=18, stackSize=18
2026-10-05T10:56:29.879Z D/SurveyVM [main] hasTwoStepPrompt[Q15] -> true (eval=167, fu=192)
2026-10-05T10:56:32.517Z D/SurveyVM [main] push -> Q16, navSize=19, stackSize=19
2026-10-05T10:56:32.522Z D/SurveyVM [main] hasTwoStepPrompt[Q16] -> true (eval=194, fu=219)
2026-10-05T10:56:35.245Z D/SurveyVM [main] push -> Review, navSize=20, stackSize=20
2026-10-05T10:56:35.250Z D/SurveyVM [main] hasTwoStepPrompt[Review] -> false (eval=0, fu=0)
2026-10-05T10:56:44.361Z D/SurveyVM [main] push -> Done, navSize=21, stackSize=21
