=== RuntimeLogStore Header ===
ts=2026-09-29T04:33:04.386Z
fileNameFormat=LEGACY
appId=com.negi.survey
versionName=0.0.1
versionCode=1
debug=true
device=Google Pixel 9a
sdk=36
pid=11907
==============================
2026-09-29T04:33:04.387Z I/RuntimeLogStore [rtlog-io] start: actor launched (fileNameFormat=LEGACY)
2026-09-29T04:33:04.379Z D/SurveyApp [main] attachBaseContext: pid=11907 process=com.negi.survey isMain=true sdk=36
2026-09-29T04:33:04.380Z D/SurveyApp [main] bootTiming: attachBaseContext total=50ms
2026-09-29T04:33:04.380Z D/SurveyApp [main] Skipping WorkManager init in attachBaseContext; will init lazily on first enqueue.
2026-09-29T04:33:04.381Z D/SurveyApp [main] CrashCapture installed: where=SurveyApp:attachBaseContext
2026-09-29T04:33:04.393Z I/RuntimeLogStore [main] start repair: ctx/dir refreshed
2026-09-29T04:33:04.393Z D/SurveyApp [main] bootTiming: RuntimeLogStore.start took=0ms
2026-09-29T04:33:04.393Z D/SurveyApp [main] bootTiming: AppRingLogStore.install took=0ms
2026-09-29T04:33:04.393Z D/SurveyApp [main] onCreate: pid=11907 process=com.negi.survey isMain=true sdk=36
2026-09-29T04:33:04.397Z D/SurveyApp [main] CrashCapture installed: where=SurveyApp:onCreate(rewrap)
2026-09-29T04:33:04.398Z D/SurveyApp [main] CrashCapture self-healing registered.
2026-09-29T04:33:04.398Z W/SurveyApp [main] Startup enqueues deferred: delay=2500ms (to reduce init contention)
2026-09-29T04:33:04.398Z D/SurveyApp [main] Startup survey recovery deferred: delay=2500ms
2026-09-29T04:33:04.398Z D/SurveyApp [main] bootTiming: onCreate total=5ms
2026-09-29T04:33:04.410Z I/RuntimeLogStore [DefaultDispatcher-worker-1] start repair: ctx/dir refreshed
2026-09-29T04:33:05.901Z I/RuntimeLogStore [DefaultDispatcher-worker-1] start repair: ctx/dir refreshed
