=== Previous Session Logcat ===
captured_time_utc=20260706_131016
captured_time_local=20260706_061016
marker=2026-07-01 09:12:26.250
preferred_prev_pid=-1
note=best-effort; buffers may be overwritten before next start
sdk=36
device=samsung SM-S931U1
appId=com.negi.survey
versionName=v0.0.1-20260318-172107
versionCode=22

=== Logcat (since marker) ===
--------- beginning of main
07-06 06:10:13.514 15434 15434 I com.negi.survey: Using CollectorTypeCMC GC.
07-06 06:10:13.524 15434 15434 D nativeloader: Load libframework-connectivity-tiramisu-jni.so using APEX ns com_android_tethering for caller /apex/com.android.tethering/javalib/framework-connectivity-t.jar: ok
07-06 06:10:13.529 15434 15434 D ActivityThread: setConscryptValidator
07-06 06:10:13.530 15434 15434 D ActivityThread: setConscryptValidator - put
07-06 06:10:13.545 15434 15434 D ApplicationLoaders: Returning zygote-cached class loader: /system_ext/framework/androidx.window.extensions.jar
07-06 06:10:13.545 15434 15434 D ApplicationLoaders: Returning zygote-cached class loader: /system_ext/framework/androidx.window.sidecar.jar
07-06 06:10:13.562 15434 15434 D nativeloader: Configuring clns-9 for other apk /data/app/~~iGpZo-lJAbYSSAaeRWZ8xw==/com.negi.survey-2KnbEk2cM_Zw9CsocNBXMA==/base.apk. target_sdk_version=36, uses_libraries=libOpenCL.so, library_path=/data/app/~~iGpZo-lJAbYSSAaeRWZ8xw==/com.negi.survey-2KnbEk2cM_Zw9CsocNBXMA==/lib/arm64:/data/app/~~iGpZo-lJAbYSSAaeRWZ8xw==/com.negi.survey-2KnbEk2cM_Zw9CsocNBXMA==/base.apk!/lib/arm64-v8a, permitted_path=/data:/mnt/expand:/data/user/0/com.negi.survey
07-06 06:10:13.570 15434 15434 V GraphicsEnvironment: Currently set values for:
07-06 06:10:13.570 15434 15434 V GraphicsEnvironment:   angle_gl_driver_selection_pkgs=[]
07-06 06:10:13.570 15434 15434 V GraphicsEnvironment:   angle_gl_driver_selection_values=[]
07-06 06:10:13.570 15434 15434 V GraphicsEnvironment: com.negi.survey is not listed in per-application setting
07-06 06:10:13.570 15434 15434 V GraphicsEnvironment: ANGLE allowlist from config: 
07-06 06:10:13.570 15434 15434 V GraphicsEnvironment: com.negi.survey is not listed in ANGLE allowlist or settings, returning default
07-06 06:10:13.570 15434 15434 V GraphicsEnvironment: App is not on the allowlist for updatable production driver.
07-06 06:10:13.605 15434 15434 D nativeloader: Load /data/app/~~iGpZo-lJAbYSSAaeRWZ8xw==/com.negi.survey-2KnbEk2cM_Zw9CsocNBXMA==/base.apk!/lib/arm64-v8a/liblitertlm_jni.so using class loader ns clns-9 (caller=/data/app/~~iGpZo-lJAbYSSAaeRWZ8xw==/com.negi.survey-2KnbEk2cM_Zw9CsocNBXMA==/base.apk!classes4.dex): ok
07-06 06:10:13.605 15434 15434 D SurveyApp: Loaded LiteRTLM JNI: litertlm_jni where=attachBaseContext
07-06 06:10:13.620 15434 15522 D RuntimeLogStore: openWriter: start -> /data/user/0/com.negi.survey/files/diagnostics/runtime_logs/rtlog_20260706_131013_615_pid15434_seq1.log (bytes=0 format=LEGACY)
07-06 06:10:13.620 15434 15434 D AppRingLogStore: installed: dir=/data/user/0/com.negi.survey/files/diagnostics/applog_ring idx=0
07-06 06:10:13.621 15434 15522 D RuntimeLogStore: retention: start files=2 kept=2 totalBytes=1768
07-06 06:10:13.622 15434 15434 D CrashCapture: install: ensured default handler. where=SurveyApp:attachBaseContext pid=15434 default=com.negi.survey.CrashCapture$CrashHandler@c3c32c7
07-06 06:10:13.623 15434 15434 D CrashCapture: install: ensured default handler. where=SurveyApp:onCreate(rewrap) pid=15434 default=com.negi.survey.CrashCapture$CrashHandler@c3c32c7
07-06 06:10:13.623 15434 15434 D CrashCapture: registerSelfHealing: ActivityLifecycleCallbacks registered. mode=onResumedOnly
07-06 06:10:13.661 15434 15528 D UploadRescheduleRcvr: No GitHub pending files for action=android.intent.action.BOOT_COMPLETED
07-06 06:10:13.711 15434 15528 D WM-PackageManagerHelper: Skipping component enablement for androidx.work.impl.background.systemjob.SystemJobService
07-06 06:10:13.711 15434 15528 D WM-Schedulers: Created SystemJobScheduler and enabled SystemJobService
07-06 06:10:13.713 15434 15554 D WM-ForceStopRunnable: Is default app process = true
07-06 06:10:13.714 15434 15554 D WM-ForceStopRunnable: Performing cleanup operations.
07-06 06:10:13.722 15434 15554 E ashmem  : Pinning is deprecated since Android Q. Please use trim or other methods.
07-06 06:10:13.760 15434 15528 D github_upload: choosePolicy: uniqueName=upload_runtime_logs_startup policy=REPLACE states=[]
07-06 06:10:13.760 15434 15528 D github_upload: enqueueStartupRuntimeLogsUpload: uniqueName=upload_runtime_logs_startup policy=REPLACE
07-06 06:10:13.762 15434 15528 D UploadRescheduleRcvr: Enqueued runtime logs upload for action=android.intent.action.BOOT_COMPLETED reason=receiver_boot_completed
07-06 06:10:13.787 15434 15574 D WM-SystemJobScheduler: Scheduling work ID 5bcb531d-9e7d-4594-9629-2ffa65b1ced2Job ID 11
07-06 06:10:13.788 15434 15574 D WM-GreedyScheduler: Starting tracking for 5bcb531d-9e7d-4594-9629-2ffa65b1ced2
07-06 06:10:13.793 15434 15574 D WM-PackageManagerHelper: Skipping component enablement for androidx.work.impl.background.systemalarm.RescheduleReceiver
07-06 06:10:13.797 15434 15434 D WM-SystemJobService: onStartJob for WorkGenerationalId(workSpecId=5bcb531d-9e7d-4594-9629-2ffa65b1ced2, generation=0)
07-06 06:10:13.798 15434 15574 D WM-ConstraintTracker: NetworkStateTracker24: initial state = NetworkState(isConnected=true, isValidated=true, isMetered=false, isNotRoaming=true, isBlocked=false)
07-06 06:10:13.798 15434 15574 D WM-NetworkStateTracker: Registering network callback
07-06 06:10:13.799 15434 15574 D ConnectivityManager: StackLog: [android.net.ConnectivityManager.sendRequestForNetwork(ConnectivityManager.java:4744)] [android.net.ConnectivityManager.registerDefaultNetworkCallbackForUid(ConnectivityManager.java:5469)] [android.net.ConnectivityManager.registerDefaultNetworkCallback(ConnectivityManager.java:5436)] [android.net.ConnectivityManager.registerDefaultNetworkCallback(ConnectivityManager.java:5410)] [androidx.work.impl.utils.NetworkApi24.registerDefaultNetworkCallbackCompat(NetworkApi24.kt:26)] [androidx.work.impl.constraints.trackers.NetworkStateTracker24.startTracking(NetworkStateTracker.kt:215)] [androidx.work.impl.constraints.trackers.ConstraintTracker.addListener(ConstraintTracker.kt:51)] [androidx.work.impl.constraints.controllers.BaseConstraintController$track$1.invokeSuspend(ContraintControllers.kt:62)] [androidx.work.impl.constraints.controllers.BaseConstraintController$track$1.invoke(Unknown Source:8)] [androidx.work.impl.constraints.controllers.BaseConstraintController$track$1.invoke(Unknown Source:4)] [kotlinx.coroutines.flow.ChannelFlowBuilder.collectTo$suspendImpl(Builders.kt:316)] [kotlinx.coroutines.flow.ChannelFlowBuilder.collectTo(Unknown Source:0)] [kotlinx.coroutines.flow.CallbackFlowBuilder.collectTo(Builders.kt:330)] [kotlinx.coroutines.flow.internal.ChannelFlow$collectToFun$1.invokeSuspend(ChannelFlow.kt:56)] [kotlin.coroutines.jvm.internal.BaseContinuationImpl.resumeWith(ContinuationImpl.kt:34)] [kotlinx.coroutines.DispatchedTask.run(DispatchedTask.kt:100)] [androidx.work.impl.utils.SerialExecutorImpl$Task.run(SerialExecutorImpl.java:96)] [java.util.concurrent.ThreadPoolExecutor.runWorker(ThreadPoolExecutor.java:1154)] [java.util.concurrent.ThreadPoolExecutor$Worker.run(ThreadPoolExecutor.java:652)] [java.lang.Thread.run(Thread.java:1564)]
07-06 06:10:13.801 15434 15591 D WM-NetworkStateTracker: Network capabilities changed: [ Transports: WIFI Capabilities: NOT_METERED&INTERNET&NOT_RESTRICTED&TRUSTED&NOT_VPN&VALIDATED&NOT_ROAMING&FOREGROUND&NOT_CONGESTED&NOT_SUSPENDED&NOT_VCN_MANAGED&NOT_BANDWIDTH_CONSTRAINED LinkUpBandwidth>=11186Kbps LinkDnBandwidth>=257768Kbps TransportInfo: <SSID: <unknown ssid>, BSSID: 02:00:00:00:00:00, MAC: 02:00:00:00:00:00, IP: /192.168.1.137, Security type: 4, Supplicant state: COMPLETED, Wi-Fi standard: 11ax, RSSI: -59, Link speed: 344Mbps, Tx Link speed: 344Mbps, Max Supported Tx Link speed: 573Mbps, Rx Link speed: 413Mbps, Max Supported Rx Link speed: 573Mbps, Frequency: 5220MHz, Net ID: -1, Metered hint: false, score: 60, isUsable: true, CarrierMerged: false, SubscriptionId: -1, IsPrimary: -1, Trusted: true, Restricted: false, Ephemeral: false, OEM paid: false, OEM private: false, OSU AP: false, FQDN: <none>, Provider friendly name: <none>, Requesting package name: <none><none>MLO Information: , Is TID-To-Link negotiation supported by the AP: false, AP MLD Address: <none>, AP MLO Link Id: <none>, AP MLO Affiliated links: <none>, Vendor Data: <none>> SignalStrength: -59 UnderlyingNetworks: Null]
07-06 06:10:13.802 15434 15591 D WM-NetworkStateTracker: Network blocked status changed: false
07-06 06:10:13.803 15434 15574 D WM-PackageManagerHelper: androidx.work.impl.background.systemalarm.RescheduleReceiver enabled
07-06 06:10:13.804 15434 15574 D WM-Processor: Processor: processing WorkGenerationalId(workSpecId=5bcb531d-9e7d-4594-9629-2ffa65b1ced2, generation=0)
07-06 06:10:13.807 15434 15564 D WM-GreedyScheduler: Constraints met: Scheduling work ID WorkGenerationalId(workSpecId=5bcb531d-9e7d-4594-9629-2ffa65b1ced2, generation=0)
07-06 06:10:13.808 15434 15434 D WM-WorkerWrapper: Starting work for com.negi.survey.net.GitHubUploadWorker
07-06 06:10:13.809 15434 15564 D WM-Processor: Work WorkGenerationalId(workSpecId=5bcb531d-9e7d-4594-9629-2ffa65b1ced2, generation=0) is already enqueued for processing
07-06 06:10:13.812 15434 15563 I WM-Processor: Moving WorkSpec (5bcb531d-9e7d-4594-9629-2ffa65b1ced2) to the foreground
07-06 06:10:13.819 15434 15574 D WM-WorkProgressUpdater: Updating progress for 5bcb531d-9e7d-4594-9629-2ffa65b1ced2 (Data {pct : 3, mode : startup_runtime_logs})
07-06 06:10:13.822 15434 15434 I WM-SystemFgDispatcher: Started foreground service Intent { act=ACTION_START_FOREGROUND xflg=0x4 cmp=com.negi.survey/androidx.work.impl.foreground.SystemForegroundService (has extras) }
07-06 06:10:13.822 15434 15434 D WM-SystemFgDispatcher: Notifying with (id:5889, workSpecId: 5bcb531d-9e7d-4594-9629-2ffa65b1ced2, notificationType :1)
07-06 06:10:13.823 15434 15574 I WM-Processor: Moving WorkSpec (5bcb531d-9e7d-4594-9629-2ffa65b1ced2) to the foreground
07-06 06:10:13.824 15434 15434 W WM-SystemFgService: Unable to start foreground service
07-06 06:10:13.824 15434 15434 W WM-SystemFgService: android.app.ForegroundServiceStartNotAllowedException: FGS type dataSync not allowed to start from BOOT_COMPLETED!
07-06 06:10:13.824 15434 15434 W WM-SystemFgService: 	at android.app.ForegroundServiceStartNotAllowedException$1.createFromParcel(ForegroundServiceStartNotAllowedException.java:54)
07-06 06:10:13.824 15434 15434 W WM-SystemFgService: 	at android.app.ForegroundServiceStartNotAllowedException$1.createFromParcel(ForegroundServiceStartNotAllowedException.java:50)
07-06 06:10:13.824 15434 15434 W WM-SystemFgService: 	at android.os.Parcel.readParcelableInternal(Parcel.java:5229)
07-06 06:10:13.824 15434 15434 W WM-SystemFgService: 	at android.os.Parcel.readParcelable(Parcel.java:5211)
07-06 06:10:13.824 15434 15434 W WM-SystemFgService: 	at android.os.Parcel.createExceptionOrNull(Parcel.java:3349)
07-06 06:10:13.824 15434 15434 W WM-SystemFgService: 	at android.os.Parcel.createException(Parcel.java:3338)
07-06 06:10:13.824 15434 15434 W WM-SystemFgService: 	at android.os.Parcel.readException(Parcel.java:3321)
07-06 06:10:13.824 15434 15434 W WM-SystemFgService: 	at android.os.Parcel.readException(Parcel.java:3263)
07-06 06:10:13.824 15434 15434 W WM-SystemFgService: 	at android.app.IActivityManager$Stub$Proxy.setServiceForeground(IActivityManager.java:7539)
07-06 06:10:13.824 15434 15434 W WM-SystemFgService: 	at android.app.Service.startForeground(Service.java:863)
07-06 06:10:13.824 15434 15434 W WM-SystemFgService: 	at androidx.work.impl.foreground.SystemForegroundService$Api31Impl.startForeground(SystemForegroundService.java:192)
07-06 06:10:13.824 15434 15434 W WM-SystemFgService: 	at androidx.work.impl.foreground.SystemForegroundService.startForeground(SystemForegroundService.java:141)
07-06 06:10:13.824 15434 15434 W WM-SystemFgService: 	at androidx.work.impl.foreground.SystemForegroundDispatcher.handleNotify(SystemForegroundDispatcher.java:332)
07-06 06:10:13.824 15434 15434 W WM-SystemFgService: 	at androidx.work.impl.foreground.SystemForegroundDispatcher.onStartCommand(SystemForegroundDispatcher.java:221)
07-06 06:10:13.824 15434 15434 W WM-SystemFgService: 	at androidx.work.impl.foreground.SystemForegroundService.onStartCommand(SystemForegroundService.java:80)
07-06 06:10:13.824 15434 15434 W WM-SystemFgService: 	at android.app.ActivityThread.handleServiceArgs(ActivityThread.java:6087)
07-06 06:10:13.824 15434 15434 W WM-SystemFgService: 	at android.app.ActivityThread.-$$Nest$mhandleServiceArgs(Unknown Source:0)
07-06 06:10:13.824 15434 15434 W WM-SystemFgService: 	at android.app.ActivityThread$H.handleMessage(ActivityThread.java:2974)
07-06 06:10:13.824 15434 15434 W WM-SystemFgService: 	at android.os.Handler.dispatchMessage(Handler.java:110)
07-06 06:10:13.824 15434 15434 W WM-SystemFgService: 	at android.os.Looper.loopOnce(Looper.java:273)
07-06 06:10:13.824 15434 15434 W WM-SystemFgService: 	at android.os.Looper.loop(Looper.java:363)
07-06 06:10:13.824 15434 15434 W WM-SystemFgService: 	at android.app.ActivityThread.main(ActivityThread.java:10060)
07-06 06:10:13.824 15434 15434 W WM-SystemFgService: 	at java.lang.reflect.Method.invoke(Native Method)
07-06 06:10:13.824 15434 15434 W WM-SystemFgService: 	at com.android.internal.os.RuntimeInit$MethodAndArgsCaller.run(RuntimeInit.java:632)
07-06 06:10:13.824 15434 15434 W WM-SystemFgService: 	at com.android.internal.os.ZygoteInit.main(ZygoteInit.java:975)
07-06 06:10:13.824 15434 15434 D WM-SystemFgDispatcher: Notifying with (id:5889, workSpecId: 5bcb531d-9e7d-4594-9629-2ffa65b1ced2, notificationType :1)
--------- beginning of system
07-06 06:10:13.825 15434 15434 I NotificationManager: com.negi.survey: notify(5889, null, Notification(channel=uploads shortcut=null contentView=null vibrate=null sound=null defaults=0 flags=ONGOING_EVENT|ONLY_ALERT_ONCE color=0x00000000 category=progress vis=PRIVATE semFlags=0x0 semPriority=0 semMissedCount=0)) as user
07-06 06:10:13.826 15434 15434 D NotificationManager: BOOTING pkg =com.negi.survey mBlockedChannelsForOverflowNoti=[]
07-06 06:10:13.830 15434 15434 W WM-SystemFgService: Unable to start foreground service
07-06 06:10:13.830 15434 15434 W WM-SystemFgService: android.app.ForegroundServiceStartNotAllowedException: FGS type dataSync not allowed to start from BOOT_COMPLETED!
07-06 06:10:13.830 15434 15434 W WM-SystemFgService: 	at android.app.ForegroundServiceStartNotAllowedException$1.createFromParcel(ForegroundServiceStartNotAllowedException.java:54)
07-06 06:10:13.830 15434 15434 W WM-SystemFgService: 	at android.app.ForegroundServiceStartNotAllowedException$1.createFromParcel(ForegroundServiceStartNotAllowedException.java:50)
07-06 06:10:13.830 15434 15434 W WM-SystemFgService: 	at android.os.Parcel.readParcelableInternal(Parcel.java:5229)
07-06 06:10:13.830 15434 15434 W WM-SystemFgService: 	at android.os.Parcel.readParcelable(Parcel.java:5211)
07-06 06:10:13.830 15434 15434 W WM-SystemFgService: 	at android.os.Parcel.createExceptionOrNull(Parcel.java:3349)
07-06 06:10:13.830 15434 15434 W WM-SystemFgService: 	at android.os.Parcel.createException(Parcel.java:3338)
07-06 06:10:13.830 15434 15434 W WM-SystemFgService: 	at android.os.Parcel.readException(Parcel.java:3321)
07-06 06:10:13.830 15434 15434 W WM-SystemFgService: 	at android.os.Parcel.readException(Parcel.java:3263)
07-06 06:10:13.830 15434 15434 W WM-SystemFgService: 	at android.app.IActivityManager$Stub$Proxy.setServiceForeground(IActivityManager.java:7539)
07-06 06:10:13.830 15434 15434 W WM-SystemFgService: 	at android.app.Service.startForeground(Service.java:863)
07-06 06:10:13.830 15434 15434 W WM-SystemFgService: 	at androidx.work.impl.foreground.SystemForegroundService$Api31Impl.startForeground(SystemForegroundService.java:192)
07-06 06:10:13.830 15434 15434 W WM-SystemFgService: 	at androidx.work.impl.foreground.SystemForegroundService.startForeground(SystemForegroundService.java:141)
07-06 06:10:13.830 15434 15434 W WM-SystemFgService: 	at androidx.work.impl.foreground.SystemForegroundDispatcher.handleNotify(SystemForegroundDispatcher.java:332)
07-06 06:10:13.830 15434 15434 W WM-SystemFgService: 	at androidx.work.impl.foreground.SystemForegroundDispatcher.onStartCommand(SystemForegroundDispatcher.java:223)
07-06 06:10:13.830 15434 15434 W WM-SystemFgService: 	at androidx.work.impl.foreground.SystemForegroundService.onStartCommand(SystemForegroundService.java:80)
07-06 06:10:13.830 15434 15434 W WM-SystemFgService: 	at android.app.ActivityThread.handleServiceArgs(ActivityThread.java:6087)
07-06 06:10:13.830 15434 15434 W WM-SystemFgService: 	at android.app.ActivityThread.-$$Nest$mhandleServiceArgs(Unknown Source:0)
07-06 06:10:13.830 15434 15434 W WM-SystemFgService: 	at android.app.ActivityThread$H.handleMessage(ActivityThread.java:2974)
07-06 06:10:13.830 15434 15434 W WM-SystemFgService: 	at android.os.Handler.dispatchMessage(Handler.java:110)
07-06 06:10:13.830 15434 15434 W WM-SystemFgService: 	at android.os.Looper.loopOnce(Looper.java:273)
07-06 06:10:13.830 15434 15434 W WM-SystemFgService: 	at android.os.Looper.loop(Looper.java:363)
07-06 06:10:13.830 15434 15434 W WM-SystemFgService: 	at android.app.ActivityThread.main(ActivityThread.java:10060)
07-06 06:10:13.830 15434 15434 W WM-SystemFgService: 	at java.lang.reflect.Method.invoke(Native Method)
07-06 06:10:13.830 15434 15434 W WM-SystemFgService: 	at com.android.internal.os.RuntimeInit$MethodAndArgsCaller.run(RuntimeInit.java:632)
07-06 06:10:13.830 15434 15434 W WM-SystemFgService: 	at com.android.internal.os.ZygoteInit.main(ZygoteInit.java:975)
07-06 06:10:13.830 15434 15434 D WM-SystemFgDispatcher: Notifying with (id:5889, workSpecId: 5bcb531d-9e7d-4594-9629-2ffa65b1ced2, notificationType :1)
07-06 06:10:13.830 15434 15434 I NotificationManager: com.negi.survey: notify(5889, null, Notification(channel=uploads shortcut=null contentView=null vibrate=null sound=null defaults=0 flags=ONGOING_EVENT|ONLY_ALERT_ONCE color=0x00000000 category=progress vis=PRIVATE semFlags=0x0 semPriority=0 semMissedCount=0)) as user
07-06 06:10:13.835 15434 15434 W WM-SystemFgService: Unable to start foreground service
07-06 06:10:13.835 15434 15434 W WM-SystemFgService: android.app.ForegroundServiceStartNotAllowedException: FGS type dataSync not allowed to start from BOOT_COMPLETED!
07-06 06:10:13.835 15434 15434 W WM-SystemFgService: 	at android.app.ForegroundServiceStartNotAllowedException$1.createFromParcel(ForegroundServiceStartNotAllowedException.java:54)
07-06 06:10:13.835 15434 15434 W WM-SystemFgService: 	at android.app.ForegroundServiceStartNotAllowedException$1.createFromParcel(ForegroundServiceStartNotAllowedException.java:50)
07-06 06:10:13.835 15434 15434 W WM-SystemFgService: 	at android.os.Parcel.readParcelableInternal(Parcel.java:5229)
07-06 06:10:13.835 15434 15434 W WM-SystemFgService: 	at android.os.Parcel.readParcelable(Parcel.java:5211)
07-06 06:10:13.835 15434 15434 W WM-SystemFgService: 	at android.os.Parcel.createExceptionOrNull(Parcel.java:3349)
07-06 06:10:13.835 15434 15434 W WM-SystemFgService: 	at android.os.Parcel.createException(Parcel.java:3338)
07-06 06:10:13.835 15434 15434 W WM-SystemFgService: 	at android.os.Parcel.readException(Parcel.java:3321)
07-06 06:10:13.835 15434 15434 W WM-SystemFgService: 	at android.os.Parcel.readException(Parcel.java:3263)
07-06 06:10:13.835 15434 15434 W WM-SystemFgService: 	at android.app.IActivityManager$Stub$Proxy.setServiceForeground(IActivityManager.java:7539)
07-06 06:10:13.835 15434 15434 W WM-SystemFgService: 	at android.app.Service.startForeground(Service.java:863)
07-06 06:10:13.835 15434 15434 W WM-SystemFgService: 	at androidx.work.impl.foreground.SystemForegroundService$Api31Impl.startForeground(SystemForegroundService.java:192)
07-06 06:10:13.835 15434 15434 W WM-SystemFgService: 	at androidx.work.impl.foreground.SystemForegroundService.startForeground(SystemForegroundService.java:141)
07-06 06:10:13.835 15434 15434 W WM-SystemFgService: 	at androidx.work.impl.foreground.SystemForegroundDispatcher.handleNotify(SystemForegroundDispatcher.java:332)
07-06 06:10:13.835 15434 15434 W WM-SystemFgService: 	at androidx.work.impl.foreground.SystemForegroundDispatcher.onStartCommand(SystemForegroundDispatcher.java:223)
07-06 06:10:13.835 15434 15434 W WM-SystemFgService: 	at androidx.work.impl.foreground.SystemForegroundService.onStartCommand(SystemForegroundService.java:80)
07-06 06:10:13.835 15434 15434 W WM-SystemFgService: 	at android.app.ActivityThread.handleServiceArgs(ActivityThread.java:6087)
07-06 06:10:13.835 15434 15434 W WM-SystemFgService: 	at android.app.ActivityThread.-$$Nest$mhandleServiceArgs(Unknown Source:0)
07-06 06:10:13.835 15434 15434 W WM-SystemFgService: 	at android.app.ActivityThread$H.handleMessage(ActivityThread.java:2974)
07-06 06:10:13.835 15434 15434 W WM-SystemFgService: 	at android.os.Handler.dispatchMessage(Handler.java:110)
07-06 06:10:13.835 15434 15434 W WM-SystemFgService: 	at android.os.Looper.loopOnce(Looper.java:273)
07-06 06:10:13.835 15434 15434 W WM-SystemFgService: 	at android.os.Looper.loop(Looper.java:363)
07-06 06:10:13.835 15434 15434 W WM-SystemFgService: 	at android.app.ActivityThread.main(ActivityThread.java:10060)
07-06 06:10:13.835 15434 15434 W WM-SystemFgService: 	at java.lang.reflect.Method.invoke(Native Method)
07-06 06:10:13.835 15434 15434 W WM-SystemFgService: 	at com.android.internal.os.RuntimeInit$MethodAndArgsCaller.run(RuntimeInit.java:632)
07-06 06:10:13.835 15434 15434 W WM-SystemFgService: 	at com.android.internal.os.ZygoteInit.main(ZygoteInit.java:975)
07-06 06:10:15.024 15434 15522 D RuntimeLogStore: openWriter: rotate:plain_snapshot:receiver_boot_completed -> /data/user/0/com.negi.survey/files/diagnostics/runtime_logs/rtlog_20260706_131015_023_pid15434_seq2.log (bytes=0 format=LEGACY)
07-06 06:10:15.026 15434 15522 D RuntimeLogStore: retention: rotate:plain_snapshot:receiver_boot_completed files=3 kept=3 totalBytes=3497
07-06 06:10:15.037 15434 15528 D github_upload: doRuntimeLogsUpload: remoteBaseDir=diagnostics/runtime_logs/2026-07-06/runtime_logs_20260706_061015_pid15434_receiver_boot_completed toUpload=3 bytes=4687 dedupe=true deleteSource=true deletedSourcePre=0 preview='plain_logs_manifest_20260706_131015_026_pid15434_receiver_boot_completed.json|runtime_log_20260706_131015_026_pid15434_receiver_boot_completed__rtlog_20260706_131013_615_pid15434_seq1.log|runtime_log_20260706_131015_026_pid15434_receiver_boot_completed__rtlog_20260701_161224_886_pid14114_seq2.log'
07-06 06:10:15.037 15434 15528 D GitHubUploader: uploadStream: owner=ishizuki-tech repo=SurveyExports branch=main path=diagnostics/runtime_logs/2026-07-06/runtime_logs_20260706_061015_pid15434_receiver_boot_completed/plain_logs_manifest_20260706_131015_026_pid15434_receiver_boot_completed.json size=1546 maxRawBytesHint=1000000 maxRequestBytesHint=2800000
07-06 06:10:15.039 15434 15574 D WM-WorkProgressUpdater: Updating progress for 5bcb531d-9e7d-4594-9629-2ffa65b1ced2 (Data {pct : 10, mode : startup_runtime_logs})
07-06 06:10:15.040 15434 15574 I WM-Processor: Moving WorkSpec (5bcb531d-9e7d-4594-9629-2ffa65b1ced2) to the foreground
07-06 06:10:15.043 15434 15434 D WM-SystemFgDispatcher: Notifying with (id:5889, workSpecId: 5bcb531d-9e7d-4594-9629-2ffa65b1ced2, notificationType :1)
07-06 06:10:15.043 15434 15434 I NotificationManager: com.negi.survey: notify(5889, null, Notification(channel=uploads shortcut=null contentView=null vibrate=null sound=null defaults=0 flags=ONGOING_EVENT|ONLY_ALERT_ONCE color=0x00000000 category=progress vis=PRIVATE semFlags=0x0 semPriority=0 semMissedCount=0)) as user
07-06 06:10:15.045 15434 15434 W WM-SystemFgService: Unable to start foreground service
07-06 06:10:15.045 15434 15434 W WM-SystemFgService: android.app.ForegroundServiceStartNotAllowedException: FGS type dataSync not allowed to start from BOOT_COMPLETED!
07-06 06:10:15.045 15434 15434 W WM-SystemFgService: 	at android.app.ForegroundServiceStartNotAllowedException$1.createFromParcel(ForegroundServiceStartNotAllowedException.java:54)
07-06 06:10:15.045 15434 15434 W WM-SystemFgService: 	at android.app.ForegroundServiceStartNotAllowedException$1.createFromParcel(ForegroundServiceStartNotAllowedException.java:50)
07-06 06:10:15.045 15434 15434 W WM-SystemFgService: 	at android.os.Parcel.readParcelableInternal(Parcel.java:5229)
07-06 06:10:15.045 15434 15434 W WM-SystemFgService: 	at android.os.Parcel.readParcelable(Parcel.java:5211)
07-06 06:10:15.045 15434 15434 W WM-SystemFgService: 	at android.os.Parcel.createExceptionOrNull(Parcel.java:3349)
07-06 06:10:15.045 15434 15434 W WM-SystemFgService: 	at android.os.Parcel.createException(Parcel.java:3338)
07-06 06:10:15.045 15434 15434 W WM-SystemFgService: 	at android.os.Parcel.readException(Parcel.java:3321)
07-06 06:10:15.045 15434 15434 W WM-SystemFgService: 	at android.os.Parcel.readException(Parcel.java:3263)
07-06 06:10:15.045 15434 15434 W WM-SystemFgService: 	at android.app.IActivityManager$Stub$Proxy.setServiceForeground(IActivityManager.java:7539)
07-06 06:10:15.045 15434 15434 W WM-SystemFgService: 	at android.app.Service.startForeground(Service.java:863)
07-06 06:10:15.045 15434 15434 W WM-SystemFgService: 	at androidx.work.impl.foreground.SystemForegroundService$Api31Impl.startForeground(SystemForegroundService.java:192)
07-06 06:10:15.045 15434 15434 W WM-SystemFgService: 	at androidx.work.impl.foreground.SystemForegroundService.startForeground(SystemForegroundService.java:141)
07-06 06:10:15.045 15434 15434 W WM-SystemFgService: 	at androidx.work.impl.foreground.SystemForegroundDispatcher.handleNotify(SystemForegroundDispatcher.java:332)
07-06 06:10:15.045 15434 15434 W WM-SystemFgService: 	at androidx.work.impl.foreground.SystemForegroundDispatcher.onStartCommand(SystemForegroundDispatcher.java:223)
07-06 06:10:15.045 15434 15434 W WM-SystemFgService: 	at androidx.work.impl.foreground.SystemForegroundService.onStartCommand(SystemForegroundService.java:80)
07-06 06:10:15.045 15434 15434 W WM-SystemFgService: 	at android.app.ActivityThread.handleServiceArgs(ActivityThread.java:6087)
07-06 06:10:15.045 15434 15434 W WM-SystemFgService: 	at android.app.ActivityThread.-$$Nest$mhandleServiceArgs(Unknown Source:0)
07-06 06:10:15.045 15434 15434 W WM-SystemFgService: 	at android.app.ActivityThread$H.handleMessage(ActivityThread.java:2974)
07-06 06:10:15.045 15434 15434 W WM-SystemFgService: 	at android.os.Handler.dispatchMessage(Handler.java:110)
07-06 06:10:15.045 15434 15434 W WM-SystemFgService: 	at android.os.Looper.loopOnce(Looper.java:273)
07-06 06:10:15.045 15434 15434 W WM-SystemFgService: 	at android.os.Looper.loop(Looper.java:363)
07-06 06:10:15.045 15434 15434 W WM-SystemFgService: 	at android.app.ActivityThread.main(ActivityThread.java:10060)
07-06 06:10:15.045 15434 15434 W WM-SystemFgService: 	at java.lang.reflect.Method.invoke(Native Method)
07-06 06:10:15.045 15434 15434 W WM-SystemFgService: 	at com.android.internal.os.RuntimeInit$MethodAndArgsCaller.run(RuntimeInit.java:632)
07-06 06:10:15.045 15434 15434 W WM-SystemFgService: 	at com.android.internal.os.ZygoteInit.main(ZygoteInit.java:975)
07-06 06:10:15.423 15434 15563 D WM-WorkProgressUpdater: Updating progress for 5bcb531d-9e7d-4594-9629-2ffa65b1ced2 (Data {pct : 12, mode : startup_runtime_logs})
07-06 06:10:15.427 15434 15563 I WM-Processor: Moving WorkSpec (5bcb531d-9e7d-4594-9629-2ffa65b1ced2) to the foreground
07-06 06:10:15.429 15434 15434 D WM-SystemFgDispatcher: Notifying with (id:5889, workSpecId: 5bcb531d-9e7d-4594-9629-2ffa65b1ced2, notificationType :1)
07-06 06:10:15.429 15434 15434 I NotificationManager: com.negi.survey: notify(5889, null, Notification(channel=uploads shortcut=null contentView=null vibrate=null sound=null defaults=0 flags=ONGOING_EVENT|ONLY_ALERT_ONCE color=0x00000000 category=progress vis=PRIVATE semFlags=0x0 semPriority=0 semMissedCount=0)) as user
07-06 06:10:15.431 15434 15563 D WM-WorkProgressUpdater: Updating progress for 5bcb531d-9e7d-4594-9629-2ffa65b1ced2 (Data {pct : 33, mode : startup_runtime_logs})
07-06 06:10:15.431 15434 15434 W WM-SystemFgService: Unable to start foreground service
07-06 06:10:15.431 15434 15434 W WM-SystemFgService: android.app.ForegroundServiceStartNotAllowedException: FGS type dataSync not allowed to start from BOOT_COMPLETED!
07-06 06:10:15.431 15434 15434 W WM-SystemFgService: 	at android.app.ForegroundServiceStartNotAllowedException$1.createFromParcel(ForegroundServiceStartNotAllowedException.java:54)
07-06 06:10:15.431 15434 15434 W WM-SystemFgService: 	at android.app.ForegroundServiceStartNotAllowedException$1.createFromParcel(ForegroundServiceStartNotAllowedException.java:50)
07-06 06:10:15.431 15434 15434 W WM-SystemFgService: 	at android.os.Parcel.readParcelableInternal(Parcel.java:5229)
07-06 06:10:15.431 15434 15434 W WM-SystemFgService: 	at android.os.Parcel.readParcelable(Parcel.java:5211)
07-06 06:10:15.431 15434 15434 W WM-SystemFgService: 	at android.os.Parcel.createExceptionOrNull(Parcel.java:3349)
07-06 06:10:15.431 15434 15434 W WM-SystemFgService: 	at android.os.Parcel.createException(Parcel.java:3338)
07-06 06:10:15.431 15434 15434 W WM-SystemFgService: 	at android.os.Parcel.readException(Parcel.java:3321)
07-06 06:10:15.431 15434 15434 W WM-SystemFgService: 	at android.os.Parcel.readException(Parcel.java:3263)
07-06 06:10:15.431 15434 15434 W WM-SystemFgService: 	at android.app.IActivityManager$Stub$Proxy.setServiceForeground(IActivityManager.java:7539)
07-06 06:10:15.431 15434 15434 W WM-SystemFgService: 	at android.app.Service.startForeground(Service.java:863)
07-06 06:10:15.431 15434 15434 W WM-SystemFgService: 	at androidx.work.impl.foreground.SystemForegroundService$Api31Impl.startForeground(SystemForegroundService.java:192)
07-06 06:10:15.431 15434 15434 W WM-SystemFgService: 	at androidx.work.impl.foreground.SystemForegroundService.startForeground(SystemForegroundService.java:141)
07-06 06:10:15.431 15434 15434 W WM-SystemFgService: 	at androidx.work.impl.foreground.SystemForegroundDispatcher.handleNotify(SystemForegroundDispatcher.java:332)
07-06 06:10:15.431 15434 15434 W WM-SystemFgService: 	at androidx.work.impl.foreground.SystemForegroundDispatcher.onStartCommand(SystemForegroundDispatcher.java:223)
07-06 06:10:15.431 15434 15434 W WM-SystemFgService: 	at androidx.work.impl.foreground.SystemForegroundService.onStartCommand(SystemForegroundService.java:80)
07-06 06:10:15.431 15434 15434 W WM-SystemFgService: 	at android.app.ActivityThread.handleServiceArgs(ActivityThread.java:6087)
07-06 06:10:15.431 15434 15434 W WM-SystemFgService: 	at android.app.ActivityThread.-$$Nest$mhandleServiceArgs(Unknown Source:0)
07-06 06:10:15.431 15434 15434 W WM-SystemFgService: 	at android.app.ActivityThread$H.handleMessage(ActivityThread.java:2974)
07-06 06:10:15.431 15434 15434 W WM-SystemFgService: 	at android.os.Handler.dispatchMessage(Handler.java:110)
07-06 06:10:15.431 15434 15434 W WM-SystemFgService: 	at android.os.Looper.loopOnce(Looper.java:273)
07-06 06:10:15.431 15434 15434 W WM-SystemFgService: 	at android.os.Looper.loop(Looper.java:363)
07-06 06:10:15.431 15434 15434 W WM-SystemFgService: 	at android.app.ActivityThread.main(ActivityThread.java:10060)
07-06 06:10:15.431 15434 15434 W WM-SystemFgService: 	at java.lang.reflect.Method.invoke(Native Method)
07-06 06:10:15.431 15434 15434 W WM-SystemFgService: 	at com.android.internal.os.RuntimeInit$MethodAndArgsCaller.run(RuntimeInit.java:632)
07-06 06:10:15.431 15434 15434 W WM-SystemFgService: 	at com.android.internal.os.ZygoteInit.main(ZygoteInit.java:975)
07-06 06:10:15.435 15434 15563 I WM-Processor: Moving WorkSpec (5bcb531d-9e7d-4594-9629-2ffa65b1ced2) to the foreground
07-06 06:10:15.436 15434 15434 D WM-SystemFgDispatcher: Notifying with (id:5889, workSpecId: 5bcb531d-9e7d-4594-9629-2ffa65b1ced2, notificationType :1)
07-06 06:10:15.436 15434 15434 I NotificationManager: com.negi.survey: notify(5889, null, Notification(channel=uploads shortcut=null contentView=null vibrate=null sound=null defaults=0 flags=ONGOING_EVENT|ONLY_ALERT_ONCE color=0x00000000 category=progress vis=PRIVATE semFlags=0x0 semPriority=0 semMissedCount=0)) as user
07-06 06:10:15.442 15434 15434 W WM-SystemFgService: Unable to start foreground service
07-06 06:10:15.442 15434 15434 W WM-SystemFgService: android.app.ForegroundServiceStartNotAllowedException: FGS type dataSync not allowed to start from BOOT_COMPLETED!
07-06 06:10:15.442 15434 15434 W WM-SystemFgService: 	at android.app.ForegroundServiceStartNotAllowedException$1.createFromParcel(ForegroundServiceStartNotAllowedException.java:54)
07-06 06:10:15.442 15434 15434 W WM-SystemFgService: 	at android.app.ForegroundServiceStartNotAllowedException$1.createFromParcel(ForegroundServiceStartNotAllowedException.java:50)
07-06 06:10:15.442 15434 15434 W WM-SystemFgService: 	at android.os.Parcel.readParcelableInternal(Parcel.java:5229)
07-06 06:10:15.442 15434 15434 W WM-SystemFgService: 	at android.os.Parcel.readParcelable(Parcel.java:5211)
07-06 06:10:15.442 15434 15434 W WM-SystemFgService: 	at android.os.Parcel.createExceptionOrNull(Parcel.java:3349)
07-06 06:10:15.442 15434 15434 W WM-SystemFgService: 	at android.os.Parcel.createException(Parcel.java:3338)
07-06 06:10:15.442 15434 15434 W WM-SystemFgService: 	at android.os.Parcel.readException(Parcel.java:3321)
07-06 06:10:15.442 15434 15434 W WM-SystemFgService: 	at android.os.Parcel.readException(Parcel.java:3263)
07-06 06:10:15.442 15434 15434 W WM-SystemFgService: 	at android.app.IActivityManager$Stub$Proxy.setServiceForeground(IActivityManager.java:7539)
07-06 06:10:15.442 15434 15434 W WM-SystemFgService: 	at android.app.Service.startForeground(Service.java:863)
07-06 06:10:15.442 15434 15434 W WM-SystemFgService: 	at androidx.work.impl.foreground.SystemForegroundService$Api31Impl.startForeground(SystemForegroundService.java:192)
07-06 06:10:15.442 15434 15434 W WM-SystemFgService: 	at androidx.work.impl.foreground.SystemForegroundService.startForeground(SystemForegroundService.java:141)
07-06 06:10:15.442 15434 15434 W WM-SystemFgService: 	at androidx.work.impl.foreground.SystemForegroundDispatcher.handleNotify(SystemForegroundDispatcher.java:332)
07-06 06:10:15.442 15434 15434 W WM-SystemFgService: 	at androidx.work.impl.foreground.SystemForegroundDispatcher.onStartCommand(SystemForegroundDispatcher.java:223)
07-06 06:10:15.442 15434 15434 W WM-SystemFgService: 	at androidx.work.impl.foreground.SystemForegroundService.onStartCommand(SystemForegroundService.java:80)
07-06 06:10:15.442 15434 15434 W WM-SystemFgService: 	at android.app.ActivityThread.handleServiceArgs(ActivityThread.java:6087)
07-06 06:10:15.442 15434 15434 W WM-SystemFgService: 	at android.app.ActivityThread.-$$Nest$mhandleServiceArgs(Unknown Source:0)
07-06 06:10:15.442 15434 15434 W WM-SystemFgService: 	at android.app.ActivityThread$H.handleMessage(ActivityThread.java:2974)
07-06 06:10:15.442 15434 15434 W WM-SystemFgService: 	at android.os.Handler.dispatchMessage(Handler.java:110)
07-06 06:10:15.442 15434 15434 W WM-SystemFgService: 	at android.os.Looper.loopOnce(Looper.java:273)
07-06 06:10:15.442 15434 15434 W WM-SystemFgService: 	at android.os.Looper.loop(Looper.java:363)
07-06 06:10:15.442 15434 15434 W WM-SystemFgService: 	at android.app.ActivityThread.main(ActivityThread.java:10060)
07-06 06:10:15.442 15434 15434 W WM-SystemFgService: 	at java.lang.reflect.Method.invoke(Native Method)
07-06 06:10:15.442 15434 15434 W WM-SystemFgService: 	at com.android.internal.os.RuntimeInit$MethodAndArgsCaller.run(RuntimeInit.java:632)
07-06 06:10:15.442 15434 15434 W WM-SystemFgService: 	at com.android.internal.os.ZygoteInit.main(ZygoteInit.java:975)
07-06 06:10:16.130 15434 15434 D github_upload: choosePolicy: uniqueName=upload_runtime_logs_startup policy=KEEP states=[RUNNING]
07-06 06:10:16.130 15434 15434 D github_upload: enqueueStartupRuntimeLogsUpload: uniqueName=upload_runtime_logs_startup policy=KEEP
07-06 06:10:16.131 15434 15434 D github_upload: choosePolicy: uniqueName=upload_ring_logs_startup policy=REPLACE states=[]
07-06 06:10:16.131 15434 15434 D github_upload: enqueueStartupRingLogsUpload: uniqueName=upload_ring_logs_startup policy=REPLACE
07-06 06:10:16.131 15434 16368 D CrashCapture: enqueuePendingCrashUploadsIfPossible enter where=SurveyApp:enqueuePending(immediate):bg pid=15434 thread=CrashCapture-Enqueue
07-06 06:10:16.134 15434 15554 D WM-SystemJobScheduler: Scheduling work ID a0e77f4f-b105-4b90-91b4-35c9ac136b57Job ID 12
07-06 06:10:16.136 15434 15554 D WM-GreedyScheduler: Starting tracking for a0e77f4f-b105-4b90-91b4-35c9ac136b57
07-06 06:10:16.136 15434 15434 D WM-SystemJobService: onStartJob for WorkGenerationalId(workSpecId=a0e77f4f-b105-4b90-91b4-35c9ac136b57, generation=0)
07-06 06:10:16.137 15434 15554 D WM-Processor: Processor: processing WorkGenerationalId(workSpecId=a0e77f4f-b105-4b90-91b4-35c9ac136b57, generation=0)
07-06 06:10:16.139 15434 15434 D WM-WorkerWrapper: Starting work for com.negi.survey.net.GitHubUploadWorker
07-06 06:10:16.139 15434 15554 D WM-GreedyScheduler: Constraints met: Scheduling work ID WorkGenerationalId(workSpecId=a0e77f4f-b105-4b90-91b4-35c9ac136b57, generation=0)
07-06 06:10:16.140 15434 15554 D WM-Processor: Work WorkGenerationalId(workSpecId=a0e77f4f-b105-4b90-91b4-35c9ac136b57, generation=0) is already enqueued for processing
07-06 06:10:16.140 15434 15554 I WM-Processor: Moving WorkSpec (a0e77f4f-b105-4b90-91b4-35c9ac136b57) to the foreground
07-06 06:10:16.141 15434 15434 I WM-SystemFgDispatcher: Started foreground service Intent { act=ACTION_START_FOREGROUND xflg=0x4 cmp=com.negi.survey/androidx.work.impl.foreground.SystemForegroundService (has extras) }
07-06 06:10:16.141 15434 15434 D WM-SystemFgDispatcher: Notifying with (id:8879, workSpecId: a0e77f4f-b105-4b90-91b4-35c9ac136b57, notificationType :1)
07-06 06:10:16.141 15434 15554 D WM-WorkProgressUpdater: Updating progress for a0e77f4f-b105-4b90-91b4-35c9ac136b57 (Data {pct : 3, mode : startup_ring_logs})
07-06 06:10:16.141 15434 15434 I NotificationManager: com.negi.survey: notify(8879, null, Notification(channel=uploads shortcut=null contentView=null vibrate=null sound=null defaults=0 flags=ONGOING_EVENT|ONLY_ALERT_ONCE color=0x00000000 category=progress vis=PRIVATE semFlags=0x0 semPriority=0 semMissedCount=0)) as user
07-06 06:10:16.142 15434 15554 I WM-Processor: Moving WorkSpec (a0e77f4f-b105-4b90-91b4-35c9ac136b57) to the foreground
07-06 06:10:16.143 15434 15434 W WM-SystemFgService: Unable to start foreground service
07-06 06:10:16.143 15434 15434 W WM-SystemFgService: android.app.ForegroundServiceStartNotAllowedException: FGS type dataSync not allowed to start from BOOT_COMPLETED!
07-06 06:10:16.143 15434 15434 W WM-SystemFgService: 	at android.app.ForegroundServiceStartNotAllowedException$1.createFromParcel(ForegroundServiceStartNotAllowedException.java:54)
07-06 06:10:16.143 15434 15434 W WM-SystemFgService: 	at android.app.ForegroundServiceStartNotAllowedException$1.createFromParcel(ForegroundServiceStartNotAllowedException.java:50)
07-06 06:10:16.143 15434 15434 W WM-SystemFgService: 	at android.os.Parcel.readParcelableInternal(Parcel.java:5229)
07-06 06:10:16.143 15434 15434 W WM-SystemFgService: 	at android.os.Parcel.readParcelable(Parcel.java:5211)
07-06 06:10:16.143 15434 15434 W WM-SystemFgService: 	at android.os.Parcel.createExceptionOrNull(Parcel.java:3349)
07-06 06:10:16.143 15434 15434 W WM-SystemFgService: 	at android.os.Parcel.createException(Parcel.java:3338)
07-06 06:10:16.143 15434 15434 W WM-SystemFgService: 	at android.os.Parcel.readException(Parcel.java:3321)
07-06 06:10:16.143 15434 15434 W WM-SystemFgService: 	at android.os.Parcel.readException(Parcel.java:3263)
07-06 06:10:16.143 15434 15434 W WM-SystemFgService: 	at android.app.IActivityManager$Stub$Proxy.setServiceForeground(IActivityManager.java:7539)
07-06 06:10:16.143 15434 15434 W WM-SystemFgService: 	at android.app.Service.startForeground(Service.java:863)
07-06 06:10:16.143 15434 15434 W WM-SystemFgService: 	at androidx.work.impl.foreground.SystemForegroundService$Api31Impl.startForeground(SystemForegroundService.java:192)
07-06 06:10:16.143 15434 15434 W WM-SystemFgService: 	at androidx.work.impl.foreground.SystemForegroundService.startForeground(SystemForegroundService.java:141)
07-06 06:10:16.143 15434 15434 W WM-SystemFgService: 	at androidx.work.impl.foreground.SystemForegroundDispatcher.handleNotify(SystemForegroundDispatcher.java:332)
07-06 06:10:16.143 15434 15434 W WM-SystemFgService: 	at androidx.work.impl.foreground.SystemForegroundDispatcher.onStartCommand(SystemForegroundDispatcher.java:221)
07-06 06:10:16.143 15434 15434 W WM-SystemFgService: 	at androidx.work.impl.foreground.SystemForegroundService.onStartCommand(SystemForegroundService.java:80)
07-06 06:10:16.143 15434 15434 W WM-SystemFgService: 	at android.app.ActivityThread.handleServiceArgs(ActivityThread.java:6087)
07-06 06:10:16.143 15434 15434 W WM-SystemFgService: 	at android.app.ActivityThread.-$$Nest$mhandleServiceArgs(Unknown Source:0)
07-06 06:10:16.143 15434 15434 W WM-SystemFgService: 	at android.app.ActivityThread$H.handleMessage(ActivityThread.java:2974)
07-06 06:10:16.143 15434 15434 W WM-SystemFgService: 	at android.os.Handler.dispatchMessage(Handler.java:110)
07-06 06:10:16.143 15434 15434 W WM-SystemFgService: 	at android.os.Looper.loopOnce(Looper.java:273)
07-06 06:10:16.143 15434 15434 W WM-SystemFgService: 	at android.os.Looper.loop(Looper.java:363)
07-06 06:10:16.143 15434 15434 W WM-SystemFgService: 	at android.app.ActivityThread.main(ActivityThread.java:10060)
07-06 06:10:16.143 15434 15434 W WM-SystemFgService: 	at java.lang.reflect.Method.invoke(Native Method)
07-06 06:10:16.143 15434 15434 W WM-SystemFgService: 	at com.android.internal.os.RuntimeInit$MethodAndArgsCaller.run(RuntimeInit.java:632)
07-06 06:10:16.143 15434 15434 W WM-SystemFgService: 	at com.android.internal.os.ZygoteInit.main(ZygoteInit.java:975)
07-06 06:10:16.143 15434 15434 D WM-SystemFgDispatcher: Notifying with (id:8879, workSpecId: a0e77f4f-b105-4b90-91b4-35c9ac136b57, notificationType :1)
07-06 06:10:16.143 15434 15434 I NotificationManager: com.negi.survey: notify(8879, null, Notification(channel=uploads shortcut=null contentView=null vibrate=null sound=null defaults=0 flags=ONGOING_EVENT|ONLY_ALERT_ONCE color=0x00000000 category=progress vis=PRIVATE semFlags=0x0 semPriority=0 semMissedCount=0)) as user
07-06 06:10:16.144 15434 15434 W WM-SystemFgService: Unable to start foreground service
07-06 06:10:16.144 15434 15434 W WM-SystemFgService: android.app.ForegroundServiceStartNotAllowedException: FGS type dataSync not allowed to start from BOOT_COMPLETED!
07-06 06:10:16.144 15434 15434 W WM-SystemFgService: 	at android.app.ForegroundServiceStartNotAllowedException$1.createFromParcel(ForegroundServiceStartNotAllowedException.java:54)
07-06 06:10:16.144 15434 15434 W WM-SystemFgService: 	at android.app.ForegroundServiceStartNotAllowedException$1.createFromParcel(ForegroundServiceStartNotAllowedException.java:50)
07-06 06:10:16.144 15434 15434 W WM-SystemFgService: 	at android.os.Parcel.readParcelableInternal(Parcel.java:5229)
07-06 06:10:16.144 15434 15434 W WM-SystemFgService: 	at android.os.Parcel.readParcelable(Parcel.java:5211)
07-06 06:10:16.144 15434 15434 W WM-SystemFgService: 	at android.os.Parcel.createExceptionOrNull(Parcel.java:3349)
07-06 06:10:16.144 15434 15434 W WM-SystemFgService: 	at android.os.Parcel.createException(Parcel.java:3338)
07-06 06:10:16.144 15434 15434 W WM-SystemFgService: 	at android.os.Parcel.readException(Parcel.java:3321)
07-06 06:10:16.144 15434 15434 W WM-SystemFgService: 	at android.os.Parcel.readException(Parcel.java:3263)
07-06 06:10:16.144 15434 15434 W WM-SystemFgService: 	at android.app.IActivityManager$Stub$Proxy.setServiceForeground(IActivityManager.java:7539)
07-06 06:10:16.144 15434 15434 W WM-SystemFgService: 	at android.app.Service.startForeground(Service.java:863)
07-06 06:10:16.144 15434 15434 W WM-SystemFgService: 	at androidx.work.impl.foreground.SystemForegroundService$Api31Impl.startForeground(SystemForegroundService.java:192)
07-06 06:10:16.144 15434 15434 W WM-SystemFgService: 	at androidx.work.impl.foreground.SystemForegroundService.startForeground(SystemForegroundService.java:141)
07-06 06:10:16.144 15434 15434 W WM-SystemFgService: 	at androidx.work.impl.foreground.SystemForegroundDispatcher.handleNotify(SystemForegroundDispatcher.java:332)
07-06 06:10:16.144 15434 15434 W WM-SystemFgService: 	at androidx.work.impl.foreground.SystemForegroundDispatcher.onStartCommand(SystemForegroundDispatcher.java:223)
07-06 06:10:16.144 15434 15434 W WM-SystemFgService: 	at androidx.work.impl.foreground.SystemForegroundService.onStartCommand(SystemForegroundService.java:80)
07-06 06:10:16.144 15434 15434 W WM-SystemFgService: 	at android.app.ActivityThread.handleServiceArgs(ActivityThread.java:6087)
07-06 06:10:16.144 15434 15434 W WM-SystemFgService: 	at android.app.ActivityThread.-$$Nest$mhandleServiceArgs(Unknown Source:0)
07-06 06:10:16.144 15434 15434 W WM-SystemFgService: 	at android.app.ActivityThread$H.handleMessage(ActivityThread.java:2974)
07-06 06:10:16.144 15434 15434 W WM-SystemFgService: 	at android.os.Handler.dispatchMessage(Handler.java:110)
07-06 06:10:16.144 15434 15434 W WM-SystemFgService: 	at android.os.Looper.loopOnce(Looper.java:273)
07-06 06:10:16.144 15434 15434 W WM-SystemFgService: 	at android.os.Looper.loop(Looper.java:363)
07-06 06:10:16.144 15434 15434 W WM-SystemFgService: 	at android.app.ActivityThread.main(ActivityThread.java:10060)
07-06 06:10:16.144 15434 15434 W WM-SystemFgService: 	at java.lang.reflect.Method.invoke(Native Method)
07-06 06:10:16.144 15434 15434 W WM-SystemFgService: 	at com.android.internal.os.RuntimeInit$MethodAndArgsCaller.run(RuntimeInit.java:632)
07-06 06:10:16.144 15434 15434 W WM-SystemFgService: 	at com.android.internal.os.ZygoteInit.main(ZygoteInit.java:975)
07-06 06:10:16.144 15434 15434 D WM-SystemFgDispatcher: Notifying with (id:8879, workSpecId: a0e77f4f-b105-4b90-91b4-35c9ac136b57, notificationType :1)
07-06 06:10:16.144 15434 15434 I NotificationManager: com.negi.survey: notify(8879, null, Notification(channel=uploads shortcut=null contentView=null vibrate=null sound=null defaults=0 flags=ONGOING_EVENT|ONLY_ALERT_ONCE color=0x00000000 category=progress vis=PRIVATE semFlags=0x0 semPriority=0 semMissedCount=0)) as user
07-06 06:10:16.145 15434 15434 W WM-SystemFgService: Unable to start foreground service
07-06 06:10:16.145 15434 15434 W WM-SystemFgService: android.app.ForegroundServiceStartNotAllowedException: FGS type dataSync not allowed to start from BOOT_COMPLETED!
07-06 06:10:16.145 15434 15434 W WM-SystemFgService: 	at android.app.ForegroundServiceStartNotAllowedException$1.createFromParcel(ForegroundServiceStartNotAllowedException.java:54)
07-06 06:10:16.145 15434 15434 W WM-SystemFgService: 	at android.app.ForegroundServiceStartNotAllowedException$1.createFromParcel(ForegroundServiceStartNotAllowedException.java:50)
07-06 06:10:16.145 15434 15434 W WM-SystemFgService: 	at android.os.Parcel.readParcelableInternal(Parcel.java:5229)
07-06 06:10:16.145 15434 15434 W WM-SystemFgService: 	at android.os.Parcel.readParcelable(Parcel.java:5211)
07-06 06:10:16.145 15434 15434 W WM-SystemFgService: 	at android.os.Parcel.createExceptionOrNull(Parcel.java:3349)
07-06 06:10:16.145 15434 15434 W WM-SystemFgService: 	at android.os.Parcel.createException(Parcel.java:3338)
07-06 06:10:16.145 15434 15434 W WM-SystemFgService: 	at android.os.Parcel.readException(Parcel.java:3321)
07-06 06:10:16.145 15434 15434 W WM-SystemFgService: 	at android.os.Parcel.readException(Parcel.java:3263)
07-06 06:10:16.145 15434 15434 W WM-SystemFgService: 	at android.app.IActivityManager$Stub$Proxy.setServiceForeground(IActivityManager.java:7539)
07-06 06:10:16.145 15434 15434 W WM-SystemFgService: 	at android.app.Service.startForeground(Service.java:863)
07-06 06:10:16.145 15434 15434 W WM-SystemFgService: 	at androidx.work.impl.foreground.SystemForegroundService$Api31Impl.startForeground(SystemForegroundService.java:192)
07-06 06:10:16.145 15434 15434 W WM-SystemFgService: 	at androidx.work.impl.foreground.SystemForegroundService.startForeground(SystemForegroundService.java:141)
07-06 06:10:16.145 15434 15434 W WM-SystemFgService: 	at androidx.work.impl.foreground.SystemForegroundDispatcher.handleNotify(SystemForegroundDispatcher.java:332)
07-06 06:10:16.145 15434 15434 W WM-SystemFgService: 	at androidx.work.impl.foreground.SystemForegroundDispatcher.onStartCommand(SystemForegroundDispatcher.java:223)
07-06 06:10:16.145 15434 15434 W WM-SystemFgService: 	at androidx.work.impl.foreground.SystemForegroundService.onStartCommand(SystemForegroundService.java:80)
07-06 06:10:16.145 15434 15434 W WM-SystemFgService: 	at android.app.ActivityThread.handleServiceArgs(ActivityThread.java:6087)
07-06 06:10:16.145 15434 15434 W WM-SystemFgService: 	at android.app.ActivityThread.-$$Nest$mhandleServiceArgs(Unknown Source:0)
07-06 06:10:16.145 15434 15434 W WM-SystemFgService: 	at android.app.ActivityThread$H.handleMessage(ActivityThread.java:2974)
07-06 06:10:16.145 15434 15434 W WM-SystemFgService: 	at android.os.Handler.dispatchMessage(Handler.java:110)
07-06 06:10:16.145 15434 15434 W WM-SystemFgService: 	at android.os.Looper.loopOnce(Looper.java:273)
07-06 06:10:16.145 15434 15434 W WM-SystemFgService: 	at android.os.Looper.loop(Looper.java:363)
07-06 06:10:16.145 15434 15434 W WM-SystemFgService: 	at android.app.ActivityThread.main(ActivityThread.java:10060)
