=== Previous Session Logcat ===
captured_time_utc=20260701_161226
captured_time_local=20260701_091226
marker=2026-07-01 09:10:42.487
preferred_prev_pid=-1
note=best-effort; buffers may be overwritten before next start
sdk=36
device=samsung SM-S931U1
appId=com.negi.survey
versionName=v0.0.1-20260318-172107
versionCode=22

=== Logcat (since marker) ===
--------- beginning of main
07-01 09:12:23.404 14114 14114 I com.negi.survey: Using CollectorTypeCMC GC.
07-01 09:12:23.423 14114 14114 D nativeloader: Load libframework-connectivity-tiramisu-jni.so using APEX ns com_android_tethering for caller /apex/com.android.tethering/javalib/framework-connectivity-t.jar: ok
07-01 09:12:23.430 14114 14114 D ActivityThread: setConscryptValidator
07-01 09:12:23.431 14114 14114 D ActivityThread: setConscryptValidator - put
07-01 09:12:23.456 14114 14114 D ApplicationLoaders: Returning zygote-cached class loader: /system_ext/framework/androidx.window.extensions.jar
07-01 09:12:23.456 14114 14114 D ApplicationLoaders: Returning zygote-cached class loader: /system_ext/framework/androidx.window.sidecar.jar
07-01 09:12:23.471 14114 14114 D nativeloader: Configuring clns-9 for other apk /data/app/~~iGpZo-lJAbYSSAaeRWZ8xw==/com.negi.survey-2KnbEk2cM_Zw9CsocNBXMA==/base.apk. target_sdk_version=36, uses_libraries=libOpenCL.so, library_path=/data/app/~~iGpZo-lJAbYSSAaeRWZ8xw==/com.negi.survey-2KnbEk2cM_Zw9CsocNBXMA==/lib/arm64:/data/app/~~iGpZo-lJAbYSSAaeRWZ8xw==/com.negi.survey-2KnbEk2cM_Zw9CsocNBXMA==/base.apk!/lib/arm64-v8a, permitted_path=/data:/mnt/expand:/data/user/0/com.negi.survey
07-01 09:12:23.478 14114 14114 V GraphicsEnvironment: Currently set values for:
07-01 09:12:23.478 14114 14114 V GraphicsEnvironment:   angle_gl_driver_selection_pkgs=[]
07-01 09:12:23.478 14114 14114 V GraphicsEnvironment:   angle_gl_driver_selection_values=[]
07-01 09:12:23.478 14114 14114 V GraphicsEnvironment: com.negi.survey is not listed in per-application setting
07-01 09:12:23.478 14114 14114 V GraphicsEnvironment: ANGLE allowlist from config: 
07-01 09:12:23.478 14114 14114 V GraphicsEnvironment: com.negi.survey is not listed in ANGLE allowlist or settings, returning default
07-01 09:12:23.478 14114 14114 V GraphicsEnvironment: App is not on the allowlist for updatable production driver.
07-01 09:12:23.518 14114 14114 D nativeloader: Load /data/app/~~iGpZo-lJAbYSSAaeRWZ8xw==/com.negi.survey-2KnbEk2cM_Zw9CsocNBXMA==/base.apk!/lib/arm64-v8a/liblitertlm_jni.so using class loader ns clns-9 (caller=/data/app/~~iGpZo-lJAbYSSAaeRWZ8xw==/com.negi.survey-2KnbEk2cM_Zw9CsocNBXMA==/base.apk!classes4.dex): ok
07-01 09:12:23.518 14114 14114 D SurveyApp: Loaded LiteRTLM JNI: litertlm_jni where=attachBaseContext
07-01 09:12:23.531 14114 14114 D AppRingLogStore: installed: dir=/data/user/0/com.negi.survey/files/diagnostics/applog_ring idx=0
07-01 09:12:23.532 14114 14203 D RuntimeLogStore: openWriter: start -> /data/user/0/com.negi.survey/files/diagnostics/runtime_logs/rtlog_20260701_161223_528_pid14114_seq1.log (bytes=0 format=LEGACY)
07-01 09:12:23.533 14114 14114 D CrashCapture: install: ensured default handler. where=SurveyApp:attachBaseContext pid=14114 default=com.negi.survey.CrashCapture$CrashHandler@13d919f
07-01 09:12:23.533 14114 14203 D RuntimeLogStore: retention: start files=2 kept=2 totalBytes=1769
07-01 09:12:23.533 14114 14114 D CrashCapture: install: ensured default handler. where=SurveyApp:onCreate(rewrap) pid=14114 default=com.negi.survey.CrashCapture$CrashHandler@13d919f
07-01 09:12:23.533 14114 14114 D CrashCapture: registerSelfHealing: ActivityLifecycleCallbacks registered. mode=onResumedOnly
07-01 09:12:23.542 14114 14211 D UploadRescheduleRcvr: No GitHub pending files for action=android.intent.action.BOOT_COMPLETED
07-01 09:12:23.562 14114 14211 D WM-PackageManagerHelper: Skipping component enablement for androidx.work.impl.background.systemjob.SystemJobService
07-01 09:12:23.562 14114 14211 D WM-Schedulers: Created SystemJobScheduler and enabled SystemJobService
07-01 09:12:23.564 14114 14231 D WM-ForceStopRunnable: Is default app process = true
07-01 09:12:23.564 14114 14231 D WM-ForceStopRunnable: Performing cleanup operations.
07-01 09:12:23.572 14114 14231 E ashmem  : Pinning is deprecated since Android Q. Please use trim or other methods.
07-01 09:12:23.609 14114 14211 D github_upload: choosePolicy: uniqueName=upload_runtime_logs_startup policy=REPLACE states=[SUCCEEDED]
07-01 09:12:23.609 14114 14211 D github_upload: enqueueStartupRuntimeLogsUpload: uniqueName=upload_runtime_logs_startup policy=REPLACE
07-01 09:12:23.612 14114 14211 D UploadRescheduleRcvr: Enqueued runtime logs upload for action=android.intent.action.BOOT_COMPLETED reason=receiver_boot_completed
07-01 09:12:23.629 14114 14263 D WM-SystemJobScheduler: Scheduling work ID cfdc3ebc-b9d9-4b92-b87c-109f14a5df0fJob ID 6
07-01 09:12:23.638 14114 14263 D WM-GreedyScheduler: Starting tracking for cfdc3ebc-b9d9-4b92-b87c-109f14a5df0f
07-01 09:12:23.639 14114 14263 D WM-PackageManagerHelper: Skipping component enablement for androidx.work.impl.background.systemalarm.RescheduleReceiver
07-01 09:12:23.646 14114 14263 D WM-ConstraintTracker: NetworkStateTracker24: initial state = NetworkState(isConnected=true, isValidated=true, isMetered=false, isNotRoaming=true, isBlocked=false)
07-01 09:12:23.646 14114 14263 D WM-NetworkStateTracker: Registering network callback
07-01 09:12:23.648 14114 14263 D ConnectivityManager: StackLog: [android.net.ConnectivityManager.sendRequestForNetwork(ConnectivityManager.java:4744)] [android.net.ConnectivityManager.registerDefaultNetworkCallbackForUid(ConnectivityManager.java:5469)] [android.net.ConnectivityManager.registerDefaultNetworkCallback(ConnectivityManager.java:5436)] [android.net.ConnectivityManager.registerDefaultNetworkCallback(ConnectivityManager.java:5410)] [androidx.work.impl.utils.NetworkApi24.registerDefaultNetworkCallbackCompat(NetworkApi24.kt:26)] [androidx.work.impl.constraints.trackers.NetworkStateTracker24.startTracking(NetworkStateTracker.kt:215)] [androidx.work.impl.constraints.trackers.ConstraintTracker.addListener(ConstraintTracker.kt:51)] [androidx.work.impl.constraints.controllers.BaseConstraintController$track$1.invokeSuspend(ContraintControllers.kt:62)] [androidx.work.impl.constraints.controllers.BaseConstraintController$track$1.invoke(Unknown Source:8)] [androidx.work.impl.constraints.controllers.BaseConstraintController$track$1.invoke(Unknown Source:4)] [kotlinx.coroutines.flow.ChannelFlowBuilder.collectTo$suspendImpl(Builders.kt:316)] [kotlinx.coroutines.flow.ChannelFlowBuilder.collectTo(Unknown Source:0)] [kotlinx.coroutines.flow.CallbackFlowBuilder.collectTo(Builders.kt:330)] [kotlinx.coroutines.flow.internal.ChannelFlow$collectToFun$1.invokeSuspend(ChannelFlow.kt:56)] [kotlin.coroutines.jvm.internal.BaseContinuationImpl.resumeWith(ContinuationImpl.kt:34)] [kotlinx.coroutines.DispatchedTask.run(DispatchedTask.kt:100)] [androidx.work.impl.utils.SerialExecutorImpl$Task.run(SerialExecutorImpl.java:96)] [java.util.concurrent.ThreadPoolExecutor.runWorker(ThreadPoolExecutor.java:1154)] [java.util.concurrent.ThreadPoolExecutor$Worker.run(ThreadPoolExecutor.java:652)] [java.lang.Thread.run(Thread.java:1564)]
07-01 09:12:23.655 14114 14263 D WM-PackageManagerHelper: androidx.work.impl.background.systemalarm.RescheduleReceiver enabled
07-01 09:12:23.656 14114 14263 D WM-GreedyScheduler: Constraints met: Scheduling work ID WorkGenerationalId(workSpecId=cfdc3ebc-b9d9-4b92-b87c-109f14a5df0f, generation=0)
07-01 09:12:23.657 14114 14263 D WM-Processor: Processor: processing WorkGenerationalId(workSpecId=cfdc3ebc-b9d9-4b92-b87c-109f14a5df0f, generation=0)
07-01 09:12:23.658 14114 14289 D WM-NetworkStateTracker: Network capabilities changed: [ Transports: WIFI Capabilities: NOT_METERED&INTERNET&NOT_RESTRICTED&TRUSTED&NOT_VPN&VALIDATED&NOT_ROAMING&FOREGROUND&NOT_CONGESTED&NOT_SUSPENDED&NOT_VCN_MANAGED&NOT_BANDWIDTH_CONSTRAINED LinkUpBandwidth>=11186Kbps LinkDnBandwidth>=259100Kbps TransportInfo: <SSID: <unknown ssid>, BSSID: 02:00:00:00:00:00, MAC: 02:00:00:00:00:00, IP: /192.168.1.137, Security type: 4, Supplicant state: COMPLETED, Wi-Fi standard: 11ax, RSSI: -53, Link speed: 413Mbps, Tx Link speed: 413Mbps, Max Supported Tx Link speed: 573Mbps, Rx Link speed: 458Mbps, Max Supported Rx Link speed: 573Mbps, Frequency: 5220MHz, Net ID: -1, Metered hint: false, score: 60, isUsable: true, CarrierMerged: false, SubscriptionId: -1, IsPrimary: -1, Trusted: true, Restricted: false, Ephemeral: false, OEM paid: false, OEM private: false, OSU AP: false, FQDN: <none>, Provider friendly name: <none>, Requesting package name: <none><none>MLO Information: , Is TID-To-Link negotiation supported by the AP: false, AP MLD Address: <none>, AP MLO Link Id: <none>, AP MLO Affiliated links: <none>, Vendor Data: <none>> SignalStrength: -53 UnderlyingNetworks: Null]
07-01 09:12:23.661 14114 14289 D WM-NetworkStateTracker: Network blocked status changed: false
07-01 09:12:23.662 14114 14114 D WM-WorkerWrapper: Starting work for com.negi.survey.net.GitHubUploadWorker
07-01 09:12:23.668 14114 14255 I WM-Processor: Moving WorkSpec (cfdc3ebc-b9d9-4b92-b87c-109f14a5df0f) to the foreground
07-01 09:12:23.681 14114 14114 I WM-SystemFgDispatcher: Started foreground service Intent { act=ACTION_START_FOREGROUND xflg=0x4 cmp=com.negi.survey/androidx.work.impl.foreground.SystemForegroundService (has extras) }
07-01 09:12:23.682 14114 14114 D WM-SystemFgDispatcher: Notifying with (id:9249, workSpecId: cfdc3ebc-b9d9-4b92-b87c-109f14a5df0f, notificationType :1)
07-01 09:12:23.682 14114 14263 D WM-WorkProgressUpdater: Updating progress for cfdc3ebc-b9d9-4b92-b87c-109f14a5df0f (Data {pct : 3, mode : startup_runtime_logs})
07-01 09:12:23.685 14114 14114 W WM-SystemFgService: Unable to start foreground service
07-01 09:12:23.685 14114 14114 W WM-SystemFgService: android.app.ForegroundServiceStartNotAllowedException: FGS type dataSync not allowed to start from BOOT_COMPLETED!
07-01 09:12:23.685 14114 14114 W WM-SystemFgService: 	at android.app.ForegroundServiceStartNotAllowedException$1.createFromParcel(ForegroundServiceStartNotAllowedException.java:54)
07-01 09:12:23.685 14114 14114 W WM-SystemFgService: 	at android.app.ForegroundServiceStartNotAllowedException$1.createFromParcel(ForegroundServiceStartNotAllowedException.java:50)
07-01 09:12:23.685 14114 14114 W WM-SystemFgService: 	at android.os.Parcel.readParcelableInternal(Parcel.java:5229)
07-01 09:12:23.685 14114 14114 W WM-SystemFgService: 	at android.os.Parcel.readParcelable(Parcel.java:5211)
07-01 09:12:23.685 14114 14114 W WM-SystemFgService: 	at android.os.Parcel.createExceptionOrNull(Parcel.java:3349)
07-01 09:12:23.685 14114 14114 W WM-SystemFgService: 	at android.os.Parcel.createException(Parcel.java:3338)
07-01 09:12:23.685 14114 14114 W WM-SystemFgService: 	at android.os.Parcel.readException(Parcel.java:3321)
07-01 09:12:23.685 14114 14114 W WM-SystemFgService: 	at android.os.Parcel.readException(Parcel.java:3263)
07-01 09:12:23.685 14114 14114 W WM-SystemFgService: 	at android.app.IActivityManager$Stub$Proxy.setServiceForeground(IActivityManager.java:7539)
07-01 09:12:23.685 14114 14114 W WM-SystemFgService: 	at android.app.Service.startForeground(Service.java:863)
07-01 09:12:23.685 14114 14114 W WM-SystemFgService: 	at androidx.work.impl.foreground.SystemForegroundService$Api31Impl.startForeground(SystemForegroundService.java:192)
07-01 09:12:23.685 14114 14114 W WM-SystemFgService: 	at androidx.work.impl.foreground.SystemForegroundService.startForeground(SystemForegroundService.java:141)
07-01 09:12:23.685 14114 14114 W WM-SystemFgService: 	at androidx.work.impl.foreground.SystemForegroundDispatcher.handleNotify(SystemForegroundDispatcher.java:332)
07-01 09:12:23.685 14114 14114 W WM-SystemFgService: 	at androidx.work.impl.foreground.SystemForegroundDispatcher.onStartCommand(SystemForegroundDispatcher.java:221)
07-01 09:12:23.685 14114 14114 W WM-SystemFgService: 	at androidx.work.impl.foreground.SystemForegroundService.onStartCommand(SystemForegroundService.java:80)
07-01 09:12:23.685 14114 14114 W WM-SystemFgService: 	at android.app.ActivityThread.handleServiceArgs(ActivityThread.java:6087)
07-01 09:12:23.685 14114 14114 W WM-SystemFgService: 	at android.app.ActivityThread.-$$Nest$mhandleServiceArgs(Unknown Source:0)
07-01 09:12:23.685 14114 14114 W WM-SystemFgService: 	at android.app.ActivityThread$H.handleMessage(ActivityThread.java:2974)
07-01 09:12:23.685 14114 14114 W WM-SystemFgService: 	at android.os.Handler.dispatchMessage(Handler.java:110)
07-01 09:12:23.685 14114 14114 W WM-SystemFgService: 	at android.os.Looper.loopOnce(Looper.java:273)
07-01 09:12:23.685 14114 14114 W WM-SystemFgService: 	at android.os.Looper.loop(Looper.java:363)
07-01 09:12:23.685 14114 14114 W WM-SystemFgService: 	at android.app.ActivityThread.main(ActivityThread.java:10060)
07-01 09:12:23.685 14114 14114 W WM-SystemFgService: 	at java.lang.reflect.Method.invoke(Native Method)
07-01 09:12:23.685 14114 14114 W WM-SystemFgService: 	at com.android.internal.os.RuntimeInit$MethodAndArgsCaller.run(RuntimeInit.java:632)
07-01 09:12:23.685 14114 14114 W WM-SystemFgService: 	at com.android.internal.os.ZygoteInit.main(ZygoteInit.java:975)
07-01 09:12:23.685 14114 14263 I WM-Processor: Moving WorkSpec (cfdc3ebc-b9d9-4b92-b87c-109f14a5df0f) to the foreground
07-01 09:12:23.686 14114 14114 D WM-SystemJobService: onStartJob for WorkGenerationalId(workSpecId=cfdc3ebc-b9d9-4b92-b87c-109f14a5df0f, generation=0)
07-01 09:12:23.687 14114 14263 D WM-Processor: Work WorkGenerationalId(workSpecId=cfdc3ebc-b9d9-4b92-b87c-109f14a5df0f, generation=0) is already enqueued for processing
07-01 09:12:23.688 14114 14114 D WM-SystemFgDispatcher: Notifying with (id:9249, workSpecId: cfdc3ebc-b9d9-4b92-b87c-109f14a5df0f, notificationType :1)
--------- beginning of system
07-01 09:12:23.688 14114 14114 I NotificationManager: com.negi.survey: notify(9249, null, Notification(channel=uploads shortcut=null contentView=null vibrate=null sound=null defaults=0 flags=ONGOING_EVENT|ONLY_ALERT_ONCE color=0x00000000 category=progress vis=PRIVATE semFlags=0x0 semPriority=0 semMissedCount=0)) as user
07-01 09:12:23.688 14114 14114 D NotificationManager: BOOTING pkg =com.negi.survey mBlockedChannelsForOverflowNoti=[]
07-01 09:12:23.690 14114 14114 W WM-SystemFgService: Unable to start foreground service
07-01 09:12:23.690 14114 14114 W WM-SystemFgService: android.app.ForegroundServiceStartNotAllowedException: FGS type dataSync not allowed to start from BOOT_COMPLETED!
07-01 09:12:23.690 14114 14114 W WM-SystemFgService: 	at android.app.ForegroundServiceStartNotAllowedException$1.createFromParcel(ForegroundServiceStartNotAllowedException.java:54)
07-01 09:12:23.690 14114 14114 W WM-SystemFgService: 	at android.app.ForegroundServiceStartNotAllowedException$1.createFromParcel(ForegroundServiceStartNotAllowedException.java:50)
07-01 09:12:23.690 14114 14114 W WM-SystemFgService: 	at android.os.Parcel.readParcelableInternal(Parcel.java:5229)
07-01 09:12:23.690 14114 14114 W WM-SystemFgService: 	at android.os.Parcel.readParcelable(Parcel.java:5211)
07-01 09:12:23.690 14114 14114 W WM-SystemFgService: 	at android.os.Parcel.createExceptionOrNull(Parcel.java:3349)
07-01 09:12:23.690 14114 14114 W WM-SystemFgService: 	at android.os.Parcel.createException(Parcel.java:3338)
07-01 09:12:23.690 14114 14114 W WM-SystemFgService: 	at android.os.Parcel.readException(Parcel.java:3321)
07-01 09:12:23.690 14114 14114 W WM-SystemFgService: 	at android.os.Parcel.readException(Parcel.java:3263)
07-01 09:12:23.690 14114 14114 W WM-SystemFgService: 	at android.app.IActivityManager$Stub$Proxy.setServiceForeground(IActivityManager.java:7539)
07-01 09:12:23.690 14114 14114 W WM-SystemFgService: 	at android.app.Service.startForeground(Service.java:863)
07-01 09:12:23.690 14114 14114 W WM-SystemFgService: 	at androidx.work.impl.foreground.SystemForegroundService$Api31Impl.startForeground(SystemForegroundService.java:192)
07-01 09:12:23.690 14114 14114 W WM-SystemFgService: 	at androidx.work.impl.foreground.SystemForegroundService.startForeground(SystemForegroundService.java:141)
07-01 09:12:23.690 14114 14114 W WM-SystemFgService: 	at androidx.work.impl.foreground.SystemForegroundDispatcher.handleNotify(SystemForegroundDispatcher.java:332)
07-01 09:12:23.690 14114 14114 W WM-SystemFgService: 	at androidx.work.impl.foreground.SystemForegroundDispatcher.onStartCommand(SystemForegroundDispatcher.java:223)
07-01 09:12:23.690 14114 14114 W WM-SystemFgService: 	at androidx.work.impl.foreground.SystemForegroundService.onStartCommand(SystemForegroundService.java:80)
07-01 09:12:23.690 14114 14114 W WM-SystemFgService: 	at android.app.ActivityThread.handleServiceArgs(ActivityThread.java:6087)
07-01 09:12:23.690 14114 14114 W WM-SystemFgService: 	at android.app.ActivityThread.-$$Nest$mhandleServiceArgs(Unknown Source:0)
07-01 09:12:23.690 14114 14114 W WM-SystemFgService: 	at android.app.ActivityThread$H.handleMessage(ActivityThread.java:2974)
07-01 09:12:23.690 14114 14114 W WM-SystemFgService: 	at android.os.Handler.dispatchMessage(Handler.java:110)
07-01 09:12:23.690 14114 14114 W WM-SystemFgService: 	at android.os.Looper.loopOnce(Looper.java:273)
07-01 09:12:23.690 14114 14114 W WM-SystemFgService: 	at android.os.Looper.loop(Looper.java:363)
07-01 09:12:23.690 14114 14114 W WM-SystemFgService: 	at android.app.ActivityThread.main(ActivityThread.java:10060)
07-01 09:12:23.690 14114 14114 W WM-SystemFgService: 	at java.lang.reflect.Method.invoke(Native Method)
07-01 09:12:23.690 14114 14114 W WM-SystemFgService: 	at com.android.internal.os.RuntimeInit$MethodAndArgsCaller.run(RuntimeInit.java:632)
07-01 09:12:23.690 14114 14114 W WM-SystemFgService: 	at com.android.internal.os.ZygoteInit.main(ZygoteInit.java:975)
07-01 09:12:23.690 14114 14114 D WM-SystemFgDispatcher: Notifying with (id:9249, workSpecId: cfdc3ebc-b9d9-4b92-b87c-109f14a5df0f, notificationType :1)
07-01 09:12:23.690 14114 14114 I NotificationManager: com.negi.survey: notify(9249, null, Notification(channel=uploads shortcut=null contentView=null vibrate=null sound=null defaults=0 flags=ONGOING_EVENT|ONLY_ALERT_ONCE color=0x00000000 category=progress vis=PRIVATE semFlags=0x0 semPriority=0 semMissedCount=0)) as user
07-01 09:12:23.696 14114 14114 W WM-SystemFgService: Unable to start foreground service
07-01 09:12:23.696 14114 14114 W WM-SystemFgService: android.app.ForegroundServiceStartNotAllowedException: FGS type dataSync not allowed to start from BOOT_COMPLETED!
07-01 09:12:23.696 14114 14114 W WM-SystemFgService: 	at android.app.ForegroundServiceStartNotAllowedException$1.createFromParcel(ForegroundServiceStartNotAllowedException.java:54)
07-01 09:12:23.696 14114 14114 W WM-SystemFgService: 	at android.app.ForegroundServiceStartNotAllowedException$1.createFromParcel(ForegroundServiceStartNotAllowedException.java:50)
07-01 09:12:23.696 14114 14114 W WM-SystemFgService: 	at android.os.Parcel.readParcelableInternal(Parcel.java:5229)
07-01 09:12:23.696 14114 14114 W WM-SystemFgService: 	at android.os.Parcel.readParcelable(Parcel.java:5211)
07-01 09:12:23.696 14114 14114 W WM-SystemFgService: 	at android.os.Parcel.createExceptionOrNull(Parcel.java:3349)
07-01 09:12:23.696 14114 14114 W WM-SystemFgService: 	at android.os.Parcel.createException(Parcel.java:3338)
07-01 09:12:23.696 14114 14114 W WM-SystemFgService: 	at android.os.Parcel.readException(Parcel.java:3321)
07-01 09:12:23.696 14114 14114 W WM-SystemFgService: 	at android.os.Parcel.readException(Parcel.java:3263)
07-01 09:12:23.696 14114 14114 W WM-SystemFgService: 	at android.app.IActivityManager$Stub$Proxy.setServiceForeground(IActivityManager.java:7539)
07-01 09:12:23.696 14114 14114 W WM-SystemFgService: 	at android.app.Service.startForeground(Service.java:863)
07-01 09:12:23.696 14114 14114 W WM-SystemFgService: 	at androidx.work.impl.foreground.SystemForegroundService$Api31Impl.startForeground(SystemForegroundService.java:192)
07-01 09:12:23.696 14114 14114 W WM-SystemFgService: 	at androidx.work.impl.foreground.SystemForegroundService.startForeground(SystemForegroundService.java:141)
07-01 09:12:23.696 14114 14114 W WM-SystemFgService: 	at androidx.work.impl.foreground.SystemForegroundDispatcher.handleNotify(SystemForegroundDispatcher.java:332)
07-01 09:12:23.696 14114 14114 W WM-SystemFgService: 	at androidx.work.impl.foreground.SystemForegroundDispatcher.onStartCommand(SystemForegroundDispatcher.java:223)
07-01 09:12:23.696 14114 14114 W WM-SystemFgService: 	at androidx.work.impl.foreground.SystemForegroundService.onStartCommand(SystemForegroundService.java:80)
07-01 09:12:23.696 14114 14114 W WM-SystemFgService: 	at android.app.ActivityThread.handleServiceArgs(ActivityThread.java:6087)
07-01 09:12:23.696 14114 14114 W WM-SystemFgService: 	at android.app.ActivityThread.-$$Nest$mhandleServiceArgs(Unknown Source:0)
07-01 09:12:23.696 14114 14114 W WM-SystemFgService: 	at android.app.ActivityThread$H.handleMessage(ActivityThread.java:2974)
07-01 09:12:23.696 14114 14114 W WM-SystemFgService: 	at android.os.Handler.dispatchMessage(Handler.java:110)
07-01 09:12:23.696 14114 14114 W WM-SystemFgService: 	at android.os.Looper.loopOnce(Looper.java:273)
07-01 09:12:23.696 14114 14114 W WM-SystemFgService: 	at android.os.Looper.loop(Looper.java:363)
07-01 09:12:23.696 14114 14114 W WM-SystemFgService: 	at android.app.ActivityThread.main(ActivityThread.java:10060)
07-01 09:12:23.696 14114 14114 W WM-SystemFgService: 	at java.lang.reflect.Method.invoke(Native Method)
07-01 09:12:23.696 14114 14114 W WM-SystemFgService: 	at com.android.internal.os.RuntimeInit$MethodAndArgsCaller.run(RuntimeInit.java:632)
07-01 09:12:23.696 14114 14114 W WM-SystemFgService: 	at com.android.internal.os.ZygoteInit.main(ZygoteInit.java:975)
07-01 09:12:24.886 14114 14203 D RuntimeLogStore: openWriter: rotate:plain_snapshot:receiver_boot_completed -> /data/user/0/com.negi.survey/files/diagnostics/runtime_logs/rtlog_20260701_161224_886_pid14114_seq2.log (bytes=0 format=LEGACY)
07-01 09:12:24.887 14114 14203 D RuntimeLogStore: retention: rotate:plain_snapshot:receiver_boot_completed files=3 kept=3 totalBytes=3498
07-01 09:12:24.895 14114 14211 D github_upload: doRuntimeLogsUpload: remoteBaseDir=diagnostics/runtime_logs/2026-07-01/runtime_logs_20260701_091224_pid14114_receiver_boot_completed toUpload=3 bytes=4688 dedupe=true deleteSource=true deletedSourcePre=0 preview='plain_logs_manifest_20260701_161224_890_pid14114_receiver_boot_completed.json|runtime_log_20260701_161224_890_pid14114_receiver_boot_completed__rtlog_20260701_161223_528_pid14114_seq1.log|runtime_log_20260701_161224_890_pid14114_receiver_boot_completed__rtlog_20260701_161041_054_pid15322_seq2.log'
07-01 09:12:24.896 14114 14211 D GitHubUploader: uploadStream: owner=ishizuki-tech repo=SurveyExports branch=main path=diagnostics/runtime_logs/2026-07-01/runtime_logs_20260701_091224_pid14114_receiver_boot_completed/plain_logs_manifest_20260701_161224_890_pid14114_receiver_boot_completed.json size=1546 maxRawBytesHint=1000000 maxRequestBytesHint=2800000
07-01 09:12:24.898 14114 14263 D WM-WorkProgressUpdater: Updating progress for cfdc3ebc-b9d9-4b92-b87c-109f14a5df0f (Data {pct : 10, mode : startup_runtime_logs})
07-01 09:12:24.900 14114 14263 I WM-Processor: Moving WorkSpec (cfdc3ebc-b9d9-4b92-b87c-109f14a5df0f) to the foreground
07-01 09:12:24.907 14114 14114 D WM-SystemFgDispatcher: Notifying with (id:9249, workSpecId: cfdc3ebc-b9d9-4b92-b87c-109f14a5df0f, notificationType :1)
07-01 09:12:24.908 14114 14114 I NotificationManager: com.negi.survey: notify(9249, null, Notification(channel=uploads shortcut=null contentView=null vibrate=null sound=null defaults=0 flags=ONGOING_EVENT|ONLY_ALERT_ONCE color=0x00000000 category=progress vis=PRIVATE semFlags=0x0 semPriority=0 semMissedCount=0)) as user
07-01 09:12:24.913 14114 14114 W WM-SystemFgService: Unable to start foreground service
07-01 09:12:24.913 14114 14114 W WM-SystemFgService: android.app.ForegroundServiceStartNotAllowedException: FGS type dataSync not allowed to start from BOOT_COMPLETED!
07-01 09:12:24.913 14114 14114 W WM-SystemFgService: 	at android.app.ForegroundServiceStartNotAllowedException$1.createFromParcel(ForegroundServiceStartNotAllowedException.java:54)
07-01 09:12:24.913 14114 14114 W WM-SystemFgService: 	at android.app.ForegroundServiceStartNotAllowedException$1.createFromParcel(ForegroundServiceStartNotAllowedException.java:50)
07-01 09:12:24.913 14114 14114 W WM-SystemFgService: 	at android.os.Parcel.readParcelableInternal(Parcel.java:5229)
07-01 09:12:24.913 14114 14114 W WM-SystemFgService: 	at android.os.Parcel.readParcelable(Parcel.java:5211)
07-01 09:12:24.913 14114 14114 W WM-SystemFgService: 	at android.os.Parcel.createExceptionOrNull(Parcel.java:3349)
07-01 09:12:24.913 14114 14114 W WM-SystemFgService: 	at android.os.Parcel.createException(Parcel.java:3338)
07-01 09:12:24.913 14114 14114 W WM-SystemFgService: 	at android.os.Parcel.readException(Parcel.java:3321)
07-01 09:12:24.913 14114 14114 W WM-SystemFgService: 	at android.os.Parcel.readException(Parcel.java:3263)
07-01 09:12:24.913 14114 14114 W WM-SystemFgService: 	at android.app.IActivityManager$Stub$Proxy.setServiceForeground(IActivityManager.java:7539)
07-01 09:12:24.913 14114 14114 W WM-SystemFgService: 	at android.app.Service.startForeground(Service.java:863)
07-01 09:12:24.913 14114 14114 W WM-SystemFgService: 	at androidx.work.impl.foreground.SystemForegroundService$Api31Impl.startForeground(SystemForegroundService.java:192)
07-01 09:12:24.913 14114 14114 W WM-SystemFgService: 	at androidx.work.impl.foreground.SystemForegroundService.startForeground(SystemForegroundService.java:141)
07-01 09:12:24.913 14114 14114 W WM-SystemFgService: 	at androidx.work.impl.foreground.SystemForegroundDispatcher.handleNotify(SystemForegroundDispatcher.java:332)
07-01 09:12:24.913 14114 14114 W WM-SystemFgService: 	at androidx.work.impl.foreground.SystemForegroundDispatcher.onStartCommand(SystemForegroundDispatcher.java:223)
07-01 09:12:24.913 14114 14114 W WM-SystemFgService: 	at androidx.work.impl.foreground.SystemForegroundService.onStartCommand(SystemForegroundService.java:80)
07-01 09:12:24.913 14114 14114 W WM-SystemFgService: 	at android.app.ActivityThread.handleServiceArgs(ActivityThread.java:6087)
07-01 09:12:24.913 14114 14114 W WM-SystemFgService: 	at android.app.ActivityThread.-$$Nest$mhandleServiceArgs(Unknown Source:0)
07-01 09:12:24.913 14114 14114 W WM-SystemFgService: 	at android.app.ActivityThread$H.handleMessage(ActivityThread.java:2974)
07-01 09:12:24.913 14114 14114 W WM-SystemFgService: 	at android.os.Handler.dispatchMessage(Handler.java:110)
07-01 09:12:24.913 14114 14114 W WM-SystemFgService: 	at android.os.Looper.loopOnce(Looper.java:273)
07-01 09:12:24.913 14114 14114 W WM-SystemFgService: 	at android.os.Looper.loop(Looper.java:363)
07-01 09:12:24.913 14114 14114 W WM-SystemFgService: 	at android.app.ActivityThread.main(ActivityThread.java:10060)
07-01 09:12:24.913 14114 14114 W WM-SystemFgService: 	at java.lang.reflect.Method.invoke(Native Method)
07-01 09:12:24.913 14114 14114 W WM-SystemFgService: 	at com.android.internal.os.RuntimeInit$MethodAndArgsCaller.run(RuntimeInit.java:632)
07-01 09:12:24.913 14114 14114 W WM-SystemFgService: 	at com.android.internal.os.ZygoteInit.main(ZygoteInit.java:975)
07-01 09:12:25.175 14114 14255 D WM-WorkProgressUpdater: Updating progress for cfdc3ebc-b9d9-4b92-b87c-109f14a5df0f (Data {pct : 12, mode : startup_runtime_logs})
07-01 09:12:25.177 14114 14255 I WM-Processor: Moving WorkSpec (cfdc3ebc-b9d9-4b92-b87c-109f14a5df0f) to the foreground
07-01 09:12:25.180 14114 14256 D WM-WorkProgressUpdater: Updating progress for cfdc3ebc-b9d9-4b92-b87c-109f14a5df0f (Data {pct : 33, mode : startup_runtime_logs})
07-01 09:12:25.181 14114 14256 I WM-Processor: Moving WorkSpec (cfdc3ebc-b9d9-4b92-b87c-109f14a5df0f) to the foreground
07-01 09:12:25.182 14114 14114 D WM-SystemFgDispatcher: Notifying with (id:9249, workSpecId: cfdc3ebc-b9d9-4b92-b87c-109f14a5df0f, notificationType :1)
07-01 09:12:25.182 14114 14114 I NotificationManager: com.negi.survey: notify(9249, null, Notification(channel=uploads shortcut=null contentView=null vibrate=null sound=null defaults=0 flags=ONGOING_EVENT|ONLY_ALERT_ONCE color=0x00000000 category=progress vis=PRIVATE semFlags=0x0 semPriority=0 semMissedCount=0)) as user
07-01 09:12:25.183 14114 14114 W WM-SystemFgService: Unable to start foreground service
07-01 09:12:25.183 14114 14114 W WM-SystemFgService: android.app.ForegroundServiceStartNotAllowedException: FGS type dataSync not allowed to start from BOOT_COMPLETED!
07-01 09:12:25.183 14114 14114 W WM-SystemFgService: 	at android.app.ForegroundServiceStartNotAllowedException$1.createFromParcel(ForegroundServiceStartNotAllowedException.java:54)
07-01 09:12:25.183 14114 14114 W WM-SystemFgService: 	at android.app.ForegroundServiceStartNotAllowedException$1.createFromParcel(ForegroundServiceStartNotAllowedException.java:50)
07-01 09:12:25.183 14114 14114 W WM-SystemFgService: 	at android.os.Parcel.readParcelableInternal(Parcel.java:5229)
07-01 09:12:25.183 14114 14114 W WM-SystemFgService: 	at android.os.Parcel.readParcelable(Parcel.java:5211)
07-01 09:12:25.183 14114 14114 W WM-SystemFgService: 	at android.os.Parcel.createExceptionOrNull(Parcel.java:3349)
07-01 09:12:25.183 14114 14114 W WM-SystemFgService: 	at android.os.Parcel.createException(Parcel.java:3338)
07-01 09:12:25.183 14114 14114 W WM-SystemFgService: 	at android.os.Parcel.readException(Parcel.java:3321)
07-01 09:12:25.183 14114 14114 W WM-SystemFgService: 	at android.os.Parcel.readException(Parcel.java:3263)
07-01 09:12:25.183 14114 14114 W WM-SystemFgService: 	at android.app.IActivityManager$Stub$Proxy.setServiceForeground(IActivityManager.java:7539)
07-01 09:12:25.183 14114 14114 W WM-SystemFgService: 	at android.app.Service.startForeground(Service.java:863)
07-01 09:12:25.183 14114 14114 W WM-SystemFgService: 	at androidx.work.impl.foreground.SystemForegroundService$Api31Impl.startForeground(SystemForegroundService.java:192)
07-01 09:12:25.183 14114 14114 W WM-SystemFgService: 	at androidx.work.impl.foreground.SystemForegroundService.startForeground(SystemForegroundService.java:141)
07-01 09:12:25.183 14114 14114 W WM-SystemFgService: 	at androidx.work.impl.foreground.SystemForegroundDispatcher.handleNotify(SystemForegroundDispatcher.java:332)
07-01 09:12:25.183 14114 14114 W WM-SystemFgService: 	at androidx.work.impl.foreground.SystemForegroundDispatcher.onStartCommand(SystemForegroundDispatcher.java:223)
07-01 09:12:25.183 14114 14114 W WM-SystemFgService: 	at androidx.work.impl.foreground.SystemForegroundService.onStartCommand(SystemForegroundService.java:80)
07-01 09:12:25.183 14114 14114 W WM-SystemFgService: 	at android.app.ActivityThread.handleServiceArgs(ActivityThread.java:6087)
07-01 09:12:25.183 14114 14114 W WM-SystemFgService: 	at android.app.ActivityThread.-$$Nest$mhandleServiceArgs(Unknown Source:0)
07-01 09:12:25.183 14114 14114 W WM-SystemFgService: 	at android.app.ActivityThread$H.handleMessage(ActivityThread.java:2974)
07-01 09:12:25.183 14114 14114 W WM-SystemFgService: 	at android.os.Handler.dispatchMessage(Handler.java:110)
07-01 09:12:25.183 14114 14114 W WM-SystemFgService: 	at android.os.Looper.loopOnce(Looper.java:273)
07-01 09:12:25.183 14114 14114 W WM-SystemFgService: 	at android.os.Looper.loop(Looper.java:363)
07-01 09:12:25.183 14114 14114 W WM-SystemFgService: 	at android.app.ActivityThread.main(ActivityThread.java:10060)
07-01 09:12:25.183 14114 14114 W WM-SystemFgService: 	at java.lang.reflect.Method.invoke(Native Method)
07-01 09:12:25.183 14114 14114 W WM-SystemFgService: 	at com.android.internal.os.RuntimeInit$MethodAndArgsCaller.run(RuntimeInit.java:632)
07-01 09:12:25.183 14114 14114 W WM-SystemFgService: 	at com.android.internal.os.ZygoteInit.main(ZygoteInit.java:975)
07-01 09:12:25.183 14114 14114 D WM-SystemFgDispatcher: Notifying with (id:9249, workSpecId: cfdc3ebc-b9d9-4b92-b87c-109f14a5df0f, notificationType :1)
07-01 09:12:25.183 14114 14114 I NotificationManager: com.negi.survey: notify(9249, null, Notification(channel=uploads shortcut=null contentView=null vibrate=null sound=null defaults=0 flags=ONGOING_EVENT|ONLY_ALERT_ONCE color=0x00000000 category=progress vis=PRIVATE semFlags=0x0 semPriority=0 semMissedCount=0)) as user
07-01 09:12:25.184 14114 14114 W WM-SystemFgService: Unable to start foreground service
07-01 09:12:25.184 14114 14114 W WM-SystemFgService: android.app.ForegroundServiceStartNotAllowedException: FGS type dataSync not allowed to start from BOOT_COMPLETED!
07-01 09:12:25.184 14114 14114 W WM-SystemFgService: 	at android.app.ForegroundServiceStartNotAllowedException$1.createFromParcel(ForegroundServiceStartNotAllowedException.java:54)
07-01 09:12:25.184 14114 14114 W WM-SystemFgService: 	at android.app.ForegroundServiceStartNotAllowedException$1.createFromParcel(ForegroundServiceStartNotAllowedException.java:50)
07-01 09:12:25.184 14114 14114 W WM-SystemFgService: 	at android.os.Parcel.readParcelableInternal(Parcel.java:5229)
07-01 09:12:25.184 14114 14114 W WM-SystemFgService: 	at android.os.Parcel.readParcelable(Parcel.java:5211)
07-01 09:12:25.184 14114 14114 W WM-SystemFgService: 	at android.os.Parcel.createExceptionOrNull(Parcel.java:3349)
07-01 09:12:25.184 14114 14114 W WM-SystemFgService: 	at android.os.Parcel.createException(Parcel.java:3338)
07-01 09:12:25.184 14114 14114 W WM-SystemFgService: 	at android.os.Parcel.readException(Parcel.java:3321)
07-01 09:12:25.184 14114 14114 W WM-SystemFgService: 	at android.os.Parcel.readException(Parcel.java:3263)
07-01 09:12:25.184 14114 14114 W WM-SystemFgService: 	at android.app.IActivityManager$Stub$Proxy.setServiceForeground(IActivityManager.java:7539)
07-01 09:12:25.184 14114 14114 W WM-SystemFgService: 	at android.app.Service.startForeground(Service.java:863)
07-01 09:12:25.184 14114 14114 W WM-SystemFgService: 	at androidx.work.impl.foreground.SystemForegroundService$Api31Impl.startForeground(SystemForegroundService.java:192)
07-01 09:12:25.184 14114 14114 W WM-SystemFgService: 	at androidx.work.impl.foreground.SystemForegroundService.startForeground(SystemForegroundService.java:141)
07-01 09:12:25.184 14114 14114 W WM-SystemFgService: 	at androidx.work.impl.foreground.SystemForegroundDispatcher.handleNotify(SystemForegroundDispatcher.java:332)
07-01 09:12:25.184 14114 14114 W WM-SystemFgService: 	at androidx.work.impl.foreground.SystemForegroundDispatcher.onStartCommand(SystemForegroundDispatcher.java:223)
07-01 09:12:25.184 14114 14114 W WM-SystemFgService: 	at androidx.work.impl.foreground.SystemForegroundService.onStartCommand(SystemForegroundService.java:80)
07-01 09:12:25.184 14114 14114 W WM-SystemFgService: 	at android.app.ActivityThread.handleServiceArgs(ActivityThread.java:6087)
07-01 09:12:25.184 14114 14114 W WM-SystemFgService: 	at android.app.ActivityThread.-$$Nest$mhandleServiceArgs(Unknown Source:0)
07-01 09:12:25.184 14114 14114 W WM-SystemFgService: 	at android.app.ActivityThread$H.handleMessage(ActivityThread.java:2974)
07-01 09:12:25.184 14114 14114 W WM-SystemFgService: 	at android.os.Handler.dispatchMessage(Handler.java:110)
07-01 09:12:25.184 14114 14114 W WM-SystemFgService: 	at android.os.Looper.loopOnce(Looper.java:273)
07-01 09:12:25.184 14114 14114 W WM-SystemFgService: 	at android.os.Looper.loop(Looper.java:363)
07-01 09:12:25.184 14114 14114 W WM-SystemFgService: 	at android.app.ActivityThread.main(ActivityThread.java:10060)
07-01 09:12:25.184 14114 14114 W WM-SystemFgService: 	at java.lang.reflect.Method.invoke(Native Method)
07-01 09:12:25.184 14114 14114 W WM-SystemFgService: 	at com.android.internal.os.RuntimeInit$MethodAndArgsCaller.run(RuntimeInit.java:632)
07-01 09:12:25.184 14114 14114 W WM-SystemFgService: 	at com.android.internal.os.ZygoteInit.main(ZygoteInit.java:975)
07-01 09:12:26.037 14114 14114 D github_upload: choosePolicy: uniqueName=upload_runtime_logs_startup policy=KEEP states=[RUNNING]
07-01 09:12:26.037 14114 14114 D github_upload: enqueueStartupRuntimeLogsUpload: uniqueName=upload_runtime_logs_startup policy=KEEP
07-01 09:12:26.038 14114 14114 D github_upload: choosePolicy: uniqueName=upload_ring_logs_startup policy=REPLACE states=[SUCCEEDED]
07-01 09:12:26.038 14114 14114 D github_upload: enqueueStartupRingLogsUpload: uniqueName=upload_ring_logs_startup policy=REPLACE
07-01 09:12:26.038 14114 15511 D CrashCapture: enqueuePendingCrashUploadsIfPossible enter where=SurveyApp:enqueuePending(immediate):bg pid=14114 thread=CrashCapture-Enqueue
07-01 09:12:26.044 14114 14263 D WM-SystemJobScheduler: Scheduling work ID 23c0b95d-a079-40a2-b5c2-0fe68a64e6f9Job ID 7
07-01 09:12:26.048 14114 14263 D WM-GreedyScheduler: Starting tracking for 23c0b95d-a079-40a2-b5c2-0fe68a64e6f9
07-01 09:12:26.049 14114 14114 D WM-SystemJobService: onStartJob for WorkGenerationalId(workSpecId=23c0b95d-a079-40a2-b5c2-0fe68a64e6f9, generation=0)
07-01 09:12:26.050 14114 14231 D WM-Processor: Processor: processing WorkGenerationalId(workSpecId=23c0b95d-a079-40a2-b5c2-0fe68a64e6f9, generation=0)
07-01 09:12:26.052 14114 14114 D WM-WorkerWrapper: Starting work for com.negi.survey.net.GitHubUploadWorker
07-01 09:12:26.052 14114 14231 D WM-GreedyScheduler: Constraints met: Scheduling work ID WorkGenerationalId(workSpecId=23c0b95d-a079-40a2-b5c2-0fe68a64e6f9, generation=0)
07-01 09:12:26.054 14114 14231 D WM-Processor: Work WorkGenerationalId(workSpecId=23c0b95d-a079-40a2-b5c2-0fe68a64e6f9, generation=0) is already enqueued for processing
07-01 09:12:26.054 14114 14231 I WM-Processor: Moving WorkSpec (23c0b95d-a079-40a2-b5c2-0fe68a64e6f9) to the foreground
07-01 09:12:26.055 14114 14114 I WM-SystemFgDispatcher: Started foreground service Intent { act=ACTION_START_FOREGROUND xflg=0x4 cmp=com.negi.survey/androidx.work.impl.foreground.SystemForegroundService (has extras) }
07-01 09:12:26.055 14114 14114 D WM-SystemFgDispatcher: Notifying with (id:6204, workSpecId: 23c0b95d-a079-40a2-b5c2-0fe68a64e6f9, notificationType :1)
07-01 09:12:26.055 14114 14114 I NotificationManager: com.negi.survey: notify(6204, null, Notification(channel=uploads shortcut=null contentView=null vibrate=null sound=null defaults=0 flags=ONGOING_EVENT|ONLY_ALERT_ONCE color=0x00000000 category=progress vis=PRIVATE semFlags=0x0 semPriority=0 semMissedCount=0)) as user
07-01 09:12:26.056 14114 14231 D WM-WorkProgressUpdater: Updating progress for 23c0b95d-a079-40a2-b5c2-0fe68a64e6f9 (Data {pct : 3, mode : startup_ring_logs})
07-01 09:12:26.057 14114 14231 I WM-Processor: Moving WorkSpec (23c0b95d-a079-40a2-b5c2-0fe68a64e6f9) to the foreground
07-01 09:12:26.061 14114 14114 W WM-SystemFgService: Unable to start foreground service
07-01 09:12:26.061 14114 14114 W WM-SystemFgService: android.app.ForegroundServiceStartNotAllowedException: FGS type dataSync not allowed to start from BOOT_COMPLETED!
07-01 09:12:26.061 14114 14114 W WM-SystemFgService: 	at android.app.ForegroundServiceStartNotAllowedException$1.createFromParcel(ForegroundServiceStartNotAllowedException.java:54)
07-01 09:12:26.061 14114 14114 W WM-SystemFgService: 	at android.app.ForegroundServiceStartNotAllowedException$1.createFromParcel(ForegroundServiceStartNotAllowedException.java:50)
07-01 09:12:26.061 14114 14114 W WM-SystemFgService: 	at android.os.Parcel.readParcelableInternal(Parcel.java:5229)
07-01 09:12:26.061 14114 14114 W WM-SystemFgService: 	at android.os.Parcel.readParcelable(Parcel.java:5211)
07-01 09:12:26.061 14114 14114 W WM-SystemFgService: 	at android.os.Parcel.createExceptionOrNull(Parcel.java:3349)
07-01 09:12:26.061 14114 14114 W WM-SystemFgService: 	at android.os.Parcel.createException(Parcel.java:3338)
07-01 09:12:26.061 14114 14114 W WM-SystemFgService: 	at android.os.Parcel.readException(Parcel.java:3321)
07-01 09:12:26.061 14114 14114 W WM-SystemFgService: 	at android.os.Parcel.readException(Parcel.java:3263)
07-01 09:12:26.061 14114 14114 W WM-SystemFgService: 	at android.app.IActivityManager$Stub$Proxy.setServiceForeground(IActivityManager.java:7539)
07-01 09:12:26.061 14114 14114 W WM-SystemFgService: 	at android.app.Service.startForeground(Service.java:863)
07-01 09:12:26.061 14114 14114 W WM-SystemFgService: 	at androidx.work.impl.foreground.SystemForegroundService$Api31Impl.startForeground(SystemForegroundService.java:192)
07-01 09:12:26.061 14114 14114 W WM-SystemFgService: 	at androidx.work.impl.foreground.SystemForegroundService.startForeground(SystemForegroundService.java:141)
07-01 09:12:26.061 14114 14114 W WM-SystemFgService: 	at androidx.work.impl.foreground.SystemForegroundDispatcher.handleNotify(SystemForegroundDispatcher.java:332)
07-01 09:12:26.061 14114 14114 W WM-SystemFgService: 	at androidx.work.impl.foreground.SystemForegroundDispatcher.onStartCommand(SystemForegroundDispatcher.java:221)
07-01 09:12:26.061 14114 14114 W WM-SystemFgService: 	at androidx.work.impl.foreground.SystemForegroundService.onStartCommand(SystemForegroundService.java:80)
07-01 09:12:26.061 14114 14114 W WM-SystemFgService: 	at android.app.ActivityThread.handleServiceArgs(ActivityThread.java:6087)
07-01 09:12:26.061 14114 14114 W WM-SystemFgService: 	at android.app.ActivityThread.-$$Nest$mhandleServiceArgs(Unknown Source:0)
07-01 09:12:26.061 14114 14114 W WM-SystemFgService: 	at android.app.ActivityThread$H.handleMessage(ActivityThread.java:2974)
07-01 09:12:26.061 14114 14114 W WM-SystemFgService: 	at android.os.Handler.dispatchMessage(Handler.java:110)
07-01 09:12:26.061 14114 14114 W WM-SystemFgService: 	at android.os.Looper.loopOnce(Looper.java:273)
07-01 09:12:26.061 14114 14114 W WM-SystemFgService: 	at android.os.Looper.loop(Looper.java:363)
07-01 09:12:26.061 14114 14114 W WM-SystemFgService: 	at android.app.ActivityThread.main(ActivityThread.java:10060)
07-01 09:12:26.061 14114 14114 W WM-SystemFgService: 	at java.lang.reflect.Method.invoke(Native Method)
07-01 09:12:26.061 14114 14114 W WM-SystemFgService: 	at com.android.internal.os.RuntimeInit$MethodAndArgsCaller.run(RuntimeInit.java:632)
07-01 09:12:26.061 14114 14114 W WM-SystemFgService: 	at com.android.internal.os.ZygoteInit.main(ZygoteInit.java:975)
07-01 09:12:26.061 14114 14114 D WM-SystemFgDispatcher: Notifying with (id:6204, workSpecId: 23c0b95d-a079-40a2-b5c2-0fe68a64e6f9, notificationType :1)
07-01 09:12:26.061 14114 14114 I NotificationManager: com.negi.survey: notify(6204, null, Notification(channel=uploads shortcut=null contentView=null vibrate=null sound=null defaults=0 flags=ONGOING_EVENT|ONLY_ALERT_ONCE color=0x00000000 category=progress vis=PRIVATE semFlags=0x0 semPriority=0 semMissedCount=0)) as user
07-01 09:12:26.063 14114 14114 W WM-SystemFgService: Unable to start foreground service
07-01 09:12:26.063 14114 14114 W WM-SystemFgService: android.app.ForegroundServiceStartNotAllowedException: FGS type dataSync not allowed to start from BOOT_COMPLETED!
07-01 09:12:26.063 14114 14114 W WM-SystemFgService: 	at android.app.ForegroundServiceStartNotAllowedException$1.createFromParcel(ForegroundServiceStartNotAllowedException.java:54)
07-01 09:12:26.063 14114 14114 W WM-SystemFgService: 	at android.app.ForegroundServiceStartNotAllowedException$1.createFromParcel(ForegroundServiceStartNotAllowedException.java:50)
07-01 09:12:26.063 14114 14114 W WM-SystemFgService: 	at android.os.Parcel.readParcelableInternal(Parcel.java:5229)
07-01 09:12:26.063 14114 14114 W WM-SystemFgService: 	at android.os.Parcel.readParcelable(Parcel.java:5211)
07-01 09:12:26.063 14114 14114 W WM-SystemFgService: 	at android.os.Parcel.createExceptionOrNull(Parcel.java:3349)
07-01 09:12:26.063 14114 14114 W WM-SystemFgService: 	at android.os.Parcel.createException(Parcel.java:3338)
07-01 09:12:26.063 14114 14114 W WM-SystemFgService: 	at android.os.Parcel.readException(Parcel.java:3321)
07-01 09:12:26.063 14114 14114 W WM-SystemFgService: 	at android.os.Parcel.readException(Parcel.java:3263)
07-01 09:12:26.063 14114 14114 W WM-SystemFgService: 	at android.app.IActivityManager$Stub$Proxy.setServiceForeground(IActivityManager.java:7539)
07-01 09:12:26.063 14114 14114 W WM-SystemFgService: 	at android.app.Service.startForeground(Service.java:863)
07-01 09:12:26.063 14114 14114 W WM-SystemFgService: 	at androidx.work.impl.foreground.SystemForegroundService$Api31Impl.startForeground(SystemForegroundService.java:192)
07-01 09:12:26.063 14114 14114 W WM-SystemFgService: 	at androidx.work.impl.foreground.SystemForegroundService.startForeground(SystemForegroundService.java:141)
07-01 09:12:26.063 14114 14114 W WM-SystemFgService: 	at androidx.work.impl.foreground.SystemForegroundDispatcher.handleNotify(SystemForegroundDispatcher.java:332)
07-01 09:12:26.063 14114 14114 W WM-SystemFgService: 	at androidx.work.impl.foreground.SystemForegroundDispatcher.onStartCommand(SystemForegroundDispatcher.java:223)
07-01 09:12:26.063 14114 14114 W WM-SystemFgService: 	at androidx.work.impl.foreground.SystemForegroundService.onStartCommand(SystemForegroundService.java:80)
07-01 09:12:26.063 14114 14114 W WM-SystemFgService: 	at android.app.ActivityThread.handleServiceArgs(ActivityThread.java:6087)
07-01 09:12:26.063 14114 14114 W WM-SystemFgService: 	at android.app.ActivityThread.-$$Nest$mhandleServiceArgs(Unknown Source:0)
07-01 09:12:26.063 14114 14114 W WM-SystemFgService: 	at android.app.ActivityThread$H.handleMessage(ActivityThread.java:2974)
07-01 09:12:26.063 14114 14114 W WM-SystemFgService: 	at android.os.Handler.dispatchMessage(Handler.java:110)
07-01 09:12:26.063 14114 14114 W WM-SystemFgService: 	at android.os.Looper.loopOnce(Looper.java:273)
07-01 09:12:26.063 14114 14114 W WM-SystemFgService: 	at android.os.Looper.loop(Looper.java:363)
07-01 09:12:26.063 14114 14114 W WM-SystemFgService: 	at android.app.ActivityThread.main(ActivityThread.java:10060)
07-01 09:12:26.063 14114 14114 W WM-SystemFgService: 	at java.lang.reflect.Method.invoke(Native Method)
07-01 09:12:26.063 14114 14114 W WM-SystemFgService: 	at com.android.internal.os.RuntimeInit$MethodAndArgsCaller.run(RuntimeInit.java:632)
07-01 09:12:26.063 14114 14114 W WM-SystemFgService: 	at com.android.internal.os.ZygoteInit.main(ZygoteInit.java:975)
07-01 09:12:26.063 14114 14114 D WM-SystemFgDispatcher: Notifying with (id:6204, workSpecId: 23c0b95d-a079-40a2-b5c2-0fe68a64e6f9, notificationType :1)
07-01 09:12:26.063 14114 14114 I NotificationManager: com.negi.survey: notify(6204, null, Notification(channel=uploads shortcut=null contentView=null vibrate=null sound=null defaults=0 flags=ONGOING_EVENT|ONLY_ALERT_ONCE color=0x00000000 category=progress vis=PRIVATE semFlags=0x0 semPriority=0 semMissedCount=0)) as user
07-01 09:12:26.066 14114 14114 W WM-SystemFgService: Unable to start foreground service
07-01 09:12:26.066 14114 14114 W WM-SystemFgService: android.app.ForegroundServiceStartNotAllowedException: FGS type dataSync not allowed to start from BOOT_COMPLETED!
07-01 09:12:26.066 14114 14114 W WM-SystemFgService: 	at android.app.ForegroundServiceStartNotAllowedException$1.createFromParcel(ForegroundServiceStartNotAllowedException.java:54)
07-01 09:12:26.066 14114 14114 W WM-SystemFgService: 	at android.app.ForegroundServiceStartNotAllowedException$1.createFromParcel(ForegroundServiceStartNotAllowedException.java:50)
07-01 09:12:26.066 14114 14114 W WM-SystemFgService: 	at android.os.Parcel.readParcelableInternal(Parcel.java:5229)
07-01 09:12:26.066 14114 14114 W WM-SystemFgService: 	at android.os.Parcel.readParcelable(Parcel.java:5211)
07-01 09:12:26.066 14114 14114 W WM-SystemFgService: 	at android.os.Parcel.createExceptionOrNull(Parcel.java:3349)
07-01 09:12:26.066 14114 14114 W WM-SystemFgService: 	at android.os.Parcel.createException(Parcel.java:3338)
07-01 09:12:26.066 14114 14114 W WM-SystemFgService: 	at android.os.Parcel.readException(Parcel.java:3321)
07-01 09:12:26.066 14114 14114 W WM-SystemFgService: 	at android.os.Parcel.readException(Parcel.java:3263)
07-01 09:12:26.066 14114 14114 W WM-SystemFgService: 	at android.app.IActivityManager$Stub$Proxy.setServiceForeground(IActivityManager.java:7539)
07-01 09:12:26.066 14114 14114 W WM-SystemFgService: 	at android.app.Service.startForeground(Service.java:863)
07-01 09:12:26.066 14114 14114 W WM-SystemFgService: 	at androidx.work.impl.foreground.SystemForegroundService$Api31Impl.startForeground(SystemForegroundService.java:192)
07-01 09:12:26.066 14114 14114 W WM-SystemFgService: 	at androidx.work.impl.foreground.SystemForegroundService.startForeground(SystemForegroundService.java:141)
07-01 09:12:26.066 14114 14114 W WM-SystemFgService: 	at androidx.work.impl.foreground.SystemForegroundDispatcher.handleNotify(SystemForegroundDispatcher.java:332)
07-01 09:12:26.066 14114 14114 W WM-SystemFgService: 	at androidx.work.impl.foreground.SystemForegroundDispatcher.onStartCommand(SystemForegroundDispatcher.java:223)
07-01 09:12:26.066 14114 14114 W WM-SystemFgService: 	at androidx.work.impl.foreground.SystemForegroundService.onStartCommand(SystemForegroundService.java:80)
07-01 09:12:26.066 14114 14114 W WM-SystemFgService: 	at android.app.ActivityThread.handleServiceArgs(ActivityThread.java:6087)
07-01 09:12:26.066 14114 14114 W WM-SystemFgService: 	at android.app.ActivityThread.-$$Nest$mhandleServiceArgs(Unknown Source:0)
07-01 09:12:26.066 14114 14114 W WM-SystemFgService: 	at android.app.ActivityThread$H.handleMessage(ActivityThread.java:2974)
07-01 09:12:26.066 14114 14114 W WM-SystemFgService: 	at android.os.Handler.dispatchMessage(Handler.java:110)
07-01 09:12:26.066 14114 14114 W WM-SystemFgService: 	at android.os.Looper.loopOnce(Looper.java:273)
07-01 09:12:26.066 14114 14114 W WM-SystemFgService: 	at android.os.Looper.loop(Looper.java:363)
07-01 09:12:26.066 14114 14114 W WM-SystemFgService: 	at android.app.ActivityThread.main(ActivityThread.java:10060)
