=== Previous Session Logcat ===
captured_time_utc=20260706_133145
captured_time_local=20260706_063145
marker=2026-07-06 06:10:16.319
preferred_prev_pid=-1
note=best-effort; buffers may be overwritten before next start
sdk=36
device=samsung SM-S931U1
appId=com.negi.survey
versionName=v0.0.1-20260318-172107
versionCode=22

=== Logcat (since marker) ===
--------- beginning of main
07-06 06:31:43.247 17044 17044 I com.negi.survey: Using CollectorTypeCMC GC.
07-06 06:31:43.250 17044 17044 D nativeloader: Load libframework-connectivity-tiramisu-jni.so using APEX ns com_android_tethering for caller /apex/com.android.tethering/javalib/framework-connectivity-t.jar: ok
07-06 06:31:43.252 17044 17044 D ActivityThread: setConscryptValidator
07-06 06:31:43.252 17044 17044 D ActivityThread: setConscryptValidator - put
07-06 06:31:43.263 17044 17044 D ApplicationLoaders: Returning zygote-cached class loader: /system_ext/framework/androidx.window.extensions.jar
07-06 06:31:43.263 17044 17044 D ApplicationLoaders: Returning zygote-cached class loader: /system_ext/framework/androidx.window.sidecar.jar
07-06 06:31:43.274 17044 17044 I com.negi.survey: Could not load runtime generated app image: Boot image checksum mismatch (0xf687f400 != 0x8711e6d7) in image /data/user/0/com.negi.survey/cache/oat_primary/arm64/base.art
07-06 06:31:43.275 17044 17044 D nativeloader: Configuring clns-9 for other apk /data/app/~~iGpZo-lJAbYSSAaeRWZ8xw==/com.negi.survey-2KnbEk2cM_Zw9CsocNBXMA==/base.apk. target_sdk_version=36, uses_libraries=libOpenCL.so, library_path=/data/app/~~iGpZo-lJAbYSSAaeRWZ8xw==/com.negi.survey-2KnbEk2cM_Zw9CsocNBXMA==/lib/arm64:/data/app/~~iGpZo-lJAbYSSAaeRWZ8xw==/com.negi.survey-2KnbEk2cM_Zw9CsocNBXMA==/base.apk!/lib/arm64-v8a, permitted_path=/data:/mnt/expand:/data/user/0/com.negi.survey
07-06 06:31:43.282 17044 17044 V GraphicsEnvironment: Currently set values for:
07-06 06:31:43.282 17044 17044 V GraphicsEnvironment:   angle_gl_driver_selection_pkgs=[]
07-06 06:31:43.282 17044 17044 V GraphicsEnvironment:   angle_gl_driver_selection_values=[]
07-06 06:31:43.282 17044 17044 V GraphicsEnvironment: com.negi.survey is not listed in per-application setting
07-06 06:31:43.282 17044 17044 V GraphicsEnvironment: ANGLE allowlist from config: 
07-06 06:31:43.282 17044 17044 V GraphicsEnvironment: com.negi.survey is not listed in ANGLE allowlist or settings, returning default
07-06 06:31:43.282 17044 17044 V GraphicsEnvironment: App is not on the allowlist for updatable production driver.
07-06 06:31:43.326 17044 17044 D nativeloader: Load /data/app/~~iGpZo-lJAbYSSAaeRWZ8xw==/com.negi.survey-2KnbEk2cM_Zw9CsocNBXMA==/base.apk!/lib/arm64-v8a/liblitertlm_jni.so using class loader ns clns-9 (caller=/data/app/~~iGpZo-lJAbYSSAaeRWZ8xw==/com.negi.survey-2KnbEk2cM_Zw9CsocNBXMA==/base.apk!classes4.dex): ok
07-06 06:31:43.326 17044 17044 D SurveyApp: Loaded LiteRTLM JNI: litertlm_jni where=attachBaseContext
07-06 06:31:43.338 17044 17044 D AppRingLogStore: installed: dir=/data/user/0/com.negi.survey/files/diagnostics/applog_ring idx=0
07-06 06:31:43.339 17044 17073 D RuntimeLogStore: openWriter: start -> /data/user/0/com.negi.survey/files/diagnostics/runtime_logs/rtlog_20260706_133143_338_pid17044_seq1.log (bytes=0 format=LEGACY)
07-06 06:31:43.340 17044 17073 D RuntimeLogStore: retention: start files=2 kept=2 totalBytes=1768
07-06 06:31:43.342 17044 17044 D CrashCapture: install: ensured default handler. where=SurveyApp:attachBaseContext pid=17044 default=com.negi.survey.CrashCapture$CrashHandler@9739ecc
07-06 06:31:43.344 17044 17044 D CrashCapture: install: ensured default handler. where=SurveyApp:onCreate(rewrap) pid=17044 default=com.negi.survey.CrashCapture$CrashHandler@9739ecc
07-06 06:31:43.344 17044 17044 D CrashCapture: registerSelfHealing: ActivityLifecycleCallbacks registered. mode=onResumedOnly
07-06 06:31:43.348 17044 17075 D UploadRescheduleRcvr: No GitHub pending files for action=android.intent.action.BOOT_COMPLETED
07-06 06:31:43.372 17044 17075 D WM-PackageManagerHelper: Skipping component enablement for androidx.work.impl.background.systemjob.SystemJobService
07-06 06:31:43.372 17044 17075 D WM-Schedulers: Created SystemJobScheduler and enabled SystemJobService
07-06 06:31:43.373 17044 17089 D WM-ForceStopRunnable: Is default app process = true
07-06 06:31:43.373 17044 17089 D WM-ForceStopRunnable: Performing cleanup operations.
07-06 06:31:43.380 17044 17089 E ashmem  : Pinning is deprecated since Android Q. Please use trim or other methods.
07-06 06:31:43.389 17044 17089 D WM-SystemJobScheduler: Reconciling jobs
07-06 06:31:43.393 17044 17089 D WM-ForceStopRunnable: Found unfinished work, scheduling it.
07-06 06:31:43.398 17044 17075 D github_upload: choosePolicy: uniqueName=upload_runtime_logs_startup policy=REPLACE states=[SUCCEEDED]
07-06 06:31:43.398 17044 17075 D github_upload: enqueueStartupRuntimeLogsUpload: uniqueName=upload_runtime_logs_startup policy=REPLACE
07-06 06:31:43.400 17044 17075 D UploadRescheduleRcvr: Enqueued runtime logs upload for action=android.intent.action.BOOT_COMPLETED reason=receiver_boot_completed
07-06 06:31:43.405 17044 17099 D WM-SystemJobScheduler: Scheduling work ID 205d0b58-0595-4d0d-a6d8-6d21695500fbJob ID 17
07-06 06:31:43.409 17044 17099 D WM-GreedyScheduler: Starting tracking for 205d0b58-0595-4d0d-a6d8-6d21695500fb
07-06 06:31:43.410 17044 17099 D WM-PackageManagerHelper: Skipping component enablement for androidx.work.impl.background.systemalarm.RescheduleReceiver
07-06 06:31:43.411 17044 17044 D WM-SystemJobService: onStartJob for WorkGenerationalId(workSpecId=205d0b58-0595-4d0d-a6d8-6d21695500fb, generation=0)
07-06 06:31:43.412 17044 17098 D WM-Processor: Processor: processing WorkGenerationalId(workSpecId=205d0b58-0595-4d0d-a6d8-6d21695500fb, generation=0)
07-06 06:31:43.414 17044 17044 D WM-WorkerWrapper: Starting work for com.negi.survey.net.GitHubUploadWorker
07-06 06:31:43.416 17044 17098 D WM-ConstraintTracker: NetworkStateTracker24: initial state = NetworkState(isConnected=true, isValidated=true, isMetered=false, isNotRoaming=true, isBlocked=false)
07-06 06:31:43.416 17044 17098 D WM-NetworkStateTracker: Registering network callback
07-06 06:31:43.417 17044 17098 D ConnectivityManager: StackLog: [android.net.ConnectivityManager.sendRequestForNetwork(ConnectivityManager.java:4744)] [android.net.ConnectivityManager.registerDefaultNetworkCallbackForUid(ConnectivityManager.java:5469)] [android.net.ConnectivityManager.registerDefaultNetworkCallback(ConnectivityManager.java:5436)] [android.net.ConnectivityManager.registerDefaultNetworkCallback(ConnectivityManager.java:5410)] [androidx.work.impl.utils.NetworkApi24.registerDefaultNetworkCallbackCompat(NetworkApi24.kt:26)] [androidx.work.impl.constraints.trackers.NetworkStateTracker24.startTracking(NetworkStateTracker.kt:215)] [androidx.work.impl.constraints.trackers.ConstraintTracker.addListener(ConstraintTracker.kt:51)] [androidx.work.impl.constraints.controllers.BaseConstraintController$track$1.invokeSuspend(ContraintControllers.kt:62)] [androidx.work.impl.constraints.controllers.BaseConstraintController$track$1.invoke(Unknown Source:8)] [androidx.work.impl.constraints.controllers.BaseConstraintController$track$1.invoke(Unknown Source:4)] [kotlinx.coroutines.flow.ChannelFlowBuilder.collectTo$suspendImpl(Builders.kt:316)] [kotlinx.coroutines.flow.ChannelFlowBuilder.collectTo(Unknown Source:0)] [kotlinx.coroutines.flow.CallbackFlowBuilder.collectTo(Builders.kt:330)] [kotlinx.coroutines.flow.internal.ChannelFlow$collectToFun$1.invokeSuspend(ChannelFlow.kt:56)] [kotlin.coroutines.jvm.internal.BaseContinuationImpl.resumeWith(ContinuationImpl.kt:34)] [kotlinx.coroutines.DispatchedTask.run(DispatchedTask.kt:100)] [androidx.work.impl.utils.SerialExecutorImpl$Task.run(SerialExecutorImpl.java:96)] [java.util.concurrent.ThreadPoolExecutor.runWorker(ThreadPoolExecutor.java:1154)] [java.util.concurrent.ThreadPoolExecutor$Worker.run(ThreadPoolExecutor.java:652)] [java.lang.Thread.run(Thread.java:1564)]
07-06 06:31:43.418 17044 17100 D WM-NetworkStateTracker: Network capabilities changed: [ Transports: WIFI Capabilities: NOT_METERED&INTERNET&NOT_RESTRICTED&TRUSTED&NOT_VPN&VALIDATED&NOT_ROAMING&FOREGROUND&NOT_CONGESTED&NOT_SUSPENDED&NOT_VCN_MANAGED&NOT_BANDWIDTH_CONSTRAINED LinkUpBandwidth>=11186Kbps LinkDnBandwidth>=257291Kbps TransportInfo: <SSID: <unknown ssid>, BSSID: 02:00:00:00:00:00, MAC: 02:00:00:00:00:00, IP: /192.168.1.137, Security type: 4, Supplicant state: COMPLETED, Wi-Fi standard: 11ax, RSSI: -55, Link speed: 516Mbps, Tx Link speed: 516Mbps, Max Supported Tx Link speed: 573Mbps, Rx Link speed: 516Mbps, Max Supported Rx Link speed: 573Mbps, Frequency: 5220MHz, Net ID: -1, Metered hint: false, score: 60, isUsable: true, CarrierMerged: false, SubscriptionId: -1, IsPrimary: -1, Trusted: true, Restricted: false, Ephemeral: false, OEM paid: false, OEM private: false, OSU AP: false, FQDN: <none>, Provider friendly name: <none>, Requesting package name: <none><none>MLO Information: , Is TID-To-Link negotiation supported by the AP: false, AP MLD Address: <none>, AP MLO Link Id: <none>, AP MLO Affiliated links: <none>, Vendor Data: <none>> SignalStrength: -55 UnderlyingNetworks: Null]
07-06 06:31:43.418 17044 17100 D WM-NetworkStateTracker: Network blocked status changed: false
07-06 06:31:43.419 17044 17089 D WM-PackageManagerHelper: androidx.work.impl.background.systemalarm.RescheduleReceiver enabled
07-06 06:31:43.419 17044 17089 I WM-Processor: Moving WorkSpec (205d0b58-0595-4d0d-a6d8-6d21695500fb) to the foreground
07-06 06:31:43.424 17044 17099 D WM-GreedyScheduler: Constraints met: Scheduling work ID WorkGenerationalId(workSpecId=205d0b58-0595-4d0d-a6d8-6d21695500fb, generation=0)
07-06 06:31:43.424 17044 17099 D WM-WorkProgressUpdater: Updating progress for 205d0b58-0595-4d0d-a6d8-6d21695500fb (Data {pct : 3, mode : startup_runtime_logs})
07-06 06:31:43.425 17044 17099 I WM-Processor: Moving WorkSpec (205d0b58-0595-4d0d-a6d8-6d21695500fb) to the foreground
07-06 06:31:43.426 17044 17099 D WM-Processor: Work WorkGenerationalId(workSpecId=205d0b58-0595-4d0d-a6d8-6d21695500fb, generation=0) is already enqueued for processing
07-06 06:31:43.427 17044 17044 I WM-SystemFgDispatcher: Started foreground service Intent { act=ACTION_START_FOREGROUND xflg=0x4 cmp=com.negi.survey/androidx.work.impl.foreground.SystemForegroundService (has extras) }
07-06 06:31:43.427 17044 17044 D WM-SystemFgDispatcher: Notifying with (id:9120, workSpecId: 205d0b58-0595-4d0d-a6d8-6d21695500fb, notificationType :1)
07-06 06:31:43.428 17044 17044 W WM-SystemFgService: Unable to start foreground service
07-06 06:31:43.428 17044 17044 W WM-SystemFgService: android.app.ForegroundServiceStartNotAllowedException: FGS type dataSync not allowed to start from BOOT_COMPLETED!
07-06 06:31:43.428 17044 17044 W WM-SystemFgService: 	at android.app.ForegroundServiceStartNotAllowedException$1.createFromParcel(ForegroundServiceStartNotAllowedException.java:54)
07-06 06:31:43.428 17044 17044 W WM-SystemFgService: 	at android.app.ForegroundServiceStartNotAllowedException$1.createFromParcel(ForegroundServiceStartNotAllowedException.java:50)
07-06 06:31:43.428 17044 17044 W WM-SystemFgService: 	at android.os.Parcel.readParcelableInternal(Parcel.java:5229)
07-06 06:31:43.428 17044 17044 W WM-SystemFgService: 	at android.os.Parcel.readParcelable(Parcel.java:5211)
07-06 06:31:43.428 17044 17044 W WM-SystemFgService: 	at android.os.Parcel.createExceptionOrNull(Parcel.java:3349)
07-06 06:31:43.428 17044 17044 W WM-SystemFgService: 	at android.os.Parcel.createException(Parcel.java:3338)
07-06 06:31:43.428 17044 17044 W WM-SystemFgService: 	at android.os.Parcel.readException(Parcel.java:3321)
07-06 06:31:43.428 17044 17044 W WM-SystemFgService: 	at android.os.Parcel.readException(Parcel.java:3263)
07-06 06:31:43.428 17044 17044 W WM-SystemFgService: 	at android.app.IActivityManager$Stub$Proxy.setServiceForeground(IActivityManager.java:7539)
07-06 06:31:43.428 17044 17044 W WM-SystemFgService: 	at android.app.Service.startForeground(Service.java:863)
07-06 06:31:43.428 17044 17044 W WM-SystemFgService: 	at androidx.work.impl.foreground.SystemForegroundService$Api31Impl.startForeground(SystemForegroundService.java:192)
07-06 06:31:43.428 17044 17044 W WM-SystemFgService: 	at androidx.work.impl.foreground.SystemForegroundService.startForeground(SystemForegroundService.java:141)
07-06 06:31:43.428 17044 17044 W WM-SystemFgService: 	at androidx.work.impl.foreground.SystemForegroundDispatcher.handleNotify(SystemForegroundDispatcher.java:332)
07-06 06:31:43.428 17044 17044 W WM-SystemFgService: 	at androidx.work.impl.foreground.SystemForegroundDispatcher.onStartCommand(SystemForegroundDispatcher.java:221)
07-06 06:31:43.428 17044 17044 W WM-SystemFgService: 	at androidx.work.impl.foreground.SystemForegroundService.onStartCommand(SystemForegroundService.java:80)
07-06 06:31:43.428 17044 17044 W WM-SystemFgService: 	at android.app.ActivityThread.handleServiceArgs(ActivityThread.java:6087)
07-06 06:31:43.428 17044 17044 W WM-SystemFgService: 	at android.app.ActivityThread.-$$Nest$mhandleServiceArgs(Unknown Source:0)
07-06 06:31:43.428 17044 17044 W WM-SystemFgService: 	at android.app.ActivityThread$H.handleMessage(ActivityThread.java:2974)
07-06 06:31:43.428 17044 17044 W WM-SystemFgService: 	at android.os.Handler.dispatchMessage(Handler.java:110)
07-06 06:31:43.428 17044 17044 W WM-SystemFgService: 	at android.os.Looper.loopOnce(Looper.java:273)
07-06 06:31:43.428 17044 17044 W WM-SystemFgService: 	at android.os.Looper.loop(Looper.java:363)
07-06 06:31:43.428 17044 17044 W WM-SystemFgService: 	at android.app.ActivityThread.main(ActivityThread.java:10060)
07-06 06:31:43.428 17044 17044 W WM-SystemFgService: 	at java.lang.reflect.Method.invoke(Native Method)
07-06 06:31:43.428 17044 17044 W WM-SystemFgService: 	at com.android.internal.os.RuntimeInit$MethodAndArgsCaller.run(RuntimeInit.java:632)
07-06 06:31:43.428 17044 17044 W WM-SystemFgService: 	at com.android.internal.os.ZygoteInit.main(ZygoteInit.java:975)
07-06 06:31:43.428 17044 17044 D WM-SystemFgDispatcher: Notifying with (id:9120, workSpecId: 205d0b58-0595-4d0d-a6d8-6d21695500fb, notificationType :1)
--------- beginning of system
07-06 06:31:43.428 17044 17044 I NotificationManager: com.negi.survey: notify(9120, null, Notification(channel=uploads shortcut=null contentView=null vibrate=null sound=null defaults=0 flags=ONGOING_EVENT|ONLY_ALERT_ONCE color=0x00000000 category=progress vis=PRIVATE semFlags=0x0 semPriority=0 semMissedCount=0)) as user
07-06 06:31:43.428 17044 17044 D NotificationManager: BOOTING pkg =com.negi.survey mBlockedChannelsForOverflowNoti=[]
07-06 06:31:43.429 17044 17044 W WM-SystemFgService: Unable to start foreground service
07-06 06:31:43.429 17044 17044 W WM-SystemFgService: android.app.ForegroundServiceStartNotAllowedException: FGS type dataSync not allowed to start from BOOT_COMPLETED!
07-06 06:31:43.429 17044 17044 W WM-SystemFgService: 	at android.app.ForegroundServiceStartNotAllowedException$1.createFromParcel(ForegroundServiceStartNotAllowedException.java:54)
07-06 06:31:43.429 17044 17044 W WM-SystemFgService: 	at android.app.ForegroundServiceStartNotAllowedException$1.createFromParcel(ForegroundServiceStartNotAllowedException.java:50)
07-06 06:31:43.429 17044 17044 W WM-SystemFgService: 	at android.os.Parcel.readParcelableInternal(Parcel.java:5229)
07-06 06:31:43.429 17044 17044 W WM-SystemFgService: 	at android.os.Parcel.readParcelable(Parcel.java:5211)
07-06 06:31:43.429 17044 17044 W WM-SystemFgService: 	at android.os.Parcel.createExceptionOrNull(Parcel.java:3349)
07-06 06:31:43.429 17044 17044 W WM-SystemFgService: 	at android.os.Parcel.createException(Parcel.java:3338)
07-06 06:31:43.429 17044 17044 W WM-SystemFgService: 	at android.os.Parcel.readException(Parcel.java:3321)
07-06 06:31:43.429 17044 17044 W WM-SystemFgService: 	at android.os.Parcel.readException(Parcel.java:3263)
07-06 06:31:43.429 17044 17044 W WM-SystemFgService: 	at android.app.IActivityManager$Stub$Proxy.setServiceForeground(IActivityManager.java:7539)
07-06 06:31:43.429 17044 17044 W WM-SystemFgService: 	at android.app.Service.startForeground(Service.java:863)
07-06 06:31:43.429 17044 17044 W WM-SystemFgService: 	at androidx.work.impl.foreground.SystemForegroundService$Api31Impl.startForeground(SystemForegroundService.java:192)
07-06 06:31:43.429 17044 17044 W WM-SystemFgService: 	at androidx.work.impl.foreground.SystemForegroundService.startForeground(SystemForegroundService.java:141)
07-06 06:31:43.429 17044 17044 W WM-SystemFgService: 	at androidx.work.impl.foreground.SystemForegroundDispatcher.handleNotify(SystemForegroundDispatcher.java:332)
07-06 06:31:43.429 17044 17044 W WM-SystemFgService: 	at androidx.work.impl.foreground.SystemForegroundDispatcher.onStartCommand(SystemForegroundDispatcher.java:223)
07-06 06:31:43.429 17044 17044 W WM-SystemFgService: 	at androidx.work.impl.foreground.SystemForegroundService.onStartCommand(SystemForegroundService.java:80)
07-06 06:31:43.429 17044 17044 W WM-SystemFgService: 	at android.app.ActivityThread.handleServiceArgs(ActivityThread.java:6087)
07-06 06:31:43.429 17044 17044 W WM-SystemFgService: 	at android.app.ActivityThread.-$$Nest$mhandleServiceArgs(Unknown Source:0)
07-06 06:31:43.429 17044 17044 W WM-SystemFgService: 	at android.app.ActivityThread$H.handleMessage(ActivityThread.java:2974)
07-06 06:31:43.429 17044 17044 W WM-SystemFgService: 	at android.os.Handler.dispatchMessage(Handler.java:110)
07-06 06:31:43.429 17044 17044 W WM-SystemFgService: 	at android.os.Looper.loopOnce(Looper.java:273)
07-06 06:31:43.429 17044 17044 W WM-SystemFgService: 	at android.os.Looper.loop(Looper.java:363)
07-06 06:31:43.429 17044 17044 W WM-SystemFgService: 	at android.app.ActivityThread.main(ActivityThread.java:10060)
07-06 06:31:43.429 17044 17044 W WM-SystemFgService: 	at java.lang.reflect.Method.invoke(Native Method)
07-06 06:31:43.429 17044 17044 W WM-SystemFgService: 	at com.android.internal.os.RuntimeInit$MethodAndArgsCaller.run(RuntimeInit.java:632)
07-06 06:31:43.429 17044 17044 W WM-SystemFgService: 	at com.android.internal.os.ZygoteInit.main(ZygoteInit.java:975)
07-06 06:31:43.429 17044 17044 D WM-SystemFgDispatcher: Notifying with (id:9120, workSpecId: 205d0b58-0595-4d0d-a6d8-6d21695500fb, notificationType :1)
07-06 06:31:43.429 17044 17044 I NotificationManager: com.negi.survey: notify(9120, null, Notification(channel=uploads shortcut=null contentView=null vibrate=null sound=null defaults=0 flags=ONGOING_EVENT|ONLY_ALERT_ONCE color=0x00000000 category=progress vis=PRIVATE semFlags=0x0 semPriority=0 semMissedCount=0)) as user
07-06 06:31:43.430 17044 17044 W WM-SystemFgService: Unable to start foreground service
07-06 06:31:43.430 17044 17044 W WM-SystemFgService: android.app.ForegroundServiceStartNotAllowedException: FGS type dataSync not allowed to start from BOOT_COMPLETED!
07-06 06:31:43.430 17044 17044 W WM-SystemFgService: 	at android.app.ForegroundServiceStartNotAllowedException$1.createFromParcel(ForegroundServiceStartNotAllowedException.java:54)
07-06 06:31:43.430 17044 17044 W WM-SystemFgService: 	at android.app.ForegroundServiceStartNotAllowedException$1.createFromParcel(ForegroundServiceStartNotAllowedException.java:50)
07-06 06:31:43.430 17044 17044 W WM-SystemFgService: 	at android.os.Parcel.readParcelableInternal(Parcel.java:5229)
07-06 06:31:43.430 17044 17044 W WM-SystemFgService: 	at android.os.Parcel.readParcelable(Parcel.java:5211)
07-06 06:31:43.430 17044 17044 W WM-SystemFgService: 	at android.os.Parcel.createExceptionOrNull(Parcel.java:3349)
07-06 06:31:43.430 17044 17044 W WM-SystemFgService: 	at android.os.Parcel.createException(Parcel.java:3338)
07-06 06:31:43.430 17044 17044 W WM-SystemFgService: 	at android.os.Parcel.readException(Parcel.java:3321)
07-06 06:31:43.430 17044 17044 W WM-SystemFgService: 	at android.os.Parcel.readException(Parcel.java:3263)
07-06 06:31:43.430 17044 17044 W WM-SystemFgService: 	at android.app.IActivityManager$Stub$Proxy.setServiceForeground(IActivityManager.java:7539)
07-06 06:31:43.430 17044 17044 W WM-SystemFgService: 	at android.app.Service.startForeground(Service.java:863)
07-06 06:31:43.430 17044 17044 W WM-SystemFgService: 	at androidx.work.impl.foreground.SystemForegroundService$Api31Impl.startForeground(SystemForegroundService.java:192)
07-06 06:31:43.430 17044 17044 W WM-SystemFgService: 	at androidx.work.impl.foreground.SystemForegroundService.startForeground(SystemForegroundService.java:141)
07-06 06:31:43.430 17044 17044 W WM-SystemFgService: 	at androidx.work.impl.foreground.SystemForegroundDispatcher.handleNotify(SystemForegroundDispatcher.java:332)
07-06 06:31:43.430 17044 17044 W WM-SystemFgService: 	at androidx.work.impl.foreground.SystemForegroundDispatcher.onStartCommand(SystemForegroundDispatcher.java:223)
07-06 06:31:43.430 17044 17044 W WM-SystemFgService: 	at androidx.work.impl.foreground.SystemForegroundService.onStartCommand(SystemForegroundService.java:80)
07-06 06:31:43.430 17044 17044 W WM-SystemFgService: 	at android.app.ActivityThread.handleServiceArgs(ActivityThread.java:6087)
07-06 06:31:43.430 17044 17044 W WM-SystemFgService: 	at android.app.ActivityThread.-$$Nest$mhandleServiceArgs(Unknown Source:0)
07-06 06:31:43.430 17044 17044 W WM-SystemFgService: 	at android.app.ActivityThread$H.handleMessage(ActivityThread.java:2974)
07-06 06:31:43.430 17044 17044 W WM-SystemFgService: 	at android.os.Handler.dispatchMessage(Handler.java:110)
07-06 06:31:43.430 17044 17044 W WM-SystemFgService: 	at android.os.Looper.loopOnce(Looper.java:273)
07-06 06:31:43.430 17044 17044 W WM-SystemFgService: 	at android.os.Looper.loop(Looper.java:363)
07-06 06:31:43.430 17044 17044 W WM-SystemFgService: 	at android.app.ActivityThread.main(ActivityThread.java:10060)
07-06 06:31:43.430 17044 17044 W WM-SystemFgService: 	at java.lang.reflect.Method.invoke(Native Method)
07-06 06:31:43.430 17044 17044 W WM-SystemFgService: 	at com.android.internal.os.RuntimeInit$MethodAndArgsCaller.run(RuntimeInit.java:632)
07-06 06:31:43.430 17044 17044 W WM-SystemFgService: 	at com.android.internal.os.ZygoteInit.main(ZygoteInit.java:975)
07-06 06:31:44.633 17044 17073 D RuntimeLogStore: openWriter: rotate:plain_snapshot:receiver_boot_completed -> /data/user/0/com.negi.survey/files/diagnostics/runtime_logs/rtlog_20260706_133144_632_pid17044_seq2.log (bytes=0 format=LEGACY)
07-06 06:31:44.633 17044 17073 D RuntimeLogStore: retention: rotate:plain_snapshot:receiver_boot_completed files=3 kept=3 totalBytes=3497
07-06 06:31:44.636 17044 17076 D github_upload: doRuntimeLogsUpload: remoteBaseDir=diagnostics/runtime_logs/2026-07-06/runtime_logs_20260706_063144_pid17044_receiver_boot_completed toUpload=3 bytes=4687 dedupe=true deleteSource=true deletedSourcePre=0 preview='plain_logs_manifest_20260706_133144_634_pid17044_receiver_boot_completed.json|runtime_log_20260706_133144_634_pid17044_receiver_boot_completed__rtlog_20260706_133143_338_pid17044_seq1.log|runtime_log_20260706_133144_634_pid17044_receiver_boot_completed__rtlog_20260706_131015_023_pid15434_seq2.log'
07-06 06:31:44.637 17044 17076 D GitHubUploader: uploadStream: owner=ishizuki-tech repo=SurveyExports branch=main path=diagnostics/runtime_logs/2026-07-06/runtime_logs_20260706_063144_pid17044_receiver_boot_completed/plain_logs_manifest_20260706_133144_634_pid17044_receiver_boot_completed.json size=1546 maxRawBytesHint=1000000 maxRequestBytesHint=2800000
07-06 06:31:44.637 17044 17089 D WM-WorkProgressUpdater: Updating progress for 205d0b58-0595-4d0d-a6d8-6d21695500fb (Data {pct : 10, mode : startup_runtime_logs})
07-06 06:31:44.638 17044 17089 I WM-Processor: Moving WorkSpec (205d0b58-0595-4d0d-a6d8-6d21695500fb) to the foreground
07-06 06:31:44.639 17044 17044 D WM-SystemFgDispatcher: Notifying with (id:9120, workSpecId: 205d0b58-0595-4d0d-a6d8-6d21695500fb, notificationType :1)
07-06 06:31:44.639 17044 17044 I NotificationManager: com.negi.survey: notify(9120, null, Notification(channel=uploads shortcut=null contentView=null vibrate=null sound=null defaults=0 flags=ONGOING_EVENT|ONLY_ALERT_ONCE color=0x00000000 category=progress vis=PRIVATE semFlags=0x0 semPriority=0 semMissedCount=0)) as user
07-06 06:31:44.640 17044 17044 W WM-SystemFgService: Unable to start foreground service
07-06 06:31:44.640 17044 17044 W WM-SystemFgService: android.app.ForegroundServiceStartNotAllowedException: FGS type dataSync not allowed to start from BOOT_COMPLETED!
07-06 06:31:44.640 17044 17044 W WM-SystemFgService: 	at android.app.ForegroundServiceStartNotAllowedException$1.createFromParcel(ForegroundServiceStartNotAllowedException.java:54)
07-06 06:31:44.640 17044 17044 W WM-SystemFgService: 	at android.app.ForegroundServiceStartNotAllowedException$1.createFromParcel(ForegroundServiceStartNotAllowedException.java:50)
07-06 06:31:44.640 17044 17044 W WM-SystemFgService: 	at android.os.Parcel.readParcelableInternal(Parcel.java:5229)
07-06 06:31:44.640 17044 17044 W WM-SystemFgService: 	at android.os.Parcel.readParcelable(Parcel.java:5211)
07-06 06:31:44.640 17044 17044 W WM-SystemFgService: 	at android.os.Parcel.createExceptionOrNull(Parcel.java:3349)
07-06 06:31:44.640 17044 17044 W WM-SystemFgService: 	at android.os.Parcel.createException(Parcel.java:3338)
07-06 06:31:44.640 17044 17044 W WM-SystemFgService: 	at android.os.Parcel.readException(Parcel.java:3321)
07-06 06:31:44.640 17044 17044 W WM-SystemFgService: 	at android.os.Parcel.readException(Parcel.java:3263)
07-06 06:31:44.640 17044 17044 W WM-SystemFgService: 	at android.app.IActivityManager$Stub$Proxy.setServiceForeground(IActivityManager.java:7539)
07-06 06:31:44.640 17044 17044 W WM-SystemFgService: 	at android.app.Service.startForeground(Service.java:863)
07-06 06:31:44.640 17044 17044 W WM-SystemFgService: 	at androidx.work.impl.foreground.SystemForegroundService$Api31Impl.startForeground(SystemForegroundService.java:192)
07-06 06:31:44.640 17044 17044 W WM-SystemFgService: 	at androidx.work.impl.foreground.SystemForegroundService.startForeground(SystemForegroundService.java:141)
07-06 06:31:44.640 17044 17044 W WM-SystemFgService: 	at androidx.work.impl.foreground.SystemForegroundDispatcher.handleNotify(SystemForegroundDispatcher.java:332)
07-06 06:31:44.640 17044 17044 W WM-SystemFgService: 	at androidx.work.impl.foreground.SystemForegroundDispatcher.onStartCommand(SystemForegroundDispatcher.java:223)
07-06 06:31:44.640 17044 17044 W WM-SystemFgService: 	at androidx.work.impl.foreground.SystemForegroundService.onStartCommand(SystemForegroundService.java:80)
07-06 06:31:44.640 17044 17044 W WM-SystemFgService: 	at android.app.ActivityThread.handleServiceArgs(ActivityThread.java:6087)
07-06 06:31:44.640 17044 17044 W WM-SystemFgService: 	at android.app.ActivityThread.-$$Nest$mhandleServiceArgs(Unknown Source:0)
07-06 06:31:44.640 17044 17044 W WM-SystemFgService: 	at android.app.ActivityThread$H.handleMessage(ActivityThread.java:2974)
07-06 06:31:44.640 17044 17044 W WM-SystemFgService: 	at android.os.Handler.dispatchMessage(Handler.java:110)
07-06 06:31:44.640 17044 17044 W WM-SystemFgService: 	at android.os.Looper.loopOnce(Looper.java:273)
07-06 06:31:44.640 17044 17044 W WM-SystemFgService: 	at android.os.Looper.loop(Looper.java:363)
07-06 06:31:44.640 17044 17044 W WM-SystemFgService: 	at android.app.ActivityThread.main(ActivityThread.java:10060)
07-06 06:31:44.640 17044 17044 W WM-SystemFgService: 	at java.lang.reflect.Method.invoke(Native Method)
07-06 06:31:44.640 17044 17044 W WM-SystemFgService: 	at com.android.internal.os.RuntimeInit$MethodAndArgsCaller.run(RuntimeInit.java:632)
07-06 06:31:44.640 17044 17044 W WM-SystemFgService: 	at com.android.internal.os.ZygoteInit.main(ZygoteInit.java:975)
07-06 06:31:44.996 17044 17099 D WM-WorkProgressUpdater: Updating progress for 205d0b58-0595-4d0d-a6d8-6d21695500fb (Data {pct : 12, mode : startup_runtime_logs})
07-06 06:31:44.997 17044 17099 I WM-Processor: Moving WorkSpec (205d0b58-0595-4d0d-a6d8-6d21695500fb) to the foreground
07-06 06:31:44.999 17044 17044 D WM-SystemFgDispatcher: Notifying with (id:9120, workSpecId: 205d0b58-0595-4d0d-a6d8-6d21695500fb, notificationType :1)
07-06 06:31:44.999 17044 17044 I NotificationManager: com.negi.survey: notify(9120, null, Notification(channel=uploads shortcut=null contentView=null vibrate=null sound=null defaults=0 flags=ONGOING_EVENT|ONLY_ALERT_ONCE color=0x00000000 category=progress vis=PRIVATE semFlags=0x0 semPriority=0 semMissedCount=0)) as user
07-06 06:31:44.999 17044 17099 D WM-WorkProgressUpdater: Updating progress for 205d0b58-0595-4d0d-a6d8-6d21695500fb (Data {pct : 33, mode : startup_runtime_logs})
07-06 06:31:45.000 17044 17099 I WM-Processor: Moving WorkSpec (205d0b58-0595-4d0d-a6d8-6d21695500fb) to the foreground
07-06 06:31:45.000 17044 17044 W WM-SystemFgService: Unable to start foreground service
07-06 06:31:45.000 17044 17044 W WM-SystemFgService: android.app.ForegroundServiceStartNotAllowedException: FGS type dataSync not allowed to start from BOOT_COMPLETED!
07-06 06:31:45.000 17044 17044 W WM-SystemFgService: 	at android.app.ForegroundServiceStartNotAllowedException$1.createFromParcel(ForegroundServiceStartNotAllowedException.java:54)
07-06 06:31:45.000 17044 17044 W WM-SystemFgService: 	at android.app.ForegroundServiceStartNotAllowedException$1.createFromParcel(ForegroundServiceStartNotAllowedException.java:50)
07-06 06:31:45.000 17044 17044 W WM-SystemFgService: 	at android.os.Parcel.readParcelableInternal(Parcel.java:5229)
07-06 06:31:45.000 17044 17044 W WM-SystemFgService: 	at android.os.Parcel.readParcelable(Parcel.java:5211)
07-06 06:31:45.000 17044 17044 W WM-SystemFgService: 	at android.os.Parcel.createExceptionOrNull(Parcel.java:3349)
07-06 06:31:45.000 17044 17044 W WM-SystemFgService: 	at android.os.Parcel.createException(Parcel.java:3338)
07-06 06:31:45.000 17044 17044 W WM-SystemFgService: 	at android.os.Parcel.readException(Parcel.java:3321)
07-06 06:31:45.000 17044 17044 W WM-SystemFgService: 	at android.os.Parcel.readException(Parcel.java:3263)
07-06 06:31:45.000 17044 17044 W WM-SystemFgService: 	at android.app.IActivityManager$Stub$Proxy.setServiceForeground(IActivityManager.java:7539)
07-06 06:31:45.000 17044 17044 W WM-SystemFgService: 	at android.app.Service.startForeground(Service.java:863)
07-06 06:31:45.000 17044 17044 W WM-SystemFgService: 	at androidx.work.impl.foreground.SystemForegroundService$Api31Impl.startForeground(SystemForegroundService.java:192)
07-06 06:31:45.000 17044 17044 W WM-SystemFgService: 	at androidx.work.impl.foreground.SystemForegroundService.startForeground(SystemForegroundService.java:141)
07-06 06:31:45.000 17044 17044 W WM-SystemFgService: 	at androidx.work.impl.foreground.SystemForegroundDispatcher.handleNotify(SystemForegroundDispatcher.java:332)
07-06 06:31:45.000 17044 17044 W WM-SystemFgService: 	at androidx.work.impl.foreground.SystemForegroundDispatcher.onStartCommand(SystemForegroundDispatcher.java:223)
07-06 06:31:45.000 17044 17044 W WM-SystemFgService: 	at androidx.work.impl.foreground.SystemForegroundService.onStartCommand(SystemForegroundService.java:80)
07-06 06:31:45.000 17044 17044 W WM-SystemFgService: 	at android.app.ActivityThread.handleServiceArgs(ActivityThread.java:6087)
07-06 06:31:45.000 17044 17044 W WM-SystemFgService: 	at android.app.ActivityThread.-$$Nest$mhandleServiceArgs(Unknown Source:0)
07-06 06:31:45.000 17044 17044 W WM-SystemFgService: 	at android.app.ActivityThread$H.handleMessage(ActivityThread.java:2974)
07-06 06:31:45.000 17044 17044 W WM-SystemFgService: 	at android.os.Handler.dispatchMessage(Handler.java:110)
07-06 06:31:45.000 17044 17044 W WM-SystemFgService: 	at android.os.Looper.loopOnce(Looper.java:273)
07-06 06:31:45.000 17044 17044 W WM-SystemFgService: 	at android.os.Looper.loop(Looper.java:363)
07-06 06:31:45.000 17044 17044 W WM-SystemFgService: 	at android.app.ActivityThread.main(ActivityThread.java:10060)
07-06 06:31:45.000 17044 17044 W WM-SystemFgService: 	at java.lang.reflect.Method.invoke(Native Method)
07-06 06:31:45.000 17044 17044 W WM-SystemFgService: 	at com.android.internal.os.RuntimeInit$MethodAndArgsCaller.run(RuntimeInit.java:632)
07-06 06:31:45.000 17044 17044 W WM-SystemFgService: 	at com.android.internal.os.ZygoteInit.main(ZygoteInit.java:975)
07-06 06:31:45.001 17044 17044 D WM-SystemFgDispatcher: Notifying with (id:9120, workSpecId: 205d0b58-0595-4d0d-a6d8-6d21695500fb, notificationType :1)
07-06 06:31:45.001 17044 17044 I NotificationManager: com.negi.survey: notify(9120, null, Notification(channel=uploads shortcut=null contentView=null vibrate=null sound=null defaults=0 flags=ONGOING_EVENT|ONLY_ALERT_ONCE color=0x00000000 category=progress vis=PRIVATE semFlags=0x0 semPriority=0 semMissedCount=0)) as user
07-06 06:31:45.001 17044 17044 W WM-SystemFgService: Unable to start foreground service
07-06 06:31:45.001 17044 17044 W WM-SystemFgService: android.app.ForegroundServiceStartNotAllowedException: FGS type dataSync not allowed to start from BOOT_COMPLETED!
07-06 06:31:45.001 17044 17044 W WM-SystemFgService: 	at android.app.ForegroundServiceStartNotAllowedException$1.createFromParcel(ForegroundServiceStartNotAllowedException.java:54)
07-06 06:31:45.001 17044 17044 W WM-SystemFgService: 	at android.app.ForegroundServiceStartNotAllowedException$1.createFromParcel(ForegroundServiceStartNotAllowedException.java:50)
07-06 06:31:45.001 17044 17044 W WM-SystemFgService: 	at android.os.Parcel.readParcelableInternal(Parcel.java:5229)
07-06 06:31:45.001 17044 17044 W WM-SystemFgService: 	at android.os.Parcel.readParcelable(Parcel.java:5211)
07-06 06:31:45.001 17044 17044 W WM-SystemFgService: 	at android.os.Parcel.createExceptionOrNull(Parcel.java:3349)
07-06 06:31:45.001 17044 17044 W WM-SystemFgService: 	at android.os.Parcel.createException(Parcel.java:3338)
07-06 06:31:45.001 17044 17044 W WM-SystemFgService: 	at android.os.Parcel.readException(Parcel.java:3321)
07-06 06:31:45.001 17044 17044 W WM-SystemFgService: 	at android.os.Parcel.readException(Parcel.java:3263)
07-06 06:31:45.001 17044 17044 W WM-SystemFgService: 	at android.app.IActivityManager$Stub$Proxy.setServiceForeground(IActivityManager.java:7539)
07-06 06:31:45.001 17044 17044 W WM-SystemFgService: 	at android.app.Service.startForeground(Service.java:863)
07-06 06:31:45.001 17044 17044 W WM-SystemFgService: 	at androidx.work.impl.foreground.SystemForegroundService$Api31Impl.startForeground(SystemForegroundService.java:192)
07-06 06:31:45.001 17044 17044 W WM-SystemFgService: 	at androidx.work.impl.foreground.SystemForegroundService.startForeground(SystemForegroundService.java:141)
07-06 06:31:45.001 17044 17044 W WM-SystemFgService: 	at androidx.work.impl.foreground.SystemForegroundDispatcher.handleNotify(SystemForegroundDispatcher.java:332)
07-06 06:31:45.001 17044 17044 W WM-SystemFgService: 	at androidx.work.impl.foreground.SystemForegroundDispatcher.onStartCommand(SystemForegroundDispatcher.java:223)
07-06 06:31:45.001 17044 17044 W WM-SystemFgService: 	at androidx.work.impl.foreground.SystemForegroundService.onStartCommand(SystemForegroundService.java:80)
07-06 06:31:45.001 17044 17044 W WM-SystemFgService: 	at android.app.ActivityThread.handleServiceArgs(ActivityThread.java:6087)
07-06 06:31:45.001 17044 17044 W WM-SystemFgService: 	at android.app.ActivityThread.-$$Nest$mhandleServiceArgs(Unknown Source:0)
07-06 06:31:45.001 17044 17044 W WM-SystemFgService: 	at android.app.ActivityThread$H.handleMessage(ActivityThread.java:2974)
07-06 06:31:45.001 17044 17044 W WM-SystemFgService: 	at android.os.Handler.dispatchMessage(Handler.java:110)
07-06 06:31:45.001 17044 17044 W WM-SystemFgService: 	at android.os.Looper.loopOnce(Looper.java:273)
07-06 06:31:45.001 17044 17044 W WM-SystemFgService: 	at android.os.Looper.loop(Looper.java:363)
07-06 06:31:45.001 17044 17044 W WM-SystemFgService: 	at android.app.ActivityThread.main(ActivityThread.java:10060)
07-06 06:31:45.001 17044 17044 W WM-SystemFgService: 	at java.lang.reflect.Method.invoke(Native Method)
07-06 06:31:45.001 17044 17044 W WM-SystemFgService: 	at com.android.internal.os.RuntimeInit$MethodAndArgsCaller.run(RuntimeInit.java:632)
07-06 06:31:45.001 17044 17044 W WM-SystemFgService: 	at com.android.internal.os.ZygoteInit.main(ZygoteInit.java:975)
07-06 06:31:45.150 17044 17044 W JobService: onNetworkChanged() not implemented in androidx.work.impl.background.systemjob.SystemJobService. Must override in a subclass.
07-06 06:31:45.155 17044 17100 D WM-NetworkStateTracker: Network capabilities changed: [ Transports: WIFI Capabilities: NOT_METERED&INTERNET&NOT_RESTRICTED&TRUSTED&NOT_VPN&VALIDATED&NOT_ROAMING&FOREGROUND&NOT_CONGESTED&NOT_SUSPENDED&NOT_VCN_MANAGED&NOT_BANDWIDTH_CONSTRAINED LinkUpBandwidth>=11186Kbps LinkDnBandwidth>=183368Kbps TransportInfo: <SSID: <unknown ssid>, BSSID: 02:00:00:00:00:00, MAC: 02:00:00:00:00:00, IP: /192.168.1.137, Security type: 4, Supplicant state: COMPLETED, Wi-Fi standard: 11ax, RSSI: -52, Link speed: 458Mbps, Tx Link speed: 458Mbps, Max Supported Tx Link speed: 573Mbps, Rx Link speed: 516Mbps, Max Supported Rx Link speed: 573Mbps, Frequency: 5220MHz, Net ID: -1, Metered hint: false, score: 60, isUsable: true, CarrierMerged: false, SubscriptionId: -1, IsPrimary: -1, Trusted: true, Restricted: false, Ephemeral: false, OEM paid: false, OEM private: false, OSU AP: false, FQDN: <none>, Provider friendly name: <none>, Requesting package name: <none><none>MLO Information: , Is TID-To-Link negotiation supported by the AP: false, AP MLD Address: <none>, AP MLO Link Id: <none>, AP MLO Affiliated links: <none>, Vendor Data: <none>> SignalStrength: -52 UnderlyingNetworks: Null]
07-06 06:31:45.848 17044 17044 D github_upload: choosePolicy: uniqueName=upload_runtime_logs_startup policy=KEEP states=[RUNNING]
07-06 06:31:45.848 17044 17044 D github_upload: enqueueStartupRuntimeLogsUpload: uniqueName=upload_runtime_logs_startup policy=KEEP
07-06 06:31:45.849 17044 17044 D github_upload: choosePolicy: uniqueName=upload_ring_logs_startup policy=REPLACE states=[SUCCEEDED]
07-06 06:31:45.849 17044 17044 D github_upload: enqueueStartupRingLogsUpload: uniqueName=upload_ring_logs_startup policy=REPLACE
07-06 06:31:45.849 17044 17991 D CrashCapture: enqueuePendingCrashUploadsIfPossible enter where=SurveyApp:enqueuePending(immediate):bg pid=17044 thread=CrashCapture-Enqueue
07-06 06:31:45.852 17044 17098 D WM-SystemJobScheduler: Scheduling work ID 96e7455b-12c8-4589-a996-931eff68a0daJob ID 18
07-06 06:31:45.856 17044 17098 D WM-GreedyScheduler: Starting tracking for 96e7455b-12c8-4589-a996-931eff68a0da
07-06 06:31:45.856 17044 17044 D WM-SystemJobService: onStartJob for WorkGenerationalId(workSpecId=96e7455b-12c8-4589-a996-931eff68a0da, generation=0)
07-06 06:31:45.857 17044 17098 D WM-Processor: Processor: processing WorkGenerationalId(workSpecId=96e7455b-12c8-4589-a996-931eff68a0da, generation=0)
07-06 06:31:45.858 17044 17044 D WM-WorkerWrapper: Starting work for com.negi.survey.net.GitHubUploadWorker
07-06 06:31:45.859 17044 17098 D WM-GreedyScheduler: Constraints met: Scheduling work ID WorkGenerationalId(workSpecId=96e7455b-12c8-4589-a996-931eff68a0da, generation=0)
07-06 06:31:45.859 17044 17098 D WM-Processor: Work WorkGenerationalId(workSpecId=96e7455b-12c8-4589-a996-931eff68a0da, generation=0) is already enqueued for processing
07-06 06:31:45.860 17044 17098 I WM-Processor: Moving WorkSpec (96e7455b-12c8-4589-a996-931eff68a0da) to the foreground
07-06 06:31:45.860 17044 17044 I WM-SystemFgDispatcher: Started foreground service Intent { act=ACTION_START_FOREGROUND xflg=0x4 cmp=com.negi.survey/androidx.work.impl.foreground.SystemForegroundService (has extras) }
07-06 06:31:45.860 17044 17044 D WM-SystemFgDispatcher: Notifying with (id:9932, workSpecId: 96e7455b-12c8-4589-a996-931eff68a0da, notificationType :1)
07-06 06:31:45.860 17044 17044 I NotificationManager: com.negi.survey: notify(9932, null, Notification(channel=uploads shortcut=null contentView=null vibrate=null sound=null defaults=0 flags=ONGOING_EVENT|ONLY_ALERT_ONCE color=0x00000000 category=progress vis=PRIVATE semFlags=0x0 semPriority=0 semMissedCount=0)) as user
07-06 06:31:45.861 17044 17098 D WM-WorkProgressUpdater: Updating progress for 96e7455b-12c8-4589-a996-931eff68a0da (Data {pct : 3, mode : startup_ring_logs})
07-06 06:31:45.862 17044 17098 I WM-Processor: Moving WorkSpec (96e7455b-12c8-4589-a996-931eff68a0da) to the foreground
07-06 06:31:45.863 17044 17044 W WM-SystemFgService: Unable to start foreground service
07-06 06:31:45.863 17044 17044 W WM-SystemFgService: android.app.ForegroundServiceStartNotAllowedException: FGS type dataSync not allowed to start from BOOT_COMPLETED!
07-06 06:31:45.863 17044 17044 W WM-SystemFgService: 	at android.app.ForegroundServiceStartNotAllowedException$1.createFromParcel(ForegroundServiceStartNotAllowedException.java:54)
07-06 06:31:45.863 17044 17044 W WM-SystemFgService: 	at android.app.ForegroundServiceStartNotAllowedException$1.createFromParcel(ForegroundServiceStartNotAllowedException.java:50)
07-06 06:31:45.863 17044 17044 W WM-SystemFgService: 	at android.os.Parcel.readParcelableInternal(Parcel.java:5229)
07-06 06:31:45.863 17044 17044 W WM-SystemFgService: 	at android.os.Parcel.readParcelable(Parcel.java:5211)
07-06 06:31:45.863 17044 17044 W WM-SystemFgService: 	at android.os.Parcel.createExceptionOrNull(Parcel.java:3349)
07-06 06:31:45.863 17044 17044 W WM-SystemFgService: 	at android.os.Parcel.createException(Parcel.java:3338)
07-06 06:31:45.863 17044 17044 W WM-SystemFgService: 	at android.os.Parcel.readException(Parcel.java:3321)
07-06 06:31:45.863 17044 17044 W WM-SystemFgService: 	at android.os.Parcel.readException(Parcel.java:3263)
07-06 06:31:45.863 17044 17044 W WM-SystemFgService: 	at android.app.IActivityManager$Stub$Proxy.setServiceForeground(IActivityManager.java:7539)
07-06 06:31:45.863 17044 17044 W WM-SystemFgService: 	at android.app.Service.startForeground(Service.java:863)
07-06 06:31:45.863 17044 17044 W WM-SystemFgService: 	at androidx.work.impl.foreground.SystemForegroundService$Api31Impl.startForeground(SystemForegroundService.java:192)
07-06 06:31:45.863 17044 17044 W WM-SystemFgService: 	at androidx.work.impl.foreground.SystemForegroundService.startForeground(SystemForegroundService.java:141)
07-06 06:31:45.863 17044 17044 W WM-SystemFgService: 	at androidx.work.impl.foreground.SystemForegroundDispatcher.handleNotify(SystemForegroundDispatcher.java:332)
07-06 06:31:45.863 17044 17044 W WM-SystemFgService: 	at androidx.work.impl.foreground.SystemForegroundDispatcher.onStartCommand(SystemForegroundDispatcher.java:221)
07-06 06:31:45.863 17044 17044 W WM-SystemFgService: 	at androidx.work.impl.foreground.SystemForegroundService.onStartCommand(SystemForegroundService.java:80)
07-06 06:31:45.863 17044 17044 W WM-SystemFgService: 	at android.app.ActivityThread.handleServiceArgs(ActivityThread.java:6087)
07-06 06:31:45.863 17044 17044 W WM-SystemFgService: 	at android.app.ActivityThread.-$$Nest$mhandleServiceArgs(Unknown Source:0)
07-06 06:31:45.863 17044 17044 W WM-SystemFgService: 	at android.app.ActivityThread$H.handleMessage(ActivityThread.java:2974)
07-06 06:31:45.863 17044 17044 W WM-SystemFgService: 	at android.os.Handler.dispatchMessage(Handler.java:110)
07-06 06:31:45.863 17044 17044 W WM-SystemFgService: 	at android.os.Looper.loopOnce(Looper.java:273)
07-06 06:31:45.863 17044 17044 W WM-SystemFgService: 	at android.os.Looper.loop(Looper.java:363)
07-06 06:31:45.863 17044 17044 W WM-SystemFgService: 	at android.app.ActivityThread.main(ActivityThread.java:10060)
07-06 06:31:45.863 17044 17044 W WM-SystemFgService: 	at java.lang.reflect.Method.invoke(Native Method)
07-06 06:31:45.863 17044 17044 W WM-SystemFgService: 	at com.android.internal.os.RuntimeInit$MethodAndArgsCaller.run(RuntimeInit.java:632)
07-06 06:31:45.863 17044 17044 W WM-SystemFgService: 	at com.android.internal.os.ZygoteInit.main(ZygoteInit.java:975)
07-06 06:31:45.863 17044 17044 D WM-SystemFgDispatcher: Notifying with (id:9932, workSpecId: 96e7455b-12c8-4589-a996-931eff68a0da, notificationType :1)
07-06 06:31:45.863 17044 17044 I NotificationManager: com.negi.survey: notify(9932, null, Notification(channel=uploads shortcut=null contentView=null vibrate=null sound=null defaults=0 flags=ONGOING_EVENT|ONLY_ALERT_ONCE color=0x00000000 category=progress vis=PRIVATE semFlags=0x0 semPriority=0 semMissedCount=0)) as user
07-06 06:31:45.864 17044 17076 D GitHubUploader: uploadStream: done url=https://github.com/ishizuki-tech/SurveyExports/blob/main/diagnostics/runtime_logs/2026-07-06/runtime_logs_20260706_063144_pid17044_receiver_boot_completed/plain_logs_manifest_20260706_133144_634_pid17044_receiver_boot_completed.json sha=f65234058f09c2408b3cd1c1e286318cf16c1869
07-06 06:31:45.864 17044 17099 D WM-WorkProgressUpdater: Updating progress for 205d0b58-0595-4d0d-a6d8-6d21695500fb (Data {pct : 34, mode : startup_runtime_logs})
07-06 06:31:45.864 17044 17044 W WM-SystemFgService: Unable to start foreground service
07-06 06:31:45.864 17044 17044 W WM-SystemFgService: android.app.ForegroundServiceStartNotAllowedException: FGS type dataSync not allowed to start from BOOT_COMPLETED!
07-06 06:31:45.864 17044 17044 W WM-SystemFgService: 	at android.app.ForegroundServiceStartNotAllowedException$1.createFromParcel(ForegroundServiceStartNotAllowedException.java:54)
07-06 06:31:45.864 17044 17044 W WM-SystemFgService: 	at android.app.ForegroundServiceStartNotAllowedException$1.createFromParcel(ForegroundServiceStartNotAllowedException.java:50)
07-06 06:31:45.864 17044 17044 W WM-SystemFgService: 	at android.os.Parcel.readParcelableInternal(Parcel.java:5229)
07-06 06:31:45.864 17044 17044 W WM-SystemFgService: 	at android.os.Parcel.readParcelable(Parcel.java:5211)
07-06 06:31:45.864 17044 17044 W WM-SystemFgService: 	at android.os.Parcel.createExceptionOrNull(Parcel.java:3349)
07-06 06:31:45.864 17044 17044 W WM-SystemFgService: 	at android.os.Parcel.createException(Parcel.java:3338)
07-06 06:31:45.864 17044 17044 W WM-SystemFgService: 	at android.os.Parcel.readException(Parcel.java:3321)
07-06 06:31:45.864 17044 17044 W WM-SystemFgService: 	at android.os.Parcel.readException(Parcel.java:3263)
07-06 06:31:45.864 17044 17044 W WM-SystemFgService: 	at android.app.IActivityManager$Stub$Proxy.setServiceForeground(IActivityManager.java:7539)
07-06 06:31:45.864 17044 17044 W WM-SystemFgService: 	at android.app.Service.startForeground(Service.java:863)
07-06 06:31:45.864 17044 17044 W WM-SystemFgService: 	at androidx.work.impl.foreground.SystemForegroundService$Api31Impl.startForeground(SystemForegroundService.java:192)
07-06 06:31:45.864 17044 17044 W WM-SystemFgService: 	at androidx.work.impl.foreground.SystemForegroundService.startForeground(SystemForegroundService.java:141)
07-06 06:31:45.864 17044 17044 W WM-SystemFgService: 	at androidx.work.impl.foreground.SystemForegroundDispatcher.handleNotify(SystemForegroundDispatcher.java:332)
07-06 06:31:45.864 17044 17044 W WM-SystemFgService: 	at androidx.work.impl.foreground.SystemForegroundDispatcher.onStartCommand(SystemForegroundDispatcher.java:223)
07-06 06:31:45.864 17044 17044 W WM-SystemFgService: 	at androidx.work.impl.foreground.SystemForegroundService.onStartCommand(SystemForegroundService.java:80)
07-06 06:31:45.864 17044 17044 W WM-SystemFgService: 	at android.app.ActivityThread.handleServiceArgs(ActivityThread.java:6087)
07-06 06:31:45.864 17044 17044 W WM-SystemFgService: 	at android.app.ActivityThread.-$$Nest$mhandleServiceArgs(Unknown Source:0)
07-06 06:31:45.864 17044 17044 W WM-SystemFgService: 	at android.app.ActivityThread$H.handleMessage(ActivityThread.java:2974)
07-06 06:31:45.864 17044 17044 W WM-SystemFgService: 	at android.os.Handler.dispatchMessage(Handler.java:110)
07-06 06:31:45.864 17044 17044 W WM-SystemFgService: 	at android.os.Looper.loopOnce(Looper.java:273)
07-06 06:31:45.864 17044 17044 W WM-SystemFgService: 	at android.os.Looper.loop(Looper.java:363)
07-06 06:31:45.864 17044 17044 W WM-SystemFgService: 	at android.app.ActivityThread.main(ActivityThread.java:10060)
07-06 06:31:45.864 17044 17044 W WM-SystemFgService: 	at java.lang.reflect.Method.invoke(Native Method)
07-06 06:31:45.864 17044 17044 W WM-SystemFgService: 	at com.android.internal.os.RuntimeInit$MethodAndArgsCaller.run(RuntimeInit.java:632)
07-06 06:31:45.864 17044 17044 W WM-SystemFgService: 	at com.android.internal.os.ZygoteInit.main(ZygoteInit.java:975)
07-06 06:31:45.864 17044 17044 D WM-SystemFgDispatcher: Notifying with (id:9932, workSpecId: 96e7455b-12c8-4589-a996-931eff68a0da, notificationType :1)
07-06 06:31:45.864 17044 17044 I NotificationManager: com.negi.survey: notify(9932, null, Notification(channel=uploads shortcut=null contentView=null vibrate=null sound=null defaults=0 flags=ONGOING_EVENT|ONLY_ALERT_ONCE color=0x00000000 category=progress vis=PRIVATE semFlags=0x0 semPriority=0 semMissedCount=0)) as user
07-06 06:31:45.864 17044 17076 D GitHubUploader: uploadStream: owner=ishizuki-tech repo=SurveyExports branch=main path=diagnostics/runtime_logs/2026-07-06/runtime_logs_20260706_063144_pid17044_receiver_boot_completed/runtime_log_20260706_133144_634_pid17044_receiver_boot_completed__rtlog_20260706_133143_338_pid17044_seq1.log size=1711 maxRawBytesHint=1000000 maxRequestBytesHint=2800000
07-06 06:31:45.865 17044 17099 I WM-Processor: Moving WorkSpec (205d0b58-0595-4d0d-a6d8-6d21695500fb) to the foreground
07-06 06:31:45.865 17044 17044 W WM-SystemFgService: Unable to start foreground service
07-06 06:31:45.865 17044 17044 W WM-SystemFgService: android.app.ForegroundServiceStartNotAllowedException: FGS type dataSync not allowed to start from BOOT_COMPLETED!
07-06 06:31:45.865 17044 17044 W WM-SystemFgService: 	at android.app.ForegroundServiceStartNotAllowedException$1.createFromParcel(ForegroundServiceStartNotAllowedException.java:54)
