=== Previous Session Logcat ===
captured_time_utc=20260701_161042
captured_time_local=20260701_091042
marker=2026-03-24 06:25:20.455
preferred_prev_pid=-1
note=best-effort; buffers may be overwritten before next start
sdk=36
device=samsung SM-S931U1
appId=com.negi.survey
versionName=v0.0.1-20260318-172107
versionCode=22

=== Logcat (since marker) ===
--------- beginning of main
07-01 09:10:39.629 15322 15322 I com.negi.survey: Using CollectorTypeCMC GC.
07-01 09:10:39.632 15322 15322 D nativeloader: Load libframework-connectivity-tiramisu-jni.so using APEX ns com_android_tethering for caller /apex/com.android.tethering/javalib/framework-connectivity-t.jar: ok
07-01 09:10:39.633 15322 15322 D ActivityThread: setConscryptValidator
07-01 09:10:39.633 15322 15322 D ActivityThread: setConscryptValidator - put
07-01 09:10:39.642 15322 15322 D ApplicationLoaders: Returning zygote-cached class loader: /system_ext/framework/androidx.window.extensions.jar
07-01 09:10:39.642 15322 15322 D ApplicationLoaders: Returning zygote-cached class loader: /system_ext/framework/androidx.window.sidecar.jar
07-01 09:10:39.664 15322 15322 D nativeloader: Configuring clns-9 for other apk /data/app/~~iGpZo-lJAbYSSAaeRWZ8xw==/com.negi.survey-2KnbEk2cM_Zw9CsocNBXMA==/base.apk. target_sdk_version=36, uses_libraries=libOpenCL.so, library_path=/data/app/~~iGpZo-lJAbYSSAaeRWZ8xw==/com.negi.survey-2KnbEk2cM_Zw9CsocNBXMA==/lib/arm64:/data/app/~~iGpZo-lJAbYSSAaeRWZ8xw==/com.negi.survey-2KnbEk2cM_Zw9CsocNBXMA==/base.apk!/lib/arm64-v8a, permitted_path=/data:/mnt/expand:/data/user/0/com.negi.survey
07-01 09:10:39.671 15322 15322 V GraphicsEnvironment: Currently set values for:
07-01 09:10:39.671 15322 15322 V GraphicsEnvironment:   angle_gl_driver_selection_pkgs=[]
07-01 09:10:39.671 15322 15322 V GraphicsEnvironment:   angle_gl_driver_selection_values=[]
07-01 09:10:39.671 15322 15322 V GraphicsEnvironment: com.negi.survey is not listed in per-application setting
07-01 09:10:39.671 15322 15322 V GraphicsEnvironment: ANGLE allowlist from config: 
07-01 09:10:39.671 15322 15322 V GraphicsEnvironment: com.negi.survey is not listed in ANGLE allowlist or settings, returning default
07-01 09:10:39.671 15322 15322 V GraphicsEnvironment: App is not on the allowlist for updatable production driver.
07-01 09:10:39.708 15322 15322 D nativeloader: Load /data/app/~~iGpZo-lJAbYSSAaeRWZ8xw==/com.negi.survey-2KnbEk2cM_Zw9CsocNBXMA==/base.apk!/lib/arm64-v8a/liblitertlm_jni.so using class loader ns clns-9 (caller=/data/app/~~iGpZo-lJAbYSSAaeRWZ8xw==/com.negi.survey-2KnbEk2cM_Zw9CsocNBXMA==/base.apk!classes4.dex): ok
07-01 09:10:39.708 15322 15322 D SurveyApp: Loaded LiteRTLM JNI: litertlm_jni where=attachBaseContext
07-01 09:10:39.721 15322 15412 D RuntimeLogStore: openWriter: start -> /data/user/0/com.negi.survey/files/diagnostics/runtime_logs/rtlog_20260701_161039_719_pid15322_seq1.log (bytes=0 format=LEGACY)
07-01 09:10:39.721 15322 15322 D AppRingLogStore: installed: dir=/data/user/0/com.negi.survey/files/diagnostics/applog_ring idx=0
07-01 09:10:39.722 15322 15412 D RuntimeLogStore: retention: start files=2 kept=2 totalBytes=4866
07-01 09:10:39.722 15322 15322 D CrashCapture: install: ensured default handler. where=SurveyApp:attachBaseContext pid=15322 default=com.negi.survey.CrashCapture$CrashHandler@c24ca19
07-01 09:10:39.723 15322 15322 D CrashCapture: install: ensured default handler. where=SurveyApp:onCreate(rewrap) pid=15322 default=com.negi.survey.CrashCapture$CrashHandler@c24ca19
07-01 09:10:39.723 15322 15322 D CrashCapture: registerSelfHealing: ActivityLifecycleCallbacks registered. mode=onResumedOnly
07-01 09:10:39.730 15322 15416 D UploadRescheduleRcvr: No GitHub pending files for action=android.intent.action.BOOT_COMPLETED
07-01 09:10:39.763 15322 15416 D WM-PackageManagerHelper: Skipping component enablement for androidx.work.impl.background.systemjob.SystemJobService
07-01 09:10:39.763 15322 15416 D WM-Schedulers: Created SystemJobScheduler and enabled SystemJobService
07-01 09:10:39.765 15322 15435 D WM-ForceStopRunnable: Is default app process = true
07-01 09:10:39.766 15322 15435 D WM-ForceStopRunnable: Performing cleanup operations.
07-01 09:10:39.771 15322 15435 E ashmem  : Pinning is deprecated since Android Q. Please use trim or other methods.
07-01 09:10:39.810 15322 15416 D github_upload: choosePolicy: uniqueName=upload_runtime_logs_startup policy=REPLACE states=[]
07-01 09:10:39.810 15322 15416 D github_upload: enqueueStartupRuntimeLogsUpload: uniqueName=upload_runtime_logs_startup policy=REPLACE
07-01 09:10:39.814 15322 15416 D UploadRescheduleRcvr: Enqueued runtime logs upload for action=android.intent.action.BOOT_COMPLETED reason=receiver_boot_completed
07-01 09:10:39.814 15322 15462 D WM-PackageManagerHelper: Skipping component enablement for androidx.work.impl.background.systemalarm.RescheduleReceiver
07-01 09:10:39.823 15322 15462 D WM-SystemJobScheduler: Scheduling work ID 3dd0619c-a1f7-40ee-8dc6-d1eb423e8239Job ID 2
07-01 09:10:39.825 15322 15462 D WM-GreedyScheduler: Starting tracking for 3dd0619c-a1f7-40ee-8dc6-d1eb423e8239
07-01 09:10:39.828 15322 15435 D WM-ConstraintTracker: NetworkStateTracker24: initial state = NetworkState(isConnected=true, isValidated=true, isMetered=false, isNotRoaming=true, isBlocked=false)
07-01 09:10:39.828 15322 15435 D WM-NetworkStateTracker: Registering network callback
07-01 09:10:39.828 15322 15435 D ConnectivityManager: StackLog: [android.net.ConnectivityManager.sendRequestForNetwork(ConnectivityManager.java:4744)] [android.net.ConnectivityManager.registerDefaultNetworkCallbackForUid(ConnectivityManager.java:5469)] [android.net.ConnectivityManager.registerDefaultNetworkCallback(ConnectivityManager.java:5436)] [android.net.ConnectivityManager.registerDefaultNetworkCallback(ConnectivityManager.java:5410)] [androidx.work.impl.utils.NetworkApi24.registerDefaultNetworkCallbackCompat(NetworkApi24.kt:26)] [androidx.work.impl.constraints.trackers.NetworkStateTracker24.startTracking(NetworkStateTracker.kt:215)] [androidx.work.impl.constraints.trackers.ConstraintTracker.addListener(ConstraintTracker.kt:51)] [androidx.work.impl.constraints.controllers.BaseConstraintController$track$1.invokeSuspend(ContraintControllers.kt:62)] [androidx.work.impl.constraints.controllers.BaseConstraintController$track$1.invoke(Unknown Source:8)] [androidx.work.impl.constraints.controllers.BaseConstraintController$track$1.invoke(Unknown Source:4)] [kotlinx.coroutines.flow.ChannelFlowBuilder.collectTo$suspendImpl(Builders.kt:316)] [kotlinx.coroutines.flow.ChannelFlowBuilder.collectTo(Unknown Source:0)] [kotlinx.coroutines.flow.CallbackFlowBuilder.collectTo(Builders.kt:330)] [kotlinx.coroutines.flow.internal.ChannelFlow$collectToFun$1.invokeSuspend(ChannelFlow.kt:56)] [kotlin.coroutines.jvm.internal.BaseContinuationImpl.resumeWith(ContinuationImpl.kt:34)] [kotlinx.coroutines.DispatchedTask.run(DispatchedTask.kt:100)] [androidx.work.impl.utils.SerialExecutorImpl$Task.run(SerialExecutorImpl.java:96)] [java.util.concurrent.ThreadPoolExecutor.runWorker(ThreadPoolExecutor.java:1154)] [java.util.concurrent.ThreadPoolExecutor$Worker.run(ThreadPoolExecutor.java:652)] [java.lang.Thread.run(Thread.java:1564)]
07-01 09:10:39.831 15322 15490 D WM-NetworkStateTracker: Network capabilities changed: [ Transports: WIFI Capabilities: NOT_METERED&INTERNET&NOT_RESTRICTED&TRUSTED&NOT_VPN&VALIDATED&NOT_ROAMING&FOREGROUND&NOT_CONGESTED&NOT_SUSPENDED&NOT_VCN_MANAGED&NOT_BANDWIDTH_CONSTRAINED LinkUpBandwidth>=11186Kbps LinkDnBandwidth>=259330Kbps TransportInfo: <SSID: <unknown ssid>, BSSID: 02:00:00:00:00:00, MAC: 02:00:00:00:00:00, IP: /192.168.1.137, Security type: 4, Supplicant state: COMPLETED, Wi-Fi standard: 11ax, RSSI: -53, Link speed: 458Mbps, Tx Link speed: 458Mbps, Max Supported Tx Link speed: 573Mbps, Rx Link speed: 413Mbps, Max Supported Rx Link speed: 573Mbps, Frequency: 5220MHz, Net ID: -1, Metered hint: false, score: 60, isUsable: true, CarrierMerged: false, SubscriptionId: -1, IsPrimary: -1, Trusted: true, Restricted: false, Ephemeral: false, OEM paid: false, OEM private: false, OSU AP: false, FQDN: <none>, Provider friendly name: <none>, Requesting package name: <none><none>MLO Information: , Is TID-To-Link negotiation supported by the AP: false, AP MLD Address: <none>, AP MLO Link Id: <none>, AP MLO Affiliated links: <none>, Vendor Data: <none>> SignalStrength: -53 UnderlyingNetworks: Null]
07-01 09:10:39.831 15322 15490 D WM-NetworkStateTracker: Network blocked status changed: false
07-01 09:10:39.833 15322 15435 D WM-PackageManagerHelper: androidx.work.impl.background.systemalarm.RescheduleReceiver enabled
07-01 09:10:39.833 15322 15435 D WM-GreedyScheduler: Constraints met: Scheduling work ID WorkGenerationalId(workSpecId=3dd0619c-a1f7-40ee-8dc6-d1eb423e8239, generation=0)
07-01 09:10:39.835 15322 15435 D WM-Processor: Processor: processing WorkGenerationalId(workSpecId=3dd0619c-a1f7-40ee-8dc6-d1eb423e8239, generation=0)
07-01 09:10:39.838 15322 15322 D WM-WorkerWrapper: Starting work for com.negi.survey.net.GitHubUploadWorker
07-01 09:10:39.840 15322 15454 I WM-Processor: Moving WorkSpec (3dd0619c-a1f7-40ee-8dc6-d1eb423e8239) to the foreground
07-01 09:10:39.847 15322 15455 D WM-WorkProgressUpdater: Updating progress for 3dd0619c-a1f7-40ee-8dc6-d1eb423e8239 (Data {pct : 3, mode : startup_runtime_logs})
07-01 09:10:39.850 15322 15322 I WM-SystemFgDispatcher: Started foreground service Intent { act=ACTION_START_FOREGROUND xflg=0x4 cmp=com.negi.survey/androidx.work.impl.foreground.SystemForegroundService (has extras) }
07-01 09:10:39.850 15322 15322 D WM-SystemFgDispatcher: Notifying with (id:3376, workSpecId: 3dd0619c-a1f7-40ee-8dc6-d1eb423e8239, notificationType :1)
07-01 09:10:39.851 15322 15322 W WM-SystemFgService: Unable to start foreground service
07-01 09:10:39.851 15322 15322 W WM-SystemFgService: android.app.ForegroundServiceStartNotAllowedException: FGS type dataSync not allowed to start from BOOT_COMPLETED!
07-01 09:10:39.851 15322 15322 W WM-SystemFgService: 	at android.app.ForegroundServiceStartNotAllowedException$1.createFromParcel(ForegroundServiceStartNotAllowedException.java:54)
07-01 09:10:39.851 15322 15322 W WM-SystemFgService: 	at android.app.ForegroundServiceStartNotAllowedException$1.createFromParcel(ForegroundServiceStartNotAllowedException.java:50)
07-01 09:10:39.851 15322 15322 W WM-SystemFgService: 	at android.os.Parcel.readParcelableInternal(Parcel.java:5229)
07-01 09:10:39.851 15322 15322 W WM-SystemFgService: 	at android.os.Parcel.readParcelable(Parcel.java:5211)
07-01 09:10:39.851 15322 15322 W WM-SystemFgService: 	at android.os.Parcel.createExceptionOrNull(Parcel.java:3349)
07-01 09:10:39.851 15322 15322 W WM-SystemFgService: 	at android.os.Parcel.createException(Parcel.java:3338)
07-01 09:10:39.851 15322 15322 W WM-SystemFgService: 	at android.os.Parcel.readException(Parcel.java:3321)
07-01 09:10:39.851 15322 15322 W WM-SystemFgService: 	at android.os.Parcel.readException(Parcel.java:3263)
07-01 09:10:39.851 15322 15322 W WM-SystemFgService: 	at android.app.IActivityManager$Stub$Proxy.setServiceForeground(IActivityManager.java:7539)
07-01 09:10:39.851 15322 15322 W WM-SystemFgService: 	at android.app.Service.startForeground(Service.java:863)
07-01 09:10:39.851 15322 15322 W WM-SystemFgService: 	at androidx.work.impl.foreground.SystemForegroundService$Api31Impl.startForeground(SystemForegroundService.java:192)
07-01 09:10:39.851 15322 15322 W WM-SystemFgService: 	at androidx.work.impl.foreground.SystemForegroundService.startForeground(SystemForegroundService.java:141)
07-01 09:10:39.851 15322 15322 W WM-SystemFgService: 	at androidx.work.impl.foreground.SystemForegroundDispatcher.handleNotify(SystemForegroundDispatcher.java:332)
07-01 09:10:39.851 15322 15322 W WM-SystemFgService: 	at androidx.work.impl.foreground.SystemForegroundDispatcher.onStartCommand(SystemForegroundDispatcher.java:221)
07-01 09:10:39.851 15322 15322 W WM-SystemFgService: 	at androidx.work.impl.foreground.SystemForegroundService.onStartCommand(SystemForegroundService.java:80)
07-01 09:10:39.851 15322 15322 W WM-SystemFgService: 	at android.app.ActivityThread.handleServiceArgs(ActivityThread.java:6087)
07-01 09:10:39.851 15322 15322 W WM-SystemFgService: 	at android.app.ActivityThread.-$$Nest$mhandleServiceArgs(Unknown Source:0)
07-01 09:10:39.851 15322 15322 W WM-SystemFgService: 	at android.app.ActivityThread$H.handleMessage(ActivityThread.java:2974)
07-01 09:10:39.851 15322 15322 W WM-SystemFgService: 	at android.os.Handler.dispatchMessage(Handler.java:110)
07-01 09:10:39.851 15322 15322 W WM-SystemFgService: 	at android.os.Looper.loopOnce(Looper.java:273)
07-01 09:10:39.851 15322 15322 W WM-SystemFgService: 	at android.os.Looper.loop(Looper.java:363)
07-01 09:10:39.851 15322 15322 W WM-SystemFgService: 	at android.app.ActivityThread.main(ActivityThread.java:10060)
07-01 09:10:39.851 15322 15322 W WM-SystemFgService: 	at java.lang.reflect.Method.invoke(Native Method)
07-01 09:10:39.851 15322 15322 W WM-SystemFgService: 	at com.android.internal.os.RuntimeInit$MethodAndArgsCaller.run(RuntimeInit.java:632)
07-01 09:10:39.851 15322 15322 W WM-SystemFgService: 	at com.android.internal.os.ZygoteInit.main(ZygoteInit.java:975)
07-01 09:10:39.851 15322 15322 D WM-SystemFgDispatcher: Notifying with (id:3376, workSpecId: 3dd0619c-a1f7-40ee-8dc6-d1eb423e8239, notificationType :1)
--------- beginning of system
07-01 09:10:39.851 15322 15322 I NotificationManager: com.negi.survey: notify(3376, null, Notification(channel=uploads shortcut=null contentView=null vibrate=null sound=null defaults=0 flags=ONGOING_EVENT|ONLY_ALERT_ONCE color=0x00000000 category=progress vis=PRIVATE semFlags=0x0 semPriority=0 semMissedCount=0)) as user
07-01 09:10:39.851 15322 15322 D NotificationManager: BOOTING pkg =com.negi.survey mBlockedChannelsForOverflowNoti=[]
07-01 09:10:39.852 15322 15455 I WM-Processor: Moving WorkSpec (3dd0619c-a1f7-40ee-8dc6-d1eb423e8239) to the foreground
07-01 09:10:39.854 15322 15322 W WM-SystemFgService: Unable to start foreground service
07-01 09:10:39.854 15322 15322 W WM-SystemFgService: android.app.ForegroundServiceStartNotAllowedException: FGS type dataSync not allowed to start from BOOT_COMPLETED!
07-01 09:10:39.854 15322 15322 W WM-SystemFgService: 	at android.app.ForegroundServiceStartNotAllowedException$1.createFromParcel(ForegroundServiceStartNotAllowedException.java:54)
07-01 09:10:39.854 15322 15322 W WM-SystemFgService: 	at android.app.ForegroundServiceStartNotAllowedException$1.createFromParcel(ForegroundServiceStartNotAllowedException.java:50)
07-01 09:10:39.854 15322 15322 W WM-SystemFgService: 	at android.os.Parcel.readParcelableInternal(Parcel.java:5229)
07-01 09:10:39.854 15322 15322 W WM-SystemFgService: 	at android.os.Parcel.readParcelable(Parcel.java:5211)
07-01 09:10:39.854 15322 15322 W WM-SystemFgService: 	at android.os.Parcel.createExceptionOrNull(Parcel.java:3349)
07-01 09:10:39.854 15322 15322 W WM-SystemFgService: 	at android.os.Parcel.createException(Parcel.java:3338)
07-01 09:10:39.854 15322 15322 W WM-SystemFgService: 	at android.os.Parcel.readException(Parcel.java:3321)
07-01 09:10:39.854 15322 15322 W WM-SystemFgService: 	at android.os.Parcel.readException(Parcel.java:3263)
07-01 09:10:39.854 15322 15322 W WM-SystemFgService: 	at android.app.IActivityManager$Stub$Proxy.setServiceForeground(IActivityManager.java:7539)
07-01 09:10:39.854 15322 15322 W WM-SystemFgService: 	at android.app.Service.startForeground(Service.java:863)
07-01 09:10:39.854 15322 15322 W WM-SystemFgService: 	at androidx.work.impl.foreground.SystemForegroundService$Api31Impl.startForeground(SystemForegroundService.java:192)
07-01 09:10:39.854 15322 15322 W WM-SystemFgService: 	at androidx.work.impl.foreground.SystemForegroundService.startForeground(SystemForegroundService.java:141)
07-01 09:10:39.854 15322 15322 W WM-SystemFgService: 	at androidx.work.impl.foreground.SystemForegroundDispatcher.handleNotify(SystemForegroundDispatcher.java:332)
07-01 09:10:39.854 15322 15322 W WM-SystemFgService: 	at androidx.work.impl.foreground.SystemForegroundDispatcher.onStartCommand(SystemForegroundDispatcher.java:223)
07-01 09:10:39.854 15322 15322 W WM-SystemFgService: 	at androidx.work.impl.foreground.SystemForegroundService.onStartCommand(SystemForegroundService.java:80)
07-01 09:10:39.854 15322 15322 W WM-SystemFgService: 	at android.app.ActivityThread.handleServiceArgs(ActivityThread.java:6087)
07-01 09:10:39.854 15322 15322 W WM-SystemFgService: 	at android.app.ActivityThread.-$$Nest$mhandleServiceArgs(Unknown Source:0)
07-01 09:10:39.854 15322 15322 W WM-SystemFgService: 	at android.app.ActivityThread$H.handleMessage(ActivityThread.java:2974)
07-01 09:10:39.854 15322 15322 W WM-SystemFgService: 	at android.os.Handler.dispatchMessage(Handler.java:110)
07-01 09:10:39.854 15322 15322 W WM-SystemFgService: 	at android.os.Looper.loopOnce(Looper.java:273)
07-01 09:10:39.854 15322 15322 W WM-SystemFgService: 	at android.os.Looper.loop(Looper.java:363)
07-01 09:10:39.854 15322 15322 W WM-SystemFgService: 	at android.app.ActivityThread.main(ActivityThread.java:10060)
07-01 09:10:39.854 15322 15322 W WM-SystemFgService: 	at java.lang.reflect.Method.invoke(Native Method)
07-01 09:10:39.854 15322 15322 W WM-SystemFgService: 	at com.android.internal.os.RuntimeInit$MethodAndArgsCaller.run(RuntimeInit.java:632)
07-01 09:10:39.854 15322 15322 W WM-SystemFgService: 	at com.android.internal.os.ZygoteInit.main(ZygoteInit.java:975)
07-01 09:10:39.854 15322 15322 D WM-SystemFgDispatcher: Notifying with (id:3376, workSpecId: 3dd0619c-a1f7-40ee-8dc6-d1eb423e8239, notificationType :1)
07-01 09:10:39.854 15322 15322 I NotificationManager: com.negi.survey: notify(3376, null, Notification(channel=uploads shortcut=null contentView=null vibrate=null sound=null defaults=0 flags=ONGOING_EVENT|ONLY_ALERT_ONCE color=0x00000000 category=progress vis=PRIVATE semFlags=0x0 semPriority=0 semMissedCount=0)) as user
07-01 09:10:39.857 15322 15322 W WM-SystemFgService: Unable to start foreground service
07-01 09:10:39.857 15322 15322 W WM-SystemFgService: android.app.ForegroundServiceStartNotAllowedException: FGS type dataSync not allowed to start from BOOT_COMPLETED!
07-01 09:10:39.857 15322 15322 W WM-SystemFgService: 	at android.app.ForegroundServiceStartNotAllowedException$1.createFromParcel(ForegroundServiceStartNotAllowedException.java:54)
07-01 09:10:39.857 15322 15322 W WM-SystemFgService: 	at android.app.ForegroundServiceStartNotAllowedException$1.createFromParcel(ForegroundServiceStartNotAllowedException.java:50)
07-01 09:10:39.857 15322 15322 W WM-SystemFgService: 	at android.os.Parcel.readParcelableInternal(Parcel.java:5229)
07-01 09:10:39.857 15322 15322 W WM-SystemFgService: 	at android.os.Parcel.readParcelable(Parcel.java:5211)
07-01 09:10:39.857 15322 15322 W WM-SystemFgService: 	at android.os.Parcel.createExceptionOrNull(Parcel.java:3349)
07-01 09:10:39.857 15322 15322 W WM-SystemFgService: 	at android.os.Parcel.createException(Parcel.java:3338)
07-01 09:10:39.857 15322 15322 W WM-SystemFgService: 	at android.os.Parcel.readException(Parcel.java:3321)
07-01 09:10:39.857 15322 15322 W WM-SystemFgService: 	at android.os.Parcel.readException(Parcel.java:3263)
07-01 09:10:39.857 15322 15322 W WM-SystemFgService: 	at android.app.IActivityManager$Stub$Proxy.setServiceForeground(IActivityManager.java:7539)
07-01 09:10:39.857 15322 15322 W WM-SystemFgService: 	at android.app.Service.startForeground(Service.java:863)
07-01 09:10:39.857 15322 15322 W WM-SystemFgService: 	at androidx.work.impl.foreground.SystemForegroundService$Api31Impl.startForeground(SystemForegroundService.java:192)
07-01 09:10:39.857 15322 15322 W WM-SystemFgService: 	at androidx.work.impl.foreground.SystemForegroundService.startForeground(SystemForegroundService.java:141)
07-01 09:10:39.857 15322 15322 W WM-SystemFgService: 	at androidx.work.impl.foreground.SystemForegroundDispatcher.handleNotify(SystemForegroundDispatcher.java:332)
07-01 09:10:39.857 15322 15322 W WM-SystemFgService: 	at androidx.work.impl.foreground.SystemForegroundDispatcher.onStartCommand(SystemForegroundDispatcher.java:223)
07-01 09:10:39.857 15322 15322 W WM-SystemFgService: 	at androidx.work.impl.foreground.SystemForegroundService.onStartCommand(SystemForegroundService.java:80)
07-01 09:10:39.857 15322 15322 W WM-SystemFgService: 	at android.app.ActivityThread.handleServiceArgs(ActivityThread.java:6087)
07-01 09:10:39.857 15322 15322 W WM-SystemFgService: 	at android.app.ActivityThread.-$$Nest$mhandleServiceArgs(Unknown Source:0)
07-01 09:10:39.857 15322 15322 W WM-SystemFgService: 	at android.app.ActivityThread$H.handleMessage(ActivityThread.java:2974)
07-01 09:10:39.857 15322 15322 W WM-SystemFgService: 	at android.os.Handler.dispatchMessage(Handler.java:110)
07-01 09:10:39.857 15322 15322 W WM-SystemFgService: 	at android.os.Looper.loopOnce(Looper.java:273)
07-01 09:10:39.857 15322 15322 W WM-SystemFgService: 	at android.os.Looper.loop(Looper.java:363)
07-01 09:10:39.857 15322 15322 W WM-SystemFgService: 	at android.app.ActivityThread.main(ActivityThread.java:10060)
07-01 09:10:39.857 15322 15322 W WM-SystemFgService: 	at java.lang.reflect.Method.invoke(Native Method)
07-01 09:10:39.857 15322 15322 W WM-SystemFgService: 	at com.android.internal.os.RuntimeInit$MethodAndArgsCaller.run(RuntimeInit.java:632)
07-01 09:10:39.857 15322 15322 W WM-SystemFgService: 	at com.android.internal.os.ZygoteInit.main(ZygoteInit.java:975)
07-01 09:10:40.594 15322 15322 D WM-SystemJobService: onStartJob for WorkGenerationalId(workSpecId=3dd0619c-a1f7-40ee-8dc6-d1eb423e8239, generation=0)
07-01 09:10:40.598 15322 15455 D WM-Processor: Work WorkGenerationalId(workSpecId=3dd0619c-a1f7-40ee-8dc6-d1eb423e8239, generation=0) is already enqueued for processing
07-01 09:10:41.054 15322 15412 D RuntimeLogStore: openWriter: rotate:plain_snapshot:receiver_boot_completed -> /data/user/0/com.negi.survey/files/diagnostics/runtime_logs/rtlog_20260701_161041_054_pid15322_seq2.log (bytes=0 format=LEGACY)
07-01 09:10:41.055 15322 15412 D RuntimeLogStore: retention: rotate:plain_snapshot:receiver_boot_completed files=3 kept=3 totalBytes=6595
07-01 09:10:41.065 15322 15416 D github_upload: doRuntimeLogsUpload: remoteBaseDir=diagnostics/runtime_logs/2026-07-01/runtime_logs_20260701_091041_pid15322_receiver_boot_completed toUpload=3 bytes=7785 dedupe=true deleteSource=true deletedSourcePre=0 preview='plain_logs_manifest_20260701_161041_056_pid15322_receiver_boot_completed.json|runtime_log_20260701_161041_056_pid15322_receiver_boot_completed__rtlog_20260701_161039_719_pid15322_seq1.log|runtime_log_20260701_161041_056_pid15322_receiver_boot_completed__rtlog_20260324_132521_686_pid30128_seq2.log'
07-01 09:10:41.065 15322 15417 D GitHubUploader: uploadStream: owner=ishizuki-tech repo=SurveyExports branch=main path=diagnostics/runtime_logs/2026-07-01/runtime_logs_20260701_091041_pid15322_receiver_boot_completed/plain_logs_manifest_20260701_161041_056_pid15322_receiver_boot_completed.json size=1546 maxRawBytesHint=1000000 maxRequestBytesHint=2800000
07-01 09:10:41.068 15322 15462 D WM-WorkProgressUpdater: Updating progress for 3dd0619c-a1f7-40ee-8dc6-d1eb423e8239 (Data {pct : 10, mode : startup_runtime_logs})
07-01 09:10:41.072 15322 15454 I WM-Processor: Moving WorkSpec (3dd0619c-a1f7-40ee-8dc6-d1eb423e8239) to the foreground
07-01 09:10:41.075 15322 15322 D WM-SystemFgDispatcher: Notifying with (id:3376, workSpecId: 3dd0619c-a1f7-40ee-8dc6-d1eb423e8239, notificationType :1)
07-01 09:10:41.075 15322 15322 I NotificationManager: com.negi.survey: notify(3376, null, Notification(channel=uploads shortcut=null contentView=null vibrate=null sound=null defaults=0 flags=ONGOING_EVENT|ONLY_ALERT_ONCE color=0x00000000 category=progress vis=PRIVATE semFlags=0x0 semPriority=0 semMissedCount=0)) as user
07-01 09:10:41.081 15322 15322 W WM-SystemFgService: Unable to start foreground service
07-01 09:10:41.081 15322 15322 W WM-SystemFgService: android.app.ForegroundServiceStartNotAllowedException: FGS type dataSync not allowed to start from BOOT_COMPLETED!
07-01 09:10:41.081 15322 15322 W WM-SystemFgService: 	at android.app.ForegroundServiceStartNotAllowedException$1.createFromParcel(ForegroundServiceStartNotAllowedException.java:54)
07-01 09:10:41.081 15322 15322 W WM-SystemFgService: 	at android.app.ForegroundServiceStartNotAllowedException$1.createFromParcel(ForegroundServiceStartNotAllowedException.java:50)
07-01 09:10:41.081 15322 15322 W WM-SystemFgService: 	at android.os.Parcel.readParcelableInternal(Parcel.java:5229)
07-01 09:10:41.081 15322 15322 W WM-SystemFgService: 	at android.os.Parcel.readParcelable(Parcel.java:5211)
07-01 09:10:41.081 15322 15322 W WM-SystemFgService: 	at android.os.Parcel.createExceptionOrNull(Parcel.java:3349)
07-01 09:10:41.081 15322 15322 W WM-SystemFgService: 	at android.os.Parcel.createException(Parcel.java:3338)
07-01 09:10:41.081 15322 15322 W WM-SystemFgService: 	at android.os.Parcel.readException(Parcel.java:3321)
07-01 09:10:41.081 15322 15322 W WM-SystemFgService: 	at android.os.Parcel.readException(Parcel.java:3263)
07-01 09:10:41.081 15322 15322 W WM-SystemFgService: 	at android.app.IActivityManager$Stub$Proxy.setServiceForeground(IActivityManager.java:7539)
07-01 09:10:41.081 15322 15322 W WM-SystemFgService: 	at android.app.Service.startForeground(Service.java:863)
07-01 09:10:41.081 15322 15322 W WM-SystemFgService: 	at androidx.work.impl.foreground.SystemForegroundService$Api31Impl.startForeground(SystemForegroundService.java:192)
07-01 09:10:41.081 15322 15322 W WM-SystemFgService: 	at androidx.work.impl.foreground.SystemForegroundService.startForeground(SystemForegroundService.java:141)
07-01 09:10:41.081 15322 15322 W WM-SystemFgService: 	at androidx.work.impl.foreground.SystemForegroundDispatcher.handleNotify(SystemForegroundDispatcher.java:332)
07-01 09:10:41.081 15322 15322 W WM-SystemFgService: 	at androidx.work.impl.foreground.SystemForegroundDispatcher.onStartCommand(SystemForegroundDispatcher.java:223)
07-01 09:10:41.081 15322 15322 W WM-SystemFgService: 	at androidx.work.impl.foreground.SystemForegroundService.onStartCommand(SystemForegroundService.java:80)
07-01 09:10:41.081 15322 15322 W WM-SystemFgService: 	at android.app.ActivityThread.handleServiceArgs(ActivityThread.java:6087)
07-01 09:10:41.081 15322 15322 W WM-SystemFgService: 	at android.app.ActivityThread.-$$Nest$mhandleServiceArgs(Unknown Source:0)
07-01 09:10:41.081 15322 15322 W WM-SystemFgService: 	at android.app.ActivityThread$H.handleMessage(ActivityThread.java:2974)
07-01 09:10:41.081 15322 15322 W WM-SystemFgService: 	at android.os.Handler.dispatchMessage(Handler.java:110)
07-01 09:10:41.081 15322 15322 W WM-SystemFgService: 	at android.os.Looper.loopOnce(Looper.java:273)
07-01 09:10:41.081 15322 15322 W WM-SystemFgService: 	at android.os.Looper.loop(Looper.java:363)
07-01 09:10:41.081 15322 15322 W WM-SystemFgService: 	at android.app.ActivityThread.main(ActivityThread.java:10060)
07-01 09:10:41.081 15322 15322 W WM-SystemFgService: 	at java.lang.reflect.Method.invoke(Native Method)
07-01 09:10:41.081 15322 15322 W WM-SystemFgService: 	at com.android.internal.os.RuntimeInit$MethodAndArgsCaller.run(RuntimeInit.java:632)
07-01 09:10:41.081 15322 15322 W WM-SystemFgService: 	at com.android.internal.os.ZygoteInit.main(ZygoteInit.java:975)
07-01 09:10:41.476 15322 15455 D WM-WorkProgressUpdater: Updating progress for 3dd0619c-a1f7-40ee-8dc6-d1eb423e8239 (Data {pct : 12, mode : startup_runtime_logs})
07-01 09:10:41.478 15322 15455 I WM-Processor: Moving WorkSpec (3dd0619c-a1f7-40ee-8dc6-d1eb423e8239) to the foreground
07-01 09:10:41.480 15322 15322 D WM-SystemFgDispatcher: Notifying with (id:3376, workSpecId: 3dd0619c-a1f7-40ee-8dc6-d1eb423e8239, notificationType :1)
07-01 09:10:41.480 15322 15322 I NotificationManager: com.negi.survey: notify(3376, null, Notification(channel=uploads shortcut=null contentView=null vibrate=null sound=null defaults=0 flags=ONGOING_EVENT|ONLY_ALERT_ONCE color=0x00000000 category=progress vis=PRIVATE semFlags=0x0 semPriority=0 semMissedCount=0)) as user
07-01 09:10:41.480 15322 15455 D WM-WorkProgressUpdater: Updating progress for 3dd0619c-a1f7-40ee-8dc6-d1eb423e8239 (Data {pct : 33, mode : startup_runtime_logs})
07-01 09:10:41.481 15322 15462 I WM-Processor: Moving WorkSpec (3dd0619c-a1f7-40ee-8dc6-d1eb423e8239) to the foreground
07-01 09:10:41.487 15322 15322 W WM-SystemFgService: Unable to start foreground service
07-01 09:10:41.487 15322 15322 W WM-SystemFgService: android.app.ForegroundServiceStartNotAllowedException: FGS type dataSync not allowed to start from BOOT_COMPLETED!
07-01 09:10:41.487 15322 15322 W WM-SystemFgService: 	at android.app.ForegroundServiceStartNotAllowedException$1.createFromParcel(ForegroundServiceStartNotAllowedException.java:54)
07-01 09:10:41.487 15322 15322 W WM-SystemFgService: 	at android.app.ForegroundServiceStartNotAllowedException$1.createFromParcel(ForegroundServiceStartNotAllowedException.java:50)
07-01 09:10:41.487 15322 15322 W WM-SystemFgService: 	at android.os.Parcel.readParcelableInternal(Parcel.java:5229)
07-01 09:10:41.487 15322 15322 W WM-SystemFgService: 	at android.os.Parcel.readParcelable(Parcel.java:5211)
07-01 09:10:41.487 15322 15322 W WM-SystemFgService: 	at android.os.Parcel.createExceptionOrNull(Parcel.java:3349)
07-01 09:10:41.487 15322 15322 W WM-SystemFgService: 	at android.os.Parcel.createException(Parcel.java:3338)
07-01 09:10:41.487 15322 15322 W WM-SystemFgService: 	at android.os.Parcel.readException(Parcel.java:3321)
07-01 09:10:41.487 15322 15322 W WM-SystemFgService: 	at android.os.Parcel.readException(Parcel.java:3263)
07-01 09:10:41.487 15322 15322 W WM-SystemFgService: 	at android.app.IActivityManager$Stub$Proxy.setServiceForeground(IActivityManager.java:7539)
07-01 09:10:41.487 15322 15322 W WM-SystemFgService: 	at android.app.Service.startForeground(Service.java:863)
07-01 09:10:41.487 15322 15322 W WM-SystemFgService: 	at androidx.work.impl.foreground.SystemForegroundService$Api31Impl.startForeground(SystemForegroundService.java:192)
07-01 09:10:41.487 15322 15322 W WM-SystemFgService: 	at androidx.work.impl.foreground.SystemForegroundService.startForeground(SystemForegroundService.java:141)
07-01 09:10:41.487 15322 15322 W WM-SystemFgService: 	at androidx.work.impl.foreground.SystemForegroundDispatcher.handleNotify(SystemForegroundDispatcher.java:332)
07-01 09:10:41.487 15322 15322 W WM-SystemFgService: 	at androidx.work.impl.foreground.SystemForegroundDispatcher.onStartCommand(SystemForegroundDispatcher.java:223)
07-01 09:10:41.487 15322 15322 W WM-SystemFgService: 	at androidx.work.impl.foreground.SystemForegroundService.onStartCommand(SystemForegroundService.java:80)
07-01 09:10:41.487 15322 15322 W WM-SystemFgService: 	at android.app.ActivityThread.handleServiceArgs(ActivityThread.java:6087)
07-01 09:10:41.487 15322 15322 W WM-SystemFgService: 	at android.app.ActivityThread.-$$Nest$mhandleServiceArgs(Unknown Source:0)
07-01 09:10:41.487 15322 15322 W WM-SystemFgService: 	at android.app.ActivityThread$H.handleMessage(ActivityThread.java:2974)
07-01 09:10:41.487 15322 15322 W WM-SystemFgService: 	at android.os.Handler.dispatchMessage(Handler.java:110)
07-01 09:10:41.487 15322 15322 W WM-SystemFgService: 	at android.os.Looper.loopOnce(Looper.java:273)
07-01 09:10:41.487 15322 15322 W WM-SystemFgService: 	at android.os.Looper.loop(Looper.java:363)
07-01 09:10:41.487 15322 15322 W WM-SystemFgService: 	at android.app.ActivityThread.main(ActivityThread.java:10060)
07-01 09:10:41.487 15322 15322 W WM-SystemFgService: 	at java.lang.reflect.Method.invoke(Native Method)
07-01 09:10:41.487 15322 15322 W WM-SystemFgService: 	at com.android.internal.os.RuntimeInit$MethodAndArgsCaller.run(RuntimeInit.java:632)
07-01 09:10:41.487 15322 15322 W WM-SystemFgService: 	at com.android.internal.os.ZygoteInit.main(ZygoteInit.java:975)
07-01 09:10:41.487 15322 15322 D WM-SystemFgDispatcher: Notifying with (id:3376, workSpecId: 3dd0619c-a1f7-40ee-8dc6-d1eb423e8239, notificationType :1)
07-01 09:10:41.487 15322 15322 I NotificationManager: com.negi.survey: notify(3376, null, Notification(channel=uploads shortcut=null contentView=null vibrate=null sound=null defaults=0 flags=ONGOING_EVENT|ONLY_ALERT_ONCE color=0x00000000 category=progress vis=PRIVATE semFlags=0x0 semPriority=0 semMissedCount=0)) as user
07-01 09:10:41.496 15322 15322 W WM-SystemFgService: Unable to start foreground service
07-01 09:10:41.496 15322 15322 W WM-SystemFgService: android.app.ForegroundServiceStartNotAllowedException: FGS type dataSync not allowed to start from BOOT_COMPLETED!
07-01 09:10:41.496 15322 15322 W WM-SystemFgService: 	at android.app.ForegroundServiceStartNotAllowedException$1.createFromParcel(ForegroundServiceStartNotAllowedException.java:54)
07-01 09:10:41.496 15322 15322 W WM-SystemFgService: 	at android.app.ForegroundServiceStartNotAllowedException$1.createFromParcel(ForegroundServiceStartNotAllowedException.java:50)
07-01 09:10:41.496 15322 15322 W WM-SystemFgService: 	at android.os.Parcel.readParcelableInternal(Parcel.java:5229)
07-01 09:10:41.496 15322 15322 W WM-SystemFgService: 	at android.os.Parcel.readParcelable(Parcel.java:5211)
07-01 09:10:41.496 15322 15322 W WM-SystemFgService: 	at android.os.Parcel.createExceptionOrNull(Parcel.java:3349)
07-01 09:10:41.496 15322 15322 W WM-SystemFgService: 	at android.os.Parcel.createException(Parcel.java:3338)
07-01 09:10:41.496 15322 15322 W WM-SystemFgService: 	at android.os.Parcel.readException(Parcel.java:3321)
07-01 09:10:41.496 15322 15322 W WM-SystemFgService: 	at android.os.Parcel.readException(Parcel.java:3263)
07-01 09:10:41.496 15322 15322 W WM-SystemFgService: 	at android.app.IActivityManager$Stub$Proxy.setServiceForeground(IActivityManager.java:7539)
07-01 09:10:41.496 15322 15322 W WM-SystemFgService: 	at android.app.Service.startForeground(Service.java:863)
07-01 09:10:41.496 15322 15322 W WM-SystemFgService: 	at androidx.work.impl.foreground.SystemForegroundService$Api31Impl.startForeground(SystemForegroundService.java:192)
07-01 09:10:41.496 15322 15322 W WM-SystemFgService: 	at androidx.work.impl.foreground.SystemForegroundService.startForeground(SystemForegroundService.java:141)
07-01 09:10:41.496 15322 15322 W WM-SystemFgService: 	at androidx.work.impl.foreground.SystemForegroundDispatcher.handleNotify(SystemForegroundDispatcher.java:332)
07-01 09:10:41.496 15322 15322 W WM-SystemFgService: 	at androidx.work.impl.foreground.SystemForegroundDispatcher.onStartCommand(SystemForegroundDispatcher.java:223)
07-01 09:10:41.496 15322 15322 W WM-SystemFgService: 	at androidx.work.impl.foreground.SystemForegroundService.onStartCommand(SystemForegroundService.java:80)
07-01 09:10:41.496 15322 15322 W WM-SystemFgService: 	at android.app.ActivityThread.handleServiceArgs(ActivityThread.java:6087)
07-01 09:10:41.496 15322 15322 W WM-SystemFgService: 	at android.app.ActivityThread.-$$Nest$mhandleServiceArgs(Unknown Source:0)
07-01 09:10:41.496 15322 15322 W WM-SystemFgService: 	at android.app.ActivityThread$H.handleMessage(ActivityThread.java:2974)
07-01 09:10:41.496 15322 15322 W WM-SystemFgService: 	at android.os.Handler.dispatchMessage(Handler.java:110)
07-01 09:10:41.496 15322 15322 W WM-SystemFgService: 	at android.os.Looper.loopOnce(Looper.java:273)
07-01 09:10:41.496 15322 15322 W WM-SystemFgService: 	at android.os.Looper.loop(Looper.java:363)
07-01 09:10:41.496 15322 15322 W WM-SystemFgService: 	at android.app.ActivityThread.main(ActivityThread.java:10060)
07-01 09:10:41.496 15322 15322 W WM-SystemFgService: 	at java.lang.reflect.Method.invoke(Native Method)
07-01 09:10:41.496 15322 15322 W WM-SystemFgService: 	at com.android.internal.os.RuntimeInit$MethodAndArgsCaller.run(RuntimeInit.java:632)
07-01 09:10:41.496 15322 15322 W WM-SystemFgService: 	at com.android.internal.os.ZygoteInit.main(ZygoteInit.java:975)
07-01 09:10:42.237 15322 15322 D github_upload: choosePolicy: uniqueName=upload_runtime_logs_startup policy=KEEP states=[RUNNING]
07-01 09:10:42.237 15322 15322 D github_upload: enqueueStartupRuntimeLogsUpload: uniqueName=upload_runtime_logs_startup policy=KEEP
07-01 09:10:42.239 15322 15322 D github_upload: choosePolicy: uniqueName=upload_ring_logs_startup policy=REPLACE states=[]
07-01 09:10:42.239 15322 15322 D github_upload: enqueueStartupRingLogsUpload: uniqueName=upload_ring_logs_startup policy=REPLACE
07-01 09:10:42.242 15322 16596 D CrashCapture: enqueuePendingCrashUploadsIfPossible enter where=SurveyApp:enqueuePending(immediate):bg pid=15322 thread=CrashCapture-Enqueue
07-01 09:10:42.244 15322 15454 D WM-SystemJobScheduler: Scheduling work ID c14d3283-1278-4939-951e-da3e77625a80Job ID 3
07-01 09:10:42.246 15322 15322 D WM-SystemJobService: onStartJob for WorkGenerationalId(workSpecId=c14d3283-1278-4939-951e-da3e77625a80, generation=0)
07-01 09:10:42.246 15322 15454 D WM-GreedyScheduler: Starting tracking for c14d3283-1278-4939-951e-da3e77625a80
07-01 09:10:42.247 15322 15462 D WM-Processor: Processor: processing WorkGenerationalId(workSpecId=c14d3283-1278-4939-951e-da3e77625a80, generation=0)
07-01 09:10:42.253 15322 15322 D WM-WorkerWrapper: Starting work for com.negi.survey.net.GitHubUploadWorker
07-01 09:10:42.254 15322 15435 D WM-GreedyScheduler: Constraints met: Scheduling work ID WorkGenerationalId(workSpecId=c14d3283-1278-4939-951e-da3e77625a80, generation=0)
07-01 09:10:42.260 15322 15435 D WM-Processor: Work WorkGenerationalId(workSpecId=c14d3283-1278-4939-951e-da3e77625a80, generation=0) is already enqueued for processing
07-01 09:10:42.260 15322 15435 I WM-Processor: Moving WorkSpec (c14d3283-1278-4939-951e-da3e77625a80) to the foreground
07-01 09:10:42.261 15322 15322 I WM-SystemFgDispatcher: Started foreground service Intent { act=ACTION_START_FOREGROUND xflg=0x4 cmp=com.negi.survey/androidx.work.impl.foreground.SystemForegroundService (has extras) }
07-01 09:10:42.261 15322 15322 D WM-SystemFgDispatcher: Notifying with (id:10748, workSpecId: c14d3283-1278-4939-951e-da3e77625a80, notificationType :1)
07-01 09:10:42.261 15322 15322 I NotificationManager: com.negi.survey: notify(10748, null, Notification(channel=uploads shortcut=null contentView=null vibrate=null sound=null defaults=0 flags=ONGOING_EVENT|ONLY_ALERT_ONCE color=0x00000000 category=progress vis=PRIVATE semFlags=0x0 semPriority=0 semMissedCount=0)) as user
07-01 09:10:42.263 15322 15435 D WM-WorkProgressUpdater: Updating progress for c14d3283-1278-4939-951e-da3e77625a80 (Data {pct : 3, mode : startup_ring_logs})
07-01 09:10:42.264 15322 15435 I WM-Processor: Moving WorkSpec (c14d3283-1278-4939-951e-da3e77625a80) to the foreground
07-01 09:10:42.266 15322 15322 W WM-SystemFgService: Unable to start foreground service
07-01 09:10:42.266 15322 15322 W WM-SystemFgService: android.app.ForegroundServiceStartNotAllowedException: FGS type dataSync not allowed to start from BOOT_COMPLETED!
07-01 09:10:42.266 15322 15322 W WM-SystemFgService: 	at android.app.ForegroundServiceStartNotAllowedException$1.createFromParcel(ForegroundServiceStartNotAllowedException.java:54)
07-01 09:10:42.266 15322 15322 W WM-SystemFgService: 	at android.app.ForegroundServiceStartNotAllowedException$1.createFromParcel(ForegroundServiceStartNotAllowedException.java:50)
07-01 09:10:42.266 15322 15322 W WM-SystemFgService: 	at android.os.Parcel.readParcelableInternal(Parcel.java:5229)
07-01 09:10:42.266 15322 15322 W WM-SystemFgService: 	at android.os.Parcel.readParcelable(Parcel.java:5211)
07-01 09:10:42.266 15322 15322 W WM-SystemFgService: 	at android.os.Parcel.createExceptionOrNull(Parcel.java:3349)
07-01 09:10:42.266 15322 15322 W WM-SystemFgService: 	at android.os.Parcel.createException(Parcel.java:3338)
07-01 09:10:42.266 15322 15322 W WM-SystemFgService: 	at android.os.Parcel.readException(Parcel.java:3321)
07-01 09:10:42.266 15322 15322 W WM-SystemFgService: 	at android.os.Parcel.readException(Parcel.java:3263)
07-01 09:10:42.266 15322 15322 W WM-SystemFgService: 	at android.app.IActivityManager$Stub$Proxy.setServiceForeground(IActivityManager.java:7539)
07-01 09:10:42.266 15322 15322 W WM-SystemFgService: 	at android.app.Service.startForeground(Service.java:863)
07-01 09:10:42.266 15322 15322 W WM-SystemFgService: 	at androidx.work.impl.foreground.SystemForegroundService$Api31Impl.startForeground(SystemForegroundService.java:192)
07-01 09:10:42.266 15322 15322 W WM-SystemFgService: 	at androidx.work.impl.foreground.SystemForegroundService.startForeground(SystemForegroundService.java:141)
07-01 09:10:42.266 15322 15322 W WM-SystemFgService: 	at androidx.work.impl.foreground.SystemForegroundDispatcher.handleNotify(SystemForegroundDispatcher.java:332)
07-01 09:10:42.266 15322 15322 W WM-SystemFgService: 	at androidx.work.impl.foreground.SystemForegroundDispatcher.onStartCommand(SystemForegroundDispatcher.java:221)
07-01 09:10:42.266 15322 15322 W WM-SystemFgService: 	at androidx.work.impl.foreground.SystemForegroundService.onStartCommand(SystemForegroundService.java:80)
07-01 09:10:42.266 15322 15322 W WM-SystemFgService: 	at android.app.ActivityThread.handleServiceArgs(ActivityThread.java:6087)
07-01 09:10:42.266 15322 15322 W WM-SystemFgService: 	at android.app.ActivityThread.-$$Nest$mhandleServiceArgs(Unknown Source:0)
07-01 09:10:42.266 15322 15322 W WM-SystemFgService: 	at android.app.ActivityThread$H.handleMessage(ActivityThread.java:2974)
07-01 09:10:42.266 15322 15322 W WM-SystemFgService: 	at android.os.Handler.dispatchMessage(Handler.java:110)
07-01 09:10:42.266 15322 15322 W WM-SystemFgService: 	at android.os.Looper.loopOnce(Looper.java:273)
07-01 09:10:42.266 15322 15322 W WM-SystemFgService: 	at android.os.Looper.loop(Looper.java:363)
07-01 09:10:42.266 15322 15322 W WM-SystemFgService: 	at android.app.ActivityThread.main(ActivityThread.java:10060)
07-01 09:10:42.266 15322 15322 W WM-SystemFgService: 	at java.lang.reflect.Method.invoke(Native Method)
07-01 09:10:42.266 15322 15322 W WM-SystemFgService: 	at com.android.internal.os.RuntimeInit$MethodAndArgsCaller.run(RuntimeInit.java:632)
07-01 09:10:42.266 15322 15322 W WM-SystemFgService: 	at com.android.internal.os.ZygoteInit.main(ZygoteInit.java:975)
07-01 09:10:42.266 15322 15322 D WM-SystemFgDispatcher: Notifying with (id:10748, workSpecId: c14d3283-1278-4939-951e-da3e77625a80, notificationType :1)
07-01 09:10:42.266 15322 15322 I NotificationManager: com.negi.survey: notify(10748, null, Notification(channel=uploads shortcut=null contentView=null vibrate=null sound=null defaults=0 flags=ONGOING_EVENT|ONLY_ALERT_ONCE color=0x00000000 category=progress vis=PRIVATE semFlags=0x0 semPriority=0 semMissedCount=0)) as user
07-01 09:10:42.268 15322 15322 W WM-SystemFgService: Unable to start foreground service
07-01 09:10:42.268 15322 15322 W WM-SystemFgService: android.app.ForegroundServiceStartNotAllowedException: FGS type dataSync not allowed to start from BOOT_COMPLETED!
07-01 09:10:42.268 15322 15322 W WM-SystemFgService: 	at android.app.ForegroundServiceStartNotAllowedException$1.createFromParcel(ForegroundServiceStartNotAllowedException.java:54)
07-01 09:10:42.268 15322 15322 W WM-SystemFgService: 	at android.app.ForegroundServiceStartNotAllowedException$1.createFromParcel(ForegroundServiceStartNotAllowedException.java:50)
07-01 09:10:42.268 15322 15322 W WM-SystemFgService: 	at android.os.Parcel.readParcelableInternal(Parcel.java:5229)
07-01 09:10:42.268 15322 15322 W WM-SystemFgService: 	at android.os.Parcel.readParcelable(Parcel.java:5211)
07-01 09:10:42.268 15322 15322 W WM-SystemFgService: 	at android.os.Parcel.createExceptionOrNull(Parcel.java:3349)
07-01 09:10:42.268 15322 15322 W WM-SystemFgService: 	at android.os.Parcel.createException(Parcel.java:3338)
07-01 09:10:42.268 15322 15322 W WM-SystemFgService: 	at android.os.Parcel.readException(Parcel.java:3321)
07-01 09:10:42.268 15322 15322 W WM-SystemFgService: 	at android.os.Parcel.readException(Parcel.java:3263)
07-01 09:10:42.268 15322 15322 W WM-SystemFgService: 	at android.app.IActivityManager$Stub$Proxy.setServiceForeground(IActivityManager.java:7539)
07-01 09:10:42.268 15322 15322 W WM-SystemFgService: 	at android.app.Service.startForeground(Service.java:863)
07-01 09:10:42.268 15322 15322 W WM-SystemFgService: 	at androidx.work.impl.foreground.SystemForegroundService$Api31Impl.startForeground(SystemForegroundService.java:192)
07-01 09:10:42.268 15322 15322 W WM-SystemFgService: 	at androidx.work.impl.foreground.SystemForegroundService.startForeground(SystemForegroundService.java:141)
07-01 09:10:42.268 15322 15322 W WM-SystemFgService: 	at androidx.work.impl.foreground.SystemForegroundDispatcher.handleNotify(SystemForegroundDispatcher.java:332)
07-01 09:10:42.268 15322 15322 W WM-SystemFgService: 	at androidx.work.impl.foreground.SystemForegroundDispatcher.onStartCommand(SystemForegroundDispatcher.java:223)
07-01 09:10:42.268 15322 15322 W WM-SystemFgService: 	at androidx.work.impl.foreground.SystemForegroundService.onStartCommand(SystemForegroundService.java:80)
07-01 09:10:42.268 15322 15322 W WM-SystemFgService: 	at android.app.ActivityThread.handleServiceArgs(ActivityThread.java:6087)
07-01 09:10:42.268 15322 15322 W WM-SystemFgService: 	at android.app.ActivityThread.-$$Nest$mhandleServiceArgs(Unknown Source:0)
07-01 09:10:42.268 15322 15322 W WM-SystemFgService: 	at android.app.ActivityThread$H.handleMessage(ActivityThread.java:2974)
07-01 09:10:42.268 15322 15322 W WM-SystemFgService: 	at android.os.Handler.dispatchMessage(Handler.java:110)
07-01 09:10:42.268 15322 15322 W WM-SystemFgService: 	at android.os.Looper.loopOnce(Looper.java:273)
07-01 09:10:42.268 15322 15322 W WM-SystemFgService: 	at android.os.Looper.loop(Looper.java:363)
07-01 09:10:42.268 15322 15322 W WM-SystemFgService: 	at android.app.ActivityThread.main(ActivityThread.java:10060)
07-01 09:10:42.268 15322 15322 W WM-SystemFgService: 	at java.lang.reflect.Method.invoke(Native Method)
07-01 09:10:42.268 15322 15322 W WM-SystemFgService: 	at com.android.internal.os.RuntimeInit$MethodAndArgsCaller.run(RuntimeInit.java:632)
07-01 09:10:42.268 15322 15322 W WM-SystemFgService: 	at com.android.internal.os.ZygoteInit.main(ZygoteInit.java:975)
07-01 09:10:42.269 15322 15322 D WM-SystemFgDispatcher: Notifying with (id:10748, workSpecId: c14d3283-1278-4939-951e-da3e77625a80, notificationType :1)
07-01 09:10:42.269 15322 15322 I NotificationManager: com.negi.survey: notify(10748, null, Notification(channel=uploads shortcut=null contentView=null vibrate=null sound=null defaults=0 flags=ONGOING_EVENT|ONLY_ALERT_ONCE color=0x00000000 category=progress vis=PRIVATE semFlags=0x0 semPriority=0 semMissedCount=0)) as user
07-01 09:10:42.273 15322 15322 W WM-SystemFgService: Unable to start foreground service
07-01 09:10:42.273 15322 15322 W WM-SystemFgService: android.app.ForegroundServiceStartNotAllowedException: FGS type dataSync not allowed to start from BOOT_COMPLETED!
07-01 09:10:42.273 15322 15322 W WM-SystemFgService: 	at android.app.ForegroundServiceStartNotAllowedException$1.createFromParcel(ForegroundServiceStartNotAllowedException.java:54)
07-01 09:10:42.273 15322 15322 W WM-SystemFgService: 	at android.app.ForegroundServiceStartNotAllowedException$1.createFromParcel(ForegroundServiceStartNotAllowedException.java:50)
07-01 09:10:42.273 15322 15322 W WM-SystemFgService: 	at android.os.Parcel.readParcelableInternal(Parcel.java:5229)
07-01 09:10:42.273 15322 15322 W WM-SystemFgService: 	at android.os.Parcel.readParcelable(Parcel.java:5211)
07-01 09:10:42.273 15322 15322 W WM-SystemFgService: 	at android.os.Parcel.createExceptionOrNull(Parcel.java:3349)
07-01 09:10:42.273 15322 15322 W WM-SystemFgService: 	at android.os.Parcel.createException(Parcel.java:3338)
07-01 09:10:42.273 15322 15322 W WM-SystemFgService: 	at android.os.Parcel.readException(Parcel.java:3321)
07-01 09:10:42.273 15322 15322 W WM-SystemFgService: 	at android.os.Parcel.readException(Parcel.java:3263)
07-01 09:10:42.273 15322 15322 W WM-SystemFgService: 	at android.app.IActivityManager$Stub$Proxy.setServiceForeground(IActivityManager.java:7539)
07-01 09:10:42.273 15322 15322 W WM-SystemFgService: 	at android.app.Service.startForeground(Service.java:863)
07-01 09:10:42.273 15322 15322 W WM-SystemFgService: 	at androidx.work.impl.foreground.SystemForegroundService$Api31Impl.startForeground(SystemForegroundService.java:192)
07-01 09:10:42.273 15322 15322 W WM-SystemFgService: 	at androidx.work.impl.foreground.SystemForegroundService.startForeground(SystemForegroundService.java:141)
07-01 09:10:42.273 15322 15322 W WM-SystemFgService: 	at androidx.work.impl.foreground.SystemForegroundDispatcher.handleNotify(SystemForegroundDispatcher.java:332)
07-01 09:10:42.273 15322 15322 W WM-SystemFgService: 	at androidx.work.impl.foreground.SystemForegroundDispatcher.onStartCommand(SystemForegroundDispatcher.java:223)
07-01 09:10:42.273 15322 15322 W WM-SystemFgService: 	at androidx.work.impl.foreground.SystemForegroundService.onStartCommand(SystemForegroundService.java:80)
07-01 09:10:42.273 15322 15322 W WM-SystemFgService: 	at android.app.ActivityThread.handleServiceArgs(ActivityThread.java:6087)
07-01 09:10:42.273 15322 15322 W WM-SystemFgService: 	at android.app.ActivityThread.-$$Nest$mhandleServiceArgs(Unknown Source:0)
07-01 09:10:42.273 15322 15322 W WM-SystemFgService: 	at android.app.ActivityThread$H.handleMessage(ActivityThread.java:2974)
07-01 09:10:42.273 15322 15322 W WM-SystemFgService: 	at android.os.Handler.dispatchMessage(Handler.java:110)
07-01 09:10:42.273 15322 15322 W WM-SystemFgService: 	at android.os.Looper.loopOnce(Looper.java:273)
07-01 09:10:42.273 15322 15322 W WM-SystemFgService: 	at android.os.Looper.loop(Looper.java:363)
07-01 09:10:42.273 15322 15322 W WM-SystemFgService: 	at android.app.ActivityThread.main(ActivityThread.java:10060)
