=== RuntimeLogStore Header ===
ts=2026-10-05T21:21:37.831Z
fileNameFormat=LEGACY
appId=com.negi.survey
versionName=0.0.1
versionCode=105
debug=false
device=samsung SM-S931U1
sdk=36
pid=12892
==============================
2026-10-05T21:21:37.831Z I/RuntimeLogStore [rtlog-io] start: actor launched (fileNameFormat=LEGACY)
2026-10-05T21:21:37.831Z D/SurveyApp [main] attachBaseContext: pid=12892 process=com.negi.survey isMain=true sdk=36
2026-10-05T21:21:37.831Z D/SurveyApp [main] bootTiming: attachBaseContext total=4ms
2026-10-05T21:21:37.831Z D/SurveyApp [main] Skipping WorkManager init in attachBaseContext; will init lazily on first enqueue.
2026-10-05T21:21:37.831Z D/SurveyApp [main] CrashCapture installed: where=SurveyApp:attachBaseContext
2026-10-05T21:21:37.834Z I/RuntimeLogStore [main] start repair: ctx/dir refreshed
2026-10-05T21:21:37.834Z D/SurveyApp [main] bootTiming: RuntimeLogStore.start took=0ms
2026-10-05T21:21:37.834Z D/SurveyApp [main] bootTiming: AppRingLogStore.install took=0ms
2026-10-05T21:21:37.834Z D/SurveyApp [main] onCreate: pid=12892 process=com.negi.survey isMain=true sdk=36
2026-10-05T21:21:37.834Z D/SurveyApp [main] CrashCapture installed: where=SurveyApp:onCreate(rewrap)
2026-10-05T21:21:37.834Z D/SurveyApp [main] CrashCapture self-healing registered.
2026-10-05T21:21:37.834Z W/SurveyApp [main] Startup enqueues deferred: delay=2500ms (to reduce init contention)
2026-10-05T21:21:37.834Z D/SurveyApp [main] Startup survey recovery deferred: delay=2500ms
2026-10-05T21:21:37.834Z D/SurveyApp [main] bootTiming: onCreate total=0ms
2026-10-05T21:21:40.334Z W/SurveyApp [main] Deferred startup enqueues begin...
2026-10-05T21:21:40.335Z D/SurveyApp [main] WorkManager available. where=startupRtLogs(immediate) took=0ms
2026-10-05T21:21:40.336Z D/SurveyApp [main] Startup runtime logs target -> owner=ishizuki-tech repo=SurveyExports branch=main base='/diagnostics/runtime_logs'
2026-10-05T21:21:40.339Z D/SurveyApp [main] Startup runtime logs: enqueue requested (immediate).
2026-10-05T21:21:40.339Z D/SurveyApp [main] WorkManager available. where=startupRingLogs(immediate) took=0ms
2026-10-05T21:21:40.339Z D/SurveyApp [main] Startup ring logs target -> owner=ishizuki-tech repo=SurveyExports branch=main base='/diagnostics/applog_ring'
2026-10-05T21:21:40.340Z D/SurveyApp [main] Startup ring logs: enqueue requested (immediate).
2026-10-05T21:21:40.340Z D/SurveyApp [main] WorkManager available. where=enqueuePending(immediate) took=0ms
2026-10-05T21:21:40.340Z D/SurveyApp [main] CrashCapture pending uploads requested (immediate).
2026-10-05T21:21:40.340Z W/SurveyApp [main] Deferred startup enqueues done: took=6ms
2026-10-05T21:21:40.341Z D/SurveyApp [DefaultDispatcher-worker-3] Survey recovery WorkManager available. where=startupSurveyUploads(initial) took=0ms
2026-10-05T21:21:40.341Z D/SurveyApp [DefaultDispatcher-worker-3] Startup survey recovery complete: discovered=0 attempted=0 submitted=0 active=0 trackerUnconfirmed=0 uploaded=0 deferred=0 invalid=0 operationalFailures=0 duplicates=0 unclassified=0
2026-10-05T21:21:41.568Z I/RuntimeLogStore [DefaultDispatcher-worker-2] start repair: ctx/dir refreshed
