=== RuntimeLogStore Header ===
ts=2026-09-15T17:23:05.293Z
fileNameFormat=LEGACY
appId=com.negi.survey
versionName=0.0.1
versionCode=59
debug=false
device=Google Pixel 9a
sdk=36
pid=13333
==============================
2026-09-15T17:23:05.293Z I/RuntimeLogStore [rtlog-io] start: actor launched (fileNameFormat=LEGACY)
2026-09-15T17:23:05.289Z D/SurveyApp [main] attachBaseContext: pid=13333 process=com.negi.survey isMain=true sdk=36
2026-09-15T17:23:05.289Z D/SurveyApp [main] bootTiming: attachBaseContext total=8ms
2026-09-15T17:23:05.289Z D/SurveyApp [main] Skipping WorkManager init in attachBaseContext; will init lazily on first enqueue.
2026-09-15T17:23:05.289Z D/SurveyApp [main] CrashCapture installed: where=SurveyApp:attachBaseContext
2026-09-15T17:23:05.295Z I/RuntimeLogStore [main] start repair: ctx/dir refreshed
2026-09-15T17:23:05.296Z D/SurveyApp [main] bootTiming: RuntimeLogStore.start took=0ms
2026-09-15T17:23:05.296Z D/SurveyApp [main] bootTiming: AppRingLogStore.install took=0ms
2026-09-15T17:23:05.296Z D/SurveyApp [main] onCreate: pid=13333 process=com.negi.survey isMain=true sdk=36
2026-09-15T17:23:05.296Z D/SurveyApp [main] CrashCapture installed: where=SurveyApp:onCreate(rewrap)
2026-09-15T17:23:05.296Z D/SurveyApp [main] CrashCapture self-healing registered.
2026-09-15T17:23:05.296Z W/SurveyApp [main] Startup enqueues deferred: delay=2500ms (to reduce init contention)
2026-09-15T17:23:05.296Z D/SurveyApp [main] bootTiming: onCreate total=1ms
2026-09-15T17:23:07.797Z W/SurveyApp [main] Deferred startup enqueues begin...
2026-09-15T17:23:07.807Z D/SurveyApp [main] WorkManager available. where=startupRtLogs(immediate) took=10ms
2026-09-15T17:23:07.811Z D/SurveyApp [main] Startup runtime logs target -> owner=ishizuki-tech repo=SurveyExports branch=main base='/diagnostics/runtime_logs'
2026-09-15T17:23:07.813Z D/SurveyApp [main] Startup runtime logs: enqueue requested (immediate).
2026-09-15T17:23:07.813Z D/SurveyApp [main] WorkManager available. where=startupRingLogs(immediate) took=0ms
2026-09-15T17:23:07.813Z D/SurveyApp [main] Startup ring logs target -> owner=ishizuki-tech repo=SurveyExports branch=main base='/diagnostics/applog_ring'
2026-09-15T17:23:07.814Z D/SurveyApp [main] Startup ring logs: enqueue requested (immediate).
2026-09-15T17:23:07.814Z D/SurveyApp [main] WorkManager available. where=enqueuePending(immediate) took=0ms
2026-09-15T17:23:07.814Z D/SurveyApp [main] CrashCapture pending uploads requested (immediate).
2026-09-15T17:23:07.814Z W/SurveyApp [main] Deferred startup enqueues done: took=17ms
2026-09-15T17:23:09.126Z I/RuntimeLogStore [DefaultDispatcher-worker-10] start repair: ctx/dir refreshed
