=== Previous Session Logcat ===
captured_time_utc=20260928_230800
captured_time_local=20260928_180800
marker=2026-09-28 18:07:02.743
preferred_prev_pid=-1
note=best-effort; buffers may be overwritten before next start
sdk=36
device=samsung SM-S731U
appId=com.negi.survey
versionName=0.0.1
versionCode=1

=== Logcat (since marker) ===
--------- beginning of main
09-28 18:07:57.669 22443 22443 I Zygote  : Process 22443 created for com.negi.survey
09-28 18:07:57.669 22443 22443 I com.negi.survey: Late-enabling -Xcheck:jni
09-28 18:07:57.687 22443 22443 I com.negi.survey: Using CollectorTypeCMC GC.
09-28 18:07:57.696 22443 22443 D nativeloader: Load libframework-connectivity-tiramisu-jni.so using APEX ns com_android_tethering for caller /apex/com.android.tethering/javalib/framework-connectivity-t.jar: ok
09-28 18:07:57.700 22443 22443 D ActivityThread: setConscryptValidator
09-28 18:07:57.700 22443 22443 D ActivityThread: setConscryptValidator - put
09-28 18:07:57.718 22443 22443 D ApplicationLoaders: Returning zygote-cached class loader: /system_ext/framework/androidx.window.extensions.jar
09-28 18:07:57.718 22443 22443 D ApplicationLoaders: Returning zygote-cached class loader: /system_ext/framework/androidx.window.sidecar.jar
09-28 18:07:58.027 22443 22443 D nativeloader: Configuring clns-9 for other apk /data/app/~~2Az2UCCH-MT6Zp2xun0LYA==/com.negi.survey-kN5p9H8TSmd8ex9OrMWOtg==/base.apk. target_sdk_version=36, uses_libraries=libOpenCL.so, library_path=/data/app/~~2Az2UCCH-MT6Zp2xun0LYA==/com.negi.survey-kN5p9H8TSmd8ex9OrMWOtg==/lib/arm64:/data/app/~~2Az2UCCH-MT6Zp2xun0LYA==/com.negi.survey-kN5p9H8TSmd8ex9OrMWOtg==/base.apk!/lib/arm64-v8a, permitted_path=/data:/mnt/expand:/data/user/0/com.negi.survey
09-28 18:07:58.031 22443 22443 V GraphicsEnvironment: Currently set values for:
09-28 18:07:58.031 22443 22443 V GraphicsEnvironment:   angle_gl_driver_selection_pkgs=[]
09-28 18:07:58.031 22443 22443 V GraphicsEnvironment:   angle_gl_driver_selection_values=[]
09-28 18:07:58.031 22443 22443 V GraphicsEnvironment: com.negi.survey is not listed in per-application setting
09-28 18:07:58.031 22443 22443 V GraphicsEnvironment: ANGLE allowlist from config: com.dreamgames.royalmatch com.dts.freefiremax com.dxx.firenow com.gramgames.mergedragons com.ludo.king com.mojang.minecraftpe com.my.defense com.nintendo.zaka com.os.airforce com.playrix.fishdomdd.gplay io.teslatech.callbreak jp.konami.prospia net.peakgames.toonblast
09-28 18:07:58.031 22443 22443 V GraphicsEnvironment: No special selections for ANGLE, returning default driver choice
09-28 18:07:58.031 22443 22443 V GraphicsEnvironment: Neither updatable production driver nor prerelease driver is supported.
09-28 18:07:58.081 22443 22443 D nativeloader: Load /data/app/~~2Az2UCCH-MT6Zp2xun0LYA==/com.negi.survey-kN5p9H8TSmd8ex9OrMWOtg==/base.apk!/lib/arm64-v8a/liblitertlm_jni.so using class loader ns clns-9 (caller=/data/app/~~2Az2UCCH-MT6Zp2xun0LYA==/com.negi.survey-kN5p9H8TSmd8ex9OrMWOtg==/base.apk!classes10.dex): ok
09-28 18:07:58.081 22443 22443 D SurveyApp: Loaded LiteRTLM JNI: litertlm_jni where=attachBaseContext
09-28 18:07:58.093 22443 22443 D AppRingLogStore: installed: dir=/data/user/0/com.negi.survey/files/diagnostics/applog_ring idx=0
09-28 18:07:58.093 22443 22443 D SurveyApp: attachBaseContext: pid=22443 process=com.negi.survey isMain=true sdk=36
09-28 18:07:58.093 22443 22443 D SurveyApp: bootTiming: attachBaseContext total=44ms
09-28 18:07:58.094 22443 22443 D SurveyApp: Skipping WorkManager init in attachBaseContext; will init lazily on first enqueue.
09-28 18:07:58.096 22443 22443 D CrashCapture: install: ensured default handler. where=SurveyApp:attachBaseContext pid=22443 default=com.negi.survey.CrashCapture$CrashHandler@1a1b692
09-28 18:07:58.096 22443 22443 D SurveyApp: CrashCapture installed: where=SurveyApp:attachBaseContext
09-28 18:07:58.097 22443 22463 D RuntimeLogStore: openWriter: start -> /data/user/0/com.negi.survey/files/diagnostics/runtime_logs/rtlog_20260928_230758_087_pid22443_seq1.log (bytes=0 format=LEGACY)
09-28 18:07:58.099 22443 22463 D RuntimeLogStore: retention: start files=2 kept=2 totalBytes=1745
09-28 18:07:58.101 22443 22443 E com.negi.survey: hiddenapi: Accessing hidden method Landroid/net/ssl/EchConfigMismatchException;->getRetryConfigList()Landroid/net/ssl/EchConfigList; (runtime_flags=0, domain=core-platform, api=blocked) from /data/app/~~2Az2UCCH-MT6Zp2xun0LYA==/com.negi.survey-kN5p9H8TSmd8ex9OrMWOtg==/base.apk!classes17.dex (domain=app, TargetSdkVersion=36) using linking: denied
09-28 18:07:58.101 22443 22443 E com.negi.survey: hiddenapi: Accessing hidden method Landroid/net/ssl/EchConfigList;->toBytes()[B (runtime_flags=0, domain=core-platform, api=blocked) from /data/app/~~2Az2UCCH-MT6Zp2xun0LYA==/com.negi.survey-kN5p9H8TSmd8ex9OrMWOtg==/base.apk!classes17.dex (domain=app, TargetSdkVersion=36) using linking: denied
09-28 18:07:58.101 22443 22443 E com.negi.survey: hiddenapi: Accessing hidden method Landroid/net/ssl/EchConfigList;->fromBytes([B)Landroid/net/ssl/EchConfigList; (runtime_flags=0, domain=core-platform, api=blocked) from /data/app/~~2Az2UCCH-MT6Zp2xun0LYA==/com.negi.survey-kN5p9H8TSmd8ex9OrMWOtg==/base.apk!classes17.dex (domain=app, TargetSdkVersion=36) using linking: denied
09-28 18:07:58.101 22443 22443 E com.negi.survey: hiddenapi: Accessing hidden method Landroid/net/ssl/SSLSockets;->setEchConfigList(Ljavax/net/ssl/SSLSocket;Landroid/net/ssl/EchConfigList;)V (runtime_flags=0, domain=core-platform, api=blocked) from /data/app/~~2Az2UCCH-MT6Zp2xun0LYA==/com.negi.survey-kN5p9H8TSmd8ex9OrMWOtg==/base.apk!classes17.dex (domain=app, TargetSdkVersion=36) using linking: denied
09-28 18:07:58.107 22443 22443 D SurveyApp: LiteRTLM JNI already loaded; skip. where=onCreate(retry)
09-28 18:07:58.107 22443 22443 D SurveyApp: bootTiming: RuntimeLogStore.start took=0ms
09-28 18:07:58.107 22443 22443 D SurveyApp: bootTiming: AppRingLogStore.install took=0ms
09-28 18:07:58.107 22443 22443 D SurveyApp: onCreate: pid=22443 process=com.negi.survey isMain=true sdk=36
09-28 18:07:58.111 22443 22443 D CrashCapture: install: ensured default handler. where=SurveyApp:onCreate(rewrap) pid=22443 default=com.negi.survey.CrashCapture$CrashHandler@1a1b692
09-28 18:07:58.111 22443 22443 D SurveyApp: CrashCapture installed: where=SurveyApp:onCreate(rewrap)
09-28 18:07:58.111 22443 22443 D CrashCapture: registerSelfHealing: ActivityLifecycleCallbacks registered. mode=onResumedOnly
09-28 18:07:58.111 22443 22443 D SurveyApp: CrashCapture self-healing registered.
09-28 18:07:58.111 22443 22443 W SurveyApp: Startup enqueues deferred: delay=2500ms (to reduce init contention)
09-28 18:07:58.111 22443 22443 D SurveyApp: Startup survey recovery deferred: delay=2500ms
09-28 18:07:58.111 22443 22443 D SurveyApp: bootTiming: onCreate total=5ms
--------- beginning of system
09-28 18:07:58.117 22443 22443 D ActivityThread: com.negi.survey will use render engine as VK
09-28 18:07:58.117 22443 22443 D HWUI    : HWUI - treat SMPTE_170M as sRGB
09-28 18:07:58.118 22443 22468 I DisplayManager: Choreographer implicitly registered for the refresh rate.
09-28 18:07:58.119 22443 22468 D HWUI    : CacheManager constructor. deviceInfo=(1080, 1920)
09-28 18:07:58.119 22443 22468 D vulkan  : searching for layers in '/data/app/~~2Az2UCCH-MT6Zp2xun0LYA==/com.negi.survey-kN5p9H8TSmd8ex9OrMWOtg==/lib/arm64'
09-28 18:07:58.119 22443 22468 D vulkan  : searching for layers in '/data/app/~~2Az2UCCH-MT6Zp2xun0LYA==/com.negi.survey-kN5p9H8TSmd8ex9OrMWOtg==/base.apk!/lib/arm64-v8a'
09-28 18:07:58.119 22443 22468 V XGL     : ----------------------------------------------------------------------
09-28 18:07:58.119 22443 22468 V XGL     : SUMD version compiled date     = 2026-01-09 09:57 - KST
09-28 18:07:58.119 22443 22468 V XGL     : SUMD version revision number   = 1900168dcb
09-28 18:07:58.119 22443 22468 V XGL     : SUMD version info              = Driver version: 24.0.534, git hash: 1900168dcb
09-28 18:07:58.119 22443 22468 V XGL     : ----------------------------------------------------------------------
09-28 18:07:58.119 22443 22468 V XGL     : Entering: Create
09-28 18:07:58.123 22443 22465 I UploadRescheduleRcvr: Survey recovery action=android.intent.action.BOOT_COMPLETED discovered=0 reconciled=0 duplicates=0 unclassified=0 operationalFailures=0 classifications={}
09-28 18:07:58.123 22443 22465 D UploadRescheduleRcvr: No generic GitHub pending files for action=android.intent.action.BOOT_COMPLETED
09-28 18:07:58.125 22443 22468 V XGL     : Exiting: Create
09-28 18:07:58.126 22443 22443 D DesktopExperienceFlags: Toggle override initialized to: false
09-28 18:07:58.129 22443 22443 E ashmem  : Pinning is deprecated since Android Q. Please use trim or other methods.
09-28 18:07:58.135 22443 22443 D CompatChangeReporter: Compat change id reported: 377864165; UID 10350; state: ENABLED
09-28 18:07:58.135 22443 22443 D DesktopModeFlags: Toggle override initialized to: OVERRIDE_UNSET
09-28 18:07:58.135 22443 22465 D github_upload: enqueueStartupRuntimeLogsUpload: uniqueName=upload_runtime_logs_startup policy=KEEP session=startup_runtime_20260928_230758_3bac3d8b
09-28 18:07:58.136 22443 22443 I DecorView: setWindowBackground: isPopOver=false color=fffafafa d=android.graphics.drawable.ColorDrawable@7a414a
09-28 18:07:58.137 22443 22443 D PhoneWindow: forceLight changed to false [] from com.android.internal.policy.PhoneWindow.updateForceLightNavigationBar:663 com.android.internal.policy.PhoneWindow.setNavigationBarColor:4435 androidx.activity.EdgeToEdgeApi35.setUp:353 androidx.activity.EdgeToEdge.enableEdgeToEdge$lambda$1:101 androidx.activity.EdgeToEdge$$ExternalSyntheticLambda0.run:0 
09-28 18:07:58.147 22443 22443 D CrashCapture: install: ensured default handler. where=selfHeal:onActivityResumed pid=22443 default=com.negi.survey.CrashCapture$CrashHandler@1a1b692
09-28 18:07:58.154 22443 22443 D ViewRootImpl: desktopMode is false
09-28 18:07:58.154 22443 22443 I ViewRootImpl: dVRR is disabled
09-28 18:07:58.155 22443 22443 D HardwareRenderer: onDisplayChanged. displayId=0 current wxh=1080x2340 mLargest wxh=0x0
09-28 18:07:58.155 22443 22443 D HardwareRenderer: Set largestWidth and largestHeight as logical resolution. (1080x2340)
09-28 18:07:58.155 22443 22468 D HWUI    : setMaxSurfaceArea requested wxh=(1080,2340) requestedSurfaceArea(2527200) mMaxSurfaceArea(2073600)
09-28 18:07:58.155 22443 22468 D NativeCustomFrequencyManager: [NativeCFMS] BpCustomFrequencyManager::BpCustomFrequencyManager()
09-28 18:07:58.156 22443 22477 I com.negi.survey: [HIDL_FETCH_IMapper] android.hardware.graphics.mapper@4.0: Loaded Mapper successfully.
09-28 18:07:58.159 22443 22443 D InputTransport: Input channel constructed: '7e6e32 ', fd=113
09-28 18:07:58.159 22443 22465 D WM-PackageManagerHelper: Skipping component enablement for androidx.work.impl.background.systemjob.SystemJobService
09-28 18:07:58.159 22443 22465 D WM-Schedulers: Created SystemJobScheduler and enabled SystemJobService
09-28 18:07:58.159 22443 22443 I InsetsController: onStateChanged: host=com.negi.survey/com.negi.survey.MainActivity, from=android.view.ViewRootImpl.onInsetsStateChanged:3038, state=InsetsState: {mDisplayFrame=Rect(0, 0 - 1080, 2340), mDisplayCutout=DisplayCutout{insets=Rect(0, 82 - 0, 0) waterfall=Insets{left=0, top=0, right=0, bottom=0} boundingRect={Bounds=[Rect(0, 0 - 0, 0), Rect(511, 24 - 569, 82), Rect(0, 0 - 0, 0), Rect(0, 0 - 0, 0)]} cutoutPathParserInfo={CutoutPathParserInfo{displayWidth=1080 displayHeight=2340 physicalDisplayWidth=1080 physicalDisplayHeight=2340 density={2.8125} cutoutSpec={M 0,0 M 0, 8.533333333333333 a 10.31111111111111,10.31111111111111 0 1,0 0,20.62222222222222 a 10.31111111111111,10.31111111111111 0 1,0 0,-20.62222222222222 Z @dp} rotation={0} scale={1.0} physicalPixelDisplaySizeRatio={1.0}}} sideOverrides={}}, mRoundedCorners=RoundedCorners{[RoundedCorner{position=TopLeft, radius=113, center=Point(113, 113)}, RoundedCorner{position=TopRight, radius=113, center=Point(967, 113)}, RoundedCorner{position=BottomRight, radius=113, center=Point(967, 2227)}, RoundedCorner{position=BottomLeft, radius=113, center=Point(113, 2227)}]}  mRoundedCornerFrame=Rect(0, 0 - 1080, 2340), mPrivacyIndicatorBounds=PrivacyIndicatorBounds {static bounds=Rect(956, 0 - 1080, 97) rotation=0}, mDisplayShape=DisplayShape{ spec=-311912193 displayWidth=1080 displayHeight=2340 physicalPixelDisplaySizeRatio=1.0 rotation=0 offsetX=0 offsetY=0 scale=1.0}, mSources= { InsetsSource: {dc020001 mType=navigationBars mFrame=[0,2205][1080,2340] mAttachedInsets=null mVisible=true mFlags= mSideHint=BOTTOM mBoundingRects=null}, InsetsSource: {dc020004 mType=systemGestures mFrame=[0,0][0,0] mAttachedInsets=null mVisible=true mFlags= mSideHint=NONE mBoundingRects=null}, InsetsSource: {dc020005 mType=mandatorySystemGestures mFrame=[0,2205][1080,2340] mAttachedInsets=null mVisible=true mFlags= mSideHint=BOTTOM mBoundingRects=null}, InsetsSource: {dc020006 mType=tappableElement mFrame=[0,2205][1080,2340] mAttachedInsets=null mVisible=true mFlags= mSideHint=BOTTOM mBoundingRects=null}, InsetsSource: {dc020024 mType=systemGestures mFrame=[0,0][0,0] mAttachedInsets=null mVisible=true mFlags= mSideHint=NONE mBoundingRects=null}, InsetsSource: {3 mType=ime mFrame=[0,0][0,0] mAttachedInsets=null mVisible=false mFlags=INVALID mSideHint=NONE mBoundingRects=null}, InsetsSource: {27 mType=displayCutout mFrame=[0,0][1080,82] mAttachedInsets=null mVisible=true mFlags= mSideHint=TOP mBoundingRects=null}, InsetsSource: {23ca0000 mType=statusBars mFrame=[0,0][1080,97] mAttachedInsets=null mVisible=true mFlags= mSideHint=TOP mBoundingRects=null}, InsetsSource: {23ca0005 mType=mandatorySystemGestures mFrame=[0,0][1080,116] mAttachedInsets=null mVisible=true mFlags= mSideHint=TOP mBoundingRects=null}, InsetsSource: {23ca0006 mType=tappableElement mFrame=[0,0][1080,97] mAttachedInsets=null mVisible=true mFlags= mSideHint=TOP mBoundingRects=null} }
09-28 18:07:58.160 22443 22443 I VRI[MainActivity]@a01145a: synced displayState. AttachInfo displayState=2
09-28 18:07:58.160 22443 22443 I VRI[MainActivity]@a01145a: setView = com.android.internal.policy.DecorView@7e24075 IsHRR=false mFlingFrameRateChange=0 TM=true
09-28 18:07:58.160 22443 22443 I IDS_TAG : Starting IDS observe window
09-28 18:07:58.161 22443 22443 I IDS_TAG : Getting Shared Preference for com.negi.survey.SurveyApp@dfce324 uid = 10350
09-28 18:07:58.161 22443 22481 D WM-ForceStopRunnable: Is default app process = true
09-28 18:07:58.162 22443 22481 D WM-ForceStopRunnable: Performing cleanup operations.
09-28 18:07:58.162 22443 22443 I IDS_TAG : App com.negi.survey.SurveyApp@dfce324 has not finished training
09-28 18:07:58.162 22443 22468 D HWUI    : HWUI - treat SMPTE_170M as sRGB
09-28 18:07:58.162 22443 22443 I IDS_TAG : Closing IDS observe window
09-28 18:07:58.162 22443 22443 I IDS_TAG : Getting Shared Preference for com.negi.survey.SurveyApp@dfce324 uid = 10350
09-28 18:07:58.162 22443 22443 I IDS_TAG : IDS count updated to 2 for com.negi.survey.SurveyApp@dfce324
09-28 18:07:58.163 22443 22443 D WindowOnBackDispatcher: setTopOnBackInvokedCallback (unwrapped): android.app.Activity$$ExternalSyntheticLambda0@3236ef1
09-28 18:07:58.166 22443 22465 D UploadRescheduleRcvr: Enqueued runtime logs upload for action=android.intent.action.BOOT_COMPLETED reason=receiver_boot_completed
09-28 18:07:58.181 22443 22481 D WM-ForceStopRunnable: Application was force-stopped, rescheduling.
09-28 18:07:58.208 22443 22485 D WM-SystemJobScheduler: Scheduling work ID f37882bd-5af9-48a0-bb86-c8df476bacb3Job ID 4
09-28 18:07:58.211 22443 22485 D WM-GreedyScheduler: Starting tracking for f37882bd-5af9-48a0-bb86-c8df476bacb3
09-28 18:07:58.221 22443 22486 D WM-WorkConstraintsTrack: NetworkRequestConstraintController register shared callback
09-28 18:07:58.222 22443 22486 D ConnectivityManager: StackLog: [android.net.ConnectivityManager.sendRequestForNetwork(ConnectivityManager.java:4738)] [android.net.ConnectivityManager.registerDefaultNetworkCallbackForUid(ConnectivityManager.java:5463)] [android.net.ConnectivityManager.registerDefaultNetworkCallback(ConnectivityManager.java:5430)] [android.net.ConnectivityManager.registerDefaultNetworkCallback(ConnectivityManager.java:5404)] [androidx.work.impl.constraints.SharedNetworkCallback.addCallback(WorkConstraintsTracker.kt:362)] [androidx.work.impl.constraints.NetworkRequestConstraintController$track$1.invokeSuspend(WorkConstraintsTracker.kt:179)] [androidx.work.impl.constraints.NetworkRequestConstraintController$track$1.invoke(Unknown Source:8)] [androidx.work.impl.constraints.NetworkRequestConstraintController$track$1.invoke(Unknown Source:4)] [kotlinx.coroutines.flow.ChannelFlowBuilder.collectTo$suspendImpl(Builders.kt:316)] [kotlinx.coroutines.flow.ChannelFlowBuilder.collectTo(Unknown Source:0)] [kotlinx.coroutines.flow.CallbackFlowBuilder.collectTo(Builders.kt:330)] [kotlinx.coroutines.flow.internal.ChannelFlow$collectToFun$1.invokeSuspend(ChannelFlow.kt:56)] [kotlin.coroutines.jvm.internal.BaseContinuationImpl.resumeWith(ContinuationImpl.kt:34)] [kotlinx.coroutines.DispatchedTask.run(DispatchedTask.kt:100)] [androidx.work.impl.utils.SerialExecutorImpl$Task.run(SerialExecutorImpl.java:96)] [java.util.concurrent.ThreadPoolExecutor.runWorker(ThreadPoolExecutor.java:1154)] [java.util.concurrent.ThreadPoolExecutor$Worker.run(ThreadPoolExecutor.java:652)] [java.lang.Thread.run(Thread.java:1563)]
09-28 18:07:58.225 22443 22486 D WM-PackageManagerHelper: androidx.work.impl.background.systemalarm.RescheduleReceiver enabled
09-28 18:07:58.225 22443 22487 D WM-WorkConstraintsTrack: NetworkRequestConstraintController onCapabilitiesChanged callback
09-28 18:07:58.225 22443 22487 D WM-WorkConstraintsTrack: Not dispatching constraint state yet: isBlocked=null, capabilitiesInitialized=true
09-28 18:07:58.225 22443 22487 D WM-WorkConstraintsTrack: NetworkRequestConstraintController onBlockedStatusChanged callback false
09-28 18:07:58.226 22443 22485 D WM-GreedyScheduler: Constraints met: Scheduling work ID WorkGenerationalId(workSpecId=f37882bd-5af9-48a0-bb86-c8df476bacb3, generation=0)
09-28 18:07:58.232 22443 22485 D WM-Processor: Processor: processing WorkGenerationalId(workSpecId=f37882bd-5af9-48a0-bb86-c8df476bacb3, generation=0)
09-28 18:07:58.263 22443 22484 I com.negi.survey: hiddenapi: Accessing hidden method Landroid/database/sqlite/SQLiteDatabase;->getThreadSession()Landroid/database/sqlite/SQLiteSession; (runtime_flags=0, domain=platform, api=unsupported) from Landroidx/sqlite/db/framework/FrameworkSQLiteDatabase; (domain=app, TargetSdkVersion=36) using reflection: allowed
09-28 18:07:58.263 22443 22484 I com.negi.survey: hiddenapi: Accessing hidden method Landroid/database/sqlite/SQLiteSession;->beginTransaction(ILandroid/database/sqlite/SQLiteTransactionListener;ILandroid/os/CancellationSignal;)V (runtime_flags=0, domain=platform, api=unsupported) from Landroidx/sqlite/db/framework/FrameworkSQLiteDatabase; (domain=app, TargetSdkVersion=36) using reflection: allowed
09-28 18:07:58.308 22443 22443 D VRI[MainActivity]@a01145a: WindowInsets changed: 1080x2340 statusBars:[0,97,0,0] navigationBars:[0,0,0,135] mandatorySystemGestures:[0,116,0,135] 
09-28 18:07:58.318 22443 22443 I HWUI    : Using FreeType backend (prop=Auto)
09-28 18:07:58.333 22443 22443 W libc    : Access denied finding property "vendor.perf.ems.egg"
09-28 18:07:58.333 22443 22443 I BLASTBufferQueue_Java: new BLASTBufferQueue, mName= VRI[MainActivity]@a01145a mNativeObject= 0xb400007887f96750 caller= android.view.ViewRootImpl.updateBlastSurfaceIfNeeded:3603 android.view.ViewRootImpl.relayoutWindow:11813 android.view.ViewRootImpl.performTraversals:4840 android.view.ViewRootImpl.doTraversal:3959 android.view.ViewRootImpl$TraversalRunnable.run:13034 android.view.Choreographer$CallbackRecord.run:1961 android.view.Choreographer$CallbackRecord.run:1970 android.view.Choreographer.doCallbacks:1423 android.view.Choreographer.doFrame:1348 android.view.Choreographer$FrameDisplayEventReceiver.run:1930 
09-28 18:07:58.334 22443 22443 I BLASTBufferQueue_Java: update, w= 1080 h= 2340 mName = VRI[MainActivity]@a01145a mNativeObject= 0xb400007887f96750 sc.mNativeObject= 0xb400007937f2a790 format= -1 caller= android.view.ViewRootImpl.updateBlastSurfaceIfNeeded:3608 android.view.ViewRootImpl.relayoutWindow:11813 android.view.ViewRootImpl.performTraversals:4840 android.view.ViewRootImpl.doTraversal:3959 android.view.ViewRootImpl$TraversalRunnable.run:13034 android.view.Choreographer$CallbackRecord.run:1961 
09-28 18:07:58.334 22443 22443 W libc    : Access denied finding property "vendor.perf.ems.egg"
09-28 18:07:58.334 22443 22443 I VRI[MainActivity]@a01145a: Relayout returned: old=(0,0,1080,2340) new=(0,0,1080,2340) relayoutAsync=false req=(1080,2340)0 dur=3 res=0x3 s={true 0xb4000078c7f50a40} ch=true seqId=0
09-28 18:07:58.334 22443 22443 I VRI[MainActivity]@a01145a: performConfigurationChange setNightDimText nightDimLevel=0
09-28 18:07:58.337 22443 22443 D VRI[MainActivity]@a01145a: mThreadedRenderer.initialize() mSurface={isValid=true 0xb4000078c7f50a40} hwInitialized=true
09-28 18:07:58.349 22443 22443 D VRI[MainActivity]@a01145a: reportNextDraw android.view.ViewRootImpl.performTraversals:5507 android.view.ViewRootImpl.doTraversal:3959 android.view.ViewRootImpl$TraversalRunnable.run:13034 android.view.Choreographer$CallbackRecord.run:1961 android.view.Choreographer$CallbackRecord.run:1970 
09-28 18:07:58.349 22443 22443 D VRI[MainActivity]@a01145a: Setup new sync=wmsSync-VRI[MainActivity]@a01145a#0
09-28 18:07:58.349 22443 22443 I VRI[MainActivity]@a01145a: Creating new active sync group VRI[MainActivity]@a01145a#1
09-28 18:07:58.350 22443 22443 D VRI[MainActivity]@a01145a: registerCallbacksForSync syncBuffer=false
09-28 18:07:58.356 22443 22443 I View    : setRequestedFrameRate frameRate=-4.0, this=android.view.View{20eee23 V.ED..... ......I. 0,0-0,0}, caller=androidx.compose.ui.platform.Api35Impl.setRequestedFrameRate:4047 androidx.compose.ui.platform.AndroidComposeView.dispatchDraw:2282 android.view.View.draw:26758 android.view.View.updateDisplayListIfDirty:25577 android.view.View.draw:26477 
09-28 18:07:58.356 22443 22478 D VRI[MainActivity]@a01145a: Received frameDrawingCallback syncResult=0 frameNum=1.
09-28 18:07:58.357 22443 22478 I VRI[MainActivity]@a01145a: mWNT: t=0xb4000078d7f4d190 mBlastBufferQueue=0xb400007887f96750 fn= 1 HdrRenderState mRenderHdrSdrRatio=1.0 caller= android.view.ViewRootImpl$12.onFrameDraw:15561 android.view.ThreadedRenderer$1.onFrameDraw:751 <bottom of call stack> 
09-28 18:07:58.357 22443 22478 I VRI[MainActivity]@a01145a: Setting up sync and frameCommitCallback
09-28 18:07:58.368 22443 22468 I BLASTBufferQueue: [VRI[MainActivity]@a01145a#0](f:0,a:0,s:0) onFrameAvailable the first frame is available
09-28 18:07:58.368 22443 22468 I VRI[MainActivity]@a01145a: Received frameCommittedCallback lastAttemptedDrawFrameNum=1 didProduceBuffer=true
09-28 18:07:58.369 22443 22468 D HWUI    : CFMS:: SetUp Pid : 22443    Tid : 22468
09-28 18:07:58.369 22443 22443 D VRI[MainActivity]@a01145a: reportDrawFinished seqId=0
09-28 18:07:58.369 22443 22443 I com.negi.survey: hiddenapi: Accessing hidden method Landroid/os/SystemProperties;->addChangeCallback(Ljava/lang/Runnable;)V (runtime_flags=0, domain=platform, api=unsupported) from Landroidx/compose/ui/platform/AndroidComposeView$Companion; (domain=app, TargetSdkVersion=36) using reflection: allowed
09-28 18:07:58.375 22443 22443 D WM-WorkerWrapper: Starting work for com.negi.survey.net.GitHubUploadWorker
09-28 18:07:58.375 22443 22443 I InsetsSourceConsumer: applyRequestedVisibilityToControl: visible=true, type=statusBars, host=com.negi.survey/com.negi.survey.MainActivity
09-28 18:07:58.376 22443 22443 I InsetsSourceConsumer: applyRequestedVisibilityToControl: visible=true, type=navigationBars, host=com.negi.survey/com.negi.survey.MainActivity
09-28 18:07:58.377 22443 22443 D WM-SystemJobService: onStartJob for WorkGenerationalId(workSpecId=f37882bd-5af9-48a0-bb86-c8df476bacb3, generation=0)
09-28 18:07:58.380 22443 22481 D WM-Processor: Work WorkGenerationalId(workSpecId=f37882bd-5af9-48a0-bb86-c8df476bacb3, generation=0) is already enqueued for processing
09-28 18:07:58.383 22443 22443 I View    : setRequestedFrameRate frameRate=NaN, this=android.view.View{20eee23 V.ED..... ........ 0,0-0,0}, caller=androidx.compose.ui.platform.Api35Impl.setRequestedFrameRate:4047 androidx.compose.ui.platform.AndroidComposeView.dispatchDraw:2282 android.view.View.draw:26758 android.view.View.updateDisplayListIfDirty:25577 android.view.ViewGroup.recreateChildDisplayList:4881 
09-28 18:07:58.384 22443 22481 I WM-Processor: Moving WorkSpec (f37882bd-5af9-48a0-bb86-c8df476bacb3) to the foreground
09-28 18:07:58.391 22443 22443 D VRI[MainActivity]@a01145a: mThreadedRenderer.initializeIfNeeded()#2 mSurface={isValid=true 0xb4000078c7f50a40}
09-28 18:07:58.392 22443 22443 D InputMethodManagerUtils: startInputInner - Id : 0
09-28 18:07:58.392 22443 22443 I InputMethodManager: startInputInner - IInputMethodManagerGlobalInvoker.startInputOrWindowGainedFocus
09-28 18:07:58.400 22443 22443 D InsetsController: hide(ime())
09-28 18:07:58.400 22443 22443 I ImeTracker: com.negi.survey:a90b8a60: onCancelled at PHASE_CLIENT_ALREADY_HIDDEN
09-28 18:07:58.401 22443 22443 I WM-SystemFgDispatcher: Started foreground service Intent { act=ACTION_START_FOREGROUND xflg=0x4 cmp=com.negi.survey/androidx.work.impl.foreground.SystemForegroundService (has extras) }
09-28 18:07:58.401 22443 22443 D WM-SystemFgDispatcher: Notifying with (id:5681, workSpecId: f37882bd-5af9-48a0-bb86-c8df476bacb3, notificationType :1)
09-28 18:07:58.409 22443 22495 D InputTransport: Input channel constructed: 'ClientS', fd=150
09-28 18:07:58.409 22443 22443 D WM-SystemFgDispatcher: Notifying with (id:5681, workSpecId: f37882bd-5af9-48a0-bb86-c8df476bacb3, notificationType :1)
09-28 18:07:58.410 22443 22443 I NotificationManager: com.negi.survey: notify(5681, null, Notification(channel=uploads shortcut=null contentView=null vibrate=null sound=null defaults=0 flags=ONGOING_EVENT|ONLY_ALERT_ONCE color=0x00000000 category=progress vis=PRIVATE semFlags=0x0 semPriority=0 semMissedCount=0 semScenarioType=0)) as user
09-28 18:07:58.410 22443 22443 D NotificationManager: BOOTING pkg =com.negi.survey mBlockedChannelsForOverflowNoti=[]
09-28 18:07:58.416 22443 22481 D WM-WorkProgressUpdater: Updating progress for f37882bd-5af9-48a0-bb86-c8df476bacb3 (Data {pct : 3, mode : startup_runtime_logs})
09-28 18:07:58.436 22443 22452 I com.negi.survey: Compiler allocated 5214KB to compile void android.view.ViewRootImpl.performTraversals()
09-28 18:07:58.437 22443 22481 I WM-Processor: Moving WorkSpec (f37882bd-5af9-48a0-bb86-c8df476bacb3) to the foreground
09-28 18:07:58.442 22443 22443 D WM-SystemFgDispatcher: Notifying with (id:5681, workSpecId: f37882bd-5af9-48a0-bb86-c8df476bacb3, notificationType :1)
09-28 18:07:58.442 22443 22443 I NotificationManager: com.negi.survey: notify(5681, null, Notification(channel=uploads shortcut=null contentView=null vibrate=null sound=null defaults=0 flags=ONGOING_EVENT|ONLY_ALERT_ONCE color=0x00000000 category=progress vis=PRIVATE semFlags=0x0 semPriority=0 semMissedCount=0 semScenarioType=0)) as user
09-28 18:07:58.444 22443 22485 D WM-WorkConstraintsTrack: NetworkRequestConstraintController send initial capabilities
09-28 18:07:58.609 22443 22443 D IntroScreen: Resolved config details: id=survey_config10.yaml in 238ms
09-28 18:07:58.629 22443 22443 I View    : setRequestedFrameRate frameRate=-4.0, this=android.view.View{20eee23 V.ED..... ........ 0,0-0,0}, caller=androidx.compose.ui.platform.Api35Impl.setRequestedFrameRate:4047 androidx.compose.ui.platform.AndroidComposeView.dispatchDraw:2282 android.view.View.draw:26758 android.view.View.updateDisplayListIfDirty:25577 android.view.ViewGroup.recreateChildDisplayList:4881 
09-28 18:07:58.948 22443 22443 I View    : setRequestedFrameRate frameRate=NaN, this=android.view.View{20eee23 V.ED..... ........ 0,0-0,0}, caller=androidx.compose.ui.platform.Api35Impl.setRequestedFrameRate:4047 androidx.compose.ui.platform.AndroidComposeView.dispatchDraw:2282 android.view.View.draw:26758 android.view.View.updateDisplayListIfDirty:25577 android.view.ViewGroup.recreateChildDisplayList:4881 
09-28 18:07:58.962 22443 22443 I View    : setRequestedFrameRate frameRate=-4.0, this=android.view.View{20eee23 V.ED..... ........ 0,0-0,0}, caller=androidx.compose.ui.platform.Api35Impl.setRequestedFrameRate:4047 androidx.compose.ui.platform.AndroidComposeView.dispatchDraw:2282 android.view.View.draw:26758 android.view.View.updateDisplayListIfDirty:25577 android.view.ViewGroup.recreateChildDisplayList:4881 
09-28 18:07:58.965 22443 22443 I View    : setRequestedFrameRate frameRate=NaN, this=android.view.View{20eee23 V.ED..... ........ 0,0-0,0}, caller=androidx.compose.ui.platform.Api35Impl.setRequestedFrameRate:4047 androidx.compose.ui.platform.AndroidComposeView.dispatchDraw:2282 android.view.View.draw:26758 android.view.View.updateDisplayListIfDirty:25577 android.view.ViewGroup.recreateChildDisplayList:4881 
09-28 18:07:58.977 22443 22443 I View    : setRequestedFrameRate frameRate=-4.0, this=android.view.View{20eee23 V.ED..... ........ 0,0-0,0}, caller=androidx.compose.ui.platform.Api35Impl.setRequestedFrameRate:4047 androidx.compose.ui.platform.AndroidComposeView.dispatchDraw:2282 android.view.View.draw:26758 android.view.View.updateDisplayListIfDirty:25577 android.view.ViewGroup.recreateChildDisplayList:4881 
09-28 18:07:58.981 22443 22443 I View    : setRequestedFrameRate frameRate=NaN, this=android.view.View{20eee23 V.ED..... ........ 0,0-0,0}, caller=androidx.compose.ui.platform.Api35Impl.setRequestedFrameRate:4047 androidx.compose.ui.platform.AndroidComposeView.dispatchDraw:2282 android.view.View.draw:26758 android.view.View.updateDisplayListIfDirty:25577 android.view.ViewGroup.recreateChildDisplayList:4881 
09-28 18:07:59.018 22443 22443 I View    : setRequestedFrameRate frameRate=-4.0, this=android.view.View{20eee23 V.ED..... ........ 0,0-0,0}, caller=androidx.compose.ui.platform.Api35Impl.setRequestedFrameRate:4047 androidx.compose.ui.platform.AndroidComposeView.dispatchDraw:2282 android.view.View.draw:26758 android.view.View.updateDisplayListIfDirty:25577 android.view.ViewGroup.recreateChildDisplayList:4881 
09-28 18:07:59.022 22443 22443 I View    : setRequestedFrameRate frameRate=NaN, this=android.view.View{20eee23 V.ED..... ........ 0,0-0,0}, caller=androidx.compose.ui.platform.Api35Impl.setRequestedFrameRate:4047 androidx.compose.ui.platform.AndroidComposeView.dispatchDraw:2282 android.view.View.draw:26758 android.view.View.updateDisplayListIfDirty:25577 android.view.ViewGroup.recreateChildDisplayList:4881 
09-28 18:07:59.031 22443 22443 I View    : setRequestedFrameRate frameRate=-4.0, this=android.view.View{20eee23 V.ED..... ........ 0,0-0,0}, caller=androidx.compose.ui.platform.Api35Impl.setRequestedFrameRate:4047 androidx.compose.ui.platform.AndroidComposeView.dispatchDraw:2282 android.view.View.draw:26758 android.view.View.updateDisplayListIfDirty:25577 android.view.ViewGroup.recreateChildDisplayList:4881 
09-28 18:07:59.035 22443 22443 I View    : setRequestedFrameRate frameRate=NaN, this=android.view.View{20eee23 V.ED..... ........ 0,0-0,0}, caller=androidx.compose.ui.platform.Api35Impl.setRequestedFrameRate:4047 androidx.compose.ui.platform.AndroidComposeView.dispatchDraw:2282 android.view.View.draw:26758 android.view.View.updateDisplayListIfDirty:25577 android.view.ViewGroup.recreateChildDisplayList:4881 
09-28 18:07:59.623 22443 22463 D RuntimeLogStore: openWriter: rotate:plain_snapshot:receiver_boot_completed -> /data/user/0/com.negi.survey/files/diagnostics/runtime_logs/rtlog_20260928_230759_621_pid22443_seq2.log (bytes=0 format=LEGACY)
09-28 18:07:59.624 22443 22463 D RuntimeLogStore: retention: rotate:plain_snapshot:receiver_boot_completed files=3 kept=3 totalBytes=3545
09-28 18:07:59.636 22443 22466 D github_upload: doRuntimeLogsUpload: remoteBaseDir=diagnostics/runtime_logs/2026-09-28/runtime_logs_startup_runtime_20260928_230758_3bac3d8b_receiver_boot_completed toUpload=2 bytes=3209 dedupe=true deleteSource=true deletedSourcePre=0 preview='runtime_log_20260928_230759_629_pid22443_receiver_boot_completed__rtlog_20260928_230758_087_pid22443_seq1.log|runtime_log_20260928_230759_629_pid22443_receiver_boot_completed__rtlog_20260928_230701_735_pid22188_seq2.log'
09-28 18:07:59.639 22443 22466 D GitHubUploader: uploadStream: owner=ishizuki-tech repo=SurveyExports branch=main path=diagnostics/runtime_logs/2026-09-28/runtime_logs_startup_runtime_20260928_230758_3bac3d8b_receiver_boot_completed/runtime_log_20260928_230759_629_pid22443_receiver_boot_completed__rtlog_20260928_230758_087_pid22443_seq1.log size=1782 maxRawBytesHint=1000000 maxRequestBytesHint=2800000
09-28 18:07:59.639 22443 22486 D WM-WorkProgressUpdater: Updating progress for f37882bd-5af9-48a0-bb86-c8df476bacb3 (Data {pct : 10, mode : startup_runtime_logs})
09-28 18:07:59.645 22443 22486 I WM-Processor: Moving WorkSpec (f37882bd-5af9-48a0-bb86-c8df476bacb3) to the foreground
09-28 18:07:59.654 22443 22443 D WM-SystemFgDispatcher: Notifying with (id:5681, workSpecId: f37882bd-5af9-48a0-bb86-c8df476bacb3, notificationType :1)
09-28 18:07:59.654 22443 22443 I NotificationManager: com.negi.survey: notify(5681, null, Notification(channel=uploads shortcut=null contentView=null vibrate=null sound=null defaults=0 flags=ONGOING_EVENT|ONLY_ALERT_ONCE color=0x00000000 category=progress vis=PRIVATE semFlags=0x0 semPriority=0 semMissedCount=0 semScenarioType=0)) as user
09-28 18:08:00.105 22443 22484 D WM-WorkProgressUpdater: Updating progress for f37882bd-5af9-48a0-bb86-c8df476bacb3 (Data {pct : 14, mode : startup_runtime_logs})
09-28 18:08:00.113 22443 22484 I WM-Processor: Moving WorkSpec (f37882bd-5af9-48a0-bb86-c8df476bacb3) to the foreground
09-28 18:08:00.118 22443 22484 D WM-WorkProgressUpdater: Updating progress for f37882bd-5af9-48a0-bb86-c8df476bacb3 (Data {pct : 50, mode : startup_runtime_logs})
09-28 18:08:00.120 22443 22443 D WM-SystemFgDispatcher: Notifying with (id:5681, workSpecId: f37882bd-5af9-48a0-bb86-c8df476bacb3, notificationType :1)
09-28 18:08:00.121 22443 22443 I NotificationManager: com.negi.survey: notify(5681, null, Notification(channel=uploads shortcut=null contentView=null vibrate=null sound=null defaults=0 flags=ONGOING_EVENT|ONLY_ALERT_ONCE color=0x00000000 category=progress vis=PRIVATE semFlags=0x0 semPriority=0 semMissedCount=0 semScenarioType=0)) as user
09-28 18:08:00.125 22443 22484 I WM-Processor: Moving WorkSpec (f37882bd-5af9-48a0-bb86-c8df476bacb3) to the foreground
09-28 18:08:00.134 22443 22443 D WM-SystemFgDispatcher: Notifying with (id:5681, workSpecId: f37882bd-5af9-48a0-bb86-c8df476bacb3, notificationType :1)
09-28 18:08:00.134 22443 22443 I NotificationManager: com.negi.survey: notify(5681, null, Notification(channel=uploads shortcut=null contentView=null vibrate=null sound=null defaults=0 flags=ONGOING_EVENT|ONLY_ALERT_ONCE color=0x00000000 category=progress vis=PRIVATE semFlags=0x0 semPriority=0 semMissedCount=0 semScenarioType=0)) as user
09-28 18:08:00.610 22443 22443 W SurveyApp: Deferred startup enqueues begin...
09-28 18:08:00.611 22443 22443 D SurveyApp: WorkManager available. where=startupRtLogs(immediate) took=0ms
09-28 18:08:00.614 22443 22443 D SurveyApp: Startup runtime logs target -> owner=ishizuki-tech repo=SurveyExports branch=main base='/diagnostics/runtime_logs'
09-28 18:08:00.617 22443 22443 D github_upload: enqueueStartupRuntimeLogsUpload: uniqueName=upload_runtime_logs_startup policy=KEEP session=startup_runtime_20260928_230800_11ff26ef
09-28 18:08:00.617 22443 22443 D SurveyApp: Startup runtime logs: enqueue requested (immediate).
09-28 18:08:00.618 22443 22443 D SurveyApp: WorkManager available. where=startupRingLogs(immediate) took=0ms
09-28 18:08:00.620 22443 22443 D SurveyApp: Startup ring logs target -> owner=ishizuki-tech repo=SurveyExports branch=main base='/diagnostics/applog_ring'
09-28 18:08:00.621 22443 22443 D github_upload: enqueueStartupRingLogsUpload: uniqueName=upload_ring_logs_startup policy=KEEP session=startup_ring_20260928_230800_4280d293
09-28 18:08:00.621 22443 22443 D SurveyApp: Startup ring logs: enqueue requested (immediate).
09-28 18:08:00.621 22443 22443 D SurveyApp: WorkManager available. where=enqueuePending(immediate) took=0ms
09-28 18:08:00.622 22443 22443 D SurveyApp: CrashCapture pending uploads requested (immediate).
09-28 18:08:00.622 22443 22443 W SurveyApp: Deferred startup enqueues done: took=12ms
09-28 18:08:00.623 22443 22492 D SurveyApp: Survey recovery WorkManager available. where=startupSurveyUploads(initial) took=0ms
09-28 18:08:00.623 22443 22526 D CrashCapture: enqueuePendingCrashUploadsIfPossible enter where=SurveyApp:enqueuePending(immediate):bg pid=22443 thread=CrashCapture-Enqueue
09-28 18:08:00.625 22443 22492 D SurveyApp: Startup survey recovery complete: discovered=0 attempted=0 submitted=0 active=0 trackerUnconfirmed=0 uploaded=0 deferred=0 invalid=0 operationalFailures=0 duplicates=0 unclassified=0
09-28 18:08:00.644 22443 22484 D WM-SystemJobScheduler: Scheduling work ID 88230a69-3fb4-482b-9935-8aa2f2541407Job ID 5
