=== RuntimeLogStore Header ===
ts=2026-09-10T11:22:34.766Z
fileNameFormat=LEGACY
appId=com.negi.survey
versionName=0.0.1
versionCode=43
debug=false
device=samsung SM-S936B
sdk=35
pid=16395
==============================
2026-09-10T11:22:34.767Z I/RuntimeLogStore [rtlog-io] start: actor launched (fileNameFormat=LEGACY)
2026-09-10T11:22:34.762Z D/SurveyApp [main] attachBaseContext: pid=16395 process=com.negi.survey isMain=true sdk=35
2026-09-10T11:22:34.763Z D/SurveyApp [main] bootTiming: attachBaseContext total=79ms
2026-09-10T11:22:34.763Z D/SurveyApp [main] Skipping WorkManager init in attachBaseContext; will init lazily on first enqueue.
2026-09-10T11:22:34.773Z D/SurveyApp [main] CrashCapture installed: where=SurveyApp:attachBaseContext
2026-09-10T11:22:34.847Z I/RuntimeLogStore [main] start repair: ctx/dir refreshed
2026-09-10T11:22:34.847Z D/SurveyApp [main] bootTiming: RuntimeLogStore.start took=0ms
2026-09-10T11:22:34.847Z D/SurveyApp [main] bootTiming: AppRingLogStore.install took=0ms
2026-09-10T11:22:34.847Z D/SurveyApp [main] onCreate: pid=16395 process=com.negi.survey isMain=true sdk=35
2026-09-10T11:22:34.852Z D/SurveyApp [main] CrashCapture installed: where=SurveyApp:onCreate(rewrap)
2026-09-10T11:22:34.853Z D/SurveyApp [main] CrashCapture self-healing registered.
2026-09-10T11:22:34.853Z W/SurveyApp [main] Startup enqueues deferred: delay=2500ms (to reduce init contention)
2026-09-10T11:22:34.853Z D/SurveyApp [main] bootTiming: onCreate total=6ms
2026-09-10T11:22:34.869Z I/RuntimeLogStore [DefaultDispatcher-worker-1] start repair: ctx/dir refreshed
2026-09-10T11:22:36.232Z I/RuntimeLogStore [DefaultDispatcher-worker-1] start repair: ctx/dir refreshed
