=== RuntimeLogStore Header ===
ts=2026-10-01T23:38:51.771Z
fileNameFormat=LEGACY
appId=com.negi.survey
versionName=0.0.1
versionCode=109
debug=false
device=samsung SM-S731U
sdk=36
pid=19617
==============================
2026-10-01T23:38:51.771Z I/RuntimeLogStore [rtlog-io] start: actor launched (fileNameFormat=LEGACY)
2026-10-01T23:38:51.770Z D/SurveyApp [main] attachBaseContext: pid=19617 process=com.negi.survey isMain=true sdk=36
2026-10-01T23:38:51.770Z D/SurveyApp [main] bootTiming: attachBaseContext total=5ms
2026-10-01T23:38:51.770Z D/SurveyApp [main] Skipping WorkManager init in attachBaseContext; will init lazily on first enqueue.
2026-10-01T23:38:51.770Z D/SurveyApp [main] CrashCapture installed: where=SurveyApp:attachBaseContext
2026-10-01T23:38:51.773Z I/RuntimeLogStore [main] start repair: ctx/dir refreshed
2026-10-01T23:38:51.773Z D/SurveyApp [main] bootTiming: RuntimeLogStore.start took=0ms
2026-10-01T23:38:51.773Z D/SurveyApp [main] bootTiming: AppRingLogStore.install took=0ms
2026-10-01T23:38:51.773Z D/SurveyApp [main] onCreate: pid=19617 process=com.negi.survey isMain=true sdk=36
2026-10-01T23:38:51.774Z D/SurveyApp [main] CrashCapture installed: where=SurveyApp:onCreate(rewrap)
2026-10-01T23:38:51.774Z D/SurveyApp [main] CrashCapture self-healing registered.
2026-10-01T23:38:51.774Z W/SurveyApp [main] Startup enqueues deferred: delay=2500ms (to reduce init contention)
2026-10-01T23:38:51.774Z D/SurveyApp [main] Startup survey recovery deferred: delay=2500ms
2026-10-01T23:38:51.774Z D/SurveyApp [main] bootTiming: onCreate total=1ms
2026-10-01T23:38:51.789Z I/RuntimeLogStore [DefaultDispatcher-worker-2] start repair: ctx/dir refreshed
2026-10-01T23:38:53.096Z I/RuntimeLogStore [DefaultDispatcher-worker-2] start repair: ctx/dir refreshed
