=== RuntimeLogStore Header ===
ts=2026-09-29T04:27:24.211Z
fileNameFormat=LEGACY
appId=com.negi.survey
versionName=0.0.1
versionCode=1
debug=true
device=Google Pixel 9a
sdk=36
pid=9948
==============================
2026-09-29T04:27:24.211Z I/RuntimeLogStore [rtlog-io] start: actor launched (fileNameFormat=LEGACY)
2026-09-29T04:27:24.205Z D/SurveyApp [main] attachBaseContext: pid=9948 process=com.negi.survey isMain=true sdk=36
2026-09-29T04:27:24.206Z D/SurveyApp [main] bootTiming: attachBaseContext total=53ms
2026-09-29T04:27:24.206Z D/SurveyApp [main] Skipping WorkManager init in attachBaseContext; will init lazily on first enqueue.
2026-09-29T04:27:24.208Z D/SurveyApp [main] CrashCapture installed: where=SurveyApp:attachBaseContext
2026-09-29T04:27:24.220Z I/RuntimeLogStore [main] start repair: ctx/dir refreshed
2026-09-29T04:27:24.220Z D/SurveyApp [main] bootTiming: RuntimeLogStore.start took=0ms
2026-09-29T04:27:24.220Z D/SurveyApp [main] bootTiming: AppRingLogStore.install took=0ms
2026-09-29T04:27:24.220Z D/SurveyApp [main] onCreate: pid=9948 process=com.negi.survey isMain=true sdk=36
2026-09-29T04:27:24.225Z D/SurveyApp [main] CrashCapture installed: where=SurveyApp:onCreate(rewrap)
2026-09-29T04:27:24.225Z D/SurveyApp [main] CrashCapture self-healing registered.
2026-09-29T04:27:24.225Z W/SurveyApp [main] Startup enqueues deferred: delay=2500ms (to reduce init contention)
2026-09-29T04:27:24.226Z D/SurveyApp [main] Startup survey recovery deferred: delay=2500ms
2026-09-29T04:27:24.227Z D/SurveyApp [main] bootTiming: onCreate total=8ms
2026-09-29T04:27:24.456Z I/RuntimeLogStore [DefaultDispatcher-worker-1] start repair: ctx/dir refreshed
2026-09-29T04:27:26.037Z I/RuntimeLogStore [DefaultDispatcher-worker-3] start repair: ctx/dir refreshed
