=== RuntimeLogStore Header ===
ts=2026-09-03T19:11:22.662Z
fileNameFormat=LEGACY
appId=com.negi.survey
versionName=0.0.1
versionCode=1
debug=true
device=Google Pixel 9a
sdk=36
pid=12862
==============================
2026-09-03T19:11:22.663Z I/RuntimeLogStore [rtlog-io] start: actor launched (fileNameFormat=LEGACY)
2026-09-03T19:11:22.595Z D/SurveyApp [main] attachBaseContext: pid=12862 process=com.negi.survey isMain=true sdk=36
2026-09-03T19:11:22.596Z D/SurveyApp [main] bootTiming: attachBaseContext total=78ms
2026-09-03T19:11:22.596Z D/SurveyApp [main] Skipping WorkManager init in attachBaseContext; will init lazily on first enqueue.
2026-09-03T19:11:22.601Z D/SurveyApp [main] CrashCapture installed: where=SurveyApp:attachBaseContext
2026-09-03T19:11:22.679Z I/RuntimeLogStore [main] start repair: ctx/dir refreshed
2026-09-03T19:11:22.679Z D/SurveyApp [main] bootTiming: RuntimeLogStore.start took=0ms
2026-09-03T19:11:22.680Z D/SurveyApp [main] bootTiming: AppRingLogStore.install took=0ms
2026-09-03T19:11:22.680Z D/SurveyApp [main] onCreate: pid=12862 process=com.negi.survey isMain=true sdk=36
2026-09-03T19:11:22.691Z D/SurveyApp [main] CrashCapture installed: where=SurveyApp:onCreate(rewrap)
2026-09-03T19:11:22.691Z D/SurveyApp [main] CrashCapture self-healing registered.
2026-09-03T19:11:22.691Z W/SurveyApp [main] Startup enqueues deferred: delay=2500ms (to reduce init contention)
2026-09-03T19:11:22.691Z D/SurveyApp [main] bootTiming: onCreate total=12ms
2026-09-03T19:11:25.194Z W/SurveyApp [main] Deferred startup enqueues begin...
2026-09-03T19:11:25.320Z D/SurveyApp [main] WorkManager available. where=startupRtLogs(immediate) took=120ms
2026-09-03T19:11:25.327Z D/SurveyApp [main] Startup runtime logs target -> owner=ishizuki-tech repo=SurveyExports branch=main base='/diagnostics/runtime_logs'
2026-09-03T19:11:25.359Z D/SurveyApp [main] Startup runtime logs: enqueue requested (immediate).
2026-09-03T19:11:25.360Z D/SurveyApp [main] WorkManager available. where=startupRingLogs(immediate) took=0ms
2026-09-03T19:11:25.362Z D/SurveyApp [main] Startup ring logs target -> owner=ishizuki-tech repo=SurveyExports branch=main base='/diagnostics/applog_ring'
2026-09-03T19:11:25.365Z D/SurveyApp [main] Startup ring logs: enqueue requested (immediate).
2026-09-03T19:11:25.365Z D/SurveyApp [main] WorkManager available. where=enqueuePending(immediate) took=0ms
2026-09-03T19:11:25.366Z D/SurveyApp [main] CrashCapture pending uploads requested (immediate).
2026-09-03T19:11:25.366Z W/SurveyApp [main] Deferred startup enqueues done: took=173ms
2026-09-03T19:11:26.869Z I/RuntimeLogStore [DefaultDispatcher-worker-1] start repair: ctx/dir refreshed
