=== RuntimeLogStore Header ===
ts=2026-10-03T04:50:41.830Z
fileNameFormat=LEGACY
appId=com.negi.survey
versionName=0.0.1
versionCode=110
debug=false
device=samsung SM-S731U
sdk=36
pid=9675
==============================
2026-10-03T04:50:41.831Z I/RuntimeLogStore [rtlog-io] --- rotated (reason=plain_snapshot:app_start) ---
2026-10-03T04:53:57.351Z D/LiteRtLM [DefaultDispatcher-worker-5] Initializing LiteRT-LM: model='Gemma3n4B', key='fs|dev=65088|ino=34395|size=4919541760|mtime=1790893403654'
2026-10-03T04:53:57.352Z D/LiteRtLM [DefaultDispatcher-worker-5] Capabilities: image=false audio=false
2026-10-03T04:53:57.352Z D/LiteRtLM [DefaultDispatcher-worker-5] Backend=com.google.ai.edge.litertlm.Backend$GPU@d451ff3 maxNumTokens=1024 (raw=1024) topK=1 topP=0.0 temp=0.0
2026-10-03T04:53:57.352Z D/LiteRtLM [DefaultDispatcher-worker-5] Model path='/data/user/0/com.negi.survey/files/gemma-3n-E4B-it-int4.litertlm' sizeBytes=4919541760 lastModified=1790893403654
2026-10-03T04:53:57.352Z D/LiteRtLM [DefaultDispatcher-worker-5] LiteRT-LM native benchmark policy: enabled=false emulator=false
2026-10-03T04:53:57.352Z D/LiteRtLM [DefaultDispatcher-worker-5] Speculative decoding / MTP policy: enabled=false runtimeFlagUpdated=true model='Gemma3n4B'
2026-10-03T04:53:57.356Z D/LiteRtLM [DefaultDispatcher-worker-5] Engine cacheDir resolved: key='fs|dev=65088|ino=34395|size=4919541760|mtime=1790893403654' backend=com.google.ai.edge.litertlm.Backend$GPU@d451ff3 path='/data/user/0/com.negi.survey/no_backup/litertlm_cache/e99f4a8207fc82b82c116d63e91df981ac444f6e' filesBefore=2
2026-10-03T04:54:10.443Z W/LiteRtLM [DefaultDispatcher-worker-5] Engine.initialize completed: key='fs|dev=65088|ino=34395|size=4919541760|mtime=1790893403654' backend=com.google.ai.edge.litertlm.Backend$GPU@d451ff3 took=13079ms cacheFilesAfter=2
