=== RuntimeLogStore Header ===
ts=2026-09-23T23:57:56.355Z
fileNameFormat=LEGACY
appId=com.negi.survey
versionName=0.0.1
versionCode=86
debug=false
device=samsung SM-S931U1
sdk=36
pid=7048
==============================
2026-09-23T23:57:56.355Z I/RuntimeLogStore [rtlog-io] start: actor launched (fileNameFormat=LEGACY)
2026-09-23T23:57:56.354Z D/SurveyApp [main] attachBaseContext: pid=7048 process=com.negi.survey isMain=true sdk=36
2026-09-23T23:57:56.354Z D/SurveyApp [main] bootTiming: attachBaseContext total=8ms
2026-09-23T23:57:56.354Z D/SurveyApp [main] Skipping WorkManager init in attachBaseContext; will init lazily on first enqueue.
2026-09-23T23:57:56.354Z D/SurveyApp [main] CrashCapture installed: where=SurveyApp:attachBaseContext
2026-09-23T23:57:56.359Z I/RuntimeLogStore [main] start repair: ctx/dir refreshed
2026-09-23T23:57:56.359Z D/SurveyApp [main] bootTiming: RuntimeLogStore.start took=0ms
2026-09-23T23:57:56.359Z D/SurveyApp [main] bootTiming: AppRingLogStore.install took=0ms
2026-09-23T23:57:56.359Z D/SurveyApp [main] onCreate: pid=7048 process=com.negi.survey isMain=true sdk=36
2026-09-23T23:57:56.359Z D/SurveyApp [main] CrashCapture installed: where=SurveyApp:onCreate(rewrap)
2026-09-23T23:57:56.359Z D/SurveyApp [main] CrashCapture self-healing registered.
2026-09-23T23:57:56.359Z W/SurveyApp [main] Startup enqueues deferred: delay=2500ms (to reduce init contention)
2026-09-23T23:57:56.360Z D/SurveyApp [main] bootTiming: onCreate total=1ms
2026-09-23T23:57:58.860Z W/SurveyApp [main] Deferred startup enqueues begin...
2026-09-23T23:57:58.860Z D/SurveyApp [main] WorkManager available. where=startupRtLogs(immediate) took=0ms
2026-09-23T23:57:58.861Z D/SurveyApp [main] Startup runtime logs target -> owner=ishizuki-tech repo=SurveyExports branch=main base='/diagnostics/runtime_logs'
2026-09-23T23:57:58.862Z D/SurveyApp [main] Startup runtime logs: enqueue requested (immediate).
2026-09-23T23:57:58.862Z D/SurveyApp [main] WorkManager available. where=startupRingLogs(immediate) took=0ms
2026-09-23T23:57:58.863Z D/SurveyApp [main] Startup ring logs target -> owner=ishizuki-tech repo=SurveyExports branch=main base='/diagnostics/applog_ring'
2026-09-23T23:57:58.863Z D/SurveyApp [main] Startup ring logs: enqueue requested (immediate).
2026-09-23T23:57:58.863Z D/SurveyApp [main] WorkManager available. where=enqueuePending(immediate) took=0ms
2026-09-23T23:57:58.863Z D/SurveyApp [main] CrashCapture pending uploads requested (immediate).
2026-09-23T23:57:58.863Z W/SurveyApp [main] Deferred startup enqueues done: took=3ms
2026-09-23T23:58:00.086Z I/RuntimeLogStore [DefaultDispatcher-worker-5] start repair: ctx/dir refreshed
